[0.002s][info][metaspace]  - commit_granule_bytes: 65536.
[0.002s][info][metaspace]  - commit_granule_words: 8192.
[0.002s][info][metaspace]  - virtual_space_node_default_size: 8388608.
[0.002s][info][metaspace]  - enlarge_chunks_in_place: 1.
[0.002s][info][metaspace]  - use_allocation_guard: 0.
[0.003s][info][gc,init  ] CardTable entry size: 512
[0.003s][info][gc       ] Using G1
[0.009s][info][gc,init  ] Version: 23-internal-adhoc.thomas.source (release)
[0.009s][info][gc,init  ] CPUs: 8 total, 8 available
[0.009s][info][gc,init  ] Memory: 15662M
[0.009s][info][gc,init  ] Large Page Support: Disabled
[0.009s][info][gc,init  ] NUMA Support: Disabled
[0.009s][info][gc,init  ] Compressed Oops: Enabled (Zero based)
[0.009s][info][gc,init  ] Heap Region Size: 8M
[0.009s][info][gc,init  ] Heap Min Capacity: 10G
[0.009s][info][gc,init  ] Heap Initial Capacity: 10G
[0.009s][info][gc,init  ] Heap Max Capacity: 10G
[0.009s][info][gc,init  ] Pre-touch: Disabled
[0.009s][info][gc,init  ] Parallel Workers: 8
[0.009s][info][gc,init  ] Concurrent Workers: 2
[0.009s][info][gc,init  ] Concurrent Refinement Workers: 8
[0.009s][info][gc,init  ] Periodic GC: Disabled
[0.009s][info][metaspace] Reserving compressed class space anywhere
[0.009s][info][gc,metaspace] CDS archive(s) not mapped
[0.009s][info][gc,metaspace] Compressed class space mapped at: 0x00007f9dc3000000-0x00007f9e03000000, reserved size: 1073741824
[0.009s][info][gc,metaspace] UseCompressedClassPointers 1, UseCompactObjectHeaders 1, Use2c0 0narrow klass pointer bits 22, max shift 10
[0.009s][info][gc,metaspace] Narrow klass base: 0x00007f9dc3000000, Narrow klass shift: 10, Narrow klass range: 0x40000000

SPECjbb2015 Java Business Benchmark
 (c) Standard Performance Evaluation Corporation, 2015

Preparing to launch All-in-one SPECjbb2015.

Reading property file: /shared/projects/openjdk/benchmarks/test-hyperaligning-lilliput/SPECjbb2015_1.00-jdk16+/jdk-22bit-staggered-klass-OFF-24-05-22_104045/./config/specjbb2015.props

     0s: Enumerating plugins...
     0s:    Connectivity:
     0s:             HTTP_Grizzly: Grizzly HTTP server, JDK HTTP client
     0s:              NIO_Grizzly: Grizzly NIO server, Grizzly NIO client
     0s:               HTTP_Jetty: Jetty HTTP server, JDK HTTP client
     0s:    Snapshot:
     0s:                 InMemory: Stores snapshots in heap memory
     0s:    Data Writers:
     0s:                     Demo: Send all frame to listener
     0s:                   InFile: Writing Data into file
     0s:                   Silent: Drop all frames
     0s: 
     0s: Kit validation is skipped.
     0s: Tests are skipped.
     0s: 
     0s: [0.959s][info][metaspace   ] ChkMgr @0x00007f9e44541100 (non-class-space): failed to commit 11 words on chunk @0x00007f9e44b353b8, f, base 0x00007f9dc0100000, top 0x00007f9dc0100000, level lv04.
[0.959s][info][metaspace   ] Arena @0x00007f9e4454c1d0 (non-class arena): failed to allocate new chunk for requested word size 11.
[0.959s][info][metaspace   ] Arena @0x00007f9e4454c1d0 (non-class arena): allocation failed, returned null.
[0.959s][info][metaspace   ] ChkMgr @0x00007f9e44541100 (non-class-space): failed to commit 11 words on chunk @0x00007f9e44b353b8, f, base 0x00007f9dc0100000, top 0x00007f9dc0100000, level lv04.
[0.959s][info][metaspace   ] Arena @0x00007f9e4454c1d0 (non-class arena): failed to allocate new chunk for requested word size 11.
[0.959s][info][metaspace   ] Arena @0x00007f9e4454c1d0 (non-class arena): allocation failed, returned null.
[0.959s][info][metaspace   ] ChkMgr @0x00007f9e44541100 (non-class-space): failed to commit 11 words on chunk @0x00007f9e44b353b8, f, base 0x00007f9dc0100000, top 0x00007f9dc0100000, level lv04.
[0.959s][info][metaspace   ] Arena @0x00007f9e4454c1d0 (non-class arena): failed to allocate new chunk for requested word size 11.
[0.959s][info][metaspace   ] Arena @0x00007f9e4454c1d0 (non-class arena): allocation failed, returned null.
[0.959s][info][gc,start    ] GC(0) Pause Young (Concurrent Start) (Metadata GC Threshold)
[0.960s][info][gc,task     ] GC(0) Using 8 workers of 8 for evacuation
[0.964s][info][gc,phases   ] GC(0)   Pre Evacuate Collection Set: 0.21ms
[0.964s][info][gc,phases   ] GC(0)   Merge Heap Roots: 0.09ms
[0.964s][info][gc,phases   ] GC(0)   Evacuate Collection Set: 3.76ms
[0.964s][info][gc,phases   ] GC(0)   Post Evacuate Collection Set: 0.41ms
[0.964s][info][gc,phases   ] GC(0)   Other: 0.63ms
[0.964s][info][gc,heap     ] GC(0) Eden regions: 32->0(63)
[0.964s][info][gc,heap     ] GC(0) Survivor regions: 0->1(8)
[0.964s][info][gc,heap     ] GC(0) Old regions: 0->0
[0.964s][info][gc,heap     ] GC(0) Humongous regions: 0->0
[0.964s][info][gc,metaspace] GC(0) Metaspace: 21168K(21504K)->21168K(21504K) NonClass: 16866K(17024K)->16866K(17024K) Class: 4301K(4480K)->4301K(4480K)
[0.964s][info][gc          ] GC(0) Pause Young (Concurrent Start) (Metadata GC Threshold) 252M->4M(10240M) 5.238ms
[0.964s][info][gc,cpu      ] GC(0) User=0.02s Sys=0.01s Real=0.00s
[0.964s][info][gc          ] GC(1) Concurrent Mark Cycle
[0.964s][info][gc,marking  ] GC(1) Concurrent Scan Root Regions
[0.964s][info][metaspace   ] CLMS @0x00007f9e4454c1a0 : GC threshold increased: 22020096->22347776.
[0.967s][info][gc,marking  ] GC(1) Concurrent Scan Root Regions 2.484ms
[0.967s][info][gc,marking  ] GC(1) Concurrent Mark
[0.967s][info][gc,marking  ] GC(1) Concurrent Mark From Roots
[0.967s][info][gc,task     ] GC(1) Using 2 workers of 2 for marking
[0.967s][info][gc,marking  ] GC(1) Concurrent Mark From Roots 0.567ms
[0.967s][info][gc,marking  ] GC(1) Concurrent Preclean
[0.967s][info][gc,marking  ] GC(1) Concurrent Preclean 0.005ms
[0.967s][info][gc,start    ] GC(1) Pause Remark
[0.968s][info][gc          ] GC(1) Pause Remark 12M->12M(10240M) 0.748ms
[0.968s][info][gc,cpu      ] GC(1) User=0.00s Sys=0.00s Real=0.00s
[0.968s][info][gc,marking  ] GC(1) Concurrent Mark 1.404ms
[0.968s][info][gc,marking  ] GC(1) Concurrent Rebuild Remembered Sets and Scrub Regions
[0.968s][info][gc,marking  ] GC(1) Concurrent Rebuild Remembered Sets and Scrub Regions 0.050ms
[0.968s][info][gc,start    ] GC(1) Pause Cleanup
[0.968s][info][gc          ] GC(1) Pause Cleanup 12M->12M(10240M) 0.011ms
[0.968s][info][gc,cpu      ] GC(1) User=0.00s Sys=0.00s Real=0.00s
[0.968s][info][gc,marking  ] GC(1) Concurrent Clear Claimed Marks
[0.968s][info][gc,marking  ] GC(1) Concurrent Clear Claimed Marks 0.013ms
[0.968s][info][gc,marking  ] GC(1) Concurrent Cleanup for Next Mark
[0.982s][info][gc,marking  ] GC(1) Concurrent Cleanup for Next Mark 13.415ms
[0.982s][info][gc          ] GC(1) Concurrent Mark Cycle 17.542ms
Ladies and gentlemen, this is your Controller speaking.
     1s: We are delighted in having you for benchmark run today.
     1s: 
     1s: Binary log file is ./specjbb2015-C-20240522-00001.data.gz
     1s: 
     1s: Performing handshake with all agents ...
     1s: 
     1s:  Agent Group1.TxInjector.CompositeTxInjector has attached to Controller
     1s:  Agent Group1.Backend.CompositeBackend has attached to Controller
     1s: 
     1s: All agents have connected.
     1s: 
     1s: Attached agents info:

Group "Group1"
    TxInjectors:
        CompositeTxInjector, includes { Driver } @ [local in-Java link]
    Backends:
        CompositeBackend, includes { SM(2),SP(2) } @ [local in-Java link]

     1s: Initializing... (init[1.547s][info][gc,start    ] GC(2) Pause Young (Normal) (G1 Evacuation Pause)
[1.547s][info][gc,task     ] GC(2) Using 8 workers of 8 for evacuation
[1.651s][info][gc,phases   ] GC(2)   Pre Evacuate Collection Set: 0.26ms
[1.651s][info][gc,phases   ] GC(2)   Merge Heap Roots: 0.04ms
[1.651s][info][gc,phases   ] GC(2)   Evacuate Collection Set: 102.88ms
[1.651s][info][gc,phases   ] GC(2)   Post Evacuate Collection Set: 0.85ms
[1.651s][info][gc,phases   ] GC(2)   Other: 0.07ms
[1.651s][info][gc,heap     ] GC(2) Eden regions: 63->0(56)
[1.651s][info][gc,heap     ] GC(2) Survivor regions: 1->8(8)
[1.651s][info][gc,heap     ] GC(2) Old regions: 0->22
[1.651s][info][gc,heap     ] GC(2) Humongous regions: 3->3
[1.651s][info][gc,metaspace] GC(2) Metaspace: 23680K(24000K)->23680K(24000K) NonClass: 18914K(19136K)->18914K(19136K) Class: 4766K(4864K)->4766K(4864K)
[1.651s][info][gc          ] GC(2) Pause Young (Normal) (G1 Evacuation Pause) 532M->258M(10240M) 104.248ms
[1.651s][info][gc,cpu      ] GC(2) User=0.65s Sys=0.13s Real=0.10s
[1.877s][info][gc,start    ] GC(3) Pause Young (Normal) (G1 Evacuation Pause)
[1.877s][info][gc,task     ] GC(3) Using 8 workers of 8 for evacuation
[2.059s][info][gc,phases   ] GC(3)   Pre Evacuate Collection Set: 0.26ms
[2.059s][info][gc,phases   ] GC(3)   Merge Heap Roots: 0.39ms
[2.059s][info][gc,phases   ] GC(3)   Evacuate Collection Set: 181.43ms
[2.059s][info][gc,phases   ] GC(3)   Post Evacuate Collection Set: 0.53ms
[2.059s][info][gc,phases   ] GC(3)   Other: 0.06ms
[2.059s][info][gc,heap     ] GC(3) Eden regions: 56->0(56)
[2.059s][info][gc,heap     ] GC(3) Survivor regions: 8->8(8)
[2.059s][info][gc,heap     ] GC(3) Old regions: 22->68
[2.059s][info][gc,heap     ] GC(3) Humongous regions: 3->3
[2.059s][info][gc,metaspace] GC(3) Metaspace: 23691K(24000K)->23691K(24000K) NonClass: 18925K(19136K)->18925K(19136K) Class: 4766K(4864K)->4766K(4864K)
[2.059s][info][gc          ] GC(3) Pause Young (Normal) (G1 Evacuation Pause) 706M->632M(10240M) 182.828ms
[2.059s][info][gc,cpu      ] GC(3) User=1.37s Sys=0.07s Real=0.18s
[2.443s][info][gc,start    ] GC(4) Pause Young (Normal) (G1 Evacuation Pause)
[2.443s][info][gc,task     ] GC(4) Using 8 workers of 8 for evacuation
[2.571s][info][gc,phases   ] GC(4)   Pre Evacuate Collection Set: 0.23ms
[2.571s][info][gc,phases   ] GC(4)   Merge Heap Roots: 0.06ms
[2.571s][info][gc,phases   ] GC(4)   Evacuate Collection Set: 127.40ms
[2.571s][info][gc,phases   ] GC(4)   Post Evacuate Collection Set: 0.36ms
[2.571s][info][gc,phases   ] GC(4)   Other: 0.05ms
[2.571s][info][gc,heap     ] GC(4) Eden regions: 56->0(56)
[2.571s][info][gc,heap     ] GC(4) Survivor regions: 8->8(8)
[2.571s][info][gc,heap     ] GC(4) Old regions: 68->102
[2.571s][info][gc,heap     ] GC(4) Humongous regions: 3->3
[2.571s][info][gc,metaspace] GC(4) Metaspace: 23771K(24128K)->23771K(24128K) NonClass: 19000K(19200K)->19000K(19200K) Class: 4770K(4928K)->4770K(4928K)
[2.571s][info][gc          ] GC(4) Pause Young (Normal) (G1 Evacuation Pause) 1080M->904M(10240M) 128.230ms
[2.571s][info][gc,cpu      ] GC(4) User=0.97s Sys=0.04s Real=0.13s
) OK
     2s: 
     2s: Check whether properties are compliant
     2s: (validation=PASSED) Property settings are COMPLIANT.
     2s: 
     2s: Searching for high-bound for max-jOPS possible for this system
     2s: Searching from base IR = 100
     2s:       rampup IR =      0 [reconfig (term) [2.963s][info][gc,start    ] GC(5) Pause Full (System.gc())
[2.964s][info][gc,task     ] GC(5) Using 8 workers of 8 for full compaction
[2.964s][info][gc,phases,start] GC(5) Phase 1: Mark live objects
[2.979s][info][gc,phases      ] GC(5) Phase 1: Mark live objects 15.067ms
[2.979s][info][gc,phases,start] GC(5) Phase 2: Prepare compaction
[2.987s][info][gc,phases      ] GC(5) Phase 2: Prepare compaction 7.958ms
[2.987s][info][gc,phases,start] GC(5) Phase 3: Adjust pointers
[2.998s][info][gc,phases      ] GC(5) Phase 3: Adjust pointers 11.118ms
[2.998s][info][gc,phases,start] GC(5) Phase 4: Compact heap
[3.010s][info][gc,phases      ] GC(5) Phase 4: Compact heap 12.156ms
[3.010s][info][gc,phases,start] GC(5) Phase 5: Reset Metadata
[3.012s][info][gc,phases      ] GC(5) Phase 5: Reset Metadata 1.217ms
[3.022s][info][gc,heap        ] GC(5) Eden regions: 27->0(64)
[3.022s][info][gc,heap        ] GC(5) Survivor regions: 8->0(8)
[3.022s][info][gc,heap        ] GC(5) Old regions: 102->13
[3.022s][info][gc,heap        ] GC(5) Humongous regions: 3->3
[3.022s][info][gc,metaspace   ] GC(5) Metaspace: 24030K(24448K)->24030K(24448K) NonClass: 19220K(19456K)->19220K(19456K) Class: 4810K(4992K)->4810K(4992K)
[3.022s][info][gc             ] GC(5) Pause Full (System.gc()) 1117M->89M(10240M) 58.584ms
[3.022s][info][gc,cpu         ] GC(5) User=0.39s Sys=0.00s Real=0.06s
(init[3.351s][info][gc,start       ] GC(6) Pause Young (Normal) (G1 Evacuation Pause)
[3.351s][info][gc,task        ] GC(6) Using 8 workers of 8 for evacuation
[3.483s][info][gc,phases      ] GC(6)   Pre Evacuate Collection Set: 0.22ms
[3.483s][info][gc,phases      ] GC(6)   Merge Heap Roots: 0.04ms
[3.483s][info][gc,phases      ] GC(6)   Evacuate Collection Set: 131.35ms
[3.483s][info][gc,phases      ] GC(6)   Post Evacuate Collection Set: 0.47ms
[3.483s][info][gc,phases      ] GC(6)   Other: 0.07ms
[3.483s][info][gc,heap        ] GC(6) Eden regions: 64->0(56)
[3.483s][info][gc,heap        ] GC(6) Survivor regions: 0->8(8)
[3.483s][info][gc,heap        ] GC(6) Old regions: 13->56
[3.483s][info][gc,heap        ] GC(6) Humongous regions: 3->3
[3.483s][info][gc,metaspace   ] GC(6) Metaspace: 24035K(24448K)->24035K(24448K) NonClass: 19225K(19456K)->19225K(19456K) Class: 4810K(4992K)->4810K(4992K)
[3.483s][info][gc             ] GC(6) Pause Young (Normal) (G1 Evacuation Pause) 601M->497M(10240M) 132.274ms
[3.483s][info][gc,cpu         ] GC(6) User=1.03s Sys=0.00s Real=0.13s
[3.700s][info][gc,start       ] GC(7) Pause Young (Normal) (G1 Evacuation Pause)
[3.700s][info][gc,task        ] GC(7) Using 8 workers of 8 for evacuation
[3.808s][info][gc,phases      ] GC(7)   Pre Evacuate Collection Set: 0.21ms
[3.808s][info][gc,phases      ] GC(7)   Merge Heap Roots: 0.26ms
[3.808s][info][gc,phases      ] GC(7)   Evacuate Collection Set: 107.48ms
[3.808s][info][gc,phases      ] GC(7)   Post Evacuate Collection Set: 0.24ms
[3.808s][info][gc,phases      ] GC(7)   Other: 0.05ms
[3.808s][info][gc,heap        ] GC(7) Eden regions: 56->0(56)
[3.808s][info][gc,heap        ] GC(7) Survivor regions: 8->8(8)
[3.808s][info][gc,heap        ] GC(7) Old regions: 56->85
[3.808s][info][gc,heap        ] GC(7) Humongous regions: 3->3
[3.808s][info][gc,metaspace   ] GC(7) Metaspace: 24043K(24448K)->24043K(24448K) NonClass: 19232K(19456K)->19232K(19456K) Class: 4810K(4992K)->4810K(4992K)
[3.808s][info][gc             ] GC(7) Pause Young (Normal) (G1 Evacuation Pause) 945M->729M(10240M) 108.380ms
[3.808s][info][gc,cpu         ] GC(7) User=0.85s Sys=0.00s Real=0.11s
) ] ... (rIR:aIR:PR = 0:0:0) (tPR = 0) [OK] 
     6s:       rampup IR =     10 ..[9.612s][info][gc,start       ] GC(8) Pause Young (Normal) (G1 Evacuation Pause)
[9.612s][info][gc,task        ] GC(8) Using 8 workers of 8 for evacuation
[9.702s][info][gc,phases      ] GC(8)   Pre Evacuate Collection Set: 0.25ms
[9.702s][info][gc,phases      ] GC(8)   Merge Heap Roots: 0.12ms
[9.702s][info][gc,phases      ] GC(8)   Evacuate Collection Set: 88.52ms
[9.702s][info][gc,phases      ] GC(8)   Post Evacuate Collection Set: 0.45ms
[9.702s][info][gc,phases      ] GC(8)   Other: 0.05ms
[9.702s][info][gc,heap        ] GC(8) Eden regions: 56->0(56)
[9.702s][info][gc,heap        ] GC(8) Survivor regions: 8->8(8)
[9.702s][info][gc,heap        ] GC(8) Old regions: 85->104
[9.702s][info][gc,heap        ] GC(8) Humongous regions: 3->3
[9.702s][info][gc,metaspace   ] GC(8) Metaspace: 25249K(25600K)->25249K(25600K) NonClass: 20301K(20480K)->20301K(20480K) Class: 4947K(5120K)->4947K(5120K)
[9.702s][info][gc             ] GC(8) Pause Young (Normal) (G1 Evacuation Pause) 1177M->877M(10240M) 89.516ms
[9.702s][info][gc,cpu         ] GC(8) User=0.70s Sys=0.01s Real=0.09s
. (rIR:aIR:PR = 10:11:11) (tPR = 832) [OK] 
     9s:       rampup IR =     20 ... (rIR:aIR:PR = 20:21:21) (tPR = 1761) [OK] 
    13s:       rampup IR =     30 .... (rIR:aIR:PR = 30:32:32) (tPR = 2203) [OK] 
    17s:       rampup IR =     40 .... (rIR:aIR:PR = 40:41:41) (tPR = 2918) [OK] 
    21s:       rampup IR =     50 .... (rIR:aIR:PR = 50:57:56) (tPR = 3879) [OK] 
    25s:       rampup IR =     60 .... (rIR:aIR:PR = 60:58:56) (tPR = 3582) [OK] 
    29s:       rampup IR =     70 .... (rIR:aIR:PR = 70:73:71) (tPR = 4045) [OK] 
    33s:       rampup IR =     80 .... (rIR:aIR:PR = 80:78:76) (tPR = 4365) [OK] 
    37s:       rampup IR =     90 .... (rIR:aIR:PR = 90:95:93) (tPR = 4258) [OK] 
    41s:       rampup IR =    100 .... (rIR:aIR:PR = 100:104:102) (tPR = 4770) [OK] 
    45s:    snapshot, IR =    100 ..[47.375s][info][gc,start       ] GC(9) Pause Young (Normal) (G1 Evacuation Pause)
[47.376s][info][gc,task        ] GC(9) Using 8 workers of 8 for evacuation
[47.425s][info][gc,phases      ] GC(9)   Pre Evacuate Collection Set: 0.28ms
[47.425s][info][gc,phases      ] GC(9)   Merge Heap Roots: 0.36ms
[47.425s][info][gc,phases      ] GC(9)   Evacuate Collection Set: 48.02ms
[47.425s][info][gc,phases      ] GC(9)   Post Evacuate Collection Set: 0.40ms
[47.425s][info][gc,phases      ] GC(9)   Other: 0.05ms
[47.425s][info][gc,heap        ] GC(9) Eden regions: 56->0(59)
[47.425s][info][gc,heap        ] GC(9) Survivor regions: 8->5(8)
[47.425s][info][gc,heap        ] GC(9) Old regions: 104->113
[47.425s][info][gc,heap        ] GC(9) Humongous regions: 3->3
[47.425s][info][gc,metaspace   ] GC(9) Metaspace: 26104K(26560K)->26104K(26560K) NonClass: 21115K(21376K)->21115K(21376K) Class: 4989K(5184K)->4989K(5184K)
[47.425s][info][gc             ] GC(9) Pause Young (Normal) (G1 Evacuation Pause) 1325M->926M(10240M) 49.266ms
[47.425s][info][gc,cpu         ] GC(9) User=0.37s Sys=0.02s Real=0.05s
..|........................[73.552s][info][gc,start       ] GC(10) Pause Young (Normal) (G1 Evacuation Pause)
[73.552s][info][gc,task        ] GC(10) Using 8 workers of 8 for evacuation
[73.577s][info][gc,phases      ] GC(10)   Pre Evacuate Collection Set: 0.26ms
[73.577s][info][gc,phases      ] GC(10)   Merge Heap Roots: 0.16ms
[73.577s][info][gc,phases      ] GC(10)   Evacuate Collection Set: 24.23ms
[73.577s][info][gc,phases      ] GC(10)   Post Evacuate Collection Set: 0.37ms
[73.577s][info][gc,phases      ] GC(10)   Other: 0.05ms
[73.577s][info][gc,heap        ] GC(10) Eden regions: 59->0(56)
[73.577s][info][gc,heap        ] GC(10) Survivor regions: 5->8(8)
[73.577s][info][gc,heap        ] GC(10) Old regions: 113->113
[73.577s][info][gc,heap        ] GC(10) Humongous regions: 3->3
[73.578s][info][gc,metaspace   ] GC(10) Metaspace: 28097K(28544K)->28097K(28544K) NonClass: 22764K(23040K)->22764K(23040K) Class: 5333K(5504K)->5333K(5504K)
[73.578s][info][gc             ] GC(10) Pause Young (Normal) (G1 Evacuation Pause) 1398M->950M(10240M) 25.207ms
[73.578s][info][gc,cpu         ] GC(10) User=0.20s Sys=0.00s Real=0.03s
...... (rIR:aIR:PR = 100:100:98) (tPR = 3168) [OK] 
    79s: Performing snapshot: (quiescence.....) (stop TxI) (stop BE) (saving... 103411 Kb) (term) [86.160s][info][gc,start       ] GC(11) Pause Full (System.gc())
[86.160s][info][gc,task        ] GC(11) Using 8 workers of 8 for full compaction
[86.161s][info][gc,phases,start] GC(11) Phase 1: Mark live objects
[86.177s][info][gc,phases      ] GC(11) Phase 1: Mark live objects 16.558ms
[86.177s][info][gc,phases,start] GC(11) Phase 2: Prepare compaction
[86.181s][info][gc,phases      ] GC(11) Phase 2: Prepare compaction 3.659ms
[86.181s][info][gc,phases,start] GC(11) Phase 3: Adjust pointers
[86.189s][info][gc,phases      ] GC(11) Phase 3: Adjust pointers 8.230ms
[86.189s][info][gc,phases,start] GC(11) Phase 4: Compact heap
[86.193s][info][gc,phases      ] GC(11) Phase 4: Compact heap 3.560ms
[86.193s][info][gc,phases,start] GC(11) Phase 5: Reset Metadata
[86.196s][info][gc,phases      ] GC(11) Phase 5: Reset Metadata 3.780ms
[86.208s][info][gc,heap        ] GC(11) Eden regions: 38->0(64)
[86.208s][info][gc,heap        ] GC(11) Survivor regions: 8->0(8)
[86.208s][info][gc,heap        ] GC(11) Old regions: 113->13
[86.208s][info][gc,heap        ] GC(11) Humongous regions: 77->18
[86.208s][info][gc,metaspace   ] GC(11) Metaspace: 28250K(28608K)->28250K(28608K) NonClass: 22907K(23104K)->22907K(23104K) Class: 5342K(5504K)->5342K(5504K)
[86.208s][info][gc             ] GC(11) Pause Full (System.gc()) 1846M->211M(10240M) 47.505ms
[86.208s][info][gc,cpu         ] GC(11) User=0.29s Sys=0.01s Real=0.05s
(init[86.870s][info][gc,start       ] GC(12) Pause Young (Normal) (G1 Evacuation Pause)
[86.870s][info][gc,task        ] GC(12) Using 8 workers of 8 for evacuation
[86.976s][info][gc,phases      ] GC(12)   Pre Evacuate Collection Set: 0.23ms
[86.976s][info][gc,phases      ] GC(12)   Merge Heap Roots: 0.16ms
[86.976s][info][gc,phases      ] GC(12)   Evacuate Collection Set: 105.45ms
[86.976s][info][gc,phases      ] GC(12)   Post Evacuate Collection Set: 0.34ms
[86.976s][info][gc,phases      ] GC(12)   Other: 0.05ms
[86.976s][info][gc,heap        ] GC(12) Eden regions: 64->0(56)
[86.976s][info][gc,heap        ] GC(12) Survivor regions: 0->8(8)
[86.976s][info][gc,heap        ] GC(12) Old regions: 13->25
[86.976s][info][gc,heap        ] GC(12) Humongous regions: 24->24
[86.976s][info][gc,metaspace   ] GC(12) Metaspace: 28354K(28800K)->28354K(28800K) NonClass: 23003K(23232K)->23003K(23232K) Class: 5350K(5568K)->5350K(5568K)
[86.976s][info][gc             ] GC(12) Pause Young (Normal) (G1 Evacuation Pause) 771M->419M(10240M) 106.374ms
[86.976s][info][gc,cpu         ] GC(12) User=0.81s Sys=0.01s Real=0.11s
[87.236s][info][gc,start       ] GC(13) Pause Young (Normal) (G1 Evacuation Pause)
[87.236s][info][gc,task        ] GC(13) Using 8 workers of 8 for evacuation
[87.380s][info][gc,phases      ] GC(13)   Pre Evacuate Collection Set: 0.21ms
[87.380s][info][gc,phases      ] GC(13)   Merge Heap Roots: 0.29ms
[87.380s][info][gc,phases      ] GC(13)   Evacuate Collection Set: 142.59ms
[87.380s][info][gc,phases      ] GC(13)   Post Evacuate Collection Set: 0.32ms
[87.380s][info][gc,phases      ] GC(13)   Other: 0.05ms
[87.380s][info][gc,heap        ] GC(13) Eden regions: 56->0(56)
[87.380s][info][gc,heap        ] GC(13) Survivor regions: 8->8(8)
[87.380s][info][gc,heap        ] GC(13) Old regions: 25->57
[87.380s][info][gc,heap        ] GC(13) Humongous regions: 28->28
[87.380s][info][gc,metaspace   ] GC(13) Metaspace: 28368K(28800K)->28368K(28800K) NonClass: 23014K(23232K)->23014K(23232K) Class: 5353K(5568K)->5353K(5568K)
[87.380s][info][gc             ] GC(13) Pause Young (Normal) (G1 Evacuation Pause) 899M->702M(10240M) 143.580ms
[87.380s][info][gc,cpu         ] GC(13) User=1.13s Sys=0.00s Real=0.14s
[88.007s][info][gc,start       ] GC(14) Pause Young (Normal) (G1 Evacuation Pause)
[88.007s][info][gc,task        ] GC(14) Using 8 workers of 8 for evacuation
[88.131s][info][gc,phases      ] GC(14)   Pre Evacuate Collection Set: 0.22ms
[88.131s][info][gc,phases      ] GC(14)   Merge Heap Roots: 0.26ms
[88.131s][info][gc,phases      ] GC(14)   Evacuate Collection Set: 123.06ms
[88.131s][info][gc,phases      ] GC(14)   Post Evacuate Collection Set: 0.35ms
[88.131s][info][gc,phases      ] GC(14)   Other: 0.05ms
[88.131s][info][gc,heap        ] GC(14) Eden regions: 56->0(56)
[88.131s][info][gc,heap        ] GC(14) Survivor regions: 8->8(8)
[88.131s][info][gc,heap        ] GC(14) Old regions: 57->79
[88.131s][info][gc,heap        ] GC(14) Humongous regions: 35->35
[88.131s][info][gc,metaspace   ] GC(14) Metaspace: 28381K(28800K)->28381K(28800K) NonClass: 23026K(23232K)->23026K(23232K) Class: 5354K(5568K)->5354K(5568K)
[88.131s][info][gc             ] GC(14) Pause Young (Normal) (G1 Evacuation Pause) 1206M->939M(10240M) 124.064ms
[88.131s][info][gc,cpu         ] GC(14) User=0.97s Sys=0.00s Real=0.12s
[88.275s][info][gc,start       ] GC(15) Pause Young (Normal) (G1 Evacuation Pause)
[88.275s][info][gc,task        ] GC(15) Using 8 workers of 8 for evacuation
[88.432s][info][gc,phases      ] GC(15)   Pre Evacuate Collection Set: 0.21ms
[88.433s][info][gc,phases      ] GC(15)   Merge Heap Roots: 0.16ms
[88.433s][info][gc,phases      ] GC(15)   Evacuate Collection Set: 156.33ms
[88.433s][info][gc,phases      ] GC(15)   Post Evacuate Collection Set: 0.22ms
[88.433s][info][gc,phases      ] GC(15)   Other: 0.05ms
[88.433s][info][gc,heap        ] GC(15) Eden regions: 56->0(56)
[88.433s][info][gc,heap        ] GC(15) Survivor regions: 8->8(8)
[88.433s][info][gc,heap        ] GC(15) Old regions: 79->130
[88.433s][info][gc,heap        ] GC(15) Humongous regions: 35->35
[88.433s][info][gc,metaspace   ] GC(15) Metaspace: 28385K(28800K)->28385K(28800K) NonClass: 23030K(23232K)->23030K(23232K) Class: 5354K(5568K)->5354K(5568K)
[88.433s][info][gc             ] GC(15) Pause Young (Normal) (G1 Evacuation Pause) 1387M->1343M(10240M) 157.850ms
[88.433s][info][gc,cpu         ] GC(15) User=1.23s Sys=0.00s Real=0.16s
) ...
    91s:       rampup IR =      0 ... (rIR:aIR:PR = 0:0:0) (tPR = 0) [OK] 
    94s:       rampup IR =     10 ... (rIR:aIR:PR = 10:10:10) (tPR = 154) [OK] 
    97s:       rampup IR =     20 ... (rIR:aIR:PR = 20:19:19) (tPR = 292) [OK] 
   100s:       rampup IR =     30 .... (rIR:aIR:PR = 30:31:31) (tPR = 731) [OK] 
   104s:       rampup IR =     40 .... (rIR:aIR:PR = 40:41:41) (tPR = 866) [OK] 
   108s:       rampup IR =     50 .... (rIR:aIR:PR = 50:47:46) (tPR = 1186) [OK] 
   112s:       rampup IR =     60 .... (rIR:aIR:PR = 60:62:60) (tPR = 1207) [OK] 
   116s:       rampup IR =     70 .... (rIR:aIR:PR = 70:77:75) (tPR = 1591) [OK] 
   120s:       rampup IR =     80 .... (rIR:aIR:PR = 80:80:78) (tPR = 2036) [OK] 
   124s:       rampup IR =     90 .... (rIR:aIR:PR = 90:92:90) (tPR = 1866) [OK] 
   128s:       rampup IR =    100 .... (rIR:aIR:PR = 100:99:97) (tPR = 2227) [OK] 
   132s:       trying IR =    200 ...[136.370s][info][gc,start       ] GC(16) Pause Young (Normal) (G1 Evacuation Pause)
[136.370s][info][gc,task        ] GC(16) Using 8 workers of 8 for evacuation
[136.445s][info][gc,phases      ] GC(16)   Pre Evacuate Collection Set: 0.27ms
[136.445s][info][gc,phases      ] GC(16)   Merge Heap Roots: 0.46ms
[136.445s][info][gc,phases      ] GC(16)   Evacuate Collection Set: 73.35ms
[136.445s][info][gc,phases      ] GC(16)   Post Evacuate Collection Set: 0.44ms
[136.445s][info][gc,phases      ] GC(16)   Other: 0.06ms
[136.445s][info][gc,heap        ] GC(16) Eden regions: 56->0(56)
[136.445s][info][gc,heap        ] GC(16) Survivor regions: 8->8(8)
[136.445s][info][gc,heap        ] GC(16) Old regions: 130->148
[136.445s][info][gc,heap        ] GC(16) Humongous regions: 35->35
[136.445s][info][gc,metaspace   ] GC(16) Metaspace: 28532K(28992K)->28532K(28992K) NonClass: 23178K(23424K)->23178K(23424K) Class: 5354K(5568K)->5354K(5568K)
[136.445s][info][gc             ] GC(16) Pause Young (Normal) (G1 Evacuation Pause) 1791M->1487M(10240M) 74.723ms
[136.445s][info][gc,cpu         ] GC(16) User=0.58s Sys=0.00s Real=0.07s
. (rIR:aIR:PR = 200:200:196) (tPR = 4079) [OK] 
   136s:       trying IR =    220 .... (rIR:aIR:PR = 220:221:217) (tPR = 4341) [OK] 
   140s:       trying IR =    244 ..... (rIR:aIR:PR = 244:243:238) (tPR = 4580) [OK] 
   145s:       trying IR =    273 .... (rIR:aIR:PR = 273:270:265) (tPR = 5358) [OK] 
   149s:       trying IR =    307 [150.041s][info][gc,start       ] GC(17) Pause Young (Normal) (G1 Evacuation Pause)
[150.041s][info][gc,task        ] GC(17) Using 8 workers of 8 for evacuation
[150.086s][info][gc,phases      ] GC(17)   Pre Evacuate Collection Set: 0.26ms
[150.086s][info][gc,phases      ] GC(17)   Merge Heap Roots: 0.45ms
[150.086s][info][gc,phases      ] GC(17)   Evacuate Collection Set: 43.30ms
[150.086s][info][gc,phases      ] GC(17)   Post Evacuate Collection Set: 0.40ms
[150.086s][info][gc,phases      ] GC(17)   Other: 0.05ms
[150.086s][info][gc,heap        ] GC(17) Eden regions: 56->0(59)
[150.086s][info][gc,heap        ] GC(17) Survivor regions: 8->5(8)
[150.086s][info][gc,heap        ] GC(17) Old regions: 148->158
[150.086s][info][gc,heap        ] GC(17) Humongous regions: 35->35
[150.086s][info][gc,metaspace   ] GC(17) Metaspace: 28680K(29120K)->28680K(29120K) NonClass: 23319K(23552K)->23319K(23552K) Class: 5361K(5568K)->5361K(5568K)
[150.086s][info][gc             ] GC(17) Pause Young (Normal) (G1 Evacuation Pause) 1935M->1541M(10240M) 44.652ms
[150.086s][info][gc,cpu         ] GC(17) User=0.35s Sys=0.00s Real=0.05s
..... (rIR:aIR:PR = 307:309:303) (tPR = 6019) [OK] 
   154s:       trying IR =    349 ....[158.923s][info][gc,start       ] GC(18) Pause Young (Normal) (G1 Evacuation Pause)
[158.924s][info][gc,task        ] GC(18) Using 8 workers of 8 for evacuation
[158.955s][info][gc,phases      ] GC(18)   Pre Evacuate Collection Set: 0.31ms
[158.955s][info][gc,phases      ] GC(18)   Merge Heap Roots: 0.38ms
[158.955s][info][gc,phases      ] GC(18)   Evacuate Collection Set: 29.77ms
[158.955s][info][gc,phases      ] GC(18)   Post Evacuate Collection Set: 0.45ms
[158.955s][info][gc,phases      ] GC(18)   Other: 0.06ms
[158.955s][info][gc,heap        ] GC(18) Eden regions: 59->0(56)
[158.955s][info][gc,heap        ] GC(18) Survivor regions: 5->8(8)
[158.955s][info][gc,heap        ] GC(18) Old regions: 158->158
[158.955s][info][gc,heap        ] GC(18) Humongous regions: 35->35
[158.955s][info][gc,metaspace   ] GC(18) Metaspace: 28718K(29184K)->28718K(29184K) NonClass: 23357K(23616K)->23357K(23616K) Class: 5361K(5568K)->5361K(5568K)
[158.955s][info][gc             ] GC(18) Pause Young (Normal) (G1 Evacuation Pause) 2013M->1563M(10240M) 31.098ms
[158.955s][info][gc,cpu         ] GC(18) User=0.24s Sys=0.00s Real=0.03s
. (rIR:aIR:PR = 349:358:350) (tPR = 6941) [OK] 
   159s:       trying IR =    399 .... (rIR:aIR:PR = 399:403:395) (tPR = 7873) [OK] 
   163s:       trying IR =    458 .[165.343s][info][gc,start       ] GC(19) Pause Young (Normal) (G1 Evacuation Pause)
[165.343s][info][gc,task        ] GC(19) Using 8 workers of 8 for evacuation
[165.383s][info][gc,phases      ] GC(19)   Pre Evacuate Collection Set: 0.26ms
[165.383s][info][gc,phases      ] GC(19)   Merge Heap Roots: 0.32ms
[165.383s][info][gc,phases      ] GC(19)   Evacuate Collection Set: 39.78ms
[165.383s][info][gc,phases      ] GC(19)   Post Evacuate Collection Set: 0.39ms
[165.383s][info][gc,phases      ] GC(19)   Other: 0.05ms
[165.384s][info][gc,heap        ] GC(19) Eden regions: 56->0(74)
[165.384s][info][gc,heap        ] GC(19) Survivor regions: 8->7(8)
[165.384s][info][gc,heap        ] GC(19) Old regions: 158->162
[165.384s][info][gc,heap        ] GC(19) Humongous regions: 35->35
[165.384s][info][gc,metaspace   ] GC(19) Metaspace: 28755K(29184K)->28755K(29184K) NonClass: 23391K(23616K)->23391K(23616K) Class: 5364K(5568K)->5364K(5568K)
[165.384s][info][gc             ] GC(19) Pause Young (Normal) (G1 Evacuation Pause) 2011M->1587M(10240M) 40.954ms
[165.384s][info][gc,cpu         ] GC(19) User=0.31s Sys=0.01s Real=0.04s
.... (rIR:aIR:PR = 458:470:460) (tPR = 7849) [OK] 
   168s:       trying IR =    530 ....[172.976s][info][gc,start       ] GC(20) Pause Young (Normal) (G1 Evacuation Pause)
[172.976s][info][gc,task        ] GC(20) Using 8 workers of 8 for evacuation
[173.020s][info][gc,phases      ] GC(20)   Pre Evacuate Collection Set: 0.28ms
[173.020s][info][gc,phases      ] GC(20)   Merge Heap Roots: 0.29ms
[173.020s][info][gc,phases      ] GC(20)   Evacuate Collection Set: 43.04ms
[173.020s][info][gc,phases      ] GC(20)   Post Evacuate Collection Set: 0.41ms
[173.020s][info][gc,phases      ] GC(20)   Other: 0.06ms
[173.020s][info][gc,heap        ] GC(20) Eden regions: 80->0(188)
[173.020s][info][gc,heap        ] GC(20) Survivor regions: 7->8(11)
[173.020s][info][gc,heap        ] GC(20) Old regions: 162->165
[173.020s][info][gc,heap        ] GC(20) Humongous regions: 35->35
[173.020s][info][gc,metaspace   ] GC(20) Metaspace: 28765K(29184K)->28765K(29184K) NonClass: 23401K(23616K)->23401K(23616K) Class: 5364K(5568K)->5364K(5568K)
[173.020s][info][gc             ] GC(20) Pause Young (Normal) (G1 Evacuation Pause) 2227M->1622M(10240M) 44.233ms
[173.020s][info][gc,cpu         ] GC(20) User=0.31s Sys=0.03s Real=0.04s
.. (rIR:aIR:PR = 530:529:517) (tPR = 9298) [OK] 
   174s:       trying IR =    616 .... (rIR:aIR:PR = 616:620:608) (tPR = 11106) [OK] 
   178s:       trying IR =    719 .... (rIR:aIR:PR = 719:722:705) (tPR = 11873) [OK] 
   182s:       trying IR =    843 .... (rIR:aIR:PR = 843:845:826) (tPR = 14818) [OK] 
   186s:       trying IR =    992 [186.879s][info][gc,start       ] GC(21) Pause Young (Normal) (G1 Evacuation Pause)
[186.880s][info][gc,task        ] GC(21) Using 8 workers of 8 for evacuation
[186.946s][info][gc,phases      ] GC(21)   Pre Evacuate Collection Set: 0.27ms
[186.946s][info][gc,phases      ] GC(21)   Merge Heap Roots: 0.32ms
[186.946s][info][gc,phases      ] GC(21)   Evacuate Collection Set: 64.86ms
[186.946s][info][gc,phases      ] GC(21)   Post Evacuate Collection Set: 0.58ms
[186.946s][info][gc,phases      ] GC(21)   Other: 0.08ms
[186.946s][info][gc,heap        ] GC(21) Eden regions: 205->0(234)
[186.946s][info][gc,heap        ] GC(21) Survivor regions: 8->18(27)
[186.946s][info][gc,heap        ] GC(21) Old regions: 165->165
[186.946s][info][gc,heap        ] GC(21) Humongous regions: 35->35
[186.946s][info][gc,metaspace   ] GC(21) Metaspace: 28823K(29312K)->28823K(29312K) NonClass: 23456K(23744K)->23456K(23744K) Class: 5366K(5568K)->5366K(5568K)
[186.946s][info][gc             ] GC(21) Pause Young (Normal) (G1 Evacuation Pause) 3262M->1701M(10240M) 66.265ms
[186.946s][info][gc,cpu         ] GC(21) User=0.49s Sys=0.03s Real=0.07s
.... (rIR:aIR:PR = 992:996:975) (tPR = 16673) [OK] 
   190s:       trying IR =   1170 .... (rIR:aIR:PR = 1170:1161:1145) (tPR = 19970) [OK] 
   194s:       trying IR =   1384 ..[196.988s][info][gc,start       ] GC(22) Pause Young (Normal) (G1 Evacuation Pause)
[196.989s][info][gc,task        ] GC(22) Using 8 workers of 8 for evacuation
[197.083s][info][gc,phases      ] GC(22)   Pre Evacuate Collection Set: 0.33ms
[197.083s][info][gc,phases      ] GC(22)   Merge Heap Roots: 0.34ms
[197.083s][info][gc,phases      ] GC(22)   Evacuate Collection Set: 92.63ms
[197.083s][info][gc,phases      ] GC(22)   Post Evacuate Collection Set: 0.63ms
[197.083s][info][gc,phases      ] GC(22)   Other: 0.07ms
[197.083s][info][gc,heap        ] GC(22) Eden regions: 242->0(202)
[197.083s][info][gc,heap        ] GC(22) Survivor regions: 18->26(33)
[197.083s][info][gc,heap        ] GC(22) Old regions: 165->167
[197.083s][info][gc,heap        ] GC(22) Humongous regions: 35->35
[197.083s][info][gc,metaspace   ] GC(22) Metaspace: 28963K(29376K)->28963K(29376K) NonClass: 23580K(23808K)->23580K(23808K) Class: 5382K(5568K)->5382K(5568K)
[197.083s][info][gc             ] GC(22) Pause Young (Normal) (G1 Evacuation Pause) 3637M->1783M(10240M) 94.123ms
[197.083s][info][gc,cpu         ] GC(22) User=0.69s Sys=0.04s Real=0.09s
.. (rIR:aIR:PR = 1384:1382:1367) (tPR = 21437) [OK] 
   198s:       trying IR =   1641 .... (rIR:aIR:PR = 1641:1627:1617) (tPR = 28075) [OK] 
   202s:       trying IR =   1949 [203.311s][info][gc,start       ] GC(23) Pause Young (Normal) (G1 Evacuation Pause)
[203.311s][info][gc,task        ] GC(23) Using 8 workers of 8 for evacuation
[203.413s][info][gc,phases      ] GC(23)   Pre Evacuate Collection Set: 0.27ms
[203.413s][info][gc,phases      ] GC(23)   Merge Heap Roots: 0.30ms
[203.413s][info][gc,phases      ] GC(23)   Evacuate Collection Set: 100.66ms
[203.413s][info][gc,phases      ] GC(23)   Post Evacuate Collection Set: 0.58ms
[203.413s][info][gc,phases      ] GC(23)   Other: 0.06ms
[203.413s][info][gc,heap        ] GC(23) Eden regions: 212->0(219)
[203.413s][info][gc,heap        ] GC(23) Survivor regions: 26->24(30)
[203.413s][info][gc,heap        ] GC(23) Old regions: 167->177
[203.413s][info][gc,heap        ] GC(23) Humongous regions: 35->35
[203.413s][info][gc,metaspace   ] GC(23) Metaspace: 28993K(29504K)->28993K(29504K) NonClass: 23611K(23936K)->23611K(23936K) Class: 5382K(5568K)->5382K(5568K)
[203.413s][info][gc             ] GC(23) Pause Young (Normal) (G1 Evacuation Pause) 3479M->1850M(10240M) 102.003ms
[203.413s][info][gc,cpu         ] GC(23) User=0.77s Sys=0.03s Real=0.10s
.... (rIR:aIR:PR = 1949:1957:1956) (tPR = 31733) [OK] 
   206s:       trying IR =   2319 ..[208.725s][info][gc,start       ] GC(24) Pause Young (Normal) (G1 Evacuation Pause)
[208.725s][info][gc,task        ] GC(24) Using 8 workers of 8 for evacuation
[208.826s][info][gc,phases      ] GC(24)   Pre Evacuate Collection Set: 0.27ms
[208.826s][info][gc,phases      ] GC(24)   Merge Heap Roots: 0.28ms
[208.826s][info][gc,phases      ] GC(24)   Evacuate Collection Set: 100.08ms
[208.826s][info][gc,phases      ] GC(24)   Post Evacuate Collection Set: 0.65ms
[208.826s][info][gc,phases      ] GC(24)   Other: 0.06ms
[208.826s][info][gc,heap        ] GC(24) Eden regions: 230->0(280)
[208.826s][info][gc,heap        ] GC(24) Survivor regions: 24->24(32)
[208.826s][info][gc,heap        ] GC(24) Old regions: 177->187
[208.826s][info][gc,heap        ] GC(24) Humongous regions: 35->35
[208.826s][info][gc,metaspace   ] GC(24) Metaspace: 29044K(29504K)->29044K(29504K) NonClass: 23662K(23936K)->23662K(23936K) Class: 5382K(5568K)->5382K(5568K)
[208.826s][info][gc             ] GC(24) Pause Young (Normal) (G1 Evacuation Pause) 3690M->1929M(10240M) 101.475ms
[208.826s][info][gc,cpu         ] GC(24) User=0.79s Sys=0.01s Real=0.11s
.. (rIR:aIR:PR = 2319:2307:2307) (tPR = 37584) [OK] 
   210s:       trying IR =   2762 .... (rIR:aIR:PR = 2762:2748:2749) (tPR = 44624) [OK] 
   214s:       trying IR =   3295 [214.673s][info][gc,start       ] GC(25) Pause Young (Normal) (G1 Evacuation Pause)
[214.673s][info][gc,task        ] GC(25) Using 8 workers of 8 for evacuation
[214.784s][info][gc,phases      ] GC(25)   Pre Evacuate Collection Set: 0.27ms
[214.784s][info][gc,phases      ] GC(25)   Merge Heap Roots: 0.32ms
[214.784s][info][gc,phases      ] GC(25)   Evacuate Collection Set: 109.25ms
[214.784s][info][gc,phases      ] GC(25)   Post Evacuate Collection Set: 0.74ms
[214.784s][info][gc,phases      ] GC(25)   Other: 0.06ms
[214.784s][info][gc,heap        ] GC(25) Eden regions: 283->0(317)
[214.784s][info][gc,heap        ] GC(25) Survivor regions: 24->26(39)
[214.784s][info][gc,heap        ] GC(25) Old regions: 187->195
[214.784s][info][gc,heap        ] GC(25) Humongous regions: 35->35
[214.784s][info][gc,metaspace   ] GC(25) Metaspace: 29196K(29760K)->29196K(29760K) NonClass: 23805K(24128K)->23805K(24128K) Class: 5390K(5632K)->5390K(5632K)
[214.784s][info][gc             ] GC(25) Pause Young (Normal) (G1 Evacuation Pause) 4193M->2004M(10240M) 110.775ms
[214.784s][info][gc,cpu         ] GC(25) User=0.82s Sys=0.06s Real=0.11s
.... (rIR:aIR:PR = 3295:3268:3268) (tPR = 51449) [OK] 
   218s:       trying IR =   3934 .[220.251s][info][gc,start       ] GC(26) Pause Young (Normal) (G1 Evacuation Pause)
[220.251s][info][gc,task        ] GC(26) Using 8 workers of 8 for evacuation
[220.374s][info][gc,phases      ] GC(26)   Pre Evacuate Collection Set: 0.26ms
[220.375s][info][gc,phases      ] GC(26)   Merge Heap Roots: 0.32ms
[220.375s][info][gc,phases      ] GC(26)   Evacuate Collection Set: 121.86ms
[220.375s][info][gc,phases      ] GC(26)   Post Evacuate Collection Set: 0.84ms
[220.375s][info][gc,phases      ] GC(26)   Other: 0.06ms
[220.375s][info][gc,heap        ] GC(26) Eden regions: 318->0(359)
[220.375s][info][gc,heap        ] GC(26) Survivor regions: 26->31(43)
[220.375s][info][gc,heap        ] GC(26) Old regions: 195->203
[220.375s][info][gc,heap        ] GC(26) Humongous regions: 35->35
[220.375s][info][gc,metaspace   ] GC(26) Metaspace: 29506K(29952K)->29506K(29952K) NonClass: 24102K(24320K)->24102K(24320K) Class: 5403K(5632K)->5403K(5632K)
[220.375s][info][gc             ] GC(26) Pause Young (Normal) (G1 Evacuation Pause) 4548M->2107M(10240M) 123.463ms
[220.375s][info][gc,cpu         ] GC(26) User=0.92s Sys=0.05s Real=0.12s
... (rIR:aIR:PR = 3934:3930:3930) (tPR = 60744) [OK] 
   222s:       trying IR =   4701 ..[225.422s][info][gc,start       ] GC(27) Pause Young (Normal) (G1 Evacuation Pause)
[225.422s][info][gc,task        ] GC(27) Using 8 workers of 8 for evacuation
[225.564s][info][gc,phases      ] GC(27)   Pre Evacuate Collection Set: 0.34ms
[225.564s][info][gc,phases      ] GC(27)   Merge Heap Roots: 0.54ms
[225.564s][info][gc,phases      ] GC(27)   Evacuate Collection Set: 139.96ms
[225.564s][info][gc,phases      ] GC(27)   Post Evacuate Collection Set: 0.83ms
[225.564s][info][gc,phases      ] GC(27)   Other: 0.07ms
[225.564s][info][gc,heap        ] GC(27) Eden regions: 346->0(341)
[225.564s][info][gc,heap        ] GC(27) Survivor regions: 31->34(48)
[225.564s][info][gc,heap        ] GC(27) Old regions: 203->211
[225.564s][info][gc,heap        ] GC(27) Humongous regions: 35->35
[225.564s][info][gc,metaspace   ] GC(27) Metaspace: 29532K(30016K)->29532K(30016K) NonClass: 24127K(24384K)->24127K(24384K) Class: 5404K(5632K)->5404K(5632K)
[225.564s][info][gc             ] GC(27) Pause Young (Normal) (G1 Evacuation Pause) 4875M->2197M(10240M) 141.886ms
[225.564s][info][gc,cpu         ] GC(27) User=1.05s Sys=0.07s Real=0.14s
.... (rIR:aIR:PR = 4701:4650:4650) (tPR = 69307) [OK] 
   228s:       trying IR =   5621 .[229.905s][info][gc,start       ] GC(28) Pause Young (Normal) (G1 Evacuation Pause)
[229.905s][info][gc,task        ] GC(28) Using 8 workers of 8 for evacuation
[230.032s][info][gc,phases      ] GC(28)   Pre Evacuate Collection Set: 0.27ms
[230.032s][info][gc,phases      ] GC(28)   Merge Heap Roots: 0.38ms
[230.032s][info][gc,phases      ] GC(28)   Evacuate Collection Set: 125.68ms
[230.032s][info][gc,phases      ] GC(28)   Post Evacuate Collection Set: 0.83ms
[230.032s][info][gc,phases      ] GC(28)   Other: 0.06ms
[230.032s][info][gc,heap        ] GC(28) Eden regions: 337->0(361)
[230.032s][info][gc,heap        ] GC(28) Survivor regions: 34->35(47)
[230.032s][info][gc,heap        ] GC(28) Old regions: 211->220
[230.032s][info][gc,heap        ] GC(28) Humongous regions: 35->35
[230.032s][info][gc,metaspace   ] GC(28) Metaspace: 29555K(30080K)->29555K(30080K) NonClass: 24151K(24448K)->24151K(24448K) Class: 5404K(5632K)->5404K(5632K)
[230.032s][info][gc             ] GC(28) Pause Young (Normal) (G1 Evacuation Pause) 4893M->2277M(10240M) 127.341ms
[230.032s][info][gc,cpu         ] GC(28) User=0.99s Sys=0.01s Real=0.13s
... (rIR:aIR:PR = 5621:5604:5604) (tPR = 85244) [OK] 
   232s:       trying IR =   6725 .[233.889s][info][gc,start       ] GC(29) Pause Young (Normal) (G1 Evacuation Pause)
[233.889s][info][gc,task        ] GC(29) Using 8 workers of 8 for evacuation
[234.025s][info][gc,phases      ] GC(29)   Pre Evacuate Collection Set: 0.27ms
[234.025s][info][gc,phases      ] GC(29)   Merge Heap Roots: 0.42ms
[234.025s][info][gc,phases      ] GC(29)   Evacuate Collection Set: 133.52ms
[234.025s][info][gc,phases      ] GC(29)   Post Evacuate Collection Set: 0.83ms
[234.025s][info][gc,phases      ] GC(29)   Other: 0.06ms
[234.025s][info][gc,heap        ] GC(29) Eden regions: 359->0(406)
[234.025s][info][gc,heap        ] GC(29) Survivor regions: 35->35(50)
[234.025s][info][gc,heap        ] GC(29) Old regions: 220->230
[234.025s][info][gc,heap        ] GC(29) Humongous regions: 35->35
[234.025s][info][gc,metaspace   ] GC(29) Metaspace: 29558K(30080K)->29558K(30080K) NonClass: 24153K(24448K)->24153K(24448K) Class: 5404K(5632K)->5404K(5632K)
[234.025s][info][gc             ] GC(29) Pause Young (Normal) (G1 Evacuation Pause) 5149M->2354M(10240M) 135.236ms
[234.025s][info][gc,cpu         ] GC(29) User=1.03s Sys=0.03s Real=0.13s
... (rIR:aIR:PR = 6725:6765:6765) (tPR = 101399) [OK] 
   236s:       trying IR =   8050 .[237.649s][info][gc,start       ] GC(30) Pause Young (Normal) (G1 Evacuation Pause)
[237.649s][info][gc,task        ] GC(30) Using 8 workers of 8 for evacuation
[237.792s][info][gc,phases      ] GC(30)   Pre Evacuate Collection Set: 0.33ms
[237.792s][info][gc,phases      ] GC(30)   Merge Heap Roots: 0.44ms
[237.792s][info][gc,phases      ] GC(30)   Evacuate Collection Set: 141.13ms
[237.792s][info][gc,phases      ] GC(30)   Post Evacuate Collection Set: 0.87ms
[237.792s][info][gc,phases      ] GC(30)   Other: 0.07ms
[237.792s][info][gc,heap        ] GC(30) Eden regions: 402->0(453)
[237.792s][info][gc,heap        ] GC(30) Survivor regions: 35->36(55)
[237.792s][info][gc,heap        ] GC(30) Old regions: 230->238
[237.792s][info][gc,heap        ] GC(30) Humongous regions: 35->35
[237.792s][info][gc,metaspace   ] GC(30) Metaspace: 29592K(30080K)->29592K(30080K) NonClass: 24188K(24448K)->24188K(24448K) Class: 5404K(5632K)->5404K(5632K)
[237.792s][info][gc             ] GC(30) Pause Young (Normal) (G1 Evacuation Pause) 5570M->2428M(10240M) 142.970ms
[237.792s][info][gc,cpu         ] GC(30) User=1.07s Sys=0.05s Real=0.14s
... (rIR:aIR:PR = 8050:8010:8004) (tPR = 117137) [OK] 
   240s:       trying IR =   9640 [241.309s][info][gc,start       ] GC(31) Pause Young (Normal) (G1 Evacuation Pause)
[241.309s][info][gc,task        ] GC(31) Using 8 workers of 8 for evacuation
[241.458s][info][gc,phases      ] GC(31)   Pre Evacuate Collection Set: 0.27ms
[241.458s][info][gc,phases      ] GC(31)   Merge Heap Roots: 0.41ms
[241.458s][info][gc,phases      ] GC(31)   Evacuate Collection Set: 146.99ms
[241.458s][info][gc,phases      ] GC(31)   Post Evacuate Collection Set: 0.98ms
[241.458s][info][gc,phases      ] GC(31)   Other: 0.07ms
[241.458s][info][gc,heap        ] GC(31) Eden regions: 450->0(697)
[241.458s][info][gc,heap        ] GC(31) Survivor regions: 36->38(61)
[241.458s][info][gc,heap        ] GC(31) Old regions: 238->246
[241.458s][info][gc,heap        ] GC(31) Humongous regions: 35->35
[241.458s][info][gc,metaspace   ] GC(31) Metaspace: 29601K(30080K)->29601K(30080K) NonClass: 24196K(24448K)->24196K(24448K) Class: 5404K(5632K)->5404K(5632K)
[241.458s][info][gc             ] GC(31) Pause Young (Normal) (G1 Evacuation Pause) 6028M->2504M(10240M) 148.874ms
[241.458s][info][gc,cpu         ] GC(31) User=1.12s Sys=0.05s Real=0.15s
....[245.497s][info][gc,start       ] GC(32) Pause Young (Normal) (G1 Evacuation Pause)
[245.497s][info][gc,task        ] GC(32) Using 8 workers of 8 for evacuation
[245.656s][info][gc,phases      ] GC(32)   Pre Evacuate Collection Set: 0.32ms
[245.656s][info][gc,phases      ] GC(32)   Merge Heap Roots: 0.44ms
[245.656s][info][gc,phases      ] GC(32)   Evacuate Collection Set: 157.03ms
[245.656s][info][gc,phases      ] GC(32)   Post Evacuate Collection Set: 1.12ms
[245.656s][info][gc,phases      ] GC(32)   Other: 0.09ms
[245.656s][info][gc,heap        ] GC(32) Eden regions: 617->0(486)
[245.656s][info][gc,heap        ] GC(32) Survivor regions: 38->47(82)
[245.656s][info][gc,heap        ] GC(32) Old regions: 246->246
[245.656s][info][gc,heap        ] GC(32) Humongous regions: 35->35
[245.656s][info][gc,metaspace   ] GC(32) Metaspace: 29625K(30080K)->29625K(30080K) NonClass: 24220K(24448K)->24220K(24448K) Class: 5405K(5632K)->5405K(5632K)
[245.656s][info][gc             ] GC(32) Pause Young (Normal) (G1 Evacuation Pause) 7440M->2580M(10240M) 159.134ms
[245.656s][info][gc,cpu         ] GC(32) User=1.19s Sys=0.06s Real=0.16s
... (rIR:aIR:PR = 9640:9672:9759) (tPR = 140693) [OK] 
   247s:       trying IR =  11548 [248.694s][info][gc,start       ] GC(33) Pause Young (Normal) (G1 Evacuation Pause)
[248.694s][info][gc,task        ] GC(33) Using 8 workers of 8 for evacuation
[248.854s][info][gc,phases      ] GC(33)   Pre Evacuate Collection Set: 0.29ms
[248.854s][info][gc,phases      ] GC(33)   Merge Heap Roots: 0.44ms
[248.854s][info][gc,phases      ] GC(33)   Evacuate Collection Set: 157.58ms
[248.854s][info][gc,phases      ] GC(33)   Post Evacuate Collection Set: 0.92ms
[248.854s][info][gc,phases      ] GC(33)   Other: 0.20ms
[248.854s][info][gc,heap        ] GC(33) Eden regions: 476->0(447)
[248.854s][info][gc,heap        ] GC(33) Survivor regions: 47->44(66)
[248.854s][info][gc,heap        ] GC(33) Old regions: 246->256
[248.854s][info][gc,heap        ] GC(33) Humongous regions: 35->35
[248.854s][info][gc,metaspace   ] GC(33) Metaspace: 29631K(30080K)->29631K(30080K) NonClass: 24226K(24448K)->24226K(24448K) Class: 5405K(5632K)->5405K(5632K)
[248.854s][info][gc             ] GC(33) Pause Young (Normal) (G1 Evacuation Pause) 6388M->2632M(10240M) 159.568ms
[248.854s][info][gc,cpu         ] GC(33) User=1.24s Sys=0.02s Real=0.16s
...[251.228s][info][gc,start       ] GC(34) Pause Young (Normal) (G1 Evacuation Pause)
[251.228s][info][gc,task        ] GC(34) Using 8 workers of 8 for evacuation
[251.383s][info][gc,phases      ] GC(34)   Pre Evacuate Collection Set: 0.26ms
[251.383s][info][gc,phases      ] GC(34)   Merge Heap Roots: 0.39ms
[251.383s][info][gc,phases      ] GC(34)   Evacuate Collection Set: 153.52ms
[251.383s][info][gc,phases      ] GC(34)   Post Evacuate Collection Set: 0.85ms
[251.383s][info][gc,phases      ] GC(34)   Other: 0.08ms
[251.383s][info][gc,heap        ] GC(34) Eden regions: 446->0(603)
[251.383s][info][gc,heap        ] GC(34) Survivor regions: 44->40(62)
[251.383s][info][gc,heap        ] GC(34) Old regions: 256->265
[251.383s][info][gc,heap        ] GC(34) Humongous regions: 35->35
[251.383s][info][gc,metaspace   ] GC(34) Metaspace: 29641K(30144K)->29641K(30144K) NonClass: 24235K(24512K)->24235K(24512K) Class: 5405K(5632K)->5405K(5632K)
[251.383s][info][gc             ] GC(34) Pause Young (Normal) (G1 Evacuation Pause) 6200M->2683M(10240M) 155.232ms
[251.383s][info][gc,cpu         ] GC(34) User=1.21s Sys=0.02s Real=0.15s
.. (rIR:aIR:PR = 11548:11748:11515) (tPR = 170728) [OK] 
   252s:       trying IR =  13837 .[254.594s][info][gc,start       ] GC(35) Pause Young (Normal) (G1 Evacuation Pause)
[254.594s][info][gc,task        ] GC(35) Using 8 workers of 8 for evacuation
[254.747s][info][gc,phases      ] GC(35)   Pre Evacuate Collection Set: 0.31ms
[254.747s][info][gc,phases      ] GC(35)   Merge Heap Roots: 0.53ms
[254.747s][info][gc,phases      ] GC(35)   Evacuate Collection Set: 150.85ms
[254.747s][info][gc,phases      ] GC(35)   Post Evacuate Collection Set: 1.08ms
[254.747s][info][gc,phases      ] GC(35)   Other: 0.08ms
[254.747s][info][gc,heap        ] GC(35) Eden regions: 599->0(492)
[254.747s][info][gc,heap        ] GC(35) Survivor regions: 40->49(80)
[254.747s][info][gc,heap        ] GC(35) Old regions: 265->265
[254.747s][info][gc,heap        ] GC(35) Humongous regions: 35->35
[254.747s][info][gc,metaspace   ] GC(35) Metaspace: 29641K(30144K)->29641K(30144K) NonClass: 24236K(24512K)->24236K(24512K) Class: 5405K(5632K)->5405K(5632K)
[254.747s][info][gc             ] GC(35) Pause Young (Normal) (G1 Evacuation Pause) 7475M->2751M(10240M) 152.993ms
[254.747s][info][gc,cpu         ] GC(35) User=1.21s Sys=0.00s Real=0.16s
...[257.315s][info][gc,start       ] GC(36) Pause Young (Normal) (G1 Evacuation Pause)
[257.315s][info][gc,task        ] GC(36) Using 8 workers of 8 for evacuation
[257.485s][info][gc,phases      ] GC(36)   Pre Evacuate Collection Set: 0.26ms
[257.485s][info][gc,phases      ] GC(36)   Merge Heap Roots: 0.42ms
[257.485s][info][gc,phases      ] GC(36)   Evacuate Collection Set: 168.62ms
[257.485s][info][gc,phases      ] GC(36)   Post Evacuate Collection Set: 0.97ms
[257.485s][info][gc,phases      ] GC(36)   Other: 0.06ms
[257.485s][info][gc,heap        ] GC(36) Eden regions: 488->0(571)
[257.485s][info][gc,heap        ] GC(36) Survivor regions: 49->45(68)
[257.485s][info][gc,heap        ] GC(36) Old regions: 265->276
[257.485s][info][gc,heap        ] GC(36) Humongous regions: 35->35
[257.485s][info][gc,metaspace   ] GC(36) Metaspace: 29642K(30144K)->29642K(30144K) NonClass: 24237K(24512K)->24237K(24512K) Class: 5405K(5632K)->5405K(5632K)
[257.485s][info][gc             ] GC(36) Pause Young (Normal) (G1 Evacuation Pause) 6655M->2811M(10240M) 170.469ms
[257.485s][info][gc,cpu         ] GC(36) User=1.33s Sys=0.01s Real=0.17s
...[260.566s][info][gc,start       ] GC(37) Pause Young (Normal) (G1 Evacuation Pause)
[260.566s][info][gc,task        ] GC(37) Using 8 workers of 8 for evacuation
[260.724s][info][gc,phases      ] GC(37)   Pre Evacuate Collection Set: 0.28ms
[260.724s][info][gc,phases      ] GC(37)   Merge Heap Roots: 0.45ms
[260.724s][info][gc,phases      ] GC(37)   Evacuate Collection Set: 156.72ms
[260.724s][info][gc,phases      ] GC(37)   Post Evacuate Collection Set: 1.01ms
[260.724s][info][gc,phases      ] GC(37)   Other: 0.07ms
[260.724s][info][gc,heap        ] GC(37) Eden regions: 571->0(679)
[260.724s][info][gc,heap        ] GC(37) Survivor regions: 45->43(77)
[260.724s][info][gc,heap        ] GC(37) Old regions: 276->285
[260.724s][info][gc,heap        ] GC(37) Humongous regions: 35->35
[260.724s][info][gc,metaspace   ] GC(37) Metaspace: 29655K(30144K)->29655K(30144K) NonClass: 24250K(24512K)->24250K(24512K) Class: 5405K(5632K)->5405K(5632K)
[260.724s][info][gc             ] GC(37) Pause Young (Normal) (G1 Evacuation Pause) 7379M->2860M(10240M) 158.663ms
[260.724s][info][gc,cpu         ] GC(37) User=1.24s Sys=0.01s Real=0.15s
....[264.310s][info][gc,start       ] GC(38) Pause Young (Normal) (G1 Evacuation Pause)
[264.311s][info][gc,task        ] GC(38) Using 8 workers of 8 for evacuation
[264.485s][info][gc,phases      ] GC(38)   Pre Evacuate Collection Set: 0.30ms
[264.485s][info][gc,phases      ] GC(38)   Merge Heap Roots: 0.45ms
[264.485s][info][gc,phases      ] GC(38)   Evacuate Collection Set: 172.34ms
[264.485s][info][gc,phases      ] GC(38)   Post Evacuate Collection Set: 1.19ms
[264.485s][info][gc,phases      ] GC(38)   Other: 0.07ms
[264.485s][info][gc,heap        ] GC(38) Eden regions: 675->0(541)
[264.485s][info][gc,heap        ] GC(38) Survivor regions: 43->51(90)
[264.485s][info][gc,heap        ] GC(38) Old regions: 285->285
[264.485s][info][gc,heap        ] GC(38) Humongous regions: 35->35
[264.485s][info][gc,metaspace   ] GC(38) Metaspace: 29657K(30144K)->29657K(30144K) NonClass: 24252K(24512K)->24252K(24512K) Class: 5405K(5632K)->5405K(5632K)
[264.485s][info][gc             ] GC(38) Pause Young (Normal) (G1 Evacuation Pause) 8260M->2928M(10240M) 174.505ms
[264.485s][info][gc,cpu         ] GC(38) User=1.31s Sys=0.06s Real=0.17s
...[267.281s][info][gc,start       ] GC(39) Pause Young (Normal) (G1 Evacuation Pause)
[267.281s][info][gc,task        ] GC(39) Using 8 workers of 8 for evacuation
[267.453s][info][gc,phases      ] GC(39)   Pre Evacuate Collection Set: 0.26ms
[267.453s][info][gc,phases      ] GC(39)   Merge Heap Roots: 0.46ms
[267.453s][info][gc,phases      ] GC(39)   Evacuate Collection Set: 170.68ms
[267.453s][info][gc,phases      ] GC(39)   Post Evacuate Collection Set: 1.05ms
[267.453s][info][gc,phases      ] GC(39)   Other: 0.07ms
[267.453s][info][gc,heap        ] GC(39) Eden regions: 537->0(618)
[267.453s][info][gc,heap        ] GC(39) Survivor regions: 51->46(74)
[267.453s][info][gc,heap        ] GC(39) Old regions: 285->294
[267.453s][info][gc,heap        ] GC(39) Humongous regions: 35->35
[267.454s][info][gc,metaspace   ] GC(39) Metaspace: 29662K(30144K)->29662K(30144K) NonClass: 24257K(24512K)->24257K(24512K) Class: 5405K(5632K)->5405K(5632K)
[267.454s][info][gc             ] GC(39) Pause Young (Normal) (G1 Evacuation Pause) 7224M->2960M(10240M) 172.659ms
[267.454s][info][gc,cpu         ] GC(39) User=1.34s Sys=0.02s Real=0.17s
...[270.880s][info][gc,start       ] GC(40) Pause Young (Normal) (G1 Evacuation Pause)
[270.880s][info][gc,task        ] GC(40) Using 8 workers of 8 for evacuation
[271.049s][info][gc,phases      ] GC(40)   Pre Evacuate Collection Set: 0.28ms
[271.049s][info][gc,phases      ] GC(40)   Merge Heap Roots: 0.45ms
[271.049s][info][gc,phases      ] GC(40)   Evacuate Collection Set: 167.27ms
[271.049s][info][gc,phases      ] GC(40)   Post Evacuate Collection Set: 1.06ms
[271.049s][info][gc,phases      ] GC(40)   Other: 0.06ms
[271.049s][info][gc,heap        ] GC(40) Eden regions: 620->0(622)
[271.049s][info][gc,heap        ] GC(40) Survivor regions: 46->47(84)
[271.049s][info][gc,heap        ] GC(40) Old regions: 294->302
[271.049s][info][gc,heap        ] GC(40) Humongous regions: 35->35
[271.049s][info][gc,metaspace   ] GC(40) Metaspace: 29662K(30144K)->29662K(30144K) NonClass: 24257K(24512K)->24257K(24512K) Class: 5405K(5632K)->5405K(5632K)
[271.049s][info][gc             ] GC(40) Pause Young (Normal) (G1 Evacuation Pause) 7920M->3028M(10240M) 169.242ms
[271.049s][info][gc,cpu         ] GC(40) User=1.32s Sys=0.01s Real=0.17s
....[274.409s][info][gc,start       ] GC(41) Pause Young (Normal) (G1 Evacuation Pause)
[274.410s][info][gc,task        ] GC(41) Using 8 workers of 8 for evacuation
[274.571s][info][gc,phases      ] GC(41)   Pre Evacuate Collection Set: 0.29ms
[274.571s][info][gc,phases      ] GC(41)   Merge Heap Roots: 0.46ms
[274.571s][info][gc,phases      ] GC(41)   Evacuate Collection Set: 159.28ms
[274.571s][info][gc,phases      ] GC(41)   Post Evacuate Collection Set: 1.10ms
[274.571s][info][gc,phases      ] GC(41)   Other: 0.06ms
[274.571s][info][gc,heap        ] GC(41) Eden regions: 622->0(710)
[274.571s][info][gc,heap        ] GC(41) Survivor regions: 47->45(84)
[274.571s][info][gc,heap        ] GC(41) Old regions: 302->308
[274.571s][info][gc,heap        ] GC(41) Humongous regions: 35->35
[274.571s][info][gc,metaspace   ] GC(41) Metaspace: 29664K(30144K)->29664K(30144K) NonClass: 24259K(24512K)->24259K(24512K) Class: 5405K(5632K)->5405K(5632K)
[274.571s][info][gc             ] GC(41) Pause Young (Normal) (G1 Evacuation Pause) 8004M->3067M(10240M) 161.321ms
[274.571s][info][gc,cpu         ] GC(41) User=1.25s Sys=0.02s Real=0.16s
....[278.253s][info][gc,start       ] GC(42) Pause Young (Normal) (G1 Evacuation Pause)
[278.253s][info][gc,task        ] GC(42) Using 8 workers of 8 for evacuation
[278.427s][info][gc,phases      ] GC(42)   Pre Evacuate Collection Set: 0.27ms
[278.427s][info][gc,phases      ] GC(42)   Merge Heap Roots: 0.52ms
[278.427s][info][gc,phases      ] GC(42)   Evacuate Collection Set: 172.35ms
[278.427s][info][gc,phases      ] GC(42)   Post Evacuate Collection Set: 1.19ms
[278.427s][info][gc,phases      ] GC(42)   Other: 0.07ms
[278.427s][info][gc,heap        ] GC(42) Eden regions: 701->0(584)
[278.427s][info][gc,heap        ] GC(42) Survivor regions: 45->53(94)
[278.427s][info][gc,heap        ] GC(42) Old regions: 308->308
[278.427s][info][gc,heap        ] GC(42) Humongous regions: 35->35
[278.427s][info][gc,metaspace   ] GC(42) Metaspace: 29668K(30144K)->29668K(30144K) NonClass: 24263K(24512K)->24263K(24512K) Class: 5405K(5632K)->5405K(5632K)
[278.427s][info][gc             ] GC(42) Pause Young (Normal) (G1 Evacuation Pause) 8675M->3131M(10240M) 174.533ms
[278.427s][info][gc,cpu         ] GC(42) User=1.33s Sys=0.05s Real=0.18s
...[281.374s][info][gc,start       ] GC(43) Pause Young (Normal) (G1 Evacuation Pause)
[281.374s][info][gc,task        ] GC(43) Using 8 workers of 8 for evacuation
[281.549s][info][gc,phases      ] GC(43)   Pre Evacuate Collection Set: 0.28ms
[281.549s][info][gc,phases      ] GC(43)   Merge Heap Roots: 0.49ms
[281.549s][info][gc,phases      ] GC(43)   Evacuate Collection Set: 172.74ms
[281.549s][info][gc,phases      ] GC(43)   Post Evacuate Collection Set: 1.02ms
[281.549s][info][gc,phases      ] GC(43)   Other: 0.06ms
[281.549s][info][gc,heap        ] GC(43) Eden regions: 577->0(698)
[281.549s][info][gc,heap        ] GC(43) Survivor regions: 53->46(79)
[281.549s][info][gc,heap        ] GC(43) Old regions: 308->317
[281.549s][info][gc,heap        ] GC(43) Humongous regions: 35->35
[281.549s][info][gc,metaspace   ] GC(43) Metaspace: 29669K(30144K)->29669K(30144K) NonClass: 24264K(24512K)->24264K(24512K) Class: 5405K(5632K)->5405K(5632K)
[281.549s][info][gc             ] GC(43) Pause Young (Normal) (G1 Evacuation Pause) 7747M->3146M(10240M) 174.727ms
[281.549s][info][gc,cpu         ] GC(43) User=1.37s Sys=0.01s Real=0.18s
.. (rIR:aIR:PR = 13837:13571:12311) (tPR = 183503) [PR is under limit] 
   282s: Re-initializing (term) [283.164s][info][gc,start       ] GC(44) Pause Full (System.gc())
[283.164s][info][gc,task        ] GC(44) Using 8 workers of 8 for full compaction
[283.164s][info][gc,phases,start] GC(44) Phase 1: Mark live objects
[283.182s][info][gc,phases      ] GC(44) Phase 1: Mark live objects 17.919ms
[283.182s][info][gc,phases,start] GC(44) Phase 2: Prepare compaction
[283.189s][info][gc,phases      ] GC(44) Phase 2: Prepare compaction 6.401ms
[283.189s][info][gc,phases,start] GC(44) Phase 3: Adjust pointers
[283.200s][info][gc,phases      ] GC(44) Phase 3: Adjust pointers 11.519ms
[283.200s][info][gc,phases,start] GC(44) Phase 4: Compact heap
[283.207s][info][gc,phases      ] GC(44) Phase 4: Compact heap 6.390ms
[283.207s][info][gc,phases,start] GC(44) Phase 5: Reset Metadata
[283.211s][info][gc,phases      ] GC(44) Phase 5: Reset Metadata 4.089ms
[283.223s][info][gc,heap        ] GC(44) Eden regions: 315->0(768)
[283.223s][info][gc,heap        ] GC(44) Survivor regions: 46->0(79)
[283.223s][info][gc,heap        ] GC(44) Old regions: 317->13
[283.223s][info][gc,heap        ] GC(44) Humongous regions: 35->18
[283.223s][info][gc,metaspace   ] GC(44) Metaspace: 29678K(30144K)->29678K(30144K) NonClass: 24272K(24512K)->24272K(24512K) Class: 5405K(5632K)->5405K(5632K)
[283.223s][info][gc             ] GC(44) Pause Full (System.gc()) 5663M->212M(10240M) 59.043ms
[283.223s][info][gc,cpu         ] GC(44) User=0.38s Sys=0.01s Real=0.06s
(init) ... OK
   287s: Searching from base IR = 11548
   287s:       rampup IR =      0 ... (rIR:aIR:PR = 0:0:0) (tPR = 0) [OK] 
   290s:       rampup IR =   1155 .... (rIR:aIR:PR = 1155:1155:1129) (tPR = 23949) [OK] 
   294s:       rampup IR =   2310 .... (rIR:aIR:PR = 2310:2302:2256) (tPR = 42747) [OK] 
   298s:       rampup IR =   3464 ...[302.185s][info][gc,start       ] GC(45) Pause Young (Normal) (G1 Evacuation Pause)
[302.185s][info][gc,task        ] GC(45) Using 8 workers of 8 for evacuation
[302.656s][info][gc,mmu         ] GC(45) MMU target violated: 201.0ms (200.0ms/201.0ms)
[302.656s][info][gc,phases      ] GC(45)   Pre Evacuate Collection Set: 0.29ms
[302.656s][info][gc,phases      ] GC(45)   Merge Heap Roots: 0.45ms
[302.656s][info][gc,phases      ] GC(45)   Evacuate Collection Set: 468.44ms
[302.656s][info][gc,phases      ] GC(45)   Post Evacuate Collection Set: 1.30ms
[302.656s][info][gc,phases      ] GC(45)   Other: 0.11ms
[302.656s][info][gc,heap        ] GC(45) Eden regions: 768->0(583)
[302.656s][info][gc,heap        ] GC(45) Survivor regions: 0->96(96)
[302.656s][info][gc,heap        ] GC(45) Old regions: 13->31
[302.656s][info][gc,heap        ] GC(45) Humongous regions: 35->34
[302.656s][info][gc,metaspace   ] GC(45) Metaspace: 29709K(30208K)->29709K(30208K) NonClass: 24302K(24576K)->24302K(24576K) Class: 5406K(5632K)->5406K(5632K)
[302.656s][info][gc             ] GC(45) Pause Young (Normal) (G1 Evacuation Pause) 6492M->1252M(10240M) 470.697ms
[302.656s][info][gc,cpu         ] GC(45) User=3.64s Sys=0.07s Real=0.48s
.... (rIR:aIR:PR = 3464:3439:3366) (tPR = 58880) [OK] 
   305s:       rampup IR =   4619 ...[309.168s][info][gc,start       ] GC(46) Pause Young (Normal) (G1 Evacuation Pause)
[309.168s][info][gc,task        ] GC(46) Using 8 workers of 8 for evacuation
[309.514s][info][gc,mmu         ] GC(46) MMU target violated: 201.0ms (200.0ms/201.0ms)
[309.514s][info][gc,phases      ] GC(46)   Pre Evacuate Collection Set: 0.28ms
[309.514s][info][gc,phases      ] GC(46)   Merge Heap Roots: 0.29ms
[309.514s][info][gc,phases      ] GC(46)   Evacuate Collection Set: 343.83ms
[309.514s][info][gc,phases      ] GC(46)   Post Evacuate Collection Set: 0.97ms
[309.514s][info][gc,phases      ] GC(46)   Other: 0.09ms
[309.514s][info][gc,heap        ] GC(46) Eden regions: 593->0(344)
[309.514s][info][gc,heap        ] GC(46) Survivor regions: 96->29(87)
[309.514s][info][gc,heap        ] GC(46) Old regions: 31->111
[309.514s][info][gc,heap        ] GC(46) Humongous regions: 34->34
[309.514s][info][gc,metaspace   ] GC(46) Metaspace: 29711K(30208K)->29711K(30208K) NonClass: 24305K(24576K)->24305K(24576K) Class: 5406K(5632K)->5406K(5632K)
[309.514s][info][gc             ] GC(46) Pause Young (Normal) (G1 Evacuation Pause) 5996M->1348M(10240M) 345.590ms
[309.514s][info][gc,cpu         ] GC(46) User=2.73s Sys=0.00s Real=0.34s
. (rIR:aIR:PR = 4619:4538:4532) (tPR = 74358) [OK] 
   309s:       rampup IR =   5774 ...[313.257s][info][gc,start       ] GC(47) Pause Young (Normal) (G1 Evacuation Pause)
[313.257s][info][gc,task        ] GC(47) Using 8 workers of 8 for evacuation
[313.382s][info][gc,phases      ] GC(47)   Pre Evacuate Collection Set: 0.27ms
[313.382s][info][gc,phases      ] GC(47)   Merge Heap Roots: 0.30ms
[313.382s][info][gc,phases      ] GC(47)   Evacuate Collection Set: 123.71ms
[313.382s][info][gc,phases      ] GC(47)   Post Evacuate Collection Set: 0.88ms
[313.382s][info][gc,phases      ] GC(47)   Other: 0.07ms
[313.382s][info][gc,heap        ] GC(47) Eden regions: 419->0(190)
[313.382s][info][gc,heap        ] GC(47) Survivor regions: 29->41(56)
[313.382s][info][gc,heap        ] GC(47) Old regions: 111->111
[313.382s][info][gc,heap        ] GC(47) Humongous regions: 34->34
[313.382s][info][gc,metaspace   ] GC(47) Metaspace: 29715K(30208K)->29715K(30208K) NonClass: 24309K(24576K)->24309K(24576K) Class: 5406K(5632K)->5406K(5632K)
[313.382s][info][gc             ] GC(47) Pause Young (Normal) (G1 Evacuation Pause) 4700M->1448M(10240M) 125.344ms
[313.382s][info][gc,cpu         ] GC(47) User=0.99s Sys=0.00s Real=0.12s
. (rIR:aIR:PR = 5774:5809:5809) (tPR = 92036) [OK] 
   313s:       rampup IR =   6929 .[315.394s][info][gc,start       ] GC(48) Pause Young (Normal) (G1 Evacuation Pause)
[315.394s][info][gc,task        ] GC(48) Using 8 workers of 8 for evacuation
[315.532s][info][gc,phases      ] GC(48)   Pre Evacuate Collection Set: 0.25ms
[315.532s][info][gc,phases      ] GC(48)   Merge Heap Roots: 0.33ms
[315.532s][info][gc,phases      ] GC(48)   Evacuate Collection Set: 136.64ms
[315.532s][info][gc,phases      ] GC(48)   Post Evacuate Collection Set: 0.69ms
[315.532s][info][gc,phases      ] GC(48)   Other: 0.07ms
[315.532s][info][gc,heap        ] GC(48) Eden regions: 233->0(592)
[315.532s][info][gc,heap        ] GC(48) Survivor regions: 41->17(35)
[315.532s][info][gc,heap        ] GC(48) Old regions: 111->145
[315.532s][info][gc,heap        ] GC(48) Humongous regions: 34->34
[315.532s][info][gc,metaspace   ] GC(48) Metaspace: 29720K(30208K)->29720K(30208K) NonClass: 24314K(24576K)->24314K(24576K) Class: 5406K(5632K)->5406K(5632K)
[315.532s][info][gc             ] GC(48) Pause Young (Normal) (G1 Evacuation Pause) 3312M->1531M(10240M) 138.112ms
[315.532s][info][gc,cpu         ] GC(48) User=1.09s Sys=0.00s Real=0.14s
... (rIR:aIR:PR = 6929:6951:6946) (tPR = 102026) [OK] 
   317s:       rampup IR =   8084 ..[320.479s][info][gc,start       ] GC(49) Pause Young (Normal) (G1 Evacuation Pause)
[320.480s][info][gc,task        ] GC(49) Using 8 workers of 8 for evacuation
[320.606s][info][gc,phases      ] GC(49)   Pre Evacuate Collection Set: 0.27ms
[320.606s][info][gc,phases      ] GC(49)   Merge Heap Roots: 0.50ms
[320.606s][info][gc,phases      ] GC(49)   Evacuate Collection Set: 124.24ms
[320.606s][info][gc,phases      ] GC(49)   Post Evacuate Collection Set: 1.16ms
[320.606s][info][gc,phases      ] GC(49)   Other: 0.07ms
[320.606s][info][gc,heap        ] GC(49) Eden regions: 593->0(451)
[320.606s][info][gc,heap        ] GC(49) Survivor regions: 17->39(77)
[320.606s][info][gc,heap        ] GC(49) Old regions: 145->145
[320.606s][info][gc,heap        ] GC(49) Humongous regions: 34->34
[320.606s][info][gc,metaspace   ] GC(49) Metaspace: 29721K(30208K)->29721K(30208K) NonClass: 24315K(24576K)->24315K(24576K) Class: 5406K(5632K)->5406K(5632K)
[320.606s][info][gc             ] GC(49) Pause Young (Normal) (G1 Evacuation Pause) 6275M->1703M(10240M) 126.370ms
[320.606s][info][gc,cpu         ] GC(49) User=0.99s Sys=0.00s Real=0.13s
.. (rIR:aIR:PR = 8084:8169:8113) (tPR = 129959) [OK] 
   321s:       rampup IR =   9238 ..[323.916s][info][gc,start       ] GC(50) Pause Young (Normal) (G1 Evacuation Pause)
[323.916s][info][gc,task        ] GC(50) Using 8 workers of 8 for evacuation
[324.059s][info][gc,phases      ] GC(50)   Pre Evacuate Collection Set: 0.27ms
[324.059s][info][gc,phases      ] GC(50)   Merge Heap Roots: 0.40ms
[324.059s][info][gc,phases      ] GC(50)   Evacuate Collection Set: 141.50ms
[324.059s][info][gc,phases      ] GC(50)   Post Evacuate Collection Set: 0.98ms
[324.059s][info][gc,phases      ] GC(50)   Other: 0.06ms
[324.059s][info][gc,heap        ] GC(50) Eden regions: 454->0(500)
[324.059s][info][gc,heap        ] GC(50) Survivor regions: 39->43(62)
[324.059s][info][gc,heap        ] GC(50) Old regions: 145->150
[324.059s][info][gc,heap        ] GC(50) Humongous regions: 34->34
[324.059s][info][gc,metaspace   ] GC(50) Metaspace: 29721K(30208K)->29721K(30208K) NonClass: 24315K(24576K)->24315K(24576K) Class: 5406K(5632K)->5406K(5632K)
[324.059s][info][gc             ] GC(50) Pause Young (Normal) (G1 Evacuation Pause) 5335M->1777M(10240M) 143.341ms
[324.059s][info][gc,cpu         ] GC(50) User=1.13s Sys=0.00s Real=0.14s
.. (rIR:aIR:PR = 9238:9297:9297) (tPR = 142169) [OK] 
   325s:       rampup IR =  10393 .[327.245s][info][gc,start       ] GC(51) Pause Young (Normal) (G1 Evacuation Pause)
[327.245s][info][gc,task        ] GC(51) Using 8 workers of 8 for evacuation
[327.402s][info][gc,phases      ] GC(51)   Pre Evacuate Collection Set: 0.29ms
[327.402s][info][gc,phases      ] GC(51)   Merge Heap Roots: 0.43ms
[327.402s][info][gc,phases      ] GC(51)   Evacuate Collection Set: 155.42ms
[327.402s][info][gc,phases      ] GC(51)   Post Evacuate Collection Set: 1.02ms
[327.402s][info][gc,phases      ] GC(51)   Other: 0.06ms
[327.402s][info][gc,heap        ] GC(51) Eden regions: 495->0(539)
[327.402s][info][gc,heap        ] GC(51) Survivor regions: 43->42(68)
[327.402s][info][gc,heap        ] GC(51) Old regions: 150->160
[327.402s][info][gc,heap        ] GC(51) Humongous regions: 34->34
[327.402s][info][gc,metaspace   ] GC(51) Metaspace: 29721K(30208K)->29721K(30208K) NonClass: 24315K(24576K)->24315K(24576K) Class: 5406K(5632K)->5406K(5632K)
[327.402s][info][gc             ] GC(51) Pause Young (Normal) (G1 Evacuation Pause) 5737M->1848M(10240M) 157.369ms
[327.402s][info][gc,cpu         ] GC(51) User=1.24s Sys=0.00s Real=0.16s
...[330.607s][info][gc,start       ] GC(52) Pause Young (Normal) (G1 Evacuation Pause)
[330.607s][info][gc,task        ] GC(52) Using 8 workers of 8 for evacuation
[330.759s][info][gc,phases      ] GC(52)   Pre Evacuate Collection Set: 0.26ms
[330.759s][info][gc,phases      ] GC(52)   Merge Heap Roots: 0.43ms
[330.759s][info][gc,phases      ] GC(52)   Evacuate Collection Set: 150.12ms
[330.759s][info][gc,phases      ] GC(52)   Post Evacuate Collection Set: 1.03ms
[330.759s][info][gc,phases      ] GC(52)   Other: 0.06ms
[330.759s][info][gc,heap        ] GC(52) Eden regions: 536->0(555)
[330.759s][info][gc,heap        ] GC(52) Survivor regions: 42->43(73)
[330.759s][info][gc,heap        ] GC(52) Old regions: 160->168
[330.759s][info][gc,heap        ] GC(52) Humongous regions: 34->34
[330.759s][info][gc,metaspace   ] GC(52) Metaspace: 29721K(30208K)->29721K(30208K) NonClass: 24315K(24576K)->24315K(24576K) Class: 5406K(5632K)->5406K(5632K)
[330.759s][info][gc             ] GC(52) Pause Young (Normal) (G1 Evacuation Pause) 6136M->1917M(10240M) 152.025ms
[330.759s][info][gc,cpu         ] GC(52) User=1.20s Sys=0.00s Real=0.15s
.. (rIR:aIR:PR = 10393:10713:10708) (tPR = 163087) [OK] 
   331s:       rampup IR =  11548 ..[333.983s][info][gc,start       ] GC(53) Pause Young (Normal) (G1 Evacuation Pause)
[333.983s][info][gc,task        ] GC(53) Using 8 workers of 8 for evacuation
[334.139s][info][gc,phases      ] GC(53)   Pre Evacuate Collection Set: 0.27ms
[334.139s][info][gc,phases      ] GC(53)   Merge Heap Roots: 0.45ms
[334.139s][info][gc,phases      ] GC(53)   Evacuate Collection Set: 154.00ms
[334.139s][info][gc,phases      ] GC(53)   Post Evacuate Collection Set: 1.05ms
[334.139s][info][gc,phases      ] GC(53)   Other: 0.07ms
[334.139s][info][gc,heap        ] GC(53) Eden regions: 553->0(570)
[334.139s][info][gc,heap        ] GC(53) Survivor regions: 43->44(75)
[334.139s][info][gc,heap        ] GC(53) Old regions: 168->175
[334.139s][info][gc,heap        ] GC(53) Humongous regions: 34->34
[334.139s][info][gc,metaspace   ] GC(53) Metaspace: 29732K(30208K)->29732K(30208K) NonClass: 24325K(24576K)->24325K(24576K) Class: 5406K(5632K)->5406K(5632K)
[334.139s][info][gc             ] GC(53) Pause Young (Normal) (G1 Evacuation Pause) 6341M->1984M(10240M) 155.972ms
[334.139s][info][gc,cpu         ] GC(53) User=1.23s Sys=0.00s Real=0.16s
...[337.314s][info][gc,start       ] GC(54) Pause Young (Normal) (G1 Evacuation Pause)
[337.314s][info][gc,task        ] GC(54) Using 8 workers of 8 for evacuation
[337.468s][info][gc,phases      ] GC(54)   Pre Evacuate Collection Set: 0.27ms
[337.468s][info][gc,phases      ] GC(54)   Merge Heap Roots: 0.45ms
[337.468s][info][gc,phases      ] GC(54)   Evacuate Collection Set: 151.83ms
[337.468s][info][gc,phases      ] GC(54)   Post Evacuate Collection Set: 1.04ms
[337.468s][info][gc,phases      ] GC(54)   Other: 0.07ms
[337.468s][info][gc,heap        ] GC(54) Eden regions: 568->0(623)
[337.468s][info][gc,heap        ] GC(54) Survivor regions: 44->43(77)
[337.468s][info][gc,heap        ] GC(54) Old regions: 175->183
[337.468s][info][gc,heap        ] GC(54) Humongous regions: 34->34
[337.468s][info][gc,metaspace   ] GC(54) Metaspace: 29732K(30208K)->29732K(30208K) NonClass: 24325K(24576K)->24325K(24576K) Class: 5406K(5632K)->5406K(5632K)
[337.468s][info][gc             ] GC(54) Pause Young (Normal) (G1 Evacuation Pause) 6528M->2035M(10240M) 153.789ms
[337.468s][info][gc,cpu         ] GC(54) User=1.22s Sys=0.00s Real=0.16s
. (rIR:aIR:PR = 11548:11280:11125) (tPR = 161497) [OK] 
   337s:    snapshot, IR =  11548 ...[341.081s][info][gc,start       ] GC(55) Pause Young (Normal) (G1 Evacuation Pause)
[341.081s][info][gc,task        ] GC(55) Using 8 workers of 8 for evacuation
[341.236s][info][gc,phases      ] GC(55)   Pre Evacuate Collection Set: 0.30ms
[341.236s][info][gc,phases      ] GC(55)   Merge Heap Roots: 0.49ms
[341.236s][info][gc,phases      ] GC(55)   Evacuate Collection Set: 152.60ms
[341.236s][info][gc,phases      ] GC(55)   Post Evacuate Collection Set: 1.23ms
[341.236s][info][gc,phases      ] GC(55)   Other: 0.07ms
[341.236s][info][gc,heap        ] GC(55) Eden regions: 619->0(563)
[341.236s][info][gc,heap        ] GC(55) Survivor regions: 43->50(83)
[341.236s][info][gc,heap        ] GC(55) Old regions: 183->183
[341.236s][info][gc,heap        ] GC(55) Humongous regions: 34->34
[341.236s][info][gc,metaspace   ] GC(55) Metaspace: 29735K(30208K)->29735K(30208K) NonClass: 24329K(24576K)->24329K(24576K) Class: 5406K(5632K)->5406K(5632K)
[341.236s][info][gc             ] GC(55) Pause Young (Normal) (G1 Evacuation Pause) 6987M->2095M(10240M) 154.834ms
[341.236s][info][gc,cpu         ] GC(55) User=1.22s Sys=0.00s Real=0.16s
.|..[344.296s][info][gc,start       ] GC(56) Pause Young (Normal) (G1 Evacuation Pause)
[344.296s][info][gc,task        ] GC(56) Using 8 workers of 8 for evacuation
[344.466s][info][gc,phases      ] GC(56)   Pre Evacuate Collection Set: 0.28ms
[344.466s][info][gc,phases      ] GC(56)   Merge Heap Roots: 0.47ms
[344.466s][info][gc,phases      ] GC(56)   Evacuate Collection Set: 168.26ms
[344.466s][info][gc,phases      ] GC(56)   Post Evacuate Collection Set: 1.09ms
[344.466s][info][gc,phases      ] GC(56)   Other: 0.06ms
[344.466s][info][gc,heap        ] GC(56) Eden regions: 558->0(635)
[344.466s][info][gc,heap        ] GC(56) Survivor regions: 50->46(76)
[344.466s][info][gc,heap        ] GC(56) Old regions: 183->193
[344.466s][info][gc,heap        ] GC(56) Humongous regions: 34->34
[344.466s][info][gc,metaspace   ] GC(56) Metaspace: 29736K(30208K)->29736K(30208K) NonClass: 24329K(24576K)->24329K(24576K) Class: 5406K(5632K)->5406K(5632K)
[344.466s][info][gc             ] GC(56) Pause Young (Normal) (G1 Evacuation Pause) 6559M->2140M(10240M) 170.310ms
[344.466s][info][gc,cpu         ] GC(56) User=1.34s Sys=0.00s Real=0.17s
....[348.054s][info][gc,start       ] GC(57) Pause Young (Normal) (G1 Evacuation Pause)
[348.054s][info][gc,task        ] GC(57) Using 8 workers of 8 for evacuation
[348.216s][info][gc,phases      ] GC(57)   Pre Evacuate Collection Set: 0.27ms
[348.216s][info][gc,phases      ] GC(57)   Merge Heap Roots: 0.49ms
[348.216s][info][gc,phases      ] GC(57)   Evacuate Collection Set: 160.81ms
[348.216s][info][gc,phases      ] GC(57)   Post Evacuate Collection Set: 1.11ms
[348.216s][info][gc,phases      ] GC(57)   Other: 0.07ms
[348.216s][info][gc,heap        ] GC(57) Eden regions: 635->0(663)
[348.216s][info][gc,heap        ] GC(57) Survivor regions: 46->46(86)
[348.216s][info][gc,heap        ] GC(57) Old regions: 193->200
[348.216s][info][gc,heap        ] GC(57) Humongous regions: 34->34
[348.216s][info][gc,metaspace   ] GC(57) Metaspace: 29738K(30208K)->29738K(30208K) NonClass: 24331K(24576K)->24331K(24576K) Class: 5406K(5632K)->5406K(5632K)
[348.216s][info][gc             ] GC(57) Pause Young (Normal) (G1 Evacuation Pause) 7220M->2204M(10240M) 162.888ms
[348.217s][info][gc,cpu         ] GC(57) User=1.28s Sys=0.00s Real=0.17s
....[352.097s][info][gc,start       ] GC(58) Pause Young (Normal) (G1 Evacuation Pause)
[352.097s][info][gc,task        ] GC(58) Using 8 workers of 8 for evacuation
[352.261s][info][gc,phases      ] GC(58)   Pre Evacuate Collection Set: 0.30ms
[352.261s][info][gc,phases      ] GC(58)   Merge Heap Roots: 0.49ms
[352.261s][info][gc,phases      ] GC(58)   Evacuate Collection Set: 161.74ms
[352.261s][info][gc,phases      ] GC(58)   Post Evacuate Collection Set: 1.18ms
[352.261s][info][gc,phases      ] GC(58)   Other: 0.07ms
[352.261s][info][gc,heap        ] GC(58) Eden regions: 662->0(603)
[352.261s][info][gc,heap        ] GC(58) Survivor regions: 46->52(89)
[352.261s][info][gc,heap        ] GC(58) Old regions: 200->200
[352.261s][info][gc,heap        ] GC(58) Humongous regions: 34->34
[352.261s][info][gc,metaspace   ] GC(58) Metaspace: 29738K(30208K)->29738K(30208K) NonClass: 24331K(24576K)->24331K(24576K) Class: 5406K(5632K)->5406K(5632K)
[352.261s][info][gc             ] GC(58) Pause Young (Normal) (G1 Evacuation Pause) 7500M->2252M(10240M) 163.954ms
[352.261s][info][gc,cpu         ] GC(58) User=1.30s Sys=0.00s Real=0.16s
...[355.653s][info][gc,start       ] GC(59) Pause Young (Normal) (G1 Evacuation Pause)
[355.653s][info][gc,task        ] GC(59) Using 8 workers of 8 for evacuation
[355.821s][info][gc,phases      ] GC(59)   Pre Evacuate Collection Set: 0.29ms
[355.821s][info][gc,phases      ] GC(59)   Merge Heap Roots: 0.47ms
[355.822s][info][gc,phases      ] GC(59)   Evacuate Collection Set: 166.09ms
[355.822s][info][gc,phases      ] GC(59)   Post Evacuate Collection Set: 1.16ms
[355.822s][info][gc,phases      ] GC(59)   Other: 0.07ms
[355.822s][info][gc,heap        ] GC(59) Eden regions: 597->0(716)
[355.822s][info][gc,heap        ] GC(59) Survivor regions: 52->46(82)
[355.822s][info][gc,heap        ] GC(59) Old regions: 200->210
[355.822s][info][gc,heap        ] GC(59) Humongous regions: 34->34
[355.822s][info][gc,metaspace   ] GC(59) Metaspace: 29744K(30208K)->29744K(30208K) NonClass: 24337K(24576K)->24337K(24576K) Class: 5406K(5632K)->5406K(5632K)
[355.822s][info][gc             ] GC(59) Pause Young (Normal) (G1 Evacuation Pause) 7028M->2277M(10240M) 168.225ms
[355.822s][info][gc,cpu         ] GC(59) User=1.32s Sys=0.00s Real=0.17s
.....[359.893s][info][gc,start       ] GC(60) Pause Young (Normal) (G1 Evacuation Pause)
[359.893s][info][gc,task        ] GC(60) Using 8 workers of 8 for evacuation
[360.056s][info][gc,phases      ] GC(60)   Pre Evacuate Collection Set: 0.28ms
[360.056s][info][gc,phases      ] GC(60)   Merge Heap Roots: 0.54ms
[360.056s][info][gc,phases      ] GC(60)   Evacuate Collection Set: 160.53ms
[360.056s][info][gc,phases      ] GC(60)   Post Evacuate Collection Set: 1.22ms
[360.056s][info][gc,phases      ] GC(60)   Other: 0.07ms
[360.056s][info][gc,heap        ] GC(60) Eden regions: 716->0(660)
[360.056s][info][gc,heap        ] GC(60) Survivor regions: 46->52(96)
[360.056s][info][gc,heap        ] GC(60) Old regions: 210->210
[360.056s][info][gc,heap        ] GC(60) Humongous regions: 34->34
[360.056s][info][gc,metaspace   ] GC(60) Metaspace: 29744K(30208K)->29744K(30208K) NonClass: 24337K(24576K)->24337K(24576K) Class: 5406K(5632K)->5406K(5632K)
[360.056s][info][gc             ] GC(60) Pause Young (Normal) (G1 Evacuation Pause) 8005M->2325M(10240M) 162.778ms
[360.056s][info][gc,cpu         ] GC(60) User=1.28s Sys=0.01s Real=0.17s
....[363.855s][info][gc,start       ] GC(61) Pause Young (Normal) (G1 Evacuation Pause)
[363.855s][info][gc,task        ] GC(61) Using 8 workers of 8 for evacuation
[364.027s][info][gc,phases      ] GC(61)   Pre Evacuate Collection Set: 0.28ms
[364.027s][info][gc,phases      ] GC(61)   Merge Heap Roots: 0.53ms
[364.027s][info][gc,phases      ] GC(61)   Evacuate Collection Set: 170.36ms
[364.027s][info][gc,phases      ] GC(61)   Post Evacuate Collection Set: 1.13ms
[364.027s][info][gc,phases      ] GC(61)   Other: 0.07ms
[364.027s][info][gc,heap        ] GC(61) Eden regions: 653->0(659)
[364.027s][info][gc,heap        ] GC(61) Survivor regions: 52->53(89)
[364.027s][info][gc,heap        ] GC(61) Old regions: 210->213
[364.027s][info][gc,heap        ] GC(61) Humongous regions: 34->34
[364.027s][info][gc,metaspace   ] GC(61) Metaspace: 29744K(30208K)->29744K(30208K) NonClass: 24337K(24576K)->24337K(24576K) Class: 5406K(5632K)->5406K(5632K)
[364.027s][info][gc             ] GC(61) Pause Young (Normal) (G1 Evacuation Pause) 7549M->2359M(10240M) 172.496ms
[364.027s][info][gc,cpu         ] GC(61) User=1.36s Sys=0.00s Real=0.18s
...[367.686s][info][gc,start       ] GC(62) Pause Young (Normal) (G1 Evacuation Pause)
[367.686s][info][gc,task        ] GC(62) Using 8 workers of 8 for evacuation
[367.851s][info][gc,phases      ] GC(62)   Pre Evacuate Collection Set: 0.28ms
[367.852s][info][gc,phases      ] GC(62)   Merge Heap Roots: 0.53ms
[367.852s][info][gc,phases      ] GC(62)   Evacuate Collection Set: 163.13ms
[367.852s][info][gc,phases      ] GC(62)   Post Evacuate Collection Set: 1.14ms
[367.852s][info][gc,phases      ] GC(62)   Other: 0.08ms
[367.852s][info][gc,heap        ] GC(62) Eden regions: 653->0(723)
[367.852s][info][gc,heap        ] GC(62) Survivor regions: 53->45(89)
[367.852s][info][gc,heap        ] GC(62) Old regions: 213->222
[367.852s][info][gc,heap        ] GC(62) Humongous regions: 34->34
[367.852s][info][gc,metaspace   ] GC(62) Metaspace: 29744K(30208K)->29744K(30208K) NonClass: 24338K(24576K)->24338K(24576K) Class: 5406K(5632K)->5406K(5632K)
[367.852s][info][gc             ] GC(62) Pause Young (Normal) (G1 Evacuation Pause) 7583M->2370M(10240M) 165.291ms
[367.852s][info][gc,cpu         ] GC(62) User=1.30s Sys=0.00s Real=0.16s
..... (rIR:aIR:PR = 11548:11582:11628) (tPR = 172720) [OK] 
   371s: Performing snapshot: (quiescence.....) (stop TxI) (stop BE) (saving... [377.204s][info][gc,start       ] GC(63) Pause Young (Normal) (G1 Evacuation Pause)
[377.204s][info][gc,task        ] GC(63) Using 8 workers of 8 for evacuation
[377.381s][info][gc,phases      ] GC(63)   Pre Evacuate Collection Set: 0.24ms
[377.381s][info][gc,phases      ] GC(63)   Merge Heap Roots: 0.69ms
[377.381s][info][gc,phases      ] GC(63)   Evacuate Collection Set: 174.83ms
[377.381s][info][gc,phases      ] GC(63)   Post Evacuate Collection Set: 1.24ms
[377.381s][info][gc,phases      ] GC(63)   Other: 0.08ms
[377.381s][info][gc,heap        ] GC(63) Eden regions: 723->0(609)
[377.381s][info][gc,heap        ] GC(63) Survivor regions: 45->57(96)
[377.381s][info][gc,heap        ] GC(63) Old regions: 222->222
[377.381s][info][gc,heap        ] GC(63) Humongous regions: 56->47
[377.381s][info][gc,metaspace   ] GC(63) Metaspace: 29752K(30208K)->29752K(30208K) NonClass: 24346K(24576K)->24346K(24576K) Class: 5406K(5632K)->5406K(5632K)
[377.381s][info][gc             ] GC(63) Pause Young (Normal) (G1 Evacuation Pause) 8330M->2566M(10240M) 177.216ms
[377.381s][info][gc,cpu         ] GC(63) User=1.39s Sys=0.00s Real=0.18s
226111 Kb) (term) [381.690s][info][gc,start       ] GC(64) Pause Full (System.gc())
[381.690s][info][gc,task        ] GC(64) Using 8 workers of 8 for full compaction
[381.691s][info][gc,phases,start] GC(64) Phase 1: Mark live objects
[381.708s][info][gc,phases      ] GC(64) Phase 1: Mark live objects 17.803ms
[381.708s][info][gc,phases,start] GC(64) Phase 2: Prepare compaction
[381.712s][info][gc,phases      ] GC(64) Phase 2: Prepare compaction 3.579ms
[381.712s][info][gc,phases,start] GC(64) Phase 3: Adjust pointers
[381.720s][info][gc,phases      ] GC(64) Phase 3: Adjust pointers 8.337ms
[381.720s][info][gc,phases,start] GC(64) Phase 4: Compact heap
[381.724s][info][gc,phases      ] GC(64) Phase 4: Compact heap 3.462ms
[381.724s][info][gc,phases,start] GC(64) Phase 5: Reset Metadata
[381.728s][info][gc,phases      ] GC(64) Phase 5: Reset Metadata 4.311ms
[381.740s][info][gc,heap        ] GC(64) Eden regions: 44->0(768)
[381.740s][info][gc,heap        ] GC(64) Survivor regions: 57->0(96)
[381.740s][info][gc,heap        ] GC(64) Old regions: 222->14
[381.740s][info][gc,heap        ] GC(64) Humongous regions: 186->33
[381.740s][info][gc,metaspace   ] GC(64) Metaspace: 29753K(30208K)->29753K(30208K) NonClass: 24346K(24576K)->24346K(24576K) Class: 5406K(5632K)->5406K(5632K)
[381.740s][info][gc             ] GC(64) Pause Full (System.gc()) 4024M->333M(10240M) 49.492ms
[381.740s][info][gc,cpu         ] GC(64) User=0.32s Sys=0.01s Real=0.05s
(init) ...
   386s:       rampup IR =      0 ... (rIR:aIR:PR = 0:0:0) (tPR = 0) [OK] 
   389s:       rampup IR =   1155 .... (rIR:aIR:PR = 1155:1150:1150) (tPR = 17269) [OK] 
   393s:       rampup IR =   2310 .... (rIR:aIR:PR = 2310:2326:2326) (tPR = 35005) [OK] 
   397s:       rampup IR =   3464 .[399.797s][info][gc,start       ] GC(65) Pause Young (Normal) (G1 Evacuation Pause)
[399.797s][info][gc,task        ] GC(65) Using 8 workers of 8 for evacuation
[400.548s][info][gc,mmu         ] GC(65) MMU target violated: 201.0ms (200.0ms/201.0ms)
[400.548s][info][gc,phases      ] GC(65)   Pre Evacuate Collection Set: 0.27ms
[400.548s][info][gc,phases      ] GC(65)   Merge Heap Roots: 0.89ms
[400.548s][info][gc,phases      ] GC(65)   Evacuate Collection Set: 748.40ms
[400.548s][info][gc,phases      ] GC(65)   Post Evacuate Collection Set: 1.64ms
[400.548s][info][gc,phases      ] GC(65)   Other: 0.11ms
[400.548s][info][gc,heap        ] GC(65) Eden regions: 768->0(366)
[400.548s][info][gc,heap        ] GC(65) Survivor regions: 0->96(96)
[400.548s][info][gc,heap        ] GC(65) Old regions: 14->68
[400.548s][info][gc,heap        ] GC(65) Humongous regions: 86->81
[400.548s][info][gc,metaspace   ] GC(65) Metaspace: 29813K(30336K)->29813K(30336K) NonClass: 24404K(24704K)->24404K(24704K) Class: 5408K(5632K)->5408K(5632K)
[400.548s][info][gc             ] GC(65) Pause Young (Normal) (G1 Evacuation Pause) 6901M->1913M(10240M) 751.421ms
[400.548s][info][gc,cpu         ] GC(65) User=5.93s Sys=0.00s Real=0.75s
.... (rIR:aIR:PR = 3464:3444:3444) (tPR = 51827) [OK] 
   403s:       rampup IR =   4619 ..[405.976s][info][gc,start       ] GC(66) Pause Young (Normal) (G1 Evacuation Pause)
[405.976s][info][gc,task        ] GC(66) Using 8 workers of 8 for evacuation
[406.396s][info][gc,mmu         ] GC(66) MMU target violated: 201.0ms (200.0ms/201.0ms)
[406.396s][info][gc,phases      ] GC(66)   Pre Evacuate Collection Set: 0.28ms
[406.396s][info][gc,phases      ] GC(66)   Merge Heap Roots: 0.80ms
[406.396s][info][gc,phases      ] GC(66)   Evacuate Collection Set: 418.45ms
[406.396s][info][gc,phases      ] GC(66)   Post Evacuate Collection Set: 0.81ms
[406.396s][info][gc,phases      ] GC(66)   Other: 0.10ms
[406.396s][info][gc,heap        ] GC(66) Eden regions: 360->0(238)
[406.396s][info][gc,heap        ] GC(66) Survivor regions: 96->23(57)
[406.396s][info][gc,heap        ] GC(66) Old regions: 68->162
[406.396s][info][gc,heap        ] GC(66) Humongous regions: 81->81
[406.396s][info][gc,metaspace   ] GC(66) Metaspace: 29814K(30336K)->29814K(30336K) NonClass: 24406K(24704K)->24406K(24704K) Class: 5408K(5632K)->5408K(5632K)
[406.396s][info][gc             ] GC(66) Pause Young (Normal) (G1 Evacuation Pause) 4793M->2077M(10240M) 420.541ms
[406.396s][info][gc,cpu         ] GC(66) User=3.30s Sys=0.01s Real=0.42s
.... (rIR:aIR:PR = 4619:4618:4618) (tPR = 67635) [OK] 
   409s:       rampup IR =   5774 [410.558s][info][gc,start       ] GC(67) Pause Young (Normal) (G1 Evacuation Pause)
[410.558s][info][gc,task        ] GC(67) Using 8 workers of 8 for evacuation
[410.664s][info][gc,phases      ] GC(67)   Pre Evacuate Collection Set: 0.29ms
[410.664s][info][gc,phases      ] GC(67)   Merge Heap Roots: 0.48ms
[410.664s][info][gc,phases      ] GC(67)   Evacuate Collection Set: 103.40ms
[410.664s][info][gc,phases      ] GC(67)   Post Evacuate Collection Set: 0.88ms
[410.664s][info][gc,phases      ] GC(67)   Other: 0.06ms
[410.664s][info][gc,heap        ] GC(67) Eden regions: 321->0(159)
[410.664s][info][gc,heap        ] GC(67) Survivor regions: 23->34(43)
[410.664s][info][gc,heap        ] GC(67) Old regions: 162->162
[410.664s][info][gc,heap        ] GC(67) Humongous regions: 81->81
[410.664s][info][gc,metaspace   ] GC(67) Metaspace: 29814K(30336K)->29814K(30336K) NonClass: 24406K(24704K)->24406K(24704K) Class: 5408K(5632K)->5408K(5632K)
[410.664s][info][gc             ] GC(67) Pause Young (Normal) (G1 Evacuation Pause) 4645M->2165M(10240M) 105.236ms
[410.664s][info][gc,cpu         ] GC(67) User=0.83s Sys=0.00s Real=0.10s
...[413.182s][info][gc,start       ] GC(68) Pause Young (Normal) (G1 Evacuation Pause)
[413.182s][info][gc,task        ] GC(68) Using 8 workers of 8 for evacuation
[413.304s][info][gc,phases      ] GC(68)   Pre Evacuate Collection Set: 0.27ms
[413.304s][info][gc,phases      ] GC(68)   Merge Heap Roots: 0.41ms
[413.304s][info][gc,phases      ] GC(68)   Evacuate Collection Set: 119.94ms
[413.304s][info][gc,phases      ] GC(68)   Post Evacuate Collection Set: 0.64ms
[413.304s][info][gc,phases      ] GC(68)   Other: 0.05ms
[413.304s][info][gc,heap        ] GC(68) Eden regions: 228->0(374)
[413.304s][info][gc,heap        ] GC(68) Survivor regions: 34->18(33)
[413.304s][info][gc,heap        ] GC(68) Old regions: 162->187
[413.304s][info][gc,heap        ] GC(68) Humongous regions: 81->81
[413.304s][info][gc,metaspace   ] GC(68) Metaspace: 29815K(30336K)->29815K(30336K) NonClass: 24406K(24704K)->24406K(24704K) Class: 5408K(5632K)->5408K(5632K)
[413.304s][info][gc             ] GC(68) Pause Young (Normal) (G1 Evacuation Pause) 3989M->2237M(10240M) 121.456ms
[413.304s][info][gc,cpu         ] GC(68) User=0.96s Sys=0.00s Real=0.12s
.. (rIR:aIR:PR = 5774:5933:5932) (tPR = 85889) [OK] 
   414s:       rampup IR =   6929 ..[417.481s][info][gc,start       ] GC(69) Pause Young (Normal) (G1 Evacuation Pause)
[417.481s][info][gc,task        ] GC(69) Using 8 workers of 8 for evacuation
[417.583s][info][gc,phases      ] GC(69)   Pre Evacuate Collection Set: 0.29ms
[417.584s][info][gc,phases      ] GC(69)   Merge Heap Roots: 0.53ms
[417.584s][info][gc,phases      ] GC(69)   Evacuate Collection Set: 100.98ms
[417.584s][info][gc,phases      ] GC(69)   Post Evacuate Collection Set: 0.89ms
[417.584s][info][gc,phases      ] GC(69)   Other: 0.07ms
[417.584s][info][gc,heap        ] GC(69) Eden regions: 405->0(329)
[417.584s][info][gc,heap        ] GC(69) Survivor regions: 18->33(53)
[417.584s][info][gc,heap        ] GC(69) Old regions: 187->187
[417.584s][info][gc,heap        ] GC(69) Humongous regions: 81->81
[417.584s][info][gc,metaspace   ] GC(69) Metaspace: 29817K(30336K)->29817K(30336K) NonClass: 24408K(24704K)->24408K(24704K) Class: 5408K(5632K)->5408K(5632K)
[417.584s][info][gc             ] GC(69) Pause Young (Normal) (G1 Evacuation Pause) 5477M->2357M(10240M) 102.902ms
[417.584s][info][gc,cpu         ] GC(69) User=0.81s Sys=0.00s Real=0.10s
.. (rIR:aIR:PR = 6929:7003:7007) (tPR = 102158) [OK] 
   418s:       rampup IR =   8084 .[420.537s][info][gc,start       ] GC(70) Pause Young (Normal) (G1 Evacuation Pause)
[420.537s][info][gc,task        ] GC(70) Using 8 workers of 8 for evacuation
[420.663s][info][gc,phases      ] GC(70)   Pre Evacuate Collection Set: 0.32ms
[420.663s][info][gc,phases      ] GC(70)   Merge Heap Roots: 0.52ms
[420.663s][info][gc,phases      ] GC(70)   Evacuate Collection Set: 123.55ms
[420.663s][info][gc,phases      ] GC(70)   Post Evacuate Collection Set: 0.90ms
[420.663s][info][gc,phases      ] GC(70)   Other: 0.07ms
[420.663s][info][gc,heap        ] GC(70) Eden regions: 340->0(366)
[420.663s][info][gc,heap        ] GC(70) Survivor regions: 33->36(47)
[420.663s][info][gc,heap        ] GC(70) Old regions: 187->193
[420.663s][info][gc,heap        ] GC(70) Humongous regions: 81->81
[420.663s][info][gc,metaspace   ] GC(70) Metaspace: 29817K(30336K)->29817K(30336K) NonClass: 24408K(24704K)->24408K(24704K) Class: 5408K(5632K)->5408K(5632K)
[420.663s][info][gc             ] GC(70) Pause Young (Normal) (G1 Evacuation Pause) 5077M->2427M(10240M) 125.478ms
[420.663s][info][gc,cpu         ] GC(70) User=0.99s Sys=0.00s Real=0.12s
.... (rIR:aIR:PR = 8084:8029:8029) (tPR = 121170) [OK] 
   423s:       rampup IR =   9238 [423.738s][info][gc,start       ] GC(71) Pause Young (Normal) (G1 Evacuation Pause)
[423.738s][info][gc,task        ] GC(71) Using 8 workers of 8 for evacuation
[423.871s][info][gc,phases      ] GC(71)   Pre Evacuate Collection Set: 0.28ms
[423.871s][info][gc,phases      ] GC(71)   Merge Heap Roots: 0.44ms
[423.871s][info][gc,phases      ] GC(71)   Evacuate Collection Set: 130.84ms
[423.871s][info][gc,phases      ] GC(71)   Post Evacuate Collection Set: 0.93ms
[423.871s][info][gc,phases      ] GC(71)   Other: 0.06ms
[423.871s][info][gc,heap        ] GC(71) Eden regions: 373->0(442)
[423.871s][info][gc,heap        ] GC(71) Survivor regions: 36->35(52)
[423.871s][info][gc,heap        ] GC(71) Old regions: 193->202
[423.871s][info][gc,heap        ] GC(71) Humongous regions: 81->81
[423.871s][info][gc,metaspace   ] GC(71) Metaspace: 29818K(30336K)->29818K(30336K) NonClass: 24410K(24704K)->24410K(24704K) Class: 5408K(5632K)->5408K(5632K)
[423.871s][info][gc             ] GC(71) Pause Young (Normal) (G1 Evacuation Pause) 5411M->2496M(10240M) 132.702ms
[423.871s][info][gc,cpu         ] GC(71) User=1.04s Sys=0.00s Real=0.13s
...[427.117s][info][gc,start       ] GC(72) Pause Young (Normal) (G1 Evacuation Pause)
[427.117s][info][gc,task        ] GC(72) Using 8 workers of 8 for evacuation
[427.262s][info][gc,phases      ] GC(72)   Pre Evacuate Collection Set: 0.29ms
[427.262s][info][gc,phases      ] GC(72)   Merge Heap Roots: 0.56ms
[427.262s][info][gc,phases      ] GC(72)   Evacuate Collection Set: 142.53ms
[427.262s][info][gc,phases      ] GC(72)   Post Evacuate Collection Set: 0.90ms
[427.262s][info][gc,phases      ] GC(72)   Other: 0.06ms
[427.262s][info][gc,heap        ] GC(72) Eden regions: 452->0(445)
[427.262s][info][gc,heap        ] GC(72) Survivor regions: 35->39(61)
[427.262s][info][gc,heap        ] GC(72) Old regions: 202->209
[427.262s][info][gc,heap        ] GC(72) Humongous regions: 81->81
[427.262s][info][gc,metaspace   ] GC(72) Metaspace: 29819K(30336K)->29819K(30336K) NonClass: 24411K(24704K)->24411K(24704K) Class: 5408K(5632K)->5408K(5632K)
[427.262s][info][gc             ] GC(72) Pause Young (Normal) (G1 Evacuation Pause) 6112M->2581M(10240M) 144.470ms
[427.262s][info][gc,cpu         ] GC(72) User=1.12s Sys=0.00s Real=0.14s
. (rIR:aIR:PR = 9238:9305:9282) (tPR = 137043) [OK] 
   427s:       rampup IR =  10393 ..[430.123s][info][gc,start       ] GC(73) Pause Young (Normal) (G1 Evacuation Pause)
[430.123s][info][gc,task        ] GC(73) Using 8 workers of 8 for evacuation
[430.267s][info][gc,phases      ] GC(73)   Pre Evacuate Collection Set: 0.27ms
[430.267s][info][gc,phases      ] GC(73)   Merge Heap Roots: 0.50ms
[430.267s][info][gc,phases      ] GC(73)   Evacuate Collection Set: 142.54ms
[430.267s][info][gc,phases      ] GC(73)   Post Evacuate Collection Set: 0.91ms
[430.267s][info][gc,phases      ] GC(73)   Other: 0.06ms
[430.267s][info][gc,heap        ] GC(73) Eden regions: 451->0(482)
[430.267s][info][gc,heap        ] GC(73) Survivor regions: 39->40(62)
[430.267s][info][gc,heap        ] GC(73) Old regions: 209->216
[430.267s][info][gc,heap        ] GC(73) Humongous regions: 81->81
[430.267s][info][gc,metaspace   ] GC(73) Metaspace: 29820K(30336K)->29820K(30336K) NonClass: 24411K(24704K)->24411K(24704K) Class: 5408K(5632K)->5408K(5632K)
[430.267s][info][gc             ] GC(73) Pause Young (Normal) (G1 Evacuation Pause) 6189M->2651M(10240M) 144.416ms
[430.267s][info][gc,cpu         ] GC(73) User=1.14s Sys=0.00s Real=0.15s
.. (rIR:aIR:PR = 10393:10589:10612) (tPR = 170173) [OK] 
   431s:       rampup IR =  11548 .[433.185s][info][gc,start       ] GC(74) Pause Young (Normal) (G1 Evacuation Pause)
[433.185s][info][gc,task        ] GC(74) Using 8 workers of 8 for evacuation
[433.334s][info][gc,phases      ] GC(74)   Pre Evacuate Collection Set: 0.30ms
[433.334s][info][gc,phases      ] GC(74)   Merge Heap Roots: 0.50ms
[433.334s][info][gc,phases      ] GC(74)   Evacuate Collection Set: 146.69ms
[433.334s][info][gc,phases      ] GC(74)   Post Evacuate Collection Set: 1.00ms
[433.334s][info][gc,phases      ] GC(74)   Other: 0.06ms
[433.334s][info][gc,heap        ] GC(74) Eden regions: 482->0(519)
[433.334s][info][gc,heap        ] GC(74) Survivor regions: 40->41(66)
[433.334s][info][gc,heap        ] GC(74) Old regions: 216->224
[433.334s][info][gc,heap        ] GC(74) Humongous regions: 81->81
[433.334s][info][gc,metaspace   ] GC(74) Metaspace: 29827K(30336K)->29827K(30336K) NonClass: 24418K(24704K)->24418K(24704K) Class: 5408K(5632K)->5408K(5632K)
[433.334s][info][gc             ] GC(74) Pause Young (Normal) (G1 Evacuation Pause) 6507M->2721M(10240M) 148.703ms
[433.334s][info][gc,cpu         ] GC(74) User=1.17s Sys=0.00s Real=0.15s
...[436.280s][info][gc,start       ] GC(75) Pause Young (Normal) (G1 Evacuation Pause)
[436.280s][info][gc,task        ] GC(75) Using 8 workers of 8 for evacuation
[436.428s][info][gc,phases      ] GC(75)   Pre Evacuate Collection Set: 0.28ms
[436.428s][info][gc,phases      ] GC(75)   Merge Heap Roots: 0.50ms
[436.428s][info][gc,phases      ] GC(75)   Evacuate Collection Set: 146.08ms
[436.428s][info][gc,phases      ] GC(75)   Post Evacuate Collection Set: 1.00ms
[436.428s][info][gc,phases      ] GC(75)   Other: 0.06ms
[436.428s][info][gc,heap        ] GC(75) Eden regions: 517->0(557)
[436.428s][info][gc,heap        ] GC(75) Survivor regions: 41->42(70)
[436.428s][info][gc,heap        ] GC(75) Old regions: 224->232
[436.428s][info][gc,heap        ] GC(75) Humongous regions: 81->81
[436.428s][info][gc,metaspace   ] GC(75) Metaspace: 29837K(30336K)->29837K(30336K) NonClass: 24429K(24704K)->24429K(24704K) Class: 5408K(5632K)->5408K(5632K)
[436.428s][info][gc             ] GC(75) Pause Young (Normal) (G1 Evacuation Pause) 6857M->2790M(10240M) 148.054ms
[436.428s][info][gc,cpu         ] GC(75) User=1.17s Sys=0.00s Real=0.15s
. (rIR:aIR:PR = 11548:11294:11022) (tPR = 167746) [OK] 
   436s:       trying IR =  11648 ..[439.503s][info][gc,start       ] GC(76) Pause Young (Normal) (G1 Evacuation Pause)
[439.503s][info][gc,task        ] GC(76) Using 8 workers of 8 for evacuation
[439.656s][info][gc,phases      ] GC(76)   Pre Evacuate Collection Set: 0.27ms
[439.656s][info][gc,phases      ] GC(76)   Merge Heap Roots: 0.54ms
[439.656s][info][gc,phases      ] GC(76)   Evacuate Collection Set: 150.55ms
[439.656s][info][gc,phases      ] GC(76)   Post Evacuate Collection Set: 1.17ms
[439.656s][info][gc,phases      ] GC(76)   Other: 0.07ms
[439.656s][info][gc,heap        ] GC(76) Eden regions: 553->0(589)
[439.656s][info][gc,heap        ] GC(76) Survivor regions: 42->43(75)
[439.656s][info][gc,heap        ] GC(76) Old regions: 232->238
[439.656s][info][gc,heap        ] GC(76) Humongous regions: 81->81
[439.656s][info][gc,metaspace   ] GC(76) Metaspace: 29839K(30336K)->29839K(30336K) NonClass: 24430K(24704K)->24430K(24704K) Class: 5408K(5632K)->5408K(5632K)
[439.656s][info][gc             ] GC(76) Pause Young (Normal) (G1 Evacuation Pause) 7214M->2853M(10240M) 152.721ms
[439.656s][info][gc,cpu         ] GC(76) User=1.20s Sys=0.01s Real=0.16s
.... (rIR:aIR:PR = 11648:11451:11428) (tPR = 166024) [OK] 
   442s:       trying IR =  11668 [443.052s][info][gc,start       ] GC(77) Pause Young (Normal) (G1 Evacuation Pause)
[443.052s][info][gc,task        ] GC(77) Using 8 workers of 8 for evacuation
[443.209s][info][gc,phases      ] GC(77)   Pre Evacuate Collection Set: 0.29ms
[443.209s][info][gc,phases      ] GC(77)   Merge Heap Roots: 0.56ms
[443.209s][info][gc,phases      ] GC(77)   Evacuate Collection Set: 154.79ms
[443.209s][info][gc,phases      ] GC(77)   Post Evacuate Collection Set: 1.12ms
[443.209s][info][gc,phases      ] GC(77)   Other: 0.06ms
[443.209s][info][gc,heap        ] GC(77) Eden regions: 584->0(617)
[443.209s][info][gc,heap        ] GC(77) Survivor regions: 43->44(79)
[443.209s][info][gc,heap        ] GC(77) Old regions: 238->245
[443.209s][info][gc,heap        ] GC(77) Humongous regions: 81->81
[443.209s][info][gc,metaspace   ] GC(77) Metaspace: 29839K(30336K)->29839K(30336K) NonClass: 24430K(24704K)->24430K(24704K) Class: 5408K(5632K)->5408K(5632K)
[443.209s][info][gc             ] GC(77) Pause Young (Normal) (G1 Evacuation Pause) 7525M->2914M(10240M) 156.960ms
[443.209s][info][gc,cpu         ] GC(77) User=1.24s Sys=0.00s Real=0.16s
...[446.665s][info][gc,start       ] GC(78) Pause Young (Normal) (G1 Evacuation Pause)
[446.665s][info][gc,task        ] GC(78) Using 8 workers of 8 for evacuation
[446.823s][info][gc,phases      ] GC(78)   Pre Evacuate Collection Set: 0.30ms
[446.823s][info][gc,phases      ] GC(78)   Merge Heap Roots: 0.53ms
[446.823s][info][gc,phases      ] GC(78)   Evacuate Collection Set: 155.84ms
[446.823s][info][gc,phases      ] GC(78)   Post Evacuate Collection Set: 1.09ms
[446.823s][info][gc,phases      ] GC(78)   Other: 0.07ms
[446.823s][info][gc,heap        ] GC(78) Eden regions: 611->0(661)
[446.823s][info][gc,heap        ] GC(78) Survivor regions: 44->44(82)
[446.823s][info][gc,heap        ] GC(78) Old regions: 245->252
[446.823s][info][gc,heap        ] GC(78) Humongous regions: 81->81
[446.823s][info][gc,metaspace   ] GC(78) Metaspace: 29839K(30336K)->29839K(30336K) NonClass: 24430K(24704K)->24430K(24704K) Class: 5408K(5632K)->5408K(5632K)
[446.823s][info][gc             ] GC(78) Pause Young (Normal) (G1 Evacuation Pause) 7802M->2962M(10240M) 157.977ms
[446.823s][info][gc,cpu         ] GC(78) User=1.24s Sys=0.00s Real=0.16s
... (rIR:aIR:PR = 11668:11697:12036) (tPR = 178196) [OK] 
   448s:       trying IR =  11692 .[450.603s][info][gc,start       ] GC(79) Pause Young (Normal) (G1 Evacuation Pause)
[450.603s][info][gc,task        ] GC(79) Using 8 workers of 8 for evacuation
[450.765s][info][gc,phases      ] GC(79)   Pre Evacuate Collection Set: 0.30ms
[450.765s][info][gc,phases      ] GC(79)   Merge Heap Roots: 0.56ms
[450.765s][info][gc,phases      ] GC(79)   Evacuate Collection Set: 158.91ms
[450.765s][info][gc,phases      ] GC(79)   Post Evacuate Collection Set: 1.35ms
[450.765s][info][gc,phases      ] GC(79)   Other: 0.07ms
[450.765s][info][gc,heap        ] GC(79) Eden regions: 655->0(596)
[450.765s][info][gc,heap        ] GC(79) Survivor regions: 44->51(88)
[450.765s][info][gc,heap        ] GC(79) Old regions: 252->252
[450.765s][info][gc,heap        ] GC(79) Humongous regions: 81->81
[450.765s][info][gc,metaspace   ] GC(79) Metaspace: 29839K(30336K)->29839K(30336K) NonClass: 24430K(24704K)->24430K(24704K) Class: 5408K(5632K)->5408K(5632K)
[450.765s][info][gc             ] GC(79) Pause Young (Normal) (G1 Evacuation Pause) 8202M->3022M(10240M) 161.316ms
[450.765s][info][gc,cpu         ] GC(79) User=1.27s Sys=0.01s Real=0.16s
.... (rIR:aIR:PR = 11692:11601:11452) (tPR = 164271) [OK] 
   453s:       trying IR =  11721 [454.063s][info][gc,start       ] GC(80) Pause Young (Normal) (G1 Evacuation Pause)
[454.063s][info][gc,task        ] GC(80) Using 8 workers of 8 for evacuation
[454.236s][info][gc,phases      ] GC(80)   Pre Evacuate Collection Set: 0.28ms
[454.236s][info][gc,phases      ] GC(80)   Merge Heap Roots: 0.55ms
[454.236s][info][gc,phases      ] GC(80)   Evacuate Collection Set: 170.27ms
[454.236s][info][gc,phases      ] GC(80)   Post Evacuate Collection Set: 1.25ms
[454.236s][info][gc,phases      ] GC(80)   Other: 0.06ms
[454.236s][info][gc,heap        ] GC(80) Eden regions: 585->0(679)
[454.236s][info][gc,heap        ] GC(80) Survivor regions: 51->46(80)
[454.236s][info][gc,heap        ] GC(80) Old regions: 252->261
[454.236s][info][gc,heap        ] GC(80) Humongous regions: 81->81
[454.236s][info][gc,metaspace   ] GC(80) Metaspace: 29843K(30336K)->29843K(30336K) NonClass: 24434K(24704K)->24434K(24704K) Class: 5408K(5632K)->5408K(5632K)
[454.236s][info][gc             ] GC(80) Pause Young (Normal) (G1 Evacuation Pause) 7702M->3058M(10240M) 172.542ms
[454.236s][info][gc,cpu         ] GC(80) User=1.36s Sys=0.00s Real=0.18s
....[458.056s][info][gc,start       ] GC(81) Pause Young (Normal) (G1 Evacuation Pause)
[458.056s][info][gc,task        ] GC(81) Using 8 workers of 8 for evacuation
[458.224s][info][gc,phases      ] GC(81)   Pre Evacuate Collection Set: 0.30ms
[458.224s][info][gc,phases      ] GC(81)   Merge Heap Roots: 0.57ms
[458.224s][info][gc,phases      ] GC(81)   Evacuate Collection Set: 165.51ms
[458.224s][info][gc,phases      ] GC(81)   Post Evacuate Collection Set: 1.26ms
[458.224s][info][gc,phases      ] GC(81)   Other: 0.06ms
[458.224s][info][gc,heap        ] GC(81) Eden regions: 676->0(599)
[458.224s][info][gc,heap        ] GC(81) Survivor regions: 46->53(91)
[458.224s][info][gc,heap        ] GC(81) Old regions: 261->261
[458.224s][info][gc,heap        ] GC(81) Humongous regions: 81->81
[458.224s][info][gc,metaspace   ] GC(81) Metaspace: 29844K(30336K)->29844K(30336K) NonClass: 24435K(24704K)->24435K(24704K) Class: 5408K(5632K)->5408K(5632K)
[458.224s][info][gc             ] GC(81) Pause Young (Normal) (G1 Evacuation Pause) 8466M->3114M(10240M) 167.849ms
[458.224s][info][gc,cpu         ] GC(81) User=1.32s Sys=0.00s Real=0.16s
. (rIR:aIR:PR = 11721:11703:11655) (tPR = 173987) [OK] 
   458s:       trying IR =  11755 ..[461.448s][info][gc,start       ] GC(82) Pause Young (Normal) (G1 Evacuation Pause)
[461.448s][info][gc,task        ] GC(82) Using 8 workers of 8 for evacuation
[461.620s][info][gc,phases      ] GC(82)   Pre Evacuate Collection Set: 0.29ms
[461.620s][info][gc,phases      ] GC(82)   Merge Heap Roots: 0.56ms
[461.620s][info][gc,phases      ] GC(82)   Evacuate Collection Set: 170.16ms
[461.620s][info][gc,phases      ] GC(82)   Post Evacuate Collection Set: 1.16ms
[461.620s][info][gc,phases      ] GC(82)   Other: 0.06ms
[461.620s][info][gc,heap        ] GC(82) Eden regions: 592->0(722)
[461.620s][info][gc,heap        ] GC(82) Survivor regions: 53->46(81)
[461.620s][info][gc,heap        ] GC(82) Old regions: 261->271
[461.620s][info][gc,heap        ] GC(82) Humongous regions: 81->81
[461.620s][info][gc,metaspace   ] GC(82) Metaspace: 29845K(30336K)->29845K(30336K) NonClass: 24436K(24704K)->24436K(24704K) Class: 5408K(5632K)->5408K(5632K)
[461.620s][info][gc             ] GC(82) Pause Young (Normal) (G1 Evacuation Pause) 7850M->3135M(10240M) 172.357ms
[461.621s][info][gc,cpu         ] GC(82) User=1.35s Sys=0.00s Real=0.17s
... (rIR:aIR:PR = 11755:11880:11959) (tPR = 180348) [OK] 
   463s:       trying IR =  11797 .[465.773s][info][gc,start       ] GC(83) Pause Young (Normal) (G1 Evacuation Pause)
[465.773s][info][gc,task        ] GC(83) Using 8 workers of 8 for evacuation
[465.943s][info][gc,phases      ] GC(83)   Pre Evacuate Collection Set: 0.29ms
[465.943s][info][gc,phases      ] GC(83)   Merge Heap Roots: 0.67ms
[465.943s][info][gc,phases      ] GC(83)   Evacuate Collection Set: 167.56ms
[465.943s][info][gc,phases      ] GC(83)   Post Evacuate Collection Set: 1.32ms
[465.943s][info][gc,phases      ] GC(83)   Other: 0.07ms
[465.943s][info][gc,heap        ] GC(83) Eden regions: 722->0(625)
[465.943s][info][gc,heap        ] GC(83) Survivor regions: 46->53(96)
[465.943s][info][gc,heap        ] GC(83) Old regions: 271->271
[465.943s][info][gc,heap        ] GC(83) Humongous regions: 81->81
[465.943s][info][gc,metaspace   ] GC(83) Metaspace: 29848K(30336K)->29848K(30336K) NonClass: 24439K(24704K)->24439K(24704K) Class: 5408K(5632K)->5408K(5632K)
[465.943s][info][gc             ] GC(83) Pause Young (Normal) (G1 Evacuation Pause) 8911M->3187M(10240M) 170.037ms
[465.943s][info][gc,cpu         ] GC(83) User=1.34s Sys=0.00s Real=0.17s
.... (rIR:aIR:PR = 11797:12037:11934) (tPR = 172672) [OK] 
   468s:       trying IR =  11847 [469.291s][info][gc,start       ] GC(84) Pause Young (Normal) (G1 Evacuation Pause)
[469.291s][info][gc,task        ] GC(84) Using 8 workers of 8 for evacuation
[469.471s][info][gc,phases      ] GC(84)   Pre Evacuate Collection Set: 0.28ms
[469.471s][info][gc,phases      ] GC(84)   Merge Heap Roots: 0.60ms
[469.471s][info][gc,phases      ] GC(84)   Evacuate Collection Set: 178.22ms
[469.471s][info][gc,phases      ] GC(84)   Post Evacuate Collection Set: 1.27ms
[469.471s][info][gc,phases      ] GC(84)   Other: 0.07ms
[469.471s][info][gc,heap        ] GC(84) Eden regions: 618->0(685)
[469.471s][info][gc,heap        ] GC(84) Survivor regions: 53->49(84)
[469.471s][info][gc,heap        ] GC(84) Old regions: 271->279
[469.471s][info][gc,heap        ] GC(84) Humongous regions: 81->81
[469.471s][info][gc,metaspace   ] GC(84) Metaspace: 29848K(30336K)->29848K(30336K) NonClass: 24439K(24704K)->24439K(24704K) Class: 5408K(5632K)->5408K(5632K)
[469.471s][info][gc             ] GC(84) Pause Young (Normal) (G1 Evacuation Pause) 8131M->3227M(10240M) 180.578ms
[469.472s][info][gc,cpu         ] GC(84) User=1.43s Sys=0.00s Real=0.18s
....[473.403s][info][gc,start       ] GC(85) Pause Young (Normal) (G1 Evacuation Pause)
[473.403s][info][gc,task        ] GC(85) Using 8 workers of 8 for evacuation
[473.581s][info][gc,phases      ] GC(85)   Pre Evacuate Collection Set: 0.27ms
[473.581s][info][gc,phases      ] GC(85)   Merge Heap Roots: 0.56ms
[473.581s][info][gc,phases      ] GC(85)   Evacuate Collection Set: 175.57ms
[473.581s][info][gc,phases      ] GC(85)   Post Evacuate Collection Set: 1.23ms
[473.581s][info][gc,phases      ] GC(85)   Other: 0.06ms
[473.581s][info][gc,heap        ] GC(85) Eden regions: 688->0(662)
[473.581s][info][gc,heap        ] GC(85) Survivor regions: 49->50(93)
[473.581s][info][gc,heap        ] GC(85) Old regions: 279->286
[473.581s][info][gc,heap        ] GC(85) Humongous regions: 81->81
[473.581s][info][gc,metaspace   ] GC(85) Metaspace: 29848K(30336K)->29848K(30336K) NonClass: 24439K(24704K)->24439K(24704K) Class: 5408K(5632K)->5408K(5632K)
[473.581s][info][gc             ] GC(85) Pause Young (Normal) (G1 Evacuation Pause) 8731M->3286M(10240M) 177.836ms
[473.581s][info][gc,cpu         ] GC(85) User=1.40s Sys=0.00s Real=0.18s
.. (rIR:aIR:PR = 11847:11774:11826) (tPR = 180090) [OK] 
   474s:       trying IR =  11906 ..[477.290s][info][gc,start       ] GC(86) Pause Young (Normal) (G1 Evacuation Pause)
[477.290s][info][gc,task        ] GC(86) Using 8 workers of 8 for evacuation
[477.457s][info][gc,phases      ] GC(86)   Pre Evacuate Collection Set: 0.28ms
[477.457s][info][gc,phases      ] GC(86)   Merge Heap Roots: 0.60ms
[477.457s][info][gc,phases      ] GC(86)   Evacuate Collection Set: 165.27ms
[477.457s][info][gc,phases      ] GC(86)   Post Evacuate Collection Set: 1.25ms
[477.457s][info][gc,phases      ] GC(86)   Other: 0.07ms
[477.457s][info][gc,heap        ] GC(86) Eden regions: 665->0(721)
[477.457s][info][gc,heap        ] GC(86) Survivor regions: 50->47(90)
[477.457s][info][gc,heap        ] GC(86) Old regions: 286->292
[477.457s][info][gc,heap        ] GC(86) Humongous regions: 81->81
[477.457s][info][gc,metaspace   ] GC(86) Metaspace: 29852K(30336K)->29852K(30336K) NonClass: 24443K(24704K)->24443K(24704K) Class: 5408K(5632K)->5408K(5632K)
[477.457s][info][gc             ] GC(86) Pause Young (Normal) (G1 Evacuation Pause) 8606M->3310M(10240M) 167.599ms
[477.457s][info][gc,cpu         ] GC(86) User=1.32s Sys=0.00s Real=0.17s
.... (rIR:aIR:PR = 11906:11729:11696) (tPR = 164446) [OK] 
   480s:       trying IR =  11978 [481.514s][info][gc,start       ] GC(87) Pause Young (Normal) (G1 Evacuation Pause)
[481.515s][info][gc,task        ] GC(87) Using 8 workers of 8 for evacuation
[481.681s][info][gc,phases      ] GC(87)   Pre Evacuate Collection Set: 0.32ms
[481.681s][info][gc,phases      ] GC(87)   Merge Heap Roots: 0.59ms
[481.681s][info][gc,phases      ] GC(87)   Evacuate Collection Set: 163.92ms
[481.681s][info][gc,phases      ] GC(87)   Post Evacuate Collection Set: 1.42ms
[481.681s][info][gc,phases      ] GC(87)   Other: 0.08ms
[481.681s][info][gc,heap        ] GC(87) Eden regions: 721->0(695)
[481.681s][info][gc,heap        ] GC(87) Survivor regions: 47->52(96)
[481.681s][info][gc,heap        ] GC(87) Old regions: 292->292
[481.681s][info][gc,heap        ] GC(87) Humongous regions: 81->81
[481.681s][info][gc,metaspace   ] GC(87) Metaspace: 29852K(30336K)->29852K(30336K) NonClass: 24443K(24704K)->24443K(24704K) Class: 5408K(5632K)->5408K(5632K)
[481.681s][info][gc             ] GC(87) Pause Young (Normal) (G1 Evacuation Pause) 9078M->3350M(10240M) 166.459ms
[481.681s][info][gc,cpu         ] GC(87) User=1.32s Sys=0.00s Real=0.17s
.... (rIR:aIR:PR = 11978:12295:12541) (tPR = 186580) [OK] 
   484s:       trying IR =  12064 [485.434s][info][gc,start       ] GC(88) Pause Young (Normal) (G1 Evacuation Pause)
[485.434s][info][gc,task        ] GC(88) Using 8 workers of 8 for evacuation
[485.612s][info][gc,phases      ] GC(88)   Pre Evacuate Collection Set: 0.28ms
[485.612s][info][gc,phases      ] GC(88)   Merge Heap Roots: 0.65ms
[485.612s][info][gc,phases      ] GC(88)   Evacuate Collection Set: 176.10ms
[485.612s][info][gc,phases      ] GC(88)   Post Evacuate Collection Set: 1.33ms
[485.613s][info][gc,phases      ] GC(88)   Other: 0.07ms
[485.613s][info][gc,heap        ] GC(88) Eden regions: 683->0(679)
[485.613s][info][gc,heap        ] GC(88) Survivor regions: 52->53(92)
[485.613s][info][gc,heap        ] GC(88) Old regions: 292->295
[485.613s][info][gc,heap        ] GC(88) Humongous regions: 81->81
[485.613s][info][gc,metaspace   ] GC(88) Metaspace: 29853K(30336K)->29853K(30336K) NonClass: 24444K(24704K)->24444K(24704K) Class: 5408K(5632K)->5408K(5632K)
[485.613s][info][gc             ] GC(88) Pause Young (Normal) (G1 Evacuation Pause) 8814M->3384M(10240M) 178.568ms
[485.613s][info][gc,cpu         ] GC(88) User=1.40s Sys=0.00s Real=0.18s
....[489.255s][info][gc,start       ] GC(89) Pause Young (Normal) (G1 Evacuation Pause)
[489.255s][info][gc,task        ] GC(89) Using 8 workers of 8 for evacuation
[489.425s][info][gc,phases      ] GC(89)   Pre Evacuate Collection Set: 0.30ms
[489.425s][info][gc,phases      ] GC(89)   Merge Heap Roots: 0.59ms
[489.425s][info][gc,phases      ] GC(89)   Evacuate Collection Set: 167.74ms
[489.425s][info][gc,phases      ] GC(89)   Post Evacuate Collection Set: 1.28ms
[489.425s][info][gc,phases      ] GC(89)   Other: 0.07ms
[489.425s][info][gc,heap        ] GC(89) Eden regions: 671->0(722)
[489.425s][info][gc,heap        ] GC(89) Survivor regions: 53->46(91)
[489.425s][info][gc,heap        ] GC(89) Old regions: 295->303
[489.425s][info][gc,heap        ] GC(89) Humongous regions: 81->81
[489.425s][info][gc,metaspace   ] GC(89) Metaspace: 29853K(30336K)->29853K(30336K) NonClass: 24444K(24704K)->24444K(24704K) Class: 5408K(5632K)->5408K(5632K)
[489.425s][info][gc             ] GC(89) Pause Young (Normal) (G1 Evacuation Pause) 8752M->3397M(10240M) 170.099ms
[489.425s][info][gc,cpu         ] GC(89) User=1.34s Sys=0.00s Real=0.17s
... (rIR:aIR:PR = 12064:12314:12418) (tPR = 179890) [OK] 
   491s:       trying IR =  12167 .[493.348s][info][gc,start       ] GC(90) Pause Young (Normal) (G1 Evacuation Pause)
[493.348s][info][gc,task        ] GC(90) Using 8 workers of 8 for evacuation
[493.513s][info][gc,phases      ] GC(90)   Pre Evacuate Collection Set: 0.29ms
[493.513s][info][gc,phases      ] GC(90)   Merge Heap Roots: 0.61ms
[493.513s][info][gc,phases      ] GC(90)   Evacuate Collection Set: 162.46ms
[493.513s][info][gc,phases      ] GC(90)   Post Evacuate Collection Set: 1.41ms
[493.513s][info][gc,phases      ] GC(90)   Other: 0.07ms
[493.513s][info][gc,heap        ] GC(90) Eden regions: 722->0(716)
[493.513s][info][gc,heap        ] GC(90) Survivor regions: 46->52(96)
[493.513s][info][gc,heap        ] GC(90) Old regions: 303->303
[493.513s][info][gc,heap        ] GC(90) Humongous regions: 81->81
[493.513s][info][gc,metaspace   ] GC(90) Metaspace: 29853K(30336K)->29853K(30336K) NonClass: 24444K(24704K)->24444K(24704K) Class: 5408K(5632K)->5408K(5632K)
[493.513s][info][gc             ] GC(90) Pause Young (Normal) (G1 Evacuation Pause) 9173M->3441M(10240M) 164.976ms
[493.513s][info][gc,cpu         ] GC(90) User=1.30s Sys=0.00s Real=0.16s
... (rIR:aIR:PR = 12167:12694:12605) (tPR = 185539) [OK] 
   495s:       trying IR =  12291 .[497.384s][info][gc,start       ] GC(91) Pause Young (Normal) (G1 Evacuation Pause)
[497.384s][info][gc,task        ] GC(91) Using 8 workers of 8 for evacuation
[497.564s][info][gc,phases      ] GC(91)   Pre Evacuate Collection Set: 0.27ms
[497.564s][info][gc,phases      ] GC(91)   Merge Heap Roots: 0.64ms
[497.564s][info][gc,phases      ] GC(91)   Evacuate Collection Set: 177.03ms
[497.564s][info][gc,phases      ] GC(91)   Post Evacuate Collection Set: 1.40ms
[497.564s][info][gc,phases      ] GC(91)   Other: 0.06ms
[497.564s][info][gc,heap        ] GC(91) Eden regions: 716->0(703)
[497.564s][info][gc,heap        ] GC(91) Survivor regions: 52->53(96)
[497.564s][info][gc,heap        ] GC(91) Old regions: 303->306
[497.564s][info][gc,heap        ] GC(91) Humongous regions: 81->81
[497.564s][info][gc,metaspace   ] GC(91) Metaspace: 29853K(30336K)->29853K(30336K) NonClass: 24444K(24704K)->24444K(24704K) Class: 5408K(5632K)->5408K(5632K)
[497.564s][info][gc             ] GC(91) Pause Young (Normal) (G1 Evacuation Pause) 9169M->3475M(10240M) 179.547ms
[497.564s][info][gc,cpu         ] GC(91) User=1.42s Sys=0.00s Real=0.18s
....[501.189s][info][gc,start       ] GC(92) Pause Young (Normal) (G1 Evacuation Pause)
[501.189s][info][gc,task        ] GC(92) Using 8 workers of 8 for evacuation
[501.367s][info][gc,phases      ] GC(92)   Pre Evacuate Collection Set: 0.27ms
[501.367s][info][gc,phases      ] GC(92)   Merge Heap Roots: 0.63ms
[501.368s][info][gc,phases      ] GC(92)   Evacuate Collection Set: 175.97ms
[501.368s][info][gc,phases      ] GC(92)   Post Evacuate Collection Set: 1.40ms
[501.368s][info][gc,phases      ] GC(92)   Other: 0.06ms
[501.368s][info][gc,heap        ] GC(92) Eden regions: 699->0(688)
[501.368s][info][gc,heap        ] GC(92) Survivor regions: 53->54(94)
[501.368s][info][gc,heap        ] GC(92) Old regions: 306->309
[501.368s][info][gc,heap        ] GC(92) Humongous regions: 81->81
[501.368s][info][gc,metaspace   ] GC(92) Metaspace: 29854K(30336K)->29854K(30336K) NonClass: 24446K(24704K)->24446K(24704K) Class: 5408K(5632K)->5408K(5632K)
[501.368s][info][gc             ] GC(92) Pause Young (Normal) (G1 Evacuation Pause) 9067M->3500M(10240M) 178.483ms
[501.368s][info][gc,cpu         ] GC(92) User=1.40s Sys=0.00s Real=0.18s
. (rIR:aIR:PR = 12291:12611:11999) (tPR = 180914) [OK] 
   501s:       trying IR =  12440 ...[505.086s][info][gc,start       ] GC(93) Pause Young (Normal) (G1 Evacuation Pause)
[505.086s][info][gc,task        ] GC(93) Using 8 workers of 8 for evacuation
[505.268s][info][gc,phases      ] GC(93)   Pre Evacuate Collection Set: 0.29ms
[505.268s][info][gc,phases      ] GC(93)   Merge Heap Roots: 0.74ms
[505.268s][info][gc,phases      ] GC(93)   Evacuate Collection Set: 178.63ms
[505.268s][info][gc,phases      ] GC(93)   Post Evacuate Collection Set: 1.46ms
[505.268s][info][gc,phases      ] GC(93)   Other: 0.07ms
[505.268s][info][gc,heap        ] GC(93) Eden regions: 685->0(658)
[505.268s][info][gc,heap        ] GC(93) Survivor regions: 54->55(93)
[505.268s][info][gc,heap        ] GC(93) Old regions: 309->312
[505.268s][info][gc,heap        ] GC(93) Humongous regions: 81->81
[505.268s][info][gc,metaspace   ] GC(93) Metaspace: 29855K(30336K)->29855K(30336K) NonClass: 24446K(24704K)->24446K(24704K) Class: 5408K(5632K)->5408K(5632K)
[505.268s][info][gc             ] GC(93) Pause Young (Normal) (G1 Evacuation Pause) 8980M->3530M(10240M) 181.344ms
[505.268s][info][gc,cpu         ] GC(93) User=1.43s Sys=0.00s Real=0.18s
...[508.808s][info][gc,start       ] GC(94) Pause Young (Normal) (G1 Evacuation Pause)
[508.808s][info][gc,task        ] GC(94) Using 8 workers of 8 for evacuation
[508.987s][info][gc,phases      ] GC(94)   Pre Evacuate Collection Set: 0.27ms
[508.987s][info][gc,phases      ] GC(94)   Merge Heap Roots: 0.66ms
[508.987s][info][gc,phases      ] GC(94)   Evacuate Collection Set: 177.08ms
[508.987s][info][gc,phases      ] GC(94)   Post Evacuate Collection Set: 1.27ms
[508.987s][info][gc,phases      ] GC(94)   Other: 0.06ms
[508.987s][info][gc,heap        ] GC(94) Eden regions: 660->0(718)
[508.987s][info][gc,heap        ] GC(94) Survivor regions: 55->48(90)
[508.987s][info][gc,heap        ] GC(94) Old regions: 312->321
[508.987s][info][gc,heap        ] GC(94) Humongous regions: 81->81
[508.987s][info][gc,metaspace   ] GC(94) Metaspace: 29857K(30336K)->29857K(30336K) NonClass: 24448K(24704K)->24448K(24704K) Class: 5408K(5632K)->5408K(5632K)
[508.987s][info][gc             ] GC(94) Pause Young (Normal) (G1 Evacuation Pause) 8810M->3548M(10240M) 179.474ms
[508.987s][info][gc,cpu         ] GC(94) User=1.41s Sys=0.00s Real=0.18s
.. (rIR:aIR:PR = 12440:12032:12055) (tPR = 176593) [OK] 
   509s:       trying IR =  12618 ..[512.632s][info][gc,start       ] GC(95) Pause Young (Normal) (G1 Evacuation Pause)
[512.632s][info][gc,task        ] GC(95) Using 8 workers of 8 for evacuation
[512.813s][info][gc,phases      ] GC(95)   Pre Evacuate Collection Set: 0.29ms
[512.813s][info][gc,phases      ] GC(95)   Merge Heap Roots: 0.67ms
[512.813s][info][gc,phases      ] GC(95)   Evacuate Collection Set: 178.79ms
[512.813s][info][gc,phases      ] GC(95)   Post Evacuate Collection Set: 1.39ms
[512.813s][info][gc,phases      ] GC(95)   Other: 0.07ms
[512.813s][info][gc,heap        ] GC(95) Eden regions: 718->0(592)
[512.813s][info][gc,heap        ] GC(95) Survivor regions: 48->56(96)
[512.813s][info][gc,heap        ] GC(95) Old regions: 321->321
[512.813s][info][gc,heap        ] GC(95) Humongous regions: 81->81
[512.813s][info][gc,metaspace   ] GC(95) Metaspace: 29857K(30336K)->29857K(30336K) NonClass: 24448K(24704K)->24448K(24704K) Class: 5408K(5632K)->5408K(5632K)
[512.813s][info][gc             ] GC(95) Pause Young (Normal) (G1 Evacuation Pause) 9292M->3612M(10240M) 181.368ms
[512.813s][info][gc,cpu         ] GC(95) User=1.42s Sys=0.00s Real=0.18s
... (rIR:aIR:PR = 12618:12438:12326) (tPR = 184881) [OK] 
   514s:       trying IR =  12832 [515.917s][info][gc,start       ] GC(96) Pause Young (Normal) (G1 Evacuation Pause)
[515.917s][info][gc,task        ] GC(96) Using 8 workers of 8 for evacuation
[516.099s][info][gc,phases      ] GC(96)   Pre Evacuate Collection Set: 0.28ms
[516.099s][info][gc,phases      ] GC(96)   Merge Heap Roots: 0.64ms
[516.099s][info][gc,phases      ] GC(96)   Evacuate Collection Set: 179.53ms
[516.099s][info][gc,phases      ] GC(96)   Post Evacuate Collection Set: 1.24ms
[516.099s][info][gc,phases      ] GC(96)   Other: 0.06ms
[516.099s][info][gc,heap        ] GC(96) Eden regions: 594->0(709)
[516.099s][info][gc,heap        ] GC(96) Survivor regions: 56->48(82)
[516.099s][info][gc,heap        ] GC(96) Old regions: 321->330
[516.099s][info][gc,heap        ] GC(96) Humongous regions: 81->81
[516.099s][info][gc,metaspace   ] GC(96) Metaspace: 29857K(30336K)->29857K(30336K) NonClass: 24448K(24704K)->24448K(24704K) Class: 5408K(5632K)->5408K(5632K)
[516.099s][info][gc             ] GC(96) Pause Young (Normal) (G1 Evacuation Pause) 8364M->3625M(10240M) 181.888ms
[516.099s][info][gc,cpu         ] GC(96) User=1.43s Sys=0.01s Real=0.18s
....[519.853s][info][gc,start       ] GC(97) Pause Young (Normal) (G1 Evacuation Pause)
[519.853s][info][gc,task        ] GC(97) Using 8 workers of 8 for evacuation
[520.026s][info][gc,phases      ] GC(97)   Pre Evacuate Collection Set: 0.29ms
[520.026s][info][gc,phases      ] GC(97)   Merge Heap Roots: 0.68ms
[520.026s][info][gc,phases      ] GC(97)   Evacuate Collection Set: 170.78ms
[520.026s][info][gc,phases      ] GC(97)   Post Evacuate Collection Set: 1.32ms
[520.026s][info][gc,phases      ] GC(97)   Other: 0.09ms
[520.026s][info][gc,heap        ] GC(97) Eden regions: 709->0(659)
[520.026s][info][gc,heap        ] GC(97) Survivor regions: 48->53(95)
[520.026s][info][gc,heap        ] GC(97) Old regions: 330->330
[520.026s][info][gc,heap        ] GC(97) Humongous regions: 81->81
[520.026s][info][gc,metaspace   ] GC(97) Metaspace: 29857K(30336K)->29857K(30336K) NonClass: 24448K(24704K)->24448K(24704K) Class: 5408K(5632K)->5408K(5632K)
[520.026s][info][gc             ] GC(97) Pause Young (Normal) (G1 Evacuation Pause) 9297M->3669M(10240M) 173.286ms
[520.026s][info][gc,cpu         ] GC(97) User=1.36s Sys=0.00s Real=0.18s
....[523.455s][info][gc,start       ] GC(98) Pause Young (Normal) (G1 Evacuation Pause)
[523.455s][info][gc,task        ] GC(98) Using 8 workers of 8 for evacuation
[523.630s][info][gc,phases      ] GC(98)   Pre Evacuate Collection Set: 0.28ms
[523.630s][info][gc,phases      ] GC(98)   Merge Heap Roots: 0.70ms
[523.630s][info][gc,phases      ] GC(98)   Evacuate Collection Set: 172.84ms
[523.630s][info][gc,phases      ] GC(98)   Post Evacuate Collection Set: 1.28ms
[523.630s][info][gc,phases      ] GC(98)   Other: 0.06ms
[523.630s][info][gc,heap        ] GC(98) Eden regions: 657->0(702)
[523.630s][info][gc,heap        ] GC(98) Survivor regions: 53->47(89)
[523.630s][info][gc,heap        ] GC(98) Old regions: 330->339
[523.630s][info][gc,heap        ] GC(98) Humongous regions: 81->81
[523.630s][info][gc,metaspace   ] GC(98) Metaspace: 29857K(30336K)->29857K(30336K) NonClass: 24448K(24704K)->24448K(24704K) Class: 5408K(5632K)->5408K(5632K)
[523.630s][info][gc             ] GC(98) Pause Young (Normal) (G1 Evacuation Pause) 8925M->3687M(10240M) 175.303ms
[523.630s][info][gc,cpu         ] GC(98) User=1.37s Sys=0.01s Real=0.18s
. (rIR:aIR:PR = 12832:12884:12490) (tPR = 184728) [OK] 
   523s:       trying IR =  13089 ...[527.259s][info][gc,start       ] GC(99) Pause Young (Normal) (G1 Evacuation Pause)
[527.259s][info][gc,task        ] GC(99) Using 8 workers of 8 for evacuation
[527.434s][info][gc,phases      ] GC(99)   Pre Evacuate Collection Set: 0.29ms
[527.434s][info][gc,phases      ] GC(99)   Merge Heap Roots: 0.69ms
[527.435s][info][gc,phases      ] GC(99)   Evacuate Collection Set: 172.76ms
[527.435s][info][gc,phases      ] GC(99)   Post Evacuate Collection Set: 1.38ms
[527.435s][info][gc,phases      ] GC(99)   Other: 0.09ms
[527.435s][info][gc,heap        ] GC(99) Eden regions: 702->0(634)
[527.435s][info][gc,heap        ] GC(99) Survivor regions: 47->55(94)
[527.435s][info][gc,heap        ] GC(99) Old regions: 339->339
[527.435s][info][gc,heap        ] GC(99) Humongous regions: 81->81
[527.435s][info][gc,metaspace   ] GC(99) Metaspace: 29857K(30336K)->29857K(30336K) NonClass: 24448K(24704K)->24448K(24704K) Class: 5408K(5632K)->5408K(5632K)
[527.435s][info][gc             ] GC(99) Pause Young (Normal) (G1 Evacuation Pause) 9303M->3751M(10240M) 175.349ms
[527.435s][info][gc,cpu         ] GC(99) User=1.38s Sys=0.00s Real=0.17s
...[530.793s][info][gc,start       ] GC(100) Pause Young (Normal) (G1 Evacuation Pause)
[530.793s][info][gc,task        ] GC(100) Using 8 workers of 8 for evacuation
[530.966s][info][gc,phases      ] GC(100)   Pre Evacuate Collection Set: 0.31ms
[530.967s][info][gc,phases      ] GC(100)   Merge Heap Roots: 0.69ms
[530.967s][info][gc,phases      ] GC(100)   Evacuate Collection Set: 170.92ms
[530.967s][info][gc,phases      ] GC(100)   Post Evacuate Collection Set: 1.26ms
[530.967s][info][gc,phases      ] GC(100)   Other: 0.07ms
[530.967s][info][gc,heap        ] GC(100) Eden regions: 631->0(693)
[530.967s][info][gc,heap        ] GC(100) Survivor regions: 55->47(86)
[530.967s][info][gc,heap        ] GC(100) Old regions: 339->348
[530.967s][info][gc,heap        ] GC(100) Humongous regions: 81->81
[530.967s][info][gc,metaspace   ] GC(100) Metaspace: 29857K(30336K)->29857K(30336K) NonClass: 24448K(24704K)->24448K(24704K) Class: 5408K(5632K)->5408K(5632K)
[530.967s][info][gc             ] GC(100) Pause Young (Normal) (G1 Evacuation Pause) 8799M->3758M(10240M) 173.381ms
[530.967s][info][gc,cpu         ] GC(100) User=1.37s Sys=0.00s Real=0.18s
....[534.666s][info][gc,start       ] GC(101) Pause Young (Normal) (G1 Evacuation Pause)
[534.666s][info][gc,task        ] GC(101) Using 8 workers of 8 for evacuation
[534.843s][info][gc,phases      ] GC(101)   Pre Evacuate Collection Set: 0.29ms
[534.843s][info][gc,phases      ] GC(101)   Merge Heap Roots: 0.63ms
[534.843s][info][gc,phases      ] GC(101)   Evacuate Collection Set: 174.91ms
[534.843s][info][gc,phases      ] GC(101)   Post Evacuate Collection Set: 1.30ms
[534.843s][info][gc,phases      ] GC(101)   Other: 0.07ms
[534.843s][info][gc,heap        ] GC(101) Eden regions: 693->0(647)
[534.843s][info][gc,heap        ] GC(101) Survivor regions: 47->54(93)
[534.843s][info][gc,heap        ] GC(101) Old regions: 348->348
[534.843s][info][gc,heap        ] GC(101) Humongous regions: 81->81
[534.843s][info][gc,metaspace   ] GC(101) Metaspace: 29857K(30336K)->29857K(30336K) NonClass: 24448K(24704K)->24448K(24704K) Class: 5408K(5632K)->5408K(5632K)
[534.843s][info][gc             ] GC(101) Pause Young (Normal) (G1 Evacuation Pause) 9302M->3818M(10240M) 177.349ms
[534.843s][info][gc,cpu         ] GC(101) User=1.40s Sys=0.00s Real=0.17s
....[538.215s][info][gc,start       ] GC(102) Pause Young (Normal) (G1 Evacuation Pause)
[538.215s][info][gc,task        ] GC(102) Using 8 workers of 8 for evacuation
[538.401s][info][gc,phases      ] GC(102)   Pre Evacuate Collection Set: 0.27ms
[538.401s][info][gc,phases      ] GC(102)   Merge Heap Roots: 0.72ms
[538.401s][info][gc,phases      ] GC(102)   Evacuate Collection Set: 183.31ms
[538.401s][info][gc,phases      ] GC(102)   Post Evacuate Collection Set: 1.21ms
[538.401s][info][gc,phases      ] GC(102)   Other: 0.07ms
[538.401s][info][gc,heap        ] GC(102) Eden regions: 643->0(680)
[538.401s][info][gc,heap        ] GC(102) Survivor regions: 54->49(88)
[538.401s][info][gc,heap        ] GC(102) Old regions: 348->357
[538.401s][info][gc,heap        ] GC(102) Humongous regions: 81->81
[538.401s][info][gc,metaspace   ] GC(102) Metaspace: 29857K(30336K)->29857K(30336K) NonClass: 24448K(24704K)->24448K(24704K) Class: 5408K(5632K)->5408K(5632K)
[538.401s][info][gc             ] GC(102) Pause Young (Normal) (G1 Evacuation Pause) 8962M->3846M(10240M) 185.705ms
[538.401s][info][gc,cpu         ] GC(102) User=1.46s Sys=0.00s Real=0.19s
...[542.018s][info][gc,start       ] GC(103) Pause Young (Normal) (G1 Evacuation Pause)
[542.018s][info][gc,task        ] GC(103) Using 8 workers of 8 for evacuation
[542.185s][info][gc,phases      ] GC(103)   Pre Evacuate Collection Set: 0.28ms
[542.185s][info][gc,phases      ] GC(103)   Merge Heap Roots: 0.64ms
[542.185s][info][gc,phases      ] GC(103)   Evacuate Collection Set: 164.62ms
[542.185s][info][gc,phases      ] GC(103)   Post Evacuate Collection Set: 1.22ms
[542.185s][info][gc,phases      ] GC(103)   Other: 0.07ms
[542.185s][info][gc,heap        ] GC(103) Eden regions: 680->0(679)
[542.185s][info][gc,heap        ] GC(103) Survivor regions: 49->46(92)
[542.185s][info][gc,heap        ] GC(103) Old regions: 357->364
[542.185s][info][gc,heap        ] GC(103) Humongous regions: 81->81
[542.185s][info][gc,metaspace   ] GC(103) Metaspace: 29857K(30336K)->29857K(30336K) NonClass: 24448K(24704K)->24448K(24704K) Class: 5408K(5632K)->5408K(5632K)
[542.185s][info][gc             ] GC(103) Pause Young (Normal) (G1 Evacuation Pause) 9286M->3879M(10240M) 166.972ms
[542.185s][info][gc,cpu         ] GC(103) User=1.31s Sys=0.00s Real=0.16s
....[545.724s][info][gc,start       ] GC(104) Pause Young (Normal) (G1 Evacuation Pause)
[545.724s][info][gc,task        ] GC(104) Using 8 workers of 8 for evacuation
[545.897s][info][gc,phases      ] GC(104)   Pre Evacuate Collection Set: 0.27ms
[545.897s][info][gc,phases      ] GC(104)   Merge Heap Roots: 0.59ms
[545.897s][info][gc,phases      ] GC(104)   Evacuate Collection Set: 171.12ms
[545.897s][info][gc,phases      ] GC(104)   Post Evacuate Collection Set: 1.22ms
[545.897s][info][gc,phases      ] GC(104)   Other: 0.06ms
[545.897s][info][gc,heap        ] GC(104) Eden regions: 679->0(630)
[545.897s][info][gc,heap        ] GC(104) Survivor regions: 46->55(91)
[545.897s][info][gc,heap        ] GC(104) Old regions: 364->364
[545.897s][info][gc,heap        ] GC(104) Humongous regions: 81->81
[545.897s][info][gc,metaspace   ] GC(104) Metaspace: 29857K(30336K)->29857K(30336K) NonClass: 24448K(24704K)->24448K(24704K) Class: 5408K(5632K)->5408K(5632K)
[545.897s][info][gc             ] GC(104) Pause Young (Normal) (G1 Evacuation Pause) 9311M->3947M(10240M) 173.389ms
[545.897s][info][gc,cpu         ] GC(104) User=1.36s Sys=0.00s Real=0.18s
....[549.219s][info][gc,start       ] GC(105) Pause Young (Normal) (G1 Evacuation Pause)
[549.219s][info][gc,task        ] GC(105) Using 8 workers of 8 for evacuation
[549.399s][info][gc,phases      ] GC(105)   Pre Evacuate Collection Set: 0.30ms
[549.399s][info][gc,phases      ] GC(105)   Merge Heap Roots: 0.75ms
[549.399s][info][gc,phases      ] GC(105)   Evacuate Collection Set: 177.24ms
[549.399s][info][gc,phases      ] GC(105)   Post Evacuate Collection Set: 1.23ms
[549.399s][info][gc,phases      ] GC(105)   Other: 0.07ms
[549.399s][info][gc,heap        ] GC(105) Eden regions: 624->0(666)
[549.399s][info][gc,heap        ] GC(105) Survivor regions: 55->48(85)
[549.399s][info][gc,heap        ] GC(105) Old regions: 364->373
[549.399s][info][gc,heap        ] GC(105) Humongous regions: 81->81
[549.399s][info][gc,metaspace   ] GC(105) Metaspace: 29857K(30336K)->29857K(30336K) NonClass: 24448K(24704K)->24448K(24704K) Class: 5408K(5632K)->5408K(5632K)
[549.399s][info][gc             ] GC(105) Pause Young (Normal) (G1 Evacuation Pause) 8939M->3968M(10240M) 179.720ms
[549.399s][info][gc,cpu         ] GC(105) User=1.41s Sys=0.00s Real=0.18s
...[552.971s][info][gc,start       ] GC(106) Pause Young (Normal) (G1 Evacuation Pause)
[552.971s][info][gc,task        ] GC(106) Using 8 workers of 8 for evacuation
[553.141s][info][gc,phases      ] GC(106)   Pre Evacuate Collection Set: 0.28ms
[553.141s][info][gc,phases      ] GC(106)   Merge Heap Roots: 0.66ms
[553.141s][info][gc,phases      ] GC(106)   Evacuate Collection Set: 167.54ms
[553.141s][info][gc,phases      ] GC(106)   Post Evacuate Collection Set: 1.24ms
[553.141s][info][gc,phases      ] GC(106)   Other: 0.08ms
[553.141s][info][gc,heap        ] GC(106) Eden regions: 666->0(661)
[553.141s][info][gc,heap        ] GC(106) Survivor regions: 48->47(90)
[553.141s][info][gc,heap        ] GC(106) Old regions: 373->380
[553.141s][info][gc,heap        ] GC(106) Humongous regions: 81->81
[553.141s][info][gc,metaspace   ] GC(106) Metaspace: 29857K(30336K)->29857K(30336K) NonClass: 24448K(24704K)->24448K(24704K) Class: 5408K(5632K)->5408K(5632K)
[553.141s][info][gc             ] GC(106) Pause Young (Normal) (G1 Evacuation Pause) 9296M->4013M(10240M) 169.951ms
[553.141s][info][gc,cpu         ] GC(106) User=1.34s Sys=0.00s Real=0.17s
.. (rIR:aIR:PR = 13089:13178:12213) (tPR = 179125) [PR is under limit] 
   554s: Re-initializing (term) [554.318s][info][gc,start       ] GC(107) Pause Full (System.gc())
[554.318s][info][gc,task        ] GC(107) Using 8 workers of 8 for full compaction
[554.318s][info][gc,phases,start] GC(107) Phase 1: Mark live objects
[554.335s][info][gc,phases      ] GC(107) Phase 1: Mark live objects 17.062ms
[554.335s][info][gc,phases,start] GC(107) Phase 2: Prepare compaction
[554.341s][info][gc,phases      ] GC(107) Phase 2: Prepare compaction 6.238ms
[554.341s][info][gc,phases,start] GC(107) Phase 3: Adjust pointers
[554.353s][info][gc,phases      ] GC(107) Phase 3: Adjust pointers 11.584ms
[554.353s][info][gc,phases,start] GC(107) Phase 4: Compact heap
[554.359s][info][gc,phases      ] GC(107) Phase 4: Compact heap 6.148ms
[554.359s][info][gc,phases,start] GC(107) Phase 5: Reset Metadata
[554.363s][info][gc,phases      ] GC(107) Phase 5: Reset Metadata 3.986ms
[554.375s][info][gc,heap        ] GC(107) Eden regions: 219->0(768)
[554.375s][info][gc,heap        ] GC(107) Survivor regions: 47->0(90)
[554.375s][info][gc,heap        ] GC(107) Old regions: 380->13
[554.375s][info][gc,heap        ] GC(107) Humongous regions: 81->33
[554.375s][info][gc,metaspace   ] GC(107) Metaspace: 29862K(30336K)->29862K(30336K) NonClass: 24453K(24704K)->24453K(24704K) Class: 5408K(5632K)->5408K(5632K)
[554.375s][info][gc             ] GC(107) Pause Full (System.gc()) 5761M->333M(10240M) 56.876ms
[554.375s][info][gc,cpu         ] GC(107) User=0.37s Sys=0.00s Real=0.05s
(init) ... OK
   559s: Searching from base IR = 12832
   559s:       rampup IR =      0 ... (rIR:aIR:PR = 0:0:0) (tPR = 0) [OK] 
   562s:       rampup IR =   1283 ..... (rIR:aIR:PR = 1283:1280:1280) (tPR = 18094) [OK] 
   567s:       rampup IR =   2566 .... (rIR:aIR:PR = 2566:2551:2550) (tPR = 38826) [OK] 
   571s:       rampup IR =   3850 [572.694s][info][gc,start       ] GC(108) Pause Young (Normal) (G1 Evacuation Pause)
[572.694s][info][gc,task        ] GC(108) Using 8 workers of 8 for evacuation
[573.439s][info][gc,mmu         ] GC(108) MMU target violated: 201.0ms (200.0ms/201.0ms)
[573.439s][info][gc,phases      ] GC(108)   Pre Evacuate Collection Set: 0.27ms
[573.439s][info][gc,phases      ] GC(108)   Merge Heap Roots: 1.00ms
[573.439s][info][gc,phases      ] GC(108)   Evacuate Collection Set: 742.17ms
[573.440s][info][gc,phases      ] GC(108)   Post Evacuate Collection Set: 1.58ms
[573.440s][info][gc,phases      ] GC(108)   Other: 0.10ms
[573.440s][info][gc,heap        ] GC(108) Eden regions: 768->0(366)
[573.440s][info][gc,heap        ] GC(108) Survivor regions: 0->96(96)
[573.440s][info][gc,heap        ] GC(108) Old regions: 13->66
[573.440s][info][gc,heap        ] GC(108) Humongous regions: 86->81
[573.440s][info][gc,metaspace   ] GC(108) Metaspace: 29885K(30400K)->29885K(30400K) NonClass: 24475K(24768K)->24475K(24768K) Class: 5409K(5632K)->5409K(5632K)
[573.440s][info][gc             ] GC(108) Pause Young (Normal) (G1 Evacuation Pause) 6901M->1909M(10240M) 745.226ms
[573.440s][info][gc,cpu         ] GC(108) User=5.89s Sys=0.00s Real=0.75s
......[578.944s][info][gc,start       ] GC(109) Pause Young (Normal) (G1 Evacuation Pause)
[578.944s][info][gc,task        ] GC(109) Using 8 workers of 8 for evacuation
[579.372s][info][gc,mmu         ] GC(109) MMU target violated: 201.0ms (200.0ms/201.0ms)
[579.372s][info][gc,phases      ] GC(109)   Pre Evacuate Collection Set: 0.28ms
[579.372s][info][gc,phases      ] GC(109)   Merge Heap Roots: 0.70ms
[579.372s][info][gc,phases      ] GC(109)   Evacuate Collection Set: 425.58ms
[579.372s][info][gc,phases      ] GC(109)   Post Evacuate Collection Set: 0.80ms
[579.372s][info][gc,phases      ] GC(109)   Other: 0.09ms
[579.372s][info][gc,heap        ] GC(109) Eden regions: 361->0(240)
[579.372s][info][gc,heap        ] GC(109) Survivor regions: 96->22(58)
[579.372s][info][gc,heap        ] GC(109) Old regions: 66->161
[579.372s][info][gc,heap        ] GC(109) Humongous regions: 81->81
[579.372s][info][gc,metaspace   ] GC(109) Metaspace: 29885K(30400K)->29885K(30400K) NonClass: 24475K(24768K)->24475K(24768K) Class: 5409K(5632K)->5409K(5632K)
[579.372s][info][gc             ] GC(109) Pause Young (Normal) (G1 Evacuation Pause) 4797M->2073M(10240M) 427.564ms
[579.372s][info][gc,cpu         ] GC(109) User=3.32s Sys=0.00s Real=0.43s
......[584.616s][info][gc,start       ] GC(110) Pause Young (Normal) (G1 Evacuation Pause)
[584.616s][info][gc,task        ] GC(110) Using 8 workers of 8 for evacuation
[584.723s][info][gc,phases      ] GC(110)   Pre Evacuate Collection Set: 0.28ms
[584.723s][info][gc,phases      ] GC(110)   Merge Heap Roots: 0.52ms
[584.723s][info][gc,phases      ] GC(110)   Evacuate Collection Set: 105.13ms
[584.723s][info][gc,phases      ] GC(110)   Post Evacuate Collection Set: 0.71ms
[584.723s][info][gc,phases      ] GC(110)   Other: 0.07ms
[584.723s][info][gc,heap        ] GC(110) Eden regions: 322->0(140)
[584.723s][info][gc,heap        ] GC(110) Survivor regions: 22->34(43)
[584.723s][info][gc,heap        ] GC(110) Old regions: 161->161
[584.723s][info][gc,heap        ] GC(110) Humongous regions: 81->81
[584.723s][info][gc,metaspace   ] GC(110) Metaspace: 29885K(30400K)->29885K(30400K) NonClass: 24475K(24768K)->24475K(24768K) Class: 5409K(5632K)->5409K(5632K)
[584.723s][info][gc             ] GC(110) Pause Young (Normal) (G1 Evacuation Pause) 4649M->2169M(10240M) 106.855ms
[584.723s][info][gc,cpu         ] GC(110) User=0.84s Sys=0.00s Real=0.10s
...[588.400s][info][gc,start       ] GC(111) Pause Young (Normal) (G1 Evacuation Pause)
[588.400s][info][gc,task        ] GC(111) Using 8 workers of 8 for evacuation
[588.516s][info][gc,phases      ] GC(111)   Pre Evacuate Collection Set: 0.27ms
[588.516s][info][gc,phases      ] GC(111)   Merge Heap Roots: 0.42ms
[588.516s][info][gc,phases      ] GC(111)   Evacuate Collection Set: 115.04ms
[588.516s][info][gc,phases      ] GC(111)   Post Evacuate Collection Set: 0.59ms
[588.516s][info][gc,phases      ] GC(111)   Other: 0.06ms
[588.516s][info][gc,heap        ] GC(111) Eden regions: 214->0(388)
[588.516s][info][gc,heap        ] GC(111) Survivor regions: 34->16(31)
[588.516s][info][gc,heap        ] GC(111) Old regions: 161->186
[588.516s][info][gc,heap        ] GC(111) Humongous regions: 81->81
[588.516s][info][gc,metaspace   ] GC(111) Metaspace: 29885K(30400K)->29885K(30400K) NonClass: 24475K(24768K)->24475K(24768K) Class: 5409K(5632K)->5409K(5632K)
[588.516s][info][gc             ] GC(111) Pause Young (Normal) (G1 Evacuation Pause) 3881M->2229M(10240M) 116.514ms
[588.516s][info][gc,cpu         ] GC(111) User=0.92s Sys=0.00s Real=0.12s
... (rIR:aIR:PR = 3850:4018:4019) (tPR = 59384) [OK] 
   590s:       rampup IR =   5133 .... (rIR:aIR:PR = 5133:5156:5156) (tPR = 77238) [OK] 
   594s:       rampup IR =   6416 [594.849s][info][gc,start       ] GC(112) Pause Young (Normal) (G1 Evacuation Pause)
[594.849s][info][gc,task        ] GC(112) Using 8 workers of 8 for evacuation
[594.953s][info][gc,phases      ] GC(112)   Pre Evacuate Collection Set: 0.28ms
[594.953s][info][gc,phases      ] GC(112)   Merge Heap Roots: 0.49ms
[594.953s][info][gc,phases      ] GC(112)   Evacuate Collection Set: 102.63ms
[594.953s][info][gc,phases      ] GC(112)   Post Evacuate Collection Set: 0.90ms
[594.953s][info][gc,phases      ] GC(112)   Other: 0.07ms
[594.953s][info][gc,heap        ] GC(112) Eden regions: 439->0(332)
[594.953s][info][gc,heap        ] GC(112) Survivor regions: 16->33(57)
[594.953s][info][gc,heap        ] GC(112) Old regions: 186->186
[594.953s][info][gc,heap        ] GC(112) Humongous regions: 81->81
[594.953s][info][gc,metaspace   ] GC(112) Metaspace: 29888K(30400K)->29888K(30400K) NonClass: 24478K(24768K)->24478K(24768K) Class: 5409K(5632K)->5409K(5632K)
[594.953s][info][gc             ] GC(112) Pause Young (Normal) (G1 Evacuation Pause) 5741M->2365M(10240M) 104.517ms
[594.954s][info][gc,cpu         ] GC(112) User=0.82s Sys=0.01s Real=0.10s
...[598.510s][info][gc,start       ] GC(113) Pause Young (Normal) (G1 Evacuation Pause)
[598.510s][info][gc,task        ] GC(113) Using 8 workers of 8 for evacuation
[598.636s][info][gc,phases      ] GC(113)   Pre Evacuate Collection Set: 0.28ms
[598.636s][info][gc,phases      ] GC(113)   Merge Heap Roots: 0.46ms
[598.636s][info][gc,phases      ] GC(113)   Evacuate Collection Set: 124.32ms
[598.636s][info][gc,phases      ] GC(113)   Post Evacuate Collection Set: 0.92ms
[598.636s][info][gc,phases      ] GC(113)   Other: 0.06ms
[598.636s][info][gc,heap        ] GC(113) Eden regions: 344->0(360)
[598.636s][info][gc,heap        ] GC(113) Survivor regions: 33->37(48)
[598.636s][info][gc,heap        ] GC(113) Old regions: 186->192
[598.636s][info][gc,heap        ] GC(113) Humongous regions: 81->81
[598.636s][info][gc,metaspace   ] GC(113) Metaspace: 29888K(30400K)->29888K(30400K) NonClass: 24478K(24768K)->24478K(24768K) Class: 5409K(5632K)->5409K(5632K)
[598.636s][info][gc             ] GC(113) Pause Young (Normal) (G1 Evacuation Pause) 5117M->2434M(10240M) 126.175ms
[598.636s][info][gc,cpu         ] GC(113) User=0.99s Sys=0.00s Real=0.13s
. (rIR:aIR:PR = 6416:6257:6203) (tPR = 93994) [OK] 
   598s:       rampup IR =   7699 ...[601.895s][info][gc,start       ] GC(114) Pause Young (Normal) (G1 Evacuation Pause)
[601.895s][info][gc,task        ] GC(114) Using 8 workers of 8 for evacuation
[602.029s][info][gc,phases      ] GC(114)   Pre Evacuate Collection Set: 0.31ms
[602.029s][info][gc,phases      ] GC(114)   Merge Heap Roots: 0.46ms
[602.029s][info][gc,phases      ] GC(114)   Evacuate Collection Set: 131.80ms
[602.029s][info][gc,phases      ] GC(114)   Post Evacuate Collection Set: 0.89ms
[602.029s][info][gc,phases      ] GC(114)   Other: 0.07ms
[602.029s][info][gc,heap        ] GC(114) Eden regions: 368->0(430)
[602.029s][info][gc,heap        ] GC(114) Survivor regions: 37->35(51)
[602.029s][info][gc,heap        ] GC(114) Old regions: 192->202
[602.029s][info][gc,heap        ] GC(114) Humongous regions: 81->81
[602.029s][info][gc,metaspace   ] GC(114) Metaspace: 29888K(30400K)->29888K(30400K) NonClass: 24478K(24768K)->24478K(24768K) Class: 5409K(5632K)->5409K(5632K)
[602.029s][info][gc             ] GC(114) Pause Young (Normal) (G1 Evacuation Pause) 5378M->2503M(10240M) 133.669ms
[602.029s][info][gc,cpu         ] GC(114) User=1.05s Sys=0.00s Real=0.14s
. (rIR:aIR:PR = 7699:7557:7581) (tPR = 110743) [OK] 
   602s:       rampup IR =   8982 ..[605.456s][info][gc,start       ] GC(115) Pause Young (Normal) (G1 Evacuation Pause)
[605.456s][info][gc,task        ] GC(115) Using 8 workers of 8 for evacuation
[605.592s][info][gc,phases      ] GC(115)   Pre Evacuate Collection Set: 0.31ms
[605.592s][info][gc,phases      ] GC(115)   Merge Heap Roots: 0.50ms
[605.592s][info][gc,phases      ] GC(115)   Evacuate Collection Set: 134.33ms
[605.592s][info][gc,phases      ] GC(115)   Post Evacuate Collection Set: 0.97ms
[605.592s][info][gc,phases      ] GC(115)   Other: 0.06ms
[605.592s][info][gc,heap        ] GC(115) Eden regions: 440->0(457)
[605.592s][info][gc,heap        ] GC(115) Survivor regions: 35->38(60)
[605.592s][info][gc,heap        ] GC(115) Old regions: 202->210
[605.592s][info][gc,heap        ] GC(115) Humongous regions: 81->81
[605.592s][info][gc,metaspace   ] GC(115) Metaspace: 29890K(30400K)->29890K(30400K) NonClass: 24481K(24768K)->24481K(24768K) Class: 5409K(5632K)->5409K(5632K)
[605.592s][info][gc             ] GC(115) Pause Young (Normal) (G1 Evacuation Pause) 6023M->2587M(10240M) 136.306ms
[605.592s][info][gc,cpu         ] GC(115) User=1.07s Sys=0.00s Real=0.14s
.... (rIR:aIR:PR = 8982:9069:9070) (tPR = 133498) [OK] 
   608s:       rampup IR =  10266 [608.927s][info][gc,start       ] GC(116) Pause Young (Normal) (G1 Evacuation Pause)
[608.927s][info][gc,task        ] GC(116) Using 8 workers of 8 for evacuation
[609.072s][info][gc,phases      ] GC(116)   Pre Evacuate Collection Set: 0.28ms
[609.072s][info][gc,phases      ] GC(116)   Merge Heap Roots: 0.50ms
[609.072s][info][gc,phases      ] GC(116)   Evacuate Collection Set: 143.13ms
[609.072s][info][gc,phases      ] GC(116)   Post Evacuate Collection Set: 1.00ms
[609.072s][info][gc,phases      ] GC(116)   Other: 0.06ms
[609.072s][info][gc,heap        ] GC(116) Eden regions: 460->0(476)
[609.072s][info][gc,heap        ] GC(116) Survivor regions: 38->40(63)
[609.072s][info][gc,heap        ] GC(116) Old regions: 210->216
[609.072s][info][gc,heap        ] GC(116) Humongous regions: 81->81
[609.072s][info][gc,metaspace   ] GC(116) Metaspace: 29893K(30400K)->29893K(30400K) NonClass: 24483K(24768K)->24483K(24768K) Class: 5409K(5632K)->5409K(5632K)
[609.072s][info][gc             ] GC(116) Pause Young (Normal) (G1 Evacuation Pause) 6267M->2661M(10240M) 145.097ms
[609.072s][info][gc,cpu         ] GC(116) User=1.15s Sys=0.00s Real=0.14s
...[612.065s][info][gc,start       ] GC(117) Pause Young (Normal) (G1 Evacuation Pause)
[612.065s][info][gc,task        ] GC(117) Using 8 workers of 8 for evacuation
[612.212s][info][gc,phases      ] GC(117)   Pre Evacuate Collection Set: 0.30ms
[612.212s][info][gc,phases      ] GC(117)   Merge Heap Roots: 0.47ms
[612.212s][info][gc,phases      ] GC(117)   Evacuate Collection Set: 145.05ms
[612.212s][info][gc,phases      ] GC(117)   Post Evacuate Collection Set: 0.99ms
[612.212s][info][gc,phases      ] GC(117)   Other: 0.08ms
[612.212s][info][gc,heap        ] GC(117) Eden regions: 476->0(517)
[612.212s][info][gc,heap        ] GC(117) Survivor regions: 40->41(65)
[612.212s][info][gc,heap        ] GC(117) Old regions: 216->224
[612.212s][info][gc,heap        ] GC(117) Humongous regions: 81->81
[612.212s][info][gc,metaspace   ] GC(117) Metaspace: 29893K(30400K)->29893K(30400K) NonClass: 24483K(24768K)->24483K(24768K) Class: 5409K(5632K)->5409K(5632K)
[612.212s][info][gc             ] GC(117) Pause Young (Normal) (G1 Evacuation Pause) 6469M->2726M(10240M) 147.012ms
[612.212s][info][gc,cpu         ] GC(117) User=1.15s Sys=0.00s Real=0.15s
. (rIR:aIR:PR = 10266:10266:10256) (tPR = 154291) [OK] 
   612s:       rampup IR =  11549 ..[615.329s][info][gc,start       ] GC(118) Pause Young (Normal) (G1 Evacuation Pause)
[615.329s][info][gc,task        ] GC(118) Using 8 workers of 8 for evacuation
[615.481s][info][gc,phases      ] GC(118)   Pre Evacuate Collection Set: 0.29ms
[615.481s][info][gc,phases      ] GC(118)   Merge Heap Roots: 0.57ms
[615.481s][info][gc,phases      ] GC(118)   Evacuate Collection Set: 149.25ms
[615.481s][info][gc,phases      ] GC(118)   Post Evacuate Collection Set: 1.07ms
[615.481s][info][gc,phases      ] GC(118)   Other: 0.07ms
[615.481s][info][gc,heap        ] GC(118) Eden regions: 515->0(549)
[615.481s][info][gc,heap        ] GC(118) Survivor regions: 41->42(70)
[615.481s][info][gc,heap        ] GC(118) Old regions: 224->231
[615.481s][info][gc,heap        ] GC(118) Humongous regions: 81->81
[615.481s][info][gc,metaspace   ] GC(118) Metaspace: 29893K(30400K)->29893K(30400K) NonClass: 24483K(24768K)->24483K(24768K) Class: 5409K(5632K)->5409K(5632K)
[615.481s][info][gc             ] GC(118) Pause Young (Normal) (G1 Evacuation Pause) 6846M->2797M(10240M) 151.384ms
[615.481s][info][gc,cpu         ] GC(118) User=1.19s Sys=0.00s Real=0.15s
...[618.592s][info][gc,start       ] GC(119) Pause Young (Normal) (G1 Evacuation Pause)
[618.592s][info][gc,task        ] GC(119) Using 8 workers of 8 for evacuation
[618.753s][info][gc,phases      ] GC(119)   Pre Evacuate Collection Set: 0.28ms
[618.753s][info][gc,phases      ] GC(119)   Merge Heap Roots: 0.54ms
[618.753s][info][gc,phases      ] GC(119)   Evacuate Collection Set: 158.57ms
[618.753s][info][gc,phases      ] GC(119)   Post Evacuate Collection Set: 1.09ms
[618.753s][info][gc,phases      ] GC(119)   Other: 0.07ms
[618.753s][info][gc,heap        ] GC(119) Eden regions: 547->0(551)
[618.753s][info][gc,heap        ] GC(119) Survivor regions: 42->44(74)
[618.753s][info][gc,heap        ] GC(119) Old regions: 231->239
[618.753s][info][gc,heap        ] GC(119) Humongous regions: 81->81
[618.753s][info][gc,metaspace   ] GC(119) Metaspace: 29893K(30400K)->29893K(30400K) NonClass: 24483K(24768K)->24483K(24768K) Class: 5409K(5632K)->5409K(5632K)
[618.753s][info][gc             ] GC(119) Pause Young (Normal) (G1 Evacuation Pause) 7173M->2872M(10240M) 160.694ms
[618.753s][info][gc,cpu         ] GC(119) User=1.27s Sys=0.00s Real=0.16s
.... (rIR:aIR:PR = 11549:11386:11342) (tPR = 172200) [OK] 
   621s:       rampup IR =  12832 [621.837s][info][gc,start       ] GC(120) Pause Young (Normal) (G1 Evacuation Pause)
[621.837s][info][gc,task        ] GC(120) Using 8 workers of 8 for evacuation
[621.993s][info][gc,phases      ] GC(120)   Pre Evacuate Collection Set: 0.31ms
[621.993s][info][gc,phases      ] GC(120)   Merge Heap Roots: 0.58ms
[621.993s][info][gc,phases      ] GC(120)   Evacuate Collection Set: 154.33ms
[621.993s][info][gc,phases      ] GC(120)   Post Evacuate Collection Set: 1.05ms
[621.993s][info][gc,phases      ] GC(120)   Other: 0.06ms
[621.993s][info][gc,heap        ] GC(120) Eden regions: 548->0(597)
[621.993s][info][gc,heap        ] GC(120) Survivor regions: 44->44(74)
[621.993s][info][gc,heap        ] GC(120) Old regions: 239->246
[621.993s][info][gc,heap        ] GC(120) Humongous regions: 81->81
[621.993s][info][gc,metaspace   ] GC(120) Metaspace: 29893K(30400K)->29893K(30400K) NonClass: 24483K(24768K)->24483K(24768K) Class: 5409K(5632K)->5409K(5632K)
[621.993s][info][gc             ] GC(120) Pause Young (Normal) (G1 Evacuation Pause) 7256M->2926M(10240M) 156.471ms
[621.993s][info][gc,cpu         ] GC(120) User=1.23s Sys=0.00s Real=0.15s
...[625.181s][info][gc,start       ] GC(121) Pause Young (Normal) (G1 Evacuation Pause)
[625.181s][info][gc,task        ] GC(121) Using 8 workers of 8 for evacuation
[625.340s][info][gc,phases      ] GC(121)   Pre Evacuate Collection Set: 0.29ms
[625.340s][info][gc,phases      ] GC(121)   Merge Heap Roots: 0.56ms
[625.340s][info][gc,phases      ] GC(121)   Evacuate Collection Set: 157.58ms
[625.341s][info][gc,phases      ] GC(121)   Post Evacuate Collection Set: 1.19ms
[625.341s][info][gc,phases      ] GC(121)   Other: 0.06ms
[625.341s][info][gc,heap        ] GC(121) Eden regions: 591->0(626)
[625.341s][info][gc,heap        ] GC(121) Survivor regions: 44->45(80)
[625.341s][info][gc,heap        ] GC(121) Old regions: 246->253
[625.341s][info][gc,heap        ] GC(121) Humongous regions: 81->81
[625.341s][info][gc,metaspace   ] GC(121) Metaspace: 29893K(30400K)->29893K(30400K) NonClass: 24483K(24768K)->24483K(24768K) Class: 5409K(5632K)->5409K(5632K)
[625.341s][info][gc             ] GC(121) Pause Young (Normal) (G1 Evacuation Pause) 7654M->2990M(10240M) 159.823ms
[625.341s][info][gc,cpu         ] GC(121) User=1.26s Sys=0.00s Real=0.16s
... (rIR:aIR:PR = 12832:12870:12936) (tPR = 193537) [OK] 
   627s:    snapshot, IR =  12832 [628.526s][info][gc,start       ] GC(122) Pause Young (Normal) (G1 Evacuation Pause)
[628.526s][info][gc,task        ] GC(122) Using 8 workers of 8 for evacuation
[628.686s][info][gc,phases      ] GC(122)   Pre Evacuate Collection Set: 0.27ms
[628.686s][info][gc,phases      ] GC(122)   Merge Heap Roots: 0.56ms
[628.686s][info][gc,phases      ] GC(122)   Evacuate Collection Set: 157.45ms
[628.686s][info][gc,phases      ] GC(122)   Post Evacuate Collection Set: 1.21ms
[628.686s][info][gc,phases      ] GC(122)   Other: 0.06ms
[628.686s][info][gc,heap        ] GC(122) Eden regions: 620->0(671)
[628.686s][info][gc,heap        ] GC(122) Survivor regions: 45->45(84)
[628.686s][info][gc,heap        ] GC(122) Old regions: 253->260
[628.686s][info][gc,heap        ] GC(122) Humongous regions: 81->81
[628.686s][info][gc,metaspace   ] GC(122) Metaspace: 29893K(30400K)->29893K(30400K) NonClass: 24483K(24768K)->24483K(24768K) Class: 5409K(5632K)->5409K(5632K)
[628.686s][info][gc             ] GC(122) Pause Young (Normal) (G1 Evacuation Pause) 7950M->3046M(10240M) 159.713ms
[628.686s][info][gc,cpu         ] GC(122) User=1.26s Sys=0.00s Real=0.16s
....[632.144s][info][gc,start       ] GC(123) Pause Young (Normal) (G1 Evacuation Pause)
[632.144s][info][gc,task        ] GC(123) Using 8 workers of 8 for evacuation
[632.314s][info][gc,phases      ] GC(123)   Pre Evacuate Collection Set: 0.28ms
[632.314s][info][gc,phases      ] GC(123)   Merge Heap Roots: 0.63ms
[632.314s][info][gc,phases      ] GC(123)   Evacuate Collection Set: 167.65ms
[632.314s][info][gc,phases      ] GC(123)   Post Evacuate Collection Set: 1.22ms
[632.314s][info][gc,phases      ] GC(123)   Other: 0.07ms
[632.314s][info][gc,heap        ] GC(123) Eden regions: 664->0(549)
[632.314s][info][gc,heap        ] GC(123) Survivor regions: 45->53(89)
[632.314s][info][gc,heap        ] GC(123) Old regions: 260->260
[632.314s][info][gc,heap        ] GC(123) Humongous regions: 81->81
[632.314s][info][gc,metaspace   ] GC(123) Metaspace: 29893K(30400K)->29893K(30400K) NonClass: 24483K(24768K)->24483K(24768K) Class: 5409K(5632K)->5409K(5632K)
[632.314s][info][gc             ] GC(123) Pause Young (Normal) (G1 Evacuation Pause) 8358M->3110M(10240M) 169.990ms
[632.314s][info][gc,cpu         ] GC(123) User=1.34s Sys=0.00s Real=0.17s
..|.[635.099s][info][gc,start       ] GC(124) Pause Young (Normal) (G1 Evacuation Pause)
[635.099s][info][gc,task        ] GC(124) Using 8 workers of 8 for evacuation
[635.273s][info][gc,phases      ] GC(124)   Pre Evacuate Collection Set: 0.27ms
[635.273s][info][gc,phases      ] GC(124)   Merge Heap Roots: 0.57ms
[635.273s][info][gc,phases      ] GC(124)   Evacuate Collection Set: 171.30ms
[635.273s][info][gc,phases      ] GC(124)   Post Evacuate Collection Set: 1.09ms
[635.273s][info][gc,phases      ] GC(124)   Other: 0.06ms
[635.273s][info][gc,heap        ] GC(124) Eden regions: 539->0(696)
[635.273s][info][gc,heap        ] GC(124) Survivor regions: 53->46(74)
[635.273s][info][gc,heap        ] GC(124) Old regions: 260->269
[635.273s][info][gc,heap        ] GC(124) Humongous regions: 81->81
[635.273s][info][gc,metaspace   ] GC(124) Metaspace: 29893K(30400K)->29893K(30400K) NonClass: 24483K(24768K)->24483K(24768K) Class: 5409K(5632K)->5409K(5632K)
[635.273s][info][gc             ] GC(124) Pause Young (Normal) (G1 Evacuation Pause) 7422M->3133M(10240M) 173.427ms
[635.273s][info][gc,cpu         ] GC(124) User=1.37s Sys=0.00s Real=0.17s
....[638.914s][info][gc,start       ] GC(125) Pause Young (Normal) (G1 Evacuation Pause)
[638.914s][info][gc,task        ] GC(125) Using 8 workers of 8 for evacuation
[639.076s][info][gc,phases      ] GC(125)   Pre Evacuate Collection Set: 0.27ms
[639.076s][info][gc,phases      ] GC(125)   Merge Heap Roots: 0.58ms
[639.076s][info][gc,phases      ] GC(125)   Evacuate Collection Set: 159.95ms
[639.076s][info][gc,phases      ] GC(125)   Post Evacuate Collection Set: 1.24ms
[639.076s][info][gc,phases      ] GC(125)   Other: 0.07ms
[639.076s][info][gc,heap        ] GC(125) Eden regions: 692->0(657)
[639.076s][info][gc,heap        ] GC(125) Survivor regions: 46->51(93)
[639.076s][info][gc,heap        ] GC(125) Old regions: 269->269
[639.076s][info][gc,heap        ] GC(125) Humongous regions: 81->81
[639.076s][info][gc,metaspace   ] GC(125) Metaspace: 29893K(30400K)->29893K(30400K) NonClass: 24483K(24768K)->24483K(24768K) Class: 5409K(5632K)->5409K(5632K)
[639.076s][info][gc             ] GC(125) Pause Young (Normal) (G1 Evacuation Pause) 8669M->3169M(10240M) 162.252ms
[639.076s][info][gc,cpu         ] GC(125) User=1.27s Sys=0.00s Real=0.17s
...[642.430s][info][gc,start       ] GC(126) Pause Young (Normal) (G1 Evacuation Pause)
[642.430s][info][gc,task        ] GC(126) Using 8 workers of 8 for evacuation
[642.609s][info][gc,phases      ] GC(126)   Pre Evacuate Collection Set: 0.28ms
[642.609s][info][gc,phases      ] GC(126)   Merge Heap Roots: 0.60ms
[642.609s][info][gc,phases      ] GC(126)   Evacuate Collection Set: 176.45ms
[642.609s][info][gc,phases      ] GC(126)   Post Evacuate Collection Set: 1.22ms
[642.609s][info][gc,phases      ] GC(126)   Other: 0.08ms
[642.609s][info][gc,heap        ] GC(126) Eden regions: 646->0(598)
[642.609s][info][gc,heap        ] GC(126) Survivor regions: 51->54(88)
[642.609s][info][gc,heap        ] GC(126) Old regions: 269->273
[642.609s][info][gc,heap        ] GC(126) Humongous regions: 81->81
[642.609s][info][gc,metaspace   ] GC(126) Metaspace: 29893K(30400K)->29893K(30400K) NonClass: 24483K(24768K)->24483K(24768K) Class: 5409K(5632K)->5409K(5632K)
[642.609s][info][gc             ] GC(126) Pause Young (Normal) (G1 Evacuation Pause) 8337M->3221M(10240M) 178.770ms
[642.609s][info][gc,cpu         ] GC(126) User=1.40s Sys=0.00s Real=0.18s
...[645.751s][info][gc,start       ] GC(127) Pause Young (Normal) (G1 Evacuation Pause)
[645.751s][info][gc,task        ] GC(127) Using 8 workers of 8 for evacuation
[645.923s][info][gc,phases      ] GC(127)   Pre Evacuate Collection Set: 0.27ms
[645.923s][info][gc,phases      ] GC(127)   Merge Heap Roots: 0.56ms
[645.923s][info][gc,phases      ] GC(127)   Evacuate Collection Set: 169.50ms
[645.923s][info][gc,phases      ] GC(127)   Post Evacuate Collection Set: 1.15ms
[645.923s][info][gc,phases      ] GC(127)   Other: 0.07ms
[645.923s][info][gc,heap        ] GC(127) Eden regions: 594->0(722)
[645.923s][info][gc,heap        ] GC(127) Survivor regions: 54->46(81)
[645.923s][info][gc,heap        ] GC(127) Old regions: 273->283
[645.923s][info][gc,heap        ] GC(127) Humongous regions: 81->81
[645.923s][info][gc,metaspace   ] GC(127) Metaspace: 29893K(30400K)->29893K(30400K) NonClass: 24483K(24768K)->24483K(24768K) Class: 5409K(5632K)->5409K(5632K)
[645.923s][info][gc             ] GC(127) Pause Young (Normal) (G1 Evacuation Pause) 7973M->3239M(10240M) 171.695ms
[645.923s][info][gc,cpu         ] GC(127) User=1.35s Sys=0.00s Real=0.17s
....[649.590s][info][gc,start       ] GC(128) Pause Young (Normal) (G1 Evacuation Pause)
[649.590s][info][gc,task        ] GC(128) Using 8 workers of 8 for evacuation
[649.761s][info][gc,phases      ] GC(128)   Pre Evacuate Collection Set: 0.28ms
[649.761s][info][gc,phases      ] GC(128)   Merge Heap Roots: 0.62ms
[649.761s][info][gc,phases      ] GC(128)   Evacuate Collection Set: 168.27ms
[649.761s][info][gc,phases      ] GC(128)   Post Evacuate Collection Set: 1.31ms
[649.761s][info][gc,phases      ] GC(128)   Other: 0.07ms
[649.761s][info][gc,heap        ] GC(128) Eden regions: 722->0(637)
[649.761s][info][gc,heap        ] GC(128) Survivor regions: 46->53(96)
[649.761s][info][gc,heap        ] GC(128) Old regions: 283->283
[649.761s][info][gc,heap        ] GC(128) Humongous regions: 81->81
[649.761s][info][gc,metaspace   ] GC(128) Metaspace: 29893K(30400K)->29893K(30400K) NonClass: 24483K(24768K)->24483K(24768K) Class: 5409K(5632K)->5409K(5632K)
[649.761s][info][gc             ] GC(128) Pause Young (Normal) (G1 Evacuation Pause) 9015M->3295M(10240M) 170.689ms
[649.761s][info][gc,cpu         ] GC(128) User=1.34s Sys=0.00s Real=0.17s
....[653.087s][info][gc,start       ] GC(129) Pause Young (Normal) (G1 Evacuation Pause)
[653.087s][info][gc,task        ] GC(129) Using 8 workers of 8 for evacuation
[653.260s][info][gc,phases      ] GC(129)   Pre Evacuate Collection Set: 0.29ms
[653.260s][info][gc,phases      ] GC(129)   Merge Heap Roots: 0.60ms
[653.260s][info][gc,phases      ] GC(129)   Evacuate Collection Set: 170.72ms
[653.260s][info][gc,phases      ] GC(129)   Post Evacuate Collection Set: 1.18ms
[653.260s][info][gc,phases      ] GC(129)   Other: 0.06ms
[653.260s][info][gc,heap        ] GC(129) Eden regions: 630->0(721)
[653.260s][info][gc,heap        ] GC(129) Survivor regions: 53->47(86)
[653.260s][info][gc,heap        ] GC(129) Old regions: 283->291
[653.260s][info][gc,heap        ] GC(129) Humongous regions: 81->81
[653.260s][info][gc,metaspace   ] GC(129) Metaspace: 29893K(30400K)->29893K(30400K) NonClass: 24483K(24768K)->24483K(24768K) Class: 5409K(5632K)->5409K(5632K)
[653.260s][info][gc             ] GC(129) Pause Young (Normal) (G1 Evacuation Pause) 8335M->3316M(10240M) 172.997ms
[653.260s][info][gc,cpu         ] GC(129) User=1.36s Sys=0.01s Real=0.17s
....[657.019s][info][gc,start       ] GC(130) Pause Young (Normal) (G1 Evacuation Pause)
[657.019s][info][gc,task        ] GC(130) Using 8 workers of 8 for evacuation
[657.189s][info][gc,phases      ] GC(130)   Pre Evacuate Collection Set: 0.29ms
[657.189s][info][gc,phases      ] GC(130)   Merge Heap Roots: 0.62ms
[657.189s][info][gc,phases      ] GC(130)   Evacuate Collection Set: 168.11ms
[657.189s][info][gc,phases      ] GC(130)   Post Evacuate Collection Set: 1.30ms
[657.189s][info][gc,phases      ] GC(130)   Other: 0.06ms
[657.189s][info][gc,heap        ] GC(130) Eden regions: 721->0(676)
[657.189s][info][gc,heap        ] GC(130) Survivor regions: 47->53(96)
[657.189s][info][gc,heap        ] GC(130) Old regions: 291->291
[657.189s][info][gc,heap        ] GC(130) Humongous regions: 81->81
[657.189s][info][gc,metaspace   ] GC(130) Metaspace: 29893K(30400K)->29893K(30400K) NonClass: 24483K(24768K)->24483K(24768K) Class: 5409K(5632K)->5409K(5632K)
[657.190s][info][gc             ] GC(130) Pause Young (Normal) (G1 Evacuation Pause) 9084M->3364M(10240M) 170.524ms
[657.190s][info][gc,cpu         ] GC(130) User=1.34s Sys=0.00s Real=0.17s
...[660.658s][info][gc,start       ] GC(131) Pause Young (Normal) (G1 Evacuation Pause)
[660.658s][info][gc,task        ] GC(131) Using 8 workers of 8 for evacuation
[660.840s][info][gc,phases      ] GC(131)   Pre Evacuate Collection Set: 0.28ms
[660.840s][info][gc,phases      ] GC(131)   Merge Heap Roots: 0.67ms
[660.840s][info][gc,phases      ] GC(131)   Evacuate Collection Set: 179.49ms
[660.840s][info][gc,phases      ] GC(131)   Post Evacuate Collection Set: 1.38ms
[660.840s][info][gc,phases      ] GC(131)   Other: 0.07ms
[660.840s][info][gc,heap        ] GC(131) Eden regions: 670->0(622)
[660.840s][info][gc,heap        ] GC(131) Survivor regions: 53->55(91)
[660.840s][info][gc,heap        ] GC(131) Old regions: 291->294
[660.840s][info][gc,heap        ] GC(131) Humongous regions: 81->81
[660.840s][info][gc,metaspace   ] GC(131) Metaspace: 29893K(30400K)->29893K(30400K) NonClass: 24483K(24768K)->24483K(24768K) Class: 5409K(5632K)->5409K(5632K)
[660.840s][info][gc             ] GC(131) Pause Young (Normal) (G1 Evacuation Pause) 8724M->3401M(10240M) 182.023ms
[660.840s][info][gc,cpu         ] GC(131) User=1.43s Sys=0.00s Real=0.18s
.... (rIR:aIR:PR = 12832:12858:12618) (tPR = 186420) [OK] 
   663s: Performing snapshot: (quiescence[664.089s][info][gc,start       ] GC(132) Pause Young (Normal) (G1 Evacuation Pause)
[664.089s][info][gc,task        ] GC(132) Using 8 workers of 8 for evacuation
[664.264s][info][gc,phases      ] GC(132)   Pre Evacuate Collection Set: 0.29ms
[664.264s][info][gc,phases      ] GC(132)   Merge Heap Roots: 0.69ms
[664.264s][info][gc,phases      ] GC(132)   Evacuate Collection Set: 172.85ms
[664.264s][info][gc,phases      ] GC(132)   Post Evacuate Collection Set: 1.23ms
[664.264s][info][gc,phases      ] GC(132)   Other: 0.07ms
[664.264s][info][gc,heap        ] GC(132) Eden regions: 620->0(721)
[664.264s][info][gc,heap        ] GC(132) Survivor regions: 55->47(85)
[664.264s][info][gc,heap        ] GC(132) Old regions: 294->304
[664.264s][info][gc,heap        ] GC(132) Humongous regions: 81->81
[664.264s][info][gc,metaspace   ] GC(132) Metaspace: 29893K(30400K)->29893K(30400K) NonClass: 24483K(24768K)->24483K(24768K) Class: 5409K(5632K)->5409K(5632K)
[664.264s][info][gc             ] GC(132) Pause Young (Normal) (G1 Evacuation Pause) 8361M->3412M(10240M) 175.258ms
[664.264s][info][gc,cpu         ] GC(132) User=1.38s Sys=0.00s Real=0.17s
.....) (stop TxI) (stop BE) (saving... 234460 Kb) (term) [674.394s][info][gc,start       ] GC(133) Pause Full (System.gc())
[674.394s][info][gc,task        ] GC(133) Using 8 workers of 8 for full compaction
[674.394s][info][gc,phases,start] GC(133) Phase 1: Mark live objects
[674.412s][info][gc,phases      ] GC(133) Phase 1: Mark live objects 17.621ms
[674.412s][info][gc,phases,start] GC(133) Phase 2: Prepare compaction
[674.417s][info][gc,phases      ] GC(133) Phase 2: Prepare compaction 5.605ms
[674.417s][info][gc,phases,start] GC(133) Phase 3: Adjust pointers
[674.428s][info][gc,phases      ] GC(133) Phase 3: Adjust pointers 10.612ms
[674.428s][info][gc,phases,start] GC(133) Phase 4: Compact heap
[674.433s][info][gc,phases      ] GC(133) Phase 4: Compact heap 5.340ms
[674.433s][info][gc,phases,start] GC(133) Phase 5: Reset Metadata
[674.437s][info][gc,phases      ] GC(133) Phase 5: Reset Metadata 3.938ms
[674.448s][info][gc,heap        ] GC(133) Eden regions: 178->0(768)
[674.448s][info][gc,heap        ] GC(133) Survivor regions: 47->0(85)
[674.448s][info][gc,heap        ] GC(133) Old regions: 304->14
[674.448s][info][gc,heap        ] GC(133) Humongous regions: 245->33
[674.448s][info][gc,metaspace   ] GC(133) Metaspace: 29893K(30400K)->29893K(30400K) NonClass: 24483K(24768K)->24483K(24768K) Class: 5409K(5632K)->5409K(5632K)
[674.448s][info][gc             ] GC(133) Pause Full (System.gc()) 6145M->333M(10240M) 54.300ms
[674.448s][info][gc,cpu         ] GC(133) User=0.35s Sys=0.01s Real=0.06s
(init) ...
   679s:       rampup IR =      0 ... (rIR:aIR:PR = 0:0:0) (tPR = 0) [OK] 
   682s:       rampup IR =   1283 .... (rIR:aIR:PR = 1283:1284:1284) (tPR = 19526) [OK] 
   686s:       rampup IR =   2566 .... (rIR:aIR:PR = 2566:2539:2539) (tPR = 37820) [OK] 
   690s:       rampup IR =   3850 .[692.061s][info][gc,start       ] GC(134) Pause Young (Normal) (G1 Evacuation Pause)
[692.061s][info][gc,task        ] GC(134) Using 8 workers of 8 for evacuation
[692.806s][info][gc,mmu         ] GC(134) MMU target violated: 201.0ms (200.0ms/201.0ms)
[692.806s][info][gc,phases      ] GC(134)   Pre Evacuate Collection Set: 0.31ms
[692.806s][info][gc,phases      ] GC(134)   Merge Heap Roots: 0.91ms
[692.806s][info][gc,phases      ] GC(134)   Evacuate Collection Set: 741.16ms
[692.806s][info][gc,phases      ] GC(134)   Post Evacuate Collection Set: 1.63ms
[692.806s][info][gc,phases      ] GC(134)   Other: 0.12ms
[692.806s][info][gc,heap        ] GC(134) Eden regions: 768->0(355)
[692.806s][info][gc,heap        ] GC(134) Survivor regions: 0->96(96)
[692.806s][info][gc,heap        ] GC(134) Old regions: 14->67
[692.806s][info][gc,heap        ] GC(134) Humongous regions: 86->81
[692.806s][info][gc,metaspace   ] GC(134) Metaspace: 29920K(30400K)->29920K(30400K) NonClass: 24510K(24768K)->24510K(24768K) Class: 5409K(5632K)->5409K(5632K)
[692.806s][info][gc             ] GC(134) Pause Young (Normal) (G1 Evacuation Pause) 6901M->1909M(10240M) 744.249ms
[692.806s][info][gc,cpu         ] GC(134) User=5.85s Sys=0.00s Real=0.75s
.... (rIR:aIR:PR = 3850:3860:3860) (tPR = 56461) [OK] 
   695s:       rampup IR =   5133 .[697.630s][info][gc,start       ] GC(135) Pause Young (Normal) (G1 Evacuation Pause)
[697.630s][info][gc,task        ] GC(135) Using 8 workers of 8 for evacuation
[698.044s][info][gc,mmu         ] GC(135) MMU target violated: 201.0ms (200.0ms/201.0ms)
[698.044s][info][gc,phases      ] GC(135)   Pre Evacuate Collection Set: 0.29ms
[698.044s][info][gc,phases      ] GC(135)   Merge Heap Roots: 0.81ms
[698.044s][info][gc,phases      ] GC(135)   Evacuate Collection Set: 412.29ms
[698.044s][info][gc,phases      ] GC(135)   Post Evacuate Collection Set: 0.78ms
[698.044s][info][gc,phases      ] GC(135)   Other: 0.10ms
[698.044s][info][gc,heap        ] GC(135) Eden regions: 352->0(224)
[698.044s][info][gc,heap        ] GC(135) Survivor regions: 96->23(56)
[698.044s][info][gc,heap        ] GC(135) Old regions: 67->162
[698.044s][info][gc,heap        ] GC(135) Humongous regions: 81->81
[698.044s][info][gc,metaspace   ] GC(135) Metaspace: 29922K(30400K)->29922K(30400K) NonClass: 24512K(24768K)->24512K(24768K) Class: 5409K(5632K)->5409K(5632K)
[698.044s][info][gc             ] GC(135) Pause Young (Normal) (G1 Evacuation Pause) 4725M->2081M(10240M) 414.374ms
[698.044s][info][gc,cpu         ] GC(135) User=3.26s Sys=0.00s Real=0.41s
.... (rIR:aIR:PR = 5133:5112:5112) (tPR = 76134) [OK] 
   700s:       rampup IR =   6416 [701.646s][info][gc,start       ] GC(136) Pause Young (Normal) (G1 Evacuation Pause)
[701.646s][info][gc,task        ] GC(136) Using 8 workers of 8 for evacuation
[701.752s][info][gc,phases      ] GC(136)   Pre Evacuate Collection Set: 0.26ms
[701.752s][info][gc,phases      ] GC(136)   Merge Heap Roots: 0.45ms
[701.752s][info][gc,phases      ] GC(136)   Evacuate Collection Set: 104.64ms
[701.752s][info][gc,phases      ] GC(136)   Post Evacuate Collection Set: 0.86ms
[701.752s][info][gc,phases      ] GC(136)   Other: 0.06ms
[701.752s][info][gc,heap        ] GC(136) Eden regions: 314->0(149)
[701.752s][info][gc,heap        ] GC(136) Survivor regions: 23->34(43)
[701.752s][info][gc,heap        ] GC(136) Old regions: 162->162
[701.752s][info][gc,heap        ] GC(136) Humongous regions: 81->81
[701.752s][info][gc,metaspace   ] GC(136) Metaspace: 29922K(30400K)->29922K(30400K) NonClass: 24512K(24768K)->24512K(24768K) Class: 5409K(5632K)->5409K(5632K)
[701.752s][info][gc             ] GC(136) Pause Young (Normal) (G1 Evacuation Pause) 4593M->2169M(10240M) 106.394ms
[701.752s][info][gc,cpu         ] GC(136) User=0.83s Sys=0.00s Real=0.10s
...[704.068s][info][gc,start       ] GC(137) Pause Young (Normal) (G1 Evacuation Pause)
[704.068s][info][gc,task        ] GC(137) Using 8 workers of 8 for evacuation
[704.182s][info][gc,phases      ] GC(137)   Pre Evacuate Collection Set: 0.27ms
[704.182s][info][gc,phases      ] GC(137)   Merge Heap Roots: 0.46ms
[704.182s][info][gc,phases      ] GC(137)   Evacuate Collection Set: 112.46ms
[704.182s][info][gc,phases      ] GC(137)   Post Evacuate Collection Set: 0.68ms
[704.182s][info][gc,phases      ] GC(137)   Other: 0.06ms
[704.182s][info][gc,heap        ] GC(137) Eden regions: 233->0(388)
[704.182s][info][gc,heap        ] GC(137) Survivor regions: 34->16(34)
[704.182s][info][gc,heap        ] GC(137) Old regions: 162->187
[704.182s][info][gc,heap        ] GC(137) Humongous regions: 81->81
[704.182s][info][gc,metaspace   ] GC(137) Metaspace: 29922K(30400K)->29922K(30400K) NonClass: 24512K(24768K)->24512K(24768K) Class: 5409K(5632K)->5409K(5632K)
[704.182s][info][gc             ] GC(137) Pause Young (Normal) (G1 Evacuation Pause) 4033M->2229M(10240M) 114.077ms
[704.182s][info][gc,cpu         ] GC(137) User=0.90s Sys=0.00s Real=0.11s
. (rIR:aIR:PR = 6416:6463:6463) (tPR = 98604) [OK] 
   704s:       rampup IR =   7699 ...[708.269s][info][gc,start       ] GC(138) Pause Young (Normal) (G1 Evacuation Pause)
[708.269s][info][gc,task        ] GC(138) Using 8 workers of 8 for evacuation
[708.375s][info][gc,phases      ] GC(138)   Pre Evacuate Collection Set: 0.29ms
[708.375s][info][gc,phases      ] GC(138)   Merge Heap Roots: 0.46ms
[708.375s][info][gc,phases      ] GC(138)   Evacuate Collection Set: 104.51ms
[708.375s][info][gc,phases      ] GC(138)   Post Evacuate Collection Set: 0.91ms
[708.375s][info][gc,phases      ] GC(138)   Other: 0.07ms
[708.375s][info][gc,heap        ] GC(138) Eden regions: 448->0(311)
[708.375s][info][gc,heap        ] GC(138) Survivor regions: 16->34(58)
[708.375s][info][gc,heap        ] GC(138) Old regions: 187->187
[708.375s][info][gc,heap        ] GC(138) Humongous regions: 81->81
[708.375s][info][gc,metaspace   ] GC(138) Metaspace: 29922K(30400K)->29922K(30400K) NonClass: 24512K(24768K)->24512K(24768K) Class: 5409K(5632K)->5409K(5632K)
[708.375s][info][gc             ] GC(138) Pause Young (Normal) (G1 Evacuation Pause) 5813M->2369M(10240M) 106.373ms
[708.375s][info][gc,cpu         ] GC(138) User=0.84s Sys=0.00s Real=0.10s
. (rIR:aIR:PR = 7699:7706:7706) (tPR = 113372) [OK] 
   708s:       rampup IR =   8982 .[710.826s][info][gc,start       ] GC(139) Pause Young (Normal) (G1 Evacuation Pause)
[710.826s][info][gc,task        ] GC(139) Using 8 workers of 8 for evacuation
[710.952s][info][gc,phases      ] GC(139)   Pre Evacuate Collection Set: 0.28ms
[710.952s][info][gc,phases      ] GC(139)   Merge Heap Roots: 0.40ms
[710.952s][info][gc,phases      ] GC(139)   Evacuate Collection Set: 124.27ms
[710.952s][info][gc,phases      ] GC(139)   Post Evacuate Collection Set: 0.73ms
[710.952s][info][gc,phases      ] GC(139)   Other: 0.05ms
[710.952s][info][gc,heap        ] GC(139) Eden regions: 326->0(523)
[710.952s][info][gc,heap        ] GC(139) Survivor regions: 34->22(45)
[710.952s][info][gc,heap        ] GC(139) Old regions: 187->209
[710.952s][info][gc,heap        ] GC(139) Humongous regions: 81->81
[710.952s][info][gc,metaspace   ] GC(139) Metaspace: 29924K(30400K)->29924K(30400K) NonClass: 24514K(24768K)->24514K(24768K) Class: 5409K(5632K)->5409K(5632K)
[710.952s][info][gc             ] GC(139) Pause Young (Normal) (G1 Evacuation Pause) 4977M->2448M(10240M) 125.884ms
[710.952s][info][gc,cpu         ] GC(139) User=1.00s Sys=0.00s Real=0.12s
... (rIR:aIR:PR = 8982:9328:9370) (tPR = 140018) [OK] 
   712s:       rampup IR =  10266 .[714.694s][info][gc,start       ] GC(140) Pause Young (Normal) (G1 Evacuation Pause)
[714.694s][info][gc,task        ] GC(140) Using 8 workers of 8 for evacuation
[714.817s][info][gc,phases      ] GC(140)   Pre Evacuate Collection Set: 0.30ms
[714.817s][info][gc,phases      ] GC(140)   Merge Heap Roots: 0.46ms
[714.817s][info][gc,phases      ] GC(140)   Evacuate Collection Set: 121.20ms
[714.817s][info][gc,phases      ] GC(140)   Post Evacuate Collection Set: 1.05ms
[714.817s][info][gc,phases      ] GC(140)   Other: 0.06ms
[714.817s][info][gc,heap        ] GC(140) Eden regions: 539->0(371)
[714.817s][info][gc,heap        ] GC(140) Survivor regions: 22->39(71)
[714.817s][info][gc,heap        ] GC(140) Old regions: 209->209
[714.817s][info][gc,heap        ] GC(140) Humongous regions: 81->81
[714.817s][info][gc,metaspace   ] GC(140) Metaspace: 29924K(30400K)->29924K(30400K) NonClass: 24514K(24768K)->24514K(24768K) Class: 5409K(5632K)->5409K(5632K)
[714.817s][info][gc             ] GC(140) Pause Young (Normal) (G1 Evacuation Pause) 6760M->2588M(10240M) 123.197ms
[714.817s][info][gc,cpu         ] GC(140) User=0.97s Sys=0.00s Real=0.13s
... (rIR:aIR:PR = 10266:10138:10073) (tPR = 144120) [OK] 
   716s:       rampup IR =  11549 [717.297s][info][gc,start       ] GC(141) Pause Young (Normal) (G1 Evacuation Pause)
[717.297s][info][gc,task        ] GC(141) Using 8 workers of 8 for evacuation
[717.435s][info][gc,phases      ] GC(141)   Pre Evacuate Collection Set: 0.27ms
[717.435s][info][gc,phases      ] GC(141)   Merge Heap Roots: 0.47ms
[717.435s][info][gc,phases      ] GC(141)   Evacuate Collection Set: 136.45ms
[717.435s][info][gc,phases      ] GC(141)   Post Evacuate Collection Set: 0.78ms
[717.435s][info][gc,phases      ] GC(141)   Other: 0.07ms
[717.435s][info][gc,heap        ] GC(141) Eden regions: 384->0(626)
[717.435s][info][gc,heap        ] GC(141) Survivor regions: 39->24(53)
[717.435s][info][gc,heap        ] GC(141) Old regions: 209->231
[717.435s][info][gc,heap        ] GC(141) Humongous regions: 81->81
[717.435s][info][gc,metaspace   ] GC(141) Metaspace: 29924K(30400K)->29924K(30400K) NonClass: 24514K(24768K)->24514K(24768K) Class: 5409K(5632K)->5409K(5632K)
[717.435s][info][gc             ] GC(141) Pause Young (Normal) (G1 Evacuation Pause) 5660M->2645M(10240M) 138.164ms
[717.435s][info][gc,cpu         ] GC(141) User=1.09s Sys=0.01s Real=0.13s
...[721.037s][info][gc,start       ] GC(142) Pause Young (Normal) (G1 Evacuation Pause)
[721.037s][info][gc,task        ] GC(142) Using 8 workers of 8 for evacuation
[721.168s][info][gc,phases      ] GC(142)   Pre Evacuate Collection Set: 0.29ms
[721.168s][info][gc,phases      ] GC(142)   Merge Heap Roots: 0.51ms
[721.168s][info][gc,phases      ] GC(142)   Evacuate Collection Set: 129.30ms
[721.168s][info][gc,phases      ] GC(142)   Post Evacuate Collection Set: 1.11ms
[721.168s][info][gc,phases      ] GC(142)   Other: 0.07ms
[721.168s][info][gc,heap        ] GC(142) Eden regions: 634->0(491)
[721.168s][info][gc,heap        ] GC(142) Survivor regions: 24->41(83)
[721.168s][info][gc,heap        ] GC(142) Old regions: 231->231
[721.168s][info][gc,heap        ] GC(142) Humongous regions: 81->81
[721.168s][info][gc,metaspace   ] GC(142) Metaspace: 29924K(30400K)->29924K(30400K) NonClass: 24514K(24768K)->24514K(24768K) Class: 5409K(5632K)->5409K(5632K)
[721.168s][info][gc             ] GC(142) Pause Young (Normal) (G1 Evacuation Pause) 7717M->2781M(10240M) 131.424ms
[721.168s][info][gc,cpu         ] GC(142) User=1.03s Sys=0.00s Real=0.13s
...[723.941s][info][gc,start       ] GC(143) Pause Young (Normal) (G1 Evacuation Pause)
[723.941s][info][gc,task        ] GC(143) Using 8 workers of 8 for evacuation
[724.089s][info][gc,phases      ] GC(143)   Pre Evacuate Collection Set: 0.30ms
[724.089s][info][gc,phases      ] GC(143)   Merge Heap Roots: 0.48ms
[724.089s][info][gc,phases      ] GC(143)   Evacuate Collection Set: 146.20ms
[724.089s][info][gc,phases      ] GC(143)   Post Evacuate Collection Set: 0.99ms
[724.089s][info][gc,phases      ] GC(143)   Other: 0.06ms
[724.089s][info][gc,heap        ] GC(143) Eden regions: 490->0(519)
[724.089s][info][gc,heap        ] GC(143) Survivor regions: 41->43(67)
[724.089s][info][gc,heap        ] GC(143) Old regions: 231->237
[724.089s][info][gc,heap        ] GC(143) Humongous regions: 81->81
[724.089s][info][gc,metaspace   ] GC(143) Metaspace: 29924K(30400K)->29924K(30400K) NonClass: 24514K(24768K)->24514K(24768K) Class: 5409K(5632K)->5409K(5632K)
[724.089s][info][gc             ] GC(143) Pause Young (Normal) (G1 Evacuation Pause) 6701M->2841M(10240M) 148.177ms
[724.089s][info][gc,cpu         ] GC(143) User=1.17s Sys=0.00s Real=0.15s
. (rIR:aIR:PR = 11549:11415:11230) (tPR = 169612) [OK] 
   723s:       rampup IR =  12832 ..[726.854s][info][gc,start       ] GC(144) Pause Young (Normal) (G1 Evacuation Pause)
[726.854s][info][gc,task        ] GC(144) Using 8 workers of 8 for evacuation
[727.015s][info][gc,phases      ] GC(144)   Pre Evacuate Collection Set: 0.29ms
[727.015s][info][gc,phases      ] GC(144)   Merge Heap Roots: 0.52ms
[727.015s][info][gc,phases      ] GC(144)   Evacuate Collection Set: 158.81ms
[727.015s][info][gc,phases      ] GC(144)   Post Evacuate Collection Set: 1.02ms
[727.015s][info][gc,phases      ] GC(144)   Other: 0.06ms
[727.015s][info][gc,heap        ] GC(144) Eden regions: 517->0(534)
[727.015s][info][gc,heap        ] GC(144) Survivor regions: 43->44(70)
[727.015s][info][gc,heap        ] GC(144) Old regions: 237->246
[727.015s][info][gc,heap        ] GC(144) Humongous regions: 81->81
[727.015s][info][gc,metaspace   ] GC(144) Metaspace: 29924K(30400K)->29924K(30400K) NonClass: 24514K(24768K)->24514K(24768K) Class: 5409K(5632K)->5409K(5632K)
[727.015s][info][gc             ] GC(144) Pause Young (Normal) (G1 Evacuation Pause) 6977M->2921M(10240M) 160.835ms
[727.015s][info][gc,cpu         ] GC(144) User=1.27s Sys=0.00s Real=0.16s
...[729.794s][info][gc,start       ] GC(145) Pause Young (Normal) (G1 Evacuation Pause)
[729.794s][info][gc,task        ] GC(145) Using 8 workers of 8 for evacuation
[729.949s][info][gc,phases      ] GC(145)   Pre Evacuate Collection Set: 0.28ms
[729.949s][info][gc,phases      ] GC(145)   Merge Heap Roots: 0.48ms
[729.949s][info][gc,phases      ] GC(145)   Evacuate Collection Set: 152.66ms
[729.949s][info][gc,phases      ] GC(145)   Post Evacuate Collection Set: 0.99ms
[729.949s][info][gc,phases      ] GC(145)   Other: 0.06ms
[729.949s][info][gc,heap        ] GC(145) Eden regions: 534->0(591)
[729.949s][info][gc,heap        ] GC(145) Survivor regions: 44->43(73)
[729.949s][info][gc,heap        ] GC(145) Old regions: 246->253
[729.949s][info][gc,heap        ] GC(145) Humongous regions: 81->81
[729.949s][info][gc,metaspace   ] GC(145) Metaspace: 29924K(30400K)->29924K(30400K) NonClass: 24514K(24768K)->24514K(24768K) Class: 5409K(5632K)->5409K(5632K)
[729.949s][info][gc             ] GC(145) Pause Young (Normal) (G1 Evacuation Pause) 7193M->2973M(10240M) 154.616ms
[729.949s][info][gc,cpu         ] GC(145) User=1.22s Sys=0.00s Real=0.16s
.. (rIR:aIR:PR = 12832:12676:12396) (tPR = 190122) [OK] 
   730s:       trying IR =  12932 .[733.093s][info][gc,start       ] GC(146) Pause Young (Normal) (G1 Evacuation Pause)
[733.093s][info][gc,task        ] GC(146) Using 8 workers of 8 for evacuation
[733.250s][info][gc,phases      ] GC(146)   Pre Evacuate Collection Set: 0.27ms
[733.250s][info][gc,phases      ] GC(146)   Merge Heap Roots: 0.53ms
[733.250s][info][gc,phases      ] GC(146)   Evacuate Collection Set: 155.12ms
[733.250s][info][gc,phases      ] GC(146)   Post Evacuate Collection Set: 1.05ms
[733.250s][info][gc,phases      ] GC(146)   Other: 0.07ms
[733.250s][info][gc,heap        ] GC(146) Eden regions: 589->0(622)
[733.250s][info][gc,heap        ] GC(146) Survivor regions: 43->44(79)
[733.250s][info][gc,heap        ] GC(146) Old regions: 253->260
[733.250s][info][gc,heap        ] GC(146) Humongous regions: 81->81
[733.250s][info][gc,metaspace   ] GC(146) Metaspace: 29924K(30400K)->29924K(30400K) NonClass: 24514K(24768K)->24514K(24768K) Class: 5409K(5632K)->5409K(5632K)
[733.250s][info][gc             ] GC(146) Pause Young (Normal) (G1 Evacuation Pause) 7685M->3032M(10240M) 157.177ms
[733.250s][info][gc,cpu         ] GC(146) User=1.24s Sys=0.00s Real=0.16s
....[736.479s][info][gc,start       ] GC(147) Pause Young (Normal) (G1 Evacuation Pause)
[736.479s][info][gc,task        ] GC(147) Using 8 workers of 8 for evacuation
[736.638s][info][gc,phases      ] GC(147)   Pre Evacuate Collection Set: 0.29ms
[736.638s][info][gc,phases      ] GC(147)   Merge Heap Roots: 0.56ms
[736.638s][info][gc,phases      ] GC(147)   Evacuate Collection Set: 156.74ms
[736.638s][info][gc,phases      ] GC(147)   Post Evacuate Collection Set: 1.16ms
[736.638s][info][gc,phases      ] GC(147)   Other: 0.06ms
[736.638s][info][gc,heap        ] GC(147) Eden regions: 616->0(650)
[736.638s][info][gc,heap        ] GC(147) Survivor regions: 44->45(83)
[736.638s][info][gc,heap        ] GC(147) Old regions: 260->267
[736.638s][info][gc,heap        ] GC(147) Humongous regions: 81->81
[736.638s][info][gc,metaspace   ] GC(147) Metaspace: 29924K(30400K)->29924K(30400K) NonClass: 24514K(24768K)->24514K(24768K) Class: 5409K(5632K)->5409K(5632K)
[736.638s][info][gc             ] GC(147) Pause Young (Normal) (G1 Evacuation Pause) 7960M->3095M(10240M) 158.944ms
[736.638s][info][gc,cpu         ] GC(147) User=1.25s Sys=0.00s Real=0.16s
...[739.998s][info][gc,start       ] GC(148) Pause Young (Normal) (G1 Evacuation Pause)
[739.998s][info][gc,task        ] GC(148) Using 8 workers of 8 for evacuation
[740.163s][info][gc,phases      ] GC(148)   Pre Evacuate Collection Set: 0.29ms
[740.163s][info][gc,phases      ] GC(148)   Merge Heap Roots: 0.57ms
[740.163s][info][gc,phases      ] GC(148)   Evacuate Collection Set: 162.69ms
[740.163s][info][gc,phases      ] GC(148)   Post Evacuate Collection Set: 1.23ms
[740.163s][info][gc,phases      ] GC(148)   Other: 0.07ms
[740.163s][info][gc,heap        ] GC(148) Eden regions: 644->0(565)
[740.163s][info][gc,heap        ] GC(148) Survivor regions: 45->52(87)
[740.163s][info][gc,heap        ] GC(148) Old regions: 267->267
[740.163s][info][gc,heap        ] GC(148) Humongous regions: 81->81
[740.163s][info][gc,metaspace   ] GC(148) Metaspace: 29924K(30400K)->29924K(30400K) NonClass: 24514K(24768K)->24514K(24768K) Class: 5409K(5632K)->5409K(5632K)
[740.163s][info][gc             ] GC(148) Pause Young (Normal) (G1 Evacuation Pause) 8247M->3151M(10240M) 164.986ms
[740.163s][info][gc,cpu         ] GC(148) User=1.30s Sys=0.00s Real=0.16s
...[743.052s][info][gc,start       ] GC(149) Pause Young (Normal) (G1 Evacuation Pause)
[743.052s][info][gc,task        ] GC(149) Using 8 workers of 8 for evacuation
[743.220s][info][gc,phases      ] GC(149)   Pre Evacuate Collection Set: 0.27ms
[743.220s][info][gc,phases      ] GC(149)   Merge Heap Roots: 0.52ms
[743.220s][info][gc,phases      ] GC(149)   Evacuate Collection Set: 166.75ms
[743.220s][info][gc,phases      ] GC(149)   Post Evacuate Collection Set: 1.09ms
[743.220s][info][gc,phases      ] GC(149)   Other: 0.06ms
[743.221s][info][gc,heap        ] GC(149) Eden regions: 556->0(710)
[743.221s][info][gc,heap        ] GC(149) Survivor regions: 52->45(76)
[743.221s][info][gc,heap        ] GC(149) Old regions: 267->277
[743.221s][info][gc,heap        ] GC(149) Humongous regions: 81->81
[743.221s][info][gc,metaspace   ] GC(149) Metaspace: 29924K(30400K)->29924K(30400K) NonClass: 24514K(24768K)->24514K(24768K) Class: 5409K(5632K)->5409K(5632K)
[743.221s][info][gc             ] GC(149) Pause Young (Normal) (G1 Evacuation Pause) 7599M->3176M(10240M) 168.827ms
[743.221s][info][gc,cpu         ] GC(149) User=1.33s Sys=0.00s Real=0.17s
.... (rIR:aIR:PR = 12932:12848:12532) (tPR = 188859) [OK] 
   746s:       trying IR =  12952 [746.876s][info][gc,start       ] GC(150) Pause Young (Normal) (G1 Evacuation Pause)
[746.876s][info][gc,task        ] GC(150) Using 8 workers of 8 for evacuation
[747.041s][info][gc,phases      ] GC(150)   Pre Evacuate Collection Set: 0.27ms
[747.041s][info][gc,phases      ] GC(150)   Merge Heap Roots: 0.55ms
[747.041s][info][gc,phases      ] GC(150)   Evacuate Collection Set: 162.60ms
[747.041s][info][gc,phases      ] GC(150)   Post Evacuate Collection Set: 1.26ms
[747.041s][info][gc,phases      ] GC(150)   Other: 0.07ms
[747.041s][info][gc,heap        ] GC(150) Eden regions: 707->0(604)
[747.041s][info][gc,heap        ] GC(150) Survivor regions: 45->52(94)
[747.041s][info][gc,heap        ] GC(150) Old regions: 277->277
[747.041s][info][gc,heap        ] GC(150) Humongous regions: 81->81
[747.041s][info][gc,metaspace   ] GC(150) Metaspace: 29924K(30400K)->29924K(30400K) NonClass: 24514K(24768K)->24514K(24768K) Class: 5409K(5632K)->5409K(5632K)
[747.041s][info][gc             ] GC(150) Pause Young (Normal) (G1 Evacuation Pause) 8832M->3232M(10240M) 164.897ms
[747.041s][info][gc,cpu         ] GC(150) User=1.30s Sys=0.00s Real=0.16s
...[750.191s][info][gc,start       ] GC(151) Pause Young (Normal) (G1 Evacuation Pause)
[750.191s][info][gc,task        ] GC(151) Using 8 workers of 8 for evacuation
[750.365s][info][gc,phases      ] GC(151)   Pre Evacuate Collection Set: 0.29ms
[750.365s][info][gc,phases      ] GC(151)   Merge Heap Roots: 0.59ms
[750.365s][info][gc,phases      ] GC(151)   Evacuate Collection Set: 171.93ms
[750.365s][info][gc,phases      ] GC(151)   Post Evacuate Collection Set: 1.09ms
[750.365s][info][gc,phases      ] GC(151)   Other: 0.06ms
[750.365s][info][gc,heap        ] GC(151) Eden regions: 596->0(712)
[750.365s][info][gc,heap        ] GC(151) Survivor regions: 52->47(81)
[750.365s][info][gc,heap        ] GC(151) Old regions: 277->286
[750.365s][info][gc,heap        ] GC(151) Humongous regions: 81->81
[750.365s][info][gc,metaspace   ] GC(151) Metaspace: 29924K(30400K)->29924K(30400K) NonClass: 24514K(24768K)->24514K(24768K) Class: 5409K(5632K)->5409K(5632K)
[750.365s][info][gc             ] GC(151) Pause Young (Normal) (G1 Evacuation Pause) 8000M->3259M(10240M) 174.089ms
[750.365s][info][gc,cpu         ] GC(151) User=1.37s Sys=0.01s Real=0.17s
....[754.166s][info][gc,start       ] GC(152) Pause Young (Normal) (G1 Evacuation Pause)
[754.166s][info][gc,task        ] GC(152) Using 8 workers of 8 for evacuation
[754.332s][info][gc,phases      ] GC(152)   Pre Evacuate Collection Set: 0.29ms
[754.332s][info][gc,phases      ] GC(152)   Merge Heap Roots: 0.58ms
[754.332s][info][gc,phases      ] GC(152)   Evacuate Collection Set: 163.46ms
[754.332s][info][gc,phases      ] GC(152)   Post Evacuate Collection Set: 1.29ms
[754.332s][info][gc,phases      ] GC(152)   Other: 0.07ms
[754.332s][info][gc,heap        ] GC(152) Eden regions: 712->0(649)
[754.332s][info][gc,heap        ] GC(152) Survivor regions: 47->52(95)
[754.332s][info][gc,heap        ] GC(152) Old regions: 286->286
[754.332s][info][gc,heap        ] GC(152) Humongous regions: 81->81
[754.332s][info][gc,metaspace   ] GC(152) Metaspace: 29924K(30400K)->29924K(30400K) NonClass: 24514K(24768K)->24514K(24768K) Class: 5409K(5632K)->5409K(5632K)
[754.332s][info][gc             ] GC(152) Pause Young (Normal) (G1 Evacuation Pause) 8955M->3303M(10240M) 165.822ms
[754.332s][info][gc,cpu         ] GC(152) User=1.30s Sys=0.00s Real=0.16s
....[757.763s][info][gc,start       ] GC(153) Pause Young (Normal) (G1 Evacuation Pause)
[757.763s][info][gc,task        ] GC(153) Using 8 workers of 8 for evacuation
[757.948s][info][gc,phases      ] GC(153)   Pre Evacuate Collection Set: 0.30ms
[757.948s][info][gc,phases      ] GC(153)   Merge Heap Roots: 0.68ms
[757.948s][info][gc,phases      ] GC(153)   Evacuate Collection Set: 182.28ms
[757.948s][info][gc,phases      ] GC(153)   Post Evacuate Collection Set: 1.16ms
[757.948s][info][gc,phases      ] GC(153)   Other: 0.08ms
[757.948s][info][gc,heap        ] GC(153) Eden regions: 642->0(700)
[757.948s][info][gc,heap        ] GC(153) Survivor regions: 52->48(87)
[757.948s][info][gc,heap        ] GC(153) Old regions: 286->295
[757.948s][info][gc,heap        ] GC(153) Humongous regions: 81->81
[757.948s][info][gc,metaspace   ] GC(153) Metaspace: 29924K(30400K)->29924K(30400K) NonClass: 24514K(24768K)->24514K(24768K) Class: 5409K(5632K)->5409K(5632K)
[757.948s][info][gc             ] GC(153) Pause Young (Normal) (G1 Evacuation Pause) 8439M->3340M(10240M) 184.633ms
[757.948s][info][gc,cpu         ] GC(153) User=1.46s Sys=0.00s Real=0.19s
....[761.631s][info][gc,start       ] GC(154) Pause Young (Normal) (G1 Evacuation Pause)
[761.631s][info][gc,task        ] GC(154) Using 8 workers of 8 for evacuation
[761.800s][info][gc,phases      ] GC(154)   Pre Evacuate Collection Set: 0.27ms
[761.800s][info][gc,phases      ] GC(154)   Merge Heap Roots: 0.58ms
[761.800s][info][gc,phases      ] GC(154)   Evacuate Collection Set: 167.08ms
[761.800s][info][gc,phases      ] GC(154)   Post Evacuate Collection Set: 1.26ms
[761.800s][info][gc,phases      ] GC(154)   Other: 0.07ms
[761.800s][info][gc,heap        ] GC(154) Eden regions: 702->0(633)
[761.800s][info][gc,heap        ] GC(154) Survivor regions: 48->53(94)
[761.800s][info][gc,heap        ] GC(154) Old regions: 295->295
[761.800s][info][gc,heap        ] GC(154) Humongous regions: 81->81
[761.800s][info][gc,metaspace   ] GC(154) Metaspace: 29924K(30400K)->29924K(30400K) NonClass: 24514K(24768K)->24514K(24768K) Class: 5409K(5632K)->5409K(5632K)
[761.800s][info][gc             ] GC(154) Pause Young (Normal) (G1 Evacuation Pause) 8956M->3384M(10240M) 169.386ms
[761.800s][info][gc,cpu         ] GC(154) User=1.33s Sys=0.00s Real=0.17s
...[764.940s][info][gc,start       ] GC(155) Pause Young (Normal) (G1 Evacuation Pause)
[764.940s][info][gc,task        ] GC(155) Using 8 workers of 8 for evacuation
[765.121s][info][gc,phases      ] GC(155)   Pre Evacuate Collection Set: 0.27ms
[765.121s][info][gc,phases      ] GC(155)   Merge Heap Roots: 0.59ms
[765.121s][info][gc,phases      ] GC(155)   Evacuate Collection Set: 179.39ms
[765.121s][info][gc,phases      ] GC(155)   Post Evacuate Collection Set: 1.15ms
[765.121s][info][gc,phases      ] GC(155)   Other: 0.07ms
[765.121s][info][gc,heap        ] GC(155) Eden regions: 627->0(704)
[765.121s][info][gc,heap        ] GC(155) Survivor regions: 53->49(85)
[765.121s][info][gc,heap        ] GC(155) Old regions: 295->303
[765.121s][info][gc,heap        ] GC(155) Humongous regions: 81->81
[765.121s][info][gc,metaspace   ] GC(155) Metaspace: 29924K(30400K)->29924K(30400K) NonClass: 24514K(24768K)->24514K(24768K) Class: 5409K(5632K)->5409K(5632K)
[765.121s][info][gc             ] GC(155) Pause Young (Normal) (G1 Evacuation Pause) 8400M->3417M(10240M) 181.610ms
[765.121s][info][gc,cpu         ] GC(155) User=1.44s Sys=0.00s Real=0.18s
. (rIR:aIR:PR = 12952:12649:12432) (tPR = 189304) [OK] 
   765s:       trying IR =  12976 ...[768.868s][info][gc,start       ] GC(156) Pause Young (Normal) (G1 Evacuation Pause)
[768.868s][info][gc,task        ] GC(156) Using 8 workers of 8 for evacuation
[769.049s][info][gc,phases      ] GC(156)   Pre Evacuate Collection Set: 0.27ms
[769.049s][info][gc,phases      ] GC(156)   Merge Heap Roots: 0.59ms
[769.049s][info][gc,phases      ] GC(156)   Evacuate Collection Set: 179.12ms
[769.049s][info][gc,phases      ] GC(156)   Post Evacuate Collection Set: 1.25ms
[769.049s][info][gc,phases      ] GC(156)   Other: 0.07ms
[769.049s][info][gc,heap        ] GC(156) Eden regions: 708->0(573)
[769.049s][info][gc,heap        ] GC(156) Survivor regions: 49->56(95)
[769.049s][info][gc,heap        ] GC(156) Old regions: 303->303
[769.049s][info][gc,heap        ] GC(156) Humongous regions: 81->81
[769.049s][info][gc,metaspace   ] GC(156) Metaspace: 29924K(30400K)->29924K(30400K) NonClass: 24514K(24768K)->24514K(24768K) Class: 5409K(5632K)->5409K(5632K)
[769.049s][info][gc             ] GC(156) Pause Young (Normal) (G1 Evacuation Pause) 9081M->3477M(10240M) 181.458ms
[769.049s][info][gc,cpu         ] GC(156) User=1.43s Sys=0.00s Real=0.18s
...[772.010s][info][gc,start       ] GC(157) Pause Young (Normal) (G1 Evacuation Pause)
[772.010s][info][gc,task        ] GC(157) Using 8 workers of 8 for evacuation
[772.185s][info][gc,phases      ] GC(157)   Pre Evacuate Collection Set: 0.28ms
[772.185s][info][gc,phases      ] GC(157)   Merge Heap Roots: 0.57ms
[772.185s][info][gc,phases      ] GC(157)   Evacuate Collection Set: 172.46ms
[772.185s][info][gc,phases      ] GC(157)   Post Evacuate Collection Set: 1.09ms
[772.185s][info][gc,phases      ] GC(157)   Other: 0.06ms
[772.185s][info][gc,heap        ] GC(157) Eden regions: 568->0(722)
[772.185s][info][gc,heap        ] GC(157) Survivor regions: 56->46(78)
[772.185s][info][gc,heap        ] GC(157) Old regions: 303->313
[772.185s][info][gc,heap        ] GC(157) Humongous regions: 81->81
[772.185s][info][gc,metaspace   ] GC(157) Metaspace: 29924K(30400K)->29924K(30400K) NonClass: 24514K(24768K)->24514K(24768K) Class: 5409K(5632K)->5409K(5632K)
[772.185s][info][gc             ] GC(157) Pause Young (Normal) (G1 Evacuation Pause) 8021M->3469M(10240M) 174.593ms
[772.185s][info][gc,cpu         ] GC(157) User=1.38s Sys=0.01s Real=0.17s
....[776.107s][info][gc,start       ] GC(158) Pause Young (Normal) (G1 Evacuation Pause)
[776.107s][info][gc,task        ] GC(158) Using 8 workers of 8 for evacuation
[776.281s][info][gc,phases      ] GC(158)   Pre Evacuate Collection Set: 0.28ms
[776.281s][info][gc,phases      ] GC(158)   Merge Heap Roots: 0.59ms
[776.281s][info][gc,phases      ] GC(158)   Evacuate Collection Set: 171.27ms
[776.281s][info][gc,phases      ] GC(158)   Post Evacuate Collection Set: 1.38ms
[776.281s][info][gc,phases      ] GC(158)   Other: 0.07ms
[776.281s][info][gc,heap        ] GC(158) Eden regions: 722->0(624)
[776.281s][info][gc,heap        ] GC(158) Survivor regions: 46->54(96)
[776.281s][info][gc,heap        ] GC(158) Old regions: 313->313
[776.281s][info][gc,heap        ] GC(158) Humongous regions: 81->81
[776.281s][info][gc,metaspace   ] GC(158) Metaspace: 29924K(30400K)->29924K(30400K) NonClass: 24514K(24768K)->24514K(24768K) Class: 5409K(5632K)->5409K(5632K)
[776.281s][info][gc             ] GC(158) Pause Young (Normal) (G1 Evacuation Pause) 9245M->3533M(10240M) 173.729ms
[776.281s][info][gc,cpu         ] GC(158) User=1.37s Sys=0.01s Real=0.17s
....[779.508s][info][gc,start       ] GC(159) Pause Young (Normal) (G1 Evacuation Pause)
[779.508s][info][gc,task        ] GC(159) Using 8 workers of 8 for evacuation
[779.695s][info][gc,phases      ] GC(159)   Pre Evacuate Collection Set: 0.27ms
[779.695s][info][gc,phases      ] GC(159)   Merge Heap Roots: 0.59ms
[779.695s][info][gc,phases      ] GC(159)   Evacuate Collection Set: 184.98ms
[779.695s][info][gc,phases      ] GC(159)   Post Evacuate Collection Set: 1.16ms
[779.695s][info][gc,phases      ] GC(159)   Other: 0.07ms
[779.695s][info][gc,heap        ] GC(159) Eden regions: 619->0(669)
[779.695s][info][gc,heap        ] GC(159) Survivor regions: 54->50(85)
[779.695s][info][gc,heap        ] GC(159) Old regions: 313->322
[779.695s][info][gc,heap        ] GC(159) Humongous regions: 81->81
[779.695s][info][gc,metaspace   ] GC(159) Metaspace: 29928K(30400K)->29928K(30400K) NonClass: 24518K(24768K)->24518K(24768K) Class: 5409K(5632K)->5409K(5632K)
[779.695s][info][gc             ] GC(159) Pause Young (Normal) (G1 Evacuation Pause) 8485M->3575M(10240M) 187.204ms
[779.696s][info][gc,cpu         ] GC(159) User=1.47s Sys=0.00s Real=0.18s
...[783.229s][info][gc,start       ] GC(160) Pause Young (Normal) (G1 Evacuation Pause)
[783.229s][info][gc,task        ] GC(160) Using 8 workers of 8 for evacuation
[783.397s][info][gc,phases      ] GC(160)   Pre Evacuate Collection Set: 0.29ms
[783.397s][info][gc,phases      ] GC(160)   Merge Heap Roots: 0.65ms
[783.397s][info][gc,phases      ] GC(160)   Evacuate Collection Set: 165.64ms
[783.397s][info][gc,phases      ] GC(160)   Post Evacuate Collection Set: 1.23ms
[783.397s][info][gc,phases      ] GC(160)   Other: 0.08ms
[783.397s][info][gc,heap        ] GC(160) Eden regions: 678->0(712)
[783.397s][info][gc,heap        ] GC(160) Survivor regions: 50->47(91)
[783.397s][info][gc,heap        ] GC(160) Old regions: 322->329
[783.397s][info][gc,heap        ] GC(160) Humongous regions: 81->81
[783.397s][info][gc,metaspace   ] GC(160) Metaspace: 29928K(30400K)->29928K(30400K) NonClass: 24518K(24768K)->24518K(24768K) Class: 5409K(5632K)->5409K(5632K)
[783.397s][info][gc             ] GC(160) Pause Young (Normal) (G1 Evacuation Pause) 8999M->3610M(10240M) 168.034ms
[783.397s][info][gc,cpu         ] GC(160) User=1.33s Sys=0.00s Real=0.17s
....[787.142s][info][gc,start       ] GC(161) Pause Young (Normal) (G1 Evacuation Pause)
[787.142s][info][gc,task        ] GC(161) Using 8 workers of 8 for evacuation
[787.312s][info][gc,phases      ] GC(161)   Pre Evacuate Collection Set: 0.28ms
[787.312s][info][gc,phases      ] GC(161)   Merge Heap Roots: 0.67ms
[787.312s][info][gc,phases      ] GC(161)   Evacuate Collection Set: 167.74ms
[787.312s][info][gc,phases      ] GC(161)   Post Evacuate Collection Set: 1.26ms
[787.312s][info][gc,phases      ] GC(161)   Other: 0.08ms
[787.312s][info][gc,heap        ] GC(161) Eden regions: 712->0(635)
[787.312s][info][gc,heap        ] GC(161) Survivor regions: 47->53(95)
[787.312s][info][gc,heap        ] GC(161) Old regions: 329->329
[787.312s][info][gc,heap        ] GC(161) Humongous regions: 81->81
[787.312s][info][gc,metaspace   ] GC(161) Metaspace: 29928K(30400K)->29928K(30400K) NonClass: 24518K(24768K)->24518K(24768K) Class: 5409K(5632K)->5409K(5632K)
[787.312s][info][gc             ] GC(161) Pause Young (Normal) (G1 Evacuation Pause) 9306M->3658M(10240M) 170.160ms
[787.312s][info][gc,cpu         ] GC(161) User=1.34s Sys=0.00s Real=0.17s
....[790.519s][info][gc,start       ] GC(162) Pause Young (Normal) (G1 Evacuation Pause)
[790.519s][info][gc,task        ] GC(162) Using 8 workers of 8 for evacuation
[790.697s][info][gc,phases      ] GC(162)   Pre Evacuate Collection Set: 0.28ms
[790.697s][info][gc,phases      ] GC(162)   Merge Heap Roots: 0.72ms
[790.697s][info][gc,phases      ] GC(162)   Evacuate Collection Set: 175.98ms
[790.697s][info][gc,phases      ] GC(162)   Post Evacuate Collection Set: 1.15ms
[790.697s][info][gc,phases      ] GC(162)   Other: 0.06ms
[790.697s][info][gc,heap        ] GC(162) Eden regions: 625->0(701)
[790.697s][info][gc,heap        ] GC(162) Survivor regions: 53->48(85)
[790.697s][info][gc,heap        ] GC(162) Old regions: 329->338
[790.697s][info][gc,heap        ] GC(162) Humongous regions: 81->81
[790.697s][info][gc,metaspace   ] GC(162) Metaspace: 29929K(30400K)->29929K(30400K) NonClass: 24520K(24768K)->24520K(24768K) Class: 5409K(5632K)->5409K(5632K)
[790.697s][info][gc             ] GC(162) Pause Young (Normal) (G1 Evacuation Pause) 8658M->3688M(10240M) 178.329ms
[790.697s][info][gc,cpu         ] GC(162) User=1.41s Sys=0.00s Real=0.18s
. (rIR:aIR:PR = 12976:12878:12406) (tPR = 185592) [OK] 
   791s:       trying IR =  13005 ..[794.249s][info][gc,start       ] GC(163) Pause Young (Normal) (G1 Evacuation Pause)
[794.249s][info][gc,task        ] GC(163) Using 8 workers of 8 for evacuation
[794.425s][info][gc,phases      ] GC(163)   Pre Evacuate Collection Set: 0.27ms
[794.425s][info][gc,phases      ] GC(163)   Merge Heap Roots: 0.64ms
[794.425s][info][gc,phases      ] GC(163)   Evacuate Collection Set: 173.71ms
[794.425s][info][gc,phases      ] GC(163)   Post Evacuate Collection Set: 1.27ms
[794.425s][info][gc,phases      ] GC(163)   Other: 0.07ms
[794.425s][info][gc,heap        ] GC(163) Eden regions: 701->0(605)
[794.425s][info][gc,heap        ] GC(163) Survivor regions: 48->55(94)
[794.425s][info][gc,heap        ] GC(163) Old regions: 338->338
[794.425s][info][gc,heap        ] GC(163) Humongous regions: 81->81
[794.425s][info][gc,metaspace   ] GC(163) Metaspace: 29929K(30400K)->29929K(30400K) NonClass: 24520K(24768K)->24520K(24768K) Class: 5409K(5632K)->5409K(5632K)
[794.425s][info][gc             ] GC(163) Pause Young (Normal) (G1 Evacuation Pause) 9296M->3744M(10240M) 176.103ms
[794.425s][info][gc,cpu         ] GC(163) User=1.39s Sys=0.00s Real=0.17s
....[797.688s][info][gc,start       ] GC(164) Pause Young (Normal) (G1 Evacuation Pause)
[797.688s][info][gc,task        ] GC(164) Using 8 workers of 8 for evacuation
[797.874s][info][gc,phases      ] GC(164)   Pre Evacuate Collection Set: 0.28ms
[797.874s][info][gc,phases      ] GC(164)   Merge Heap Roots: 0.66ms
[797.874s][info][gc,phases      ] GC(164)   Evacuate Collection Set: 183.94ms
[797.874s][info][gc,phases      ] GC(164)   Post Evacuate Collection Set: 1.15ms
[797.874s][info][gc,phases      ] GC(164)   Other: 0.08ms
[797.874s][info][gc,heap        ] GC(164) Eden regions: 602->0(674)
[797.874s][info][gc,heap        ] GC(164) Survivor regions: 55->50(83)
[797.874s][info][gc,heap        ] GC(164) Old regions: 338->348
[797.874s][info][gc,heap        ] GC(164) Humongous regions: 81->81
[797.874s][info][gc,metaspace   ] GC(164) Metaspace: 29929K(30400K)->29929K(30400K) NonClass: 24520K(24768K)->24520K(24768K) Class: 5409K(5632K)->5409K(5632K)
[797.874s][info][gc             ] GC(164) Pause Young (Normal) (G1 Evacuation Pause) 8560M->3783M(10240M) 186.248ms
[797.874s][info][gc,cpu         ] GC(164) User=1.47s Sys=0.00s Real=0.18s
...[801.333s][info][gc,start       ] GC(165) Pause Young (Normal) (G1 Evacuation Pause)
[801.333s][info][gc,task        ] GC(165) Using 8 workers of 8 for evacuation
[801.502s][info][gc,phases      ] GC(165)   Pre Evacuate Collection Set: 0.29ms
[801.502s][info][gc,phases      ] GC(165)   Merge Heap Roots: 0.63ms
[801.502s][info][gc,phases      ] GC(165)   Evacuate Collection Set: 166.41ms
[801.502s][info][gc,phases      ] GC(165)   Post Evacuate Collection Set: 1.28ms
[801.502s][info][gc,phases      ] GC(165)   Other: 0.07ms
[801.502s][info][gc,heap        ] GC(165) Eden regions: 684->0(686)
[801.502s][info][gc,heap        ] GC(165) Survivor regions: 50->47(92)
[801.502s][info][gc,heap        ] GC(165) Old regions: 348->355
[801.502s][info][gc,heap        ] GC(165) Humongous regions: 81->81
[801.502s][info][gc,metaspace   ] GC(165) Metaspace: 29930K(30400K)->29930K(30400K) NonClass: 24520K(24768K)->24520K(24768K) Class: 5409K(5632K)->5409K(5632K)
[801.502s][info][gc             ] GC(165) Pause Young (Normal) (G1 Evacuation Pause) 9255M->3815M(10240M) 168.822ms
[801.502s][info][gc,cpu         ] GC(165) User=1.33s Sys=0.00s Real=0.17s
. (rIR:aIR:PR = 13005:12927:12460) (tPR = 183630) [OK] 
   801s:       trying IR =  13039 ...[805.034s][info][gc,start       ] GC(166) Pause Young (Normal) (G1 Evacuation Pause)
[805.034s][info][gc,task        ] GC(166) Using 8 workers of 8 for evacuation
[805.202s][info][gc,phases      ] GC(166)   Pre Evacuate Collection Set: 0.27ms
[805.202s][info][gc,phases      ] GC(166)   Merge Heap Roots: 0.58ms
[805.202s][info][gc,phases      ] GC(166)   Evacuate Collection Set: 165.70ms
[805.202s][info][gc,phases      ] GC(166)   Post Evacuate Collection Set: 1.28ms
[805.202s][info][gc,phases      ] GC(166)   Other: 0.06ms
[805.202s][info][gc,heap        ] GC(166) Eden regions: 686->0(674)
[805.202s][info][gc,heap        ] GC(166) Survivor regions: 47->53(92)
[805.202s][info][gc,heap        ] GC(166) Old regions: 355->355
[805.202s][info][gc,heap        ] GC(166) Humongous regions: 81->81
[805.202s][info][gc,metaspace   ] GC(166) Metaspace: 29931K(30400K)->29931K(30400K) NonClass: 24521K(24768K)->24521K(24768K) Class: 5409K(5632K)->5409K(5632K)
[805.202s][info][gc             ] GC(166) Pause Young (Normal) (G1 Evacuation Pause) 9303M->3863M(10240M) 168.020ms
[805.202s][info][gc,cpu         ] GC(166) User=1.32s Sys=0.00s Real=0.17s
....[808.740s][info][gc,start       ] GC(167) Pause Young (Normal) (G1 Evacuation Pause)
[808.740s][info][gc,task        ] GC(167) Using 8 workers of 8 for evacuation
[808.918s][info][gc,phases      ] GC(167)   Pre Evacuate Collection Set: 0.28ms
[808.918s][info][gc,phases      ] GC(167)   Merge Heap Roots: 0.72ms
[808.918s][info][gc,phases      ] GC(167)   Evacuate Collection Set: 175.17ms
[808.918s][info][gc,phases      ] GC(167)   Post Evacuate Collection Set: 1.36ms
[808.918s][info][gc,phases      ] GC(167)   Other: 0.07ms
[808.918s][info][gc,heap        ] GC(167) Eden regions: 667->0(677)
[808.918s][info][gc,heap        ] GC(167) Survivor regions: 53->47(90)
[808.918s][info][gc,heap        ] GC(167) Old regions: 355->364
[808.918s][info][gc,heap        ] GC(167) Humongous regions: 81->81
[808.918s][info][gc,metaspace   ] GC(167) Metaspace: 29934K(30400K)->29934K(30400K) NonClass: 24524K(24768K)->24524K(24768K) Class: 5409K(5632K)->5409K(5632K)
[808.918s][info][gc             ] GC(167) Pause Young (Normal) (G1 Evacuation Pause) 9199M->3888M(10240M) 177.747ms
[808.918s][info][gc,cpu         ] GC(167) User=1.40s Sys=0.00s Real=0.18s
...[812.476s][info][gc,start       ] GC(168) Pause Young (Normal) (G1 Evacuation Pause)
[812.476s][info][gc,task        ] GC(168) Using 8 workers of 8 for evacuation
[812.645s][info][gc,phases      ] GC(168)   Pre Evacuate Collection Set: 0.29ms
[812.645s][info][gc,phases      ] GC(168)   Merge Heap Roots: 0.60ms
[812.645s][info][gc,phases      ] GC(168)   Evacuate Collection Set: 167.30ms
[812.645s][info][gc,phases      ] GC(168)   Post Evacuate Collection Set: 1.24ms
[812.645s][info][gc,phases      ] GC(168)   Other: 0.07ms
[812.645s][info][gc,heap        ] GC(168) Eden regions: 677->0(657)
[812.645s][info][gc,heap        ] GC(168) Survivor regions: 47->54(91)
[812.645s][info][gc,heap        ] GC(168) Old regions: 364->364
[812.645s][info][gc,heap        ] GC(168) Humongous regions: 81->81
[812.645s][info][gc,metaspace   ] GC(168) Metaspace: 29934K(30400K)->29934K(30400K) NonClass: 24524K(24768K)->24524K(24768K) Class: 5409K(5632K)->5409K(5632K)
[812.645s][info][gc             ] GC(168) Pause Young (Normal) (G1 Evacuation Pause) 9304M->3940M(10240M) 169.651ms
[812.645s][info][gc,cpu         ] GC(168) User=1.34s Sys=0.00s Real=0.16s
....[816.052s][info][gc,start       ] GC(169) Pause Young (Normal) (G1 Evacuation Pause)
[816.052s][info][gc,task        ] GC(169) Using 8 workers of 8 for evacuation
[816.226s][info][gc,phases      ] GC(169)   Pre Evacuate Collection Set: 0.28ms
[816.226s][info][gc,phases      ] GC(169)   Merge Heap Roots: 0.67ms
[816.226s][info][gc,phases      ] GC(169)   Evacuate Collection Set: 172.44ms
[816.226s][info][gc,phases      ] GC(169)   Post Evacuate Collection Set: 1.22ms
[816.226s][info][gc,phases      ] GC(169)   Other: 0.07ms
[816.226s][info][gc,heap        ] GC(169) Eden regions: 653->0(668)
[816.226s][info][gc,heap        ] GC(169) Survivor regions: 54->47(89)
[816.226s][info][gc,heap        ] GC(169) Old regions: 364->373
[816.226s][info][gc,heap        ] GC(169) Humongous regions: 81->81
[816.226s][info][gc,metaspace   ] GC(169) Metaspace: 29934K(30400K)->29934K(30400K) NonClass: 24524K(24768K)->24524K(24768K) Class: 5409K(5632K)->5409K(5632K)
[816.226s][info][gc             ] GC(169) Pause Young (Normal) (G1 Evacuation Pause) 9164M->3964M(10240M) 174.818ms
[816.226s][info][gc,cpu         ] GC(169) User=1.37s Sys=0.00s Real=0.18s
....[819.677s][info][gc,start       ] GC(170) Pause Young (Normal) (G1 Evacuation Pause)
[819.677s][info][gc,task        ] GC(170) Using 8 workers of 8 for evacuation
[819.856s][info][gc,phases      ] GC(170)   Pre Evacuate Collection Set: 0.28ms
[819.856s][info][gc,phases      ] GC(170)   Merge Heap Roots: 0.68ms
[819.856s][info][gc,phases      ] GC(170)   Evacuate Collection Set: 177.37ms
[819.856s][info][gc,phases      ] GC(170)   Post Evacuate Collection Set: 1.24ms
[819.856s][info][gc,phases      ] GC(170)   Other: 0.07ms
[819.856s][info][gc,heap        ] GC(170) Eden regions: 668->0(627)
[819.856s][info][gc,heap        ] GC(170) Survivor regions: 47->54(90)
[819.856s][info][gc,heap        ] GC(170) Old regions: 373->373
[819.856s][info][gc,heap        ] GC(170) Humongous regions: 81->81
[819.856s][info][gc,metaspace   ] GC(170) Metaspace: 29934K(30400K)->29934K(30400K) NonClass: 24524K(24768K)->24524K(24768K) Class: 5409K(5632K)->5409K(5632K)
[819.857s][info][gc             ] GC(170) Pause Young (Normal) (G1 Evacuation Pause) 9308M->4020M(10240M) 179.785ms
[819.857s][info][gc,cpu         ] GC(170) User=1.42s Sys=0.00s Real=0.18s
...[823.189s][info][gc,start       ] GC(171) Pause Young (Normal) (G1 Evacuation Pause)
[823.189s][info][gc,task        ] GC(171) Using 8 workers of 8 for evacuation
[823.366s][info][gc,phases      ] GC(171)   Pre Evacuate Collection Set: 0.26ms
[823.366s][info][gc,phases      ] GC(171)   Merge Heap Roots: 0.72ms
[823.366s][info][gc,phases      ] GC(171)   Evacuate Collection Set: 175.18ms
[823.366s][info][gc,phases      ] GC(171)   Post Evacuate Collection Set: 1.19ms
[823.366s][info][gc,phases      ] GC(171)   Other: 0.06ms
[823.366s][info][gc,heap        ] GC(171) Eden regions: 623->0(660)
[823.366s][info][gc,heap        ] GC(171) Survivor regions: 54->46(85)
[823.366s][info][gc,heap        ] GC(171) Old regions: 373->383
[823.366s][info][gc,heap        ] GC(171) Humongous regions: 81->81
[823.366s][info][gc,metaspace   ] GC(171) Metaspace: 29934K(30400K)->29934K(30400K) NonClass: 24524K(24768K)->24524K(24768K) Class: 5409K(5632K)->5409K(5632K)
[823.366s][info][gc             ] GC(171) Pause Young (Normal) (G1 Evacuation Pause) 9004M->4033M(10240M) 177.554ms
[823.366s][info][gc,cpu         ] GC(171) User=1.40s Sys=0.00s Real=0.18s
....[826.844s][info][gc,start       ] GC(172) Pause Young (Normal) (G1 Evacuation Pause)
[826.844s][info][gc,task        ] GC(172) Using 8 workers of 8 for evacuation
[827.020s][info][gc,phases      ] GC(172)   Pre Evacuate Collection Set: 0.27ms
[827.020s][info][gc,phases      ] GC(172)   Merge Heap Roots: 0.63ms
[827.020s][info][gc,phases      ] GC(172)   Evacuate Collection Set: 173.17ms
[827.020s][info][gc,phases      ] GC(172)   Post Evacuate Collection Set: 1.24ms
[827.020s][info][gc,phases      ] GC(172)   Other: 0.06ms
[827.020s][info][gc,heap        ] GC(172) Eden regions: 660->0(596)
[827.020s][info][gc,heap        ] GC(172) Survivor regions: 46->55(89)
[827.020s][info][gc,heap        ] GC(172) Old regions: 383->383
[827.020s][info][gc,heap        ] GC(172) Humongous regions: 81->81
[827.020s][info][gc,metaspace   ] GC(172) Metaspace: 29934K(30400K)->29934K(30400K) NonClass: 24524K(24768K)->24524K(24768K) Class: 5409K(5632K)->5409K(5632K)
[827.020s][info][gc             ] GC(172) Pause Young (Normal) (G1 Evacuation Pause) 9313M->4101M(10240M) 175.511ms
[827.020s][info][gc,cpu         ] GC(172) User=1.38s Sys=0.01s Real=0.18s
...[830.094s][info][gc,start       ] GC(173) Pause Young (Normal) (G1 Evacuation Pause)
[830.094s][info][gc,task        ] GC(173) Using 8 workers of 8 for evacuation
[830.261s][info][gc,phases      ] GC(173)   Pre Evacuate Collection Set: 0.29ms
[830.262s][info][gc,phases      ] GC(173)   Merge Heap Roots: 0.67ms
[830.262s][info][gc,phases      ] GC(173)   Evacuate Collection Set: 165.70ms
[830.262s][info][gc,phases      ] GC(173)   Post Evacuate Collection Set: 1.17ms
[830.262s][info][gc,phases      ] GC(173)   Other: 0.07ms
[830.262s][info][gc,heap        ] GC(173) Eden regions: 591->0(652)
[830.262s][info][gc,heap        ] GC(173) Survivor regions: 55->45(81)
[830.262s][info][gc,heap        ] GC(173) Old regions: 383->393
[830.262s][info][gc,heap        ] GC(173) Humongous regions: 81->81
[830.262s][info][gc,metaspace   ] GC(173) Metaspace: 29934K(30400K)->29934K(30400K) NonClass: 24524K(24768K)->24524K(24768K) Class: 5409K(5632K)->5409K(5632K)
[830.262s][info][gc             ] GC(173) Pause Young (Normal) (G1 Evacuation Pause) 8829M->4101M(10240M) 168.031ms
[830.262s][info][gc,cpu         ] GC(173) User=1.33s Sys=0.00s Real=0.17s
.. (rIR:aIR:PR = 13039:13296:12332) (tPR = 183852) [PR is under limit] 
   831s: Re-initializing (term) [831.805s][info][gc,start       ] GC(174) Pause Full (System.gc())
[831.805s][info][gc,task        ] GC(174) Using 8 workers of 8 for full compaction
[831.805s][info][gc,phases,start] GC(174) Phase 1: Mark live objects
[831.822s][info][gc,phases      ] GC(174) Phase 1: Mark live objects 16.971ms
[831.822s][info][gc,phases,start] GC(174) Phase 2: Prepare compaction
[831.829s][info][gc,phases      ] GC(174) Phase 2: Prepare compaction 6.334ms
[831.829s][info][gc,phases,start] GC(174) Phase 3: Adjust pointers
[831.840s][info][gc,phases      ] GC(174) Phase 3: Adjust pointers 11.045ms
[831.840s][info][gc,phases,start] GC(174) Phase 4: Compact heap
[831.846s][info][gc,phases      ] GC(174) Phase 4: Compact heap 6.440ms
[831.846s][info][gc,phases,start] GC(174) Phase 5: Reset Metadata
[831.851s][info][gc,phases      ] GC(174) Phase 5: Reset Metadata 4.292ms
[831.861s][info][gc,heap        ] GC(174) Eden regions: 291->0(768)
[831.861s][info][gc,heap        ] GC(174) Survivor regions: 45->0(81)
[831.861s][info][gc,heap        ] GC(174) Old regions: 393->14
[831.861s][info][gc,heap        ] GC(174) Humongous regions: 81->33
[831.861s][info][gc,metaspace   ] GC(174) Metaspace: 29940K(30400K)->29940K(30400K) NonClass: 24530K(24768K)->24530K(24768K) Class: 5409K(5632K)->5409K(5632K)
[831.861s][info][gc             ] GC(174) Pause Full (System.gc()) 6425M->334M(10240M) 56.303ms
[831.861s][info][gc,cpu         ] GC(174) User=0.39s Sys=0.00s Real=0.06s
(init) ... OK
   837s: Searching from base IR = 13005
   837s:       rampup IR =      0 ... (rIR:aIR:PR = 0:0:0) (tPR = 0) [OK] 
   840s:       rampup IR =   1301 .... (rIR:aIR:PR = 1301:1292:1292) (tPR = 19128) [OK] 
   844s:       rampup IR =   2601 .... (rIR:aIR:PR = 2601:2607:2607) (tPR = 38103) [OK] 
   848s:       rampup IR =   3902 [849.240s][info][gc,start       ] GC(175) Pause Young (Normal) (G1 Evacuation Pause)
[849.240s][info][gc,task        ] GC(175) Using 8 workers of 8 for evacuation
[849.986s][info][gc,mmu         ] GC(175) MMU target violated: 201.0ms (200.0ms/201.0ms)
[849.986s][info][gc,phases      ] GC(175)   Pre Evacuate Collection Set: 0.27ms
[849.986s][info][gc,phases      ] GC(175)   Merge Heap Roots: 0.94ms
[849.986s][info][gc,phases      ] GC(175)   Evacuate Collection Set: 743.15ms
[849.986s][info][gc,phases      ] GC(175)   Post Evacuate Collection Set: 1.73ms
[849.986s][info][gc,phases      ] GC(175)   Other: 0.11ms
[849.986s][info][gc,heap        ] GC(175) Eden regions: 768->0(356)
[849.986s][info][gc,heap        ] GC(175) Survivor regions: 0->96(96)
[849.986s][info][gc,heap        ] GC(175) Old regions: 14->69
[849.986s][info][gc,heap        ] GC(175) Humongous regions: 86->81
[849.986s][info][gc,metaspace   ] GC(175) Metaspace: 29962K(30464K)->29962K(30464K) NonClass: 24549K(24832K)->24549K(24832K) Class: 5412K(5632K)->5412K(5632K)
[849.986s][info][gc             ] GC(175) Pause Young (Normal) (G1 Evacuation Pause) 6902M->1922M(10240M) 746.315ms
[849.986s][info][gc,cpu         ] GC(175) User=5.89s Sys=0.00s Real=0.75s
......[855.189s][info][gc,start       ] GC(176) Pause Young (Normal) (G1 Evacuation Pause)
[855.189s][info][gc,task        ] GC(176) Using 8 workers of 8 for evacuation
[855.607s][info][gc,mmu         ] GC(176) MMU target violated: 201.0ms (200.0ms/201.0ms)
[855.607s][info][gc,phases      ] GC(176)   Pre Evacuate Collection Set: 0.28ms
[855.607s][info][gc,phases      ] GC(176)   Merge Heap Roots: 0.76ms
[855.607s][info][gc,phases      ] GC(176)   Evacuate Collection Set: 415.82ms
[855.607s][info][gc,phases      ] GC(176)   Post Evacuate Collection Set: 0.77ms
[855.607s][info][gc,phases      ] GC(176)   Other: 0.09ms
[855.607s][info][gc,heap        ] GC(176) Eden regions: 349->0(241)
[855.607s][info][gc,heap        ] GC(176) Survivor regions: 96->22(56)
[855.607s][info][gc,heap        ] GC(176) Old regions: 69->164
[855.607s][info][gc,heap        ] GC(176) Humongous regions: 81->81
[855.607s][info][gc,metaspace   ] GC(176) Metaspace: 29962K(30464K)->29962K(30464K) NonClass: 24549K(24832K)->24549K(24832K) Class: 5412K(5632K)->5412K(5632K)
[855.607s][info][gc             ] GC(176) Pause Young (Normal) (G1 Evacuation Pause) 4714M->2090M(10240M) 417.832ms
[855.607s][info][gc,cpu         ] GC(176) User=3.30s Sys=0.00s Real=0.42s
.....[860.819s][info][gc,start       ] GC(177) Pause Young (Normal) (G1 Evacuation Pause)
[860.819s][info][gc,task        ] GC(177) Using 8 workers of 8 for evacuation
[860.926s][info][gc,phases      ] GC(177)   Pre Evacuate Collection Set: 0.29ms
[860.926s][info][gc,phases      ] GC(177)   Merge Heap Roots: 0.47ms
[860.926s][info][gc,phases      ] GC(177)   Evacuate Collection Set: 104.83ms
[860.926s][info][gc,phases      ] GC(177)   Post Evacuate Collection Set: 0.77ms
[860.926s][info][gc,phases      ] GC(177)   Other: 0.06ms
[860.926s][info][gc,heap        ] GC(177) Eden regions: 316->0(150)
[860.926s][info][gc,heap        ] GC(177) Survivor regions: 22->34(43)
[860.926s][info][gc,heap        ] GC(177) Old regions: 164->164
[860.926s][info][gc,heap        ] GC(177) Humongous regions: 81->81
[860.926s][info][gc,metaspace   ] GC(177) Metaspace: 29962K(30464K)->29962K(30464K) NonClass: 24549K(24832K)->24549K(24832K) Class: 5412K(5632K)->5412K(5632K)
[860.926s][info][gc             ] GC(177) Pause Young (Normal) (G1 Evacuation Pause) 4618M->2186M(10240M) 106.598ms
[860.926s][info][gc,cpu         ] GC(177) User=0.84s Sys=0.00s Real=0.11s
....[864.685s][info][gc,start       ] GC(178) Pause Young (Normal) (G1 Evacuation Pause)
[864.685s][info][gc,task        ] GC(178) Using 8 workers of 8 for evacuation
[864.800s][info][gc,phases      ] GC(178)   Pre Evacuate Collection Set: 0.28ms
[864.800s][info][gc,phases      ] GC(178)   Merge Heap Roots: 0.40ms
[864.800s][info][gc,phases      ] GC(178)   Evacuate Collection Set: 113.13ms
[864.800s][info][gc,phases      ] GC(178)   Post Evacuate Collection Set: 0.63ms
[864.800s][info][gc,phases      ] GC(178)   Other: 0.06ms
[864.800s][info][gc,heap        ] GC(178) Eden regions: 229->0(429)
[864.800s][info][gc,heap        ] GC(178) Survivor regions: 34->15(33)
[864.800s][info][gc,heap        ] GC(178) Old regions: 164->189
[864.800s][info][gc,heap        ] GC(178) Humongous regions: 81->81
[864.800s][info][gc,metaspace   ] GC(178) Metaspace: 29962K(30464K)->29962K(30464K) NonClass: 24549K(24832K)->24549K(24832K) Class: 5412K(5632K)->5412K(5632K)
[864.800s][info][gc             ] GC(178) Pause Young (Normal) (G1 Evacuation Pause) 4018M->2234M(10240M) 114.643ms
[864.800s][info][gc,cpu         ] GC(178) User=0.90s Sys=0.00s Real=0.12s
.. (rIR:aIR:PR = 3902:4054:4079) (tPR = 60122) [OK] 
   865s:       rampup IR =   5202 .... (rIR:aIR:PR = 5202:5250:5250) (tPR = 78184) [OK] 
   869s:       rampup IR =   6503 [870.976s][info][gc,start       ] GC(179) Pause Young (Normal) (G1 Evacuation Pause)
[870.976s][info][gc,task        ] GC(179) Using 8 workers of 8 for evacuation
[871.090s][info][gc,phases      ] GC(179)   Pre Evacuate Collection Set: 0.28ms
[871.090s][info][gc,phases      ] GC(179)   Merge Heap Roots: 0.49ms
[871.090s][info][gc,phases      ] GC(179)   Evacuate Collection Set: 111.14ms
[871.090s][info][gc,phases      ] GC(179)   Post Evacuate Collection Set: 1.04ms
[871.090s][info][gc,phases      ] GC(179)   Other: 0.07ms
[871.090s][info][gc,heap        ] GC(179) Eden regions: 474->0(309)
[871.090s][info][gc,heap        ] GC(179) Survivor regions: 15->35(62)
[871.090s][info][gc,heap        ] GC(179) Old regions: 189->189
[871.090s][info][gc,heap        ] GC(179) Humongous regions: 81->81
[871.090s][info][gc,metaspace   ] GC(179) Metaspace: 29962K(30464K)->29962K(30464K) NonClass: 24549K(24832K)->24549K(24832K) Class: 5412K(5632K)->5412K(5632K)
[871.090s][info][gc             ] GC(179) Pause Young (Normal) (G1 Evacuation Pause) 6026M->2394M(10240M) 113.157ms
[871.090s][info][gc,cpu         ] GC(179) User=0.89s Sys=0.00s Real=0.11s
....[874.444s][info][gc,start       ] GC(180) Pause Young (Normal) (G1 Evacuation Pause)
[874.444s][info][gc,task        ] GC(180) Using 8 workers of 8 for evacuation
[874.566s][info][gc,phases      ] GC(180)   Pre Evacuate Collection Set: 0.28ms
[874.566s][info][gc,phases      ] GC(180)   Merge Heap Roots: 0.52ms
[874.566s][info][gc,phases      ] GC(180)   Evacuate Collection Set: 120.37ms
[874.566s][info][gc,phases      ] GC(180)   Post Evacuate Collection Set: 0.73ms
[874.566s][info][gc,phases      ] GC(180)   Other: 0.06ms
[874.566s][info][gc,heap        ] GC(180) Eden regions: 324->0(540)
[874.566s][info][gc,heap        ] GC(180) Survivor regions: 35->20(45)
[874.566s][info][gc,heap        ] GC(180) Old regions: 189->211
[874.566s][info][gc,heap        ] GC(180) Humongous regions: 81->81
[874.566s][info][gc,metaspace   ] GC(180) Metaspace: 29962K(30464K)->29962K(30464K) NonClass: 24549K(24832K)->24549K(24832K) Class: 5412K(5632K)->5412K(5632K)
[874.566s][info][gc             ] GC(180) Pause Young (Normal) (G1 Evacuation Pause) 4986M->2450M(10240M) 122.097ms
[874.566s][info][gc,cpu         ] GC(180) User=0.96s Sys=0.00s Real=0.13s
. (rIR:aIR:PR = 6503:6612:6610) (tPR = 99002) [OK] 
   874s:       rampup IR =   7803 .... (rIR:aIR:PR = 7803:7806:7806) (tPR = 116441) [OK] 
   878s:       rampup IR =   9104 [879.417s][info][gc,start       ] GC(181) Pause Young (Normal) (G1 Evacuation Pause)
[879.417s][info][gc,task        ] GC(181) Using 8 workers of 8 for evacuation
[879.539s][info][gc,phases      ] GC(181)   Pre Evacuate Collection Set: 0.27ms
[879.539s][info][gc,phases      ] GC(181)   Merge Heap Roots: 0.47ms
[879.539s][info][gc,phases      ] GC(181)   Evacuate Collection Set: 120.53ms
[879.539s][info][gc,phases      ] GC(181)   Post Evacuate Collection Set: 1.11ms
[879.539s][info][gc,phases      ] GC(181)   Other: 0.06ms
[879.539s][info][gc,heap        ] GC(181) Eden regions: 556->0(389)
[879.539s][info][gc,heap        ] GC(181) Survivor regions: 20->39(72)
[879.540s][info][gc,heap        ] GC(181) Old regions: 211->211
[879.540s][info][gc,heap        ] GC(181) Humongous regions: 81->81
[879.540s][info][gc,metaspace   ] GC(181) Metaspace: 29962K(30464K)->29962K(30464K) NonClass: 24549K(24832K)->24549K(24832K) Class: 5412K(5632K)->5412K(5632K)
[879.540s][info][gc             ] GC(181) Pause Young (Normal) (G1 Evacuation Pause) 6898M->2598M(10240M) 122.569ms
[879.540s][info][gc,cpu         ] GC(181) User=0.96s Sys=0.00s Real=0.12s
...[882.438s][info][gc,start       ] GC(182) Pause Young (Normal) (G1 Evacuation Pause)
[882.438s][info][gc,task        ] GC(182) Using 8 workers of 8 for evacuation
[882.573s][info][gc,phases      ] GC(182)   Pre Evacuate Collection Set: 0.30ms
[882.573s][info][gc,phases      ] GC(182)   Merge Heap Roots: 0.43ms
[882.573s][info][gc,phases      ] GC(182)   Evacuate Collection Set: 133.33ms
[882.573s][info][gc,phases      ] GC(182)   Post Evacuate Collection Set: 0.89ms
[882.573s][info][gc,phases      ] GC(182)   Other: 0.06ms
[882.573s][info][gc,heap        ] GC(182) Eden regions: 400->0(462)
[882.573s][info][gc,heap        ] GC(182) Survivor regions: 39->39(55)
[882.573s][info][gc,heap        ] GC(182) Old regions: 211->217
[882.573s][info][gc,heap        ] GC(182) Humongous regions: 81->81
[882.573s][info][gc,metaspace   ] GC(182) Metaspace: 29962K(30464K)->29962K(30464K) NonClass: 24549K(24832K)->24549K(24832K) Class: 5412K(5632K)->5412K(5632K)
[882.574s][info][gc             ] GC(182) Pause Young (Normal) (G1 Evacuation Pause) 5798M->2651M(10240M) 135.147ms
[882.574s][info][gc,cpu         ] GC(182) User=1.06s Sys=0.01s Real=0.13s
.. (rIR:aIR:PR = 9104:9288:9300) (tPR = 136638) [OK] 
   883s:       rampup IR =  10404 .[885.687s][info][gc,start       ] GC(183) Pause Young (Normal) (G1 Evacuation Pause)
[885.687s][info][gc,task        ] GC(183) Using 8 workers of 8 for evacuation
[885.832s][info][gc,phases      ] GC(183)   Pre Evacuate Collection Set: 0.26ms
[885.832s][info][gc,phases      ] GC(183)   Merge Heap Roots: 0.47ms
[885.832s][info][gc,phases      ] GC(183)   Evacuate Collection Set: 143.48ms
[885.832s][info][gc,phases      ] GC(183)   Post Evacuate Collection Set: 0.92ms
[885.832s][info][gc,phases      ] GC(183)   Other: 0.06ms
[885.832s][info][gc,heap        ] GC(183) Eden regions: 465->0(519)
[885.832s][info][gc,heap        ] GC(183) Survivor regions: 39->39(63)
[885.832s][info][gc,heap        ] GC(183) Old regions: 217->227
[885.832s][info][gc,heap        ] GC(183) Humongous regions: 81->81
[885.832s][info][gc,metaspace   ] GC(183) Metaspace: 29962K(30464K)->29962K(30464K) NonClass: 24549K(24832K)->24549K(24832K) Class: 5412K(5632K)->5412K(5632K)
[885.832s][info][gc             ] GC(183) Pause Young (Normal) (G1 Evacuation Pause) 6371M->2731M(10240M) 145.311ms
[885.832s][info][gc,cpu         ] GC(183) User=1.15s Sys=0.00s Real=0.14s
...[889.092s][info][gc,start       ] GC(184) Pause Young (Normal) (G1 Evacuation Pause)
[889.092s][info][gc,task        ] GC(184) Using 8 workers of 8 for evacuation
[889.243s][info][gc,phases      ] GC(184)   Pre Evacuate Collection Set: 0.28ms
[889.243s][info][gc,phases      ] GC(184)   Merge Heap Roots: 0.47ms
[889.243s][info][gc,phases      ] GC(184)   Evacuate Collection Set: 148.61ms
[889.243s][info][gc,phases      ] GC(184)   Post Evacuate Collection Set: 1.04ms
[889.243s][info][gc,phases      ] GC(184)   Other: 0.07ms
[889.243s][info][gc,heap        ] GC(184) Eden regions: 521->0(524)
[889.243s][info][gc,heap        ] GC(184) Survivor regions: 39->42(70)
[889.243s][info][gc,heap        ] GC(184) Old regions: 227->234
[889.243s][info][gc,heap        ] GC(184) Humongous regions: 81->81
[889.243s][info][gc,metaspace   ] GC(184) Metaspace: 29962K(30464K)->29962K(30464K) NonClass: 24549K(24832K)->24549K(24832K) Class: 5412K(5632K)->5412K(5632K)
[889.243s][info][gc             ] GC(184) Pause Young (Normal) (G1 Evacuation Pause) 6899M->2812M(10240M) 150.590ms
[889.243s][info][gc,cpu         ] GC(184) User=1.19s Sys=0.00s Real=0.15s
. (rIR:aIR:PR = 10404:10450:10260) (tPR = 149756) [OK] 
   889s:       rampup IR =  11704 ...[892.314s][info][gc,start       ] GC(185) Pause Young (Normal) (G1 Evacuation Pause)
[892.315s][info][gc,task        ] GC(185) Using 8 workers of 8 for evacuation
[892.470s][info][gc,phases      ] GC(185)   Pre Evacuate Collection Set: 0.30ms
[892.470s][info][gc,phases      ] GC(185)   Merge Heap Roots: 0.46ms
[892.470s][info][gc,phases      ] GC(185)   Evacuate Collection Set: 154.05ms
[892.470s][info][gc,phases      ] GC(185)   Post Evacuate Collection Set: 1.04ms
[892.470s][info][gc,phases      ] GC(185)   Other: 0.06ms
[892.470s][info][gc,heap        ] GC(185) Eden regions: 523->0(532)
[892.471s][info][gc,heap        ] GC(185) Survivor regions: 42->44(71)
[892.471s][info][gc,heap        ] GC(185) Old regions: 234->241
[892.471s][info][gc,heap        ] GC(185) Humongous regions: 81->81
[892.471s][info][gc,metaspace   ] GC(185) Metaspace: 29963K(30464K)->29963K(30464K) NonClass: 24550K(24832K)->24550K(24832K) Class: 5412K(5632K)->5412K(5632K)
[892.471s][info][gc             ] GC(185) Pause Young (Normal) (G1 Evacuation Pause) 6996M->2879M(10240M) 156.043ms
[892.471s][info][gc,cpu         ] GC(185) User=1.23s Sys=0.00s Real=0.16s
. (rIR:aIR:PR = 11704:11780:11381) (tPR = 167405) [OK] 
   893s:       rampup IR =  13005 .[895.184s][info][gc,start       ] GC(186) Pause Young (Normal) (G1 Evacuation Pause)
[895.184s][info][gc,task        ] GC(186) Using 8 workers of 8 for evacuation
[895.342s][info][gc,phases      ] GC(186)   Pre Evacuate Collection Set: 0.29ms
[895.343s][info][gc,phases      ] GC(186)   Merge Heap Roots: 0.46ms
[895.343s][info][gc,phases      ] GC(186)   Evacuate Collection Set: 156.21ms
[895.343s][info][gc,phases      ] GC(186)   Post Evacuate Collection Set: 1.08ms
[895.343s][info][gc,phases      ] GC(186)   Other: 0.06ms
[895.343s][info][gc,heap        ] GC(186) Eden regions: 531->0(571)
[895.343s][info][gc,heap        ] GC(186) Survivor regions: 44->44(72)
[895.343s][info][gc,heap        ] GC(186) Old regions: 241->249
[895.343s][info][gc,heap        ] GC(186) Humongous regions: 81->81
[895.343s][info][gc,metaspace   ] GC(186) Metaspace: 29965K(30464K)->29965K(30464K) NonClass: 24552K(24832K)->24552K(24832K) Class: 5412K(5632K)->5412K(5632K)
[895.343s][info][gc             ] GC(186) Pause Young (Normal) (G1 Evacuation Pause) 7127M->2940M(10240M) 158.249ms
[895.343s][info][gc,cpu         ] GC(186) User=1.25s Sys=0.00s Real=0.16s
...[898.267s][info][gc,start       ] GC(187) Pause Young (Normal) (G1 Evacuation Pause)
[898.268s][info][gc,task        ] GC(187) Using 8 workers of 8 for evacuation
[898.427s][info][gc,phases      ] GC(187)   Pre Evacuate Collection Set: 0.27ms
[898.427s][info][gc,phases      ] GC(187)   Merge Heap Roots: 0.48ms
[898.427s][info][gc,phases      ] GC(187)   Evacuate Collection Set: 157.06ms
[898.427s][info][gc,phases      ] GC(187)   Post Evacuate Collection Set: 1.11ms
[898.427s][info][gc,phases      ] GC(187)   Other: 0.06ms
[898.427s][info][gc,heap        ] GC(187) Eden regions: 568->0(609)
[898.427s][info][gc,heap        ] GC(187) Survivor regions: 44->44(77)
[898.427s][info][gc,heap        ] GC(187) Old regions: 249->256
[898.427s][info][gc,heap        ] GC(187) Humongous regions: 81->81
[898.427s][info][gc,metaspace   ] GC(187) Metaspace: 29965K(30464K)->29965K(30464K) NonClass: 24552K(24832K)->24552K(24832K) Class: 5412K(5632K)->5412K(5632K)
[898.427s][info][gc             ] GC(187) Pause Young (Normal) (G1 Evacuation Pause) 7484M->2999M(10240M) 159.114ms
[898.427s][info][gc,cpu         ] GC(187) User=1.25s Sys=0.00s Real=0.16s
.. (rIR:aIR:PR = 13005:12890:12588) (tPR = 190626) [OK] 
   899s:    snapshot, IR =  13005 ..[901.497s][info][gc,start       ] GC(188) Pause Young (Normal) (G1 Evacuation Pause)
[901.497s][info][gc,task        ] GC(188) Using 8 workers of 8 for evacuation
[901.659s][info][gc,phases      ] GC(188)   Pre Evacuate Collection Set: 0.27ms
[901.659s][info][gc,phases      ] GC(188)   Merge Heap Roots: 0.54ms
[901.659s][info][gc,phases      ] GC(188)   Evacuate Collection Set: 159.10ms
[901.659s][info][gc,phases      ] GC(188)   Post Evacuate Collection Set: 1.19ms
[901.659s][info][gc,phases      ] GC(188)   Other: 0.07ms
[901.659s][info][gc,heap        ] GC(188) Eden regions: 604->0(626)
[901.659s][info][gc,heap        ] GC(188) Survivor regions: 44->45(81)
[901.659s][info][gc,heap        ] GC(188) Old regions: 256->263
[901.659s][info][gc,heap        ] GC(188) Humongous regions: 81->81
[901.659s][info][gc,metaspace   ] GC(188) Metaspace: 29965K(30464K)->29965K(30464K) NonClass: 24552K(24832K)->24552K(24832K) Class: 5412K(5632K)->5412K(5632K)
[901.659s][info][gc             ] GC(188) Pause Young (Normal) (G1 Evacuation Pause) 7831M->3064M(10240M) 161.329ms
[901.659s][info][gc,cpu         ] GC(188) User=1.27s Sys=0.00s Real=0.16s
...[904.920s][info][gc,start       ] GC(189) Pause Young (Normal) (G1 Evacuation Pause)
[904.920s][info][gc,task        ] GC(189) Using 8 workers of 8 for evacuation
[905.084s][info][gc,phases      ] GC(189)   Pre Evacuate Collection Set: 0.30ms
[905.084s][info][gc,phases      ] GC(189)   Merge Heap Roots: 0.51ms
[905.084s][info][gc,phases      ] GC(189)   Evacuate Collection Set: 161.27ms
[905.084s][info][gc,phases      ] GC(189)   Post Evacuate Collection Set: 1.16ms
[905.084s][info][gc,phases      ] GC(189)   Other: 0.07ms
[905.084s][info][gc,heap        ] GC(189) Eden regions: 622->0(649)
[905.084s][info][gc,heap        ] GC(189) Survivor regions: 45->46(84)
[905.084s][info][gc,heap        ] GC(189) Old regions: 263->269
[905.084s][info][gc,heap        ] GC(189) Humongous regions: 81->81
[905.084s][info][gc,metaspace   ] GC(189) Metaspace: 29965K(30464K)->29965K(30464K) NonClass: 24552K(24832K)->24552K(24832K) Class: 5412K(5632K)->5412K(5632K)
[905.084s][info][gc             ] GC(189) Pause Young (Normal) (G1 Evacuation Pause) 8040M->3119M(10240M) 163.448ms
[905.084s][info][gc,cpu         ] GC(189) User=1.28s Sys=0.01s Real=0.16s
...[908.321s][info][gc,start       ] GC(190) Pause Young (Normal) (G1 Evacuation Pause)
[908.321s][info][gc,task        ] GC(190) Using 8 workers of 8 for evacuation
[908.494s][info][gc,phases      ] GC(190)   Pre Evacuate Collection Set: 0.27ms
[908.494s][info][gc,phases      ] GC(190)   Merge Heap Roots: 0.54ms
[908.494s][info][gc,phases      ] GC(190)   Evacuate Collection Set: 170.75ms
[908.494s][info][gc,phases      ] GC(190)   Post Evacuate Collection Set: 1.19ms
[908.494s][info][gc,phases      ] GC(190)   Other: 0.07ms
[908.494s][info][gc,heap        ] GC(190) Eden regions: 643->0(621)
[908.494s][info][gc,heap        ] GC(190) Survivor regions: 46->48(87)
[908.494s][info][gc,heap        ] GC(190) Old regions: 269->276
[908.494s][info][gc,heap        ] GC(190) Humongous regions: 81->81
[908.494s][info][gc,metaspace   ] GC(190) Metaspace: 29965K(30464K)->29965K(30464K) NonClass: 24552K(24832K)->24552K(24832K) Class: 5412K(5632K)->5412K(5632K)
[908.494s][info][gc             ] GC(190) Pause Young (Normal) (G1 Evacuation Pause) 8263M->3187M(10240M) 172.988ms
[908.494s][info][gc,cpu         ] GC(190) User=1.36s Sys=0.00s Real=0.17s
.|...[911.665s][info][gc,start       ] GC(191) Pause Young (Normal) (G1 Evacuation Pause)
[911.665s][info][gc,task        ] GC(191) Using 8 workers of 8 for evacuation
[911.830s][info][gc,phases      ] GC(191)   Pre Evacuate Collection Set: 0.28ms
[911.830s][info][gc,phases      ] GC(191)   Merge Heap Roots: 0.53ms
[911.831s][info][gc,phases      ] GC(191)   Evacuate Collection Set: 163.59ms
[911.831s][info][gc,phases      ] GC(191)   Post Evacuate Collection Set: 1.15ms
[911.831s][info][gc,phases      ] GC(191)   Other: 0.06ms
[911.831s][info][gc,heap        ] GC(191) Eden regions: 618->0(687)
[911.831s][info][gc,heap        ] GC(191) Survivor regions: 48->46(84)
[911.831s][info][gc,heap        ] GC(191) Old regions: 276->282
[911.831s][info][gc,heap        ] GC(191) Humongous regions: 81->81
[911.831s][info][gc,metaspace   ] GC(191) Metaspace: 29965K(30464K)->29965K(30464K) NonClass: 24552K(24832K)->24552K(24832K) Class: 5412K(5632K)->5412K(5632K)
[911.831s][info][gc             ] GC(191) Pause Young (Normal) (G1 Evacuation Pause) 8131M->3229M(10240M) 165.740ms
[911.831s][info][gc,cpu         ] GC(191) User=1.30s Sys=0.00s Real=0.17s
...[915.409s][info][gc,start       ] GC(192) Pause Young (Normal) (G1 Evacuation Pause)
[915.409s][info][gc,task        ] GC(192) Using 8 workers of 8 for evacuation
[915.580s][info][gc,phases      ] GC(192)   Pre Evacuate Collection Set: 0.28ms
[915.580s][info][gc,phases      ] GC(192)   Merge Heap Roots: 0.54ms
[915.580s][info][gc,phases      ] GC(192)   Evacuate Collection Set: 168.29ms
[915.580s][info][gc,phases      ] GC(192)   Post Evacuate Collection Set: 1.27ms
[915.580s][info][gc,phases      ] GC(192)   Other: 0.07ms
[915.580s][info][gc,heap        ] GC(192) Eden regions: 681->0(581)
[915.580s][info][gc,heap        ] GC(192) Survivor regions: 46->54(91)
[915.580s][info][gc,heap        ] GC(192) Old regions: 282->282
[915.580s][info][gc,heap        ] GC(192) Humongous regions: 81->81
[915.580s][info][gc,metaspace   ] GC(192) Metaspace: 29965K(30464K)->29965K(30464K) NonClass: 24552K(24832K)->24552K(24832K) Class: 5412K(5632K)->5412K(5632K)
[915.580s][info][gc             ] GC(192) Pause Young (Normal) (G1 Evacuation Pause) 8677M->3289M(10240M) 170.594ms
[915.580s][info][gc,cpu         ] GC(192) User=1.35s Sys=0.00s Real=0.17s
...[918.568s][info][gc,start       ] GC(193) Pause Young (Normal) (G1 Evacuation Pause)
[918.568s][info][gc,task        ] GC(193) Using 8 workers of 8 for evacuation
[918.742s][info][gc,phases      ] GC(193)   Pre Evacuate Collection Set: 0.28ms
[918.742s][info][gc,phases      ] GC(193)   Merge Heap Roots: 0.52ms
[918.742s][info][gc,phases      ] GC(193)   Evacuate Collection Set: 171.26ms
[918.742s][info][gc,phases      ] GC(193)   Post Evacuate Collection Set: 1.12ms
[918.742s][info][gc,phases      ] GC(193)   Other: 0.07ms
[918.742s][info][gc,heap        ] GC(193) Eden regions: 572->0(671)
[918.742s][info][gc,heap        ] GC(193) Survivor regions: 54->47(79)
[918.742s][info][gc,heap        ] GC(193) Old regions: 282->292
[918.742s][info][gc,heap        ] GC(193) Humongous regions: 81->81
[918.742s][info][gc,metaspace   ] GC(193) Metaspace: 29965K(30464K)->29965K(30464K) NonClass: 24552K(24832K)->24552K(24832K) Class: 5412K(5632K)->5412K(5632K)
[918.742s][info][gc             ] GC(193) Pause Young (Normal) (G1 Evacuation Pause) 7865M->3312M(10240M) 173.372ms
[918.742s][info][gc,cpu         ] GC(193) User=1.36s Sys=0.01s Real=0.17s
....[922.160s][info][gc,start       ] GC(194) Pause Young (Normal) (G1 Evacuation Pause)
[922.160s][info][gc,task        ] GC(194) Using 8 workers of 8 for evacuation
[922.336s][info][gc,phases      ] GC(194)   Pre Evacuate Collection Set: 0.25ms
[922.336s][info][gc,phases      ] GC(194)   Merge Heap Roots: 0.56ms
[922.336s][info][gc,phases      ] GC(194)   Evacuate Collection Set: 173.56ms
[922.336s][info][gc,phases      ] GC(194)   Post Evacuate Collection Set: 1.29ms
[922.336s][info][gc,phases      ] GC(194)   Other: 0.08ms
[922.336s][info][gc,heap        ] GC(194) Eden regions: 671->0(559)
[922.336s][info][gc,heap        ] GC(194) Survivor regions: 47->56(90)
[922.336s][info][gc,heap        ] GC(194) Old regions: 292->292
[922.336s][info][gc,heap        ] GC(194) Humongous regions: 81->81
[922.336s][info][gc,metaspace   ] GC(194) Metaspace: 29966K(30464K)->29966K(30464K) NonClass: 24553K(24832K)->24553K(24832K) Class: 5412K(5632K)->5412K(5632K)
[922.336s][info][gc             ] GC(194) Pause Young (Normal) (G1 Evacuation Pause) 8680M->3384M(10240M) 175.856ms
[922.336s][info][gc,cpu         ] GC(194) User=1.39s Sys=0.00s Real=0.18s
...[925.225s][info][gc,start       ] GC(195) Pause Young (Normal) (G1 Evacuation Pause)
[925.225s][info][gc,task        ] GC(195) Using 8 workers of 8 for evacuation
[925.398s][info][gc,phases      ] GC(195)   Pre Evacuate Collection Set: 0.26ms
[925.398s][info][gc,phases      ] GC(195)   Merge Heap Roots: 0.53ms
[925.398s][info][gc,phases      ] GC(195)   Evacuate Collection Set: 170.85ms
[925.398s][info][gc,phases      ] GC(195)   Post Evacuate Collection Set: 1.05ms
[925.398s][info][gc,phases      ] GC(195)   Other: 0.07ms
[925.398s][info][gc,heap        ] GC(195) Eden regions: 553->0(678)
[925.398s][info][gc,heap        ] GC(195) Survivor regions: 56->46(77)
[925.398s][info][gc,heap        ] GC(195) Old regions: 292->302
[925.398s][info][gc,heap        ] GC(195) Humongous regions: 81->81
[925.398s][info][gc,metaspace   ] GC(195) Metaspace: 29966K(30464K)->29966K(30464K) NonClass: 24553K(24832K)->24553K(24832K) Class: 5412K(5632K)->5412K(5632K)
[925.398s][info][gc             ] GC(195) Pause Young (Normal) (G1 Evacuation Pause) 7808M->3384M(10240M) 172.891ms
[925.398s][info][gc,cpu         ] GC(195) User=1.36s Sys=0.00s Real=0.18s
....[928.921s][info][gc,start       ] GC(196) Pause Young (Normal) (G1 Evacuation Pause)
[928.921s][info][gc,task        ] GC(196) Using 8 workers of 8 for evacuation
[929.089s][info][gc,phases      ] GC(196)   Pre Evacuate Collection Set: 0.27ms
[929.089s][info][gc,phases      ] GC(196)   Merge Heap Roots: 0.55ms
[929.089s][info][gc,phases      ] GC(196)   Evacuate Collection Set: 165.92ms
[929.089s][info][gc,phases      ] GC(196)   Post Evacuate Collection Set: 1.23ms
[929.089s][info][gc,phases      ] GC(196)   Other: 0.08ms
[929.089s][info][gc,heap        ] GC(196) Eden regions: 680->0(621)
[929.089s][info][gc,heap        ] GC(196) Survivor regions: 46->53(91)
[929.089s][info][gc,heap        ] GC(196) Old regions: 302->302
[929.089s][info][gc,heap        ] GC(196) Humongous regions: 81->81
[929.089s][info][gc,metaspace   ] GC(196) Metaspace: 29968K(30464K)->29968K(30464K) NonClass: 24555K(24832K)->24555K(24832K) Class: 5412K(5632K)->5412K(5632K)
[929.089s][info][gc             ] GC(196) Pause Young (Normal) (G1 Evacuation Pause) 8824M->3440M(10240M) 168.177ms
[929.089s][info][gc,cpu         ] GC(196) User=1.33s Sys=0.00s Real=0.17s
...[932.193s][info][gc,start       ] GC(197) Pause Young (Normal) (G1 Evacuation Pause)
[932.193s][info][gc,task        ] GC(197) Using 8 workers of 8 for evacuation
[932.369s][info][gc,phases      ] GC(197)   Pre Evacuate Collection Set: 0.28ms
[932.369s][info][gc,phases      ] GC(197)   Merge Heap Roots: 0.56ms
[932.369s][info][gc,phases      ] GC(197)   Evacuate Collection Set: 173.36ms
[932.369s][info][gc,phases      ] GC(197)   Post Evacuate Collection Set: 1.14ms
[932.369s][info][gc,phases      ] GC(197)   Other: 0.08ms
[932.369s][info][gc,heap        ] GC(197) Eden regions: 615->0(709)
[932.369s][info][gc,heap        ] GC(197) Survivor regions: 53->47(84)
[932.369s][info][gc,heap        ] GC(197) Old regions: 302->311
[932.369s][info][gc,heap        ] GC(197) Humongous regions: 81->81
[932.369s][info][gc,metaspace   ] GC(197) Metaspace: 29968K(30464K)->29968K(30464K) NonClass: 24555K(24832K)->24555K(24832K) Class: 5412K(5632K)->5412K(5632K)
[932.369s][info][gc             ] GC(197) Pause Young (Normal) (G1 Evacuation Pause) 8360M->3469M(10240M) 175.561ms
[932.369s][info][gc,cpu         ] GC(197) User=1.38s Sys=0.00s Real=0.18s
....[935.943s][info][gc,start       ] GC(198) Pause Young (Normal) (G1 Evacuation Pause)
[935.943s][info][gc,task        ] GC(198) Using 8 workers of 8 for evacuation
[936.116s][info][gc,phases      ] GC(198)   Pre Evacuate Collection Set: 0.28ms
[936.116s][info][gc,phases      ] GC(198)   Merge Heap Roots: 0.58ms
[936.116s][info][gc,phases      ] GC(198)   Evacuate Collection Set: 171.09ms
[936.116s][info][gc,phases      ] GC(198)   Post Evacuate Collection Set: 1.22ms
[936.116s][info][gc,phases      ] GC(198)   Other: 0.08ms
[936.116s][info][gc,heap        ] GC(198) Eden regions: 709->0(607)
[936.116s][info][gc,heap        ] GC(198) Survivor regions: 47->54(95)
[936.116s][info][gc,heap        ] GC(198) Old regions: 311->311
[936.116s][info][gc,heap        ] GC(198) Humongous regions: 81->81
[936.116s][info][gc,metaspace   ] GC(198) Metaspace: 29968K(30464K)->29968K(30464K) NonClass: 24555K(24832K)->24555K(24832K) Class: 5412K(5632K)->5412K(5632K)
[936.117s][info][gc             ] GC(198) Pause Young (Normal) (G1 Evacuation Pause) 9141M->3525M(10240M) 173.382ms
[936.117s][info][gc,cpu         ] GC(198) User=1.37s Sys=0.00s Real=0.18s
... (rIR:aIR:PR = 13005:13053:12775) (tPR = 188083) [OK] 
   938s: Performing snapshot: (quiescence[939.118s][info][gc,start       ] GC(199) Pause Young (Normal) (G1 Evacuation Pause)
[939.118s][info][gc,task        ] GC(199) Using 8 workers of 8 for evacuation
[939.290s][info][gc,phases      ] GC(199)   Pre Evacuate Collection Set: 0.30ms
[939.290s][info][gc,phases      ] GC(199)   Merge Heap Roots: 0.55ms
[939.290s][info][gc,phases      ] GC(199)   Evacuate Collection Set: 169.66ms
[939.290s][info][gc,phases      ] GC(199)   Post Evacuate Collection Set: 1.11ms
[939.290s][info][gc,phases      ] GC(199)   Other: 0.07ms
[939.290s][info][gc,heap        ] GC(199) Eden regions: 599->0(720)
[939.290s][info][gc,heap        ] GC(199) Survivor regions: 54->47(82)
[939.290s][info][gc,heap        ] GC(199) Old regions: 311->321
[939.290s][info][gc,heap        ] GC(199) Humongous regions: 81->81
[939.290s][info][gc,metaspace   ] GC(199) Metaspace: 29968K(30464K)->29968K(30464K) NonClass: 24555K(24832K)->24555K(24832K) Class: 5412K(5632K)->5412K(5632K)
[939.290s][info][gc             ] GC(199) Pause Young (Normal) (G1 Evacuation Pause) 8317M->3541M(10240M) 171.814ms
[939.290s][info][gc,cpu         ] GC(199) User=1.36s Sys=0.00s Real=0.17s
......) (stop TxI) (stop BE) (saving... 235849 Kb) (term) [950.191s][info][gc,start       ] GC(200) Pause Full (System.gc())
[950.191s][info][gc,task        ] GC(200) Using 8 workers of 8 for full compaction
[950.191s][info][gc,phases,start] GC(200) Phase 1: Mark live objects
[950.208s][info][gc,phases      ] GC(200) Phase 1: Mark live objects 16.305ms
[950.208s][info][gc,phases,start] GC(200) Phase 2: Prepare compaction
[950.213s][info][gc,phases      ] GC(200) Phase 2: Prepare compaction 5.485ms
[950.213s][info][gc,phases,start] GC(200) Phase 3: Adjust pointers
[950.224s][info][gc,phases      ] GC(200) Phase 3: Adjust pointers 10.721ms
[950.224s][info][gc,phases,start] GC(200) Phase 4: Compact heap
[950.230s][info][gc,phases      ] GC(200) Phase 4: Compact heap 5.415ms
[950.230s][info][gc,phases,start] GC(200) Phase 5: Reset Metadata
[950.234s][info][gc,phases      ] GC(200) Phase 5: Reset Metadata 4.058ms
[950.244s][info][gc,heap        ] GC(200) Eden regions: 176->0(768)
[950.244s][info][gc,heap        ] GC(200) Survivor regions: 47->0(82)
[950.244s][info][gc,heap        ] GC(200) Old regions: 321->13
[950.244s][info][gc,heap        ] GC(200) Humongous regions: 245->33
[950.244s][info][gc,metaspace   ] GC(200) Metaspace: 29969K(30464K)->29969K(30464K) NonClass: 24556K(24832K)->24556K(24832K) Class: 5412K(5632K)->5412K(5632K)
[950.244s][info][gc             ] GC(200) Pause Full (System.gc()) 6259M->333M(10240M) 53.196ms
[950.244s][info][gc,cpu         ] GC(200) User=0.35s Sys=0.00s Real=0.05s
(init) ...
   955s:       rampup IR =      0 ... (rIR:aIR:PR = 0:0:0) (tPR = 0) [OK] 
   958s:       rampup IR =   1301 .... (rIR:aIR:PR = 1301:1287:1287) (tPR = 19029) [OK] 
   962s:       rampup IR =   2601 .... (rIR:aIR:PR = 2601:2610:2610) (tPR = 40367) [OK] 
   966s:       rampup IR =   3902 [967.716s][info][gc,start       ] GC(201) Pause Young (Normal) (G1 Evacuation Pause)
[967.716s][info][gc,task        ] GC(201) Using 8 workers of 8 for evacuation
[968.466s][info][gc,mmu         ] GC(201) MMU target violated: 201.0ms (200.0ms/201.0ms)
[968.467s][info][gc,phases      ] GC(201)   Pre Evacuate Collection Set: 0.32ms
[968.467s][info][gc,phases      ] GC(201)   Merge Heap Roots: 1.02ms
[968.467s][info][gc,phases      ] GC(201)   Evacuate Collection Set: 747.13ms
[968.467s][info][gc,phases      ] GC(201)   Post Evacuate Collection Set: 1.62ms
[968.467s][info][gc,phases      ] GC(201)   Other: 0.13ms
[968.467s][info][gc,heap        ] GC(201) Eden regions: 768->0(355)
[968.467s][info][gc,heap        ] GC(201) Survivor regions: 0->96(96)
[968.467s][info][gc,heap        ] GC(201) Old regions: 13->67
[968.467s][info][gc,heap        ] GC(201) Humongous regions: 86->81
[968.467s][info][gc,metaspace   ] GC(201) Metaspace: 29991K(30464K)->29991K(30464K) NonClass: 24578K(24832K)->24578K(24832K) Class: 5413K(5632K)->5413K(5632K)
[968.467s][info][gc             ] GC(201) Pause Young (Normal) (G1 Evacuation Pause) 6901M->1917M(10240M) 750.331ms
[968.467s][info][gc,cpu         ] GC(201) User=5.91s Sys=0.00s Real=0.75s
......[973.570s][info][gc,start       ] GC(202) Pause Young (Normal) (G1 Evacuation Pause)
[973.570s][info][gc,task        ] GC(202) Using 8 workers of 8 for evacuation
[973.989s][info][gc,mmu         ] GC(202) MMU target violated: 201.0ms (200.0ms/201.0ms)
[973.989s][info][gc,phases      ] GC(202)   Pre Evacuate Collection Set: 0.28ms
[973.989s][info][gc,phases      ] GC(202)   Merge Heap Roots: 0.90ms
[973.989s][info][gc,phases      ] GC(202)   Evacuate Collection Set: 416.10ms
[973.989s][info][gc,phases      ] GC(202)   Post Evacuate Collection Set: 0.83ms
[973.989s][info][gc,phases      ] GC(202)   Other: 0.10ms
[973.989s][info][gc,heap        ] GC(202) Eden regions: 347->0(253)
[973.989s][info][gc,heap        ] GC(202) Survivor regions: 96->22(56)
[973.989s][info][gc,heap        ] GC(202) Old regions: 67->162
[973.989s][info][gc,heap        ] GC(202) Humongous regions: 81->81
[973.989s][info][gc,metaspace   ] GC(202) Metaspace: 29992K(30464K)->29992K(30464K) NonClass: 24579K(24832K)->24579K(24832K) Class: 5413K(5632K)->5413K(5632K)
[973.989s][info][gc             ] GC(202) Pause Young (Normal) (G1 Evacuation Pause) 4693M->2081M(10240M) 418.303ms
[973.989s][info][gc,cpu         ] GC(202) User=3.29s Sys=0.00s Real=0.42s
.....[979.132s][info][gc,start       ] GC(203) Pause Young (Normal) (G1 Evacuation Pause)
[979.132s][info][gc,task        ] GC(203) Using 8 workers of 8 for evacuation
[979.235s][info][gc,phases      ] GC(203)   Pre Evacuate Collection Set: 0.26ms
[979.235s][info][gc,phases      ] GC(203)   Merge Heap Roots: 0.42ms
[979.235s][info][gc,phases      ] GC(203)   Evacuate Collection Set: 100.63ms
[979.235s][info][gc,phases      ] GC(203)   Post Evacuate Collection Set: 0.78ms
[979.235s][info][gc,phases      ] GC(203)   Other: 0.06ms
[979.235s][info][gc,heap        ] GC(203) Eden regions: 319->0(194)
[979.235s][info][gc,heap        ] GC(203) Survivor regions: 22->32(43)
[979.235s][info][gc,heap        ] GC(203) Old regions: 162->162
[979.235s][info][gc,heap        ] GC(203) Humongous regions: 81->81
[979.235s][info][gc,metaspace   ] GC(203) Metaspace: 29992K(30464K)->29992K(30464K) NonClass: 24579K(24832K)->24579K(24832K) Class: 5413K(5632K)->5413K(5632K)
[979.235s][info][gc             ] GC(203) Pause Young (Normal) (G1 Evacuation Pause) 4633M->2165M(10240M) 102.289ms
[979.235s][info][gc,cpu         ] GC(203) User=0.80s Sys=0.00s Real=0.10s
.....[984.059s][info][gc,start       ] GC(204) Pause Young (Normal) (G1 Evacuation Pause)
[984.059s][info][gc,task        ] GC(204) Using 8 workers of 8 for evacuation
[984.180s][info][gc,phases      ] GC(204)   Pre Evacuate Collection Set: 0.27ms
[984.180s][info][gc,phases      ] GC(204)   Merge Heap Roots: 0.43ms
[984.180s][info][gc,phases      ] GC(204)   Evacuate Collection Set: 119.56ms
[984.180s][info][gc,phases      ] GC(204)   Post Evacuate Collection Set: 0.74ms
[984.180s][info][gc,phases      ] GC(204)   Other: 0.07ms
[984.180s][info][gc,heap        ] GC(204) Eden regions: 284->0(298)
[984.180s][info][gc,heap        ] GC(204) Survivor regions: 32->31(40)
[984.180s][info][gc,heap        ] GC(204) Old regions: 162->172
[984.180s][info][gc,heap        ] GC(204) Humongous regions: 81->81
[984.180s][info][gc,metaspace   ] GC(204) Metaspace: 29992K(30464K)->29992K(30464K) NonClass: 24579K(24832K)->24579K(24832K) Class: 5413K(5632K)->5413K(5632K)
[984.180s][info][gc             ] GC(204) Pause Young (Normal) (G1 Evacuation Pause) 4437M->2233M(10240M) 121.196ms
[984.180s][info][gc,cpu         ] GC(204) User=0.96s Sys=0.00s Real=0.12s
.. (rIR:aIR:PR = 3902:4068:4068) (tPR = 60397) [OK] 
   985s:       rampup IR =   5202 ...[988.604s][info][gc,start       ] GC(205) Pause Young (Normal) (G1 Evacuation Pause)
[988.605s][info][gc,task        ] GC(205) Using 8 workers of 8 for evacuation
[988.726s][info][gc,phases      ] GC(205)   Pre Evacuate Collection Set: 0.27ms
[988.726s][info][gc,phases      ] GC(205)   Merge Heap Roots: 0.41ms
[988.726s][info][gc,phases      ] GC(205)   Evacuate Collection Set: 119.89ms
[988.726s][info][gc,phases      ] GC(205)   Post Evacuate Collection Set: 0.75ms
[988.726s][info][gc,phases      ] GC(205)   Other: 0.06ms
[988.726s][info][gc,heap        ] GC(205) Eden regions: 319->0(322)
[988.726s][info][gc,heap        ] GC(205) Survivor regions: 31->32(44)
[988.726s][info][gc,heap        ] GC(205) Old regions: 172->182
[988.726s][info][gc,heap        ] GC(205) Humongous regions: 81->81
[988.726s][info][gc,metaspace   ] GC(205) Metaspace: 29992K(30464K)->29992K(30464K) NonClass: 24579K(24832K)->24579K(24832K) Class: 5413K(5632K)->5413K(5632K)
[988.726s][info][gc             ] GC(205) Pause Young (Normal) (G1 Evacuation Pause) 4785M->2319M(10240M) 121.507ms
[988.726s][info][gc,cpu         ] GC(205) User=0.96s Sys=0.00s Real=0.13s
. (rIR:aIR:PR = 5202:5237:5237) (tPR = 78780) [OK] 
   989s:       rampup IR =   6503 ..[992.248s][info][gc,start       ] GC(206) Pause Young (Normal) (G1 Evacuation Pause)
[992.248s][info][gc,task        ] GC(206) Using 8 workers of 8 for evacuation
[992.368s][info][gc,phases      ] GC(206)   Pre Evacuate Collection Set: 0.30ms
[992.368s][info][gc,phases      ] GC(206)   Merge Heap Roots: 0.43ms
[992.368s][info][gc,phases      ] GC(206)   Evacuate Collection Set: 119.08ms
[992.368s][info][gc,phases      ] GC(206)   Post Evacuate Collection Set: 0.87ms
[992.368s][info][gc,phases      ] GC(206)   Other: 0.06ms
[992.368s][info][gc,heap        ] GC(206) Eden regions: 339->0(388)
[992.368s][info][gc,heap        ] GC(206) Survivor regions: 32->33(47)
[992.368s][info][gc,heap        ] GC(206) Old regions: 182->189
[992.368s][info][gc,heap        ] GC(206) Humongous regions: 81->81
[992.368s][info][gc,metaspace   ] GC(206) Metaspace: 29992K(30464K)->29992K(30464K) NonClass: 24579K(24832K)->24579K(24832K) Class: 5413K(5632K)->5413K(5632K)
[992.368s][info][gc             ] GC(206) Pause Young (Normal) (G1 Evacuation Pause) 5031M->2385M(10240M) 120.871ms
[992.368s][info][gc,cpu         ] GC(206) User=0.96s Sys=0.00s Real=0.12s
.. (rIR:aIR:PR = 6503:6551:6551) (tPR = 97701) [OK] 
   993s:       rampup IR =   7803 ..[996.084s][info][gc,start       ] GC(207) Pause Young (Normal) (G1 Evacuation Pause)
[996.084s][info][gc,task        ] GC(207) Using 8 workers of 8 for evacuation
[996.213s][info][gc,phases      ] GC(207)   Pre Evacuate Collection Set: 0.29ms
[996.213s][info][gc,phases      ] GC(207)   Merge Heap Roots: 0.48ms
[996.213s][info][gc,phases      ] GC(207)   Evacuate Collection Set: 126.93ms
[996.213s][info][gc,phases      ] GC(207)   Post Evacuate Collection Set: 0.95ms
[996.213s][info][gc,phases      ] GC(207)   Other: 0.07ms
[996.213s][info][gc,heap        ] GC(207) Eden regions: 411->0(441)
[996.213s][info][gc,heap        ] GC(207) Survivor regions: 33->35(56)
[996.213s][info][gc,heap        ] GC(207) Old regions: 189->197
[996.213s][info][gc,heap        ] GC(207) Humongous regions: 81->81
[996.213s][info][gc,metaspace   ] GC(207) Metaspace: 29992K(30464K)->29992K(30464K) NonClass: 24579K(24832K)->24579K(24832K) Class: 5413K(5632K)->5413K(5632K)
[996.213s][info][gc             ] GC(207) Pause Young (Normal) (G1 Evacuation Pause) 5673M->2469M(10240M) 128.849ms
[996.213s][info][gc,cpu         ] GC(207) User=1.01s Sys=0.00s Real=0.13s
.. (rIR:aIR:PR = 7803:7876:7876) (tPR = 113919) [OK] 
   997s:       rampup IR =   9104 ..[999.811s][info][gc,start       ] GC(208) Pause Young (Normal) (G1 Evacuation Pause)
[999.811s][info][gc,task        ] GC(208) Using 8 workers of 8 for evacuation
[999.957s][info][gc,phases      ] GC(208)   Pre Evacuate Collection Set: 0.28ms
[999.957s][info][gc,phases      ] GC(208)   Merge Heap Roots: 0.42ms
[999.957s][info][gc,phases      ] GC(208)   Evacuate Collection Set: 144.15ms
[999.957s][info][gc,phases      ] GC(208)   Post Evacuate Collection Set: 1.06ms
[999.957s][info][gc,phases      ] GC(208)   Other: 0.06ms
[999.957s][info][gc,heap        ] GC(208) Eden regions: 454->0(404)
[999.957s][info][gc,heap        ] GC(208) Survivor regions: 35->41(62)
[999.957s][info][gc,heap        ] GC(208) Old regions: 197->204
[999.957s][info][gc,heap        ] GC(208) Humongous regions: 81->81
[999.957s][info][gc,metaspace   ] GC(208) Metaspace: 29992K(30464K)->29992K(30464K) NonClass: 24579K(24832K)->24579K(24832K) Class: 5413K(5632K)->5413K(5632K)
[999.957s][info][gc             ] GC(208) Pause Young (Normal) (G1 Evacuation Pause) 6101M->2565M(10240M) 146.108ms
[999.957s][info][gc,cpu         ] GC(208) User=1.15s Sys=0.00s Real=0.15s
.. (rIR:aIR:PR = 9104:9305:9276) (tPR = 134828) [OK] 
  1001s:       rampup IR =  10404 .[1002.793s][info][gc,start       ] GC(209) Pause Young (Normal) (G1 Evacuation Pause)
[1002.793s][info][gc,task        ] GC(209) Using 8 workers of 8 for evacuation
[1002.933s][info][gc,phases      ] GC(209)   Pre Evacuate Collection Set: 0.30ms
[1002.933s][info][gc,phases      ] GC(209)   Merge Heap Roots: 0.42ms
[1002.933s][info][gc,phases      ] GC(209)   Evacuate Collection Set: 137.83ms
[1002.933s][info][gc,phases      ] GC(209)   Post Evacuate Collection Set: 0.90ms
[1002.933s][info][gc,phases      ] GC(209)   Other: 0.06ms
[1002.933s][info][gc,heap        ] GC(209) Eden regions: 415->0(503)
[1002.933s][info][gc,heap        ] GC(209) Survivor regions: 41->39(57)
[1002.933s][info][gc,heap        ] GC(209) Old regions: 204->212
[1002.933s][info][gc,heap        ] GC(209) Humongous regions: 81->81
[1002.933s][info][gc,metaspace   ] GC(209) Metaspace: 29992K(30464K)->29992K(30464K) NonClass: 24579K(24832K)->24579K(24832K) Class: 5413K(5632K)->5413K(5632K)
[1002.933s][info][gc             ] GC(209) Pause Young (Normal) (G1 Evacuation Pause) 5885M->2610M(10240M) 139.653ms
[1002.933s][info][gc,cpu         ] GC(209) User=1.09s Sys=0.01s Real=0.14s
... (rIR:aIR:PR = 10404:10462:10462) (tPR = 154530) [OK] 
  1005s:       rampup IR =  11704 [1006.016s][info][gc,start       ] GC(210) Pause Young (Normal) (G1 Evacuation Pause)
[1006.016s][info][gc,task        ] GC(210) Using 8 workers of 8 for evacuation
[1006.162s][info][gc,phases      ] GC(210)   Pre Evacuate Collection Set: 0.28ms
[1006.162s][info][gc,phases      ] GC(210)   Merge Heap Roots: 0.45ms
[1006.162s][info][gc,phases      ] GC(210)   Evacuate Collection Set: 144.71ms
[1006.162s][info][gc,phases      ] GC(210)   Post Evacuate Collection Set: 1.10ms
[1006.162s][info][gc,phases      ] GC(210)   Other: 0.06ms
[1006.162s][info][gc,heap        ] GC(210) Eden regions: 507->0(545)
[1006.162s][info][gc,heap        ] GC(210) Survivor regions: 39->40(69)
[1006.163s][info][gc,heap        ] GC(210) Old regions: 212->220
[1006.163s][info][gc,heap        ] GC(210) Humongous regions: 81->81
[1006.163s][info][gc,metaspace   ] GC(210) Metaspace: 29992K(30464K)->29992K(30464K) NonClass: 24579K(24832K)->24579K(24832K) Class: 5413K(5632K)->5413K(5632K)
[1006.163s][info][gc             ] GC(210) Pause Young (Normal) (G1 Evacuation Pause) 6666M->2689M(10240M) 146.727ms
[1006.163s][info][gc,cpu         ] GC(210) User=1.15s Sys=0.00s Real=0.14s
...[1009.264s][info][gc,start       ] GC(211) Pause Young (Normal) (G1 Evacuation Pause)
[1009.264s][info][gc,task        ] GC(211) Using 8 workers of 8 for evacuation
[1009.415s][info][gc,phases      ] GC(211)   Pre Evacuate Collection Set: 0.28ms
[1009.415s][info][gc,phases      ] GC(211)   Merge Heap Roots: 0.48ms
[1009.415s][info][gc,phases      ] GC(211)   Evacuate Collection Set: 148.80ms
[1009.415s][info][gc,phases      ] GC(211)   Post Evacuate Collection Set: 1.06ms
[1009.415s][info][gc,phases      ] GC(211)   Other: 0.07ms
[1009.415s][info][gc,heap        ] GC(211) Eden regions: 546->0(539)
[1009.415s][info][gc,heap        ] GC(211) Survivor regions: 40->44(74)
[1009.415s][info][gc,heap        ] GC(211) Old regions: 220->226
[1009.415s][info][gc,heap        ] GC(211) Humongous regions: 81->81
[1009.415s][info][gc,metaspace   ] GC(211) Metaspace: 29992K(30464K)->29992K(30464K) NonClass: 24579K(24832K)->24579K(24832K) Class: 5413K(5632K)->5413K(5632K)
[1009.415s][info][gc             ] GC(211) Pause Young (Normal) (G1 Evacuation Pause) 7057M->2769M(10240M) 150.814ms
[1009.415s][info][gc,cpu         ] GC(211) User=1.19s Sys=0.00s Real=0.15s
.. (rIR:aIR:PR = 11704:12027:11943) (tPR = 177952) [OK] 
  1010s:       rampup IR =  13005 .[1012.242s][info][gc,start       ] GC(212) Pause Young (Normal) (G1 Evacuation Pause)
[1012.242s][info][gc,task        ] GC(212) Using 8 workers of 8 for evacuation
[1012.398s][info][gc,phases      ] GC(212)   Pre Evacuate Collection Set: 0.27ms
[1012.398s][info][gc,phases      ] GC(212)   Merge Heap Roots: 0.52ms
[1012.398s][info][gc,phases      ] GC(212)   Evacuate Collection Set: 153.74ms
[1012.398s][info][gc,phases      ] GC(212)   Post Evacuate Collection Set: 1.04ms
[1012.398s][info][gc,phases      ] GC(212)   Other: 0.07ms
[1012.398s][info][gc,heap        ] GC(212) Eden regions: 538->0(592)
[1012.398s][info][gc,heap        ] GC(212) Survivor regions: 44->43(73)
[1012.398s][info][gc,heap        ] GC(212) Old regions: 226->233
[1012.398s][info][gc,heap        ] GC(212) Humongous regions: 81->81
[1012.398s][info][gc,metaspace   ] GC(212) Metaspace: 29993K(30464K)->29993K(30464K) NonClass: 24580K(24832K)->24580K(24832K) Class: 5413K(5632K)->5413K(5632K)
[1012.398s][info][gc             ] GC(212) Pause Young (Normal) (G1 Evacuation Pause) 7073M->2820M(10240M) 155.771ms
[1012.398s][info][gc,cpu         ] GC(212) User=1.23s Sys=0.00s Real=0.16s
...[1015.509s][info][gc,start       ] GC(213) Pause Young (Normal) (G1 Evacuation Pause)
[1015.509s][info][gc,task        ] GC(213) Using 8 workers of 8 for evacuation
[1015.670s][info][gc,phases      ] GC(213)   Pre Evacuate Collection Set: 0.26ms
[1015.670s][info][gc,phases      ] GC(213)   Merge Heap Roots: 0.52ms
[1015.670s][info][gc,phases      ] GC(213)   Evacuate Collection Set: 159.56ms
[1015.670s][info][gc,phases      ] GC(213)   Post Evacuate Collection Set: 1.11ms
[1015.670s][info][gc,phases      ] GC(213)   Other: 0.07ms
[1015.670s][info][gc,heap        ] GC(213) Eden regions: 590->0(598)
[1015.670s][info][gc,heap        ] GC(213) Survivor regions: 43->45(80)
[1015.670s][info][gc,heap        ] GC(213) Old regions: 233->240
[1015.670s][info][gc,heap        ] GC(213) Humongous regions: 81->81
[1015.670s][info][gc,metaspace   ] GC(213) Metaspace: 29993K(30464K)->29993K(30464K) NonClass: 24580K(24832K)->24580K(24832K) Class: 5413K(5632K)->5413K(5632K)
[1015.670s][info][gc             ] GC(213) Pause Young (Normal) (G1 Evacuation Pause) 7540M->2893M(10240M) 161.658ms
[1015.670s][info][gc,cpu         ] GC(213) User=1.28s Sys=0.01s Real=0.16s
....[1018.824s][info][gc,start       ] GC(214) Pause Young (Normal) (G1 Evacuation Pause)
[1018.824s][info][gc,task        ] GC(214) Using 8 workers of 8 for evacuation
[1018.990s][info][gc,phases      ] GC(214)   Pre Evacuate Collection Set: 0.29ms
[1018.990s][info][gc,phases      ] GC(214)   Merge Heap Roots: 0.49ms
[1018.990s][info][gc,phases      ] GC(214)   Evacuate Collection Set: 164.15ms
[1018.990s][info][gc,phases      ] GC(214)   Post Evacuate Collection Set: 1.08ms
[1018.990s][info][gc,phases      ] GC(214)   Other: 0.06ms
[1018.990s][info][gc,heap        ] GC(214) Eden regions: 595->0(586)
[1018.990s][info][gc,heap        ] GC(214) Survivor regions: 45->47(80)
[1018.990s][info][gc,heap        ] GC(214) Old regions: 240->247
[1018.990s][info][gc,heap        ] GC(214) Humongous regions: 81->81
[1018.990s][info][gc,metaspace   ] GC(214) Metaspace: 29993K(30464K)->29993K(30464K) NonClass: 24580K(24832K)->24580K(24832K) Class: 5413K(5632K)->5413K(5632K)
[1018.990s][info][gc             ] GC(214) Pause Young (Normal) (G1 Evacuation Pause) 7653M->2958M(10240M) 166.219ms
[1018.990s][info][gc,cpu         ] GC(214) User=1.31s Sys=0.00s Real=0.17s
...[1022.075s][info][gc,start       ] GC(215) Pause Young (Normal) (G1 Evacuation Pause)
[1022.075s][info][gc,task        ] GC(215) Using 8 workers of 8 for evacuation
[1022.237s][info][gc,phases      ] GC(215)   Pre Evacuate Collection Set: 0.30ms
[1022.237s][info][gc,phases      ] GC(215)   Merge Heap Roots: 0.50ms
[1022.237s][info][gc,phases      ] GC(215)   Evacuate Collection Set: 160.19ms
[1022.237s][info][gc,phases      ] GC(215)   Post Evacuate Collection Set: 1.07ms
[1022.237s][info][gc,phases      ] GC(215)   Other: 0.07ms
[1022.237s][info][gc,heap        ] GC(215) Eden regions: 583->0(665)
[1022.237s][info][gc,heap        ] GC(215) Survivor regions: 47->45(79)
[1022.237s][info][gc,heap        ] GC(215) Old regions: 247->254
[1022.237s][info][gc,heap        ] GC(215) Humongous regions: 81->81
[1022.237s][info][gc,metaspace   ] GC(215) Metaspace: 29993K(30464K)->29993K(30464K) NonClass: 24580K(24832K)->24580K(24832K) Class: 5413K(5632K)->5413K(5632K)
[1022.237s][info][gc             ] GC(215) Pause Young (Normal) (G1 Evacuation Pause) 7622M->2997M(10240M) 162.266ms
[1022.237s][info][gc,cpu         ] GC(215) User=1.28s Sys=0.01s Real=0.17s
...[1025.669s][info][gc,start       ] GC(216) Pause Young (Normal) (G1 Evacuation Pause)
[1025.669s][info][gc,task        ] GC(216) Using 8 workers of 8 for evacuation
[1025.836s][info][gc,phases      ] GC(216)   Pre Evacuate Collection Set: 0.30ms
[1025.836s][info][gc,phases      ] GC(216)   Merge Heap Roots: 0.57ms
[1025.836s][info][gc,phases      ] GC(216)   Evacuate Collection Set: 165.50ms
[1025.836s][info][gc,phases      ] GC(216)   Post Evacuate Collection Set: 1.16ms
[1025.836s][info][gc,phases      ] GC(216)   Other: 0.07ms
[1025.836s][info][gc,heap        ] GC(216) Eden regions: 658->0(564)
[1025.836s][info][gc,heap        ] GC(216) Survivor regions: 45->53(88)
[1025.836s][info][gc,heap        ] GC(216) Old regions: 254->254
[1025.836s][info][gc,heap        ] GC(216) Humongous regions: 81->81
[1025.836s][info][gc,metaspace   ] GC(216) Metaspace: 29994K(30464K)->29994K(30464K) NonClass: 24581K(24832K)->24581K(24832K) Class: 5413K(5632K)->5413K(5632K)
[1025.836s][info][gc             ] GC(216) Pause Young (Normal) (G1 Evacuation Pause) 8261M->3065M(10240M) 167.720ms
[1025.836s][info][gc,cpu         ] GC(216) User=1.33s Sys=0.00s Real=0.17s
...[1028.776s][info][gc,start       ] GC(217) Pause Young (Normal) (G1 Evacuation Pause)
[1028.776s][info][gc,task        ] GC(217) Using 8 workers of 8 for evacuation
[1028.954s][info][gc,phases      ] GC(217)   Pre Evacuate Collection Set: 0.33ms
[1028.954s][info][gc,phases      ] GC(217)   Merge Heap Roots: 0.59ms
[1028.954s][info][gc,phases      ] GC(217)   Evacuate Collection Set: 174.75ms
[1028.954s][info][gc,phases      ] GC(217)   Post Evacuate Collection Set: 1.03ms
[1028.954s][info][gc,phases      ] GC(217)   Other: 0.80ms
[1028.954s][info][gc,heap        ] GC(217) Eden regions: 556->0(692)
[1028.954s][info][gc,heap        ] GC(217) Survivor regions: 53->46(77)
[1028.954s][info][gc,heap        ] GC(217) Old regions: 254->264
[1028.954s][info][gc,heap        ] GC(217) Humongous regions: 81->81
[1028.954s][info][gc,metaspace   ] GC(217) Metaspace: 29994K(30464K)->29994K(30464K) NonClass: 24581K(24832K)->24581K(24832K) Class: 5413K(5632K)->5413K(5632K)
[1028.954s][info][gc             ] GC(217) Pause Young (Normal) (G1 Evacuation Pause) 7513M->3090M(10240M) 177.643ms
[1028.954s][info][gc,cpu         ] GC(217) User=1.39s Sys=0.00s Real=0.17s
....[1032.572s][info][gc,start       ] GC(218) Pause Young (Normal) (G1 Evacuation Pause)
[1032.572s][info][gc,task        ] GC(218) Using 8 workers of 8 for evacuation
[1032.746s][info][gc,phases      ] GC(218)   Pre Evacuate Collection Set: 0.27ms
[1032.746s][info][gc,phases      ] GC(218)   Merge Heap Roots: 0.55ms
[1032.746s][info][gc,phases      ] GC(218)   Evacuate Collection Set: 171.75ms
[1032.746s][info][gc,phases      ] GC(218)   Post Evacuate Collection Set: 1.20ms
[1032.746s][info][gc,phases      ] GC(218)   Other: 0.07ms
[1032.746s][info][gc,heap        ] GC(218) Eden regions: 690->0(557)
[1032.746s][info][gc,heap        ] GC(218) Survivor regions: 46->55(92)
[1032.746s][info][gc,heap        ] GC(218) Old regions: 264->264
[1032.746s][info][gc,heap        ] GC(218) Humongous regions: 81->81
[1032.746s][info][gc,metaspace   ] GC(218) Metaspace: 29994K(30464K)->29994K(30464K) NonClass: 24581K(24832K)->24581K(24832K) Class: 5413K(5632K)->5413K(5632K)
[1032.746s][info][gc             ] GC(218) Pause Young (Normal) (G1 Evacuation Pause) 8610M->3158M(10240M) 173.973ms
[1032.746s][info][gc,cpu         ] GC(218) User=1.37s Sys=0.00s Real=0.17s
...[1035.498s][info][gc,start       ] GC(219) Pause Young (Normal) (G1 Evacuation Pause)
[1035.498s][info][gc,task        ] GC(219) Using 8 workers of 8 for evacuation
[1035.674s][info][gc,phases      ] GC(219)   Pre Evacuate Collection Set: 0.23ms
[1035.674s][info][gc,phases      ] GC(219)   Merge Heap Roots: 0.51ms
[1035.674s][info][gc,phases      ] GC(219)   Evacuate Collection Set: 173.59ms
[1035.674s][info][gc,phases      ] GC(219)   Post Evacuate Collection Set: 1.04ms
[1035.674s][info][gc,phases      ] GC(219)   Other: 0.06ms
[1035.674s][info][gc,heap        ] GC(219) Eden regions: 550->0(695)
[1035.674s][info][gc,heap        ] GC(219) Survivor regions: 55->47(76)
[1035.674s][info][gc,heap        ] GC(219) Old regions: 264->274
[1035.674s][info][gc,heap        ] GC(219) Humongous regions: 81->81
[1035.674s][info][gc,metaspace   ] GC(219) Metaspace: 29994K(30464K)->29994K(30464K) NonClass: 24581K(24832K)->24581K(24832K) Class: 5413K(5632K)->5413K(5632K)
[1035.674s][info][gc             ] GC(219) Pause Young (Normal) (G1 Evacuation Pause) 7558M->3171M(10240M) 175.549ms
[1035.674s][info][gc,cpu         ] GC(219) User=1.39s Sys=0.00s Real=0.17s
....[1039.360s][info][gc,start       ] GC(220) Pause Young (Normal) (G1 Evacuation Pause)
[1039.360s][info][gc,task        ] GC(220) Using 8 workers of 8 for evacuation
[1039.523s][info][gc,phases      ] GC(220)   Pre Evacuate Collection Set: 0.28ms
[1039.523s][info][gc,phases      ] GC(220)   Merge Heap Roots: 0.56ms
[1039.523s][info][gc,phases      ] GC(220)   Evacuate Collection Set: 160.95ms
[1039.523s][info][gc,phases      ] GC(220)   Post Evacuate Collection Set: 1.23ms
[1039.523s][info][gc,phases      ] GC(220)   Other: 0.07ms
[1039.523s][info][gc,heap        ] GC(220) Eden regions: 694->0(670)
[1039.523s][info][gc,heap        ] GC(220) Survivor regions: 47->51(93)
[1039.523s][info][gc,heap        ] GC(220) Old regions: 274->274
[1039.523s][info][gc,heap        ] GC(220) Humongous regions: 81->81
[1039.523s][info][gc,metaspace   ] GC(220) Metaspace: 29994K(30464K)->29994K(30464K) NonClass: 24581K(24832K)->24581K(24832K) Class: 5413K(5632K)->5413K(5632K)
[1039.523s][info][gc             ] GC(220) Pause Young (Normal) (G1 Evacuation Pause) 8723M->3203M(10240M) 163.216ms
[1039.523s][info][gc,cpu         ] GC(220) User=1.29s Sys=0.00s Real=0.16s
.. (rIR:aIR:PR = 13005:12978:12320) (tPR = 183227) [PR is under limit] 
  1040s: Re-initializing (term) [1041.086s][info][gc,start       ] GC(221) Pause Full (System.gc())
[1041.086s][info][gc,task        ] GC(221) Using 8 workers of 8 for full compaction
[1041.086s][info][gc,phases,start] GC(221) Phase 1: Mark live objects
[1041.102s][info][gc,phases      ] GC(221) Phase 1: Mark live objects 16.444ms
[1041.102s][info][gc,phases,start] GC(221) Phase 2: Prepare compaction
[1041.108s][info][gc,phases      ] GC(221) Phase 2: Prepare compaction 5.885ms
[1041.108s][info][gc,phases,start] GC(221) Phase 3: Adjust pointers
[1041.119s][info][gc,phases      ] GC(221) Phase 3: Adjust pointers 10.961ms
[1041.119s][info][gc,phases,start] GC(221) Phase 4: Compact heap
[1041.125s][info][gc,phases      ] GC(221) Phase 4: Compact heap 5.847ms
[1041.125s][info][gc,phases,start] GC(221) Phase 5: Reset Metadata
[1041.129s][info][gc,phases      ] GC(221) Phase 5: Reset Metadata 3.976ms
[1041.140s][info][gc,heap        ] GC(221) Eden regions: 279->0(768)
[1041.140s][info][gc,heap        ] GC(221) Survivor regions: 51->0(93)
[1041.140s][info][gc,heap        ] GC(221) Old regions: 274->13
[1041.140s][info][gc,heap        ] GC(221) Humongous regions: 81->33
[1041.140s][info][gc,metaspace   ] GC(221) Metaspace: 29996K(30464K)->29996K(30464K) NonClass: 24583K(24832K)->24583K(24832K) Class: 5413K(5632K)->5413K(5632K)
[1041.140s][info][gc             ] GC(221) Pause Full (System.gc()) 5432M->333M(10240M) 54.024ms
[1041.140s][info][gc,cpu         ] GC(221) User=0.36s Sys=0.00s Real=0.05s
(init) ... OK
  1046s: high-bound for max-jOPS is measured to be 13837
  1046s: 
  1046s: Restarting (term) [1046.659s][info][gc,start       ] GC(222) Pause Full (System.gc())
[1046.659s][info][gc,task        ] GC(222) Using 8 workers of 8 for full compaction
[1046.659s][info][gc,phases,start] GC(222) Phase 1: Mark live objects
[1046.675s][info][gc,phases      ] GC(222) Phase 1: Mark live objects 16.126ms
[1046.675s][info][gc,phases,start] GC(222) Phase 2: Prepare compaction
[1046.680s][info][gc,phases      ] GC(222) Phase 2: Prepare compaction 4.910ms
[1046.680s][info][gc,phases,start] GC(222) Phase 3: Adjust pointers
[1046.690s][info][gc,phases      ] GC(222) Phase 3: Adjust pointers 10.227ms
[1046.690s][info][gc,phases,start] GC(222) Phase 4: Compact heap
[1046.695s][info][gc,phases      ] GC(222) Phase 4: Compact heap 4.811ms
[1046.695s][info][gc,phases,start] GC(222) Phase 5: Reset Metadata
[1046.699s][info][gc,phases      ] GC(222) Phase 5: Reset Metadata 3.857ms
[1046.710s][info][gc,heap        ] GC(222) Eden regions: 471->0(768)
[1046.710s][info][gc,heap        ] GC(222) Survivor regions: 0->0(93)
[1046.710s][info][gc,heap        ] GC(222) Old regions: 13->13
[1046.710s][info][gc,heap        ] GC(222) Humongous regions: 86->33
[1046.710s][info][gc,metaspace   ] GC(222) Metaspace: 30009K(30528K)->30009K(30528K) NonClass: 24596K(24896K)->24596K(24896K) Class: 5413K(5632K)->5413K(5632K)
[1046.710s][info][gc             ] GC(222) Pause Full (System.gc()) 4522M->332M(10240M) 51.172ms
[1046.710s][info][gc,cpu         ] GC(222) User=0.33s Sys=0.00s Real=0.05s
(init) ... OK
  1051s: 
  1051s: Warmup for building throughput-responsetime curve
  1051s: (10%)   IR =   1384 ............[1065.097s][info][gc,start       ] GC(223) Pause Young (Normal) (G1 Evacuation Pause)
[1065.097s][info][gc,task        ] GC(223) Using 8 workers of 8 for evacuation
[1065.841s][info][gc,mmu         ] GC(223) MMU target violated: 201.0ms (200.0ms/201.0ms)
[1065.841s][info][gc,phases      ] GC(223)   Pre Evacuate Collection Set: 0.29ms
[1065.841s][info][gc,phases      ] GC(223)   Merge Heap Roots: 0.88ms
[1065.841s][info][gc,phases      ] GC(223)   Evacuate Collection Set: 741.32ms
[1065.841s][info][gc,phases      ] GC(223)   Post Evacuate Collection Set: 1.47ms
[1065.841s][info][gc,phases      ] GC(223)   Other: 0.10ms
[1065.841s][info][gc,heap        ] GC(223) Eden regions: 768->0(355)
[1065.841s][info][gc,heap        ] GC(223) Survivor regions: 0->96(96)
[1065.841s][info][gc,heap        ] GC(223) Old regions: 13->68
[1065.841s][info][gc,heap        ] GC(223) Humongous regions: 86->81
[1065.841s][info][gc,metaspace   ] GC(223) Metaspace: 30019K(30528K)->30019K(30528K) NonClass: 24606K(24896K)->24606K(24896K) Class: 5413K(5632K)->5413K(5632K)
[1065.841s][info][gc             ] GC(223) Pause Young (Normal) (G1 Evacuation Pause) 6900M->1924M(10240M) 744.199ms
[1065.841s][info][gc,cpu         ] GC(223) User=5.87s Sys=0.00s Real=0.74s
................[1081.862s][info][gc,start       ] GC(224) Pause Young (Normal) (G1 Evacuation Pause)
[1081.862s][info][gc,task        ] GC(224) Using 8 workers of 8 for evacuation
[1082.274s][info][gc,mmu         ] GC(224) MMU target violated: 201.0ms (200.0ms/201.0ms)
[1082.274s][info][gc,phases      ] GC(224)   Pre Evacuate Collection Set: 0.29ms
[1082.274s][info][gc,phases      ] GC(224)   Merge Heap Roots: 0.73ms
[1082.274s][info][gc,phases      ] GC(224)   Evacuate Collection Set: 409.50ms
[1082.274s][info][gc,phases      ] GC(224)   Post Evacuate Collection Set: 0.98ms
[1082.274s][info][gc,phases      ] GC(224)   Other: 0.12ms
[1082.274s][info][gc,heap        ] GC(224) Eden regions: 353->0(284)
[1082.274s][info][gc,heap        ] GC(224) Survivor regions: 96->22(57)
[1082.274s][info][gc,heap        ] GC(224) Old regions: 68->163
[1082.274s][info][gc,heap        ] GC(224) Humongous regions: 81->81
[1082.274s][info][gc,metaspace   ] GC(224) Metaspace: 30020K(30528K)->30020K(30528K) NonClass: 24606K(24896K)->24606K(24896K) Class: 5413K(5632K)->5413K(5632K)
[1082.274s][info][gc             ] GC(224) Pause Young (Normal) (G1 Evacuation Pause) 4748M->2088M(10240M) 411.753ms
[1082.274s][info][gc,cpu         ] GC(224) User=3.25s Sys=0.00s Real=0.41s
...............[1097.033s][info][gc,start       ] GC(225) Pause Young (Normal) (G1 Evacuation Pause)
[1097.033s][info][gc,task        ] GC(225) Using 8 workers of 8 for evacuation
[1097.136s][info][gc,phases      ] GC(225)   Pre Evacuate Collection Set: 0.27ms
[1097.136s][info][gc,phases      ] GC(225)   Merge Heap Roots: 0.43ms
[1097.136s][info][gc,phases      ] GC(225)   Evacuate Collection Set: 102.27ms
[1097.136s][info][gc,phases      ] GC(225)   Post Evacuate Collection Set: 0.74ms
[1097.136s][info][gc,phases      ] GC(225)   Other: 0.05ms
[1097.136s][info][gc,heap        ] GC(225) Eden regions: 317->0(190)
[1097.136s][info][gc,heap        ] GC(225) Survivor regions: 22->33(43)
[1097.136s][info][gc,heap        ] GC(225) Old regions: 163->163
[1097.136s][info][gc,heap        ] GC(225) Humongous regions: 81->81
[1097.136s][info][gc,metaspace   ] GC(225) Metaspace: 30020K(30528K)->30020K(30528K) NonClass: 24606K(24896K)->24606K(24896K) Class: 5413K(5632K)->5413K(5632K)
[1097.136s][info][gc             ] GC(225) Pause Young (Normal) (G1 Evacuation Pause) 4624M->2176M(10240M) 103.910ms
[1097.136s][info][gc,cpu         ] GC(225) User=0.81s Sys=0.00s Real=0.11s
.............[1109.389s][info][gc,start       ] GC(226) Pause Young (Normal) (G1 Evacuation Pause)
[1109.389s][info][gc,task        ] GC(226) Using 8 workers of 8 for evacuation
[1109.504s][info][gc,phases      ] GC(226)   Pre Evacuate Collection Set: 0.26ms
[1109.504s][info][gc,phases      ] GC(226)   Merge Heap Roots: 0.38ms
[1109.504s][info][gc,phases      ] GC(226)   Evacuate Collection Set: 114.02ms
[1109.504s][info][gc,phases      ] GC(226)   Post Evacuate Collection Set: 0.63ms
[1109.504s][info][gc,phases      ] GC(226)   Other: 0.05ms
[1109.504s][info][gc,heap        ] GC(226) Eden regions: 254->0(389)
[1109.504s][info][gc,heap        ] GC(226) Survivor regions: 33->17(36)
[1109.504s][info][gc,heap        ] GC(226) Old regions: 163->187
[1109.504s][info][gc,heap        ] GC(226) Humongous regions: 81->81
[1109.504s][info][gc,metaspace   ] GC(226) Metaspace: 30020K(30528K)->30020K(30528K) NonClass: 24606K(24896K)->24606K(24896K) Class: 5413K(5632K)->5413K(5632K)
[1109.504s][info][gc             ] GC(226) Pause Young (Normal) (G1 Evacuation Pause) 4208M->2243M(10240M) 115.454ms
[1109.504s][info][gc,cpu         ] GC(226) User=0.90s Sys=0.00s Real=0.11s
.....................[1131.275s][info][gc,start       ] GC(227) Pause Young (Normal) (G1 Evacuation Pause)
[1131.276s][info][gc,task        ] GC(227) Using 8 workers of 8 for evacuation
[1131.380s][info][gc,phases      ] GC(227)   Pre Evacuate Collection Set: 0.31ms
[1131.380s][info][gc,phases      ] GC(227)   Merge Heap Roots: 0.43ms
[1131.380s][info][gc,phases      ] GC(227)   Evacuate Collection Set: 102.88ms
[1131.380s][info][gc,phases      ] GC(227)   Post Evacuate Collection Set: 0.87ms
[1131.380s][info][gc,phases      ] GC(227)   Other: 0.07ms
[1131.380s][info][gc,heap        ] GC(227) Eden regions: 445->0(324)
[1131.380s][info][gc,heap        ] GC(227) Survivor regions: 17->34(58)
[1131.380s][info][gc,heap        ] GC(227) Old regions: 187->187
[1131.380s][info][gc,heap        ] GC(227) Humongous regions: 81->81
[1131.380s][info][gc,metaspace   ] GC(227) Metaspace: 30020K(30528K)->30020K(30528K) NonClass: 24606K(24896K)->24606K(24896K) Class: 5413K(5632K)->5413K(5632K)
[1131.380s][info][gc             ] GC(227) Pause Young (Normal) (G1 Evacuation Pause) 5803M->2375M(10240M) 104.720ms
[1131.380s][info][gc,cpu         ] GC(227) User=0.82s Sys=0.00s Real=0.11s
.................[1147.808s][info][gc,start       ] GC(228) Pause Young (Normal) (G1 Evacuation Pause)
[1147.808s][info][gc,task        ] GC(228) Using 8 workers of 8 for evacuation
[1147.932s][info][gc,phases      ] GC(228)   Pre Evacuate Collection Set: 0.25ms
[1147.932s][info][gc,phases      ] GC(228)   Merge Heap Roots: 0.47ms
[1147.932s][info][gc,phases      ] GC(228)   Evacuate Collection Set: 122.27ms
[1147.932s][info][gc,phases      ] GC(228)   Post Evacuate Collection Set: 0.76ms
[1147.932s][info][gc,phases      ] GC(228)   Other: 0.06ms
[1147.932s][info][gc,heap        ] GC(228) Eden regions: 336->0(383)
[1147.932s][info][gc,heap        ] GC(228) Survivor regions: 34->35(47)
[1147.932s][info][gc,heap        ] GC(228) Old regions: 187->193
[1147.932s][info][gc,heap        ] GC(228) Humongous regions: 81->81
[1147.932s][info][gc,metaspace   ] GC(228) Metaspace: 30020K(30528K)->30020K(30528K) NonClass: 24607K(24896K)->24607K(24896K) Class: 5413K(5632K)->5413K(5632K)
[1147.932s][info][gc             ] GC(228) Pause Young (Normal) (G1 Evacuation Pause) 5063M->2436M(10240M) 123.948ms
[1147.932s][info][gc,cpu         ] GC(228) User=0.97s Sys=0.00s Real=0.12s
...................[1167.314s][info][gc,start       ] GC(229) Pause Young (Normal) (G1 Evacuation Pause)
[1167.314s][info][gc,task        ] GC(229) Using 8 workers of 8 for evacuation
[1167.444s][info][gc,phases      ] GC(229)   Pre Evacuate Collection Set: 0.28ms
[1167.444s][info][gc,phases      ] GC(229)   Merge Heap Roots: 0.46ms
[1167.444s][info][gc,phases      ] GC(229)   Evacuate Collection Set: 128.39ms
[1167.444s][info][gc,phases      ] GC(229)   Post Evacuate Collection Set: 0.83ms
[1167.444s][info][gc,phases      ] GC(229)   Other: 0.07ms
[1167.444s][info][gc,heap        ] GC(229) Eden regions: 399->0(474)
[1167.444s][info][gc,heap        ] GC(229) Survivor regions: 35->34(55)
[1167.444s][info][gc,heap        ] GC(229) Old regions: 193->203
[1167.444s][info][gc,heap        ] GC(229) Humongous regions: 81->81
[1167.444s][info][gc,metaspace   ] GC(229) Metaspace: 30020K(30528K)->30020K(30528K) NonClass: 24607K(24896K)->24607K(24896K) Class: 5413K(5632K)->5413K(5632K)
[1167.444s][info][gc             ] GC(229) Pause Young (Normal) (G1 Evacuation Pause) 5628M->2505M(10240M) 130.165ms
[1167.444s][info][gc,cpu         ] GC(229) User=1.02s Sys=0.00s Real=0.13s
........................[1191.122s][info][gc,start       ] GC(230) Pause Young (Normal) (G1 Evacuation Pause)
[1191.122s][info][gc,task        ] GC(230) Using 8 workers of 8 for evacuation
[1191.258s][info][gc,phases      ] GC(230)   Pre Evacuate Collection Set: 0.30ms
[1191.258s][info][gc,phases      ] GC(230)   Merge Heap Roots: 0.46ms
[1191.258s][info][gc,phases      ] GC(230)   Evacuate Collection Set: 134.14ms
[1191.258s][info][gc,phases      ] GC(230)   Post Evacuate Collection Set: 0.93ms
[1191.258s][info][gc,phases      ] GC(230)   Other: 0.06ms
[1191.258s][info][gc,heap        ] GC(230) Eden regions: 484->0(408)
[1191.258s][info][gc,heap        ] GC(230) Survivor regions: 34->44(65)
[1191.258s][info][gc,heap        ] GC(230) Old regions: 203->203
[1191.258s][info][gc,heap        ] GC(230) Humongous regions: 81->81
[1191.258s][info][gc,metaspace   ] GC(230) Metaspace: 30020K(30528K)->30020K(30528K) NonClass: 24607K(24896K)->24607K(24896K) Class: 5413K(5632K)->5413K(5632K)
[1191.258s][info][gc             ] GC(230) Pause Young (Normal) (G1 Evacuation Pause) 6377M->2585M(10240M) 136.024ms
[1191.258s][info][gc,cpu         ] GC(230) User=1.07s Sys=0.00s Real=0.14s
....................[1211.403s][info][gc,start       ] GC(231) Pause Young (Normal) (G1 Evacuation Pause)
[1211.403s][info][gc,task        ] GC(231) Using 8 workers of 8 for evacuation
[1211.547s][info][gc,phases      ] GC(231)   Pre Evacuate Collection Set: 0.29ms
[1211.547s][info][gc,phases      ] GC(231)   Merge Heap Roots: 0.47ms
[1211.547s][info][gc,phases      ] GC(231)   Evacuate Collection Set: 142.90ms
[1211.547s][info][gc,phases      ] GC(231)   Post Evacuate Collection Set: 0.84ms
[1211.547s][info][gc,phases      ] GC(231)   Other: 0.07ms
[1211.547s][info][gc,heap        ] GC(231) Eden regions: 412->0(535)
[1211.547s][info][gc,heap        ] GC(231) Survivor regions: 44->38(57)
[1211.547s][info][gc,heap        ] GC(231) Old regions: 203->214
[1211.547s][info][gc,heap        ] GC(231) Humongous regions: 81->81
[1211.547s][info][gc,metaspace   ] GC(231) Metaspace: 30020K(30528K)->30020K(30528K) NonClass: 24607K(24896K)->24607K(24896K) Class: 5413K(5632K)->5413K(5632K)
[1211.547s][info][gc             ] GC(231) Pause Young (Normal) (G1 Evacuation Pause) 5881M->2625M(10240M) 144.741ms
[1211.548s][info][gc,cpu         ] GC(231) User=1.14s Sys=0.00s Real=0.15s
...................... (rIR:aIR:PR = 1384:1384:1384) (tPR = 20497) [OK] 
  1232s: 
  1232s: Building throughput-responsetime curve
  1232s: ( 0%)   IR =      0 ...|............................................................ (rIR:aIR:PR = 0:0:0) (tPR = 0) [OK] 
  1295s: Performance info:
         Transaction,    Success,    Partial,     Failed,   Receipts, AvgBarcode, 
         Response times:
             Request,    Success,    Partial,     Failed,   SkipFail,     Probes,    Samples,      min,      p50,      p90,      p95,      p99,      max, 

  1295s: ( 1%)   IR =    138 ....|...............................................[1347.441s][info][gc,start       ] GC(232) Pause Young (Normal) (G1 Evacuation Pause)
[1347.441s][info][gc,task        ] GC(232) Using 8 workers of 8 for evacuation
[1347.585s][info][gc,phases      ] GC(232)   Pre Evacuate Collection Set: 0.34ms
[1347.585s][info][gc,phases      ] GC(232)   Merge Heap Roots: 0.63ms
[1347.585s][info][gc,phases      ] GC(232)   Evacuate Collection Set: 142.40ms
[1347.585s][info][gc,phases      ] GC(232)   Post Evacuate Collection Set: 1.00ms
[1347.585s][info][gc,phases      ] GC(232)   Other: 0.07ms
[1347.585s][info][gc,heap        ] GC(232) Eden regions: 536->0(494)
[1347.585s][info][gc,heap        ] GC(232) Survivor regions: 38->46(72)
[1347.585s][info][gc,heap        ] GC(232) Old regions: 214->214
[1347.585s][info][gc,heap        ] GC(232) Humongous regions: 81->81
[1347.585s][info][gc,metaspace   ] GC(232) Metaspace: 30023K(30528K)->30023K(30528K) NonClass: 24609K(24896K)->24609K(24896K) Class: 5413K(5632K)->5413K(5632K)
[1347.585s][info][gc             ] GC(232) Pause Young (Normal) (G1 Evacuation Pause) 6913M->2689M(10240M) 144.600ms
[1347.585s][info][gc,cpu         ] GC(232) User=1.14s Sys=0.00s Real=0.14s
............. (rIR:aIR:PR = 138:138:138) (tPR = 2066) [OK] 
  1359s: Performance info:
         Transaction,    Success,    Partial,     Failed,   Receipts, AvgBarcode, 
             Overall,       8277,          0,          0,       7863,      59.48, 
         Response times:
             Request,    Success,    Partial,     Failed,   SkipFail,     Probes,    Samples,      min,      p50,      p90,      p95,      p99,      max, 
       TotalPurchase,       7863,          0,          0,          0,       7244,       8253,      300,      400,      500,      600,      800,     2100,
     InStorePurchase,       4138,          0,          0,          0,       3871,       4306,      300,      400,      500,      500,      800,     2100,
      OnlinePurchase,       2902,          0,          0,          0,       2677,       3048,      300,      400,      600,      600,      800,     2100,
        InstPurchase,        823,          0,          0,          0,        696,        899,      400,      500,      600,      600,      900,     2100,
          AssocOfCat,          8,          0,          0,          0,          6,          8,    16900,    23500,    25000,    25000,    25000,    25000,
      AssocOfProduct,         84,          0,          0,          0,         80,         88,      500,      600,      700,      800,     1000,     1000,
      BusinessReport,         22,          0,          0,          0,         22,         22,    19200,    27000,    30700,   147450,   168000,   168000,
          CustBuyBeh,         83,          0,          0,          0,         74,         88,      200,      300,      400,      400,     2100,     2100,
       ProductReturn,        218,          0,          0,          0,        165,        240,      200,      200,      300,      300,      400,      400,

  1359s: ( 2%)   IR =    277 .....|............................................................ (rIR:aIR:PR = 277:277:277) (tPR = 4014) [OK] 
  1424s: Performance info:
         Transaction,    Success,    Partial,     Failed,   Receipts, AvgBarcode, 
             Overall,      16624,          0,          0,      15790,      59.47, 
         Response times:
             Request,    Success,    Partial,     Failed,   SkipFail,     Probes,    Samples,      min,      p50,      p90,      p95,      p99,      max, 
       TotalPurchase,      15790,          0,          0,          0,      14840,      16663,      300,      500,      700,      800,      900,     1400,
     InStorePurchase,       8314,          0,          0,          0,       7793,       8689,      300,      500,      700,      700,      900,     1400,
      OnlinePurchase,       5816,          0,          0,          0,       5546,       6196,      300,      500,      700,      800,      900,     1300,
        InstPurchase,       1660,          0,          0,          0,       1501,       1778,      400,      600,      700,      800,     1000,     1200,
          AssocOfCat,         18,          0,          0,          0,         16,         18,    19600,    24000,    33400,    37000,    37000,    37000,
      AssocOfProduct,        165,          0,          0,          0,        119,        174,      400,      700,      900,      900,     1025,     1100,
      BusinessReport,         42,          0,          0,          0,         41,         44,    21000,    26000,    29000,    30000,    30000,    30000,
          CustBuyBeh,        164,          0,          0,          0,        120,        170,      100,      300,      300,      300,      329,      400,
       ProductReturn,        445,          0,          0,          0,        356,        458,      200,      300,      400,      500,      800,      900,

  1424s: ( 3%)   IR =    415 ....|............................[1457.689s][info][gc,start       ] GC(233) Pause Young (Normal) (G1 Evacuation Pause)
[1457.689s][info][gc,task        ] GC(233) Using 8 workers of 8 for evacuation
[1457.843s][info][gc,phases      ] GC(233)   Pre Evacuate Collection Set: 0.30ms
[1457.843s][info][gc,phases      ] GC(233)   Merge Heap Roots: 0.60ms
[1457.843s][info][gc,phases      ] GC(233)   Evacuate Collection Set: 151.43ms
[1457.843s][info][gc,phases      ] GC(233)   Post Evacuate Collection Set: 0.95ms
[1457.843s][info][gc,phases      ] GC(233)   Other: 0.08ms
[1457.843s][info][gc,heap        ] GC(233) Eden regions: 491->0(598)
[1457.843s][info][gc,heap        ] GC(233) Survivor regions: 46->41(68)
[1457.843s][info][gc,heap        ] GC(233) Old regions: 214->225
[1457.843s][info][gc,heap        ] GC(233) Humongous regions: 81->81
[1457.843s][info][gc,metaspace   ] GC(233) Metaspace: 30025K(30528K)->30025K(30528K) NonClass: 24612K(24896K)->24612K(24896K) Class: 5413K(5632K)->5413K(5632K)
[1457.843s][info][gc             ] GC(233) Pause Young (Normal) (G1 Evacuation Pause) 6617M->2729M(10240M) 153.494ms
[1457.843s][info][gc,cpu         ] GC(233) User=1.21s Sys=0.01s Real=0.15s
................................ (rIR:aIR:PR = 415:415:415) (tPR = 6128) [OK] 
  1488s: Performance info:
         Transaction,    Success,    Partial,     Failed,   Receipts, AvgBarcode, 
             Overall,      24979,          0,          0,      23733,      59.46, 
         Response times:
             Request,    Success,    Partial,     Failed,   SkipFail,     Probes,    Samples,      min,      p50,      p90,      p95,      p99,      max, 
       TotalPurchase,      23733,          0,          0,          0,      22594,      24927,      300,      600,      800,      900,     1100,   157000,
     InStorePurchase,      12476,          0,          0,          0,      11930,      13042,      300,      500,      800,      900,     1100,   155000,
      OnlinePurchase,       8753,          0,          0,          0,       8362,       9217,      300,      600,      900,     1000,     1200,   157000,
        InstPurchase,       2504,          0,          0,          0,       2302,       2668,      400,      600,      800,      900,     1100,   157000,
          AssocOfCat,         27,          0,          0,          0,         24,         26,    18500,    23500,    26000,    27300,    28000,    28000,
      AssocOfProduct,        247,          0,          0,          0,        184,        246,      400,      700,      900,     1000,     1100,     1300,
      BusinessReport,         61,          0,          0,          0,         57,         66,    19200,    27000,    30000,    30000,    32000,    32000,
          CustBuyBeh,        249,          0,          0,          0,        198,        278,      200,      300,      610,      700,      900,     1000,
       ProductReturn,        662,          0,          0,          0,        548,        676,      200,      300,      700,      800,     1023,     2300,

  1488s: ( 4%)   IR =    553 ....|..............................................[1539.114s][info][gc,start       ] GC(234) Pause Young (Normal) (G1 Evacuation Pause)
[1539.114s][info][gc,task        ] GC(234) Using 8 workers of 8 for evacuation
[1539.262s][info][gc,phases      ] GC(234)   Pre Evacuate Collection Set: 0.30ms
[1539.262s][info][gc,phases      ] GC(234)   Merge Heap Roots: 0.53ms
[1539.262s][info][gc,phases      ] GC(234)   Evacuate Collection Set: 145.84ms
[1539.262s][info][gc,phases      ] GC(234)   Post Evacuate Collection Set: 1.10ms
[1539.262s][info][gc,phases      ] GC(234)   Other: 0.10ms
[1539.262s][info][gc,heap        ] GC(234) Eden regions: 598->0(550)
[1539.262s][info][gc,heap        ] GC(234) Survivor regions: 41->49(80)
[1539.262s][info][gc,heap        ] GC(234) Old regions: 225->225
[1539.262s][info][gc,heap        ] GC(234) Humongous regions: 81->81
[1539.262s][info][gc,metaspace   ] GC(234) Metaspace: 30026K(30528K)->30026K(30528K) NonClass: 24613K(24896K)->24613K(24896K) Class: 5413K(5632K)->5413K(5632K)
[1539.262s][info][gc             ] GC(234) Pause Young (Normal) (G1 Evacuation Pause) 7513M->2793M(10240M) 148.002ms
[1539.262s][info][gc,cpu         ] GC(234) User=1.16s Sys=0.00s Real=0.15s
.............. (rIR:aIR:PR = 553:553:553) (tPR = 8319) [OK] 
  1552s: Performance info:
         Transaction,    Success,    Partial,     Failed,   Receipts, AvgBarcode, 
             Overall,      33215,          0,          0,      31562,      59.46, 
         Response times:
             Request,    Success,    Partial,     Failed,   SkipFail,     Probes,    Samples,      min,      p50,      p90,      p95,      p99,      max, 
       TotalPurchase,      31562,          0,          0,          0,      30185,      33103,      300,      700,     1000,     1100,     1300,   156000,
     InStorePurchase,      16621,          0,          0,          0,      15925,      17313,      300,      600,     1000,     1100,     1300,   156000,
      OnlinePurchase,      11623,          0,          0,          0,      11104,      12184,      300,      700,     1000,     1100,     1300,   150000,
        InstPurchase,       3318,          0,          0,          0,       3156,       3606,      400,      900,     1100,     1200,     1493,   153000,
          AssocOfCat,         32,          0,          0,          0,         31,         34,    17000,    25000,    27000,    28250,    32000,    32000,
      AssocOfProduct,        329,          0,          0,          0,        261,        348,      600,      900,     1200,     1300,     1600,     6900,
      BusinessReport,         84,          0,          0,          0,         80,         87,    19300,    27000,    30000,    32000,   186000,   186000,
          CustBuyBeh,        329,          0,          0,          0,        254,        350,      200,      500,      800,      900,     1298,     2800,
       ProductReturn,        879,          0,          0,          0,        796,        976,      200,      400,      800,      900,     1300,   156000,

  1552s: ( 5%)   IR =    692 .....|.....................................[1595.343s][info][gc,start       ] GC(235) Pause Young (Normal) (G1 Evacuation Pause)
[1595.343s][info][gc,task        ] GC(235) Using 8 workers of 8 for evacuation
[1595.501s][info][gc,phases      ] GC(235)   Pre Evacuate Collection Set: 0.32ms
[1595.501s][info][gc,phases      ] GC(235)   Merge Heap Roots: 0.59ms
[1595.501s][info][gc,phases      ] GC(235)   Evacuate Collection Set: 156.32ms
[1595.501s][info][gc,phases      ] GC(235)   Post Evacuate Collection Set: 1.04ms
[1595.501s][info][gc,phases      ] GC(235)   Other: 0.07ms
[1595.501s][info][gc,heap        ] GC(235) Eden regions: 546->0(675)
[1595.501s][info][gc,heap        ] GC(235) Survivor regions: 49->43(75)
[1595.501s][info][gc,heap        ] GC(235) Old regions: 225->235
[1595.501s][info][gc,heap        ] GC(235) Humongous regions: 81->81
[1595.501s][info][gc,metaspace   ] GC(235) Metaspace: 30028K(30528K)->30028K(30528K) NonClass: 24614K(24896K)->24614K(24896K) Class: 5413K(5632K)->5413K(5632K)
[1595.501s][info][gc             ] GC(235) Pause Young (Normal) (G1 Evacuation Pause) 7161M->2825M(10240M) 158.464ms
[1595.501s][info][gc,cpu         ] GC(235) User=1.24s Sys=0.00s Real=0.16s
....................... (rIR:aIR:PR = 692:692:692) (tPR = 10359) [OK] 
  1617s: Performance info:
         Transaction,    Success,    Partial,     Failed,   Receipts, AvgBarcode, 
             Overall,      41525,          0,          0,      39448,      59.47, 
         Response times:
             Request,    Success,    Partial,     Failed,   SkipFail,     Probes,    Samples,      min,      p50,      p90,      p95,      p99,      max, 
       TotalPurchase,      39448,          0,          0,          0,      37830,      42117,      300,      800,     1100,     1300,     1500,     5800,
     InStorePurchase,      20760,          0,          0,          0,      20108,      22300,      300,      800,     1100,     1300,     1500,     5800,
      OnlinePurchase,      14539,          0,          0,          0,      13867,      15353,      300,      700,     1100,     1300,     1500,     5800,
        InstPurchase,       4149,          0,          0,          0,       3855,       4464,      400,      800,     1200,     1300,     1500,     2100,
          AssocOfCat,         42,          0,          0,          0,         34,         44,    18300,    23500,    27000,    27000,    28000,    28000,
      AssocOfProduct,        415,          0,          0,          0,        347,        476,      500,     1000,     1300,     1500,     1623,     1900,
      BusinessReport,        104,          0,          0,          0,         96,        111,    19800,    27000,    31000,    32000,   167120,   185000,
          CustBuyBeh,        415,          0,          0,          0,        330,        445,      200,      500,     1000,     1100,     1500,     4000,
       ProductReturn,       1101,          0,          0,          0,        983,       1181,      200,      700,     1100,     1200,     1400,     1600,

  1617s: ( 6%)   IR =    830 ......|..............................[1654.162s][info][gc,start       ] GC(236) Pause Young (Normal) (G1 Evacuation Pause)
[1654.162s][info][gc,task        ] GC(236) Using 8 workers of 8 for evacuation
[1654.319s][info][gc,phases      ] GC(236)   Pre Evacuate Collection Set: 0.27ms
[1654.319s][info][gc,phases      ] GC(236)   Merge Heap Roots: 0.64ms
[1654.319s][info][gc,phases      ] GC(236)   Evacuate Collection Set: 154.36ms
[1654.319s][info][gc,phases      ] GC(236)   Post Evacuate Collection Set: 1.23ms
[1654.319s][info][gc,phases      ] GC(236)   Other: 0.08ms
[1654.319s][info][gc,heap        ] GC(236) Eden regions: 673->0(618)
[1654.319s][info][gc,heap        ] GC(236) Survivor regions: 43->50(90)
[1654.319s][info][gc,heap        ] GC(236) Old regions: 235->235
[1654.319s][info][gc,heap        ] GC(236) Humongous regions: 81->81
[1654.319s][info][gc,metaspace   ] GC(236) Metaspace: 30028K(30528K)->30028K(30528K) NonClass: 24615K(24896K)->24615K(24896K) Class: 5413K(5632K)->5413K(5632K)
[1654.319s][info][gc             ] GC(236) Pause Young (Normal) (G1 Evacuation Pause) 8209M->2885M(10240M) 156.700ms
[1654.319s][info][gc,cpu         ] GC(236) User=1.23s Sys=0.00s Real=0.16s
.............................. (rIR:aIR:PR = 830:830:830) (tPR = 12336) [OK] 
  1683s: Performance info:
         Transaction,    Success,    Partial,     Failed,   Receipts, AvgBarcode, 
             Overall,      49803,          0,          0,      47310,      59.49, 
         Response times:
             Request,    Success,    Partial,     Failed,   SkipFail,     Probes,    Samples,      min,      p50,      p90,      p95,      p99,      max, 
       TotalPurchase,      47310,          0,          0,          0,      45410,      51244,      300,      800,     1300,     1400,     1700,   162000,
     InStorePurchase,      24895,          0,          0,          0,      24072,      27048,      300,      800,     1300,     1400,     1700,   161000,
      OnlinePurchase,      17428,          0,          0,          0,      16651,      18774,      300,      800,     1300,     1400,     1700,   162000,
        InstPurchase,       4987,          0,          0,          0,       4687,       5422,      400,     1000,     1400,     1500,     1800,   160000,
          AssocOfCat,         51,          0,          0,          0,         44,         54,    21000,    24000,    29500,    70250,   185000,   185000,
      AssocOfProduct,        503,          0,          0,          0,        416,        557,      500,     1200,     1600,     1700,     1942,     2200,
      BusinessReport,        124,          0,          0,          0,         96,        146,    21000,    27000,    32000,    35000,   164670,   183000,
          CustBuyBeh,        496,          0,          0,          0,        407,        542,      200,      800,     1200,     1400,     1857,     6900,
       ProductReturn,       1319,          0,          0,          0,       1227,       1534,      200,      700,     1200,     1300,     1665,   158000,

  1683s: ( 7%)   IR =    969 ....|.............[1701.432s][info][gc,start       ] GC(237) Pause Young (Normal) (G1 Evacuation Pause)
[1701.432s][info][gc,task        ] GC(237) Using 8 workers of 8 for evacuation
[1701.593s][info][gc,phases      ] GC(237)   Pre Evacuate Collection Set: 0.30ms
[1701.593s][info][gc,phases      ] GC(237)   Merge Heap Roots: 0.57ms
[1701.593s][info][gc,phases      ] GC(237)   Evacuate Collection Set: 158.64ms
[1701.593s][info][gc,phases      ] GC(237)   Post Evacuate Collection Set: 1.11ms
[1701.593s][info][gc,phases      ] GC(237)   Other: 0.08ms
[1701.593s][info][gc,heap        ] GC(237) Eden regions: 612->0(723)
[1701.593s][info][gc,heap        ] GC(237) Survivor regions: 50->45(83)
[1701.593s][info][gc,heap        ] GC(237) Old regions: 235->243
[1701.593s][info][gc,heap        ] GC(237) Humongous regions: 81->81
[1701.593s][info][gc,metaspace   ] GC(237) Metaspace: 30029K(30528K)->30029K(30528K) NonClass: 24615K(24896K)->24615K(24896K) Class: 5413K(5632K)->5413K(5632K)
[1701.593s][info][gc             ] GC(237) Pause Young (Normal) (G1 Evacuation Pause) 7781M->2909M(10240M) 160.868ms
[1701.593s][info][gc,cpu         ] GC(237) User=1.26s Sys=0.00s Real=0.16s
............................................... (rIR:aIR:PR = 969:969:969) (tPR = 14311) [OK] 
  1747s: Performance info:
         Transaction,    Success,    Partial,     Failed,   Receipts, AvgBarcode, 
             Overall,      58185,          0,          0,      55276,      59.48, 
         Response times:
             Request,    Success,    Partial,     Failed,   SkipFail,     Probes,    Samples,      min,      p50,      p90,      p95,      p99,      max, 
       TotalPurchase,      55276,          0,          0,          0,      53646,      58627,      300,      900,     1400,     1600,     1900,   163000,
     InStorePurchase,      29075,          0,          0,          0,      28287,      30746,      400,     1000,     1500,     1600,     1900,   163000,
      OnlinePurchase,      20381,          0,          0,          0,      19865,      21732,      300,      900,     1400,     1600,     1900,   163000,
        InstPurchase,       5820,          0,          0,          0,       5494,       6149,      400,     1000,     1500,     1700,     1900,   163000,
          AssocOfCat,         59,          0,          0,          0,         58,         61,    17800,    25000,    27800,    28000,    29000,    29000,
      AssocOfProduct,        580,          0,          0,          0,        480,        627,      500,     1000,     1500,     1700,     2100,     7600,
      BusinessReport,        143,          0,          0,          0,        115,        171,    23000,    27000,    31800,    34000,    54000,    54000,
          CustBuyBeh,        582,          0,          0,          0,        489,        647,      200,      400,     1100,     1200,     1452,     2700,
       ProductReturn,       1545,          0,          0,          0,       1373,       1591,      200,      800,     1300,     1500,     1900,     8300,

  1747s: ( 8%)   IR =   1107 ...[1751.640s][info][gc,start       ] GC(238) Pause Young (Normal) (G1 Evacuation Pause)
[1751.640s][info][gc,task        ] GC(238) Using 8 workers of 8 for evacuation
[1751.798s][info][gc,phases      ] GC(238)   Pre Evacuate Collection Set: 0.29ms
[1751.798s][info][gc,phases      ] GC(238)   Merge Heap Roots: 0.58ms
[1751.798s][info][gc,phases      ] GC(238)   Evacuate Collection Set: 156.15ms
[1751.798s][info][gc,phases      ] GC(238)   Post Evacuate Collection Set: 1.27ms
[1751.798s][info][gc,phases      ] GC(238)   Other: 0.07ms
[1751.798s][info][gc,heap        ] GC(238) Eden regions: 723->0(694)
[1751.798s][info][gc,heap        ] GC(238) Survivor regions: 45->51(96)
[1751.798s][info][gc,heap        ] GC(238) Old regions: 243->243
[1751.798s][info][gc,heap        ] GC(238) Humongous regions: 81->81
[1751.798s][info][gc,metaspace   ] GC(238) Metaspace: 30030K(30528K)->30030K(30528K) NonClass: 24616K(24896K)->24616K(24896K) Class: 5413K(5632K)->5413K(5632K)
[1751.798s][info][gc             ] GC(238) Pause Young (Normal) (G1 Evacuation Pause) 8693M->2957M(10240M) 158.482ms
[1751.798s][info][gc,cpu         ] GC(238) User=1.25s Sys=0.00s Real=0.16s
.|..........................................[1794.125s][info][gc,start       ] GC(239) Pause Young (Normal) (G1 Evacuation Pause)
[1794.125s][info][gc,task        ] GC(239) Using 8 workers of 8 for evacuation
[1794.295s][info][gc,phases      ] GC(239)   Pre Evacuate Collection Set: 0.31ms
[1794.295s][info][gc,phases      ] GC(239)   Merge Heap Roots: 0.60ms
[1794.295s][info][gc,phases      ] GC(239)   Evacuate Collection Set: 167.43ms
[1794.295s][info][gc,phases      ] GC(239)   Post Evacuate Collection Set: 1.23ms
[1794.295s][info][gc,phases      ] GC(239)   Other: 0.07ms
[1794.295s][info][gc,heap        ] GC(239) Eden regions: 687->0(698)
[1794.295s][info][gc,heap        ] GC(239) Survivor regions: 51->52(93)
[1794.295s][info][gc,heap        ] GC(239) Old regions: 243->246
[1794.295s][info][gc,heap        ] GC(239) Humongous regions: 81->81
[1794.295s][info][gc,metaspace   ] GC(239) Metaspace: 30033K(30528K)->30033K(30528K) NonClass: 24620K(24896K)->24620K(24896K) Class: 5413K(5632K)->5413K(5632K)
[1794.295s][info][gc             ] GC(239) Pause Young (Normal) (G1 Evacuation Pause) 8453M->2988M(10240M) 169.780ms
[1794.295s][info][gc,cpu         ] GC(239) User=1.33s Sys=0.00s Real=0.17s
.................. (rIR:aIR:PR = 1107:1107:1107) (tPR = 16440) [OK] 
  1811s: Performance info:
         Transaction,    Success,    Partial,     Failed,   Receipts, AvgBarcode, 
             Overall,      66444,          0,          0,      63144,      59.48, 
         Response times:
             Request,    Success,    Partial,     Failed,   SkipFail,     Probes,    Samples,      min,      p50,      p90,      p95,      p99,      max, 
       TotalPurchase,      63144,          0,          0,          0,      60664,      65894,      300,     1000,     1600,     1700,     2200,   161000,
     InStorePurchase,      33229,          0,          0,          0,      31918,      34441,      300,     1000,     1600,     1700,     2200,   160000,
      OnlinePurchase,      23263,          0,          0,          0,      22420,      24350,      300,     1100,     1600,     1800,     2200,   161000,
        InstPurchase,       6652,          0,          0,          0,       6326,       7103,      400,     1000,     1600,     1800,     2200,   161000,
          AssocOfCat,         64,          0,          0,          0,         64,         70,    17900,    24000,    28000,    33450,   183000,   183000,
      AssocOfProduct,        655,          0,          0,          0,        554,        731,      600,     1200,     1800,     2000,     2400,    21000,
      BusinessReport,        167,          0,          0,          0,        112,        157,    19700,    29000,    33000,    35100,   211000,   211000,
          CustBuyBeh,        660,          0,          0,          0,        572,        746,      200,      300,      500,      700,     1306,     6700,
       ProductReturn,       1754,          0,          0,          0,       1539,       1798,      200,      800,     1400,     1600,     2100,    21000,

  1811s: ( 9%)   IR =   1245 .....|................[1833.959s][info][gc,start       ] GC(240) Pause Young (Normal) (G1 Evacuation Pause)
[1833.959s][info][gc,task        ] GC(240) Using 8 workers of 8 for evacuation
[1834.129s][info][gc,phases      ] GC(240)   Pre Evacuate Collection Set: 0.29ms
[1834.129s][info][gc,phases      ] GC(240)   Merge Heap Roots: 0.54ms
[1834.129s][info][gc,phases      ] GC(240)   Evacuate Collection Set: 168.32ms
[1834.129s][info][gc,phases      ] GC(240)   Post Evacuate Collection Set: 1.24ms
[1834.129s][info][gc,phases      ] GC(240)   Other: 0.08ms
[1834.129s][info][gc,heap        ] GC(240) Eden regions: 694->0(716)
[1834.129s][info][gc,heap        ] GC(240) Survivor regions: 52->52(94)
[1834.129s][info][gc,heap        ] GC(240) Old regions: 246->248
[1834.129s][info][gc,heap        ] GC(240) Humongous regions: 81->81
[1834.129s][info][gc,metaspace   ] GC(240) Metaspace: 30038K(30528K)->30038K(30528K) NonClass: 24625K(24896K)->24625K(24896K) Class: 5413K(5632K)->5413K(5632K)
[1834.129s][info][gc             ] GC(240) Pause Young (Normal) (G1 Evacuation Pause) 8540M->3006M(10240M) 170.593ms
[1834.129s][info][gc,cpu         ] GC(240) User=1.34s Sys=0.00s Real=0.17s
.......................................[1873.012s][info][gc,start       ] GC(241) Pause Young (Normal) (G1 Evacuation Pause)
[1873.012s][info][gc,task        ] GC(241) Using 8 workers of 8 for evacuation
[1873.180s][info][gc,phases      ] GC(241)   Pre Evacuate Collection Set: 0.32ms
[1873.180s][info][gc,phases      ] GC(241)   Merge Heap Roots: 0.53ms
[1873.180s][info][gc,phases      ] GC(241)   Evacuate Collection Set: 165.79ms
[1873.180s][info][gc,phases      ] GC(241)   Post Evacuate Collection Set: 1.21ms
[1873.180s][info][gc,phases      ] GC(241)   Other: 0.08ms
[1873.180s][info][gc,heap        ] GC(241) Eden regions: 716->0(717)
[1873.180s][info][gc,heap        ] GC(241) Survivor regions: 52->51(96)
[1873.180s][info][gc,heap        ] GC(241) Old regions: 248->251
[1873.180s][info][gc,heap        ] GC(241) Humongous regions: 81->81
[1873.180s][info][gc,metaspace   ] GC(241) Metaspace: 30040K(30528K)->30040K(30528K) NonClass: 24627K(24896K)->24627K(24896K) Class: 5413K(5632K)->5413K(5632K)
[1873.180s][info][gc             ] GC(241) Pause Young (Normal) (G1 Evacuation Pause) 8734M->3022M(10240M) 168.095ms
[1873.180s][info][gc,cpu         ] GC(241) User=1.32s Sys=0.00s Real=0.17s
..... (rIR:aIR:PR = 1245:1245:1245) (tPR = 18406) [OK] 
  1876s: Performance info:
         Transaction,    Success,    Partial,     Failed,   Receipts, AvgBarcode, 
             Overall,      74831,          0,          0,      71088,      59.48, 
         Response times:
             Request,    Success,    Partial,     Failed,   SkipFail,     Probes,    Samples,      min,      p50,      p90,      p95,      p99,      max, 
       TotalPurchase,      71088,          0,          0,          0,      68254,      75406,      400,     1100,     1700,     1900,     2400,   178000,
     InStorePurchase,      37425,          0,          0,          0,      36207,      39847,      400,     1100,     1700,     1900,     2400,   178000,
      OnlinePurchase,      26175,          0,          0,          0,      25075,      27722,      400,     1100,     1700,     1900,     2500,   178000,
        InstPurchase,       7488,          0,          0,          0,       6972,       7837,      500,     1100,     1700,     1900,     2400,   172000,
          AssocOfCat,         74,          0,          0,          0,         69,         80,    18700,    25000,    30900,    34000,    40000,    40000,
      AssocOfProduct,        751,          0,          0,          0,        630,        781,      500,      900,     1600,     1890,     2518,     7700,
      BusinessReport,        184,          0,          0,          0,        128,        202,    21000,    29000,    33000,    37000,    47940,    49000,
          CustBuyBeh,        751,          0,          0,          0,        641,        825,      200,      700,     1300,     1500,     1974,     5200,
       ProductReturn,       1983,          0,          0,          0,       1799,       2134,      200,     1000,     1600,     1700,     2300,     9500,

  1876s: (10%)   IR =   1384 ......|.........................[1908.769s][info][gc,start       ] GC(242) Pause Young (Normal) (G1 Evacuation Pause)
[1908.769s][info][gc,task        ] GC(242) Using 8 workers of 8 for evacuation
[1908.938s][info][gc,phases      ] GC(242)   Pre Evacuate Collection Set: 0.31ms
[1908.938s][info][gc,phases      ] GC(242)   Merge Heap Roots: 0.57ms
[1908.938s][info][gc,phases      ] GC(242)   Evacuate Collection Set: 166.80ms
[1908.938s][info][gc,phases      ] GC(242)   Post Evacuate Collection Set: 1.34ms
[1908.938s][info][gc,phases      ] GC(242)   Other: 0.08ms
[1908.938s][info][gc,heap        ] GC(242) Eden regions: 717->0(717)
[1908.938s][info][gc,heap        ] GC(242) Survivor regions: 51->51(96)
[1908.938s][info][gc,heap        ] GC(242) Old regions: 251->253
[1908.938s][info][gc,heap        ] GC(242) Humongous regions: 81->81
[1908.938s][info][gc,metaspace   ] GC(242) Metaspace: 30042K(30528K)->30042K(30528K) NonClass: 24629K(24896K)->24629K(24896K) Class: 5413K(5632K)->5413K(5632K)
[1908.938s][info][gc             ] GC(242) Pause Young (Normal) (G1 Evacuation Pause) 8758M->3037M(10240M) 169.254ms
[1908.938s][info][gc,cpu         ] GC(242) User=1.33s Sys=0.00s Real=0.17s
................................... (rIR:aIR:PR = 1384:1383:1383) (tPR = 20560) [OK] 
  1943s: Performance info:
         Transaction,    Success,    Partial,     Failed,   Receipts, AvgBarcode, 
             Overall,      83015,          0,          0,      78851,      59.49, 
         Response times:
             Request,    Success,    Partial,     Failed,   SkipFail,     Probes,    Samples,      min,      p50,      p90,      p95,      p99,      max, 
       TotalPurchase,      78851,          0,          0,          0,      76093,      85005,      300,     1200,     1900,     2000,     2400,   173000,
     InStorePurchase,      41515,          0,          0,          0,      40225,      44687,      400,     1100,     1800,     2000,     2400,   173000,
      OnlinePurchase,      29045,          0,          0,          0,      27961,      31301,      300,     1200,     1900,     2000,     2500,   172000,
        InstPurchase,       8291,          0,          0,          0,       7907,       9017,      400,     1400,     2000,     2100,     2500,   173000,
          AssocOfCat,         82,          0,          0,          0,         79,         90,    18200,    26000,    31000,    34000,    43000,    43000,
      AssocOfProduct,        835,          0,          0,          0,        701,        893,      600,     1500,     2100,     2300,     2600,    11100,
      BusinessReport,        206,          0,          0,          0,        141,        211,    24000,    29000,    34000,    36000,    39880,    40000,
          CustBuyBeh,        828,          0,          0,          0,        715,        918,      300,     1200,     1800,     1900,     2300,     6100,
       ProductReturn,       2212,          0,          0,          0,       2017,       2426,      300,     1300,     1800,     2000,     2400,    11000,

  1943s: (11%)   IR =   1522 [1943.793s][info][gc,start       ] GC(243) Pause Young (Normal) (G1 Evacuation Pause)
[1943.793s][info][gc,task        ] GC(243) Using 8 workers of 8 for evacuation
[1943.961s][info][gc,phases      ] GC(243)   Pre Evacuate Collection Set: 0.31ms
[1943.961s][info][gc,phases      ] GC(243)   Merge Heap Roots: 0.61ms
[1943.961s][info][gc,phases      ] GC(243)   Evacuate Collection Set: 165.41ms
[1943.961s][info][gc,phases      ] GC(243)   Post Evacuate Collection Set: 1.29ms
[1943.961s][info][gc,phases      ] GC(243)   Other: 0.08ms
[1943.961s][info][gc,heap        ] GC(243) Eden regions: 717->0(716)
[1943.961s][info][gc,heap        ] GC(243) Survivor regions: 51->52(96)
[1943.961s][info][gc,heap        ] GC(243) Old regions: 253->255
[1943.961s][info][gc,heap        ] GC(243) Humongous regions: 81->81
[1943.961s][info][gc,metaspace   ] GC(243) Metaspace: 30043K(30528K)->30043K(30528K) NonClass: 24630K(24896K)->24630K(24896K) Class: 5413K(5632K)->5413K(5632K)
[1943.961s][info][gc             ] GC(243) Pause Young (Normal) (G1 Evacuation Pause) 8773M->3064M(10240M) 167.848ms
[1943.961s][info][gc,cpu         ] GC(243) User=1.32s Sys=0.00s Real=0.17s
.....|...........................[1975.914s][info][gc,start       ] GC(244) Pause Young (Normal) (G1 Evacuation Pause)
[1975.914s][info][gc,task        ] GC(244) Using 8 workers of 8 for evacuation
[1976.084s][info][gc,phases      ] GC(244)   Pre Evacuate Collection Set: 0.34ms
[1976.084s][info][gc,phases      ] GC(244)   Merge Heap Roots: 0.60ms
[1976.084s][info][gc,phases      ] GC(244)   Evacuate Collection Set: 167.65ms
[1976.084s][info][gc,phases      ] GC(244)   Post Evacuate Collection Set: 1.32ms
[1976.084s][info][gc,phases      ] GC(244)   Other: 0.07ms
[1976.084s][info][gc,heap        ] GC(244) Eden regions: 716->0(716)
[1976.084s][info][gc,heap        ] GC(244) Survivor regions: 52->52(96)
[1976.084s][info][gc,heap        ] GC(244) Old regions: 255->258
[1976.084s][info][gc,heap        ] GC(244) Humongous regions: 81->81
[1976.084s][info][gc,metaspace   ] GC(244) Metaspace: 30043K(30528K)->30043K(30528K) NonClass: 24630K(24896K)->24630K(24896K) Class: 5413K(5632K)->5413K(5632K)
[1976.084s][info][gc             ] GC(244) Pause Young (Normal) (G1 Evacuation Pause) 8792M->3083M(10240M) 170.123ms
[1976.084s][info][gc,cpu         ] GC(244) User=1.34s Sys=0.00s Real=0.17s
................................[2007.778s][info][gc,start       ] GC(245) Pause Young (Normal) (G1 Evacuation Pause)
[2007.778s][info][gc,task        ] GC(245) Using 8 workers of 8 for evacuation
[2007.945s][info][gc,phases      ] GC(245)   Pre Evacuate Collection Set: 0.34ms
[2007.945s][info][gc,phases      ] GC(245)   Merge Heap Roots: 0.61ms
[2007.945s][info][gc,phases      ] GC(245)   Evacuate Collection Set: 164.13ms
[2007.945s][info][gc,phases      ] GC(245)   Post Evacuate Collection Set: 1.28ms
[2007.945s][info][gc,phases      ] GC(245)   Other: 0.07ms
[2007.945s][info][gc,heap        ] GC(245) Eden regions: 716->0(717)
[2007.945s][info][gc,heap        ] GC(245) Survivor regions: 52->51(96)
[2007.945s][info][gc,heap        ] GC(245) Old regions: 258->260
[2007.945s][info][gc,heap        ] GC(245) Humongous regions: 81->81
[2007.945s][info][gc,metaspace   ] GC(245) Metaspace: 30043K(30528K)->30043K(30528K) NonClass: 24630K(24896K)->24630K(24896K) Class: 5413K(5632K)->5413K(5632K)
[2007.945s][info][gc             ] GC(245) Pause Young (Normal) (G1 Evacuation Pause) 8811M->3098M(10240M) 166.572ms
[2007.945s][info][gc,cpu         ] GC(245) User=1.30s Sys=0.01s Real=0.16s
. (rIR:aIR:PR = 1522:1521:1521) (tPR = 22692) [OK] 
  2008s: Performance info:
         Transaction,    Success,    Partial,     Failed,   Receipts, AvgBarcode, 
             Overall,      91333,          0,          0,      86779,      59.47, 
         Response times:
             Request,    Success,    Partial,     Failed,   SkipFail,     Probes,    Samples,      min,      p50,      p90,      p95,      p99,      max, 
       TotalPurchase,      86779,          0,          0,          0,      84052,      92529,      400,     1300,     2000,     2200,     2700,   174000,
     InStorePurchase,      45646,          0,          0,          0,      44231,      48473,      400,     1200,     2000,     2100,     2600,   173000,
      OnlinePurchase,      31995,          0,          0,          0,      31116,      34261,      400,     1300,     2000,     2200,     2700,   174000,
        InstPurchase,       9138,          0,          0,          0,       8705,       9795,      500,     1300,     2100,     2200,     2900,   172000,
          AssocOfCat,         93,          0,          0,          0,         89,         98,    18600,    25000,    29000,    31000,    35000,    35000,
      AssocOfProduct,        909,          0,          0,          0,        810,        997,      600,     1800,     2300,     2400,     3006,   173000,
      BusinessReport,        229,          0,          0,          0,        161,        234,    21000,    28000,    33000,    37250,    47650,    55000,
          CustBuyBeh,        915,          0,          0,          0,        828,       1037,      200,     1000,     1800,     2000,     9098,    11300,
       ProductReturn,       2408,          0,          0,          0,       2221,       2586,      300,     1300,     1900,     2100,     2700,   173000,

  2008s: (12%)   IR =   1660 ......|......................[2037.209s][info][gc,start       ] GC(246) Pause Young (Normal) (G1 Evacuation Pause)
[2037.209s][info][gc,task        ] GC(246) Using 8 workers of 8 for evacuation
[2037.377s][info][gc,phases      ] GC(246)   Pre Evacuate Collection Set: 0.28ms
[2037.377s][info][gc,phases      ] GC(246)   Merge Heap Roots: 0.62ms
[2037.377s][info][gc,phases      ] GC(246)   Evacuate Collection Set: 165.47ms
[2037.377s][info][gc,phases      ] GC(246)   Post Evacuate Collection Set: 1.25ms
[2037.377s][info][gc,phases      ] GC(246)   Other: 0.07ms
[2037.377s][info][gc,heap        ] GC(246) Eden regions: 717->0(716)
[2037.377s][info][gc,heap        ] GC(246) Survivor regions: 51->52(96)
[2037.377s][info][gc,heap        ] GC(246) Old regions: 260->263
[2037.377s][info][gc,heap        ] GC(246) Humongous regions: 81->81
[2037.377s][info][gc,metaspace   ] GC(246) Metaspace: 30043K(30528K)->30043K(30528K) NonClass: 24630K(24896K)->24630K(24896K) Class: 5413K(5632K)->5413K(5632K)
[2037.377s][info][gc             ] GC(246) Pause Young (Normal) (G1 Evacuation Pause) 8834M->3122M(10240M) 167.829ms
[2037.377s][info][gc,cpu         ] GC(246) User=1.32s Sys=0.00s Real=0.17s
..............................[2066.498s][info][gc,start       ] GC(247) Pause Young (Normal) (G1 Evacuation Pause)
[2066.498s][info][gc,task        ] GC(247) Using 8 workers of 8 for evacuation
[2066.670s][info][gc,phases      ] GC(247)   Pre Evacuate Collection Set: 0.28ms
[2066.670s][info][gc,phases      ] GC(247)   Merge Heap Roots: 0.64ms
[2066.670s][info][gc,phases      ] GC(247)   Evacuate Collection Set: 169.41ms
[2066.670s][info][gc,phases      ] GC(247)   Post Evacuate Collection Set: 1.24ms
[2066.670s][info][gc,phases      ] GC(247)   Other: 0.07ms
[2066.670s][info][gc,heap        ] GC(247) Eden regions: 716->0(716)
[2066.670s][info][gc,heap        ] GC(247) Survivor regions: 52->52(96)
[2066.670s][info][gc,heap        ] GC(247) Old regions: 263->265
[2066.670s][info][gc,heap        ] GC(247) Humongous regions: 81->81
[2066.670s][info][gc,metaspace   ] GC(247) Metaspace: 30043K(30528K)->30043K(30528K) NonClass: 24630K(24896K)->24630K(24896K) Class: 5413K(5632K)->5413K(5632K)
[2066.670s][info][gc             ] GC(247) Pause Young (Normal) (G1 Evacuation Pause) 8850M->3141M(10240M) 171.802ms
[2066.670s][info][gc,cpu         ] GC(247) User=1.35s Sys=0.00s Real=0.17s
........ (rIR:aIR:PR = 1660:1660:1660) (tPR = 24643) [OK] 
  2074s: Performance info:
         Transaction,    Success,    Partial,     Failed,   Receipts, AvgBarcode, 
             Overall,      99801,          0,          0,      94816,      59.48, 
         Response times:
             Request,    Success,    Partial,     Failed,   SkipFail,     Probes,    Samples,      min,      p50,      p90,      p95,      p99,      max, 
       TotalPurchase,      94816,          0,          0,          0,      91720,     102649,      300,     1300,     2100,     2300,     2800,   176000,
     InStorePurchase,      49903,          0,          0,          0,      48223,      53885,      300,     1300,     2100,     2300,     2800,   176000,
      OnlinePurchase,      34918,          0,          0,          0,      33942,      37823,      300,     1400,     2100,     2300,     2876,   176000,
        InstPurchase,       9995,          0,          0,          0,       9555,      10941,      400,     1200,     2100,     2300,     2800,   176000,
          AssocOfCat,        100,          0,          0,          0,         93,        108,    17900,    26000,    31000,    33550,    43550,    44000,
      AssocOfProduct,        996,          0,          0,          0,        868,       1086,      500,     1600,     2300,     2500,     3000,   176000,
      BusinessReport,        250,          0,          0,          0,        198,        263,    21000,    29000,    34000,    38000,    45720,    50000,
          CustBuyBeh,        993,          0,          0,          0,        887,       1166,      200,     1300,     1900,     2100,     2400,    17600,
       ProductReturn,       2646,          0,          0,          0,       2408,       2835,      200,     1400,     2100,     2300,     3064,    17100,

  2074s: (13%)   IR =   1799 .....|..............[2094.004s][info][gc,start       ] GC(248) Pause Young (Normal) (G1 Evacuation Pause)
[2094.004s][info][gc,task        ] GC(248) Using 8 workers of 8 for evacuation
[2094.171s][info][gc,phases      ] GC(248)   Pre Evacuate Collection Set: 0.33ms
[2094.171s][info][gc,phases      ] GC(248)   Merge Heap Roots: 0.56ms
[2094.171s][info][gc,phases      ] GC(248)   Evacuate Collection Set: 164.54ms
[2094.171s][info][gc,phases      ] GC(248)   Post Evacuate Collection Set: 1.26ms
[2094.171s][info][gc,phases      ] GC(248)   Other: 0.07ms
[2094.171s][info][gc,heap        ] GC(248) Eden regions: 716->0(717)
[2094.171s][info][gc,heap        ] GC(248) Survivor regions: 52->51(96)
[2094.171s][info][gc,heap        ] GC(248) Old regions: 265->268
[2094.171s][info][gc,heap        ] GC(248) Humongous regions: 81->81
[2094.171s][info][gc,metaspace   ] GC(248) Metaspace: 30046K(30528K)->30046K(30528K) NonClass: 24632K(24896K)->24632K(24896K) Class: 5413K(5632K)->5413K(5632K)
[2094.171s][info][gc             ] GC(248) Pause Young (Normal) (G1 Evacuation Pause) 8869M->3157M(10240M) 166.907ms
[2094.171s][info][gc,cpu         ] GC(248) User=1.31s Sys=0.00s Real=0.17s
...........................[2121.131s][info][gc,start       ] GC(249) Pause Young (Normal) (G1 Evacuation Pause)
[2121.131s][info][gc,task        ] GC(249) Using 8 workers of 8 for evacuation
[2121.300s][info][gc,phases      ] GC(249)   Pre Evacuate Collection Set: 0.32ms
[2121.300s][info][gc,phases      ] GC(249)   Merge Heap Roots: 0.62ms
[2121.300s][info][gc,phases      ] GC(249)   Evacuate Collection Set: 166.22ms
[2121.300s][info][gc,phases      ] GC(249)   Post Evacuate Collection Set: 1.27ms
[2121.300s][info][gc,phases      ] GC(249)   Other: 0.10ms
[2121.300s][info][gc,heap        ] GC(249) Eden regions: 717->0(717)
[2121.300s][info][gc,heap        ] GC(249) Survivor regions: 51->51(96)
[2121.300s][info][gc,heap        ] GC(249) Old regions: 268->270
[2121.300s][info][gc,heap        ] GC(249) Humongous regions: 81->81
[2121.300s][info][gc,metaspace   ] GC(249) Metaspace: 30046K(30528K)->30046K(30528K) NonClass: 24632K(24896K)->24632K(24896K) Class: 5413K(5632K)->5413K(5632K)
[2121.300s][info][gc             ] GC(249) Pause Young (Normal) (G1 Evacuation Pause) 8893M->3177M(10240M) 168.662ms
[2121.300s][info][gc,cpu         ] GC(249) User=1.32s Sys=0.00s Real=0.17s
................... (rIR:aIR:PR = 1799:1798:1798) (tPR = 26869) [OK] 
  2139s: Performance info:
         Transaction,    Success,    Partial,     Failed,   Receipts, AvgBarcode, 
             Overall,     107935,          0,          0,     102528,      59.48, 
         Response times:
             Request,    Success,    Partial,     Failed,   SkipFail,     Probes,    Samples,      min,      p50,      p90,      p95,      p99,      max, 
       TotalPurchase,     102528,          0,          0,          0,      99241,     108661,      300,     1500,     2300,     2500,     3100,   170000,
     InStorePurchase,      53894,          0,          0,          0,      52408,      57361,      300,     1400,     2300,     2500,     3100,   170000,
      OnlinePurchase,      37829,          0,          0,          0,      36650,      39950,      300,     1500,     2300,     2500,     3200,   170000,
        InstPurchase,      10805,          0,          0,          0,      10183,      11350,      400,     1500,     2300,     2500,     3200,   170000,
          AssocOfCat,        110,          0,          0,          0,        103,        116,    19700,    26500,    34000,    36000,    39830,    40000,
      AssocOfProduct,       1077,          0,          0,          0,        909,       1101,      600,     1300,     2300,     2500,     3296,   170000,
      BusinessReport,        273,          0,          0,          0,        216,        300,    21000,    29000,    34000,    37000,    42990,    48000,
          CustBuyBeh,       1080,          0,          0,          0,        943,       1135,      300,     1000,     2000,     2200,     2900,     8700,
       ProductReturn,       2867,          0,          0,          0,       2634,       3094,      200,     1400,     2200,     2500,     3200,    18800,

  2139s: (14%)   IR =   1937 ....|....[2147.514s][info][gc,start       ] GC(250) Pause Young (Normal) (G1 Evacuation Pause)
[2147.514s][info][gc,task        ] GC(250) Using 8 workers of 8 for evacuation
[2147.686s][info][gc,phases      ] GC(250)   Pre Evacuate Collection Set: 0.30ms
[2147.686s][info][gc,phases      ] GC(250)   Merge Heap Roots: 0.66ms
[2147.686s][info][gc,phases      ] GC(250)   Evacuate Collection Set: 170.02ms
[2147.686s][info][gc,phases      ] GC(250)   Post Evacuate Collection Set: 1.29ms
[2147.686s][info][gc,phases      ] GC(250)   Other: 0.08ms
[2147.686s][info][gc,heap        ] GC(250) Eden regions: 717->0(715)
[2147.686s][info][gc,heap        ] GC(250) Survivor regions: 51->53(96)
[2147.686s][info][gc,heap        ] GC(250) Old regions: 270->273
[2147.686s][info][gc,heap        ] GC(250) Humongous regions: 81->81
[2147.686s][info][gc,metaspace   ] GC(250) Metaspace: 30046K(30528K)->30046K(30528K) NonClass: 24632K(24896K)->24632K(24896K) Class: 5413K(5632K)->5413K(5632K)
[2147.686s][info][gc             ] GC(250) Pause Young (Normal) (G1 Evacuation Pause) 8913M->3213M(10240M) 172.492ms
[2147.686s][info][gc,cpu         ] GC(250) User=1.36s Sys=0.00s Real=0.18s
.........................[2172.571s][info][gc,start       ] GC(251) Pause Young (Normal) (G1 Evacuation Pause)
[2172.571s][info][gc,task        ] GC(251) Using 8 workers of 8 for evacuation
[2172.741s][info][gc,phases      ] GC(251)   Pre Evacuate Collection Set: 0.31ms
[2172.741s][info][gc,phases      ] GC(251)   Merge Heap Roots: 0.63ms
[2172.741s][info][gc,phases      ] GC(251)   Evacuate Collection Set: 167.17ms
[2172.741s][info][gc,phases      ] GC(251)   Post Evacuate Collection Set: 1.24ms
[2172.741s][info][gc,phases      ] GC(251)   Other: 0.07ms
[2172.741s][info][gc,heap        ] GC(251) Eden regions: 715->0(716)
[2172.741s][info][gc,heap        ] GC(251) Survivor regions: 53->52(96)
[2172.741s][info][gc,heap        ] GC(251) Old regions: 273->275
[2172.741s][info][gc,heap        ] GC(251) Humongous regions: 81->81
[2172.741s][info][gc,metaspace   ] GC(251) Metaspace: 30046K(30528K)->30046K(30528K) NonClass: 24632K(24896K)->24632K(24896K) Class: 5413K(5632K)->5413K(5632K)
[2172.741s][info][gc             ] GC(251) Pause Young (Normal) (G1 Evacuation Pause) 8933M->3221M(10240M) 169.536ms
[2172.741s][info][gc,cpu         ] GC(251) User=1.34s Sys=0.00s Real=0.17s
.........................[2197.546s][info][gc,start       ] GC(252) Pause Young (Normal) (G1 Evacuation Pause)
[2197.546s][info][gc,task        ] GC(252) Using 8 workers of 8 for evacuation
[2197.718s][info][gc,phases      ] GC(252)   Pre Evacuate Collection Set: 0.30ms
[2197.718s][info][gc,phases      ] GC(252)   Merge Heap Roots: 0.62ms
[2197.718s][info][gc,phases      ] GC(252)   Evacuate Collection Set: 169.68ms
[2197.718s][info][gc,phases      ] GC(252)   Post Evacuate Collection Set: 1.26ms
[2197.718s][info][gc,phases      ] GC(252)   Other: 0.07ms
[2197.718s][info][gc,heap        ] GC(252) Eden regions: 716->0(717)
[2197.718s][info][gc,heap        ] GC(252) Survivor regions: 52->51(96)
[2197.718s][info][gc,heap        ] GC(252) Old regions: 275->278
[2197.718s][info][gc,heap        ] GC(252) Humongous regions: 81->81
[2197.718s][info][gc,metaspace   ] GC(252) Metaspace: 30046K(30528K)->30046K(30528K) NonClass: 24632K(24896K)->24632K(24896K) Class: 5413K(5632K)->5413K(5632K)
[2197.718s][info][gc             ] GC(252) Pause Young (Normal) (G1 Evacuation Pause) 8949M->3238M(10240M) 172.062ms
[2197.718s][info][gc,cpu         ] GC(252) User=1.35s Sys=0.01s Real=0.17s
...... (rIR:aIR:PR = 1937:1937:1937) (tPR = 29010) [OK] 
  2203s: Performance info:
         Transaction,    Success,    Partial,     Failed,   Receipts, AvgBarcode, 
             Overall,     116271,          0,          0,     110467,      59.47, 
         Response times:
             Request,    Success,    Partial,     Failed,   SkipFail,     Probes,    Samples,      min,      p50,      p90,      p95,      p99,      max, 
       TotalPurchase,     110467,          0,          0,          0,     107124,     115642,      300,     1500,     2400,     2700,     3700,   182000,
     InStorePurchase,      58118,          0,          0,          0,      56556,      60893,      400,     1500,     2400,     2600,     3600,   182000,
      OnlinePurchase,      40710,          0,          0,          0,      39503,      42681,      300,     1600,     2500,     2700,     3800,   181000,
        InstPurchase,      11639,          0,          0,          0,      11065,      12068,      500,     1500,     2500,     2700,     3800,   180000,
          AssocOfCat,        116,          0,          0,          0,        110,        122,    18400,    26000,    32700,    34850,   162120,   198000,
      AssocOfProduct,       1156,          0,          0,          0,       1032,       1235,      600,     2100,     2800,     3100,     4900,   174000,
      BusinessReport,        292,          0,          0,          0,        219,        277,    21000,    31000,    35000,    37000,    48220,    54000,
          CustBuyBeh,       1163,          0,          0,          0,       1034,       1237,      200,     1200,     2100,     2300,     3524,    11400,
       ProductReturn,       3077,          0,          0,          0,       2829,       3245,      200,     1600,     2400,     2600,     4054,   180000,

  2203s: (15%)   IR =   2076 ....|.............[2221.419s][info][gc,start       ] GC(253) Pause Young (Normal) (G1 Evacuation Pause)
[2221.419s][info][gc,task        ] GC(253) Using 8 workers of 8 for evacuation
[2221.592s][info][gc,phases      ] GC(253)   Pre Evacuate Collection Set: 0.31ms
[2221.592s][info][gc,phases      ] GC(253)   Merge Heap Roots: 0.63ms
[2221.592s][info][gc,phases      ] GC(253)   Evacuate Collection Set: 170.71ms
[2221.592s][info][gc,phases      ] GC(253)   Post Evacuate Collection Set: 1.28ms
[2221.592s][info][gc,phases      ] GC(253)   Other: 0.07ms
[2221.592s][info][gc,heap        ] GC(253) Eden regions: 717->0(716)
[2221.592s][info][gc,heap        ] GC(253) Survivor regions: 51->52(96)
[2221.592s][info][gc,heap        ] GC(253) Old regions: 278->281
[2221.592s][info][gc,heap        ] GC(253) Humongous regions: 81->81
[2221.592s][info][gc,metaspace   ] GC(253) Metaspace: 30048K(30528K)->30048K(30528K) NonClass: 24634K(24896K)->24634K(24896K) Class: 5413K(5632K)->5413K(5632K)
[2221.592s][info][gc             ] GC(253) Pause Young (Normal) (G1 Evacuation Pause) 8974M->3266M(10240M) 173.141ms
[2221.592s][info][gc,cpu         ] GC(253) User=1.36s Sys=0.00s Real=0.17s
........................[2244.820s][info][gc,start       ] GC(254) Pause Young (Normal) (G1 Evacuation Pause)
[2244.820s][info][gc,task        ] GC(254) Using 8 workers of 8 for evacuation
[2244.991s][info][gc,phases      ] GC(254)   Pre Evacuate Collection Set: 0.33ms
[2244.991s][info][gc,phases      ] GC(254)   Merge Heap Roots: 0.62ms
[2244.991s][info][gc,phases      ] GC(254)   Evacuate Collection Set: 167.99ms
[2244.991s][info][gc,phases      ] GC(254)   Post Evacuate Collection Set: 1.24ms
[2244.991s][info][gc,phases      ] GC(254)   Other: 0.07ms
[2244.991s][info][gc,heap        ] GC(254) Eden regions: 716->0(716)
[2244.991s][info][gc,heap        ] GC(254) Survivor regions: 52->52(96)
[2244.991s][info][gc,heap        ] GC(254) Old regions: 281->283
[2244.991s][info][gc,heap        ] GC(254) Humongous regions: 81->81
[2244.991s][info][gc,metaspace   ] GC(254) Metaspace: 30048K(30528K)->30048K(30528K) NonClass: 24634K(24896K)->24634K(24896K) Class: 5413K(5632K)->5413K(5632K)
[2244.991s][info][gc             ] GC(254) Pause Young (Normal) (G1 Evacuation Pause) 8994M->3290M(10240M) 170.379ms
[2244.991s][info][gc,cpu         ] GC(254) User=1.34s Sys=0.00s Real=0.17s
....................... (rIR:aIR:PR = 2076:2075:2075) (tPR = 31092) [OK] 
  2267s: Performance info:
         Transaction,    Success,    Partial,     Failed,   Receipts, AvgBarcode, 
             Overall,     124726,          0,          0,     118487,      59.48, 
         Response times:
             Request,    Success,    Partial,     Failed,   SkipFail,     Probes,    Samples,      min,      p50,      p90,      p95,      p99,      max, 
       TotalPurchase,     118487,          0,          0,          0,     115468,     125018,      400,     1600,     2600,     2800,     3500,   180000,
     InStorePurchase,      62363,          0,          0,          0,      60918,      65826,      400,     1600,     2500,     2800,     3600,   180000,
      OnlinePurchase,      43642,          0,          0,          0,      42649,      46197,      400,     1600,     2600,     2800,     3500,   179000,
        InstPurchase,      12482,          0,          0,          0,      11901,      12995,      500,     1800,     2700,     2900,     3500,   179000,
          AssocOfCat,        124,          0,          0,          0,         92,        128,    19300,    26000,    30100,    33000,    48070,    53000,
      AssocOfProduct,       1251,          0,          0,          0,       1129,       1337,      600,     1500,     2600,     2800,     3200,    17700,
      BusinessReport,        314,          0,          0,          0,        239,        319,    24000,    31000,    37000,    39000,   120000,   208000,
          CustBuyBeh,       1246,          0,          0,          0,       1127,       1339,      300,     1700,     2500,     2800,     3300,    13200,
       ProductReturn,       3304,          0,          0,          0,       3032,       3467,      200,     1200,     2400,     2700,     3400,    16000,

  2267s: (16%)   IR =   2214 [2268.070s][info][gc,start       ] GC(255) Pause Young (Normal) (G1 Evacuation Pause)
[2268.071s][info][gc,task        ] GC(255) Using 8 workers of 8 for evacuation
[2268.239s][info][gc,phases      ] GC(255)   Pre Evacuate Collection Set: 0.31ms
[2268.239s][info][gc,phases      ] GC(255)   Merge Heap Roots: 0.63ms
[2268.239s][info][gc,phases      ] GC(255)   Evacuate Collection Set: 166.09ms
[2268.239s][info][gc,phases      ] GC(255)   Post Evacuate Collection Set: 1.25ms
[2268.239s][info][gc,phases      ] GC(255)   Other: 0.07ms
[2268.239s][info][gc,heap        ] GC(255) Eden regions: 716->0(717)
[2268.239s][info][gc,heap        ] GC(255) Survivor regions: 52->51(96)
[2268.239s][info][gc,heap        ] GC(255) Old regions: 283->286
[2268.239s][info][gc,heap        ] GC(255) Humongous regions: 81->81
[2268.239s][info][gc,metaspace   ] GC(255) Metaspace: 30050K(30528K)->30050K(30528K) NonClass: 24636K(24896K)->24636K(24896K) Class: 5413K(5632K)->5413K(5632K)
[2268.239s][info][gc             ] GC(255) Pause Young (Normal) (G1 Evacuation Pause) 9018M->3297M(10240M) 168.488ms
[2268.239s][info][gc,cpu         ] GC(255) User=1.32s Sys=0.00s Real=0.17s
......|................[2290.057s][info][gc,start       ] GC(256) Pause Young (Normal) (G1 Evacuation Pause)
[2290.057s][info][gc,task        ] GC(256) Using 8 workers of 8 for evacuation
[2290.228s][info][gc,phases      ] GC(256)   Pre Evacuate Collection Set: 0.30ms
[2290.228s][info][gc,phases      ] GC(256)   Merge Heap Roots: 0.62ms
[2290.228s][info][gc,phases      ] GC(256)   Evacuate Collection Set: 168.43ms
[2290.228s][info][gc,phases      ] GC(256)   Post Evacuate Collection Set: 1.26ms
[2290.228s][info][gc,phases      ] GC(256)   Other: 0.07ms
[2290.228s][info][gc,heap        ] GC(256) Eden regions: 717->0(716)
[2290.228s][info][gc,heap        ] GC(256) Survivor regions: 51->52(96)
[2290.228s][info][gc,heap        ] GC(256) Old regions: 286->288
[2290.228s][info][gc,heap        ] GC(256) Humongous regions: 81->81
[2290.228s][info][gc,metaspace   ] GC(256) Metaspace: 30053K(30528K)->30053K(30528K) NonClass: 24639K(24896K)->24639K(24896K) Class: 5413K(5632K)->5413K(5632K)
[2290.228s][info][gc             ] GC(256) Pause Young (Normal) (G1 Evacuation Pause) 9033M->3325M(10240M) 170.830ms
[2290.228s][info][gc,cpu         ] GC(256) User=1.34s Sys=0.00s Real=0.17s
......................[2312.019s][info][gc,start       ] GC(257) Pause Young (Normal) (G1 Evacuation Pause)
[2312.020s][info][gc,task        ] GC(257) Using 8 workers of 8 for evacuation
[2312.189s][info][gc,phases      ] GC(257)   Pre Evacuate Collection Set: 0.32ms
[2312.189s][info][gc,phases      ] GC(257)   Merge Heap Roots: 0.60ms
[2312.189s][info][gc,phases      ] GC(257)   Evacuate Collection Set: 166.96ms
[2312.189s][info][gc,phases      ] GC(257)   Post Evacuate Collection Set: 1.32ms
[2312.189s][info][gc,phases      ] GC(257)   Other: 0.07ms
[2312.189s][info][gc,heap        ] GC(257) Eden regions: 716->0(717)
[2312.189s][info][gc,heap        ] GC(257) Survivor regions: 52->51(96)
[2312.189s][info][gc,heap        ] GC(257) Old regions: 288->291
[2312.189s][info][gc,heap        ] GC(257) Humongous regions: 81->81
[2312.189s][info][gc,metaspace   ] GC(257) Metaspace: 30053K(30528K)->30053K(30528K) NonClass: 24639K(24896K)->24639K(24896K) Class: 5413K(5632K)->5413K(5632K)
[2312.189s][info][gc             ] GC(257) Pause Young (Normal) (G1 Evacuation Pause) 9053M->3341M(10240M) 169.405ms
[2312.189s][info][gc,cpu         ] GC(257) User=1.33s Sys=0.00s Real=0.17s
...................... (rIR:aIR:PR = 2214:2215:2215) (tPR = 32791) [OK] 
  2333s: Performance info:
         Transaction,    Success,    Partial,     Failed,   Receipts, AvgBarcode, 
             Overall,     132950,          0,          0,     126314,      59.48, 
         Response times:
             Request,    Success,    Partial,     Failed,   SkipFail,     Probes,    Samples,      min,      p50,      p90,      p95,      p99,      max, 
       TotalPurchase,     126314,          0,          0,          0,     122913,     136561,      300,     1700,     2700,     2900,     3800,   178000,
     InStorePurchase,      66528,          0,          0,          0,      64835,      71771,      400,     1600,     2600,     2900,     3800,   178000,
      OnlinePurchase,      46498,          0,          0,          0,      45250,      50313,      300,     1700,     2700,     3000,     3900,   172000,
        InstPurchase,      13288,          0,          0,          0,      12828,      14477,      400,     1800,     2800,     3000,     3700,   173000,
          AssocOfCat,        134,          0,          0,          0,         97,        139,    19400,    27000,    32000,    39000,    54000,    54000,
      AssocOfProduct,       1324,          0,          0,          0,       1179,       1451,      500,     1600,     2900,     3100,     3648,    36000,
      BusinessReport,        331,          0,          0,          0,        260,        371,    21000,    30000,    37800,    43000,    56960,   218000,
          CustBuyBeh,       1323,          0,          0,          0,       1130,       1421,      200,     1200,     2300,     2700,     3356,    15300,
       ProductReturn,       3524,          0,          0,          0,       3211,       3707,      200,     1200,     2500,     2700,     3400,    36000,

  2333s: (17%)   IR =   2352 [2333.920s][info][gc,start       ] GC(258) Pause Young (Normal) (G1 Evacuation Pause)
[2333.920s][info][gc,task        ] GC(258) Using 8 workers of 8 for evacuation
[2334.089s][info][gc,phases      ] GC(258)   Pre Evacuate Collection Set: 0.33ms
[2334.089s][info][gc,phases      ] GC(258)   Merge Heap Roots: 0.63ms
[2334.089s][info][gc,phases      ] GC(258)   Evacuate Collection Set: 165.84ms
[2334.089s][info][gc,phases      ] GC(258)   Post Evacuate Collection Set: 1.28ms
[2334.089s][info][gc,phases      ] GC(258)   Other: 0.07ms
[2334.089s][info][gc,heap        ] GC(258) Eden regions: 717->0(717)
[2334.089s][info][gc,heap        ] GC(258) Survivor regions: 51->51(96)
[2334.089s][info][gc,heap        ] GC(258) Old regions: 291->293
[2334.089s][info][gc,heap        ] GC(258) Humongous regions: 81->81
[2334.089s][info][gc,metaspace   ] GC(258) Metaspace: 30053K(30528K)->30053K(30528K) NonClass: 24639K(24896K)->24639K(24896K) Class: 5413K(5632K)->5413K(5632K)
[2334.089s][info][gc             ] GC(258) Pause Young (Normal) (G1 Evacuation Pause) 9077M->3360M(10240M) 168.295ms
[2334.089s][info][gc,cpu         ] GC(258) User=1.32s Sys=0.00s Real=0.17s
.....|...............[2354.536s][info][gc,start       ] GC(259) Pause Young (Normal) (G1 Evacuation Pause)
[2354.536s][info][gc,task        ] GC(259) Using 8 workers of 8 for evacuation
[2354.705s][info][gc,phases      ] GC(259)   Pre Evacuate Collection Set: 0.34ms
[2354.705s][info][gc,phases      ] GC(259)   Merge Heap Roots: 0.64ms
[2354.705s][info][gc,phases      ] GC(259)   Evacuate Collection Set: 166.14ms
[2354.705s][info][gc,phases      ] GC(259)   Post Evacuate Collection Set: 1.26ms
[2354.705s][info][gc,phases      ] GC(259)   Other: 0.09ms
[2354.705s][info][gc,heap        ] GC(259) Eden regions: 717->0(717)
[2354.705s][info][gc,heap        ] GC(259) Survivor regions: 51->51(96)
[2354.705s][info][gc,heap        ] GC(259) Old regions: 293->296
[2354.705s][info][gc,heap        ] GC(259) Humongous regions: 81->81
[2354.705s][info][gc,metaspace   ] GC(259) Metaspace: 30053K(30528K)->30053K(30528K) NonClass: 24639K(24896K)->24639K(24896K) Class: 5413K(5632K)->5413K(5632K)
[2354.705s][info][gc             ] GC(259) Pause Young (Normal) (G1 Evacuation Pause) 9096M->3380M(10240M) 168.608ms
[2354.705s][info][gc,cpu         ] GC(259) User=1.33s Sys=0.00s Real=0.16s
.....................[2375.233s][info][gc,start       ] GC(260) Pause Young (Normal) (G1 Evacuation Pause)
[2375.233s][info][gc,task        ] GC(260) Using 8 workers of 8 for evacuation
[2375.401s][info][gc,phases      ] GC(260)   Pre Evacuate Collection Set: 0.29ms
[2375.401s][info][gc,phases      ] GC(260)   Merge Heap Roots: 0.64ms
[2375.401s][info][gc,phases      ] GC(260)   Evacuate Collection Set: 165.92ms
[2375.401s][info][gc,phases      ] GC(260)   Post Evacuate Collection Set: 1.25ms
[2375.401s][info][gc,phases      ] GC(260)   Other: 0.10ms
[2375.401s][info][gc,heap        ] GC(260) Eden regions: 717->0(716)
[2375.401s][info][gc,heap        ] GC(260) Survivor regions: 51->52(96)
[2375.401s][info][gc,heap        ] GC(260) Old regions: 296->298
[2375.401s][info][gc,heap        ] GC(260) Humongous regions: 81->81
[2375.401s][info][gc,metaspace   ] GC(260) Metaspace: 30053K(30528K)->30053K(30528K) NonClass: 24639K(24896K)->24639K(24896K) Class: 5413K(5632K)->5413K(5632K)
[2375.401s][info][gc             ] GC(260) Pause Young (Normal) (G1 Evacuation Pause) 9116M->3403M(10240M) 168.336ms
[2375.401s][info][gc,cpu         ] GC(260) User=1.33s Sys=0.00s Real=0.17s
.....................[2396.002s][info][gc,start       ] GC(261) Pause Young (Normal) (G1 Evacuation Pause)
[2396.003s][info][gc,task        ] GC(261) Using 8 workers of 8 for evacuation
[2396.172s][info][gc,phases      ] GC(261)   Pre Evacuate Collection Set: 0.30ms
[2396.172s][info][gc,phases      ] GC(261)   Merge Heap Roots: 0.60ms
[2396.172s][info][gc,phases      ] GC(261)   Evacuate Collection Set: 167.08ms
[2396.172s][info][gc,phases      ] GC(261)   Post Evacuate Collection Set: 1.25ms
[2396.172s][info][gc,phases      ] GC(261)   Other: 0.07ms
[2396.172s][info][gc,heap        ] GC(261) Eden regions: 716->0(716)
[2396.172s][info][gc,heap        ] GC(261) Survivor regions: 52->52(96)
[2396.172s][info][gc,heap        ] GC(261) Old regions: 298->300
[2396.172s][info][gc,heap        ] GC(261) Humongous regions: 81->81
[2396.172s][info][gc,metaspace   ] GC(261) Metaspace: 30053K(30528K)->30053K(30528K) NonClass: 24639K(24896K)->24639K(24896K) Class: 5413K(5632K)->5413K(5632K)
[2396.172s][info][gc             ] GC(261) Pause Young (Normal) (G1 Evacuation Pause) 9131M->3422M(10240M) 169.445ms
[2396.172s][info][gc,cpu         ] GC(261) User=1.33s Sys=0.00s Real=0.17s
... (rIR:aIR:PR = 2352:2352:2352) (tPR = 34732) [OK] 
  2398s: Performance info:
         Transaction,    Success,    Partial,     Failed,   Receipts, AvgBarcode, 
             Overall,     141228,          0,          0,     134174,      59.48, 
         Response times:
             Request,    Success,    Partial,     Failed,   SkipFail,     Probes,    Samples,      min,      p50,      p90,      p95,      p99,      max, 
       TotalPurchase,     134173,          0,          0,          0,     130192,     142784,      300,     1800,     2800,     3100,     4700,   175000,
     InStorePurchase,      70602,          0,          0,          0,      68710,      75307,      300,     1700,     2800,     3100,     4600,   175000,
      OnlinePurchase,      49428,          0,          0,          0,      47970,      52536,      300,     1800,     2900,     3100,     4900,   175000,
        InstPurchase,      14143,          0,          0,          0,      13512,      14941,      400,     1600,     2800,     3100,     5000,   174000,
          AssocOfCat,        141,          0,          0,          0,        106,        152,    18900,    27000,    31700,    34000,    42290,    46000,
      AssocOfProduct,       1420,          0,          0,          0,       1298,       1534,      600,     2000,     3000,     3300,     4695,    31000,
      BusinessReport,        351,          0,          0,          0,        281,        396,    25000,    30000,    35300,    39000,    53630,   205000,
          CustBuyBeh,       1403,          0,          0,          0,       1241,       1496,      200,     1000,     2300,     2700,     3403,    11300,
       ProductReturn,       3740,          0,          0,          0,       3508,       4052,      200,     1200,     2600,     2900,     4594,   174000,

  2398s: (18%)   IR =   2491 ........|.........[2415.769s][info][gc,start       ] GC(262) Pause Young (Normal) (G1 Evacuation Pause)
[2415.769s][info][gc,task        ] GC(262) Using 8 workers of 8 for evacuation
[2415.939s][info][gc,phases      ] GC(262)   Pre Evacuate Collection Set: 0.30ms
[2415.939s][info][gc,phases      ] GC(262)   Merge Heap Roots: 0.69ms
[2415.939s][info][gc,phases      ] GC(262)   Evacuate Collection Set: 167.89ms
[2415.939s][info][gc,phases      ] GC(262)   Post Evacuate Collection Set: 1.41ms
[2415.939s][info][gc,phases      ] GC(262)   Other: 0.08ms
[2415.939s][info][gc,heap        ] GC(262) Eden regions: 716->0(716)
[2415.939s][info][gc,heap        ] GC(262) Survivor regions: 52->52(96)
[2415.939s][info][gc,heap        ] GC(262) Old regions: 300->303
[2415.939s][info][gc,heap        ] GC(262) Humongous regions: 81->81
[2415.939s][info][gc,metaspace   ] GC(262) Metaspace: 30053K(30528K)->30053K(30528K) NonClass: 24639K(24896K)->24639K(24896K) Class: 5413K(5632K)->5413K(5632K)
[2415.939s][info][gc             ] GC(262) Pause Young (Normal) (G1 Evacuation Pause) 9150M->3444M(10240M) 170.528ms
[2415.939s][info][gc,cpu         ] GC(262) User=1.34s Sys=0.00s Real=0.17s
...................[2435.201s][info][gc,start       ] GC(263) Pause Young (Normal) (G1 Evacuation Pause)
[2435.202s][info][gc,task        ] GC(263) Using 8 workers of 8 for evacuation
[2435.374s][info][gc,phases      ] GC(263)   Pre Evacuate Collection Set: 0.32ms
[2435.374s][info][gc,phases      ] GC(263)   Merge Heap Roots: 0.56ms
[2435.374s][info][gc,phases      ] GC(263)   Evacuate Collection Set: 170.06ms
[2435.374s][info][gc,phases      ] GC(263)   Post Evacuate Collection Set: 1.23ms
[2435.374s][info][gc,phases      ] GC(263)   Other: 0.08ms
[2435.374s][info][gc,heap        ] GC(263) Eden regions: 716->0(717)
[2435.374s][info][gc,heap        ] GC(263) Survivor regions: 52->51(96)
[2435.374s][info][gc,heap        ] GC(263) Old regions: 303->305
[2435.374s][info][gc,heap        ] GC(263) Humongous regions: 81->81
[2435.374s][info][gc,metaspace   ] GC(263) Metaspace: 30053K(30528K)->30053K(30528K) NonClass: 24639K(24896K)->24639K(24896K) Class: 5413K(5632K)->5413K(5632K)
[2435.374s][info][gc             ] GC(263) Pause Young (Normal) (G1 Evacuation Pause) 9172M->3455M(10240M) 172.381ms
[2435.374s][info][gc,cpu         ] GC(263) User=1.35s Sys=0.01s Real=0.17s
...................[2454.655s][info][gc,start       ] GC(264) Pause Young (Normal) (G1 Evacuation Pause)
[2454.655s][info][gc,task        ] GC(264) Using 8 workers of 8 for evacuation
[2454.824s][info][gc,phases      ] GC(264)   Pre Evacuate Collection Set: 0.33ms
[2454.824s][info][gc,phases      ] GC(264)   Merge Heap Roots: 0.64ms
[2454.824s][info][gc,phases      ] GC(264)   Evacuate Collection Set: 165.97ms
[2454.824s][info][gc,phases      ] GC(264)   Post Evacuate Collection Set: 1.26ms
[2454.824s][info][gc,phases      ] GC(264)   Other: 0.07ms
[2454.824s][info][gc,heap        ] GC(264) Eden regions: 717->0(717)
[2454.824s][info][gc,heap        ] GC(264) Survivor regions: 51->51(96)
[2454.824s][info][gc,heap        ] GC(264) Old regions: 305->307
[2454.824s][info][gc,heap        ] GC(264) Humongous regions: 81->81
[2454.824s][info][gc,metaspace   ] GC(264) Metaspace: 30053K(30528K)->30053K(30528K) NonClass: 24639K(24896K)->24639K(24896K) Class: 5413K(5632K)->5413K(5632K)
[2454.824s][info][gc             ] GC(264) Pause Young (Normal) (G1 Evacuation Pause) 9191M->3471M(10240M) 168.396ms
[2454.824s][info][gc,cpu         ] GC(264) User=1.33s Sys=0.00s Real=0.17s
............. (rIR:aIR:PR = 2491:2490:2490) (tPR = 36949) [OK] 
  2466s: Performance info:
         Transaction,    Success,    Partial,     Failed,   Receipts, AvgBarcode, 
             Overall,     149606,          0,          0,     142134,      59.48, 
         Response times:
             Request,    Success,    Partial,     Failed,   SkipFail,     Probes,    Samples,      min,      p50,      p90,      p95,      p99,      max, 
       TotalPurchase,     142134,          0,          0,          0,     138054,     158831,      400,     1800,     3000,     3300,     4700,   181000,
     InStorePurchase,      74778,          0,          0,          0,      72701,      83294,      400,     1700,     2900,     3200,     4600,   181000,
      OnlinePurchase,      52362,          0,          0,          0,      50980,      58877,      400,     1900,     3000,     3300,     4600,   180000,
        InstPurchase,      14994,          0,          0,          0,      14373,      16660,      500,     2100,     3100,     3400,     4800,   180000,
          AssocOfCat,        151,          0,          0,          0,        115,        174,    21000,    27000,    32500,    35000,    37000,    37000,
      AssocOfProduct,       1500,          0,          0,          0,       1335,       1671,      500,     2400,     3400,     3700,     4928,    31000,
      BusinessReport,        376,          0,          0,          0,        315,        439,    21000,    31000,    39000,    45000,    55600,   214000,
          CustBuyBeh,       1498,          0,          0,          0,       1306,       1638,      300,     1800,     2810,     3100,     4100,   173000,
       ProductReturn,       3947,          0,          0,          0,       3721,       4401,      200,     1700,     2900,     3200,     4400,   180000,

  2466s: (19%)   IR =   2629 ....|...[2473.905s][info][gc,start       ] GC(265) Pause Young (Normal) (G1 Evacuation Pause)
[2473.905s][info][gc,task        ] GC(265) Using 8 workers of 8 for evacuation
[2474.075s][info][gc,phases      ] GC(265)   Pre Evacuate Collection Set: 0.31ms
[2474.075s][info][gc,phases      ] GC(265)   Merge Heap Roots: 0.71ms
[2474.075s][info][gc,phases      ] GC(265)   Evacuate Collection Set: 167.70ms
[2474.075s][info][gc,phases      ] GC(265)   Post Evacuate Collection Set: 1.25ms
[2474.075s][info][gc,phases      ] GC(265)   Other: 0.09ms
[2474.075s][info][gc,heap        ] GC(265) Eden regions: 717->0(716)
[2474.075s][info][gc,heap        ] GC(265) Survivor regions: 51->52(96)
[2474.075s][info][gc,heap        ] GC(265) Old regions: 307->310
[2474.075s][info][gc,heap        ] GC(265) Humongous regions: 81->81
[2474.075s][info][gc,metaspace   ] GC(265) Metaspace: 30053K(30528K)->30053K(30528K) NonClass: 24639K(24896K)->24639K(24896K) Class: 5413K(5632K)->5413K(5632K)
[2474.075s][info][gc             ] GC(265) Pause Young (Normal) (G1 Evacuation Pause) 9207M->3499M(10240M) 170.209ms
[2474.075s][info][gc,cpu         ] GC(265) User=1.33s Sys=0.01s Real=0.17s
..................[2492.335s][info][gc,start       ] GC(266) Pause Young (Normal) (G1 Evacuation Pause)
[2492.335s][info][gc,task        ] GC(266) Using 8 workers of 8 for evacuation
[2492.503s][info][gc,phases      ] GC(266)   Pre Evacuate Collection Set: 0.29ms
[2492.503s][info][gc,phases      ] GC(266)   Merge Heap Roots: 0.57ms
[2492.503s][info][gc,phases      ] GC(266)   Evacuate Collection Set: 165.99ms
[2492.503s][info][gc,phases      ] GC(266)   Post Evacuate Collection Set: 1.25ms
[2492.503s][info][gc,phases      ] GC(266)   Other: 0.07ms
[2492.503s][info][gc,heap        ] GC(266) Eden regions: 716->0(716)
[2492.503s][info][gc,heap        ] GC(266) Survivor regions: 52->52(96)
[2492.503s][info][gc,heap        ] GC(266) Old regions: 310->312
[2492.503s][info][gc,heap        ] GC(266) Humongous regions: 81->81
[2492.503s][info][gc,metaspace   ] GC(266) Metaspace: 30053K(30528K)->30053K(30528K) NonClass: 24639K(24896K)->24639K(24896K) Class: 5413K(5632K)->5413K(5632K)
[2492.503s][info][gc             ] GC(266) Pause Young (Normal) (G1 Evacuation Pause) 9227M->3517M(10240M) 168.299ms
[2492.503s][info][gc,cpu         ] GC(266) User=1.33s Sys=0.00s Real=0.17s
..................[2510.801s][info][gc,start       ] GC(267) Pause Young (Normal) (G1 Evacuation Pause)
[2510.801s][info][gc,task        ] GC(267) Using 8 workers of 8 for evacuation
[2510.970s][info][gc,phases      ] GC(267)   Pre Evacuate Collection Set: 0.31ms
[2510.970s][info][gc,phases      ] GC(267)   Merge Heap Roots: 0.61ms
[2510.970s][info][gc,phases      ] GC(267)   Evacuate Collection Set: 167.44ms
[2510.970s][info][gc,phases      ] GC(267)   Post Evacuate Collection Set: 1.25ms
[2510.971s][info][gc,phases      ] GC(267)   Other: 0.06ms
[2510.971s][info][gc,heap        ] GC(267) Eden regions: 716->0(716)
[2510.971s][info][gc,heap        ] GC(267) Survivor regions: 52->52(96)
[2510.971s][info][gc,heap        ] GC(267) Old regions: 312->315
[2510.971s][info][gc,heap        ] GC(267) Humongous regions: 81->81
[2510.971s][info][gc,metaspace   ] GC(267) Metaspace: 30053K(30528K)->30053K(30528K) NonClass: 24639K(24896K)->24639K(24896K) Class: 5413K(5632K)->5413K(5632K)
[2510.971s][info][gc             ] GC(267) Pause Young (Normal) (G1 Evacuation Pause) 9245M->3536M(10240M) 169.825ms
[2510.971s][info][gc,cpu         ] GC(267) User=1.34s Sys=0.00s Real=0.17s
...................[2529.268s][info][gc,start       ] GC(268) Pause Young (Normal) (G1 Evacuation Pause)
[2529.268s][info][gc,task        ] GC(268) Using 8 workers of 8 for evacuation
[2529.438s][info][gc,phases      ] GC(268)   Pre Evacuate Collection Set: 0.32ms
[2529.438s][info][gc,phases      ] GC(268)   Merge Heap Roots: 0.72ms
[2529.438s][info][gc,phases      ] GC(268)   Evacuate Collection Set: 167.36ms
[2529.438s][info][gc,phases      ] GC(268)   Post Evacuate Collection Set: 1.25ms
[2529.438s][info][gc,phases      ] GC(268)   Other: 0.08ms
[2529.438s][info][gc,heap        ] GC(268) Eden regions: 716->0(716)
[2529.438s][info][gc,heap        ] GC(268) Survivor regions: 52->51(96)
[2529.438s][info][gc,heap        ] GC(268) Old regions: 315->317
[2529.438s][info][gc,heap        ] GC(268) Humongous regions: 81->81
[2529.438s][info][gc,metaspace   ] GC(268) Metaspace: 30053K(30528K)->30053K(30528K) NonClass: 24639K(24896K)->24639K(24896K) Class: 5413K(5632K)->5413K(5632K)
[2529.438s][info][gc             ] GC(268) Pause Young (Normal) (G1 Evacuation Pause) 9264M->3551M(10240M) 169.859ms
[2529.438s][info][gc,cpu         ] GC(268) User=1.34s Sys=0.01s Real=0.17s
.. (rIR:aIR:PR = 2629:2628:2628) (tPR = 38710) [OK] 
  2530s: Performance info:
         Transaction,    Success,    Partial,     Failed,   Receipts, AvgBarcode, 
             Overall,     158031,          0,          0,     150139,      59.47, 
         Response times:
             Request,    Success,    Partial,     Failed,   SkipFail,     Probes,    Samples,      min,      p50,      p90,      p95,      p99,      max, 
       TotalPurchase,     150139,          0,          0,          0,     146543,     158010,      300,     1900,     3100,     3500,     5500,   179000,
     InStorePurchase,      79054,          0,          0,          0,      77401,      83079,      400,     1800,     3100,     3400,     5000,   178000,
      OnlinePurchase,      55296,          0,          0,          0,      53863,      58265,      300,     2000,     3200,     3500,     6900,   179000,
        InstPurchase,      15789,          0,          0,          0,      15279,      16666,      400,     1800,     3100,     3500,     5900,   176000,
          AssocOfCat,        156,          0,          0,          0,        120,        179,    19800,    27000,    33000,    36000,    43600,    50000,
      AssocOfProduct,       1573,          0,          0,          0,       1402,       1646,      800,     2500,     3500,     3800,     9312,   172000,
      BusinessReport,        394,          0,          0,          0,        301,        408,    21000,    31500,    37100,    40000,    49820,    58000,
          CustBuyBeh,       1583,          0,          0,          0,       1384,       1554,      300,     2100,     3100,     3300,     7345,   174000,
       ProductReturn,       4186,          0,          0,          0,       3916,       4461,      300,     2100,     3100,     3400,     8000,   174000,

  2530s: (20%)   IR =   2767 ........|.......[2546.952s][info][gc,start       ] GC(269) Pause Young (Normal) (G1 Evacuation Pause)
[2546.952s][info][gc,task        ] GC(269) Using 8 workers of 8 for evacuation
[2547.122s][info][gc,phases      ] GC(269)   Pre Evacuate Collection Set: 0.28ms
[2547.122s][info][gc,phases      ] GC(269)   Merge Heap Roots: 0.66ms
[2547.122s][info][gc,phases      ] GC(269)   Evacuate Collection Set: 167.12ms
[2547.122s][info][gc,phases      ] GC(269)   Post Evacuate Collection Set: 1.24ms
[2547.122s][info][gc,phases      ] GC(269)   Other: 0.07ms
[2547.122s][info][gc,heap        ] GC(269) Eden regions: 716->0(712)
[2547.122s][info][gc,heap        ] GC(269) Survivor regions: 51->52(96)
[2547.122s][info][gc,heap        ] GC(269) Old regions: 317->319
[2547.122s][info][gc,heap        ] GC(269) Humongous regions: 81->81
[2547.122s][info][gc,metaspace   ] GC(269) Metaspace: 30053K(30528K)->30053K(30528K) NonClass: 24639K(24896K)->24639K(24896K) Class: 5413K(5632K)->5413K(5632K)
[2547.122s][info][gc             ] GC(269) Pause Young (Normal) (G1 Evacuation Pause) 9279M->3578M(10240M) 169.501ms
[2547.122s][info][gc,cpu         ] GC(269) User=1.34s Sys=0.00s Real=0.17s
..................[2564.354s][info][gc,start       ] GC(270) Pause Young (Normal) (G1 Evacuation Pause)
[2564.354s][info][gc,task        ] GC(270) Using 8 workers of 8 for evacuation
[2564.524s][info][gc,phases      ] GC(270)   Pre Evacuate Collection Set: 0.33ms
[2564.524s][info][gc,phases      ] GC(270)   Merge Heap Roots: 0.65ms
[2564.524s][info][gc,phases      ] GC(270)   Evacuate Collection Set: 167.20ms
[2564.524s][info][gc,phases      ] GC(270)   Post Evacuate Collection Set: 1.29ms
[2564.524s][info][gc,phases      ] GC(270)   Other: 0.08ms
[2564.524s][info][gc,heap        ] GC(270) Eden regions: 712->0(709)
[2564.524s][info][gc,heap        ] GC(270) Survivor regions: 52->52(96)
[2564.524s][info][gc,heap        ] GC(270) Old regions: 319->322
[2564.524s][info][gc,heap        ] GC(270) Humongous regions: 81->81
[2564.524s][info][gc,metaspace   ] GC(270) Metaspace: 30053K(30528K)->30053K(30528K) NonClass: 24639K(24896K)->24639K(24896K) Class: 5413K(5632K)->5413K(5632K)
[2564.524s][info][gc             ] GC(270) Pause Young (Normal) (G1 Evacuation Pause) 9274M->3598M(10240M) 169.685ms
[2564.524s][info][gc,cpu         ] GC(270) User=1.33s Sys=0.00s Real=0.17s
.................[2581.826s][info][gc,start       ] GC(271) Pause Young (Normal) (G1 Evacuation Pause)
[2581.827s][info][gc,task        ] GC(271) Using 8 workers of 8 for evacuation
[2581.998s][info][gc,phases      ] GC(271)   Pre Evacuate Collection Set: 0.31ms
[2581.998s][info][gc,phases      ] GC(271)   Merge Heap Roots: 0.58ms
[2581.998s][info][gc,phases      ] GC(271)   Evacuate Collection Set: 169.03ms
[2581.998s][info][gc,phases      ] GC(271)   Post Evacuate Collection Set: 1.31ms
[2581.998s][info][gc,phases      ] GC(271)   Other: 0.08ms
[2581.998s][info][gc,heap        ] GC(271) Eden regions: 709->0(709)
[2581.998s][info][gc,heap        ] GC(271) Survivor regions: 52->51(96)
[2581.998s][info][gc,heap        ] GC(271) Old regions: 322->324
[2581.998s][info][gc,heap        ] GC(271) Humongous regions: 81->81
[2581.998s][info][gc,metaspace   ] GC(271) Metaspace: 30053K(30528K)->30053K(30528K) NonClass: 24639K(24896K)->24639K(24896K) Class: 5413K(5632K)->5413K(5632K)
[2581.998s][info][gc             ] GC(271) Pause Young (Normal) (G1 Evacuation Pause) 9270M->3609M(10240M) 171.447ms
[2581.998s][info][gc,cpu         ] GC(271) User=1.35s Sys=0.00s Real=0.17s
.................[2599.112s][info][gc,start       ] GC(272) Pause Young (Normal) (G1 Evacuation Pause)
[2599.113s][info][gc,task        ] GC(272) Using 8 workers of 8 for evacuation
[2599.282s][info][gc,phases      ] GC(272)   Pre Evacuate Collection Set: 0.29ms
[2599.282s][info][gc,phases      ] GC(272)   Merge Heap Roots: 0.58ms
[2599.282s][info][gc,phases      ] GC(272)   Evacuate Collection Set: 167.33ms
[2599.282s][info][gc,phases      ] GC(272)   Post Evacuate Collection Set: 1.26ms
[2599.282s][info][gc,phases      ] GC(272)   Other: 0.07ms
[2599.282s][info][gc,heap        ] GC(272) Eden regions: 709->0(706)
[2599.282s][info][gc,heap        ] GC(272) Survivor regions: 51->51(95)
[2599.282s][info][gc,heap        ] GC(272) Old regions: 324->327
[2599.282s][info][gc,heap        ] GC(272) Humongous regions: 81->81
[2599.282s][info][gc,metaspace   ] GC(272) Metaspace: 30053K(30528K)->30053K(30528K) NonClass: 24639K(24896K)->24639K(24896K) Class: 5413K(5632K)->5413K(5632K)
[2599.282s][info][gc             ] GC(272) Pause Young (Normal) (G1 Evacuation Pause) 9281M->3629M(10240M) 169.674ms
[2599.282s][info][gc,cpu         ] GC(272) User=1.34s Sys=0.00s Real=0.17s
. (rIR:aIR:PR = 2767:2759:2759) (tPR = 41046) [OK] 
  2599s: Performance info:
         Transaction,    Success,    Partial,     Failed,   Receipts, AvgBarcode, 
             Overall,     166292,          0,          0,     157979,      59.48, 
         Response times:
             Request,    Success,    Partial,     Failed,   SkipFail,     Probes,    Samples,      min,      p50,      p90,      p95,      p99,      max, 
       TotalPurchase,     157987,          0,          0,          0,     154247,     176931,      300,     2000,     3300,     3600,     5200,   182000,
     InStorePurchase,      83115,          0,          0,          0,      81354,      93193,      400,     2000,     3300,     3600,     5300,   182000,
      OnlinePurchase,      58220,          0,          0,          0,      56960,      65283,      300,     1900,     3200,     3600,     5000,   182000,
        InstPurchase,      16652,          0,          0,          0,      15933,      18455,      500,     2200,     3400,     3700,     5400,   174000,
          AssocOfCat,        165,          0,          0,          0,        121,        183,    22000,    29000,    35000,    38800,    51160,    52000,
      AssocOfProduct,       1668,          0,          0,          0,       1498,       1871,      500,     1700,     3200,     3600,     5368,   173000,
      BusinessReport,        413,          0,          0,          0,        331,        460,    25000,    32000,    40000,    44000,    55560,    76000,
          CustBuyBeh,       1660,          0,          0,          0,       1491,       1833,      200,     2200,     3300,     3600,     5300,    24000,
       ProductReturn,       4406,          0,          0,          0,       4180,       5062,      200,     1400,     2900,     3300,     4600,   176000,

  2599s: (21%)   IR =   2906 .....|...........[2615.654s][info][gc,start       ] GC(273) Pause Young (Normal) (G1 Evacuation Pause)
[2615.654s][info][gc,task        ] GC(273) Using 8 workers of 8 for evacuation
[2615.822s][info][gc,phases      ] GC(273)   Pre Evacuate Collection Set: 0.31ms
[2615.822s][info][gc,phases      ] GC(273)   Merge Heap Roots: 0.65ms
[2615.822s][info][gc,phases      ] GC(273)   Evacuate Collection Set: 165.53ms
[2615.822s][info][gc,phases      ] GC(273)   Post Evacuate Collection Set: 1.25ms
[2615.822s][info][gc,phases      ] GC(273)   Other: 0.09ms
[2615.822s][info][gc,heap        ] GC(273) Eden regions: 706->0(702)
[2615.822s][info][gc,heap        ] GC(273) Survivor regions: 51->52(95)
[2615.822s][info][gc,heap        ] GC(273) Old regions: 327->329
[2615.822s][info][gc,heap        ] GC(273) Humongous regions: 81->81
[2615.822s][info][gc,metaspace   ] GC(273) Metaspace: 30053K(30528K)->30053K(30528K) NonClass: 24639K(24896K)->24639K(24896K) Class: 5413K(5632K)->5413K(5632K)
[2615.822s][info][gc             ] GC(273) Pause Young (Normal) (G1 Evacuation Pause) 9277M->3652M(10240M) 167.973ms
[2615.822s][info][gc,cpu         ] GC(273) User=1.32s Sys=0.00s Real=0.17s
................[2631.877s][info][gc,start       ] GC(274) Pause Young (Normal) (G1 Evacuation Pause)
[2631.877s][info][gc,task        ] GC(274) Using 8 workers of 8 for evacuation
[2632.046s][info][gc,phases      ] GC(274)   Pre Evacuate Collection Set: 0.28ms
[2632.046s][info][gc,phases      ] GC(274)   Merge Heap Roots: 0.61ms
[2632.046s][info][gc,phases      ] GC(274)   Evacuate Collection Set: 166.72ms
[2632.046s][info][gc,phases      ] GC(274)   Post Evacuate Collection Set: 1.22ms
[2632.046s][info][gc,phases      ] GC(274)   Other: 0.07ms
[2632.046s][info][gc,heap        ] GC(274) Eden regions: 702->0(699)
[2632.046s][info][gc,heap        ] GC(274) Survivor regions: 52->52(95)
[2632.046s][info][gc,heap        ] GC(274) Old regions: 329->332
[2632.046s][info][gc,heap        ] GC(274) Humongous regions: 81->81
[2632.046s][info][gc,metaspace   ] GC(274) Metaspace: 30056K(30528K)->30056K(30528K) NonClass: 24642K(24896K)->24642K(24896K) Class: 5413K(5632K)->5413K(5632K)
[2632.046s][info][gc             ] GC(274) Pause Young (Normal) (G1 Evacuation Pause) 9268M->3673M(10240M) 169.080ms
[2632.046s][info][gc,cpu         ] GC(274) User=1.33s Sys=0.00s Real=0.17s
................[2648.195s][info][gc,start       ] GC(275) Pause Young (Normal) (G1 Evacuation Pause)
[2648.195s][info][gc,task        ] GC(275) Using 8 workers of 8 for evacuation
[2648.363s][info][gc,phases      ] GC(275)   Pre Evacuate Collection Set: 0.31ms
[2648.363s][info][gc,phases      ] GC(275)   Merge Heap Roots: 0.63ms
[2648.363s][info][gc,phases      ] GC(275)   Evacuate Collection Set: 165.47ms
[2648.363s][info][gc,phases      ] GC(275)   Post Evacuate Collection Set: 1.35ms
[2648.363s][info][gc,phases      ] GC(275)   Other: 0.09ms
[2648.363s][info][gc,heap        ] GC(275) Eden regions: 699->0(699)
[2648.363s][info][gc,heap        ] GC(275) Survivor regions: 52->51(94)
[2648.363s][info][gc,heap        ] GC(275) Old regions: 332->334
[2648.363s][info][gc,heap        ] GC(275) Humongous regions: 81->81
[2648.363s][info][gc,metaspace   ] GC(275) Metaspace: 30056K(30528K)->30056K(30528K) NonClass: 24642K(24896K)->24642K(24896K) Class: 5413K(5632K)->5413K(5632K)
[2648.363s][info][gc             ] GC(275) Pause Young (Normal) (G1 Evacuation Pause) 9265M->3689M(10240M) 167.992ms
[2648.363s][info][gc,cpu         ] GC(275) User=1.32s Sys=0.00s Real=0.17s
................. (rIR:aIR:PR = 2906:2906:2906) (tPR = 43135) [OK] 
  2664s: Performance info:
         Transaction,    Success,    Partial,     Failed,   Receipts, AvgBarcode, 
             Overall,     174471,          0,          0,     165763,      59.46, 
         Response times:
             Request,    Success,    Partial,     Failed,   SkipFail,     Probes,    Samples,      min,      p50,      p90,      p95,      p99,      max, 
       TotalPurchase,     165762,          0,          0,          0,     161715,     177003,      300,     2100,     3400,     3700,     5700,   182000,
     InStorePurchase,      87246,          0,          0,          0,      85287,      93110,      300,     2000,     3400,     3700,     5600,   182000,
      OnlinePurchase,      61060,          0,          0,          0,      59562,      65183,      400,     2100,     3400,     3800,     5816,   173000,
        InstPurchase,      17456,          0,          0,          0,      16866,      18710,      500,     2100,     3400,     3700,     5689,   174000,
          AssocOfCat,        178,          0,          0,          0,        135,        193,    19800,    29000,    33000,    36000,    44060,    45000,
      AssocOfProduct,       1741,          0,          0,          0,       1596,       1925,      400,     1900,     3500,     3800,     4800,    21000,
      BusinessReport,        434,          0,          0,          0,        358,        470,    25000,    32000,    40000,    46900,    60000,   234000,
          CustBuyBeh,       1744,          0,          0,          0,       1566,       1895,      200,     1500,     3100,     3400,     5704,   176000,
       ProductReturn,       4612,          0,          0,          0,       4348,       4998,      200,     1900,     3200,     3600,     6901,   173000,

  2664s: (22%)   IR =   3044 [2664.473s][info][gc,start       ] GC(276) Pause Young (Normal) (G1 Evacuation Pause)
[2664.473s][info][gc,task        ] GC(276) Using 8 workers of 8 for evacuation
[2664.641s][info][gc,phases      ] GC(276)   Pre Evacuate Collection Set: 0.30ms
[2664.641s][info][gc,phases      ] GC(276)   Merge Heap Roots: 0.56ms
[2664.641s][info][gc,phases      ] GC(276)   Evacuate Collection Set: 165.87ms
[2664.641s][info][gc,phases      ] GC(276)   Post Evacuate Collection Set: 1.27ms
[2664.641s][info][gc,phases      ] GC(276)   Other: 0.07ms
[2664.641s][info][gc,heap        ] GC(276) Eden regions: 699->0(694)
[2664.641s][info][gc,heap        ] GC(276) Survivor regions: 51->52(94)
[2664.641s][info][gc,heap        ] GC(276) Old regions: 334->337
[2664.641s][info][gc,heap        ] GC(276) Humongous regions: 81->81
[2664.641s][info][gc,metaspace   ] GC(276) Metaspace: 30056K(30528K)->30056K(30528K) NonClass: 24642K(24896K)->24642K(24896K) Class: 5413K(5632K)->5413K(5632K)
[2664.641s][info][gc             ] GC(276) Pause Young (Normal) (G1 Evacuation Pause) 9281M->3714M(10240M) 168.215ms
[2664.641s][info][gc,cpu         ] GC(276) User=1.32s Sys=0.00s Real=0.17s
.....|..........[2679.988s][info][gc,start       ] GC(277) Pause Young (Normal) (G1 Evacuation Pause)
[2679.988s][info][gc,task        ] GC(277) Using 8 workers of 8 for evacuation
[2680.157s][info][gc,phases      ] GC(277)   Pre Evacuate Collection Set: 0.30ms
[2680.157s][info][gc,phases      ] GC(277)   Merge Heap Roots: 0.59ms
[2680.157s][info][gc,phases      ] GC(277)   Evacuate Collection Set: 166.54ms
[2680.157s][info][gc,phases      ] GC(277)   Post Evacuate Collection Set: 1.29ms
[2680.157s][info][gc,phases      ] GC(277)   Other: 0.08ms
[2680.157s][info][gc,heap        ] GC(277) Eden regions: 694->0(696)
[2680.157s][info][gc,heap        ] GC(277) Survivor regions: 52->50(94)
[2680.157s][info][gc,heap        ] GC(277) Old regions: 337->339
[2680.157s][info][gc,heap        ] GC(277) Humongous regions: 81->81
[2680.157s][info][gc,metaspace   ] GC(277) Metaspace: 30056K(30528K)->30056K(30528K) NonClass: 24642K(24896K)->24642K(24896K) Class: 5413K(5632K)->5413K(5632K)
[2680.157s][info][gc             ] GC(277) Pause Young (Normal) (G1 Evacuation Pause) 9266M->3722M(10240M) 168.936ms
[2680.157s][info][gc,cpu         ] GC(277) User=1.33s Sys=0.00s Real=0.17s
...............[2695.405s][info][gc,start       ] GC(278) Pause Young (Normal) (G1 Evacuation Pause)
[2695.405s][info][gc,task        ] GC(278) Using 8 workers of 8 for evacuation
[2695.575s][info][gc,phases      ] GC(278)   Pre Evacuate Collection Set: 0.29ms
[2695.575s][info][gc,phases      ] GC(278)   Merge Heap Roots: 0.58ms
[2695.575s][info][gc,phases      ] GC(278)   Evacuate Collection Set: 167.97ms
[2695.575s][info][gc,phases      ] GC(278)   Post Evacuate Collection Set: 1.25ms
[2695.575s][info][gc,phases      ] GC(278)   Other: 0.06ms
[2695.575s][info][gc,heap        ] GC(278) Eden regions: 696->0(691)
[2695.575s][info][gc,heap        ] GC(278) Survivor regions: 50->51(94)
[2695.575s][info][gc,heap        ] GC(278) Old regions: 339->342
[2695.575s][info][gc,heap        ] GC(278) Humongous regions: 81->81
[2695.575s][info][gc,metaspace   ] GC(278) Metaspace: 30057K(30528K)->30057K(30528K) NonClass: 24643K(24896K)->24643K(24896K) Class: 5413K(5632K)->5413K(5632K)
[2695.575s][info][gc             ] GC(278) Pause Young (Normal) (G1 Evacuation Pause) 9290M->3750M(10240M) 170.292ms
[2695.575s][info][gc,cpu         ] GC(278) User=1.34s Sys=0.00s Real=0.17s
................[2710.743s][info][gc,start       ] GC(279) Pause Young (Normal) (G1 Evacuation Pause)
[2710.743s][info][gc,task        ] GC(279) Using 8 workers of 8 for evacuation
[2710.910s][info][gc,phases      ] GC(279)   Pre Evacuate Collection Set: 0.30ms
[2710.910s][info][gc,phases      ] GC(279)   Merge Heap Roots: 0.58ms
[2710.910s][info][gc,phases      ] GC(279)   Evacuate Collection Set: 164.90ms
[2710.910s][info][gc,phases      ] GC(279)   Post Evacuate Collection Set: 1.22ms
[2710.910s][info][gc,phases      ] GC(279)   Other: 0.06ms
[2710.910s][info][gc,heap        ] GC(279) Eden regions: 691->0(689)
[2710.910s][info][gc,heap        ] GC(279) Survivor regions: 51->51(93)
[2710.910s][info][gc,heap        ] GC(279) Old regions: 342->344
[2710.910s][info][gc,heap        ] GC(279) Humongous regions: 81->81
[2710.910s][info][gc,metaspace   ] GC(279) Metaspace: 30057K(30528K)->30057K(30528K) NonClass: 24643K(24896K)->24643K(24896K) Class: 5413K(5632K)->5413K(5632K)
[2710.910s][info][gc             ] GC(279) Pause Young (Normal) (G1 Evacuation Pause) 9278M->3771M(10240M) 167.192ms
[2710.910s][info][gc,cpu         ] GC(279) User=1.32s Sys=0.00s Real=0.17s
...............[2726.055s][info][gc,start       ] GC(280) Pause Young (Normal) (G1 Evacuation Pause)
[2726.055s][info][gc,task        ] GC(280) Using 8 workers of 8 for evacuation
[2726.222s][info][gc,phases      ] GC(280)   Pre Evacuate Collection Set: 0.31ms
[2726.222s][info][gc,phases      ] GC(280)   Merge Heap Roots: 0.71ms
[2726.222s][info][gc,phases      ] GC(280)   Evacuate Collection Set: 164.69ms
[2726.222s][info][gc,phases      ] GC(280)   Post Evacuate Collection Set: 1.25ms
[2726.222s][info][gc,phases      ] GC(280)   Other: 0.07ms
[2726.222s][info][gc,heap        ] GC(280) Eden regions: 689->0(686)
[2726.222s][info][gc,heap        ] GC(280) Survivor regions: 51->51(93)
[2726.222s][info][gc,heap        ] GC(280) Old regions: 344->347
[2726.222s][info][gc,heap        ] GC(280) Humongous regions: 81->81
[2726.222s][info][gc,metaspace   ] GC(280) Metaspace: 30057K(30528K)->30057K(30528K) NonClass: 24643K(24896K)->24643K(24896K) Class: 5413K(5632K)->5413K(5632K)
[2726.222s][info][gc             ] GC(280) Pause Young (Normal) (G1 Evacuation Pause) 9283M->3792M(10240M) 167.173ms
[2726.222s][info][gc,cpu         ] GC(280) User=1.32s Sys=0.00s Real=0.17s
.... (rIR:aIR:PR = 3044:3043:3043) (tPR = 45589) [OK] 
  2729s: Performance info:
         Transaction,    Success,    Partial,     Failed,   Receipts, AvgBarcode, 
             Overall,     183210,          0,          0,     174053,      59.47, 
         Response times:
             Request,    Success,    Partial,     Failed,   SkipFail,     Probes,    Samples,      min,      p50,      p90,      p95,      p99,      max, 
       TotalPurchase,     174053,          0,          0,          0,     169549,     185839,      400,     2100,     3600,     3900,     6700,   180000,
     InStorePurchase,      91640,          0,          0,          0,      89690,      97875,      400,     2100,     3500,     3900,     6900,   179000,
      OnlinePurchase,      64097,          0,          0,          0,      62283,      68466,      400,     2200,     3600,     4000,     6300,   180000,
        InstPurchase,      18316,          0,          0,          0,      17576,      19498,      500,     2300,     3700,     4000,     6601,   175000,
          AssocOfCat,        184,          0,          0,          0,        134,        188,    19400,    29500,    34000,    36550,    44330,    47000,
      AssocOfProduct,       1829,          0,          0,          0,       1646,       1977,      600,     2900,     4000,     4400,    15654,   173000,
      BusinessReport,        457,          0,          0,          0,        360,        482,    24000,    33000,    40000,    47850,    68000,   241000,
          CustBuyBeh,       1829,          0,          0,          0,       1672,       1975,      300,     2500,     3600,     4000,    18268,   173000,
       ProductReturn,       4858,          0,          0,          0,       4554,       5264,      200,     1800,     3400,     3800,     8500,   175000,

  2729s: (23%)   IR =   3183 .....|......[2740.787s][info][gc,start       ] GC(281) Pause Young (Normal) (G1 Evacuation Pause)
[2740.787s][info][gc,task        ] GC(281) Using 8 workers of 8 for evacuation
[2740.954s][info][gc,phases      ] GC(281)   Pre Evacuate Collection Set: 0.32ms
[2740.954s][info][gc,phases      ] GC(281)   Merge Heap Roots: 0.57ms
[2740.954s][info][gc,phases      ] GC(281)   Evacuate Collection Set: 165.35ms
[2740.954s][info][gc,phases      ] GC(281)   Post Evacuate Collection Set: 1.23ms
[2740.954s][info][gc,phases      ] GC(281)   Other: 0.08ms
[2740.954s][info][gc,heap        ] GC(281) Eden regions: 686->0(683)
[2740.954s][info][gc,heap        ] GC(281) Survivor regions: 51->51(93)
[2740.954s][info][gc,heap        ] GC(281) Old regions: 347->350
[2740.954s][info][gc,heap        ] GC(281) Humongous regions: 81->81
[2740.954s][info][gc,metaspace   ] GC(281) Metaspace: 30058K(30528K)->30058K(30528K) NonClass: 24644K(24896K)->24644K(24896K) Class: 5413K(5632K)->5413K(5632K)
[2740.954s][info][gc             ] GC(281) Pause Young (Normal) (G1 Evacuation Pause) 9280M->3809M(10240M) 167.683ms
[2740.954s][info][gc,cpu         ] GC(281) User=1.32s Sys=0.00s Real=0.16s
..............[2755.338s][info][gc,start       ] GC(282) Pause Young (Normal) (G1 Evacuation Pause)
[2755.338s][info][gc,task        ] GC(282) Using 8 workers of 8 for evacuation
[2755.510s][info][gc,phases      ] GC(282)   Pre Evacuate Collection Set: 0.28ms
[2755.510s][info][gc,phases      ] GC(282)   Merge Heap Roots: 0.58ms
[2755.510s][info][gc,phases      ] GC(282)   Evacuate Collection Set: 169.70ms
[2755.510s][info][gc,phases      ] GC(282)   Post Evacuate Collection Set: 1.24ms
[2755.510s][info][gc,phases      ] GC(282)   Other: 0.06ms
[2755.510s][info][gc,heap        ] GC(282) Eden regions: 683->0(679)
[2755.510s][info][gc,heap        ] GC(282) Survivor regions: 51->52(92)
[2755.510s][info][gc,heap        ] GC(282) Old regions: 350->352
[2755.510s][info][gc,heap        ] GC(282) Humongous regions: 81->81
[2755.510s][info][gc,metaspace   ] GC(282) Metaspace: 30058K(30528K)->30058K(30528K) NonClass: 24644K(24896K)->24644K(24896K) Class: 5413K(5632K)->5413K(5632K)
[2755.510s][info][gc             ] GC(282) Pause Young (Normal) (G1 Evacuation Pause) 9273M->3838M(10240M) 171.988ms
[2755.510s][info][gc,cpu         ] GC(282) User=1.36s Sys=0.00s Real=0.17s
...............[2769.853s][info][gc,start       ] GC(283) Pause Young (Normal) (G1 Evacuation Pause)
[2769.853s][info][gc,task        ] GC(283) Using 8 workers of 8 for evacuation
[2770.022s][info][gc,phases      ] GC(283)   Pre Evacuate Collection Set: 0.30ms
[2770.022s][info][gc,phases      ] GC(283)   Merge Heap Roots: 0.63ms
[2770.022s][info][gc,phases      ] GC(283)   Evacuate Collection Set: 166.85ms
[2770.022s][info][gc,phases      ] GC(283)   Post Evacuate Collection Set: 1.28ms
[2770.022s][info][gc,phases      ] GC(283)   Other: 0.08ms
[2770.022s][info][gc,heap        ] GC(283) Eden regions: 679->0(676)
[2770.022s][info][gc,heap        ] GC(283) Survivor regions: 52->52(92)
[2770.022s][info][gc,heap        ] GC(283) Old regions: 352->355
[2770.022s][info][gc,heap        ] GC(283) Humongous regions: 81->81
[2770.022s][info][gc,metaspace   ] GC(283) Metaspace: 30058K(30528K)->30058K(30528K) NonClass: 24644K(24896K)->24644K(24896K) Class: 5413K(5632K)->5413K(5632K)
[2770.022s][info][gc             ] GC(283) Pause Young (Normal) (G1 Evacuation Pause) 9270M->3858M(10240M) 169.276ms
[2770.022s][info][gc,cpu         ] GC(283) User=1.33s Sys=0.00s Real=0.17s
..............[2784.124s][info][gc,start       ] GC(284) Pause Young (Normal) (G1 Evacuation Pause)
[2784.124s][info][gc,task        ] GC(284) Using 8 workers of 8 for evacuation
[2784.293s][info][gc,phases      ] GC(284)   Pre Evacuate Collection Set: 0.30ms
[2784.293s][info][gc,phases      ] GC(284)   Merge Heap Roots: 0.63ms
[2784.293s][info][gc,phases      ] GC(284)   Evacuate Collection Set: 166.63ms
[2784.293s][info][gc,phases      ] GC(284)   Post Evacuate Collection Set: 1.21ms
[2784.293s][info][gc,phases      ] GC(284)   Other: 0.06ms
[2784.293s][info][gc,heap        ] GC(284) Eden regions: 676->0(675)
[2784.293s][info][gc,heap        ] GC(284) Survivor regions: 52->51(91)
[2784.293s][info][gc,heap        ] GC(284) Old regions: 355->358
[2784.293s][info][gc,heap        ] GC(284) Humongous regions: 81->81
[2784.293s][info][gc,metaspace   ] GC(284) Metaspace: 30058K(30528K)->30058K(30528K) NonClass: 24644K(24896K)->24644K(24896K) Class: 5413K(5632K)->5413K(5632K)
[2784.293s][info][gc             ] GC(284) Pause Young (Normal) (G1 Evacuation Pause) 9266M->3872M(10240M) 168.971ms
[2784.293s][info][gc,cpu         ] GC(284) User=1.33s Sys=0.00s Real=0.17s
........... (rIR:aIR:PR = 3183:3184:3184) (tPR = 47631) [OK] 
  2794s: Performance info:
         Transaction,    Success,    Partial,     Failed,   Receipts, AvgBarcode, 
             Overall,     191134,          0,          0,     181582,      59.48, 
         Response times:
             Request,    Success,    Partial,     Failed,   SkipFail,     Probes,    Samples,      min,      p50,      p90,      p95,      p99,      max, 
       TotalPurchase,     181582,          0,          0,          0,     177159,     193655,      300,     2200,     3700,     4100,     9900,   179000,
     InStorePurchase,      95579,          0,          0,          0,      93335,     101557,      400,     2200,     3700,     4100,    11900,   179000,
      OnlinePurchase,      66883,          0,          0,          0,      65319,      71404,      300,     2100,     3700,     4100,     8100,   178000,
        InstPurchase,      19120,          0,          0,          0,      18505,      20694,      500,     2400,     3800,     4200,     7605,   178000,
          AssocOfCat,        192,          0,          0,          0,        141,        214,    19400,    29000,    35500,    38250,    50250,   201000,
      AssocOfProduct,       1905,          0,          0,          0,       1738,       2088,      800,     2700,     4000,     4400,    14222,   178000,
      BusinessReport,        482,          0,          0,          0,        390,        516,    24000,    32000,    41000,    46150,    66660,   202000,
          CustBuyBeh,       1913,          0,          0,          0,       1708,       2025,      200,     1500,     3300,     3800,     5848,   177000,
       ProductReturn,       5060,          0,          0,          0,       4708,       5340,      200,     2300,     3700,     4100,    14659,   178000,

  2794s: (24%)   IR =   3321 ...[2798.318s][info][gc,start       ] GC(285) Pause Young (Normal) (G1 Evacuation Pause)
[2798.318s][info][gc,task        ] GC(285) Using 8 workers of 8 for evacuation
[2798.486s][info][gc,phases      ] GC(285)   Pre Evacuate Collection Set: 0.29ms
[2798.486s][info][gc,phases      ] GC(285)   Merge Heap Roots: 0.59ms
[2798.486s][info][gc,phases      ] GC(285)   Evacuate Collection Set: 166.25ms
[2798.486s][info][gc,phases      ] GC(285)   Post Evacuate Collection Set: 1.27ms
[2798.486s][info][gc,phases      ] GC(285)   Other: 0.06ms
[2798.486s][info][gc,heap        ] GC(285) Eden regions: 675->0(671)
[2798.486s][info][gc,heap        ] GC(285) Survivor regions: 51->52(91)
[2798.486s][info][gc,heap        ] GC(285) Old regions: 358->360
[2798.486s][info][gc,heap        ] GC(285) Humongous regions: 81->81
[2798.486s][info][gc,metaspace   ] GC(285) Metaspace: 30058K(30528K)->30058K(30528K) NonClass: 24644K(24896K)->24644K(24896K) Class: 5413K(5632K)->5413K(5632K)
[2798.486s][info][gc             ] GC(285) Pause Young (Normal) (G1 Evacuation Pause) 9272M->3901M(10240M) 168.583ms
[2798.486s][info][gc,cpu         ] GC(285) User=1.32s Sys=0.00s Real=0.17s
.|.............[2811.946s][info][gc,start       ] GC(286) Pause Young (Normal) (G1 Evacuation Pause)
[2811.946s][info][gc,task        ] GC(286) Using 8 workers of 8 for evacuation
[2812.118s][info][gc,phases      ] GC(286)   Pre Evacuate Collection Set: 0.28ms
[2812.118s][info][gc,phases      ] GC(286)   Merge Heap Roots: 0.59ms
[2812.118s][info][gc,phases      ] GC(286)   Evacuate Collection Set: 169.79ms
[2812.118s][info][gc,phases      ] GC(286)   Post Evacuate Collection Set: 1.23ms
[2812.118s][info][gc,phases      ] GC(286)   Other: 0.07ms
[2812.118s][info][gc,heap        ] GC(286) Eden regions: 671->0(670)
[2812.118s][info][gc,heap        ] GC(286) Survivor regions: 52->51(91)
[2812.118s][info][gc,heap        ] GC(286) Old regions: 360->363
[2812.118s][info][gc,heap        ] GC(286) Humongous regions: 81->81
[2812.118s][info][gc,metaspace   ] GC(286) Metaspace: 30058K(30528K)->30058K(30528K) NonClass: 24644K(24896K)->24644K(24896K) Class: 5413K(5632K)->5413K(5632K)
[2812.118s][info][gc             ] GC(286) Pause Young (Normal) (G1 Evacuation Pause) 9269M->3918M(10240M) 172.086ms
[2812.118s][info][gc,cpu         ] GC(286) User=1.36s Sys=0.00s Real=0.17s
.............[2825.618s][info][gc,start       ] GC(287) Pause Young (Normal) (G1 Evacuation Pause)
[2825.618s][info][gc,task        ] GC(287) Using 8 workers of 8 for evacuation
[2825.786s][info][gc,phases      ] GC(287)   Pre Evacuate Collection Set: 0.31ms
[2825.787s][info][gc,phases      ] GC(287)   Merge Heap Roots: 0.58ms
[2825.787s][info][gc,phases      ] GC(287)   Evacuate Collection Set: 165.92ms
[2825.787s][info][gc,phases      ] GC(287)   Post Evacuate Collection Set: 1.24ms
[2825.787s][info][gc,phases      ] GC(287)   Other: 0.07ms
[2825.787s][info][gc,heap        ] GC(287) Eden regions: 670->0(667)
[2825.787s][info][gc,heap        ] GC(287) Survivor regions: 51->51(91)
[2825.787s][info][gc,heap        ] GC(287) Old regions: 363->366
[2825.787s][info][gc,heap        ] GC(287) Humongous regions: 81->81
[2825.787s][info][gc,metaspace   ] GC(287) Metaspace: 30058K(30528K)->30058K(30528K) NonClass: 24644K(24896K)->24644K(24896K) Class: 5413K(5632K)->5413K(5632K)
[2825.787s][info][gc             ] GC(287) Pause Young (Normal) (G1 Evacuation Pause) 9278M->3936M(10240M) 168.263ms
[2825.787s][info][gc,cpu         ] GC(287) User=1.32s Sys=0.00s Real=0.17s
..............[2839.267s][info][gc,start       ] GC(288) Pause Young (Normal) (G1 Evacuation Pause)
[2839.267s][info][gc,task        ] GC(288) Using 8 workers of 8 for evacuation
[2839.434s][info][gc,phases      ] GC(288)   Pre Evacuate Collection Set: 0.29ms
[2839.434s][info][gc,phases      ] GC(288)   Merge Heap Roots: 0.58ms
[2839.434s][info][gc,phases      ] GC(288)   Evacuate Collection Set: 164.77ms
[2839.434s][info][gc,phases      ] GC(288)   Post Evacuate Collection Set: 1.23ms
[2839.434s][info][gc,phases      ] GC(288)   Other: 0.07ms
[2839.434s][info][gc,heap        ] GC(288) Eden regions: 667->0(665)
[2839.434s][info][gc,heap        ] GC(288) Survivor regions: 51->51(90)
[2839.434s][info][gc,heap        ] GC(288) Old regions: 366->368
[2839.434s][info][gc,heap        ] GC(288) Humongous regions: 81->81
[2839.434s][info][gc,metaspace   ] GC(288) Metaspace: 30058K(30528K)->30058K(30528K) NonClass: 24644K(24896K)->24644K(24896K) Class: 5413K(5632K)->5413K(5632K)
[2839.434s][info][gc             ] GC(288) Pause Young (Normal) (G1 Evacuation Pause) 9272M->3959M(10240M) 167.079ms
[2839.434s][info][gc,cpu         ] GC(288) User=1.31s Sys=0.01s Real=0.16s
..............[2852.815s][info][gc,start       ] GC(289) Pause Young (Normal) (G1 Evacuation Pause)
[2852.815s][info][gc,task        ] GC(289) Using 8 workers of 8 for evacuation
[2852.982s][info][gc,phases      ] GC(289)   Pre Evacuate Collection Set: 0.31ms
[2852.982s][info][gc,phases      ] GC(289)   Merge Heap Roots: 0.55ms
[2852.982s][info][gc,phases      ] GC(289)   Evacuate Collection Set: 164.77ms
[2852.982s][info][gc,phases      ] GC(289)   Post Evacuate Collection Set: 1.24ms
[2852.982s][info][gc,phases      ] GC(289)   Other: 0.07ms
[2852.982s][info][gc,heap        ] GC(289) Eden regions: 665->0(662)
[2852.982s][info][gc,heap        ] GC(289) Survivor regions: 51->51(90)
[2852.982s][info][gc,heap        ] GC(289) Old regions: 368->371
[2852.982s][info][gc,heap        ] GC(289) Humongous regions: 81->81
[2852.982s][info][gc,metaspace   ] GC(289) Metaspace: 30058K(30528K)->30058K(30528K) NonClass: 24644K(24896K)->24644K(24896K) Class: 5413K(5632K)->5413K(5632K)
[2852.982s][info][gc             ] GC(289) Pause Young (Normal) (G1 Evacuation Pause) 9279M->3981M(10240M) 167.087ms
[2852.982s][info][gc,cpu         ] GC(289) User=1.32s Sys=0.00s Real=0.17s
...... (rIR:aIR:PR = 3321:3320:3320) (tPR = 49219) [OK] 
  2858s: Performance info:
         Transaction,    Success,    Partial,     Failed,   Receipts, AvgBarcode, 
             Overall,     199589,          0,          0,     189622,      59.48, 
         Response times:
             Request,    Success,    Partial,     Failed,   SkipFail,     Probes,    Samples,      min,      p50,      p90,      p95,      p99,      max, 
       TotalPurchase,     189622,          0,          0,          0,     184161,     199010,      400,     2300,     3900,     4300,    10000,   180000,
     InStorePurchase,      99758,          0,          0,          0,      96895,     104509,      400,     2200,     3800,     4200,     9400,   180000,
      OnlinePurchase,      69866,          0,          0,          0,      67899,      73374,      400,     2400,     3900,     4300,    10300,   180000,
        InstPurchase,      19998,          0,          0,          0,      19367,      21127,      500,     2500,     4000,     4400,    11360,   180000,
          AssocOfCat,        200,          0,          0,          0,        137,        197,    21000,    30000,    37000,    42100,    69000,    69000,
      AssocOfProduct,       1989,          0,          0,          0,       1773,       2049,      600,     2800,     4200,     4700,    12900,   172000,
      BusinessReport,        500,          0,          0,          0,        406,        520,    25000,    33000,    42000,    47000,    58000,   205000,
          CustBuyBeh,       1993,          0,          0,          0,       1826,       2127,      200,     1300,     3200,     3800,     6472,    13600,
       ProductReturn,       5285,          0,          0,          0,       4937,       5481,      200,     2400,     3800,     4200,    12600,   180000,

  2858s: (25%)   IR =   3459 .......|[2866.061s][info][gc,start       ] GC(290) Pause Young (Normal) (G1 Evacuation Pause)
[2866.061s][info][gc,task        ] GC(290) Using 8 workers of 8 for evacuation
[2866.229s][info][gc,phases      ] GC(290)   Pre Evacuate Collection Set: 0.31ms
[2866.229s][info][gc,phases      ] GC(290)   Merge Heap Roots: 0.59ms
[2866.229s][info][gc,phases      ] GC(290)   Evacuate Collection Set: 165.49ms
[2866.229s][info][gc,phases      ] GC(290)   Post Evacuate Collection Set: 1.20ms
[2866.229s][info][gc,phases      ] GC(290)   Other: 0.07ms
[2866.229s][info][gc,heap        ] GC(290) Eden regions: 662->0(659)
[2866.229s][info][gc,heap        ] GC(290) Survivor regions: 51->51(90)
[2866.229s][info][gc,heap        ] GC(290) Old regions: 371->374
[2866.229s][info][gc,heap        ] GC(290) Humongous regions: 81->81
[2866.229s][info][gc,metaspace   ] GC(290) Metaspace: 30058K(30528K)->30058K(30528K) NonClass: 24644K(24896K)->24644K(24896K) Class: 5413K(5632K)->5413K(5632K)
[2866.229s][info][gc             ] GC(290) Pause Young (Normal) (G1 Evacuation Pause) 9277M->4003M(10240M) 167.792ms
[2866.229s][info][gc,cpu         ] GC(290) User=1.32s Sys=0.00s Real=0.17s
.............[2878.884s][info][gc,start       ] GC(291) Pause Young (Normal) (G1 Evacuation Pause)
[2878.884s][info][gc,task        ] GC(291) Using 8 workers of 8 for evacuation
[2879.050s][info][gc,phases      ] GC(291)   Pre Evacuate Collection Set: 0.29ms
[2879.050s][info][gc,phases      ] GC(291)   Merge Heap Roots: 0.58ms
[2879.050s][info][gc,phases      ] GC(291)   Evacuate Collection Set: 164.38ms
[2879.050s][info][gc,phases      ] GC(291)   Post Evacuate Collection Set: 1.21ms
[2879.050s][info][gc,phases      ] GC(291)   Other: 0.07ms
[2879.050s][info][gc,heap        ] GC(291) Eden regions: 659->0(656)
[2879.050s][info][gc,heap        ] GC(291) Survivor regions: 51->51(89)
[2879.050s][info][gc,heap        ] GC(291) Old regions: 374->377
[2879.050s][info][gc,heap        ] GC(291) Humongous regions: 81->81
[2879.050s][info][gc,metaspace   ] GC(291) Metaspace: 30058K(30528K)->30058K(30528K) NonClass: 24644K(24896K)->24644K(24896K) Class: 5413K(5632K)->5413K(5632K)
[2879.050s][info][gc             ] GC(291) Pause Young (Normal) (G1 Evacuation Pause) 9275M->4026M(10240M) 166.667ms
[2879.050s][info][gc,cpu         ] GC(291) User=1.31s Sys=0.01s Real=0.17s
............[2891.728s][info][gc,start       ] GC(292) Pause Young (Normal) (G1 Evacuation Pause)
[2891.728s][info][gc,task        ] GC(292) Using 8 workers of 8 for evacuation
[2891.893s][info][gc,phases      ] GC(292)   Pre Evacuate Collection Set: 0.31ms
[2891.893s][info][gc,phases      ] GC(292)   Merge Heap Roots: 0.58ms
[2891.893s][info][gc,phases      ] GC(292)   Evacuate Collection Set: 163.15ms
[2891.893s][info][gc,phases      ] GC(292)   Post Evacuate Collection Set: 1.19ms
[2891.893s][info][gc,phases      ] GC(292)   Other: 0.07ms
[2891.893s][info][gc,heap        ] GC(292) Eden regions: 656->0(653)
[2891.893s][info][gc,heap        ] GC(292) Survivor regions: 51->51(89)
[2891.893s][info][gc,heap        ] GC(292) Old regions: 377->380
[2891.893s][info][gc,heap        ] GC(292) Humongous regions: 81->81
[2891.893s][info][gc,metaspace   ] GC(292) Metaspace: 30058K(30528K)->30058K(30528K) NonClass: 24644K(24896K)->24644K(24896K) Class: 5413K(5632K)->5413K(5632K)
[2891.893s][info][gc             ] GC(292) Pause Young (Normal) (G1 Evacuation Pause) 9274M->4048M(10240M) 165.450ms
[2891.893s][info][gc,cpu         ] GC(292) User=1.30s Sys=0.01s Real=0.16s
.............[2904.647s][info][gc,start       ] GC(293) Pause Young (Normal) (G1 Evacuation Pause)
[2904.647s][info][gc,task        ] GC(293) Using 8 workers of 8 for evacuation
[2904.812s][info][gc,phases      ] GC(293)   Pre Evacuate Collection Set: 0.30ms
[2904.812s][info][gc,phases      ] GC(293)   Merge Heap Roots: 0.71ms
[2904.812s][info][gc,phases      ] GC(293)   Evacuate Collection Set: 162.68ms
[2904.812s][info][gc,phases      ] GC(293)   Post Evacuate Collection Set: 1.19ms
[2904.812s][info][gc,phases      ] GC(293)   Other: 0.07ms
[2904.812s][info][gc,heap        ] GC(293) Eden regions: 653->0(653)
[2904.812s][info][gc,heap        ] GC(293) Survivor regions: 51->50(88)
[2904.812s][info][gc,heap        ] GC(293) Old regions: 380->382
[2904.812s][info][gc,heap        ] GC(293) Humongous regions: 81->81
[2904.812s][info][gc,metaspace   ] GC(293) Metaspace: 30058K(30528K)->30058K(30528K) NonClass: 24644K(24896K)->24644K(24896K) Class: 5413K(5632K)->5413K(5632K)
[2904.812s][info][gc             ] GC(293) Pause Young (Normal) (G1 Evacuation Pause) 9272M->4063M(10240M) 165.090ms
[2904.812s][info][gc,cpu         ] GC(293) User=1.30s Sys=0.00s Real=0.16s
.............[2917.307s][info][gc,start       ] GC(294) Pause Young (Normal) (G1 Evacuation Pause)
[2917.307s][info][gc,task        ] GC(294) Using 8 workers of 8 for evacuation
[2917.474s][info][gc,phases      ] GC(294)   Pre Evacuate Collection Set: 0.34ms
[2917.474s][info][gc,phases      ] GC(294)   Merge Heap Roots: 0.60ms
[2917.474s][info][gc,phases      ] GC(294)   Evacuate Collection Set: 165.18ms
[2917.474s][info][gc,phases      ] GC(294)   Post Evacuate Collection Set: 1.20ms
[2917.474s][info][gc,phases      ] GC(294)   Other: 0.07ms
[2917.474s][info][gc,heap        ] GC(294) Eden regions: 653->0(648)
[2917.474s][info][gc,heap        ] GC(294) Survivor regions: 50->51(88)
[2917.474s][info][gc,heap        ] GC(294) Old regions: 382->385
[2917.474s][info][gc,heap        ] GC(294) Humongous regions: 81->81
[2917.474s][info][gc,metaspace   ] GC(294) Metaspace: 30058K(30528K)->30058K(30528K) NonClass: 24644K(24896K)->24644K(24896K) Class: 5413K(5632K)->5413K(5632K)
[2917.474s][info][gc             ] GC(294) Pause Young (Normal) (G1 Evacuation Pause) 9287M->4093M(10240M) 167.510ms
[2917.474s][info][gc,cpu         ] GC(294) User=1.32s Sys=0.00s Real=0.16s
......... (rIR:aIR:PR = 3459:3458:3458) (tPR = 51540) [OK] 
  2925s: Performance info:
         Transaction,    Success,    Partial,     Failed,   Receipts, AvgBarcode, 
             Overall,     207766,          0,          0,     197379,      59.47, 
         Response times:
             Request,    Success,    Partial,     Failed,   SkipFail,     Probes,    Samples,      min,      p50,      p90,      p95,      p99,      max, 
       TotalPurchase,     197380,          0,          0,          0,     192673,     217581,      300,     2400,     4000,     4500,    15500,   178000,
     InStorePurchase,     103873,          0,          0,          0,     101675,     114574,      300,     2400,     4000,     4400,    15900,   178000,
      OnlinePurchase,      72778,          0,          0,          0,      71098,      80299,      300,     2400,     4000,     4500,    15600,   175000,
        InstPurchase,      20729,          0,          0,          0,      19900,      22708,      500,     2300,     4000,     4500,    12991,   175000,
          AssocOfCat,        208,          0,          0,          0,        164,        246,    21000,    30000,    37300,    42950,    74530,    91000,
      AssocOfProduct,       2076,          0,          0,          0,       1901,       2272,      500,     1800,     4100,     4700,    13362,   173000,
      BusinessReport,        517,          0,          0,          0,        423,        576,    26000,    33000,    44000,    49000,    72000,   232000,
          CustBuyBeh,       2079,          0,          0,          0,       1894,       2334,      300,     2500,     4000,     4500,    17460,   173000,
       ProductReturn,       5507,          0,          0,          0,       5237,       6199,      200,     2200,     3900,     4300,    14300,   170000,

  2925s: (26%)   IR =   3598 ...[2929.888s][info][gc,start       ] GC(295) Pause Young (Normal) (G1 Evacuation Pause)
[2929.888s][info][gc,task        ] GC(295) Using 8 workers of 8 for evacuation
[2930.055s][info][gc,phases      ] GC(295)   Pre Evacuate Collection Set: 0.31ms
[2930.055s][info][gc,phases      ] GC(295)   Merge Heap Roots: 0.61ms
[2930.055s][info][gc,phases      ] GC(295)   Evacuate Collection Set: 164.36ms
[2930.055s][info][gc,phases      ] GC(295)   Post Evacuate Collection Set: 1.20ms
[2930.055s][info][gc,phases      ] GC(295)   Other: 0.07ms
[2930.055s][info][gc,heap        ] GC(295) Eden regions: 648->0(645)
[2930.055s][info][gc,heap        ] GC(295) Survivor regions: 51->51(88)
[2930.055s][info][gc,heap        ] GC(295) Old regions: 385->388
[2930.055s][info][gc,heap        ] GC(295) Humongous regions: 81->81
[2930.055s][info][gc,metaspace   ] GC(295) Metaspace: 30058K(30528K)->30058K(30528K) NonClass: 24644K(24896K)->24644K(24896K) Class: 5413K(5632K)->5413K(5632K)
[2930.055s][info][gc             ] GC(295) Pause Young (Normal) (G1 Evacuation Pause) 9277M->4120M(10240M) 166.696ms
[2930.055s][info][gc,cpu         ] GC(295) User=1.30s Sys=0.00s Real=0.16s
....|........[2941.969s][info][gc,start       ] GC(296) Pause Young (Normal) (G1 Evacuation Pause)
[2941.969s][info][gc,task        ] GC(296) Using 8 workers of 8 for evacuation
[2942.134s][info][gc,phases      ] GC(296)   Pre Evacuate Collection Set: 0.29ms
[2942.134s][info][gc,phases      ] GC(296)   Merge Heap Roots: 0.65ms
[2942.134s][info][gc,phases      ] GC(296)   Evacuate Collection Set: 162.64ms
[2942.134s][info][gc,phases      ] GC(296)   Post Evacuate Collection Set: 1.28ms
[2942.134s][info][gc,phases      ] GC(296)   Other: 0.07ms
[2942.134s][info][gc,heap        ] GC(296) Eden regions: 645->0(644)
[2942.134s][info][gc,heap        ] GC(296) Survivor regions: 51->50(87)
[2942.134s][info][gc,heap        ] GC(296) Old regions: 388->391
[2942.134s][info][gc,heap        ] GC(296) Humongous regions: 81->81
[2942.134s][info][gc,metaspace   ] GC(296) Metaspace: 30058K(30528K)->30058K(30528K) NonClass: 24644K(24896K)->24644K(24896K) Class: 5413K(5632K)->5413K(5632K)
[2942.134s][info][gc             ] GC(296) Pause Young (Normal) (G1 Evacuation Pause) 9280M->4136M(10240M) 165.062ms
[2942.134s][info][gc,cpu         ] GC(296) User=1.30s Sys=0.00s Real=0.16s
............[2954.084s][info][gc,start       ] GC(297) Pause Young (Normal) (G1 Evacuation Pause)
[2954.084s][info][gc,task        ] GC(297) Using 8 workers of 8 for evacuation
[2954.253s][info][gc,phases      ] GC(297)   Pre Evacuate Collection Set: 0.30ms
[2954.253s][info][gc,phases      ] GC(297)   Merge Heap Roots: 0.62ms
[2954.253s][info][gc,phases      ] GC(297)   Evacuate Collection Set: 165.80ms
[2954.253s][info][gc,phases      ] GC(297)   Post Evacuate Collection Set: 1.23ms
[2954.253s][info][gc,phases      ] GC(297)   Other: 0.08ms
[2954.253s][info][gc,heap        ] GC(297) Eden regions: 644->0(639)
[2954.253s][info][gc,heap        ] GC(297) Survivor regions: 50->51(87)
[2954.253s][info][gc,heap        ] GC(297) Old regions: 391->394
[2954.253s][info][gc,heap        ] GC(297) Humongous regions: 81->81
[2954.253s][info][gc,metaspace   ] GC(297) Metaspace: 30058K(30528K)->30058K(30528K) NonClass: 24644K(24896K)->24644K(24896K) Class: 5413K(5632K)->5413K(5632K)
[2954.253s][info][gc             ] GC(297) Pause Young (Normal) (G1 Evacuation Pause) 9288M->4167M(10240M) 168.187ms
[2954.253s][info][gc,cpu         ] GC(297) User=1.33s Sys=0.00s Real=0.17s
............[2966.126s][info][gc,start       ] GC(298) Pause Young (Normal) (G1 Evacuation Pause)
[2966.126s][info][gc,task        ] GC(298) Using 8 workers of 8 for evacuation
[2966.292s][info][gc,phases      ] GC(298)   Pre Evacuate Collection Set: 0.31ms
[2966.292s][info][gc,phases      ] GC(298)   Merge Heap Roots: 0.63ms
[2966.292s][info][gc,phases      ] GC(298)   Evacuate Collection Set: 163.97ms
[2966.292s][info][gc,phases      ] GC(298)   Post Evacuate Collection Set: 1.19ms
[2966.292s][info][gc,phases      ] GC(298)   Other: 0.06ms
[2966.292s][info][gc,heap        ] GC(298) Eden regions: 639->0(636)
[2966.292s][info][gc,heap        ] GC(298) Survivor regions: 51->51(87)
[2966.292s][info][gc,heap        ] GC(298) Old regions: 394->397
[2966.292s][info][gc,heap        ] GC(298) Humongous regions: 81->81
[2966.292s][info][gc,metaspace   ] GC(298) Metaspace: 30058K(30528K)->30058K(30528K) NonClass: 24644K(24896K)->24644K(24896K) Class: 5413K(5632K)->5413K(5632K)
[2966.292s][info][gc             ] GC(298) Pause Young (Normal) (G1 Evacuation Pause) 9279M->4186M(10240M) 166.306ms
[2966.292s][info][gc,cpu         ] GC(298) User=1.31s Sys=0.00s Real=0.17s
............[2978.070s][info][gc,start       ] GC(299) Pause Young (Normal) (G1 Evacuation Pause)
[2978.070s][info][gc,task        ] GC(299) Using 8 workers of 8 for evacuation
[2978.235s][info][gc,phases      ] GC(299)   Pre Evacuate Collection Set: 0.30ms
[2978.235s][info][gc,phases      ] GC(299)   Merge Heap Roots: 0.58ms
[2978.235s][info][gc,phases      ] GC(299)   Evacuate Collection Set: 163.33ms
[2978.235s][info][gc,phases      ] GC(299)   Post Evacuate Collection Set: 1.18ms
[2978.235s][info][gc,phases      ] GC(299)   Other: 0.07ms
[2978.235s][info][gc,heap        ] GC(299) Eden regions: 636->0(635)
[2978.235s][info][gc,heap        ] GC(299) Survivor regions: 51->50(86)
[2978.235s][info][gc,heap        ] GC(299) Old regions: 397->400
[2978.235s][info][gc,heap        ] GC(299) Humongous regions: 81->81
[2978.235s][info][gc,metaspace   ] GC(299) Metaspace: 30058K(30528K)->30058K(30528K) NonClass: 24644K(24896K)->24644K(24896K) Class: 5413K(5632K)->5413K(5632K)
[2978.235s][info][gc             ] GC(299) Pause Young (Normal) (G1 Evacuation Pause) 9274M->4205M(10240M) 165.576ms
[2978.236s][info][gc,cpu         ] GC(299) User=1.30s Sys=0.00s Real=0.16s
............[2990.027s][info][gc,start       ] GC(300) Pause Young (Normal) (G1 Evacuation Pause)
[2990.027s][info][gc,task        ] GC(300) Using 8 workers of 8 for evacuation
[2990.193s][info][gc,phases      ] GC(300)   Pre Evacuate Collection Set: 0.31ms
[2990.193s][info][gc,phases      ] GC(300)   Merge Heap Roots: 0.65ms
[2990.193s][info][gc,phases      ] GC(300)   Evacuate Collection Set: 162.92ms
[2990.193s][info][gc,phases      ] GC(300)   Post Evacuate Collection Set: 1.15ms
[2990.193s][info][gc,phases      ] GC(300)   Other: 0.07ms
[2990.193s][info][gc,heap        ] GC(300) Eden regions: 635->0(632)
[2990.193s][info][gc,heap        ] GC(300) Survivor regions: 50->50(86)
[2990.193s][info][gc,heap        ] GC(300) Old regions: 400->403
[2990.193s][info][gc,heap        ] GC(300) Humongous regions: 81->81
[2990.193s][info][gc,metaspace   ] GC(300) Metaspace: 30058K(30528K)->30058K(30528K) NonClass: 24644K(24896K)->24644K(24896K) Class: 5413K(5632K)->5413K(5632K)
[2990.193s][info][gc             ] GC(300) Pause Young (Normal) (G1 Evacuation Pause) 9285M->4224M(10240M) 165.222ms
[2990.193s][info][gc,cpu         ] GC(300) User=1.30s Sys=0.00s Real=0.16s
.... (rIR:aIR:PR = 3598:3599:3599) (tPR = 53247) [OK] 
  2993s: Performance info:
         Transaction,    Success,    Partial,     Failed,   Receipts, AvgBarcode, 
             Overall,     216862,          0,          0,     206026,      59.47, 
         Response times:
             Request,    Success,    Partial,     Failed,   SkipFail,     Probes,    Samples,      min,      p50,      p90,      p95,      p99,      max, 
       TotalPurchase,     206027,          0,          0,          0,     201267,     226568,      300,     2400,     4200,     4700,    19000,   222000,
     InStorePurchase,     108436,          0,          0,          0,     105937,     119106,      300,     2400,     4100,     4700,    18493,   181000,
      OnlinePurchase,      75909,          0,          0,          0,      74354,      83501,      400,     2500,     4200,     4700,    19600,   222000,
        InstPurchase,      21682,          0,          0,          0,      20976,      23961,      500,     2600,     4300,     4800,    19238,   176000,
          AssocOfCat,        219,          0,          0,          0,        163,        258,    24000,    30000,    36000,    40000,    61430,   210000,
      AssocOfProduct,       2173,          0,          0,          0,       2009,       2477,      800,     3200,     4600,     5000,    30220,   174000,
      BusinessReport,        542,          0,          0,          0,        458,        602,    26000,    33000,    43000,    49850,    67970,   210000,
          CustBuyBeh,       2166,          0,          0,          0,       1952,       2359,      300,     2500,     4200,     4700,    24000,   172000,
       ProductReturn,       5737,          0,          0,          0,       5373,       6274,      200,     2600,     4200,     4700,    17025,   173000,

  2993s: (27%)   IR =   3736 ....|....[3001.565s][info][gc,start       ] GC(301) Pause Young (Normal) (G1 Evacuation Pause)
[3001.565s][info][gc,task        ] GC(301) Using 8 workers of 8 for evacuation
[3001.733s][info][gc,phases      ] GC(301)   Pre Evacuate Collection Set: 0.29ms
[3001.733s][info][gc,phases      ] GC(301)   Merge Heap Roots: 0.57ms
[3001.733s][info][gc,phases      ] GC(301)   Evacuate Collection Set: 165.73ms
[3001.733s][info][gc,phases      ] GC(301)   Post Evacuate Collection Set: 1.25ms
[3001.733s][info][gc,phases      ] GC(301)   Other: 0.08ms
[3001.733s][info][gc,heap        ] GC(301) Eden regions: 632->0(626)
[3001.733s][info][gc,heap        ] GC(301) Survivor regions: 50->52(86)
[3001.733s][info][gc,heap        ] GC(301) Old regions: 403->405
[3001.733s][info][gc,heap        ] GC(301) Humongous regions: 81->81
[3001.733s][info][gc,metaspace   ] GC(301) Metaspace: 30058K(30528K)->30058K(30528K) NonClass: 24644K(24896K)->24644K(24896K) Class: 5413K(5632K)->5413K(5632K)
[3001.733s][info][gc             ] GC(301) Pause Young (Normal) (G1 Evacuation Pause) 9280M->4263M(10240M) 168.055ms
[3001.733s][info][gc,cpu         ] GC(301) User=1.33s Sys=0.01s Real=0.17s
...........[3012.895s][info][gc,start       ] GC(302) Pause Young (Normal) (G1 Evacuation Pause)
[3012.895s][info][gc,task        ] GC(302) Using 8 workers of 8 for evacuation
[3013.066s][info][gc,phases      ] GC(302)   Pre Evacuate Collection Set: 0.32ms
[3013.066s][info][gc,phases      ] GC(302)   Merge Heap Roots: 0.64ms
[3013.066s][info][gc,phases      ] GC(302)   Evacuate Collection Set: 168.34ms
[3013.066s][info][gc,phases      ] GC(302)   Post Evacuate Collection Set: 1.17ms
[3013.066s][info][gc,phases      ] GC(302)   Other: 0.08ms
[3013.066s][info][gc,heap        ] GC(302) Eden regions: 626->0(630)
[3013.066s][info][gc,heap        ] GC(302) Survivor regions: 52->45(85)
[3013.066s][info][gc,heap        ] GC(302) Old regions: 405->415
[3013.066s][info][gc,heap        ] GC(302) Humongous regions: 81->81
[3013.066s][info][gc,metaspace   ] GC(302) Metaspace: 30058K(30528K)->30058K(30528K) NonClass: 24644K(24896K)->24644K(24896K) Class: 5413K(5632K)->5413K(5632K)
[3013.066s][info][gc             ] GC(302) Pause Young (Normal) (G1 Evacuation Pause) 9271M->4282M(10240M) 170.686ms
[3013.066s][info][gc,cpu         ] GC(302) User=1.34s Sys=0.00s Real=0.18s
...........[3024.274s][info][gc,start       ] GC(303) Pause Young (Normal) (G1 Evacuation Pause)
[3024.274s][info][gc,task        ] GC(303) Using 8 workers of 8 for evacuation
[3024.431s][info][gc,phases      ] GC(303)   Pre Evacuate Collection Set: 0.30ms
[3024.431s][info][gc,phases      ] GC(303)   Merge Heap Roots: 0.57ms
[3024.431s][info][gc,phases      ] GC(303)   Evacuate Collection Set: 155.11ms
[3024.431s][info][gc,phases      ] GC(303)   Post Evacuate Collection Set: 1.16ms
[3024.431s][info][gc,phases      ] GC(303)   Other: 0.07ms
[3024.431s][info][gc,heap        ] GC(303) Eden regions: 630->0(624)
[3024.431s][info][gc,heap        ] GC(303) Survivor regions: 45->45(85)
[3024.431s][info][gc,heap        ] GC(303) Old regions: 415->421
[3024.431s][info][gc,heap        ] GC(303) Humongous regions: 81->81
[3024.431s][info][gc,metaspace   ] GC(303) Metaspace: 30058K(30528K)->30058K(30528K) NonClass: 24644K(24896K)->24644K(24896K) Class: 5413K(5632K)->5413K(5632K)
[3024.431s][info][gc             ] GC(303) Pause Young (Normal) (G1 Evacuation Pause) 9322M->4335M(10240M) 157.365ms
[3024.431s][info][gc,cpu         ] GC(303) User=1.23s Sys=0.00s Real=0.16s
............[3035.641s][info][gc,start       ] GC(304) Pause Young (Normal) (G1 Evacuation Pause)
[3035.641s][info][gc,task        ] GC(304) Using 8 workers of 8 for evacuation
[3035.797s][info][gc,phases      ] GC(304)   Pre Evacuate Collection Set: 0.30ms
[3035.797s][info][gc,phases      ] GC(304)   Merge Heap Roots: 0.56ms
[3035.797s][info][gc,phases      ] GC(304)   Evacuate Collection Set: 153.96ms
[3035.797s][info][gc,phases      ] GC(304)   Post Evacuate Collection Set: 1.12ms
[3035.797s][info][gc,phases      ] GC(304)   Other: 0.06ms
[3035.797s][info][gc,heap        ] GC(304) Eden regions: 624->0(621)
[3035.797s][info][gc,heap        ] GC(304) Survivor regions: 45->43(84)
[3035.797s][info][gc,heap        ] GC(304) Old regions: 421->428
[3035.797s][info][gc,heap        ] GC(304) Humongous regions: 81->81
[3035.797s][info][gc,metaspace   ] GC(304) Metaspace: 30058K(30528K)->30058K(30528K) NonClass: 24644K(24896K)->24644K(24896K) Class: 5413K(5632K)->5413K(5632K)
[3035.797s][info][gc             ] GC(304) Pause Young (Normal) (G1 Evacuation Pause) 9327M->4374M(10240M) 156.135ms
[3035.797s][info][gc,cpu         ] GC(304) User=1.23s Sys=0.00s Real=0.16s
...........[3046.786s][info][gc,start       ] GC(305) Pause Young (Normal) (G1 Evacuation Pause)
[3046.786s][info][gc,task        ] GC(305) Using 8 workers of 8 for evacuation
[3046.943s][info][gc,phases      ] GC(305)   Pre Evacuate Collection Set: 0.32ms
[3046.943s][info][gc,phases      ] GC(305)   Merge Heap Roots: 0.65ms
[3046.943s][info][gc,phases      ] GC(305)   Evacuate Collection Set: 154.86ms
[3046.943s][info][gc,phases      ] GC(305)   Post Evacuate Collection Set: 1.14ms
[3046.943s][info][gc,phases      ] GC(305)   Other: 0.06ms
[3046.943s][info][gc,heap        ] GC(305) Eden regions: 621->0(611)
[3046.943s][info][gc,heap        ] GC(305) Survivor regions: 43->45(83)
[3046.944s][info][gc,heap        ] GC(305) Old regions: 428->434
[3046.944s][info][gc,heap        ] GC(305) Humongous regions: 81->81
[3046.944s][info][gc,metaspace   ] GC(305) Metaspace: 30058K(30528K)->30058K(30528K) NonClass: 24644K(24896K)->24644K(24896K) Class: 5413K(5632K)->5413K(5632K)
[3046.944s][info][gc             ] GC(305) Pause Young (Normal) (G1 Evacuation Pause) 9342M->4444M(10240M) 157.158ms
[3046.944s][info][gc,cpu         ] GC(305) User=1.24s Sys=0.00s Real=0.15s
........... (rIR:aIR:PR = 3736:3735:3735) (tPR = 55522) [OK] 
  3057s: Performance info:
         Transaction,    Success,    Partial,     Failed,   Receipts, AvgBarcode, 
             Overall,     224521,          0,          0,     213283,      59.49, 
         Response times:
             Request,    Success,    Partial,     Failed,   SkipFail,     Probes,    Samples,      min,      p50,      p90,      p95,      p99,      max, 
       TotalPurchase,     213281,          0,          0,          0,     209017,     224254,      300,     2600,     4400,     4900,    18500,   216000,
     InStorePurchase,     112204,          0,          0,          0,     110122,     117883,      400,     2600,     4300,     4900,    18316,   216000,
      OnlinePurchase,      78595,          0,          0,          0,      77192,      82761,      300,     2600,     4400,     4900,    18600,   216000,
        InstPurchase,      22482,          0,          0,          0,      21703,      23610,      500,     2600,     4400,     4900,    21000,   177000,
          AssocOfCat,        225,          0,          0,          0,        165,        235,    18900,    31000,    40000,    46000,   156200,   212000,
      AssocOfProduct,       2243,          0,          0,          0,       1992,       2267,      400,     1700,     4200,     4900,    11924,   162000,
      BusinessReport,        561,          0,          0,          0,        478,        598,    23000,    34000,    48000,    54000,   108040,   223000,
          CustBuyBeh,       2247,          0,          0,          0,       2071,       2399,      200,     2600,     4300,     4800,    28000,   163000,
       ProductReturn,       5963,          0,          0,          0,       5644,       6285,      200,     2400,     4200,     4770,    22140,   162000,

  3057s: (28%)   IR =   3874 [3057.912s][info][gc,start       ] GC(306) Pause Young (Normal) (G1 Evacuation Pause)
[3057.912s][info][gc,task        ] GC(306) Using 8 workers of 8 for evacuation
[3058.069s][info][gc,phases      ] GC(306)   Pre Evacuate Collection Set: 0.29ms
[3058.069s][info][gc,phases      ] GC(306)   Merge Heap Roots: 0.64ms
[3058.069s][info][gc,phases      ] GC(306)   Evacuate Collection Set: 154.57ms
[3058.069s][info][gc,phases      ] GC(306)   Post Evacuate Collection Set: 1.14ms
[3058.069s][info][gc,phases      ] GC(306)   Other: 0.06ms
[3058.069s][info][gc,heap        ] GC(306) Eden regions: 611->0(606)
[3058.069s][info][gc,heap        ] GC(306) Survivor regions: 45->44(82)
[3058.069s][info][gc,heap        ] GC(306) Old regions: 434->441
[3058.069s][info][gc,heap        ] GC(306) Humongous regions: 81->81
[3058.069s][info][gc,metaspace   ] GC(306) Metaspace: 30058K(30528K)->30058K(30528K) NonClass: 24644K(24896K)->24644K(24896K) Class: 5413K(5632K)->5413K(5632K)
[3058.069s][info][gc             ] GC(306) Pause Young (Normal) (G1 Evacuation Pause) 9332M->4484M(10240M) 156.847ms
[3058.069s][info][gc,cpu         ] GC(306) User=1.23s Sys=0.00s Real=0.16s
.....|......[3068.554s][info][gc,start       ] GC(307) Pause Young (Normal) (G1 Evacuation Pause)
[3068.554s][info][gc,task        ] GC(307) Using 8 workers of 8 for evacuation
[3068.712s][info][gc,phases      ] GC(307)   Pre Evacuate Collection Set: 0.33ms
[3068.712s][info][gc,phases      ] GC(307)   Merge Heap Roots: 0.64ms
[3068.712s][info][gc,phases      ] GC(307)   Evacuate Collection Set: 155.35ms
[3068.712s][info][gc,phases      ] GC(307)   Post Evacuate Collection Set: 1.14ms
[3068.712s][info][gc,phases      ] GC(307)   Other: 0.07ms
[3068.712s][info][gc,heap        ] GC(307) Eden regions: 606->0(599)
[3068.712s][info][gc,heap        ] GC(307) Survivor regions: 44->44(82)
[3068.712s][info][gc,heap        ] GC(307) Old regions: 441->448
[3068.712s][info][gc,heap        ] GC(307) Humongous regions: 81->81
[3068.712s][info][gc,metaspace   ] GC(307) Metaspace: 30058K(30528K)->30058K(30528K) NonClass: 24644K(24896K)->24644K(24896K) Class: 5413K(5632K)->5413K(5632K)
[3068.712s][info][gc             ] GC(307) Pause Young (Normal) (G1 Evacuation Pause) 9332M->4538M(10240M) 157.671ms
[3068.712s][info][gc,cpu         ] GC(307) User=1.24s Sys=0.00s Real=0.16s
..........[3078.898s][info][gc,start       ] GC(308) Pause Young (Normal) (G1 Evacuation Pause)
[3078.898s][info][gc,task        ] GC(308) Using 8 workers of 8 for evacuation
[3079.053s][info][gc,phases      ] GC(308)   Pre Evacuate Collection Set: 0.30ms
[3079.053s][info][gc,phases      ] GC(308)   Merge Heap Roots: 0.65ms
[3079.053s][info][gc,phases      ] GC(308)   Evacuate Collection Set: 152.83ms
[3079.053s][info][gc,phases      ] GC(308)   Post Evacuate Collection Set: 1.12ms
[3079.053s][info][gc,phases      ] GC(308)   Other: 0.07ms
[3079.053s][info][gc,heap        ] GC(308) Eden regions: 599->0(594)
[3079.053s][info][gc,heap        ] GC(308) Survivor regions: 44->43(81)
[3079.053s][info][gc,heap        ] GC(308) Old regions: 448->455
[3079.053s][info][gc,heap        ] GC(308) Humongous regions: 81->81
[3079.053s][info][gc,metaspace   ] GC(308) Metaspace: 30058K(30528K)->30058K(30528K) NonClass: 24644K(24896K)->24644K(24896K) Class: 5413K(5632K)->5413K(5632K)
[3079.053s][info][gc             ] GC(308) Pause Young (Normal) (G1 Evacuation Pause) 9330M->4586M(10240M) 155.100ms
[3079.053s][info][gc,cpu         ] GC(308) User=1.22s Sys=0.00s Real=0.15s
..........[3089.317s][info][gc,start       ] GC(309) Pause Young (Normal) (G1 Evacuation Pause)
[3089.317s][info][gc,task        ] GC(309) Using 8 workers of 8 for evacuation
[3089.472s][info][gc,phases      ] GC(309)   Pre Evacuate Collection Set: 0.30ms
[3089.472s][info][gc,phases      ] GC(309)   Merge Heap Roots: 0.63ms
[3089.472s][info][gc,phases      ] GC(309)   Evacuate Collection Set: 152.55ms
[3089.472s][info][gc,phases      ] GC(309)   Post Evacuate Collection Set: 1.09ms
[3089.472s][info][gc,phases      ] GC(309)   Other: 0.07ms
[3089.472s][info][gc,heap        ] GC(309) Eden regions: 594->0(587)
[3089.472s][info][gc,heap        ] GC(309) Survivor regions: 43->43(80)
[3089.472s][info][gc,heap        ] GC(309) Old regions: 455->462
[3089.472s][info][gc,heap        ] GC(309) Humongous regions: 81->81
[3089.472s][info][gc,metaspace   ] GC(309) Metaspace: 30058K(30528K)->30058K(30528K) NonClass: 24644K(24896K)->24644K(24896K) Class: 5413K(5632K)->5413K(5632K)
[3089.472s][info][gc             ] GC(309) Pause Young (Normal) (G1 Evacuation Pause) 9338M->4645M(10240M) 154.774ms
[3089.472s][info][gc,cpu         ] GC(309) User=1.22s Sys=0.00s Real=0.15s
..........[3099.454s][info][gc,start       ] GC(310) Pause Young (Normal) (G1 Evacuation Pause)
[3099.454s][info][gc,task        ] GC(310) Using 8 workers of 8 for evacuation
[3099.609s][info][gc,phases      ] GC(310)   Pre Evacuate Collection Set: 0.33ms
[3099.609s][info][gc,phases      ] GC(310)   Merge Heap Roots: 0.68ms
[3099.609s][info][gc,phases      ] GC(310)   Evacuate Collection Set: 152.87ms
[3099.609s][info][gc,phases      ] GC(310)   Post Evacuate Collection Set: 1.07ms
[3099.609s][info][gc,phases      ] GC(310)   Other: 0.06ms
[3099.609s][info][gc,heap        ] GC(310) Eden regions: 587->0(580)
[3099.609s][info][gc,heap        ] GC(310) Survivor regions: 43->43(79)
[3099.609s][info][gc,heap        ] GC(310) Old regions: 462->469
[3099.609s][info][gc,heap        ] GC(310) Humongous regions: 81->81
[3099.609s][info][gc,metaspace   ] GC(310) Metaspace: 30058K(30528K)->30058K(30528K) NonClass: 24644K(24896K)->24644K(24896K) Class: 5413K(5632K)->5413K(5632K)
[3099.609s][info][gc             ] GC(310) Pause Young (Normal) (G1 Evacuation Pause) 9341M->4701M(10240M) 155.189ms
[3099.609s][info][gc,cpu         ] GC(310) User=1.22s Sys=0.01s Real=0.16s
..........[3109.594s][info][gc,start       ] GC(311) Pause Young (Normal) (G1 Evacuation Pause)
[3109.594s][info][gc,task        ] GC(311) Using 8 workers of 8 for evacuation
[3109.748s][info][gc,phases      ] GC(311)   Pre Evacuate Collection Set: 0.29ms
[3109.748s][info][gc,phases      ] GC(311)   Merge Heap Roots: 0.54ms
[3109.748s][info][gc,phases      ] GC(311)   Evacuate Collection Set: 151.81ms
[3109.748s][info][gc,phases      ] GC(311)   Post Evacuate Collection Set: 1.08ms
[3109.748s][info][gc,phases      ] GC(311)   Other: 0.09ms
[3109.748s][info][gc,heap        ] GC(311) Eden regions: 580->0(573)
[3109.748s][info][gc,heap        ] GC(311) Survivor regions: 43->43(78)
[3109.748s][info][gc,heap        ] GC(311) Old regions: 469->476
[3109.748s][info][gc,heap        ] GC(311) Humongous regions: 81->81
[3109.748s][info][gc,metaspace   ] GC(311) Metaspace: 30058K(30528K)->30058K(30528K) NonClass: 24644K(24896K)->24644K(24896K) Class: 5413K(5632K)->5413K(5632K)
[3109.748s][info][gc             ] GC(311) Pause Young (Normal) (G1 Evacuation Pause) 9341M->4757M(10240M) 153.956ms
[3109.748s][info][gc,cpu         ] GC(311) User=1.21s Sys=0.00s Real=0.16s
..........[3119.593s][info][gc,start       ] GC(312) Pause Young (Normal) (G1 Evacuation Pause)
[3119.593s][info][gc,task        ] GC(312) Using 8 workers of 8 for evacuation
[3119.748s][info][gc,phases      ] GC(312)   Pre Evacuate Collection Set: 0.28ms
[3119.748s][info][gc,phases      ] GC(312)   Merge Heap Roots: 0.55ms
[3119.748s][info][gc,phases      ] GC(312)   Evacuate Collection Set: 153.10ms
[3119.748s][info][gc,phases      ] GC(312)   Post Evacuate Collection Set: 1.08ms
[3119.748s][info][gc,phases      ] GC(312)   Other: 0.07ms
[3119.748s][info][gc,heap        ] GC(312) Eden regions: 573->0(566)
[3119.748s][info][gc,heap        ] GC(312) Survivor regions: 43->43(77)
[3119.748s][info][gc,heap        ] GC(312) Old regions: 476->483
[3119.748s][info][gc,heap        ] GC(312) Humongous regions: 81->81
[3119.748s][info][gc,metaspace   ] GC(312) Metaspace: 30058K(30528K)->30058K(30528K) NonClass: 24644K(24896K)->24644K(24896K) Class: 5413K(5632K)->5413K(5632K)
[3119.748s][info][gc             ] GC(312) Pause Young (Normal) (G1 Evacuation Pause) 9341M->4814M(10240M) 155.226ms
[3119.748s][info][gc,cpu         ] GC(312) User=1.22s Sys=0.00s Real=0.16s
.... (rIR:aIR:PR = 3874:3873:3873) (tPR = 57768) [OK] 
  3122s: Performance info:
         Transaction,    Success,    Partial,     Failed,   Receipts, AvgBarcode, 
             Overall,     233435,          0,          0,     221766,      59.48, 
         Response times:
             Request,    Success,    Partial,     Failed,   SkipFail,     Probes,    Samples,      min,      p50,      p90,      p95,      p99,      max, 
       TotalPurchase,     221766,          0,          0,          0,     217214,     236811,      300,     2600,     4500,     5000,    15700,   165000,
     InStorePurchase,     116726,          0,          0,          0,     114501,     124675,      300,     2600,     4400,     5000,    15600,   165000,
      OnlinePurchase,      81700,          0,          0,          0,      80037,      87143,      400,     2500,     4460,     5000,    15656,   165000,
        InstPurchase,      23340,          0,          0,          0,      22676,      24993,      500,     2900,     4600,     5100,    17700,   165000,
          AssocOfCat,        235,          0,          0,          0,        176,        267,    20000,    31000,    39000,    41000,    56600,    64000,
      AssocOfProduct,       2333,          0,          0,          0,       2191,       2565,      600,     2800,     4700,     5400,    10302,   159000,
      BusinessReport,        583,          0,          0,          0,        495,        624,    26000,    34000,    46000,    49750,    68750,    88000,
          CustBuyBeh,       2336,          0,          0,          0,       2138,       2504,      200,     2300,     4100,     4700,     9470,   161000,
       ProductReturn,       6182,          0,          0,          0,       5834,       6662,      200,     2700,     4400,     4900,    18685,   163000,

  3122s: (29%)   IR =   4013 ......|[3129.211s][info][gc,start       ] GC(313) Pause Young (Normal) (G1 Evacuation Pause)
[3129.211s][info][gc,task        ] GC(313) Using 8 workers of 8 for evacuation
[3129.365s][info][gc,phases      ] GC(313)   Pre Evacuate Collection Set: 0.28ms
[3129.365s][info][gc,phases      ] GC(313)   Merge Heap Roots: 0.54ms
[3129.365s][info][gc,phases      ] GC(313)   Evacuate Collection Set: 152.28ms
[3129.365s][info][gc,phases      ] GC(313)   Post Evacuate Collection Set: 1.11ms
[3129.365s][info][gc,phases      ] GC(313)   Other: 0.06ms
[3129.365s][info][gc,heap        ] GC(313) Eden regions: 566->0(559)
[3129.365s][info][gc,heap        ] GC(313) Survivor regions: 43->43(77)
[3129.365s][info][gc,heap        ] GC(313) Old regions: 483->490
[3129.365s][info][gc,heap        ] GC(313) Humongous regions: 81->81
[3129.365s][info][gc,metaspace   ] GC(313) Metaspace: 30058K(30528K)->30058K(30528K) NonClass: 24644K(24896K)->24644K(24896K) Class: 5413K(5632K)->5413K(5632K)
[3129.365s][info][gc             ] GC(313) Pause Young (Normal) (G1 Evacuation Pause) 9342M->4869M(10240M) 154.405ms
[3129.365s][info][gc,cpu         ] GC(313) User=1.21s Sys=0.00s Real=0.15s
.........[3138.665s][info][gc,start       ] GC(314) Pause Young (Normal) (G1 Evacuation Pause)
[3138.665s][info][gc,task        ] GC(314) Using 8 workers of 8 for evacuation
[3138.814s][info][gc,phases      ] GC(314)   Pre Evacuate Collection Set: 0.31ms
[3138.814s][info][gc,phases      ] GC(314)   Merge Heap Roots: 0.57ms
[3138.814s][info][gc,phases      ] GC(314)   Evacuate Collection Set: 147.37ms
[3138.814s][info][gc,phases      ] GC(314)   Post Evacuate Collection Set: 1.08ms
[3138.814s][info][gc,phases      ] GC(314)   Other: 0.08ms
[3138.814s][info][gc,heap        ] GC(314) Eden regions: 559->0(552)
[3138.814s][info][gc,heap        ] GC(314) Survivor regions: 43->43(76)
[3138.815s][info][gc,heap        ] GC(314) Old regions: 490->497
[3138.815s][info][gc,heap        ] GC(314) Humongous regions: 81->81
[3138.815s][info][gc,metaspace   ] GC(314) Metaspace: 30058K(30528K)->30058K(30528K) NonClass: 24644K(24896K)->24644K(24896K) Class: 5413K(5632K)->5413K(5632K)
[3138.815s][info][gc             ] GC(314) Pause Young (Normal) (G1 Evacuation Pause) 9341M->4927M(10240M) 149.555ms
[3138.815s][info][gc,cpu         ] GC(314) User=1.18s Sys=0.00s Real=0.15s
..........[3148.018s][info][gc,start       ] GC(315) Pause Young (Concurrent Start) (G1 Evacuation Pause)
[3148.018s][info][gc,task        ] GC(315) Using 8 workers of 8 for evacuation
[3148.171s][info][gc,phases      ] GC(315)   Pre Evacuate Collection Set: 0.34ms
[3148.171s][info][gc,phases      ] GC(315)   Merge Heap Roots: 0.53ms
[3148.171s][info][gc,phases      ] GC(315)   Evacuate Collection Set: 150.66ms
[3148.171s][info][gc,phases      ] GC(315)   Post Evacuate Collection Set: 1.05ms
[3148.171s][info][gc,phases      ] GC(315)   Other: 0.10ms
[3148.171s][info][gc,heap        ] GC(315) Eden regions: 552->0(546)
[3148.171s][info][gc,heap        ] GC(315) Survivor regions: 43->42(75)
[3148.171s][info][gc,heap        ] GC(315) Old regions: 497->505
[3148.171s][info][gc,heap        ] GC(315) Humongous regions: 81->81
[3148.171s][info][gc,metaspace   ] GC(315) Metaspace: 30058K(30528K)->30058K(30528K) NonClass: 24644K(24896K)->24644K(24896K) Class: 5413K(5632K)->5413K(5632K)
[3148.171s][info][gc             ] GC(315) Pause Young (Concurrent Start) (G1 Evacuation Pause) 9343M->4982M(10240M) 152.817ms
[3148.171s][info][gc             ] GC(316) Concurrent Mark Cycle
[3148.171s][info][gc,marking     ] GC(316) Concurrent Scan Root Regions
[3148.171s][info][gc,cpu         ] GC(315) User=1.20s Sys=0.00s Real=0.15s
[3148.380s][info][gc,marking     ] GC(316) Concurrent Scan Root Regions 208.210ms
[3148.380s][info][gc,marking     ] GC(316) Concurrent Mark
[3148.380s][info][gc,marking     ] GC(316) Concurrent Mark From Roots
[3148.380s][info][gc,task        ] GC(316) Using 2 workers of 2 for marking
.[3149.006s][info][gc,marking     ] GC(316) Concurrent Mark From Roots 626.388ms
[3149.006s][info][gc,marking     ] GC(316) Concurrent Preclean
[3149.006s][info][gc,marking     ] GC(316) Concurrent Preclean 0.210ms
[3149.006s][info][gc,start       ] GC(316) Pause Remark
[3149.008s][info][gc             ] GC(316) Pause Remark 5479M->3831M(10240M) 2.091ms
[3149.009s][info][gc,cpu         ] GC(316) User=0.01s Sys=0.00s Real=0.00s
[3149.009s][info][gc,marking     ] GC(316) Concurrent Mark 628.971ms
[3149.009s][info][gc,marking     ] GC(316) Concurrent Rebuild Remembered Sets and Scrub Regions
[3149.356s][info][gc,marking     ] GC(316) Concurrent Rebuild Remembered Sets and Scrub Regions 347.453ms
[3149.356s][info][gc,start       ] GC(316) Pause Cleanup
[3149.357s][info][gc             ] GC(316) Pause Cleanup 3994M->3994M(10240M) 0.352ms
[3149.357s][info][gc,cpu         ] GC(316) User=0.00s Sys=0.00s Real=0.00s
[3149.357s][info][gc,marking     ] GC(316) Concurrent Clear Claimed Marks
[3149.357s][info][gc,marking     ] GC(316) Concurrent Clear Claimed Marks 0.058ms
[3149.357s][info][gc,marking     ] GC(316) Concurrent Cleanup for Next Mark
[3149.368s][info][gc,marking     ] GC(316) Concurrent Cleanup for Next Mark 11.313ms
[3149.368s][info][gc             ] GC(316) Concurrent Mark Cycle 1196.742ms
........[3157.154s][info][gc,start       ] GC(317) Pause Young (Prepare Mixed) (G1 Evacuation Pause)
[3157.154s][info][gc,task        ] GC(317) Using 8 workers of 8 for evacuation
[3157.303s][info][gc,phases      ] GC(317)   Pre Evacuate Collection Set: 0.32ms
[3157.303s][info][gc,phases      ] GC(317)   Merge Heap Roots: 0.79ms
[3157.303s][info][gc,phases      ] GC(317)   Evacuate Collection Set: 146.48ms
[3157.303s][info][gc,phases      ] GC(317)   Post Evacuate Collection Set: 1.17ms
[3157.303s][info][gc,phases      ] GC(317)   Other: 0.07ms
[3157.303s][info][gc,heap        ] GC(317) Eden regions: 546->0(726)
[3157.303s][info][gc,heap        ] GC(317) Survivor regions: 42->42(74)
[3157.303s][info][gc,heap        ] GC(317) Old regions: 347->354
[3157.303s][info][gc,heap        ] GC(317) Humongous regions: 33->33
[3157.303s][info][gc,metaspace   ] GC(317) Metaspace: 30058K(30528K)->30058K(30528K) NonClass: 24644K(24896K)->24644K(24896K) Class: 5413K(5632K)->5413K(5632K)
[3157.303s][info][gc             ] GC(317) Pause Young (Prepare Mixed) (G1 Evacuation Pause) 7702M->3394M(10240M) 149.001ms
[3157.303s][info][gc,cpu         ] GC(317) User=1.17s Sys=0.00s Real=0.15s
...........[3168.640s][info][gc,start       ] GC(318) Pause Young (Mixed) (G1 Evacuation Pause)
[3168.640s][info][gc,task        ] GC(318) Using 8 workers of 8 for evacuation
[3168.798s][info][gc,phases      ] GC(318)   Pre Evacuate Collection Set: 0.32ms
[3168.798s][info][gc,phases      ] GC(318)   Merge Heap Roots: 0.73ms
[3168.798s][info][gc,phases      ] GC(318)   Evacuate Collection Set: 155.75ms
[3168.798s][info][gc,phases      ] GC(318)   Post Evacuate Collection Set: 1.34ms
[3168.798s][info][gc,phases      ] GC(318)   Other: 0.08ms
[3168.798s][info][gc,heap        ] GC(318) Eden regions: 682->0(660)
[3168.798s][info][gc,heap        ] GC(318) Survivor regions: 42->50(91)
[3168.798s][info][gc,heap        ] GC(318) Old regions: 354->327
[3168.799s][info][gc,heap        ] GC(318) Humongous regions: 33->33
[3168.799s][info][gc,metaspace   ] GC(318) Metaspace: 30058K(30528K)->30058K(30528K) NonClass: 24644K(24896K)->24644K(24896K) Class: 5413K(5632K)->5413K(5632K)
[3168.799s][info][gc             ] GC(318) Pause Young (Mixed) (G1 Evacuation Pause) 8850M->3242M(10240M) 158.345ms
[3168.799s][info][gc,cpu         ] GC(318) User=1.24s Sys=0.00s Real=0.16s
..........[3178.715s][info][gc,start       ] GC(319) Pause Young (Mixed) (G1 Evacuation Pause)
[3178.715s][info][gc,task        ] GC(319) Using 8 workers of 8 for evacuation
[3178.880s][info][gc,phases      ] GC(319)   Pre Evacuate Collection Set: 0.34ms
[3178.880s][info][gc,phases      ] GC(319)   Merge Heap Roots: 0.82ms
[3178.880s][info][gc,phases      ] GC(319)   Evacuate Collection Set: 162.62ms
[3178.880s][info][gc,phases      ] GC(319)   Post Evacuate Collection Set: 1.24ms
[3178.880s][info][gc,phases      ] GC(319)   Other: 0.07ms
[3178.880s][info][gc,heap        ] GC(319) Eden regions: 595->0(723)
[3178.880s][info][gc,heap        ] GC(319) Survivor regions: 50->45(81)
[3178.880s][info][gc,heap        ] GC(319) Old regions: 327->308
[3178.880s][info][gc,heap        ] GC(319) Humongous regions: 33->33
[3178.880s][info][gc,metaspace   ] GC(319) Metaspace: 30058K(30528K)->30058K(30528K) NonClass: 24644K(24896K)->24644K(24896K) Class: 5413K(5632K)->5413K(5632K)
[3178.880s][info][gc             ] GC(319) Pause Young (Mixed) (G1 Evacuation Pause) 8002M->3041M(10240M) 165.253ms
[3178.880s][info][gc,cpu         ] GC(319) User=1.30s Sys=0.00s Real=0.17s
........... (rIR:aIR:PR = 4013:4010:4010) (tPR = 59294) [OK] 
  3188s: Performance info:
         Transaction,    Success,    Partial,     Failed,   Receipts, AvgBarcode, 
             Overall,     241023,          0,          0,     228955,      59.48, 
         Response times:
             Request,    Success,    Partial,     Failed,   SkipFail,     Probes,    Samples,      min,      p50,      p90,      p95,      p99,      max, 
       TotalPurchase,     228955,          0,          0,          0,     223659,     248181,      400,     2700,     4700,     5300,    24000,   165000,
     InStorePurchase,     120619,          0,          0,          0,     118041,     130481,      400,     2800,     4700,     5300,    26000,   165000,
      OnlinePurchase,      84256,          0,          0,          0,      82252,      91407,      400,     2700,     4700,     5400,    24000,   163000,
        InstPurchase,      24080,          0,          0,          0,      23366,      26293,      400,     2700,     4800,     5400,    19500,   163000,
          AssocOfCat,        242,          0,          0,          0,        188,        255,    21000,    31000,    40000,    48600,   143320,   194000,
      AssocOfProduct,       2424,          0,          0,          0,       2247,       2617,      400,     2500,     4600,     5300,    23640,   154000,
      BusinessReport,        604,          0,          0,          0,        499,        654,    24000,    35000,    49000,    58000,   106600,   218000,
          CustBuyBeh,       2410,          0,          0,          0,       2204,       2586,      200,     2900,     4500,     5100,    27260,   155000,
       ProductReturn,       6387,          0,          0,          0,       6022,       6967,      200,     2300,     4500,     5100,    18332,    72000,

  3188s: (30%)   IR =   4151 .[3190.872s][info][gc,start       ] GC(320) Pause Young (Mixed) (G1 Evacuation Pause)
[3190.872s][info][gc,task        ] GC(320) Using 8 workers of 8 for evacuation
[3191.035s][info][gc,phases      ] GC(320)   Pre Evacuate Collection Set: 0.32ms
[3191.035s][info][gc,phases      ] GC(320)   Merge Heap Roots: 0.69ms
[3191.035s][info][gc,phases      ] GC(320)   Evacuate Collection Set: 159.41ms
[3191.035s][info][gc,phases      ] GC(320)   Merge Optional Heap Roots: 0.04ms
[3191.035s][info][gc,phases      ] GC(320)   Evacuate Optional Collection Set: 0.33ms
[3191.035s][info][gc,phases      ] GC(320)   Post Evacuate Collection Set: 1.62ms
[3191.035s][info][gc,phases      ] GC(320)   Other: 0.09ms
[3191.035s][info][gc,heap        ] GC(320) Eden regions: 723->0(134)
[3191.035s][info][gc,heap        ] GC(320) Survivor regions: 45->51(96)
[3191.035s][info][gc,heap        ] GC(320) Old regions: 308->277
[3191.035s][info][gc,heap        ] GC(320) Humongous regions: 33->33
[3191.035s][info][gc,metaspace   ] GC(320) Metaspace: 30061K(30528K)->30061K(30528K) NonClass: 24647K(24896K)->24647K(24896K) Class: 5413K(5632K)->5413K(5632K)
[3191.035s][info][gc             ] GC(320) Pause Young (Mixed) (G1 Evacuation Pause) 8825M->2842M(10240M) 162.652ms
[3191.035s][info][gc,cpu         ] GC(320) User=1.28s Sys=0.00s Real=0.16s
...[3193.748s][info][gc,start       ] GC(321) Pause Young (Mixed) (G1 Evacuation Pause)
[3193.748s][info][gc,task        ] GC(321) Using 8 workers of 8 for evacuation
[3193.897s][info][gc,phases      ] GC(321)   Pre Evacuate Collection Set: 0.26ms
[3193.897s][info][gc,phases      ] GC(321)   Merge Heap Roots: 0.64ms
[3193.897s][info][gc,phases      ] GC(321)   Evacuate Collection Set: 147.23ms
[3193.897s][info][gc,phases      ] GC(321)   Post Evacuate Collection Set: 0.82ms
[3193.897s][info][gc,phases      ] GC(321)   Other: 0.07ms
[3193.897s][info][gc,heap        ] GC(321) Eden regions: 178->0(756)
[3193.897s][info][gc,heap        ] GC(321) Survivor regions: 51->12(29)
[3193.897s][info][gc,heap        ] GC(321) Old regions: 277->289
[3193.897s][info][gc,heap        ] GC(321) Humongous regions: 33->33
[3193.897s][info][gc,metaspace   ] GC(321) Metaspace: 30061K(30528K)->30061K(30528K) NonClass: 24647K(24896K)->24647K(24896K) Class: 5413K(5632K)->5413K(5632K)
[3193.897s][info][gc             ] GC(321) Pause Young (Mixed) (G1 Evacuation Pause) 4266M->2643M(10240M) 149.154ms
[3193.897s][info][gc,cpu         ] GC(321) User=1.18s Sys=0.00s Real=0.15s
..|..........[3206.031s][info][gc,start       ] GC(322) Pause Young (Mixed) (G1 Evacuation Pause)
[3206.031s][info][gc,task        ] GC(322) Using 8 workers of 8 for evacuation
[3206.169s][info][gc,phases      ] GC(322)   Pre Evacuate Collection Set: 0.32ms
[3206.169s][info][gc,phases      ] GC(322)   Merge Heap Roots: 0.85ms
[3206.169s][info][gc,phases      ] GC(322)   Evacuate Collection Set: 132.50ms
[3206.169s][info][gc,phases      ] GC(322)   Merge Optional Heap Roots: 0.13ms
[3206.169s][info][gc,phases      ] GC(322)   Evacuate Optional Collection Set: 2.84ms
[3206.169s][info][gc,phases      ] GC(322)   Post Evacuate Collection Set: 1.52ms
[3206.169s][info][gc,phases      ] GC(322)   Other: 0.09ms
[3206.169s][info][gc,heap        ] GC(322) Eden regions: 756->0(645)
[3206.169s][info][gc,heap        ] GC(322) Survivor regions: 12->39(96)
[3206.169s][info][gc,heap        ] GC(322) Old regions: 289->213
[3206.169s][info][gc,heap        ] GC(322) Humongous regions: 33->33
[3206.169s][info][gc,metaspace   ] GC(322) Metaspace: 30061K(30528K)->30061K(30528K) NonClass: 24647K(24896K)->24647K(24896K) Class: 5413K(5632K)->5413K(5632K)
[3206.169s][info][gc             ] GC(322) Pause Young (Mixed) (G1 Evacuation Pause) 8691M->2251M(10240M) 138.397ms
[3206.169s][info][gc,cpu         ] GC(322) User=1.08s Sys=0.01s Real=0.14s
............[3217.219s][info][gc,start       ] GC(323) Pause Young (Mixed) (G1 Evacuation Pause)
[3217.219s][info][gc,task        ] GC(323) Using 8 workers of 8 for evacuation
[3217.373s][info][gc,phases      ] GC(323)   Pre Evacuate Collection Set: 0.32ms
[3217.374s][info][gc,phases      ] GC(323)   Merge Heap Roots: 0.65ms
[3217.374s][info][gc,phases      ] GC(323)   Evacuate Collection Set: 152.40ms
[3217.374s][info][gc,phases      ] GC(323)   Post Evacuate Collection Set: 1.24ms
[3217.374s][info][gc,phases      ] GC(323)   Other: 0.08ms
[3217.374s][info][gc,heap        ] GC(323) Eden regions: 686->0(702)
[3217.374s][info][gc,heap        ] GC(323) Survivor regions: 39->48(91)
[3217.374s][info][gc,heap        ] GC(323) Old regions: 213->194
[3217.374s][info][gc,heap        ] GC(323) Humongous regions: 33->33
[3217.374s][info][gc,metaspace   ] GC(323) Metaspace: 30061K(30528K)->30061K(30528K) NonClass: 24647K(24896K)->24647K(24896K) Class: 5413K(5632K)->5413K(5632K)
[3217.374s][info][gc             ] GC(323) Pause Young (Mixed) (G1 Evacuation Pause) 7739M->2170M(10240M) 154.821ms
[3217.374s][info][gc,cpu         ] GC(323) User=1.22s Sys=0.00s Real=0.15s
...........[3228.601s][info][gc,start       ] GC(324) Pause Young (Normal) (G1 Evacuation Pause)
[3228.601s][info][gc,task        ] GC(324) Using 8 workers of 8 for evacuation
[3228.767s][info][gc,phases      ] GC(324)   Pre Evacuate Collection Set: 0.30ms
[3228.767s][info][gc,phases      ] GC(324)   Merge Heap Roots: 0.61ms
[3228.767s][info][gc,phases      ] GC(324)   Evacuate Collection Set: 162.98ms
[3228.767s][info][gc,phases      ] GC(324)   Post Evacuate Collection Set: 1.23ms
[3228.767s][info][gc,phases      ] GC(324)   Other: 0.08ms
[3228.767s][info][gc,heap        ] GC(324) Eden regions: 699->0(616)
[3228.767s][info][gc,heap        ] GC(324) Survivor regions: 48->54(94)
[3228.767s][info][gc,heap        ] GC(324) Old regions: 194->194
[3228.767s][info][gc,heap        ] GC(324) Humongous regions: 33->33
[3228.767s][info][gc,metaspace   ] GC(324) Metaspace: 30061K(30528K)->30061K(30528K) NonClass: 24647K(24896K)->24647K(24896K) Class: 5413K(5632K)->5413K(5632K)
[3228.767s][info][gc             ] GC(324) Pause Young (Normal) (G1 Evacuation Pause) 7762M->2214M(10240M) 165.329ms
[3228.767s][info][gc,cpu         ] GC(324) User=1.30s Sys=0.00s Real=0.17s
..........[3238.634s][info][gc,start       ] GC(325) Pause Young (Normal) (G1 Evacuation Pause)
[3238.634s][info][gc,task        ] GC(325) Using 8 workers of 8 for evacuation
[3238.796s][info][gc,phases      ] GC(325)   Pre Evacuate Collection Set: 0.29ms
[3238.797s][info][gc,phases      ] GC(325)   Merge Heap Roots: 0.51ms
[3238.797s][info][gc,phases      ] GC(325)   Evacuate Collection Set: 160.82ms
[3238.797s][info][gc,phases      ] GC(325)   Post Evacuate Collection Set: 1.09ms
[3238.797s][info][gc,phases      ] GC(325)   Other: 0.06ms
[3238.797s][info][gc,heap        ] GC(325) Eden regions: 613->0(723)
[3238.797s][info][gc,heap        ] GC(325) Survivor regions: 54->45(84)
[3238.797s][info][gc,heap        ] GC(325) Old regions: 194->204
[3238.797s][info][gc,heap        ] GC(325) Humongous regions: 33->33
[3238.797s][info][gc,metaspace   ] GC(325) Metaspace: 30061K(30528K)->30061K(30528K) NonClass: 24647K(24896K)->24647K(24896K) Class: 5413K(5632K)->5413K(5632K)
[3238.797s][info][gc             ] GC(325) Pause Young (Normal) (G1 Evacuation Pause) 7118M->2217M(10240M) 162.903ms
[3238.797s][info][gc,cpu         ] GC(325) User=1.28s Sys=0.01s Real=0.17s
............[3250.349s][info][gc,start       ] GC(326) Pause Young (Normal) (G1 Evacuation Pause)
[3250.349s][info][gc,task        ] GC(326) Using 8 workers of 8 for evacuation
[3250.508s][info][gc,phases      ] GC(326)   Pre Evacuate Collection Set: 0.31ms
[3250.508s][info][gc,phases      ] GC(326)   Merge Heap Roots: 0.53ms
[3250.508s][info][gc,phases      ] GC(326)   Evacuate Collection Set: 156.70ms
[3250.508s][info][gc,phases      ] GC(326)   Post Evacuate Collection Set: 1.25ms
[3250.508s][info][gc,phases      ] GC(326)   Other: 0.08ms
[3250.508s][info][gc,heap        ] GC(326) Eden regions: 723->0(716)
[3250.508s][info][gc,heap        ] GC(326) Survivor regions: 45->52(96)
[3250.508s][info][gc,heap        ] GC(326) Old regions: 204->204
[3250.508s][info][gc,heap        ] GC(326) Humongous regions: 33->33
[3250.508s][info][gc,metaspace   ] GC(326) Metaspace: 30061K(30528K)->30061K(30528K) NonClass: 24647K(24896K)->24647K(24896K) Class: 5413K(5632K)->5413K(5632K)
[3250.508s][info][gc             ] GC(326) Pause Young (Normal) (G1 Evacuation Pause) 8001M->2273M(10240M) 159.004ms
[3250.508s][info][gc,cpu         ] GC(326) User=1.25s Sys=0.00s Real=0.16s
..... (rIR:aIR:PR = 4151:4153:4153) (tPR = 61567) [OK] 
  3255s: Performance info:
         Transaction,    Success,    Partial,     Failed,   Receipts, AvgBarcode, 
             Overall,     249847,          0,          0,     237359,      59.48, 
         Response times:
             Request,    Success,    Partial,     Failed,   SkipFail,     Probes,    Samples,      min,      p50,      p90,      p95,      p99,      max, 
       TotalPurchase,     237359,          0,          0,          0,     232591,     258251,      400,     2800,     4800,     5500,    26000,   175000,
     InStorePurchase,     124921,          0,          0,          0,     122658,     135666,      400,     2700,     4800,     5400,    26000,   175000,
      OnlinePurchase,      87461,          0,          0,          0,      85656,      95205,      400,     2900,     4900,     5500,    26000,   175000,
        InstPurchase,      24977,          0,          0,          0,      24277,      27380,      500,     2900,     4900,     5500,    25000,   171000,
          AssocOfCat,        250,          0,          0,          0,        178,        235,    23000,    31000,    38000,    42000,    81680,   110000,
      AssocOfProduct,       2496,          0,          0,          0,       2325,       2769,      700,     3400,     5200,     6000,    22000,   168000,
      BusinessReport,        621,          0,          0,          0,        521,        687,    25000,    35000,    47000,    53000,    80960,   223000,
          CustBuyBeh,       2502,          0,          0,          0,       2296,       2686,      300,     2800,     4700,     5400,    26260,   168000,
       ProductReturn,       6619,          0,          0,          0,       6290,       7256,      200,     2700,     4600,     5300,    25000,   172000,

  3255s: (31%)   IR =   4289 ....|..[3261.880s][info][gc,start       ] GC(327) Pause Young (Normal) (G1 Evacuation Pause)
[3261.880s][info][gc,task        ] GC(327) Using 8 workers of 8 for evacuation
[3262.048s][info][gc,phases      ] GC(327)   Pre Evacuate Collection Set: 0.31ms
[3262.048s][info][gc,phases      ] GC(327)   Merge Heap Roots: 0.60ms
[3262.048s][info][gc,phases      ] GC(327)   Evacuate Collection Set: 165.35ms
[3262.048s][info][gc,phases      ] GC(327)   Post Evacuate Collection Set: 1.28ms
[3262.048s][info][gc,phases      ] GC(327)   Other: 0.07ms
[3262.048s][info][gc,heap        ] GC(327) Eden regions: 716->0(717)
[3262.048s][info][gc,heap        ] GC(327) Survivor regions: 52->51(96)
[3262.048s][info][gc,heap        ] GC(327) Old regions: 204->206
[3262.048s][info][gc,heap        ] GC(327) Humongous regions: 33->33
[3262.048s][info][gc,metaspace   ] GC(327) Metaspace: 30061K(30528K)->30061K(30528K) NonClass: 24647K(24896K)->24647K(24896K) Class: 5413K(5632K)->5413K(5632K)
[3262.048s][info][gc             ] GC(327) Pause Young (Normal) (G1 Evacuation Pause) 8001M->2286M(10240M) 167.766ms
[3262.048s][info][gc,cpu         ] GC(327) User=1.32s Sys=0.01s Real=0.17s
...........[3273.141s][info][gc,start       ] GC(328) Pause Young (Normal) (G1 Evacuation Pause)
[3273.141s][info][gc,task        ] GC(328) Using 8 workers of 8 for evacuation
[3273.308s][info][gc,phases      ] GC(328)   Pre Evacuate Collection Set: 0.31ms
[3273.308s][info][gc,phases      ] GC(328)   Merge Heap Roots: 0.60ms
[3273.308s][info][gc,phases      ] GC(328)   Evacuate Collection Set: 164.44ms
[3273.308s][info][gc,phases      ] GC(328)   Post Evacuate Collection Set: 1.26ms
[3273.308s][info][gc,phases      ] GC(328)   Other: 0.07ms
[3273.308s][info][gc,heap        ] GC(328) Eden regions: 717->0(716)
[3273.308s][info][gc,heap        ] GC(328) Survivor regions: 51->52(96)
[3273.308s][info][gc,heap        ] GC(328) Old regions: 206->209
[3273.308s][info][gc,heap        ] GC(328) Humongous regions: 33->33
[3273.308s][info][gc,metaspace   ] GC(328) Metaspace: 30061K(30528K)->30061K(30528K) NonClass: 24647K(24896K)->24647K(24896K) Class: 5413K(5632K)->5413K(5632K)
[3273.308s][info][gc             ] GC(328) Pause Young (Normal) (G1 Evacuation Pause) 8022M->2312M(10240M) 166.802ms
[3273.308s][info][gc,cpu         ] GC(328) User=1.31s Sys=0.00s Real=0.17s
............[3284.455s][info][gc,start       ] GC(329) Pause Young (Normal) (G1 Evacuation Pause)
[3284.455s][info][gc,task        ] GC(329) Using 8 workers of 8 for evacuation
[3284.622s][info][gc,phases      ] GC(329)   Pre Evacuate Collection Set: 0.27ms
[3284.622s][info][gc,phases      ] GC(329)   Merge Heap Roots: 0.53ms
[3284.622s][info][gc,phases      ] GC(329)   Evacuate Collection Set: 165.57ms
[3284.622s][info][gc,phases      ] GC(329)   Post Evacuate Collection Set: 1.28ms
[3284.622s][info][gc,phases      ] GC(329)   Other: 0.07ms
[3284.622s][info][gc,heap        ] GC(329) Eden regions: 716->0(716)
[3284.622s][info][gc,heap        ] GC(329) Survivor regions: 52->52(96)
[3284.622s][info][gc,heap        ] GC(329) Old regions: 209->211
[3284.622s][info][gc,heap        ] GC(329) Humongous regions: 33->33
[3284.622s][info][gc,metaspace   ] GC(329) Metaspace: 30061K(30528K)->30061K(30528K) NonClass: 24647K(24896K)->24647K(24896K) Class: 5413K(5632K)->5413K(5632K)
[3284.622s][info][gc             ] GC(329) Pause Young (Normal) (G1 Evacuation Pause) 8040M->2335M(10240M) 167.852ms
[3284.622s][info][gc,cpu         ] GC(329) User=1.32s Sys=0.00s Real=0.17s
...........[3295.709s][info][gc,start       ] GC(330) Pause Young (Normal) (G1 Evacuation Pause)
[3295.710s][info][gc,task        ] GC(330) Using 8 workers of 8 for evacuation
[3295.874s][info][gc,phases      ] GC(330)   Pre Evacuate Collection Set: 0.32ms
[3295.874s][info][gc,phases      ] GC(330)   Merge Heap Roots: 0.67ms
[3295.874s][info][gc,phases      ] GC(330)   Evacuate Collection Set: 162.23ms
[3295.874s][info][gc,phases      ] GC(330)   Post Evacuate Collection Set: 1.26ms
[3295.874s][info][gc,phases      ] GC(330)   Other: 0.08ms
[3295.874s][info][gc,heap        ] GC(330) Eden regions: 716->0(717)
[3295.874s][info][gc,heap        ] GC(330) Survivor regions: 52->51(96)
[3295.874s][info][gc,heap        ] GC(330) Old regions: 211->213
[3295.874s][info][gc,heap        ] GC(330) Humongous regions: 33->33
[3295.874s][info][gc,metaspace   ] GC(330) Metaspace: 30063K(30528K)->30063K(30528K) NonClass: 24649K(24896K)->24649K(24896K) Class: 5413K(5632K)->5413K(5632K)
[3295.874s][info][gc             ] GC(330) Pause Young (Normal) (G1 Evacuation Pause) 8063M->2342M(10240M) 164.694ms
[3295.874s][info][gc,cpu         ] GC(330) User=1.30s Sys=0.00s Real=0.16s
...........[3307.087s][info][gc,start       ] GC(331) Pause Young (Normal) (G1 Evacuation Pause)
[3307.087s][info][gc,task        ] GC(331) Using 8 workers of 8 for evacuation
[3307.251s][info][gc,phases      ] GC(331)   Pre Evacuate Collection Set: 0.31ms
[3307.251s][info][gc,phases      ] GC(331)   Merge Heap Roots: 0.53ms
[3307.251s][info][gc,phases      ] GC(331)   Evacuate Collection Set: 162.42ms
[3307.251s][info][gc,phases      ] GC(331)   Post Evacuate Collection Set: 1.23ms
[3307.251s][info][gc,phases      ] GC(331)   Other: 0.08ms
[3307.251s][info][gc,heap        ] GC(331) Eden regions: 717->0(716)
[3307.251s][info][gc,heap        ] GC(331) Survivor regions: 51->52(96)
[3307.251s][info][gc,heap        ] GC(331) Old regions: 213->216
[3307.251s][info][gc,heap        ] GC(331) Humongous regions: 33->33
[3307.251s][info][gc,metaspace   ] GC(331) Metaspace: 30063K(30528K)->30063K(30528K) NonClass: 24649K(24896K)->24649K(24896K) Class: 5413K(5632K)->5413K(5632K)
[3307.251s][info][gc             ] GC(331) Pause Young (Normal) (G1 Evacuation Pause) 8078M->2370M(10240M) 164.716ms
[3307.251s][info][gc,cpu         ] GC(331) User=1.29s Sys=0.00s Real=0.16s
...........[3318.299s][info][gc,start       ] GC(332) Pause Young (Normal) (G1 Evacuation Pause)
[3318.299s][info][gc,task        ] GC(332) Using 8 workers of 8 for evacuation
[3318.465s][info][gc,phases      ] GC(332)   Pre Evacuate Collection Set: 0.33ms
[3318.465s][info][gc,phases      ] GC(332)   Merge Heap Roots: 0.64ms
[3318.465s][info][gc,phases      ] GC(332)   Evacuate Collection Set: 163.44ms
[3318.465s][info][gc,phases      ] GC(332)   Post Evacuate Collection Set: 1.24ms
[3318.465s][info][gc,phases      ] GC(332)   Other: 0.07ms
[3318.465s][info][gc,heap        ] GC(332) Eden regions: 716->0(716)
[3318.465s][info][gc,heap        ] GC(332) Survivor regions: 52->52(96)
[3318.465s][info][gc,heap        ] GC(332) Old regions: 216->218
[3318.465s][info][gc,heap        ] GC(332) Humongous regions: 33->33
[3318.465s][info][gc,metaspace   ] GC(332) Metaspace: 30063K(30528K)->30063K(30528K) NonClass: 24649K(24896K)->24649K(24896K) Class: 5413K(5632K)->5413K(5632K)
[3318.465s][info][gc             ] GC(332) Pause Young (Normal) (G1 Evacuation Pause) 8098M->2389M(10240M) 165.858ms
[3318.465s][info][gc,cpu         ] GC(332) User=1.30s Sys=0.00s Real=0.16s
.. (rIR:aIR:PR = 4289:4287:4287) (tPR = 63629) [OK] 
  3319s: Performance info:
         Transaction,    Success,    Partial,     Failed,   Receipts, AvgBarcode, 
             Overall,     258147,          0,          0,     245261,      59.48, 
         Response times:
             Request,    Success,    Partial,     Failed,   SkipFail,     Probes,    Samples,      min,      p50,      p90,      p95,      p99,      max, 
       TotalPurchase,     245260,          0,          0,          0,     239933,     258600,      300,     2900,     4900,     5600,    28000,   256000,
     InStorePurchase,     129144,          0,          0,          0,     126589,     136384,      400,     2900,     5000,     5600,    27000,   256000,
      OnlinePurchase,      90310,          0,          0,          0,      88408,      95129,      300,     2700,     4900,     5500,    27000,   255000,
        InstPurchase,      25806,          0,          0,          0,      24936,      27087,      500,     3000,     5000,     5600,    33000,   178000,
          AssocOfCat,        255,          0,          0,          0,        182,        252,    23000,    31000,    40000,    46350,   156480,   203000,
      AssocOfProduct,       2583,          0,          0,          0,       2362,       2708,      400,     2800,     5100,     5900,    22910,   171000,
      BusinessReport,        645,          0,          0,          0,        558,        684,    21000,    34000,    46000,    51000,    76300,   225000,
          CustBuyBeh,       2573,          0,          0,          0,       2338,       2720,      200,     2400,     4600,     5400,    18958,   174000,
       ProductReturn,       6830,          0,          0,          0,       6447,       7156,      200,     2800,     4800,     5500,    32000,   174000,

  3319s: (32%)   IR =   4428 .......|..[3329.317s][info][gc,start       ] GC(333) Pause Young (Normal) (G1 Evacuation Pause)
[3329.317s][info][gc,task        ] GC(333) Using 8 workers of 8 for evacuation
[3329.485s][info][gc,phases      ] GC(333)   Pre Evacuate Collection Set: 0.29ms
[3329.485s][info][gc,phases      ] GC(333)   Merge Heap Roots: 0.60ms
[3329.485s][info][gc,phases      ] GC(333)   Evacuate Collection Set: 165.68ms
[3329.485s][info][gc,phases      ] GC(333)   Post Evacuate Collection Set: 1.25ms
[3329.485s][info][gc,phases      ] GC(333)   Other: 0.07ms
[3329.485s][info][gc,heap        ] GC(333) Eden regions: 716->0(716)
[3329.485s][info][gc,heap        ] GC(333) Survivor regions: 52->52(96)
[3329.485s][info][gc,heap        ] GC(333) Old regions: 218->221
[3329.485s][info][gc,heap        ] GC(333) Humongous regions: 33->33
[3329.485s][info][gc,metaspace   ] GC(333) Metaspace: 30063K(30528K)->30063K(30528K) NonClass: 24649K(24896K)->24649K(24896K) Class: 5413K(5632K)->5413K(5632K)
[3329.485s][info][gc             ] GC(333) Pause Young (Normal) (G1 Evacuation Pause) 8117M->2408M(10240M) 168.030ms
[3329.485s][info][gc,cpu         ] GC(333) User=1.32s Sys=0.00s Real=0.16s
...........[3340.153s][info][gc,start       ] GC(334) Pause Young (Normal) (G1 Evacuation Pause)
[3340.153s][info][gc,task        ] GC(334) Using 8 workers of 8 for evacuation
[3340.322s][info][gc,phases      ] GC(334)   Pre Evacuate Collection Set: 0.28ms
[3340.322s][info][gc,phases      ] GC(334)   Merge Heap Roots: 0.56ms
[3340.322s][info][gc,phases      ] GC(334)   Evacuate Collection Set: 167.15ms
[3340.322s][info][gc,phases      ] GC(334)   Post Evacuate Collection Set: 1.31ms
[3340.322s][info][gc,phases      ] GC(334)   Other: 0.07ms
[3340.322s][info][gc,heap        ] GC(334) Eden regions: 716->0(716)
[3340.322s][info][gc,heap        ] GC(334) Survivor regions: 52->52(96)
[3340.322s][info][gc,heap        ] GC(334) Old regions: 221->223
[3340.322s][info][gc,heap        ] GC(334) Humongous regions: 33->33
[3340.322s][info][gc,metaspace   ] GC(334) Metaspace: 30063K(30528K)->30063K(30528K) NonClass: 24649K(24896K)->24649K(24896K) Class: 5413K(5632K)->5413K(5632K)
[3340.322s][info][gc             ] GC(334) Pause Young (Normal) (G1 Evacuation Pause) 8136M->2432M(10240M) 169.514ms
[3340.322s][info][gc,cpu         ] GC(334) User=1.34s Sys=0.00s Real=0.17s
...........[3351.136s][info][gc,start       ] GC(335) Pause Young (Normal) (G1 Evacuation Pause)
[3351.136s][info][gc,task        ] GC(335) Using 8 workers of 8 for evacuation
[3351.302s][info][gc,phases      ] GC(335)   Pre Evacuate Collection Set: 0.29ms
[3351.302s][info][gc,phases      ] GC(335)   Merge Heap Roots: 0.60ms
[3351.302s][info][gc,phases      ] GC(335)   Evacuate Collection Set: 163.84ms
[3351.302s][info][gc,phases      ] GC(335)   Post Evacuate Collection Set: 1.32ms
[3351.302s][info][gc,phases      ] GC(335)   Other: 0.07ms
[3351.302s][info][gc,heap        ] GC(335) Eden regions: 716->0(716)
[3351.302s][info][gc,heap        ] GC(335) Survivor regions: 52->52(96)
[3351.302s][info][gc,heap        ] GC(335) Old regions: 223->226
[3351.302s][info][gc,heap        ] GC(335) Humongous regions: 33->33
[3351.302s][info][gc,metaspace   ] GC(335) Metaspace: 30063K(30528K)->30063K(30528K) NonClass: 24649K(24896K)->24649K(24896K) Class: 5413K(5632K)->5413K(5632K)
[3351.302s][info][gc             ] GC(335) Pause Young (Normal) (G1 Evacuation Pause) 8160M->2452M(10240M) 166.270ms
[3351.302s][info][gc,cpu         ] GC(335) User=1.31s Sys=0.00s Real=0.16s
...........[3361.988s][info][gc,start       ] GC(336) Pause Young (Normal) (G1 Evacuation Pause)
[3361.988s][info][gc,task        ] GC(336) Using 8 workers of 8 for evacuation
[3362.156s][info][gc,phases      ] GC(336)   Pre Evacuate Collection Set: 0.31ms
[3362.156s][info][gc,phases      ] GC(336)   Merge Heap Roots: 0.54ms
[3362.156s][info][gc,phases      ] GC(336)   Evacuate Collection Set: 165.42ms
[3362.156s][info][gc,phases      ] GC(336)   Post Evacuate Collection Set: 1.31ms
[3362.156s][info][gc,phases      ] GC(336)   Other: 0.07ms
[3362.156s][info][gc,heap        ] GC(336) Eden regions: 716->0(715)
[3362.156s][info][gc,heap        ] GC(336) Survivor regions: 52->53(96)
[3362.156s][info][gc,heap        ] GC(336) Old regions: 226->228
[3362.156s][info][gc,heap        ] GC(336) Humongous regions: 33->33
[3362.156s][info][gc,metaspace   ] GC(336) Metaspace: 30063K(30528K)->30063K(30528K) NonClass: 24649K(24896K)->24649K(24896K) Class: 5413K(5632K)->5413K(5632K)
[3362.156s][info][gc             ] GC(336) Pause Young (Normal) (G1 Evacuation Pause) 8180M->2476M(10240M) 167.781ms
[3362.156s][info][gc,cpu         ] GC(336) User=1.32s Sys=0.00s Real=0.17s
...........[3372.927s][info][gc,start       ] GC(337) Pause Young (Normal) (G1 Evacuation Pause)
[3372.927s][info][gc,task        ] GC(337) Using 8 workers of 8 for evacuation
[3373.095s][info][gc,phases      ] GC(337)   Pre Evacuate Collection Set: 0.31ms
[3373.095s][info][gc,phases      ] GC(337)   Merge Heap Roots: 0.56ms
[3373.095s][info][gc,phases      ] GC(337)   Evacuate Collection Set: 166.33ms
[3373.095s][info][gc,phases      ] GC(337)   Post Evacuate Collection Set: 1.29ms
[3373.095s][info][gc,phases      ] GC(337)   Other: 0.07ms
[3373.095s][info][gc,heap        ] GC(337) Eden regions: 715->0(716)
[3373.095s][info][gc,heap        ] GC(337) Survivor regions: 53->52(96)
[3373.095s][info][gc,heap        ] GC(337) Old regions: 228->230
[3373.095s][info][gc,heap        ] GC(337) Humongous regions: 33->33
[3373.095s][info][gc,metaspace   ] GC(337) Metaspace: 30063K(30528K)->30063K(30528K) NonClass: 24649K(24896K)->24649K(24896K) Class: 5413K(5632K)->5413K(5632K)
[3373.095s][info][gc             ] GC(337) Pause Young (Normal) (G1 Evacuation Pause) 8196M->2487M(10240M) 168.699ms
[3373.095s][info][gc,cpu         ] GC(337) User=1.33s Sys=0.00s Real=0.16s
...........[3383.726s][info][gc,start       ] GC(338) Pause Young (Normal) (G1 Evacuation Pause)
[3383.726s][info][gc,task        ] GC(338) Using 8 workers of 8 for evacuation
[3383.896s][info][gc,phases      ] GC(338)   Pre Evacuate Collection Set: 0.31ms
[3383.896s][info][gc,phases      ] GC(338)   Merge Heap Roots: 0.63ms
[3383.896s][info][gc,phases      ] GC(338)   Evacuate Collection Set: 168.49ms
[3383.896s][info][gc,phases      ] GC(338)   Post Evacuate Collection Set: 1.30ms
[3383.896s][info][gc,phases      ] GC(338)   Other: 0.07ms
[3383.896s][info][gc,heap        ] GC(338) Eden regions: 716->0(716)
[3383.896s][info][gc,heap        ] GC(338) Survivor regions: 52->52(96)
[3383.896s][info][gc,heap        ] GC(338) Old regions: 230->233
[3383.896s][info][gc,heap        ] GC(338) Humongous regions: 33->33
[3383.896s][info][gc,metaspace   ] GC(338) Metaspace: 30063K(30528K)->30063K(30528K) NonClass: 24649K(24896K)->24649K(24896K) Class: 5413K(5632K)->5413K(5632K)
[3383.896s][info][gc             ] GC(338) Pause Young (Normal) (G1 Evacuation Pause) 8215M->2508M(10240M) 170.928ms
[3383.896s][info][gc,cpu         ] GC(338) User=1.35s Sys=0.00s Real=0.18s
... (rIR:aIR:PR = 4428:4429:4429) (tPR = 66333) [OK] 
  3386s: Performance info:
         Transaction,    Success,    Partial,     Failed,   Receipts, AvgBarcode, 
             Overall,     265897,          0,          0,     252581,      59.47, 
         Response times:
             Request,    Success,    Partial,     Failed,   SkipFail,     Probes,    Samples,      min,      p50,      p90,      p95,      p99,      max, 
       TotalPurchase,     252581,          0,          0,          0,     246750,     277761,      300,     2900,     5100,     5700,    27000,   180000,
     InStorePurchase,     132878,          0,          0,          0,     130005,     146131,      400,     2800,     5000,     5700,    27000,   180000,
      OnlinePurchase,      93164,          0,          0,          0,      91003,     102296,      300,     3000,     5100,     5800,    26000,   180000,
        InstPurchase,      26539,          0,          0,          0,      25742,      29334,      500,     3300,     5200,     5900,    28000,   180000,
          AssocOfCat,        264,          0,          0,          0,        209,        292,    23000,    32000,    40700,    47350,    74190,    92000,
      AssocOfProduct,       2658,          0,          0,          0,       2467,       2937,      600,     3500,     5400,     6200,    33000,   175000,
      BusinessReport,        663,          0,          0,          0,        560,        739,    27000,    35000,    50000,    56000,   199800,   230000,
          CustBuyBeh,       2664,          0,          0,          0,       2451,       2952,      200,     2300,     4500,     5135,    11099,   175000,
       ProductReturn,       7067,          0,          0,          0,       6706,       7894,      200,     2600,     4800,     5300,    14365,   180000,

  3386s: (33%)   IR =   4566 .....|..[3394.542s][info][gc,start       ] GC(339) Pause Young (Normal) (G1 Evacuation Pause)
[3394.542s][info][gc,task        ] GC(339) Using 8 workers of 8 for evacuation
[3394.714s][info][gc,phases      ] GC(339)   Pre Evacuate Collection Set: 0.30ms
[3394.714s][info][gc,phases      ] GC(339)   Merge Heap Roots: 0.63ms
[3394.714s][info][gc,phases      ] GC(339)   Evacuate Collection Set: 169.81ms
[3394.714s][info][gc,phases      ] GC(339)   Post Evacuate Collection Set: 1.34ms
[3394.714s][info][gc,phases      ] GC(339)   Other: 0.06ms
[3394.714s][info][gc,heap        ] GC(339) Eden regions: 716->0(715)
[3394.714s][info][gc,heap        ] GC(339) Survivor regions: 52->53(96)
[3394.714s][info][gc,heap        ] GC(339) Old regions: 233->235
[3394.714s][info][gc,heap        ] GC(339) Humongous regions: 33->33
[3394.714s][info][gc,metaspace   ] GC(339) Metaspace: 30063K(30528K)->30063K(30528K) NonClass: 24649K(24896K)->24649K(24896K) Class: 5413K(5632K)->5413K(5632K)
[3394.714s][info][gc             ] GC(339) Pause Young (Normal) (G1 Evacuation Pause) 8236M->2535M(10240M) 172.279ms
[3394.714s][info][gc,cpu         ] GC(339) User=1.35s Sys=0.00s Real=0.17s
...........[3405.144s][info][gc,start       ] GC(340) Pause Young (Normal) (G1 Evacuation Pause)
[3405.144s][info][gc,task        ] GC(340) Using 8 workers of 8 for evacuation
[3405.310s][info][gc,phases      ] GC(340)   Pre Evacuate Collection Set: 0.30ms
[3405.310s][info][gc,phases      ] GC(340)   Merge Heap Roots: 0.63ms
[3405.310s][info][gc,phases      ] GC(340)   Evacuate Collection Set: 164.23ms
[3405.310s][info][gc,phases      ] GC(340)   Post Evacuate Collection Set: 1.23ms
[3405.310s][info][gc,phases      ] GC(340)   Other: 0.06ms
[3405.310s][info][gc,heap        ] GC(340) Eden regions: 715->0(716)
[3405.310s][info][gc,heap        ] GC(340) Survivor regions: 53->52(96)
[3405.310s][info][gc,heap        ] GC(340) Old regions: 235->238
[3405.310s][info][gc,heap        ] GC(340) Humongous regions: 33->33
[3405.310s][info][gc,metaspace   ] GC(340) Metaspace: 30063K(30528K)->30063K(30528K) NonClass: 24649K(24896K)->24649K(24896K) Class: 5413K(5632K)->5413K(5632K)
[3405.310s][info][gc             ] GC(340) Pause Young (Normal) (G1 Evacuation Pause) 8255M->2547M(10240M) 166.576ms
[3405.310s][info][gc,cpu         ] GC(340) User=1.31s Sys=0.00s Real=0.17s
..........[3415.675s][info][gc,start       ] GC(341) Pause Young (Normal) (G1 Evacuation Pause)
[3415.675s][info][gc,task        ] GC(341) Using 8 workers of 8 for evacuation
[3415.843s][info][gc,phases      ] GC(341)   Pre Evacuate Collection Set: 0.30ms
[3415.843s][info][gc,phases      ] GC(341)   Merge Heap Roots: 0.54ms
[3415.843s][info][gc,phases      ] GC(341)   Evacuate Collection Set: 166.14ms
[3415.843s][info][gc,phases      ] GC(341)   Post Evacuate Collection Set: 1.30ms
[3415.843s][info][gc,phases      ] GC(341)   Other: 0.08ms
[3415.843s][info][gc,heap        ] GC(341) Eden regions: 716->0(717)
[3415.843s][info][gc,heap        ] GC(341) Survivor regions: 52->51(96)
[3415.843s][info][gc,heap        ] GC(341) Old regions: 238->240
[3415.843s][info][gc,heap        ] GC(341) Humongous regions: 33->33
[3415.843s][info][gc,metaspace   ] GC(341) Metaspace: 30063K(30528K)->30063K(30528K) NonClass: 24649K(24896K)->24649K(24896K) Class: 5413K(5632K)->5413K(5632K)
[3415.843s][info][gc             ] GC(341) Pause Young (Normal) (G1 Evacuation Pause) 8275M->2563M(10240M) 168.514ms
[3415.843s][info][gc,cpu         ] GC(341) User=1.33s Sys=0.00s Real=0.17s
...........[3426.318s][info][gc,start       ] GC(342) Pause Young (Normal) (G1 Evacuation Pause)
[3426.318s][info][gc,task        ] GC(342) Using 8 workers of 8 for evacuation
[3426.487s][info][gc,phases      ] GC(342)   Pre Evacuate Collection Set: 0.31ms
[3426.487s][info][gc,phases      ] GC(342)   Merge Heap Roots: 0.61ms
[3426.487s][info][gc,phases      ] GC(342)   Evacuate Collection Set: 166.62ms
[3426.487s][info][gc,phases      ] GC(342)   Post Evacuate Collection Set: 1.29ms
[3426.487s][info][gc,phases      ] GC(342)   Other: 0.08ms
[3426.487s][info][gc,heap        ] GC(342) Eden regions: 717->0(716)
[3426.487s][info][gc,heap        ] GC(342) Survivor regions: 51->52(96)
[3426.487s][info][gc,heap        ] GC(342) Old regions: 240->243
[3426.487s][info][gc,heap        ] GC(342) Humongous regions: 33->33
[3426.487s][info][gc,metaspace   ] GC(342) Metaspace: 30063K(30528K)->30063K(30528K) NonClass: 24649K(24896K)->24649K(24896K) Class: 5413K(5632K)->5413K(5632K)
[3426.487s][info][gc             ] GC(342) Pause Young (Normal) (G1 Evacuation Pause) 8299M->2586M(10240M) 169.066ms
[3426.487s][info][gc,cpu         ] GC(342) User=1.33s Sys=0.00s Real=0.17s
...........[3436.972s][info][gc,start       ] GC(343) Pause Young (Normal) (G1 Evacuation Pause)
[3436.972s][info][gc,task        ] GC(343) Using 8 workers of 8 for evacuation
[3437.137s][info][gc,phases      ] GC(343)   Pre Evacuate Collection Set: 0.29ms
[3437.137s][info][gc,phases      ] GC(343)   Merge Heap Roots: 0.58ms
[3437.137s][info][gc,phases      ] GC(343)   Evacuate Collection Set: 163.22ms
[3437.137s][info][gc,phases      ] GC(343)   Post Evacuate Collection Set: 1.31ms
[3437.137s][info][gc,phases      ] GC(343)   Other: 0.07ms
[3437.137s][info][gc,heap        ] GC(343) Eden regions: 716->0(716)
[3437.137s][info][gc,heap        ] GC(343) Survivor regions: 52->52(96)
[3437.137s][info][gc,heap        ] GC(343) Old regions: 243->245
[3437.137s][info][gc,heap        ] GC(343) Humongous regions: 33->33
[3437.137s][info][gc,metaspace   ] GC(343) Metaspace: 30063K(30528K)->30063K(30528K) NonClass: 24649K(24896K)->24649K(24896K) Class: 5413K(5632K)->5413K(5632K)
[3437.137s][info][gc             ] GC(343) Pause Young (Normal) (G1 Evacuation Pause) 8314M->2609M(10240M) 165.605ms
[3437.137s][info][gc,cpu         ] GC(343) User=1.30s Sys=0.00s Real=0.17s
..........[3447.527s][info][gc,start       ] GC(344) Pause Young (Normal) (G1 Evacuation Pause)
[3447.527s][info][gc,task        ] GC(344) Using 8 workers of 8 for evacuation
[3447.695s][info][gc,phases      ] GC(344)   Pre Evacuate Collection Set: 0.30ms
[3447.695s][info][gc,phases      ] GC(344)   Merge Heap Roots: 0.62ms
[3447.695s][info][gc,phases      ] GC(344)   Evacuate Collection Set: 165.90ms
[3447.695s][info][gc,phases      ] GC(344)   Post Evacuate Collection Set: 1.29ms
[3447.695s][info][gc,phases      ] GC(344)   Other: 0.08ms
[3447.695s][info][gc,heap        ] GC(344) Eden regions: 716->0(716)
[3447.695s][info][gc,heap        ] GC(344) Survivor regions: 52->52(96)
[3447.695s][info][gc,heap        ] GC(344) Old regions: 245->248
[3447.695s][info][gc,heap        ] GC(344) Humongous regions: 33->33
[3447.695s][info][gc,metaspace   ] GC(344) Metaspace: 30063K(30528K)->30063K(30528K) NonClass: 24649K(24896K)->24649K(24896K) Class: 5413K(5632K)->5413K(5632K)
[3447.695s][info][gc             ] GC(344) Pause Young (Normal) (G1 Evacuation Pause) 8337M->2624M(10240M) 168.319ms
[3447.695s][info][gc,cpu         ] GC(344) User=1.32s Sys=0.00s Real=0.16s
..... (rIR:aIR:PR = 4566:4565:4565) (tPR = 67554) [OK] 
  3451s: Performance info:
         Transaction,    Success,    Partial,     Failed,   Receipts, AvgBarcode, 
             Overall,     275121,          0,          0,     261367,      59.47, 
         Response times:
             Request,    Success,    Partial,     Failed,   SkipFail,     Probes,    Samples,      min,      p50,      p90,      p95,      p99,      max, 
       TotalPurchase,     261367,          0,          0,          0,     254886,     278399,      400,     3000,     5200,     5800,    26000,   177000,
     InStorePurchase,     137599,          0,          0,          0,     134680,     146824,      400,     3000,     5200,     5800,    25000,   177000,
      OnlinePurchase,      96267,          0,          0,          0,      93812,     102477,      400,     3000,     5200,     5900,    26000,   175000,
        InstPurchase,      27501,          0,          0,          0,      26394,      29098,      500,     2900,     5100,     5700,    25000,   174000,
          AssocOfCat,        276,          0,          0,          0,        209,        309,    21000,    32000,    38000,    40000,    49900,    73000,
      AssocOfProduct,       2740,          0,          0,          0,       2500,       2909,      400,     3000,     5100,     5700,    22800,    72000,
      BusinessReport,        685,          0,          0,          0,        576,        729,    28000,    36000,    48000,    52000,    78000,   221000,
          CustBuyBeh,       2755,          0,          0,          0,       2533,       2958,      400,     3400,     5300,     5900,    35410,   173000,
       ProductReturn,       7298,          0,          0,          0,       6894,       7741,      200,     3100,     5000,     5600,    35000,   174000,

  3451s: (34%)   IR =   4705 ....|..[3457.999s][info][gc,start       ] GC(345) Pause Young (Normal) (G1 Evacuation Pause)
[3457.999s][info][gc,task        ] GC(345) Using 8 workers of 8 for evacuation
[3458.167s][info][gc,phases      ] GC(345)   Pre Evacuate Collection Set: 0.32ms
[3458.167s][info][gc,phases      ] GC(345)   Merge Heap Roots: 0.57ms
[3458.167s][info][gc,phases      ] GC(345)   Evacuate Collection Set: 165.58ms
[3458.167s][info][gc,phases      ] GC(345)   Post Evacuate Collection Set: 1.25ms
[3458.167s][info][gc,phases      ] GC(345)   Other: 0.07ms
[3458.167s][info][gc,heap        ] GC(345) Eden regions: 716->0(716)
[3458.167s][info][gc,heap        ] GC(345) Survivor regions: 52->52(96)
[3458.167s][info][gc,heap        ] GC(345) Old regions: 248->250
[3458.167s][info][gc,heap        ] GC(345) Humongous regions: 33->33
[3458.167s][info][gc,metaspace   ] GC(345) Metaspace: 30065K(30528K)->30065K(30528K) NonClass: 24652K(24896K)->24652K(24896K) Class: 5413K(5632K)->5413K(5632K)
[3458.167s][info][gc             ] GC(345) Pause Young (Normal) (G1 Evacuation Pause) 8352M->2643M(10240M) 167.923ms
[3458.167s][info][gc,cpu         ] GC(345) User=1.32s Sys=0.00s Real=0.17s
..........[3468.290s][info][gc,start       ] GC(346) Pause Young (Normal) (G1 Evacuation Pause)
[3468.290s][info][gc,task        ] GC(346) Using 8 workers of 8 for evacuation
[3468.457s][info][gc,phases      ] GC(346)   Pre Evacuate Collection Set: 0.28ms
[3468.457s][info][gc,phases      ] GC(346)   Merge Heap Roots: 0.67ms
[3468.457s][info][gc,phases      ] GC(346)   Evacuate Collection Set: 164.38ms
[3468.457s][info][gc,phases      ] GC(346)   Post Evacuate Collection Set: 1.33ms
[3468.457s][info][gc,phases      ] GC(346)   Other: 0.08ms
[3468.457s][info][gc,heap        ] GC(346) Eden regions: 716->0(716)
[3468.457s][info][gc,heap        ] GC(346) Survivor regions: 52->52(96)
[3468.457s][info][gc,heap        ] GC(346) Old regions: 250->252
[3468.457s][info][gc,heap        ] GC(346) Humongous regions: 33->33
[3468.457s][info][gc,metaspace   ] GC(346) Metaspace: 30065K(30528K)->30065K(30528K) NonClass: 24652K(24896K)->24652K(24896K) Class: 5413K(5632K)->5413K(5632K)
[3468.457s][info][gc             ] GC(346) Pause Young (Normal) (G1 Evacuation Pause) 8371M->2662M(10240M) 166.888ms
[3468.457s][info][gc,cpu         ] GC(346) User=1.31s Sys=0.00s Real=0.17s
..........[3478.544s][info][gc,start       ] GC(347) Pause Young (Normal) (G1 Evacuation Pause)
[3478.544s][info][gc,task        ] GC(347) Using 8 workers of 8 for evacuation
[3478.711s][info][gc,phases      ] GC(347)   Pre Evacuate Collection Set: 0.30ms
[3478.711s][info][gc,phases      ] GC(347)   Merge Heap Roots: 0.55ms
[3478.711s][info][gc,phases      ] GC(347)   Evacuate Collection Set: 165.09ms
[3478.711s][info][gc,phases      ] GC(347)   Post Evacuate Collection Set: 1.25ms
[3478.711s][info][gc,phases      ] GC(347)   Other: 0.06ms
[3478.711s][info][gc,heap        ] GC(347) Eden regions: 716->0(715)
[3478.711s][info][gc,heap        ] GC(347) Survivor regions: 52->53(96)
[3478.711s][info][gc,heap        ] GC(347) Old regions: 252->255
[3478.711s][info][gc,heap        ] GC(347) Humongous regions: 33->33
[3478.711s][info][gc,metaspace   ] GC(347) Metaspace: 30067K(30528K)->30067K(30528K) NonClass: 24653K(24896K)->24653K(24896K) Class: 5413K(5632K)->5413K(5632K)
[3478.711s][info][gc             ] GC(347) Pause Young (Normal) (G1 Evacuation Pause) 8390M->2691M(10240M) 167.408ms
[3478.711s][info][gc,cpu         ] GC(347) User=1.32s Sys=0.00s Real=0.17s
..........[3488.834s][info][gc,start       ] GC(348) Pause Young (Normal) (G1 Evacuation Pause)
[3488.834s][info][gc,task        ] GC(348) Using 8 workers of 8 for evacuation
[3489.003s][info][gc,phases      ] GC(348)   Pre Evacuate Collection Set: 0.29ms
[3489.003s][info][gc,phases      ] GC(348)   Merge Heap Roots: 0.55ms
[3489.003s][info][gc,phases      ] GC(348)   Evacuate Collection Set: 166.56ms
[3489.003s][info][gc,phases      ] GC(348)   Post Evacuate Collection Set: 1.24ms
[3489.003s][info][gc,phases      ] GC(348)   Other: 0.07ms
[3489.003s][info][gc,heap        ] GC(348) Eden regions: 715->0(716)
[3489.003s][info][gc,heap        ] GC(348) Survivor regions: 53->52(96)
[3489.003s][info][gc,heap        ] GC(348) Old regions: 255->257
[3489.003s][info][gc,heap        ] GC(348) Humongous regions: 33->33
[3489.003s][info][gc,metaspace   ] GC(348) Metaspace: 30067K(30528K)->30067K(30528K) NonClass: 24653K(24896K)->24653K(24896K) Class: 5413K(5632K)->5413K(5632K)
[3489.003s][info][gc             ] GC(348) Pause Young (Normal) (G1 Evacuation Pause) 8411M->2707M(10240M) 168.844ms
[3489.003s][info][gc,cpu         ] GC(348) User=1.33s Sys=0.00s Real=0.17s
...........[3499.166s][info][gc,start       ] GC(349) Pause Young (Normal) (G1 Evacuation Pause)
[3499.166s][info][gc,task        ] GC(349) Using 8 workers of 8 for evacuation
[3499.339s][info][gc,phases      ] GC(349)   Pre Evacuate Collection Set: 0.27ms
[3499.339s][info][gc,phases      ] GC(349)   Merge Heap Roots: 0.56ms
[3499.339s][info][gc,phases      ] GC(349)   Evacuate Collection Set: 170.25ms
[3499.339s][info][gc,phases      ] GC(349)   Post Evacuate Collection Set: 1.29ms
[3499.339s][info][gc,phases      ] GC(349)   Other: 0.06ms
[3499.339s][info][gc,heap        ] GC(349) Eden regions: 716->0(716)
[3499.339s][info][gc,heap        ] GC(349) Survivor regions: 52->52(96)
[3499.339s][info][gc,heap        ] GC(349) Old regions: 257->260
[3499.339s][info][gc,heap        ] GC(349) Humongous regions: 33->33
[3499.339s][info][gc,metaspace   ] GC(349) Metaspace: 30067K(30528K)->30067K(30528K) NonClass: 24653K(24896K)->24653K(24896K) Class: 5413K(5632K)->5413K(5632K)
[3499.339s][info][gc             ] GC(349) Pause Young (Normal) (G1 Evacuation Pause) 8435M->2726M(10240M) 172.574ms
[3499.339s][info][gc,cpu         ] GC(349) User=1.36s Sys=0.00s Real=0.17s
..........[3509.341s][info][gc,start       ] GC(350) Pause Young (Normal) (G1 Evacuation Pause)
[3509.341s][info][gc,task        ] GC(350) Using 8 workers of 8 for evacuation
[3509.511s][info][gc,phases      ] GC(350)   Pre Evacuate Collection Set: 0.28ms
[3509.511s][info][gc,phases      ] GC(350)   Merge Heap Roots: 0.61ms
[3509.511s][info][gc,phases      ] GC(350)   Evacuate Collection Set: 167.83ms
[3509.511s][info][gc,phases      ] GC(350)   Post Evacuate Collection Set: 1.27ms
[3509.511s][info][gc,phases      ] GC(350)   Other: 0.08ms
[3509.511s][info][gc,heap        ] GC(350) Eden regions: 716->0(715)
[3509.511s][info][gc,heap        ] GC(350) Survivor regions: 52->53(96)
[3509.511s][info][gc,heap        ] GC(350) Old regions: 260->262
[3509.511s][info][gc,heap        ] GC(350) Humongous regions: 33->33
[3509.511s][info][gc,metaspace   ] GC(350) Metaspace: 30067K(30528K)->30067K(30528K) NonClass: 24653K(24896K)->24653K(24896K) Class: 5413K(5632K)->5413K(5632K)
[3509.511s][info][gc             ] GC(350) Pause Young (Normal) (G1 Evacuation Pause) 8454M->2753M(10240M) 170.201ms
[3509.511s][info][gc,cpu         ] GC(350) User=1.34s Sys=0.00s Real=0.17s
....... (rIR:aIR:PR = 4705:4705:4705) (tPR = 69513) [OK] 
  3515s: Performance info:
         Transaction,    Success,    Partial,     Failed,   Receipts, AvgBarcode, 
             Overall,     282804,          0,          0,     268667,      59.47, 
         Response times:
             Request,    Success,    Partial,     Failed,   SkipFail,     Probes,    Samples,      min,      p50,      p90,      p95,      p99,      max, 
       TotalPurchase,     268667,          0,          0,          0,     262623,     282082,      400,     3100,     5400,     6200,    39000,   336000,
     InStorePurchase,     141426,          0,          0,          0,     138553,     148564,      400,     3100,     5400,     6200,    39000,   336000,
      OnlinePurchase,      98959,          0,          0,          0,      96617,     103820,      400,     3200,     5500,     6300,    40000,   335000,
        InstPurchase,      28282,          0,          0,          0,      27453,      29698,      400,     3000,     5500,     6200,    38000,   188000,
          AssocOfCat,        282,          0,          0,          0,        230,        323,    22000,    32000,    40000,    45000,    65320,   143000,
      AssocOfProduct,       2822,          0,          0,          0,       2609,       2985,      500,     3600,     6000,     6700,    29000,   177000,
      BusinessReport,        705,          0,          0,          0,        616,        787,    27000,    37000,    51000,    61000,   211480,   239000,
          CustBuyBeh,       2839,          0,          0,          0,       2620,       2983,      200,     1900,     4800,     5800,    35000,   282000,
       ProductReturn,       7489,          0,          0,          0,       7098,       7918,      200,     2900,     5300,     6100,    31810,   180000,

  3515s: (35%)   IR =   4843 ...[3519.597s][info][gc,start       ] GC(351) Pause Young (Normal) (G1 Evacuation Pause)
[3519.597s][info][gc,task        ] GC(351) Using 8 workers of 8 for evacuation
[3519.766s][info][gc,phases      ] GC(351)   Pre Evacuate Collection Set: 0.31ms
[3519.766s][info][gc,phases      ] GC(351)   Merge Heap Roots: 0.58ms
[3519.766s][info][gc,phases      ] GC(351)   Evacuate Collection Set: 166.70ms
[3519.766s][info][gc,phases      ] GC(351)   Post Evacuate Collection Set: 1.24ms
[3519.766s][info][gc,phases      ] GC(351)   Other: 0.07ms
[3519.766s][info][gc,heap        ] GC(351) Eden regions: 715->0(716)
[3519.766s][info][gc,heap        ] GC(351) Survivor regions: 53->52(96)
[3519.766s][info][gc,heap        ] GC(351) Old regions: 262->264
[3519.766s][info][gc,heap        ] GC(351) Humongous regions: 33->33
[3519.766s][info][gc,metaspace   ] GC(351) Metaspace: 30067K(30528K)->30067K(30528K) NonClass: 24653K(24896K)->24653K(24896K) Class: 5413K(5632K)->5413K(5632K)
[3519.766s][info][gc             ] GC(351) Pause Young (Normal) (G1 Evacuation Pause) 8473M->2759M(10240M) 169.030ms
[3519.766s][info][gc,cpu         ] GC(351) User=1.33s Sys=0.00s Real=0.17s
...|.......[3529.550s][info][gc,start       ] GC(352) Pause Young (Normal) (G1 Evacuation Pause)
[3529.551s][info][gc,task        ] GC(352) Using 8 workers of 8 for evacuation
[3529.719s][info][gc,phases      ] GC(352)   Pre Evacuate Collection Set: 0.31ms
[3529.719s][info][gc,phases      ] GC(352)   Merge Heap Roots: 0.55ms
[3529.719s][info][gc,phases      ] GC(352)   Evacuate Collection Set: 166.33ms
[3529.719s][info][gc,phases      ] GC(352)   Post Evacuate Collection Set: 1.30ms
[3529.719s][info][gc,phases      ] GC(352)   Other: 0.06ms
[3529.719s][info][gc,heap        ] GC(352) Eden regions: 716->0(716)
[3529.719s][info][gc,heap        ] GC(352) Survivor regions: 52->52(96)
[3529.719s][info][gc,heap        ] GC(352) Old regions: 264->267
[3529.719s][info][gc,heap        ] GC(352) Humongous regions: 33->33
[3529.719s][info][gc,metaspace   ] GC(352) Metaspace: 30067K(30528K)->30067K(30528K) NonClass: 24653K(24896K)->24653K(24896K) Class: 5413K(5632K)->5413K(5632K)
[3529.719s][info][gc             ] GC(352) Pause Young (Normal) (G1 Evacuation Pause) 8487M->2779M(10240M) 168.692ms
[3529.719s][info][gc,cpu         ] GC(352) User=1.33s Sys=0.00s Real=0.17s
..........[3539.583s][info][gc,start       ] GC(353) Pause Young (Normal) (G1 Evacuation Pause)
[3539.583s][info][gc,task        ] GC(353) Using 8 workers of 8 for evacuation
[3539.749s][info][gc,phases      ] GC(353)   Pre Evacuate Collection Set: 0.29ms
[3539.749s][info][gc,phases      ] GC(353)   Merge Heap Roots: 0.54ms
[3539.749s][info][gc,phases      ] GC(353)   Evacuate Collection Set: 164.39ms
[3539.749s][info][gc,phases      ] GC(353)   Post Evacuate Collection Set: 1.24ms
[3539.749s][info][gc,phases      ] GC(353)   Other: 0.10ms
[3539.749s][info][gc,heap        ] GC(353) Eden regions: 716->0(716)
[3539.749s][info][gc,heap        ] GC(353) Survivor regions: 52->52(96)
[3539.749s][info][gc,heap        ] GC(353) Old regions: 267->269
[3539.749s][info][gc,heap        ] GC(353) Humongous regions: 33->33
[3539.749s][info][gc,metaspace   ] GC(353) Metaspace: 30067K(30528K)->30067K(30528K) NonClass: 24653K(24896K)->24653K(24896K) Class: 5413K(5632K)->5413K(5632K)
[3539.749s][info][gc             ] GC(353) Pause Young (Normal) (G1 Evacuation Pause) 8507M->2802M(10240M) 166.683ms
[3539.749s][info][gc,cpu         ] GC(353) User=1.32s Sys=0.00s Real=0.17s
..........[3549.531s][info][gc,start       ] GC(354) Pause Young (Normal) (G1 Evacuation Pause)
[3549.531s][info][gc,task        ] GC(354) Using 8 workers of 8 for evacuation
[3549.698s][info][gc,phases      ] GC(354)   Pre Evacuate Collection Set: 0.30ms
[3549.698s][info][gc,phases      ] GC(354)   Merge Heap Roots: 0.63ms
[3549.698s][info][gc,phases      ] GC(354)   Evacuate Collection Set: 164.69ms
[3549.698s][info][gc,phases      ] GC(354)   Post Evacuate Collection Set: 1.28ms
[3549.698s][info][gc,phases      ] GC(354)   Other: 0.07ms
[3549.698s][info][gc,heap        ] GC(354) Eden regions: 716->0(716)
[3549.698s][info][gc,heap        ] GC(354) Survivor regions: 52->52(96)
[3549.698s][info][gc,heap        ] GC(354) Old regions: 269->272
[3549.698s][info][gc,heap        ] GC(354) Humongous regions: 33->33
[3549.698s][info][gc,metaspace   ] GC(354) Metaspace: 30067K(30528K)->30067K(30528K) NonClass: 24653K(24896K)->24653K(24896K) Class: 5413K(5632K)->5413K(5632K)
[3549.698s][info][gc             ] GC(354) Pause Young (Normal) (G1 Evacuation Pause) 8530M->2821M(10240M) 167.100ms
[3549.698s][info][gc,cpu         ] GC(354) User=1.32s Sys=0.00s Real=0.17s
..........[3559.433s][info][gc,start       ] GC(355) Pause Young (Normal) (G1 Evacuation Pause)
[3559.433s][info][gc,task        ] GC(355) Using 8 workers of 8 for evacuation
[3559.600s][info][gc,phases      ] GC(355)   Pre Evacuate Collection Set: 0.33ms
[3559.600s][info][gc,phases      ] GC(355)   Merge Heap Roots: 0.72ms
[3559.600s][info][gc,phases      ] GC(355)   Evacuate Collection Set: 165.45ms
[3559.600s][info][gc,phases      ] GC(355)   Post Evacuate Collection Set: 1.27ms
[3559.600s][info][gc,phases      ] GC(355)   Other: 0.07ms
[3559.601s][info][gc,heap        ] GC(355) Eden regions: 716->0(716)
[3559.601s][info][gc,heap        ] GC(355) Survivor regions: 52->52(96)
[3559.601s][info][gc,heap        ] GC(355) Old regions: 272->274
[3559.601s][info][gc,heap        ] GC(355) Humongous regions: 33->33
[3559.601s][info][gc,metaspace   ] GC(355) Metaspace: 30067K(30528K)->30067K(30528K) NonClass: 24653K(24896K)->24653K(24896K) Class: 5413K(5632K)->5413K(5632K)
[3559.601s][info][gc             ] GC(355) Pause Young (Normal) (G1 Evacuation Pause) 8549M->2840M(10240M) 167.989ms
[3559.601s][info][gc,cpu         ] GC(355) User=1.32s Sys=0.01s Real=0.17s
..........[3569.523s][info][gc,start       ] GC(356) Pause Young (Normal) (G1 Evacuation Pause)
[3569.523s][info][gc,task        ] GC(356) Using 8 workers of 8 for evacuation
[3569.692s][info][gc,phases      ] GC(356)   Pre Evacuate Collection Set: 0.32ms
[3569.692s][info][gc,phases      ] GC(356)   Merge Heap Roots: 0.58ms
[3569.692s][info][gc,phases      ] GC(356)   Evacuate Collection Set: 166.51ms
[3569.692s][info][gc,phases      ] GC(356)   Post Evacuate Collection Set: 1.29ms
[3569.692s][info][gc,phases      ] GC(356)   Other: 0.09ms
[3569.692s][info][gc,heap        ] GC(356) Eden regions: 716->0(715)
[3569.692s][info][gc,heap        ] GC(356) Survivor regions: 52->53(96)
[3569.692s][info][gc,heap        ] GC(356) Old regions: 274->276
[3569.692s][info][gc,heap        ] GC(356) Humongous regions: 33->33
[3569.692s][info][gc,metaspace   ] GC(356) Metaspace: 30067K(30528K)->30067K(30528K) NonClass: 24653K(24896K)->24653K(24896K) Class: 5413K(5632K)->5413K(5632K)
[3569.692s][info][gc             ] GC(356) Pause Young (Normal) (G1 Evacuation Pause) 8568M->2867M(10240M) 168.935ms
[3569.692s][info][gc,cpu         ] GC(356) User=1.33s Sys=0.00s Real=0.17s
..........[3579.439s][info][gc,start       ] GC(357) Pause Young (Normal) (G1 Evacuation Pause)
[3579.439s][info][gc,task        ] GC(357) Using 8 workers of 8 for evacuation
[3579.605s][info][gc,phases      ] GC(357)   Pre Evacuate Collection Set: 0.32ms
[3579.605s][info][gc,phases      ] GC(357)   Merge Heap Roots: 0.62ms
[3579.605s][info][gc,phases      ] GC(357)   Evacuate Collection Set: 164.32ms
[3579.605s][info][gc,phases      ] GC(357)   Post Evacuate Collection Set: 1.25ms
[3579.605s][info][gc,phases      ] GC(357)   Other: 0.07ms
[3579.605s][info][gc,heap        ] GC(357) Eden regions: 715->0(716)
[3579.605s][info][gc,heap        ] GC(357) Survivor regions: 53->52(96)
[3579.605s][info][gc,heap        ] GC(357) Old regions: 276->279
[3579.605s][info][gc,heap        ] GC(357) Humongous regions: 33->33
[3579.605s][info][gc,metaspace   ] GC(357) Metaspace: 30067K(30528K)->30067K(30528K) NonClass: 24653K(24896K)->24653K(24896K) Class: 5413K(5632K)->5413K(5632K)
[3579.605s][info][gc             ] GC(357) Pause Young (Normal) (G1 Evacuation Pause) 8587M->2879M(10240M) 166.711ms
[3579.605s][info][gc,cpu         ] GC(357) User=1.31s Sys=0.00s Real=0.16s
... (rIR:aIR:PR = 4843:4841:4841) (tPR = 71994) [OK] 
  3581s: Performance info:
         Transaction,    Success,    Partial,     Failed,   Receipts, AvgBarcode, 
             Overall,     290559,          0,          0,     276040,      59.48, 
         Response times:
             Request,    Success,    Partial,     Failed,   SkipFail,     Probes,    Samples,      min,      p50,      p90,      p95,      p99,      max, 
       TotalPurchase,     276040,          0,          0,          0,     270354,     299829,      400,     3200,     5600,     6500,    39000,   287000,
     InStorePurchase,     145320,          0,          0,          0,     142396,     157594,      400,     3100,     5600,     6500,    38000,   287000,
      OnlinePurchase,     101650,          0,          0,          0,      99868,     110791,      400,     3300,     5600,     6500,    39000,   287000,
        InstPurchase,      29070,          0,          0,          0,      28090,      31444,      400,     3200,     5600,     6400,    40000,   287000,
          AssocOfCat,        294,          0,          0,          0,        226,        324,    19300,    34000,    44000,    53000,    90250,   109000,
      AssocOfProduct,       2896,          0,          0,          0,       2628,       3092,      700,     3300,     5900,     6835,    29000,   177000,
      BusinessReport,        734,          0,          0,          0,        618,        792,    27000,    36000,    50000,    57000,   106070,   226000,
          CustBuyBeh,       2895,          0,          0,          0,       2620,       3120,      200,     3400,     5700,     6700,    25000,   175000,
       ProductReturn,       7701,          0,          0,          0,       7310,       8389,      200,     3600,     5600,     6500,    42000,   178000,

  3581s: (36%)   IR =   4981 .....|..[3589.211s][info][gc,start       ] GC(358) Pause Young (Normal) (G1 Evacuation Pause)
[3589.211s][info][gc,task        ] GC(358) Using 8 workers of 8 for evacuation
[3589.379s][info][gc,phases      ] GC(358)   Pre Evacuate Collection Set: 0.29ms
[3589.379s][info][gc,phases      ] GC(358)   Merge Heap Roots: 0.56ms
[3589.379s][info][gc,phases      ] GC(358)   Evacuate Collection Set: 165.78ms
[3589.379s][info][gc,phases      ] GC(358)   Post Evacuate Collection Set: 1.26ms
[3589.379s][info][gc,phases      ] GC(358)   Other: 0.07ms
[3589.379s][info][gc,heap        ] GC(358) Eden regions: 716->0(716)
[3589.379s][info][gc,heap        ] GC(358) Survivor regions: 52->52(96)
[3589.379s][info][gc,heap        ] GC(358) Old regions: 279->281
[3589.379s][info][gc,heap        ] GC(358) Humongous regions: 33->33
[3589.379s][info][gc,metaspace   ] GC(358) Metaspace: 30067K(30528K)->30067K(30528K) NonClass: 24653K(24896K)->24653K(24896K) Class: 5413K(5632K)->5413K(5632K)
[3589.379s][info][gc             ] GC(358) Pause Young (Normal) (G1 Evacuation Pause) 8607M->2898M(10240M) 168.136ms
[3589.379s][info][gc,cpu         ] GC(358) User=1.32s Sys=0.00s Real=0.17s
.........[3598.960s][info][gc,start       ] GC(359) Pause Young (Normal) (G1 Evacuation Pause)
[3598.960s][info][gc,task        ] GC(359) Using 8 workers of 8 for evacuation
[3599.126s][info][gc,phases      ] GC(359)   Pre Evacuate Collection Set: 0.33ms
[3599.127s][info][gc,phases      ] GC(359)   Merge Heap Roots: 0.67ms
[3599.127s][info][gc,phases      ] GC(359)   Evacuate Collection Set: 163.94ms
[3599.127s][info][gc,phases      ] GC(359)   Post Evacuate Collection Set: 1.23ms
[3599.127s][info][gc,phases      ] GC(359)   Other: 0.08ms
[3599.127s][info][gc,heap        ] GC(359) Eden regions: 716->0(716)
[3599.127s][info][gc,heap        ] GC(359) Survivor regions: 52->52(96)
[3599.127s][info][gc,heap        ] GC(359) Old regions: 281->284
[3599.127s][info][gc,heap        ] GC(359) Humongous regions: 33->33
[3599.127s][info][gc,metaspace   ] GC(359) Metaspace: 30067K(30528K)->30067K(30528K) NonClass: 24653K(24896K)->24653K(24896K) Class: 5413K(5632K)->5413K(5632K)
[3599.127s][info][gc             ] GC(359) Pause Young (Normal) (G1 Evacuation Pause) 8626M->2918M(10240M) 166.393ms
[3599.127s][info][gc,cpu         ] GC(359) User=1.31s Sys=0.00s Real=0.17s
..........[3608.647s][info][gc,start       ] GC(360) Pause Young (Normal) (G1 Evacuation Pause)
[3608.647s][info][gc,task        ] GC(360) Using 8 workers of 8 for evacuation
[3608.815s][info][gc,phases      ] GC(360)   Pre Evacuate Collection Set: 0.31ms
[3608.815s][info][gc,phases      ] GC(360)   Merge Heap Roots: 0.59ms
[3608.815s][info][gc,phases      ] GC(360)   Evacuate Collection Set: 166.12ms
[3608.815s][info][gc,phases      ] GC(360)   Post Evacuate Collection Set: 1.28ms
[3608.815s][info][gc,phases      ] GC(360)   Other: 0.08ms
[3608.815s][info][gc,heap        ] GC(360) Eden regions: 716->0(717)
[3608.815s][info][gc,heap        ] GC(360) Survivor regions: 52->51(96)
[3608.815s][info][gc,heap        ] GC(360) Old regions: 284->286
[3608.815s][info][gc,heap        ] GC(360) Humongous regions: 33->33
[3608.815s][info][gc,metaspace   ] GC(360) Metaspace: 30067K(30528K)->30067K(30528K) NonClass: 24653K(24896K)->24653K(24896K) Class: 5413K(5632K)->5413K(5632K)
[3608.815s][info][gc             ] GC(360) Pause Young (Normal) (G1 Evacuation Pause) 8646M->2929M(10240M) 168.519ms
[3608.815s][info][gc,cpu         ] GC(360) User=1.32s Sys=0.00s Real=0.16s
..........[3618.410s][info][gc,start       ] GC(361) Pause Young (Normal) (G1 Evacuation Pause)
[3618.410s][info][gc,task        ] GC(361) Using 8 workers of 8 for evacuation
[3618.579s][info][gc,phases      ] GC(361)   Pre Evacuate Collection Set: 0.32ms
[3618.579s][info][gc,phases      ] GC(361)   Merge Heap Roots: 0.68ms
[3618.579s][info][gc,phases      ] GC(361)   Evacuate Collection Set: 166.50ms
[3618.579s][info][gc,phases      ] GC(361)   Post Evacuate Collection Set: 1.29ms
[3618.579s][info][gc,phases      ] GC(361)   Other: 0.07ms
[3618.579s][info][gc,heap        ] GC(361) Eden regions: 717->0(715)
[3618.579s][info][gc,heap        ] GC(361) Survivor regions: 51->53(96)
[3618.579s][info][gc,heap        ] GC(361) Old regions: 286->289
[3618.579s][info][gc,heap        ] GC(361) Humongous regions: 33->33
[3618.579s][info][gc,metaspace   ] GC(361) Metaspace: 30067K(30528K)->30067K(30528K) NonClass: 24653K(24896K)->24653K(24896K) Class: 5413K(5632K)->5413K(5632K)
[3618.579s][info][gc             ] GC(361) Pause Young (Normal) (G1 Evacuation Pause) 8665M->2960M(10240M) 169.011ms
[3618.579s][info][gc,cpu         ] GC(361) User=1.33s Sys=0.00s Real=0.17s
.........[3628.161s][info][gc,start       ] GC(362) Pause Young (Normal) (G1 Evacuation Pause)
[3628.161s][info][gc,task        ] GC(362) Using 8 workers of 8 for evacuation
[3628.327s][info][gc,phases      ] GC(362)   Pre Evacuate Collection Set: 0.33ms
[3628.327s][info][gc,phases      ] GC(362)   Merge Heap Roots: 0.59ms
[3628.327s][info][gc,phases      ] GC(362)   Evacuate Collection Set: 163.01ms
[3628.327s][info][gc,phases      ] GC(362)   Post Evacuate Collection Set: 1.28ms
[3628.327s][info][gc,phases      ] GC(362)   Other: 0.09ms
[3628.327s][info][gc,heap        ] GC(362) Eden regions: 715->0(716)
[3628.327s][info][gc,heap        ] GC(362) Survivor regions: 53->52(96)
[3628.327s][info][gc,heap        ] GC(362) Old regions: 289->291
[3628.327s][info][gc,heap        ] GC(362) Humongous regions: 33->33
[3628.327s][info][gc,metaspace   ] GC(362) Metaspace: 30067K(30528K)->30067K(30528K) NonClass: 24653K(24896K)->24653K(24896K) Class: 5413K(5632K)->5413K(5632K)
[3628.327s][info][gc             ] GC(362) Pause Young (Normal) (G1 Evacuation Pause) 8680M->2971M(10240M) 165.420ms
[3628.327s][info][gc,cpu         ] GC(362) User=1.30s Sys=0.00s Real=0.17s
..........[3637.850s][info][gc,start       ] GC(363) Pause Young (Normal) (G1 Evacuation Pause)
[3637.850s][info][gc,task        ] GC(363) Using 8 workers of 8 for evacuation
[3638.017s][info][gc,phases      ] GC(363)   Pre Evacuate Collection Set: 0.33ms
[3638.017s][info][gc,phases      ] GC(363)   Merge Heap Roots: 0.56ms
[3638.017s][info][gc,phases      ] GC(363)   Evacuate Collection Set: 164.27ms
[3638.017s][info][gc,phases      ] GC(363)   Post Evacuate Collection Set: 1.27ms
[3638.017s][info][gc,phases      ] GC(363)   Other: 0.07ms
[3638.017s][info][gc,heap        ] GC(363) Eden regions: 716->0(717)
[3638.017s][info][gc,heap        ] GC(363) Survivor regions: 52->51(96)
[3638.017s][info][gc,heap        ] GC(363) Old regions: 291->293
[3638.017s][info][gc,heap        ] GC(363) Humongous regions: 33->33
[3638.017s][info][gc,metaspace   ] GC(363) Metaspace: 30067K(30528K)->30067K(30528K) NonClass: 24653K(24896K)->24653K(24896K) Class: 5413K(5632K)->5413K(5632K)
[3638.017s][info][gc             ] GC(363) Pause Young (Normal) (G1 Evacuation Pause) 8699M->2986M(10240M) 166.638ms
[3638.017s][info][gc,cpu         ] GC(363) User=1.31s Sys=0.00s Real=0.17s
.......... (rIR:aIR:PR = 4981:4981:4981) (tPR = 73876) [OK] 
  3647s: Performance info:
         Transaction,    Success,    Partial,     Failed,   Receipts, AvgBarcode, 
             Overall,     299816,          0,          0,     284811,      59.47, 
         Response times:
             Request,    Success,    Partial,     Failed,   SkipFail,     Probes,    Samples,      min,      p50,      p90,      p95,      p99,      max, 
       TotalPurchase,     284811,          0,          0,          0,     278954,     304279,      400,     3300,     5700,     6600,    36200,   277000,
     InStorePurchase,     149896,          0,          0,          0,     147392,     160614,      400,     3200,     5700,     6500,    36000,   277000,
      OnlinePurchase,     104908,          0,          0,          0,     102568,     111686,      400,     3300,     5700,     6600,    36000,   275000,
        InstPurchase,      30007,          0,          0,          0,      28994,      31979,      500,     3500,     5800,     6700,    40000,   177000,
          AssocOfCat,        301,          0,          0,          0,        249,        332,    19500,    33000,    42000,    51000,   118750,   209000,
      AssocOfProduct,       3005,          0,          0,          0,       2765,       3239,      500,     3700,     6200,     7000,    28000,   175000,
      BusinessReport,        748,          0,          0,          0,        647,        821,    28000,    37000,    51000,    56000,    98000,   229000,
          CustBuyBeh,       3006,          0,          0,          0,       2743,       3144,      200,     2800,     5750,     6600,    24000,   100000,
       ProductReturn,       7944,          0,          0,          0,       7528,       8487,      200,     3000,     5600,     6500,    31000,   175000,

  3647s: (37%)   IR =   5120 [3647.558s][info][gc,start       ] GC(364) Pause Young (Normal) (G1 Evacuation Pause)
[3647.558s][info][gc,task        ] GC(364) Using 8 workers of 8 for evacuation
[3647.728s][info][gc,phases      ] GC(364)   Pre Evacuate Collection Set: 0.32ms
[3647.728s][info][gc,phases      ] GC(364)   Merge Heap Roots: 0.63ms
[3647.728s][info][gc,phases      ] GC(364)   Evacuate Collection Set: 167.25ms
[3647.728s][info][gc,phases      ] GC(364)   Post Evacuate Collection Set: 1.32ms
[3647.728s][info][gc,phases      ] GC(364)   Other: 0.06ms
[3647.728s][info][gc,heap        ] GC(364) Eden regions: 717->0(715)
[3647.728s][info][gc,heap        ] GC(364) Survivor regions: 51->53(96)
[3647.728s][info][gc,heap        ] GC(364) Old regions: 293->296
[3647.728s][info][gc,heap        ] GC(364) Humongous regions: 33->33
[3647.728s][info][gc,metaspace   ] GC(364) Metaspace: 30067K(30528K)->30067K(30528K) NonClass: 24653K(24896K)->24653K(24896K) Class: 5413K(5632K)->5413K(5632K)
[3647.728s][info][gc             ] GC(364) Pause Young (Normal) (G1 Evacuation Pause) 8722M->3017M(10240M) 169.713ms
[3647.728s][info][gc,cpu         ] GC(364) User=1.33s Sys=0.00s Real=0.17s
....|.....[3656.909s][info][gc,start       ] GC(365) Pause Young (Normal) (G1 Evacuation Pause)
[3656.909s][info][gc,task        ] GC(365) Using 8 workers of 8 for evacuation
[3657.074s][info][gc,phases      ] GC(365)   Pre Evacuate Collection Set: 0.30ms
[3657.074s][info][gc,phases      ] GC(365)   Merge Heap Roots: 0.54ms
[3657.074s][info][gc,phases      ] GC(365)   Evacuate Collection Set: 163.12ms
[3657.074s][info][gc,phases      ] GC(365)   Post Evacuate Collection Set: 1.32ms
[3657.074s][info][gc,phases      ] GC(365)   Other: 0.08ms
[3657.074s][info][gc,heap        ] GC(365) Eden regions: 715->0(716)
[3657.074s][info][gc,heap        ] GC(365) Survivor regions: 53->52(96)
[3657.074s][info][gc,heap        ] GC(365) Old regions: 296->298
[3657.074s][info][gc,heap        ] GC(365) Humongous regions: 33->33
[3657.074s][info][gc,metaspace   ] GC(365) Metaspace: 30067K(30528K)->30067K(30528K) NonClass: 24653K(24896K)->24653K(24896K) Class: 5413K(5632K)->5413K(5632K)
[3657.074s][info][gc             ] GC(365) Pause Young (Normal) (G1 Evacuation Pause) 8737M->3032M(10240M) 165.499ms
[3657.074s][info][gc,cpu         ] GC(365) User=1.30s Sys=0.00s Real=0.16s
..........[3666.474s][info][gc,start       ] GC(366) Pause Young (Normal) (G1 Evacuation Pause)
[3666.474s][info][gc,task        ] GC(366) Using 8 workers of 8 for evacuation
[3666.644s][info][gc,phases      ] GC(366)   Pre Evacuate Collection Set: 0.31ms
[3666.644s][info][gc,phases      ] GC(366)   Merge Heap Roots: 0.56ms
[3666.644s][info][gc,phases      ] GC(366)   Evacuate Collection Set: 167.74ms
[3666.644s][info][gc,phases      ] GC(366)   Post Evacuate Collection Set: 1.28ms
[3666.644s][info][gc,phases      ] GC(366)   Other: 0.09ms
[3666.644s][info][gc,heap        ] GC(366) Eden regions: 716->0(716)
[3666.644s][info][gc,heap        ] GC(366) Survivor regions: 52->52(96)
[3666.644s][info][gc,heap        ] GC(366) Old regions: 298->300
[3666.644s][info][gc,heap        ] GC(366) Humongous regions: 33->33
[3666.644s][info][gc,metaspace   ] GC(366) Metaspace: 30067K(30528K)->30067K(30528K) NonClass: 24653K(24896K)->24653K(24896K) Class: 5413K(5632K)->5413K(5632K)
[3666.644s][info][gc             ] GC(366) Pause Young (Normal) (G1 Evacuation Pause) 8760M->3051M(10240M) 170.122ms
[3666.644s][info][gc,cpu         ] GC(366) User=1.34s Sys=0.01s Real=0.17s
.........[3675.886s][info][gc,start       ] GC(367) Pause Young (Normal) (G1 Evacuation Pause)
[3675.886s][info][gc,task        ] GC(367) Using 8 workers of 8 for evacuation
[3676.052s][info][gc,phases      ] GC(367)   Pre Evacuate Collection Set: 0.32ms
[3676.052s][info][gc,phases      ] GC(367)   Merge Heap Roots: 0.54ms
[3676.052s][info][gc,phases      ] GC(367)   Evacuate Collection Set: 163.15ms
[3676.052s][info][gc,phases      ] GC(367)   Post Evacuate Collection Set: 1.28ms
[3676.052s][info][gc,phases      ] GC(367)   Other: 0.07ms
[3676.052s][info][gc,heap        ] GC(367) Eden regions: 716->0(717)
[3676.052s][info][gc,heap        ] GC(367) Survivor regions: 52->51(96)
[3676.052s][info][gc,heap        ] GC(367) Old regions: 300->303
[3676.052s][info][gc,heap        ] GC(367) Humongous regions: 33->33
[3676.052s][info][gc,metaspace   ] GC(367) Metaspace: 30067K(30528K)->30067K(30528K) NonClass: 24653K(24896K)->24653K(24896K) Class: 5413K(5632K)->5413K(5632K)
[3676.052s][info][gc             ] GC(367) Pause Young (Normal) (G1 Evacuation Pause) 8779M->3063M(10240M) 165.507ms
[3676.052s][info][gc,cpu         ] GC(367) User=1.30s Sys=0.00s Real=0.16s
.........[3685.361s][info][gc,start       ] GC(368) Pause Young (Normal) (G1 Evacuation Pause)
[3685.362s][info][gc,task        ] GC(368) Using 8 workers of 8 for evacuation
[3685.533s][info][gc,phases      ] GC(368)   Pre Evacuate Collection Set: 0.31ms
[3685.533s][info][gc,phases      ] GC(368)   Merge Heap Roots: 0.58ms
[3685.533s][info][gc,phases      ] GC(368)   Evacuate Collection Set: 169.25ms
[3685.533s][info][gc,phases      ] GC(368)   Post Evacuate Collection Set: 1.23ms
[3685.533s][info][gc,phases      ] GC(368)   Other: 0.08ms
[3685.533s][info][gc,heap        ] GC(368) Eden regions: 717->0(715)
[3685.533s][info][gc,heap        ] GC(368) Survivor regions: 51->53(96)
[3685.533s][info][gc,heap        ] GC(368) Old regions: 303->305
[3685.533s][info][gc,heap        ] GC(368) Humongous regions: 33->33
[3685.533s][info][gc,metaspace   ] GC(368) Metaspace: 30067K(30528K)->30067K(30528K) NonClass: 24653K(24896K)->24653K(24896K) Class: 5413K(5632K)->5413K(5632K)
[3685.533s][info][gc             ] GC(368) Pause Young (Normal) (G1 Evacuation Pause) 8799M->3095M(10240M) 171.572ms
[3685.533s][info][gc,cpu         ] GC(368) User=1.35s Sys=0.00s Real=0.17s
..........[3694.813s][info][gc,start       ] GC(369) Pause Young (Normal) (G1 Evacuation Pause)
[3694.813s][info][gc,task        ] GC(369) Using 8 workers of 8 for evacuation
[3694.980s][info][gc,phases      ] GC(369)   Pre Evacuate Collection Set: 0.27ms
[3694.980s][info][gc,phases      ] GC(369)   Merge Heap Roots: 0.58ms
[3694.980s][info][gc,phases      ] GC(369)   Evacuate Collection Set: 164.47ms
[3694.980s][info][gc,phases      ] GC(369)   Post Evacuate Collection Set: 1.30ms
[3694.980s][info][gc,phases      ] GC(369)   Other: 0.07ms
[3694.980s][info][gc,heap        ] GC(369) Eden regions: 715->0(717)
[3694.980s][info][gc,heap        ] GC(369) Survivor regions: 53->51(96)
[3694.980s][info][gc,heap        ] GC(369) Old regions: 305->308
[3694.980s][info][gc,heap        ] GC(369) Humongous regions: 33->33
[3694.980s][info][gc,metaspace   ] GC(369) Metaspace: 30067K(30528K)->30067K(30528K) NonClass: 24653K(24896K)->24653K(24896K) Class: 5413K(5632K)->5413K(5632K)
[3694.980s][info][gc             ] GC(369) Pause Young (Normal) (G1 Evacuation Pause) 8815M->3102M(10240M) 166.830ms
[3694.980s][info][gc,cpu         ] GC(369) User=1.32s Sys=0.00s Real=0.17s
.........[3704.262s][info][gc,start       ] GC(370) Pause Young (Normal) (G1 Evacuation Pause)
[3704.262s][info][gc,task        ] GC(370) Using 8 workers of 8 for evacuation
[3704.432s][info][gc,phases      ] GC(370)   Pre Evacuate Collection Set: 0.30ms
[3704.432s][info][gc,phases      ] GC(370)   Merge Heap Roots: 0.54ms
[3704.432s][info][gc,phases      ] GC(370)   Evacuate Collection Set: 167.20ms
[3704.432s][info][gc,phases      ] GC(370)   Post Evacuate Collection Set: 1.32ms
[3704.432s][info][gc,phases      ] GC(370)   Other: 0.07ms
[3704.432s][info][gc,heap        ] GC(370) Eden regions: 717->0(716)
[3704.432s][info][gc,heap        ] GC(370) Survivor regions: 51->52(96)
[3704.432s][info][gc,heap        ] GC(370) Old regions: 308->310
[3704.432s][info][gc,heap        ] GC(370) Humongous regions: 33->33
[3704.432s][info][gc,metaspace   ] GC(370) Metaspace: 30067K(30528K)->30067K(30528K) NonClass: 24653K(24896K)->24653K(24896K) Class: 5413K(5632K)->5413K(5632K)
[3704.432s][info][gc             ] GC(370) Pause Young (Normal) (G1 Evacuation Pause) 8838M->3129M(10240M) 169.567ms
[3704.432s][info][gc,cpu         ] GC(370) User=1.34s Sys=0.00s Real=0.17s
........ (rIR:aIR:PR = 5120:5119:5119) (tPR = 75662) [OK] 
  3711s: Performance info:
         Transaction,    Success,    Partial,     Failed,   Receipts, AvgBarcode, 
             Overall,     307862,          0,          0,     292449,      59.47, 
         Response times:
             Request,    Success,    Partial,     Failed,   SkipFail,     Probes,    Samples,      min,      p50,      p90,      p95,      p99,      max, 
       TotalPurchase,     292449,          0,          0,          0,     285939,     307986,      400,     3300,     5900,     6800,    34000,   187000,
     InStorePurchase,     153905,          0,          0,          0,     151151,     162594,      400,     3400,     5800,     6700,    36000,   179000,
      OnlinePurchase,     107778,          0,          0,          0,     105120,     113141,      400,     3200,     5900,     6900,    33000,   187000,
        InstPurchase,      30766,          0,          0,          0,      29668,      32251,      500,     3600,     6100,     7100,    34000,   176000,
          AssocOfCat,        307,          0,          0,          0,        230,        315,    24000,    33000,    43400,    51000,   117880,   203000,
      AssocOfProduct,       3083,          0,          0,          0,       2838,       3280,      400,     4300,     6500,     7700,    32190,   173000,
      BusinessReport,        771,          0,          0,          0,        659,        801,    22000,    37000,    50000,    56000,    94960,   216000,
          CustBuyBeh,       3082,          0,          0,          0,       2852,       3262,      200,     2600,     5400,     6200,    18548,   171000,
       ProductReturn,       8170,          0,          0,          0,       7594,       8351,      200,     3100,     5600,     6500,    33000,   175000,

  3711s: (38%)   IR =   5258 ..[3713.653s][info][gc,start       ] GC(371) Pause Young (Normal) (G1 Evacuation Pause)
[3713.653s][info][gc,task        ] GC(371) Using 8 workers of 8 for evacuation
[3713.817s][info][gc,phases      ] GC(371)   Pre Evacuate Collection Set: 0.28ms
[3713.817s][info][gc,phases      ] GC(371)   Merge Heap Roots: 0.55ms
[3713.817s][info][gc,phases      ] GC(371)   Evacuate Collection Set: 162.31ms
[3713.817s][info][gc,phases      ] GC(371)   Post Evacuate Collection Set: 1.29ms
[3713.817s][info][gc,phases      ] GC(371)   Other: 0.06ms
[3713.817s][info][gc,heap        ] GC(371) Eden regions: 716->0(716)
[3713.817s][info][gc,heap        ] GC(371) Survivor regions: 52->52(96)
[3713.817s][info][gc,heap        ] GC(371) Old regions: 310->313
[3713.817s][info][gc,heap        ] GC(371) Humongous regions: 33->33
[3713.817s][info][gc,metaspace   ] GC(371) Metaspace: 30067K(30528K)->30067K(30528K) NonClass: 24653K(24896K)->24653K(24896K) Class: 5413K(5632K)->5413K(5632K)
[3713.817s][info][gc             ] GC(371) Pause Young (Normal) (G1 Evacuation Pause) 8857M->3148M(10240M) 164.636ms
[3713.817s][info][gc,cpu         ] GC(371) User=1.30s Sys=0.00s Real=0.17s
..|.......[3722.877s][info][gc,start       ] GC(372) Pause Young (Normal) (G1 Evacuation Pause)
[3722.877s][info][gc,task        ] GC(372) Using 8 workers of 8 for evacuation
[3723.046s][info][gc,phases      ] GC(372)   Pre Evacuate Collection Set: 0.30ms
[3723.046s][info][gc,phases      ] GC(372)   Merge Heap Roots: 0.56ms
[3723.046s][info][gc,phases      ] GC(372)   Evacuate Collection Set: 166.70ms
[3723.046s][info][gc,phases      ] GC(372)   Post Evacuate Collection Set: 1.36ms
[3723.046s][info][gc,phases      ] GC(372)   Other: 0.07ms
[3723.046s][info][gc,heap        ] GC(372) Eden regions: 716->0(716)
[3723.046s][info][gc,heap        ] GC(372) Survivor regions: 52->52(96)
[3723.046s][info][gc,heap        ] GC(372) Old regions: 313->315
[3723.046s][info][gc,heap        ] GC(372) Humongous regions: 33->33
[3723.046s][info][gc,metaspace   ] GC(372) Metaspace: 30067K(30528K)->30067K(30528K) NonClass: 24653K(24896K)->24653K(24896K) Class: 5413K(5632K)->5413K(5632K)
[3723.046s][info][gc             ] GC(372) Pause Young (Normal) (G1 Evacuation Pause) 8876M->3164M(10240M) 169.149ms
[3723.046s][info][gc,cpu         ] GC(372) User=1.33s Sys=0.00s Real=0.17s
.........[3732.029s][info][gc,start       ] GC(373) Pause Young (Normal) (G1 Evacuation Pause)
[3732.029s][info][gc,task        ] GC(373) Using 8 workers of 8 for evacuation
[3732.195s][info][gc,phases      ] GC(373)   Pre Evacuate Collection Set: 0.30ms
[3732.195s][info][gc,phases      ] GC(373)   Merge Heap Roots: 0.56ms
[3732.195s][info][gc,phases      ] GC(373)   Evacuate Collection Set: 164.36ms
[3732.195s][info][gc,phases      ] GC(373)   Post Evacuate Collection Set: 1.37ms
[3732.195s][info][gc,phases      ] GC(373)   Other: 0.06ms
[3732.195s][info][gc,heap        ] GC(373) Eden regions: 716->0(716)
[3732.195s][info][gc,heap        ] GC(373) Survivor regions: 52->52(96)
[3732.195s][info][gc,heap        ] GC(373) Old regions: 315->317
[3732.195s][info][gc,heap        ] GC(373) Humongous regions: 33->33
[3732.195s][info][gc,metaspace   ] GC(373) Metaspace: 30067K(30528K)->30067K(30528K) NonClass: 24653K(24896K)->24653K(24896K) Class: 5413K(5632K)->5413K(5632K)
[3732.195s][info][gc             ] GC(373) Pause Young (Normal) (G1 Evacuation Pause) 8892M->3183M(10240M) 166.796ms
[3732.195s][info][gc,cpu         ] GC(373) User=1.31s Sys=0.00s Real=0.16s
.........[3741.258s][info][gc,start       ] GC(374) Pause Young (Normal) (G1 Evacuation Pause)
[3741.258s][info][gc,task        ] GC(374) Using 8 workers of 8 for evacuation
[3741.425s][info][gc,phases      ] GC(374)   Pre Evacuate Collection Set: 0.29ms
[3741.425s][info][gc,phases      ] GC(374)   Merge Heap Roots: 0.58ms
[3741.425s][info][gc,phases      ] GC(374)   Evacuate Collection Set: 165.03ms
[3741.425s][info][gc,phases      ] GC(374)   Post Evacuate Collection Set: 1.32ms
[3741.425s][info][gc,phases      ] GC(374)   Other: 0.07ms
[3741.425s][info][gc,heap        ] GC(374) Eden regions: 716->0(716)
[3741.425s][info][gc,heap        ] GC(374) Survivor regions: 52->52(96)
[3741.425s][info][gc,heap        ] GC(374) Old regions: 317->320
[3741.425s][info][gc,heap        ] GC(374) Humongous regions: 33->33
[3741.425s][info][gc,metaspace   ] GC(374) Metaspace: 30067K(30528K)->30067K(30528K) NonClass: 24653K(24896K)->24653K(24896K) Class: 5413K(5632K)->5413K(5632K)
[3741.425s][info][gc             ] GC(374) Pause Young (Normal) (G1 Evacuation Pause) 8911M->3207M(10240M) 167.427ms
[3741.425s][info][gc,cpu         ] GC(374) User=1.31s Sys=0.00s Real=0.16s
.........[3750.445s][info][gc,start       ] GC(375) Pause Young (Normal) (G1 Evacuation Pause)
[3750.445s][info][gc,task        ] GC(375) Using 8 workers of 8 for evacuation
[3750.612s][info][gc,phases      ] GC(375)   Pre Evacuate Collection Set: 0.32ms
[3750.612s][info][gc,phases      ] GC(375)   Merge Heap Roots: 0.56ms
[3750.612s][info][gc,phases      ] GC(375)   Evacuate Collection Set: 164.20ms
[3750.612s][info][gc,phases      ] GC(375)   Post Evacuate Collection Set: 1.31ms
[3750.612s][info][gc,phases      ] GC(375)   Other: 0.08ms
[3750.612s][info][gc,heap        ] GC(375) Eden regions: 716->0(716)
[3750.612s][info][gc,heap        ] GC(375) Survivor regions: 52->52(96)
[3750.612s][info][gc,heap        ] GC(375) Old regions: 320->322
[3750.612s][info][gc,heap        ] GC(375) Humongous regions: 33->33
[3750.612s][info][gc,metaspace   ] GC(375) Metaspace: 30067K(30528K)->30067K(30528K) NonClass: 24653K(24896K)->24653K(24896K) Class: 5413K(5632K)->5413K(5632K)
[3750.612s][info][gc             ] GC(375) Pause Young (Normal) (G1 Evacuation Pause) 8935M->3227M(10240M) 166.596ms
[3750.612s][info][gc,cpu         ] GC(375) User=1.31s Sys=0.01s Real=0.17s
..........[3759.672s][info][gc,start       ] GC(376) Pause Young (Normal) (G1 Evacuation Pause)
[3759.672s][info][gc,task        ] GC(376) Using 8 workers of 8 for evacuation
[3759.838s][info][gc,phases      ] GC(376)   Pre Evacuate Collection Set: 0.30ms
[3759.838s][info][gc,phases      ] GC(376)   Merge Heap Roots: 0.56ms
[3759.838s][info][gc,phases      ] GC(376)   Evacuate Collection Set: 163.29ms
[3759.838s][info][gc,phases      ] GC(376)   Post Evacuate Collection Set: 1.29ms
[3759.838s][info][gc,phases      ] GC(376)   Other: 0.06ms
[3759.838s][info][gc,heap        ] GC(376) Eden regions: 716->0(716)
[3759.838s][info][gc,heap        ] GC(376) Survivor regions: 52->52(96)
[3759.838s][info][gc,heap        ] GC(376) Old regions: 322->325
[3759.838s][info][gc,heap        ] GC(376) Humongous regions: 33->33
[3759.838s][info][gc,metaspace   ] GC(376) Metaspace: 30067K(30528K)->30067K(30528K) NonClass: 24653K(24896K)->24653K(24896K) Class: 5413K(5632K)->5413K(5632K)
[3759.838s][info][gc             ] GC(376) Pause Young (Normal) (G1 Evacuation Pause) 8955M->3242M(10240M) 165.642ms
[3759.838s][info][gc,cpu         ] GC(376) User=1.30s Sys=0.01s Real=0.17s
.........[3768.881s][info][gc,start       ] GC(377) Pause Young (Normal) (G1 Evacuation Pause)
[3768.881s][info][gc,task        ] GC(377) Using 8 workers of 8 for evacuation
[3769.050s][info][gc,phases      ] GC(377)   Pre Evacuate Collection Set: 0.30ms
[3769.050s][info][gc,phases      ] GC(377)   Merge Heap Roots: 0.56ms
[3769.050s][info][gc,phases      ] GC(377)   Evacuate Collection Set: 166.96ms
[3769.050s][info][gc,phases      ] GC(377)   Post Evacuate Collection Set: 1.28ms
[3769.050s][info][gc,phases      ] GC(377)   Other: 0.07ms
[3769.050s][info][gc,heap        ] GC(377) Eden regions: 716->0(715)
[3769.050s][info][gc,heap        ] GC(377) Survivor regions: 52->53(96)
[3769.050s][info][gc,heap        ] GC(377) Old regions: 325->327
[3769.050s][info][gc,heap        ] GC(377) Humongous regions: 33->33
[3769.050s][info][gc,metaspace   ] GC(377) Metaspace: 30067K(30528K)->30067K(30528K) NonClass: 24653K(24896K)->24653K(24896K) Class: 5413K(5632K)->5413K(5632K)
[3769.050s][info][gc             ] GC(377) Pause Young (Normal) (G1 Evacuation Pause) 8970M->3270M(10240M) 169.295ms
[3769.051s][info][gc,cpu         ] GC(377) User=1.33s Sys=0.00s Real=0.17s
....... (rIR:aIR:PR = 5258:5256:5256) (tPR = 78011) [OK] 
  3775s: Performance info:
         Transaction,    Success,    Partial,     Failed,   Receipts, AvgBarcode, 
             Overall,     315515,          0,          0,     299739,      59.47, 
         Response times:
             Request,    Success,    Partial,     Failed,   SkipFail,     Probes,    Samples,      min,      p50,      p90,      p95,      p99,      max, 
       TotalPurchase,     299739,          0,          0,          0,     293911,     315076,      400,     3500,     6100,     7100,    34000,   228000,
     InStorePurchase,     157740,          0,          0,          0,     155102,     165710,      400,     3500,     6100,     7200,    34000,   228000,
      OnlinePurchase,     110472,          0,          0,          0,     108092,     116102,      400,     3400,     6100,     7100,    33000,   180000,
        InstPurchase,      31527,          0,          0,          0,      30717,      33264,      500,     3500,     6200,     7300,    33000,   179000,
          AssocOfCat,        315,          0,          0,          0,        237,        324,    23000,    33000,    45000,    50750,    83250,   202000,
      AssocOfProduct,       3157,          0,          0,          0,       2937,       3346,      700,     4300,     6300,     7300,    46000,   179000,
      BusinessReport,        789,          0,          0,          0,        670,        817,    26000,    38000,    53200,    59000,   103460,   244000,
          CustBuyBeh,       3151,          0,          0,          0,       2922,       3334,      200,     1950,     6000,     7100,    24000,   172000,
       ProductReturn,       8364,          0,          0,          0,       7993,       8903,      200,     3100,     5700,     6800,    42000,   178000,

  3775s: (39%)   IR =   5396 ..[3777.949s][info][gc,start       ] GC(378) Pause Young (Normal) (G1 Evacuation Pause)
[3777.949s][info][gc,task        ] GC(378) Using 8 workers of 8 for evacuation
[3778.116s][info][gc,phases      ] GC(378)   Pre Evacuate Collection Set: 0.30ms
[3778.116s][info][gc,phases      ] GC(378)   Merge Heap Roots: 0.64ms
[3778.116s][info][gc,phases      ] GC(378)   Evacuate Collection Set: 164.57ms
[3778.116s][info][gc,phases      ] GC(378)   Post Evacuate Collection Set: 1.35ms
[3778.116s][info][gc,phases      ] GC(378)   Other: 0.07ms
[3778.116s][info][gc,heap        ] GC(378) Eden regions: 715->0(716)
[3778.116s][info][gc,heap        ] GC(378) Survivor regions: 53->52(96)
[3778.116s][info][gc,heap        ] GC(378) Old regions: 327->330
[3778.116s][info][gc,heap        ] GC(378) Humongous regions: 33->33
[3778.116s][info][gc,metaspace   ] GC(378) Metaspace: 30067K(30528K)->30067K(30528K) NonClass: 24653K(24896K)->24653K(24896K) Class: 5413K(5632K)->5413K(5632K)
[3778.116s][info][gc             ] GC(378) Pause Young (Normal) (G1 Evacuation Pause) 8990M->3283M(10240M) 167.073ms
[3778.116s][info][gc,cpu         ] GC(378) User=1.31s Sys=0.00s Real=0.17s
....|.....[3786.875s][info][gc,start       ] GC(379) Pause Young (Normal) (G1 Evacuation Pause)
[3786.875s][info][gc,task        ] GC(379) Using 8 workers of 8 for evacuation
[3787.041s][info][gc,phases      ] GC(379)   Pre Evacuate Collection Set: 0.31ms
[3787.041s][info][gc,phases      ] GC(379)   Merge Heap Roots: 0.57ms
[3787.041s][info][gc,phases      ] GC(379)   Evacuate Collection Set: 163.17ms
[3787.041s][info][gc,phases      ] GC(379)   Post Evacuate Collection Set: 1.36ms
[3787.041s][info][gc,phases      ] GC(379)   Other: 0.07ms
[3787.041s][info][gc,heap        ] GC(379) Eden regions: 716->0(717)
[3787.041s][info][gc,heap        ] GC(379) Survivor regions: 52->51(96)
[3787.041s][info][gc,heap        ] GC(379) Old regions: 330->332
[3787.041s][info][gc,heap        ] GC(379) Humongous regions: 33->33
[3787.041s][info][gc,metaspace   ] GC(379) Metaspace: 30067K(30528K)->30067K(30528K) NonClass: 24653K(24896K)->24653K(24896K) Class: 5413K(5632K)->5413K(5632K)
[3787.041s][info][gc             ] GC(379) Pause Young (Normal) (G1 Evacuation Pause) 9011M->3298M(10240M) 165.597ms
[3787.041s][info][gc,cpu         ] GC(379) User=1.30s Sys=0.00s Real=0.17s
.........[3795.832s][info][gc,start       ] GC(380) Pause Young (Normal) (G1 Evacuation Pause)
[3795.833s][info][gc,task        ] GC(380) Using 8 workers of 8 for evacuation
[3796.002s][info][gc,phases      ] GC(380)   Pre Evacuate Collection Set: 0.32ms
[3796.002s][info][gc,phases      ] GC(380)   Merge Heap Roots: 0.64ms
[3796.002s][info][gc,phases      ] GC(380)   Evacuate Collection Set: 167.44ms
[3796.002s][info][gc,phases      ] GC(380)   Post Evacuate Collection Set: 1.33ms
[3796.002s][info][gc,phases      ] GC(380)   Other: 0.08ms
[3796.002s][info][gc,heap        ] GC(380) Eden regions: 717->0(716)
[3796.002s][info][gc,heap        ] GC(380) Survivor regions: 51->52(96)
[3796.002s][info][gc,heap        ] GC(380) Old regions: 332->335
[3796.002s][info][gc,heap        ] GC(380) Humongous regions: 33->33
[3796.002s][info][gc,metaspace   ] GC(380) Metaspace: 30067K(30528K)->30067K(30528K) NonClass: 24653K(24896K)->24653K(24896K) Class: 5413K(5632K)->5413K(5632K)
[3796.002s][info][gc             ] GC(380) Pause Young (Normal) (G1 Evacuation Pause) 9034M->3325M(10240M) 169.960ms
[3796.002s][info][gc,cpu         ] GC(380) User=1.33s Sys=0.00s Real=0.17s
.........[3804.840s][info][gc,start       ] GC(381) Pause Young (Normal) (G1 Evacuation Pause)
[3804.840s][info][gc,task        ] GC(381) Using 8 workers of 8 for evacuation
[3805.007s][info][gc,phases      ] GC(381)   Pre Evacuate Collection Set: 0.34ms
[3805.007s][info][gc,phases      ] GC(381)   Merge Heap Roots: 0.69ms
[3805.007s][info][gc,phases      ] GC(381)   Evacuate Collection Set: 164.44ms
[3805.007s][info][gc,phases      ] GC(381)   Post Evacuate Collection Set: 1.29ms
[3805.007s][info][gc,phases      ] GC(381)   Other: 0.08ms
[3805.007s][info][gc,heap        ] GC(381) Eden regions: 716->0(716)
[3805.007s][info][gc,heap        ] GC(381) Survivor regions: 52->52(96)
[3805.007s][info][gc,heap        ] GC(381) Old regions: 335->337
[3805.007s][info][gc,heap        ] GC(381) Humongous regions: 33->33
[3805.007s][info][gc,metaspace   ] GC(381) Metaspace: 30067K(30528K)->30067K(30528K) NonClass: 24653K(24896K)->24653K(24896K) Class: 5413K(5632K)->5413K(5632K)
[3805.007s][info][gc             ] GC(381) Pause Young (Normal) (G1 Evacuation Pause) 9053M->3340M(10240M) 166.991ms
[3805.007s][info][gc,cpu         ] GC(381) User=1.32s Sys=0.00s Real=0.17s
.........[3813.847s][info][gc,start       ] GC(382) Pause Young (Normal) (G1 Evacuation Pause)
[3813.847s][info][gc,task        ] GC(382) Using 8 workers of 8 for evacuation
[3814.013s][info][gc,phases      ] GC(382)   Pre Evacuate Collection Set: 0.32ms
[3814.013s][info][gc,phases      ] GC(382)   Merge Heap Roots: 0.64ms
[3814.013s][info][gc,phases      ] GC(382)   Evacuate Collection Set: 163.28ms
[3814.013s][info][gc,phases      ] GC(382)   Post Evacuate Collection Set: 1.26ms
[3814.013s][info][gc,phases      ] GC(382)   Other: 0.08ms
[3814.013s][info][gc,heap        ] GC(382) Eden regions: 716->0(716)
[3814.013s][info][gc,heap        ] GC(382) Survivor regions: 52->52(96)
[3814.013s][info][gc,heap        ] GC(382) Old regions: 337->339
[3814.013s][info][gc,heap        ] GC(382) Humongous regions: 33->33
[3814.013s][info][gc,metaspace   ] GC(382) Metaspace: 30067K(30528K)->30067K(30528K) NonClass: 24653K(24896K)->24653K(24896K) Class: 5413K(5632K)->5413K(5632K)
[3814.013s][info][gc             ] GC(382) Pause Young (Normal) (G1 Evacuation Pause) 9068M->3359M(10240M) 165.712ms
[3814.013s][info][gc,cpu         ] GC(382) User=1.30s Sys=0.00s Real=0.16s
.........[3822.724s][info][gc,start       ] GC(383) Pause Young (Normal) (G1 Evacuation Pause)
[3822.724s][info][gc,task        ] GC(383) Using 8 workers of 8 for evacuation
[3822.892s][info][gc,phases      ] GC(383)   Pre Evacuate Collection Set: 0.30ms
[3822.892s][info][gc,phases      ] GC(383)   Merge Heap Roots: 0.66ms
[3822.892s][info][gc,phases      ] GC(383)   Evacuate Collection Set: 165.90ms
[3822.892s][info][gc,phases      ] GC(383)   Post Evacuate Collection Set: 1.33ms
[3822.892s][info][gc,phases      ] GC(383)   Other: 0.07ms
[3822.892s][info][gc,heap        ] GC(383) Eden regions: 716->0(716)
[3822.892s][info][gc,heap        ] GC(383) Survivor regions: 52->52(96)
[3822.892s][info][gc,heap        ] GC(383) Old regions: 339->342
[3822.892s][info][gc,heap        ] GC(383) Humongous regions: 33->33
[3822.892s][info][gc,metaspace   ] GC(383) Metaspace: 30067K(30528K)->30067K(30528K) NonClass: 24653K(24896K)->24653K(24896K) Class: 5413K(5632K)->5413K(5632K)
[3822.892s][info][gc             ] GC(383) Pause Young (Normal) (G1 Evacuation Pause) 9087M->3383M(10240M) 168.397ms
[3822.892s][info][gc,cpu         ] GC(383) User=1.32s Sys=0.00s Real=0.17s
.........[3831.711s][info][gc,start       ] GC(384) Pause Young (Normal) (G1 Evacuation Pause)
[3831.711s][info][gc,task        ] GC(384) Using 8 workers of 8 for evacuation
[3831.877s][info][gc,phases      ] GC(384)   Pre Evacuate Collection Set: 0.29ms
[3831.877s][info][gc,phases      ] GC(384)   Merge Heap Roots: 0.56ms
[3831.877s][info][gc,phases      ] GC(384)   Evacuate Collection Set: 163.53ms
[3831.877s][info][gc,phases      ] GC(384)   Post Evacuate Collection Set: 1.31ms
[3831.877s][info][gc,phases      ] GC(384)   Other: 0.07ms
[3831.877s][info][gc,heap        ] GC(384) Eden regions: 716->0(716)
[3831.877s][info][gc,heap        ] GC(384) Survivor regions: 52->52(96)
[3831.877s][info][gc,heap        ] GC(384) Old regions: 342->344
[3831.877s][info][gc,heap        ] GC(384) Humongous regions: 33->33
[3831.877s][info][gc,metaspace   ] GC(384) Metaspace: 30067K(30528K)->30067K(30528K) NonClass: 24653K(24896K)->24653K(24896K) Class: 5413K(5632K)->5413K(5632K)
[3831.877s][info][gc             ] GC(384) Pause Young (Normal) (G1 Evacuation Pause) 9111M->3398M(10240M) 165.895ms
[3831.877s][info][gc,cpu         ] GC(384) User=1.30s Sys=0.00s Real=0.17s
........[3840.615s][info][gc,start       ] GC(385) Pause Young (Normal) (G1 Evacuation Pause)
[3840.615s][info][gc,task        ] GC(385) Using 8 workers of 8 for evacuation
[3840.788s][info][gc,phases      ] GC(385)   Pre Evacuate Collection Set: 0.30ms
[3840.788s][info][gc,phases      ] GC(385)   Merge Heap Roots: 0.56ms
[3840.788s][info][gc,phases      ] GC(385)   Evacuate Collection Set: 171.22ms
[3840.788s][info][gc,phases      ] GC(385)   Post Evacuate Collection Set: 1.27ms
[3840.788s][info][gc,phases      ] GC(385)   Other: 0.08ms
[3840.788s][info][gc,heap        ] GC(385) Eden regions: 716->0(715)
[3840.788s][info][gc,heap        ] GC(385) Survivor regions: 52->53(96)
[3840.788s][info][gc,heap        ] GC(385) Old regions: 344->347
[3840.788s][info][gc,heap        ] GC(385) Humongous regions: 33->33
[3840.788s][info][gc,metaspace   ] GC(385) Metaspace: 30067K(30528K)->30067K(30528K) NonClass: 24653K(24896K)->24653K(24896K) Class: 5413K(5632K)->5413K(5632K)
[3840.788s][info][gc             ] GC(385) Pause Young (Normal) (G1 Evacuation Pause) 9126M->3430M(10240M) 173.581ms
[3840.788s][info][gc,cpu         ] GC(385) User=1.37s Sys=0.00s Real=0.18s
.. (rIR:aIR:PR = 5396:5393:5392) (tPR = 80200) [OK] 
  3841s: Performance info:
         Transaction,    Success,    Partial,     Failed,   Receipts, AvgBarcode, 
             Overall,     324109,          0,          0,     307921,      59.47, 
         Response times:
             Request,    Success,    Partial,     Failed,   SkipFail,     Probes,    Samples,      min,      p50,      p90,      p95,      p99,      max, 
       TotalPurchase,     308006,          0,          0,          0,     301163,     334206,      300,     3500,     6300,     7400,    40000,   243000,
     InStorePurchase,     162084,          0,          0,          0,     158934,     175970,      400,     3500,     6300,     7300,    40000,   243000,
      OnlinePurchase,     113506,          0,          0,          0,     110933,     123105,      300,     3500,     6300,     7400,    40000,   243000,
        InstPurchase,      32416,          0,          0,          0,      31296,      35131,      400,     3800,     6400,     7500,    42000,   243000,
          AssocOfCat,        324,          0,          0,          0,        246,        341,    21000,    34000,    44000,    49000,    96480,   217000,
      AssocOfProduct,       3239,          0,          0,          0,       2976,       3501,     1100,     4000,     6700,     8000,    41000,   180000,
      BusinessReport,        806,          0,          0,          0,        677,        870,    28000,    38000,    53000,    61000,    93450,   248000,
          CustBuyBeh,       3241,          0,          0,          0,       2982,       3534,      400,     3900,     6200,     7400,    64600,   182000,
       ProductReturn,       8594,          0,          0,          0,       8095,       9153,      200,     3800,     6400,     7600,    45000,   191000,

  3841s: (40%)   IR =   5535 ......|.[3849.405s][info][gc,start       ] GC(386) Pause Young (Normal) (G1 Evacuation Pause)
[3849.405s][info][gc,task        ] GC(386) Using 8 workers of 8 for evacuation
[3849.573s][info][gc,phases      ] GC(386)   Pre Evacuate Collection Set: 0.33ms
[3849.573s][info][gc,phases      ] GC(386)   Merge Heap Roots: 0.67ms
[3849.573s][info][gc,phases      ] GC(386)   Evacuate Collection Set: 165.82ms
[3849.573s][info][gc,phases      ] GC(386)   Post Evacuate Collection Set: 1.31ms
[3849.573s][info][gc,phases      ] GC(386)   Other: 0.08ms
[3849.573s][info][gc,heap        ] GC(386) Eden regions: 715->0(716)
[3849.573s][info][gc,heap        ] GC(386) Survivor regions: 53->52(96)
[3849.573s][info][gc,heap        ] GC(386) Old regions: 347->349
[3849.573s][info][gc,heap        ] GC(386) Humongous regions: 33->33
[3849.573s][info][gc,metaspace   ] GC(386) Metaspace: 30067K(30528K)->30067K(30528K) NonClass: 24653K(24896K)->24653K(24896K) Class: 5413K(5632K)->5413K(5632K)
[3849.573s][info][gc             ] GC(386) Pause Young (Normal) (G1 Evacuation Pause) 9150M->3442M(10240M) 168.349ms
[3849.574s][info][gc,cpu         ] GC(386) User=1.32s Sys=0.01s Real=0.17s
.........[3858.191s][info][gc,start       ] GC(387) Pause Young (Normal) (G1 Evacuation Pause)
[3858.191s][info][gc,task        ] GC(387) Using 8 workers of 8 for evacuation
[3858.362s][info][gc,phases      ] GC(387)   Pre Evacuate Collection Set: 0.28ms
[3858.362s][info][gc,phases      ] GC(387)   Merge Heap Roots: 0.57ms
[3858.362s][info][gc,phases      ] GC(387)   Evacuate Collection Set: 169.59ms
[3858.362s][info][gc,phases      ] GC(387)   Post Evacuate Collection Set: 1.31ms
[3858.362s][info][gc,phases      ] GC(387)   Other: 0.06ms
[3858.362s][info][gc,heap        ] GC(387) Eden regions: 716->0(715)
[3858.362s][info][gc,heap        ] GC(387) Survivor regions: 52->53(96)
[3858.362s][info][gc,heap        ] GC(387) Old regions: 349->352
[3858.362s][info][gc,heap        ] GC(387) Humongous regions: 33->33
[3858.362s][info][gc,metaspace   ] GC(387) Metaspace: 30067K(30528K)->30067K(30528K) NonClass: 24653K(24896K)->24653K(24896K) Class: 5413K(5632K)->5413K(5632K)
[3858.363s][info][gc             ] GC(387) Pause Young (Normal) (G1 Evacuation Pause) 9170M->3470M(10240M) 171.953ms
[3858.363s][info][gc,cpu         ] GC(387) User=1.35s Sys=0.01s Real=0.17s
.........[3866.923s][info][gc,start       ] GC(388) Pause Young (Normal) (G1 Evacuation Pause)
[3866.923s][info][gc,task        ] GC(388) Using 8 workers of 8 for evacuation
[3867.090s][info][gc,phases      ] GC(388)   Pre Evacuate Collection Set: 0.31ms
[3867.090s][info][gc,phases      ] GC(388)   Merge Heap Roots: 0.55ms
[3867.090s][info][gc,phases      ] GC(388)   Evacuate Collection Set: 165.01ms
[3867.090s][info][gc,phases      ] GC(388)   Post Evacuate Collection Set: 1.30ms
[3867.090s][info][gc,phases      ] GC(388)   Other: 0.07ms
[3867.090s][info][gc,heap        ] GC(388) Eden regions: 715->0(716)
[3867.090s][info][gc,heap        ] GC(388) Survivor regions: 53->52(96)
[3867.090s][info][gc,heap        ] GC(388) Old regions: 352->354
[3867.090s][info][gc,heap        ] GC(388) Humongous regions: 33->33
[3867.090s][info][gc,metaspace   ] GC(388) Metaspace: 30067K(30528K)->30067K(30528K) NonClass: 24653K(24896K)->24653K(24896K) Class: 5413K(5632K)->5413K(5632K)
[3867.090s][info][gc             ] GC(388) Pause Young (Normal) (G1 Evacuation Pause) 9190M->3478M(10240M) 167.363ms
[3867.090s][info][gc,cpu         ] GC(388) User=1.31s Sys=0.01s Real=0.17s
........[3875.591s][info][gc,start       ] GC(389) Pause Young (Normal) (G1 Evacuation Pause)
[3875.591s][info][gc,task        ] GC(389) Using 8 workers of 8 for evacuation
[3875.763s][info][gc,phases      ] GC(389)   Pre Evacuate Collection Set: 0.32ms
[3875.763s][info][gc,phases      ] GC(389)   Merge Heap Roots: 0.58ms
[3875.763s][info][gc,phases      ] GC(389)   Evacuate Collection Set: 168.83ms
[3875.763s][info][gc,phases      ] GC(389)   Post Evacuate Collection Set: 1.32ms
[3875.763s][info][gc,phases      ] GC(389)   Other: 0.08ms
[3875.763s][info][gc,heap        ] GC(389) Eden regions: 716->0(716)
[3875.763s][info][gc,heap        ] GC(389) Survivor regions: 52->52(96)
[3875.763s][info][gc,heap        ] GC(389) Old regions: 354->357
[3875.763s][info][gc,heap        ] GC(389) Humongous regions: 33->33
[3875.763s][info][gc,metaspace   ] GC(389) Metaspace: 30067K(30528K)->30067K(30528K) NonClass: 24653K(24896K)->24653K(24896K) Class: 5413K(5632K)->5413K(5632K)
[3875.763s][info][gc             ] GC(389) Pause Young (Normal) (G1 Evacuation Pause) 9206M->3502M(10240M) 171.273ms
[3875.763s][info][gc,cpu         ] GC(389) User=1.35s Sys=0.00s Real=0.17s
.........[3884.363s][info][gc,start       ] GC(390) Pause Young (Normal) (G1 Evacuation Pause)
[3884.363s][info][gc,task        ] GC(390) Using 8 workers of 8 for evacuation
[3884.531s][info][gc,phases      ] GC(390)   Pre Evacuate Collection Set: 0.31ms
[3884.531s][info][gc,phases      ] GC(390)   Merge Heap Roots: 0.56ms
[3884.531s][info][gc,phases      ] GC(390)   Evacuate Collection Set: 165.92ms
[3884.531s][info][gc,phases      ] GC(390)   Post Evacuate Collection Set: 1.32ms
[3884.531s][info][gc,phases      ] GC(390)   Other: 0.07ms
[3884.531s][info][gc,heap        ] GC(390) Eden regions: 716->0(716)
[3884.531s][info][gc,heap        ] GC(390) Survivor regions: 52->52(96)
[3884.531s][info][gc,heap        ] GC(390) Old regions: 357->359
[3884.531s][info][gc,heap        ] GC(390) Humongous regions: 33->33
[3884.531s][info][gc,metaspace   ] GC(390) Metaspace: 30067K(30528K)->30067K(30528K) NonClass: 24653K(24896K)->24653K(24896K) Class: 5413K(5632K)->5413K(5632K)
[3884.531s][info][gc             ] GC(390) Pause Young (Normal) (G1 Evacuation Pause) 9230M->3522M(10240M) 168.325ms
[3884.531s][info][gc,cpu         ] GC(390) User=1.32s Sys=0.00s Real=0.17s
.........[3893.063s][info][gc,start       ] GC(391) Pause Young (Normal) (G1 Evacuation Pause)
[3893.063s][info][gc,task        ] GC(391) Using 8 workers of 8 for evacuation
[3893.234s][info][gc,phases      ] GC(391)   Pre Evacuate Collection Set: 0.32ms
[3893.234s][info][gc,phases      ] GC(391)   Merge Heap Roots: 0.66ms
[3893.234s][info][gc,phases      ] GC(391)   Evacuate Collection Set: 168.21ms
[3893.234s][info][gc,phases      ] GC(391)   Post Evacuate Collection Set: 1.30ms
[3893.234s][info][gc,phases      ] GC(391)   Other: 0.07ms
[3893.234s][info][gc,heap        ] GC(391) Eden regions: 716->0(716)
[3893.234s][info][gc,heap        ] GC(391) Survivor regions: 52->52(96)
[3893.234s][info][gc,heap        ] GC(391) Old regions: 359->362
[3893.234s][info][gc,heap        ] GC(391) Humongous regions: 33->33
[3893.234s][info][gc,metaspace   ] GC(391) Metaspace: 30067K(30528K)->30067K(30528K) NonClass: 24653K(24896K)->24653K(24896K) Class: 5413K(5632K)->5413K(5632K)
[3893.234s][info][gc             ] GC(391) Pause Young (Normal) (G1 Evacuation Pause) 9250M->3541M(10240M) 170.687ms
[3893.234s][info][gc,cpu         ] GC(391) User=1.34s Sys=0.00s Real=0.17s
........[3901.791s][info][gc,start       ] GC(392) Pause Young (Normal) (G1 Evacuation Pause)
[3901.791s][info][gc,task        ] GC(392) Using 8 workers of 8 for evacuation
[3901.958s][info][gc,phases      ] GC(392)   Pre Evacuate Collection Set: 0.32ms
[3901.958s][info][gc,phases      ] GC(392)   Merge Heap Roots: 0.65ms
[3901.958s][info][gc,phases      ] GC(392)   Evacuate Collection Set: 165.01ms
[3901.958s][info][gc,phases      ] GC(392)   Post Evacuate Collection Set: 1.31ms
[3901.958s][info][gc,phases      ] GC(392)   Other: 0.08ms
[3901.958s][info][gc,heap        ] GC(392) Eden regions: 716->0(715)
[3901.958s][info][gc,heap        ] GC(392) Survivor regions: 52->52(96)
[3901.958s][info][gc,heap        ] GC(392) Old regions: 362->364
[3901.958s][info][gc,heap        ] GC(392) Humongous regions: 33->33
[3901.958s][info][gc,metaspace   ] GC(392) Metaspace: 30067K(30528K)->30067K(30528K) NonClass: 24653K(24896K)->24653K(24896K) Class: 5413K(5632K)->5413K(5632K)
[3901.958s][info][gc             ] GC(392) Pause Young (Normal) (G1 Evacuation Pause) 9269M->3556M(10240M) 167.505ms
[3901.958s][info][gc,cpu         ] GC(392) User=1.32s Sys=0.00s Real=0.17s
....... (rIR:aIR:PR = 5535:5536:5536) (tPR = 82147) [OK] 
  3907s: Performance info:
         Transaction,    Success,    Partial,     Failed,   Receipts, AvgBarcode, 
             Overall,     332725,          0,          0,     316086,      59.47, 
         Response times:
             Request,    Success,    Partial,     Failed,   SkipFail,     Probes,    Samples,      min,      p50,      p90,      p95,      p99,      max, 
       TotalPurchase,     316086,          0,          0,          0,     308711,     341927,      300,     3600,     6400,     7300,    37000,   269000,
     InStorePurchase,     166394,          0,          0,          0,     162953,     180291,      400,     3600,     6300,     7300,    38000,   267000,
      OnlinePurchase,     116425,          0,          0,          0,     113723,     125805,      300,     3600,     6400,     7300,    37000,   269000,
        InstPurchase,      33267,          0,          0,          0,      32035,      35831,      500,     3300,     6500,     7500,    29000,   268000,
          AssocOfCat,        332,          0,          0,          0,        264,        388,    26000,    35000,    47000,    52000,    76990,   207000,
      AssocOfProduct,       3330,          0,          0,          0,       3090,       3600,      800,     4300,     6900,     8000,    42000,   266000,
      BusinessReport,        835,          0,          0,          0,        733,        914,    29000,    38000,    53000,    60000,   118000,   234000,
          CustBuyBeh,       3321,          0,          0,          0,       3072,       3615,      300,     3200,     5800,     6720,    41840,   178000,
       ProductReturn,       8821,          0,          0,          0,       8359,       9604,      200,     3400,     6400,     7500,    35000,   268000,

  3907s: (41%)   IR =   5673 ..[3910.459s][info][gc,start       ] GC(393) Pause Young (Normal) (G1 Evacuation Pause)
[3910.459s][info][gc,task        ] GC(393) Using 8 workers of 8 for evacuation
[3910.632s][info][gc,phases      ] GC(393)   Pre Evacuate Collection Set: 0.32ms
[3910.632s][info][gc,phases      ] GC(393)   Merge Heap Roots: 0.57ms
[3910.632s][info][gc,phases      ] GC(393)   Evacuate Collection Set: 171.48ms
[3910.632s][info][gc,phases      ] GC(393)   Post Evacuate Collection Set: 1.27ms
[3910.632s][info][gc,phases      ] GC(393)   Other: 0.06ms
[3910.632s][info][gc,heap        ] GC(393) Eden regions: 715->0(710)
[3910.632s][info][gc,heap        ] GC(393) Survivor regions: 52->53(96)
[3910.632s][info][gc,heap        ] GC(393) Old regions: 364->367
[3910.632s][info][gc,heap        ] GC(393) Humongous regions: 33->33
[3910.632s][info][gc,metaspace   ] GC(393) Metaspace: 30067K(30528K)->30067K(30528K) NonClass: 24653K(24896K)->24653K(24896K) Class: 5413K(5632K)->5413K(5632K)
[3910.632s][info][gc             ] GC(393) Pause Young (Normal) (G1 Evacuation Pause) 9276M->3588M(10240M) 173.837ms
[3910.632s][info][gc,cpu         ] GC(393) User=1.37s Sys=0.00s Real=0.17s
...|.....[3918.870s][info][gc,start       ] GC(394) Pause Young (Normal) (G1 Evacuation Pause)
[3918.870s][info][gc,task        ] GC(394) Using 8 workers of 8 for evacuation
[3919.040s][info][gc,phases      ] GC(394)   Pre Evacuate Collection Set: 0.30ms
[3919.040s][info][gc,phases      ] GC(394)   Merge Heap Roots: 0.56ms
[3919.040s][info][gc,phases      ] GC(394)   Evacuate Collection Set: 167.31ms
[3919.040s][info][gc,phases      ] GC(394)   Post Evacuate Collection Set: 1.38ms
[3919.040s][info][gc,phases      ] GC(394)   Other: 0.07ms
[3919.040s][info][gc,heap        ] GC(394) Eden regions: 710->0(710)
[3919.040s][info][gc,heap        ] GC(394) Survivor regions: 53->52(96)
[3919.040s][info][gc,heap        ] GC(394) Old regions: 367->369
[3919.040s][info][gc,heap        ] GC(394) Humongous regions: 33->33
[3919.040s][info][gc,metaspace   ] GC(394) Metaspace: 30067K(30528K)->30067K(30528K) NonClass: 24653K(24896K)->24653K(24896K) Class: 5413K(5632K)->5413K(5632K)
[3919.040s][info][gc             ] GC(394) Pause Young (Normal) (G1 Evacuation Pause) 9268M->3596M(10240M) 169.757ms
[3919.040s][info][gc,cpu         ] GC(394) User=1.34s Sys=0.00s Real=0.17s
.........[3927.339s][info][gc,start       ] GC(395) Pause Young (Normal) (G1 Evacuation Pause)
[3927.339s][info][gc,task        ] GC(395) Using 8 workers of 8 for evacuation
[3927.507s][info][gc,phases      ] GC(395)   Pre Evacuate Collection Set: 0.27ms
[3927.507s][info][gc,phases      ] GC(395)   Merge Heap Roots: 0.56ms
[3927.507s][info][gc,phases      ] GC(395)   Evacuate Collection Set: 166.27ms
[3927.507s][info][gc,phases      ] GC(395)   Post Evacuate Collection Set: 1.37ms
[3927.507s][info][gc,phases      ] GC(395)   Other: 0.08ms
[3927.507s][info][gc,heap        ] GC(395) Eden regions: 710->0(707)
[3927.507s][info][gc,heap        ] GC(395) Survivor regions: 52->52(96)
[3927.507s][info][gc,heap        ] GC(395) Old regions: 369->372
[3927.507s][info][gc,heap        ] GC(395) Humongous regions: 33->33
[3927.507s][info][gc,metaspace   ] GC(395) Metaspace: 30067K(30528K)->30067K(30528K) NonClass: 24653K(24896K)->24653K(24896K) Class: 5413K(5632K)->5413K(5632K)
[3927.507s][info][gc             ] GC(395) Pause Young (Normal) (G1 Evacuation Pause) 9276M->3620M(10240M) 168.689ms
[3927.507s][info][gc,cpu         ] GC(395) User=1.32s Sys=0.01s Real=0.17s
........[3935.744s][info][gc,start       ] GC(396) Pause Young (Normal) (G1 Evacuation Pause)
[3935.744s][info][gc,task        ] GC(396) Using 8 workers of 8 for evacuation
[3935.910s][info][gc,phases      ] GC(396)   Pre Evacuate Collection Set: 0.30ms
[3935.910s][info][gc,phases      ] GC(396)   Merge Heap Roots: 0.55ms
[3935.910s][info][gc,phases      ] GC(396)   Evacuate Collection Set: 163.79ms
[3935.910s][info][gc,phases      ] GC(396)   Post Evacuate Collection Set: 1.28ms
[3935.910s][info][gc,phases      ] GC(396)   Other: 0.09ms
[3935.910s][info][gc,heap        ] GC(396) Eden regions: 707->0(707)
[3935.910s][info][gc,heap        ] GC(396) Survivor regions: 52->51(95)
[3935.910s][info][gc,heap        ] GC(396) Old regions: 372->374
[3935.910s][info][gc,heap        ] GC(396) Humongous regions: 33->33
[3935.910s][info][gc,metaspace   ] GC(396) Metaspace: 30067K(30528K)->30067K(30528K) NonClass: 24653K(24896K)->24653K(24896K) Class: 5413K(5632K)->5413K(5632K)
[3935.910s][info][gc             ] GC(396) Pause Young (Normal) (G1 Evacuation Pause) 9276M->3631M(10240M) 166.149ms
[3935.911s][info][gc,cpu         ] GC(396) User=1.31s Sys=0.00s Real=0.17s
.........[3944.167s][info][gc,start       ] GC(397) Pause Young (Normal) (G1 Evacuation Pause)
[3944.167s][info][gc,task        ] GC(397) Using 8 workers of 8 for evacuation
[3944.334s][info][gc,phases      ] GC(397)   Pre Evacuate Collection Set: 0.28ms
[3944.334s][info][gc,phases      ] GC(397)   Merge Heap Roots: 0.55ms
[3944.334s][info][gc,phases      ] GC(397)   Evacuate Collection Set: 165.32ms
[3944.334s][info][gc,phases      ] GC(397)   Post Evacuate Collection Set: 1.24ms
[3944.334s][info][gc,phases      ] GC(397)   Other: 0.06ms
[3944.334s][info][gc,heap        ] GC(397) Eden regions: 707->0(705)
[3944.334s][info][gc,heap        ] GC(397) Survivor regions: 51->51(95)
[3944.334s][info][gc,heap        ] GC(397) Old regions: 374->376
[3944.334s][info][gc,heap        ] GC(397) Humongous regions: 33->33
[3944.334s][info][gc,metaspace   ] GC(397) Metaspace: 30067K(30528K)->30067K(30528K) NonClass: 24653K(24896K)->24653K(24896K) Class: 5413K(5632K)->5413K(5632K)
[3944.334s][info][gc             ] GC(397) Pause Young (Normal) (G1 Evacuation Pause) 9287M->3651M(10240M) 167.593ms
[3944.334s][info][gc,cpu         ] GC(397) User=1.31s Sys=0.00s Real=0.16s
........[3952.551s][info][gc,start       ] GC(398) Pause Young (Normal) (G1 Evacuation Pause)
[3952.551s][info][gc,task        ] GC(398) Using 8 workers of 8 for evacuation
[3952.720s][info][gc,phases      ] GC(398)   Pre Evacuate Collection Set: 0.30ms
[3952.720s][info][gc,phases      ] GC(398)   Merge Heap Roots: 0.58ms
[3952.720s][info][gc,phases      ] GC(398)   Evacuate Collection Set: 166.55ms
[3952.720s][info][gc,phases      ] GC(398)   Post Evacuate Collection Set: 1.31ms
[3952.720s][info][gc,phases      ] GC(398)   Other: 0.07ms
[3952.720s][info][gc,heap        ] GC(398) Eden regions: 705->0(700)
[3952.720s][info][gc,heap        ] GC(398) Survivor regions: 51->52(95)
[3952.720s][info][gc,heap        ] GC(398) Old regions: 376->379
[3952.720s][info][gc,heap        ] GC(398) Humongous regions: 33->33
[3952.720s][info][gc,metaspace   ] GC(398) Metaspace: 30067K(30528K)->30067K(30528K) NonClass: 24653K(24896K)->24653K(24896K) Class: 5413K(5632K)->5413K(5632K)
[3952.720s][info][gc             ] GC(398) Pause Young (Normal) (G1 Evacuation Pause) 9291M->3676M(10240M) 168.938ms
[3952.720s][info][gc,cpu         ] GC(398) User=1.33s Sys=0.00s Real=0.17s
........[3960.844s][info][gc,start       ] GC(399) Pause Young (Normal) (G1 Evacuation Pause)
[3960.844s][info][gc,task        ] GC(399) Using 8 workers of 8 for evacuation
[3961.015s][info][gc,phases      ] GC(399)   Pre Evacuate Collection Set: 0.27ms
[3961.015s][info][gc,phases      ] GC(399)   Merge Heap Roots: 0.55ms
[3961.015s][info][gc,phases      ] GC(399)   Evacuate Collection Set: 168.37ms
[3961.015s][info][gc,phases      ] GC(399)   Post Evacuate Collection Set: 1.29ms
[3961.015s][info][gc,phases      ] GC(399)   Other: 0.06ms
[3961.015s][info][gc,heap        ] GC(399) Eden regions: 700->0(695)
[3961.015s][info][gc,heap        ] GC(399) Survivor regions: 52->53(94)
[3961.015s][info][gc,heap        ] GC(399) Old regions: 379->382
[3961.015s][info][gc,heap        ] GC(399) Humongous regions: 33->33
[3961.015s][info][gc,metaspace   ] GC(399) Metaspace: 30067K(30528K)->30067K(30528K) NonClass: 24653K(24896K)->24653K(24896K) Class: 5413K(5632K)->5413K(5632K)
[3961.015s][info][gc             ] GC(399) Pause Young (Normal) (G1 Evacuation Pause) 9276M->3708M(10240M) 170.690ms
[3961.015s][info][gc,cpu         ] GC(399) User=1.34s Sys=0.00s Real=0.17s
.........[3969.154s][info][gc,start       ] GC(400) Pause Young (Normal) (G1 Evacuation Pause)
[3969.154s][info][gc,task        ] GC(400) Using 8 workers of 8 for evacuation
[3969.322s][info][gc,phases      ] GC(400)   Pre Evacuate Collection Set: 0.32ms
[3969.322s][info][gc,phases      ] GC(400)   Merge Heap Roots: 0.61ms
[3969.322s][info][gc,phases      ] GC(400)   Evacuate Collection Set: 165.75ms
[3969.322s][info][gc,phases      ] GC(400)   Post Evacuate Collection Set: 1.28ms
[3969.322s][info][gc,phases      ] GC(400)   Other: 0.06ms
[3969.322s][info][gc,heap        ] GC(400) Eden regions: 695->0(697)
[3969.322s][info][gc,heap        ] GC(400) Survivor regions: 53->51(94)
[3969.322s][info][gc,heap        ] GC(400) Old regions: 382->384
[3969.322s][info][gc,heap        ] GC(400) Humongous regions: 33->33
[3969.322s][info][gc,metaspace   ] GC(400) Metaspace: 30067K(30528K)->30067K(30528K) NonClass: 24653K(24896K)->24653K(24896K) Class: 5413K(5632K)->5413K(5632K)
[3969.322s][info][gc             ] GC(400) Pause Young (Normal) (G1 Evacuation Pause) 9268M->3713M(10240M) 168.160ms
[3969.322s][info][gc,cpu         ] GC(400) User=1.32s Sys=0.00s Real=0.17s
.... (rIR:aIR:PR = 5673:5670:5670) (tPR = 84669) [OK] 
  3972s: Performance info:
         Transaction,    Success,    Partial,     Failed,   Receipts, AvgBarcode, 
             Overall,     340376,          0,          0,     323346,      59.47, 
         Response times:
             Request,    Success,    Partial,     Failed,   SkipFail,     Probes,    Samples,      min,      p50,      p90,      p95,      p99,      max, 
       TotalPurchase,     323346,          0,          0,          0,     316557,     345462,      400,     3700,     6700,     8000,    46000,   331000,
     InStorePurchase,     170147,          0,          0,          0,     167271,     182111,      400,     3700,     6700,     7900,    46000,   331000,
      OnlinePurchase,     119181,          0,          0,          0,     116373,     127178,      400,     3700,     6700,     8000,    45000,   331000,
        InstPurchase,      34018,          0,          0,          0,      32913,      36173,      500,     3700,     6700,     8000,    49000,   331000,
          AssocOfCat,        341,          0,          0,          0,        261,        379,    26000,    35000,    47000,    53000,   190000,   232000,
      AssocOfProduct,       3409,          0,          0,          0,       3107,       3572,      600,     3900,     7300,     8600,    47270,   177000,
      BusinessReport,        856,          0,          0,          0,        749,        916,    26000,    38000,    53000,    58000,   127980,   246000,
          CustBuyBeh,       3401,          0,          0,          0,       3157,       3599,      300,     4100,     6700,     8500,    54000,   177000,
       ProductReturn,       9023,          0,          0,          0,       8636,       9618,      200,     4000,     6600,     7800,    45000,   182000,

  3972s: (42%)   IR =   5812 ....[3977.298s][info][gc,start       ] GC(401) Pause Young (Normal) (G1 Evacuation Pause)
[3977.298s][info][gc,task        ] GC(401) Using 8 workers of 8 for evacuation
[3977.466s][info][gc,phases      ] GC(401)   Pre Evacuate Collection Set: 0.29ms
[3977.466s][info][gc,phases      ] GC(401)   Merge Heap Roots: 0.57ms
[3977.466s][info][gc,phases      ] GC(401)   Evacuate Collection Set: 165.35ms
[3977.466s][info][gc,phases      ] GC(401)   Post Evacuate Collection Set: 1.23ms
[3977.466s][info][gc,phases      ] GC(401)   Other: 0.07ms
[3977.466s][info][gc,heap        ] GC(401) Eden regions: 697->0(692)
[3977.466s][info][gc,heap        ] GC(401) Survivor regions: 51->52(94)
[3977.466s][info][gc,heap        ] GC(401) Old regions: 384->387
[3977.466s][info][gc,heap        ] GC(401) Humongous regions: 33->33
[3977.466s][info][gc,metaspace   ] GC(401) Metaspace: 30067K(30528K)->30067K(30528K) NonClass: 24653K(24896K)->24653K(24896K) Class: 5413K(5632K)->5413K(5632K)
[3977.466s][info][gc             ] GC(401) Pause Young (Normal) (G1 Evacuation Pause) 9289M->3737M(10240M) 167.652ms
[3977.466s][info][gc,cpu         ] GC(401) User=1.32s Sys=0.00s Real=0.17s
.|.......[3985.403s][info][gc,start       ] GC(402) Pause Young (Normal) (G1 Evacuation Pause)
[3985.403s][info][gc,task        ] GC(402) Using 8 workers of 8 for evacuation
[3985.571s][info][gc,phases      ] GC(402)   Pre Evacuate Collection Set: 0.32ms
[3985.571s][info][gc,phases      ] GC(402)   Merge Heap Roots: 0.56ms
[3985.571s][info][gc,phases      ] GC(402)   Evacuate Collection Set: 165.75ms
[3985.571s][info][gc,phases      ] GC(402)   Post Evacuate Collection Set: 1.27ms
[3985.571s][info][gc,phases      ] GC(402)   Other: 0.07ms
[3985.571s][info][gc,heap        ] GC(402) Eden regions: 692->0(690)
[3985.571s][info][gc,heap        ] GC(402) Survivor regions: 52->52(93)
[3985.571s][info][gc,heap        ] GC(402) Old regions: 387->389
[3985.571s][info][gc,heap        ] GC(402) Humongous regions: 33->33
[3985.571s][info][gc,metaspace   ] GC(402) Metaspace: 30067K(30528K)->30067K(30528K) NonClass: 24653K(24896K)->24653K(24896K) Class: 5413K(5632K)->5413K(5632K)
[3985.571s][info][gc             ] GC(402) Pause Young (Normal) (G1 Evacuation Pause) 9273M->3758M(10240M) 168.108ms
[3985.571s][info][gc,cpu         ] GC(402) User=1.32s Sys=0.00s Real=0.17s
........[3993.368s][info][gc,start       ] GC(403) Pause Young (Normal) (G1 Evacuation Pause)
[3993.368s][info][gc,task        ] GC(403) Using 8 workers of 8 for evacuation
[3993.538s][info][gc,phases      ] GC(403)   Pre Evacuate Collection Set: 0.28ms
[3993.538s][info][gc,phases      ] GC(403)   Merge Heap Roots: 0.57ms
[3993.538s][info][gc,phases      ] GC(403)   Evacuate Collection Set: 168.30ms
[3993.538s][info][gc,phases      ] GC(403)   Post Evacuate Collection Set: 1.25ms
[3993.538s][info][gc,phases      ] GC(403)   Other: 0.07ms
[3993.538s][info][gc,heap        ] GC(403) Eden regions: 690->0(687)
[3993.538s][info][gc,heap        ] GC(403) Survivor regions: 52->52(93)
[3993.538s][info][gc,heap        ] GC(403) Old regions: 389->392
[3993.538s][info][gc,heap        ] GC(403) Humongous regions: 33->33
[3993.539s][info][gc,metaspace   ] GC(403) Metaspace: 30067K(30528K)->30067K(30528K) NonClass: 24653K(24896K)->24653K(24896K) Class: 5413K(5632K)->5413K(5632K)
[3993.539s][info][gc             ] GC(403) Pause Young (Normal) (G1 Evacuation Pause) 9278M->3779M(10240M) 170.604ms
[3993.539s][info][gc,cpu         ] GC(403) User=1.34s Sys=0.00s Real=0.17s
........[4001.316s][info][gc,start       ] GC(404) Pause Young (Normal) (G1 Evacuation Pause)
[4001.316s][info][gc,task        ] GC(404) Using 8 workers of 8 for evacuation
[4001.484s][info][gc,phases      ] GC(404)   Pre Evacuate Collection Set: 0.30ms
[4001.484s][info][gc,phases      ] GC(404)   Merge Heap Roots: 0.59ms
[4001.484s][info][gc,phases      ] GC(404)   Evacuate Collection Set: 166.11ms
[4001.484s][info][gc,phases      ] GC(404)   Post Evacuate Collection Set: 1.25ms
[4001.484s][info][gc,phases      ] GC(404)   Other: 0.06ms
[4001.484s][info][gc,heap        ] GC(404) Eden regions: 687->0(684)
[4001.484s][info][gc,heap        ] GC(404) Survivor regions: 52->52(93)
[4001.484s][info][gc,heap        ] GC(404) Old regions: 392->395
[4001.484s][info][gc,heap        ] GC(404) Humongous regions: 33->33
[4001.484s][info][gc,metaspace   ] GC(404) Metaspace: 30067K(30528K)->30067K(30528K) NonClass: 24653K(24896K)->24653K(24896K) Class: 5413K(5632K)->5413K(5632K)
[4001.484s][info][gc             ] GC(404) Pause Young (Normal) (G1 Evacuation Pause) 9275M->3800M(10240M) 168.456ms
[4001.484s][info][gc,cpu         ] GC(404) User=1.32s Sys=0.00s Real=0.16s
........[4009.283s][info][gc,start       ] GC(405) Pause Young (Normal) (G1 Evacuation Pause)
[4009.283s][info][gc,task        ] GC(405) Using 8 workers of 8 for evacuation
[4009.456s][info][gc,phases      ] GC(405)   Pre Evacuate Collection Set: 0.28ms
[4009.456s][info][gc,phases      ] GC(405)   Merge Heap Roots: 0.58ms
[4009.456s][info][gc,phases      ] GC(405)   Evacuate Collection Set: 170.65ms
[4009.456s][info][gc,phases      ] GC(405)   Post Evacuate Collection Set: 1.28ms
[4009.456s][info][gc,phases      ] GC(405)   Other: 0.07ms
[4009.456s][info][gc,heap        ] GC(405) Eden regions: 684->0(682)
[4009.456s][info][gc,heap        ] GC(405) Survivor regions: 52->52(92)
[4009.456s][info][gc,heap        ] GC(405) Old regions: 395->397
[4009.456s][info][gc,heap        ] GC(405) Humongous regions: 33->33
[4009.456s][info][gc,metaspace   ] GC(405) Metaspace: 30068K(30528K)->30068K(30528K) NonClass: 24654K(24896K)->24654K(24896K) Class: 5413K(5632K)->5413K(5632K)
[4009.456s][info][gc             ] GC(405) Pause Young (Normal) (G1 Evacuation Pause) 9272M->3821M(10240M) 172.991ms
[4009.456s][info][gc,cpu         ] GC(405) User=1.36s Sys=0.00s Real=0.18s
........[4017.281s][info][gc,start       ] GC(406) Pause Young (Normal) (G1 Evacuation Pause)
[4017.281s][info][gc,task        ] GC(406) Using 8 workers of 8 for evacuation
[4017.452s][info][gc,phases      ] GC(406)   Pre Evacuate Collection Set: 0.31ms
[4017.452s][info][gc,phases      ] GC(406)   Merge Heap Roots: 0.61ms
[4017.452s][info][gc,phases      ] GC(406)   Evacuate Collection Set: 168.36ms
[4017.452s][info][gc,phases      ] GC(406)   Post Evacuate Collection Set: 1.22ms
[4017.452s][info][gc,phases      ] GC(406)   Other: 0.07ms
[4017.452s][info][gc,heap        ] GC(406) Eden regions: 682->0(677)
[4017.452s][info][gc,heap        ] GC(406) Survivor regions: 52->53(92)
[4017.452s][info][gc,heap        ] GC(406) Old regions: 397->400
[4017.452s][info][gc,heap        ] GC(406) Humongous regions: 33->33
[4017.452s][info][gc,metaspace   ] GC(406) Metaspace: 30068K(30528K)->30068K(30528K) NonClass: 24654K(24896K)->24654K(24896K) Class: 5413K(5632K)->5413K(5632K)
[4017.452s][info][gc             ] GC(406) Pause Young (Normal) (G1 Evacuation Pause) 9277M->3851M(10240M) 170.734ms
[4017.452s][info][gc,cpu         ] GC(406) User=1.34s Sys=0.00s Real=0.17s
.......[4025.070s][info][gc,start       ] GC(407) Pause Young (Normal) (G1 Evacuation Pause)
[4025.070s][info][gc,task        ] GC(407) Using 8 workers of 8 for evacuation
[4025.236s][info][gc,phases      ] GC(407)   Pre Evacuate Collection Set: 0.30ms
[4025.236s][info][gc,phases      ] GC(407)   Merge Heap Roots: 0.55ms
[4025.236s][info][gc,phases      ] GC(407)   Evacuate Collection Set: 164.54ms
[4025.236s][info][gc,phases      ] GC(407)   Post Evacuate Collection Set: 1.27ms
[4025.236s][info][gc,phases      ] GC(407)   Other: 0.08ms
[4025.236s][info][gc,heap        ] GC(407) Eden regions: 677->0(676)
[4025.236s][info][gc,heap        ] GC(407) Survivor regions: 53->52(92)
[4025.236s][info][gc,heap        ] GC(407) Old regions: 400->403
[4025.236s][info][gc,heap        ] GC(407) Humongous regions: 33->33
[4025.236s][info][gc,metaspace   ] GC(407) Metaspace: 30068K(30528K)->30068K(30528K) NonClass: 24654K(24896K)->24654K(24896K) Class: 5413K(5632K)->5413K(5632K)
[4025.236s][info][gc             ] GC(407) Pause Young (Normal) (G1 Evacuation Pause) 9267M->3864M(10240M) 166.877ms
[4025.237s][info][gc,cpu         ] GC(407) User=1.31s Sys=0.00s Real=0.17s
........[4032.953s][info][gc,start       ] GC(408) Pause Young (Normal) (G1 Evacuation Pause)
[4032.953s][info][gc,task        ] GC(408) Using 8 workers of 8 for evacuation
[4033.119s][info][gc,phases      ] GC(408)   Pre Evacuate Collection Set: 0.30ms
[4033.119s][info][gc,phases      ] GC(408)   Merge Heap Roots: 0.57ms
[4033.119s][info][gc,phases      ] GC(408)   Evacuate Collection Set: 163.46ms
[4033.119s][info][gc,phases      ] GC(408)   Post Evacuate Collection Set: 1.26ms
[4033.119s][info][gc,phases      ] GC(408)   Other: 0.07ms
[4033.119s][info][gc,heap        ] GC(408) Eden regions: 676->0(676)
[4033.119s][info][gc,heap        ] GC(408) Survivor regions: 52->51(91)
[4033.119s][info][gc,heap        ] GC(408) Old regions: 403->405
[4033.119s][info][gc,heap        ] GC(408) Humongous regions: 33->33
[4033.119s][info][gc,metaspace   ] GC(408) Metaspace: 30068K(30528K)->30068K(30528K) NonClass: 24654K(24896K)->24654K(24896K) Class: 5413K(5632K)->5413K(5632K)
[4033.119s][info][gc             ] GC(408) Pause Young (Normal) (G1 Evacuation Pause) 9272M->3878M(10240M) 165.831ms
[4033.119s][info][gc,cpu         ] GC(408) User=1.30s Sys=0.00s Real=0.17s
...... (rIR:aIR:PR = 5812:5812:5812) (tPR = 85820) [OK] 
  4038s: Performance info:
         Transaction,    Success,    Partial,     Failed,   Receipts, AvgBarcode, 
             Overall,     349441,          0,          0,     331956,      59.48, 
         Response times:
             Request,    Success,    Partial,     Failed,   SkipFail,     Probes,    Samples,      min,      p50,      p90,      p95,      p99,      max, 
       TotalPurchase,     331956,          0,          0,          0,     325092,     354143,      400,     3800,     6800,     8100,    50000,   186000,
     InStorePurchase,     174732,          0,          0,          0,     171257,     186339,      400,     3600,     6800,     8000,    48000,   186000,
      OnlinePurchase,     122283,          0,          0,          0,     119932,     130687,      400,     3900,     6800,     8100,    54000,   185000,
        InstPurchase,      34941,          0,          0,          0,      33903,      37117,      500,     4100,     7100,     8500,    49000,   182000,
          AssocOfCat,        350,          0,          0,          0,        266,        374,    28000,    36000,    48500,    56500,    90000,   236000,
      AssocOfProduct,       3493,          0,          0,          0,       3273,       3815,      400,     3000,     6200,     7400,    41000,   113000,
      BusinessReport,        877,          0,          0,          0,        757,        921,    30000,    39000,    57000,    67000,   204560,   236000,
          CustBuyBeh,       3502,          0,          0,          0,       3216,       3708,      300,     3500,     6700,     8200,    48000,   174000,
       ProductReturn,       9263,          0,          0,          0,       8731,       9754,      300,     3600,     6900,     8300,    44450,   184000,

  4038s: (43%)   IR =   5950 ..[4040.735s][info][gc,start       ] GC(409) Pause Young (Normal) (G1 Evacuation Pause)
[4040.735s][info][gc,task        ] GC(409) Using 8 workers of 8 for evacuation
[4040.902s][info][gc,phases      ] GC(409)   Pre Evacuate Collection Set: 0.30ms
[4040.902s][info][gc,phases      ] GC(409)   Merge Heap Roots: 0.57ms
[4040.902s][info][gc,phases      ] GC(409)   Evacuate Collection Set: 165.31ms
[4040.902s][info][gc,phases      ] GC(409)   Post Evacuate Collection Set: 1.32ms
[4040.902s][info][gc,phases      ] GC(409)   Other: 0.07ms
[4040.902s][info][gc,heap        ] GC(409) Eden regions: 676->0(673)
[4040.902s][info][gc,heap        ] GC(409) Survivor regions: 51->51(91)
[4040.902s][info][gc,heap        ] GC(409) Old regions: 405->408
[4040.902s][info][gc,heap        ] GC(409) Humongous regions: 33->33
[4040.902s][info][gc,metaspace   ] GC(409) Metaspace: 30068K(30528K)->30068K(30528K) NonClass: 24654K(24896K)->24654K(24896K) Class: 5413K(5632K)->5413K(5632K)
[4040.902s][info][gc             ] GC(409) Pause Young (Normal) (G1 Evacuation Pause) 9286M->3904M(10240M) 167.699ms
[4040.902s][info][gc,cpu         ] GC(409) User=1.32s Sys=0.00s Real=0.17s
...|....[4048.299s][info][gc,start       ] GC(410) Pause Young (Normal) (G1 Evacuation Pause)
[4048.299s][info][gc,task        ] GC(410) Using 8 workers of 8 for evacuation
[4048.465s][info][gc,phases      ] GC(410)   Pre Evacuate Collection Set: 0.29ms
[4048.465s][info][gc,phases      ] GC(410)   Merge Heap Roots: 0.55ms
[4048.465s][info][gc,phases      ] GC(410)   Evacuate Collection Set: 163.82ms
[4048.465s][info][gc,phases      ] GC(410)   Post Evacuate Collection Set: 1.24ms
[4048.465s][info][gc,phases      ] GC(410)   Other: 0.06ms
[4048.465s][info][gc,heap        ] GC(410) Eden regions: 673->0(670)
[4048.465s][info][gc,heap        ] GC(410) Survivor regions: 51->51(91)
[4048.465s][info][gc,heap        ] GC(410) Old regions: 408->411
[4048.465s][info][gc,heap        ] GC(410) Humongous regions: 33->33
[4048.465s][info][gc,metaspace   ] GC(410) Metaspace: 30068K(30528K)->30068K(30528K) NonClass: 24654K(24896K)->24654K(24896K) Class: 5413K(5632K)->5413K(5632K)
[4048.465s][info][gc             ] GC(410) Pause Young (Normal) (G1 Evacuation Pause) 9288M->3926M(10240M) 166.112ms
[4048.465s][info][gc,cpu         ] GC(410) User=1.30s Sys=0.00s Real=0.16s
........[4055.923s][info][gc,start       ] GC(411) Pause Young (Normal) (G1 Evacuation Pause)
[4055.923s][info][gc,task        ] GC(411) Using 8 workers of 8 for evacuation
[4056.089s][info][gc,phases      ] GC(411)   Pre Evacuate Collection Set: 0.31ms
[4056.089s][info][gc,phases      ] GC(411)   Merge Heap Roots: 0.55ms
[4056.089s][info][gc,phases      ] GC(411)   Evacuate Collection Set: 163.65ms
[4056.089s][info][gc,phases      ] GC(411)   Post Evacuate Collection Set: 1.27ms
[4056.089s][info][gc,phases      ] GC(411)   Other: 0.07ms
[4056.089s][info][gc,heap        ] GC(411) Eden regions: 670->0(667)
[4056.089s][info][gc,heap        ] GC(411) Survivor regions: 51->51(91)
[4056.089s][info][gc,heap        ] GC(411) Old regions: 411->414
[4056.089s][info][gc,heap        ] GC(411) Humongous regions: 33->33
[4056.089s][info][gc,metaspace   ] GC(411) Metaspace: 30068K(30528K)->30068K(30528K) NonClass: 24654K(24896K)->24654K(24896K) Class: 5413K(5632K)->5413K(5632K)
[4056.089s][info][gc             ] GC(411) Pause Young (Normal) (G1 Evacuation Pause) 9286M->3944M(10240M) 165.994ms
[4056.089s][info][gc,cpu         ] GC(411) User=1.31s Sys=0.00s Real=0.17s
........[4063.522s][info][gc,start       ] GC(412) Pause Young (Normal) (G1 Evacuation Pause)
[4063.522s][info][gc,task        ] GC(412) Using 8 workers of 8 for evacuation
[4063.689s][info][gc,phases      ] GC(412)   Pre Evacuate Collection Set: 0.27ms
[4063.689s][info][gc,phases      ] GC(412)   Merge Heap Roots: 0.59ms
[4063.689s][info][gc,phases      ] GC(412)   Evacuate Collection Set: 164.83ms
[4063.689s][info][gc,phases      ] GC(412)   Post Evacuate Collection Set: 1.22ms
[4063.689s][info][gc,phases      ] GC(412)   Other: 0.06ms
[4063.689s][info][gc,heap        ] GC(412) Eden regions: 667->0(664)
[4063.689s][info][gc,heap        ] GC(412) Survivor regions: 51->51(90)
[4063.689s][info][gc,heap        ] GC(412) Old regions: 414->417
[4063.689s][info][gc,heap        ] GC(412) Humongous regions: 33->33
[4063.689s][info][gc,metaspace   ] GC(412) Metaspace: 30068K(30528K)->30068K(30528K) NonClass: 24654K(24896K)->24654K(24896K) Class: 5413K(5632K)->5413K(5632K)
[4063.689s][info][gc             ] GC(412) Pause Young (Normal) (G1 Evacuation Pause) 9280M->3973M(10240M) 167.102ms
[4063.689s][info][gc,cpu         ] GC(412) User=1.31s Sys=0.00s Real=0.17s
.......[4070.974s][info][gc,start       ] GC(413) Pause Young (Normal) (G1 Evacuation Pause)
[4070.974s][info][gc,task        ] GC(413) Using 8 workers of 8 for evacuation
[4071.139s][info][gc,phases      ] GC(413)   Pre Evacuate Collection Set: 0.32ms
[4071.139s][info][gc,phases      ] GC(413)   Merge Heap Roots: 0.64ms
[4071.139s][info][gc,phases      ] GC(413)   Evacuate Collection Set: 163.02ms
[4071.139s][info][gc,phases      ] GC(413)   Post Evacuate Collection Set: 1.25ms
[4071.139s][info][gc,phases      ] GC(413)   Other: 0.07ms
[4071.139s][info][gc,heap        ] GC(413) Eden regions: 664->0(661)
[4071.139s][info][gc,heap        ] GC(413) Survivor regions: 51->51(90)
[4071.139s][info][gc,heap        ] GC(413) Old regions: 417->420
[4071.139s][info][gc,heap        ] GC(413) Humongous regions: 33->33
[4071.139s][info][gc,metaspace   ] GC(413) Metaspace: 30068K(30528K)->30068K(30528K) NonClass: 24654K(24896K)->24654K(24896K) Class: 5413K(5632K)->5413K(5632K)
[4071.139s][info][gc             ] GC(413) Pause Young (Normal) (G1 Evacuation Pause) 9285M->3996M(10240M) 165.441ms
[4071.139s][info][gc,cpu         ] GC(413) User=1.30s Sys=0.00s Real=0.17s
........[4078.516s][info][gc,start       ] GC(414) Pause Young (Normal) (G1 Evacuation Pause)
[4078.516s][info][gc,task        ] GC(414) Using 8 workers of 8 for evacuation
[4078.684s][info][gc,phases      ] GC(414)   Pre Evacuate Collection Set: 0.33ms
[4078.684s][info][gc,phases      ] GC(414)   Merge Heap Roots: 0.57ms
[4078.684s][info][gc,phases      ] GC(414)   Evacuate Collection Set: 165.31ms
[4078.684s][info][gc,phases      ] GC(414)   Post Evacuate Collection Set: 1.24ms
[4078.684s][info][gc,phases      ] GC(414)   Other: 0.07ms
[4078.684s][info][gc,heap        ] GC(414) Eden regions: 661->0(657)
[4078.684s][info][gc,heap        ] GC(414) Survivor regions: 51->52(89)
[4078.684s][info][gc,heap        ] GC(414) Old regions: 420->422
[4078.684s][info][gc,heap        ] GC(414) Humongous regions: 33->33
[4078.684s][info][gc,metaspace   ] GC(414) Metaspace: 30068K(30528K)->30068K(30528K) NonClass: 24654K(24896K)->24654K(24896K) Class: 5413K(5632K)->5413K(5632K)
[4078.684s][info][gc             ] GC(414) Pause Young (Normal) (G1 Evacuation Pause) 9284M->4023M(10240M) 167.647ms
[4078.684s][info][gc,cpu         ] GC(414) User=1.32s Sys=0.01s Real=0.16s
.......[4085.977s][info][gc,start       ] GC(415) Pause Young (Normal) (G1 Evacuation Pause)
[4085.977s][info][gc,task        ] GC(415) Using 8 workers of 8 for evacuation
[4086.142s][info][gc,phases      ] GC(415)   Pre Evacuate Collection Set: 0.28ms
[4086.142s][info][gc,phases      ] GC(415)   Merge Heap Roots: 0.56ms
[4086.142s][info][gc,phases      ] GC(415)   Evacuate Collection Set: 162.71ms
[4086.142s][info][gc,phases      ] GC(415)   Post Evacuate Collection Set: 1.26ms
[4086.142s][info][gc,phases      ] GC(415)   Other: 0.09ms
[4086.142s][info][gc,heap        ] GC(415) Eden regions: 657->0(656)
[4086.142s][info][gc,heap        ] GC(415) Survivor regions: 52->51(89)
[4086.142s][info][gc,heap        ] GC(415) Old regions: 422->425
[4086.142s][info][gc,heap        ] GC(415) Humongous regions: 33->33
[4086.142s][info][gc,metaspace   ] GC(415) Metaspace: 30068K(30528K)->30068K(30528K) NonClass: 24654K(24896K)->24654K(24896K) Class: 5413K(5632K)->5413K(5632K)
[4086.142s][info][gc             ] GC(415) Pause Young (Normal) (G1 Evacuation Pause) 9279M->4038M(10240M) 165.031ms
[4086.142s][info][gc,cpu         ] GC(415) User=1.30s Sys=0.00s Real=0.16s
.......[4093.372s][info][gc,start       ] GC(416) Pause Young (Normal) (G1 Evacuation Pause)
[4093.372s][info][gc,task        ] GC(416) Using 8 workers of 8 for evacuation
[4093.543s][info][gc,phases      ] GC(416)   Pre Evacuate Collection Set: 0.31ms
[4093.543s][info][gc,phases      ] GC(416)   Merge Heap Roots: 0.63ms
[4093.543s][info][gc,phases      ] GC(416)   Evacuate Collection Set: 168.69ms
[4093.543s][info][gc,phases      ] GC(416)   Post Evacuate Collection Set: 1.19ms
[4093.543s][info][gc,phases      ] GC(416)   Other: 0.07ms
[4093.543s][info][gc,heap        ] GC(416) Eden regions: 656->0(651)
[4093.543s][info][gc,heap        ] GC(416) Survivor regions: 51->52(89)
[4093.543s][info][gc,heap        ] GC(416) Old regions: 425->428
[4093.543s][info][gc,heap        ] GC(416) Humongous regions: 33->33
[4093.543s][info][gc,metaspace   ] GC(416) Metaspace: 30068K(30528K)->30068K(30528K) NonClass: 24654K(24896K)->24654K(24896K) Class: 5413K(5632K)->5413K(5632K)
[4093.543s][info][gc             ] GC(416) Pause Young (Normal) (G1 Evacuation Pause) 9286M->4073M(10240M) 171.020ms
[4093.543s][info][gc,cpu         ] GC(416) User=1.35s Sys=0.00s Real=0.17s
........[4100.797s][info][gc,start       ] GC(417) Pause Young (Normal) (G1 Evacuation Pause)
[4100.797s][info][gc,task        ] GC(417) Using 8 workers of 8 for evacuation
[4100.962s][info][gc,phases      ] GC(417)   Pre Evacuate Collection Set: 0.28ms
[4100.963s][info][gc,phases      ] GC(417)   Merge Heap Roots: 0.58ms
[4100.963s][info][gc,phases      ] GC(417)   Evacuate Collection Set: 163.45ms
[4100.963s][info][gc,phases      ] GC(417)   Post Evacuate Collection Set: 1.17ms
[4100.963s][info][gc,phases      ] GC(417)   Other: 0.07ms
[4100.963s][info][gc,heap        ] GC(417) Eden regions: 651->0(654)
[4100.963s][info][gc,heap        ] GC(417) Survivor regions: 52->46(88)
[4100.963s][info][gc,heap        ] GC(417) Old regions: 428->437
[4100.963s][info][gc,heap        ] GC(417) Humongous regions: 33->33
[4100.963s][info][gc,metaspace   ] GC(417) Metaspace: 30068K(30528K)->30068K(30528K) NonClass: 24654K(24896K)->24654K(24896K) Class: 5413K(5632K)->5413K(5632K)
[4100.963s][info][gc             ] GC(417) Pause Young (Normal) (G1 Evacuation Pause) 9281M->4093M(10240M) 165.698ms
[4100.963s][info][gc,cpu         ] GC(417) User=1.30s Sys=0.00s Real=0.16s
... (rIR:aIR:PR = 5950:5948:5948) (tPR = 88318) [OK] 
  4103s: Performance info:
         Transaction,    Success,    Partial,     Failed,   Receipts, AvgBarcode, 
             Overall,     358231,          0,          0,     340305,      59.48, 
         Response times:
             Request,    Success,    Partial,     Failed,   SkipFail,     Probes,    Samples,      min,      p50,      p90,      p95,      p99,      max, 
       TotalPurchase,     340305,          0,          0,          0,     332930,     362664,      400,     3900,     7100,     8800,    55000,   267000,
     InStorePurchase,     179144,          0,          0,          0,     175425,     190673,      400,     3900,     7000,     8800,    57000,   267000,
      OnlinePurchase,     125341,          0,          0,          0,     122759,     133683,      400,     3800,     7100,     8800,    51000,   267000,
        InstPurchase,      35820,          0,          0,          0,      34746,      38308,      500,     3900,     7100,     8800,    56000,   266000,
          AssocOfCat,        361,          0,          0,          0,        287,        413,    23000,    35000,    47600,    54000,    95620,   107000,
      AssocOfProduct,       3591,          0,          0,          0,       3294,       3753,      800,     4700,     7300,     8900,    72000,   264000,
      BusinessReport,        897,          0,          0,          0,        785,        970,    29000,    39000,    55000,    67000,   137580,   239000,
          CustBuyBeh,       3569,          0,          0,          0,       3310,       3791,      300,     3700,     6700,     8800,    57000,   175000,
       ProductReturn,       9508,          0,          0,          0,       9058,      10089,      200,     3900,     6700,     8100,    63100,   264000,

  4103s: (44%)   IR =   6088 ....[4108.118s][info][gc,start       ] GC(418) Pause Young (Normal) (G1 Evacuation Pause)
[4108.118s][info][gc,task        ] GC(418) Using 8 workers of 8 for evacuation
[4108.276s][info][gc,phases      ] GC(418)   Pre Evacuate Collection Set: 0.31ms
[4108.276s][info][gc,phases      ] GC(418)   Merge Heap Roots: 0.57ms
[4108.276s][info][gc,phases      ] GC(418)   Evacuate Collection Set: 155.67ms
[4108.276s][info][gc,phases      ] GC(418)   Post Evacuate Collection Set: 1.30ms
[4108.276s][info][gc,phases      ] GC(418)   Other: 0.07ms
[4108.276s][info][gc,heap        ] GC(418) Eden regions: 654->0(646)
[4108.276s][info][gc,heap        ] GC(418) Survivor regions: 46->50(88)
[4108.276s][info][gc,heap        ] GC(418) Old regions: 437->437
[4108.276s][info][gc,heap        ] GC(418) Humongous regions: 33->33
[4108.276s][info][gc,metaspace   ] GC(418) Metaspace: 30068K(30528K)->30068K(30528K) NonClass: 24654K(24896K)->24654K(24896K) Class: 5413K(5632K)->5413K(5632K)
[4108.276s][info][gc             ] GC(418) Pause Young (Normal) (G1 Evacuation Pause) 9325M->4129M(10240M) 158.068ms
[4108.277s][info][gc,cpu         ] GC(418) User=1.25s Sys=0.01s Real=0.16s
..|.....[4115.251s][info][gc,start       ] GC(419) Pause Young (Normal) (G1 Evacuation Pause)
[4115.251s][info][gc,task        ] GC(419) Using 8 workers of 8 for evacuation
[4115.417s][info][gc,phases      ] GC(419)   Pre Evacuate Collection Set: 0.30ms
[4115.417s][info][gc,phases      ] GC(419)   Merge Heap Roots: 0.56ms
[4115.417s][info][gc,phases      ] GC(419)   Evacuate Collection Set: 163.71ms
[4115.417s][info][gc,phases      ] GC(419)   Post Evacuate Collection Set: 1.19ms
[4115.417s][info][gc,phases      ] GC(419)   Other: 0.06ms
[4115.417s][info][gc,heap        ] GC(419) Eden regions: 646->0(641)
[4115.417s][info][gc,heap        ] GC(419) Survivor regions: 50->51(87)
[4115.417s][info][gc,heap        ] GC(419) Old regions: 437->440
[4115.417s][info][gc,heap        ] GC(419) Humongous regions: 33->33
[4115.417s][info][gc,metaspace   ] GC(419) Metaspace: 30068K(30528K)->30068K(30528K) NonClass: 24654K(24896K)->24654K(24896K) Class: 5413K(5632K)->5413K(5632K)
[4115.417s][info][gc             ] GC(419) Pause Young (Normal) (G1 Evacuation Pause) 9297M->4155M(10240M) 165.955ms
[4115.417s][info][gc,cpu         ] GC(419) User=1.31s Sys=0.00s Real=0.17s
.......[4122.348s][info][gc,start       ] GC(420) Pause Young (Normal) (G1 Evacuation Pause)
[4122.348s][info][gc,task        ] GC(420) Using 8 workers of 8 for evacuation
[4122.520s][info][gc,phases      ] GC(420)   Pre Evacuate Collection Set: 0.30ms
[4122.520s][info][gc,phases      ] GC(420)   Merge Heap Roots: 0.58ms
[4122.520s][info][gc,phases      ] GC(420)   Evacuate Collection Set: 169.80ms
[4122.520s][info][gc,phases      ] GC(420)   Post Evacuate Collection Set: 1.22ms
[4122.520s][info][gc,phases      ] GC(420)   Other: 0.07ms
[4122.520s][info][gc,heap        ] GC(420) Eden regions: 641->0(636)
[4122.520s][info][gc,heap        ] GC(420) Survivor regions: 51->52(87)
[4122.520s][info][gc,heap        ] GC(420) Old regions: 440->443
[4122.520s][info][gc,heap        ] GC(420) Humongous regions: 33->33
[4122.520s][info][gc,metaspace   ] GC(420) Metaspace: 30068K(30528K)->30068K(30528K) NonClass: 24654K(24896K)->24654K(24896K) Class: 5413K(5632K)->5413K(5632K)
[4122.520s][info][gc             ] GC(420) Pause Young (Normal) (G1 Evacuation Pause) 9283M->4191M(10240M) 172.115ms
[4122.520s][info][gc,cpu         ] GC(420) User=1.36s Sys=0.00s Real=0.17s
.......[4129.393s][info][gc,start       ] GC(421) Pause Young (Normal) (G1 Evacuation Pause)
[4129.393s][info][gc,task        ] GC(421) Using 8 workers of 8 for evacuation
[4129.558s][info][gc,phases      ] GC(421)   Pre Evacuate Collection Set: 0.29ms
[4129.558s][info][gc,phases      ] GC(421)   Merge Heap Roots: 0.55ms
[4129.558s][info][gc,phases      ] GC(421)   Evacuate Collection Set: 163.38ms
[4129.558s][info][gc,phases      ] GC(421)   Post Evacuate Collection Set: 1.20ms
[4129.558s][info][gc,phases      ] GC(421)   Other: 0.06ms
[4129.558s][info][gc,heap        ] GC(421) Eden regions: 636->0(641)
[4129.558s][info][gc,heap        ] GC(421) Survivor regions: 52->45(86)
[4129.558s][info][gc,heap        ] GC(421) Old regions: 443->452
[4129.558s][info][gc,heap        ] GC(421) Humongous regions: 33->33
[4129.558s][info][gc,metaspace   ] GC(421) Metaspace: 30068K(30528K)->30068K(30528K) NonClass: 24654K(24896K)->24654K(24896K) Class: 5413K(5632K)->5413K(5632K)
[4129.558s][info][gc             ] GC(421) Pause Young (Normal) (G1 Evacuation Pause) 9279M->4211M(10240M) 165.604ms
[4129.558s][info][gc,cpu         ] GC(421) User=1.30s Sys=0.00s Real=0.17s
.......[4136.553s][info][gc,start       ] GC(422) Pause Young (Normal) (G1 Evacuation Pause)
[4136.553s][info][gc,task        ] GC(422) Using 8 workers of 8 for evacuation
[4136.716s][info][gc,phases      ] GC(422)   Pre Evacuate Collection Set: 0.32ms
[4136.716s][info][gc,phases      ] GC(422)   Merge Heap Roots: 0.55ms
[4136.716s][info][gc,phases      ] GC(422)   Evacuate Collection Set: 160.28ms
[4136.716s][info][gc,phases      ] GC(422)   Post Evacuate Collection Set: 1.21ms
[4136.716s][info][gc,phases      ] GC(422)   Other: 0.06ms
[4136.716s][info][gc,heap        ] GC(422) Eden regions: 641->0(627)
[4136.716s][info][gc,heap        ] GC(422) Survivor regions: 45->52(86)
[4136.716s][info][gc,heap        ] GC(422) Old regions: 452->452
[4136.716s][info][gc,heap        ] GC(422) Humongous regions: 33->33
[4136.716s][info][gc,metaspace   ] GC(422) Metaspace: 30068K(30528K)->30068K(30528K) NonClass: 24654K(24896K)->24654K(24896K) Class: 5413K(5632K)->5413K(5632K)
[4136.716s][info][gc             ] GC(422) Pause Young (Normal) (G1 Evacuation Pause) 9339M->4263M(10240M) 162.563ms
[4136.716s][info][gc,cpu         ] GC(422) User=1.27s Sys=0.01s Real=0.17s
.......[4143.430s][info][gc,start       ] GC(423) Pause Young (Normal) (G1 Evacuation Pause)
[4143.430s][info][gc,task        ] GC(423) Using 8 workers of 8 for evacuation
[4143.593s][info][gc,phases      ] GC(423)   Pre Evacuate Collection Set: 0.31ms
[4143.593s][info][gc,phases      ] GC(423)   Merge Heap Roots: 0.61ms
[4143.593s][info][gc,phases      ] GC(423)   Evacuate Collection Set: 160.95ms
[4143.593s][info][gc,phases      ] GC(423)   Post Evacuate Collection Set: 1.16ms
[4143.593s][info][gc,phases      ] GC(423)   Other: 0.08ms
[4143.593s][info][gc,heap        ] GC(423) Eden regions: 627->0(631)
[4143.593s][info][gc,heap        ] GC(423) Survivor regions: 52->45(85)
[4143.593s][info][gc,heap        ] GC(423) Old regions: 452->462
[4143.593s][info][gc,heap        ] GC(423) Humongous regions: 33->33
[4143.593s][info][gc,metaspace   ] GC(423) Metaspace: 30068K(30528K)->30068K(30528K) NonClass: 24654K(24896K)->24654K(24896K) Class: 5413K(5632K)->5413K(5632K)
[4143.593s][info][gc             ] GC(423) Pause Young (Normal) (G1 Evacuation Pause) 9279M->4281M(10240M) 163.249ms
[4143.593s][info][gc,cpu         ] GC(423) User=1.28s Sys=0.00s Real=0.16s
.......[4150.468s][info][gc,start       ] GC(424) Pause Young (Normal) (G1 Evacuation Pause)
[4150.468s][info][gc,task        ] GC(424) Using 8 workers of 8 for evacuation
[4150.625s][info][gc,phases      ] GC(424)   Pre Evacuate Collection Set: 0.28ms
[4150.625s][info][gc,phases      ] GC(424)   Merge Heap Roots: 0.56ms
[4150.625s][info][gc,phases      ] GC(424)   Evacuate Collection Set: 155.41ms
[4150.625s][info][gc,phases      ] GC(424)   Post Evacuate Collection Set: 1.11ms
[4150.625s][info][gc,phases      ] GC(424)   Other: 0.08ms
[4150.625s][info][gc,heap        ] GC(424) Eden regions: 631->0(627)
[4150.625s][info][gc,heap        ] GC(424) Survivor regions: 45->44(85)
[4150.625s][info][gc,heap        ] GC(424) Old regions: 462->468
[4150.625s][info][gc,heap        ] GC(424) Humongous regions: 33->33
[4150.625s][info][gc,metaspace   ] GC(424) Metaspace: 30068K(30528K)->30068K(30528K) NonClass: 24654K(24896K)->24654K(24896K) Class: 5413K(5632K)->5413K(5632K)
[4150.625s][info][gc             ] GC(424) Pause Young (Normal) (G1 Evacuation Pause) 9329M->4331M(10240M) 157.585ms
[4150.625s][info][gc,cpu         ] GC(424) User=1.23s Sys=0.00s Real=0.15s
.......[4157.360s][info][gc,start       ] GC(425) Pause Young (Normal) (G1 Evacuation Pause)
[4157.360s][info][gc,task        ] GC(425) Using 8 workers of 8 for evacuation
[4157.515s][info][gc,phases      ] GC(425)   Pre Evacuate Collection Set: 0.29ms
[4157.515s][info][gc,phases      ] GC(425)   Merge Heap Roots: 0.57ms
[4157.515s][info][gc,phases      ] GC(425)   Evacuate Collection Set: 153.04ms
[4157.515s][info][gc,phases      ] GC(425)   Post Evacuate Collection Set: 1.17ms
[4157.515s][info][gc,phases      ] GC(425)   Other: 0.07ms
[4157.515s][info][gc,heap        ] GC(425) Eden regions: 627->0(618)
[4157.515s][info][gc,heap        ] GC(425) Survivor regions: 44->45(84)
[4157.515s][info][gc,heap        ] GC(425) Old regions: 468->475
[4157.515s][info][gc,heap        ] GC(425) Humongous regions: 33->33
[4157.515s][info][gc,metaspace   ] GC(425) Metaspace: 30068K(30528K)->30068K(30528K) NonClass: 24654K(24896K)->24654K(24896K) Class: 5413K(5632K)->5413K(5632K)
[4157.515s][info][gc             ] GC(425) Pause Young (Normal) (G1 Evacuation Pause) 9347M->4393M(10240M) 155.273ms
[4157.515s][info][gc,cpu         ] GC(425) User=1.22s Sys=0.00s Real=0.15s
.......[4164.245s][info][gc,start       ] GC(426) Pause Young (Normal) (G1 Evacuation Pause)
[4164.245s][info][gc,task        ] GC(426) Using 8 workers of 8 for evacuation
[4164.400s][info][gc,phases      ] GC(426)   Pre Evacuate Collection Set: 0.28ms
[4164.400s][info][gc,phases      ] GC(426)   Merge Heap Roots: 0.52ms
[4164.400s][info][gc,phases      ] GC(426)   Evacuate Collection Set: 152.50ms
[4164.400s][info][gc,phases      ] GC(426)   Post Evacuate Collection Set: 1.11ms
[4164.400s][info][gc,phases      ] GC(426)   Other: 0.07ms
[4164.400s][info][gc,heap        ] GC(426) Eden regions: 618->0(613)
[4164.400s][info][gc,heap        ] GC(426) Survivor regions: 45->44(83)
[4164.400s][info][gc,heap        ] GC(426) Old regions: 475->482
[4164.400s][info][gc,heap        ] GC(426) Humongous regions: 33->33
[4164.400s][info][gc,metaspace   ] GC(426) Metaspace: 30068K(30528K)->30068K(30528K) NonClass: 24654K(24896K)->24654K(24896K) Class: 5413K(5632K)->5413K(5632K)
[4164.400s][info][gc             ] GC(426) Pause Young (Normal) (G1 Evacuation Pause) 9337M->4435M(10240M) 154.620ms
[4164.400s][info][gc,cpu         ] GC(426) User=1.21s Sys=0.00s Real=0.16s
...... (rIR:aIR:PR = 6088:6088:6088) (tPR = 90452) [OK] 
  4169s: Performance info:
         Transaction,    Success,    Partial,     Failed,   Receipts, AvgBarcode, 
             Overall,     365907,          0,          0,     347616,      59.48, 
         Response times:
             Request,    Success,    Partial,     Failed,   SkipFail,     Probes,    Samples,      min,      p50,      p90,      p95,      p99,      max, 
       TotalPurchase,     347616,          0,          0,          0,     339955,     376688,      400,     4000,     7200,     8900,    45000,   202000,
     InStorePurchase,     182991,          0,          0,          0,     179013,     198073,      400,     4000,     7200,     8900,    44000,   201000,
      OnlinePurchase,     128042,          0,          0,          0,     125387,     138955,      400,     4000,     7200,     8800,    46440,   202000,
        InstPurchase,      36583,          0,          0,          0,      35555,      39660,      400,     4300,     7400,     9100,    47000,   201000,
          AssocOfCat,        366,          0,          0,          0,        303,        396,    26000,    35000,    49000,    54150,    95360,   210000,
      AssocOfProduct,       3663,          0,          0,          0,       3415,       4005,      500,     3600,     7100,     8500,    47000,   186000,
      BusinessReport,        920,          0,          0,          0,        794,        985,    27000,    39000,    57000,    65000,   112000,   220000,
          CustBuyBeh,       3655,          0,          0,          0,       3384,       3933,      200,     3000,     7200,     8730,    34000,   166000,
       ProductReturn,       9687,          0,          0,          0,       9192,      10466,      200,     3300,     7100,     8800,    39000,   182000,

  4169s: (45%)   IR =   6227 .[4171.010s][info][gc,start       ] GC(427) Pause Young (Normal) (G1 Evacuation Pause)
[4171.010s][info][gc,task        ] GC(427) Using 8 workers of 8 for evacuation
[4171.167s][info][gc,phases      ] GC(427)   Pre Evacuate Collection Set: 0.27ms
[4171.167s][info][gc,phases      ] GC(427)   Merge Heap Roots: 0.54ms
[4171.167s][info][gc,phases      ] GC(427)   Evacuate Collection Set: 155.19ms
[4171.167s][info][gc,phases      ] GC(427)   Post Evacuate Collection Set: 1.18ms
[4171.167s][info][gc,phases      ] GC(427)   Other: 0.06ms
[4171.167s][info][gc,heap        ] GC(427) Eden regions: 613->0(606)
[4171.167s][info][gc,heap        ] GC(427) Survivor regions: 44->44(83)
[4171.167s][info][gc,heap        ] GC(427) Old regions: 482->489
[4171.167s][info][gc,heap        ] GC(427) Humongous regions: 33->33
[4171.167s][info][gc,metaspace   ] GC(427) Metaspace: 30068K(30528K)->30068K(30528K) NonClass: 24654K(24896K)->24654K(24896K) Class: 5413K(5632K)->5413K(5632K)
[4171.167s][info][gc             ] GC(427) Pause Young (Normal) (G1 Evacuation Pause) 9339M->4494M(10240M) 157.384ms
[4171.167s][info][gc,cpu         ] GC(427) User=1.23s Sys=0.00s Real=0.16s
......|[4177.559s][info][gc,start       ] GC(428) Pause Young (Normal) (G1 Evacuation Pause)
[4177.559s][info][gc,task        ] GC(428) Using 8 workers of 8 for evacuation
[4177.715s][info][gc,phases      ] GC(428)   Pre Evacuate Collection Set: 0.29ms
[4177.715s][info][gc,phases      ] GC(428)   Merge Heap Roots: 0.55ms
[4177.715s][info][gc,phases      ] GC(428)   Evacuate Collection Set: 154.18ms
[4177.715s][info][gc,phases      ] GC(428)   Post Evacuate Collection Set: 1.20ms
[4177.715s][info][gc,phases      ] GC(428)   Other: 0.06ms
[4177.715s][info][gc,heap        ] GC(428) Eden regions: 606->0(597)
[4177.715s][info][gc,heap        ] GC(428) Survivor regions: 44->45(82)
[4177.715s][info][gc,heap        ] GC(428) Old regions: 489->496
[4177.715s][info][gc,heap        ] GC(428) Humongous regions: 33->33
[4177.715s][info][gc,metaspace   ] GC(428) Metaspace: 30068K(30528K)->30068K(30528K) NonClass: 24654K(24896K)->24654K(24896K) Class: 5413K(5632K)->5413K(5632K)
[4177.715s][info][gc             ] GC(428) Pause Young (Normal) (G1 Evacuation Pause) 9342M->4554M(10240M) 156.438ms
[4177.715s][info][gc,cpu         ] GC(428) User=1.23s Sys=0.00s Real=0.15s
.......[4184.002s][info][gc,start       ] GC(429) Pause Young (Normal) (G1 Evacuation Pause)
[4184.002s][info][gc,task        ] GC(429) Using 8 workers of 8 for evacuation
[4184.155s][info][gc,phases      ] GC(429)   Pre Evacuate Collection Set: 0.27ms
[4184.155s][info][gc,phases      ] GC(429)   Merge Heap Roots: 0.66ms
[4184.155s][info][gc,phases      ] GC(429)   Evacuate Collection Set: 151.02ms
[4184.155s][info][gc,phases      ] GC(429)   Post Evacuate Collection Set: 1.08ms
[4184.155s][info][gc,phases      ] GC(429)   Other: 0.06ms
[4184.155s][info][gc,heap        ] GC(429) Eden regions: 597->0(592)
[4184.155s][info][gc,heap        ] GC(429) Survivor regions: 45->44(81)
[4184.155s][info][gc,heap        ] GC(429) Old regions: 496->503
[4184.155s][info][gc,heap        ] GC(429) Humongous regions: 33->33
[4184.155s][info][gc,metaspace   ] GC(429) Metaspace: 30068K(30528K)->30068K(30528K) NonClass: 24654K(24896K)->24654K(24896K) Class: 5413K(5632K)->5413K(5632K)
[4184.155s][info][gc             ] GC(429) Pause Young (Normal) (G1 Evacuation Pause) 9330M->4603M(10240M) 153.232ms
[4184.155s][info][gc,cpu         ] GC(429) User=1.20s Sys=0.00s Real=0.15s
......[4190.430s][info][gc,start       ] GC(430) Pause Young (Normal) (G1 Evacuation Pause)
[4190.430s][info][gc,task        ] GC(430) Using 8 workers of 8 for evacuation
[4190.588s][info][gc,phases      ] GC(430)   Pre Evacuate Collection Set: 0.31ms
[4190.588s][info][gc,phases      ] GC(430)   Merge Heap Roots: 0.55ms
[4190.588s][info][gc,phases      ] GC(430)   Evacuate Collection Set: 155.82ms
[4190.588s][info][gc,phases      ] GC(430)   Post Evacuate Collection Set: 1.11ms
[4190.588s][info][gc,phases      ] GC(430)   Other: 0.06ms
[4190.588s][info][gc,heap        ] GC(430) Eden regions: 592->0(583)
[4190.588s][info][gc,heap        ] GC(430) Survivor regions: 44->45(80)
[4190.588s][info][gc,heap        ] GC(430) Old regions: 503->510
[4190.588s][info][gc,heap        ] GC(430) Humongous regions: 33->33
[4190.588s][info][gc,metaspace   ] GC(430) Metaspace: 30068K(30528K)->30068K(30528K) NonClass: 24654K(24896K)->24654K(24896K) Class: 5413K(5632K)->5413K(5632K)
[4190.588s][info][gc             ] GC(430) Pause Young (Normal) (G1 Evacuation Pause) 9339M->4667M(10240M) 157.988ms
[4190.588s][info][gc,cpu         ] GC(430) User=1.25s Sys=0.01s Real=0.16s
......[4196.698s][info][gc,start       ] GC(431) Pause Young (Normal) (G1 Evacuation Pause)
[4196.698s][info][gc,task        ] GC(431) Using 8 workers of 8 for evacuation
[4196.851s][info][gc,phases      ] GC(431)   Pre Evacuate Collection Set: 0.29ms
[4196.851s][info][gc,phases      ] GC(431)   Merge Heap Roots: 0.52ms
[4196.851s][info][gc,phases      ] GC(431)   Evacuate Collection Set: 150.70ms
[4196.851s][info][gc,phases      ] GC(431)   Post Evacuate Collection Set: 1.06ms
[4196.851s][info][gc,phases      ] GC(431)   Other: 0.06ms
[4196.851s][info][gc,heap        ] GC(431) Eden regions: 583->0(578)
[4196.851s][info][gc,heap        ] GC(431) Survivor regions: 45->44(79)
[4196.851s][info][gc,heap        ] GC(431) Old regions: 510->517
[4196.851s][info][gc,heap        ] GC(431) Humongous regions: 33->33
[4196.851s][info][gc,metaspace   ] GC(431) Metaspace: 30068K(30528K)->30068K(30528K) NonClass: 24654K(24896K)->24654K(24896K) Class: 5413K(5632K)->5413K(5632K)
[4196.851s][info][gc             ] GC(431) Pause Young (Normal) (G1 Evacuation Pause) 9331M->4715M(10240M) 152.768ms
[4196.851s][info][gc,cpu         ] GC(431) User=1.20s Sys=0.00s Real=0.15s
.......[4202.961s][info][gc,start       ] GC(432) Pause Young (Normal) (G1 Evacuation Pause)
[4202.961s][info][gc,task        ] GC(432) Using 8 workers of 8 for evacuation
[4203.113s][info][gc,phases      ] GC(432)   Pre Evacuate Collection Set: 0.29ms
[4203.113s][info][gc,phases      ] GC(432)   Merge Heap Roots: 0.53ms
[4203.113s][info][gc,phases      ] GC(432)   Evacuate Collection Set: 149.62ms
[4203.113s][info][gc,phases      ] GC(432)   Post Evacuate Collection Set: 1.09ms
[4203.113s][info][gc,phases      ] GC(432)   Other: 0.07ms
[4203.113s][info][gc,heap        ] GC(432) Eden regions: 578->0(573)
[4203.113s][info][gc,heap        ] GC(432) Survivor regions: 44->43(78)
[4203.113s][info][gc,heap        ] GC(432) Old regions: 517->524
[4203.113s][info][gc,heap        ] GC(432) Humongous regions: 33->33
[4203.113s][info][gc,metaspace   ] GC(432) Metaspace: 30068K(30528K)->30068K(30528K) NonClass: 24654K(24896K)->24654K(24896K) Class: 5413K(5632K)->5413K(5632K)
[4203.113s][info][gc             ] GC(432) Pause Young (Normal) (G1 Evacuation Pause) 9339M->4765M(10240M) 151.738ms
[4203.113s][info][gc,cpu         ] GC(432) User=1.19s Sys=0.00s Real=0.15s
......[4209.183s][info][gc,start       ] GC(433) Pause Young (Normal) (G1 Evacuation Pause)
[4209.183s][info][gc,task        ] GC(433) Using 8 workers of 8 for evacuation
[4209.333s][info][gc,phases      ] GC(433)   Pre Evacuate Collection Set: 0.30ms
[4209.333s][info][gc,phases      ] GC(433)   Merge Heap Roots: 0.52ms
[4209.333s][info][gc,phases      ] GC(433)   Evacuate Collection Set: 148.66ms
[4209.333s][info][gc,phases      ] GC(433)   Post Evacuate Collection Set: 1.07ms
[4209.333s][info][gc,phases      ] GC(433)   Other: 0.07ms
[4209.333s][info][gc,heap        ] GC(433) Eden regions: 573->0(566)
[4209.333s][info][gc,heap        ] GC(433) Survivor regions: 43->43(77)
[4209.333s][info][gc,heap        ] GC(433) Old regions: 524->531
[4209.333s][info][gc,heap        ] GC(433) Humongous regions: 33->33
[4209.333s][info][gc,metaspace   ] GC(433) Metaspace: 30068K(30528K)->30068K(30528K) NonClass: 24654K(24896K)->24654K(24896K) Class: 5413K(5632K)->5413K(5632K)
[4209.333s][info][gc             ] GC(433) Pause Young (Normal) (G1 Evacuation Pause) 9349M->4822M(10240M) 150.750ms
[4209.333s][info][gc,cpu         ] GC(433) User=1.18s Sys=0.00s Real=0.15s
......[4215.306s][info][gc,start       ] GC(434) Pause Young (Normal) (G1 Evacuation Pause)
[4215.306s][info][gc,task        ] GC(434) Using 8 workers of 8 for evacuation
[4215.459s][info][gc,phases      ] GC(434)   Pre Evacuate Collection Set: 0.28ms
[4215.459s][info][gc,phases      ] GC(434)   Merge Heap Roots: 0.53ms
[4215.459s][info][gc,phases      ] GC(434)   Evacuate Collection Set: 150.76ms
[4215.459s][info][gc,phases      ] GC(434)   Post Evacuate Collection Set: 1.07ms
[4215.459s][info][gc,phases      ] GC(434)   Other: 0.06ms
[4215.459s][info][gc,heap        ] GC(434) Eden regions: 566->0(558)
[4215.459s][info][gc,heap        ] GC(434) Survivor regions: 43->43(77)
[4215.459s][info][gc,heap        ] GC(434) Old regions: 531->539
[4215.459s][info][gc,heap        ] GC(434) Humongous regions: 33->33
[4215.459s][info][gc,metaspace   ] GC(434) Metaspace: 30068K(30528K)->30068K(30528K) NonClass: 24654K(24896K)->24654K(24896K) Class: 5413K(5632K)->5413K(5632K)
[4215.459s][info][gc             ] GC(434) Pause Young (Normal) (G1 Evacuation Pause) 9350M->4883M(10240M) 152.837ms
[4215.459s][info][gc,cpu         ] GC(434) User=1.20s Sys=0.00s Real=0.15s
......[4221.371s][info][gc,start       ] GC(435) Pause Young (Normal) (G1 Evacuation Pause)
[4221.371s][info][gc,task        ] GC(435) Using 8 workers of 8 for evacuation
[4221.525s][info][gc,phases      ] GC(435)   Pre Evacuate Collection Set: 0.29ms
[4221.525s][info][gc,phases      ] GC(435)   Merge Heap Roots: 0.55ms
[4221.525s][info][gc,phases      ] GC(435)   Evacuate Collection Set: 151.64ms
[4221.525s][info][gc,phases      ] GC(435)   Post Evacuate Collection Set: 1.06ms
[4221.525s][info][gc,phases      ] GC(435)   Other: 0.06ms
[4221.525s][info][gc,heap        ] GC(435) Eden regions: 558->0(551)
[4221.525s][info][gc,heap        ] GC(435) Survivor regions: 43->43(76)
[4221.525s][info][gc,heap        ] GC(435) Old regions: 539->546
[4221.525s][info][gc,heap        ] GC(435) Humongous regions: 33->33
[4221.525s][info][gc,metaspace   ] GC(435) Metaspace: 30068K(30528K)->30068K(30528K) NonClass: 24654K(24896K)->24654K(24896K) Class: 5413K(5632K)->5413K(5632K)
[4221.525s][info][gc             ] GC(435) Pause Young (Normal) (G1 Evacuation Pause) 9347M->4946M(10240M) 153.738ms
[4221.525s][info][gc,cpu         ] GC(435) User=1.21s Sys=0.00s Real=0.15s
......[4227.289s][info][gc,start       ] GC(436) Pause Young (Concurrent Start) (G1 Evacuation Pause)
[4227.290s][info][gc,task        ] GC(436) Using 8 workers of 8 for evacuation
[4227.440s][info][gc,phases      ] GC(436)   Pre Evacuate Collection Set: 0.39ms
[4227.440s][info][gc,phases      ] GC(436)   Merge Heap Roots: 0.64ms
[4227.440s][info][gc,phases      ] GC(436)   Evacuate Collection Set: 147.91ms
[4227.440s][info][gc,phases      ] GC(436)   Post Evacuate Collection Set: 1.04ms
[4227.440s][info][gc,phases      ] GC(436)   Other: 0.11ms
[4227.440s][info][gc,heap        ] GC(436) Eden regions: 551->0(545)
[4227.440s][info][gc,heap        ] GC(436) Survivor regions: 43->42(75)
[4227.440s][info][gc,heap        ] GC(436) Old regions: 546->554
[4227.440s][info][gc,heap        ] GC(436) Humongous regions: 33->33
[4227.440s][info][gc,metaspace   ] GC(436) Metaspace: 30068K(30528K)->30068K(30528K) NonClass: 24654K(24896K)->24654K(24896K) Class: 5413K(5632K)->5413K(5632K)
[4227.440s][info][gc             ] GC(436) Pause Young (Concurrent Start) (G1 Evacuation Pause) 9354M->4995M(10240M) 150.232ms
[4227.440s][info][gc             ] GC(437) Concurrent Mark Cycle
[4227.440s][info][gc,marking     ] GC(437) Concurrent Scan Root Regions
[4227.440s][info][gc,cpu         ] GC(436) User=1.18s Sys=0.01s Real=0.15s
[4227.687s][info][gc,marking     ] GC(437) Concurrent Scan Root Regions 247.431ms
[4227.687s][info][gc,marking     ] GC(437) Concurrent Mark
[4227.687s][info][gc,marking     ] GC(437) Concurrent Mark From Roots
[4227.687s][info][gc,task        ] GC(437) Using 2 workers of 2 for marking
.[4228.413s][info][gc,marking     ] GC(437) Concurrent Mark From Roots 725.823ms
[4228.413s][info][gc,marking     ] GC(437) Concurrent Preclean
[4228.414s][info][gc,marking     ] GC(437) Concurrent Preclean 0.422ms
[4228.414s][info][gc,start       ] GC(437) Pause Remark
[4228.416s][info][gc             ] GC(437) Pause Remark 5792M->4840M(10240M) 2.392ms
[4228.416s][info][gc,cpu         ] GC(437) User=0.01s Sys=0.00s Real=0.01s
[4228.416s][info][gc,marking     ] GC(437) Concurrent Mark 728.951ms
[4228.416s][info][gc,marking     ] GC(437) Concurrent Rebuild Remembered Sets and Scrub Regions
[4228.837s][info][gc,marking     ] GC(437) Concurrent Rebuild Remembered Sets and Scrub Regions 421.003ms
[4228.837s][info][gc,start       ] GC(437) Pause Cleanup
[4228.838s][info][gc             ] GC(437) Pause Cleanup 5161M->5161M(10240M) 0.422ms
[4228.838s][info][gc,cpu         ] GC(437) User=0.00s Sys=0.00s Real=0.00s
[4228.838s][info][gc,marking     ] GC(437) Concurrent Clear Claimed Marks
[4228.838s][info][gc,marking     ] GC(437) Concurrent Clear Claimed Marks 0.047ms
[4228.838s][info][gc,marking     ] GC(437) Concurrent Cleanup for Next Mark
[4228.846s][info][gc,marking     ] GC(437) Concurrent Cleanup for Next Mark 8.434ms
[4228.846s][info][gc             ] GC(437) Concurrent Mark Cycle 1406.650ms
.....[4233.231s][info][gc,start       ] GC(438) Pause Young (Prepare Mixed) (G1 Evacuation Pause)
[4233.231s][info][gc,task        ] GC(438) Using 8 workers of 8 for evacuation
[4233.383s][info][gc,phases      ] GC(438)   Pre Evacuate Collection Set: 0.27ms
[4233.383s][info][gc,phases      ] GC(438)   Merge Heap Roots: 0.68ms
[4233.383s][info][gc,phases      ] GC(438)   Evacuate Collection Set: 149.56ms
[4233.383s][info][gc,phases      ] GC(438)   Post Evacuate Collection Set: 1.17ms
[4233.383s][info][gc,phases      ] GC(438)   Other: 0.07ms
[4233.383s][info][gc,heap        ] GC(438) Eden regions: 545->0(655)
[4233.383s][info][gc,heap        ] GC(438) Survivor regions: 42->43(74)
[4233.383s][info][gc,heap        ] GC(438) Old regions: 435->442
[4233.383s][info][gc,heap        ] GC(438) Humongous regions: 33->33
[4233.383s][info][gc,metaspace   ] GC(438) Metaspace: 30068K(30528K)->30068K(30528K) NonClass: 24654K(24896K)->24654K(24896K) Class: 5413K(5632K)->5413K(5632K)
[4233.383s][info][gc             ] GC(438) Pause Young (Prepare Mixed) (G1 Evacuation Pause) 8403M->4115M(10240M) 151.903ms
[4233.383s][info][gc,cpu         ] GC(438) User=1.19s Sys=0.00s Real=0.15s
.... (rIR:aIR:PR = 6227:6226:6226) (tPR = 92445) [OK] 
  4236s: Performance info:
         Transaction,    Success,    Partial,     Failed,   Receipts, AvgBarcode, 
             Overall,     374005,          0,          0,     355306,      59.47, 
         Response times:
             Request,    Success,    Partial,     Failed,   SkipFail,     Probes,    Samples,      min,      p50,      p90,      p95,      p99,      max, 
       TotalPurchase,     355306,          0,          0,          0,     348228,     391057,      300,     4100,     7600,     9700,    52000,   281000,
     InStorePurchase,     187045,          0,          0,          0,     183466,     205645,      400,     4100,     7500,     9700,    53000,   281000,
      OnlinePurchase,     130844,          0,          0,          0,     128147,     144033,      300,     4000,     7600,     9700,    50000,   281000,
        InstPurchase,      37417,          0,          0,          0,      36615,      41379,      500,     4300,     7700,     9800,    51000,   281000,
          AssocOfCat,        371,          0,          0,          0,        319,        449,    28000,    37000,    53000,    80000,   140500,   210000,
      AssocOfProduct,       3738,          0,          0,          0,       3488,       4112,      700,     5000,     7600,     9400,    57000,   211000,
      BusinessReport,        934,          0,          0,          0,        786,       1004,    29000,    40000,    58000,    69000,   120900,   234000,
          CustBuyBeh,       3744,          0,          0,          0,       3506,       4162,      300,     4400,     7300,     9200,    50370,   168000,
       ProductReturn,       9912,          0,          0,          0,       9523,      11000,      300,     4200,     7500,     9600,    50000,   165000,

  4236s: (46%)   IR =   6365 ...[4240.318s][info][gc,start       ] GC(439) Pause Young (Mixed) (G1 Evacuation Pause)
[4240.318s][info][gc,task        ] GC(439) Using 8 workers of 8 for evacuation
[4240.479s][info][gc,phases      ] GC(439)   Pre Evacuate Collection Set: 0.34ms
[4240.479s][info][gc,phases      ] GC(439)   Merge Heap Roots: 0.69ms
[4240.479s][info][gc,phases      ] GC(439)   Evacuate Collection Set: 157.11ms
[4240.479s][info][gc,phases      ] GC(439)   Merge Optional Heap Roots: 0.05ms
[4240.479s][info][gc,phases      ] GC(439)   Evacuate Optional Collection Set: 0.39ms
[4240.479s][info][gc,phases      ] GC(439)   Post Evacuate Collection Set: 1.57ms
[4240.479s][info][gc,phases      ] GC(439)   Other: 0.11ms
[4240.479s][info][gc,heap        ] GC(439) Eden regions: 655->0(587)
[4240.479s][info][gc,heap        ] GC(439) Survivor regions: 43->51(88)
[4240.479s][info][gc,heap        ] GC(439) Old regions: 442->340
[4240.479s][info][gc,heap        ] GC(439) Humongous regions: 33->33
[4240.479s][info][gc,metaspace   ] GC(439) Metaspace: 30068K(30528K)->30068K(30528K) NonClass: 24654K(24896K)->24654K(24896K) Class: 5413K(5632K)->5413K(5632K)
[4240.479s][info][gc             ] GC(439) Pause Young (Mixed) (G1 Evacuation Pause) 9355M->3354M(10240M) 160.399ms
[4240.479s][info][gc,cpu         ] GC(439) User=1.26s Sys=0.01s Real=0.16s
...|...[4246.465s][info][gc,start       ] GC(440) Pause Young (Mixed) (G1 Evacuation Pause)
[4246.465s][info][gc,task        ] GC(440) Using 8 workers of 8 for evacuation
[4246.629s][info][gc,phases      ] GC(440)   Pre Evacuate Collection Set: 0.32ms
[4246.629s][info][gc,phases      ] GC(440)   Merge Heap Roots: 0.70ms
[4246.629s][info][gc,phases      ] GC(440)   Evacuate Collection Set: 162.24ms
[4246.629s][info][gc,phases      ] GC(440)   Post Evacuate Collection Set: 1.26ms
[4246.629s][info][gc,phases      ] GC(440)   Other: 0.08ms
[4246.629s][info][gc,heap        ] GC(440) Eden regions: 588->0(716)
[4246.629s][info][gc,heap        ] GC(440) Survivor regions: 51->44(80)
[4246.629s][info][gc,heap        ] GC(440) Old regions: 340->311
[4246.629s][info][gc,heap        ] GC(440) Humongous regions: 33->33
[4246.629s][info][gc,metaspace   ] GC(440) Metaspace: 30068K(30528K)->30068K(30528K) NonClass: 24654K(24896K)->24654K(24896K) Class: 5413K(5632K)->5413K(5632K)
[4246.630s][info][gc             ] GC(440) Pause Young (Mixed) (G1 Evacuation Pause) 8058M->3073M(10240M) 164.746ms
[4246.630s][info][gc,cpu         ] GC(440) User=1.30s Sys=0.00s Real=0.17s
........[4254.110s][info][gc,start       ] GC(441) Pause Young (Mixed) (G1 Evacuation Pause)
[4254.110s][info][gc,task        ] GC(441) Using 8 workers of 8 for evacuation
[4254.274s][info][gc,phases      ] GC(441)   Pre Evacuate Collection Set: 0.32ms
[4254.274s][info][gc,phases      ] GC(441)   Merge Heap Roots: 0.69ms
[4254.274s][info][gc,phases      ] GC(441)   Evacuate Collection Set: 161.26ms
[4254.274s][info][gc,phases      ] GC(441)   Post Evacuate Collection Set: 1.42ms
[4254.274s][info][gc,phases      ] GC(441)   Other: 0.09ms
[4254.274s][info][gc,heap        ] GC(441) Eden regions: 722->0(619)
[4254.274s][info][gc,heap        ] GC(441) Survivor regions: 44->52(96)
[4254.274s][info][gc,heap        ] GC(441) Old regions: 311->274
[4254.274s][info][gc,heap        ] GC(441) Humongous regions: 33->33
[4254.274s][info][gc,metaspace   ] GC(441) Metaspace: 30068K(30528K)->30068K(30528K) NonClass: 24654K(24896K)->24654K(24896K) Class: 5413K(5632K)->5413K(5632K)
[4254.274s][info][gc             ] GC(441) Pause Young (Mixed) (G1 Evacuation Pause) 8849M->2838M(10240M) 163.914ms
[4254.274s][info][gc,cpu         ] GC(441) User=1.29s Sys=0.00s Real=0.16s
......[4260.665s][info][gc,start       ] GC(442) Pause Young (Mixed) (G1 Evacuation Pause)
[4260.665s][info][gc,task        ] GC(442) Using 8 workers of 8 for evacuation
[4260.831s][info][gc,phases      ] GC(442)   Pre Evacuate Collection Set: 0.29ms
[4260.831s][info][gc,phases      ] GC(442)   Merge Heap Roots: 0.67ms
[4260.831s][info][gc,phases      ] GC(442)   Evacuate Collection Set: 164.08ms
[4260.831s][info][gc,phases      ] GC(442)   Post Evacuate Collection Set: 1.30ms
[4260.831s][info][gc,phases      ] GC(442)   Other: 0.08ms
[4260.831s][info][gc,heap        ] GC(442) Eden regions: 617->0(723)
[4260.831s][info][gc,heap        ] GC(442) Survivor regions: 52->45(84)
[4260.831s][info][gc,heap        ] GC(442) Old regions: 274->245
[4260.831s][info][gc,heap        ] GC(442) Humongous regions: 33->33
[4260.831s][info][gc,metaspace   ] GC(442) Metaspace: 30068K(30528K)->30068K(30528K) NonClass: 24654K(24896K)->24654K(24896K) Class: 5413K(5632K)->5413K(5632K)
[4260.831s][info][gc             ] GC(442) Pause Young (Mixed) (G1 Evacuation Pause) 7774M->2555M(10240M) 166.550ms
[4260.832s][info][gc,cpu         ] GC(442) User=1.31s Sys=0.00s Real=0.17s
........[4268.363s][info][gc,start       ] GC(443) Pause Young (Mixed) (G1 Evacuation Pause)
[4268.363s][info][gc,task        ] GC(443) Using 8 workers of 8 for evacuation
[4268.531s][info][gc,phases      ] GC(443)   Pre Evacuate Collection Set: 0.33ms
[4268.531s][info][gc,phases      ] GC(443)   Merge Heap Roots: 0.85ms
[4268.531s][info][gc,phases      ] GC(443)   Evacuate Collection Set: 163.59ms
[4268.531s][info][gc,phases      ] GC(443)   Merge Optional Heap Roots: 0.11ms
[4268.531s][info][gc,phases      ] GC(443)   Evacuate Optional Collection Set: 1.34ms
[4268.531s][info][gc,phases      ] GC(443)   Post Evacuate Collection Set: 1.45ms
[4268.531s][info][gc,phases      ] GC(443)   Other: 0.09ms
[4268.531s][info][gc,heap        ] GC(443) Eden regions: 723->0(632)
[4268.531s][info][gc,heap        ] GC(443) Survivor regions: 45->51(96)
[4268.531s][info][gc,heap        ] GC(443) Old regions: 245->186
[4268.531s][info][gc,heap        ] GC(443) Humongous regions: 33->33
[4268.531s][info][gc,metaspace   ] GC(443) Metaspace: 30068K(30528K)->30068K(30528K) NonClass: 24654K(24896K)->24654K(24896K) Class: 5413K(5632K)->5413K(5632K)
[4268.531s][info][gc             ] GC(443) Pause Young (Mixed) (G1 Evacuation Pause) 8339M->2126M(10240M) 167.916ms
[4268.531s][info][gc,cpu         ] GC(443) User=1.31s Sys=0.01s Real=0.17s
.......[4275.132s][info][gc,start       ] GC(444) Pause Young (Mixed) (G1 Evacuation Pause)
[4275.132s][info][gc,task        ] GC(444) Using 8 workers of 8 for evacuation
[4275.300s][info][gc,phases      ] GC(444)   Pre Evacuate Collection Set: 0.32ms
[4275.300s][info][gc,phases      ] GC(444)   Merge Heap Roots: 0.82ms
[4275.300s][info][gc,phases      ] GC(444)   Evacuate Collection Set: 165.24ms
[4275.300s][info][gc,phases      ] GC(444)   Post Evacuate Collection Set: 1.19ms
[4275.300s][info][gc,phases      ] GC(444)   Other: 0.08ms
[4275.300s][info][gc,heap        ] GC(444) Eden regions: 641->0(722)
[4275.300s][info][gc,heap        ] GC(444) Survivor regions: 51->46(87)
[4275.300s][info][gc,heap        ] GC(444) Old regions: 186->170
[4275.300s][info][gc,heap        ] GC(444) Humongous regions: 33->33
[4275.300s][info][gc,metaspace   ] GC(444) Metaspace: 30068K(30528K)->30068K(30528K) NonClass: 24654K(24896K)->24654K(24896K) Class: 5413K(5632K)->5413K(5632K)
[4275.300s][info][gc             ] GC(444) Pause Young (Mixed) (G1 Evacuation Pause) 7254M->1960M(10240M) 167.783ms
[4275.300s][info][gc,cpu         ] GC(444) User=1.32s Sys=0.00s Real=0.17s
.......[4282.799s][info][gc,start       ] GC(445) Pause Young (Normal) (G1 Evacuation Pause)
[4282.799s][info][gc,task        ] GC(445) Using 8 workers of 8 for evacuation
[4282.960s][info][gc,phases      ] GC(445)   Pre Evacuate Collection Set: 0.27ms
[4282.960s][info][gc,phases      ] GC(445)   Merge Heap Roots: 0.52ms
[4282.960s][info][gc,phases      ] GC(445)   Evacuate Collection Set: 158.59ms
[4282.960s][info][gc,phases      ] GC(445)   Post Evacuate Collection Set: 1.22ms
[4282.960s][info][gc,phases      ] GC(445)   Other: 0.07ms
[4282.960s][info][gc,heap        ] GC(445) Eden regions: 722->0(716)
[4282.960s][info][gc,heap        ] GC(445) Survivor regions: 46->52(96)
[4282.960s][info][gc,heap        ] GC(445) Old regions: 170->170
[4282.960s][info][gc,heap        ] GC(445) Humongous regions: 33->33
[4282.960s][info][gc,metaspace   ] GC(445) Metaspace: 30068K(30528K)->30068K(30528K) NonClass: 24654K(24896K)->24654K(24896K) Class: 5413K(5632K)->5413K(5632K)
[4282.960s][info][gc             ] GC(445) Pause Young (Normal) (G1 Evacuation Pause) 7736M->2004M(10240M) 160.845ms
[4282.960s][info][gc,cpu         ] GC(445) User=1.26s Sys=0.00s Real=0.16s
........[4290.351s][info][gc,start       ] GC(446) Pause Young (Normal) (G1 Evacuation Pause)
[4290.351s][info][gc,task        ] GC(446) Using 8 workers of 8 for evacuation
[4290.523s][info][gc,phases      ] GC(446)   Pre Evacuate Collection Set: 0.27ms
[4290.523s][info][gc,phases      ] GC(446)   Merge Heap Roots: 0.58ms
[4290.523s][info][gc,phases      ] GC(446)   Evacuate Collection Set: 169.45ms
[4290.523s][info][gc,phases      ] GC(446)   Post Evacuate Collection Set: 1.24ms
[4290.523s][info][gc,phases      ] GC(446)   Other: 0.07ms
[4290.523s][info][gc,heap        ] GC(446) Eden regions: 716->0(715)
[4290.523s][info][gc,heap        ] GC(446) Survivor regions: 52->53(96)
[4290.523s][info][gc,heap        ] GC(446) Old regions: 170->173
[4290.523s][info][gc,heap        ] GC(446) Humongous regions: 33->33
[4290.523s][info][gc,metaspace   ] GC(446) Metaspace: 30068K(30528K)->30068K(30528K) NonClass: 24654K(24896K)->24654K(24896K) Class: 5413K(5632K)->5413K(5632K)
[4290.523s][info][gc             ] GC(446) Pause Young (Normal) (G1 Evacuation Pause) 7732M->2034M(10240M) 171.749ms
[4290.523s][info][gc,cpu         ] GC(446) User=1.35s Sys=0.00s Real=0.17s
........[4297.998s][info][gc,start       ] GC(447) Pause Young (Normal) (G1 Evacuation Pause)
[4297.998s][info][gc,task        ] GC(447) Using 8 workers of 8 for evacuation
[4298.166s][info][gc,phases      ] GC(447)   Pre Evacuate Collection Set: 0.29ms
[4298.166s][info][gc,phases      ] GC(447)   Merge Heap Roots: 0.53ms
[4298.166s][info][gc,phases      ] GC(447)   Evacuate Collection Set: 165.61ms
[4298.166s][info][gc,phases      ] GC(447)   Post Evacuate Collection Set: 1.25ms
[4298.166s][info][gc,phases      ] GC(447)   Other: 0.06ms
[4298.166s][info][gc,heap        ] GC(447) Eden regions: 715->0(716)
[4298.166s][info][gc,heap        ] GC(447) Survivor regions: 53->52(96)
[4298.166s][info][gc,heap        ] GC(447) Old regions: 173->175
[4298.166s][info][gc,heap        ] GC(447) Humongous regions: 33->33
[4298.166s][info][gc,metaspace   ] GC(447) Metaspace: 30068K(30528K)->30068K(30528K) NonClass: 24654K(24896K)->24654K(24896K) Class: 5413K(5632K)->5413K(5632K)
[4298.166s][info][gc             ] GC(447) Pause Young (Normal) (G1 Evacuation Pause) 7754M->2048M(10240M) 167.865ms
[4298.166s][info][gc,cpu         ] GC(447) User=1.32s Sys=0.00s Real=0.17s
..... (rIR:aIR:PR = 6365:6365:6365) (tPR = 94671) [OK] 
  4302s: Performance info:
         Transaction,    Success,    Partial,     Failed,   Receipts, AvgBarcode, 
             Overall,     382088,          0,          0,     362963,      59.47, 
         Response times:
             Request,    Success,    Partial,     Failed,   SkipFail,     Probes,    Samples,      min,      p50,      p90,      p95,      p99,      max, 
       TotalPurchase,     362963,          0,          0,          0,     356043,     393853,      300,     4200,     7700,    10200,    60000,   366000,
     InStorePurchase,     191095,          0,          0,          0,     187636,     206935,      400,     4100,     7700,    10200,    59000,   366000,
      OnlinePurchase,     133626,          0,          0,          0,     131219,     145318,      300,     4200,     7700,    10200,    61000,   366000,
        InstPurchase,      38242,          0,          0,          0,      37188,      41600,      500,     4400,     8000,    10500,    59000,   308000,
          AssocOfCat,        381,          0,          0,          0,        298,        401,    27000,    37000,    50800,    62900,   105880,   218000,
      AssocOfProduct,       3814,          0,          0,          0,       3563,       4179,      600,     3200,     8100,     9900,    46200,   179000,
      BusinessReport,        954,          0,          0,          0,        858,       1082,    26000,    41000,    60000,    87400,   160000,   297000,
          CustBuyBeh,       3832,          0,          0,          0,       3539,       4082,      200,     3700,     7500,     9800,    62340,   176000,
       ProductReturn,      10144,          0,          0,          0,       9666,      10979,      300,     4200,     7900,     9900,    53200,   183000,

  4302s: (47%)   IR =   6503 ..[4305.557s][info][gc,start       ] GC(448) Pause Young (Normal) (G1 Evacuation Pause)
[4305.557s][info][gc,task        ] GC(448) Using 8 workers of 8 for evacuation
[4305.730s][info][gc,phases      ] GC(448)   Pre Evacuate Collection Set: 0.31ms
[4305.730s][info][gc,phases      ] GC(448)   Merge Heap Roots: 0.53ms
[4305.730s][info][gc,phases      ] GC(448)   Evacuate Collection Set: 170.09ms
[4305.730s][info][gc,phases      ] GC(448)   Post Evacuate Collection Set: 1.30ms
[4305.730s][info][gc,phases      ] GC(448)   Other: 0.07ms
[4305.730s][info][gc,heap        ] GC(448) Eden regions: 716->0(715)
[4305.730s][info][gc,heap        ] GC(448) Survivor regions: 52->53(96)
[4305.730s][info][gc,heap        ] GC(448) Old regions: 175->177
[4305.730s][info][gc,heap        ] GC(448) Humongous regions: 33->33
[4305.730s][info][gc,metaspace   ] GC(448) Metaspace: 30068K(30528K)->30068K(30528K) NonClass: 24654K(24896K)->24654K(24896K) Class: 5413K(5632K)->5413K(5632K)
[4305.730s][info][gc             ] GC(448) Pause Young (Normal) (G1 Evacuation Pause) 7776M->2075M(10240M) 172.459ms
[4305.730s][info][gc,cpu         ] GC(448) User=1.36s Sys=0.00s Real=0.17s
...|....[4312.943s][info][gc,start       ] GC(449) Pause Young (Normal) (G1 Evacuation Pause)
[4312.943s][info][gc,task        ] GC(449) Using 8 workers of 8 for evacuation
[4313.112s][info][gc,phases      ] GC(449)   Pre Evacuate Collection Set: 0.29ms
[4313.112s][info][gc,phases      ] GC(449)   Merge Heap Roots: 0.54ms
[4313.112s][info][gc,phases      ] GC(449)   Evacuate Collection Set: 166.67ms
[4313.112s][info][gc,phases      ] GC(449)   Post Evacuate Collection Set: 1.29ms
[4313.112s][info][gc,phases      ] GC(449)   Other: 0.06ms
[4313.112s][info][gc,heap        ] GC(449) Eden regions: 715->0(716)
[4313.112s][info][gc,heap        ] GC(449) Survivor regions: 53->52(96)
[4313.112s][info][gc,heap        ] GC(449) Old regions: 177->180
[4313.112s][info][gc,heap        ] GC(449) Humongous regions: 33->33
[4313.112s][info][gc,metaspace   ] GC(449) Metaspace: 30068K(30528K)->30068K(30528K) NonClass: 24654K(24896K)->24654K(24896K) Class: 5413K(5632K)->5413K(5632K)
[4313.112s][info][gc             ] GC(449) Pause Young (Normal) (G1 Evacuation Pause) 7795M->2087M(10240M) 169.007ms
[4313.112s][info][gc,cpu         ] GC(449) User=1.33s Sys=0.01s Real=0.17s
........[4320.351s][info][gc,start       ] GC(450) Pause Young (Normal) (G1 Evacuation Pause)
[4320.351s][info][gc,task        ] GC(450) Using 8 workers of 8 for evacuation
[4320.521s][info][gc,phases      ] GC(450)   Pre Evacuate Collection Set: 0.29ms
[4320.521s][info][gc,phases      ] GC(450)   Merge Heap Roots: 0.51ms
[4320.521s][info][gc,phases      ] GC(450)   Evacuate Collection Set: 167.70ms
[4320.521s][info][gc,phases      ] GC(450)   Post Evacuate Collection Set: 1.29ms
[4320.521s][info][gc,phases      ] GC(450)   Other: 0.06ms
[4320.521s][info][gc,heap        ] GC(450) Eden regions: 716->0(715)
[4320.521s][info][gc,heap        ] GC(450) Survivor regions: 52->53(96)
[4320.521s][info][gc,heap        ] GC(450) Old regions: 180->182
[4320.521s][info][gc,heap        ] GC(450) Humongous regions: 33->33
[4320.521s][info][gc,metaspace   ] GC(450) Metaspace: 30068K(30528K)->30068K(30528K) NonClass: 24654K(24896K)->24654K(24896K) Class: 5413K(5632K)->5413K(5632K)
[4320.521s][info][gc             ] GC(450) Pause Young (Normal) (G1 Evacuation Pause) 7815M->2115M(10240M) 169.996ms
[4320.521s][info][gc,cpu         ] GC(450) User=1.34s Sys=0.00s Real=0.17s
.......[4327.792s][info][gc,start       ] GC(451) Pause Young (Normal) (G1 Evacuation Pause)
[4327.792s][info][gc,task        ] GC(451) Using 8 workers of 8 for evacuation
[4327.961s][info][gc,phases      ] GC(451)   Pre Evacuate Collection Set: 0.30ms
[4327.961s][info][gc,phases      ] GC(451)   Merge Heap Roots: 0.57ms
[4327.961s][info][gc,phases      ] GC(451)   Evacuate Collection Set: 166.97ms
[4327.961s][info][gc,phases      ] GC(451)   Post Evacuate Collection Set: 1.26ms
[4327.961s][info][gc,phases      ] GC(451)   Other: 0.10ms
[4327.961s][info][gc,heap        ] GC(451) Eden regions: 715->0(716)
[4327.961s][info][gc,heap        ] GC(451) Survivor regions: 53->52(96)
[4327.961s][info][gc,heap        ] GC(451) Old regions: 182->185
[4327.961s][info][gc,heap        ] GC(451) Humongous regions: 33->33
[4327.961s][info][gc,metaspace   ] GC(451) Metaspace: 30068K(30528K)->30068K(30528K) NonClass: 24654K(24896K)->24654K(24896K) Class: 5413K(5632K)->5413K(5632K)
[4327.961s][info][gc             ] GC(451) Pause Young (Normal) (G1 Evacuation Pause) 7835M->2128M(10240M) 169.338ms
[4327.961s][info][gc,cpu         ] GC(451) User=1.33s Sys=0.00s Real=0.17s
........[4335.235s][info][gc,start       ] GC(452) Pause Young (Normal) (G1 Evacuation Pause)
[4335.235s][info][gc,task        ] GC(452) Using 8 workers of 8 for evacuation
[4335.404s][info][gc,phases      ] GC(452)   Pre Evacuate Collection Set: 0.29ms
[4335.404s][info][gc,phases      ] GC(452)   Merge Heap Roots: 0.53ms
[4335.404s][info][gc,phases      ] GC(452)   Evacuate Collection Set: 166.86ms
[4335.404s][info][gc,phases      ] GC(452)   Post Evacuate Collection Set: 1.23ms
[4335.404s][info][gc,phases      ] GC(452)   Other: 0.07ms
[4335.404s][info][gc,heap        ] GC(452) Eden regions: 716->0(716)
[4335.404s][info][gc,heap        ] GC(452) Survivor regions: 52->52(96)
[4335.404s][info][gc,heap        ] GC(452) Old regions: 185->187
[4335.404s][info][gc,heap        ] GC(452) Humongous regions: 33->33
[4335.404s][info][gc,metaspace   ] GC(452) Metaspace: 30068K(30528K)->30068K(30528K) NonClass: 24654K(24896K)->24654K(24896K) Class: 5413K(5632K)->5413K(5632K)
[4335.404s][info][gc             ] GC(452) Pause Young (Normal) (G1 Evacuation Pause) 7856M->2143M(10240M) 169.116ms
[4335.404s][info][gc,cpu         ] GC(452) User=1.33s Sys=0.00s Real=0.17s
.......[4342.596s][info][gc,start       ] GC(453) Pause Young (Normal) (G1 Evacuation Pause)
[4342.596s][info][gc,task        ] GC(453) Using 8 workers of 8 for evacuation
[4342.766s][info][gc,phases      ] GC(453)   Pre Evacuate Collection Set: 0.29ms
[4342.766s][info][gc,phases      ] GC(453)   Merge Heap Roots: 0.54ms
[4342.766s][info][gc,phases      ] GC(453)   Evacuate Collection Set: 167.74ms
[4342.766s][info][gc,phases      ] GC(453)   Post Evacuate Collection Set: 1.31ms
[4342.766s][info][gc,phases      ] GC(453)   Other: 0.06ms
[4342.766s][info][gc,heap        ] GC(453) Eden regions: 716->0(716)
[4342.766s][info][gc,heap        ] GC(453) Survivor regions: 52->52(96)
[4342.766s][info][gc,heap        ] GC(453) Old regions: 187->190
[4342.766s][info][gc,heap        ] GC(453) Humongous regions: 33->33
[4342.766s][info][gc,metaspace   ] GC(453) Metaspace: 30068K(30528K)->30068K(30528K) NonClass: 24654K(24896K)->24654K(24896K) Class: 5413K(5632K)->5413K(5632K)
[4342.766s][info][gc             ] GC(453) Pause Young (Normal) (G1 Evacuation Pause) 7871M->2168M(10240M) 170.073ms
[4342.766s][info][gc,cpu         ] GC(453) User=1.34s Sys=0.00s Real=0.17s
.......[4350.062s][info][gc,start       ] GC(454) Pause Young (Normal) (G1 Evacuation Pause)
[4350.062s][info][gc,task        ] GC(454) Using 8 workers of 8 for evacuation
[4350.229s][info][gc,phases      ] GC(454)   Pre Evacuate Collection Set: 0.31ms
[4350.229s][info][gc,phases      ] GC(454)   Merge Heap Roots: 0.60ms
[4350.229s][info][gc,phases      ] GC(454)   Evacuate Collection Set: 164.89ms
[4350.229s][info][gc,phases      ] GC(454)   Post Evacuate Collection Set: 1.33ms
[4350.229s][info][gc,phases      ] GC(454)   Other: 0.07ms
[4350.229s][info][gc,heap        ] GC(454) Eden regions: 716->0(716)
[4350.229s][info][gc,heap        ] GC(454) Survivor regions: 52->52(96)
[4350.230s][info][gc,heap        ] GC(454) Old regions: 190->193
[4350.230s][info][gc,heap        ] GC(454) Humongous regions: 33->33
[4350.230s][info][gc,metaspace   ] GC(454) Metaspace: 30068K(30528K)->30068K(30528K) NonClass: 24654K(24896K)->24654K(24896K) Class: 5413K(5632K)->5413K(5632K)
[4350.230s][info][gc             ] GC(454) Pause Young (Normal) (G1 Evacuation Pause) 7896M->2188M(10240M) 167.341ms
[4350.230s][info][gc,cpu         ] GC(454) User=1.32s Sys=0.00s Real=0.17s
........[4357.527s][info][gc,start       ] GC(455) Pause Young (Normal) (G1 Evacuation Pause)
[4357.527s][info][gc,task        ] GC(455) Using 8 workers of 8 for evacuation
[4357.699s][info][gc,phases      ] GC(455)   Pre Evacuate Collection Set: 0.33ms
[4357.699s][info][gc,phases      ] GC(455)   Merge Heap Roots: 0.55ms
[4357.699s][info][gc,phases      ] GC(455)   Evacuate Collection Set: 169.69ms
[4357.699s][info][gc,phases      ] GC(455)   Post Evacuate Collection Set: 1.26ms
[4357.699s][info][gc,phases      ] GC(455)   Other: 0.07ms
[4357.699s][info][gc,heap        ] GC(455) Eden regions: 716->0(715)
[4357.699s][info][gc,heap        ] GC(455) Survivor regions: 52->53(96)
[4357.699s][info][gc,heap        ] GC(455) Old regions: 193->195
[4357.699s][info][gc,heap        ] GC(455) Humongous regions: 33->33
[4357.699s][info][gc,metaspace   ] GC(455) Metaspace: 30068K(30528K)->30068K(30528K) NonClass: 24654K(24896K)->24654K(24896K) Class: 5413K(5632K)->5413K(5632K)
[4357.699s][info][gc             ] GC(455) Pause Young (Normal) (G1 Evacuation Pause) 7916M->2212M(10240M) 172.036ms
[4357.699s][info][gc,cpu         ] GC(455) User=1.35s Sys=0.00s Real=0.17s
.......[4364.934s][info][gc,start       ] GC(456) Pause Young (Normal) (G1 Evacuation Pause)
[4364.934s][info][gc,task        ] GC(456) Using 8 workers of 8 for evacuation
[4365.102s][info][gc,phases      ] GC(456)   Pre Evacuate Collection Set: 0.31ms
[4365.102s][info][gc,phases      ] GC(456)   Merge Heap Roots: 0.57ms
[4365.102s][info][gc,phases      ] GC(456)   Evacuate Collection Set: 166.44ms
[4365.102s][info][gc,phases      ] GC(456)   Post Evacuate Collection Set: 1.23ms
[4365.102s][info][gc,phases      ] GC(456)   Other: 0.07ms
[4365.102s][info][gc,heap        ] GC(456) Eden regions: 715->0(716)
[4365.102s][info][gc,heap        ] GC(456) Survivor regions: 53->52(96)
[4365.102s][info][gc,heap        ] GC(456) Old regions: 195->198
[4365.102s][info][gc,heap        ] GC(456) Humongous regions: 33->33
[4365.102s][info][gc,metaspace   ] GC(456) Metaspace: 30068K(30528K)->30068K(30528K) NonClass: 24654K(24896K)->24654K(24896K) Class: 5413K(5632K)->5413K(5632K)
[4365.102s][info][gc             ] GC(456) Pause Young (Normal) (G1 Evacuation Pause) 7932M->2224M(10240M) 168.768ms
[4365.102s][info][gc,cpu         ] GC(456) User=1.33s Sys=0.00s Real=0.17s
.... (rIR:aIR:PR = 6503:6506:6506) (tPR = 96850) [OK] 
  4368s: Performance info:
         Transaction,    Success,    Partial,     Failed,   Receipts, AvgBarcode, 
             Overall,     391650,          0,          0,     372054,      59.48, 
         Response times:
             Request,    Success,    Partial,     Failed,   SkipFail,     Probes,    Samples,      min,      p50,      p90,      p95,      p99,      max, 
       TotalPurchase,     372054,          0,          0,          0,     359493,     392761,      300,     4400,     8000,    10600,    82000,   429000,
     InStorePurchase,     195863,          0,          0,          0,     188875,     205875,      400,     4400,     8000,    10700,    81000,   429000,
      OnlinePurchase,     137065,          0,          0,          0,     132718,     145029,      300,     4300,     7900,    10700,    84000,   429000,
        InstPurchase,      39126,          0,          0,          0,      37900,      41857,      500,     4300,     8000,    10300,    81000,   303000,
          AssocOfCat,        392,          0,          0,          0,        313,        429,    25000,    36000,    53000,    65500,   131100,   218000,
      AssocOfProduct,       3926,          0,          0,          0,       3667,       4259,      400,     3900,     8100,    10500,    71400,   181000,
      BusinessReport,        981,          0,          0,          0,        862,       1073,    29000,    40000,    57000,    70300,   213260,   296000,
          CustBuyBeh,       3917,          0,          0,          0,       3664,       4183,      300,     4200,     7400,    10180,    86640,   180000,
       ProductReturn,      10380,          0,          0,          0,       9912,      11103,      200,     4500,     7800,     9900,    79000,   429000,

  4368s: (48%)   IR =   6642 ...[4372.274s][info][gc,start       ] GC(457) Pause Young (Normal) (G1 Evacuation Pause)
[4372.274s][info][gc,task        ] GC(457) Using 8 workers of 8 for evacuation
[4372.444s][info][gc,phases      ] GC(457)   Pre Evacuate Collection Set: 0.31ms
[4372.444s][info][gc,phases      ] GC(457)   Merge Heap Roots: 0.56ms
[4372.444s][info][gc,phases      ] GC(457)   Evacuate Collection Set: 167.66ms
[4372.444s][info][gc,phases      ] GC(457)   Post Evacuate Collection Set: 1.28ms
[4372.444s][info][gc,phases      ] GC(457)   Other: 0.07ms
[4372.444s][info][gc,heap        ] GC(457) Eden regions: 716->0(716)
[4372.444s][info][gc,heap        ] GC(457) Survivor regions: 52->52(96)
[4372.444s][info][gc,heap        ] GC(457) Old regions: 198->200
[4372.444s][info][gc,heap        ] GC(457) Humongous regions: 33->33
[4372.444s][info][gc,metaspace   ] GC(457) Metaspace: 30073K(30528K)->30073K(30528K) NonClass: 24660K(24896K)->24660K(24896K) Class: 5413K(5632K)->5413K(5632K)
[4372.444s][info][gc             ] GC(457) Pause Young (Normal) (G1 Evacuation Pause) 7952M->2248M(10240M) 170.027ms
[4372.444s][info][gc,cpu         ] GC(457) User=1.34s Sys=0.00s Real=0.17s
....|....[4379.577s][info][gc,start       ] GC(458) Pause Young (Normal) (G1 Evacuation Pause)
[4379.577s][info][gc,task        ] GC(458) Using 8 workers of 8 for evacuation
[4379.746s][info][gc,phases      ] GC(458)   Pre Evacuate Collection Set: 0.30ms
[4379.746s][info][gc,phases      ] GC(458)   Merge Heap Roots: 0.52ms
[4379.746s][info][gc,phases      ] GC(458)   Evacuate Collection Set: 167.05ms
[4379.746s][info][gc,phases      ] GC(458)   Post Evacuate Collection Set: 1.31ms
[4379.746s][info][gc,phases      ] GC(458)   Other: 0.06ms
[4379.746s][info][gc,heap        ] GC(458) Eden regions: 716->0(716)
[4379.746s][info][gc,heap        ] GC(458) Survivor regions: 52->52(96)
[4379.746s][info][gc,heap        ] GC(458) Old regions: 200->203
[4379.746s][info][gc,heap        ] GC(458) Humongous regions: 33->33
[4379.746s][info][gc,metaspace   ] GC(458) Metaspace: 30073K(30528K)->30073K(30528K) NonClass: 24660K(24896K)->24660K(24896K) Class: 5413K(5632K)->5413K(5632K)
[4379.746s][info][gc             ] GC(458) Pause Young (Normal) (G1 Evacuation Pause) 7976M->2264M(10240M) 169.375ms
[4379.746s][info][gc,cpu         ] GC(458) User=1.33s Sys=0.00s Real=0.17s
.......[4386.798s][info][gc,start       ] GC(459) Pause Young (Normal) (G1 Evacuation Pause)
[4386.798s][info][gc,task        ] GC(459) Using 8 workers of 8 for evacuation
[4386.973s][info][gc,phases      ] GC(459)   Pre Evacuate Collection Set: 0.29ms
[4386.973s][info][gc,phases      ] GC(459)   Merge Heap Roots: 0.54ms
[4386.973s][info][gc,phases      ] GC(459)   Evacuate Collection Set: 172.60ms
[4386.973s][info][gc,phases      ] GC(459)   Post Evacuate Collection Set: 1.28ms
[4386.973s][info][gc,phases      ] GC(459)   Other: 0.08ms
[4386.973s][info][gc,heap        ] GC(459) Eden regions: 716->0(715)
[4386.973s][info][gc,heap        ] GC(459) Survivor regions: 52->53(96)
[4386.973s][info][gc,heap        ] GC(459) Old regions: 203->205
[4386.973s][info][gc,heap        ] GC(459) Humongous regions: 33->33
[4386.973s][info][gc,metaspace   ] GC(459) Metaspace: 30073K(30528K)->30073K(30528K) NonClass: 24660K(24896K)->24660K(24896K) Class: 5413K(5632K)->5413K(5632K)
[4386.973s][info][gc             ] GC(459) Pause Young (Normal) (G1 Evacuation Pause) 7992M->2291M(10240M) 174.913ms
[4386.973s][info][gc,cpu         ] GC(459) User=1.38s Sys=0.00s Real=0.17s
.......[4394.108s][info][gc,start       ] GC(460) Pause Young (Normal) (G1 Evacuation Pause)
[4394.108s][info][gc,task        ] GC(460) Using 8 workers of 8 for evacuation
[4394.276s][info][gc,phases      ] GC(460)   Pre Evacuate Collection Set: 0.33ms
[4394.276s][info][gc,phases      ] GC(460)   Merge Heap Roots: 0.61ms
[4394.277s][info][gc,phases      ] GC(460)   Evacuate Collection Set: 165.68ms
[4394.277s][info][gc,phases      ] GC(460)   Post Evacuate Collection Set: 1.29ms
[4394.277s][info][gc,phases      ] GC(460)   Other: 0.08ms
[4394.277s][info][gc,heap        ] GC(460) Eden regions: 715->0(716)
[4394.277s][info][gc,heap        ] GC(460) Survivor regions: 53->52(96)
[4394.277s][info][gc,heap        ] GC(460) Old regions: 205->207
[4394.277s][info][gc,heap        ] GC(460) Humongous regions: 33->33
[4394.277s][info][gc,metaspace   ] GC(460) Metaspace: 30073K(30528K)->30073K(30528K) NonClass: 24660K(24896K)->24660K(24896K) Class: 5413K(5632K)->5413K(5632K)
[4394.277s][info][gc             ] GC(460) Pause Young (Normal) (G1 Evacuation Pause) 8011M->2307M(10240M) 168.142ms
[4394.277s][info][gc,cpu         ] GC(460) User=1.32s Sys=0.00s Real=0.17s
.......[4401.410s][info][gc,start       ] GC(461) Pause Young (Normal) (G1 Evacuation Pause)
[4401.410s][info][gc,task        ] GC(461) Using 8 workers of 8 for evacuation
[4401.580s][info][gc,phases      ] GC(461)   Pre Evacuate Collection Set: 0.28ms
[4401.580s][info][gc,phases      ] GC(461)   Merge Heap Roots: 0.55ms
[4401.580s][info][gc,phases      ] GC(461)   Evacuate Collection Set: 168.53ms
[4401.581s][info][gc,phases      ] GC(461)   Post Evacuate Collection Set: 1.27ms
[4401.581s][info][gc,phases      ] GC(461)   Other: 0.06ms
[4401.581s][info][gc,heap        ] GC(461) Eden regions: 716->0(716)
[4401.581s][info][gc,heap        ] GC(461) Survivor regions: 52->52(96)
[4401.581s][info][gc,heap        ] GC(461) Old regions: 207->210
[4401.581s][info][gc,heap        ] GC(461) Humongous regions: 33->33
[4401.581s][info][gc,metaspace   ] GC(461) Metaspace: 30073K(30528K)->30073K(30528K) NonClass: 24660K(24896K)->24660K(24896K) Class: 5413K(5632K)->5413K(5632K)
[4401.581s][info][gc             ] GC(461) Pause Young (Normal) (G1 Evacuation Pause) 8035M->2322M(10240M) 170.831ms
[4401.581s][info][gc,cpu         ] GC(461) User=1.35s Sys=0.00s Real=0.17s
........[4408.671s][info][gc,start       ] GC(462) Pause Young (Normal) (G1 Evacuation Pause)
[4408.671s][info][gc,task        ] GC(462) Using 8 workers of 8 for evacuation
[4408.843s][info][gc,phases      ] GC(462)   Pre Evacuate Collection Set: 0.29ms
[4408.843s][info][gc,phases      ] GC(462)   Merge Heap Roots: 0.56ms
[4408.843s][info][gc,phases      ] GC(462)   Evacuate Collection Set: 169.36ms
[4408.843s][info][gc,phases      ] GC(462)   Post Evacuate Collection Set: 1.30ms
[4408.843s][info][gc,phases      ] GC(462)   Other: 0.07ms
[4408.843s][info][gc,heap        ] GC(462) Eden regions: 716->0(716)
[4408.843s][info][gc,heap        ] GC(462) Survivor regions: 52->52(96)
[4408.843s][info][gc,heap        ] GC(462) Old regions: 210->212
[4408.843s][info][gc,heap        ] GC(462) Humongous regions: 33->33
[4408.843s][info][gc,metaspace   ] GC(462) Metaspace: 30073K(30528K)->30073K(30528K) NonClass: 24660K(24896K)->24660K(24896K) Class: 5413K(5632K)->5413K(5632K)
[4408.843s][info][gc             ] GC(462) Pause Young (Normal) (G1 Evacuation Pause) 8050M->2346M(10240M) 171.711ms
[4408.843s][info][gc,cpu         ] GC(462) User=1.35s Sys=0.00s Real=0.17s
.......[4415.939s][info][gc,start       ] GC(463) Pause Young (Normal) (G1 Evacuation Pause)
[4415.939s][info][gc,task        ] GC(463) Using 8 workers of 8 for evacuation
[4416.108s][info][gc,phases      ] GC(463)   Pre Evacuate Collection Set: 0.32ms
[4416.109s][info][gc,phases      ] GC(463)   Merge Heap Roots: 0.53ms
[4416.109s][info][gc,phases      ] GC(463)   Evacuate Collection Set: 167.72ms
[4416.109s][info][gc,phases      ] GC(463)   Post Evacuate Collection Set: 1.29ms
[4416.109s][info][gc,phases      ] GC(463)   Other: 0.06ms
[4416.109s][info][gc,heap        ] GC(463) Eden regions: 716->0(716)
[4416.109s][info][gc,heap        ] GC(463) Survivor regions: 52->52(96)
[4416.109s][info][gc,heap        ] GC(463) Old regions: 212->215
[4416.109s][info][gc,heap        ] GC(463) Humongous regions: 33->33
[4416.109s][info][gc,metaspace   ] GC(463) Metaspace: 30073K(30528K)->30073K(30528K) NonClass: 24660K(24896K)->24660K(24896K) Class: 5413K(5632K)->5413K(5632K)
[4416.109s][info][gc             ] GC(463) Pause Young (Normal) (G1 Evacuation Pause) 8074M->2367M(10240M) 170.069ms
[4416.109s][info][gc,cpu         ] GC(463) User=1.34s Sys=0.00s Real=0.17s
.......[4423.183s][info][gc,start       ] GC(464) Pause Young (Normal) (G1 Evacuation Pause)
[4423.183s][info][gc,task        ] GC(464) Using 8 workers of 8 for evacuation
[4423.351s][info][gc,phases      ] GC(464)   Pre Evacuate Collection Set: 0.28ms
[4423.351s][info][gc,phases      ] GC(464)   Merge Heap Roots: 0.55ms
[4423.351s][info][gc,phases      ] GC(464)   Evacuate Collection Set: 165.74ms
[4423.351s][info][gc,phases      ] GC(464)   Post Evacuate Collection Set: 1.28ms
[4423.351s][info][gc,phases      ] GC(464)   Other: 0.07ms
[4423.351s][info][gc,heap        ] GC(464) Eden regions: 716->0(716)
[4423.351s][info][gc,heap        ] GC(464) Survivor regions: 52->52(96)
[4423.351s][info][gc,heap        ] GC(464) Old regions: 215->217
[4423.351s][info][gc,heap        ] GC(464) Humongous regions: 33->33
[4423.351s][info][gc,metaspace   ] GC(464) Metaspace: 30073K(30528K)->30073K(30528K) NonClass: 24660K(24896K)->24660K(24896K) Class: 5413K(5632K)->5413K(5632K)
[4423.351s][info][gc             ] GC(464) Pause Young (Normal) (G1 Evacuation Pause) 8095M->2386M(10240M) 168.053ms
[4423.351s][info][gc,cpu         ] GC(464) User=1.32s Sys=0.00s Real=0.17s
.......[4430.387s][info][gc,start       ] GC(465) Pause Young (Normal) (G1 Evacuation Pause)
[4430.387s][info][gc,task        ] GC(465) Using 8 workers of 8 for evacuation
[4430.558s][info][gc,phases      ] GC(465)   Pre Evacuate Collection Set: 0.29ms
[4430.558s][info][gc,phases      ] GC(465)   Merge Heap Roots: 0.53ms
[4430.558s][info][gc,phases      ] GC(465)   Evacuate Collection Set: 169.16ms
[4430.558s][info][gc,phases      ] GC(465)   Post Evacuate Collection Set: 1.28ms
[4430.558s][info][gc,phases      ] GC(465)   Other: 0.06ms
[4430.558s][info][gc,heap        ] GC(465) Eden regions: 716->0(716)
[4430.558s][info][gc,heap        ] GC(465) Survivor regions: 52->52(96)
[4430.558s][info][gc,heap        ] GC(465) Old regions: 217->220
[4430.558s][info][gc,heap        ] GC(465) Humongous regions: 33->33
[4430.558s][info][gc,metaspace   ] GC(465) Metaspace: 30073K(30528K)->30073K(30528K) NonClass: 24660K(24896K)->24660K(24896K) Class: 5413K(5632K)->5413K(5632K)
[4430.558s][info][gc             ] GC(465) Pause Young (Normal) (G1 Evacuation Pause) 8114M->2406M(10240M) 171.451ms
[4430.558s][info][gc,cpu         ] GC(465) User=1.35s Sys=0.00s Real=0.17s
...... (rIR:aIR:PR = 6642:6645:6645) (tPR = 98643) [OK] 
  4435s: Performance info:
         Transaction,    Success,    Partial,     Failed,   Receipts, AvgBarcode, 
             Overall,     399698,          0,          0,     379723,      59.47, 
         Response times:
             Request,    Success,    Partial,     Failed,   SkipFail,     Probes,    Samples,      min,      p50,      p90,      p95,      p99,      max, 
       TotalPurchase,     379723,          0,          0,          0,     358521,     403229,      400,     4500,     8200,    10700,    59000,   335000,
     InStorePurchase,     199960,          0,          0,          0,     188667,     211844,      400,     4400,     8100,    10600,    59000,   335000,
      OnlinePurchase,     139817,          0,          0,          0,     132187,     148648,      400,     4400,     8200,    10900,    59000,   334000,
        InstPurchase,      39946,          0,          0,          0,      37667,      42737,      500,     4700,     8200,    10500,    63000,   335000,
          AssocOfCat,        401,          0,          0,          0,        318,        442,    25000,    38000,    55000,    75700,   119140,   213000,
      AssocOfProduct,       3994,          0,          0,          0,       3705,       4290,      500,     4500,     8600,    11600,    60180,   189000,
      BusinessReport,       1000,          0,          0,          0,        861,       1077,    29000,    42000,    59000,    72000,   154980,   244000,
          CustBuyBeh,       3991,          0,          0,          0,       3754,       4438,      300,     4800,     7900,    10200,    64000,   332000,
       ProductReturn,      10590,          0,          0,          0,      10117,      11731,      200,     3800,     7800,     9700,    54000,   186000,

  4435s: (49%)   IR =   6780 .[4437.653s][info][gc,start       ] GC(466) Pause Young (Normal) (G1 Evacuation Pause)
[4437.653s][info][gc,task        ] GC(466) Using 8 workers of 8 for evacuation
[4437.820s][info][gc,phases      ] GC(466)   Pre Evacuate Collection Set: 0.30ms
[4437.820s][info][gc,phases      ] GC(466)   Merge Heap Roots: 0.56ms
[4437.820s][info][gc,phases      ] GC(466)   Evacuate Collection Set: 164.79ms
[4437.820s][info][gc,phases      ] GC(466)   Post Evacuate Collection Set: 1.37ms
[4437.820s][info][gc,phases      ] GC(466)   Other: 0.07ms
[4437.820s][info][gc,heap        ] GC(466) Eden regions: 716->0(716)
[4437.820s][info][gc,heap        ] GC(466) Survivor regions: 52->52(96)
[4437.820s][info][gc,heap        ] GC(466) Old regions: 220->222
[4437.820s][info][gc,heap        ] GC(466) Humongous regions: 33->33
[4437.820s][info][gc,metaspace   ] GC(466) Metaspace: 30073K(30528K)->30073K(30528K) NonClass: 24660K(24896K)->24660K(24896K) Class: 5413K(5632K)->5413K(5632K)
[4437.820s][info][gc             ] GC(466) Pause Young (Normal) (G1 Evacuation Pause) 8134M->2423M(10240M) 167.249ms
[4437.820s][info][gc,cpu         ] GC(466) User=1.32s Sys=0.00s Real=0.17s
.....|..[4444.796s][info][gc,start       ] GC(467) Pause Young (Normal) (G1 Evacuation Pause)
[4444.796s][info][gc,task        ] GC(467) Using 8 workers of 8 for evacuation
[4444.964s][info][gc,phases      ] GC(467)   Pre Evacuate Collection Set: 0.31ms
[4444.964s][info][gc,phases      ] GC(467)   Merge Heap Roots: 0.62ms
[4444.964s][info][gc,phases      ] GC(467)   Evacuate Collection Set: 164.92ms
[4444.964s][info][gc,phases      ] GC(467)   Post Evacuate Collection Set: 1.27ms
[4444.964s][info][gc,phases      ] GC(467)   Other: 0.08ms
[4444.964s][info][gc,heap        ] GC(467) Eden regions: 716->0(716)
[4444.964s][info][gc,heap        ] GC(467) Survivor regions: 52->52(96)
[4444.964s][info][gc,heap        ] GC(467) Old regions: 222->225
[4444.964s][info][gc,heap        ] GC(467) Humongous regions: 33->33
[4444.964s][info][gc,metaspace   ] GC(467) Metaspace: 30073K(30528K)->30073K(30528K) NonClass: 24660K(24896K)->24660K(24896K) Class: 5413K(5632K)->5413K(5632K)
[4444.964s][info][gc             ] GC(467) Pause Young (Normal) (G1 Evacuation Pause) 8151M->2448M(10240M) 167.340ms
[4444.964s][info][gc,cpu         ] GC(467) User=1.31s Sys=0.01s Real=0.16s
.......[4451.897s][info][gc,start       ] GC(468) Pause Young (Normal) (G1 Evacuation Pause)
[4451.897s][info][gc,task        ] GC(468) Using 8 workers of 8 for evacuation
[4452.064s][info][gc,phases      ] GC(468)   Pre Evacuate Collection Set: 0.31ms
[4452.064s][info][gc,phases      ] GC(468)   Merge Heap Roots: 0.57ms
[4452.064s][info][gc,phases      ] GC(468)   Evacuate Collection Set: 164.31ms
[4452.064s][info][gc,phases      ] GC(468)   Post Evacuate Collection Set: 1.38ms
[4452.064s][info][gc,phases      ] GC(468)   Other: 0.07ms
[4452.064s][info][gc,heap        ] GC(468) Eden regions: 716->0(716)
[4452.064s][info][gc,heap        ] GC(468) Survivor regions: 52->52(96)
[4452.064s][info][gc,heap        ] GC(468) Old regions: 225->227
[4452.064s][info][gc,heap        ] GC(468) Humongous regions: 33->33
[4452.064s][info][gc,metaspace   ] GC(468) Metaspace: 30073K(30528K)->30073K(30528K) NonClass: 24660K(24896K)->24660K(24896K) Class: 5413K(5632K)->5413K(5632K)
[4452.064s][info][gc             ] GC(468) Pause Young (Normal) (G1 Evacuation Pause) 8176M->2467M(10240M) 166.771ms
[4452.064s][info][gc,cpu         ] GC(468) User=1.31s Sys=0.00s Real=0.16s
.......[4459.041s][info][gc,start       ] GC(469) Pause Young (Normal) (G1 Evacuation Pause)
[4459.041s][info][gc,task        ] GC(469) Using 8 workers of 8 for evacuation
[4459.214s][info][gc,phases      ] GC(469)   Pre Evacuate Collection Set: 0.32ms
[4459.214s][info][gc,phases      ] GC(469)   Merge Heap Roots: 0.58ms
[4459.214s][info][gc,phases      ] GC(469)   Evacuate Collection Set: 170.86ms
[4459.214s][info][gc,phases      ] GC(469)   Post Evacuate Collection Set: 1.26ms
[4459.214s][info][gc,phases      ] GC(469)   Other: 0.07ms
[4459.214s][info][gc,heap        ] GC(469) Eden regions: 716->0(715)
[4459.214s][info][gc,heap        ] GC(469) Survivor regions: 52->53(96)
[4459.214s][info][gc,heap        ] GC(469) Old regions: 227->230
[4459.214s][info][gc,heap        ] GC(469) Humongous regions: 33->33
[4459.214s][info][gc,metaspace   ] GC(469) Metaspace: 30073K(30528K)->30073K(30528K) NonClass: 24660K(24896K)->24660K(24896K) Class: 5413K(5632K)->5413K(5632K)
[4459.214s][info][gc             ] GC(469) Pause Young (Normal) (G1 Evacuation Pause) 8195M->2491M(10240M) 173.238ms
[4459.214s][info][gc,cpu         ] GC(469) User=1.36s Sys=0.00s Real=0.17s
.......[4466.098s][info][gc,start       ] GC(470) Pause Young (Normal) (G1 Evacuation Pause)
[4466.098s][info][gc,task        ] GC(470) Using 8 workers of 8 for evacuation
[4466.273s][info][gc,phases      ] GC(470)   Pre Evacuate Collection Set: 0.28ms
[4466.273s][info][gc,phases      ] GC(470)   Merge Heap Roots: 0.54ms
[4466.273s][info][gc,phases      ] GC(470)   Evacuate Collection Set: 173.62ms
[4466.273s][info][gc,phases      ] GC(470)   Post Evacuate Collection Set: 1.28ms
[4466.273s][info][gc,phases      ] GC(470)   Other: 0.07ms
[4466.274s][info][gc,heap        ] GC(470) Eden regions: 715->0(715)
[4466.274s][info][gc,heap        ] GC(470) Survivor regions: 53->53(96)
[4466.274s][info][gc,heap        ] GC(470) Old regions: 230->232
[4466.274s][info][gc,heap        ] GC(470) Humongous regions: 33->33
[4466.274s][info][gc,metaspace   ] GC(470) Metaspace: 30073K(30528K)->30073K(30528K) NonClass: 24660K(24896K)->24660K(24896K) Class: 5413K(5632K)->5413K(5632K)
[4466.274s][info][gc             ] GC(470) Pause Young (Normal) (G1 Evacuation Pause) 8211M->2515M(10240M) 175.927ms
[4466.274s][info][gc,cpu         ] GC(470) User=1.38s Sys=0.00s Real=0.17s
.......[4473.217s][info][gc,start       ] GC(471) Pause Young (Normal) (G1 Evacuation Pause)
[4473.218s][info][gc,task        ] GC(471) Using 8 workers of 8 for evacuation
[4473.387s][info][gc,phases      ] GC(471)   Pre Evacuate Collection Set: 0.28ms
[4473.387s][info][gc,phases      ] GC(471)   Merge Heap Roots: 0.64ms
[4473.387s][info][gc,phases      ] GC(471)   Evacuate Collection Set: 167.15ms
[4473.387s][info][gc,phases      ] GC(471)   Post Evacuate Collection Set: 1.25ms
[4473.387s][info][gc,phases      ] GC(471)   Other: 0.07ms
[4473.387s][info][gc,heap        ] GC(471) Eden regions: 715->0(716)
[4473.387s][info][gc,heap        ] GC(471) Survivor regions: 53->52(96)
[4473.387s][info][gc,heap        ] GC(471) Old regions: 232->235
[4473.387s][info][gc,heap        ] GC(471) Humongous regions: 33->33
[4473.387s][info][gc,metaspace   ] GC(471) Metaspace: 30073K(30528K)->30073K(30528K) NonClass: 24660K(24896K)->24660K(24896K) Class: 5413K(5632K)->5413K(5632K)
[4473.387s][info][gc             ] GC(471) Pause Young (Normal) (G1 Evacuation Pause) 8235M->2524M(10240M) 169.521ms
[4473.387s][info][gc,cpu         ] GC(471) User=1.33s Sys=0.01s Real=0.17s
.......[4480.297s][info][gc,start       ] GC(472) Pause Young (Normal) (G1 Evacuation Pause)
[4480.297s][info][gc,task        ] GC(472) Using 8 workers of 8 for evacuation
[4480.467s][info][gc,phases      ] GC(472)   Pre Evacuate Collection Set: 0.29ms
[4480.467s][info][gc,phases      ] GC(472)   Merge Heap Roots: 0.62ms
[4480.467s][info][gc,phases      ] GC(472)   Evacuate Collection Set: 167.69ms
[4480.467s][info][gc,phases      ] GC(472)   Post Evacuate Collection Set: 1.29ms
[4480.467s][info][gc,phases      ] GC(472)   Other: 0.08ms
[4480.467s][info][gc,heap        ] GC(472) Eden regions: 716->0(716)
[4480.467s][info][gc,heap        ] GC(472) Survivor regions: 52->52(96)
[4480.467s][info][gc,heap        ] GC(472) Old regions: 235->237
[4480.467s][info][gc,heap        ] GC(472) Humongous regions: 33->33
[4480.467s][info][gc,metaspace   ] GC(472) Metaspace: 30073K(30528K)->30073K(30528K) NonClass: 24660K(24896K)->24660K(24896K) Class: 5413K(5632K)->5413K(5632K)
[4480.467s][info][gc             ] GC(472) Pause Young (Normal) (G1 Evacuation Pause) 8252M->2547M(10240M) 170.121ms
[4480.467s][info][gc,cpu         ] GC(472) User=1.33s Sys=0.00s Real=0.17s
.......[4487.403s][info][gc,start       ] GC(473) Pause Young (Normal) (G1 Evacuation Pause)
[4487.403s][info][gc,task        ] GC(473) Using 8 workers of 8 for evacuation
[4487.574s][info][gc,phases      ] GC(473)   Pre Evacuate Collection Set: 0.31ms
[4487.574s][info][gc,phases      ] GC(473)   Merge Heap Roots: 0.56ms
[4487.574s][info][gc,phases      ] GC(473)   Evacuate Collection Set: 168.20ms
[4487.574s][info][gc,phases      ] GC(473)   Post Evacuate Collection Set: 1.27ms
[4487.574s][info][gc,phases      ] GC(473)   Other: 0.07ms
[4487.574s][info][gc,heap        ] GC(473) Eden regions: 716->0(715)
[4487.574s][info][gc,heap        ] GC(473) Survivor regions: 52->53(96)
[4487.574s][info][gc,heap        ] GC(473) Old regions: 237->240
[4487.574s][info][gc,heap        ] GC(473) Humongous regions: 33->33
[4487.574s][info][gc,metaspace   ] GC(473) Metaspace: 30073K(30528K)->30073K(30528K) NonClass: 24660K(24896K)->24660K(24896K) Class: 5413K(5632K)->5413K(5632K)
[4487.574s][info][gc             ] GC(473) Pause Young (Normal) (G1 Evacuation Pause) 8275M->2572M(10240M) 170.561ms
[4487.574s][info][gc,cpu         ] GC(473) User=1.34s Sys=0.00s Real=0.17s
.......[4494.507s][info][gc,start       ] GC(474) Pause Young (Normal) (G1 Evacuation Pause)
[4494.507s][info][gc,task        ] GC(474) Using 8 workers of 8 for evacuation
[4494.676s][info][gc,phases      ] GC(474)   Pre Evacuate Collection Set: 0.29ms
[4494.676s][info][gc,phases      ] GC(474)   Merge Heap Roots: 0.53ms
[4494.676s][info][gc,phases      ] GC(474)   Evacuate Collection Set: 167.04ms
[4494.677s][info][gc,phases      ] GC(474)   Post Evacuate Collection Set: 1.28ms
[4494.677s][info][gc,phases      ] GC(474)   Other: 0.06ms
[4494.677s][info][gc,heap        ] GC(474) Eden regions: 715->0(716)
[4494.677s][info][gc,heap        ] GC(474) Survivor regions: 53->52(96)
[4494.677s][info][gc,heap        ] GC(474) Old regions: 240->242
[4494.677s][info][gc,heap        ] GC(474) Humongous regions: 33->33
[4494.677s][info][gc,metaspace   ] GC(474) Metaspace: 30073K(30528K)->30073K(30528K) NonClass: 24660K(24896K)->24660K(24896K) Class: 5413K(5632K)->5413K(5632K)
[4494.677s][info][gc             ] GC(474) Pause Young (Normal) (G1 Evacuation Pause) 8292M->2587M(10240M) 169.335ms
[4494.677s][info][gc,cpu         ] GC(474) User=1.33s Sys=0.00s Real=0.17s
.......[4501.670s][info][gc,start       ] GC(475) Pause Young (Normal) (G1 Evacuation Pause)
[4501.670s][info][gc,task        ] GC(475) Using 8 workers of 8 for evacuation
[4501.837s][info][gc,phases      ] GC(475)   Pre Evacuate Collection Set: 0.28ms
[4501.837s][info][gc,phases      ] GC(475)   Merge Heap Roots: 0.62ms
[4501.837s][info][gc,phases      ] GC(475)   Evacuate Collection Set: 163.96ms
[4501.837s][info][gc,phases      ] GC(475)   Post Evacuate Collection Set: 1.29ms
[4501.837s][info][gc,phases      ] GC(475)   Other: 0.08ms
[4501.837s][info][gc,heap        ] GC(475) Eden regions: 716->0(717)
[4501.837s][info][gc,heap        ] GC(475) Survivor regions: 52->51(96)
[4501.837s][info][gc,heap        ] GC(475) Old regions: 242->245
[4501.837s][info][gc,heap        ] GC(475) Humongous regions: 33->33
[4501.837s][info][gc,metaspace   ] GC(475) Metaspace: 30073K(30528K)->30073K(30528K) NonClass: 24660K(24896K)->24660K(24896K) Class: 5413K(5632K)->5413K(5632K)
[4501.837s][info][gc             ] GC(475) Pause Young (Normal) (G1 Evacuation Pause) 8315M->2596M(10240M) 166.366ms
[4501.837s][info][gc,cpu         ] GC(475) User=1.31s Sys=0.00s Real=0.17s
. (rIR:aIR:PR = 6780:6777:6778) (tPR = 100186) [OK] 
  4501s: Performance info:
         Transaction,    Success,    Partial,     Failed,   Receipts, AvgBarcode, 
             Overall,     406763,          0,          0,     386439,      59.48, 
         Response times:
             Request,    Success,    Partial,     Failed,   SkipFail,     Probes,    Samples,      min,      p50,      p90,      p95,      p99,      max, 
       TotalPurchase,     386416,          0,          0,          0,     359027,     398683,      300,     4700,     8400,    10800,    67000,   253000,
     InStorePurchase,     203664,          0,          0,          0,     188785,     209440,      400,     4600,     8400,    10800,    69000,   253000,
      OnlinePurchase,     142173,          0,          0,          0,     131960,     146341,      300,     4600,     8400,    10700,    64000,   197000,
        InstPurchase,      40579,          0,          0,          0,      38282,      42902,      500,     4800,     8600,    11100,    70000,   212000,
          AssocOfCat,        404,          0,          0,          0,        318,        432,    24000,    37000,    53000,    60000,   180930,   223000,
      AssocOfProduct,       4049,          0,          0,          0,       3771,       4432,      800,     4900,     8800,    11600,    63000,   185000,
      BusinessReport,       1009,          0,          0,          0,        867,       1086,    30000,    44000,    60000,    72000,   138780,   239000,
          CustBuyBeh,       4067,          0,          0,          0,       3777,       4365,      600,     4700,     7800,     9300,    71340,   147000,
       ProductReturn,      10774,          0,          0,          0,      10211,      11523,      200,     4100,     8100,    10900,    64760,   178000,

  4501s: (50%)   IR =   6918 ......[4508.811s][info][gc,start       ] GC(476) Pause Young (Normal) (G1 Evacuation Pause)
[4508.811s][info][gc,task        ] GC(476) Using 8 workers of 8 for evacuation
[4508.980s][info][gc,phases      ] GC(476)   Pre Evacuate Collection Set: 0.31ms
[4508.981s][info][gc,phases      ] GC(476)   Merge Heap Roots: 0.56ms
[4508.981s][info][gc,phases      ] GC(476)   Evacuate Collection Set: 166.83ms
[4508.981s][info][gc,phases      ] GC(476)   Post Evacuate Collection Set: 1.34ms
[4508.981s][info][gc,phases      ] GC(476)   Other: 0.07ms
[4508.981s][info][gc,heap        ] GC(476) Eden regions: 717->0(716)
[4508.981s][info][gc,heap        ] GC(476) Survivor regions: 51->52(96)
[4508.981s][info][gc,heap        ] GC(476) Old regions: 245->247
[4508.981s][info][gc,heap        ] GC(476) Humongous regions: 33->33
[4508.981s][info][gc,metaspace   ] GC(476) Metaspace: 30073K(30528K)->30073K(30528K) NonClass: 24660K(24896K)->24660K(24896K) Class: 5413K(5632K)->5413K(5632K)
[4508.981s][info][gc             ] GC(476) Pause Young (Normal) (G1 Evacuation Pause) 8332M->2623M(10240M) 169.234ms
[4508.981s][info][gc,cpu         ] GC(476) User=1.33s Sys=0.00s Real=0.17s
.....|..[4515.816s][info][gc,start       ] GC(477) Pause Young (Normal) (G1 Evacuation Pause)
[4515.816s][info][gc,task        ] GC(477) Using 8 workers of 8 for evacuation
[4515.984s][info][gc,phases      ] GC(477)   Pre Evacuate Collection Set: 0.31ms
[4515.984s][info][gc,phases      ] GC(477)   Merge Heap Roots: 0.57ms
[4515.984s][info][gc,phases      ] GC(477)   Evacuate Collection Set: 165.69ms
[4515.984s][info][gc,phases      ] GC(477)   Post Evacuate Collection Set: 1.34ms
[4515.984s][info][gc,phases      ] GC(477)   Other: 0.08ms
[4515.984s][info][gc,heap        ] GC(477) Eden regions: 716->0(717)
[4515.984s][info][gc,heap        ] GC(477) Survivor regions: 52->51(96)
[4515.984s][info][gc,heap        ] GC(477) Old regions: 247->250
[4515.984s][info][gc,heap        ] GC(477) Humongous regions: 33->33
[4515.984s][info][gc,metaspace   ] GC(477) Metaspace: 30073K(30528K)->30073K(30528K) NonClass: 24660K(24896K)->24660K(24896K) Class: 5413K(5632K)->5413K(5632K)
[4515.984s][info][gc             ] GC(477) Pause Young (Normal) (G1 Evacuation Pause) 8351M->2639M(10240M) 168.146ms
[4515.984s][info][gc,cpu         ] GC(477) User=1.32s Sys=0.00s Real=0.17s
.......[4522.786s][info][gc,start       ] GC(478) Pause Young (Normal) (G1 Evacuation Pause)
[4522.786s][info][gc,task        ] GC(478) Using 8 workers of 8 for evacuation
[4522.956s][info][gc,phases      ] GC(478)   Pre Evacuate Collection Set: 0.30ms
[4522.956s][info][gc,phases      ] GC(478)   Merge Heap Roots: 0.66ms
[4522.956s][info][gc,phases      ] GC(478)   Evacuate Collection Set: 167.75ms
[4522.956s][info][gc,phases      ] GC(478)   Post Evacuate Collection Set: 1.34ms
[4522.956s][info][gc,phases      ] GC(478)   Other: 0.07ms
[4522.956s][info][gc,heap        ] GC(478) Eden regions: 717->0(715)
[4522.956s][info][gc,heap        ] GC(478) Survivor regions: 51->53(96)
[4522.956s][info][gc,heap        ] GC(478) Old regions: 250->252
[4522.956s][info][gc,heap        ] GC(478) Humongous regions: 33->33
[4522.956s][info][gc,metaspace   ] GC(478) Metaspace: 30077K(30528K)->30077K(30528K) NonClass: 24663K(24896K)->24663K(24896K) Class: 5413K(5632K)->5413K(5632K)
[4522.956s][info][gc             ] GC(478) Pause Young (Normal) (G1 Evacuation Pause) 8375M->2670M(10240M) 170.270ms
[4522.956s][info][gc,cpu         ] GC(478) User=1.34s Sys=0.00s Real=0.17s
.......[4529.733s][info][gc,start       ] GC(479) Pause Young (Normal) (G1 Evacuation Pause)
[4529.733s][info][gc,task        ] GC(479) Using 8 workers of 8 for evacuation
[4529.900s][info][gc,phases      ] GC(479)   Pre Evacuate Collection Set: 0.31ms
[4529.900s][info][gc,phases      ] GC(479)   Merge Heap Roots: 0.56ms
[4529.900s][info][gc,phases      ] GC(479)   Evacuate Collection Set: 164.82ms
[4529.900s][info][gc,phases      ] GC(479)   Post Evacuate Collection Set: 1.29ms
[4529.900s][info][gc,phases      ] GC(479)   Other: 0.09ms
[4529.900s][info][gc,heap        ] GC(479) Eden regions: 715->0(716)
[4529.900s][info][gc,heap        ] GC(479) Survivor regions: 53->52(96)
[4529.900s][info][gc,heap        ] GC(479) Old regions: 252->255
[4529.900s][info][gc,heap        ] GC(479) Humongous regions: 33->33
[4529.900s][info][gc,metaspace   ] GC(479) Metaspace: 30077K(30528K)->30077K(30528K) NonClass: 24663K(24896K)->24663K(24896K) Class: 5413K(5632K)->5413K(5632K)
[4529.900s][info][gc             ] GC(479) Pause Young (Normal) (G1 Evacuation Pause) 8390M->2682M(10240M) 167.225ms
[4529.900s][info][gc,cpu         ] GC(479) User=1.32s Sys=0.00s Real=0.17s
.......[4536.729s][info][gc,start       ] GC(480) Pause Young (Normal) (G1 Evacuation Pause)
[4536.729s][info][gc,task        ] GC(480) Using 8 workers of 8 for evacuation
[4536.898s][info][gc,phases      ] GC(480)   Pre Evacuate Collection Set: 0.31ms
[4536.898s][info][gc,phases      ] GC(480)   Merge Heap Roots: 0.55ms
[4536.898s][info][gc,phases      ] GC(480)   Evacuate Collection Set: 166.60ms
[4536.898s][info][gc,phases      ] GC(480)   Post Evacuate Collection Set: 1.29ms
[4536.898s][info][gc,phases      ] GC(480)   Other: 0.06ms
[4536.898s][info][gc,heap        ] GC(480) Eden regions: 716->0(716)
[4536.898s][info][gc,heap        ] GC(480) Survivor regions: 52->52(96)
[4536.898s][info][gc,heap        ] GC(480) Old regions: 255->257
[4536.898s][info][gc,heap        ] GC(480) Humongous regions: 33->33
[4536.898s][info][gc,metaspace   ] GC(480) Metaspace: 30077K(30528K)->30077K(30528K) NonClass: 24663K(24896K)->24663K(24896K) Class: 5413K(5632K)->5413K(5632K)
[4536.898s][info][gc             ] GC(480) Pause Young (Normal) (G1 Evacuation Pause) 8410M->2706M(10240M) 168.952ms
[4536.898s][info][gc,cpu         ] GC(480) User=1.32s Sys=0.01s Real=0.17s
.......[4543.695s][info][gc,start       ] GC(481) Pause Young (Normal) (G1 Evacuation Pause)
[4543.696s][info][gc,task        ] GC(481) Using 8 workers of 8 for evacuation
[4543.864s][info][gc,phases      ] GC(481)   Pre Evacuate Collection Set: 0.31ms
[4543.864s][info][gc,phases      ] GC(481)   Merge Heap Roots: 0.68ms
[4543.864s][info][gc,phases      ] GC(481)   Evacuate Collection Set: 166.38ms
[4543.864s][info][gc,phases      ] GC(481)   Post Evacuate Collection Set: 1.26ms
[4543.864s][info][gc,phases      ] GC(481)   Other: 0.07ms
[4543.864s][info][gc,heap        ] GC(481) Eden regions: 716->0(716)
[4543.864s][info][gc,heap        ] GC(481) Survivor regions: 52->52(96)
[4543.864s][info][gc,heap        ] GC(481) Old regions: 257->260
[4543.864s][info][gc,heap        ] GC(481) Humongous regions: 33->33
[4543.864s][info][gc,metaspace   ] GC(481) Metaspace: 30077K(30528K)->30077K(30528K) NonClass: 24663K(24896K)->24663K(24896K) Class: 5413K(5632K)->5413K(5632K)
[4543.864s][info][gc             ] GC(481) Pause Young (Normal) (G1 Evacuation Pause) 8434M->2722M(10240M) 168.861ms
[4543.864s][info][gc,cpu         ] GC(481) User=1.33s Sys=0.00s Real=0.17s
.......[4550.757s][info][gc,start       ] GC(482) Pause Young (Normal) (G1 Evacuation Pause)
[4550.757s][info][gc,task        ] GC(482) Using 8 workers of 8 for evacuation
[4550.926s][info][gc,phases      ] GC(482)   Pre Evacuate Collection Set: 0.28ms
[4550.926s][info][gc,phases      ] GC(482)   Merge Heap Roots: 0.53ms
[4550.926s][info][gc,phases      ] GC(482)   Evacuate Collection Set: 167.48ms
[4550.926s][info][gc,phases      ] GC(482)   Post Evacuate Collection Set: 1.28ms
[4550.926s][info][gc,phases      ] GC(482)   Other: 0.08ms
[4550.926s][info][gc,heap        ] GC(482) Eden regions: 716->0(715)
[4550.926s][info][gc,heap        ] GC(482) Survivor regions: 52->53(96)
[4550.926s][info][gc,heap        ] GC(482) Old regions: 260->262
[4550.926s][info][gc,heap        ] GC(482) Humongous regions: 33->33
[4550.926s][info][gc,metaspace   ] GC(482) Metaspace: 30077K(30528K)->30077K(30528K) NonClass: 24663K(24896K)->24663K(24896K) Class: 5413K(5632K)->5413K(5632K)
[4550.926s][info][gc             ] GC(482) Pause Young (Normal) (G1 Evacuation Pause) 8450M->2755M(10240M) 169.793ms
[4550.926s][info][gc,cpu         ] GC(482) User=1.34s Sys=0.01s Real=0.17s
.......[4557.657s][info][gc,start       ] GC(483) Pause Young (Normal) (G1 Evacuation Pause)
[4557.657s][info][gc,task        ] GC(483) Using 8 workers of 8 for evacuation
[4557.826s][info][gc,phases      ] GC(483)   Pre Evacuate Collection Set: 0.29ms
[4557.826s][info][gc,phases      ] GC(483)   Merge Heap Roots: 0.55ms
[4557.826s][info][gc,phases      ] GC(483)   Evacuate Collection Set: 166.79ms
[4557.826s][info][gc,phases      ] GC(483)   Post Evacuate Collection Set: 1.27ms
[4557.826s][info][gc,phases      ] GC(483)   Other: 0.06ms
[4557.826s][info][gc,heap        ] GC(483) Eden regions: 715->0(715)
[4557.826s][info][gc,heap        ] GC(483) Survivor regions: 53->53(96)
[4557.826s][info][gc,heap        ] GC(483) Old regions: 262->265
[4557.826s][info][gc,heap        ] GC(483) Humongous regions: 33->33
[4557.826s][info][gc,metaspace   ] GC(483) Metaspace: 30077K(30528K)->30077K(30528K) NonClass: 24663K(24896K)->24663K(24896K) Class: 5413K(5632K)->5413K(5632K)
[4557.826s][info][gc             ] GC(483) Pause Young (Normal) (G1 Evacuation Pause) 8475M->2771M(10240M) 169.090ms
[4557.826s][info][gc,cpu         ] GC(483) User=1.33s Sys=0.00s Real=0.17s
.......[4564.657s][info][gc,start       ] GC(484) Pause Young (Normal) (G1 Evacuation Pause)
[4564.657s][info][gc,task        ] GC(484) Using 8 workers of 8 for evacuation
[4564.824s][info][gc,phases      ] GC(484)   Pre Evacuate Collection Set: 0.32ms
[4564.824s][info][gc,phases      ] GC(484)   Merge Heap Roots: 0.53ms
[4564.824s][info][gc,phases      ] GC(484)   Evacuate Collection Set: 164.12ms
[4564.824s][info][gc,phases      ] GC(484)   Post Evacuate Collection Set: 1.32ms
[4564.824s][info][gc,phases      ] GC(484)   Other: 0.07ms
[4564.824s][info][gc,heap        ] GC(484) Eden regions: 715->0(717)
[4564.824s][info][gc,heap        ] GC(484) Survivor regions: 53->51(96)
[4564.824s][info][gc,heap        ] GC(484) Old regions: 265->267
[4564.824s][info][gc,heap        ] GC(484) Humongous regions: 33->33
[4564.824s][info][gc,metaspace   ] GC(484) Metaspace: 30077K(30528K)->30077K(30528K) NonClass: 24663K(24896K)->24663K(24896K) Class: 5413K(5632K)->5413K(5632K)
[4564.824s][info][gc             ] GC(484) Pause Young (Normal) (G1 Evacuation Pause) 8491M->2779M(10240M) 166.500ms
[4564.824s][info][gc,cpu         ] GC(484) User=1.31s Sys=0.01s Real=0.16s
.......[4571.613s][info][gc,start       ] GC(485) Pause Young (Normal) (G1 Evacuation Pause)
[4571.613s][info][gc,task        ] GC(485) Using 8 workers of 8 for evacuation
[4571.789s][info][gc,phases      ] GC(485)   Pre Evacuate Collection Set: 0.31ms
[4571.789s][info][gc,phases      ] GC(485)   Merge Heap Roots: 0.55ms
[4571.789s][info][gc,phases      ] GC(485)   Evacuate Collection Set: 174.34ms
[4571.789s][info][gc,phases      ] GC(485)   Post Evacuate Collection Set: 1.28ms
[4571.789s][info][gc,phases      ] GC(485)   Other: 0.06ms
[4571.789s][info][gc,heap        ] GC(485) Eden regions: 717->0(714)
[4571.789s][info][gc,heap        ] GC(485) Survivor regions: 51->54(96)
[4571.789s][info][gc,heap        ] GC(485) Old regions: 267->270
[4571.789s][info][gc,heap        ] GC(485) Humongous regions: 33->33
[4571.789s][info][gc,metaspace   ] GC(485) Metaspace: 30077K(30528K)->30077K(30528K) NonClass: 24663K(24896K)->24663K(24896K) Class: 5413K(5632K)->5413K(5632K)
[4571.789s][info][gc             ] GC(485) Pause Young (Normal) (G1 Evacuation Pause) 8515M->2820M(10240M) 176.668ms
[4571.789s][info][gc,cpu         ] GC(485) User=1.39s Sys=0.00s Real=0.18s
.. (rIR:aIR:PR = 6918:6918:6918) (tPR = 102805) [OK] 
  4572s: Performance info:
         Transaction,    Success,    Partial,     Failed,   Receipts, AvgBarcode, 
             Overall,     415329,          0,          0,     394567,      59.48, 
         Response times:
             Request,    Success,    Partial,     Failed,   SkipFail,     Probes,    Samples,      min,      p50,      p90,      p95,      p99,      max, 
       TotalPurchase,     394566,          0,          0,          0,     355654,     427551,      300,     4800,     8700,    11500,    62000,   374000,
     InStorePurchase,     207875,          0,          0,          0,     187805,     225432,      400,     4800,     8700,    11500,    62000,   374000,
      OnlinePurchase,     145195,          0,          0,          0,     129921,     156114,      300,     4700,     8800,    11500,    62000,   374000,
        InstPurchase,      41496,          0,          0,          0,      37928,      46005,      500,     5000,     8700,    11300,    64000,   266000,
          AssocOfCat,        417,          0,          0,          0,        319,        471,    27000,    39000,    55000,    64400,   120120,   292000,
      AssocOfProduct,       4152,          0,          0,          0,       3832,       4786,      600,     5300,     9300,    12800,    53260,   251000,
      BusinessReport,       1034,          0,          0,          0,        883,       1165,    21000,    46000,    62400,    81000,   207680,   246000,
          CustBuyBeh,       4162,          0,          0,          0,       3890,       4858,      300,     5200,     8400,    10905,    64000,   314000,
       ProductReturn,      10998,          0,          0,          0,       9259,      11264,      200,     4300,     8500,    11500,    57000,   313000,

  4572s: (51%)   IR =   7057 .....[4578.520s][info][gc,start       ] GC(486) Pause Young (Normal) (G1 Evacuation Pause)
[4578.520s][info][gc,task        ] GC(486) Using 8 workers of 8 for evacuation
[4578.692s][info][gc,phases      ] GC(486)   Pre Evacuate Collection Set: 0.30ms
[4578.692s][info][gc,phases      ] GC(486)   Merge Heap Roots: 0.58ms
[4578.692s][info][gc,phases      ] GC(486)   Evacuate Collection Set: 170.06ms
[4578.692s][info][gc,phases      ] GC(486)   Post Evacuate Collection Set: 1.34ms
[4578.692s][info][gc,phases      ] GC(486)   Other: 0.08ms
[4578.692s][info][gc,heap        ] GC(486) Eden regions: 714->0(715)
[4578.692s][info][gc,heap        ] GC(486) Survivor regions: 54->53(96)
[4578.692s][info][gc,heap        ] GC(486) Old regions: 270->273
[4578.692s][info][gc,heap        ] GC(486) Humongous regions: 33->33
[4578.692s][info][gc,metaspace   ] GC(486) Metaspace: 30077K(30528K)->30077K(30528K) NonClass: 24663K(24896K)->24663K(24896K) Class: 5413K(5632K)->5413K(5632K)
[4578.692s][info][gc             ] GC(486) Pause Young (Normal) (G1 Evacuation Pause) 8532M->2832M(10240M) 172.485ms
[4578.692s][info][gc,cpu         ] GC(486) User=1.36s Sys=0.00s Real=0.17s
..|.....[4585.320s][info][gc,start       ] GC(487) Pause Young (Normal) (G1 Evacuation Pause)
[4585.320s][info][gc,task        ] GC(487) Using 8 workers of 8 for evacuation
[4585.493s][info][gc,phases      ] GC(487)   Pre Evacuate Collection Set: 0.28ms
[4585.493s][info][gc,phases      ] GC(487)   Merge Heap Roots: 0.53ms
[4585.493s][info][gc,phases      ] GC(487)   Evacuate Collection Set: 170.98ms
[4585.493s][info][gc,phases      ] GC(487)   Post Evacuate Collection Set: 1.34ms
[4585.493s][info][gc,phases      ] GC(487)   Other: 0.06ms
[4585.493s][info][gc,heap        ] GC(487) Eden regions: 715->0(715)
[4585.493s][info][gc,heap        ] GC(487) Survivor regions: 53->53(96)
[4585.493s][info][gc,heap        ] GC(487) Old regions: 273->275
[4585.493s][info][gc,heap        ] GC(487) Humongous regions: 33->33
[4585.493s][info][gc,metaspace   ] GC(487) Metaspace: 30077K(30528K)->30077K(30528K) NonClass: 24663K(24896K)->24663K(24896K) Class: 5413K(5632K)->5413K(5632K)
[4585.494s][info][gc             ] GC(487) Pause Young (Normal) (G1 Evacuation Pause) 8552M->2856M(10240M) 173.321ms
[4585.494s][info][gc,cpu         ] GC(487) User=1.36s Sys=0.00s Real=0.17s
.......[4592.204s][info][gc,start       ] GC(488) Pause Young (Normal) (G1 Evacuation Pause)
[4592.204s][info][gc,task        ] GC(488) Using 8 workers of 8 for evacuation
[4592.374s][info][gc,phases      ] GC(488)   Pre Evacuate Collection Set: 0.31ms
[4592.374s][info][gc,phases      ] GC(488)   Merge Heap Roots: 0.54ms
[4592.374s][info][gc,phases      ] GC(488)   Evacuate Collection Set: 167.32ms
[4592.374s][info][gc,phases      ] GC(488)   Post Evacuate Collection Set: 1.31ms
[4592.374s][info][gc,phases      ] GC(488)   Other: 0.07ms
[4592.374s][info][gc,heap        ] GC(488) Eden regions: 715->0(716)
[4592.374s][info][gc,heap        ] GC(488) Survivor regions: 53->52(96)
[4592.374s][info][gc,heap        ] GC(488) Old regions: 275->278
[4592.374s][info][gc,heap        ] GC(488) Humongous regions: 33->33
[4592.374s][info][gc,metaspace   ] GC(488) Metaspace: 30077K(30528K)->30077K(30528K) NonClass: 24663K(24896K)->24663K(24896K) Class: 5413K(5632K)->5413K(5632K)
[4592.374s][info][gc             ] GC(488) Pause Young (Normal) (G1 Evacuation Pause) 8576M->2869M(10240M) 169.688ms
[4592.374s][info][gc,cpu         ] GC(488) User=1.33s Sys=0.00s Real=0.17s
......[4599.069s][info][gc,start       ] GC(489) Pause Young (Normal) (G1 Evacuation Pause)
[4599.069s][info][gc,task        ] GC(489) Using 8 workers of 8 for evacuation
[4599.239s][info][gc,phases      ] GC(489)   Pre Evacuate Collection Set: 0.31ms
[4599.239s][info][gc,phases      ] GC(489)   Merge Heap Roots: 0.54ms
[4599.239s][info][gc,phases      ] GC(489)   Evacuate Collection Set: 167.07ms
[4599.239s][info][gc,phases      ] GC(489)   Post Evacuate Collection Set: 1.33ms
[4599.239s][info][gc,phases      ] GC(489)   Other: 0.07ms
[4599.239s][info][gc,heap        ] GC(489) Eden regions: 716->0(716)
[4599.239s][info][gc,heap        ] GC(489) Survivor regions: 52->52(96)
[4599.239s][info][gc,heap        ] GC(489) Old regions: 278->280
[4599.239s][info][gc,heap        ] GC(489) Humongous regions: 33->33
[4599.239s][info][gc,metaspace   ] GC(489) Metaspace: 30077K(30528K)->30077K(30528K) NonClass: 24663K(24896K)->24663K(24896K) Class: 5413K(5632K)->5413K(5632K)
[4599.239s][info][gc             ] GC(489) Pause Young (Normal) (G1 Evacuation Pause) 8597M->2889M(10240M) 169.455ms
[4599.239s][info][gc,cpu         ] GC(489) User=1.34s Sys=0.00s Real=0.17s
.......[4605.933s][info][gc,start       ] GC(490) Pause Young (Normal) (G1 Evacuation Pause)
[4605.933s][info][gc,task        ] GC(490) Using 8 workers of 8 for evacuation
[4606.101s][info][gc,phases      ] GC(490)   Pre Evacuate Collection Set: 0.29ms
[4606.101s][info][gc,phases      ] GC(490)   Merge Heap Roots: 0.58ms
[4606.101s][info][gc,phases      ] GC(490)   Evacuate Collection Set: 165.63ms
[4606.101s][info][gc,phases      ] GC(490)   Post Evacuate Collection Set: 1.28ms
[4606.101s][info][gc,phases      ] GC(490)   Other: 0.07ms
[4606.101s][info][gc,heap        ] GC(490) Eden regions: 716->0(716)
[4606.101s][info][gc,heap        ] GC(490) Survivor regions: 52->52(96)
[4606.101s][info][gc,heap        ] GC(490) Old regions: 280->283
[4606.101s][info][gc,heap        ] GC(490) Humongous regions: 33->33
[4606.101s][info][gc,metaspace   ] GC(490) Metaspace: 30077K(30528K)->30077K(30528K) NonClass: 24663K(24896K)->24663K(24896K) Class: 5413K(5632K)->5413K(5632K)
[4606.101s][info][gc             ] GC(490) Pause Young (Normal) (G1 Evacuation Pause) 8617M->2909M(10240M) 167.975ms
[4606.101s][info][gc,cpu         ] GC(490) User=1.32s Sys=0.00s Real=0.17s
.......[4612.749s][info][gc,start       ] GC(491) Pause Young (Normal) (G1 Evacuation Pause)
[4612.749s][info][gc,task        ] GC(491) Using 8 workers of 8 for evacuation
[4612.915s][info][gc,phases      ] GC(491)   Pre Evacuate Collection Set: 0.31ms
[4612.915s][info][gc,phases      ] GC(491)   Merge Heap Roots: 0.60ms
[4612.915s][info][gc,phases      ] GC(491)   Evacuate Collection Set: 163.25ms
[4612.915s][info][gc,phases      ] GC(491)   Post Evacuate Collection Set: 1.24ms
[4612.915s][info][gc,phases      ] GC(491)   Other: 0.07ms
[4612.915s][info][gc,heap        ] GC(491) Eden regions: 716->0(716)
[4612.915s][info][gc,heap        ] GC(491) Survivor regions: 52->52(96)
[4612.915s][info][gc,heap        ] GC(491) Old regions: 283->285
[4612.915s][info][gc,heap        ] GC(491) Humongous regions: 33->33
[4612.915s][info][gc,metaspace   ] GC(491) Metaspace: 30077K(30528K)->30077K(30528K) NonClass: 24663K(24896K)->24663K(24896K) Class: 5413K(5632K)->5413K(5632K)
[4612.915s][info][gc             ] GC(491) Pause Young (Normal) (G1 Evacuation Pause) 8637M->2925M(10240M) 165.626ms
[4612.915s][info][gc,cpu         ] GC(491) User=1.30s Sys=0.00s Real=0.16s
.......[4619.605s][info][gc,start       ] GC(492) Pause Young (Normal) (G1 Evacuation Pause)
[4619.605s][info][gc,task        ] GC(492) Using 8 workers of 8 for evacuation
[4619.779s][info][gc,phases      ] GC(492)   Pre Evacuate Collection Set: 0.30ms
[4619.779s][info][gc,phases      ] GC(492)   Merge Heap Roots: 0.55ms
[4619.779s][info][gc,phases      ] GC(492)   Evacuate Collection Set: 171.42ms
[4619.779s][info][gc,phases      ] GC(492)   Post Evacuate Collection Set: 1.30ms
[4619.779s][info][gc,phases      ] GC(492)   Other: 0.07ms
[4619.779s][info][gc,heap        ] GC(492) Eden regions: 716->0(715)
[4619.779s][info][gc,heap        ] GC(492) Survivor regions: 52->53(96)
[4619.779s][info][gc,heap        ] GC(492) Old regions: 285->288
[4619.779s][info][gc,heap        ] GC(492) Humongous regions: 33->33
[4619.779s][info][gc,metaspace   ] GC(492) Metaspace: 30077K(30528K)->30077K(30528K) NonClass: 24663K(24896K)->24663K(24896K) Class: 5413K(5632K)->5413K(5632K)
[4619.779s][info][gc             ] GC(492) Pause Young (Normal) (G1 Evacuation Pause) 8653M->2956M(10240M) 173.772ms
[4619.779s][info][gc,cpu         ] GC(492) User=1.37s Sys=0.00s Real=0.18s
.......[4626.492s][info][gc,start       ] GC(493) Pause Young (Normal) (G1 Evacuation Pause)
[4626.492s][info][gc,task        ] GC(493) Using 8 workers of 8 for evacuation
[4626.660s][info][gc,phases      ] GC(493)   Pre Evacuate Collection Set: 0.30ms
[4626.660s][info][gc,phases      ] GC(493)   Merge Heap Roots: 0.57ms
[4626.660s][info][gc,phases      ] GC(493)   Evacuate Collection Set: 165.62ms
[4626.660s][info][gc,phases      ] GC(493)   Post Evacuate Collection Set: 1.30ms
[4626.660s][info][gc,phases      ] GC(493)   Other: 0.06ms
[4626.660s][info][gc,heap        ] GC(493) Eden regions: 715->0(717)
[4626.660s][info][gc,heap        ] GC(493) Survivor regions: 53->51(96)
[4626.660s][info][gc,heap        ] GC(493) Old regions: 288->290
[4626.660s][info][gc,heap        ] GC(493) Humongous regions: 33->33
[4626.660s][info][gc,metaspace   ] GC(493) Metaspace: 30077K(30528K)->30077K(30528K) NonClass: 24663K(24896K)->24663K(24896K) Class: 5413K(5632K)->5413K(5632K)
[4626.660s][info][gc             ] GC(493) Pause Young (Normal) (G1 Evacuation Pause) 8676M->2960M(10240M) 167.977ms
[4626.660s][info][gc,cpu         ] GC(493) User=1.32s Sys=0.00s Real=0.17s
.......[4633.295s][info][gc,start       ] GC(494) Pause Young (Normal) (G1 Evacuation Pause)
[4633.295s][info][gc,task        ] GC(494) Using 8 workers of 8 for evacuation
[4633.464s][info][gc,phases      ] GC(494)   Pre Evacuate Collection Set: 0.31ms
[4633.464s][info][gc,phases      ] GC(494)   Merge Heap Roots: 0.56ms
[4633.464s][info][gc,phases      ] GC(494)   Evacuate Collection Set: 166.82ms
[4633.464s][info][gc,phases      ] GC(494)   Post Evacuate Collection Set: 1.29ms
[4633.464s][info][gc,phases      ] GC(494)   Other: 0.06ms
[4633.464s][info][gc,heap        ] GC(494) Eden regions: 717->0(716)
[4633.464s][info][gc,heap        ] GC(494) Survivor regions: 51->52(96)
[4633.464s][info][gc,heap        ] GC(494) Old regions: 290->293
[4633.464s][info][gc,heap        ] GC(494) Humongous regions: 33->33
[4633.464s][info][gc,metaspace   ] GC(494) Metaspace: 30077K(30528K)->30077K(30528K) NonClass: 24663K(24896K)->24663K(24896K) Class: 5413K(5632K)->5413K(5632K)
[4633.464s][info][gc             ] GC(494) Pause Young (Normal) (G1 Evacuation Pause) 8696M->2985M(10240M) 169.174ms
[4633.464s][info][gc,cpu         ] GC(494) User=1.33s Sys=0.00s Real=0.17s
......[4640.152s][info][gc,start       ] GC(495) Pause Young (Normal) (G1 Evacuation Pause)
[4640.152s][info][gc,task        ] GC(495) Using 8 workers of 8 for evacuation
[4640.321s][info][gc,phases      ] GC(495)   Pre Evacuate Collection Set: 0.31ms
[4640.321s][info][gc,phases      ] GC(495)   Merge Heap Roots: 0.62ms
[4640.321s][info][gc,phases      ] GC(495)   Evacuate Collection Set: 166.83ms
[4640.321s][info][gc,phases      ] GC(495)   Post Evacuate Collection Set: 1.25ms
[4640.321s][info][gc,phases      ] GC(495)   Other: 0.08ms
[4640.321s][info][gc,heap        ] GC(495) Eden regions: 716->0(716)
[4640.321s][info][gc,heap        ] GC(495) Survivor regions: 52->52(96)
[4640.321s][info][gc,heap        ] GC(495) Old regions: 293->295
[4640.321s][info][gc,heap        ] GC(495) Humongous regions: 33->33
[4640.321s][info][gc,metaspace   ] GC(495) Metaspace: 30077K(30528K)->30077K(30528K) NonClass: 24663K(24896K)->24663K(24896K) Class: 5413K(5632K)->5413K(5632K)
[4640.321s][info][gc             ] GC(495) Pause Young (Normal) (G1 Evacuation Pause) 8713M->3009M(10240M) 169.237ms
[4640.321s][info][gc,cpu         ] GC(495) User=1.33s Sys=0.00s Real=0.17s
. (rIR:aIR:PR = 7057:7018:7018) (tPR = 104590) [OK] 
  4640s: Performance info:
         Transaction,    Success,    Partial,     Failed,   Receipts, AvgBarcode, 
             Overall,     422577,          0,          0,     401371,      59.47, 
         Response times:
             Request,    Success,    Partial,     Failed,   SkipFail,     Probes,    Samples,      min,      p50,      p90,      p95,      p99,      max, 
       TotalPurchase,     401373,          0,          0,          0,     359272,     403989,      400,     4800,     8800,    11800,    67000,   410000,
     InStorePurchase,     210403,          0,          0,          0,     189278,     212619,      400,     4800,     8800,    11800,    68000,   410000,
      OnlinePurchase,     148518,          0,          0,          0,     132364,     148770,      400,     4700,     8800,    11700,    67290,   409000,
        InstPurchase,      42452,          0,          0,          0,      37630,      42600,      500,     4800,     9000,    12000,    65000,   359000,
          AssocOfCat,        423,          0,          0,          0,        336,        457,    26000,    38000,    52200,    60100,   105840,   125000,
      AssocOfProduct,       4240,          0,          0,          0,       3947,       4691,      800,     5000,     9100,    12300,    60080,   358000,
      BusinessReport,       1061,          0,          0,          0,        966,       1238,    28000,    44000,    60000,    78050,   146610,   241000,
          CustBuyBeh,       4231,          0,          0,          0,       3970,       4800,      300,     5400,     9200,    12700,    73970,   183000,
       ProductReturn,      11250,          0,          0,          0,       9485,      10955,      200,     4400,     8700,    11840,    70000,   226000,

  4640s: (52%)   IR =   7195 .....|.[4646.936s][info][gc,start       ] GC(496) Pause Young (Normal) (G1 Evacuation Pause)
[4646.936s][info][gc,task        ] GC(496) Using 8 workers of 8 for evacuation
[4647.108s][info][gc,phases      ] GC(496)   Pre Evacuate Collection Set: 0.31ms
[4647.108s][info][gc,phases      ] GC(496)   Merge Heap Roots: 0.59ms
[4647.108s][info][gc,phases      ] GC(496)   Evacuate Collection Set: 170.14ms
[4647.108s][info][gc,phases      ] GC(496)   Post Evacuate Collection Set: 1.30ms
[4647.108s][info][gc,phases      ] GC(496)   Other: 0.07ms
[4647.108s][info][gc,heap        ] GC(496) Eden regions: 716->0(716)
[4647.108s][info][gc,heap        ] GC(496) Survivor regions: 52->52(96)
[4647.108s][info][gc,heap        ] GC(496) Old regions: 295->298
[4647.108s][info][gc,heap        ] GC(496) Humongous regions: 33->33
[4647.108s][info][gc,metaspace   ] GC(496) Metaspace: 30077K(30528K)->30077K(30528K) NonClass: 24663K(24896K)->24663K(24896K) Class: 5413K(5632K)->5413K(5632K)
[4647.108s][info][gc             ] GC(496) Pause Young (Normal) (G1 Evacuation Pause) 8737M->3025M(10240M) 172.541ms
[4647.108s][info][gc,cpu         ] GC(496) User=1.36s Sys=0.01s Real=0.18s
.......[4653.642s][info][gc,start       ] GC(497) Pause Young (Normal) (G1 Evacuation Pause)
[4653.642s][info][gc,task        ] GC(497) Using 8 workers of 8 for evacuation
[4653.816s][info][gc,phases      ] GC(497)   Pre Evacuate Collection Set: 0.29ms
[4653.816s][info][gc,phases      ] GC(497)   Merge Heap Roots: 0.54ms
[4653.816s][info][gc,phases      ] GC(497)   Evacuate Collection Set: 171.33ms
[4653.816s][info][gc,phases      ] GC(497)   Post Evacuate Collection Set: 1.30ms
[4653.816s][info][gc,phases      ] GC(497)   Other: 0.07ms
[4653.816s][info][gc,heap        ] GC(497) Eden regions: 716->0(715)
[4653.816s][info][gc,heap        ] GC(497) Survivor regions: 52->53(96)
[4653.816s][info][gc,heap        ] GC(497) Old regions: 298->300
[4653.816s][info][gc,heap        ] GC(497) Humongous regions: 33->33
[4653.816s][info][gc,metaspace   ] GC(497) Metaspace: 30077K(30528K)->30077K(30528K) NonClass: 24663K(24896K)->24663K(24896K) Class: 5413K(5632K)->5413K(5632K)
[4653.816s][info][gc             ] GC(497) Pause Young (Normal) (G1 Evacuation Pause) 8753M->3058M(10240M) 173.667ms
[4653.816s][info][gc,cpu         ] GC(497) User=1.37s Sys=0.00s Real=0.18s
......[4660.265s][info][gc,start       ] GC(498) Pause Young (Normal) (G1 Evacuation Pause)
[4660.265s][info][gc,task        ] GC(498) Using 8 workers of 8 for evacuation
[4660.435s][info][gc,phases      ] GC(498)   Pre Evacuate Collection Set: 0.31ms
[4660.435s][info][gc,phases      ] GC(498)   Merge Heap Roots: 0.57ms
[4660.435s][info][gc,phases      ] GC(498)   Evacuate Collection Set: 167.03ms
[4660.435s][info][gc,phases      ] GC(498)   Post Evacuate Collection Set: 1.30ms
[4660.435s][info][gc,phases      ] GC(498)   Other: 0.07ms
[4660.435s][info][gc,heap        ] GC(498) Eden regions: 715->0(716)
[4660.435s][info][gc,heap        ] GC(498) Survivor regions: 53->52(96)
[4660.435s][info][gc,heap        ] GC(498) Old regions: 300->303
[4660.435s][info][gc,heap        ] GC(498) Humongous regions: 33->33
[4660.435s][info][gc,metaspace   ] GC(498) Metaspace: 30077K(30528K)->30077K(30528K) NonClass: 24663K(24896K)->24663K(24896K) Class: 5413K(5632K)->5413K(5632K)
[4660.435s][info][gc             ] GC(498) Pause Young (Normal) (G1 Evacuation Pause) 8778M->3071M(10240M) 169.408ms
[4660.435s][info][gc,cpu         ] GC(498) User=1.33s Sys=0.00s Real=0.17s
.......[4667.029s][info][gc,start       ] GC(499) Pause Young (Normal) (G1 Evacuation Pause)
[4667.029s][info][gc,task        ] GC(499) Using 8 workers of 8 for evacuation
[4667.198s][info][gc,phases      ] GC(499)   Pre Evacuate Collection Set: 0.30ms
[4667.198s][info][gc,phases      ] GC(499)   Merge Heap Roots: 0.54ms
[4667.198s][info][gc,phases      ] GC(499)   Evacuate Collection Set: 166.59ms
[4667.198s][info][gc,phases      ] GC(499)   Post Evacuate Collection Set: 1.30ms
[4667.198s][info][gc,phases      ] GC(499)   Other: 0.09ms
[4667.198s][info][gc,heap        ] GC(499) Eden regions: 716->0(716)
[4667.198s][info][gc,heap        ] GC(499) Survivor regions: 52->52(96)
[4667.198s][info][gc,heap        ] GC(499) Old regions: 303->306
[4667.198s][info][gc,heap        ] GC(499) Humongous regions: 33->33
[4667.198s][info][gc,metaspace   ] GC(499) Metaspace: 30077K(30528K)->30077K(30528K) NonClass: 24663K(24896K)->24663K(24896K) Class: 5413K(5632K)->5413K(5632K)
[4667.198s][info][gc             ] GC(499) Pause Young (Normal) (G1 Evacuation Pause) 8799M->3088M(10240M) 168.954ms
[4667.198s][info][gc,cpu         ] GC(499) User=1.33s Sys=0.00s Real=0.17s
.......[4673.786s][info][gc,start       ] GC(500) Pause Young (Normal) (G1 Evacuation Pause)
[4673.786s][info][gc,task        ] GC(500) Using 8 workers of 8 for evacuation
[4673.955s][info][gc,phases      ] GC(500)   Pre Evacuate Collection Set: 0.29ms
[4673.955s][info][gc,phases      ] GC(500)   Merge Heap Roots: 0.62ms
[4673.955s][info][gc,phases      ] GC(500)   Evacuate Collection Set: 167.03ms
[4673.955s][info][gc,phases      ] GC(500)   Post Evacuate Collection Set: 1.27ms
[4673.955s][info][gc,phases      ] GC(500)   Other: 0.06ms
[4673.955s][info][gc,heap        ] GC(500) Eden regions: 716->0(717)
[4673.955s][info][gc,heap        ] GC(500) Survivor regions: 52->51(96)
[4673.955s][info][gc,heap        ] GC(500) Old regions: 306->308
[4673.955s][info][gc,heap        ] GC(500) Humongous regions: 33->33
[4673.955s][info][gc,metaspace   ] GC(500) Metaspace: 30077K(30528K)->30077K(30528K) NonClass: 24663K(24896K)->24663K(24896K) Class: 5413K(5632K)->5413K(5632K)
[4673.955s][info][gc             ] GC(500) Pause Young (Normal) (G1 Evacuation Pause) 8816M->3104M(10240M) 169.409ms
[4673.955s][info][gc,cpu         ] GC(500) User=1.33s Sys=0.00s Real=0.16s
......[4680.491s][info][gc,start       ] GC(501) Pause Young (Normal) (G1 Evacuation Pause)
[4680.491s][info][gc,task        ] GC(501) Using 8 workers of 8 for evacuation
[4680.662s][info][gc,phases      ] GC(501)   Pre Evacuate Collection Set: 0.29ms
[4680.663s][info][gc,phases      ] GC(501)   Merge Heap Roots: 0.65ms
[4680.663s][info][gc,phases      ] GC(501)   Evacuate Collection Set: 168.91ms
[4680.663s][info][gc,phases      ] GC(501)   Post Evacuate Collection Set: 1.32ms
[4680.663s][info][gc,phases      ] GC(501)   Other: 0.07ms
[4680.663s][info][gc,heap        ] GC(501) Eden regions: 717->0(715)
[4680.663s][info][gc,heap        ] GC(501) Survivor regions: 51->53(96)
[4680.663s][info][gc,heap        ] GC(501) Old regions: 308->311
[4680.663s][info][gc,heap        ] GC(501) Humongous regions: 33->33
[4680.663s][info][gc,metaspace   ] GC(501) Metaspace: 30077K(30528K)->30077K(30528K) NonClass: 24663K(24896K)->24663K(24896K) Class: 5413K(5632K)->5413K(5632K)
[4680.663s][info][gc             ] GC(501) Pause Young (Normal) (G1 Evacuation Pause) 8840M->3140M(10240M) 172.143ms
[4680.663s][info][gc,cpu         ] GC(501) User=1.34s Sys=0.00s Real=0.17s
.......[4687.160s][info][gc,start       ] GC(502) Pause Young (Normal) (G1 Evacuation Pause)
[4687.160s][info][gc,task        ] GC(502) Using 8 workers of 8 for evacuation
[4687.332s][info][gc,phases      ] GC(502)   Pre Evacuate Collection Set: 0.31ms
[4687.332s][info][gc,phases      ] GC(502)   Merge Heap Roots: 0.58ms
[4687.332s][info][gc,phases      ] GC(502)   Evacuate Collection Set: 169.84ms
[4687.332s][info][gc,phases      ] GC(502)   Post Evacuate Collection Set: 1.27ms
[4687.332s][info][gc,phases      ] GC(502)   Other: 0.07ms
[4687.332s][info][gc,heap        ] GC(502) Eden regions: 715->0(715)
[4687.332s][info][gc,heap        ] GC(502) Survivor regions: 53->53(96)
[4687.332s][info][gc,heap        ] GC(502) Old regions: 311->313
[4687.332s][info][gc,heap        ] GC(502) Humongous regions: 33->33
[4687.332s][info][gc,metaspace   ] GC(502) Metaspace: 30077K(30528K)->30077K(30528K) NonClass: 24663K(24896K)->24663K(24896K) Class: 5413K(5632K)->5413K(5632K)
[4687.332s][info][gc             ] GC(502) Pause Young (Normal) (G1 Evacuation Pause) 8860M->3159M(10240M) 172.188ms
[4687.332s][info][gc,cpu         ] GC(502) User=1.35s Sys=0.00s Real=0.17s
.......[4693.844s][info][gc,start       ] GC(503) Pause Young (Normal) (G1 Evacuation Pause)
[4693.844s][info][gc,task        ] GC(503) Using 8 workers of 8 for evacuation
[4694.019s][info][gc,phases      ] GC(503)   Pre Evacuate Collection Set: 0.29ms
[4694.019s][info][gc,phases      ] GC(503)   Merge Heap Roots: 0.56ms
[4694.019s][info][gc,phases      ] GC(503)   Evacuate Collection Set: 172.63ms
[4694.019s][info][gc,phases      ] GC(503)   Post Evacuate Collection Set: 1.25ms
[4694.019s][info][gc,phases      ] GC(503)   Other: 0.07ms
[4694.019s][info][gc,heap        ] GC(503) Eden regions: 715->0(715)
[4694.019s][info][gc,heap        ] GC(503) Survivor regions: 53->53(96)
[4694.019s][info][gc,heap        ] GC(503) Old regions: 313->316
[4694.019s][info][gc,heap        ] GC(503) Humongous regions: 33->33
[4694.019s][info][gc,metaspace   ] GC(503) Metaspace: 30077K(30528K)->30077K(30528K) NonClass: 24663K(24896K)->24663K(24896K) Class: 5413K(5632K)->5413K(5632K)
[4694.019s][info][gc             ] GC(503) Pause Young (Normal) (G1 Evacuation Pause) 8879M->3180M(10240M) 174.929ms
[4694.019s][info][gc,cpu         ] GC(503) User=1.38s Sys=0.00s Real=0.18s
......[4700.481s][info][gc,start       ] GC(504) Pause Young (Normal) (G1 Evacuation Pause)
[4700.481s][info][gc,task        ] GC(504) Using 8 workers of 8 for evacuation
[4700.654s][info][gc,phases      ] GC(504)   Pre Evacuate Collection Set: 0.30ms
[4700.654s][info][gc,phases      ] GC(504)   Merge Heap Roots: 0.57ms
[4700.654s][info][gc,phases      ] GC(504)   Evacuate Collection Set: 170.62ms
[4700.654s][info][gc,phases      ] GC(504)   Post Evacuate Collection Set: 1.28ms
[4700.654s][info][gc,phases      ] GC(504)   Other: 0.08ms
[4700.654s][info][gc,heap        ] GC(504) Eden regions: 715->0(715)
[4700.654s][info][gc,heap        ] GC(504) Survivor regions: 53->53(96)
[4700.654s][info][gc,heap        ] GC(504) Old regions: 316->318
[4700.654s][info][gc,heap        ] GC(504) Humongous regions: 33->33
[4700.654s][info][gc,metaspace   ] GC(504) Metaspace: 30077K(30528K)->30077K(30528K) NonClass: 24663K(24896K)->24663K(24896K) Class: 5413K(5632K)->5413K(5632K)
[4700.654s][info][gc             ] GC(504) Pause Young (Normal) (G1 Evacuation Pause) 8900M->3200M(10240M) 172.989ms
[4700.654s][info][gc,cpu         ] GC(504) User=1.36s Sys=0.00s Real=0.17s
...... (rIR:aIR:PR = 7195:7198:7198) (tPR = 107434) [OK] 
  4705s: Performance info:
         Transaction,    Success,    Partial,     Failed,   Receipts, AvgBarcode, 
             Overall,     432868,          0,          0,     411255,      59.47, 
         Response times:
             Request,    Success,    Partial,     Failed,   SkipFail,     Probes,    Samples,      min,      p50,      p90,      p95,      p99,      max, 
       TotalPurchase,     411261,          0,          0,          0,     361831,     394022,      300,     4900,     9500,    14900,    80000,   370000,
     InStorePurchase,     216326,          0,          0,          0,     189750,     206216,      400,     4900,     9400,    14800,    79000,   360000,
      OnlinePurchase,     151648,          0,          0,          0,     133481,     145422,      300,     5100,     9500,    15200,    81000,   369000,
        InstPurchase,      43287,          0,          0,          0,      38600,      42384,      500,     4700,     9500,    14600,    79000,   370000,
          AssocOfCat,        425,          0,          0,          0,        340,        457,    24000,    40000,    60000,    83000,   136520,   215000,
      AssocOfProduct,       4325,          0,          0,          0,       4136,       4765,      800,     5300,    10000,    18770,    80000,   181000,
      BusinessReport,       1083,          0,          0,          0,        967,       1162,    28000,    47000,    67000,    97850,   162370,   251000,
          CustBuyBeh,       4324,          0,          0,          0,       3968,       4479,      200,     5000,     9000,    14700,    77400,   181000,
       ProductReturn,      11466,          0,          0,          0,       9664,      10807,      200,     5200,     9400,    22000,    89000,   255000,

  4705s: (53%)   IR =   7334 .[4707.163s][info][gc,start       ] GC(505) Pause Young (Normal) (G1 Evacuation Pause)
[4707.163s][info][gc,task        ] GC(505) Using 8 workers of 8 for evacuation
[4707.334s][info][gc,phases      ] GC(505)   Pre Evacuate Collection Set: 0.30ms
[4707.334s][info][gc,phases      ] GC(505)   Merge Heap Roots: 0.59ms
[4707.334s][info][gc,phases      ] GC(505)   Evacuate Collection Set: 169.22ms
[4707.334s][info][gc,phases      ] GC(505)   Post Evacuate Collection Set: 1.36ms
[4707.334s][info][gc,phases      ] GC(505)   Other: 0.07ms
[4707.334s][info][gc,heap        ] GC(505) Eden regions: 715->0(716)
[4707.334s][info][gc,heap        ] GC(505) Survivor regions: 53->52(96)
[4707.334s][info][gc,heap        ] GC(505) Old regions: 318->320
[4707.334s][info][gc,heap        ] GC(505) Humongous regions: 33->33
[4707.334s][info][gc,metaspace   ] GC(505) Metaspace: 30077K(30528K)->30077K(30528K) NonClass: 24663K(24896K)->24663K(24896K) Class: 5413K(5632K)->5413K(5632K)
[4707.334s][info][gc             ] GC(505) Pause Young (Normal) (G1 Evacuation Pause) 8920M->3211M(10240M) 171.669ms
[4707.335s][info][gc,cpu         ] GC(505) User=1.35s Sys=0.00s Real=0.17s
......|[4713.768s][info][gc,start       ] GC(506) Pause Young (Normal) (G1 Evacuation Pause)
[4713.768s][info][gc,task        ] GC(506) Using 8 workers of 8 for evacuation
[4713.941s][info][gc,phases      ] GC(506)   Pre Evacuate Collection Set: 0.29ms
[4713.941s][info][gc,phases      ] GC(506)   Merge Heap Roots: 0.54ms
[4713.941s][info][gc,phases      ] GC(506)   Evacuate Collection Set: 170.38ms
[4713.941s][info][gc,phases      ] GC(506)   Post Evacuate Collection Set: 1.26ms
[4713.941s][info][gc,phases      ] GC(506)   Other: 0.06ms
[4713.941s][info][gc,heap        ] GC(506) Eden regions: 716->0(715)
[4713.941s][info][gc,heap        ] GC(506) Survivor regions: 52->53(96)
[4713.941s][info][gc,heap        ] GC(506) Old regions: 320->323
[4713.941s][info][gc,heap        ] GC(506) Humongous regions: 33->33
[4713.941s][info][gc,metaspace   ] GC(506) Metaspace: 30077K(30528K)->30077K(30528K) NonClass: 24663K(24896K)->24663K(24896K) Class: 5413K(5632K)->5413K(5632K)
[4713.941s][info][gc             ] GC(506) Pause Young (Normal) (G1 Evacuation Pause) 8939M->3236M(10240M) 172.670ms
[4713.941s][info][gc,cpu         ] GC(506) User=1.36s Sys=0.00s Real=0.17s
.......[4720.414s][info][gc,start       ] GC(507) Pause Young (Normal) (G1 Evacuation Pause)
[4720.414s][info][gc,task        ] GC(507) Using 8 workers of 8 for evacuation
[4720.584s][info][gc,phases      ] GC(507)   Pre Evacuate Collection Set: 0.31ms
[4720.584s][info][gc,phases      ] GC(507)   Merge Heap Roots: 0.55ms
[4720.584s][info][gc,phases      ] GC(507)   Evacuate Collection Set: 168.43ms
[4720.584s][info][gc,phases      ] GC(507)   Post Evacuate Collection Set: 1.34ms
[4720.584s][info][gc,phases      ] GC(507)   Other: 0.08ms
[4720.584s][info][gc,heap        ] GC(507) Eden regions: 715->0(716)
[4720.584s][info][gc,heap        ] GC(507) Survivor regions: 53->52(96)
[4720.584s][info][gc,heap        ] GC(507) Old regions: 323->325
[4720.584s][info][gc,heap        ] GC(507) Humongous regions: 33->33
[4720.584s][info][gc,metaspace   ] GC(507) Metaspace: 30077K(30528K)->30077K(30528K) NonClass: 24663K(24896K)->24663K(24896K) Class: 5413K(5632K)->5413K(5632K)
[4720.584s][info][gc             ] GC(507) Pause Young (Normal) (G1 Evacuation Pause) 8956M->3251M(10240M) 170.836ms
[4720.584s][info][gc,cpu         ] GC(507) User=1.34s Sys=0.00s Real=0.17s
.......[4727.057s][info][gc,start       ] GC(508) Pause Young (Normal) (G1 Evacuation Pause)
[4727.057s][info][gc,task        ] GC(508) Using 8 workers of 8 for evacuation
[4727.227s][info][gc,phases      ] GC(508)   Pre Evacuate Collection Set: 0.30ms
[4727.227s][info][gc,phases      ] GC(508)   Merge Heap Roots: 0.59ms
[4727.227s][info][gc,phases      ] GC(508)   Evacuate Collection Set: 167.50ms
[4727.227s][info][gc,phases      ] GC(508)   Post Evacuate Collection Set: 1.30ms
[4727.227s][info][gc,phases      ] GC(508)   Other: 0.07ms
[4727.227s][info][gc,heap        ] GC(508) Eden regions: 716->0(716)
[4727.227s][info][gc,heap        ] GC(508) Survivor regions: 52->52(96)
[4727.227s][info][gc,heap        ] GC(508) Old regions: 325->328
[4727.227s][info][gc,heap        ] GC(508) Humongous regions: 33->33
[4727.227s][info][gc,metaspace   ] GC(508) Metaspace: 30077K(30528K)->30077K(30528K) NonClass: 24663K(24896K)->24663K(24896K) Class: 5413K(5632K)->5413K(5632K)
[4727.227s][info][gc             ] GC(508) Pause Young (Normal) (G1 Evacuation Pause) 8979M->3268M(10240M) 169.882ms
[4727.227s][info][gc,cpu         ] GC(508) User=1.34s Sys=0.00s Real=0.17s
......[4733.617s][info][gc,start       ] GC(509) Pause Young (Normal) (G1 Evacuation Pause)
[4733.617s][info][gc,task        ] GC(509) Using 8 workers of 8 for evacuation
[4733.787s][info][gc,phases      ] GC(509)   Pre Evacuate Collection Set: 0.30ms
[4733.787s][info][gc,phases      ] GC(509)   Merge Heap Roots: 0.56ms
[4733.787s][info][gc,phases      ] GC(509)   Evacuate Collection Set: 167.57ms
[4733.787s][info][gc,phases      ] GC(509)   Post Evacuate Collection Set: 1.31ms
[4733.787s][info][gc,phases      ] GC(509)   Other: 0.08ms
[4733.787s][info][gc,heap        ] GC(509) Eden regions: 716->0(715)
[4733.787s][info][gc,heap        ] GC(509) Survivor regions: 52->53(96)
[4733.787s][info][gc,heap        ] GC(509) Old regions: 328->331
[4733.787s][info][gc,heap        ] GC(509) Humongous regions: 33->33
[4733.787s][info][gc,metaspace   ] GC(509) Metaspace: 30077K(30528K)->30077K(30528K) NonClass: 24663K(24896K)->24663K(24896K) Class: 5413K(5632K)->5413K(5632K)
[4733.787s][info][gc             ] GC(509) Pause Young (Normal) (G1 Evacuation Pause) 8996M->3296M(10240M) 169.970ms
[4733.787s][info][gc,cpu         ] GC(509) User=1.34s Sys=0.00s Real=0.17s
.......[4740.177s][info][gc,start       ] GC(510) Pause Young (Normal) (G1 Evacuation Pause)
[4740.177s][info][gc,task        ] GC(510) Using 8 workers of 8 for evacuation
[4740.348s][info][gc,phases      ] GC(510)   Pre Evacuate Collection Set: 0.29ms
[4740.348s][info][gc,phases      ] GC(510)   Merge Heap Roots: 0.57ms
[4740.348s][info][gc,phases      ] GC(510)   Evacuate Collection Set: 168.74ms
[4740.348s][info][gc,phases      ] GC(510)   Post Evacuate Collection Set: 1.26ms
[4740.348s][info][gc,phases      ] GC(510)   Other: 0.06ms
[4740.348s][info][gc,heap        ] GC(510) Eden regions: 715->0(715)
[4740.348s][info][gc,heap        ] GC(510) Survivor regions: 53->53(96)
[4740.348s][info][gc,heap        ] GC(510) Old regions: 331->333
[4740.348s][info][gc,heap        ] GC(510) Humongous regions: 33->33
[4740.348s][info][gc,metaspace   ] GC(510) Metaspace: 30077K(30528K)->30077K(30528K) NonClass: 24663K(24896K)->24663K(24896K) Class: 5413K(5632K)->5413K(5632K)
[4740.348s][info][gc             ] GC(510) Pause Young (Normal) (G1 Evacuation Pause) 9016M->3317M(10240M) 171.052ms
[4740.348s][info][gc,cpu         ] GC(510) User=1.35s Sys=0.00s Real=0.17s
......[4746.761s][info][gc,start       ] GC(511) Pause Young (Normal) (G1 Evacuation Pause)
[4746.761s][info][gc,task        ] GC(511) Using 8 workers of 8 for evacuation
[4746.929s][info][gc,phases      ] GC(511)   Pre Evacuate Collection Set: 0.29ms
[4746.929s][info][gc,phases      ] GC(511)   Merge Heap Roots: 0.59ms
[4746.929s][info][gc,phases      ] GC(511)   Evacuate Collection Set: 165.95ms
[4746.929s][info][gc,phases      ] GC(511)   Post Evacuate Collection Set: 1.29ms
[4746.929s][info][gc,phases      ] GC(511)   Other: 0.07ms
[4746.929s][info][gc,heap        ] GC(511) Eden regions: 715->0(716)
[4746.929s][info][gc,heap        ] GC(511) Survivor regions: 53->52(96)
[4746.929s][info][gc,heap        ] GC(511) Old regions: 333->336
[4746.929s][info][gc,heap        ] GC(511) Humongous regions: 33->33
[4746.929s][info][gc,metaspace   ] GC(511) Metaspace: 30077K(30528K)->30077K(30528K) NonClass: 24663K(24896K)->24663K(24896K) Class: 5413K(5632K)->5413K(5632K)
[4746.929s][info][gc             ] GC(511) Pause Young (Normal) (G1 Evacuation Pause) 9037M->3333M(10240M) 168.328ms
[4746.929s][info][gc,cpu         ] GC(511) User=1.33s Sys=0.00s Real=0.17s
.......[4753.361s][info][gc,start       ] GC(512) Pause Young (Normal) (G1 Evacuation Pause)
[4753.361s][info][gc,task        ] GC(512) Using 8 workers of 8 for evacuation
[4753.532s][info][gc,phases      ] GC(512)   Pre Evacuate Collection Set: 0.31ms
[4753.532s][info][gc,phases      ] GC(512)   Merge Heap Roots: 0.56ms
[4753.532s][info][gc,phases      ] GC(512)   Evacuate Collection Set: 168.37ms
[4753.532s][info][gc,phases      ] GC(512)   Post Evacuate Collection Set: 1.30ms
[4753.532s][info][gc,phases      ] GC(512)   Other: 0.07ms
[4753.532s][info][gc,heap        ] GC(512) Eden regions: 716->0(716)
[4753.532s][info][gc,heap        ] GC(512) Survivor regions: 52->52(96)
[4753.532s][info][gc,heap        ] GC(512) Old regions: 336->338
[4753.532s][info][gc,heap        ] GC(512) Humongous regions: 33->33
[4753.532s][info][gc,metaspace   ] GC(512) Metaspace: 30077K(30528K)->30077K(30528K) NonClass: 24663K(24896K)->24663K(24896K) Class: 5413K(5632K)->5413K(5632K)
[4753.532s][info][gc             ] GC(512) Pause Young (Normal) (G1 Evacuation Pause) 9061M->3354M(10240M) 170.745ms
[4753.532s][info][gc,cpu         ] GC(512) User=1.34s Sys=0.01s Real=0.17s
.......[4759.981s][info][gc,start       ] GC(513) Pause Young (Normal) (G1 Evacuation Pause)
[4759.981s][info][gc,task        ] GC(513) Using 8 workers of 8 for evacuation
[4760.150s][info][gc,phases      ] GC(513)   Pre Evacuate Collection Set: 0.30ms
[4760.150s][info][gc,phases      ] GC(513)   Merge Heap Roots: 0.54ms
[4760.150s][info][gc,phases      ] GC(513)   Evacuate Collection Set: 166.78ms
[4760.150s][info][gc,phases      ] GC(513)   Post Evacuate Collection Set: 1.27ms
[4760.150s][info][gc,phases      ] GC(513)   Other: 0.07ms
[4760.150s][info][gc,heap        ] GC(513) Eden regions: 716->0(716)
[4760.150s][info][gc,heap        ] GC(513) Survivor regions: 52->52(96)
[4760.150s][info][gc,heap        ] GC(513) Old regions: 338->341
[4760.150s][info][gc,heap        ] GC(513) Humongous regions: 33->33
[4760.150s][info][gc,metaspace   ] GC(513) Metaspace: 30077K(30528K)->30077K(30528K) NonClass: 24663K(24896K)->24663K(24896K) Class: 5413K(5632K)->5413K(5632K)
[4760.150s][info][gc             ] GC(513) Pause Young (Normal) (G1 Evacuation Pause) 9082M->3374M(10240M) 169.088ms
[4760.150s][info][gc,cpu         ] GC(513) User=1.33s Sys=0.00s Real=0.17s
......[4766.544s][info][gc,start       ] GC(514) Pause Young (Normal) (G1 Evacuation Pause)
[4766.544s][info][gc,task        ] GC(514) Using 8 workers of 8 for evacuation
[4766.714s][info][gc,phases      ] GC(514)   Pre Evacuate Collection Set: 0.32ms
[4766.715s][info][gc,phases      ] GC(514)   Merge Heap Roots: 0.56ms
[4766.715s][info][gc,phases      ] GC(514)   Evacuate Collection Set: 167.81ms
[4766.715s][info][gc,phases      ] GC(514)   Post Evacuate Collection Set: 1.30ms
[4766.715s][info][gc,phases      ] GC(514)   Other: 0.07ms
[4766.715s][info][gc,heap        ] GC(514) Eden regions: 716->0(715)
[4766.715s][info][gc,heap        ] GC(514) Survivor regions: 52->53(96)
[4766.715s][info][gc,heap        ] GC(514) Old regions: 341->343
[4766.715s][info][gc,heap        ] GC(514) Humongous regions: 33->33
[4766.715s][info][gc,metaspace   ] GC(514) Metaspace: 30077K(30528K)->30077K(30528K) NonClass: 24663K(24896K)->24663K(24896K) Class: 5413K(5632K)->5413K(5632K)
[4766.715s][info][gc             ] GC(514) Pause Young (Normal) (G1 Evacuation Pause) 9102M->3397M(10240M) 170.195ms
[4766.715s][info][gc,cpu         ] GC(514) User=1.34s Sys=0.00s Real=0.17s
....... (rIR:aIR:PR = 7334:7312:7312) (tPR = 108015) [OK] 
  4772s: Performance info:
         Transaction,    Success,    Partial,     Failed,   Receipts, AvgBarcode, 
             Overall,     440227,          0,          0,     418084,      59.48, 
         Response times:
             Request,    Success,    Partial,     Failed,   SkipFail,     Probes,    Samples,      min,      p50,      p90,      p95,      p99,      max, 
       TotalPurchase,     418084,          0,          0,          0,     358592,     404103,      400,     5100,     9600,    12800,    61000,   328000,
     InStorePurchase,     220063,          0,          0,          0,     188744,     212558,      400,     5000,     9600,    12800,    60000,   328000,
      OnlinePurchase,     154065,          0,          0,          0,     131979,     148682,      400,     5200,     9600,    12700,    63000,   328000,
        InstPurchase,      43956,          0,          0,          0,      37869,      42863,      500,     5000,     9800,    13200,    58000,   328000,
          AssocOfCat,        445,          0,          0,          0,        339,        480,    28000,    41000,    60900,    79950,   124190,   216000,
      AssocOfProduct,       4442,          0,          0,          0,       4135,       4834,      700,     4400,     8900,    12125,    55000,   188000,
      BusinessReport,       1111,          0,          0,          0,        967,       1203,    31000,    46000,    67000,    78800,   135840,   235000,
          CustBuyBeh,       4413,          0,          0,          0,       4180,       4891,      300,     5400,     9800,    13540,    58160,   178000,
       ProductReturn,      11732,          0,          0,          0,      10014,      11448,      200,     4500,     8900,    11800,    64020,   310000,

  4772s: (54%)   IR =   7472 [4773.144s][info][gc,start       ] GC(515) Pause Young (Normal) (G1 Evacuation Pause)
[4773.144s][info][gc,task        ] GC(515) Using 8 workers of 8 for evacuation
[4773.318s][info][gc,phases      ] GC(515)   Pre Evacuate Collection Set: 0.30ms
[4773.318s][info][gc,phases      ] GC(515)   Merge Heap Roots: 0.60ms
[4773.318s][info][gc,phases      ] GC(515)   Evacuate Collection Set: 172.07ms
[4773.318s][info][gc,phases      ] GC(515)   Post Evacuate Collection Set: 1.33ms
[4773.318s][info][gc,phases      ] GC(515)   Other: 0.07ms
[4773.318s][info][gc,heap        ] GC(515) Eden regions: 715->0(716)
[4773.318s][info][gc,heap        ] GC(515) Survivor regions: 53->52(96)
[4773.318s][info][gc,heap        ] GC(515) Old regions: 343->346
[4773.318s][info][gc,heap        ] GC(515) Humongous regions: 33->33
[4773.318s][info][gc,metaspace   ] GC(515) Metaspace: 30077K(30528K)->30077K(30528K) NonClass: 24663K(24896K)->24663K(24896K) Class: 5413K(5632K)->5413K(5632K)
[4773.318s][info][gc             ] GC(515) Pause Young (Normal) (G1 Evacuation Pause) 9117M->3414M(10240M) 174.529ms
[4773.318s][info][gc,cpu         ] GC(515) User=1.34s Sys=0.00s Real=0.18s
......|[4779.648s][info][gc,start       ] GC(516) Pause Young (Normal) (G1 Evacuation Pause)
[4779.648s][info][gc,task        ] GC(516) Using 8 workers of 8 for evacuation
[4779.819s][info][gc,phases      ] GC(516)   Pre Evacuate Collection Set: 0.33ms
[4779.819s][info][gc,phases      ] GC(516)   Merge Heap Roots: 0.59ms
[4779.819s][info][gc,phases      ] GC(516)   Evacuate Collection Set: 168.56ms
[4779.819s][info][gc,phases      ] GC(516)   Post Evacuate Collection Set: 1.27ms
[4779.819s][info][gc,phases      ] GC(516)   Other: 0.06ms
[4779.819s][info][gc,heap        ] GC(516) Eden regions: 716->0(715)
[4779.819s][info][gc,heap        ] GC(516) Survivor regions: 52->53(96)
[4779.819s][info][gc,heap        ] GC(516) Old regions: 346->348
[4779.819s][info][gc,heap        ] GC(516) Humongous regions: 33->33
[4779.819s][info][gc,metaspace   ] GC(516) Metaspace: 30077K(30528K)->30077K(30528K) NonClass: 24663K(24896K)->24663K(24896K) Class: 5413K(5632K)->5413K(5632K)
[4779.819s][info][gc             ] GC(516) Pause Young (Normal) (G1 Evacuation Pause) 9142M->3443M(10240M) 170.956ms
[4779.819s][info][gc,cpu         ] GC(516) User=1.34s Sys=0.00s Real=0.17s
.......[4786.091s][info][gc,start       ] GC(517) Pause Young (Normal) (G1 Evacuation Pause)
[4786.091s][info][gc,task        ] GC(517) Using 8 workers of 8 for evacuation
[4786.273s][info][gc,phases      ] GC(517)   Pre Evacuate Collection Set: 0.28ms
[4786.273s][info][gc,phases      ] GC(517)   Merge Heap Roots: 0.60ms
[4786.273s][info][gc,phases      ] GC(517)   Evacuate Collection Set: 180.06ms
[4786.273s][info][gc,phases      ] GC(517)   Post Evacuate Collection Set: 1.29ms
[4786.273s][info][gc,phases      ] GC(517)   Other: 0.06ms
[4786.273s][info][gc,heap        ] GC(517) Eden regions: 715->0(713)
[4786.273s][info][gc,heap        ] GC(517) Survivor regions: 53->55(96)
[4786.273s][info][gc,heap        ] GC(517) Old regions: 348->351
[4786.273s][info][gc,heap        ] GC(517) Humongous regions: 33->33
[4786.273s][info][gc,metaspace   ] GC(517) Metaspace: 30077K(30528K)->30077K(30528K) NonClass: 24663K(24896K)->24663K(24896K) Class: 5413K(5632K)->5413K(5632K)
[4786.273s][info][gc             ] GC(517) Pause Young (Normal) (G1 Evacuation Pause) 9163M->3475M(10240M) 182.411ms
[4786.273s][info][gc,cpu         ] GC(517) User=1.44s Sys=0.01s Real=0.18s
......[4792.539s][info][gc,start       ] GC(518) Pause Young (Normal) (G1 Evacuation Pause)
[4792.539s][info][gc,task        ] GC(518) Using 8 workers of 8 for evacuation
[4792.711s][info][gc,phases      ] GC(518)   Pre Evacuate Collection Set: 0.26ms
[4792.711s][info][gc,phases      ] GC(518)   Merge Heap Roots: 0.72ms
[4792.711s][info][gc,phases      ] GC(518)   Evacuate Collection Set: 169.09ms
[4792.711s][info][gc,phases      ] GC(518)   Post Evacuate Collection Set: 1.32ms
[4792.711s][info][gc,phases      ] GC(518)   Other: 0.08ms
[4792.711s][info][gc,heap        ] GC(518) Eden regions: 713->0(715)
[4792.711s][info][gc,heap        ] GC(518) Survivor regions: 55->53(96)
[4792.711s][info][gc,heap        ] GC(518) Old regions: 351->353
[4792.711s][info][gc,heap        ] GC(518) Humongous regions: 33->33
[4792.711s][info][gc,metaspace   ] GC(518) Metaspace: 30077K(30528K)->30077K(30528K) NonClass: 24663K(24896K)->24663K(24896K) Class: 5413K(5632K)->5413K(5632K)
[4792.711s][info][gc             ] GC(518) Pause Young (Normal) (G1 Evacuation Pause) 9179M->3479M(10240M) 171.618ms
[4792.711s][info][gc,cpu         ] GC(518) User=1.35s Sys=0.00s Real=0.17s
......[4799.028s][info][gc,start       ] GC(519) Pause Young (Normal) (G1 Evacuation Pause)
[4799.028s][info][gc,task        ] GC(519) Using 8 workers of 8 for evacuation
[4799.201s][info][gc,phases      ] GC(519)   Pre Evacuate Collection Set: 0.31ms
[4799.201s][info][gc,phases      ] GC(519)   Merge Heap Roots: 0.54ms
[4799.201s][info][gc,phases      ] GC(519)   Evacuate Collection Set: 170.65ms
[4799.201s][info][gc,phases      ] GC(519)   Post Evacuate Collection Set: 1.30ms
[4799.201s][info][gc,phases      ] GC(519)   Other: 0.07ms
[4799.201s][info][gc,heap        ] GC(519) Eden regions: 715->0(715)
[4799.201s][info][gc,heap        ] GC(519) Survivor regions: 53->53(96)
[4799.201s][info][gc,heap        ] GC(519) Old regions: 353->356
[4799.201s][info][gc,heap        ] GC(519) Humongous regions: 33->33
[4799.201s][info][gc,metaspace   ] GC(519) Metaspace: 30077K(30528K)->30077K(30528K) NonClass: 24663K(24896K)->24663K(24896K) Class: 5413K(5632K)->5413K(5632K)
[4799.201s][info][gc             ] GC(519) Pause Young (Normal) (G1 Evacuation Pause) 9199M->3504M(10240M) 173.018ms
[4799.201s][info][gc,cpu         ] GC(519) User=1.37s Sys=0.00s Real=0.17s
.......[4805.488s][info][gc,start       ] GC(520) Pause Young (Normal) (G1 Evacuation Pause)
[4805.488s][info][gc,task        ] GC(520) Using 8 workers of 8 for evacuation
[4805.659s][info][gc,phases      ] GC(520)   Pre Evacuate Collection Set: 0.28ms
[4805.659s][info][gc,phases      ] GC(520)   Merge Heap Roots: 0.58ms
[4805.659s][info][gc,phases      ] GC(520)   Evacuate Collection Set: 168.58ms
[4805.659s][info][gc,phases      ] GC(520)   Post Evacuate Collection Set: 1.30ms
[4805.659s][info][gc,phases      ] GC(520)   Other: 0.07ms
[4805.659s][info][gc,heap        ] GC(520) Eden regions: 715->0(715)
[4805.659s][info][gc,heap        ] GC(520) Survivor regions: 53->53(96)
[4805.659s][info][gc,heap        ] GC(520) Old regions: 356->359
[4805.659s][info][gc,heap        ] GC(520) Humongous regions: 33->33
[4805.659s][info][gc,metaspace   ] GC(520) Metaspace: 30077K(30528K)->30077K(30528K) NonClass: 24663K(24896K)->24663K(24896K) Class: 5413K(5632K)->5413K(5632K)
[4805.659s][info][gc             ] GC(520) Pause Young (Normal) (G1 Evacuation Pause) 9224M->3525M(10240M) 170.932ms
[4805.659s][info][gc,cpu         ] GC(520) User=1.34s Sys=0.00s Real=0.17s
......[4811.969s][info][gc,start       ] GC(521) Pause Young (Normal) (G1 Evacuation Pause)
[4811.969s][info][gc,task        ] GC(521) Using 8 workers of 8 for evacuation
[4812.138s][info][gc,phases      ] GC(521)   Pre Evacuate Collection Set: 0.31ms
[4812.138s][info][gc,phases      ] GC(521)   Merge Heap Roots: 0.55ms
[4812.138s][info][gc,phases      ] GC(521)   Evacuate Collection Set: 166.21ms
[4812.138s][info][gc,phases      ] GC(521)   Post Evacuate Collection Set: 1.31ms
[4812.138s][info][gc,phases      ] GC(521)   Other: 0.06ms
[4812.138s][info][gc,heap        ] GC(521) Eden regions: 715->0(716)
[4812.138s][info][gc,heap        ] GC(521) Survivor regions: 53->52(96)
[4812.138s][info][gc,heap        ] GC(521) Old regions: 359->361
[4812.138s][info][gc,heap        ] GC(521) Humongous regions: 33->33
[4812.138s][info][gc,metaspace   ] GC(521) Metaspace: 30077K(30528K)->30077K(30528K) NonClass: 24663K(24896K)->24663K(24896K) Class: 5413K(5632K)->5413K(5632K)
[4812.138s][info][gc             ] GC(521) Pause Young (Normal) (G1 Evacuation Pause) 9245M->3537M(10240M) 168.589ms
[4812.138s][info][gc,cpu         ] GC(521) User=1.33s Sys=0.00s Real=0.17s
.......[4818.364s][info][gc,start       ] GC(522) Pause Young (Normal) (G1 Evacuation Pause)
[4818.364s][info][gc,task        ] GC(522) Using 8 workers of 8 for evacuation
[4818.537s][info][gc,phases      ] GC(522)   Pre Evacuate Collection Set: 0.29ms
[4818.537s][info][gc,phases      ] GC(522)   Merge Heap Roots: 0.59ms
[4818.537s][info][gc,phases      ] GC(522)   Evacuate Collection Set: 170.50ms
[4818.537s][info][gc,phases      ] GC(522)   Post Evacuate Collection Set: 1.31ms
[4818.537s][info][gc,phases      ] GC(522)   Other: 0.07ms
[4818.537s][info][gc,heap        ] GC(522) Eden regions: 716->0(711)
[4818.537s][info][gc,heap        ] GC(522) Survivor regions: 52->54(96)
[4818.537s][info][gc,heap        ] GC(522) Old regions: 361->364
[4818.537s][info][gc,heap        ] GC(522) Humongous regions: 33->33
[4818.537s][info][gc,metaspace   ] GC(522) Metaspace: 30077K(30528K)->30077K(30528K) NonClass: 24663K(24896K)->24663K(24896K) Class: 5413K(5632K)->5413K(5632K)
[4818.537s][info][gc             ] GC(522) Pause Young (Normal) (G1 Evacuation Pause) 9265M->3569M(10240M) 172.904ms
[4818.537s][info][gc,cpu         ] GC(522) User=1.37s Sys=0.00s Real=0.18s
......[4824.772s][info][gc,start       ] GC(523) Pause Young (Normal) (G1 Evacuation Pause)
[4824.772s][info][gc,task        ] GC(523) Using 8 workers of 8 for evacuation
[4824.948s][info][gc,phases      ] GC(523)   Pre Evacuate Collection Set: 0.28ms
[4824.948s][info][gc,phases      ] GC(523)   Merge Heap Roots: 0.57ms
[4824.948s][info][gc,phases      ] GC(523)   Evacuate Collection Set: 173.85ms
[4824.948s][info][gc,phases      ] GC(523)   Post Evacuate Collection Set: 1.31ms
[4824.948s][info][gc,phases      ] GC(523)   Other: 0.08ms
[4824.948s][info][gc,heap        ] GC(523) Eden regions: 711->0(709)
[4824.948s][info][gc,heap        ] GC(523) Survivor regions: 54->54(96)
[4824.948s][info][gc,heap        ] GC(523) Old regions: 364->366
[4824.948s][info][gc,heap        ] GC(523) Humongous regions: 33->33
[4824.948s][info][gc,metaspace   ] GC(523) Metaspace: 30077K(30528K)->30077K(30528K) NonClass: 24663K(24896K)->24663K(24896K) Class: 5413K(5632K)->5413K(5632K)
[4824.948s][info][gc             ] GC(523) Pause Young (Normal) (G1 Evacuation Pause) 9257M->3590M(10240M) 176.234ms
[4824.948s][info][gc,cpu         ] GC(523) User=1.39s Sys=0.00s Real=0.18s
......[4831.218s][info][gc,start       ] GC(524) Pause Young (Normal) (G1 Evacuation Pause)
[4831.218s][info][gc,task        ] GC(524) Using 8 workers of 8 for evacuation
[4831.387s][info][gc,phases      ] GC(524)   Pre Evacuate Collection Set: 0.27ms
[4831.387s][info][gc,phases      ] GC(524)   Merge Heap Roots: 0.62ms
[4831.387s][info][gc,phases      ] GC(524)   Evacuate Collection Set: 165.83ms
[4831.387s][info][gc,phases      ] GC(524)   Post Evacuate Collection Set: 1.33ms
[4831.387s][info][gc,phases      ] GC(524)   Other: 0.87ms
[4831.387s][info][gc,heap        ] GC(524) Eden regions: 709->0(710)
[4831.387s][info][gc,heap        ] GC(524) Survivor regions: 54->52(96)
[4831.387s][info][gc,heap        ] GC(524) Old regions: 366->369
[4831.387s][info][gc,heap        ] GC(524) Humongous regions: 33->33
[4831.387s][info][gc,metaspace   ] GC(524) Metaspace: 30077K(30528K)->30077K(30528K) NonClass: 24663K(24896K)->24663K(24896K) Class: 5413K(5632K)->5413K(5632K)
[4831.387s][info][gc             ] GC(524) Pause Young (Normal) (G1 Evacuation Pause) 9262M->3596M(10240M) 169.076ms
[4831.387s][info][gc,cpu         ] GC(524) User=1.32s Sys=0.00s Real=0.17s
.......[4837.654s][info][gc,start       ] GC(525) Pause Young (Normal) (G1 Evacuation Pause)
[4837.654s][info][gc,task        ] GC(525) Using 8 workers of 8 for evacuation
[4837.827s][info][gc,phases      ] GC(525)   Pre Evacuate Collection Set: 0.28ms
[4837.827s][info][gc,phases      ] GC(525)   Merge Heap Roots: 0.64ms
[4837.827s][info][gc,phases      ] GC(525)   Evacuate Collection Set: 171.23ms
[4837.827s][info][gc,phases      ] GC(525)   Post Evacuate Collection Set: 1.32ms
[4837.827s][info][gc,phases      ] GC(525)   Other: 0.07ms
[4837.827s][info][gc,heap        ] GC(525) Eden regions: 710->0(705)
[4837.827s][info][gc,heap        ] GC(525) Survivor regions: 52->53(96)
[4837.827s][info][gc,heap        ] GC(525) Old regions: 369->372
[4837.827s][info][gc,heap        ] GC(525) Humongous regions: 33->33
[4837.827s][info][gc,metaspace   ] GC(525) Metaspace: 30077K(30528K)->30077K(30528K) NonClass: 24663K(24896K)->24663K(24896K) Class: 5413K(5632K)->5413K(5632K)
[4837.827s][info][gc             ] GC(525) Pause Young (Normal) (G1 Evacuation Pause) 9276M->3625M(10240M) 173.689ms
[4837.828s][info][gc,cpu         ] GC(525) User=1.36s Sys=0.00s Real=0.18s
.. (rIR:aIR:PR = 7472:7466:7466) (tPR = 111030) [OK] 
  4839s: Performance info:
         Transaction,    Success,    Partial,     Failed,   Receipts, AvgBarcode, 
             Overall,     450501,          0,          0,     427984,      59.47, 
         Response times:
             Request,    Success,    Partial,     Failed,   SkipFail,     Probes,    Samples,      min,      p50,      p90,      p95,      p99,      max, 
       TotalPurchase,     427984,          0,          0,          0,     361142,     399943,      300,     5200,    10100,    19100,   101000,   430000,
     InStorePurchase,     225502,          0,          0,          0,     189974,     210330,      300,     5100,    10000,    19000,   101000,   430000,
      OnlinePurchase,     157525,          0,          0,          0,     133228,     147355,      400,     5200,    10200,    19400,   100000,   430000,
        InstPurchase,      44957,          0,          0,          0,      37940,      42258,      400,     5400,    10200,    19100,   102000,   428000,
          AssocOfCat,        450,          0,          0,          0,        367,        481,    29000,    40000,    61000,   103000,   208900,   233000,
      AssocOfProduct,       4503,          0,          0,          0,       4242,       4884,      600,     6100,    10600,    26000,   106000,   394000,
      BusinessReport,       1131,          0,          0,          0,        984,       1200,    32000,    48000,    69000,    91950,   233960,   259000,
          CustBuyBeh,       4514,          0,          0,          0,       4227,       4879,      500,     5600,     9600,    23000,   111000,   428000,
       ProductReturn,      11919,          0,          0,          0,      10257,      11614,      400,     5300,     9950,    23000,   112000,   429000,

  4839s: (55%)   IR =   7610 ....[4843.936s][info][gc,start       ] GC(526) Pause Young (Normal) (G1 Evacuation Pause)
[4843.936s][info][gc,task        ] GC(526) Using 8 workers of 8 for evacuation
[4844.106s][info][gc,phases      ] GC(526)   Pre Evacuate Collection Set: 0.32ms
[4844.106s][info][gc,phases      ] GC(526)   Merge Heap Roots: 0.59ms
[4844.106s][info][gc,phases      ] GC(526)   Evacuate Collection Set: 167.44ms
[4844.106s][info][gc,phases      ] GC(526)   Post Evacuate Collection Set: 1.29ms
[4844.106s][info][gc,phases      ] GC(526)   Other: 0.07ms
[4844.106s][info][gc,heap        ] GC(526) Eden regions: 705->0(707)
[4844.106s][info][gc,heap        ] GC(526) Survivor regions: 53->51(95)
[4844.106s][info][gc,heap        ] GC(526) Old regions: 372->374
[4844.106s][info][gc,heap        ] GC(526) Humongous regions: 33->33
[4844.106s][info][gc,metaspace   ] GC(526) Metaspace: 30077K(30528K)->30077K(30528K) NonClass: 24663K(24896K)->24663K(24896K) Class: 5413K(5632K)->5413K(5632K)
[4844.106s][info][gc             ] GC(526) Pause Young (Normal) (G1 Evacuation Pause) 9265M->3635M(10240M) 169.844ms
[4844.106s][info][gc,cpu         ] GC(526) User=1.34s Sys=0.00s Real=0.17s
.|.....[4850.256s][info][gc,start       ] GC(527) Pause Young (Normal) (G1 Evacuation Pause)
[4850.256s][info][gc,task        ] GC(527) Using 8 workers of 8 for evacuation
[4850.426s][info][gc,phases      ] GC(527)   Pre Evacuate Collection Set: 0.30ms
[4850.426s][info][gc,phases      ] GC(527)   Merge Heap Roots: 0.64ms
[4850.426s][info][gc,phases      ] GC(527)   Evacuate Collection Set: 167.55ms
[4850.426s][info][gc,phases      ] GC(527)   Post Evacuate Collection Set: 1.31ms
[4850.426s][info][gc,phases      ] GC(527)   Other: 0.07ms
[4850.426s][info][gc,heap        ] GC(527) Eden regions: 707->0(702)
[4850.426s][info][gc,heap        ] GC(527) Survivor regions: 51->52(95)
[4850.426s][info][gc,heap        ] GC(527) Old regions: 374->377
[4850.426s][info][gc,heap        ] GC(527) Humongous regions: 33->33
[4850.426s][info][gc,metaspace   ] GC(527) Metaspace: 30077K(30528K)->30077K(30528K) NonClass: 24663K(24896K)->24663K(24896K) Class: 5413K(5632K)->5413K(5632K)
[4850.426s][info][gc             ] GC(527) Pause Young (Normal) (G1 Evacuation Pause) 9291M->3663M(10240M) 170.021ms
[4850.426s][info][gc,cpu         ] GC(527) User=1.34s Sys=0.00s Real=0.17s
......[4856.411s][info][gc,start       ] GC(528) Pause Young (Normal) (G1 Evacuation Pause)
[4856.411s][info][gc,task        ] GC(528) Using 8 workers of 8 for evacuation
[4856.583s][info][gc,phases      ] GC(528)   Pre Evacuate Collection Set: 0.32ms
[4856.583s][info][gc,phases      ] GC(528)   Merge Heap Roots: 0.59ms
[4856.583s][info][gc,phases      ] GC(528)   Evacuate Collection Set: 169.71ms
[4856.583s][info][gc,phases      ] GC(528)   Post Evacuate Collection Set: 1.30ms
[4856.583s][info][gc,phases      ] GC(528)   Other: 0.08ms
[4856.583s][info][gc,heap        ] GC(528) Eden regions: 702->0(697)
[4856.583s][info][gc,heap        ] GC(528) Survivor regions: 52->53(95)
[4856.583s][info][gc,heap        ] GC(528) Old regions: 377->380
[4856.583s][info][gc,heap        ] GC(528) Humongous regions: 33->33
[4856.583s][info][gc,metaspace   ] GC(528) Metaspace: 30077K(30528K)->30077K(30528K) NonClass: 24663K(24896K)->24663K(24896K) Class: 5413K(5632K)->5413K(5632K)
[4856.583s][info][gc             ] GC(528) Pause Young (Normal) (G1 Evacuation Pause) 9279M->3692M(10240M) 172.175ms
[4856.583s][info][gc,cpu         ] GC(528) User=1.35s Sys=0.01s Real=0.17s
.......[4862.593s][info][gc,start       ] GC(529) Pause Young (Normal) (G1 Evacuation Pause)
[4862.593s][info][gc,task        ] GC(529) Using 8 workers of 8 for evacuation
[4862.765s][info][gc,phases      ] GC(529)   Pre Evacuate Collection Set: 0.30ms
[4862.765s][info][gc,phases      ] GC(529)   Merge Heap Roots: 0.56ms
[4862.765s][info][gc,phases      ] GC(529)   Evacuate Collection Set: 169.96ms
[4862.765s][info][gc,phases      ] GC(529)   Post Evacuate Collection Set: 1.31ms
[4862.765s][info][gc,phases      ] GC(529)   Other: 0.08ms
[4862.765s][info][gc,heap        ] GC(529) Eden regions: 697->0(695)
[4862.765s][info][gc,heap        ] GC(529) Survivor regions: 53->53(94)
[4862.765s][info][gc,heap        ] GC(529) Old regions: 380->382
[4862.765s][info][gc,heap        ] GC(529) Humongous regions: 33->33
[4862.765s][info][gc,metaspace   ] GC(529) Metaspace: 30077K(30528K)->30077K(30528K) NonClass: 24663K(24896K)->24663K(24896K) Class: 5413K(5632K)->5413K(5632K)
[4862.765s][info][gc             ] GC(529) Pause Young (Normal) (G1 Evacuation Pause) 9268M->3714M(10240M) 172.355ms
[4862.765s][info][gc,cpu         ] GC(529) User=1.36s Sys=0.00s Real=0.17s
......[4868.730s][info][gc,start       ] GC(530) Pause Young (Normal) (G1 Evacuation Pause)
[4868.731s][info][gc,task        ] GC(530) Using 8 workers of 8 for evacuation
[4868.897s][info][gc,phases      ] GC(530)   Pre Evacuate Collection Set: 0.31ms
[4868.897s][info][gc,phases      ] GC(530)   Merge Heap Roots: 0.63ms
[4868.897s][info][gc,phases      ] GC(530)   Evacuate Collection Set: 164.54ms
[4868.897s][info][gc,phases      ] GC(530)   Post Evacuate Collection Set: 1.28ms
[4868.897s][info][gc,phases      ] GC(530)   Other: 0.08ms
[4868.897s][info][gc,heap        ] GC(530) Eden regions: 695->0(696)
[4868.897s][info][gc,heap        ] GC(530) Survivor regions: 53->51(94)
[4868.897s][info][gc,heap        ] GC(530) Old regions: 382->385
[4868.897s][info][gc,heap        ] GC(530) Humongous regions: 33->33
[4868.897s][info][gc,metaspace   ] GC(530) Metaspace: 30077K(30528K)->30077K(30528K) NonClass: 24663K(24896K)->24663K(24896K) Class: 5413K(5632K)->5413K(5632K)
[4868.897s][info][gc             ] GC(530) Pause Young (Normal) (G1 Evacuation Pause) 9274M->3719M(10240M) 166.996ms
[4868.897s][info][gc,cpu         ] GC(530) User=1.31s Sys=0.00s Real=0.17s
......[4874.843s][info][gc,start       ] GC(531) Pause Young (Normal) (G1 Evacuation Pause)
[4874.843s][info][gc,task        ] GC(531) Using 8 workers of 8 for evacuation
[4875.011s][info][gc,phases      ] GC(531)   Pre Evacuate Collection Set: 0.33ms
[4875.011s][info][gc,phases      ] GC(531)   Merge Heap Roots: 0.62ms
[4875.011s][info][gc,phases      ] GC(531)   Evacuate Collection Set: 165.38ms
[4875.011s][info][gc,phases      ] GC(531)   Post Evacuate Collection Set: 1.32ms
[4875.011s][info][gc,phases      ] GC(531)   Other: 0.07ms
[4875.011s][info][gc,heap        ] GC(531) Eden regions: 696->0(693)
[4875.011s][info][gc,heap        ] GC(531) Survivor regions: 51->51(94)
[4875.011s][info][gc,heap        ] GC(531) Old regions: 385->388
[4875.011s][info][gc,heap        ] GC(531) Humongous regions: 33->33
[4875.011s][info][gc,metaspace   ] GC(531) Metaspace: 30077K(30528K)->30077K(30528K) NonClass: 24663K(24896K)->24663K(24896K) Class: 5413K(5632K)->5413K(5632K)
[4875.011s][info][gc             ] GC(531) Pause Young (Normal) (G1 Evacuation Pause) 9287M->3741M(10240M) 167.862ms
[4875.011s][info][gc,cpu         ] GC(531) User=1.32s Sys=0.00s Real=0.17s
......[4880.996s][info][gc,start       ] GC(532) Pause Young (Normal) (G1 Evacuation Pause)
[4880.996s][info][gc,task        ] GC(532) Using 8 workers of 8 for evacuation
[4881.167s][info][gc,phases      ] GC(532)   Pre Evacuate Collection Set: 0.28ms
[4881.167s][info][gc,phases      ] GC(532)   Merge Heap Roots: 0.56ms
[4881.167s][info][gc,phases      ] GC(532)   Evacuate Collection Set: 167.95ms
[4881.167s][info][gc,phases      ] GC(532)   Post Evacuate Collection Set: 1.27ms
[4881.167s][info][gc,phases      ] GC(532)   Other: 0.07ms
[4881.167s][info][gc,heap        ] GC(532) Eden regions: 693->0(689)
[4881.167s][info][gc,heap        ] GC(532) Survivor regions: 51->52(93)
[4881.167s][info][gc,heap        ] GC(532) Old regions: 388->390
[4881.167s][info][gc,heap        ] GC(532) Humongous regions: 33->33
[4881.167s][info][gc,metaspace   ] GC(532) Metaspace: 30077K(30528K)->30077K(30528K) NonClass: 24663K(24896K)->24663K(24896K) Class: 5413K(5632K)->5413K(5632K)
[4881.167s][info][gc             ] GC(532) Pause Young (Normal) (G1 Evacuation Pause) 9285M->3770M(10240M) 170.249ms
[4881.167s][info][gc,cpu         ] GC(532) User=1.34s Sys=0.00s Real=0.17s
......[4887.099s][info][gc,start       ] GC(533) Pause Young (Normal) (G1 Evacuation Pause)
[4887.099s][info][gc,task        ] GC(533) Using 8 workers of 8 for evacuation
[4887.276s][info][gc,phases      ] GC(533)   Pre Evacuate Collection Set: 0.30ms
[4887.276s][info][gc,phases      ] GC(533)   Merge Heap Roots: 0.57ms
[4887.276s][info][gc,phases      ] GC(533)   Evacuate Collection Set: 174.77ms
[4887.276s][info][gc,phases      ] GC(533)   Post Evacuate Collection Set: 1.23ms
[4887.276s][info][gc,phases      ] GC(533)   Other: 0.07ms
[4887.276s][info][gc,heap        ] GC(533) Eden regions: 689->0(682)
[4887.276s][info][gc,heap        ] GC(533) Survivor regions: 52->54(93)
[4887.276s][info][gc,heap        ] GC(533) Old regions: 390->393
[4887.276s][info][gc,heap        ] GC(533) Humongous regions: 33->33
[4887.276s][info][gc,metaspace   ] GC(533) Metaspace: 30077K(30528K)->30077K(30528K) NonClass: 24663K(24896K)->24663K(24896K) Class: 5413K(5632K)->5413K(5632K)
[4887.276s][info][gc             ] GC(533) Pause Young (Normal) (G1 Evacuation Pause) 9282M->3804M(10240M) 177.075ms
[4887.276s][info][gc,cpu         ] GC(533) User=1.40s Sys=0.00s Real=0.18s
......[4893.148s][info][gc,start       ] GC(534) Pause Young (Normal) (G1 Evacuation Pause)
[4893.148s][info][gc,task        ] GC(534) Using 8 workers of 8 for evacuation
[4893.323s][info][gc,phases      ] GC(534)   Pre Evacuate Collection Set: 0.28ms
[4893.323s][info][gc,phases      ] GC(534)   Merge Heap Roots: 0.56ms
[4893.323s][info][gc,phases      ] GC(534)   Evacuate Collection Set: 173.41ms
[4893.323s][info][gc,phases      ] GC(534)   Post Evacuate Collection Set: 1.32ms
[4893.323s][info][gc,phases      ] GC(534)   Other: 0.07ms
[4893.324s][info][gc,heap        ] GC(534) Eden regions: 682->0(681)
[4893.324s][info][gc,heap        ] GC(534) Survivor regions: 54->53(92)
[4893.324s][info][gc,heap        ] GC(534) Old regions: 393->396
[4893.324s][info][gc,heap        ] GC(534) Humongous regions: 33->33
[4893.324s][info][gc,metaspace   ] GC(534) Metaspace: 30077K(30528K)->30077K(30528K) NonClass: 24663K(24896K)->24663K(24896K) Class: 5413K(5632K)->5413K(5632K)
[4893.324s][info][gc             ] GC(534) Pause Young (Normal) (G1 Evacuation Pause) 9260M->3818M(10240M) 175.779ms
[4893.324s][info][gc,cpu         ] GC(534) User=1.38s Sys=0.00s Real=0.17s
......[4899.130s][info][gc,start       ] GC(535) Pause Young (Normal) (G1 Evacuation Pause)
[4899.130s][info][gc,task        ] GC(535) Using 8 workers of 8 for evacuation
[4899.299s][info][gc,phases      ] GC(535)   Pre Evacuate Collection Set: 0.31ms
[4899.299s][info][gc,phases      ] GC(535)   Merge Heap Roots: 0.54ms
[4899.299s][info][gc,phases      ] GC(535)   Evacuate Collection Set: 166.87ms
[4899.299s][info][gc,phases      ] GC(535)   Post Evacuate Collection Set: 1.26ms
[4899.299s][info][gc,phases      ] GC(535)   Other: 0.07ms
[4899.300s][info][gc,heap        ] GC(535) Eden regions: 681->0(680)
[4899.300s][info][gc,heap        ] GC(535) Survivor regions: 53->52(92)
[4899.300s][info][gc,heap        ] GC(535) Old regions: 396->399
[4899.300s][info][gc,heap        ] GC(535) Humongous regions: 33->33
[4899.300s][info][gc,metaspace   ] GC(535) Metaspace: 30077K(30528K)->30077K(30528K) NonClass: 24663K(24896K)->24663K(24896K) Class: 5413K(5632K)->5413K(5632K)
[4899.300s][info][gc             ] GC(535) Pause Young (Normal) (G1 Evacuation Pause) 9266M->3833M(10240M) 169.192ms
[4899.300s][info][gc,cpu         ] GC(535) User=1.34s Sys=0.00s Real=0.17s
...... (rIR:aIR:PR = 7610:7635:7635) (tPR = 112997) [OK] 
  4904s: Performance info:
         Transaction,    Success,    Partial,     Failed,   Receipts, AvgBarcode, 
             Overall,     459107,          0,          0,     436302,      59.47, 
         Response times:
             Request,    Success,    Partial,     Failed,   SkipFail,     Probes,    Samples,      min,      p50,      p90,      p95,      p99,      max, 
       TotalPurchase,     436316,          0,          0,          0,     357485,     390010,      300,     5200,    10600,    18200,    76000,   427000,
     InStorePurchase,     230217,          0,          0,          0,     188426,     205195,      400,     5100,    10500,    18600,    76000,   427000,
      OnlinePurchase,     160219,          0,          0,          0,     131647,     143786,      300,     5300,    10600,    18000,    75000,   426000,
        InstPurchase,      45880,          0,          0,          0,      37412,      41029,      400,     5300,    10800,    17200,    75000,   372000,
          AssocOfCat,        455,          0,          0,          0,        369,        471,    26000,    40000,    56800,    68000,   110560,   240000,
      AssocOfProduct,       4584,          0,          0,          0,       4338,       4982,      500,     5200,    10900,    16900,    71170,   372000,
      BusinessReport,       1140,          0,          0,          0,       1002,       1193,    30000,    49000,    70000,    85000,   163360,   373000,
          CustBuyBeh,       4562,          0,          0,          0,       4253,       4880,      300,     5200,    10800,    18390,    72000,   372000,
       ProductReturn,      12080,          0,          0,          0,       9251,      10357,      200,     5400,    10700,    21000,    75000,   313000,

  4904s: (56%)   IR =   7749 [4905.175s][info][gc,start       ] GC(536) Pause Young (Normal) (G1 Evacuation Pause)
[4905.175s][info][gc,task        ] GC(536) Using 8 workers of 8 for evacuation
[4905.344s][info][gc,phases      ] GC(536)   Pre Evacuate Collection Set: 0.29ms
[4905.344s][info][gc,phases      ] GC(536)   Merge Heap Roots: 0.58ms
[4905.344s][info][gc,phases      ] GC(536)   Evacuate Collection Set: 166.80ms
[4905.344s][info][gc,phases      ] GC(536)   Post Evacuate Collection Set: 1.29ms
[4905.344s][info][gc,phases      ] GC(536)   Other: 0.07ms
[4905.344s][info][gc,heap        ] GC(536) Eden regions: 680->0(677)
[4905.344s][info][gc,heap        ] GC(536) Survivor regions: 52->52(92)
[4905.344s][info][gc,heap        ] GC(536) Old regions: 399->402
[4905.344s][info][gc,heap        ] GC(536) Humongous regions: 33->33
[4905.344s][info][gc,metaspace   ] GC(536) Metaspace: 30077K(30528K)->30077K(30528K) NonClass: 24663K(24896K)->24663K(24896K) Class: 5413K(5632K)->5413K(5632K)
[4905.344s][info][gc             ] GC(536) Pause Young (Normal) (G1 Evacuation Pause) 9273M->3856M(10240M) 169.177ms
[4905.344s][info][gc,cpu         ] GC(536) User=1.33s Sys=0.00s Real=0.17s
......[4911.135s][info][gc,start       ] GC(537) Pause Young (Normal) (G1 Evacuation Pause)
[4911.136s][info][gc,task        ] GC(537) Using 8 workers of 8 for evacuation
[4911.304s][info][gc,phases      ] GC(537)   Pre Evacuate Collection Set: 0.31ms
[4911.304s][info][gc,phases      ] GC(537)   Merge Heap Roots: 0.57ms
[4911.304s][info][gc,phases      ] GC(537)   Evacuate Collection Set: 166.57ms
[4911.304s][info][gc,phases      ] GC(537)   Post Evacuate Collection Set: 1.21ms
[4911.304s][info][gc,phases      ] GC(537)   Other: 0.06ms
[4911.304s][info][gc,heap        ] GC(537) Eden regions: 677->0(677)
[4911.304s][info][gc,heap        ] GC(537) Survivor regions: 52->51(92)
[4911.304s][info][gc,heap        ] GC(537) Old regions: 402->404
[4911.304s][info][gc,heap        ] GC(537) Humongous regions: 33->33
[4911.304s][info][gc,metaspace   ] GC(537) Metaspace: 30077K(30528K)->30077K(30528K) NonClass: 24663K(24896K)->24663K(24896K) Class: 5413K(5632K)->5413K(5632K)
[4911.304s][info][gc             ] GC(537) Pause Young (Normal) (G1 Evacuation Pause) 9272M->3875M(10240M) 168.856ms
[4911.304s][info][gc,cpu         ] GC(537) User=1.33s Sys=0.00s Real=0.17s
..|....[4917.029s][info][gc,start       ] GC(538) Pause Young (Normal) (G1 Evacuation Pause)
[4917.029s][info][gc,task        ] GC(538) Using 8 workers of 8 for evacuation
[4917.198s][info][gc,phases      ] GC(538)   Pre Evacuate Collection Set: 0.28ms
[4917.198s][info][gc,phases      ] GC(538)   Merge Heap Roots: 0.57ms
[4917.198s][info][gc,phases      ] GC(538)   Evacuate Collection Set: 167.08ms
[4917.198s][info][gc,phases      ] GC(538)   Post Evacuate Collection Set: 1.28ms
[4917.198s][info][gc,phases      ] GC(538)   Other: 0.09ms
[4917.198s][info][gc,heap        ] GC(538) Eden regions: 677->0(672)
[4917.198s][info][gc,heap        ] GC(538) Survivor regions: 51->52(91)
[4917.198s][info][gc,heap        ] GC(538) Old regions: 404->407
[4917.198s][info][gc,heap        ] GC(538) Humongous regions: 33->33
[4917.198s][info][gc,metaspace   ] GC(538) Metaspace: 30077K(30528K)->30077K(30528K) NonClass: 24663K(24896K)->24663K(24896K) Class: 5413K(5632K)->5413K(5632K)
[4917.198s][info][gc             ] GC(538) Pause Young (Normal) (G1 Evacuation Pause) 9291M->3901M(10240M) 169.441ms
[4917.198s][info][gc,cpu         ] GC(538) User=1.33s Sys=0.00s Real=0.17s
......[4922.811s][info][gc,start       ] GC(539) Pause Young (Normal) (G1 Evacuation Pause)
[4922.811s][info][gc,task        ] GC(539) Using 8 workers of 8 for evacuation
[4922.983s][info][gc,phases      ] GC(539)   Pre Evacuate Collection Set: 0.27ms
[4922.983s][info][gc,phases      ] GC(539)   Merge Heap Roots: 0.56ms
[4922.983s][info][gc,phases      ] GC(539)   Evacuate Collection Set: 170.10ms
[4922.983s][info][gc,phases      ] GC(539)   Post Evacuate Collection Set: 1.25ms
[4922.983s][info][gc,phases      ] GC(539)   Other: 0.08ms
[4922.983s][info][gc,heap        ] GC(539) Eden regions: 672->0(669)
[4922.983s][info][gc,heap        ] GC(539) Survivor regions: 52->52(91)
[4922.983s][info][gc,heap        ] GC(539) Old regions: 407->410
[4922.983s][info][gc,heap        ] GC(539) Humongous regions: 33->33
[4922.983s][info][gc,metaspace   ] GC(539) Metaspace: 30077K(30528K)->30077K(30528K) NonClass: 24663K(24896K)->24663K(24896K) Class: 5413K(5632K)->5413K(5632K)
[4922.983s][info][gc             ] GC(539) Pause Young (Normal) (G1 Evacuation Pause) 9277M->3928M(10240M) 172.408ms
[4922.983s][info][gc,cpu         ] GC(539) User=1.36s Sys=0.00s Real=0.17s
.....[4928.649s][info][gc,start       ] GC(540) Pause Young (Normal) (G1 Evacuation Pause)
[4928.649s][info][gc,task        ] GC(540) Using 8 workers of 8 for evacuation
[4928.822s][info][gc,phases      ] GC(540)   Pre Evacuate Collection Set: 0.30ms
[4928.822s][info][gc,phases      ] GC(540)   Merge Heap Roots: 0.58ms
[4928.822s][info][gc,phases      ] GC(540)   Evacuate Collection Set: 170.72ms
[4928.822s][info][gc,phases      ] GC(540)   Post Evacuate Collection Set: 1.24ms
[4928.822s][info][gc,phases      ] GC(540)   Other: 0.06ms
[4928.822s][info][gc,heap        ] GC(540) Eden regions: 669->0(664)
[4928.822s][info][gc,heap        ] GC(540) Survivor regions: 52->53(91)
[4928.822s][info][gc,heap        ] GC(540) Old regions: 410->413
[4928.822s][info][gc,heap        ] GC(540) Humongous regions: 33->33
[4928.822s][info][gc,metaspace   ] GC(540) Metaspace: 30077K(30528K)->30077K(30528K) NonClass: 24663K(24896K)->24663K(24896K) Class: 5413K(5632K)->5413K(5632K)
[4928.822s][info][gc             ] GC(540) Pause Young (Normal) (G1 Evacuation Pause) 9280M->3959M(10240M) 173.037ms
[4928.822s][info][gc,cpu         ] GC(540) User=1.36s Sys=0.00s Real=0.17s
......[4934.451s][info][gc,start       ] GC(541) Pause Young (Normal) (G1 Evacuation Pause)
[4934.451s][info][gc,task        ] GC(541) Using 8 workers of 8 for evacuation
[4934.623s][info][gc,phases      ] GC(541)   Pre Evacuate Collection Set: 0.30ms
[4934.623s][info][gc,phases      ] GC(541)   Merge Heap Roots: 0.55ms
[4934.623s][info][gc,phases      ] GC(541)   Evacuate Collection Set: 170.56ms
[4934.623s][info][gc,phases      ] GC(541)   Post Evacuate Collection Set: 1.22ms
[4934.623s][info][gc,phases      ] GC(541)   Other: 0.06ms
[4934.623s][info][gc,heap        ] GC(541) Eden regions: 664->0(661)
[4934.623s][info][gc,heap        ] GC(541) Survivor regions: 53->53(90)
[4934.623s][info][gc,heap        ] GC(541) Old regions: 413->416
[4934.623s][info][gc,heap        ] GC(541) Humongous regions: 33->33
[4934.623s][info][gc,metaspace   ] GC(541) Metaspace: 30077K(30528K)->30077K(30528K) NonClass: 24663K(24896K)->24663K(24896K) Class: 5413K(5632K)->5413K(5632K)
[4934.623s][info][gc             ] GC(541) Pause Young (Normal) (G1 Evacuation Pause) 9271M->3979M(10240M) 172.847ms
[4934.624s][info][gc,cpu         ] GC(541) User=1.36s Sys=0.00s Real=0.17s
......[4940.175s][info][gc,start       ] GC(542) Pause Young (Normal) (G1 Evacuation Pause)
[4940.175s][info][gc,task        ] GC(542) Using 8 workers of 8 for evacuation
[4940.344s][info][gc,phases      ] GC(542)   Pre Evacuate Collection Set: 0.28ms
[4940.344s][info][gc,phases      ] GC(542)   Merge Heap Roots: 0.59ms
[4940.344s][info][gc,phases      ] GC(542)   Evacuate Collection Set: 167.36ms
[4940.344s][info][gc,phases      ] GC(542)   Post Evacuate Collection Set: 1.23ms
[4940.344s][info][gc,phases      ] GC(542)   Other: 0.07ms
[4940.345s][info][gc,heap        ] GC(542) Eden regions: 661->0(660)
[4940.345s][info][gc,heap        ] GC(542) Survivor regions: 53->52(90)
[4940.345s][info][gc,heap        ] GC(542) Old regions: 416->419
[4940.345s][info][gc,heap        ] GC(542) Humongous regions: 33->33
[4940.345s][info][gc,metaspace   ] GC(542) Metaspace: 30077K(30528K)->30077K(30528K) NonClass: 24663K(24896K)->24663K(24896K) Class: 5413K(5632K)->5413K(5632K)
[4940.345s][info][gc             ] GC(542) Pause Young (Normal) (G1 Evacuation Pause) 9267M->3995M(10240M) 169.660ms
[4940.345s][info][gc,cpu         ] GC(542) User=1.34s Sys=0.00s Real=0.17s
......[4945.971s][info][gc,start       ] GC(543) Pause Young (Normal) (G1 Evacuation Pause)
[4945.971s][info][gc,task        ] GC(543) Using 8 workers of 8 for evacuation
[4946.140s][info][gc,phases      ] GC(543)   Pre Evacuate Collection Set: 0.32ms
[4946.140s][info][gc,phases      ] GC(543)   Merge Heap Roots: 0.57ms
[4946.140s][info][gc,phases      ] GC(543)   Evacuate Collection Set: 166.69ms
[4946.140s][info][gc,phases      ] GC(543)   Post Evacuate Collection Set: 1.26ms
[4946.140s][info][gc,phases      ] GC(543)   Other: 0.08ms
[4946.140s][info][gc,heap        ] GC(543) Eden regions: 660->0(661)
[4946.140s][info][gc,heap        ] GC(543) Survivor regions: 52->50(89)
[4946.140s][info][gc,heap        ] GC(543) Old regions: 419->422
[4946.140s][info][gc,heap        ] GC(543) Humongous regions: 33->33
[4946.140s][info][gc,metaspace   ] GC(543) Metaspace: 30077K(30528K)->30077K(30528K) NonClass: 24663K(24896K)->24663K(24896K) Class: 5413K(5632K)->5413K(5632K)
[4946.140s][info][gc             ] GC(543) Pause Young (Normal) (G1 Evacuation Pause) 9275M->4006M(10240M) 169.076ms
[4946.140s][info][gc,cpu         ] GC(543) User=1.33s Sys=0.00s Real=0.17s
.....[4951.648s][info][gc,start       ] GC(544) Pause Young (Normal) (G1 Evacuation Pause)
[4951.648s][info][gc,task        ] GC(544) Using 8 workers of 8 for evacuation
[4951.816s][info][gc,phases      ] GC(544)   Pre Evacuate Collection Set: 0.29ms
[4951.816s][info][gc,phases      ] GC(544)   Merge Heap Roots: 0.59ms
[4951.816s][info][gc,phases      ] GC(544)   Evacuate Collection Set: 166.08ms
[4951.816s][info][gc,phases      ] GC(544)   Post Evacuate Collection Set: 1.23ms
[4951.816s][info][gc,phases      ] GC(544)   Other: 0.06ms
[4951.816s][info][gc,heap        ] GC(544) Eden regions: 661->0(656)
[4951.816s][info][gc,heap        ] GC(544) Survivor regions: 50->51(89)
[4951.816s][info][gc,heap        ] GC(544) Old regions: 422->425
[4951.816s][info][gc,heap        ] GC(544) Humongous regions: 33->33
[4951.816s][info][gc,metaspace   ] GC(544) Metaspace: 30077K(30528K)->30077K(30528K) NonClass: 24663K(24896K)->24663K(24896K) Class: 5413K(5632K)->5413K(5632K)
[4951.816s][info][gc             ] GC(544) Pause Young (Normal) (G1 Evacuation Pause) 9294M->4038M(10240M) 168.393ms
[4951.816s][info][gc,cpu         ] GC(544) User=1.33s Sys=0.00s Real=0.17s
......[4957.359s][info][gc,start       ] GC(545) Pause Young (Normal) (G1 Evacuation Pause)
[4957.360s][info][gc,task        ] GC(545) Using 8 workers of 8 for evacuation
[4957.528s][info][gc,phases      ] GC(545)   Pre Evacuate Collection Set: 0.32ms
[4957.528s][info][gc,phases      ] GC(545)   Merge Heap Roots: 0.63ms
[4957.528s][info][gc,phases      ] GC(545)   Evacuate Collection Set: 165.77ms
[4957.528s][info][gc,phases      ] GC(545)   Post Evacuate Collection Set: 1.23ms
[4957.528s][info][gc,phases      ] GC(545)   Other: 0.07ms
[4957.528s][info][gc,heap        ] GC(545) Eden regions: 656->0(651)
[4957.528s][info][gc,heap        ] GC(545) Survivor regions: 51->52(89)
[4957.528s][info][gc,heap        ] GC(545) Old regions: 425->428
[4957.528s][info][gc,heap        ] GC(545) Humongous regions: 33->33
[4957.528s][info][gc,metaspace   ] GC(545) Metaspace: 30077K(30528K)->30077K(30528K) NonClass: 24663K(24896K)->24663K(24896K) Class: 5413K(5632K)->5413K(5632K)
[4957.528s][info][gc             ] GC(545) Pause Young (Normal) (G1 Evacuation Pause) 9286M->4065M(10240M) 168.163ms
[4957.528s][info][gc,cpu         ] GC(545) User=1.32s Sys=0.00s Real=0.17s
......[4962.957s][info][gc,start       ] GC(546) Pause Young (Normal) (G1 Evacuation Pause)
[4962.957s][info][gc,task        ] GC(546) Using 8 workers of 8 for evacuation
[4963.124s][info][gc,phases      ] GC(546)   Pre Evacuate Collection Set: 0.31ms
[4963.124s][info][gc,phases      ] GC(546)   Merge Heap Roots: 0.56ms
[4963.124s][info][gc,phases      ] GC(546)   Evacuate Collection Set: 164.75ms
[4963.124s][info][gc,phases      ] GC(546)   Post Evacuate Collection Set: 1.25ms
[4963.124s][info][gc,phases      ] GC(546)   Other: 0.07ms
[4963.124s][info][gc,heap        ] GC(546) Eden regions: 651->0(650)
[4963.124s][info][gc,heap        ] GC(546) Survivor regions: 52->51(88)
[4963.124s][info][gc,heap        ] GC(546) Old regions: 428->431
[4963.124s][info][gc,heap        ] GC(546) Humongous regions: 33->33
[4963.124s][info][gc,metaspace   ] GC(546) Metaspace: 30077K(30528K)->30077K(30528K) NonClass: 24663K(24896K)->24663K(24896K) Class: 5413K(5632K)->5413K(5632K)
[4963.124s][info][gc             ] GC(546) Pause Young (Normal) (G1 Evacuation Pause) 9273M->4085M(10240M) 167.085ms
[4963.124s][info][gc,cpu         ] GC(546) User=1.32s Sys=0.00s Real=0.16s
.....[4968.632s][info][gc,start       ] GC(547) Pause Young (Normal) (G1 Evacuation Pause)
[4968.632s][info][gc,task        ] GC(547) Using 8 workers of 8 for evacuation
[4968.801s][info][gc,phases      ] GC(547)   Pre Evacuate Collection Set: 0.27ms
[4968.801s][info][gc,phases      ] GC(547)   Merge Heap Roots: 0.58ms
[4968.801s][info][gc,phases      ] GC(547)   Evacuate Collection Set: 166.28ms
[4968.801s][info][gc,phases      ] GC(547)   Post Evacuate Collection Set: 1.19ms
[4968.801s][info][gc,phases      ] GC(547)   Other: 0.08ms
[4968.801s][info][gc,heap        ] GC(547) Eden regions: 650->0(645)
[4968.801s][info][gc,heap        ] GC(547) Survivor regions: 51->52(88)
[4968.801s][info][gc,heap        ] GC(547) Old regions: 431->434
[4968.801s][info][gc,heap        ] GC(547) Humongous regions: 33->33
[4968.801s][info][gc,metaspace   ] GC(547) Metaspace: 30077K(30528K)->30077K(30528K) NonClass: 24663K(24896K)->24663K(24896K) Class: 5413K(5632K)->5413K(5632K)
[4968.801s][info][gc             ] GC(547) Pause Young (Normal) (G1 Evacuation Pause) 9285M->4114M(10240M) 168.544ms
[4968.801s][info][gc,cpu         ] GC(547) User=1.33s Sys=0.01s Real=0.17s
..... (rIR:aIR:PR = 7749:7763:7763) (tPR = 115280) [OK] 
  4972s: Performance info:
         Transaction,    Success,    Partial,     Failed,   Receipts, AvgBarcode, 
             Overall,     466896,          0,          0,     443580,      59.47, 
         Response times:
             Request,    Success,    Partial,     Failed,   SkipFail,     Probes,    Samples,      min,      p50,      p90,      p95,      p99,      max, 
       TotalPurchase,     443578,          0,          0,          0,     359986,     411728,      400,     5500,    10900,    19800,    87000,   456000,
     InStorePurchase,     233849,          0,          0,          0,     189439,     216599,      400,     5400,    10900,    19600,    86000,   456000,
      OnlinePurchase,     163030,          0,          0,          0,     132534,     151521,      400,     5600,    11000,    21000,    88000,   456000,
        InstPurchase,      46699,          0,          0,          0,      38013,      43608,      500,     5500,    10800,    18200,    86000,   322000,
          AssocOfCat,        461,          0,          0,          0,        364,        519,    24000,    40000,    58000,    70000,   201200,   273000,
      AssocOfProduct,       4669,          0,          0,          0,       4356,       5204,      500,     6300,    11000,    18100,    92000,   266000,
      BusinessReport,       1171,          0,          0,          0,       1006,       1263,    31000,    49000,    67000,    79000,   161960,   250000,
          CustBuyBeh,       4648,          0,          0,          0,       4414,       5331,      200,     5100,    10300,    17300,    79000,   266000,
       ProductReturn,      12369,          0,          0,          0,       9509,      11217,      200,     5300,    10900,    18910,    89000,   270000,

  4972s: (57%)   IR =   7887 .[4974.255s][info][gc,start       ] GC(548) Pause Young (Normal) (G1 Evacuation Pause)
[4974.255s][info][gc,task        ] GC(548) Using 8 workers of 8 for evacuation
[4974.431s][info][gc,phases      ] GC(548)   Pre Evacuate Collection Set: 0.31ms
[4974.431s][info][gc,phases      ] GC(548)   Merge Heap Roots: 0.58ms
[4974.431s][info][gc,phases      ] GC(548)   Evacuate Collection Set: 173.36ms
[4974.431s][info][gc,phases      ] GC(548)   Post Evacuate Collection Set: 1.22ms
[4974.431s][info][gc,phases      ] GC(548)   Other: 0.08ms
[4974.431s][info][gc,heap        ] GC(548) Eden regions: 645->0(638)
[4974.431s][info][gc,heap        ] GC(548) Survivor regions: 52->54(88)
[4974.431s][info][gc,heap        ] GC(548) Old regions: 434->437
[4974.431s][info][gc,heap        ] GC(548) Humongous regions: 33->33
[4974.431s][info][gc,metaspace   ] GC(548) Metaspace: 30077K(30528K)->30077K(30528K) NonClass: 24663K(24896K)->24663K(24896K) Class: 5413K(5632K)->5413K(5632K)
[4974.431s][info][gc             ] GC(548) Pause Young (Normal) (G1 Evacuation Pause) 9274M->4154M(10240M) 175.702ms
[4974.431s][info][gc,cpu         ] GC(548) User=1.39s Sys=0.00s Real=0.18s
...|..[4979.762s][info][gc,start       ] GC(549) Pause Young (Normal) (G1 Evacuation Pause)
[4979.762s][info][gc,task        ] GC(549) Using 8 workers of 8 for evacuation
[4979.929s][info][gc,phases      ] GC(549)   Pre Evacuate Collection Set: 0.31ms
[4979.929s][info][gc,phases      ] GC(549)   Merge Heap Roots: 0.58ms
[4979.929s][info][gc,phases      ] GC(549)   Evacuate Collection Set: 165.51ms
[4979.929s][info][gc,phases      ] GC(549)   Post Evacuate Collection Set: 1.19ms
[4979.930s][info][gc,phases      ] GC(549)   Other: 0.06ms
[4979.930s][info][gc,heap        ] GC(549) Eden regions: 638->0(649)
[4979.930s][info][gc,heap        ] GC(549) Survivor regions: 54->44(87)
[4979.930s][info][gc,heap        ] GC(549) Old regions: 437->446
[4979.930s][info][gc,heap        ] GC(549) Humongous regions: 33->33
[4979.930s][info][gc,metaspace   ] GC(549) Metaspace: 30077K(30528K)->30077K(30528K) NonClass: 24663K(24896K)->24663K(24896K) Class: 5413K(5632K)->5413K(5632K)
[4979.930s][info][gc             ] GC(549) Pause Young (Normal) (G1 Evacuation Pause) 9258M->4153M(10240M) 167.780ms
[4979.930s][info][gc,cpu         ] GC(549) User=1.32s Sys=0.00s Real=0.17s
......[4985.234s][info][gc,start       ] GC(550) Pause Young (Normal) (G1 Evacuation Pause)
[4985.234s][info][gc,task        ] GC(550) Using 8 workers of 8 for evacuation
[4985.393s][info][gc,phases      ] GC(550)   Pre Evacuate Collection Set: 0.30ms
[4985.393s][info][gc,phases      ] GC(550)   Merge Heap Roots: 0.55ms
[4985.393s][info][gc,phases      ] GC(550)   Evacuate Collection Set: 156.50ms
[4985.393s][info][gc,phases      ] GC(550)   Post Evacuate Collection Set: 1.19ms
[4985.393s][info][gc,phases      ] GC(550)   Other: 0.06ms
[4985.393s][info][gc,heap        ] GC(550) Eden regions: 649->0(635)
[4985.393s][info][gc,heap        ] GC(550) Survivor regions: 44->51(87)
[4985.393s][info][gc,heap        ] GC(550) Old regions: 446->446
[4985.393s][info][gc,heap        ] GC(550) Humongous regions: 33->33
[4985.393s][info][gc,metaspace   ] GC(550) Metaspace: 30077K(30528K)->30077K(30528K) NonClass: 24663K(24896K)->24663K(24896K) Class: 5413K(5632K)->5413K(5632K)
[4985.393s][info][gc             ] GC(550) Pause Young (Normal) (G1 Evacuation Pause) 9345M->4205M(10240M) 158.734ms
[4985.393s][info][gc,cpu         ] GC(550) User=1.25s Sys=0.00s Real=0.16s
.....[4990.579s][info][gc,start       ] GC(551) Pause Young (Normal) (G1 Evacuation Pause)
[4990.579s][info][gc,task        ] GC(551) Using 8 workers of 8 for evacuation
[4990.747s][info][gc,phases      ] GC(551)   Pre Evacuate Collection Set: 0.28ms
[4990.747s][info][gc,phases      ] GC(551)   Merge Heap Roots: 0.56ms
[4990.747s][info][gc,phases      ] GC(551)   Evacuate Collection Set: 165.43ms
[4990.747s][info][gc,phases      ] GC(551)   Post Evacuate Collection Set: 1.18ms
[4990.747s][info][gc,phases      ] GC(551)   Other: 0.06ms
[4990.747s][info][gc,heap        ] GC(551) Eden regions: 635->0(632)
[4990.747s][info][gc,heap        ] GC(551) Survivor regions: 51->51(86)
[4990.747s][info][gc,heap        ] GC(551) Old regions: 446->449
[4990.747s][info][gc,heap        ] GC(551) Humongous regions: 33->33
[4990.747s][info][gc,metaspace   ] GC(551) Metaspace: 30077K(30528K)->30077K(30528K) NonClass: 24663K(24896K)->24663K(24896K) Class: 5413K(5632K)->5413K(5632K)
[4990.747s][info][gc             ] GC(551) Pause Young (Normal) (G1 Evacuation Pause) 9285M->4231M(10240M) 167.648ms
[4990.747s][info][gc,cpu         ] GC(551) User=1.32s Sys=0.01s Real=0.17s
.....[4995.936s][info][gc,start       ] GC(552) Pause Young (Normal) (G1 Evacuation Pause)
[4995.936s][info][gc,task        ] GC(552) Using 8 workers of 8 for evacuation
[4996.104s][info][gc,phases      ] GC(552)   Pre Evacuate Collection Set: 0.28ms
[4996.104s][info][gc,phases      ] GC(552)   Merge Heap Roots: 0.61ms
[4996.104s][info][gc,phases      ] GC(552)   Evacuate Collection Set: 166.12ms
[4996.104s][info][gc,phases      ] GC(552)   Post Evacuate Collection Set: 1.17ms
[4996.104s][info][gc,phases      ] GC(552)   Other: 0.06ms
[4996.104s][info][gc,heap        ] GC(552) Eden regions: 632->0(634)
[4996.104s][info][gc,heap        ] GC(552) Survivor regions: 51->45(86)
[4996.104s][info][gc,heap        ] GC(552) Old regions: 449->459
[4996.104s][info][gc,heap        ] GC(552) Humongous regions: 33->33
[4996.104s][info][gc,metaspace   ] GC(552) Metaspace: 30077K(30528K)->30077K(30528K) NonClass: 24663K(24896K)->24663K(24896K) Class: 5413K(5632K)->5413K(5632K)
[4996.104s][info][gc             ] GC(552) Pause Young (Normal) (G1 Evacuation Pause) 9287M->4263M(10240M) 168.395ms
[4996.104s][info][gc,cpu         ] GC(552) User=1.33s Sys=0.00s Real=0.16s
......[5001.393s][info][gc,start       ] GC(553) Pause Young (Normal) (G1 Evacuation Pause)
[5001.393s][info][gc,task        ] GC(553) Using 8 workers of 8 for evacuation
[5001.552s][info][gc,phases      ] GC(553)   Pre Evacuate Collection Set: 0.30ms
[5001.552s][info][gc,phases      ] GC(553)   Merge Heap Roots: 0.54ms
[5001.552s][info][gc,phases      ] GC(553)   Evacuate Collection Set: 156.15ms
[5001.552s][info][gc,phases      ] GC(553)   Post Evacuate Collection Set: 1.15ms
[5001.552s][info][gc,phases      ] GC(553)   Other: 0.06ms
[5001.552s][info][gc,heap        ] GC(553) Eden regions: 634->0(627)
[5001.552s][info][gc,heap        ] GC(553) Survivor regions: 45->45(85)
[5001.552s][info][gc,heap        ] GC(553) Old regions: 459->466
[5001.552s][info][gc,heap        ] GC(553) Humongous regions: 33->33
[5001.552s][info][gc,metaspace   ] GC(553) Metaspace: 30077K(30528K)->30077K(30528K) NonClass: 24663K(24896K)->24663K(24896K) Class: 5413K(5632K)->5413K(5632K)
[5001.552s][info][gc             ] GC(553) Pause Young (Normal) (G1 Evacuation Pause) 9335M->4321M(10240M) 158.352ms
[5001.552s][info][gc,cpu         ] GC(553) User=1.25s Sys=0.00s Real=0.16s
.....[5006.676s][info][gc,start       ] GC(554) Pause Young (Normal) (G1 Evacuation Pause)
[5006.676s][info][gc,task        ] GC(554) Using 8 workers of 8 for evacuation
[5006.833s][info][gc,phases      ] GC(554)   Pre Evacuate Collection Set: 0.29ms
[5006.833s][info][gc,phases      ] GC(554)   Merge Heap Roots: 0.56ms
[5006.833s][info][gc,phases      ] GC(554)   Evacuate Collection Set: 155.58ms
[5006.833s][info][gc,phases      ] GC(554)   Post Evacuate Collection Set: 1.14ms
[5006.833s][info][gc,phases      ] GC(554)   Other: 0.07ms
[5006.833s][info][gc,heap        ] GC(554) Eden regions: 627->0(622)
[5006.833s][info][gc,heap        ] GC(554) Survivor regions: 45->44(84)
[5006.833s][info][gc,heap        ] GC(554) Old regions: 466->473
[5006.833s][info][gc,heap        ] GC(554) Humongous regions: 33->33
[5006.833s][info][gc,metaspace   ] GC(554) Metaspace: 30077K(30528K)->30077K(30528K) NonClass: 24663K(24896K)->24663K(24896K) Class: 5413K(5632K)->5413K(5632K)
[5006.833s][info][gc             ] GC(554) Pause Young (Normal) (G1 Evacuation Pause) 9337M->4365M(10240M) 157.761ms
[5006.833s][info][gc,cpu         ] GC(554) User=1.24s Sys=0.00s Real=0.15s
.....[5011.979s][info][gc,start       ] GC(555) Pause Young (Normal) (G1 Evacuation Pause)
[5011.979s][info][gc,task        ] GC(555) Using 8 workers of 8 for evacuation
[5012.140s][info][gc,phases      ] GC(555)   Pre Evacuate Collection Set: 0.31ms
[5012.140s][info][gc,phases      ] GC(555)   Merge Heap Roots: 0.59ms
[5012.140s][info][gc,phases      ] GC(555)   Evacuate Collection Set: 158.43ms
[5012.140s][info][gc,phases      ] GC(555)   Post Evacuate Collection Set: 1.17ms
[5012.140s][info][gc,phases      ] GC(555)   Other: 0.07ms
[5012.140s][info][gc,heap        ] GC(555) Eden regions: 622->0(608)
[5012.140s][info][gc,heap        ] GC(555) Survivor regions: 44->51(84)
[5012.140s][info][gc,heap        ] GC(555) Old regions: 473->473
[5012.140s][info][gc,heap        ] GC(555) Humongous regions: 33->33
[5012.140s][info][gc,metaspace   ] GC(555) Metaspace: 30077K(30528K)->30077K(30528K) NonClass: 24663K(24896K)->24663K(24896K) Class: 5413K(5632K)->5413K(5632K)
[5012.140s][info][gc             ] GC(555) Pause Young (Normal) (G1 Evacuation Pause) 9341M->4425M(10240M) 160.735ms
[5012.140s][info][gc,cpu         ] GC(555) User=1.26s Sys=0.00s Real=0.16s
......[5017.205s][info][gc,start       ] GC(556) Pause Young (Normal) (G1 Evacuation Pause)
[5017.205s][info][gc,task        ] GC(556) Using 8 workers of 8 for evacuation
[5017.373s][info][gc,phases      ] GC(556)   Pre Evacuate Collection Set: 0.29ms
[5017.373s][info][gc,phases      ] GC(556)   Merge Heap Roots: 0.55ms
[5017.373s][info][gc,phases      ] GC(556)   Evacuate Collection Set: 166.56ms
[5017.373s][info][gc,phases      ] GC(556)   Post Evacuate Collection Set: 1.14ms
[5017.373s][info][gc,phases      ] GC(556)   Other: 0.07ms
[5017.373s][info][gc,heap        ] GC(556) Eden regions: 608->0(610)
[5017.373s][info][gc,heap        ] GC(556) Survivor regions: 51->45(83)
[5017.373s][info][gc,heap        ] GC(556) Old regions: 473->483
[5017.373s][info][gc,heap        ] GC(556) Humongous regions: 33->33
[5017.373s][info][gc,metaspace   ] GC(556) Metaspace: 30077K(30528K)->30077K(30528K) NonClass: 24663K(24896K)->24663K(24896K) Class: 5413K(5632K)->5413K(5632K)
[5017.373s][info][gc             ] GC(556) Pause Young (Normal) (G1 Evacuation Pause) 9289M->4451M(10240M) 168.747ms
[5017.373s][info][gc,cpu         ] GC(556) User=1.33s Sys=0.01s Real=0.17s
.....[5022.398s][info][gc,start       ] GC(557) Pause Young (Normal) (G1 Evacuation Pause)
[5022.398s][info][gc,task        ] GC(557) Using 8 workers of 8 for evacuation
[5022.553s][info][gc,phases      ] GC(557)   Pre Evacuate Collection Set: 0.30ms
[5022.553s][info][gc,phases      ] GC(557)   Merge Heap Roots: 0.55ms
[5022.553s][info][gc,phases      ] GC(557)   Evacuate Collection Set: 153.45ms
[5022.553s][info][gc,phases      ] GC(557)   Post Evacuate Collection Set: 1.13ms
[5022.553s][info][gc,phases      ] GC(557)   Other: 0.06ms
[5022.553s][info][gc,heap        ] GC(557) Eden regions: 610->0(605)
[5022.553s][info][gc,heap        ] GC(557) Survivor regions: 45->44(82)
[5022.553s][info][gc,heap        ] GC(557) Old regions: 483->490
[5022.553s][info][gc,heap        ] GC(557) Humongous regions: 33->33
[5022.553s][info][gc,metaspace   ] GC(557) Metaspace: 30077K(30528K)->30077K(30528K) NonClass: 24663K(24896K)->24663K(24896K) Class: 5413K(5632K)->5413K(5632K)
[5022.553s][info][gc             ] GC(557) Pause Young (Normal) (G1 Evacuation Pause) 9331M->4504M(10240M) 155.635ms
[5022.553s][info][gc,cpu         ] GC(557) User=1.23s Sys=0.00s Real=0.15s
.....[5027.559s][info][gc,start       ] GC(558) Pause Young (Normal) (G1 Evacuation Pause)
[5027.559s][info][gc,task        ] GC(558) Using 8 workers of 8 for evacuation
[5027.720s][info][gc,phases      ] GC(558)   Pre Evacuate Collection Set: 0.28ms
[5027.720s][info][gc,phases      ] GC(558)   Merge Heap Roots: 0.57ms
[5027.720s][info][gc,phases      ] GC(558)   Evacuate Collection Set: 158.92ms
[5027.720s][info][gc,phases      ] GC(558)   Post Evacuate Collection Set: 1.11ms
[5027.720s][info][gc,phases      ] GC(558)   Other: 0.07ms
[5027.720s][info][gc,heap        ] GC(558) Eden regions: 605->0(594)
[5027.720s][info][gc,heap        ] GC(558) Survivor regions: 44->46(82)
[5027.720s][info][gc,heap        ] GC(558) Old regions: 490->497
[5027.720s][info][gc,heap        ] GC(558) Humongous regions: 33->33
[5027.720s][info][gc,metaspace   ] GC(558) Metaspace: 30077K(30528K)->30077K(30528K) NonClass: 24663K(24896K)->24663K(24896K) Class: 5413K(5632K)->5413K(5632K)
[5027.720s][info][gc             ] GC(558) Pause Young (Normal) (G1 Evacuation Pause) 9344M->4574M(10240M) 161.081ms
[5027.720s][info][gc,cpu         ] GC(558) User=1.27s Sys=0.00s Real=0.16s
.....[5032.663s][info][gc,start       ] GC(559) Pause Young (Normal) (G1 Evacuation Pause)
[5032.663s][info][gc,task        ] GC(559) Using 8 workers of 8 for evacuation
[5032.816s][info][gc,phases      ] GC(559)   Pre Evacuate Collection Set: 0.30ms
[5032.816s][info][gc,phases      ] GC(559)   Merge Heap Roots: 0.53ms
[5032.816s][info][gc,phases      ] GC(559)   Evacuate Collection Set: 150.50ms
[5032.816s][info][gc,phases      ] GC(559)   Post Evacuate Collection Set: 1.11ms
[5032.816s][info][gc,phases      ] GC(559)   Other: 0.07ms
[5032.816s][info][gc,heap        ] GC(559) Eden regions: 594->0(593)
[5032.816s][info][gc,heap        ] GC(559) Survivor regions: 46->43(80)
[5032.816s][info][gc,heap        ] GC(559) Old regions: 497->504
[5032.816s][info][gc,heap        ] GC(559) Humongous regions: 33->33
[5032.816s][info][gc,metaspace   ] GC(559) Metaspace: 30077K(30528K)->30077K(30528K) NonClass: 24663K(24896K)->24663K(24896K) Class: 5413K(5632K)->5413K(5632K)
[5032.816s][info][gc             ] GC(559) Pause Young (Normal) (G1 Evacuation Pause) 9326M->4611M(10240M) 152.653ms
[5032.816s][info][gc,cpu         ] GC(559) User=1.20s Sys=0.00s Real=0.16s
..... (rIR:aIR:PR = 7887:7924:7925) (tPR = 117522) [OK] 
  5037s: Performance info:
         Transaction,    Success,    Partial,     Failed,   Receipts, AvgBarcode, 
             Overall,     477141,          0,          0,     453245,      59.48, 
         Response times:
             Request,    Success,    Partial,     Failed,   SkipFail,     Probes,    Samples,      min,      p50,      p90,      p95,      p99,      max, 
       TotalPurchase,     453225,          0,          0,          0,     358749,     385575,      400,     5600,    12100,    27000,    80000,   570000,
     InStorePurchase,     240222,          0,          0,          0,     188514,     202191,      400,     5600,    12000,    25000,    80000,   567000,
      OnlinePurchase,     165368,          0,          0,          0,     132506,     142443,      400,     5600,    12100,    29000,    79000,   570000,
        InstPurchase,      47635,          0,          0,          0,      37729,      40941,      500,     5900,    12100,    32000,    82000,   527000,
          AssocOfCat,        472,          0,          0,          0,        381,        517,    24000,    41000,    65200,    92200,   204640,   225000,
      AssocOfProduct,       4740,          0,          0,          0,       4363,       4896,      800,     5800,    11600,    38000,    87000,   195000,
      BusinessReport,       1194,          0,          0,          0,       1043,       1237,    29000,    50000,    71000,   107100,   220240,   560000,
          CustBuyBeh,       4763,          0,          0,          0,       4482,       5021,      400,     5900,    12000,    30900,    81780,   387000,
       ProductReturn,      12710,          0,          0,          0,       9685,      10749,      300,     5800,    11800,    30000,    80000,   295000,

  5037s: (58%)   IR =   8025 [5037.645s][info][gc,start       ] GC(560) Pause Young (Normal) (G1 Evacuation Pause)
[5037.645s][info][gc,task        ] GC(560) Using 8 workers of 8 for evacuation
[5037.801s][info][gc,phases      ] GC(560)   Pre Evacuate Collection Set: 0.29ms
[5037.801s][info][gc,phases      ] GC(560)   Merge Heap Roots: 0.54ms
[5037.801s][info][gc,phases      ] GC(560)   Evacuate Collection Set: 153.60ms
[5037.801s][info][gc,phases      ] GC(560)   Post Evacuate Collection Set: 1.12ms
[5037.801s][info][gc,phases      ] GC(560)   Other: 0.08ms
[5037.801s][info][gc,heap        ] GC(560) Eden regions: 593->0(585)
[5037.801s][info][gc,heap        ] GC(560) Survivor regions: 43->43(80)
[5037.801s][info][gc,heap        ] GC(560) Old regions: 504->512
[5037.801s][info][gc,heap        ] GC(560) Humongous regions: 33->33
[5037.801s][info][gc,metaspace   ] GC(560) Metaspace: 30077K(30528K)->30077K(30528K) NonClass: 24663K(24896K)->24663K(24896K) Class: 5413K(5632K)->5413K(5632K)
[5037.801s][info][gc             ] GC(560) Pause Young (Normal) (G1 Evacuation Pause) 9355M->4670M(10240M) 155.764ms
[5037.801s][info][gc,cpu         ] GC(560) User=1.22s Sys=0.01s Real=0.16s
.....[5042.527s][info][gc,start       ] GC(561) Pause Young (Normal) (G1 Evacuation Pause)
[5042.527s][info][gc,task        ] GC(561) Using 8 workers of 8 for evacuation
[5042.683s][info][gc,phases      ] GC(561)   Pre Evacuate Collection Set: 0.32ms
[5042.683s][info][gc,phases      ] GC(561)   Merge Heap Roots: 0.54ms
[5042.683s][info][gc,phases      ] GC(561)   Evacuate Collection Set: 154.69ms
[5042.683s][info][gc,phases      ] GC(561)   Post Evacuate Collection Set: 1.15ms
[5042.683s][info][gc,phases      ] GC(561)   Other: 0.09ms
[5042.683s][info][gc,heap        ] GC(561) Eden regions: 585->0(578)
[5042.683s][info][gc,heap        ] GC(561) Survivor regions: 43->43(79)
[5042.683s][info][gc,heap        ] GC(561) Old regions: 512->519
[5042.683s][info][gc,heap        ] GC(561) Humongous regions: 33->33
[5042.683s][info][gc,metaspace   ] GC(561) Metaspace: 30077K(30528K)->30077K(30528K) NonClass: 24663K(24896K)->24663K(24896K) Class: 5413K(5632K)->5413K(5632K)
[5042.683s][info][gc             ] GC(561) Pause Young (Normal) (G1 Evacuation Pause) 9350M->4727M(10240M) 156.921ms
[5042.684s][info][gc,cpu         ] GC(561) User=1.24s Sys=0.00s Real=0.15s
...|..[5047.412s][info][gc,start       ] GC(562) Pause Young (Normal) (G1 Evacuation Pause)
[5047.412s][info][gc,task        ] GC(562) Using 8 workers of 8 for evacuation
[5047.569s][info][gc,phases      ] GC(562)   Pre Evacuate Collection Set: 0.27ms
[5047.569s][info][gc,phases      ] GC(562)   Merge Heap Roots: 0.54ms
[5047.569s][info][gc,phases      ] GC(562)   Evacuate Collection Set: 155.25ms
[5047.569s][info][gc,phases      ] GC(562)   Post Evacuate Collection Set: 1.10ms
[5047.569s][info][gc,phases      ] GC(562)   Other: 0.08ms
[5047.569s][info][gc,heap        ] GC(562) Eden regions: 578->0(569)
[5047.569s][info][gc,heap        ] GC(562) Survivor regions: 43->44(78)
[5047.569s][info][gc,heap        ] GC(562) Old regions: 519->526
[5047.569s][info][gc,heap        ] GC(562) Humongous regions: 33->33
[5047.569s][info][gc,metaspace   ] GC(562) Metaspace: 30077K(30528K)->30077K(30528K) NonClass: 24663K(24896K)->24663K(24896K) Class: 5413K(5632K)->5413K(5632K)
[5047.569s][info][gc             ] GC(562) Pause Young (Normal) (G1 Evacuation Pause) 9351M->4787M(10240M) 157.376ms
[5047.569s][info][gc,cpu         ] GC(562) User=1.24s Sys=0.00s Real=0.16s
....[5052.151s][info][gc,start       ] GC(563) Pause Young (Normal) (G1 Evacuation Pause)
[5052.151s][info][gc,task        ] GC(563) Using 8 workers of 8 for evacuation
[5052.304s][info][gc,phases      ] GC(563)   Pre Evacuate Collection Set: 0.29ms
[5052.304s][info][gc,phases      ] GC(563)   Merge Heap Roots: 0.53ms
[5052.304s][info][gc,phases      ] GC(563)   Evacuate Collection Set: 151.57ms
[5052.304s][info][gc,phases      ] GC(563)   Post Evacuate Collection Set: 1.08ms
[5052.304s][info][gc,phases      ] GC(563)   Other: 0.07ms
[5052.304s][info][gc,heap        ] GC(563) Eden regions: 569->0(564)
[5052.304s][info][gc,heap        ] GC(563) Survivor regions: 44->43(77)
[5052.304s][info][gc,heap        ] GC(563) Old regions: 526->533
[5052.304s][info][gc,heap        ] GC(563) Humongous regions: 33->33
[5052.304s][info][gc,metaspace   ] GC(563) Metaspace: 30077K(30528K)->30077K(30528K) NonClass: 24663K(24896K)->24663K(24896K) Class: 5413K(5632K)->5413K(5632K)
[5052.304s][info][gc             ] GC(563) Pause Young (Normal) (G1 Evacuation Pause) 9339M->4841M(10240M) 153.690ms
[5052.304s][info][gc,cpu         ] GC(563) User=1.21s Sys=0.00s Real=0.15s
.....[5056.891s][info][gc,start       ] GC(564) Pause Young (Normal) (G1 Evacuation Pause)
[5056.891s][info][gc,task        ] GC(564) Using 8 workers of 8 for evacuation
[5057.044s][info][gc,phases      ] GC(564)   Pre Evacuate Collection Set: 0.29ms
[5057.044s][info][gc,phases      ] GC(564)   Merge Heap Roots: 0.50ms
[5057.044s][info][gc,phases      ] GC(564)   Evacuate Collection Set: 150.77ms
[5057.044s][info][gc,phases      ] GC(564)   Post Evacuate Collection Set: 1.05ms
[5057.044s][info][gc,phases      ] GC(564)   Other: 0.06ms
[5057.044s][info][gc,heap        ] GC(564) Eden regions: 564->0(556)
[5057.044s][info][gc,heap        ] GC(564) Survivor regions: 43->43(76)
[5057.044s][info][gc,heap        ] GC(564) Old regions: 533->541
[5057.044s][info][gc,heap        ] GC(564) Humongous regions: 33->33
[5057.044s][info][gc,metaspace   ] GC(564) Metaspace: 30077K(30528K)->30077K(30528K) NonClass: 24663K(24896K)->24663K(24896K) Class: 5413K(5632K)->5413K(5632K)
[5057.044s][info][gc             ] GC(564) Pause Young (Normal) (G1 Evacuation Pause) 9353M->4897M(10240M) 152.825ms
[5057.044s][info][gc,cpu         ] GC(564) User=1.21s Sys=0.00s Real=0.15s
.....[5061.566s][info][gc,start       ] GC(565) Pause Young (Normal) (G1 Evacuation Pause)
[5061.566s][info][gc,task        ] GC(565) Using 8 workers of 8 for evacuation
[5061.726s][info][gc,phases      ] GC(565)   Pre Evacuate Collection Set: 0.30ms
[5061.726s][info][gc,phases      ] GC(565)   Merge Heap Roots: 0.52ms
[5061.726s][info][gc,phases      ] GC(565)   Evacuate Collection Set: 157.34ms
[5061.726s][info][gc,phases      ] GC(565)   Post Evacuate Collection Set: 1.09ms
[5061.726s][info][gc,phases      ] GC(565)   Other: 0.06ms
[5061.726s][info][gc,heap        ] GC(565) Eden regions: 556->0(545)
[5061.726s][info][gc,heap        ] GC(565) Survivor regions: 43->45(75)
[5061.726s][info][gc,heap        ] GC(565) Old regions: 541->548
[5061.726s][info][gc,heap        ] GC(565) Humongous regions: 33->33
[5061.726s][info][gc,metaspace   ] GC(565) Metaspace: 30077K(30528K)->30077K(30528K) NonClass: 24663K(24896K)->24663K(24896K) Class: 5413K(5632K)->5413K(5632K)
[5061.726s][info][gc             ] GC(565) Pause Young (Normal) (G1 Evacuation Pause) 9345M->4973M(10240M) 159.449ms
[5061.726s][info][gc,cpu         ] GC(565) User=1.25s Sys=0.01s Real=0.16s
....[5066.106s][info][gc,start       ] GC(566) Pause Young (Concurrent Start) (G1 Evacuation Pause)
[5066.106s][info][gc,task        ] GC(566) Using 8 workers of 8 for evacuation
[5066.259s][info][gc,phases      ] GC(566)   Pre Evacuate Collection Set: 0.32ms
[5066.259s][info][gc,phases      ] GC(566)   Merge Heap Roots: 0.54ms
[5066.259s][info][gc,phases      ] GC(566)   Evacuate Collection Set: 151.32ms
[5066.259s][info][gc,phases      ] GC(566)   Post Evacuate Collection Set: 1.05ms
[5066.259s][info][gc,phases      ] GC(566)   Other: 0.10ms
[5066.259s][info][gc,heap        ] GC(566) Eden regions: 545->0(541)
[5066.259s][info][gc,heap        ] GC(566) Survivor regions: 45->43(74)
[5066.259s][info][gc,heap        ] GC(566) Old regions: 548->556
[5066.259s][info][gc,heap        ] GC(566) Humongous regions: 33->33
[5066.259s][info][gc,metaspace   ] GC(566) Metaspace: 30077K(30528K)->30077K(30528K) NonClass: 24663K(24896K)->24663K(24896K) Class: 5413K(5632K)->5413K(5632K)
[5066.259s][info][gc             ] GC(566) Pause Young (Concurrent Start) (G1 Evacuation Pause) 9333M->5018M(10240M) 153.460ms
[5066.259s][info][gc             ] GC(567) Concurrent Mark Cycle
[5066.259s][info][gc,marking     ] GC(567) Concurrent Scan Root Regions
[5066.259s][info][gc,cpu         ] GC(566) User=1.20s Sys=0.00s Real=0.15s
.[5066.509s][info][gc,marking     ] GC(567) Concurrent Scan Root Regions 249.654ms
[5066.509s][info][gc,marking     ] GC(567) Concurrent Mark
[5066.509s][info][gc,marking     ] GC(567) Concurrent Mark From Roots
[5066.509s][info][gc,task        ] GC(567) Using 2 workers of 2 for marking
.[5067.502s][info][gc,marking     ] GC(567) Concurrent Mark From Roots 993.120ms
[5067.502s][info][gc,marking     ] GC(567) Concurrent Preclean
[5067.503s][info][gc,marking     ] GC(567) Concurrent Preclean 0.490ms
[5067.503s][info][gc,start       ] GC(567) Pause Remark
[5067.505s][info][gc             ] GC(567) Pause Remark 6322M->5426M(10240M) 2.114ms
[5067.505s][info][gc,cpu         ] GC(567) User=0.01s Sys=0.01s Real=0.00s
[5067.505s][info][gc,marking     ] GC(567) Concurrent Mark 996.068ms
[5067.505s][info][gc,marking     ] GC(567) Concurrent Rebuild Remembered Sets and Scrub Regions
[5068.015s][info][gc,marking     ] GC(567) Concurrent Rebuild Remembered Sets and Scrub Regions 510.349ms
[5068.016s][info][gc,start       ] GC(567) Pause Cleanup
[5068.016s][info][gc             ] GC(567) Pause Cleanup 5903M->5903M(10240M) 0.378ms
[5068.016s][info][gc,cpu         ] GC(567) User=0.00s Sys=0.00s Real=0.01s
[5068.016s][info][gc,marking     ] GC(567) Concurrent Clear Claimed Marks
[5068.016s][info][gc,marking     ] GC(567) Concurrent Clear Claimed Marks 0.052ms
[5068.016s][info][gc,marking     ] GC(567) Concurrent Cleanup for Next Mark
[5068.030s][info][gc,marking     ] GC(567) Concurrent Cleanup for Next Mark 14.133ms
[5068.030s][info][gc             ] GC(567) Concurrent Mark Cycle 1771.116ms
...[5070.680s][info][gc,start       ] GC(568) Pause Young (Prepare Mixed) (G1 Evacuation Pause)
[5070.680s][info][gc,task        ] GC(568) Using 8 workers of 8 for evacuation
[5070.833s][info][gc,phases      ] GC(568)   Pre Evacuate Collection Set: 0.27ms
[5070.833s][info][gc,phases      ] GC(568)   Merge Heap Roots: 0.69ms
[5070.833s][info][gc,phases      ] GC(568)   Evacuate Collection Set: 150.35ms
[5070.833s][info][gc,phases      ] GC(568)   Post Evacuate Collection Set: 1.21ms
[5070.833s][info][gc,phases      ] GC(568)   Other: 0.08ms
[5070.833s][info][gc,heap        ] GC(568) Eden regions: 541->0(648)
[5070.833s][info][gc,heap        ] GC(568) Survivor regions: 43->42(73)
[5070.833s][info][gc,heap        ] GC(568) Old regions: 444->451
[5070.833s][info][gc,heap        ] GC(568) Humongous regions: 33->33
[5070.833s][info][gc,metaspace   ] GC(568) Metaspace: 30077K(30528K)->30077K(30528K) NonClass: 24663K(24896K)->24663K(24896K) Class: 5413K(5632K)->5413K(5632K)
[5070.833s][info][gc             ] GC(568) Pause Young (Prepare Mixed) (G1 Evacuation Pause) 8450M->4179M(10240M) 152.726ms
[5070.833s][info][gc,cpu         ] GC(568) User=1.20s Sys=0.00s Real=0.15s
.....[5076.037s][info][gc,start       ] GC(569) Pause Young (Mixed) (G1 Evacuation Pause)
[5076.037s][info][gc,task        ] GC(569) Using 8 workers of 8 for evacuation
[5076.199s][info][gc,phases      ] GC(569)   Pre Evacuate Collection Set: 0.34ms
[5076.199s][info][gc,phases      ] GC(569)   Merge Heap Roots: 0.66ms
[5076.199s][info][gc,phases      ] GC(569)   Evacuate Collection Set: 159.56ms
[5076.199s][info][gc,phases      ] GC(569)   Post Evacuate Collection Set: 1.47ms
[5076.199s][info][gc,phases      ] GC(569)   Other: 0.08ms
[5076.199s][info][gc,heap        ] GC(569) Eden regions: 648->0(656)
[5076.199s][info][gc,heap        ] GC(569) Survivor regions: 42->51(87)
[5076.199s][info][gc,heap        ] GC(569) Old regions: 451->324
[5076.199s][info][gc,heap        ] GC(569) Humongous regions: 33->33
[5076.199s][info][gc,metaspace   ] GC(569) Metaspace: 30077K(30528K)->30077K(30528K) NonClass: 24663K(24896K)->24663K(24896K) Class: 5413K(5632K)->5413K(5632K)
[5076.199s][info][gc             ] GC(569) Pause Young (Mixed) (G1 Evacuation Pause) 9363M->3230M(10240M) 162.249ms
[5076.199s][info][gc,cpu         ] GC(569) User=1.27s Sys=0.00s Real=0.16s
......[5081.575s][info][gc,start       ] GC(570) Pause Young (Mixed) (G1 Evacuation Pause)
[5081.575s][info][gc,task        ] GC(570) Using 8 workers of 8 for evacuation
[5081.749s][info][gc,phases      ] GC(570)   Pre Evacuate Collection Set: 0.31ms
[5081.749s][info][gc,phases      ] GC(570)   Merge Heap Roots: 0.68ms
[5081.749s][info][gc,phases      ] GC(570)   Evacuate Collection Set: 172.41ms
[5081.749s][info][gc,phases      ] GC(570)   Post Evacuate Collection Set: 1.35ms
[5081.749s][info][gc,phases      ] GC(570)   Other: 0.08ms
[5081.749s][info][gc,heap        ] GC(570) Eden regions: 652->0(636)
[5081.750s][info][gc,heap        ] GC(570) Survivor regions: 51->52(88)
[5081.750s][info][gc,heap        ] GC(570) Old regions: 324->289
[5081.750s][info][gc,heap        ] GC(570) Humongous regions: 33->33
[5081.750s][info][gc,metaspace   ] GC(570) Metaspace: 30077K(30528K)->30077K(30528K) NonClass: 24663K(24896K)->24663K(24896K) Class: 5413K(5632K)->5413K(5632K)
[5081.750s][info][gc             ] GC(570) Pause Young (Mixed) (G1 Evacuation Pause) 8446M->2957M(10240M) 174.967ms
[5081.750s][info][gc,cpu         ] GC(570) User=1.37s Sys=0.00s Real=0.18s
.....[5086.923s][info][gc,start       ] GC(571) Pause Young (Mixed) (G1 Evacuation Pause)
[5086.923s][info][gc,task        ] GC(571) Using 8 workers of 8 for evacuation
[5087.095s][info][gc,phases      ] GC(571)   Pre Evacuate Collection Set: 0.31ms
[5087.095s][info][gc,phases      ] GC(571)   Merge Heap Roots: 0.63ms
[5087.095s][info][gc,phases      ] GC(571)   Evacuate Collection Set: 169.35ms
[5087.095s][info][gc,phases      ] GC(571)   Post Evacuate Collection Set: 1.32ms
[5087.095s][info][gc,phases      ] GC(571)   Other: 0.09ms
[5087.095s][info][gc,heap        ] GC(571) Eden regions: 633->0(722)
[5087.095s][info][gc,heap        ] GC(571) Survivor regions: 52->46(86)
[5087.095s][info][gc,heap        ] GC(571) Old regions: 289->259
[5087.095s][info][gc,heap        ] GC(571) Humongous regions: 33->33
[5087.095s][info][gc,metaspace   ] GC(571) Metaspace: 30077K(30528K)->30077K(30528K) NonClass: 24663K(24896K)->24663K(24896K) Class: 5413K(5632K)->5413K(5632K)
[5087.095s][info][gc             ] GC(571) Pause Young (Mixed) (G1 Evacuation Pause) 8021M->2668M(10240M) 171.820ms
[5087.095s][info][gc,cpu         ] GC(571) User=1.35s Sys=0.01s Real=0.17s
......[5093.013s][info][gc,start       ] GC(572) Pause Young (Mixed) (G1 Evacuation Pause)
[5093.013s][info][gc,task        ] GC(572) Using 8 workers of 8 for evacuation
[5093.176s][info][gc,phases      ] GC(572)   Pre Evacuate Collection Set: 0.29ms
[5093.176s][info][gc,phases      ] GC(572)   Merge Heap Roots: 0.72ms
[5093.176s][info][gc,phases      ] GC(572)   Evacuate Collection Set: 160.07ms
[5093.176s][info][gc,phases      ] GC(572)   Merge Optional Heap Roots: 0.07ms
[5093.176s][info][gc,phases      ] GC(572)   Evacuate Optional Collection Set: 0.84ms
[5093.177s][info][gc,phases      ] GC(572)   Post Evacuate Collection Set: 1.47ms
[5093.177s][info][gc,phases      ] GC(572)   Other: 0.10ms
[5093.177s][info][gc,heap        ] GC(572) Eden regions: 722->0(636)
[5093.177s][info][gc,heap        ] GC(572) Survivor regions: 46->52(96)
[5093.177s][info][gc,heap        ] GC(572) Old regions: 259->204
[5093.177s][info][gc,heap        ] GC(572) Humongous regions: 33->33
[5093.177s][info][gc,metaspace   ] GC(572) Metaspace: 30077K(30528K)->30077K(30528K) NonClass: 24663K(24896K)->24663K(24896K) Class: 5413K(5632K)->5413K(5632K)
[5093.177s][info][gc             ] GC(572) Pause Young (Mixed) (G1 Evacuation Pause) 8444M->2276M(10240M) 163.706ms
[5093.177s][info][gc,cpu         ] GC(572) User=1.29s Sys=0.00s Real=0.17s
.....[5098.263s][info][gc,start       ] GC(573) Pause Young (Mixed) (G1 Evacuation Pause)
[5098.263s][info][gc,task        ] GC(573) Using 8 workers of 8 for evacuation
[5098.436s][info][gc,phases      ] GC(573)   Pre Evacuate Collection Set: 0.32ms
[5098.436s][info][gc,phases      ] GC(573)   Merge Heap Roots: 0.75ms
[5098.436s][info][gc,phases      ] GC(573)   Evacuate Collection Set: 170.78ms
[5098.436s][info][gc,phases      ] GC(573)   Post Evacuate Collection Set: 1.23ms
[5098.436s][info][gc,phases      ] GC(573)   Other: 0.07ms
[5098.436s][info][gc,heap        ] GC(573) Eden regions: 636->0(721)
[5098.436s][info][gc,heap        ] GC(573) Survivor regions: 52->47(86)
[5098.436s][info][gc,heap        ] GC(573) Old regions: 204->174
[5098.436s][info][gc,heap        ] GC(573) Humongous regions: 33->33
[5098.436s][info][gc,metaspace   ] GC(573) Metaspace: 30077K(30528K)->30077K(30528K) NonClass: 24663K(24896K)->24663K(24896K) Class: 5413K(5632K)->5413K(5632K)
[5098.436s][info][gc             ] GC(573) Pause Young (Mixed) (G1 Evacuation Pause) 7364M->1999M(10240M) 173.284ms
[5098.436s][info][gc,cpu         ] GC(573) User=1.36s Sys=0.00s Real=0.18s
......[5104.261s][info][gc,start       ] GC(574) Pause Young (Mixed) (G1 Evacuation Pause)
[5104.261s][info][gc,task        ] GC(574) Using 8 workers of 8 for evacuation
[5104.429s][info][gc,phases      ] GC(574)   Pre Evacuate Collection Set: 0.27ms
[5104.429s][info][gc,phases      ] GC(574)   Merge Heap Roots: 0.61ms
[5104.429s][info][gc,phases      ] GC(574)   Evacuate Collection Set: 165.82ms
[5104.429s][info][gc,phases      ] GC(574)   Post Evacuate Collection Set: 1.26ms
[5104.429s][info][gc,phases      ] GC(574)   Other: 0.07ms
[5104.429s][info][gc,heap        ] GC(574) Eden regions: 721->0(716)
[5104.429s][info][gc,heap        ] GC(574) Survivor regions: 47->52(96)
[5104.429s][info][gc,heap        ] GC(574) Old regions: 174->165
[5104.429s][info][gc,heap        ] GC(574) Humongous regions: 33->33
[5104.429s][info][gc,metaspace   ] GC(574) Metaspace: 30077K(30528K)->30077K(30528K) NonClass: 24663K(24896K)->24663K(24896K) Class: 5413K(5632K)->5413K(5632K)
[5104.429s][info][gc             ] GC(574) Pause Young (Mixed) (G1 Evacuation Pause) 7767M->1969M(10240M) 168.164ms
[5104.429s][info][gc,cpu         ] GC(574) User=1.33s Sys=0.00s Real=0.17s
.. (rIR:aIR:PR = 8025:8048:8048) (tPR = 119214) [OK] 
  5105s: Performance info:
         Transaction,    Success,    Partial,     Failed,   Receipts, AvgBarcode, 
             Overall,     484464,          0,          0,     460217,      59.48, 
         Response times:
             Request,    Success,    Partial,     Failed,   SkipFail,     Probes,    Samples,      min,      p50,      p90,      p95,      p99,      max, 
       TotalPurchase,     460217,          0,          0,          0,     356094,     410180,      300,     5600,    12300,    23000,    85000,   620000,
     InStorePurchase,     242418,          0,          0,          0,     187430,     216113,      300,     5600,    12300,    23000,    83000,   620000,
      OnlinePurchase,     169637,          0,          0,          0,     131288,     150943,      400,     5600,    12200,    23000,    90000,   620000,
        InstPurchase,      48162,          0,          0,          0,      37376,      43124,      500,     5900,    12500,    25000,    86000,   450000,
          AssocOfCat,        485,          0,          0,          0,        409,        543,    28000,    44000,    72000,   101000,   202000,   234000,
      AssocOfProduct,       4884,          0,          0,          0,       3413,       4103,      700,     6300,    12700,    22000,    87000,   199000,
      BusinessReport,       1204,          0,          0,          0,       1078,       1364,    30000,    53000,    78000,   103000,   219350,   257000,
          CustBuyBeh,       4821,          0,          0,          0,       3384,       4049,      200,     5300,    11800,    24000,    87500,   371000,
       ProductReturn,      12853,          0,          0,          0,       9952,      11557,      300,     5800,    12500,    24100,    84000,   226000,

  5105s: (59%)   IR =   8164 ....[5110.237s][info][gc,start       ] GC(575) Pause Young (Normal) (G1 Evacuation Pause)
[5110.237s][info][gc,task        ] GC(575) Using 8 workers of 8 for evacuation
[5110.410s][info][gc,phases      ] GC(575)   Pre Evacuate Collection Set: 0.28ms
[5110.410s][info][gc,phases      ] GC(575)   Merge Heap Roots: 0.53ms
[5110.410s][info][gc,phases      ] GC(575)   Evacuate Collection Set: 170.96ms
[5110.410s][info][gc,phases      ] GC(575)   Post Evacuate Collection Set: 1.25ms
[5110.410s][info][gc,phases      ] GC(575)   Other: 0.07ms
[5110.410s][info][gc,heap        ] GC(575) Eden regions: 716->0(715)
[5110.410s][info][gc,heap        ] GC(575) Survivor regions: 52->53(96)
[5110.410s][info][gc,heap        ] GC(575) Old regions: 165->168
[5110.410s][info][gc,heap        ] GC(575) Humongous regions: 33->33
[5110.410s][info][gc,metaspace   ] GC(575) Metaspace: 30077K(30528K)->30077K(30528K) NonClass: 24663K(24896K)->24663K(24896K) Class: 5413K(5632K)->5413K(5632K)
[5110.410s][info][gc             ] GC(575) Pause Young (Normal) (G1 Evacuation Pause) 7697M->1999M(10240M) 173.222ms
[5110.410s][info][gc,cpu         ] GC(575) User=1.36s Sys=0.00s Real=0.17s
....|..[5116.040s][info][gc,start       ] GC(576) Pause Young (Normal) (G1 Evacuation Pause)
[5116.040s][info][gc,task        ] GC(576) Using 8 workers of 8 for evacuation
[5116.208s][info][gc,phases      ] GC(576)   Pre Evacuate Collection Set: 0.30ms
[5116.208s][info][gc,phases      ] GC(576)   Merge Heap Roots: 0.50ms
[5116.208s][info][gc,phases      ] GC(576)   Evacuate Collection Set: 166.35ms
[5116.208s][info][gc,phases      ] GC(576)   Post Evacuate Collection Set: 1.30ms
[5116.208s][info][gc,phases      ] GC(576)   Other: 0.06ms
[5116.208s][info][gc,heap        ] GC(576) Eden regions: 715->0(716)
[5116.208s][info][gc,heap        ] GC(576) Survivor regions: 53->52(96)
[5116.208s][info][gc,heap        ] GC(576) Old regions: 168->170
[5116.208s][info][gc,heap        ] GC(576) Humongous regions: 33->33
[5116.208s][info][gc,metaspace   ] GC(576) Metaspace: 30077K(30528K)->30077K(30528K) NonClass: 24663K(24896K)->24663K(24896K) Class: 5413K(5632K)->5413K(5632K)
[5116.208s][info][gc             ] GC(576) Pause Young (Normal) (G1 Evacuation Pause) 7719M->2011M(10240M) 168.654ms
[5116.208s][info][gc,cpu         ] GC(576) User=1.33s Sys=0.00s Real=0.17s
......[5121.996s][info][gc,start       ] GC(577) Pause Young (Normal) (G1 Evacuation Pause)
[5121.996s][info][gc,task        ] GC(577) Using 8 workers of 8 for evacuation
[5122.164s][info][gc,phases      ] GC(577)   Pre Evacuate Collection Set: 0.27ms
[5122.164s][info][gc,phases      ] GC(577)   Merge Heap Roots: 0.58ms
[5122.164s][info][gc,phases      ] GC(577)   Evacuate Collection Set: 165.58ms
[5122.164s][info][gc,phases      ] GC(577)   Post Evacuate Collection Set: 1.27ms
[5122.164s][info][gc,phases      ] GC(577)   Other: 0.06ms
[5122.164s][info][gc,heap        ] GC(577) Eden regions: 716->0(716)
[5122.164s][info][gc,heap        ] GC(577) Survivor regions: 52->52(96)
[5122.164s][info][gc,heap        ] GC(577) Old regions: 170->173
[5122.164s][info][gc,heap        ] GC(577) Humongous regions: 33->33
[5122.164s][info][gc,metaspace   ] GC(577) Metaspace: 30077K(30528K)->30077K(30528K) NonClass: 24663K(24896K)->24663K(24896K) Class: 5413K(5632K)->5413K(5632K)
[5122.164s][info][gc             ] GC(577) Pause Young (Normal) (G1 Evacuation Pause) 7739M->2033M(10240M) 167.916ms
[5122.164s][info][gc,cpu         ] GC(577) User=1.33s Sys=0.00s Real=0.16s
......[5127.912s][info][gc,start       ] GC(578) Pause Young (Normal) (G1 Evacuation Pause)
[5127.912s][info][gc,task        ] GC(578) Using 8 workers of 8 for evacuation
[5128.080s][info][gc,phases      ] GC(578)   Pre Evacuate Collection Set: 0.32ms
[5128.080s][info][gc,phases      ] GC(578)   Merge Heap Roots: 0.50ms
[5128.080s][info][gc,phases      ] GC(578)   Evacuate Collection Set: 165.37ms
[5128.080s][info][gc,phases      ] GC(578)   Post Evacuate Collection Set: 1.27ms
[5128.080s][info][gc,phases      ] GC(578)   Other: 0.09ms
[5128.080s][info][gc,heap        ] GC(578) Eden regions: 716->0(717)
[5128.080s][info][gc,heap        ] GC(578) Survivor regions: 52->51(96)
[5128.080s][info][gc,heap        ] GC(578) Old regions: 173->176
[5128.080s][info][gc,heap        ] GC(578) Humongous regions: 33->33
[5128.080s][info][gc,metaspace   ] GC(578) Metaspace: 30077K(30528K)->30077K(30528K) NonClass: 24663K(24896K)->24663K(24896K) Class: 5413K(5632K)->5413K(5632K)
[5128.080s][info][gc             ] GC(578) Pause Young (Normal) (G1 Evacuation Pause) 7761M->2046M(10240M) 167.700ms
[5128.080s][info][gc,cpu         ] GC(578) User=1.32s Sys=0.00s Real=0.17s
......[5133.844s][info][gc,start       ] GC(579) Pause Young (Normal) (G1 Evacuation Pause)
[5133.844s][info][gc,task        ] GC(579) Using 8 workers of 8 for evacuation
[5134.018s][info][gc,phases      ] GC(579)   Pre Evacuate Collection Set: 0.27ms
[5134.018s][info][gc,phases      ] GC(579)   Merge Heap Roots: 0.55ms
[5134.018s][info][gc,phases      ] GC(579)   Evacuate Collection Set: 171.46ms
[5134.018s][info][gc,phases      ] GC(579)   Post Evacuate Collection Set: 1.24ms
[5134.018s][info][gc,phases      ] GC(579)   Other: 0.06ms
[5134.018s][info][gc,heap        ] GC(579) Eden regions: 717->0(714)
[5134.018s][info][gc,heap        ] GC(579) Survivor regions: 51->54(96)
[5134.018s][info][gc,heap        ] GC(579) Old regions: 176->178
[5134.018s][info][gc,heap        ] GC(579) Humongous regions: 33->33
[5134.018s][info][gc,metaspace   ] GC(579) Metaspace: 30077K(30528K)->30077K(30528K) NonClass: 24663K(24896K)->24663K(24896K) Class: 5413K(5632K)->5413K(5632K)
[5134.018s][info][gc             ] GC(579) Pause Young (Normal) (G1 Evacuation Pause) 7782M->2087M(10240M) 173.719ms
[5134.018s][info][gc,cpu         ] GC(579) User=1.37s Sys=0.00s Real=0.18s
......[5139.764s][info][gc,start       ] GC(580) Pause Young (Normal) (G1 Evacuation Pause)
[5139.764s][info][gc,task        ] GC(580) Using 8 workers of 8 for evacuation
[5139.931s][info][gc,phases      ] GC(580)   Pre Evacuate Collection Set: 0.30ms
[5139.931s][info][gc,phases      ] GC(580)   Merge Heap Roots: 0.53ms
[5139.931s][info][gc,phases      ] GC(580)   Evacuate Collection Set: 164.60ms
[5139.931s][info][gc,phases      ] GC(580)   Post Evacuate Collection Set: 1.28ms
[5139.931s][info][gc,phases      ] GC(580)   Other: 0.08ms
[5139.931s][info][gc,heap        ] GC(580) Eden regions: 714->0(716)
[5139.931s][info][gc,heap        ] GC(580) Survivor regions: 54->52(96)
[5139.931s][info][gc,heap        ] GC(580) Old regions: 178->181
[5139.931s][info][gc,heap        ] GC(580) Humongous regions: 33->33
[5139.931s][info][gc,metaspace   ] GC(580) Metaspace: 30077K(30528K)->30077K(30528K) NonClass: 24663K(24896K)->24663K(24896K) Class: 5413K(5632K)->5413K(5632K)
[5139.931s][info][gc             ] GC(580) Pause Young (Normal) (G1 Evacuation Pause) 7799M->2093M(10240M) 166.909ms
[5139.931s][info][gc,cpu         ] GC(580) User=1.31s Sys=0.00s Real=0.17s
......[5145.711s][info][gc,start       ] GC(581) Pause Young (Normal) (G1 Evacuation Pause)
[5145.711s][info][gc,task        ] GC(581) Using 8 workers of 8 for evacuation
[5145.884s][info][gc,phases      ] GC(581)   Pre Evacuate Collection Set: 0.29ms
[5145.884s][info][gc,phases      ] GC(581)   Merge Heap Roots: 0.58ms
[5145.884s][info][gc,phases      ] GC(581)   Evacuate Collection Set: 170.70ms
[5145.884s][info][gc,phases      ] GC(581)   Post Evacuate Collection Set: 1.26ms
[5145.884s][info][gc,phases      ] GC(581)   Other: 0.07ms
[5145.884s][info][gc,heap        ] GC(581) Eden regions: 716->0(714)
[5145.884s][info][gc,heap        ] GC(581) Survivor regions: 52->54(96)
[5145.884s][info][gc,heap        ] GC(581) Old regions: 181->184
[5145.884s][info][gc,heap        ] GC(581) Humongous regions: 33->33
[5145.884s][info][gc,metaspace   ] GC(581) Metaspace: 30077K(30528K)->30077K(30528K) NonClass: 24663K(24896K)->24663K(24896K) Class: 5413K(5632K)->5413K(5632K)
[5145.884s][info][gc             ] GC(581) Pause Young (Normal) (G1 Evacuation Pause) 7821M->2130M(10240M) 173.043ms
[5145.884s][info][gc,cpu         ] GC(581) User=1.36s Sys=0.00s Real=0.17s
.....[5151.510s][info][gc,start       ] GC(582) Pause Young (Normal) (G1 Evacuation Pause)
[5151.510s][info][gc,task        ] GC(582) Using 8 workers of 8 for evacuation
[5151.681s][info][gc,phases      ] GC(582)   Pre Evacuate Collection Set: 0.30ms
[5151.681s][info][gc,phases      ] GC(582)   Merge Heap Roots: 0.53ms
[5151.681s][info][gc,phases      ] GC(582)   Evacuate Collection Set: 169.28ms
[5151.681s][info][gc,phases      ] GC(582)   Post Evacuate Collection Set: 1.31ms
[5151.681s][info][gc,phases      ] GC(582)   Other: 0.06ms
[5151.681s][info][gc,heap        ] GC(582) Eden regions: 714->0(715)
[5151.681s][info][gc,heap        ] GC(582) Survivor regions: 54->53(96)
[5151.681s][info][gc,heap        ] GC(582) Old regions: 184->186
[5151.681s][info][gc,heap        ] GC(582) Humongous regions: 33->33
[5151.681s][info][gc,metaspace   ] GC(582) Metaspace: 30077K(30528K)->30077K(30528K) NonClass: 24663K(24896K)->24663K(24896K) Class: 5413K(5632K)->5413K(5632K)
[5151.681s][info][gc             ] GC(582) Pause Young (Normal) (G1 Evacuation Pause) 7842M->2146M(10240M) 171.638ms
[5151.681s][info][gc,cpu         ] GC(582) User=1.35s Sys=0.00s Real=0.17s
......[5157.270s][info][gc,start       ] GC(583) Pause Young (Normal) (G1 Evacuation Pause)
[5157.270s][info][gc,task        ] GC(583) Using 8 workers of 8 for evacuation
[5157.438s][info][gc,phases      ] GC(583)   Pre Evacuate Collection Set: 0.28ms
[5157.438s][info][gc,phases      ] GC(583)   Merge Heap Roots: 0.50ms
[5157.438s][info][gc,phases      ] GC(583)   Evacuate Collection Set: 166.12ms
[5157.438s][info][gc,phases      ] GC(583)   Post Evacuate Collection Set: 1.26ms
[5157.438s][info][gc,phases      ] GC(583)   Other: 0.07ms
[5157.438s][info][gc,heap        ] GC(583) Eden regions: 715->0(716)
[5157.438s][info][gc,heap        ] GC(583) Survivor regions: 53->52(96)
[5157.438s][info][gc,heap        ] GC(583) Old regions: 186->189
[5157.438s][info][gc,heap        ] GC(583) Humongous regions: 33->33
[5157.438s][info][gc,metaspace   ] GC(583) Metaspace: 30077K(30528K)->30077K(30528K) NonClass: 24663K(24896K)->24663K(24896K) Class: 5413K(5632K)->5413K(5632K)
[5157.438s][info][gc             ] GC(583) Pause Young (Normal) (G1 Evacuation Pause) 7866M->2159M(10240M) 168.393ms
[5157.438s][info][gc,cpu         ] GC(583) User=1.32s Sys=0.00s Real=0.17s
......[5163.262s][info][gc,start       ] GC(584) Pause Young (Normal) (G1 Evacuation Pause)
[5163.263s][info][gc,task        ] GC(584) Using 8 workers of 8 for evacuation
[5163.432s][info][gc,phases      ] GC(584)   Pre Evacuate Collection Set: 0.30ms
[5163.432s][info][gc,phases      ] GC(584)   Merge Heap Roots: 0.55ms
[5163.432s][info][gc,phases      ] GC(584)   Evacuate Collection Set: 167.63ms
[5163.432s][info][gc,phases      ] GC(584)   Post Evacuate Collection Set: 1.29ms
[5163.432s][info][gc,phases      ] GC(584)   Other: 0.08ms
[5163.432s][info][gc,heap        ] GC(584) Eden regions: 716->0(715)
[5163.432s][info][gc,heap        ] GC(584) Survivor regions: 52->53(96)
[5163.432s][info][gc,heap        ] GC(584) Old regions: 189->192
[5163.432s][info][gc,heap        ] GC(584) Humongous regions: 33->33
[5163.432s][info][gc,metaspace   ] GC(584) Metaspace: 30077K(30528K)->30077K(30528K) NonClass: 24663K(24896K)->24663K(24896K) Class: 5413K(5632K)->5413K(5632K)
[5163.432s][info][gc             ] GC(584) Pause Young (Normal) (G1 Evacuation Pause) 7887M->2188M(10240M) 169.981ms
[5163.433s][info][gc,cpu         ] GC(584) User=1.34s Sys=0.00s Real=0.17s
......[5169.187s][info][gc,start       ] GC(585) Pause Young (Normal) (G1 Evacuation Pause)
[5169.187s][info][gc,task        ] GC(585) Using 8 workers of 8 for evacuation
[5169.358s][info][gc,phases      ] GC(585)   Pre Evacuate Collection Set: 0.30ms
[5169.358s][info][gc,phases      ] GC(585)   Merge Heap Roots: 0.54ms
[5169.358s][info][gc,phases      ] GC(585)   Evacuate Collection Set: 168.16ms
[5169.358s][info][gc,phases      ] GC(585)   Post Evacuate Collection Set: 1.30ms
[5169.358s][info][gc,phases      ] GC(585)   Other: 0.07ms
[5169.358s][info][gc,heap        ] GC(585) Eden regions: 715->0(715)
[5169.358s][info][gc,heap        ] GC(585) Survivor regions: 53->53(96)
[5169.358s][info][gc,heap        ] GC(585) Old regions: 192->194
[5169.358s][info][gc,heap        ] GC(585) Humongous regions: 33->33
[5169.358s][info][gc,metaspace   ] GC(585) Metaspace: 30077K(30528K)->30077K(30528K) NonClass: 24663K(24896K)->24663K(24896K) Class: 5413K(5632K)->5413K(5632K)
[5169.358s][info][gc             ] GC(585) Pause Young (Normal) (G1 Evacuation Pause) 7908M->2206M(10240M) 170.514ms
[5169.358s][info][gc,cpu         ] GC(585) User=1.34s Sys=0.00s Real=0.17s
..... (rIR:aIR:PR = 8164:8190:8189) (tPR = 120962) [OK] 
  5173s: Performance info:
         Transaction,    Success,    Partial,     Failed,   Receipts, AvgBarcode, 
             Overall,     492392,          0,          0,     467779,      59.47, 
         Response times:
             Request,    Success,    Partial,     Failed,   SkipFail,     Probes,    Samples,      min,      p50,      p90,      p95,      p99,      max, 
       TotalPurchase,     467840,          0,          0,          0,     360076,     410281,      400,     5500,    11700,    21000,    92000,   411000,
     InStorePurchase,     248147,          0,          0,          0,     188598,     214920,      400,     5400,    11700,    21000,    92000,   411000,
      OnlinePurchase,     170433,          0,          0,          0,     133224,     151510,      400,     5500,    11600,    21000,    91000,   411000,
        InstPurchase,      49260,          0,          0,          0,      38254,      43851,      500,     5800,    11900,    21000,    94000,   411000,
          AssocOfCat,        492,          0,          0,          0,        400,        509,    32000,    45000,    60000,    77000,   157200,   308000,
      AssocOfProduct,       4885,          0,          0,          0,       3463,       4161,      400,     6300,    11500,    25000,   105380,   214000,
      BusinessReport,       1224,          0,          0,          0,       1078,       1363,    32000,    52000,    72000,    89800,   214240,   253000,
          CustBuyBeh,       4894,          0,          0,          0,       3511,       4183,      300,     5800,    12100,    28000,    94320,   222000,
       ProductReturn,      13131,          0,          0,          0,      10109,      11791,      200,     5500,    11700,    24400,    92080,   351000,

  5173s: (60%)   IR =   8302 .[5175.068s][info][gc,start       ] GC(586) Pause Young (Normal) (G1 Evacuation Pause)
[5175.068s][info][gc,task        ] GC(586) Using 8 workers of 8 for evacuation
[5175.237s][info][gc,phases      ] GC(586)   Pre Evacuate Collection Set: 0.31ms
[5175.237s][info][gc,phases      ] GC(586)   Merge Heap Roots: 0.54ms
[5175.237s][info][gc,phases      ] GC(586)   Evacuate Collection Set: 167.47ms
[5175.237s][info][gc,phases      ] GC(586)   Post Evacuate Collection Set: 1.26ms
[5175.237s][info][gc,phases      ] GC(586)   Other: 0.07ms
[5175.237s][info][gc,heap        ] GC(586) Eden regions: 715->0(716)
[5175.237s][info][gc,heap        ] GC(586) Survivor regions: 53->52(96)
[5175.237s][info][gc,heap        ] GC(586) Old regions: 194->197
[5175.237s][info][gc,heap        ] GC(586) Humongous regions: 33->33
[5175.237s][info][gc,metaspace   ] GC(586) Metaspace: 30077K(30528K)->30077K(30528K) NonClass: 24663K(24896K)->24663K(24896K) Class: 5413K(5632K)->5413K(5632K)
[5175.237s][info][gc             ] GC(586) Pause Young (Normal) (G1 Evacuation Pause) 7926M->2219M(10240M) 169.782ms
[5175.237s][info][gc,cpu         ] GC(586) User=1.34s Sys=0.00s Real=0.17s
......[5180.963s][info][gc,start       ] GC(587) Pause Young (Normal) (G1 Evacuation Pause)
[5180.964s][info][gc,task        ] GC(587) Using 8 workers of 8 for evacuation
[5181.131s][info][gc,phases      ] GC(587)   Pre Evacuate Collection Set: 0.31ms
[5181.131s][info][gc,phases      ] GC(587)   Merge Heap Roots: 0.55ms
[5181.131s][info][gc,phases      ] GC(587)   Evacuate Collection Set: 165.54ms
[5181.131s][info][gc,phases      ] GC(587)   Post Evacuate Collection Set: 1.30ms
[5181.131s][info][gc,phases      ] GC(587)   Other: 0.07ms
[5181.131s][info][gc,heap        ] GC(587) Eden regions: 716->0(716)
[5181.131s][info][gc,heap        ] GC(587) Survivor regions: 52->52(96)
[5181.131s][info][gc,heap        ] GC(587) Old regions: 197->199
[5181.131s][info][gc,heap        ] GC(587) Humongous regions: 33->33
[5181.131s][info][gc,metaspace   ] GC(587) Metaspace: 30077K(30528K)->30077K(30528K) NonClass: 24663K(24896K)->24663K(24896K) Class: 5413K(5632K)->5413K(5632K)
[5181.131s][info][gc             ] GC(587) Pause Young (Normal) (G1 Evacuation Pause) 7947M->2243M(10240M) 167.907ms
[5181.131s][info][gc,cpu         ] GC(587) User=1.33s Sys=0.00s Real=0.17s
...|..[5186.728s][info][gc,start       ] GC(588) Pause Young (Normal) (G1 Evacuation Pause)
[5186.728s][info][gc,task        ] GC(588) Using 8 workers of 8 for evacuation
[5186.898s][info][gc,phases      ] GC(588)   Pre Evacuate Collection Set: 0.30ms
[5186.898s][info][gc,phases      ] GC(588)   Merge Heap Roots: 0.52ms
[5186.898s][info][gc,phases      ] GC(588)   Evacuate Collection Set: 167.74ms
[5186.898s][info][gc,phases      ] GC(588)   Post Evacuate Collection Set: 1.31ms
[5186.898s][info][gc,phases      ] GC(588)   Other: 0.06ms
[5186.898s][info][gc,heap        ] GC(588) Eden regions: 716->0(715)
[5186.898s][info][gc,heap        ] GC(588) Survivor regions: 52->53(96)
[5186.898s][info][gc,heap        ] GC(588) Old regions: 199->202
[5186.898s][info][gc,heap        ] GC(588) Humongous regions: 33->33
[5186.898s][info][gc,metaspace   ] GC(588) Metaspace: 30077K(30528K)->30077K(30528K) NonClass: 24663K(24896K)->24663K(24896K) Class: 5413K(5632K)->5413K(5632K)
[5186.898s][info][gc             ] GC(588) Pause Young (Normal) (G1 Evacuation Pause) 7971M->2268M(10240M) 170.091ms
[5186.898s][info][gc,cpu         ] GC(588) User=1.33s Sys=0.00s Real=0.17s
......[5192.646s][info][gc,start       ] GC(589) Pause Young (Normal) (G1 Evacuation Pause)
[5192.646s][info][gc,task        ] GC(589) Using 8 workers of 8 for evacuation
[5192.814s][info][gc,phases      ] GC(589)   Pre Evacuate Collection Set: 0.30ms
[5192.814s][info][gc,phases      ] GC(589)   Merge Heap Roots: 0.54ms
[5192.814s][info][gc,phases      ] GC(589)   Evacuate Collection Set: 165.31ms
[5192.814s][info][gc,phases      ] GC(589)   Post Evacuate Collection Set: 1.28ms
[5192.814s][info][gc,phases      ] GC(589)   Other: 0.08ms
[5192.814s][info][gc,heap        ] GC(589) Eden regions: 715->0(716)
[5192.814s][info][gc,heap        ] GC(589) Survivor regions: 53->52(96)
[5192.814s][info][gc,heap        ] GC(589) Old regions: 202->205
[5192.814s][info][gc,heap        ] GC(589) Humongous regions: 33->33
[5192.814s][info][gc,metaspace   ] GC(589) Metaspace: 30077K(30528K)->30077K(30528K) NonClass: 24663K(24896K)->24663K(24896K) Class: 5413K(5632K)->5413K(5632K)
[5192.814s][info][gc             ] GC(589) Pause Young (Normal) (G1 Evacuation Pause) 7988M->2281M(10240M) 167.648ms
[5192.814s][info][gc,cpu         ] GC(589) User=1.32s Sys=0.00s Real=0.16s
......[5198.421s][info][gc,start       ] GC(590) Pause Young (Normal) (G1 Evacuation Pause)
[5198.421s][info][gc,task        ] GC(590) Using 8 workers of 8 for evacuation
[5198.591s][info][gc,phases      ] GC(590)   Pre Evacuate Collection Set: 0.30ms
[5198.591s][info][gc,phases      ] GC(590)   Merge Heap Roots: 0.62ms
[5198.591s][info][gc,phases      ] GC(590)   Evacuate Collection Set: 167.87ms
[5198.591s][info][gc,phases      ] GC(590)   Post Evacuate Collection Set: 1.27ms
[5198.591s][info][gc,phases      ] GC(590)   Other: 0.08ms
[5198.591s][info][gc,heap        ] GC(590) Eden regions: 716->0(715)
[5198.591s][info][gc,heap        ] GC(590) Survivor regions: 52->53(96)
[5198.591s][info][gc,heap        ] GC(590) Old regions: 205->207
[5198.591s][info][gc,heap        ] GC(590) Humongous regions: 33->33
[5198.591s][info][gc,metaspace   ] GC(590) Metaspace: 30077K(30528K)->30077K(30528K) NonClass: 24663K(24896K)->24663K(24896K) Class: 5413K(5632K)->5413K(5632K)
[5198.591s][info][gc             ] GC(590) Pause Young (Normal) (G1 Evacuation Pause) 8009M->2310M(10240M) 170.284ms
[5198.591s][info][gc,cpu         ] GC(590) User=1.34s Sys=0.00s Real=0.17s
......[5204.215s][info][gc,start       ] GC(591) Pause Young (Normal) (G1 Evacuation Pause)
[5204.215s][info][gc,task        ] GC(591) Using 8 workers of 8 for evacuation
[5204.386s][info][gc,phases      ] GC(591)   Pre Evacuate Collection Set: 0.27ms
[5204.386s][info][gc,phases      ] GC(591)   Merge Heap Roots: 0.56ms
[5204.386s][info][gc,phases      ] GC(591)   Evacuate Collection Set: 169.19ms
[5204.386s][info][gc,phases      ] GC(591)   Post Evacuate Collection Set: 1.29ms
[5204.386s][info][gc,phases      ] GC(591)   Other: 0.07ms
[5204.386s][info][gc,heap        ] GC(591) Eden regions: 715->0(715)
[5204.386s][info][gc,heap        ] GC(591) Survivor regions: 53->53(96)
[5204.386s][info][gc,heap        ] GC(591) Old regions: 207->210
[5204.386s][info][gc,heap        ] GC(591) Humongous regions: 33->33
[5204.386s][info][gc,metaspace   ] GC(591) Metaspace: 30077K(30528K)->30077K(30528K) NonClass: 24663K(24896K)->24663K(24896K) Class: 5413K(5632K)->5413K(5632K)
[5204.386s][info][gc             ] GC(591) Pause Young (Normal) (G1 Evacuation Pause) 8030M->2335M(10240M) 171.526ms
[5204.387s][info][gc,cpu         ] GC(591) User=1.35s Sys=0.00s Real=0.18s
......[5209.995s][info][gc,start       ] GC(592) Pause Young (Normal) (G1 Evacuation Pause)
[5209.995s][info][gc,task        ] GC(592) Using 8 workers of 8 for evacuation
[5210.172s][info][gc,phases      ] GC(592)   Pre Evacuate Collection Set: 0.31ms
[5210.172s][info][gc,phases      ] GC(592)   Merge Heap Roots: 0.56ms
[5210.172s][info][gc,phases      ] GC(592)   Evacuate Collection Set: 174.09ms
[5210.172s][info][gc,phases      ] GC(592)   Post Evacuate Collection Set: 1.28ms
[5210.172s][info][gc,phases      ] GC(592)   Other: 0.07ms
[5210.172s][info][gc,heap        ] GC(592) Eden regions: 715->0(714)
[5210.172s][info][gc,heap        ] GC(592) Survivor regions: 53->54(96)
[5210.172s][info][gc,heap        ] GC(592) Old regions: 210->212
[5210.172s][info][gc,heap        ] GC(592) Humongous regions: 33->33
[5210.172s][info][gc,metaspace   ] GC(592) Metaspace: 30077K(30528K)->30077K(30528K) NonClass: 24663K(24896K)->24663K(24896K) Class: 5413K(5632K)->5413K(5632K)
[5210.172s][info][gc             ] GC(592) Pause Young (Normal) (G1 Evacuation Pause) 8055M->2359M(10240M) 176.477ms
[5210.172s][info][gc,cpu         ] GC(592) User=1.39s Sys=0.00s Real=0.18s
.....[5215.756s][info][gc,start       ] GC(593) Pause Young (Normal) (G1 Evacuation Pause)
[5215.756s][info][gc,task        ] GC(593) Using 8 workers of 8 for evacuation
[5215.925s][info][gc,phases      ] GC(593)   Pre Evacuate Collection Set: 0.30ms
[5215.925s][info][gc,phases      ] GC(593)   Merge Heap Roots: 0.53ms
[5215.925s][info][gc,phases      ] GC(593)   Evacuate Collection Set: 167.31ms
[5215.925s][info][gc,phases      ] GC(593)   Post Evacuate Collection Set: 1.31ms
[5215.925s][info][gc,phases      ] GC(593)   Other: 0.07ms
[5215.925s][info][gc,heap        ] GC(593) Eden regions: 714->0(716)
[5215.925s][info][gc,heap        ] GC(593) Survivor regions: 54->52(96)
[5215.925s][info][gc,heap        ] GC(593) Old regions: 212->215
[5215.925s][info][gc,heap        ] GC(593) Humongous regions: 33->33
[5215.925s][info][gc,metaspace   ] GC(593) Metaspace: 30077K(30528K)->30077K(30528K) NonClass: 24663K(24896K)->24663K(24896K) Class: 5413K(5632K)->5413K(5632K)
[5215.925s][info][gc             ] GC(593) Pause Young (Normal) (G1 Evacuation Pause) 8071M->2369M(10240M) 169.660ms
[5215.925s][info][gc,cpu         ] GC(593) User=1.33s Sys=0.00s Real=0.16s
......[5221.563s][info][gc,start       ] GC(594) Pause Young (Normal) (G1 Evacuation Pause)
[5221.563s][info][gc,task        ] GC(594) Using 8 workers of 8 for evacuation
[5221.740s][info][gc,phases      ] GC(594)   Pre Evacuate Collection Set: 0.27ms
[5221.740s][info][gc,phases      ] GC(594)   Merge Heap Roots: 0.56ms
[5221.740s][info][gc,phases      ] GC(594)   Evacuate Collection Set: 174.53ms
[5221.740s][info][gc,phases      ] GC(594)   Post Evacuate Collection Set: 1.26ms
[5221.740s][info][gc,phases      ] GC(594)   Other: 0.07ms
[5221.740s][info][gc,heap        ] GC(594) Eden regions: 716->0(714)
[5221.740s][info][gc,heap        ] GC(594) Survivor regions: 52->54(96)
[5221.740s][info][gc,heap        ] GC(594) Old regions: 215->218
[5221.740s][info][gc,heap        ] GC(594) Humongous regions: 33->33
[5221.740s][info][gc,metaspace   ] GC(594) Metaspace: 30077K(30528K)->30077K(30528K) NonClass: 24663K(24896K)->24663K(24896K) Class: 5413K(5632K)->5413K(5632K)
[5221.740s][info][gc             ] GC(594) Pause Young (Normal) (G1 Evacuation Pause) 8097M->2406M(10240M) 176.824ms
[5221.740s][info][gc,cpu         ] GC(594) User=1.39s Sys=0.01s Real=0.18s
......[5227.325s][info][gc,start       ] GC(595) Pause Young (Normal) (G1 Evacuation Pause)
[5227.325s][info][gc,task        ] GC(595) Using 8 workers of 8 for evacuation
[5227.496s][info][gc,phases      ] GC(595)   Pre Evacuate Collection Set: 0.32ms
[5227.496s][info][gc,phases      ] GC(595)   Merge Heap Roots: 0.59ms
[5227.496s][info][gc,phases      ] GC(595)   Evacuate Collection Set: 168.12ms
[5227.496s][info][gc,phases      ] GC(595)   Post Evacuate Collection Set: 1.24ms
[5227.496s][info][gc,phases      ] GC(595)   Other: 0.07ms
[5227.496s][info][gc,heap        ] GC(595) Eden regions: 714->0(714)
[5227.496s][info][gc,heap        ] GC(595) Survivor regions: 54->54(96)
[5227.496s][info][gc,heap        ] GC(595) Old regions: 218->220
[5227.496s][info][gc,heap        ] GC(595) Humongous regions: 33->33
[5227.496s][info][gc,metaspace   ] GC(595) Metaspace: 30077K(30528K)->30077K(30528K) NonClass: 24663K(24896K)->24663K(24896K) Class: 5413K(5632K)->5413K(5632K)
[5227.496s][info][gc             ] GC(595) Pause Young (Normal) (G1 Evacuation Pause) 8118M->2422M(10240M) 170.473ms
[5227.496s][info][gc,cpu         ] GC(595) User=1.35s Sys=0.00s Real=0.18s
......[5233.260s][info][gc,start       ] GC(596) Pause Young (Normal) (G1 Evacuation Pause)
[5233.260s][info][gc,task        ] GC(596) Using 8 workers of 8 for evacuation
[5233.434s][info][gc,phases      ] GC(596)   Pre Evacuate Collection Set: 0.31ms
[5233.434s][info][gc,phases      ] GC(596)   Merge Heap Roots: 0.54ms
[5233.434s][info][gc,phases      ] GC(596)   Evacuate Collection Set: 171.59ms
[5233.434s][info][gc,phases      ] GC(596)   Post Evacuate Collection Set: 1.29ms
[5233.434s][info][gc,phases      ] GC(596)   Other: 0.07ms
[5233.434s][info][gc,heap        ] GC(596) Eden regions: 714->0(715)
[5233.434s][info][gc,heap        ] GC(596) Survivor regions: 54->53(96)
[5233.434s][info][gc,heap        ] GC(596) Old regions: 220->223
[5233.434s][info][gc,heap        ] GC(596) Humongous regions: 33->33
[5233.434s][info][gc,metaspace   ] GC(596) Metaspace: 30077K(30528K)->30077K(30528K) NonClass: 24663K(24896K)->24663K(24896K) Class: 5413K(5632K)->5413K(5632K)
[5233.434s][info][gc             ] GC(596) Pause Young (Normal) (G1 Evacuation Pause) 8134M->2439M(10240M) 173.939ms
[5233.434s][info][gc,cpu         ] GC(596) User=1.37s Sys=0.00s Real=0.17s
......[5239.021s][info][gc,start       ] GC(597) Pause Young (Normal) (G1 Evacuation Pause)
[5239.022s][info][gc,task        ] GC(597) Using 8 workers of 8 for evacuation
[5239.191s][info][gc,phases      ] GC(597)   Pre Evacuate Collection Set: 0.29ms
[5239.191s][info][gc,phases      ] GC(597)   Merge Heap Roots: 0.51ms
[5239.191s][info][gc,phases      ] GC(597)   Evacuate Collection Set: 167.32ms
[5239.191s][info][gc,phases      ] GC(597)   Post Evacuate Collection Set: 1.26ms
[5239.191s][info][gc,phases      ] GC(597)   Other: 0.07ms
[5239.191s][info][gc,heap        ] GC(597) Eden regions: 715->0(714)
[5239.191s][info][gc,heap        ] GC(597) Survivor regions: 53->54(96)
[5239.191s][info][gc,heap        ] GC(597) Old regions: 223->226
[5239.191s][info][gc,heap        ] GC(597) Humongous regions: 33->33
[5239.191s][info][gc,metaspace   ] GC(597) Metaspace: 30077K(30528K)->30077K(30528K) NonClass: 24663K(24896K)->24663K(24896K) Class: 5413K(5632K)->5413K(5632K)
[5239.191s][info][gc             ] GC(597) Pause Young (Normal) (G1 Evacuation Pause) 8159M->2464M(10240M) 169.580ms
[5239.191s][info][gc,cpu         ] GC(597) User=1.33s Sys=0.01s Real=0.17s
..... (rIR:aIR:PR = 8302:8298:8298) (tPR = 122812) [OK] 
  5243s: Performance info:
         Transaction,    Success,    Partial,     Failed,   Receipts, AvgBarcode, 
             Overall,     499145,          0,          0,     474188,      59.48, 
         Response times:
             Request,    Success,    Partial,     Failed,   SkipFail,     Probes,    Samples,      min,      p50,      p90,      p95,      p99,      max, 
       TotalPurchase,     474187,          0,          0,          0,     357798,     421593,      300,     5800,    12900,    32000,    92000,   528000,
     InStorePurchase,     248875,          0,          0,          0,     188417,     221780,      400,     5700,    12800,    33000,    92000,   528000,
      OnlinePurchase,     174810,          0,          0,          0,     131612,     155254,      300,     5800,    12900,    29000,    93000,   527000,
        InstPurchase,      50502,          0,          0,          0,      37769,      44559,      500,     6100,    13300,    32000,    96000,   444000,
          AssocOfCat,        500,          0,          0,          0,        401,        555,    31000,    46000,    66400,    94200,   156080,   224000,
      AssocOfProduct,       4979,          0,          0,          0,       3562,       4403,      500,     6200,    13500,    30000,    91960,   307000,
      BusinessReport,       1246,          0,          0,          0,       1110,       1426,    29000,    53000,    75000,   100000,   217300,   352000,
          CustBuyBeh,       4977,          0,          0,          0,       3571,       4452,      300,     5700,    12500,    26350,    89000,   286000,
       ProductReturn,      13256,          0,          0,          0,       9223,      11080,      200,     5900,    13200,    29000,    85000,   201000,

  5243s: (61%)   IR =   8441 [5244.801s][info][gc,start       ] GC(598) Pause Young (Normal) (G1 Evacuation Pause)
[5244.801s][info][gc,task        ] GC(598) Using 8 workers of 8 for evacuation
[5244.975s][info][gc,phases      ] GC(598)   Pre Evacuate Collection Set: 0.28ms
[5244.975s][info][gc,phases      ] GC(598)   Merge Heap Roots: 0.56ms
[5244.975s][info][gc,phases      ] GC(598)   Evacuate Collection Set: 171.23ms
[5244.975s][info][gc,phases      ] GC(598)   Post Evacuate Collection Set: 1.35ms
[5244.975s][info][gc,phases      ] GC(598)   Other: 0.07ms
[5244.975s][info][gc,heap        ] GC(598) Eden regions: 714->0(715)
[5244.975s][info][gc,heap        ] GC(598) Survivor regions: 54->53(96)
[5244.975s][info][gc,heap        ] GC(598) Old regions: 226->228
[5244.975s][info][gc,heap        ] GC(598) Humongous regions: 33->33
[5244.975s][info][gc,metaspace   ] GC(598) Metaspace: 30077K(30528K)->30077K(30528K) NonClass: 24663K(24896K)->24663K(24896K) Class: 5413K(5632K)->5413K(5632K)
[5244.975s][info][gc             ] GC(598) Pause Young (Normal) (G1 Evacuation Pause) 8176M->2478M(10240M) 173.626ms
[5244.975s][info][gc,cpu         ] GC(598) User=1.36s Sys=0.00s Real=0.17s
......[5250.517s][info][gc,start       ] GC(599) Pause Young (Normal) (G1 Evacuation Pause)
[5250.517s][info][gc,task        ] GC(599) Using 8 workers of 8 for evacuation
[5250.695s][info][gc,phases      ] GC(599)   Pre Evacuate Collection Set: 0.30ms
[5250.695s][info][gc,phases      ] GC(599)   Merge Heap Roots: 0.63ms
[5250.695s][info][gc,phases      ] GC(599)   Evacuate Collection Set: 174.86ms
[5250.695s][info][gc,phases      ] GC(599)   Post Evacuate Collection Set: 1.37ms
[5250.695s][info][gc,phases      ] GC(599)   Other: 0.06ms
[5250.695s][info][gc,heap        ] GC(599) Eden regions: 715->0(714)
[5250.695s][info][gc,heap        ] GC(599) Survivor regions: 53->54(96)
[5250.695s][info][gc,heap        ] GC(599) Old regions: 228->231
[5250.695s][info][gc,heap        ] GC(599) Humongous regions: 33->33
[5250.695s][info][gc,metaspace   ] GC(599) Metaspace: 30077K(30528K)->30077K(30528K) NonClass: 24663K(24896K)->24663K(24896K) Class: 5413K(5632K)->5413K(5632K)
[5250.695s][info][gc             ] GC(599) Pause Young (Normal) (G1 Evacuation Pause) 8198M->2507M(10240M) 177.353ms
[5250.695s][info][gc,cpu         ] GC(599) User=1.39s Sys=0.00s Real=0.17s
.....|.[5256.302s][info][gc,start       ] GC(600) Pause Young (Normal) (G1 Evacuation Pause)
[5256.302s][info][gc,task        ] GC(600) Using 8 workers of 8 for evacuation
[5256.470s][info][gc,phases      ] GC(600)   Pre Evacuate Collection Set: 0.31ms
[5256.470s][info][gc,phases      ] GC(600)   Merge Heap Roots: 0.57ms
[5256.470s][info][gc,phases      ] GC(600)   Evacuate Collection Set: 166.08ms
[5256.470s][info][gc,phases      ] GC(600)   Post Evacuate Collection Set: 1.30ms
[5256.470s][info][gc,phases      ] GC(600)   Other: 0.08ms
[5256.470s][info][gc,heap        ] GC(600) Eden regions: 714->0(716)
[5256.470s][info][gc,heap        ] GC(600) Survivor regions: 54->52(96)
[5256.470s][info][gc,heap        ] GC(600) Old regions: 231->234
[5256.470s][info][gc,heap        ] GC(600) Humongous regions: 33->33
[5256.470s][info][gc,metaspace   ] GC(600) Metaspace: 30077K(30528K)->30077K(30528K) NonClass: 24663K(24896K)->24663K(24896K) Class: 5413K(5632K)->5413K(5632K)
[5256.470s][info][gc             ] GC(600) Pause Young (Normal) (G1 Evacuation Pause) 8219M->2512M(10240M) 168.477ms
[5256.470s][info][gc,cpu         ] GC(600) User=1.32s Sys=0.00s Real=0.17s
.....[5262.041s][info][gc,start       ] GC(601) Pause Young (Normal) (G1 Evacuation Pause)
[5262.041s][info][gc,task        ] GC(601) Using 8 workers of 8 for evacuation
[5262.210s][info][gc,phases      ] GC(601)   Pre Evacuate Collection Set: 0.29ms
[5262.210s][info][gc,phases      ] GC(601)   Merge Heap Roots: 0.52ms
[5262.210s][info][gc,phases      ] GC(601)   Evacuate Collection Set: 166.69ms
[5262.210s][info][gc,phases      ] GC(601)   Post Evacuate Collection Set: 1.29ms
[5262.210s][info][gc,phases      ] GC(601)   Other: 0.06ms
[5262.210s][info][gc,heap        ] GC(601) Eden regions: 716->0(716)
[5262.210s][info][gc,heap        ] GC(601) Survivor regions: 52->52(96)
[5262.210s][info][gc,heap        ] GC(601) Old regions: 234->236
[5262.210s][info][gc,heap        ] GC(601) Humongous regions: 33->33
[5262.210s][info][gc,metaspace   ] GC(601) Metaspace: 30077K(30528K)->30077K(30528K) NonClass: 24663K(24896K)->24663K(24896K) Class: 5413K(5632K)->5413K(5632K)
[5262.210s][info][gc             ] GC(601) Pause Young (Normal) (G1 Evacuation Pause) 8240M->2533M(10240M) 169.012ms
[5262.210s][info][gc,cpu         ] GC(601) User=1.33s Sys=0.00s Real=0.17s
......[5267.807s][info][gc,start       ] GC(602) Pause Young (Normal) (G1 Evacuation Pause)
[5267.807s][info][gc,task        ] GC(602) Using 8 workers of 8 for evacuation
[5267.977s][info][gc,phases      ] GC(602)   Pre Evacuate Collection Set: 0.28ms
[5267.977s][info][gc,phases      ] GC(602)   Merge Heap Roots: 0.58ms
[5267.977s][info][gc,phases      ] GC(602)   Evacuate Collection Set: 167.51ms
[5267.977s][info][gc,phases      ] GC(602)   Post Evacuate Collection Set: 1.28ms
[5267.977s][info][gc,phases      ] GC(602)   Other: 0.07ms
[5267.977s][info][gc,heap        ] GC(602) Eden regions: 716->0(716)
[5267.977s][info][gc,heap        ] GC(602) Survivor regions: 52->52(96)
[5267.977s][info][gc,heap        ] GC(602) Old regions: 236->239
[5267.977s][info][gc,heap        ] GC(602) Humongous regions: 33->33
[5267.977s][info][gc,metaspace   ] GC(602) Metaspace: 30077K(30528K)->30077K(30528K) NonClass: 24663K(24896K)->24663K(24896K) Class: 5413K(5632K)->5413K(5632K)
[5267.977s][info][gc             ] GC(602) Pause Young (Normal) (G1 Evacuation Pause) 8261M->2554M(10240M) 169.855ms
[5267.977s][info][gc,cpu         ] GC(602) User=1.33s Sys=0.00s Real=0.17s
......[5273.492s][info][gc,start       ] GC(603) Pause Young (Normal) (G1 Evacuation Pause)
[5273.493s][info][gc,task        ] GC(603) Using 8 workers of 8 for evacuation
[5273.667s][info][gc,phases      ] GC(603)   Pre Evacuate Collection Set: 0.31ms
[5273.667s][info][gc,phases      ] GC(603)   Merge Heap Roots: 0.57ms
[5273.667s][info][gc,phases      ] GC(603)   Evacuate Collection Set: 171.90ms
[5273.667s][info][gc,phases      ] GC(603)   Post Evacuate Collection Set: 1.23ms
[5273.667s][info][gc,phases      ] GC(603)   Other: 0.07ms
[5273.667s][info][gc,heap        ] GC(603) Eden regions: 716->0(713)
[5273.667s][info][gc,heap        ] GC(603) Survivor regions: 52->55(96)
[5273.667s][info][gc,heap        ] GC(603) Old regions: 239->241
[5273.667s][info][gc,heap        ] GC(603) Humongous regions: 33->33
[5273.667s][info][gc,metaspace   ] GC(603) Metaspace: 30077K(30528K)->30077K(30528K) NonClass: 24663K(24896K)->24663K(24896K) Class: 5413K(5632K)->5413K(5632K)
[5273.667s][info][gc             ] GC(603) Pause Young (Normal) (G1 Evacuation Pause) 8282M->2598M(10240M) 174.209ms
[5273.667s][info][gc,cpu         ] GC(603) User=1.37s Sys=0.00s Real=0.18s
.....[5279.135s][info][gc,start       ] GC(604) Pause Young (Normal) (G1 Evacuation Pause)
[5279.135s][info][gc,task        ] GC(604) Using 8 workers of 8 for evacuation
[5279.303s][info][gc,phases      ] GC(604)   Pre Evacuate Collection Set: 0.29ms
[5279.303s][info][gc,phases      ] GC(604)   Merge Heap Roots: 0.55ms
[5279.303s][info][gc,phases      ] GC(604)   Evacuate Collection Set: 165.66ms
[5279.303s][info][gc,phases      ] GC(604)   Post Evacuate Collection Set: 1.25ms
[5279.303s][info][gc,phases      ] GC(604)   Other: 0.08ms
[5279.303s][info][gc,heap        ] GC(604) Eden regions: 713->0(716)
[5279.303s][info][gc,heap        ] GC(604) Survivor regions: 55->52(96)
[5279.303s][info][gc,heap        ] GC(604) Old regions: 241->244
[5279.303s][info][gc,heap        ] GC(604) Humongous regions: 33->33
[5279.303s][info][gc,metaspace   ] GC(604) Metaspace: 30077K(30528K)->30077K(30528K) NonClass: 24663K(24896K)->24663K(24896K) Class: 5413K(5632K)->5413K(5632K)
[5279.303s][info][gc             ] GC(604) Pause Young (Normal) (G1 Evacuation Pause) 8302M->2595M(10240M) 167.976ms
[5279.303s][info][gc,cpu         ] GC(604) User=1.32s Sys=0.00s Real=0.17s
......[5284.790s][info][gc,start       ] GC(605) Pause Young (Normal) (G1 Evacuation Pause)
[5284.790s][info][gc,task        ] GC(605) Using 8 workers of 8 for evacuation
[5284.957s][info][gc,phases      ] GC(605)   Pre Evacuate Collection Set: 0.32ms
[5284.957s][info][gc,phases      ] GC(605)   Merge Heap Roots: 0.55ms
[5284.957s][info][gc,phases      ] GC(605)   Evacuate Collection Set: 164.41ms
[5284.957s][info][gc,phases      ] GC(605)   Post Evacuate Collection Set: 1.23ms
[5284.957s][info][gc,phases      ] GC(605)   Other: 0.08ms
[5284.957s][info][gc,heap        ] GC(605) Eden regions: 716->0(716)
[5284.957s][info][gc,heap        ] GC(605) Survivor regions: 52->52(96)
[5284.957s][info][gc,heap        ] GC(605) Old regions: 244->246
[5284.957s][info][gc,heap        ] GC(605) Humongous regions: 33->33
[5284.957s][info][gc,metaspace   ] GC(605) Metaspace: 30077K(30528K)->30077K(30528K) NonClass: 24663K(24896K)->24663K(24896K) Class: 5413K(5632K)->5413K(5632K)
[5284.957s][info][gc             ] GC(605) Pause Young (Normal) (G1 Evacuation Pause) 8323M->2615M(10240M) 166.727ms
[5284.957s][info][gc,cpu         ] GC(605) User=1.31s Sys=0.00s Real=0.17s
......[5290.528s][info][gc,start       ] GC(606) Pause Young (Normal) (G1 Evacuation Pause)
[5290.528s][info][gc,task        ] GC(606) Using 8 workers of 8 for evacuation
[5290.700s][info][gc,phases      ] GC(606)   Pre Evacuate Collection Set: 0.30ms
[5290.700s][info][gc,phases      ] GC(606)   Merge Heap Roots: 0.55ms
[5290.700s][info][gc,phases      ] GC(606)   Evacuate Collection Set: 170.16ms
[5290.700s][info][gc,phases      ] GC(606)   Post Evacuate Collection Set: 1.24ms
[5290.700s][info][gc,phases      ] GC(606)   Other: 0.06ms
[5290.700s][info][gc,heap        ] GC(606) Eden regions: 716->0(716)
[5290.700s][info][gc,heap        ] GC(606) Survivor regions: 52->52(96)
[5290.700s][info][gc,heap        ] GC(606) Old regions: 246->249
[5290.700s][info][gc,heap        ] GC(606) Humongous regions: 33->33
[5290.700s][info][gc,metaspace   ] GC(606) Metaspace: 30077K(30528K)->30077K(30528K) NonClass: 24663K(24896K)->24663K(24896K) Class: 5413K(5632K)->5413K(5632K)
[5290.700s][info][gc             ] GC(606) Pause Young (Normal) (G1 Evacuation Pause) 8343M->2641M(10240M) 172.442ms
[5290.700s][info][gc,cpu         ] GC(606) User=1.36s Sys=0.00s Real=0.17s
.....[5296.221s][info][gc,start       ] GC(607) Pause Young (Normal) (G1 Evacuation Pause)
[5296.221s][info][gc,task        ] GC(607) Using 8 workers of 8 for evacuation
[5296.391s][info][gc,phases      ] GC(607)   Pre Evacuate Collection Set: 0.31ms
[5296.391s][info][gc,phases      ] GC(607)   Merge Heap Roots: 0.63ms
[5296.391s][info][gc,phases      ] GC(607)   Evacuate Collection Set: 167.55ms
[5296.391s][info][gc,phases      ] GC(607)   Post Evacuate Collection Set: 1.29ms
[5296.391s][info][gc,phases      ] GC(607)   Other: 0.07ms
[5296.391s][info][gc,heap        ] GC(607) Eden regions: 716->0(715)
[5296.391s][info][gc,heap        ] GC(607) Survivor regions: 52->53(96)
[5296.391s][info][gc,heap        ] GC(607) Old regions: 249->252
[5296.391s][info][gc,heap        ] GC(607) Humongous regions: 33->33
[5296.391s][info][gc,metaspace   ] GC(607) Metaspace: 30077K(30528K)->30077K(30528K) NonClass: 24663K(24896K)->24663K(24896K) Class: 5413K(5632K)->5413K(5632K)
[5296.391s][info][gc             ] GC(607) Pause Young (Normal) (G1 Evacuation Pause) 8369M->2670M(10240M) 170.000ms
[5296.391s][info][gc,cpu         ] GC(607) User=1.33s Sys=0.01s Real=0.17s
......[5301.961s][info][gc,start       ] GC(608) Pause Young (Normal) (G1 Evacuation Pause)
[5301.961s][info][gc,task        ] GC(608) Using 8 workers of 8 for evacuation
[5302.130s][info][gc,phases      ] GC(608)   Pre Evacuate Collection Set: 0.31ms
[5302.130s][info][gc,phases      ] GC(608)   Merge Heap Roots: 0.54ms
[5302.130s][info][gc,phases      ] GC(608)   Evacuate Collection Set: 167.17ms
[5302.130s][info][gc,phases      ] GC(608)   Post Evacuate Collection Set: 1.28ms
[5302.130s][info][gc,phases      ] GC(608)   Other: 0.07ms
[5302.130s][info][gc,heap        ] GC(608) Eden regions: 715->0(715)
[5302.130s][info][gc,heap        ] GC(608) Survivor regions: 53->53(96)
[5302.130s][info][gc,heap        ] GC(608) Old regions: 252->254
[5302.130s][info][gc,heap        ] GC(608) Humongous regions: 33->33
[5302.130s][info][gc,metaspace   ] GC(608) Metaspace: 30077K(30528K)->30077K(30528K) NonClass: 24663K(24896K)->24663K(24896K) Class: 5413K(5632K)->5413K(5632K)
[5302.130s][info][gc             ] GC(608) Pause Young (Normal) (G1 Evacuation Pause) 8390M->2687M(10240M) 169.520ms
[5302.130s][info][gc,cpu         ] GC(608) User=1.33s Sys=0.00s Real=0.17s
......[5307.679s][info][gc,start       ] GC(609) Pause Young (Normal) (G1 Evacuation Pause)
[5307.679s][info][gc,task        ] GC(609) Using 8 workers of 8 for evacuation
[5307.846s][info][gc,phases      ] GC(609)   Pre Evacuate Collection Set: 0.32ms
[5307.846s][info][gc,phases      ] GC(609)   Merge Heap Roots: 0.54ms
[5307.846s][info][gc,phases      ] GC(609)   Evacuate Collection Set: 164.59ms
[5307.846s][info][gc,phases      ] GC(609)   Post Evacuate Collection Set: 1.31ms
[5307.846s][info][gc,phases      ] GC(609)   Other: 0.08ms
[5307.846s][info][gc,heap        ] GC(609) Eden regions: 715->0(716)
[5307.846s][info][gc,heap        ] GC(609) Survivor regions: 53->52(96)
[5307.846s][info][gc,heap        ] GC(609) Old regions: 254->257
[5307.846s][info][gc,heap        ] GC(609) Humongous regions: 33->33
[5307.846s][info][gc,metaspace   ] GC(609) Metaspace: 30077K(30528K)->30077K(30528K) NonClass: 24663K(24896K)->24663K(24896K) Class: 5413K(5632K)->5413K(5632K)
[5307.846s][info][gc             ] GC(609) Pause Young (Normal) (G1 Evacuation Pause) 8407M->2704M(10240M) 166.969ms
[5307.846s][info][gc,cpu         ] GC(609) User=1.32s Sys=0.00s Real=0.17s
......[5313.432s][info][gc,start       ] GC(610) Pause Young (Normal) (G1 Evacuation Pause)
[5313.432s][info][gc,task        ] GC(610) Using 8 workers of 8 for evacuation
[5313.606s][info][gc,phases      ] GC(610)   Pre Evacuate Collection Set: 0.32ms
[5313.606s][info][gc,phases      ] GC(610)   Merge Heap Roots: 0.56ms
[5313.606s][info][gc,phases      ] GC(610)   Evacuate Collection Set: 171.14ms
[5313.606s][info][gc,phases      ] GC(610)   Post Evacuate Collection Set: 1.26ms
[5313.606s][info][gc,phases      ] GC(610)   Other: 0.08ms
[5313.606s][info][gc,heap        ] GC(610) Eden regions: 716->0(715)
[5313.606s][info][gc,heap        ] GC(610) Survivor regions: 52->53(96)
[5313.606s][info][gc,heap        ] GC(610) Old regions: 257->260
[5313.606s][info][gc,heap        ] GC(610) Humongous regions: 33->33
[5313.606s][info][gc,metaspace   ] GC(610) Metaspace: 30077K(30528K)->30077K(30528K) NonClass: 24663K(24896K)->24663K(24896K) Class: 5413K(5632K)->5413K(5632K)
[5313.606s][info][gc             ] GC(610) Pause Young (Normal) (G1 Evacuation Pause) 8432M->2728M(10240M) 173.511ms
[5313.606s][info][gc,cpu         ] GC(610) User=1.37s Sys=0.00s Real=0.18s
.. (rIR:aIR:PR = 8441:8428:8429) (tPR = 125708) [OK] 
  5315s: Performance info:
         Transaction,    Success,    Partial,     Failed,   Receipts, AvgBarcode, 
             Overall,     508711,          0,          0,     483390,      59.48, 
         Response times:
             Request,    Success,    Partial,     Failed,   SkipFail,     Probes,    Samples,      min,      p50,      p90,      p95,      p99,      max, 
       TotalPurchase,     483290,          0,          0,          0,     357399,     428865,      300,     5800,    13500,    34000,   104000,   549000,
     InStorePurchase,     254318,          0,          0,          0,     187427,     225087,      300,     5800,    13500,    34000,   109000,   520000,
      OnlinePurchase,     177852,          0,          0,          0,     132152,     158440,      300,     5800,    13400,    35000,   101000,   549000,
        InstPurchase,      51120,          0,          0,          0,      37820,      45338,      500,     5800,    13700,    31000,    96000,   521000,
          AssocOfCat,        507,          0,          0,          0,        414,        617,    31000,    48000,    71000,   101200,   219820,   520000,
      AssocOfProduct,       5040,          0,          0,          0,       3611,       4531,      600,     6700,    14000,    26000,    84680,   336000,
      BusinessReport,       1275,          0,          0,          0,       1114,       1484,    32000,    54000,    78000,    99000,   209650,   391000,
          CustBuyBeh,       5055,          0,          0,          0,       3680,       4645,      300,     6200,    14100,    29000,    95000,   480000,
       ProductReturn,      13469,          0,          0,          0,       9499,      11605,      200,     4900,    13200,    33000,   100000,   549000,

  5315s: (62%)   IR =   8579 ...[5319.192s][info][gc,start       ] GC(611) Pause Young (Normal) (G1 Evacuation Pause)
[5319.192s][info][gc,task        ] GC(611) Using 8 workers of 8 for evacuation
[5319.361s][info][gc,phases      ] GC(611)   Pre Evacuate Collection Set: 0.30ms
[5319.361s][info][gc,phases      ] GC(611)   Merge Heap Roots: 0.55ms
[5319.361s][info][gc,phases      ] GC(611)   Evacuate Collection Set: 167.11ms
[5319.361s][info][gc,phases      ] GC(611)   Post Evacuate Collection Set: 1.29ms
[5319.361s][info][gc,phases      ] GC(611)   Other: 0.06ms
[5319.361s][info][gc,heap        ] GC(611) Eden regions: 715->0(716)
[5319.361s][info][gc,heap        ] GC(611) Survivor regions: 53->52(96)
[5319.361s][info][gc,heap        ] GC(611) Old regions: 260->262
[5319.361s][info][gc,heap        ] GC(611) Humongous regions: 33->33
[5319.361s][info][gc,metaspace   ] GC(611) Metaspace: 30077K(30528K)->30077K(30528K) NonClass: 24663K(24896K)->24663K(24896K) Class: 5413K(5632K)->5413K(5632K)
[5319.361s][info][gc             ] GC(611) Pause Young (Normal) (G1 Evacuation Pause) 8448M->2746M(10240M) 169.439ms
[5319.361s][info][gc,cpu         ] GC(611) User=1.33s Sys=0.00s Real=0.17s
......|[5324.832s][info][gc,start       ] GC(612) Pause Young (Normal) (G1 Evacuation Pause)
[5324.832s][info][gc,task        ] GC(612) Using 8 workers of 8 for evacuation
[5325.003s][info][gc,phases      ] GC(612)   Pre Evacuate Collection Set: 0.28ms
[5325.003s][info][gc,phases      ] GC(612)   Merge Heap Roots: 0.53ms
[5325.003s][info][gc,phases      ] GC(612)   Evacuate Collection Set: 168.46ms
[5325.003s][info][gc,phases      ] GC(612)   Post Evacuate Collection Set: 1.36ms
[5325.003s][info][gc,phases      ] GC(612)   Other: 0.07ms
[5325.003s][info][gc,heap        ] GC(612) Eden regions: 716->0(715)
[5325.003s][info][gc,heap        ] GC(612) Survivor regions: 52->53(96)
[5325.003s][info][gc,heap        ] GC(612) Old regions: 262->265
[5325.003s][info][gc,heap        ] GC(612) Humongous regions: 33->33
[5325.003s][info][gc,metaspace   ] GC(612) Metaspace: 30077K(30528K)->30077K(30528K) NonClass: 24663K(24896K)->24663K(24896K) Class: 5413K(5632K)->5413K(5632K)
[5325.003s][info][gc             ] GC(612) Pause Young (Normal) (G1 Evacuation Pause) 8474M->2776M(10240M) 170.840ms
[5325.003s][info][gc,cpu         ] GC(612) User=1.34s Sys=0.00s Real=0.17s
.....[5330.326s][info][gc,start       ] GC(613) Pause Young (Normal) (G1 Evacuation Pause)
[5330.326s][info][gc,task        ] GC(613) Using 8 workers of 8 for evacuation
[5330.495s][info][gc,phases      ] GC(613)   Pre Evacuate Collection Set: 0.30ms
[5330.495s][info][gc,phases      ] GC(613)   Merge Heap Roots: 0.62ms
[5330.495s][info][gc,phases      ] GC(613)   Evacuate Collection Set: 166.32ms
[5330.495s][info][gc,phases      ] GC(613)   Post Evacuate Collection Set: 1.28ms
[5330.495s][info][gc,phases      ] GC(613)   Other: 0.07ms
[5330.495s][info][gc,heap        ] GC(613) Eden regions: 715->0(716)
[5330.495s][info][gc,heap        ] GC(613) Survivor regions: 53->52(96)
[5330.495s][info][gc,heap        ] GC(613) Old regions: 265->267
[5330.495s][info][gc,heap        ] GC(613) Humongous regions: 33->33
[5330.495s][info][gc,metaspace   ] GC(613) Metaspace: 30077K(30528K)->30077K(30528K) NonClass: 24663K(24896K)->24663K(24896K) Class: 5413K(5632K)->5413K(5632K)
[5330.495s][info][gc             ] GC(613) Pause Young (Normal) (G1 Evacuation Pause) 8496M->2787M(10240M) 168.786ms
[5330.495s][info][gc,cpu         ] GC(613) User=1.32s Sys=0.00s Real=0.16s
......[5336.023s][info][gc,start       ] GC(614) Pause Young (Concurrent Start) (G1 Evacuation Pause)
[5336.023s][info][gc,task        ] GC(614) Using 8 workers of 8 for evacuation
[5336.192s][info][gc,phases      ] GC(614)   Pre Evacuate Collection Set: 0.36ms
[5336.192s][info][gc,phases      ] GC(614)   Merge Heap Roots: 0.52ms
[5336.192s][info][gc,phases      ] GC(614)   Evacuate Collection Set: 166.40ms
[5336.192s][info][gc,phases      ] GC(614)   Post Evacuate Collection Set: 1.27ms
[5336.192s][info][gc,phases      ] GC(614)   Other: 0.09ms
[5336.192s][info][gc,heap        ] GC(614) Eden regions: 716->0(716)
[5336.192s][info][gc,heap        ] GC(614) Survivor regions: 52->52(96)
[5336.192s][info][gc,heap        ] GC(614) Old regions: 267->270
[5336.192s][info][gc,heap        ] GC(614) Humongous regions: 33->33
[5336.192s][info][gc,metaspace   ] GC(614) Metaspace: 30077K(30528K)->30077K(30528K) NonClass: 24663K(24896K)->24663K(24896K) Class: 5413K(5632K)->5413K(5632K)
[5336.192s][info][gc             ] GC(614) Pause Young (Concurrent Start) (G1 Evacuation Pause) 8515M->2809M(10240M) 168.772ms
[5336.192s][info][gc             ] GC(615) Concurrent Mark Cycle
[5336.192s][info][gc,marking     ] GC(615) Concurrent Scan Root Regions
[5336.192s][info][gc,cpu         ] GC(614) User=1.33s Sys=0.00s Real=0.17s
.[5336.614s][info][gc,marking     ] GC(615) Concurrent Scan Root Regions 421.918ms
[5336.614s][info][gc,marking     ] GC(615) Concurrent Mark
[5336.614s][info][gc,marking     ] GC(615) Concurrent Mark From Roots
[5336.614s][info][gc,task        ] GC(615) Using 2 workers of 2 for marking
.[5337.797s][info][gc,marking     ] GC(615) Concurrent Mark From Roots 1182.682ms
[5337.797s][info][gc,marking     ] GC(615) Concurrent Preclean
[5337.797s][info][gc,marking     ] GC(615) Concurrent Preclean 0.191ms
[5337.797s][info][gc,start       ] GC(615) Pause Remark
[5337.799s][info][gc             ] GC(615) Pause Remark 4617M->4305M(10240M) 1.839ms
[5337.799s][info][gc,cpu         ] GC(615) User=0.01s Sys=0.00s Real=0.00s
[5337.799s][info][gc,marking     ] GC(615) Concurrent Mark 1185.489ms
[5337.799s][info][gc,marking     ] GC(615) Concurrent Rebuild Remembered Sets and Scrub Regions
[5338.195s][info][gc,marking     ] GC(615) Concurrent Rebuild Remembered Sets and Scrub Regions 395.079ms
[5338.195s][info][gc,start       ] GC(615) Pause Cleanup
[5338.195s][info][gc             ] GC(615) Pause Cleanup 4682M->4682M(10240M) 0.289ms
[5338.195s][info][gc,cpu         ] GC(615) User=0.00s Sys=0.00s Real=0.00s
[5338.195s][info][gc,marking     ] GC(615) Concurrent Clear Claimed Marks
[5338.195s][info][gc,marking     ] GC(615) Concurrent Clear Claimed Marks 0.046ms
[5338.195s][info][gc,marking     ] GC(615) Concurrent Cleanup for Next Mark
[5338.209s][info][gc,marking     ] GC(615) Concurrent Cleanup for Next Mark 14.071ms
[5338.209s][info][gc             ] GC(615) Concurrent Mark Cycle 2017.296ms
....[5341.719s][info][gc,start       ] GC(616) Pause Young (Prepare Mixed) (G1 Evacuation Pause)
[5341.719s][info][gc,task        ] GC(616) Using 8 workers of 8 for evacuation
[5341.890s][info][gc,phases      ] GC(616)   Pre Evacuate Collection Set: 0.30ms
[5341.890s][info][gc,phases      ] GC(616)   Merge Heap Roots: 0.79ms
[5341.890s][info][gc,phases      ] GC(616)   Evacuate Collection Set: 168.18ms
[5341.890s][info][gc,phases      ] GC(616)   Post Evacuate Collection Set: 1.40ms
[5341.890s][info][gc,phases      ] GC(616)   Other: 0.07ms
[5341.890s][info][gc,heap        ] GC(616) Eden regions: 716->0(716)
[5341.890s][info][gc,heap        ] GC(616) Survivor regions: 52->52(96)
[5341.890s][info][gc,heap        ] GC(616) Old regions: 231->234
[5341.890s][info][gc,heap        ] GC(616) Humongous regions: 33->33
[5341.890s][info][gc,metaspace   ] GC(616) Metaspace: 30077K(30528K)->30077K(30528K) NonClass: 24663K(24896K)->24663K(24896K) Class: 5413K(5632K)->5413K(5632K)
[5341.890s][info][gc             ] GC(616) Pause Young (Prepare Mixed) (G1 Evacuation Pause) 8225M->2514M(10240M) 170.883ms
[5341.890s][info][gc,cpu         ] GC(616) User=1.35s Sys=0.00s Real=0.17s
.....[5347.401s][info][gc,start       ] GC(617) Pause Young (Mixed) (G1 Evacuation Pause)
[5347.401s][info][gc,task        ] GC(617) Using 8 workers of 8 for evacuation
[5347.579s][info][gc,phases      ] GC(617)   Pre Evacuate Collection Set: 0.35ms
[5347.579s][info][gc,phases      ] GC(617)   Merge Heap Roots: 0.75ms
[5347.579s][info][gc,phases      ] GC(617)   Evacuate Collection Set: 174.97ms
[5347.579s][info][gc,phases      ] GC(617)   Post Evacuate Collection Set: 1.43ms
[5347.579s][info][gc,phases      ] GC(617)   Other: 0.09ms
[5347.579s][info][gc,heap        ] GC(617) Eden regions: 716->0(715)
[5347.579s][info][gc,heap        ] GC(617) Survivor regions: 52->53(96)
[5347.579s][info][gc,heap        ] GC(617) Old regions: 234->129
[5347.579s][info][gc,heap        ] GC(617) Humongous regions: 33->33
[5347.579s][info][gc,metaspace   ] GC(617) Metaspace: 30077K(30528K)->30077K(30528K) NonClass: 24663K(24896K)->24663K(24896K) Class: 5413K(5632K)->5413K(5632K)
[5347.579s][info][gc             ] GC(617) Pause Young (Mixed) (G1 Evacuation Pause) 8242M->1691M(10240M) 177.720ms
[5347.579s][info][gc,cpu         ] GC(617) User=1.39s Sys=0.01s Real=0.18s
......[5353.011s][info][gc,start       ] GC(618) Pause Young (Normal) (G1 Evacuation Pause)
[5353.011s][info][gc,task        ] GC(618) Using 8 workers of 8 for evacuation
[5353.180s][info][gc,phases      ] GC(618)   Pre Evacuate Collection Set: 0.28ms
[5353.180s][info][gc,phases      ] GC(618)   Merge Heap Roots: 0.50ms
[5353.180s][info][gc,phases      ] GC(618)   Evacuate Collection Set: 166.26ms
[5353.180s][info][gc,phases      ] GC(618)   Post Evacuate Collection Set: 1.27ms
[5353.180s][info][gc,phases      ] GC(618)   Other: 0.06ms
[5353.180s][info][gc,heap        ] GC(618) Eden regions: 715->0(715)
[5353.180s][info][gc,heap        ] GC(618) Survivor regions: 53->53(96)
[5353.180s][info][gc,heap        ] GC(618) Old regions: 129->132
[5353.180s][info][gc,heap        ] GC(618) Humongous regions: 33->33
[5353.180s][info][gc,metaspace   ] GC(618) Metaspace: 30077K(30528K)->30077K(30528K) NonClass: 24663K(24896K)->24663K(24896K) Class: 5413K(5632K)->5413K(5632K)
[5353.180s][info][gc             ] GC(618) Pause Young (Normal) (G1 Evacuation Pause) 7411M->1709M(10240M) 168.507ms
[5353.180s][info][gc,cpu         ] GC(618) User=1.33s Sys=0.01s Real=0.17s
......[5358.729s][info][gc,start       ] GC(619) Pause Young (Normal) (G1 Evacuation Pause)
[5358.730s][info][gc,task        ] GC(619) Using 8 workers of 8 for evacuation
[5358.899s][info][gc,phases      ] GC(619)   Pre Evacuate Collection Set: 0.32ms
[5358.899s][info][gc,phases      ] GC(619)   Merge Heap Roots: 0.55ms
[5358.899s][info][gc,phases      ] GC(619)   Evacuate Collection Set: 166.93ms
[5358.899s][info][gc,phases      ] GC(619)   Post Evacuate Collection Set: 1.24ms
[5358.899s][info][gc,phases      ] GC(619)   Other: 0.07ms
[5358.899s][info][gc,heap        ] GC(619) Eden regions: 715->0(715)
[5358.899s][info][gc,heap        ] GC(619) Survivor regions: 53->53(96)
[5358.899s][info][gc,heap        ] GC(619) Old regions: 132->135
[5358.899s][info][gc,heap        ] GC(619) Humongous regions: 33->33
[5358.899s][info][gc,metaspace   ] GC(619) Metaspace: 30077K(30528K)->30077K(30528K) NonClass: 24663K(24896K)->24663K(24896K) Class: 5413K(5632K)->5413K(5632K)
[5358.899s][info][gc             ] GC(619) Pause Young (Normal) (G1 Evacuation Pause) 7429M->1729M(10240M) 169.262ms
[5358.899s][info][gc,cpu         ] GC(619) User=1.33s Sys=0.00s Real=0.17s
.....[5364.288s][info][gc,start       ] GC(620) Pause Young (Normal) (G1 Evacuation Pause)
[5364.288s][info][gc,task        ] GC(620) Using 8 workers of 8 for evacuation
[5364.460s][info][gc,phases      ] GC(620)   Pre Evacuate Collection Set: 0.28ms
[5364.460s][info][gc,phases      ] GC(620)   Merge Heap Roots: 0.52ms
[5364.460s][info][gc,phases      ] GC(620)   Evacuate Collection Set: 170.31ms
[5364.460s][info][gc,phases      ] GC(620)   Post Evacuate Collection Set: 1.29ms
[5364.460s][info][gc,phases      ] GC(620)   Other: 0.06ms
[5364.460s][info][gc,heap        ] GC(620) Eden regions: 715->0(715)
[5364.460s][info][gc,heap        ] GC(620) Survivor regions: 53->53(96)
[5364.460s][info][gc,heap        ] GC(620) Old regions: 135->137
[5364.460s][info][gc,heap        ] GC(620) Humongous regions: 33->33
[5364.460s][info][gc,metaspace   ] GC(620) Metaspace: 30077K(30528K)->30077K(30528K) NonClass: 24663K(24896K)->24663K(24896K) Class: 5413K(5632K)->5413K(5632K)
[5364.461s][info][gc             ] GC(620) Pause Young (Normal) (G1 Evacuation Pause) 7449M->1754M(10240M) 172.612ms
[5364.461s][info][gc,cpu         ] GC(620) User=1.36s Sys=0.00s Real=0.17s
......[5370.028s][info][gc,start       ] GC(621) Pause Young (Normal) (G1 Evacuation Pause)
[5370.028s][info][gc,task        ] GC(621) Using 8 workers of 8 for evacuation
[5370.199s][info][gc,phases      ] GC(621)   Pre Evacuate Collection Set: 0.29ms
[5370.199s][info][gc,phases      ] GC(621)   Merge Heap Roots: 0.51ms
[5370.199s][info][gc,phases      ] GC(621)   Evacuate Collection Set: 168.55ms
[5370.199s][info][gc,phases      ] GC(621)   Post Evacuate Collection Set: 1.27ms
[5370.199s][info][gc,phases      ] GC(621)   Other: 0.06ms
[5370.199s][info][gc,heap        ] GC(621) Eden regions: 715->0(714)
[5370.199s][info][gc,heap        ] GC(621) Survivor regions: 53->54(96)
[5370.199s][info][gc,heap        ] GC(621) Old regions: 137->140
[5370.199s][info][gc,heap        ] GC(621) Humongous regions: 33->33
[5370.199s][info][gc,metaspace   ] GC(621) Metaspace: 30077K(30528K)->30077K(30528K) NonClass: 24663K(24896K)->24663K(24896K) Class: 5413K(5632K)->5413K(5632K)
[5370.199s][info][gc             ] GC(621) Pause Young (Normal) (G1 Evacuation Pause) 7474M->1778M(10240M) 170.825ms
[5370.199s][info][gc,cpu         ] GC(621) User=1.35s Sys=0.00s Real=0.17s
......[5375.749s][info][gc,start       ] GC(622) Pause Young (Normal) (G1 Evacuation Pause)
[5375.749s][info][gc,task        ] GC(622) Using 8 workers of 8 for evacuation
[5375.915s][info][gc,phases      ] GC(622)   Pre Evacuate Collection Set: 0.33ms
[5375.915s][info][gc,phases      ] GC(622)   Merge Heap Roots: 0.58ms
[5375.915s][info][gc,phases      ] GC(622)   Evacuate Collection Set: 163.29ms
[5375.915s][info][gc,phases      ] GC(622)   Post Evacuate Collection Set: 1.28ms
[5375.915s][info][gc,phases      ] GC(622)   Other: 0.07ms
[5375.915s][info][gc,heap        ] GC(622) Eden regions: 714->0(716)
[5375.915s][info][gc,heap        ] GC(622) Survivor regions: 54->52(96)
[5375.915s][info][gc,heap        ] GC(622) Old regions: 140->143
[5375.915s][info][gc,heap        ] GC(622) Humongous regions: 33->33
[5375.915s][info][gc,metaspace   ] GC(622) Metaspace: 30077K(30528K)->30077K(30528K) NonClass: 24663K(24896K)->24663K(24896K) Class: 5413K(5632K)->5413K(5632K)
[5375.915s][info][gc             ] GC(622) Pause Young (Normal) (G1 Evacuation Pause) 7490M->1784M(10240M) 165.695ms
[5375.915s][info][gc,cpu         ] GC(622) User=1.30s Sys=0.00s Real=0.16s
.....[5381.302s][info][gc,start       ] GC(623) Pause Young (Normal) (G1 Evacuation Pause)
[5381.302s][info][gc,task        ] GC(623) Using 8 workers of 8 for evacuation
[5381.472s][info][gc,phases      ] GC(623)   Pre Evacuate Collection Set: 0.32ms
[5381.472s][info][gc,phases      ] GC(623)   Merge Heap Roots: 0.52ms
[5381.472s][info][gc,phases      ] GC(623)   Evacuate Collection Set: 167.86ms
[5381.472s][info][gc,phases      ] GC(623)   Post Evacuate Collection Set: 1.27ms
[5381.472s][info][gc,phases      ] GC(623)   Other: 0.07ms
[5381.472s][info][gc,heap        ] GC(623) Eden regions: 716->0(715)
[5381.472s][info][gc,heap        ] GC(623) Survivor regions: 52->53(96)
[5381.472s][info][gc,heap        ] GC(623) Old regions: 143->145
[5381.472s][info][gc,heap        ] GC(623) Humongous regions: 33->33
[5381.472s][info][gc,metaspace   ] GC(623) Metaspace: 30077K(30528K)->30077K(30528K) NonClass: 24663K(24896K)->24663K(24896K) Class: 5413K(5632K)->5413K(5632K)
[5381.472s][info][gc             ] GC(623) Pause Young (Normal) (G1 Evacuation Pause) 7512M->1818M(10240M) 170.202ms
[5381.472s][info][gc,cpu         ] GC(623) User=1.34s Sys=0.00s Real=0.17s
.... (rIR:aIR:PR = 8579:8534:8534) (tPR = 126627) [OK] 
  5384s: Performance info:
         Transaction,    Success,    Partial,     Failed,   Receipts, AvgBarcode, 
             Overall,     512767,          0,          0,     486936,      59.48, 
         Response times:
             Request,    Success,    Partial,     Failed,   SkipFail,     Probes,    Samples,      min,      p50,      p90,      p95,      p99,      max, 
       TotalPurchase,     486935,          0,          0,          0,     358061,     416185,      400,     5900,    15500,    41000,   110000,   670000,
     InStorePurchase,     255013,          0,          0,          0,     188290,     218511,      400,     5900,    15500,    41000,   110000,   670000,
      OnlinePurchase,     180234,          0,          0,          0,     131747,     153042,      400,     5900,    15500,    41000,   109000,   488000,
        InstPurchase,      51688,          0,          0,          0,      38024,      44632,      400,     6000,    15200,    41000,   109000,   439000,
          AssocOfCat,        520,          0,          0,          0,        453,        614,    28000,    48500,    88000,   147000,   209100,   241000,
      AssocOfProduct,       5149,          0,          0,          0,       3676,       4416,      500,     5900,    15300,    52000,   136830,   336000,
      BusinessReport,       1290,          0,          0,          0,       1142,       1464,    29000,    55000,    81500,   117000,   222050,   249000,
          CustBuyBeh,       5228,          0,          0,          0,       3699,       4527,      200,     6300,    16100,    46000,   111720,   475000,
       ProductReturn,      13647,          0,          0,          0,       9566,      11369,      300,     6000,    15900,    44000,   118300,   327000,

  5384s: (63%)   IR =   8717 ..[5386.880s][info][gc,start       ] GC(624) Pause Young (Normal) (G1 Evacuation Pause)
[5386.880s][info][gc,task        ] GC(624) Using 8 workers of 8 for evacuation
[5387.050s][info][gc,phases      ] GC(624)   Pre Evacuate Collection Set: 0.32ms
[5387.050s][info][gc,phases      ] GC(624)   Merge Heap Roots: 0.61ms
[5387.050s][info][gc,phases      ] GC(624)   Evacuate Collection Set: 167.36ms
[5387.050s][info][gc,phases      ] GC(624)   Post Evacuate Collection Set: 1.31ms
[5387.050s][info][gc,phases      ] GC(624)   Other: 0.07ms
[5387.050s][info][gc,heap        ] GC(624) Eden regions: 715->0(715)
[5387.050s][info][gc,heap        ] GC(624) Survivor regions: 53->53(96)
[5387.050s][info][gc,heap        ] GC(624) Old regions: 145->148
[5387.050s][info][gc,heap        ] GC(624) Humongous regions: 33->33
[5387.050s][info][gc,metaspace   ] GC(624) Metaspace: 30077K(30528K)->30077K(30528K) NonClass: 24663K(24896K)->24663K(24896K) Class: 5413K(5632K)->5413K(5632K)
[5387.050s][info][gc             ] GC(624) Pause Young (Normal) (G1 Evacuation Pause) 7538M->1835M(10240M) 169.795ms
[5387.050s][info][gc,cpu         ] GC(624) User=1.34s Sys=0.00s Real=0.17s
.....[5392.593s][info][gc,start       ] GC(625) Pause Young (Normal) (G1 Evacuation Pause)
[5392.593s][info][gc,task        ] GC(625) Using 8 workers of 8 for evacuation
[5392.766s][info][gc,phases      ] GC(625)   Pre Evacuate Collection Set: 0.28ms
[5392.766s][info][gc,phases      ] GC(625)   Merge Heap Roots: 0.53ms
[5392.766s][info][gc,phases      ] GC(625)   Evacuate Collection Set: 170.78ms
[5392.766s][info][gc,phases      ] GC(625)   Post Evacuate Collection Set: 1.25ms
[5392.766s][info][gc,phases      ] GC(625)   Other: 0.09ms
[5392.766s][info][gc,heap        ] GC(625) Eden regions: 715->0(715)
[5392.766s][info][gc,heap        ] GC(625) Survivor regions: 53->53(96)
[5392.766s][info][gc,heap        ] GC(625) Old regions: 148->150
[5392.766s][info][gc,heap        ] GC(625) Humongous regions: 33->33
[5392.766s][info][gc,metaspace   ] GC(625) Metaspace: 30077K(30528K)->30077K(30528K) NonClass: 24663K(24896K)->24663K(24896K) Class: 5413K(5632K)->5413K(5632K)
[5392.766s][info][gc             ] GC(625) Pause Young (Normal) (G1 Evacuation Pause) 7555M->1859M(10240M) 173.081ms
[5392.766s][info][gc,cpu         ] GC(625) User=1.36s Sys=0.00s Real=0.18s
......[5398.153s][info][gc,start       ] GC(626) Pause Young (Normal) (G1 Evacuation Pause)
[5398.153s][info][gc,task        ] GC(626) Using 8 workers of 8 for evacuation
[5398.329s][info][gc,phases      ] GC(626)   Pre Evacuate Collection Set: 0.31ms
[5398.329s][info][gc,phases      ] GC(626)   Merge Heap Roots: 0.54ms
[5398.329s][info][gc,phases      ] GC(626)   Evacuate Collection Set: 173.66ms
[5398.329s][info][gc,phases      ] GC(626)   Post Evacuate Collection Set: 1.32ms
[5398.329s][info][gc,phases      ] GC(626)   Other: 0.07ms
[5398.329s][info][gc,heap        ] GC(626) Eden regions: 715->0(713)
[5398.329s][info][gc,heap        ] GC(626) Survivor regions: 53->55(96)
[5398.329s][info][gc,heap        ] GC(626) Old regions: 150->153
[5398.329s][info][gc,heap        ] GC(626) Humongous regions: 33->33
[5398.329s][info][gc,metaspace   ] GC(626) Metaspace: 30077K(30528K)->30077K(30528K) NonClass: 24663K(24896K)->24663K(24896K) Class: 5413K(5632K)->5413K(5632K)
[5398.329s][info][gc             ] GC(626) Pause Young (Normal) (G1 Evacuation Pause) 7579M->1894M(10240M) 176.034ms
[5398.329s][info][gc,cpu         ] GC(626) User=1.38s Sys=0.00s Real=0.18s
...|..[5403.637s][info][gc,start       ] GC(627) Pause Young (Normal) (G1 Evacuation Pause)
[5403.637s][info][gc,task        ] GC(627) Using 8 workers of 8 for evacuation
[5403.804s][info][gc,phases      ] GC(627)   Pre Evacuate Collection Set: 0.30ms
[5403.804s][info][gc,phases      ] GC(627)   Merge Heap Roots: 0.53ms
[5403.804s][info][gc,phases      ] GC(627)   Evacuate Collection Set: 165.40ms
[5403.805s][info][gc,phases      ] GC(627)   Post Evacuate Collection Set: 1.31ms
[5403.805s][info][gc,phases      ] GC(627)   Other: 0.09ms
[5403.805s][info][gc,heap        ] GC(627) Eden regions: 713->0(717)
[5403.805s][info][gc,heap        ] GC(627) Survivor regions: 55->51(96)
[5403.805s][info][gc,heap        ] GC(627) Old regions: 153->156
[5403.805s][info][gc,heap        ] GC(627) Humongous regions: 33->33
[5403.805s][info][gc,metaspace   ] GC(627) Metaspace: 30077K(30528K)->30077K(30528K) NonClass: 24663K(24896K)->24663K(24896K) Class: 5413K(5632K)->5413K(5632K)
[5403.805s][info][gc             ] GC(627) Pause Young (Normal) (G1 Evacuation Pause) 7598M->1887M(10240M) 168.530ms
[5403.805s][info][gc,cpu         ] GC(627) User=1.32s Sys=0.00s Real=0.16s
......[5409.210s][info][gc,start       ] GC(628) Pause Young (Normal) (G1 Evacuation Pause)
[5409.210s][info][gc,task        ] GC(628) Using 8 workers of 8 for evacuation
[5409.379s][info][gc,phases      ] GC(628)   Pre Evacuate Collection Set: 0.30ms
[5409.379s][info][gc,phases      ] GC(628)   Merge Heap Roots: 0.52ms
[5409.379s][info][gc,phases      ] GC(628)   Evacuate Collection Set: 166.38ms
[5409.379s][info][gc,phases      ] GC(628)   Post Evacuate Collection Set: 1.24ms
[5409.379s][info][gc,phases      ] GC(628)   Other: 0.08ms
[5409.379s][info][gc,heap        ] GC(628) Eden regions: 717->0(716)
[5409.379s][info][gc,heap        ] GC(628) Survivor regions: 51->52(96)
[5409.379s][info][gc,heap        ] GC(628) Old regions: 156->159
[5409.379s][info][gc,heap        ] GC(628) Humongous regions: 33->33
[5409.379s][info][gc,metaspace   ] GC(628) Metaspace: 30077K(30528K)->30077K(30528K) NonClass: 24663K(24896K)->24663K(24896K) Class: 5413K(5632K)->5413K(5632K)
[5409.379s][info][gc             ] GC(628) Pause Young (Normal) (G1 Evacuation Pause) 7623M->1913M(10240M) 168.636ms
[5409.379s][info][gc,cpu         ] GC(628) User=1.32s Sys=0.01s Real=0.17s
.....[5414.681s][info][gc,start       ] GC(629) Pause Young (Normal) (G1 Evacuation Pause)
[5414.681s][info][gc,task        ] GC(629) Using 8 workers of 8 for evacuation
[5414.849s][info][gc,phases      ] GC(629)   Pre Evacuate Collection Set: 0.31ms
[5414.849s][info][gc,phases      ] GC(629)   Merge Heap Roots: 0.61ms
[5414.849s][info][gc,phases      ] GC(629)   Evacuate Collection Set: 165.66ms
[5414.849s][info][gc,phases      ] GC(629)   Post Evacuate Collection Set: 1.27ms
[5414.849s][info][gc,phases      ] GC(629)   Other: 0.07ms
[5414.849s][info][gc,heap        ] GC(629) Eden regions: 716->0(717)
[5414.849s][info][gc,heap        ] GC(629) Survivor regions: 52->51(96)
[5414.849s][info][gc,heap        ] GC(629) Old regions: 159->161
[5414.849s][info][gc,heap        ] GC(629) Humongous regions: 33->33
[5414.849s][info][gc,metaspace   ] GC(629) Metaspace: 30077K(30528K)->30077K(30528K) NonClass: 24663K(24896K)->24663K(24896K) Class: 5413K(5632K)->5413K(5632K)
[5414.849s][info][gc             ] GC(629) Pause Young (Normal) (G1 Evacuation Pause) 7641M->1927M(10240M) 168.061ms
[5414.849s][info][gc,cpu         ] GC(629) User=1.32s Sys=0.00s Real=0.17s
......[5420.247s][info][gc,start       ] GC(630) Pause Young (Normal) (G1 Evacuation Pause)
[5420.247s][info][gc,task        ] GC(630) Using 8 workers of 8 for evacuation
[5420.417s][info][gc,phases      ] GC(630)   Pre Evacuate Collection Set: 0.31ms
[5420.418s][info][gc,phases      ] GC(630)   Merge Heap Roots: 0.61ms
[5420.418s][info][gc,phases      ] GC(630)   Evacuate Collection Set: 168.40ms
[5420.418s][info][gc,phases      ] GC(630)   Post Evacuate Collection Set: 1.26ms
[5420.418s][info][gc,phases      ] GC(630)   Other: 0.07ms
[5420.418s][info][gc,heap        ] GC(630) Eden regions: 717->0(715)
[5420.418s][info][gc,heap        ] GC(630) Survivor regions: 51->53(96)
[5420.418s][info][gc,heap        ] GC(630) Old regions: 161->164
[5420.418s][info][gc,heap        ] GC(630) Humongous regions: 33->33
[5420.418s][info][gc,metaspace   ] GC(630) Metaspace: 30077K(30528K)->30077K(30528K) NonClass: 24663K(24896K)->24663K(24896K) Class: 5413K(5632K)->5413K(5632K)
[5420.418s][info][gc             ] GC(630) Pause Young (Normal) (G1 Evacuation Pause) 7663M->1967M(10240M) 170.807ms
[5420.418s][info][gc,cpu         ] GC(630) User=1.34s Sys=0.00s Real=0.17s
.....[5425.730s][info][gc,start       ] GC(631) Pause Young (Normal) (G1 Evacuation Pause)
[5425.730s][info][gc,task        ] GC(631) Using 8 workers of 8 for evacuation
[5425.901s][info][gc,phases      ] GC(631)   Pre Evacuate Collection Set: 0.29ms
[5425.901s][info][gc,phases      ] GC(631)   Merge Heap Roots: 0.61ms
[5425.901s][info][gc,phases      ] GC(631)   Evacuate Collection Set: 169.36ms
[5425.901s][info][gc,phases      ] GC(631)   Post Evacuate Collection Set: 1.21ms
[5425.901s][info][gc,phases      ] GC(631)   Other: 0.07ms
[5425.901s][info][gc,heap        ] GC(631) Eden regions: 715->0(715)
[5425.901s][info][gc,heap        ] GC(631) Survivor regions: 53->53(96)
[5425.901s][info][gc,heap        ] GC(631) Old regions: 164->166
[5425.901s][info][gc,heap        ] GC(631) Humongous regions: 33->33
[5425.901s][info][gc,metaspace   ] GC(631) Metaspace: 30077K(30528K)->30077K(30528K) NonClass: 24663K(24896K)->24663K(24896K) Class: 5413K(5632K)->5413K(5632K)
[5425.901s][info][gc             ] GC(631) Pause Young (Normal) (G1 Evacuation Pause) 7687M->1987M(10240M) 171.687ms
[5425.901s][info][gc,cpu         ] GC(631) User=1.35s Sys=0.01s Real=0.17s
......[5431.263s][info][gc,start       ] GC(632) Pause Young (Normal) (G1 Evacuation Pause)
[5431.263s][info][gc,task        ] GC(632) Using 8 workers of 8 for evacuation
[5431.434s][info][gc,phases      ] GC(632)   Pre Evacuate Collection Set: 0.34ms
[5431.434s][info][gc,phases      ] GC(632)   Merge Heap Roots: 0.66ms
[5431.434s][info][gc,phases      ] GC(632)   Evacuate Collection Set: 168.79ms
[5431.434s][info][gc,phases      ] GC(632)   Post Evacuate Collection Set: 1.23ms
[5431.434s][info][gc,phases      ] GC(632)   Other: 0.06ms
[5431.434s][info][gc,heap        ] GC(632) Eden regions: 715->0(716)
[5431.434s][info][gc,heap        ] GC(632) Survivor regions: 53->52(96)
[5431.434s][info][gc,heap        ] GC(632) Old regions: 166->169
[5431.434s][info][gc,heap        ] GC(632) Humongous regions: 33->33
[5431.435s][info][gc,metaspace   ] GC(632) Metaspace: 30077K(30528K)->30077K(30528K) NonClass: 24663K(24896K)->24663K(24896K) Class: 5413K(5632K)->5413K(5632K)
[5431.435s][info][gc             ] GC(632) Pause Young (Normal) (G1 Evacuation Pause) 7707M->2001M(10240M) 171.212ms
[5431.435s][info][gc,cpu         ] GC(632) User=1.35s Sys=0.00s Real=0.17s
.....[5436.839s][info][gc,start       ] GC(633) Pause Young (Normal) (G1 Evacuation Pause)
[5436.839s][info][gc,task        ] GC(633) Using 8 workers of 8 for evacuation
[5437.008s][info][gc,phases      ] GC(633)   Pre Evacuate Collection Set: 0.31ms
[5437.008s][info][gc,phases      ] GC(633)   Merge Heap Roots: 0.59ms
[5437.008s][info][gc,phases      ] GC(633)   Evacuate Collection Set: 166.27ms
[5437.008s][info][gc,phases      ] GC(633)   Post Evacuate Collection Set: 1.25ms
[5437.008s][info][gc,phases      ] GC(633)   Other: 0.07ms
[5437.008s][info][gc,heap        ] GC(633) Eden regions: 716->0(716)
[5437.008s][info][gc,heap        ] GC(633) Survivor regions: 52->52(96)
[5437.008s][info][gc,heap        ] GC(633) Old regions: 169->172
[5437.008s][info][gc,heap        ] GC(633) Humongous regions: 33->33
[5437.008s][info][gc,metaspace   ] GC(633) Metaspace: 30077K(30528K)->30077K(30528K) NonClass: 24663K(24896K)->24663K(24896K) Class: 5413K(5632K)->5413K(5632K)
[5437.008s][info][gc             ] GC(633) Pause Young (Normal) (G1 Evacuation Pause) 7729M->2017M(10240M) 168.622ms
[5437.008s][info][gc,cpu         ] GC(633) User=1.33s Sys=0.00s Real=0.17s
......[5442.273s][info][gc,start       ] GC(634) Pause Young (Normal) (G1 Evacuation Pause)
[5442.273s][info][gc,task        ] GC(634) Using 8 workers of 8 for evacuation
[5442.448s][info][gc,phases      ] GC(634)   Pre Evacuate Collection Set: 0.29ms
[5442.448s][info][gc,phases      ] GC(634)   Merge Heap Roots: 0.53ms
[5442.448s][info][gc,phases      ] GC(634)   Evacuate Collection Set: 173.33ms
[5442.448s][info][gc,phases      ] GC(634)   Post Evacuate Collection Set: 1.28ms
[5442.448s][info][gc,phases      ] GC(634)   Other: 0.07ms
[5442.448s][info][gc,heap        ] GC(634) Eden regions: 716->0(714)
[5442.448s][info][gc,heap        ] GC(634) Survivor regions: 52->54(96)
[5442.448s][info][gc,heap        ] GC(634) Old regions: 172->174
[5442.448s][info][gc,heap        ] GC(634) Humongous regions: 33->33
[5442.448s][info][gc,metaspace   ] GC(634) Metaspace: 30077K(30528K)->30077K(30528K) NonClass: 24663K(24896K)->24663K(24896K) Class: 5413K(5632K)->5413K(5632K)
[5442.448s][info][gc             ] GC(634) Pause Young (Normal) (G1 Evacuation Pause) 7745M->2054M(10240M) 175.642ms
[5442.449s][info][gc,cpu         ] GC(634) User=1.39s Sys=0.01s Real=0.18s
.....[5447.778s][info][gc,start       ] GC(635) Pause Young (Normal) (G1 Evacuation Pause)
[5447.778s][info][gc,task        ] GC(635) Using 8 workers of 8 for evacuation
[5447.950s][info][gc,phases      ] GC(635)   Pre Evacuate Collection Set: 0.31ms
[5447.950s][info][gc,phases      ] GC(635)   Merge Heap Roots: 0.53ms
[5447.950s][info][gc,phases      ] GC(635)   Evacuate Collection Set: 169.62ms
[5447.950s][info][gc,phases      ] GC(635)   Post Evacuate Collection Set: 1.31ms
[5447.950s][info][gc,phases      ] GC(635)   Other: 0.06ms
[5447.950s][info][gc,heap        ] GC(635) Eden regions: 714->0(716)
[5447.950s][info][gc,heap        ] GC(635) Survivor regions: 54->52(96)
[5447.950s][info][gc,heap        ] GC(635) Old regions: 174->177
[5447.950s][info][gc,heap        ] GC(635) Humongous regions: 33->33
[5447.950s][info][gc,metaspace   ] GC(635) Metaspace: 30077K(30528K)->30077K(30528K) NonClass: 24663K(24896K)->24663K(24896K) Class: 5413K(5632K)->5413K(5632K)
[5447.950s][info][gc             ] GC(635) Pause Young (Normal) (G1 Evacuation Pause) 7766M->2063M(10240M) 171.996ms
[5447.950s][info][gc,cpu         ] GC(635) User=1.35s Sys=0.00s Real=0.17s
......[5453.232s][info][gc,start       ] GC(636) Pause Young (Normal) (G1 Evacuation Pause)
[5453.232s][info][gc,task        ] GC(636) Using 8 workers of 8 for evacuation
[5453.401s][info][gc,phases      ] GC(636)   Pre Evacuate Collection Set: 0.30ms
[5453.401s][info][gc,phases      ] GC(636)   Merge Heap Roots: 0.64ms
[5453.401s][info][gc,phases      ] GC(636)   Evacuate Collection Set: 166.49ms
[5453.401s][info][gc,phases      ] GC(636)   Post Evacuate Collection Set: 1.25ms
[5453.401s][info][gc,phases      ] GC(636)   Other: 0.07ms
[5453.401s][info][gc,heap        ] GC(636) Eden regions: 716->0(716)
[5453.401s][info][gc,heap        ] GC(636) Survivor regions: 52->52(96)
[5453.401s][info][gc,heap        ] GC(636) Old regions: 177->180
[5453.401s][info][gc,heap        ] GC(636) Humongous regions: 33->33
[5453.401s][info][gc,metaspace   ] GC(636) Metaspace: 30077K(30528K)->30077K(30528K) NonClass: 24663K(24896K)->24663K(24896K) Class: 5413K(5632K)->5413K(5632K)
[5453.401s][info][gc             ] GC(636) Pause Young (Normal) (G1 Evacuation Pause) 7791M->2080M(10240M) 168.939ms
[5453.401s][info][gc,cpu         ] GC(636) User=1.33s Sys=0.00s Real=0.17s
.....[5458.702s][info][gc,start       ] GC(637) Pause Young (Normal) (G1 Evacuation Pause)
[5458.702s][info][gc,task        ] GC(637) Using 8 workers of 8 for evacuation
[5458.873s][info][gc,phases      ] GC(637)   Pre Evacuate Collection Set: 0.31ms
[5458.873s][info][gc,phases      ] GC(637)   Merge Heap Roots: 0.62ms
[5458.873s][info][gc,phases      ] GC(637)   Evacuate Collection Set: 168.36ms
[5458.873s][info][gc,phases      ] GC(637)   Post Evacuate Collection Set: 1.29ms
[5458.873s][info][gc,phases      ] GC(637)   Other: 0.07ms
[5458.873s][info][gc,heap        ] GC(637) Eden regions: 716->0(715)
[5458.873s][info][gc,heap        ] GC(637) Survivor regions: 52->53(96)
[5458.873s][info][gc,heap        ] GC(637) Old regions: 180->182
[5458.873s][info][gc,heap        ] GC(637) Humongous regions: 33->33
[5458.873s][info][gc,metaspace   ] GC(637) Metaspace: 30077K(30528K)->30077K(30528K) NonClass: 24663K(24896K)->24663K(24896K) Class: 5413K(5632K)->5413K(5632K)
[5458.873s][info][gc             ] GC(637) Pause Young (Normal) (G1 Evacuation Pause) 7808M->2109M(10240M) 170.787ms
[5458.873s][info][gc,cpu         ] GC(637) User=1.34s Sys=0.00s Real=0.17s
... (rIR:aIR:PR = 8717:8761:8761) (tPR = 130878) [OK] 
  5460s: Performance info:
         Transaction,    Success,    Partial,     Failed,   Receipts, AvgBarcode, 
             Overall,     527864,          0,          0,     501515,      59.48, 
         Response times:
             Request,    Success,    Partial,     Failed,   SkipFail,     Probes,    Samples,      min,      p50,      p90,      p95,      p99,      max, 
       TotalPurchase,     501515,          0,          0,          0,     360348,     461662,      400,     6100,    14700,    40000,   110000,   512000,
     InStorePurchase,     263108,          0,          0,          0,     189703,     242474,      400,     6100,    14600,    39000,   110000,   512000,
      OnlinePurchase,     185872,          0,          0,          0,     132645,     170080,      400,     6200,    14600,    41000,   112000,   512000,
        InstPurchase,      52535,          0,          0,          0,      38000,      49108,      400,     6000,    15200,    39000,   105000,   464000,
          AssocOfCat,        527,          0,          0,          0,        447,        689,    30000,    49000,    79000,   124000,   185400,   247000,
      AssocOfProduct,       5232,          0,          0,          0,       3693,       4922,      600,     6000,    14300,    37000,   107000,   418000,
      BusinessReport,       1316,          0,          0,          0,       1172,       1635,    33000,    55000,    78000,   104200,   198880,   266000,
          CustBuyBeh,       5212,          0,          0,          0,       3734,       5064,      300,     6200,    14450,    37750,   109350,   399000,
       ProductReturn,      14062,          0,          0,          0,       9839,      12855,      200,     5700,    13900,    39000,   106000,   399000,

  5460s: (64%)   IR =   8856 ...[5464.237s][info][gc,start       ] GC(638) Pause Young (Normal) (G1 Evacuation Pause)
[5464.237s][info][gc,task        ] GC(638) Using 8 workers of 8 for evacuation
[5464.407s][info][gc,phases      ] GC(638)   Pre Evacuate Collection Set: 0.30ms
[5464.407s][info][gc,phases      ] GC(638)   Merge Heap Roots: 0.54ms
[5464.407s][info][gc,phases      ] GC(638)   Evacuate Collection Set: 167.91ms
[5464.407s][info][gc,phases      ] GC(638)   Post Evacuate Collection Set: 1.31ms
[5464.407s][info][gc,phases      ] GC(638)   Other: 0.08ms
[5464.407s][info][gc,heap        ] GC(638) Eden regions: 715->0(716)
[5464.407s][info][gc,heap        ] GC(638) Survivor regions: 53->52(96)
[5464.407s][info][gc,heap        ] GC(638) Old regions: 182->185
[5464.407s][info][gc,heap        ] GC(638) Humongous regions: 33->33
[5464.407s][info][gc,metaspace   ] GC(638) Metaspace: 30077K(30528K)->30077K(30528K) NonClass: 24663K(24896K)->24663K(24896K) Class: 5413K(5632K)->5413K(5632K)
[5464.407s][info][gc             ] GC(638) Pause Young (Normal) (G1 Evacuation Pause) 7829M->2125M(10240M) 170.273ms
[5464.407s][info][gc,cpu         ] GC(638) User=1.34s Sys=0.01s Real=0.17s
...|..[5469.732s][info][gc,start       ] GC(639) Pause Young (Normal) (G1 Evacuation Pause)
[5469.732s][info][gc,task        ] GC(639) Using 8 workers of 8 for evacuation
[5469.899s][info][gc,phases      ] GC(639)   Pre Evacuate Collection Set: 0.30ms
[5469.900s][info][gc,phases      ] GC(639)   Merge Heap Roots: 0.54ms
[5469.900s][info][gc,phases      ] GC(639)   Evacuate Collection Set: 165.32ms
[5469.900s][info][gc,phases      ] GC(639)   Post Evacuate Collection Set: 1.30ms
[5469.900s][info][gc,phases      ] GC(639)   Other: 0.08ms
[5469.900s][info][gc,heap        ] GC(639) Eden regions: 716->0(716)
[5469.900s][info][gc,heap        ] GC(639) Survivor regions: 52->52(96)
[5469.900s][info][gc,heap        ] GC(639) Old regions: 185->187
[5469.900s][info][gc,heap        ] GC(639) Humongous regions: 33->33
[5469.900s][info][gc,metaspace   ] GC(639) Metaspace: 30077K(30528K)->30077K(30528K) NonClass: 24663K(24896K)->24663K(24896K) Class: 5413K(5632K)->5413K(5632K)
[5469.900s][info][gc             ] GC(639) Pause Young (Normal) (G1 Evacuation Pause) 7853M->2147M(10240M) 167.679ms
[5469.900s][info][gc,cpu         ] GC(639) User=1.32s Sys=0.00s Real=0.17s
......[5475.224s][info][gc,start       ] GC(640) Pause Young (Normal) (G1 Evacuation Pause)
[5475.224s][info][gc,task        ] GC(640) Using 8 workers of 8 for evacuation
[5475.393s][info][gc,phases      ] GC(640)   Pre Evacuate Collection Set: 0.29ms
[5475.393s][info][gc,phases      ] GC(640)   Merge Heap Roots: 0.55ms
[5475.393s][info][gc,phases      ] GC(640)   Evacuate Collection Set: 166.70ms
[5475.393s][info][gc,phases      ] GC(640)   Post Evacuate Collection Set: 1.25ms
[5475.393s][info][gc,phases      ] GC(640)   Other: 0.06ms
[5475.393s][info][gc,heap        ] GC(640) Eden regions: 716->0(716)
[5475.393s][info][gc,heap        ] GC(640) Survivor regions: 52->52(96)
[5475.393s][info][gc,heap        ] GC(640) Old regions: 187->190
[5475.393s][info][gc,heap        ] GC(640) Humongous regions: 33->33
[5475.393s][info][gc,metaspace   ] GC(640) Metaspace: 30077K(30528K)->30077K(30528K) NonClass: 24663K(24896K)->24663K(24896K) Class: 5413K(5632K)->5413K(5632K)
[5475.393s][info][gc             ] GC(640) Pause Young (Normal) (G1 Evacuation Pause) 7875M->2164M(10240M) 168.979ms
[5475.393s][info][gc,cpu         ] GC(640) User=1.33s Sys=0.00s Real=0.17s
.....[5480.702s][info][gc,start       ] GC(641) Pause Young (Normal) (G1 Evacuation Pause)
[5480.702s][info][gc,task        ] GC(641) Using 8 workers of 8 for evacuation
[5480.868s][info][gc,phases      ] GC(641)   Pre Evacuate Collection Set: 0.30ms
[5480.868s][info][gc,phases      ] GC(641)   Merge Heap Roots: 0.56ms
[5480.868s][info][gc,phases      ] GC(641)   Evacuate Collection Set: 164.22ms
[5480.868s][info][gc,phases      ] GC(641)   Post Evacuate Collection Set: 1.27ms
[5480.868s][info][gc,phases      ] GC(641)   Other: 0.07ms
[5480.868s][info][gc,heap        ] GC(641) Eden regions: 716->0(717)
[5480.868s][info][gc,heap        ] GC(641) Survivor regions: 52->51(96)
[5480.868s][info][gc,heap        ] GC(641) Old regions: 190->193
[5480.868s][info][gc,heap        ] GC(641) Humongous regions: 33->33
[5480.868s][info][gc,metaspace   ] GC(641) Metaspace: 30077K(30528K)->30077K(30528K) NonClass: 24663K(24896K)->24663K(24896K) Class: 5413K(5632K)->5413K(5632K)
[5480.868s][info][gc             ] GC(641) Pause Young (Normal) (G1 Evacuation Pause) 7892M->2181M(10240M) 166.568ms
[5480.868s][info][gc,cpu         ] GC(641) User=1.31s Sys=0.00s Real=0.17s
......[5486.173s][info][gc,start       ] GC(642) Pause Young (Normal) (G1 Evacuation Pause)
[5486.173s][info][gc,task        ] GC(642) Using 8 workers of 8 for evacuation
[5486.345s][info][gc,phases      ] GC(642)   Pre Evacuate Collection Set: 0.28ms
[5486.345s][info][gc,phases      ] GC(642)   Merge Heap Roots: 0.54ms
[5486.345s][info][gc,phases      ] GC(642)   Evacuate Collection Set: 170.18ms
[5486.345s][info][gc,phases      ] GC(642)   Post Evacuate Collection Set: 1.27ms
[5486.345s][info][gc,phases      ] GC(642)   Other: 0.06ms
[5486.345s][info][gc,heap        ] GC(642) Eden regions: 717->0(715)
[5486.346s][info][gc,heap        ] GC(642) Survivor regions: 51->53(96)
[5486.346s][info][gc,heap        ] GC(642) Old regions: 193->195
[5486.346s][info][gc,heap        ] GC(642) Humongous regions: 33->33
[5486.346s][info][gc,metaspace   ] GC(642) Metaspace: 30077K(30528K)->30077K(30528K) NonClass: 24663K(24896K)->24663K(24896K) Class: 5413K(5632K)->5413K(5632K)
[5486.346s][info][gc             ] GC(642) Pause Young (Normal) (G1 Evacuation Pause) 7917M->2214M(10240M) 172.465ms
[5486.346s][info][gc,cpu         ] GC(642) User=1.36s Sys=0.00s Real=0.17s
.....[5491.673s][info][gc,start       ] GC(643) Pause Young (Normal) (G1 Evacuation Pause)
[5491.673s][info][gc,task        ] GC(643) Using 8 workers of 8 for evacuation
[5491.842s][info][gc,phases      ] GC(643)   Pre Evacuate Collection Set: 0.30ms
[5491.842s][info][gc,phases      ] GC(643)   Merge Heap Roots: 0.56ms
[5491.842s][info][gc,phases      ] GC(643)   Evacuate Collection Set: 166.74ms
[5491.842s][info][gc,phases      ] GC(643)   Post Evacuate Collection Set: 1.30ms
[5491.842s][info][gc,phases      ] GC(643)   Other: 0.07ms
[5491.842s][info][gc,heap        ] GC(643) Eden regions: 715->0(716)
[5491.842s][info][gc,heap        ] GC(643) Survivor regions: 53->52(96)
[5491.842s][info][gc,heap        ] GC(643) Old regions: 195->198
[5491.842s][info][gc,heap        ] GC(643) Humongous regions: 33->33
[5491.842s][info][gc,metaspace   ] GC(643) Metaspace: 30077K(30528K)->30077K(30528K) NonClass: 24663K(24896K)->24663K(24896K) Class: 5413K(5632K)->5413K(5632K)
[5491.842s][info][gc             ] GC(643) Pause Young (Normal) (G1 Evacuation Pause) 7934M->2232M(10240M) 169.120ms
[5491.842s][info][gc,cpu         ] GC(643) User=1.33s Sys=0.00s Real=0.17s
.....[5497.127s][info][gc,start       ] GC(644) Pause Young (Normal) (G1 Evacuation Pause)
[5497.127s][info][gc,task        ] GC(644) Using 8 workers of 8 for evacuation
[5497.298s][info][gc,phases      ] GC(644)   Pre Evacuate Collection Set: 0.30ms
[5497.298s][info][gc,phases      ] GC(644)   Merge Heap Roots: 0.55ms
[5497.298s][info][gc,phases      ] GC(644)   Evacuate Collection Set: 168.48ms
[5497.298s][info][gc,phases      ] GC(644)   Post Evacuate Collection Set: 1.29ms
[5497.298s][info][gc,phases      ] GC(644)   Other: 0.07ms
[5497.298s][info][gc,heap        ] GC(644) Eden regions: 716->0(715)
[5497.298s][info][gc,heap        ] GC(644) Survivor regions: 52->53(96)
[5497.298s][info][gc,heap        ] GC(644) Old regions: 198->201
[5497.298s][info][gc,heap        ] GC(644) Humongous regions: 33->33
[5497.298s][info][gc,metaspace   ] GC(644) Metaspace: 30077K(30528K)->30077K(30528K) NonClass: 24663K(24896K)->24663K(24896K) Class: 5413K(5632K)->5413K(5632K)
[5497.298s][info][gc             ] GC(644) Pause Young (Normal) (G1 Evacuation Pause) 7960M->2261M(10240M) 170.824ms
[5497.298s][info][gc,cpu         ] GC(644) User=1.34s Sys=0.00s Real=0.17s
......[5502.566s][info][gc,start       ] GC(645) Pause Young (Normal) (G1 Evacuation Pause)
[5502.566s][info][gc,task        ] GC(645) Using 8 workers of 8 for evacuation
[5502.741s][info][gc,phases      ] GC(645)   Pre Evacuate Collection Set: 0.29ms
[5502.741s][info][gc,phases      ] GC(645)   Merge Heap Roots: 0.54ms
[5502.741s][info][gc,phases      ] GC(645)   Evacuate Collection Set: 173.15ms
[5502.741s][info][gc,phases      ] GC(645)   Post Evacuate Collection Set: 1.27ms
[5502.741s][info][gc,phases      ] GC(645)   Other: 0.07ms
[5502.741s][info][gc,heap        ] GC(645) Eden regions: 715->0(713)
[5502.741s][info][gc,heap        ] GC(645) Survivor regions: 53->55(96)
[5502.741s][info][gc,heap        ] GC(645) Old regions: 201->203
[5502.741s][info][gc,heap        ] GC(645) Humongous regions: 33->33
[5502.741s][info][gc,metaspace   ] GC(645) Metaspace: 30077K(30528K)->30077K(30528K) NonClass: 24663K(24896K)->24663K(24896K) Class: 5413K(5632K)->5413K(5632K)
[5502.741s][info][gc             ] GC(645) Pause Young (Normal) (G1 Evacuation Pause) 7981M->2294M(10240M) 175.470ms
[5502.741s][info][gc,cpu         ] GC(645) User=1.38s Sys=0.00s Real=0.18s
.....[5508.070s][info][gc,start       ] GC(646) Pause Young (Normal) (G1 Evacuation Pause)
[5508.070s][info][gc,task        ] GC(646) Using 8 workers of 8 for evacuation
[5508.244s][info][gc,phases      ] GC(646)   Pre Evacuate Collection Set: 0.30ms
[5508.244s][info][gc,phases      ] GC(646)   Merge Heap Roots: 0.56ms
[5508.244s][info][gc,phases      ] GC(646)   Evacuate Collection Set: 171.29ms
[5508.244s][info][gc,phases      ] GC(646)   Post Evacuate Collection Set: 1.30ms
[5508.244s][info][gc,phases      ] GC(646)   Other: 0.07ms
[5508.244s][info][gc,heap        ] GC(646) Eden regions: 713->0(715)
[5508.244s][info][gc,heap        ] GC(646) Survivor regions: 55->53(96)
[5508.244s][info][gc,heap        ] GC(646) Old regions: 203->206
[5508.244s][info][gc,heap        ] GC(646) Humongous regions: 33->33
[5508.244s][info][gc,metaspace   ] GC(646) Metaspace: 30077K(30528K)->30077K(30528K) NonClass: 24663K(24896K)->24663K(24896K) Class: 5413K(5632K)->5413K(5632K)
[5508.244s][info][gc             ] GC(646) Pause Young (Normal) (G1 Evacuation Pause) 7998M->2303M(10240M) 173.676ms
[5508.244s][info][gc,cpu         ] GC(646) User=1.37s Sys=0.00s Real=0.17s
......[5513.519s][info][gc,start       ] GC(647) Pause Young (Normal) (G1 Evacuation Pause)
[5513.519s][info][gc,task        ] GC(647) Using 8 workers of 8 for evacuation
[5513.691s][info][gc,phases      ] GC(647)   Pre Evacuate Collection Set: 0.28ms
[5513.691s][info][gc,phases      ] GC(647)   Merge Heap Roots: 0.54ms
[5513.691s][info][gc,phases      ] GC(647)   Evacuate Collection Set: 169.90ms
[5513.691s][info][gc,phases      ] GC(647)   Post Evacuate Collection Set: 1.24ms
[5513.691s][info][gc,phases      ] GC(647)   Other: 0.06ms
[5513.691s][info][gc,heap        ] GC(647) Eden regions: 715->0(715)
[5513.691s][info][gc,heap        ] GC(647) Survivor regions: 53->53(96)
[5513.691s][info][gc,heap        ] GC(647) Old regions: 206->209
[5513.691s][info][gc,heap        ] GC(647) Humongous regions: 33->33
[5513.691s][info][gc,metaspace   ] GC(647) Metaspace: 30077K(30528K)->30077K(30528K) NonClass: 24663K(24896K)->24663K(24896K) Class: 5413K(5632K)->5413K(5632K)
[5513.691s][info][gc             ] GC(647) Pause Young (Normal) (G1 Evacuation Pause) 8023M->2326M(10240M) 172.181ms
[5513.691s][info][gc,cpu         ] GC(647) User=1.35s Sys=0.01s Real=0.17s
.....[5519.020s][info][gc,start       ] GC(648) Pause Young (Normal) (G1 Evacuation Pause)
[5519.020s][info][gc,task        ] GC(648) Using 8 workers of 8 for evacuation
[5519.188s][info][gc,phases      ] GC(648)   Pre Evacuate Collection Set: 0.31ms
[5519.188s][info][gc,phases      ] GC(648)   Merge Heap Roots: 0.53ms
[5519.188s][info][gc,phases      ] GC(648)   Evacuate Collection Set: 165.83ms
[5519.188s][info][gc,phases      ] GC(648)   Post Evacuate Collection Set: 1.27ms
[5519.188s][info][gc,phases      ] GC(648)   Other: 0.07ms
[5519.188s][info][gc,heap        ] GC(648) Eden regions: 715->0(716)
[5519.188s][info][gc,heap        ] GC(648) Survivor regions: 53->52(96)
[5519.188s][info][gc,heap        ] GC(648) Old regions: 209->211
[5519.188s][info][gc,heap        ] GC(648) Humongous regions: 33->33
[5519.188s][info][gc,metaspace   ] GC(648) Metaspace: 30077K(30528K)->30077K(30528K) NonClass: 24663K(24896K)->24663K(24896K) Class: 5413K(5632K)->5413K(5632K)
[5519.188s][info][gc             ] GC(648) Pause Young (Normal) (G1 Evacuation Pause) 8046M->2334M(10240M) 168.166ms
[5519.188s][info][gc,cpu         ] GC(648) User=1.32s Sys=0.00s Real=0.17s
......[5524.401s][info][gc,start       ] GC(649) Pause Young (Normal) (G1 Evacuation Pause)
[5524.401s][info][gc,task        ] GC(649) Using 8 workers of 8 for evacuation
[5524.574s][info][gc,phases      ] GC(649)   Pre Evacuate Collection Set: 0.28ms
[5524.574s][info][gc,phases      ] GC(649)   Merge Heap Roots: 0.57ms
[5524.574s][info][gc,phases      ] GC(649)   Evacuate Collection Set: 171.46ms
[5524.574s][info][gc,phases      ] GC(649)   Post Evacuate Collection Set: 1.28ms
[5524.574s][info][gc,phases      ] GC(649)   Other: 0.09ms
[5524.574s][info][gc,heap        ] GC(649) Eden regions: 716->0(714)
[5524.574s][info][gc,heap        ] GC(649) Survivor regions: 52->54(96)
[5524.574s][info][gc,heap        ] GC(649) Old regions: 211->214
[5524.574s][info][gc,heap        ] GC(649) Humongous regions: 33->33
[5524.574s][info][gc,metaspace   ] GC(649) Metaspace: 30077K(30528K)->30077K(30528K) NonClass: 24663K(24896K)->24663K(24896K) Class: 5413K(5632K)->5413K(5632K)
[5524.574s][info][gc             ] GC(649) Pause Young (Normal) (G1 Evacuation Pause) 8062M->2372M(10240M) 173.823ms
[5524.574s][info][gc,cpu         ] GC(649) User=1.37s Sys=0.00s Real=0.17s
... (rIR:aIR:PR = 8856:8814:8815) (tPR = 130602) [OK] 
  5527s: Performance info:
         Transaction,    Success,    Partial,     Failed,   Receipts, AvgBarcode, 
             Overall,     530650,          0,          0,     503815,      59.48, 
         Response times:
             Request,    Success,    Partial,     Failed,   SkipFail,     Probes,    Samples,      min,      p50,      p90,      p95,      p99,      max, 
       TotalPurchase,     503776,          0,          0,          0,     360485,     398851,      300,     6100,    16000,    50000,   112000,   533000,
     InStorePurchase,     266151,          0,          0,          0,     189909,     209749,      300,     6200,    16200,    51000,   113000,   533000,
      OnlinePurchase,     184172,          0,          0,          0,     132769,     146794,      300,     6000,    15800,    48000,   109000,   533000,
        InstPurchase,      53453,          0,          0,          0,      37807,      42308,      500,     6200,    16000,    54000,   117910,   531000,
          AssocOfCat,        532,          0,          0,          0,        455,        591,    28000,    48000,    73000,   101000,   173800,   249000,
      AssocOfProduct,       5365,          0,          0,          0,       3845,       4495,      700,     7100,    18140,    60000,   130160,   182000,
      BusinessReport,       1332,          0,          0,          0,       1214,       1506,    31000,    55000,    86000,   131000,   227930,   322000,
          CustBuyBeh,       5372,          0,          0,          0,       3850,       4558,      200,     5700,    15700,    44000,   107410,   417000,
       ProductReturn,      14230,          0,          0,          0,      10079,      11492,      200,     5600,    15500,    47000,   106070,   465000,

  5527s: (65%)   IR =   8994 ..[5529.916s][info][gc,start       ] GC(650) Pause Young (Normal) (G1 Evacuation Pause)
[5529.916s][info][gc,task        ] GC(650) Using 8 workers of 8 for evacuation
[5530.091s][info][gc,phases      ] GC(650)   Pre Evacuate Collection Set: 0.31ms
[5530.091s][info][gc,phases      ] GC(650)   Merge Heap Roots: 0.55ms
[5530.091s][info][gc,phases      ] GC(650)   Evacuate Collection Set: 172.51ms
[5530.091s][info][gc,phases      ] GC(650)   Post Evacuate Collection Set: 1.26ms
[5530.091s][info][gc,phases      ] GC(650)   Other: 0.07ms
[5530.091s][info][gc,heap        ] GC(650) Eden regions: 714->0(714)
[5530.091s][info][gc,heap        ] GC(650) Survivor regions: 54->54(96)
[5530.091s][info][gc,heap        ] GC(650) Old regions: 214->217
[5530.091s][info][gc,heap        ] GC(650) Humongous regions: 33->33
[5530.091s][info][gc,metaspace   ] GC(650) Metaspace: 30077K(30528K)->30077K(30528K) NonClass: 24663K(24896K)->24663K(24896K) Class: 5413K(5632K)->5413K(5632K)
[5530.091s][info][gc             ] GC(650) Pause Young (Normal) (G1 Evacuation Pause) 8084M->2392M(10240M) 174.849ms
[5530.091s][info][gc,cpu         ] GC(650) User=1.38s Sys=0.00s Real=0.17s
.....[5535.292s][info][gc,start       ] GC(651) Pause Young (Normal) (G1 Evacuation Pause)
[5535.292s][info][gc,task        ] GC(651) Using 8 workers of 8 for evacuation
[5535.466s][info][gc,phases      ] GC(651)   Pre Evacuate Collection Set: 0.29ms
[5535.466s][info][gc,phases      ] GC(651)   Merge Heap Roots: 0.54ms
[5535.466s][info][gc,phases      ] GC(651)   Evacuate Collection Set: 172.09ms
[5535.466s][info][gc,phases      ] GC(651)   Post Evacuate Collection Set: 1.26ms
[5535.466s][info][gc,phases      ] GC(651)   Other: 0.07ms
[5535.466s][info][gc,heap        ] GC(651) Eden regions: 714->0(714)
[5535.466s][info][gc,heap        ] GC(651) Survivor regions: 54->54(96)
[5535.466s][info][gc,heap        ] GC(651) Old regions: 217->219
[5535.466s][info][gc,heap        ] GC(651) Humongous regions: 33->33
[5535.466s][info][gc,metaspace   ] GC(651) Metaspace: 30077K(30528K)->30077K(30528K) NonClass: 24663K(24896K)->24663K(24896K) Class: 5413K(5632K)->5413K(5632K)
[5535.466s][info][gc             ] GC(651) Pause Young (Normal) (G1 Evacuation Pause) 8104M->2418M(10240M) 174.380ms
[5535.466s][info][gc,cpu         ] GC(651) User=1.37s Sys=0.00s Real=0.18s
......[5540.658s][info][gc,start       ] GC(652) Pause Young (Normal) (G1 Evacuation Pause)
[5540.658s][info][gc,task        ] GC(652) Using 8 workers of 8 for evacuation
[5540.827s][info][gc,phases      ] GC(652)   Pre Evacuate Collection Set: 0.30ms
[5540.827s][info][gc,phases      ] GC(652)   Merge Heap Roots: 0.53ms
[5540.827s][info][gc,phases      ] GC(652)   Evacuate Collection Set: 166.53ms
[5540.827s][info][gc,phases      ] GC(652)   Post Evacuate Collection Set: 1.33ms
[5540.827s][info][gc,phases      ] GC(652)   Other: 0.07ms
[5540.827s][info][gc,heap        ] GC(652) Eden regions: 714->0(717)
[5540.827s][info][gc,heap        ] GC(652) Survivor regions: 54->51(96)
[5540.827s][info][gc,heap        ] GC(652) Old regions: 219->222
[5540.827s][info][gc,heap        ] GC(652) Humongous regions: 33->33
[5540.827s][info][gc,metaspace   ] GC(652) Metaspace: 30077K(30528K)->30077K(30528K) NonClass: 24663K(24896K)->24663K(24896K) Class: 5413K(5632K)->5413K(5632K)
[5540.827s][info][gc             ] GC(652) Pause Young (Normal) (G1 Evacuation Pause) 8130M->2415M(10240M) 168.897ms
[5540.827s][info][gc,cpu         ] GC(652) User=1.33s Sys=0.01s Real=0.17s
..|...[5545.960s][info][gc,start       ] GC(653) Pause Young (Normal) (G1 Evacuation Pause)
[5545.960s][info][gc,task        ] GC(653) Using 8 workers of 8 for evacuation
[5546.129s][info][gc,phases      ] GC(653)   Pre Evacuate Collection Set: 0.30ms
[5546.129s][info][gc,phases      ] GC(653)   Merge Heap Roots: 0.57ms
[5546.129s][info][gc,phases      ] GC(653)   Evacuate Collection Set: 166.80ms
[5546.129s][info][gc,phases      ] GC(653)   Post Evacuate Collection Set: 1.23ms
[5546.129s][info][gc,phases      ] GC(653)   Other: 0.06ms
[5546.129s][info][gc,heap        ] GC(653) Eden regions: 717->0(716)
[5546.129s][info][gc,heap        ] GC(653) Survivor regions: 51->52(96)
[5546.129s][info][gc,heap        ] GC(653) Old regions: 222->225
[5546.129s][info][gc,heap        ] GC(653) Humongous regions: 33->33
[5546.129s][info][gc,metaspace   ] GC(653) Metaspace: 30077K(30528K)->30077K(30528K) NonClass: 24663K(24896K)->24663K(24896K) Class: 5413K(5632K)->5413K(5632K)
[5546.129s][info][gc             ] GC(653) Pause Young (Normal) (G1 Evacuation Pause) 8151M->2440M(10240M) 169.119ms
[5546.129s][info][gc,cpu         ] GC(653) User=1.33s Sys=0.00s Real=0.17s
.....[5551.249s][info][gc,start       ] GC(654) Pause Young (Normal) (G1 Evacuation Pause)
[5551.249s][info][gc,task        ] GC(654) Using 8 workers of 8 for evacuation
[5551.424s][info][gc,phases      ] GC(654)   Pre Evacuate Collection Set: 0.34ms
[5551.424s][info][gc,phases      ] GC(654)   Merge Heap Roots: 0.71ms
[5551.424s][info][gc,phases      ] GC(654)   Evacuate Collection Set: 173.02ms
[5551.424s][info][gc,phases      ] GC(654)   Post Evacuate Collection Set: 1.33ms
[5551.424s][info][gc,phases      ] GC(654)   Other: 0.09ms
[5551.424s][info][gc,heap        ] GC(654) Eden regions: 716->0(715)
[5551.424s][info][gc,heap        ] GC(654) Survivor regions: 52->53(96)
[5551.424s][info][gc,heap        ] GC(654) Old regions: 225->227
[5551.424s][info][gc,heap        ] GC(654) Humongous regions: 33->33
[5551.424s][info][gc,metaspace   ] GC(654) Metaspace: 30077K(30528K)->30077K(30528K) NonClass: 24663K(24896K)->24663K(24896K) Class: 5413K(5632K)->5413K(5632K)
[5551.424s][info][gc             ] GC(654) Pause Young (Normal) (G1 Evacuation Pause) 8168M->2468M(10240M) 175.620ms
[5551.424s][info][gc,cpu         ] GC(654) User=1.38s Sys=0.00s Real=0.17s
......[5556.686s][info][gc,start       ] GC(655) Pause Young (Normal) (G1 Evacuation Pause)
[5556.686s][info][gc,task        ] GC(655) Using 8 workers of 8 for evacuation
[5556.854s][info][gc,phases      ] GC(655)   Pre Evacuate Collection Set: 0.30ms
[5556.854s][info][gc,phases      ] GC(655)   Merge Heap Roots: 0.60ms
[5556.854s][info][gc,phases      ] GC(655)   Evacuate Collection Set: 165.80ms
[5556.854s][info][gc,phases      ] GC(655)   Post Evacuate Collection Set: 1.26ms
[5556.854s][info][gc,phases      ] GC(655)   Other: 0.08ms
[5556.854s][info][gc,heap        ] GC(655) Eden regions: 715->0(716)
[5556.854s][info][gc,heap        ] GC(655) Survivor regions: 53->52(96)
[5556.854s][info][gc,heap        ] GC(655) Old regions: 227->230
[5556.854s][info][gc,heap        ] GC(655) Humongous regions: 33->33
[5556.854s][info][gc,metaspace   ] GC(655) Metaspace: 30077K(30528K)->30077K(30528K) NonClass: 24663K(24896K)->24663K(24896K) Class: 5413K(5632K)->5413K(5632K)
[5556.854s][info][gc             ] GC(655) Pause Young (Normal) (G1 Evacuation Pause) 8188M->2481M(10240M) 168.190ms
[5556.854s][info][gc,cpu         ] GC(655) User=1.33s Sys=0.00s Real=0.16s
.....[5561.961s][info][gc,start       ] GC(656) Pause Young (Normal) (G1 Evacuation Pause)
[5561.961s][info][gc,task        ] GC(656) Using 8 workers of 8 for evacuation
[5562.129s][info][gc,phases      ] GC(656)   Pre Evacuate Collection Set: 0.32ms
[5562.129s][info][gc,phases      ] GC(656)   Merge Heap Roots: 0.57ms
[5562.129s][info][gc,phases      ] GC(656)   Evacuate Collection Set: 165.52ms
[5562.129s][info][gc,phases      ] GC(656)   Post Evacuate Collection Set: 1.25ms
[5562.129s][info][gc,phases      ] GC(656)   Other: 0.08ms
[5562.129s][info][gc,heap        ] GC(656) Eden regions: 716->0(716)
[5562.129s][info][gc,heap        ] GC(656) Survivor regions: 52->52(96)
[5562.129s][info][gc,heap        ] GC(656) Old regions: 230->232
[5562.129s][info][gc,heap        ] GC(656) Humongous regions: 33->33
[5562.129s][info][gc,metaspace   ] GC(656) Metaspace: 30077K(30528K)->30077K(30528K) NonClass: 24663K(24896K)->24663K(24896K) Class: 5413K(5632K)->5413K(5632K)
[5562.129s][info][gc             ] GC(656) Pause Young (Normal) (G1 Evacuation Pause) 8209M->2503M(10240M) 167.881ms
[5562.129s][info][gc,cpu         ] GC(656) User=1.32s Sys=0.00s Real=0.17s
.....[5567.164s][info][gc,start       ] GC(657) Pause Young (Normal) (G1 Evacuation Pause)
[5567.164s][info][gc,task        ] GC(657) Using 8 workers of 8 for evacuation
[5567.337s][info][gc,phases      ] GC(657)   Pre Evacuate Collection Set: 0.29ms
[5567.338s][info][gc,phases      ] GC(657)   Merge Heap Roots: 0.53ms
[5567.338s][info][gc,phases      ] GC(657)   Evacuate Collection Set: 170.83ms
[5567.338s][info][gc,phases      ] GC(657)   Post Evacuate Collection Set: 1.30ms
[5567.338s][info][gc,phases      ] GC(657)   Other: 0.07ms
[5567.338s][info][gc,heap        ] GC(657) Eden regions: 716->0(714)
[5567.338s][info][gc,heap        ] GC(657) Survivor regions: 52->54(96)
[5567.338s][info][gc,heap        ] GC(657) Old regions: 232->235
[5567.338s][info][gc,heap        ] GC(657) Humongous regions: 33->33
[5567.338s][info][gc,metaspace   ] GC(657) Metaspace: 30077K(30528K)->30077K(30528K) NonClass: 24663K(24896K)->24663K(24896K) Class: 5413K(5632K)->5413K(5632K)
[5567.338s][info][gc             ] GC(657) Pause Young (Normal) (G1 Evacuation Pause) 8231M->2540M(10240M) 173.164ms
[5567.338s][info][gc,cpu         ] GC(657) User=1.36s Sys=0.00s Real=0.18s
.....[5572.482s][info][gc,start       ] GC(658) Pause Young (Normal) (G1 Evacuation Pause)
[5572.482s][info][gc,task        ] GC(658) Using 8 workers of 8 for evacuation
[5572.653s][info][gc,phases      ] GC(658)   Pre Evacuate Collection Set: 0.31ms
[5572.653s][info][gc,phases      ] GC(658)   Merge Heap Roots: 0.56ms
[5572.653s][info][gc,phases      ] GC(658)   Evacuate Collection Set: 168.45ms
[5572.653s][info][gc,phases      ] GC(658)   Post Evacuate Collection Set: 1.32ms
[5572.653s][info][gc,phases      ] GC(658)   Other: 0.07ms
[5572.653s][info][gc,heap        ] GC(658) Eden regions: 714->0(715)
[5572.653s][info][gc,heap        ] GC(658) Survivor regions: 54->53(96)
[5572.653s][info][gc,heap        ] GC(658) Old regions: 235->238
[5572.653s][info][gc,heap        ] GC(658) Humongous regions: 33->33
[5572.653s][info][gc,metaspace   ] GC(658) Metaspace: 30077K(30528K)->30077K(30528K) NonClass: 24663K(24896K)->24663K(24896K) Class: 5413K(5632K)->5413K(5632K)
[5572.653s][info][gc             ] GC(658) Pause Young (Normal) (G1 Evacuation Pause) 8252M->2552M(10240M) 170.858ms
[5572.653s][info][gc,cpu         ] GC(658) User=1.35s Sys=0.01s Real=0.17s
......[5577.815s][info][gc,start       ] GC(659) Pause Young (Normal) (G1 Evacuation Pause)
[5577.815s][info][gc,task        ] GC(659) Using 8 workers of 8 for evacuation
[5577.985s][info][gc,phases      ] GC(659)   Pre Evacuate Collection Set: 0.28ms
[5577.985s][info][gc,phases      ] GC(659)   Merge Heap Roots: 0.56ms
[5577.985s][info][gc,phases      ] GC(659)   Evacuate Collection Set: 167.64ms
[5577.985s][info][gc,phases      ] GC(659)   Post Evacuate Collection Set: 1.24ms
[5577.985s][info][gc,phases      ] GC(659)   Other: 0.06ms
[5577.985s][info][gc,heap        ] GC(659) Eden regions: 715->0(716)
[5577.985s][info][gc,heap        ] GC(659) Survivor regions: 53->52(96)
[5577.985s][info][gc,heap        ] GC(659) Old regions: 238->240
[5577.985s][info][gc,heap        ] GC(659) Humongous regions: 33->33
[5577.985s][info][gc,metaspace   ] GC(659) Metaspace: 30077K(30528K)->30077K(30528K) NonClass: 24663K(24896K)->24663K(24896K) Class: 5413K(5632K)->5413K(5632K)
[5577.985s][info][gc             ] GC(659) Pause Young (Normal) (G1 Evacuation Pause) 8272M->2569M(10240M) 169.907ms
[5577.985s][info][gc,cpu         ] GC(659) User=1.34s Sys=0.01s Real=0.17s
.....[5583.126s][info][gc,start       ] GC(660) Pause Young (Normal) (G1 Evacuation Pause)
[5583.126s][info][gc,task        ] GC(660) Using 8 workers of 8 for evacuation
[5583.301s][info][gc,phases      ] GC(660)   Pre Evacuate Collection Set: 0.31ms
[5583.301s][info][gc,phases      ] GC(660)   Merge Heap Roots: 0.55ms
[5583.301s][info][gc,phases      ] GC(660)   Evacuate Collection Set: 173.40ms
[5583.301s][info][gc,phases      ] GC(660)   Post Evacuate Collection Set: 1.26ms
[5583.301s][info][gc,phases      ] GC(660)   Other: 0.08ms
[5583.301s][info][gc,heap        ] GC(660) Eden regions: 716->0(714)
[5583.301s][info][gc,heap        ] GC(660) Survivor regions: 52->54(96)
[5583.301s][info][gc,heap        ] GC(660) Old regions: 240->243
[5583.301s][info][gc,heap        ] GC(660) Humongous regions: 33->33
[5583.301s][info][gc,metaspace   ] GC(660) Metaspace: 30077K(30528K)->30077K(30528K) NonClass: 24663K(24896K)->24663K(24896K) Class: 5413K(5632K)->5413K(5632K)
[5583.301s][info][gc             ] GC(660) Pause Young (Normal) (G1 Evacuation Pause) 8297M->2601M(10240M) 175.742ms
[5583.301s][info][gc,cpu         ] GC(660) User=1.39s Sys=0.01s Real=0.18s
.....[5588.454s][info][gc,start       ] GC(661) Pause Young (Normal) (G1 Evacuation Pause)
[5588.454s][info][gc,task        ] GC(661) Using 8 workers of 8 for evacuation
[5588.628s][info][gc,phases      ] GC(661)   Pre Evacuate Collection Set: 0.29ms
[5588.628s][info][gc,phases      ] GC(661)   Merge Heap Roots: 0.53ms
[5588.628s][info][gc,phases      ] GC(661)   Evacuate Collection Set: 171.27ms
[5588.628s][info][gc,phases      ] GC(661)   Post Evacuate Collection Set: 1.34ms
[5588.628s][info][gc,phases      ] GC(661)   Other: 0.08ms
[5588.628s][info][gc,heap        ] GC(661) Eden regions: 714->0(714)
[5588.628s][info][gc,heap        ] GC(661) Survivor regions: 54->54(96)
[5588.628s][info][gc,heap        ] GC(661) Old regions: 243->245
[5588.628s][info][gc,heap        ] GC(661) Humongous regions: 33->33
[5588.628s][info][gc,metaspace   ] GC(661) Metaspace: 30077K(30528K)->30077K(30528K) NonClass: 24663K(24896K)->24663K(24896K) Class: 5413K(5632K)->5413K(5632K)
[5588.628s][info][gc             ] GC(661) Pause Young (Normal) (G1 Evacuation Pause) 8313M->2626M(10240M) 173.660ms
[5588.628s][info][gc,cpu         ] GC(661) User=1.36s Sys=0.00s Real=0.18s
......[5593.788s][info][gc,start       ] GC(662) Pause Young (Normal) (G1 Evacuation Pause)
[5593.788s][info][gc,task        ] GC(662) Using 8 workers of 8 for evacuation
[5593.960s][info][gc,phases      ] GC(662)   Pre Evacuate Collection Set: 0.30ms
[5593.960s][info][gc,phases      ] GC(662)   Merge Heap Roots: 0.56ms
[5593.960s][info][gc,phases      ] GC(662)   Evacuate Collection Set: 170.24ms
[5593.960s][info][gc,phases      ] GC(662)   Post Evacuate Collection Set: 1.25ms
[5593.960s][info][gc,phases      ] GC(662)   Other: 0.08ms
[5593.960s][info][gc,heap        ] GC(662) Eden regions: 714->0(714)
[5593.960s][info][gc,heap        ] GC(662) Survivor regions: 54->54(96)
[5593.960s][info][gc,heap        ] GC(662) Old regions: 245->248
[5593.960s][info][gc,heap        ] GC(662) Humongous regions: 33->33
[5593.960s][info][gc,metaspace   ] GC(662) Metaspace: 30077K(30528K)->30077K(30528K) NonClass: 24663K(24896K)->24663K(24896K) Class: 5413K(5632K)->5413K(5632K)
[5593.960s][info][gc             ] GC(662) Pause Young (Normal) (G1 Evacuation Pause) 8338M->2644M(10240M) 172.568ms
[5593.960s][info][gc,cpu         ] GC(662) User=1.36s Sys=0.00s Real=0.17s
.....[5599.173s][info][gc,start       ] GC(663) Pause Young (Normal) (G1 Evacuation Pause)
[5599.173s][info][gc,task        ] GC(663) Using 8 workers of 8 for evacuation
[5599.347s][info][gc,phases      ] GC(663)   Pre Evacuate Collection Set: 0.30ms
[5599.347s][info][gc,phases      ] GC(663)   Merge Heap Roots: 0.54ms
[5599.347s][info][gc,phases      ] GC(663)   Evacuate Collection Set: 172.14ms
[5599.347s][info][gc,phases      ] GC(663)   Post Evacuate Collection Set: 1.26ms
[5599.347s][info][gc,phases      ] GC(663)   Other: 0.07ms
[5599.347s][info][gc,heap        ] GC(663) Eden regions: 714->0(715)
[5599.347s][info][gc,heap        ] GC(663) Survivor regions: 54->53(96)
[5599.347s][info][gc,heap        ] GC(663) Old regions: 248->251
[5599.347s][info][gc,heap        ] GC(663) Humongous regions: 33->33
[5599.347s][info][gc,metaspace   ] GC(663) Metaspace: 30077K(30528K)->30077K(30528K) NonClass: 24663K(24896K)->24663K(24896K) Class: 5413K(5632K)->5413K(5632K)
[5599.347s][info][gc             ] GC(663) Pause Young (Normal) (G1 Evacuation Pause) 8356M->2661M(10240M) 174.441ms
[5599.347s][info][gc,cpu         ] GC(663) User=1.37s Sys=0.00s Real=0.18s
.....[5604.479s][info][gc,start       ] GC(664) Pause Young (Normal) (G1 Evacuation Pause)
[5604.479s][info][gc,task        ] GC(664) Using 8 workers of 8 for evacuation
[5604.654s][info][gc,phases      ] GC(664)   Pre Evacuate Collection Set: 0.29ms
[5604.655s][info][gc,phases      ] GC(664)   Merge Heap Roots: 0.53ms
[5604.655s][info][gc,phases      ] GC(664)   Evacuate Collection Set: 173.25ms
[5604.655s][info][gc,phases      ] GC(664)   Post Evacuate Collection Set: 1.27ms
[5604.655s][info][gc,phases      ] GC(664)   Other: 0.07ms
[5604.655s][info][gc,heap        ] GC(664) Eden regions: 715->0(714)
[5604.655s][info][gc,heap        ] GC(664) Survivor regions: 53->54(96)
[5604.655s][info][gc,heap        ] GC(664) Old regions: 251->253
[5604.655s][info][gc,heap        ] GC(664) Humongous regions: 33->33
[5604.655s][info][gc,metaspace   ] GC(664) Metaspace: 30077K(30528K)->30077K(30528K) NonClass: 24663K(24896K)->24663K(24896K) Class: 5413K(5632K)->5413K(5632K)
[5604.655s][info][gc             ] GC(664) Pause Young (Normal) (G1 Evacuation Pause) 8381M->2691M(10240M) 175.552ms
[5604.655s][info][gc,cpu         ] GC(664) User=1.39s Sys=0.00s Real=0.17s
. (rIR:aIR:PR = 8994:9067:9063) (tPR = 134861) [OK] 
  5604s: Performance info:
         Transaction,    Success,    Partial,     Failed,   Receipts, AvgBarcode, 
             Overall,     563733,          0,          0,     535934,      59.48, 
         Response times:
             Request,    Success,    Partial,     Failed,   SkipFail,     Probes,    Samples,      min,      p50,      p90,      p95,      p99,      max, 
       TotalPurchase,     536067,          0,          0,          0,     370584,     466149,      300,     6400,    17000,    50000,   113000,   620000,
     InStorePurchase,     282122,          0,          0,          0,     194934,     244690,      300,     6400,    16900,    51000,   116000,   620000,
      OnlinePurchase,     197955,          0,          0,          0,     135973,     171410,      300,     6400,    17000,    48000,   109000,   595000,
        InstPurchase,      55990,          0,          0,          0,      39677,      50049,      500,     6600,    17200,    56000,   119000,   620000,
          AssocOfCat,        560,          0,          0,          0,        469,        676,    32000,    52000,    75000,   109200,   226000,   244000,
      AssocOfProduct,       5594,          0,          0,          0,       4020,       5288,      400,     6900,    17300,    48000,   120110,   467000,
      BusinessReport,       1397,          0,          0,          0,       1208,       1674,    30000,    57000,    84000,   118000,   234250,   352000,
          CustBuyBeh,       5624,          0,          0,          0,       4064,       5291,      300,     6600,    16200,    49000,   115000,   417000,
       ProductReturn,      14745,          0,          0,          0,      10607,      13603,      300,     6800,    16800,    49000,   114000,   537000,

  5604s: (66%)   IR =   9132 .....[5609.928s][info][gc,start       ] GC(665) Pause Young (Normal) (G1 Evacuation Pause)
[5609.928s][info][gc,task        ] GC(665) Using 8 workers of 8 for evacuation
[5610.099s][info][gc,phases      ] GC(665)   Pre Evacuate Collection Set: 0.31ms
[5610.099s][info][gc,phases      ] GC(665)   Merge Heap Roots: 0.63ms
[5610.099s][info][gc,phases      ] GC(665)   Evacuate Collection Set: 168.25ms
[5610.099s][info][gc,phases      ] GC(665)   Post Evacuate Collection Set: 1.32ms
[5610.099s][info][gc,phases      ] GC(665)   Other: 0.06ms
[5610.099s][info][gc,heap        ] GC(665) Eden regions: 714->0(716)
[5610.099s][info][gc,heap        ] GC(665) Survivor regions: 54->52(96)
[5610.099s][info][gc,heap        ] GC(665) Old regions: 253->256
[5610.099s][info][gc,heap        ] GC(665) Humongous regions: 33->33
[5610.099s][info][gc,metaspace   ] GC(665) Metaspace: 30077K(30528K)->30077K(30528K) NonClass: 24663K(24896K)->24663K(24896K) Class: 5413K(5632K)->5413K(5632K)
[5610.099s][info][gc             ] GC(665) Pause Young (Normal) (G1 Evacuation Pause) 8403M->2692M(10240M) 170.704ms
[5610.099s][info][gc,cpu         ] GC(665) User=1.34s Sys=0.00s Real=0.17s
.....|[5615.185s][info][gc,start       ] GC(666) Pause Young (Normal) (G1 Evacuation Pause)
[5615.185s][info][gc,task        ] GC(666) Using 8 workers of 8 for evacuation
[5615.356s][info][gc,phases      ] GC(666)   Pre Evacuate Collection Set: 0.30ms
[5615.356s][info][gc,phases      ] GC(666)   Merge Heap Roots: 0.56ms
[5615.356s][info][gc,phases      ] GC(666)   Evacuate Collection Set: 168.73ms
[5615.356s][info][gc,phases      ] GC(666)   Post Evacuate Collection Set: 1.29ms
[5615.356s][info][gc,phases      ] GC(666)   Other: 0.07ms
[5615.356s][info][gc,heap        ] GC(666) Eden regions: 716->0(715)
[5615.356s][info][gc,heap        ] GC(666) Survivor regions: 52->53(96)
[5615.356s][info][gc,heap        ] GC(666) Old regions: 256->259
[5615.356s][info][gc,heap        ] GC(666) Humongous regions: 33->33
[5615.356s][info][gc,metaspace   ] GC(666) Metaspace: 30077K(30528K)->30077K(30528K) NonClass: 24663K(24896K)->24663K(24896K) Class: 5413K(5632K)->5413K(5632K)
[5615.357s][info][gc             ] GC(666) Pause Young (Normal) (G1 Evacuation Pause) 8420M->2721M(10240M) 171.107ms
[5615.357s][info][gc,cpu         ] GC(666) User=1.34s Sys=0.00s Real=0.18s
.....[5620.439s][info][gc,start       ] GC(667) Pause Young (Normal) (G1 Evacuation Pause)
[5620.439s][info][gc,task        ] GC(667) Using 8 workers of 8 for evacuation
[5620.610s][info][gc,phases      ] GC(667)   Pre Evacuate Collection Set: 0.31ms
[5620.610s][info][gc,phases      ] GC(667)   Merge Heap Roots: 0.54ms
[5620.610s][info][gc,phases      ] GC(667)   Evacuate Collection Set: 168.94ms
[5620.610s][info][gc,phases      ] GC(667)   Post Evacuate Collection Set: 1.24ms
[5620.610s][info][gc,phases      ] GC(667)   Other: 0.07ms
[5620.610s][info][gc,heap        ] GC(667) Eden regions: 715->0(716)
[5620.610s][info][gc,heap        ] GC(667) Survivor regions: 53->52(96)
[5620.610s][info][gc,heap        ] GC(667) Old regions: 259->261
[5620.610s][info][gc,heap        ] GC(667) Humongous regions: 33->33
[5620.610s][info][gc,metaspace   ] GC(667) Metaspace: 30077K(30528K)->30077K(30528K) NonClass: 24663K(24896K)->24663K(24896K) Class: 5413K(5632K)->5413K(5632K)
[5620.610s][info][gc             ] GC(667) Pause Young (Normal) (G1 Evacuation Pause) 8441M->2738M(10240M) 171.214ms
[5620.610s][info][gc,cpu         ] GC(667) User=1.35s Sys=0.00s Real=0.17s
.....[5625.678s][info][gc,start       ] GC(668) Pause Young (Normal) (G1 Evacuation Pause)
[5625.678s][info][gc,task        ] GC(668) Using 8 workers of 8 for evacuation
[5625.848s][info][gc,phases      ] GC(668)   Pre Evacuate Collection Set: 0.28ms
[5625.848s][info][gc,phases      ] GC(668)   Merge Heap Roots: 0.55ms
[5625.848s][info][gc,phases      ] GC(668)   Evacuate Collection Set: 167.74ms
[5625.848s][info][gc,phases      ] GC(668)   Post Evacuate Collection Set: 1.26ms
[5625.848s][info][gc,phases      ] GC(668)   Other: 0.06ms
[5625.848s][info][gc,heap        ] GC(668) Eden regions: 716->0(715)
[5625.848s][info][gc,heap        ] GC(668) Survivor regions: 52->53(96)
[5625.848s][info][gc,heap        ] GC(668) Old regions: 261->264
[5625.848s][info][gc,heap        ] GC(668) Humongous regions: 33->33
[5625.848s][info][gc,metaspace   ] GC(668) Metaspace: 30077K(30528K)->30077K(30528K) NonClass: 24663K(24896K)->24663K(24896K) Class: 5413K(5632K)->5413K(5632K)
[5625.848s][info][gc             ] GC(668) Pause Young (Normal) (G1 Evacuation Pause) 8466M->2764M(10240M) 170.033ms
[5625.848s][info][gc,cpu         ] GC(668) User=1.34s Sys=0.00s Real=0.17s
......[5631.076s][info][gc,start       ] GC(669) Pause Young (Normal) (G1 Evacuation Pause)
[5631.077s][info][gc,task        ] GC(669) Using 8 workers of 8 for evacuation
[5631.245s][info][gc,phases      ] GC(669)   Pre Evacuate Collection Set: 0.31ms
[5631.245s][info][gc,phases      ] GC(669)   Merge Heap Roots: 0.56ms
[5631.245s][info][gc,phases      ] GC(669)   Evacuate Collection Set: 166.37ms
[5631.245s][info][gc,phases      ] GC(669)   Post Evacuate Collection Set: 1.30ms
[5631.245s][info][gc,phases      ] GC(669)   Other: 0.07ms
[5631.245s][info][gc,heap        ] GC(669) Eden regions: 715->0(716)
[5631.245s][info][gc,heap        ] GC(669) Survivor regions: 53->52(96)
[5631.245s][info][gc,heap        ] GC(669) Old regions: 264->267
[5631.245s][info][gc,heap        ] GC(669) Humongous regions: 33->33
[5631.245s][info][gc,metaspace   ] GC(669) Metaspace: 30077K(30528K)->30077K(30528K) NonClass: 24663K(24896K)->24663K(24896K) Class: 5413K(5632K)->5413K(5632K)
[5631.245s][info][gc             ] GC(669) Pause Young (Normal) (G1 Evacuation Pause) 8484M->2781M(10240M) 168.763ms
[5631.245s][info][gc,cpu         ] GC(669) User=1.33s Sys=0.00s Real=0.16s
.....[5636.496s][info][gc,start       ] GC(670) Pause Young (Normal) (G1 Evacuation Pause)
[5636.496s][info][gc,task        ] GC(670) Using 8 workers of 8 for evacuation
[5636.667s][info][gc,phases      ] GC(670)   Pre Evacuate Collection Set: 0.32ms
[5636.667s][info][gc,phases      ] GC(670)   Merge Heap Roots: 0.55ms
[5636.667s][info][gc,phases      ] GC(670)   Evacuate Collection Set: 168.00ms
[5636.667s][info][gc,phases      ] GC(670)   Post Evacuate Collection Set: 1.27ms
[5636.667s][info][gc,phases      ] GC(670)   Other: 0.07ms
[5636.667s][info][gc,heap        ] GC(670) Eden regions: 716->0(715)
[5636.667s][info][gc,heap        ] GC(670) Survivor regions: 52->53(96)
[5636.667s][info][gc,heap        ] GC(670) Old regions: 267->269
[5636.667s][info][gc,heap        ] GC(670) Humongous regions: 33->33
[5636.667s][info][gc,metaspace   ] GC(670) Metaspace: 30077K(30528K)->30077K(30528K) NonClass: 24663K(24896K)->24663K(24896K) Class: 5413K(5632K)->5413K(5632K)
[5636.667s][info][gc             ] GC(670) Pause Young (Normal) (G1 Evacuation Pause) 8509M->2810M(10240M) 170.355ms
[5636.667s][info][gc,cpu         ] GC(670) User=1.34s Sys=0.00s Real=0.17s
.....[5641.871s][info][gc,start       ] GC(671) Pause Young (Normal) (G1 Evacuation Pause)
[5641.871s][info][gc,task        ] GC(671) Using 8 workers of 8 for evacuation
[5642.045s][info][gc,phases      ] GC(671)   Pre Evacuate Collection Set: 0.31ms
[5642.046s][info][gc,phases      ] GC(671)   Merge Heap Roots: 0.55ms
[5642.046s][info][gc,phases      ] GC(671)   Evacuate Collection Set: 172.07ms
[5642.046s][info][gc,phases      ] GC(671)   Post Evacuate Collection Set: 1.26ms
[5642.046s][info][gc,phases      ] GC(671)   Other: 0.06ms
[5642.046s][info][gc,heap        ] GC(671) Eden regions: 715->0(715)
[5642.046s][info][gc,heap        ] GC(671) Survivor regions: 53->53(96)
[5642.046s][info][gc,heap        ] GC(671) Old regions: 269->272
[5642.046s][info][gc,heap        ] GC(671) Humongous regions: 33->33
[5642.046s][info][gc,metaspace   ] GC(671) Metaspace: 30077K(30528K)->30077K(30528K) NonClass: 24663K(24896K)->24663K(24896K) Class: 5413K(5632K)->5413K(5632K)
[5642.046s][info][gc             ] GC(671) Pause Young (Normal) (G1 Evacuation Pause) 8530M->2831M(10240M) 174.394ms
[5642.046s][info][gc,cpu         ] GC(671) User=1.37s Sys=0.00s Real=0.17s
......[5647.181s][info][gc,start       ] GC(672) Pause Young (Normal) (G1 Evacuation Pause)
[5647.181s][info][gc,task        ] GC(672) Using 8 workers of 8 for evacuation
[5647.353s][info][gc,phases      ] GC(672)   Pre Evacuate Collection Set: 0.29ms
[5647.353s][info][gc,phases      ] GC(672)   Merge Heap Roots: 0.54ms
[5647.353s][info][gc,phases      ] GC(672)   Evacuate Collection Set: 169.67ms
[5647.353s][info][gc,phases      ] GC(672)   Post Evacuate Collection Set: 1.30ms
[5647.353s][info][gc,phases      ] GC(672)   Other: 0.08ms
[5647.353s][info][gc,heap        ] GC(672) Eden regions: 715->0(715)
[5647.353s][info][gc,heap        ] GC(672) Survivor regions: 53->53(96)
[5647.353s][info][gc,heap        ] GC(672) Old regions: 272->275
[5647.353s][info][gc,heap        ] GC(672) Humongous regions: 33->33
[5647.353s][info][gc,metaspace   ] GC(672) Metaspace: 30077K(30528K)->30077K(30528K) NonClass: 24663K(24896K)->24663K(24896K) Class: 5413K(5632K)->5413K(5632K)
[5647.353s][info][gc             ] GC(672) Pause Young (Normal) (G1 Evacuation Pause) 8551M->2852M(10240M) 172.009ms
[5647.353s][info][gc,cpu         ] GC(672) User=1.35s Sys=0.00s Real=0.17s
.....[5652.522s][info][gc,start       ] GC(673) Pause Young (Concurrent Start) (G1 Evacuation Pause)
[5652.522s][info][gc,task        ] GC(673) Using 8 workers of 8 for evacuation
[5652.703s][info][gc,phases      ] GC(673)   Pre Evacuate Collection Set: 0.33ms
[5652.703s][info][gc,phases      ] GC(673)   Merge Heap Roots: 0.56ms
[5652.703s][info][gc,phases      ] GC(673)   Evacuate Collection Set: 179.15ms
[5652.703s][info][gc,phases      ] GC(673)   Post Evacuate Collection Set: 1.25ms
[5652.703s][info][gc,phases      ] GC(673)   Other: 0.11ms
[5652.703s][info][gc,heap        ] GC(673) Eden regions: 715->0(713)
[5652.703s][info][gc,heap        ] GC(673) Survivor regions: 53->55(96)
[5652.703s][info][gc,heap        ] GC(673) Old regions: 275->277
[5652.703s][info][gc,heap        ] GC(673) Humongous regions: 33->33
[5652.703s][info][gc,metaspace   ] GC(673) Metaspace: 30077K(30528K)->30077K(30528K) NonClass: 24663K(24896K)->24663K(24896K) Class: 5413K(5632K)->5413K(5632K)
[5652.703s][info][gc             ] GC(673) Pause Young (Concurrent Start) (G1 Evacuation Pause) 8572M->2886M(10240M) 181.539ms
[5652.703s][info][gc             ] GC(674) Concurrent Mark Cycle
[5652.703s][info][gc,marking     ] GC(674) Concurrent Scan Root Regions
[5652.703s][info][gc,cpu         ] GC(673) User=1.43s Sys=0.01s Real=0.18s
[5653.019s][info][gc,marking     ] GC(674) Concurrent Scan Root Regions 316.171ms
[5653.019s][info][gc,marking     ] GC(674) Concurrent Mark
[5653.020s][info][gc,marking     ] GC(674) Concurrent Mark From Roots
[5653.020s][info][gc,task        ] GC(674) Using 2 workers of 2 for marking
..[5654.200s][info][gc,marking     ] GC(674) Concurrent Mark From Roots 1180.961ms
[5654.201s][info][gc,marking     ] GC(674) Concurrent Preclean
[5654.201s][info][gc,marking     ] GC(674) Concurrent Preclean 0.179ms
[5654.201s][info][gc,start       ] GC(674) Pause Remark
[5654.202s][info][gc             ] GC(674) Pause Remark 4594M->4402M(10240M) 1.395ms
[5654.202s][info][gc,cpu         ] GC(674) User=0.01s Sys=0.00s Real=0.00s
[5654.202s][info][gc,marking     ] GC(674) Concurrent Mark 1182.836ms
[5654.202s][info][gc,marking     ] GC(674) Concurrent Rebuild Remembered Sets and Scrub Regions
[5654.917s][info][gc,marking     ] GC(674) Concurrent Rebuild Remembered Sets and Scrub Regions 714.986ms
[5654.918s][info][gc,start       ] GC(674) Pause Cleanup
[5654.918s][info][gc             ] GC(674) Pause Cleanup 5303M->5303M(10240M) 0.323ms
[5654.918s][info][gc,cpu         ] GC(674) User=0.00s Sys=0.00s Real=0.00s
[5654.918s][info][gc,marking     ] GC(674) Concurrent Clear Claimed Marks
[5654.918s][info][gc,marking     ] GC(674) Concurrent Clear Claimed Marks 0.050ms
[5654.918s][info][gc,marking     ] GC(674) Concurrent Cleanup for Next Mark
[5654.944s][info][gc,marking     ] GC(674) Concurrent Cleanup for Next Mark 25.724ms
[5654.944s][info][gc             ] GC(674) Concurrent Mark Cycle 2240.482ms
...[5657.684s][info][gc,start       ] GC(675) Pause Young (Prepare Mixed) (G1 Evacuation Pause)
[5657.684s][info][gc,task        ] GC(675) Using 8 workers of 8 for evacuation
[5657.852s][info][gc,phases      ] GC(675)   Pre Evacuate Collection Set: 0.28ms
[5657.852s][info][gc,phases      ] GC(675)   Merge Heap Roots: 0.77ms
[5657.852s][info][gc,phases      ] GC(675)   Evacuate Collection Set: 164.92ms
[5657.852s][info][gc,phases      ] GC(675)   Post Evacuate Collection Set: 1.38ms
[5657.852s][info][gc,phases      ] GC(675)   Other: 0.08ms
[5657.852s][info][gc,heap        ] GC(675) Eden regions: 713->0(715)
[5657.852s][info][gc,heap        ] GC(675) Survivor regions: 55->53(96)
[5657.852s][info][gc,heap        ] GC(675) Old regions: 253->256
[5657.852s][info][gc,heap        ] GC(675) Humongous regions: 33->33
[5657.852s][info][gc,metaspace   ] GC(675) Metaspace: 30077K(30528K)->30077K(30528K) NonClass: 24663K(24896K)->24663K(24896K) Class: 5413K(5632K)->5413K(5632K)
[5657.852s][info][gc             ] GC(675) Pause Young (Prepare Mixed) (G1 Evacuation Pause) 8398M->2699M(10240M) 167.555ms
[5657.852s][info][gc,cpu         ] GC(675) User=1.32s Sys=0.00s Real=0.17s
.....[5662.916s][info][gc,start       ] GC(676) Pause Young (Mixed) (G1 Evacuation Pause)
[5662.916s][info][gc,task        ] GC(676) Using 8 workers of 8 for evacuation
[5663.094s][info][gc,phases      ] GC(676)   Pre Evacuate Collection Set: 0.34ms
[5663.094s][info][gc,phases      ] GC(676)   Merge Heap Roots: 0.68ms
[5663.094s][info][gc,phases      ] GC(676)   Evacuate Collection Set: 173.72ms
[5663.094s][info][gc,phases      ] GC(676)   Merge Optional Heap Roots: 0.11ms
[5663.094s][info][gc,phases      ] GC(676)   Evacuate Optional Collection Set: 2.02ms
[5663.094s][info][gc,phases      ] GC(676)   Post Evacuate Collection Set: 1.48ms
[5663.094s][info][gc,phases      ] GC(676)   Other: 0.08ms
[5663.095s][info][gc,heap        ] GC(676) Eden regions: 715->0(715)
[5663.095s][info][gc,heap        ] GC(676) Survivor regions: 53->53(96)
[5663.095s][info][gc,heap        ] GC(676) Old regions: 256->132
[5663.095s][info][gc,heap        ] GC(676) Humongous regions: 33->33
[5663.095s][info][gc,metaspace   ] GC(676) Metaspace: 30077K(30528K)->30077K(30528K) NonClass: 24663K(24896K)->24663K(24896K) Class: 5413K(5632K)->5413K(5632K)
[5663.095s][info][gc             ] GC(676) Pause Young (Mixed) (G1 Evacuation Pause) 8419M->1705M(10240M) 178.588ms
[5663.095s][info][gc,cpu         ] GC(676) User=1.41s Sys=0.00s Real=0.17s
......[5668.102s][info][gc,start       ] GC(677) Pause Young (Mixed) (G1 Evacuation Pause)
[5668.102s][info][gc,task        ] GC(677) Using 8 workers of 8 for evacuation
[5668.271s][info][gc,phases      ] GC(677)   Pre Evacuate Collection Set: 0.30ms
[5668.271s][info][gc,phases      ] GC(677)   Merge Heap Roots: 0.57ms
[5668.271s][info][gc,phases      ] GC(677)   Evacuate Collection Set: 167.03ms
[5668.271s][info][gc,phases      ] GC(677)   Post Evacuate Collection Set: 1.32ms
[5668.271s][info][gc,phases      ] GC(677)   Other: 0.07ms
[5668.271s][info][gc,heap        ] GC(677) Eden regions: 715->0(715)
[5668.271s][info][gc,heap        ] GC(677) Survivor regions: 53->53(96)
[5668.271s][info][gc,heap        ] GC(677) Old regions: 132->132
[5668.271s][info][gc,heap        ] GC(677) Humongous regions: 33->33
[5668.271s][info][gc,metaspace   ] GC(677) Metaspace: 30077K(30528K)->30077K(30528K) NonClass: 24663K(24896K)->24663K(24896K) Class: 5413K(5632K)->5413K(5632K)
[5668.271s][info][gc             ] GC(677) Pause Young (Mixed) (G1 Evacuation Pause) 7425M->1711M(10240M) 169.436ms
[5668.271s][info][gc,cpu         ] GC(677) User=1.33s Sys=0.00s Real=0.17s
.....[5673.357s][info][gc,start       ] GC(678) Pause Young (Normal) (G1 Evacuation Pause)
[5673.357s][info][gc,task        ] GC(678) Using 8 workers of 8 for evacuation
[5673.529s][info][gc,phases      ] GC(678)   Pre Evacuate Collection Set: 0.29ms
[5673.529s][info][gc,phases      ] GC(678)   Merge Heap Roots: 0.56ms
[5673.529s][info][gc,phases      ] GC(678)   Evacuate Collection Set: 170.06ms
[5673.529s][info][gc,phases      ] GC(678)   Post Evacuate Collection Set: 1.25ms
[5673.529s][info][gc,phases      ] GC(678)   Other: 0.06ms
[5673.529s][info][gc,heap        ] GC(678) Eden regions: 715->0(714)
[5673.529s][info][gc,heap        ] GC(678) Survivor regions: 53->54(96)
[5673.529s][info][gc,heap        ] GC(678) Old regions: 132->135
[5673.529s][info][gc,heap        ] GC(678) Humongous regions: 33->33
[5673.529s][info][gc,metaspace   ] GC(678) Metaspace: 30077K(30528K)->30077K(30528K) NonClass: 24663K(24896K)->24663K(24896K) Class: 5413K(5632K)->5413K(5632K)
[5673.529s][info][gc             ] GC(678) Pause Young (Normal) (G1 Evacuation Pause) 7431M->1741M(10240M) 172.362ms
[5673.529s][info][gc,cpu         ] GC(678) User=1.35s Sys=0.00s Real=0.17s
.. (rIR:aIR:PR = 9132:9120:9120) (tPR = 136587) [OK] 
  5674s: Performance info:
         Transaction,    Success,    Partial,     Failed,   Receipts, AvgBarcode, 
             Overall,     549285,          0,          0,     521808,      59.48, 
         Response times:
             Request,    Success,    Partial,     Failed,   SkipFail,     Probes,    Samples,      min,      p50,      p90,      p95,      p99,      max, 
       TotalPurchase,     521808,          0,          0,          0,     357945,     423561,      300,     6600,    22000,    57000,   132000,  1400000,
     InStorePurchase,     273361,          0,          0,          0,     187816,     222001,      300,     6600,    22000,    57000,   130000,  1400000,
      OnlinePurchase,     193935,          0,          0,          0,     132046,     156357,      300,     6700,    23000,    58000,   137000,  1400000,
        InstPurchase,      54512,          0,          0,          0,      38083,      45203,      400,     6400,    23000,    58000,   124960,  1400000,
          AssocOfCat,        549,          0,          0,          0,        456,        649,    31000,    53000,    80000,   111000,   199500,   265000,
      AssocOfProduct,       5510,          0,          0,          0,       3988,       4943,      700,     7400,    24000,    64000,   143000,   396000,
      BusinessReport,       1378,          0,          0,          0,       1230,       1594,    33000,    59000,   102000,   148000,   236000,   279000,
          CustBuyBeh,       5529,          0,          0,          0,       4011,       4978,      300,     5700,    22000,    51000,   111000,   423000,
       ProductReturn,      14511,          0,          0,          0,       9145,      11144,      200,     6900,    23000,    65750,   138000,   810000,

  5674s: (67%)   IR =   9271 ...[5678.496s][info][gc,start       ] GC(679) Pause Young (Normal) (G1 Evacuation Pause)
[5678.496s][info][gc,task        ] GC(679) Using 8 workers of 8 for evacuation
[5678.671s][info][gc,phases      ] GC(679)   Pre Evacuate Collection Set: 0.31ms
[5678.672s][info][gc,phases      ] GC(679)   Merge Heap Roots: 0.52ms
[5678.672s][info][gc,phases      ] GC(679)   Evacuate Collection Set: 173.07ms
[5678.672s][info][gc,phases      ] GC(679)   Post Evacuate Collection Set: 1.27ms
[5678.672s][info][gc,phases      ] GC(679)   Other: 0.06ms
[5678.672s][info][gc,heap        ] GC(679) Eden regions: 714->0(714)
[5678.672s][info][gc,heap        ] GC(679) Survivor regions: 54->54(96)
[5678.672s][info][gc,heap        ] GC(679) Old regions: 135->138
[5678.672s][info][gc,heap        ] GC(679) Humongous regions: 33->33
[5678.672s][info][gc,metaspace   ] GC(679) Metaspace: 30077K(30528K)->30077K(30528K) NonClass: 24663K(24896K)->24663K(24896K) Class: 5413K(5632K)->5413K(5632K)
[5678.672s][info][gc             ] GC(679) Pause Young (Normal) (G1 Evacuation Pause) 7453M->1762M(10240M) 175.359ms
[5678.672s][info][gc,cpu         ] GC(679) User=1.38s Sys=0.01s Real=0.17s
.....[5683.685s][info][gc,start       ] GC(680) Pause Young (Normal) (G1 Evacuation Pause)
[5683.685s][info][gc,task        ] GC(680) Using 8 workers of 8 for evacuation
[5683.858s][info][gc,phases      ] GC(680)   Pre Evacuate Collection Set: 0.32ms
[5683.858s][info][gc,phases      ] GC(680)   Merge Heap Roots: 0.53ms
[5683.858s][info][gc,phases      ] GC(680)   Evacuate Collection Set: 170.47ms
[5683.858s][info][gc,phases      ] GC(680)   Post Evacuate Collection Set: 1.35ms
[5683.858s][info][gc,phases      ] GC(680)   Other: 0.07ms
[5683.858s][info][gc,heap        ] GC(680) Eden regions: 714->0(715)
[5683.858s][info][gc,heap        ] GC(680) Survivor regions: 54->53(96)
[5683.858s][info][gc,heap        ] GC(680) Old regions: 138->141
[5683.858s][info][gc,heap        ] GC(680) Humongous regions: 33->33
[5683.858s][info][gc,metaspace   ] GC(680) Metaspace: 30077K(30528K)->30077K(30528K) NonClass: 24663K(24896K)->24663K(24896K) Class: 5413K(5632K)->5413K(5632K)
[5683.858s][info][gc             ] GC(680) Pause Young (Normal) (G1 Evacuation Pause) 7474M->1780M(10240M) 172.867ms
[5683.858s][info][gc,cpu         ] GC(680) User=1.36s Sys=0.00s Real=0.18s
.|....[5688.924s][info][gc,start       ] GC(681) Pause Young (Normal) (G1 Evacuation Pause)
[5688.924s][info][gc,task        ] GC(681) Using 8 workers of 8 for evacuation
[5689.101s][info][gc,phases      ] GC(681)   Pre Evacuate Collection Set: 0.29ms
[5689.101s][info][gc,phases      ] GC(681)   Merge Heap Roots: 0.53ms
[5689.101s][info][gc,phases      ] GC(681)   Evacuate Collection Set: 175.03ms
[5689.101s][info][gc,phases      ] GC(681)   Post Evacuate Collection Set: 1.29ms
[5689.101s][info][gc,phases      ] GC(681)   Other: 0.07ms
[5689.101s][info][gc,heap        ] GC(681) Eden regions: 715->0(714)
[5689.101s][info][gc,heap        ] GC(681) Survivor regions: 53->54(96)
[5689.101s][info][gc,heap        ] GC(681) Old regions: 141->143
[5689.101s][info][gc,heap        ] GC(681) Humongous regions: 33->33
[5689.101s][info][gc,metaspace   ] GC(681) Metaspace: 30077K(30528K)->30077K(30528K) NonClass: 24663K(24896K)->24663K(24896K) Class: 5413K(5632K)->5413K(5632K)
[5689.101s][info][gc             ] GC(681) Pause Young (Normal) (G1 Evacuation Pause) 7500M->1806M(10240M) 177.361ms
[5689.101s][info][gc,cpu         ] GC(681) User=1.40s Sys=0.00s Real=0.18s
.....[5694.123s][info][gc,start       ] GC(682) Pause Young (Normal) (G1 Evacuation Pause)
[5694.123s][info][gc,task        ] GC(682) Using 8 workers of 8 for evacuation
[5694.290s][info][gc,phases      ] GC(682)   Pre Evacuate Collection Set: 0.30ms
[5694.290s][info][gc,phases      ] GC(682)   Merge Heap Roots: 0.52ms
[5694.290s][info][gc,phases      ] GC(682)   Evacuate Collection Set: 164.97ms
[5694.290s][info][gc,phases      ] GC(682)   Post Evacuate Collection Set: 1.24ms
[5694.290s][info][gc,phases      ] GC(682)   Other: 0.07ms
[5694.290s][info][gc,heap        ] GC(682) Eden regions: 714->0(716)
[5694.290s][info][gc,heap        ] GC(682) Survivor regions: 54->52(96)
[5694.290s][info][gc,heap        ] GC(682) Old regions: 143->146
[5694.290s][info][gc,heap        ] GC(682) Humongous regions: 33->33
[5694.290s][info][gc,metaspace   ] GC(682) Metaspace: 30077K(30528K)->30077K(30528K) NonClass: 24663K(24896K)->24663K(24896K) Class: 5413K(5632K)->5413K(5632K)
[5694.290s][info][gc             ] GC(682) Pause Young (Normal) (G1 Evacuation Pause) 7518M->1815M(10240M) 167.236ms
[5694.290s][info][gc,cpu         ] GC(682) User=1.32s Sys=0.00s Real=0.17s
......[5699.364s][info][gc,start       ] GC(683) Pause Young (Normal) (G1 Evacuation Pause)
[5699.364s][info][gc,task        ] GC(683) Using 8 workers of 8 for evacuation
[5699.534s][info][gc,phases      ] GC(683)   Pre Evacuate Collection Set: 0.30ms
[5699.534s][info][gc,phases      ] GC(683)   Merge Heap Roots: 0.51ms
[5699.534s][info][gc,phases      ] GC(683)   Evacuate Collection Set: 167.86ms
[5699.534s][info][gc,phases      ] GC(683)   Post Evacuate Collection Set: 1.29ms
[5699.534s][info][gc,phases      ] GC(683)   Other: 0.07ms
[5699.534s][info][gc,heap        ] GC(683) Eden regions: 716->0(716)
[5699.534s][info][gc,heap        ] GC(683) Survivor regions: 52->52(96)
[5699.534s][info][gc,heap        ] GC(683) Old regions: 146->149
[5699.534s][info][gc,heap        ] GC(683) Humongous regions: 33->33
[5699.534s][info][gc,metaspace   ] GC(683) Metaspace: 30077K(30528K)->30077K(30528K) NonClass: 24663K(24896K)->24663K(24896K) Class: 5413K(5632K)->5413K(5632K)
[5699.534s][info][gc             ] GC(683) Pause Young (Normal) (G1 Evacuation Pause) 7543M->1836M(10240M) 170.164ms
[5699.534s][info][gc,cpu         ] GC(683) User=1.34s Sys=0.00s Real=0.17s
.....[5704.485s][info][gc,start       ] GC(684) Pause Young (Normal) (G1 Evacuation Pause)
[5704.485s][info][gc,task        ] GC(684) Using 8 workers of 8 for evacuation
[5704.656s][info][gc,phases      ] GC(684)   Pre Evacuate Collection Set: 0.30ms
[5704.656s][info][gc,phases      ] GC(684)   Merge Heap Roots: 0.54ms
[5704.656s][info][gc,phases      ] GC(684)   Evacuate Collection Set: 168.10ms
[5704.656s][info][gc,phases      ] GC(684)   Post Evacuate Collection Set: 1.30ms
[5704.656s][info][gc,phases      ] GC(684)   Other: 0.08ms
[5704.656s][info][gc,heap        ] GC(684) Eden regions: 716->0(716)
[5704.656s][info][gc,heap        ] GC(684) Survivor regions: 52->52(96)
[5704.656s][info][gc,heap        ] GC(684) Old regions: 149->151
[5704.656s][info][gc,heap        ] GC(684) Humongous regions: 33->33
[5704.656s][info][gc,metaspace   ] GC(684) Metaspace: 30077K(30528K)->30077K(30528K) NonClass: 24663K(24896K)->24663K(24896K) Class: 5413K(5632K)->5413K(5632K)
[5704.656s][info][gc             ] GC(684) Pause Young (Normal) (G1 Evacuation Pause) 7564M->1858M(10240M) 170.463ms
[5704.656s][info][gc,cpu         ] GC(684) User=1.34s Sys=0.00s Real=0.18s
.....[5709.660s][info][gc,start       ] GC(685) Pause Young (Normal) (G1 Evacuation Pause)
[5709.660s][info][gc,task        ] GC(685) Using 8 workers of 8 for evacuation
[5709.826s][info][gc,phases      ] GC(685)   Pre Evacuate Collection Set: 0.30ms
[5709.826s][info][gc,phases      ] GC(685)   Merge Heap Roots: 0.53ms
[5709.826s][info][gc,phases      ] GC(685)   Evacuate Collection Set: 164.00ms
[5709.826s][info][gc,phases      ] GC(685)   Post Evacuate Collection Set: 1.31ms
[5709.826s][info][gc,phases      ] GC(685)   Other: 0.07ms
[5709.826s][info][gc,heap        ] GC(685) Eden regions: 716->0(717)
[5709.826s][info][gc,heap        ] GC(685) Survivor regions: 52->51(96)
[5709.826s][info][gc,heap        ] GC(685) Old regions: 151->154
[5709.826s][info][gc,heap        ] GC(685) Humongous regions: 33->33
[5709.826s][info][gc,metaspace   ] GC(685) Metaspace: 30077K(30528K)->30077K(30528K) NonClass: 24663K(24896K)->24663K(24896K) Class: 5413K(5632K)->5413K(5632K)
[5709.826s][info][gc             ] GC(685) Pause Young (Normal) (G1 Evacuation Pause) 7586M->1871M(10240M) 166.353ms
[5709.826s][info][gc,cpu         ] GC(685) User=1.31s Sys=0.00s Real=0.17s
.....[5714.918s][info][gc,start       ] GC(686) Pause Young (Normal) (G1 Evacuation Pause)
[5714.918s][info][gc,task        ] GC(686) Using 8 workers of 8 for evacuation
[5715.085s][info][gc,phases      ] GC(686)   Pre Evacuate Collection Set: 0.29ms
[5715.085s][info][gc,phases      ] GC(686)   Merge Heap Roots: 0.54ms
[5715.085s][info][gc,phases      ] GC(686)   Evacuate Collection Set: 164.90ms
[5715.085s][info][gc,phases      ] GC(686)   Post Evacuate Collection Set: 1.28ms
[5715.085s][info][gc,phases      ] GC(686)   Other: 0.07ms
[5715.085s][info][gc,heap        ] GC(686) Eden regions: 717->0(716)
[5715.085s][info][gc,heap        ] GC(686) Survivor regions: 51->52(96)
[5715.085s][info][gc,heap        ] GC(686) Old regions: 154->157
[5715.085s][info][gc,heap        ] GC(686) Humongous regions: 33->33
[5715.085s][info][gc,metaspace   ] GC(686) Metaspace: 30077K(30528K)->30077K(30528K) NonClass: 24663K(24896K)->24663K(24896K) Class: 5413K(5632K)->5413K(5632K)
[5715.085s][info][gc             ] GC(686) Pause Young (Normal) (G1 Evacuation Pause) 7607M->1900M(10240M) 167.195ms
[5715.085s][info][gc,cpu         ] GC(686) User=1.32s Sys=0.00s Real=0.16s
.....[5720.073s][info][gc,start       ] GC(687) Pause Young (Normal) (G1 Evacuation Pause)
[5720.073s][info][gc,task        ] GC(687) Using 8 workers of 8 for evacuation
[5720.243s][info][gc,phases      ] GC(687)   Pre Evacuate Collection Set: 0.31ms
[5720.243s][info][gc,phases      ] GC(687)   Merge Heap Roots: 0.52ms
[5720.243s][info][gc,phases      ] GC(687)   Evacuate Collection Set: 167.36ms
[5720.243s][info][gc,phases      ] GC(687)   Post Evacuate Collection Set: 1.26ms
[5720.243s][info][gc,phases      ] GC(687)   Other: 0.06ms
[5720.243s][info][gc,heap        ] GC(687) Eden regions: 716->0(715)
[5720.243s][info][gc,heap        ] GC(687) Survivor regions: 52->53(96)
[5720.243s][info][gc,heap        ] GC(687) Old regions: 157->159
[5720.243s][info][gc,heap        ] GC(687) Humongous regions: 33->33
[5720.243s][info][gc,metaspace   ] GC(687) Metaspace: 30077K(30528K)->30077K(30528K) NonClass: 24663K(24896K)->24663K(24896K) Class: 5413K(5632K)->5413K(5632K)
[5720.243s][info][gc             ] GC(687) Pause Young (Normal) (G1 Evacuation Pause) 7628M->1929M(10240M) 169.631ms
[5720.243s][info][gc,cpu         ] GC(687) User=1.32s Sys=0.00s Real=0.17s
.....[5725.126s][info][gc,start       ] GC(688) Pause Young (Normal) (G1 Evacuation Pause)
[5725.126s][info][gc,task        ] GC(688) Using 8 workers of 8 for evacuation
[5725.301s][info][gc,phases      ] GC(688)   Pre Evacuate Collection Set: 0.31ms
[5725.301s][info][gc,phases      ] GC(688)   Merge Heap Roots: 0.51ms
[5725.301s][info][gc,phases      ] GC(688)   Evacuate Collection Set: 172.12ms
[5725.301s][info][gc,phases      ] GC(688)   Post Evacuate Collection Set: 1.29ms
[5725.301s][info][gc,phases      ] GC(688)   Other: 0.06ms
[5725.301s][info][gc,heap        ] GC(688) Eden regions: 715->0(714)
[5725.301s][info][gc,heap        ] GC(688) Survivor regions: 53->54(96)
[5725.301s][info][gc,heap        ] GC(688) Old regions: 159->162
[5725.301s][info][gc,heap        ] GC(688) Humongous regions: 33->33
[5725.301s][info][gc,metaspace   ] GC(688) Metaspace: 30077K(30528K)->30077K(30528K) NonClass: 24663K(24896K)->24663K(24896K) Class: 5413K(5632K)->5413K(5632K)
[5725.301s][info][gc             ] GC(688) Pause Young (Normal) (G1 Evacuation Pause) 7649M->1954M(10240M) 174.432ms
[5725.301s][info][gc,cpu         ] GC(688) User=1.37s Sys=0.01s Real=0.17s
......[5730.434s][info][gc,start       ] GC(689) Pause Young (Normal) (G1 Evacuation Pause)
[5730.434s][info][gc,task        ] GC(689) Using 8 workers of 8 for evacuation
[5730.604s][info][gc,phases      ] GC(689)   Pre Evacuate Collection Set: 0.29ms
[5730.604s][info][gc,phases      ] GC(689)   Merge Heap Roots: 0.59ms
[5730.604s][info][gc,phases      ] GC(689)   Evacuate Collection Set: 167.72ms
[5730.604s][info][gc,phases      ] GC(689)   Post Evacuate Collection Set: 1.26ms
[5730.604s][info][gc,phases      ] GC(689)   Other: 0.07ms
[5730.604s][info][gc,heap        ] GC(689) Eden regions: 714->0(715)
[5730.604s][info][gc,heap        ] GC(689) Survivor regions: 54->53(96)
[5730.604s][info][gc,heap        ] GC(689) Old regions: 162->164
[5730.604s][info][gc,heap        ] GC(689) Humongous regions: 33->33
[5730.604s][info][gc,metaspace   ] GC(689) Metaspace: 30077K(30528K)->30077K(30528K) NonClass: 24663K(24896K)->24663K(24896K) Class: 5413K(5632K)->5413K(5632K)
[5730.604s][info][gc             ] GC(689) Pause Young (Normal) (G1 Evacuation Pause) 7666M->1967M(10240M) 170.064ms
[5730.604s][info][gc,cpu         ] GC(689) User=1.34s Sys=0.00s Real=0.17s
.....[5735.597s][info][gc,start       ] GC(690) Pause Young (Normal) (G1 Evacuation Pause)
[5735.597s][info][gc,task        ] GC(690) Using 8 workers of 8 for evacuation
[5735.769s][info][gc,phases      ] GC(690)   Pre Evacuate Collection Set: 0.29ms
[5735.769s][info][gc,phases      ] GC(690)   Merge Heap Roots: 0.57ms
[5735.769s][info][gc,phases      ] GC(690)   Evacuate Collection Set: 169.50ms
[5735.769s][info][gc,phases      ] GC(690)   Post Evacuate Collection Set: 1.23ms
[5735.769s][info][gc,phases      ] GC(690)   Other: 0.07ms
[5735.769s][info][gc,heap        ] GC(690) Eden regions: 715->0(714)
[5735.769s][info][gc,heap        ] GC(690) Survivor regions: 53->54(96)
[5735.769s][info][gc,heap        ] GC(690) Old regions: 164->167
[5735.769s][info][gc,heap        ] GC(690) Humongous regions: 33->33
[5735.769s][info][gc,metaspace   ] GC(690) Metaspace: 30077K(30528K)->30077K(30528K) NonClass: 24663K(24896K)->24663K(24896K) Class: 5413K(5632K)->5413K(5632K)
[5735.769s][info][gc             ] GC(690) Pause Young (Normal) (G1 Evacuation Pause) 7687M->1996M(10240M) 171.775ms
[5735.769s][info][gc,cpu         ] GC(690) User=1.36s Sys=0.00s Real=0.17s
.....[5740.735s][info][gc,start       ] GC(691) Pause Young (Normal) (G1 Evacuation Pause)
[5740.735s][info][gc,task        ] GC(691) Using 8 workers of 8 for evacuation
[5740.908s][info][gc,phases      ] GC(691)   Pre Evacuate Collection Set: 0.30ms
[5740.908s][info][gc,phases      ] GC(691)   Merge Heap Roots: 0.54ms
[5740.908s][info][gc,phases      ] GC(691)   Evacuate Collection Set: 170.91ms
[5740.908s][info][gc,phases      ] GC(691)   Post Evacuate Collection Set: 1.29ms
[5740.908s][info][gc,phases      ] GC(691)   Other: 0.07ms
[5740.908s][info][gc,heap        ] GC(691) Eden regions: 714->0(715)
[5740.908s][info][gc,heap        ] GC(691) Survivor regions: 54->53(96)
[5740.908s][info][gc,heap        ] GC(691) Old regions: 167->170
[5740.908s][info][gc,heap        ] GC(691) Humongous regions: 33->33
[5740.908s][info][gc,metaspace   ] GC(691) Metaspace: 30077K(30528K)->30077K(30528K) NonClass: 24663K(24896K)->24663K(24896K) Class: 5413K(5632K)->5413K(5632K)
[5740.908s][info][gc             ] GC(691) Pause Young (Normal) (G1 Evacuation Pause) 7708M->2010M(10240M) 173.250ms
[5740.908s][info][gc,cpu         ] GC(691) User=1.36s Sys=0.01s Real=0.18s
.... (rIR:aIR:PR = 9271:9321:9329) (tPR = 137526) [OK] 
  5744s: Performance info:
         Transaction,    Success,    Partial,     Failed,   Receipts, AvgBarcode, 
             Overall,     560759,          0,          0,     532844,      59.48, 
         Response times:
             Request,    Success,    Partial,     Failed,   SkipFail,     Probes,    Samples,      min,      p50,      p90,      p95,      p99,      max, 
       TotalPurchase,     532395,          0,          0,          0,     357367,     416010,      300,     6600,    18500,    54000,   136000,   630000,
     InStorePurchase,     280038,          0,          0,          0,     188214,     218803,      300,     6500,    18300,    53000,   136000,   630000,
      OnlinePurchase,     196473,          0,          0,          0,     131491,     153075,      300,     6500,    18800,    56000,   137000,   630000,
        InstPurchase,      55884,          0,          0,          0,      37662,      44132,      500,     6800,    18500,    55000,   138000,   630000,
          AssocOfCat,        555,          0,          0,          0,        440,        614,    32000,    52000,    83000,   136750,   229850,   265000,
      AssocOfProduct,       5575,          0,          0,          0,       4098,       5033,      500,     5600,    17700,    43000,   130000,   630000,
      BusinessReport,       1395,          0,          0,          0,       1235,       1581,    34000,    58000,    88000,   135900,   230180,   253000,
          CustBuyBeh,       5645,          0,          0,          0,       4059,       4927,      300,     6100,    17920,    49000,   124720,   502000,
       ProductReturn,      14698,          0,          0,          0,       9463,      11180,      400,     7000,    19590,    58000,   140190,   630000,

  5744s: (68%)   IR =   9409 .[5745.908s][info][gc,start       ] GC(692) Pause Young (Normal) (G1 Evacuation Pause)
[5745.908s][info][gc,task        ] GC(692) Using 8 workers of 8 for evacuation
[5746.084s][info][gc,phases      ] GC(692)   Pre Evacuate Collection Set: 0.27ms
[5746.084s][info][gc,phases      ] GC(692)   Merge Heap Roots: 0.58ms
[5746.084s][info][gc,phases      ] GC(692)   Evacuate Collection Set: 173.13ms
[5746.084s][info][gc,phases      ] GC(692)   Post Evacuate Collection Set: 1.33ms
[5746.084s][info][gc,phases      ] GC(692)   Other: 0.08ms
[5746.084s][info][gc,heap        ] GC(692) Eden regions: 715->0(714)
[5746.084s][info][gc,heap        ] GC(692) Survivor regions: 53->54(96)
[5746.084s][info][gc,heap        ] GC(692) Old regions: 170->172
[5746.084s][info][gc,heap        ] GC(692) Humongous regions: 33->33
[5746.084s][info][gc,metaspace   ] GC(692) Metaspace: 30077K(30528K)->30077K(30528K) NonClass: 24663K(24896K)->24663K(24896K) Class: 5413K(5632K)->5413K(5632K)
[5746.084s][info][gc             ] GC(692) Pause Young (Normal) (G1 Evacuation Pause) 7730M->2039M(10240M) 175.524ms
[5746.084s][info][gc,cpu         ] GC(692) User=1.38s Sys=0.00s Real=0.17s
.....[5750.968s][info][gc,start       ] GC(693) Pause Young (Normal) (G1 Evacuation Pause)
[5750.968s][info][gc,task        ] GC(693) Using 8 workers of 8 for evacuation
[5751.137s][info][gc,phases      ] GC(693)   Pre Evacuate Collection Set: 0.32ms
[5751.137s][info][gc,phases      ] GC(693)   Merge Heap Roots: 0.53ms
[5751.137s][info][gc,phases      ] GC(693)   Evacuate Collection Set: 167.16ms
[5751.137s][info][gc,phases      ] GC(693)   Post Evacuate Collection Set: 1.27ms
[5751.137s][info][gc,phases      ] GC(693)   Other: 0.07ms
[5751.137s][info][gc,heap        ] GC(693) Eden regions: 714->0(715)
[5751.137s][info][gc,heap        ] GC(693) Survivor regions: 54->53(96)
[5751.137s][info][gc,heap        ] GC(693) Old regions: 172->175
[5751.137s][info][gc,heap        ] GC(693) Humongous regions: 33->33
[5751.137s][info][gc,metaspace   ] GC(693) Metaspace: 30077K(30528K)->30077K(30528K) NonClass: 24663K(24896K)->24663K(24896K) Class: 5413K(5632K)->5413K(5632K)
[5751.137s][info][gc             ] GC(693) Pause Young (Normal) (G1 Evacuation Pause) 7751M->2053M(10240M) 169.475ms
[5751.137s][info][gc,cpu         ] GC(693) User=1.33s Sys=0.00s Real=0.17s
...|..[5756.207s][info][gc,start       ] GC(694) Pause Young (Normal) (G1 Evacuation Pause)
[5756.207s][info][gc,task        ] GC(694) Using 8 workers of 8 for evacuation
[5756.377s][info][gc,phases      ] GC(694)   Pre Evacuate Collection Set: 0.26ms
[5756.377s][info][gc,phases      ] GC(694)   Merge Heap Roots: 0.60ms
[5756.377s][info][gc,phases      ] GC(694)   Evacuate Collection Set: 167.88ms
[5756.377s][info][gc,phases      ] GC(694)   Post Evacuate Collection Set: 1.36ms
[5756.377s][info][gc,phases      ] GC(694)   Other: 0.06ms
[5756.377s][info][gc,heap        ] GC(694) Eden regions: 715->0(715)
[5756.377s][info][gc,heap        ] GC(694) Survivor regions: 53->53(96)
[5756.377s][info][gc,heap        ] GC(694) Old regions: 175->178
[5756.377s][info][gc,heap        ] GC(694) Humongous regions: 33->33
[5756.377s][info][gc,metaspace   ] GC(694) Metaspace: 30077K(30528K)->30077K(30528K) NonClass: 24663K(24896K)->24663K(24896K) Class: 5413K(5632K)->5413K(5632K)
[5756.377s][info][gc             ] GC(694) Pause Young (Normal) (G1 Evacuation Pause) 7773M->2079M(10240M) 170.313ms
[5756.377s][info][gc,cpu         ] GC(694) User=1.34s Sys=0.00s Real=0.17s
.....[5761.294s][info][gc,start       ] GC(695) Pause Young (Normal) (G1 Evacuation Pause)
[5761.294s][info][gc,task        ] GC(695) Using 8 workers of 8 for evacuation
[5761.465s][info][gc,phases      ] GC(695)   Pre Evacuate Collection Set: 0.27ms
[5761.465s][info][gc,phases      ] GC(695)   Merge Heap Roots: 0.54ms
[5761.465s][info][gc,phases      ] GC(695)   Evacuate Collection Set: 168.26ms
[5761.465s][info][gc,phases      ] GC(695)   Post Evacuate Collection Set: 1.27ms
[5761.465s][info][gc,phases      ] GC(695)   Other: 0.07ms
[5761.465s][info][gc,heap        ] GC(695) Eden regions: 715->0(715)
[5761.465s][info][gc,heap        ] GC(695) Survivor regions: 53->53(96)
[5761.465s][info][gc,heap        ] GC(695) Old regions: 178->181
[5761.465s][info][gc,heap        ] GC(695) Humongous regions: 33->33
[5761.465s][info][gc,metaspace   ] GC(695) Metaspace: 30077K(30528K)->30077K(30528K) NonClass: 24663K(24896K)->24663K(24896K) Class: 5413K(5632K)->5413K(5632K)
[5761.465s][info][gc             ] GC(695) Pause Young (Normal) (G1 Evacuation Pause) 7799M->2102M(10240M) 170.537ms
[5761.465s][info][gc,cpu         ] GC(695) User=1.34s Sys=0.00s Real=0.17s
.....[5766.379s][info][gc,start       ] GC(696) Pause Young (Normal) (G1 Evacuation Pause)
[5766.379s][info][gc,task        ] GC(696) Using 8 workers of 8 for evacuation
[5766.556s][info][gc,phases      ] GC(696)   Pre Evacuate Collection Set: 0.29ms
[5766.556s][info][gc,phases      ] GC(696)   Merge Heap Roots: 0.57ms
[5766.556s][info][gc,phases      ] GC(696)   Evacuate Collection Set: 174.48ms
[5766.556s][info][gc,phases      ] GC(696)   Post Evacuate Collection Set: 1.26ms
[5766.556s][info][gc,phases      ] GC(696)   Other: 0.07ms
[5766.556s][info][gc,heap        ] GC(696) Eden regions: 715->0(714)
[5766.556s][info][gc,heap        ] GC(696) Survivor regions: 53->54(96)
[5766.556s][info][gc,heap        ] GC(696) Old regions: 181->184
[5766.556s][info][gc,heap        ] GC(696) Humongous regions: 33->33
[5766.556s][info][gc,metaspace   ] GC(696) Metaspace: 30077K(30528K)->30077K(30528K) NonClass: 24663K(24896K)->24663K(24896K) Class: 5413K(5632K)->5413K(5632K)
[5766.556s][info][gc             ] GC(696) Pause Young (Normal) (G1 Evacuation Pause) 7822M->2132M(10240M) 176.800ms
[5766.556s][info][gc,cpu         ] GC(696) User=1.39s Sys=0.00s Real=0.18s
......[5771.758s][info][gc,start       ] GC(697) Pause Young (Normal) (G1 Evacuation Pause)
[5771.758s][info][gc,task        ] GC(697) Using 8 workers of 8 for evacuation
[5771.924s][info][gc,phases      ] GC(697)   Pre Evacuate Collection Set: 0.30ms
[5771.924s][info][gc,phases      ] GC(697)   Merge Heap Roots: 0.55ms
[5771.924s][info][gc,phases      ] GC(697)   Evacuate Collection Set: 163.43ms
[5771.924s][info][gc,phases      ] GC(697)   Post Evacuate Collection Set: 1.31ms
[5771.924s][info][gc,phases      ] GC(697)   Other: 0.07ms
[5771.924s][info][gc,heap        ] GC(697) Eden regions: 714->0(716)
[5771.924s][info][gc,heap        ] GC(697) Survivor regions: 54->52(96)
[5771.924s][info][gc,heap        ] GC(697) Old regions: 184->186
[5771.924s][info][gc,heap        ] GC(697) Humongous regions: 33->33
[5771.924s][info][gc,metaspace   ] GC(697) Metaspace: 30077K(30528K)->30077K(30528K) NonClass: 24663K(24896K)->24663K(24896K) Class: 5413K(5632K)->5413K(5632K)
[5771.924s][info][gc             ] GC(697) Pause Young (Normal) (G1 Evacuation Pause) 7844M->2133M(10240M) 165.820ms
[5771.924s][info][gc,cpu         ] GC(697) User=1.31s Sys=0.01s Real=0.16s
.....[5776.854s][info][gc,start       ] GC(698) Pause Young (Normal) (G1 Evacuation Pause)
[5776.854s][info][gc,task        ] GC(698) Using 8 workers of 8 for evacuation
[5777.029s][info][gc,phases      ] GC(698)   Pre Evacuate Collection Set: 0.31ms
[5777.029s][info][gc,phases      ] GC(698)   Merge Heap Roots: 0.62ms
[5777.029s][info][gc,phases      ] GC(698)   Evacuate Collection Set: 172.81ms
[5777.029s][info][gc,phases      ] GC(698)   Post Evacuate Collection Set: 1.26ms
[5777.029s][info][gc,phases      ] GC(698)   Other: 0.08ms
[5777.029s][info][gc,heap        ] GC(698) Eden regions: 716->0(714)
[5777.029s][info][gc,heap        ] GC(698) Survivor regions: 52->54(96)
[5777.029s][info][gc,heap        ] GC(698) Old regions: 186->189
[5777.029s][info][gc,heap        ] GC(698) Humongous regions: 33->33
[5777.029s][info][gc,metaspace   ] GC(698) Metaspace: 30077K(30528K)->30077K(30528K) NonClass: 24663K(24896K)->24663K(24896K) Class: 5413K(5632K)->5413K(5632K)
[5777.029s][info][gc             ] GC(698) Pause Young (Normal) (G1 Evacuation Pause) 7861M->2171M(10240M) 175.219ms
[5777.029s][info][gc,cpu         ] GC(698) User=1.38s Sys=0.00s Real=0.18s
.....[5782.026s][info][gc,start       ] GC(699) Pause Young (Normal) (G1 Evacuation Pause)
[5782.026s][info][gc,task        ] GC(699) Using 8 workers of 8 for evacuation
[5782.199s][info][gc,phases      ] GC(699)   Pre Evacuate Collection Set: 0.28ms
[5782.199s][info][gc,phases      ] GC(699)   Merge Heap Roots: 0.54ms
[5782.199s][info][gc,phases      ] GC(699)   Evacuate Collection Set: 170.52ms
[5782.199s][info][gc,phases      ] GC(699)   Post Evacuate Collection Set: 1.27ms
[5782.199s][info][gc,phases      ] GC(699)   Other: 0.07ms
[5782.199s][info][gc,heap        ] GC(699) Eden regions: 714->0(716)
[5782.199s][info][gc,heap        ] GC(699) Survivor regions: 54->52(96)
[5782.199s][info][gc,heap        ] GC(699) Old regions: 189->192
[5782.199s][info][gc,heap        ] GC(699) Humongous regions: 33->33
[5782.199s][info][gc,metaspace   ] GC(699) Metaspace: 30077K(30528K)->30077K(30528K) NonClass: 24663K(24896K)->24663K(24896K) Class: 5413K(5632K)->5413K(5632K)
[5782.199s][info][gc             ] GC(699) Pause Young (Normal) (G1 Evacuation Pause) 7883M->2180M(10240M) 172.821ms
[5782.199s][info][gc,cpu         ] GC(699) User=1.36s Sys=0.01s Real=0.17s
.....[5787.144s][info][gc,start       ] GC(700) Pause Young (Normal) (G1 Evacuation Pause)
[5787.145s][info][gc,task        ] GC(700) Using 8 workers of 8 for evacuation
[5787.317s][info][gc,phases      ] GC(700)   Pre Evacuate Collection Set: 0.32ms
[5787.317s][info][gc,phases      ] GC(700)   Merge Heap Roots: 0.55ms
[5787.317s][info][gc,phases      ] GC(700)   Evacuate Collection Set: 169.82ms
[5787.317s][info][gc,phases      ] GC(700)   Post Evacuate Collection Set: 1.30ms
[5787.317s][info][gc,phases      ] GC(700)   Other: 0.08ms
[5787.317s][info][gc,heap        ] GC(700) Eden regions: 716->0(714)
[5787.317s][info][gc,heap        ] GC(700) Survivor regions: 52->54(96)
[5787.317s][info][gc,heap        ] GC(700) Old regions: 192->194
[5787.317s][info][gc,heap        ] GC(700) Humongous regions: 33->33
[5787.317s][info][gc,metaspace   ] GC(700) Metaspace: 30077K(30528K)->30077K(30528K) NonClass: 24663K(24896K)->24663K(24896K) Class: 5413K(5632K)->5413K(5632K)
[5787.317s][info][gc             ] GC(700) Pause Young (Normal) (G1 Evacuation Pause) 7908M->2213M(10240M) 172.204ms
[5787.317s][info][gc,cpu         ] GC(700) User=1.35s Sys=0.01s Real=0.18s
.....[5792.266s][info][gc,start       ] GC(701) Pause Young (Normal) (G1 Evacuation Pause)
[5792.266s][info][gc,task        ] GC(701) Using 8 workers of 8 for evacuation
[5792.436s][info][gc,phases      ] GC(701)   Pre Evacuate Collection Set: 0.28ms
[5792.436s][info][gc,phases      ] GC(701)   Merge Heap Roots: 0.54ms
[5792.436s][info][gc,phases      ] GC(701)   Evacuate Collection Set: 168.48ms
[5792.437s][info][gc,phases      ] GC(701)   Post Evacuate Collection Set: 1.27ms
[5792.437s][info][gc,phases      ] GC(701)   Other: 0.06ms
[5792.437s][info][gc,heap        ] GC(701) Eden regions: 714->0(716)
[5792.437s][info][gc,heap        ] GC(701) Survivor regions: 54->52(96)
[5792.437s][info][gc,heap        ] GC(701) Old regions: 194->197
[5792.437s][info][gc,heap        ] GC(701) Humongous regions: 33->33
[5792.437s][info][gc,metaspace   ] GC(701) Metaspace: 30077K(30528K)->30077K(30528K) NonClass: 24663K(24896K)->24663K(24896K) Class: 5413K(5632K)->5413K(5632K)
[5792.437s][info][gc             ] GC(701) Pause Young (Normal) (G1 Evacuation Pause) 7925M->2218M(10240M) 170.772ms
[5792.437s][info][gc,cpu         ] GC(701) User=1.35s Sys=0.00s Real=0.17s
.....[5797.465s][info][gc,start       ] GC(702) Pause Young (Normal) (G1 Evacuation Pause)
[5797.465s][info][gc,task        ] GC(702) Using 8 workers of 8 for evacuation
[5797.638s][info][gc,phases      ] GC(702)   Pre Evacuate Collection Set: 0.31ms
[5797.638s][info][gc,phases      ] GC(702)   Merge Heap Roots: 0.56ms
[5797.638s][info][gc,phases      ] GC(702)   Evacuate Collection Set: 171.31ms
[5797.638s][info][gc,phases      ] GC(702)   Post Evacuate Collection Set: 1.30ms
[5797.638s][info][gc,phases      ] GC(702)   Other: 0.07ms
[5797.638s][info][gc,heap        ] GC(702) Eden regions: 716->0(714)
[5797.638s][info][gc,heap        ] GC(702) Survivor regions: 52->54(96)
[5797.638s][info][gc,heap        ] GC(702) Old regions: 197->199
[5797.638s][info][gc,heap        ] GC(702) Humongous regions: 33->33
[5797.638s][info][gc,metaspace   ] GC(702) Metaspace: 30077K(30528K)->30077K(30528K) NonClass: 24663K(24896K)->24663K(24896K) Class: 5413K(5632K)->5413K(5632K)
[5797.638s][info][gc             ] GC(702) Pause Young (Normal) (G1 Evacuation Pause) 7946M->2255M(10240M) 173.684ms
[5797.639s][info][gc,cpu         ] GC(702) User=1.37s Sys=0.00s Real=0.18s
.....[5802.557s][info][gc,start       ] GC(703) Pause Young (Normal) (G1 Evacuation Pause)
[5802.557s][info][gc,task        ] GC(703) Using 8 workers of 8 for evacuation
[5802.730s][info][gc,phases      ] GC(703)   Pre Evacuate Collection Set: 0.31ms
[5802.730s][info][gc,phases      ] GC(703)   Merge Heap Roots: 0.62ms
[5802.730s][info][gc,phases      ] GC(703)   Evacuate Collection Set: 170.52ms
[5802.730s][info][gc,phases      ] GC(703)   Post Evacuate Collection Set: 1.29ms
[5802.730s][info][gc,phases      ] GC(703)   Other: 0.07ms
[5802.730s][info][gc,heap        ] GC(703) Eden regions: 714->0(715)
[5802.730s][info][gc,heap        ] GC(703) Survivor regions: 54->53(96)
[5802.730s][info][gc,heap        ] GC(703) Old regions: 199->202
[5802.730s][info][gc,heap        ] GC(703) Humongous regions: 33->33
[5802.730s][info][gc,metaspace   ] GC(703) Metaspace: 30077K(30528K)->30077K(30528K) NonClass: 24663K(24896K)->24663K(24896K) Class: 5413K(5632K)->5413K(5632K)
[5802.730s][info][gc             ] GC(703) Pause Young (Normal) (G1 Evacuation Pause) 7967M->2269M(10240M) 172.959ms
[5802.730s][info][gc,cpu         ] GC(703) User=1.36s Sys=0.01s Real=0.17s
.....[5807.693s][info][gc,start       ] GC(704) Pause Young (Normal) (G1 Evacuation Pause)
[5807.693s][info][gc,task        ] GC(704) Using 8 workers of 8 for evacuation
[5807.858s][info][gc,phases      ] GC(704)   Pre Evacuate Collection Set: 0.33ms
[5807.858s][info][gc,phases      ] GC(704)   Merge Heap Roots: 0.53ms
[5807.858s][info][gc,phases      ] GC(704)   Evacuate Collection Set: 163.64ms
[5807.858s][info][gc,phases      ] GC(704)   Post Evacuate Collection Set: 1.24ms
[5807.858s][info][gc,phases      ] GC(704)   Other: 0.08ms
[5807.858s][info][gc,heap        ] GC(704) Eden regions: 715->0(716)
[5807.858s][info][gc,heap        ] GC(704) Survivor regions: 53->52(96)
[5807.858s][info][gc,heap        ] GC(704) Old regions: 202->205
[5807.858s][info][gc,heap        ] GC(704) Humongous regions: 33->33
[5807.858s][info][gc,metaspace   ] GC(704) Metaspace: 30077K(30528K)->30077K(30528K) NonClass: 24663K(24896K)->24663K(24896K) Class: 5413K(5632K)->5413K(5632K)
[5807.858s][info][gc             ] GC(704) Pause Young (Normal) (G1 Evacuation Pause) 7989M->2286M(10240M) 165.947ms
[5807.859s][info][gc,cpu         ] GC(704) User=1.30s Sys=0.00s Real=0.17s
......[5812.928s][info][gc,start       ] GC(705) Pause Young (Normal) (G1 Evacuation Pause)
[5812.928s][info][gc,task        ] GC(705) Using 8 workers of 8 for evacuation
[5813.102s][info][gc,phases      ] GC(705)   Pre Evacuate Collection Set: 0.30ms
[5813.102s][info][gc,phases      ] GC(705)   Merge Heap Roots: 0.53ms
[5813.102s][info][gc,phases      ] GC(705)   Evacuate Collection Set: 171.88ms
[5813.102s][info][gc,phases      ] GC(705)   Post Evacuate Collection Set: 1.30ms
[5813.102s][info][gc,phases      ] GC(705)   Other: 0.07ms
[5813.102s][info][gc,heap        ] GC(705) Eden regions: 716->0(715)
[5813.102s][info][gc,heap        ] GC(705) Survivor regions: 52->53(96)
[5813.102s][info][gc,heap        ] GC(705) Old regions: 205->208
[5813.102s][info][gc,heap        ] GC(705) Humongous regions: 33->33
[5813.102s][info][gc,metaspace   ] GC(705) Metaspace: 30077K(30528K)->30077K(30528K) NonClass: 24663K(24896K)->24663K(24896K) Class: 5413K(5632K)->5413K(5632K)
[5813.102s][info][gc             ] GC(705) Pause Young (Normal) (G1 Evacuation Pause) 8014M->2312M(10240M) 174.208ms
[5813.102s][info][gc,cpu         ] GC(705) User=1.37s Sys=0.00s Real=0.17s
. (rIR:aIR:PR = 9409:9334:9333) (tPR = 140053) [OK] 
  5813s: Performance info:
         Transaction,    Success,    Partial,     Failed,   Receipts, AvgBarcode, 
             Overall,     564218,          0,          0,     535711,      59.48, 
         Response times:
             Request,    Success,    Partial,     Failed,   SkipFail,     Probes,    Samples,      min,      p50,      p90,      p95,      p99,      max, 
       TotalPurchase,     535733,          0,          0,          0,     359436,     417752,      300,     6700,    21000,    59000,   120000,   553000,
     InStorePurchase,     279407,          0,          0,          0,     189312,     219692,      400,     6700,    21000,    58000,   118000,   552000,
      OnlinePurchase,     199648,          0,          0,          0,     132673,     154255,      300,     6600,    21000,    59000,   123000,   553000,
        InstPurchase,      56678,          0,          0,          0,      37451,      43805,      500,     6300,    21000,    59000,   119000,   489000,
          AssocOfCat,        568,          0,          0,          0,        453,        619,    32000,    51000,    76000,   114000,   218800,   243000,
      AssocOfProduct,       5729,          0,          0,          0,       4169,       5075,      400,     6100,    19000,    60000,   111000,   207000,
      BusinessReport,       1421,          0,          0,          0,       1241,       1596,    26000,    59000,    98000,   150150,   236030,   250000,
          CustBuyBeh,       5724,          0,          0,          0,       4161,       5045,      200,     6000,    19300,    53000,   110000,   466000,
       ProductReturn,      15081,          0,          0,          0,       9683,      11545,      200,     6800,    19600,    56000,   123000,   464000,

  5813s: (69%)   IR =   9548 ....[5817.973s][info][gc,start       ] GC(706) Pause Young (Normal) (G1 Evacuation Pause)
[5817.973s][info][gc,task        ] GC(706) Using 8 workers of 8 for evacuation
[5818.141s][info][gc,phases      ] GC(706)   Pre Evacuate Collection Set: 0.31ms
[5818.141s][info][gc,phases      ] GC(706)   Merge Heap Roots: 0.55ms
[5818.141s][info][gc,phases      ] GC(706)   Evacuate Collection Set: 165.77ms
[5818.141s][info][gc,phases      ] GC(706)   Post Evacuate Collection Set: 1.27ms
[5818.141s][info][gc,phases      ] GC(706)   Other: 0.08ms
[5818.141s][info][gc,heap        ] GC(706) Eden regions: 715->0(716)
[5818.141s][info][gc,heap        ] GC(706) Survivor regions: 53->52(96)
[5818.141s][info][gc,heap        ] GC(706) Old regions: 208->210
[5818.141s][info][gc,heap        ] GC(706) Humongous regions: 33->33
[5818.141s][info][gc,metaspace   ] GC(706) Metaspace: 30077K(30528K)->30077K(30528K) NonClass: 24663K(24896K)->24663K(24896K) Class: 5413K(5632K)->5413K(5632K)
[5818.141s][info][gc             ] GC(706) Pause Young (Normal) (G1 Evacuation Pause) 8032M->2325M(10240M) 168.140ms
[5818.141s][info][gc,cpu         ] GC(706) User=1.33s Sys=0.00s Real=0.17s
..|..[5822.946s][info][gc,start       ] GC(707) Pause Young (Normal) (G1 Evacuation Pause)
[5822.946s][info][gc,task        ] GC(707) Using 8 workers of 8 for evacuation
[5823.122s][info][gc,phases      ] GC(707)   Pre Evacuate Collection Set: 0.32ms
[5823.122s][info][gc,phases      ] GC(707)   Merge Heap Roots: 0.54ms
[5823.122s][info][gc,phases      ] GC(707)   Evacuate Collection Set: 173.01ms
[5823.122s][info][gc,phases      ] GC(707)   Post Evacuate Collection Set: 1.30ms
[5823.122s][info][gc,phases      ] GC(707)   Other: 0.10ms
[5823.122s][info][gc,heap        ] GC(707) Eden regions: 716->0(715)
[5823.122s][info][gc,heap        ] GC(707) Survivor regions: 52->53(96)
[5823.122s][info][gc,heap        ] GC(707) Old regions: 210->213
[5823.122s][info][gc,heap        ] GC(707) Humongous regions: 33->33
[5823.122s][info][gc,metaspace   ] GC(707) Metaspace: 30077K(30528K)->30077K(30528K) NonClass: 24663K(24896K)->24663K(24896K) Class: 5413K(5632K)->5413K(5632K)
[5823.122s][info][gc             ] GC(707) Pause Young (Normal) (G1 Evacuation Pause) 8053M->2355M(10240M) 175.395ms
[5823.122s][info][gc,cpu         ] GC(707) User=1.38s Sys=0.00s Real=0.17s
.....[5828.077s][info][gc,start       ] GC(708) Pause Young (Normal) (G1 Evacuation Pause)
[5828.077s][info][gc,task        ] GC(708) Using 8 workers of 8 for evacuation
[5828.250s][info][gc,phases      ] GC(708)   Pre Evacuate Collection Set: 0.32ms
[5828.250s][info][gc,phases      ] GC(708)   Merge Heap Roots: 0.56ms
[5828.250s][info][gc,phases      ] GC(708)   Evacuate Collection Set: 171.00ms
[5828.250s][info][gc,phases      ] GC(708)   Post Evacuate Collection Set: 1.28ms
[5828.250s][info][gc,phases      ] GC(708)   Other: 0.07ms
[5828.250s][info][gc,heap        ] GC(708) Eden regions: 715->0(714)
[5828.250s][info][gc,heap        ] GC(708) Survivor regions: 53->54(96)
[5828.250s][info][gc,heap        ] GC(708) Old regions: 213->215
[5828.250s][info][gc,heap        ] GC(708) Humongous regions: 33->33
[5828.250s][info][gc,metaspace   ] GC(708) Metaspace: 30077K(30528K)->30077K(30528K) NonClass: 24663K(24896K)->24663K(24896K) Class: 5413K(5632K)->5413K(5632K)
[5828.250s][info][gc             ] GC(708) Pause Young (Normal) (G1 Evacuation Pause) 8075M->2387M(10240M) 173.352ms
[5828.250s][info][gc,cpu         ] GC(708) User=1.36s Sys=0.00s Real=0.17s
......[5833.295s][info][gc,start       ] GC(709) Pause Young (Normal) (G1 Evacuation Pause)
[5833.296s][info][gc,task        ] GC(709) Using 8 workers of 8 for evacuation
[5833.466s][info][gc,phases      ] GC(709)   Pre Evacuate Collection Set: 0.31ms
[5833.466s][info][gc,phases      ] GC(709)   Merge Heap Roots: 0.55ms
[5833.466s][info][gc,phases      ] GC(709)   Evacuate Collection Set: 168.10ms
[5833.466s][info][gc,phases      ] GC(709)   Post Evacuate Collection Set: 1.26ms
[5833.466s][info][gc,phases      ] GC(709)   Other: 0.07ms
[5833.466s][info][gc,heap        ] GC(709) Eden regions: 714->0(716)
[5833.466s][info][gc,heap        ] GC(709) Survivor regions: 54->52(96)
[5833.466s][info][gc,heap        ] GC(709) Old regions: 215->218
[5833.466s][info][gc,heap        ] GC(709) Humongous regions: 33->33
[5833.466s][info][gc,metaspace   ] GC(709) Metaspace: 30077K(30528K)->30077K(30528K) NonClass: 24663K(24896K)->24663K(24896K) Class: 5413K(5632K)->5413K(5632K)
[5833.466s][info][gc             ] GC(709) Pause Young (Normal) (G1 Evacuation Pause) 8099M->2389M(10240M) 170.415ms
[5833.466s][info][gc,cpu         ] GC(709) User=1.34s Sys=0.00s Real=0.18s
....[5838.245s][info][gc,start       ] GC(710) Pause Young (Normal) (G1 Evacuation Pause)
[5838.245s][info][gc,task        ] GC(710) Using 8 workers of 8 for evacuation
[5838.418s][info][gc,phases      ] GC(710)   Pre Evacuate Collection Set: 0.27ms
[5838.418s][info][gc,phases      ] GC(710)   Merge Heap Roots: 0.52ms
[5838.418s][info][gc,phases      ] GC(710)   Evacuate Collection Set: 170.76ms
[5838.418s][info][gc,phases      ] GC(710)   Post Evacuate Collection Set: 1.28ms
[5838.418s][info][gc,phases      ] GC(710)   Other: 0.07ms
[5838.418s][info][gc,heap        ] GC(710) Eden regions: 716->0(715)
[5838.418s][info][gc,heap        ] GC(710) Survivor regions: 52->53(96)
[5838.418s][info][gc,heap        ] GC(710) Old regions: 218->221
[5838.418s][info][gc,heap        ] GC(710) Humongous regions: 33->33
[5838.418s][info][gc,metaspace   ] GC(710) Metaspace: 30077K(30528K)->30077K(30528K) NonClass: 24663K(24896K)->24663K(24896K) Class: 5413K(5632K)->5413K(5632K)
[5838.418s][info][gc             ] GC(710) Pause Young (Normal) (G1 Evacuation Pause) 8117M->2419M(10240M) 173.065ms
[5838.418s][info][gc,cpu         ] GC(710) User=1.36s Sys=0.00s Real=0.18s
.....[5843.324s][info][gc,start       ] GC(711) Pause Young (Normal) (G1 Evacuation Pause)
[5843.324s][info][gc,task        ] GC(711) Using 8 workers of 8 for evacuation
[5843.492s][info][gc,phases      ] GC(711)   Pre Evacuate Collection Set: 0.29ms
[5843.492s][info][gc,phases      ] GC(711)   Merge Heap Roots: 0.53ms
[5843.492s][info][gc,phases      ] GC(711)   Evacuate Collection Set: 166.45ms
[5843.492s][info][gc,phases      ] GC(711)   Post Evacuate Collection Set: 1.28ms
[5843.492s][info][gc,phases      ] GC(711)   Other: 0.06ms
[5843.492s][info][gc,heap        ] GC(711) Eden regions: 715->0(716)
[5843.492s][info][gc,heap        ] GC(711) Survivor regions: 53->52(96)
[5843.492s][info][gc,heap        ] GC(711) Old regions: 221->224
[5843.492s][info][gc,heap        ] GC(711) Humongous regions: 33->33
[5843.492s][info][gc,metaspace   ] GC(711) Metaspace: 30077K(30528K)->30077K(30528K) NonClass: 24663K(24896K)->24663K(24896K) Class: 5413K(5632K)->5413K(5632K)
[5843.492s][info][gc             ] GC(711) Pause Young (Normal) (G1 Evacuation Pause) 8139M->2438M(10240M) 168.735ms
[5843.492s][info][gc,cpu         ] GC(711) User=1.32s Sys=0.00s Real=0.17s
.....[5848.430s][info][gc,start       ] GC(712) Pause Young (Normal) (G1 Evacuation Pause)
[5848.430s][info][gc,task        ] GC(712) Using 8 workers of 8 for evacuation
[5848.605s][info][gc,phases      ] GC(712)   Pre Evacuate Collection Set: 0.28ms
[5848.605s][info][gc,phases      ] GC(712)   Merge Heap Roots: 0.53ms
[5848.605s][info][gc,phases      ] GC(712)   Evacuate Collection Set: 172.68ms
[5848.605s][info][gc,phases      ] GC(712)   Post Evacuate Collection Set: 1.27ms
[5848.605s][info][gc,phases      ] GC(712)   Other: 0.06ms
[5848.605s][info][gc,heap        ] GC(712) Eden regions: 716->0(714)
[5848.605s][info][gc,heap        ] GC(712) Survivor regions: 52->54(96)
[5848.605s][info][gc,heap        ] GC(712) Old regions: 224->226
[5848.605s][info][gc,heap        ] GC(712) Humongous regions: 33->33
[5848.605s][info][gc,metaspace   ] GC(712) Metaspace: 30077K(30528K)->30077K(30528K) NonClass: 24663K(24896K)->24663K(24896K) Class: 5413K(5632K)->5413K(5632K)
[5848.605s][info][gc             ] GC(712) Pause Young (Normal) (G1 Evacuation Pause) 8166M->2470M(10240M) 174.954ms
[5848.605s][info][gc,cpu         ] GC(712) User=1.37s Sys=0.00s Real=0.17s
.....[5853.393s][info][gc,start       ] GC(713) Pause Young (Normal) (G1 Evacuation Pause)
[5853.393s][info][gc,task        ] GC(713) Using 8 workers of 8 for evacuation
[5853.568s][info][gc,phases      ] GC(713)   Pre Evacuate Collection Set: 0.28ms
[5853.568s][info][gc,phases      ] GC(713)   Merge Heap Roots: 0.53ms
[5853.568s][info][gc,phases      ] GC(713)   Evacuate Collection Set: 172.61ms
[5853.568s][info][gc,phases      ] GC(713)   Post Evacuate Collection Set: 1.30ms
[5853.568s][info][gc,phases      ] GC(713)   Other: 0.06ms
[5853.568s][info][gc,heap        ] GC(713) Eden regions: 714->0(714)
[5853.568s][info][gc,heap        ] GC(713) Survivor regions: 54->54(96)
[5853.568s][info][gc,heap        ] GC(713) Old regions: 226->229
[5853.568s][info][gc,heap        ] GC(713) Humongous regions: 33->33
[5853.568s][info][gc,metaspace   ] GC(713) Metaspace: 30077K(30528K)->30077K(30528K) NonClass: 24663K(24896K)->24663K(24896K) Class: 5413K(5632K)->5413K(5632K)
[5853.568s][info][gc             ] GC(713) Pause Young (Normal) (G1 Evacuation Pause) 8182M->2492M(10240M) 174.950ms
[5853.568s][info][gc,cpu         ] GC(713) User=1.37s Sys=0.00s Real=0.18s
.....[5858.294s][info][gc,start       ] GC(714) Pause Young (Normal) (G1 Evacuation Pause)
[5858.294s][info][gc,task        ] GC(714) Using 8 workers of 8 for evacuation
[5858.466s][info][gc,phases      ] GC(714)   Pre Evacuate Collection Set: 0.30ms
[5858.466s][info][gc,phases      ] GC(714)   Merge Heap Roots: 0.53ms
[5858.466s][info][gc,phases      ] GC(714)   Evacuate Collection Set: 169.92ms
[5858.466s][info][gc,phases      ] GC(714)   Post Evacuate Collection Set: 1.28ms
[5858.466s][info][gc,phases      ] GC(714)   Other: 0.08ms
[5858.466s][info][gc,heap        ] GC(714) Eden regions: 714->0(714)
[5858.466s][info][gc,heap        ] GC(714) Survivor regions: 54->54(96)
[5858.466s][info][gc,heap        ] GC(714) Old regions: 229->232
[5858.466s][info][gc,heap        ] GC(714) Humongous regions: 33->33
[5858.466s][info][gc,metaspace   ] GC(714) Metaspace: 30077K(30528K)->30077K(30528K) NonClass: 24663K(24896K)->24663K(24896K) Class: 5413K(5632K)->5413K(5632K)
[5858.466s][info][gc             ] GC(714) Pause Young (Normal) (G1 Evacuation Pause) 8204M->2513M(10240M) 172.247ms
[5858.466s][info][gc,cpu         ] GC(714) User=1.35s Sys=0.01s Real=0.18s
.....[5863.266s][info][gc,start       ] GC(715) Pause Young (Normal) (G1 Evacuation Pause)
[5863.266s][info][gc,task        ] GC(715) Using 8 workers of 8 for evacuation
[5863.437s][info][gc,phases      ] GC(715)   Pre Evacuate Collection Set: 0.31ms
[5863.437s][info][gc,phases      ] GC(715)   Merge Heap Roots: 0.58ms
[5863.437s][info][gc,phases      ] GC(715)   Evacuate Collection Set: 168.06ms
[5863.437s][info][gc,phases      ] GC(715)   Post Evacuate Collection Set: 1.31ms
[5863.437s][info][gc,phases      ] GC(715)   Other: 0.07ms
[5863.437s][info][gc,heap        ] GC(715) Eden regions: 714->0(715)
[5863.437s][info][gc,heap        ] GC(715) Survivor regions: 54->53(96)
[5863.437s][info][gc,heap        ] GC(715) Old regions: 232->234
[5863.437s][info][gc,heap        ] GC(715) Humongous regions: 33->33
[5863.437s][info][gc,metaspace   ] GC(715) Metaspace: 30077K(30528K)->30077K(30528K) NonClass: 24663K(24896K)->24663K(24896K) Class: 5413K(5632K)->5413K(5632K)
[5863.437s][info][gc             ] GC(715) Pause Young (Normal) (G1 Evacuation Pause) 8225M->2526M(10240M) 170.482ms
[5863.437s][info][gc,cpu         ] GC(715) User=1.34s Sys=0.00s Real=0.17s
.....[5868.243s][info][gc,start       ] GC(716) Pause Young (Normal) (G1 Evacuation Pause)
[5868.243s][info][gc,task        ] GC(716) Using 8 workers of 8 for evacuation
[5868.414s][info][gc,phases      ] GC(716)   Pre Evacuate Collection Set: 0.29ms
[5868.414s][info][gc,phases      ] GC(716)   Merge Heap Roots: 0.53ms
[5868.414s][info][gc,phases      ] GC(716)   Evacuate Collection Set: 168.88ms
[5868.414s][info][gc,phases      ] GC(716)   Post Evacuate Collection Set: 1.32ms
[5868.414s][info][gc,phases      ] GC(716)   Other: 0.09ms
[5868.414s][info][gc,heap        ] GC(716) Eden regions: 715->0(715)
[5868.414s][info][gc,heap        ] GC(716) Survivor regions: 53->53(96)
[5868.414s][info][gc,heap        ] GC(716) Old regions: 234->237
[5868.414s][info][gc,heap        ] GC(716) Humongous regions: 33->33
[5868.414s][info][gc,metaspace   ] GC(716) Metaspace: 30077K(30528K)->30077K(30528K) NonClass: 24663K(24896K)->24663K(24896K) Class: 5413K(5632K)->5413K(5632K)
[5868.414s][info][gc             ] GC(716) Pause Young (Normal) (G1 Evacuation Pause) 8246M->2547M(10240M) 171.246ms
[5868.414s][info][gc,cpu         ] GC(716) User=1.35s Sys=0.01s Real=0.17s
.....[5873.340s][info][gc,start       ] GC(717) Pause Young (Normal) (G1 Evacuation Pause)
[5873.341s][info][gc,task        ] GC(717) Using 8 workers of 8 for evacuation
[5873.511s][info][gc,phases      ] GC(717)   Pre Evacuate Collection Set: 0.30ms
[5873.511s][info][gc,phases      ] GC(717)   Merge Heap Roots: 0.54ms
[5873.511s][info][gc,phases      ] GC(717)   Evacuate Collection Set: 168.63ms
[5873.511s][info][gc,phases      ] GC(717)   Post Evacuate Collection Set: 1.24ms
[5873.511s][info][gc,phases      ] GC(717)   Other: 0.06ms
[5873.511s][info][gc,heap        ] GC(717) Eden regions: 715->0(715)
[5873.511s][info][gc,heap        ] GC(717) Survivor regions: 53->53(96)
[5873.511s][info][gc,heap        ] GC(717) Old regions: 237->240
[5873.511s][info][gc,heap        ] GC(717) Humongous regions: 33->33
[5873.511s][info][gc,metaspace   ] GC(717) Metaspace: 30077K(30528K)->30077K(30528K) NonClass: 24663K(24896K)->24663K(24896K) Class: 5413K(5632K)->5413K(5632K)
[5873.511s][info][gc             ] GC(717) Pause Young (Normal) (G1 Evacuation Pause) 8267M->2573M(10240M) 170.928ms
[5873.511s][info][gc,cpu         ] GC(717) User=1.34s Sys=0.00s Real=0.17s
.....[5878.364s][info][gc,start       ] GC(718) Pause Young (Normal) (G1 Evacuation Pause)
[5878.364s][info][gc,task        ] GC(718) Using 8 workers of 8 for evacuation
[5878.542s][info][gc,phases      ] GC(718)   Pre Evacuate Collection Set: 0.29ms
[5878.543s][info][gc,phases      ] GC(718)   Merge Heap Roots: 0.54ms
[5878.543s][info][gc,phases      ] GC(718)   Evacuate Collection Set: 175.86ms
[5878.543s][info][gc,phases      ] GC(718)   Post Evacuate Collection Set: 1.29ms
[5878.543s][info][gc,phases      ] GC(718)   Other: 0.06ms
[5878.543s][info][gc,heap        ] GC(718) Eden regions: 715->0(714)
[5878.543s][info][gc,heap        ] GC(718) Survivor regions: 53->54(96)
[5878.543s][info][gc,heap        ] GC(718) Old regions: 240->242
[5878.543s][info][gc,heap        ] GC(718) Humongous regions: 33->33
[5878.543s][info][gc,metaspace   ] GC(718) Metaspace: 30077K(30528K)->30077K(30528K) NonClass: 24663K(24896K)->24663K(24896K) Class: 5413K(5632K)->5413K(5632K)
[5878.543s][info][gc             ] GC(718) Pause Young (Normal) (G1 Evacuation Pause) 8293M->2598M(10240M) 178.181ms
[5878.543s][info][gc,cpu         ] GC(718) User=1.41s Sys=0.00s Real=0.18s
... (rIR:aIR:PR = 9548:9605:9605) (tPR = 142811) [OK] 
  5880s: Performance info:
         Transaction,    Success,    Partial,     Failed,   Receipts, AvgBarcode, 
             Overall,     582686,          0,          0,     553889,      59.48, 
         Response times:
             Request,    Success,    Partial,     Failed,   SkipFail,     Probes,    Samples,      min,      p50,      p90,      p95,      p99,      max, 
       TotalPurchase,     553889,          0,          0,          0,     363900,     401635,      300,     6800,    24000,    66000,   117000,   630000,
     InStorePurchase,     290901,          0,          0,          0,     191425,     210907,      300,     6800,    24000,    66000,   117000,   630000,
      OnlinePurchase,     205192,          0,          0,          0,     133653,     147379,      300,     6700,    24000,    66000,   117000,   630000,
        InstPurchase,      57796,          0,          0,          0,      38822,      43349,      400,     6700,    25000,    65000,   116000,   630000,
          AssocOfCat,        579,          0,          0,          0,        479,        649,    32000,    53000,    82000,   107500,   201000,   398000,
      AssocOfProduct,       5743,          0,          0,          0,       4172,       4783,     1100,     7400,    23600,    73000,   117000,   185000,
      BusinessReport,       1448,          0,          0,          0,       1254,       1517,    32000,    61000,    95000,   142000,   229100,   472000,
          CustBuyBeh,       5737,          0,          0,          0,       4269,       4905,      600,     7300,    23000,    71000,   114940,   189000,
       ProductReturn,      15290,          0,          0,          0,      10051,      11479,      300,     6800,    23000,    64000,   117000,   630000,

  5880s: (70%)   IR =   9686 ..[5883.273s][info][gc,start       ] GC(719) Pause Young (Normal) (G1 Evacuation Pause)
[5883.273s][info][gc,task        ] GC(719) Using 8 workers of 8 for evacuation
[5883.443s][info][gc,phases      ] GC(719)   Pre Evacuate Collection Set: 0.30ms
[5883.443s][info][gc,phases      ] GC(719)   Merge Heap Roots: 0.54ms
[5883.443s][info][gc,phases      ] GC(719)   Evacuate Collection Set: 167.05ms
[5883.443s][info][gc,phases      ] GC(719)   Post Evacuate Collection Set: 1.33ms
[5883.443s][info][gc,phases      ] GC(719)   Other: 0.08ms
[5883.443s][info][gc,heap        ] GC(719) Eden regions: 714->0(715)
[5883.443s][info][gc,heap        ] GC(719) Survivor regions: 54->53(96)
[5883.443s][info][gc,heap        ] GC(719) Old regions: 242->245
[5883.443s][info][gc,heap        ] GC(719) Humongous regions: 33->33
[5883.443s][info][gc,metaspace   ] GC(719) Metaspace: 30077K(30528K)->30077K(30528K) NonClass: 24663K(24896K)->24663K(24896K) Class: 5413K(5632K)->5413K(5632K)
[5883.443s][info][gc             ] GC(719) Pause Young (Normal) (G1 Evacuation Pause) 8310M->2616M(10240M) 169.448ms
[5883.443s][info][gc,cpu         ] GC(719) User=1.33s Sys=0.01s Real=0.17s
.....|[5888.248s][info][gc,start       ] GC(720) Pause Young (Normal) (G1 Evacuation Pause)
[5888.248s][info][gc,task        ] GC(720) Using 8 workers of 8 for evacuation
[5888.419s][info][gc,phases      ] GC(720)   Pre Evacuate Collection Set: 0.29ms
[5888.419s][info][gc,phases      ] GC(720)   Merge Heap Roots: 0.56ms
[5888.419s][info][gc,phases      ] GC(720)   Evacuate Collection Set: 168.34ms
[5888.419s][info][gc,phases      ] GC(720)   Post Evacuate Collection Set: 1.30ms
[5888.419s][info][gc,phases      ] GC(720)   Other: 0.07ms
[5888.419s][info][gc,heap        ] GC(720) Eden regions: 715->0(715)
[5888.419s][info][gc,heap        ] GC(720) Survivor regions: 53->53(96)
[5888.419s][info][gc,heap        ] GC(720) Old regions: 245->248
[5888.419s][info][gc,heap        ] GC(720) Humongous regions: 33->33
[5888.419s][info][gc,metaspace   ] GC(720) Metaspace: 30077K(30528K)->30077K(30528K) NonClass: 24663K(24896K)->24663K(24896K) Class: 5413K(5632K)->5413K(5632K)
[5888.419s][info][gc             ] GC(720) Pause Young (Normal) (G1 Evacuation Pause) 8336M->2633M(10240M) 170.698ms
[5888.419s][info][gc,cpu         ] GC(720) User=1.34s Sys=0.00s Real=0.17s
.....[5893.283s][info][gc,start       ] GC(721) Pause Young (Normal) (G1 Evacuation Pause)
[5893.283s][info][gc,task        ] GC(721) Using 8 workers of 8 for evacuation
[5893.455s][info][gc,phases      ] GC(721)   Pre Evacuate Collection Set: 0.26ms
[5893.455s][info][gc,phases      ] GC(721)   Merge Heap Roots: 0.56ms
[5893.455s][info][gc,phases      ] GC(721)   Evacuate Collection Set: 169.42ms
[5893.455s][info][gc,phases      ] GC(721)   Post Evacuate Collection Set: 1.29ms
[5893.455s][info][gc,phases      ] GC(721)   Other: 0.07ms
[5893.455s][info][gc,heap        ] GC(721) Eden regions: 715->0(715)
[5893.455s][info][gc,heap        ] GC(721) Survivor regions: 53->53(96)
[5893.455s][info][gc,heap        ] GC(721) Old regions: 248->250
[5893.455s][info][gc,heap        ] GC(721) Humongous regions: 33->33
[5893.455s][info][gc,metaspace   ] GC(721) Metaspace: 30077K(30528K)->30077K(30528K) NonClass: 24663K(24896K)->24663K(24896K) Class: 5413K(5632K)->5413K(5632K)
[5893.455s][info][gc             ] GC(721) Pause Young (Normal) (G1 Evacuation Pause) 8353M->2659M(10240M) 171.744ms
[5893.455s][info][gc,cpu         ] GC(721) User=1.35s Sys=0.00s Real=0.17s
.....[5898.222s][info][gc,start       ] GC(722) Pause Young (Normal) (G1 Evacuation Pause)
[5898.222s][info][gc,task        ] GC(722) Using 8 workers of 8 for evacuation
[5898.395s][info][gc,phases      ] GC(722)   Pre Evacuate Collection Set: 0.32ms
[5898.395s][info][gc,phases      ] GC(722)   Merge Heap Roots: 0.54ms
[5898.395s][info][gc,phases      ] GC(722)   Evacuate Collection Set: 170.36ms
[5898.395s][info][gc,phases      ] GC(722)   Post Evacuate Collection Set: 1.30ms
[5898.395s][info][gc,phases      ] GC(722)   Other: 0.07ms
[5898.395s][info][gc,heap        ] GC(722) Eden regions: 715->0(715)
[5898.395s][info][gc,heap        ] GC(722) Survivor regions: 53->53(96)
[5898.395s][info][gc,heap        ] GC(722) Old regions: 250->253
[5898.395s][info][gc,heap        ] GC(722) Humongous regions: 33->33
[5898.395s][info][gc,metaspace   ] GC(722) Metaspace: 30077K(30528K)->30077K(30528K) NonClass: 24663K(24896K)->24663K(24896K) Class: 5413K(5632K)->5413K(5632K)
[5898.395s][info][gc             ] GC(722) Pause Young (Normal) (G1 Evacuation Pause) 8379M->2678M(10240M) 172.716ms
[5898.395s][info][gc,cpu         ] GC(722) User=1.35s Sys=0.00s Real=0.17s
.....[5903.341s][info][gc,start       ] GC(723) Pause Young (Normal) (G1 Evacuation Pause)
[5903.341s][info][gc,task        ] GC(723) Using 8 workers of 8 for evacuation
[5903.515s][info][gc,phases      ] GC(723)   Pre Evacuate Collection Set: 0.31ms
[5903.515s][info][gc,phases      ] GC(723)   Merge Heap Roots: 0.59ms
[5903.515s][info][gc,phases      ] GC(723)   Evacuate Collection Set: 172.18ms
[5903.515s][info][gc,phases      ] GC(723)   Post Evacuate Collection Set: 1.26ms
[5903.515s][info][gc,phases      ] GC(723)   Other: 0.07ms
[5903.515s][info][gc,heap        ] GC(723) Eden regions: 715->0(715)
[5903.515s][info][gc,heap        ] GC(723) Survivor regions: 53->53(96)
[5903.515s][info][gc,heap        ] GC(723) Old regions: 253->256
[5903.515s][info][gc,heap        ] GC(723) Humongous regions: 33->33
[5903.515s][info][gc,metaspace   ] GC(723) Metaspace: 30077K(30528K)->30077K(30528K) NonClass: 24663K(24896K)->24663K(24896K) Class: 5413K(5632K)->5413K(5632K)
[5903.515s][info][gc             ] GC(723) Pause Young (Normal) (G1 Evacuation Pause) 8398M->2700M(10240M) 174.541ms
[5903.515s][info][gc,cpu         ] GC(723) User=1.37s Sys=0.00s Real=0.17s
.....[5908.236s][info][gc,start       ] GC(724) Pause Young (Normal) (G1 Evacuation Pause)
[5908.236s][info][gc,task        ] GC(724) Using 8 workers of 8 for evacuation
[5908.406s][info][gc,phases      ] GC(724)   Pre Evacuate Collection Set: 0.31ms
[5908.406s][info][gc,phases      ] GC(724)   Merge Heap Roots: 0.56ms
[5908.406s][info][gc,phases      ] GC(724)   Evacuate Collection Set: 167.27ms
[5908.406s][info][gc,phases      ] GC(724)   Post Evacuate Collection Set: 1.32ms
[5908.406s][info][gc,phases      ] GC(724)   Other: 0.06ms
[5908.406s][info][gc,heap        ] GC(724) Eden regions: 715->0(715)
[5908.406s][info][gc,heap        ] GC(724) Survivor regions: 53->53(96)
[5908.406s][info][gc,heap        ] GC(724) Old regions: 256->259
[5908.406s][info][gc,heap        ] GC(724) Humongous regions: 33->33
[5908.406s][info][gc,metaspace   ] GC(724) Metaspace: 30077K(30528K)->30077K(30528K) NonClass: 24663K(24896K)->24663K(24896K) Class: 5413K(5632K)->5413K(5632K)
[5908.406s][info][gc             ] GC(724) Pause Young (Normal) (G1 Evacuation Pause) 8420M->2722M(10240M) 169.672ms
[5908.406s][info][gc,cpu         ] GC(724) User=1.33s Sys=0.00s Real=0.17s
.....[5913.176s][info][gc,start       ] GC(725) Pause Young (Normal) (G1 Evacuation Pause)
[5913.176s][info][gc,task        ] GC(725) Using 8 workers of 8 for evacuation
[5913.348s][info][gc,phases      ] GC(725)   Pre Evacuate Collection Set: 0.26ms
[5913.348s][info][gc,phases      ] GC(725)   Merge Heap Roots: 0.55ms
[5913.348s][info][gc,phases      ] GC(725)   Evacuate Collection Set: 170.15ms
[5913.348s][info][gc,phases      ] GC(725)   Post Evacuate Collection Set: 1.30ms
[5913.348s][info][gc,phases      ] GC(725)   Other: 0.08ms
[5913.348s][info][gc,heap        ] GC(725) Eden regions: 715->0(715)
[5913.348s][info][gc,heap        ] GC(725) Survivor regions: 53->53(96)
[5913.348s][info][gc,heap        ] GC(725) Old regions: 259->262
[5913.348s][info][gc,heap        ] GC(725) Humongous regions: 33->33
[5913.348s][info][gc,metaspace   ] GC(725) Metaspace: 30077K(30528K)->30077K(30528K) NonClass: 24663K(24896K)->24663K(24896K) Class: 5413K(5632K)->5413K(5632K)
[5913.348s][info][gc             ] GC(725) Pause Young (Normal) (G1 Evacuation Pause) 8442M->2744M(10240M) 172.474ms
[5913.348s][info][gc,cpu         ] GC(725) User=1.36s Sys=0.00s Real=0.17s
.....[5918.174s][info][gc,start       ] GC(726) Pause Young (Normal) (G1 Evacuation Pause)
[5918.174s][info][gc,task        ] GC(726) Using 8 workers of 8 for evacuation
[5918.346s][info][gc,phases      ] GC(726)   Pre Evacuate Collection Set: 0.34ms
[5918.346s][info][gc,phases      ] GC(726)   Merge Heap Roots: 0.56ms
[5918.346s][info][gc,phases      ] GC(726)   Evacuate Collection Set: 168.90ms
[5918.346s][info][gc,phases      ] GC(726)   Post Evacuate Collection Set: 1.31ms
[5918.346s][info][gc,phases      ] GC(726)   Other: 0.06ms
[5918.346s][info][gc,heap        ] GC(726) Eden regions: 715->0(716)
[5918.346s][info][gc,heap        ] GC(726) Survivor regions: 53->52(96)
[5918.346s][info][gc,heap        ] GC(726) Old regions: 262->264
[5918.346s][info][gc,heap        ] GC(726) Humongous regions: 33->33
[5918.346s][info][gc,metaspace   ] GC(726) Metaspace: 30077K(30528K)->30077K(30528K) NonClass: 24663K(24896K)->24663K(24896K) Class: 5413K(5632K)->5413K(5632K)
[5918.346s][info][gc             ] GC(726) Pause Young (Normal) (G1 Evacuation Pause) 8464M->2761M(10240M) 171.337ms
[5918.346s][info][gc,cpu         ] GC(726) User=1.35s Sys=0.00s Real=0.18s
.....[5923.205s][info][gc,start       ] GC(727) Pause Young (Normal) (G1 Evacuation Pause)
[5923.205s][info][gc,task        ] GC(727) Using 8 workers of 8 for evacuation
[5923.378s][info][gc,phases      ] GC(727)   Pre Evacuate Collection Set: 0.31ms
[5923.379s][info][gc,phases      ] GC(727)   Merge Heap Roots: 0.59ms
[5923.379s][info][gc,phases      ] GC(727)   Evacuate Collection Set: 171.13ms
[5923.379s][info][gc,phases      ] GC(727)   Post Evacuate Collection Set: 1.33ms
[5923.379s][info][gc,phases      ] GC(727)   Other: 0.07ms
[5923.379s][info][gc,heap        ] GC(727) Eden regions: 716->0(715)
[5923.379s][info][gc,heap        ] GC(727) Survivor regions: 52->53(96)
[5923.379s][info][gc,heap        ] GC(727) Old regions: 264->267
[5923.379s][info][gc,heap        ] GC(727) Humongous regions: 33->33
[5923.379s][info][gc,metaspace   ] GC(727) Metaspace: 30077K(30528K)->30077K(30528K) NonClass: 24663K(24896K)->24663K(24896K) Class: 5413K(5632K)->5413K(5632K)
[5923.379s][info][gc             ] GC(727) Pause Young (Normal) (G1 Evacuation Pause) 8489M->2790M(10240M) 173.564ms
[5923.379s][info][gc,cpu         ] GC(727) User=1.37s Sys=0.01s Real=0.18s
.....[5928.263s][info][gc,start       ] GC(728) Pause Young (Normal) (G1 Evacuation Pause)
[5928.263s][info][gc,task        ] GC(728) Using 8 workers of 8 for evacuation
[5928.437s][info][gc,phases      ] GC(728)   Pre Evacuate Collection Set: 0.30ms
[5928.437s][info][gc,phases      ] GC(728)   Merge Heap Roots: 0.54ms
[5928.437s][info][gc,phases      ] GC(728)   Evacuate Collection Set: 172.51ms
[5928.437s][info][gc,phases      ] GC(728)   Post Evacuate Collection Set: 1.29ms
[5928.438s][info][gc,phases      ] GC(728)   Other: 0.08ms
[5928.438s][info][gc,heap        ] GC(728) Eden regions: 715->0(715)
[5928.438s][info][gc,heap        ] GC(728) Survivor regions: 53->53(96)
[5928.438s][info][gc,heap        ] GC(728) Old regions: 267->269
[5928.438s][info][gc,heap        ] GC(728) Humongous regions: 33->33
[5928.438s][info][gc,metaspace   ] GC(728) Metaspace: 30077K(30528K)->30077K(30528K) NonClass: 24663K(24896K)->24663K(24896K) Class: 5413K(5632K)->5413K(5632K)
[5928.438s][info][gc             ] GC(728) Pause Young (Normal) (G1 Evacuation Pause) 8510M->2811M(10240M) 174.842ms
[5928.438s][info][gc,cpu         ] GC(728) User=1.38s Sys=0.00s Real=0.18s
.....[5933.337s][info][gc,start       ] GC(729) Pause Young (Normal) (G1 Evacuation Pause)
[5933.337s][info][gc,task        ] GC(729) Using 8 workers of 8 for evacuation
[5933.507s][info][gc,phases      ] GC(729)   Pre Evacuate Collection Set: 0.28ms
[5933.507s][info][gc,phases      ] GC(729)   Merge Heap Roots: 0.55ms
[5933.507s][info][gc,phases      ] GC(729)   Evacuate Collection Set: 167.66ms
[5933.507s][info][gc,phases      ] GC(729)   Post Evacuate Collection Set: 1.23ms
[5933.507s][info][gc,phases      ] GC(729)   Other: 0.06ms
[5933.507s][info][gc,heap        ] GC(729) Eden regions: 715->0(715)
[5933.507s][info][gc,heap        ] GC(729) Survivor regions: 53->53(96)
[5933.507s][info][gc,heap        ] GC(729) Old regions: 269->272
[5933.507s][info][gc,heap        ] GC(729) Humongous regions: 33->33
[5933.507s][info][gc,metaspace   ] GC(729) Metaspace: 30077K(30528K)->30077K(30528K) NonClass: 24663K(24896K)->24663K(24896K) Class: 5413K(5632K)->5413K(5632K)
[5933.507s][info][gc             ] GC(729) Pause Young (Normal) (G1 Evacuation Pause) 8531M->2829M(10240M) 169.930ms
[5933.507s][info][gc,cpu         ] GC(729) User=1.34s Sys=0.00s Real=0.17s
.....[5938.306s][info][gc,start       ] GC(730) Pause Young (Normal) (G1 Evacuation Pause)
[5938.306s][info][gc,task        ] GC(730) Using 8 workers of 8 for evacuation
[5938.482s][info][gc,phases      ] GC(730)   Pre Evacuate Collection Set: 0.29ms
[5938.482s][info][gc,phases      ] GC(730)   Merge Heap Roots: 0.57ms
[5938.482s][info][gc,phases      ] GC(730)   Evacuate Collection Set: 172.89ms
[5938.482s][info][gc,phases      ] GC(730)   Post Evacuate Collection Set: 1.28ms
[5938.482s][info][gc,phases      ] GC(730)   Other: 0.07ms
[5938.482s][info][gc,heap        ] GC(730) Eden regions: 715->0(714)
[5938.482s][info][gc,heap        ] GC(730) Survivor regions: 53->54(96)
[5938.482s][info][gc,heap        ] GC(730) Old regions: 272->275
[5938.482s][info][gc,heap        ] GC(730) Humongous regions: 33->33
[5938.482s][info][gc,metaspace   ] GC(730) Metaspace: 30077K(30528K)->30077K(30528K) NonClass: 24663K(24896K)->24663K(24896K) Class: 5413K(5632K)->5413K(5632K)
[5938.482s][info][gc             ] GC(730) Pause Young (Normal) (G1 Evacuation Pause) 8549M->2858M(10240M) 175.229ms
[5938.482s][info][gc,cpu         ] GC(730) User=1.38s Sys=0.00s Real=0.17s
.....[5943.341s][info][gc,start       ] GC(731) Pause Young (Normal) (G1 Evacuation Pause)
[5943.341s][info][gc,task        ] GC(731) Using 8 workers of 8 for evacuation
[5943.511s][info][gc,phases      ] GC(731)   Pre Evacuate Collection Set: 0.31ms
[5943.512s][info][gc,phases      ] GC(731)   Merge Heap Roots: 0.68ms
[5943.512s][info][gc,phases      ] GC(731)   Evacuate Collection Set: 167.95ms
[5943.512s][info][gc,phases      ] GC(731)   Post Evacuate Collection Set: 1.28ms
[5943.512s][info][gc,phases      ] GC(731)   Other: 0.10ms
[5943.512s][info][gc,heap        ] GC(731) Eden regions: 714->0(715)
[5943.512s][info][gc,heap        ] GC(731) Survivor regions: 54->53(96)
[5943.512s][info][gc,heap        ] GC(731) Old regions: 275->278
[5943.512s][info][gc,heap        ] GC(731) Humongous regions: 33->33
[5943.512s][info][gc,metaspace   ] GC(731) Metaspace: 30077K(30528K)->30077K(30528K) NonClass: 24663K(24896K)->24663K(24896K) Class: 5413K(5632K)->5413K(5632K)
[5943.512s][info][gc             ] GC(731) Pause Young (Normal) (G1 Evacuation Pause) 8570M->2872M(10240M) 170.452ms
[5943.512s][info][gc,cpu         ] GC(731) User=1.34s Sys=0.00s Real=0.17s
..... (rIR:aIR:PR = 9686:9666:9666) (tPR = 143379) [OK] 
  5947s: Performance info:
         Transaction,    Success,    Partial,     Failed,   Receipts, AvgBarcode, 
             Overall,     580249,          0,          0,     550967,      59.48, 
         Response times:
             Request,    Success,    Partial,     Failed,   SkipFail,     Probes,    Samples,      min,      p50,      p90,      p95,      p99,      max, 
       TotalPurchase,     550967,          0,          0,          0,     359432,     403072,      400,     6900,    23000,    61000,   110000,   517000,
     InStorePurchase,     290847,          0,          0,          0,     188896,     211740,      400,     6800,    23000,    61000,   109000,   516000,
      OnlinePurchase,     202942,          0,          0,          0,     132571,     148568,      400,     6900,    23000,    62000,   111000,   517000,
        InstPurchase,      57178,          0,          0,          0,      37965,      42764,      400,     7300,    23000,    59000,   108000,   515000,
          AssocOfCat,        580,          0,          0,          0,        456,        607,    30000,    54000,   103200,   142200,   213760,   252000,
      AssocOfProduct,       5834,          0,          0,          0,       4345,       5196,      400,     6100,    19000,    47000,   101000,   231000,
      BusinessReport,       1456,          0,          0,          0,       1283,       1602,    34000,    60000,    91000,   128000,   218000,   259000,
          CustBuyBeh,       5840,          0,          0,          0,       4284,       5035,      200,     5800,    21000,    58000,   102000,   261000,
       ProductReturn,      15572,          0,          0,          0,      10148,      11655,      300,     7000,    23000,    66000,   109000,   513000,

  5947s: (71%)   IR =   9824 [5948.190s][info][gc,start       ] GC(732) Pause Young (Concurrent Start) (G1 Evacuation Pause)
[5948.190s][info][gc,task        ] GC(732) Using 8 workers of 8 for evacuation
[5948.362s][info][gc,phases      ] GC(732)   Pre Evacuate Collection Set: 0.33ms
[5948.362s][info][gc,phases      ] GC(732)   Merge Heap Roots: 0.61ms
[5948.362s][info][gc,phases      ] GC(732)   Evacuate Collection Set: 169.91ms
[5948.362s][info][gc,phases      ] GC(732)   Post Evacuate Collection Set: 1.34ms
[5948.362s][info][gc,phases      ] GC(732)   Other: 0.10ms
[5948.362s][info][gc,heap        ] GC(732) Eden regions: 715->0(715)
[5948.362s][info][gc,heap        ] GC(732) Survivor regions: 53->53(96)
[5948.362s][info][gc,heap        ] GC(732) Old regions: 278->280
[5948.362s][info][gc,heap        ] GC(732) Humongous regions: 33->33
[5948.362s][info][gc,metaspace   ] GC(732) Metaspace: 30077K(30528K)->30077K(30528K) NonClass: 24663K(24896K)->24663K(24896K) Class: 5413K(5632K)->5413K(5632K)
[5948.363s][info][gc             ] GC(732) Pause Young (Concurrent Start) (G1 Evacuation Pause) 8592M->2897M(10240M) 172.427ms
[5948.363s][info][gc             ] GC(733) Concurrent Mark Cycle
[5948.363s][info][gc,marking     ] GC(733) Concurrent Scan Root Regions
[5948.363s][info][gc,cpu         ] GC(732) User=1.36s Sys=0.00s Real=0.17s
[5948.791s][info][gc,marking     ] GC(733) Concurrent Scan Root Regions 428.791ms
[5948.791s][info][gc,marking     ] GC(733) Concurrent Mark
[5948.791s][info][gc,marking     ] GC(733) Concurrent Mark From Roots
[5948.791s][info][gc,task        ] GC(733) Using 2 workers of 2 for marking
..[5949.981s][info][gc,marking     ] GC(733) Concurrent Mark From Roots 1189.237ms
[5949.981s][info][gc,marking     ] GC(733) Concurrent Preclean
[5949.981s][info][gc,marking     ] GC(733) Concurrent Preclean 0.224ms
[5949.981s][info][gc,start       ] GC(733) Pause Remark
[5949.983s][info][gc             ] GC(733) Pause Remark 4709M->4453M(10240M) 1.495ms
[5949.983s][info][gc,cpu         ] GC(733) User=0.01s Sys=0.00s Real=0.00s
[5949.983s][info][gc,marking     ] GC(733) Concurrent Mark 1191.256ms
[5949.983s][info][gc,marking     ] GC(733) Concurrent Rebuild Remembered Sets and Scrub Regions
[5950.677s][info][gc,marking     ] GC(733) Concurrent Rebuild Remembered Sets and Scrub Regions 694.416ms
[5950.677s][info][gc,start       ] GC(733) Pause Cleanup
[5950.678s][info][gc             ] GC(733) Pause Cleanup 5441M->5441M(10240M) 0.326ms
[5950.678s][info][gc,cpu         ] GC(733) User=0.00s Sys=0.00s Real=0.00s
[5950.678s][info][gc,marking     ] GC(733) Concurrent Clear Claimed Marks
[5950.678s][info][gc,marking     ] GC(733) Concurrent Clear Claimed Marks 0.081ms
[5950.678s][info][gc,marking     ] GC(733) Concurrent Cleanup for Next Mark
[5950.703s][info][gc,marking     ] GC(733) Concurrent Cleanup for Next Mark 24.805ms
[5950.703s][info][gc             ] GC(733) Concurrent Mark Cycle 2340.214ms
...[5953.065s][info][gc,start       ] GC(734) Pause Young (Prepare Mixed) (G1 Evacuation Pause)
[5953.066s][info][gc,task        ] GC(734) Using 8 workers of 8 for evacuation
[5953.243s][info][gc,phases      ] GC(734)   Pre Evacuate Collection Set: 0.29ms
[5953.243s][info][gc,phases      ] GC(734)   Merge Heap Roots: 0.82ms
[5953.243s][info][gc,phases      ] GC(734)   Evacuate Collection Set: 174.66ms
[5953.243s][info][gc,phases      ] GC(734)   Post Evacuate Collection Set: 1.39ms
[5953.243s][info][gc,phases      ] GC(734)   Other: 0.08ms
[5953.243s][info][gc,heap        ] GC(734) Eden regions: 715->0(714)
[5953.243s][info][gc,heap        ] GC(734) Survivor regions: 53->54(96)
[5953.243s][info][gc,heap        ] GC(734) Old regions: 248->251
[5953.243s][info][gc,heap        ] GC(734) Humongous regions: 33->33
[5953.243s][info][gc,metaspace   ] GC(734) Metaspace: 30077K(30528K)->30077K(30528K) NonClass: 24663K(24896K)->24663K(24896K) Class: 5413K(5632K)->5413K(5632K)
[5953.243s][info][gc             ] GC(734) Pause Young (Prepare Mixed) (G1 Evacuation Pause) 8361M->2671M(10240M) 177.385ms
[5953.243s][info][gc,cpu         ] GC(734) User=1.40s Sys=0.00s Real=0.18s
.....[5958.039s][info][gc,start       ] GC(735) Pause Young (Mixed) (G1 Evacuation Pause)
[5958.039s][info][gc,task        ] GC(735) Using 8 workers of 8 for evacuation
[5958.223s][info][gc,phases      ] GC(735)   Pre Evacuate Collection Set: 0.33ms
[5958.223s][info][gc,phases      ] GC(735)   Merge Heap Roots: 0.66ms
[5958.223s][info][gc,phases      ] GC(735)   Evacuate Collection Set: 180.20ms
[5958.223s][info][gc,phases      ] GC(735)   Merge Optional Heap Roots: 0.05ms
[5958.223s][info][gc,phases      ] GC(735)   Evacuate Optional Collection Set: 0.88ms
[5958.223s][info][gc,phases      ] GC(735)   Post Evacuate Collection Set: 1.53ms
[5958.223s][info][gc,phases      ] GC(735)   Other: 0.09ms
[5958.223s][info][gc,heap        ] GC(735) Eden regions: 714->0(686)
[5958.223s][info][gc,heap        ] GC(735) Survivor regions: 54->54(96)
[5958.223s][info][gc,heap        ] GC(735) Old regions: 251->154
[5958.223s][info][gc,heap        ] GC(735) Humongous regions: 33->33
[5958.223s][info][gc,metaspace   ] GC(735) Metaspace: 30077K(30528K)->30077K(30528K) NonClass: 24663K(24896K)->24663K(24896K) Class: 5413K(5632K)->5413K(5632K)
[5958.223s][info][gc             ] GC(735) Pause Young (Mixed) (G1 Evacuation Pause) 8383M->1896M(10240M) 183.868ms
[5958.223s][info][gc,cpu         ] GC(735) User=1.45s Sys=0.00s Real=0.18s
....[5962.641s][info][gc,start       ] GC(736) Pause Young (Mixed) (G1 Evacuation Pause)
[5962.641s][info][gc,task        ] GC(736) Using 8 workers of 8 for evacuation
[5962.810s][info][gc,phases      ] GC(736)   Pre Evacuate Collection Set: 0.31ms
[5962.810s][info][gc,phases      ] GC(736)   Merge Heap Roots: 0.58ms
[5962.810s][info][gc,phases      ] GC(736)   Evacuate Collection Set: 167.19ms
[5962.810s][info][gc,phases      ] GC(736)   Post Evacuate Collection Set: 1.33ms
[5962.810s][info][gc,phases      ] GC(736)   Other: 0.07ms
[5962.810s][info][gc,heap        ] GC(736) Eden regions: 693->0(716)
[5962.810s][info][gc,heap        ] GC(736) Survivor regions: 54->52(94)
[5962.810s][info][gc,heap        ] GC(736) Old regions: 154->141
[5962.810s][info][gc,heap        ] GC(736) Humongous regions: 33->33
[5962.810s][info][gc,metaspace   ] GC(736) Metaspace: 30077K(30528K)->30077K(30528K) NonClass: 24663K(24896K)->24663K(24896K) Class: 5413K(5632K)->5413K(5632K)
[5962.810s][info][gc             ] GC(736) Pause Young (Mixed) (G1 Evacuation Pause) 7440M->1773M(10240M) 169.628ms
[5962.810s][info][gc,cpu         ] GC(736) User=1.33s Sys=0.00s Real=0.17s
.....[5967.610s][info][gc,start       ] GC(737) Pause Young (Mixed) (G1 Evacuation Pause)
[5967.610s][info][gc,task        ] GC(737) Using 8 workers of 8 for evacuation
[5967.785s][info][gc,phases      ] GC(737)   Pre Evacuate Collection Set: 0.29ms
[5967.785s][info][gc,phases      ] GC(737)   Merge Heap Roots: 0.61ms
[5967.785s][info][gc,phases      ] GC(737)   Evacuate Collection Set: 172.82ms
[5967.785s][info][gc,phases      ] GC(737)   Post Evacuate Collection Set: 1.27ms
[5967.785s][info][gc,phases      ] GC(737)   Other: 0.07ms
[5967.785s][info][gc,heap        ] GC(737) Eden regions: 716->0(714)
[5967.785s][info][gc,heap        ] GC(737) Survivor regions: 52->54(96)
[5967.785s][info][gc,heap        ] GC(737) Old regions: 141->135
[5967.785s][info][gc,heap        ] GC(737) Humongous regions: 33->33
[5967.785s][info][gc,metaspace   ] GC(737) Metaspace: 30077K(30528K)->30077K(30528K) NonClass: 24663K(24896K)->24663K(24896K) Class: 5413K(5632K)->5413K(5632K)
[5967.785s][info][gc             ] GC(737) Pause Young (Mixed) (G1 Evacuation Pause) 7501M->1742M(10240M) 175.192ms
[5967.785s][info][gc,cpu         ] GC(737) User=1.37s Sys=0.01s Real=0.17s
.....[5972.519s][info][gc,start       ] GC(738) Pause Young (Normal) (G1 Evacuation Pause)
[5972.519s][info][gc,task        ] GC(738) Using 8 workers of 8 for evacuation
[5972.697s][info][gc,phases      ] GC(738)   Pre Evacuate Collection Set: 0.29ms
[5972.697s][info][gc,phases      ] GC(738)   Merge Heap Roots: 0.53ms
[5972.697s][info][gc,phases      ] GC(738)   Evacuate Collection Set: 175.40ms
[5972.697s][info][gc,phases      ] GC(738)   Post Evacuate Collection Set: 1.28ms
[5972.697s][info][gc,phases      ] GC(738)   Other: 0.06ms
[5972.697s][info][gc,heap        ] GC(738) Eden regions: 714->0(714)
[5972.697s][info][gc,heap        ] GC(738) Survivor regions: 54->54(96)
[5972.697s][info][gc,heap        ] GC(738) Old regions: 135->138
[5972.697s][info][gc,heap        ] GC(738) Humongous regions: 33->33
[5972.697s][info][gc,metaspace   ] GC(738) Metaspace: 30077K(30528K)->30077K(30528K) NonClass: 24663K(24896K)->24663K(24896K) Class: 5413K(5632K)->5413K(5632K)
[5972.697s][info][gc             ] GC(738) Pause Young (Normal) (G1 Evacuation Pause) 7454M->1765M(10240M) 177.677ms
[5972.697s][info][gc,cpu         ] GC(738) User=1.40s Sys=0.01s Real=0.18s
.|....[5977.423s][info][gc,start       ] GC(739) Pause Young (Normal) (G1 Evacuation Pause)
[5977.423s][info][gc,task        ] GC(739) Using 8 workers of 8 for evacuation
[5977.599s][info][gc,phases      ] GC(739)   Pre Evacuate Collection Set: 0.28ms
[5977.599s][info][gc,phases      ] GC(739)   Merge Heap Roots: 0.52ms
[5977.599s][info][gc,phases      ] GC(739)   Evacuate Collection Set: 174.25ms
[5977.599s][info][gc,phases      ] GC(739)   Post Evacuate Collection Set: 1.23ms
[5977.599s][info][gc,phases      ] GC(739)   Other: 0.07ms
[5977.599s][info][gc,heap        ] GC(739) Eden regions: 714->0(714)
[5977.599s][info][gc,heap        ] GC(739) Survivor regions: 54->54(96)
[5977.599s][info][gc,heap        ] GC(739) Old regions: 138->141
[5977.599s][info][gc,heap        ] GC(739) Humongous regions: 33->33
[5977.599s][info][gc,metaspace   ] GC(739) Metaspace: 30077K(30528K)->30077K(30528K) NonClass: 24663K(24896K)->24663K(24896K) Class: 5413K(5632K)->5413K(5632K)
[5977.599s][info][gc             ] GC(739) Pause Young (Normal) (G1 Evacuation Pause) 7477M->1787M(10240M) 176.485ms
[5977.599s][info][gc,cpu         ] GC(739) User=1.39s Sys=0.00s Real=0.18s
.....[5982.439s][info][gc,start       ] GC(740) Pause Young (Normal) (G1 Evacuation Pause)
[5982.439s][info][gc,task        ] GC(740) Using 8 workers of 8 for evacuation
[5982.616s][info][gc,phases      ] GC(740)   Pre Evacuate Collection Set: 0.28ms
[5982.616s][info][gc,phases      ] GC(740)   Merge Heap Roots: 0.64ms
[5982.616s][info][gc,phases      ] GC(740)   Evacuate Collection Set: 174.36ms
[5982.616s][info][gc,phases      ] GC(740)   Post Evacuate Collection Set: 1.29ms
[5982.616s][info][gc,phases      ] GC(740)   Other: 0.06ms
[5982.616s][info][gc,heap        ] GC(740) Eden regions: 714->0(714)
[5982.616s][info][gc,heap        ] GC(740) Survivor regions: 54->54(96)
[5982.616s][info][gc,heap        ] GC(740) Old regions: 141->144
[5982.616s][info][gc,heap        ] GC(740) Humongous regions: 33->33
[5982.616s][info][gc,metaspace   ] GC(740) Metaspace: 30077K(30528K)->30077K(30528K) NonClass: 24663K(24896K)->24663K(24896K) Class: 5413K(5632K)->5413K(5632K)
[5982.616s][info][gc             ] GC(740) Pause Young (Normal) (G1 Evacuation Pause) 7499M->1809M(10240M) 176.768ms
[5982.616s][info][gc,cpu         ] GC(740) User=1.39s Sys=0.00s Real=0.17s
.....[5987.346s][info][gc,start       ] GC(741) Pause Young (Normal) (G1 Evacuation Pause)
[5987.346s][info][gc,task        ] GC(741) Using 8 workers of 8 for evacuation
[5987.520s][info][gc,phases      ] GC(741)   Pre Evacuate Collection Set: 0.30ms
[5987.520s][info][gc,phases      ] GC(741)   Merge Heap Roots: 0.51ms
[5987.520s][info][gc,phases      ] GC(741)   Evacuate Collection Set: 171.35ms
[5987.520s][info][gc,phases      ] GC(741)   Post Evacuate Collection Set: 1.26ms
[5987.520s][info][gc,phases      ] GC(741)   Other: 0.06ms
[5987.520s][info][gc,heap        ] GC(741) Eden regions: 714->0(715)
[5987.520s][info][gc,heap        ] GC(741) Survivor regions: 54->53(96)
[5987.520s][info][gc,heap        ] GC(741) Old regions: 144->146
[5987.520s][info][gc,heap        ] GC(741) Humongous regions: 33->33
[5987.520s][info][gc,metaspace   ] GC(741) Metaspace: 30077K(30528K)->30077K(30528K) NonClass: 24663K(24896K)->24663K(24896K) Class: 5413K(5632K)->5413K(5632K)
[5987.520s][info][gc             ] GC(741) Pause Young (Normal) (G1 Evacuation Pause) 7521M->1827M(10240M) 173.629ms
[5987.520s][info][gc,cpu         ] GC(741) User=1.36s Sys=0.01s Real=0.17s
.....[5992.275s][info][gc,start       ] GC(742) Pause Young (Normal) (G1 Evacuation Pause)
[5992.275s][info][gc,task        ] GC(742) Using 8 workers of 8 for evacuation
[5992.451s][info][gc,phases      ] GC(742)   Pre Evacuate Collection Set: 0.28ms
[5992.452s][info][gc,phases      ] GC(742)   Merge Heap Roots: 0.54ms
[5992.452s][info][gc,phases      ] GC(742)   Evacuate Collection Set: 174.00ms
[5992.452s][info][gc,phases      ] GC(742)   Post Evacuate Collection Set: 1.29ms
[5992.452s][info][gc,phases      ] GC(742)   Other: 0.08ms
[5992.452s][info][gc,heap        ] GC(742) Eden regions: 715->0(713)
[5992.452s][info][gc,heap        ] GC(742) Survivor regions: 53->55(96)
[5992.452s][info][gc,heap        ] GC(742) Old regions: 146->149
[5992.452s][info][gc,heap        ] GC(742) Humongous regions: 33->33
[5992.452s][info][gc,metaspace   ] GC(742) Metaspace: 30077K(30528K)->30077K(30528K) NonClass: 24663K(24896K)->24663K(24896K) Class: 5413K(5632K)->5413K(5632K)
[5992.452s][info][gc             ] GC(742) Pause Young (Normal) (G1 Evacuation Pause) 7547M->1861M(10240M) 176.328ms
[5992.452s][info][gc,cpu         ] GC(742) User=1.39s Sys=0.00s Real=0.18s
.....[5997.150s][info][gc,start       ] GC(743) Pause Young (Normal) (G1 Evacuation Pause)
[5997.150s][info][gc,task        ] GC(743) Using 8 workers of 8 for evacuation
[5997.319s][info][gc,phases      ] GC(743)   Pre Evacuate Collection Set: 0.28ms
[5997.319s][info][gc,phases      ] GC(743)   Merge Heap Roots: 0.57ms
[5997.319s][info][gc,phases      ] GC(743)   Evacuate Collection Set: 166.52ms
[5997.319s][info][gc,phases      ] GC(743)   Post Evacuate Collection Set: 1.25ms
[5997.319s][info][gc,phases      ] GC(743)   Other: 0.06ms
[5997.319s][info][gc,heap        ] GC(743) Eden regions: 713->0(716)
[5997.319s][info][gc,heap        ] GC(743) Survivor regions: 55->52(96)
[5997.319s][info][gc,heap        ] GC(743) Old regions: 149->152
[5997.319s][info][gc,heap        ] GC(743) Humongous regions: 33->33
[5997.319s][info][gc,metaspace   ] GC(743) Metaspace: 30077K(30528K)->30077K(30528K) NonClass: 24663K(24896K)->24663K(24896K) Class: 5413K(5632K)->5413K(5632K)
[5997.319s][info][gc             ] GC(743) Pause Young (Normal) (G1 Evacuation Pause) 7565M->1859M(10240M) 168.834ms
[5997.319s][info][gc,cpu         ] GC(743) User=1.33s Sys=0.01s Real=0.17s
.....[6002.065s][info][gc,start       ] GC(744) Pause Young (Normal) (G1 Evacuation Pause)
[6002.065s][info][gc,task        ] GC(744) Using 8 workers of 8 for evacuation
[6002.237s][info][gc,phases      ] GC(744)   Pre Evacuate Collection Set: 0.31ms
[6002.237s][info][gc,phases      ] GC(744)   Merge Heap Roots: 0.54ms
[6002.237s][info][gc,phases      ] GC(744)   Evacuate Collection Set: 169.85ms
[6002.237s][info][gc,phases      ] GC(744)   Post Evacuate Collection Set: 1.27ms
[6002.237s][info][gc,phases      ] GC(744)   Other: 0.07ms
[6002.237s][info][gc,heap        ] GC(744) Eden regions: 716->0(716)
[6002.237s][info][gc,heap        ] GC(744) Survivor regions: 52->52(96)
[6002.237s][info][gc,heap        ] GC(744) Old regions: 152->155
[6002.237s][info][gc,heap        ] GC(744) Humongous regions: 33->33
[6002.237s][info][gc,metaspace   ] GC(744) Metaspace: 30077K(30528K)->30077K(30528K) NonClass: 24663K(24896K)->24663K(24896K) Class: 5413K(5632K)->5413K(5632K)
[6002.237s][info][gc             ] GC(744) Pause Young (Normal) (G1 Evacuation Pause) 7587M->1885M(10240M) 172.166ms
[6002.237s][info][gc,cpu         ] GC(744) User=1.36s Sys=0.00s Real=0.18s
.....[6007.020s][info][gc,start       ] GC(745) Pause Young (Normal) (G1 Evacuation Pause)
[6007.020s][info][gc,task        ] GC(745) Using 8 workers of 8 for evacuation
[6007.190s][info][gc,phases      ] GC(745)   Pre Evacuate Collection Set: 0.30ms
[6007.190s][info][gc,phases      ] GC(745)   Merge Heap Roots: 0.54ms
[6007.190s][info][gc,phases      ] GC(745)   Evacuate Collection Set: 168.17ms
[6007.190s][info][gc,phases      ] GC(745)   Post Evacuate Collection Set: 1.25ms
[6007.190s][info][gc,phases      ] GC(745)   Other: 0.06ms
[6007.190s][info][gc,heap        ] GC(745) Eden regions: 716->0(715)
[6007.190s][info][gc,heap        ] GC(745) Survivor regions: 52->53(96)
[6007.190s][info][gc,heap        ] GC(745) Old regions: 155->157
[6007.190s][info][gc,heap        ] GC(745) Humongous regions: 33->33
[6007.190s][info][gc,metaspace   ] GC(745) Metaspace: 30077K(30528K)->30077K(30528K) NonClass: 24663K(24896K)->24663K(24896K) Class: 5413K(5632K)->5413K(5632K)
[6007.190s][info][gc             ] GC(745) Pause Young (Normal) (G1 Evacuation Pause) 7613M->1911M(10240M) 170.470ms
[6007.190s][info][gc,cpu         ] GC(745) User=1.34s Sys=0.00s Real=0.17s
....[6011.835s][info][gc,start       ] GC(746) Pause Young (Normal) (G1 Evacuation Pause)
[6011.835s][info][gc,task        ] GC(746) Using 8 workers of 8 for evacuation
[6012.005s][info][gc,phases      ] GC(746)   Pre Evacuate Collection Set: 0.30ms
[6012.006s][info][gc,phases      ] GC(746)   Merge Heap Roots: 0.57ms
[6012.006s][info][gc,phases      ] GC(746)   Evacuate Collection Set: 168.30ms
[6012.006s][info][gc,phases      ] GC(746)   Post Evacuate Collection Set: 1.28ms
[6012.006s][info][gc,phases      ] GC(746)   Other: 0.07ms
[6012.006s][info][gc,heap        ] GC(746) Eden regions: 715->0(716)
[6012.006s][info][gc,heap        ] GC(746) Survivor regions: 53->52(96)
[6012.006s][info][gc,heap        ] GC(746) Old regions: 157->160
[6012.006s][info][gc,heap        ] GC(746) Humongous regions: 33->33
[6012.006s][info][gc,metaspace   ] GC(746) Metaspace: 30077K(30528K)->30077K(30528K) NonClass: 24663K(24896K)->24663K(24896K) Class: 5413K(5632K)->5413K(5632K)
[6012.006s][info][gc             ] GC(746) Pause Young (Normal) (G1 Evacuation Pause) 7631M->1925M(10240M) 171.445ms
[6012.006s][info][gc,cpu         ] GC(746) User=1.34s Sys=0.00s Real=0.18s
.....[6016.814s][info][gc,start       ] GC(747) Pause Young (Normal) (G1 Evacuation Pause)
[6016.814s][info][gc,task        ] GC(747) Using 8 workers of 8 for evacuation
[6016.988s][info][gc,phases      ] GC(747)   Pre Evacuate Collection Set: 0.30ms
[6016.988s][info][gc,phases      ] GC(747)   Merge Heap Roots: 0.58ms
[6016.988s][info][gc,phases      ] GC(747)   Evacuate Collection Set: 172.10ms
[6016.988s][info][gc,phases      ] GC(747)   Post Evacuate Collection Set: 1.24ms
[6016.988s][info][gc,phases      ] GC(747)   Other: 0.06ms
[6016.988s][info][gc,heap        ] GC(747) Eden regions: 716->0(715)
[6016.988s][info][gc,heap        ] GC(747) Survivor regions: 52->53(96)
[6016.988s][info][gc,heap        ] GC(747) Old regions: 160->163
[6016.988s][info][gc,heap        ] GC(747) Humongous regions: 33->33
[6016.988s][info][gc,metaspace   ] GC(747) Metaspace: 30077K(30528K)->30077K(30528K) NonClass: 24663K(24896K)->24663K(24896K) Class: 5413K(5632K)->5413K(5632K)
[6016.988s][info][gc             ] GC(747) Pause Young (Normal) (G1 Evacuation Pause) 7653M->1955M(10240M) 174.409ms
[6016.988s][info][gc,cpu         ] GC(747) User=1.37s Sys=0.00s Real=0.18s
.....[6021.711s][info][gc,start       ] GC(748) Pause Young (Normal) (G1 Evacuation Pause)
[6021.711s][info][gc,task        ] GC(748) Using 8 workers of 8 for evacuation
[6021.888s][info][gc,phases      ] GC(748)   Pre Evacuate Collection Set: 0.28ms
[6021.888s][info][gc,phases      ] GC(748)   Merge Heap Roots: 0.59ms
[6021.888s][info][gc,phases      ] GC(748)   Evacuate Collection Set: 174.26ms
[6021.888s][info][gc,phases      ] GC(748)   Post Evacuate Collection Set: 1.26ms
[6021.888s][info][gc,phases      ] GC(748)   Other: 0.07ms
[6021.888s][info][gc,heap        ] GC(748) Eden regions: 715->0(714)
[6021.888s][info][gc,heap        ] GC(748) Survivor regions: 53->54(96)
[6021.888s][info][gc,heap        ] GC(748) Old regions: 163->166
[6021.888s][info][gc,heap        ] GC(748) Humongous regions: 33->33
[6021.888s][info][gc,metaspace   ] GC(748) Metaspace: 30077K(30528K)->30077K(30528K) NonClass: 24663K(24896K)->24663K(24896K) Class: 5413K(5632K)->5413K(5632K)
[6021.888s][info][gc             ] GC(748) Pause Young (Normal) (G1 Evacuation Pause) 7675M->1989M(10240M) 176.598ms
[6021.888s][info][gc,cpu         ] GC(748) User=1.39s Sys=0.00s Real=0.18s
.....[6026.696s][info][gc,start       ] GC(749) Pause Young (Normal) (G1 Evacuation Pause)
[6026.696s][info][gc,task        ] GC(749) Using 8 workers of 8 for evacuation
[6026.863s][info][gc,phases      ] GC(749)   Pre Evacuate Collection Set: 0.31ms
[6026.863s][info][gc,phases      ] GC(749)   Merge Heap Roots: 0.55ms
[6026.863s][info][gc,phases      ] GC(749)   Evacuate Collection Set: 165.07ms
[6026.863s][info][gc,phases      ] GC(749)   Post Evacuate Collection Set: 1.30ms
[6026.863s][info][gc,phases      ] GC(749)   Other: 0.07ms
[6026.863s][info][gc,heap        ] GC(749) Eden regions: 714->0(717)
[6026.863s][info][gc,heap        ] GC(749) Survivor regions: 54->51(96)
[6026.863s][info][gc,heap        ] GC(749) Old regions: 166->168
[6026.863s][info][gc,heap        ] GC(749) Humongous regions: 33->33
[6026.863s][info][gc,metaspace   ] GC(749) Metaspace: 30077K(30528K)->30077K(30528K) NonClass: 24663K(24896K)->24663K(24896K) Class: 5413K(5632K)->5413K(5632K)
[6026.863s][info][gc             ] GC(749) Pause Young (Normal) (G1 Evacuation Pause) 7701M->1986M(10240M) 167.437ms
[6026.863s][info][gc,cpu         ] GC(749) User=1.32s Sys=0.00s Real=0.16s
.....[6031.662s][info][gc,start       ] GC(750) Pause Young (Normal) (G1 Evacuation Pause)
[6031.662s][info][gc,task        ] GC(750) Using 8 workers of 8 for evacuation
[6031.836s][info][gc,phases      ] GC(750)   Pre Evacuate Collection Set: 0.30ms
[6031.836s][info][gc,phases      ] GC(750)   Merge Heap Roots: 0.54ms
[6031.836s][info][gc,phases      ] GC(750)   Evacuate Collection Set: 171.18ms
[6031.836s][info][gc,phases      ] GC(750)   Post Evacuate Collection Set: 1.23ms
[6031.836s][info][gc,phases      ] GC(750)   Other: 0.06ms
[6031.836s][info][gc,heap        ] GC(750) Eden regions: 717->0(715)
[6031.836s][info][gc,heap        ] GC(750) Survivor regions: 51->53(96)
[6031.836s][info][gc,heap        ] GC(750) Old regions: 168->171
[6031.836s][info][gc,heap        ] GC(750) Humongous regions: 33->33
[6031.836s][info][gc,metaspace   ] GC(750) Metaspace: 30077K(30528K)->30077K(30528K) NonClass: 24663K(24896K)->24663K(24896K) Class: 5413K(5632K)->5413K(5632K)
[6031.836s][info][gc             ] GC(750) Pause Young (Normal) (G1 Evacuation Pause) 7722M->2020M(10240M) 173.449ms
[6031.836s][info][gc,cpu         ] GC(750) User=1.37s Sys=0.00s Real=0.17s
.. (rIR:aIR:PR = 9824:9788:9789) (tPR = 145799) [OK] 
  6033s: Performance info:
         Transaction,    Success,    Partial,     Failed,   Receipts, AvgBarcode, 
             Overall,     588590,          0,          0,     559051,      59.48, 
         Response times:
             Request,    Success,    Partial,     Failed,   SkipFail,     Probes,    Samples,      min,      p50,      p90,      p95,      p99,      max, 
       TotalPurchase,     558980,          0,          0,          0,     356185,     515163,      300,     7000,    41000,    93000,   251000,   800000,
     InStorePurchase,     293953,          0,          0,          0,     186869,     270758,      300,     7000,    41000,    94000,   276000,   750000,
      OnlinePurchase,     206475,          0,          0,          0,     132028,     190419,      300,     7000,    41000,    90000,   259000,   800000,
        InstPurchase,      58552,          0,          0,          0,      37288,      53986,      500,     7400,    42000,    94000,   217000,   800000,
          AssocOfCat,        594,          0,          0,          0,        496,        807,    32000,    54000,   114000,   159400,   370760,   459000,
      AssocOfProduct,       5874,          0,          0,          0,       4400,       6551,      800,     8400,    42000,    92000,   262880,   522000,
      BusinessReport,       1480,          0,          0,          0,       1316,       2108,    35000,    62000,   124100,   193000,   406650,   578000,
          CustBuyBeh,       5870,          0,          0,          0,       4335,       6541,      200,     6400,    41000,    99000,   274580,   472000,
       ProductReturn,      15728,          0,          0,          0,       9198,      13685,      200,     7300,    43000,    94000,   258000,   579000,

  6033s: (72%)   IR =   9963 ...[6036.432s][info][gc,start       ] GC(751) Pause Young (Normal) (G1 Evacuation Pause)
[6036.432s][info][gc,task        ] GC(751) Using 8 workers of 8 for evacuation
[6036.612s][info][gc,phases      ] GC(751)   Pre Evacuate Collection Set: 0.29ms
[6036.612s][info][gc,phases      ] GC(751)   Merge Heap Roots: 0.61ms
[6036.612s][info][gc,phases      ] GC(751)   Evacuate Collection Set: 177.25ms
[6036.612s][info][gc,phases      ] GC(751)   Post Evacuate Collection Set: 1.25ms
[6036.612s][info][gc,phases      ] GC(751)   Other: 0.06ms
[6036.612s][info][gc,heap        ] GC(751) Eden regions: 715->0(714)
[6036.612s][info][gc,heap        ] GC(751) Survivor regions: 53->54(96)
[6036.612s][info][gc,heap        ] GC(751) Old regions: 171->174
[6036.612s][info][gc,heap        ] GC(751) Humongous regions: 33->33
[6036.612s][info][gc,metaspace   ] GC(751) Metaspace: 30077K(30528K)->30077K(30528K) NonClass: 24663K(24896K)->24663K(24896K) Class: 5413K(5632K)->5413K(5632K)
[6036.612s][info][gc             ] GC(751) Pause Young (Normal) (G1 Evacuation Pause) 7740M->2054M(10240M) 179.596ms
[6036.612s][info][gc,cpu         ] GC(751) User=1.41s Sys=0.00s Real=0.18s
....[6041.231s][info][gc,start       ] GC(752) Pause Young (Normal) (G1 Evacuation Pause)
[6041.231s][info][gc,task        ] GC(752) Using 8 workers of 8 for evacuation
[6041.403s][info][gc,phases      ] GC(752)   Pre Evacuate Collection Set: 0.28ms
[6041.403s][info][gc,phases      ] GC(752)   Merge Heap Roots: 0.53ms
[6041.403s][info][gc,phases      ] GC(752)   Evacuate Collection Set: 170.15ms
[6041.403s][info][gc,phases      ] GC(752)   Post Evacuate Collection Set: 1.28ms
[6041.403s][info][gc,phases      ] GC(752)   Other: 0.07ms
[6041.403s][info][gc,heap        ] GC(752) Eden regions: 714->0(715)
[6041.403s][info][gc,heap        ] GC(752) Survivor regions: 54->53(96)
[6041.403s][info][gc,heap        ] GC(752) Old regions: 174->176
[6041.403s][info][gc,heap        ] GC(752) Humongous regions: 33->33
[6041.403s][info][gc,metaspace   ] GC(752) Metaspace: 30077K(30528K)->30077K(30528K) NonClass: 24663K(24896K)->24663K(24896K) Class: 5413K(5632K)->5413K(5632K)
[6041.403s][info][gc             ] GC(752) Pause Young (Normal) (G1 Evacuation Pause) 7766M->2063M(10240M) 172.437ms
[6041.403s][info][gc,cpu         ] GC(752) User=1.36s Sys=0.00s Real=0.17s
.....[6046.122s][info][gc,start       ] GC(753) Pause Young (Normal) (G1 Evacuation Pause)
[6046.122s][info][gc,task        ] GC(753) Using 8 workers of 8 for evacuation
[6046.293s][info][gc,phases      ] GC(753)   Pre Evacuate Collection Set: 0.30ms
[6046.293s][info][gc,phases      ] GC(753)   Merge Heap Roots: 0.53ms
[6046.293s][info][gc,phases      ] GC(753)   Evacuate Collection Set: 168.44ms
[6046.293s][info][gc,phases      ] GC(753)   Post Evacuate Collection Set: 1.34ms
[6046.293s][info][gc,phases      ] GC(753)   Other: 0.06ms
[6046.293s][info][gc,heap        ] GC(753) Eden regions: 715->0(715)
[6046.293s][info][gc,heap        ] GC(753) Survivor regions: 53->53(96)
[6046.293s][info][gc,heap        ] GC(753) Old regions: 176->179
[6046.293s][info][gc,heap        ] GC(753) Humongous regions: 33->33
[6046.293s][info][gc,metaspace   ] GC(753) Metaspace: 30077K(30528K)->30077K(30528K) NonClass: 24663K(24896K)->24663K(24896K) Class: 5413K(5632K)->5413K(5632K)
[6046.293s][info][gc             ] GC(753) Pause Young (Normal) (G1 Evacuation Pause) 7783M->2089M(10240M) 170.814ms
[6046.293s][info][gc,cpu         ] GC(753) User=1.34s Sys=0.00s Real=0.17s
..|...[6050.976s][info][gc,start       ] GC(754) Pause Young (Normal) (G1 Evacuation Pause)
[6050.976s][info][gc,task        ] GC(754) Using 8 workers of 8 for evacuation
[6051.148s][info][gc,phases      ] GC(754)   Pre Evacuate Collection Set: 0.29ms
[6051.148s][info][gc,phases      ] GC(754)   Merge Heap Roots: 0.54ms
[6051.148s][info][gc,phases      ] GC(754)   Evacuate Collection Set: 169.50ms
[6051.148s][info][gc,phases      ] GC(754)   Post Evacuate Collection Set: 1.31ms
[6051.148s][info][gc,phases      ] GC(754)   Other: 0.08ms
[6051.148s][info][gc,heap        ] GC(754) Eden regions: 715->0(714)
[6051.148s][info][gc,heap        ] GC(754) Survivor regions: 53->54(96)
[6051.148s][info][gc,heap        ] GC(754) Old regions: 179->182
[6051.148s][info][gc,heap        ] GC(754) Humongous regions: 33->33
[6051.148s][info][gc,metaspace   ] GC(754) Metaspace: 30077K(30528K)->30077K(30528K) NonClass: 24663K(24896K)->24663K(24896K) Class: 5413K(5632K)->5413K(5632K)
[6051.148s][info][gc             ] GC(754) Pause Young (Normal) (G1 Evacuation Pause) 7809M->2116M(10240M) 171.838ms
[6051.148s][info][gc,cpu         ] GC(754) User=1.36s Sys=0.00s Real=0.17s
.....[6055.709s][info][gc,start       ] GC(755) Pause Young (Normal) (G1 Evacuation Pause)
[6055.709s][info][gc,task        ] GC(755) Using 8 workers of 8 for evacuation
[6055.880s][info][gc,phases      ] GC(755)   Pre Evacuate Collection Set: 0.31ms
[6055.880s][info][gc,phases      ] GC(755)   Merge Heap Roots: 0.56ms
[6055.880s][info][gc,phases      ] GC(755)   Evacuate Collection Set: 168.80ms
[6055.880s][info][gc,phases      ] GC(755)   Post Evacuate Collection Set: 1.26ms
[6055.880s][info][gc,phases      ] GC(755)   Other: 0.07ms
[6055.880s][info][gc,heap        ] GC(755) Eden regions: 714->0(715)
[6055.880s][info][gc,heap        ] GC(755) Survivor regions: 54->53(96)
[6055.880s][info][gc,heap        ] GC(755) Old regions: 182->185
[6055.880s][info][gc,heap        ] GC(755) Humongous regions: 33->33
[6055.880s][info][gc,metaspace   ] GC(755) Metaspace: 30077K(30528K)->30077K(30528K) NonClass: 24663K(24896K)->24663K(24896K) Class: 5413K(5632K)->5413K(5632K)
[6055.880s][info][gc             ] GC(755) Pause Young (Normal) (G1 Evacuation Pause) 7828M->2129M(10240M) 171.151ms
[6055.880s][info][gc,cpu         ] GC(755) User=1.34s Sys=0.00s Real=0.17s
.....[6060.486s][info][gc,start       ] GC(756) Pause Young (Normal) (G1 Evacuation Pause)
[6060.486s][info][gc,task        ] GC(756) Using 8 workers of 8 for evacuation
[6060.667s][info][gc,phases      ] GC(756)   Pre Evacuate Collection Set: 0.26ms
[6060.667s][info][gc,phases      ] GC(756)   Merge Heap Roots: 0.54ms
[6060.667s][info][gc,phases      ] GC(756)   Evacuate Collection Set: 178.89ms
[6060.667s][info][gc,phases      ] GC(756)   Post Evacuate Collection Set: 1.26ms
[6060.667s][info][gc,phases      ] GC(756)   Other: 0.06ms
[6060.667s][info][gc,heap        ] GC(756) Eden regions: 715->0(713)
[6060.667s][info][gc,heap        ] GC(756) Survivor regions: 53->55(96)
[6060.667s][info][gc,heap        ] GC(756) Old regions: 185->187
[6060.667s][info][gc,heap        ] GC(756) Humongous regions: 33->33
[6060.667s][info][gc,metaspace   ] GC(756) Metaspace: 30077K(30528K)->30077K(30528K) NonClass: 24663K(24896K)->24663K(24896K) Class: 5413K(5632K)->5413K(5632K)
[6060.667s][info][gc             ] GC(756) Pause Young (Normal) (G1 Evacuation Pause) 7849M->2166M(10240M) 181.155ms
[6060.667s][info][gc,cpu         ] GC(756) User=1.43s Sys=0.00s Real=0.18s
....[6065.326s][info][gc,start       ] GC(757) Pause Young (Normal) (G1 Evacuation Pause)
[6065.327s][info][gc,task        ] GC(757) Using 8 workers of 8 for evacuation
[6065.497s][info][gc,phases      ] GC(757)   Pre Evacuate Collection Set: 0.31ms
[6065.497s][info][gc,phases      ] GC(757)   Merge Heap Roots: 0.55ms
[6065.497s][info][gc,phases      ] GC(757)   Evacuate Collection Set: 167.82ms
[6065.497s][info][gc,phases      ] GC(757)   Post Evacuate Collection Set: 1.31ms
[6065.497s][info][gc,phases      ] GC(757)   Other: 0.08ms
[6065.497s][info][gc,heap        ] GC(757) Eden regions: 713->0(715)
[6065.497s][info][gc,heap        ] GC(757) Survivor regions: 55->53(96)
[6065.497s][info][gc,heap        ] GC(757) Old regions: 187->190
[6065.497s][info][gc,heap        ] GC(757) Humongous regions: 33->33
[6065.497s][info][gc,metaspace   ] GC(757) Metaspace: 30077K(30528K)->30077K(30528K) NonClass: 24663K(24896K)->24663K(24896K) Class: 5413K(5632K)->5413K(5632K)
[6065.497s][info][gc             ] GC(757) Pause Young (Normal) (G1 Evacuation Pause) 7870M->2173M(10240M) 170.229ms
[6065.497s][info][gc,cpu         ] GC(757) User=1.34s Sys=0.00s Real=0.17s
.....[6070.159s][info][gc,start       ] GC(758) Pause Young (Normal) (G1 Evacuation Pause)
[6070.159s][info][gc,task        ] GC(758) Using 8 workers of 8 for evacuation
[6070.336s][info][gc,phases      ] GC(758)   Pre Evacuate Collection Set: 0.31ms
[6070.336s][info][gc,phases      ] GC(758)   Merge Heap Roots: 0.57ms
[6070.336s][info][gc,phases      ] GC(758)   Evacuate Collection Set: 174.78ms
[6070.336s][info][gc,phases      ] GC(758)   Post Evacuate Collection Set: 1.31ms
[6070.336s][info][gc,phases      ] GC(758)   Other: 0.07ms
[6070.336s][info][gc,heap        ] GC(758) Eden regions: 715->0(714)
[6070.336s][info][gc,heap        ] GC(758) Survivor regions: 53->54(96)
[6070.336s][info][gc,heap        ] GC(758) Old regions: 190->193
[6070.336s][info][gc,heap        ] GC(758) Humongous regions: 33->33
[6070.336s][info][gc,metaspace   ] GC(758) Metaspace: 30077K(30528K)->30077K(30528K) NonClass: 24663K(24896K)->24663K(24896K) Class: 5413K(5632K)->5413K(5632K)
[6070.336s][info][gc             ] GC(758) Pause Young (Normal) (G1 Evacuation Pause) 7893M->2207M(10240M) 177.191ms
[6070.336s][info][gc,cpu         ] GC(758) User=1.40s Sys=0.00s Real=0.18s
.....[6074.961s][info][gc,start       ] GC(759) Pause Young (Normal) (G1 Evacuation Pause)
[6074.961s][info][gc,task        ] GC(759) Using 8 workers of 8 for evacuation
[6075.134s][info][gc,phases      ] GC(759)   Pre Evacuate Collection Set: 0.26ms
[6075.134s][info][gc,phases      ] GC(759)   Merge Heap Roots: 0.53ms
[6075.134s][info][gc,phases      ] GC(759)   Evacuate Collection Set: 171.48ms
[6075.134s][info][gc,phases      ] GC(759)   Post Evacuate Collection Set: 1.29ms
[6075.134s][info][gc,phases      ] GC(759)   Other: 0.06ms
[6075.134s][info][gc,heap        ] GC(759) Eden regions: 714->0(715)
[6075.134s][info][gc,heap        ] GC(759) Survivor regions: 54->53(96)
[6075.134s][info][gc,heap        ] GC(759) Old regions: 193->196
[6075.134s][info][gc,heap        ] GC(759) Humongous regions: 33->33
[6075.134s][info][gc,metaspace   ] GC(759) Metaspace: 30077K(30528K)->30077K(30528K) NonClass: 24663K(24896K)->24663K(24896K) Class: 5413K(5632K)->5413K(5632K)
[6075.134s][info][gc             ] GC(759) Pause Young (Normal) (G1 Evacuation Pause) 7919M->2217M(10240M) 173.774ms
[6075.135s][info][gc,cpu         ] GC(759) User=1.37s Sys=0.00s Real=0.17s
.....[6079.734s][info][gc,start       ] GC(760) Pause Young (Normal) (G1 Evacuation Pause)
[6079.735s][info][gc,task        ] GC(760) Using 8 workers of 8 for evacuation
[6079.901s][info][gc,phases      ] GC(760)   Pre Evacuate Collection Set: 0.31ms
[6079.901s][info][gc,phases      ] GC(760)   Merge Heap Roots: 0.53ms
[6079.901s][info][gc,phases      ] GC(760)   Evacuate Collection Set: 164.29ms
[6079.901s][info][gc,phases      ] GC(760)   Post Evacuate Collection Set: 1.28ms
[6079.901s][info][gc,phases      ] GC(760)   Other: 0.06ms
[6079.901s][info][gc,heap        ] GC(760) Eden regions: 715->0(716)
[6079.901s][info][gc,heap        ] GC(760) Survivor regions: 53->52(96)
[6079.901s][info][gc,heap        ] GC(760) Old regions: 196->198
[6079.901s][info][gc,heap        ] GC(760) Humongous regions: 33->33
[6079.901s][info][gc,metaspace   ] GC(760) Metaspace: 30077K(30528K)->30077K(30528K) NonClass: 24663K(24896K)->24663K(24896K) Class: 5413K(5632K)->5413K(5632K)
[6079.901s][info][gc             ] GC(760) Pause Young (Normal) (G1 Evacuation Pause) 7937M->2231M(10240M) 166.592ms
[6079.901s][info][gc,cpu         ] GC(760) User=1.31s Sys=0.00s Real=0.17s
.....[6084.562s][info][gc,start       ] GC(761) Pause Young (Normal) (G1 Evacuation Pause)
[6084.562s][info][gc,task        ] GC(761) Using 8 workers of 8 for evacuation
[6084.734s][info][gc,phases      ] GC(761)   Pre Evacuate Collection Set: 0.29ms
[6084.734s][info][gc,phases      ] GC(761)   Merge Heap Roots: 0.54ms
[6084.734s][info][gc,phases      ] GC(761)   Evacuate Collection Set: 170.33ms
[6084.734s][info][gc,phases      ] GC(761)   Post Evacuate Collection Set: 1.26ms
[6084.734s][info][gc,phases      ] GC(761)   Other: 0.07ms
[6084.734s][info][gc,heap        ] GC(761) Eden regions: 716->0(715)
[6084.734s][info][gc,heap        ] GC(761) Survivor regions: 52->53(96)
[6084.734s][info][gc,heap        ] GC(761) Old regions: 198->201
[6084.734s][info][gc,heap        ] GC(761) Humongous regions: 33->33
[6084.734s][info][gc,metaspace   ] GC(761) Metaspace: 30077K(30528K)->30077K(30528K) NonClass: 24663K(24896K)->24663K(24896K) Class: 5413K(5632K)->5413K(5632K)
[6084.734s][info][gc             ] GC(761) Pause Young (Normal) (G1 Evacuation Pause) 7959M->2265M(10240M) 172.625ms
[6084.734s][info][gc,cpu         ] GC(761) User=1.36s Sys=0.00s Real=0.17s
....[6089.477s][info][gc,start       ] GC(762) Pause Young (Normal) (G1 Evacuation Pause)
[6089.478s][info][gc,task        ] GC(762) Using 8 workers of 8 for evacuation
[6089.648s][info][gc,phases      ] GC(762)   Pre Evacuate Collection Set: 0.31ms
[6089.648s][info][gc,phases      ] GC(762)   Merge Heap Roots: 0.54ms
[6089.648s][info][gc,phases      ] GC(762)   Evacuate Collection Set: 168.56ms
[6089.648s][info][gc,phases      ] GC(762)   Post Evacuate Collection Set: 1.29ms
[6089.648s][info][gc,phases      ] GC(762)   Other: 0.06ms
[6089.648s][info][gc,heap        ] GC(762) Eden regions: 715->0(714)
[6089.648s][info][gc,heap        ] GC(762) Survivor regions: 53->54(96)
[6089.648s][info][gc,heap        ] GC(762) Old regions: 201->204
[6089.648s][info][gc,heap        ] GC(762) Humongous regions: 33->33
[6089.648s][info][gc,metaspace   ] GC(762) Metaspace: 30077K(30528K)->30077K(30528K) NonClass: 24663K(24896K)->24663K(24896K) Class: 5413K(5632K)->5413K(5632K)
[6089.648s][info][gc             ] GC(762) Pause Young (Normal) (G1 Evacuation Pause) 7985M->2290M(10240M) 170.896ms
[6089.648s][info][gc,cpu         ] GC(762) User=1.34s Sys=0.00s Real=0.17s
.....[6094.314s][info][gc,start       ] GC(763) Pause Young (Normal) (G1 Evacuation Pause)
[6094.314s][info][gc,task        ] GC(763) Using 8 workers of 8 for evacuation
[6094.486s][info][gc,phases      ] GC(763)   Pre Evacuate Collection Set: 0.31ms
[6094.486s][info][gc,phases      ] GC(763)   Merge Heap Roots: 0.54ms
[6094.486s][info][gc,phases      ] GC(763)   Evacuate Collection Set: 169.06ms
[6094.486s][info][gc,phases      ] GC(763)   Post Evacuate Collection Set: 1.29ms
[6094.486s][info][gc,phases      ] GC(763)   Other: 0.08ms
[6094.486s][info][gc,heap        ] GC(763) Eden regions: 714->0(715)
[6094.486s][info][gc,heap        ] GC(763) Survivor regions: 54->53(96)
[6094.486s][info][gc,heap        ] GC(763) Old regions: 204->206
[6094.486s][info][gc,heap        ] GC(763) Humongous regions: 33->33
[6094.486s][info][gc,metaspace   ] GC(763) Metaspace: 30077K(30528K)->30077K(30528K) NonClass: 24663K(24896K)->24663K(24896K) Class: 5413K(5632K)->5413K(5632K)
[6094.486s][info][gc             ] GC(763) Pause Young (Normal) (G1 Evacuation Pause) 8002M->2307M(10240M) 171.401ms
[6094.486s][info][gc,cpu         ] GC(763) User=1.35s Sys=0.00s Real=0.18s
.....[6099.094s][info][gc,start       ] GC(764) Pause Young (Normal) (G1 Evacuation Pause)
[6099.094s][info][gc,task        ] GC(764) Using 8 workers of 8 for evacuation
[6099.265s][info][gc,phases      ] GC(764)   Pre Evacuate Collection Set: 0.31ms
[6099.265s][info][gc,phases      ] GC(764)   Merge Heap Roots: 0.55ms
[6099.265s][info][gc,phases      ] GC(764)   Evacuate Collection Set: 168.32ms
[6099.265s][info][gc,phases      ] GC(764)   Post Evacuate Collection Set: 1.29ms
[6099.265s][info][gc,phases      ] GC(764)   Other: 0.06ms
[6099.265s][info][gc,heap        ] GC(764) Eden regions: 715->0(715)
[6099.265s][info][gc,heap        ] GC(764) Survivor regions: 53->53(96)
[6099.265s][info][gc,heap        ] GC(764) Old regions: 206->209
[6099.265s][info][gc,heap        ] GC(764) Humongous regions: 33->33
[6099.265s][info][gc,metaspace   ] GC(764) Metaspace: 30077K(30528K)->30077K(30528K) NonClass: 24663K(24896K)->24663K(24896K) Class: 5413K(5632K)->5413K(5632K)
[6099.265s][info][gc             ] GC(764) Pause Young (Normal) (G1 Evacuation Pause) 8027M->2326M(10240M) 170.686ms
[6099.265s][info][gc,cpu         ] GC(764) User=1.35s Sys=0.00s Real=0.17s
.....[6103.883s][info][gc,start       ] GC(765) Pause Young (Normal) (G1 Evacuation Pause)
[6103.883s][info][gc,task        ] GC(765) Using 8 workers of 8 for evacuation
[6104.051s][info][gc,phases      ] GC(765)   Pre Evacuate Collection Set: 0.32ms
[6104.051s][info][gc,phases      ] GC(765)   Merge Heap Roots: 0.61ms
[6104.051s][info][gc,phases      ] GC(765)   Evacuate Collection Set: 165.96ms
[6104.051s][info][gc,phases      ] GC(765)   Post Evacuate Collection Set: 1.29ms
[6104.051s][info][gc,phases      ] GC(765)   Other: 0.07ms
[6104.051s][info][gc,heap        ] GC(765) Eden regions: 715->0(716)
[6104.051s][info][gc,heap        ] GC(765) Survivor regions: 53->52(96)
[6104.051s][info][gc,heap        ] GC(765) Old regions: 209->212
[6104.051s][info][gc,heap        ] GC(765) Humongous regions: 33->33
[6104.051s][info][gc,metaspace   ] GC(765) Metaspace: 30077K(30528K)->30077K(30528K) NonClass: 24663K(24896K)->24663K(24896K) Class: 5413K(5632K)->5413K(5632K)
[6104.051s][info][gc             ] GC(765) Pause Young (Normal) (G1 Evacuation Pause) 8046M->2340M(10240M) 168.380ms
[6104.051s][info][gc,cpu         ] GC(765) User=1.32s Sys=0.00s Real=0.17s
.... (rIR:aIR:PR = 9963:10035:10031) (tPR = 149307) [OK] 
  6107s: Performance info:
         Transaction,    Success,    Partial,     Failed,   Receipts, AvgBarcode, 
             Overall,     604311,          0,          0,     574343,      59.47, 
         Response times:
             Request,    Success,    Partial,     Failed,   SkipFail,     Probes,    Samples,      min,      p50,      p90,      p95,      p99,      max, 
       TotalPurchase,     574564,          0,          0,          0,     359459,     448525,      300,     7200,    27000,    61000,   136000,   820000,
     InStorePurchase,     301904,          0,          0,          0,     188850,     235445,      300,     7200,    27000,    61000,   136000,   820000,
      OnlinePurchase,     212460,          0,          0,          0,     132308,     164778,      300,     7200,    27000,    62000,   136000,   820000,
        InstPurchase,      60200,          0,          0,          0,      38301,      48302,      400,     7200,    27000,    61000,   130000,   820000,
          AssocOfCat,        601,          0,          0,          0,        496,        753,    30000,    57000,    86000,   127000,   217840,   730000,
      AssocOfProduct,       6014,          0,          0,          0,       4477,       5911,      500,     7500,    26000,    60000,   128000,   557000,
      BusinessReport,       1498,          0,          0,          0,       1335,       1845,    33000,    64000,    96000,   145400,   233700,   630000,
          CustBuyBeh,       5935,          0,          0,          0,       4446,       5781,      300,     7200,    28000,    64000,   135000,   557000,
       ProductReturn,      15929,          0,          0,          0,       9367,      12103,      200,     7000,    27000,    66000,   131000,   670000,

  6107s: (73%)   IR =  10101 [6108.626s][info][gc,start       ] GC(766) Pause Young (Normal) (G1 Evacuation Pause)
[6108.626s][info][gc,task        ] GC(766) Using 8 workers of 8 for evacuation
[6108.803s][info][gc,phases      ] GC(766)   Pre Evacuate Collection Set: 0.28ms
[6108.803s][info][gc,phases      ] GC(766)   Merge Heap Roots: 0.67ms
[6108.803s][info][gc,phases      ] GC(766)   Evacuate Collection Set: 175.23ms
[6108.803s][info][gc,phases      ] GC(766)   Post Evacuate Collection Set: 1.29ms
[6108.803s][info][gc,phases      ] GC(766)   Other: 0.07ms
[6108.803s][info][gc,heap        ] GC(766) Eden regions: 716->0(713)
[6108.803s][info][gc,heap        ] GC(766) Survivor regions: 52->55(96)
[6108.803s][info][gc,heap        ] GC(766) Old regions: 212->215
[6108.803s][info][gc,heap        ] GC(766) Humongous regions: 33->33
[6108.803s][info][gc,metaspace   ] GC(766) Metaspace: 30077K(30528K)->30077K(30528K) NonClass: 24663K(24896K)->24663K(24896K) Class: 5413K(5632K)->5413K(5632K)
[6108.803s][info][gc             ] GC(766) Pause Young (Normal) (G1 Evacuation Pause) 8068M->2385M(10240M) 177.675ms
[6108.803s][info][gc,cpu         ] GC(766) User=1.39s Sys=0.00s Real=0.17s
.....[6113.494s][info][gc,start       ] GC(767) Pause Young (Normal) (G1 Evacuation Pause)
[6113.494s][info][gc,task        ] GC(767) Using 8 workers of 8 for evacuation
[6113.667s][info][gc,phases      ] GC(767)   Pre Evacuate Collection Set: 0.29ms
[6113.667s][info][gc,phases      ] GC(767)   Merge Heap Roots: 0.72ms
[6113.667s][info][gc,phases      ] GC(767)   Evacuate Collection Set: 170.11ms
[6113.667s][info][gc,phases      ] GC(767)   Post Evacuate Collection Set: 1.25ms
[6113.667s][info][gc,phases      ] GC(767)   Other: 0.08ms
[6113.667s][info][gc,heap        ] GC(767) Eden regions: 713->0(714)
[6113.667s][info][gc,heap        ] GC(767) Survivor regions: 55->54(96)
[6113.667s][info][gc,heap        ] GC(767) Old regions: 215->218
[6113.667s][info][gc,heap        ] GC(767) Humongous regions: 33->33
[6113.667s][info][gc,metaspace   ] GC(767) Metaspace: 30077K(30528K)->30077K(30528K) NonClass: 24663K(24896K)->24663K(24896K) Class: 5413K(5632K)->5413K(5632K)
[6113.667s][info][gc             ] GC(767) Pause Young (Normal) (G1 Evacuation Pause) 8089M->2401M(10240M) 172.571ms
[6113.667s][info][gc,cpu         ] GC(767) User=1.36s Sys=0.00s Real=0.18s
...|..[6118.320s][info][gc,start       ] GC(768) Pause Young (Normal) (G1 Evacuation Pause)
[6118.320s][info][gc,task        ] GC(768) Using 8 workers of 8 for evacuation
[6118.493s][info][gc,phases      ] GC(768)   Pre Evacuate Collection Set: 0.29ms
[6118.493s][info][gc,phases      ] GC(768)   Merge Heap Roots: 0.62ms
[6118.493s][info][gc,phases      ] GC(768)   Evacuate Collection Set: 171.06ms
[6118.493s][info][gc,phases      ] GC(768)   Post Evacuate Collection Set: 1.29ms
[6118.493s][info][gc,phases      ] GC(768)   Other: 0.07ms
[6118.493s][info][gc,heap        ] GC(768) Eden regions: 714->0(715)
[6118.493s][info][gc,heap        ] GC(768) Survivor regions: 54->53(96)
[6118.493s][info][gc,heap        ] GC(768) Old regions: 218->220
[6118.493s][info][gc,heap        ] GC(768) Humongous regions: 33->33
[6118.493s][info][gc,metaspace   ] GC(768) Metaspace: 30077K(30528K)->30077K(30528K) NonClass: 24663K(24896K)->24663K(24896K) Class: 5413K(5632K)->5413K(5632K)
[6118.493s][info][gc             ] GC(768) Pause Young (Normal) (G1 Evacuation Pause) 8113M->2415M(10240M) 173.449ms
[6118.494s][info][gc,cpu         ] GC(768) User=1.37s Sys=0.00s Real=0.17s
.....[6123.064s][info][gc,start       ] GC(769) Pause Young (Normal) (G1 Evacuation Pause)
[6123.064s][info][gc,task        ] GC(769) Using 8 workers of 8 for evacuation
[6123.235s][info][gc,phases      ] GC(769)   Pre Evacuate Collection Set: 0.30ms
[6123.235s][info][gc,phases      ] GC(769)   Merge Heap Roots: 0.63ms
[6123.235s][info][gc,phases      ] GC(769)   Evacuate Collection Set: 168.78ms
[6123.235s][info][gc,phases      ] GC(769)   Post Evacuate Collection Set: 1.31ms
[6123.235s][info][gc,phases      ] GC(769)   Other: 0.09ms
[6123.235s][info][gc,heap        ] GC(769) Eden regions: 715->0(716)
[6123.235s][info][gc,heap        ] GC(769) Survivor regions: 53->52(96)
[6123.235s][info][gc,heap        ] GC(769) Old regions: 220->223
[6123.235s][info][gc,heap        ] GC(769) Humongous regions: 33->33
[6123.235s][info][gc,metaspace   ] GC(769) Metaspace: 30077K(30528K)->30077K(30528K) NonClass: 24663K(24896K)->24663K(24896K) Class: 5413K(5632K)->5413K(5632K)
[6123.235s][info][gc             ] GC(769) Pause Young (Normal) (G1 Evacuation Pause) 8135M->2432M(10240M) 171.252ms
[6123.235s][info][gc,cpu         ] GC(769) User=1.35s Sys=0.00s Real=0.17s
....[6127.901s][info][gc,start       ] GC(770) Pause Young (Normal) (G1 Evacuation Pause)
[6127.901s][info][gc,task        ] GC(770) Using 8 workers of 8 for evacuation
[6128.068s][info][gc,phases      ] GC(770)   Pre Evacuate Collection Set: 0.30ms
[6128.068s][info][gc,phases      ] GC(770)   Merge Heap Roots: 0.59ms
[6128.068s][info][gc,phases      ] GC(770)   Evacuate Collection Set: 164.44ms
[6128.068s][info][gc,phases      ] GC(770)   Post Evacuate Collection Set: 1.27ms
[6128.068s][info][gc,phases      ] GC(770)   Other: 0.07ms
[6128.068s][info][gc,heap        ] GC(770) Eden regions: 716->0(716)
[6128.068s][info][gc,heap        ] GC(770) Survivor regions: 52->52(96)
[6128.068s][info][gc,heap        ] GC(770) Old regions: 223->226
[6128.068s][info][gc,heap        ] GC(770) Humongous regions: 33->33
[6128.068s][info][gc,metaspace   ] GC(770) Metaspace: 30077K(30528K)->30077K(30528K) NonClass: 24663K(24896K)->24663K(24896K) Class: 5413K(5632K)->5413K(5632K)
[6128.068s][info][gc             ] GC(770) Pause Young (Normal) (G1 Evacuation Pause) 8160M->2451M(10240M) 166.824ms
[6128.068s][info][gc,cpu         ] GC(770) User=1.31s Sys=0.00s Real=0.17s
.....[6132.754s][info][gc,start       ] GC(771) Pause Young (Normal) (G1 Evacuation Pause)
[6132.754s][info][gc,task        ] GC(771) Using 8 workers of 8 for evacuation
[6132.924s][info][gc,phases      ] GC(771)   Pre Evacuate Collection Set: 0.29ms
[6132.924s][info][gc,phases      ] GC(771)   Merge Heap Roots: 0.53ms
[6132.924s][info][gc,phases      ] GC(771)   Evacuate Collection Set: 168.29ms
[6132.924s][info][gc,phases      ] GC(771)   Post Evacuate Collection Set: 1.27ms
[6132.924s][info][gc,phases      ] GC(771)   Other: 0.07ms
[6132.924s][info][gc,heap        ] GC(771) Eden regions: 716->0(715)
[6132.924s][info][gc,heap        ] GC(771) Survivor regions: 52->53(96)
[6132.924s][info][gc,heap        ] GC(771) Old regions: 226->229
[6132.924s][info][gc,heap        ] GC(771) Humongous regions: 33->33
[6132.924s][info][gc,metaspace   ] GC(771) Metaspace: 30077K(30528K)->30077K(30528K) NonClass: 24663K(24896K)->24663K(24896K) Class: 5413K(5632K)->5413K(5632K)
[6132.924s][info][gc             ] GC(771) Pause Young (Normal) (G1 Evacuation Pause) 8179M->2481M(10240M) 170.581ms
[6132.924s][info][gc,cpu         ] GC(771) User=1.34s Sys=0.00s Real=0.17s
.....[6137.610s][info][gc,start       ] GC(772) Pause Young (Normal) (G1 Evacuation Pause)
[6137.610s][info][gc,task        ] GC(772) Using 8 workers of 8 for evacuation
[6137.788s][info][gc,phases      ] GC(772)   Pre Evacuate Collection Set: 0.31ms
[6137.788s][info][gc,phases      ] GC(772)   Merge Heap Roots: 0.56ms
[6137.788s][info][gc,phases      ] GC(772)   Evacuate Collection Set: 175.49ms
[6137.788s][info][gc,phases      ] GC(772)   Post Evacuate Collection Set: 1.26ms
[6137.788s][info][gc,phases      ] GC(772)   Other: 0.07ms
[6137.788s][info][gc,heap        ] GC(772) Eden regions: 715->0(714)
[6137.788s][info][gc,heap        ] GC(772) Survivor regions: 53->54(96)
[6137.788s][info][gc,heap        ] GC(772) Old regions: 229->231
[6137.788s][info][gc,heap        ] GC(772) Humongous regions: 33->33
[6137.788s][info][gc,metaspace   ] GC(772) Metaspace: 30077K(30528K)->30077K(30528K) NonClass: 24663K(24896K)->24663K(24896K) Class: 5413K(5632K)->5413K(5632K)
[6137.788s][info][gc             ] GC(772) Pause Young (Normal) (G1 Evacuation Pause) 8201M->2514M(10240M) 177.836ms
[6137.788s][info][gc,cpu         ] GC(772) User=1.40s Sys=0.00s Real=0.18s
.....[6142.348s][info][gc,start       ] GC(773) Pause Young (Normal) (G1 Evacuation Pause)
[6142.348s][info][gc,task        ] GC(773) Using 8 workers of 8 for evacuation
[6142.519s][info][gc,phases      ] GC(773)   Pre Evacuate Collection Set: 0.31ms
[6142.519s][info][gc,phases      ] GC(773)   Merge Heap Roots: 0.54ms
[6142.519s][info][gc,phases      ] GC(773)   Evacuate Collection Set: 168.89ms
[6142.519s][info][gc,phases      ] GC(773)   Post Evacuate Collection Set: 1.27ms
[6142.519s][info][gc,phases      ] GC(773)   Other: 0.08ms
[6142.519s][info][gc,heap        ] GC(773) Eden regions: 714->0(715)
[6142.519s][info][gc,heap        ] GC(773) Survivor regions: 54->53(96)
[6142.519s][info][gc,heap        ] GC(773) Old regions: 231->234
[6142.519s][info][gc,heap        ] GC(773) Humongous regions: 33->33
[6142.519s][info][gc,metaspace   ] GC(773) Metaspace: 30077K(30528K)->30077K(30528K) NonClass: 24663K(24896K)->24663K(24896K) Class: 5413K(5632K)->5413K(5632K)
[6142.519s][info][gc             ] GC(773) Pause Young (Normal) (G1 Evacuation Pause) 8226M->2528M(10240M) 171.248ms
[6142.519s][info][gc,cpu         ] GC(773) User=1.35s Sys=0.00s Real=0.17s
.....[6147.087s][info][gc,start       ] GC(774) Pause Young (Normal) (G1 Evacuation Pause)
[6147.087s][info][gc,task        ] GC(774) Using 8 workers of 8 for evacuation
[6147.260s][info][gc,phases      ] GC(774)   Pre Evacuate Collection Set: 0.29ms
[6147.260s][info][gc,phases      ] GC(774)   Merge Heap Roots: 0.56ms
[6147.260s][info][gc,phases      ] GC(774)   Evacuate Collection Set: 170.65ms
[6147.260s][info][gc,phases      ] GC(774)   Post Evacuate Collection Set: 1.28ms
[6147.260s][info][gc,phases      ] GC(774)   Other: 0.07ms
[6147.260s][info][gc,heap        ] GC(774) Eden regions: 715->0(715)
[6147.260s][info][gc,heap        ] GC(774) Survivor regions: 53->53(96)
[6147.260s][info][gc,heap        ] GC(774) Old regions: 234->237
[6147.260s][info][gc,heap        ] GC(774) Humongous regions: 33->33
[6147.260s][info][gc,metaspace   ] GC(774) Metaspace: 30077K(30528K)->30077K(30528K) NonClass: 24663K(24896K)->24663K(24896K) Class: 5413K(5632K)->5413K(5632K)
[6147.260s][info][gc             ] GC(774) Pause Young (Normal) (G1 Evacuation Pause) 8248M->2545M(10240M) 172.993ms
[6147.260s][info][gc,cpu         ] GC(774) User=1.37s Sys=0.00s Real=0.17s
....[6151.863s][info][gc,start       ] GC(775) Pause Young (Normal) (G1 Evacuation Pause)
[6151.863s][info][gc,task        ] GC(775) Using 8 workers of 8 for evacuation
[6152.031s][info][gc,phases      ] GC(775)   Pre Evacuate Collection Set: 0.29ms
[6152.031s][info][gc,phases      ] GC(775)   Merge Heap Roots: 0.63ms
[6152.031s][info][gc,phases      ] GC(775)   Evacuate Collection Set: 165.34ms
[6152.031s][info][gc,phases      ] GC(775)   Post Evacuate Collection Set: 1.31ms
[6152.031s][info][gc,phases      ] GC(775)   Other: 0.07ms
[6152.031s][info][gc,heap        ] GC(775) Eden regions: 715->0(716)
[6152.031s][info][gc,heap        ] GC(775) Survivor regions: 53->52(96)
[6152.031s][info][gc,heap        ] GC(775) Old regions: 237->239
[6152.031s][info][gc,heap        ] GC(775) Humongous regions: 33->33
[6152.031s][info][gc,metaspace   ] GC(775) Metaspace: 30077K(30528K)->30077K(30528K) NonClass: 24663K(24896K)->24663K(24896K) Class: 5413K(5632K)->5413K(5632K)
[6152.031s][info][gc             ] GC(775) Pause Young (Normal) (G1 Evacuation Pause) 8265M->2559M(10240M) 167.813ms
[6152.031s][info][gc,cpu         ] GC(775) User=1.32s Sys=0.00s Real=0.17s
.....[6156.660s][info][gc,start       ] GC(776) Pause Young (Normal) (G1 Evacuation Pause)
[6156.660s][info][gc,task        ] GC(776) Using 8 workers of 8 for evacuation
[6156.831s][info][gc,phases      ] GC(776)   Pre Evacuate Collection Set: 0.32ms
[6156.831s][info][gc,phases      ] GC(776)   Merge Heap Roots: 0.56ms
[6156.831s][info][gc,phases      ] GC(776)   Evacuate Collection Set: 168.96ms
[6156.831s][info][gc,phases      ] GC(776)   Post Evacuate Collection Set: 1.29ms
[6156.831s][info][gc,phases      ] GC(776)   Other: 0.06ms
[6156.831s][info][gc,heap        ] GC(776) Eden regions: 716->0(715)
[6156.831s][info][gc,heap        ] GC(776) Survivor regions: 52->53(96)
[6156.831s][info][gc,heap        ] GC(776) Old regions: 239->242
[6156.831s][info][gc,heap        ] GC(776) Humongous regions: 33->33
[6156.831s][info][gc,metaspace   ] GC(776) Metaspace: 30077K(30528K)->30077K(30528K) NonClass: 24663K(24896K)->24663K(24896K) Class: 5413K(5632K)->5413K(5632K)
[6156.831s][info][gc             ] GC(776) Pause Young (Normal) (G1 Evacuation Pause) 8287M->2590M(10240M) 171.312ms
[6156.831s][info][gc,cpu         ] GC(776) User=1.35s Sys=0.00s Real=0.17s
.....[6161.423s][info][gc,start       ] GC(777) Pause Young (Normal) (G1 Evacuation Pause)
[6161.423s][info][gc,task        ] GC(777) Using 8 workers of 8 for evacuation
[6161.597s][info][gc,phases      ] GC(777)   Pre Evacuate Collection Set: 0.29ms
[6161.597s][info][gc,phases      ] GC(777)   Merge Heap Roots: 0.57ms
[6161.597s][info][gc,phases      ] GC(777)   Evacuate Collection Set: 171.81ms
[6161.597s][info][gc,phases      ] GC(777)   Post Evacuate Collection Set: 1.26ms
[6161.597s][info][gc,phases      ] GC(777)   Other: 0.06ms
[6161.597s][info][gc,heap        ] GC(777) Eden regions: 715->0(715)
[6161.597s][info][gc,heap        ] GC(777) Survivor regions: 53->53(96)
[6161.597s][info][gc,heap        ] GC(777) Old regions: 242->245
[6161.597s][info][gc,heap        ] GC(777) Humongous regions: 33->33
[6161.597s][info][gc,metaspace   ] GC(777) Metaspace: 30077K(30528K)->30077K(30528K) NonClass: 24663K(24896K)->24663K(24896K) Class: 5413K(5632K)->5413K(5632K)
[6161.597s][info][gc             ] GC(777) Pause Young (Normal) (G1 Evacuation Pause) 8310M->2612M(10240M) 174.128ms
[6161.597s][info][gc,cpu         ] GC(777) User=1.37s Sys=0.00s Real=0.18s
.....[6166.164s][info][gc,start       ] GC(778) Pause Young (Normal) (G1 Evacuation Pause)
[6166.164s][info][gc,task        ] GC(778) Using 8 workers of 8 for evacuation
[6166.332s][info][gc,phases      ] GC(778)   Pre Evacuate Collection Set: 0.29ms
[6166.332s][info][gc,phases      ] GC(778)   Merge Heap Roots: 0.56ms
[6166.332s][info][gc,phases      ] GC(778)   Evacuate Collection Set: 165.96ms
[6166.332s][info][gc,phases      ] GC(778)   Post Evacuate Collection Set: 1.29ms
[6166.332s][info][gc,phases      ] GC(778)   Other: 0.07ms
[6166.332s][info][gc,heap        ] GC(778) Eden regions: 715->0(715)
[6166.332s][info][gc,heap        ] GC(778) Survivor regions: 53->53(96)
[6166.332s][info][gc,heap        ] GC(778) Old regions: 245->248
[6166.332s][info][gc,heap        ] GC(778) Humongous regions: 33->33
[6166.332s][info][gc,metaspace   ] GC(778) Metaspace: 30077K(30528K)->30077K(30528K) NonClass: 24663K(24896K)->24663K(24896K) Class: 5413K(5632K)->5413K(5632K)
[6166.332s][info][gc             ] GC(778) Pause Young (Normal) (G1 Evacuation Pause) 8332M->2634M(10240M) 168.306ms
[6166.332s][info][gc,cpu         ] GC(778) User=1.32s Sys=0.00s Real=0.17s
....[6171.046s][info][gc,start       ] GC(779) Pause Young (Normal) (G1 Evacuation Pause)
[6171.046s][info][gc,task        ] GC(779) Using 8 workers of 8 for evacuation
[6171.218s][info][gc,phases      ] GC(779)   Pre Evacuate Collection Set: 0.29ms
[6171.218s][info][gc,phases      ] GC(779)   Merge Heap Roots: 0.55ms
[6171.218s][info][gc,phases      ] GC(779)   Evacuate Collection Set: 169.89ms
[6171.218s][info][gc,phases      ] GC(779)   Post Evacuate Collection Set: 1.27ms
[6171.218s][info][gc,phases      ] GC(779)   Other: 0.06ms
[6171.218s][info][gc,heap        ] GC(779) Eden regions: 715->0(715)
[6171.218s][info][gc,heap        ] GC(779) Survivor regions: 53->53(96)
[6171.218s][info][gc,heap        ] GC(779) Old regions: 248->251
[6171.218s][info][gc,heap        ] GC(779) Humongous regions: 33->33
[6171.218s][info][gc,metaspace   ] GC(779) Metaspace: 30077K(30528K)->30077K(30528K) NonClass: 24663K(24896K)->24663K(24896K) Class: 5413K(5632K)->5413K(5632K)
[6171.218s][info][gc             ] GC(779) Pause Young (Normal) (G1 Evacuation Pause) 8354M->2656M(10240M) 172.194ms
[6171.218s][info][gc,cpu         ] GC(779) User=1.35s Sys=0.00s Real=0.17s
.....[6175.819s][info][gc,start       ] GC(780) Pause Young (Normal) (G1 Evacuation Pause)
[6175.819s][info][gc,task        ] GC(780) Using 8 workers of 8 for evacuation
[6175.989s][info][gc,phases      ] GC(780)   Pre Evacuate Collection Set: 0.30ms
[6175.989s][info][gc,phases      ] GC(780)   Merge Heap Roots: 0.55ms
[6175.989s][info][gc,phases      ] GC(780)   Evacuate Collection Set: 167.97ms
[6175.989s][info][gc,phases      ] GC(780)   Post Evacuate Collection Set: 1.33ms
[6175.989s][info][gc,phases      ] GC(780)   Other: 0.07ms
[6175.989s][info][gc,heap        ] GC(780) Eden regions: 715->0(717)
[6175.989s][info][gc,heap        ] GC(780) Survivor regions: 53->51(96)
[6175.989s][info][gc,heap        ] GC(780) Old regions: 251->253
[6175.989s][info][gc,heap        ] GC(780) Humongous regions: 33->33
[6175.989s][info][gc,metaspace   ] GC(780) Metaspace: 30077K(30528K)->30077K(30528K) NonClass: 24663K(24896K)->24663K(24896K) Class: 5413K(5632K)->5413K(5632K)
[6175.989s][info][gc             ] GC(780) Pause Young (Normal) (G1 Evacuation Pause) 8376M->2665M(10240M) 170.376ms
[6175.989s][info][gc,cpu         ] GC(780) User=1.35s Sys=0.00s Real=0.17s
. (rIR:aIR:PR = 10101:10070:10046) (tPR = 149737) [OK] 
  6176s: Performance info:
         Transaction,    Success,    Partial,     Failed,   Receipts, AvgBarcode, 
             Overall,     605971,          0,          0,     575776,      59.48, 
         Response times:
             Request,    Success,    Partial,     Failed,   SkipFail,     Probes,    Samples,      min,      p50,      p90,      p95,      p99,      max, 
       TotalPurchase,     577122,          0,          0,          0,     360400,     412298,      400,     7200,    28000,    66000,   121000,   547000,
     InStorePurchase,     302472,          0,          0,          0,     189563,     216184,      400,     7200,    27000,    64000,   119000,   518000,
      OnlinePurchase,     214158,          0,          0,          0,     132871,     152225,      400,     7300,    28000,    68000,   125000,   547000,
        InstPurchase,      60492,          0,          0,          0,      37966,      43889,      400,     7100,    28000,    66000,   120000,   516000,
          AssocOfCat,        615,          0,          0,          0,        505,        676,    30000,    56000,    91300,   141150,   223150,   244000,
      AssocOfProduct,       6094,          0,          0,          0,       3424,       4159,      700,     7800,    27000,    71000,   132400,   399000,
      BusinessReport,       1517,          0,          0,          0,       1346,       1676,    33000,    63000,    95000,   138000,   212600,   254000,
          CustBuyBeh,       6086,          0,          0,          0,       3423,       4103,      200,     5900,    26000,    68000,   124000,   399000,
       ProductReturn,      16026,          0,          0,          0,       9674,      11326,      400,     7500,    29000,    66000,   121000,   546000,

  6176s: (74%)   IR =  10239 ....[6180.530s][info][gc,start       ] GC(781) Pause Young (Normal) (G1 Evacuation Pause)
[6180.530s][info][gc,task        ] GC(781) Using 8 workers of 8 for evacuation
[6180.709s][info][gc,phases      ] GC(781)   Pre Evacuate Collection Set: 0.30ms
[6180.709s][info][gc,phases      ] GC(781)   Merge Heap Roots: 0.55ms
[6180.709s][info][gc,phases      ] GC(781)   Evacuate Collection Set: 177.39ms
[6180.709s][info][gc,phases      ] GC(781)   Post Evacuate Collection Set: 1.29ms
[6180.709s][info][gc,phases      ] GC(781)   Other: 0.06ms
[6180.709s][info][gc,heap        ] GC(781) Eden regions: 717->0(714)
[6180.709s][info][gc,heap        ] GC(781) Survivor regions: 51->54(96)
[6180.709s][info][gc,heap        ] GC(781) Old regions: 253->256
[6180.709s][info][gc,heap        ] GC(781) Humongous regions: 33->33
[6180.709s][info][gc,metaspace   ] GC(781) Metaspace: 30077K(30528K)->30077K(30528K) NonClass: 24663K(24896K)->24663K(24896K) Class: 5413K(5632K)->5413K(5632K)
[6180.709s][info][gc             ] GC(781) Pause Young (Normal) (G1 Evacuation Pause) 8401M->2711M(10240M) 179.731ms
[6180.709s][info][gc,cpu         ] GC(781) User=1.42s Sys=0.00s Real=0.18s
....[6185.140s][info][gc,start       ] GC(782) Pause Young (Normal) (G1 Evacuation Pause)
[6185.140s][info][gc,task        ] GC(782) Using 8 workers of 8 for evacuation
[6185.315s][info][gc,phases      ] GC(782)   Pre Evacuate Collection Set: 0.29ms
[6185.315s][info][gc,phases      ] GC(782)   Merge Heap Roots: 0.55ms
[6185.315s][info][gc,phases      ] GC(782)   Evacuate Collection Set: 172.60ms
[6185.315s][info][gc,phases      ] GC(782)   Post Evacuate Collection Set: 1.28ms
[6185.315s][info][gc,phases      ] GC(782)   Other: 0.08ms
[6185.315s][info][gc,heap        ] GC(782) Eden regions: 714->0(714)
[6185.315s][info][gc,heap        ] GC(782) Survivor regions: 54->54(96)
[6185.315s][info][gc,heap        ] GC(782) Old regions: 256->259
[6185.315s][info][gc,heap        ] GC(782) Humongous regions: 33->33
[6185.315s][info][gc,metaspace   ] GC(782) Metaspace: 30077K(30528K)->30077K(30528K) NonClass: 24663K(24896K)->24663K(24896K) Class: 5413K(5632K)->5413K(5632K)
[6185.315s][info][gc             ] GC(782) Pause Young (Normal) (G1 Evacuation Pause) 8423M->2732M(10240M) 174.938ms
[6185.315s][info][gc,cpu         ] GC(782) User=1.38s Sys=0.00s Real=0.17s
.....|[6190.043s][info][gc,start       ] GC(783) Pause Young (Normal) (G1 Evacuation Pause)
[6190.043s][info][gc,task        ] GC(783) Using 8 workers of 8 for evacuation
[6190.220s][info][gc,phases      ] GC(783)   Pre Evacuate Collection Set: 0.30ms
[6190.220s][info][gc,phases      ] GC(783)   Merge Heap Roots: 0.56ms
[6190.220s][info][gc,phases      ] GC(783)   Evacuate Collection Set: 173.92ms
[6190.220s][info][gc,phases      ] GC(783)   Post Evacuate Collection Set: 1.32ms
[6190.220s][info][gc,phases      ] GC(783)   Other: 0.07ms
[6190.220s][info][gc,heap        ] GC(783) Eden regions: 714->0(714)
[6190.220s][info][gc,heap        ] GC(783) Survivor regions: 54->54(96)
[6190.220s][info][gc,heap        ] GC(783) Old regions: 259->261
[6190.220s][info][gc,heap        ] GC(783) Humongous regions: 33->33
[6190.220s][info][gc,metaspace   ] GC(783) Metaspace: 30077K(30528K)->30077K(30528K) NonClass: 24663K(24896K)->24663K(24896K) Class: 5413K(5632K)->5413K(5632K)
[6190.220s][info][gc             ] GC(783) Pause Young (Normal) (G1 Evacuation Pause) 8444M->2751M(10240M) 176.310ms
[6190.220s][info][gc,cpu         ] GC(783) User=1.39s Sys=0.00s Real=0.18s
.....[6194.811s][info][gc,start       ] GC(784) Pause Young (Normal) (G1 Evacuation Pause)
[6194.811s][info][gc,task        ] GC(784) Using 8 workers of 8 for evacuation
[6194.985s][info][gc,phases      ] GC(784)   Pre Evacuate Collection Set: 0.29ms
[6194.985s][info][gc,phases      ] GC(784)   Merge Heap Roots: 0.63ms
[6194.985s][info][gc,phases      ] GC(784)   Evacuate Collection Set: 171.57ms
[6194.985s][info][gc,phases      ] GC(784)   Post Evacuate Collection Set: 1.30ms
[6194.985s][info][gc,phases      ] GC(784)   Other: 0.07ms
[6194.985s][info][gc,heap        ] GC(784) Eden regions: 714->0(715)
[6194.985s][info][gc,heap        ] GC(784) Survivor regions: 54->53(96)
[6194.985s][info][gc,heap        ] GC(784) Old regions: 261->264
[6194.985s][info][gc,heap        ] GC(784) Humongous regions: 33->33
[6194.985s][info][gc,metaspace   ] GC(784) Metaspace: 30077K(30528K)->30077K(30528K) NonClass: 24663K(24896K)->24663K(24896K) Class: 5413K(5632K)->5413K(5632K)
[6194.985s][info][gc             ] GC(784) Pause Young (Normal) (G1 Evacuation Pause) 8463M->2769M(10240M) 173.991ms
[6194.985s][info][gc,cpu         ] GC(784) User=1.36s Sys=0.00s Real=0.17s
.....[6199.568s][info][gc,start       ] GC(785) Pause Young (Normal) (G1 Evacuation Pause)
[6199.568s][info][gc,task        ] GC(785) Using 8 workers of 8 for evacuation
[6199.744s][info][gc,phases      ] GC(785)   Pre Evacuate Collection Set: 0.28ms
[6199.744s][info][gc,phases      ] GC(785)   Merge Heap Roots: 0.54ms
[6199.744s][info][gc,phases      ] GC(785)   Evacuate Collection Set: 173.58ms
[6199.744s][info][gc,phases      ] GC(785)   Post Evacuate Collection Set: 1.30ms
[6199.744s][info][gc,phases      ] GC(785)   Other: 0.08ms
[6199.744s][info][gc,heap        ] GC(785) Eden regions: 715->0(714)
[6199.744s][info][gc,heap        ] GC(785) Survivor regions: 53->54(96)
[6199.744s][info][gc,heap        ] GC(785) Old regions: 264->267
[6199.744s][info][gc,heap        ] GC(785) Humongous regions: 33->33
[6199.744s][info][gc,metaspace   ] GC(785) Metaspace: 30077K(30528K)->30077K(30528K) NonClass: 24663K(24896K)->24663K(24896K) Class: 5413K(5632K)->5413K(5632K)
[6199.744s][info][gc             ] GC(785) Pause Young (Normal) (G1 Evacuation Pause) 8489M->2795M(10240M) 175.920ms
[6199.744s][info][gc,cpu         ] GC(785) User=1.39s Sys=0.00s Real=0.17s
....[6204.165s][info][gc,start       ] GC(786) Pause Young (Normal) (G1 Evacuation Pause)
[6204.165s][info][gc,task        ] GC(786) Using 8 workers of 8 for evacuation
[6204.336s][info][gc,phases      ] GC(786)   Pre Evacuate Collection Set: 0.33ms
[6204.336s][info][gc,phases      ] GC(786)   Merge Heap Roots: 0.56ms
[6204.336s][info][gc,phases      ] GC(786)   Evacuate Collection Set: 168.00ms
[6204.336s][info][gc,phases      ] GC(786)   Post Evacuate Collection Set: 1.27ms
[6204.336s][info][gc,phases      ] GC(786)   Other: 0.07ms
[6204.336s][info][gc,heap        ] GC(786) Eden regions: 714->0(715)
[6204.336s][info][gc,heap        ] GC(786) Survivor regions: 54->53(96)
[6204.336s][info][gc,heap        ] GC(786) Old regions: 267->270
[6204.336s][info][gc,heap        ] GC(786) Humongous regions: 33->33
[6204.336s][info][gc,metaspace   ] GC(786) Metaspace: 30077K(30528K)->30077K(30528K) NonClass: 24663K(24896K)->24663K(24896K) Class: 5413K(5632K)->5413K(5632K)
[6204.336s][info][gc             ] GC(786) Pause Young (Normal) (G1 Evacuation Pause) 8507M->2813M(10240M) 170.350ms
[6204.336s][info][gc,cpu         ] GC(786) User=1.34s Sys=0.00s Real=0.18s
.....[6208.853s][info][gc,start       ] GC(787) Pause Young (Normal) (G1 Evacuation Pause)
[6208.853s][info][gc,task        ] GC(787) Using 8 workers of 8 for evacuation
[6209.022s][info][gc,phases      ] GC(787)   Pre Evacuate Collection Set: 0.32ms
[6209.022s][info][gc,phases      ] GC(787)   Merge Heap Roots: 0.58ms
[6209.022s][info][gc,phases      ] GC(787)   Evacuate Collection Set: 166.28ms
[6209.022s][info][gc,phases      ] GC(787)   Post Evacuate Collection Set: 1.27ms
[6209.022s][info][gc,phases      ] GC(787)   Other: 0.08ms
[6209.022s][info][gc,heap        ] GC(787) Eden regions: 715->0(716)
[6209.022s][info][gc,heap        ] GC(787) Survivor regions: 53->52(96)
[6209.022s][info][gc,heap        ] GC(787) Old regions: 270->272
[6209.022s][info][gc,heap        ] GC(787) Humongous regions: 33->33
[6209.022s][info][gc,metaspace   ] GC(787) Metaspace: 30077K(30528K)->30077K(30528K) NonClass: 24663K(24896K)->24663K(24896K) Class: 5413K(5632K)->5413K(5632K)
[6209.022s][info][gc             ] GC(787) Pause Young (Normal) (G1 Evacuation Pause) 8533M->2827M(10240M) 168.697ms
[6209.022s][info][gc,cpu         ] GC(787) User=1.33s Sys=0.00s Real=0.17s
.....[6213.566s][info][gc,start       ] GC(788) Pause Young (Normal) (G1 Evacuation Pause)
[6213.566s][info][gc,task        ] GC(788) Using 8 workers of 8 for evacuation
[6213.741s][info][gc,phases      ] GC(788)   Pre Evacuate Collection Set: 0.31ms
[6213.741s][info][gc,phases      ] GC(788)   Merge Heap Roots: 0.57ms
[6213.741s][info][gc,phases      ] GC(788)   Evacuate Collection Set: 172.84ms
[6213.741s][info][gc,phases      ] GC(788)   Post Evacuate Collection Set: 1.32ms
[6213.741s][info][gc,phases      ] GC(788)   Other: 0.07ms
[6213.741s][info][gc,heap        ] GC(788) Eden regions: 716->0(715)
[6213.741s][info][gc,heap        ] GC(788) Survivor regions: 52->53(96)
[6213.741s][info][gc,heap        ] GC(788) Old regions: 272->275
[6213.741s][info][gc,heap        ] GC(788) Humongous regions: 33->33
[6213.741s][info][gc,metaspace   ] GC(788) Metaspace: 30077K(30528K)->30077K(30528K) NonClass: 24663K(24896K)->24663K(24896K) Class: 5413K(5632K)->5413K(5632K)
[6213.741s][info][gc             ] GC(788) Pause Young (Normal) (G1 Evacuation Pause) 8555M->2857M(10240M) 175.255ms
[6213.741s][info][gc,cpu         ] GC(788) User=1.38s Sys=0.00s Real=0.17s
....[6218.264s][info][gc,start       ] GC(789) Pause Young (Concurrent Start) (G1 Evacuation Pause)
[6218.264s][info][gc,task        ] GC(789) Using 8 workers of 8 for evacuation
[6218.436s][info][gc,phases      ] GC(789)   Pre Evacuate Collection Set: 0.34ms
[6218.436s][info][gc,phases      ] GC(789)   Merge Heap Roots: 0.64ms
[6218.436s][info][gc,phases      ] GC(789)   Evacuate Collection Set: 169.36ms
[6218.436s][info][gc,phases      ] GC(789)   Post Evacuate Collection Set: 1.28ms
[6218.436s][info][gc,phases      ] GC(789)   Other: 0.08ms
[6218.436s][info][gc,heap        ] GC(789) Eden regions: 715->0(716)
[6218.436s][info][gc,heap        ] GC(789) Survivor regions: 53->52(96)
[6218.436s][info][gc,heap        ] GC(789) Old regions: 275->278
[6218.436s][info][gc,heap        ] GC(789) Humongous regions: 33->33
[6218.436s][info][gc,metaspace   ] GC(789) Metaspace: 30077K(30528K)->30077K(30528K) NonClass: 24663K(24896K)->24663K(24896K) Class: 5413K(5632K)->5413K(5632K)
[6218.436s][info][gc             ] GC(789) Pause Young (Concurrent Start) (G1 Evacuation Pause) 8577M->2870M(10240M) 171.850ms
[6218.436s][info][gc             ] GC(790) Concurrent Mark Cycle
[6218.436s][info][gc,marking     ] GC(790) Concurrent Scan Root Regions
[6218.436s][info][gc,cpu         ] GC(789) User=1.35s Sys=0.00s Real=0.18s
.[6218.755s][info][gc,marking     ] GC(790) Concurrent Scan Root Regions 318.973ms
[6218.755s][info][gc,marking     ] GC(790) Concurrent Mark
[6218.755s][info][gc,marking     ] GC(790) Concurrent Mark From Roots
[6218.755s][info][gc,task        ] GC(790) Using 2 workers of 2 for marking
.[6220.016s][info][gc,marking     ] GC(790) Concurrent Mark From Roots 1260.979ms
[6220.016s][info][gc,marking     ] GC(790) Concurrent Preclean
[6220.016s][info][gc,marking     ] GC(790) Concurrent Preclean 0.166ms
[6220.016s][info][gc,start       ] GC(790) Pause Remark
[6220.018s][info][gc             ] GC(790) Pause Remark 4630M->4422M(10240M) 1.386ms
[6220.018s][info][gc,cpu         ] GC(790) User=0.01s Sys=0.00s Real=0.00s
[6220.018s][info][gc,marking     ] GC(790) Concurrent Mark 1262.850ms
[6220.018s][info][gc,marking     ] GC(790) Concurrent Rebuild Remembered Sets and Scrub Regions
.[6220.691s][info][gc,marking     ] GC(790) Concurrent Rebuild Remembered Sets and Scrub Regions 673.487ms
[6220.691s][info][gc,start       ] GC(790) Pause Cleanup
[6220.692s][info][gc             ] GC(790) Pause Cleanup 5355M->5355M(10240M) 0.329ms
[6220.692s][info][gc,cpu         ] GC(790) User=0.00s Sys=0.00s Real=0.00s
[6220.692s][info][gc,marking     ] GC(790) Concurrent Clear Claimed Marks
[6220.692s][info][gc,marking     ] GC(790) Concurrent Clear Claimed Marks 0.047ms
[6220.692s][info][gc,marking     ] GC(790) Concurrent Cleanup for Next Mark
[6220.706s][info][gc,marking     ] GC(790) Concurrent Cleanup for Next Mark 14.117ms
[6220.706s][info][gc             ] GC(790) Concurrent Mark Cycle 2270.267ms
..[6222.941s][info][gc,start       ] GC(791) Pause Young (Prepare Mixed) (G1 Evacuation Pause)
[6222.941s][info][gc,task        ] GC(791) Using 8 workers of 8 for evacuation
[6223.117s][info][gc,phases      ] GC(791)   Pre Evacuate Collection Set: 0.29ms
[6223.117s][info][gc,phases      ] GC(791)   Merge Heap Roots: 0.83ms
[6223.117s][info][gc,phases      ] GC(791)   Evacuate Collection Set: 173.38ms
[6223.117s][info][gc,phases      ] GC(791)   Post Evacuate Collection Set: 1.39ms
[6223.117s][info][gc,phases      ] GC(791)   Other: 0.07ms
[6223.117s][info][gc,heap        ] GC(791) Eden regions: 716->0(715)
[6223.117s][info][gc,heap        ] GC(791) Survivor regions: 52->53(96)
[6223.117s][info][gc,heap        ] GC(791) Old regions: 252->255
[6223.117s][info][gc,heap        ] GC(791) Humongous regions: 33->33
[6223.117s][info][gc,metaspace   ] GC(791) Metaspace: 30077K(30528K)->30077K(30528K) NonClass: 24663K(24896K)->24663K(24896K) Class: 5413K(5632K)->5413K(5632K)
[6223.117s][info][gc             ] GC(791) Pause Young (Prepare Mixed) (G1 Evacuation Pause) 8390M->2692M(10240M) 176.088ms
[6223.117s][info][gc,cpu         ] GC(791) User=1.39s Sys=0.00s Real=0.18s
.....[6227.737s][info][gc,start       ] GC(792) Pause Young (Mixed) (G1 Evacuation Pause)
[6227.737s][info][gc,task        ] GC(792) Using 8 workers of 8 for evacuation
[6227.909s][info][gc,phases      ] GC(792)   Pre Evacuate Collection Set: 0.35ms
[6227.909s][info][gc,phases      ] GC(792)   Merge Heap Roots: 0.71ms
[6227.909s][info][gc,phases      ] GC(792)   Evacuate Collection Set: 168.14ms
[6227.909s][info][gc,phases      ] GC(792)   Merge Optional Heap Roots: 0.07ms
[6227.909s][info][gc,phases      ] GC(792)   Evacuate Optional Collection Set: 1.40ms
[6227.909s][info][gc,phases      ] GC(792)   Post Evacuate Collection Set: 1.47ms
[6227.909s][info][gc,phases      ] GC(792)   Other: 0.08ms
[6227.909s][info][gc,heap        ] GC(792) Eden regions: 715->0(716)
[6227.909s][info][gc,heap        ] GC(792) Survivor regions: 53->52(96)
[6227.909s][info][gc,heap        ] GC(792) Old regions: 255->138
[6227.909s][info][gc,heap        ] GC(792) Humongous regions: 33->33
[6227.909s][info][gc,metaspace   ] GC(792) Metaspace: 30077K(30528K)->30077K(30528K) NonClass: 24663K(24896K)->24663K(24896K) Class: 5413K(5632K)->5413K(5632K)
[6227.909s][info][gc             ] GC(792) Pause Young (Mixed) (G1 Evacuation Pause) 8412M->1749M(10240M) 172.392ms
[6227.909s][info][gc,cpu         ] GC(792) User=1.36s Sys=0.00s Real=0.17s
....[6232.431s][info][gc,start       ] GC(793) Pause Young (Mixed) (G1 Evacuation Pause)
[6232.431s][info][gc,task        ] GC(793) Using 8 workers of 8 for evacuation
[6232.605s][info][gc,phases      ] GC(793)   Pre Evacuate Collection Set: 0.30ms
[6232.605s][info][gc,phases      ] GC(793)   Merge Heap Roots: 0.59ms
[6232.605s][info][gc,phases      ] GC(793)   Evacuate Collection Set: 171.87ms
[6232.605s][info][gc,phases      ] GC(793)   Post Evacuate Collection Set: 1.29ms
[6232.605s][info][gc,phases      ] GC(793)   Other: 0.07ms
[6232.605s][info][gc,heap        ] GC(793) Eden regions: 716->0(715)
[6232.605s][info][gc,heap        ] GC(793) Survivor regions: 52->53(96)
[6232.605s][info][gc,heap        ] GC(793) Old regions: 138->133
[6232.605s][info][gc,heap        ] GC(793) Humongous regions: 33->33
[6232.605s][info][gc,metaspace   ] GC(793) Metaspace: 30077K(30528K)->30077K(30528K) NonClass: 24663K(24896K)->24663K(24896K) Class: 5413K(5632K)->5413K(5632K)
[6232.605s][info][gc             ] GC(793) Pause Young (Mixed) (G1 Evacuation Pause) 7477M->1722M(10240M) 174.261ms
[6232.605s][info][gc,cpu         ] GC(793) User=1.37s Sys=0.00s Real=0.17s
.....[6237.081s][info][gc,start       ] GC(794) Pause Young (Normal) (G1 Evacuation Pause)
[6237.081s][info][gc,task        ] GC(794) Using 8 workers of 8 for evacuation
[6237.256s][info][gc,phases      ] GC(794)   Pre Evacuate Collection Set: 0.31ms
[6237.256s][info][gc,phases      ] GC(794)   Merge Heap Roots: 0.63ms
[6237.256s][info][gc,phases      ] GC(794)   Evacuate Collection Set: 171.87ms
[6237.256s][info][gc,phases      ] GC(794)   Post Evacuate Collection Set: 1.24ms
[6237.256s][info][gc,phases      ] GC(794)   Other: 0.07ms
[6237.256s][info][gc,heap        ] GC(794) Eden regions: 715->0(714)
[6237.256s][info][gc,heap        ] GC(794) Survivor regions: 53->54(96)
[6237.256s][info][gc,heap        ] GC(794) Old regions: 133->136
[6237.256s][info][gc,heap        ] GC(794) Humongous regions: 33->33
[6237.256s][info][gc,metaspace   ] GC(794) Metaspace: 30077K(30528K)->30077K(30528K) NonClass: 24663K(24896K)->24663K(24896K) Class: 5413K(5632K)->5413K(5632K)
[6237.256s][info][gc             ] GC(794) Pause Young (Normal) (G1 Evacuation Pause) 7442M->1748M(10240M) 174.259ms
[6237.256s][info][gc,cpu         ] GC(794) User=1.38s Sys=0.00s Real=0.18s
.....[6241.842s][info][gc,start       ] GC(795) Pause Young (Normal) (G1 Evacuation Pause)
[6241.842s][info][gc,task        ] GC(795) Using 8 workers of 8 for evacuation
[6242.018s][info][gc,phases      ] GC(795)   Pre Evacuate Collection Set: 0.28ms
[6242.018s][info][gc,phases      ] GC(795)   Merge Heap Roots: 0.53ms
[6242.018s][info][gc,phases      ] GC(795)   Evacuate Collection Set: 173.93ms
[6242.018s][info][gc,phases      ] GC(795)   Post Evacuate Collection Set: 1.28ms
[6242.018s][info][gc,phases      ] GC(795)   Other: 0.07ms
[6242.018s][info][gc,heap        ] GC(795) Eden regions: 714->0(714)
[6242.018s][info][gc,heap        ] GC(795) Survivor regions: 54->54(96)
[6242.018s][info][gc,heap        ] GC(795) Old regions: 136->139
[6242.018s][info][gc,heap        ] GC(795) Humongous regions: 33->33
[6242.018s][info][gc,metaspace   ] GC(795) Metaspace: 30077K(30528K)->30077K(30528K) NonClass: 24663K(24896K)->24663K(24896K) Class: 5413K(5632K)->5413K(5632K)
[6242.018s][info][gc             ] GC(795) Pause Young (Normal) (G1 Evacuation Pause) 7460M->1774M(10240M) 176.240ms
[6242.018s][info][gc,cpu         ] GC(795) User=1.38s Sys=0.01s Real=0.18s
....[6246.458s][info][gc,start       ] GC(796) Pause Young (Normal) (G1 Evacuation Pause)
[6246.458s][info][gc,task        ] GC(796) Using 8 workers of 8 for evacuation
[6246.634s][info][gc,phases      ] GC(796)   Pre Evacuate Collection Set: 0.31ms
[6246.634s][info][gc,phases      ] GC(796)   Merge Heap Roots: 0.54ms
[6246.634s][info][gc,phases      ] GC(796)   Evacuate Collection Set: 173.31ms
[6246.634s][info][gc,phases      ] GC(796)   Post Evacuate Collection Set: 1.26ms
[6246.634s][info][gc,phases      ] GC(796)   Other: 0.06ms
[6246.634s][info][gc,heap        ] GC(796) Eden regions: 714->0(714)
[6246.634s][info][gc,heap        ] GC(796) Survivor regions: 54->54(96)
[6246.634s][info][gc,heap        ] GC(796) Old regions: 139->141
[6246.634s][info][gc,heap        ] GC(796) Humongous regions: 33->33
[6246.634s][info][gc,metaspace   ] GC(796) Metaspace: 30077K(30528K)->30077K(30528K) NonClass: 24663K(24896K)->24663K(24896K) Class: 5413K(5632K)->5413K(5632K)
[6246.634s][info][gc             ] GC(796) Pause Young (Normal) (G1 Evacuation Pause) 7486M->1795M(10240M) 175.624ms
[6246.634s][info][gc,cpu         ] GC(796) User=1.38s Sys=0.00s Real=0.17s
.... (rIR:aIR:PR = 10239:10279:10281) (tPR = 151283) [OK] 
  6249s: Performance info:
         Transaction,    Success,    Partial,     Failed,   Receipts, AvgBarcode, 
             Overall,     619194,          0,          0,     588190,      59.48, 
         Response times:
             Request,    Success,    Partial,     Failed,   SkipFail,     Probes,    Samples,      min,      p50,      p90,      p95,      p99,      max, 
       TotalPurchase,     588121,          0,          0,          0,     359456,     442545,      300,     8000,    51000,    90000,   184000,  3200000,
     InStorePurchase,     312130,          0,          0,          0,     189826,     233712,      300,     7900,    51000,    90000,   183000,  3200000,
      OnlinePurchase,     215004,          0,          0,          0,     132074,     162357,      300,     8000,    52000,    90000,   186000,  3200000,
        InstPurchase,      60987,          0,          0,          0,      37556,      46476,      400,     8300,    54000,    92000,   185000,  1700000,
          AssocOfCat,        616,          0,          0,          0,        516,        754,    32000,    58000,   104500,   142000,   245000,   348000,
      AssocOfProduct,       6220,          0,          0,          0,       3526,       4551,      700,     7600,    47000,    83000,   181000,   890000,
      BusinessReport,       1546,          0,          0,          0,       1378,       1840,    32000,    68000,   133000,   191000,   280490,   442000,
          CustBuyBeh,       6106,          0,          0,          0,       3503,       4528,      300,     7900,    54000,    97000,   190000,   890000,
       ProductReturn,      16479,          0,          0,          0,       9669,      12244,      300,     8300,    51000,    93000,   183000,   890000,

  6249s: (75%)   IR =  10378 .[6251.135s][info][gc,start       ] GC(797) Pause Young (Normal) (G1 Evacuation Pause)
[6251.135s][info][gc,task        ] GC(797) Using 8 workers of 8 for evacuation
[6251.306s][info][gc,phases      ] GC(797)   Pre Evacuate Collection Set: 0.29ms
[6251.306s][info][gc,phases      ] GC(797)   Merge Heap Roots: 0.54ms
[6251.306s][info][gc,phases      ] GC(797)   Evacuate Collection Set: 169.10ms
[6251.306s][info][gc,phases      ] GC(797)   Post Evacuate Collection Set: 1.32ms
[6251.306s][info][gc,phases      ] GC(797)   Other: 0.07ms
[6251.306s][info][gc,heap        ] GC(797) Eden regions: 714->0(716)
[6251.306s][info][gc,heap        ] GC(797) Survivor regions: 54->52(96)
[6251.306s][info][gc,heap        ] GC(797) Old regions: 141->144
[6251.306s][info][gc,heap        ] GC(797) Humongous regions: 33->33
[6251.306s][info][gc,metaspace   ] GC(797) Metaspace: 30077K(30528K)->30077K(30528K) NonClass: 24663K(24896K)->24663K(24896K) Class: 5413K(5632K)->5413K(5632K)
[6251.306s][info][gc             ] GC(797) Pause Young (Normal) (G1 Evacuation Pause) 7507M->1801M(10240M) 171.472ms
[6251.306s][info][gc,cpu         ] GC(797) User=1.35s Sys=0.00s Real=0.18s
.....[6255.804s][info][gc,start       ] GC(798) Pause Young (Normal) (G1 Evacuation Pause)
[6255.804s][info][gc,task        ] GC(798) Using 8 workers of 8 for evacuation
[6255.976s][info][gc,phases      ] GC(798)   Pre Evacuate Collection Set: 0.28ms
[6255.976s][info][gc,phases      ] GC(798)   Merge Heap Roots: 0.57ms
[6255.976s][info][gc,phases      ] GC(798)   Evacuate Collection Set: 169.30ms
[6255.976s][info][gc,phases      ] GC(798)   Post Evacuate Collection Set: 1.29ms
[6255.976s][info][gc,phases      ] GC(798)   Other: 0.06ms
[6255.976s][info][gc,heap        ] GC(798) Eden regions: 716->0(715)
[6255.976s][info][gc,heap        ] GC(798) Survivor regions: 52->53(96)
[6255.976s][info][gc,heap        ] GC(798) Old regions: 144->147
[6255.976s][info][gc,heap        ] GC(798) Humongous regions: 33->33
[6255.976s][info][gc,metaspace   ] GC(798) Metaspace: 30077K(30528K)->30077K(30528K) NonClass: 24663K(24896K)->24663K(24896K) Class: 5413K(5632K)->5413K(5632K)
[6255.976s][info][gc             ] GC(798) Pause Young (Normal) (G1 Evacuation Pause) 7529M->1826M(10240M) 171.663ms
[6255.976s][info][gc,cpu         ] GC(798) User=1.35s Sys=0.00s Real=0.18s
....|[6260.417s][info][gc,start       ] GC(799) Pause Young (Normal) (G1 Evacuation Pause)
[6260.417s][info][gc,task        ] GC(799) Using 8 workers of 8 for evacuation
[6260.587s][info][gc,phases      ] GC(799)   Pre Evacuate Collection Set: 0.30ms
[6260.587s][info][gc,phases      ] GC(799)   Merge Heap Roots: 0.52ms
[6260.587s][info][gc,phases      ] GC(799)   Evacuate Collection Set: 167.62ms
[6260.587s][info][gc,phases      ] GC(799)   Post Evacuate Collection Set: 1.31ms
[6260.587s][info][gc,phases      ] GC(799)   Other: 0.07ms
[6260.587s][info][gc,heap        ] GC(799) Eden regions: 715->0(716)
[6260.587s][info][gc,heap        ] GC(799) Survivor regions: 53->52(96)
[6260.587s][info][gc,heap        ] GC(799) Old regions: 147->149
[6260.587s][info][gc,heap        ] GC(799) Humongous regions: 33->33
[6260.587s][info][gc,metaspace   ] GC(799) Metaspace: 30077K(30528K)->30077K(30528K) NonClass: 24663K(24896K)->24663K(24896K) Class: 5413K(5632K)->5413K(5632K)
[6260.587s][info][gc             ] GC(799) Pause Young (Normal) (G1 Evacuation Pause) 7546M->1843M(10240M) 169.944ms
[6260.587s][info][gc,cpu         ] GC(799) User=1.33s Sys=0.00s Real=0.17s
.....[6265.076s][info][gc,start       ] GC(800) Pause Young (Normal) (G1 Evacuation Pause)
[6265.076s][info][gc,task        ] GC(800) Using 8 workers of 8 for evacuation
[6265.245s][info][gc,phases      ] GC(800)   Pre Evacuate Collection Set: 0.30ms
[6265.245s][info][gc,phases      ] GC(800)   Merge Heap Roots: 0.53ms
[6265.245s][info][gc,phases      ] GC(800)   Evacuate Collection Set: 167.19ms
[6265.245s][info][gc,phases      ] GC(800)   Post Evacuate Collection Set: 1.30ms
[6265.245s][info][gc,phases      ] GC(800)   Other: 0.07ms
[6265.245s][info][gc,heap        ] GC(800) Eden regions: 716->0(716)
[6265.245s][info][gc,heap        ] GC(800) Survivor regions: 52->52(96)
[6265.245s][info][gc,heap        ] GC(800) Old regions: 149->152
[6265.245s][info][gc,heap        ] GC(800) Humongous regions: 33->33
[6265.245s][info][gc,metaspace   ] GC(800) Metaspace: 30077K(30528K)->30077K(30528K) NonClass: 24663K(24896K)->24663K(24896K) Class: 5413K(5632K)->5413K(5632K)
[6265.245s][info][gc             ] GC(800) Pause Young (Normal) (G1 Evacuation Pause) 7571M->1866M(10240M) 169.521ms
[6265.245s][info][gc,cpu         ] GC(800) User=1.34s Sys=0.00s Real=0.16s
....[6269.753s][info][gc,start       ] GC(801) Pause Young (Normal) (G1 Evacuation Pause)
[6269.753s][info][gc,task        ] GC(801) Using 8 workers of 8 for evacuation
[6269.922s][info][gc,phases      ] GC(801)   Pre Evacuate Collection Set: 0.31ms
[6269.922s][info][gc,phases      ] GC(801)   Merge Heap Roots: 0.61ms
[6269.922s][info][gc,phases      ] GC(801)   Evacuate Collection Set: 166.82ms
[6269.922s][info][gc,phases      ] GC(801)   Post Evacuate Collection Set: 1.25ms
[6269.922s][info][gc,phases      ] GC(801)   Other: 0.08ms
[6269.922s][info][gc,heap        ] GC(801) Eden regions: 716->0(717)
[6269.922s][info][gc,heap        ] GC(801) Survivor regions: 52->51(96)
[6269.922s][info][gc,heap        ] GC(801) Old regions: 152->155
[6269.922s][info][gc,heap        ] GC(801) Humongous regions: 33->33
[6269.922s][info][gc,metaspace   ] GC(801) Metaspace: 30077K(30528K)->30077K(30528K) NonClass: 24663K(24896K)->24663K(24896K) Class: 5413K(5632K)->5413K(5632K)
[6269.922s][info][gc             ] GC(801) Pause Young (Normal) (G1 Evacuation Pause) 7594M->1880M(10240M) 169.229ms
[6269.922s][info][gc,cpu         ] GC(801) User=1.34s Sys=0.00s Real=0.17s
.....[6274.439s][info][gc,start       ] GC(802) Pause Young (Normal) (G1 Evacuation Pause)
[6274.439s][info][gc,task        ] GC(802) Using 8 workers of 8 for evacuation
[6274.610s][info][gc,phases      ] GC(802)   Pre Evacuate Collection Set: 0.32ms
[6274.610s][info][gc,phases      ] GC(802)   Merge Heap Roots: 0.62ms
[6274.610s][info][gc,phases      ] GC(802)   Evacuate Collection Set: 168.09ms
[6274.610s][info][gc,phases      ] GC(802)   Post Evacuate Collection Set: 1.27ms
[6274.610s][info][gc,phases      ] GC(802)   Other: 0.07ms
[6274.610s][info][gc,heap        ] GC(802) Eden regions: 717->0(714)
[6274.610s][info][gc,heap        ] GC(802) Survivor regions: 51->54(96)
[6274.610s][info][gc,heap        ] GC(802) Old regions: 155->158
[6274.610s][info][gc,heap        ] GC(802) Humongous regions: 33->33
[6274.610s][info][gc,metaspace   ] GC(802) Metaspace: 30077K(30528K)->30077K(30528K) NonClass: 24663K(24896K)->24663K(24896K) Class: 5413K(5632K)->5413K(5632K)
[6274.610s][info][gc             ] GC(802) Pause Young (Normal) (G1 Evacuation Pause) 7616M->1921M(10240M) 170.514ms
[6274.610s][info][gc,cpu         ] GC(802) User=1.34s Sys=0.00s Real=0.17s
.....[6279.092s][info][gc,start       ] GC(803) Pause Young (Normal) (G1 Evacuation Pause)
[6279.092s][info][gc,task        ] GC(803) Using 8 workers of 8 for evacuation
[6279.260s][info][gc,phases      ] GC(803)   Pre Evacuate Collection Set: 0.32ms
[6279.260s][info][gc,phases      ] GC(803)   Merge Heap Roots: 0.54ms
[6279.260s][info][gc,phases      ] GC(803)   Evacuate Collection Set: 165.94ms
[6279.260s][info][gc,phases      ] GC(803)   Post Evacuate Collection Set: 1.34ms
[6279.260s][info][gc,phases      ] GC(803)   Other: 0.06ms
[6279.260s][info][gc,heap        ] GC(803) Eden regions: 714->0(716)
[6279.260s][info][gc,heap        ] GC(803) Survivor regions: 54->52(96)
[6279.260s][info][gc,heap        ] GC(803) Old regions: 158->160
[6279.260s][info][gc,heap        ] GC(803) Humongous regions: 33->33
[6279.260s][info][gc,metaspace   ] GC(803) Metaspace: 30077K(30528K)->30077K(30528K) NonClass: 24663K(24896K)->24663K(24896K) Class: 5413K(5632K)->5413K(5632K)
[6279.260s][info][gc             ] GC(803) Pause Young (Normal) (G1 Evacuation Pause) 7633M->1927M(10240M) 168.331ms
[6279.260s][info][gc,cpu         ] GC(803) User=1.33s Sys=0.00s Real=0.17s
....[6283.826s][info][gc,start       ] GC(804) Pause Young (Normal) (G1 Evacuation Pause)
[6283.826s][info][gc,task        ] GC(804) Using 8 workers of 8 for evacuation
[6283.995s][info][gc,phases      ] GC(804)   Pre Evacuate Collection Set: 0.31ms
[6283.995s][info][gc,phases      ] GC(804)   Merge Heap Roots: 0.55ms
[6283.995s][info][gc,phases      ] GC(804)   Evacuate Collection Set: 166.93ms
[6283.995s][info][gc,phases      ] GC(804)   Post Evacuate Collection Set: 1.33ms
[6283.995s][info][gc,phases      ] GC(804)   Other: 0.06ms
[6283.995s][info][gc,heap        ] GC(804) Eden regions: 716->0(716)
[6283.995s][info][gc,heap        ] GC(804) Survivor regions: 52->52(96)
[6283.995s][info][gc,heap        ] GC(804) Old regions: 160->163
[6283.995s][info][gc,heap        ] GC(804) Humongous regions: 33->33
[6283.995s][info][gc,metaspace   ] GC(804) Metaspace: 30077K(30528K)->30077K(30528K) NonClass: 24663K(24896K)->24663K(24896K) Class: 5413K(5632K)->5413K(5632K)
[6283.995s][info][gc             ] GC(804) Pause Young (Normal) (G1 Evacuation Pause) 7655M->1950M(10240M) 169.328ms
[6283.995s][info][gc,cpu         ] GC(804) User=1.33s Sys=0.00s Real=0.17s
.....[6288.480s][info][gc,start       ] GC(805) Pause Young (Normal) (G1 Evacuation Pause)
[6288.480s][info][gc,task        ] GC(805) Using 8 workers of 8 for evacuation
[6288.650s][info][gc,phases      ] GC(805)   Pre Evacuate Collection Set: 0.32ms
[6288.650s][info][gc,phases      ] GC(805)   Merge Heap Roots: 0.55ms
[6288.650s][info][gc,phases      ] GC(805)   Evacuate Collection Set: 168.36ms
[6288.650s][info][gc,phases      ] GC(805)   Post Evacuate Collection Set: 1.28ms
[6288.650s][info][gc,phases      ] GC(805)   Other: 0.06ms
[6288.651s][info][gc,heap        ] GC(805) Eden regions: 716->0(715)
[6288.651s][info][gc,heap        ] GC(805) Survivor regions: 52->53(96)
[6288.651s][info][gc,heap        ] GC(805) Old regions: 163->166
[6288.651s][info][gc,heap        ] GC(805) Humongous regions: 33->33
[6288.651s][info][gc,metaspace   ] GC(805) Metaspace: 30077K(30528K)->30077K(30528K) NonClass: 24663K(24896K)->24663K(24896K) Class: 5413K(5632K)->5413K(5632K)
[6288.651s][info][gc             ] GC(805) Pause Young (Normal) (G1 Evacuation Pause) 7678M->1981M(10240M) 170.702ms
[6288.651s][info][gc,cpu         ] GC(805) User=1.34s Sys=0.00s Real=0.17s
.....[6293.099s][info][gc,start       ] GC(806) Pause Young (Normal) (G1 Evacuation Pause)
[6293.099s][info][gc,task        ] GC(806) Using 8 workers of 8 for evacuation
[6293.273s][info][gc,phases      ] GC(806)   Pre Evacuate Collection Set: 0.31ms
[6293.273s][info][gc,phases      ] GC(806)   Merge Heap Roots: 0.56ms
[6293.273s][info][gc,phases      ] GC(806)   Evacuate Collection Set: 172.32ms
[6293.273s][info][gc,phases      ] GC(806)   Post Evacuate Collection Set: 1.27ms
[6293.273s][info][gc,phases      ] GC(806)   Other: 0.07ms
[6293.273s][info][gc,heap        ] GC(806) Eden regions: 715->0(715)
[6293.273s][info][gc,heap        ] GC(806) Survivor regions: 53->53(96)
[6293.274s][info][gc,heap        ] GC(806) Old regions: 166->169
[6293.274s][info][gc,heap        ] GC(806) Humongous regions: 33->33
[6293.274s][info][gc,metaspace   ] GC(806) Metaspace: 30077K(30528K)->30077K(30528K) NonClass: 24663K(24896K)->24663K(24896K) Class: 5413K(5632K)->5413K(5632K)
[6293.274s][info][gc             ] GC(806) Pause Young (Normal) (G1 Evacuation Pause) 7701M->2006M(10240M) 174.649ms
[6293.274s][info][gc,cpu         ] GC(806) User=1.37s Sys=0.00s Real=0.17s
....[6297.711s][info][gc,start       ] GC(807) Pause Young (Normal) (G1 Evacuation Pause)
[6297.711s][info][gc,task        ] GC(807) Using 8 workers of 8 for evacuation
[6297.886s][info][gc,phases      ] GC(807)   Pre Evacuate Collection Set: 0.29ms
[6297.886s][info][gc,phases      ] GC(807)   Merge Heap Roots: 0.52ms
[6297.886s][info][gc,phases      ] GC(807)   Evacuate Collection Set: 173.31ms
[6297.886s][info][gc,phases      ] GC(807)   Post Evacuate Collection Set: 1.29ms
[6297.886s][info][gc,phases      ] GC(807)   Other: 0.08ms
[6297.886s][info][gc,heap        ] GC(807) Eden regions: 715->0(715)
[6297.886s][info][gc,heap        ] GC(807) Survivor regions: 53->53(96)
[6297.886s][info][gc,heap        ] GC(807) Old regions: 169->172
[6297.886s][info][gc,heap        ] GC(807) Humongous regions: 33->33
[6297.886s][info][gc,metaspace   ] GC(807) Metaspace: 30077K(30528K)->30077K(30528K) NonClass: 24663K(24896K)->24663K(24896K) Class: 5413K(5632K)->5413K(5632K)
[6297.886s][info][gc             ] GC(807) Pause Young (Normal) (G1 Evacuation Pause) 7726M->2024M(10240M) 175.631ms
[6297.886s][info][gc,cpu         ] GC(807) User=1.38s Sys=0.00s Real=0.18s
.....[6302.423s][info][gc,start       ] GC(808) Pause Young (Normal) (G1 Evacuation Pause)
[6302.423s][info][gc,task        ] GC(808) Using 8 workers of 8 for evacuation
[6302.599s][info][gc,phases      ] GC(808)   Pre Evacuate Collection Set: 0.27ms
[6302.599s][info][gc,phases      ] GC(808)   Merge Heap Roots: 0.55ms
[6302.599s][info][gc,phases      ] GC(808)   Evacuate Collection Set: 173.29ms
[6302.599s][info][gc,phases      ] GC(808)   Post Evacuate Collection Set: 1.26ms
[6302.599s][info][gc,phases      ] GC(808)   Other: 0.08ms
[6302.599s][info][gc,heap        ] GC(808) Eden regions: 715->0(715)
[6302.599s][info][gc,heap        ] GC(808) Survivor regions: 53->53(96)
[6302.599s][info][gc,heap        ] GC(808) Old regions: 172->174
[6302.599s][info][gc,heap        ] GC(808) Humongous regions: 33->33
[6302.599s][info][gc,metaspace   ] GC(808) Metaspace: 30077K(30528K)->30077K(30528K) NonClass: 24663K(24896K)->24663K(24896K) Class: 5413K(5632K)->5413K(5632K)
[6302.599s][info][gc             ] GC(808) Pause Young (Normal) (G1 Evacuation Pause) 7744M->2050M(10240M) 175.603ms
[6302.599s][info][gc,cpu         ] GC(808) User=1.38s Sys=0.00s Real=0.18s
.....[6307.161s][info][gc,start       ] GC(809) Pause Young (Normal) (G1 Evacuation Pause)
[6307.161s][info][gc,task        ] GC(809) Using 8 workers of 8 for evacuation
[6307.335s][info][gc,phases      ] GC(809)   Pre Evacuate Collection Set: 0.29ms
[6307.335s][info][gc,phases      ] GC(809)   Merge Heap Roots: 0.56ms
[6307.335s][info][gc,phases      ] GC(809)   Evacuate Collection Set: 170.91ms
[6307.335s][info][gc,phases      ] GC(809)   Post Evacuate Collection Set: 1.29ms
[6307.335s][info][gc,phases      ] GC(809)   Other: 0.06ms
[6307.335s][info][gc,heap        ] GC(809) Eden regions: 715->0(715)
[6307.335s][info][gc,heap        ] GC(809) Survivor regions: 53->53(96)
[6307.335s][info][gc,heap        ] GC(809) Old regions: 174->177
[6307.335s][info][gc,heap        ] GC(809) Humongous regions: 33->33
[6307.335s][info][gc,metaspace   ] GC(809) Metaspace: 30077K(30528K)->30077K(30528K) NonClass: 24663K(24896K)->24663K(24896K) Class: 5413K(5632K)->5413K(5632K)
[6307.335s][info][gc             ] GC(809) Pause Young (Normal) (G1 Evacuation Pause) 7770M->2073M(10240M) 173.247ms
[6307.335s][info][gc,cpu         ] GC(809) User=1.37s Sys=0.00s Real=0.17s
....[6311.892s][info][gc,start       ] GC(810) Pause Young (Normal) (G1 Evacuation Pause)
[6311.892s][info][gc,task        ] GC(810) Using 8 workers of 8 for evacuation
[6312.064s][info][gc,phases      ] GC(810)   Pre Evacuate Collection Set: 0.27ms
[6312.064s][info][gc,phases      ] GC(810)   Merge Heap Roots: 0.56ms
[6312.064s][info][gc,phases      ] GC(810)   Evacuate Collection Set: 170.04ms
[6312.064s][info][gc,phases      ] GC(810)   Post Evacuate Collection Set: 1.22ms
[6312.064s][info][gc,phases      ] GC(810)   Other: 0.06ms
[6312.064s][info][gc,heap        ] GC(810) Eden regions: 715->0(715)
[6312.064s][info][gc,heap        ] GC(810) Survivor regions: 53->53(96)
[6312.064s][info][gc,heap        ] GC(810) Old regions: 177->180
[6312.064s][info][gc,heap        ] GC(810) Humongous regions: 33->33
[6312.064s][info][gc,metaspace   ] GC(810) Metaspace: 30077K(30528K)->30077K(30528K) NonClass: 24663K(24896K)->24663K(24896K) Class: 5413K(5632K)->5413K(5632K)
[6312.064s][info][gc             ] GC(810) Pause Young (Normal) (G1 Evacuation Pause) 7793M->2096M(10240M) 172.288ms
[6312.064s][info][gc,cpu         ] GC(810) User=1.35s Sys=0.01s Real=0.17s
.....[6316.541s][info][gc,start       ] GC(811) Pause Young (Normal) (G1 Evacuation Pause)
[6316.542s][info][gc,task        ] GC(811) Using 8 workers of 8 for evacuation
[6316.719s][info][gc,phases      ] GC(811)   Pre Evacuate Collection Set: 0.31ms
[6316.719s][info][gc,phases      ] GC(811)   Merge Heap Roots: 0.55ms
[6316.719s][info][gc,phases      ] GC(811)   Evacuate Collection Set: 175.63ms
[6316.719s][info][gc,phases      ] GC(811)   Post Evacuate Collection Set: 1.29ms
[6316.719s][info][gc,phases      ] GC(811)   Other: 0.07ms
[6316.719s][info][gc,heap        ] GC(811) Eden regions: 715->0(713)
[6316.719s][info][gc,heap        ] GC(811) Survivor regions: 53->55(96)
[6316.719s][info][gc,heap        ] GC(811) Old regions: 180->183
[6316.719s][info][gc,heap        ] GC(811) Humongous regions: 33->33
[6316.719s][info][gc,metaspace   ] GC(811) Metaspace: 30077K(30528K)->30077K(30528K) NonClass: 24663K(24896K)->24663K(24896K) Class: 5413K(5632K)->5413K(5632K)
[6316.719s][info][gc             ] GC(811) Pause Young (Normal) (G1 Evacuation Pause) 7816M->2129M(10240M) 178.006ms
[6316.720s][info][gc,cpu         ] GC(811) User=1.40s Sys=0.00s Real=0.18s
.... (rIR:aIR:PR = 10378:10290:10292) (tPR = 152117) [OK] 
  6319s: Performance info:
         Transaction,    Success,    Partial,     Failed,   Receipts, AvgBarcode, 
             Overall,     620396,          0,          0,     589179,      59.48, 
         Response times:
             Request,    Success,    Partial,     Failed,   SkipFail,     Probes,    Samples,      min,      p50,      p90,      p95,      p99,      max, 
       TotalPurchase,     589173,          0,          0,          0,     359128,     425065,      300,     8000,    42000,    80000,   132000,   740000,
     InStorePurchase,     310131,          0,          0,          0,     188102,     222714,      300,     8000,    42000,    80000,   132000,   740000,
      OnlinePurchase,     215752,          0,          0,          0,     132590,     156675,      300,     7900,    42000,    79000,   131000,   740000,
        InstPurchase,      63290,          0,          0,          0,      38436,      45676,      400,     8400,    42000,    79000,   133000,   740000,
          AssocOfCat,        623,          0,          0,          0,        528,        720,    30000,    60000,   102000,   148000,   214540,   243000,
      AssocOfProduct,       6142,          0,          0,          0,       3535,       4326,      500,     8400,    43000,    73000,   129000,   420000,
      BusinessReport,       1560,          0,          0,          0,       1376,       1783,    35000,    69000,   121600,   163800,   232000,   291000,
          CustBuyBeh,       6180,          0,          0,          0,       3620,       4539,      300,     7200,    43000,    83000,   135600,   740000,
       ProductReturn,      16649,          0,          0,          0,       9962,      12034,      200,     8100,    40000,    73000,   127000,   680000,

  6319s: (76%)   IR =  10516 .[6321.286s][info][gc,start       ] GC(812) Pause Young (Normal) (G1 Evacuation Pause)
[6321.286s][info][gc,task        ] GC(812) Using 8 workers of 8 for evacuation
[6321.463s][info][gc,phases      ] GC(812)   Pre Evacuate Collection Set: 0.27ms
[6321.463s][info][gc,phases      ] GC(812)   Merge Heap Roots: 0.55ms
[6321.463s][info][gc,phases      ] GC(812)   Evacuate Collection Set: 174.67ms
[6321.463s][info][gc,phases      ] GC(812)   Post Evacuate Collection Set: 1.28ms
[6321.463s][info][gc,phases      ] GC(812)   Other: 0.08ms
[6321.463s][info][gc,heap        ] GC(812) Eden regions: 713->0(714)
[6321.463s][info][gc,heap        ] GC(812) Survivor regions: 55->54(96)
[6321.463s][info][gc,heap        ] GC(812) Old regions: 183->185
[6321.463s][info][gc,heap        ] GC(812) Humongous regions: 33->33
[6321.463s][info][gc,metaspace   ] GC(812) Metaspace: 30077K(30528K)->30077K(30528K) NonClass: 24663K(24896K)->24663K(24896K) Class: 5413K(5632K)->5413K(5632K)
[6321.463s][info][gc             ] GC(812) Pause Young (Normal) (G1 Evacuation Pause) 7833M->2147M(10240M) 176.984ms
[6321.463s][info][gc,cpu         ] GC(812) User=1.39s Sys=0.00s Real=0.17s
....[6325.843s][info][gc,start       ] GC(813) Pause Young (Normal) (G1 Evacuation Pause)
[6325.843s][info][gc,task        ] GC(813) Using 8 workers of 8 for evacuation
[6326.014s][info][gc,phases      ] GC(813)   Pre Evacuate Collection Set: 0.30ms
[6326.014s][info][gc,phases      ] GC(813)   Merge Heap Roots: 0.57ms
[6326.014s][info][gc,phases      ] GC(813)   Evacuate Collection Set: 168.52ms
[6326.014s][info][gc,phases      ] GC(813)   Post Evacuate Collection Set: 1.28ms
[6326.014s][info][gc,phases      ] GC(813)   Other: 0.07ms
[6326.014s][info][gc,heap        ] GC(813) Eden regions: 714->0(715)
[6326.014s][info][gc,heap        ] GC(813) Survivor regions: 54->53(96)
[6326.014s][info][gc,heap        ] GC(813) Old regions: 185->188
[6326.014s][info][gc,heap        ] GC(813) Humongous regions: 33->33
[6326.014s][info][gc,metaspace   ] GC(813) Metaspace: 30077K(30528K)->30077K(30528K) NonClass: 24663K(24896K)->24663K(24896K) Class: 5413K(5632K)->5413K(5632K)
[6326.014s][info][gc             ] GC(813) Pause Young (Normal) (G1 Evacuation Pause) 7859M->2157M(10240M) 170.891ms
[6326.014s][info][gc,cpu         ] GC(813) User=1.35s Sys=0.00s Real=0.17s
.....[6330.413s][info][gc,start       ] GC(814) Pause Young (Normal) (G1 Evacuation Pause)
[6330.413s][info][gc,task        ] GC(814) Using 8 workers of 8 for evacuation
[6330.584s][info][gc,phases      ] GC(814)   Pre Evacuate Collection Set: 0.29ms
[6330.584s][info][gc,phases      ] GC(814)   Merge Heap Roots: 0.54ms
[6330.584s][info][gc,phases      ] GC(814)   Evacuate Collection Set: 169.28ms
[6330.584s][info][gc,phases      ] GC(814)   Post Evacuate Collection Set: 1.36ms
[6330.584s][info][gc,phases      ] GC(814)   Other: 0.07ms
[6330.584s][info][gc,heap        ] GC(814) Eden regions: 715->0(715)
[6330.584s][info][gc,heap        ] GC(814) Survivor regions: 53->53(96)
[6330.584s][info][gc,heap        ] GC(814) Old regions: 188->191
[6330.584s][info][gc,heap        ] GC(814) Humongous regions: 33->33
[6330.584s][info][gc,metaspace   ] GC(814) Metaspace: 30077K(30528K)->30077K(30528K) NonClass: 24663K(24896K)->24663K(24896K) Class: 5413K(5632K)->5413K(5632K)
[6330.584s][info][gc             ] GC(814) Pause Young (Normal) (G1 Evacuation Pause) 7877M->2183M(10240M) 171.679ms
[6330.584s][info][gc,cpu         ] GC(814) User=1.36s Sys=0.00s Real=0.17s
...|.[6335.080s][info][gc,start       ] GC(815) Pause Young (Normal) (G1 Evacuation Pause)
[6335.081s][info][gc,task        ] GC(815) Using 8 workers of 8 for evacuation
[6335.252s][info][gc,phases      ] GC(815)   Pre Evacuate Collection Set: 0.29ms
[6335.252s][info][gc,phases      ] GC(815)   Merge Heap Roots: 0.59ms
[6335.252s][info][gc,phases      ] GC(815)   Evacuate Collection Set: 169.58ms
[6335.252s][info][gc,phases      ] GC(815)   Post Evacuate Collection Set: 1.30ms
[6335.252s][info][gc,phases      ] GC(815)   Other: 0.07ms
[6335.252s][info][gc,heap        ] GC(815) Eden regions: 715->0(715)
[6335.252s][info][gc,heap        ] GC(815) Survivor regions: 53->53(96)
[6335.252s][info][gc,heap        ] GC(815) Old regions: 191->194
[6335.252s][info][gc,heap        ] GC(815) Humongous regions: 33->33
[6335.252s][info][gc,metaspace   ] GC(815) Metaspace: 30077K(30528K)->30077K(30528K) NonClass: 24663K(24896K)->24663K(24896K) Class: 5413K(5632K)->5413K(5632K)
[6335.252s][info][gc             ] GC(815) Pause Young (Normal) (G1 Evacuation Pause) 7903M->2205M(10240M) 171.976ms
[6335.253s][info][gc,cpu         ] GC(815) User=1.35s Sys=0.00s Real=0.17s
.....[6339.755s][info][gc,start       ] GC(816) Pause Young (Normal) (G1 Evacuation Pause)
[6339.755s][info][gc,task        ] GC(816) Using 8 workers of 8 for evacuation
[6339.923s][info][gc,phases      ] GC(816)   Pre Evacuate Collection Set: 0.29ms
[6339.923s][info][gc,phases      ] GC(816)   Merge Heap Roots: 0.56ms
[6339.923s][info][gc,phases      ] GC(816)   Evacuate Collection Set: 166.13ms
[6339.923s][info][gc,phases      ] GC(816)   Post Evacuate Collection Set: 1.27ms
[6339.923s][info][gc,phases      ] GC(816)   Other: 0.07ms
[6339.923s][info][gc,heap        ] GC(816) Eden regions: 715->0(716)
[6339.923s][info][gc,heap        ] GC(816) Survivor regions: 53->52(96)
[6339.923s][info][gc,heap        ] GC(816) Old regions: 194->196
[6339.923s][info][gc,heap        ] GC(816) Humongous regions: 33->33
[6339.923s][info][gc,metaspace   ] GC(816) Metaspace: 30077K(30528K)->30077K(30528K) NonClass: 24663K(24896K)->24663K(24896K) Class: 5413K(5632K)->5413K(5632K)
[6339.923s][info][gc             ] GC(816) Pause Young (Normal) (G1 Evacuation Pause) 7925M->2219M(10240M) 168.470ms
[6339.923s][info][gc,cpu         ] GC(816) User=1.32s Sys=0.00s Real=0.17s
.....[6344.314s][info][gc,start       ] GC(817) Pause Young (Normal) (G1 Evacuation Pause)
[6344.314s][info][gc,task        ] GC(817) Using 8 workers of 8 for evacuation
[6344.493s][info][gc,phases      ] GC(817)   Pre Evacuate Collection Set: 0.30ms
[6344.493s][info][gc,phases      ] GC(817)   Merge Heap Roots: 0.55ms
[6344.493s][info][gc,phases      ] GC(817)   Evacuate Collection Set: 176.71ms
[6344.493s][info][gc,phases      ] GC(817)   Post Evacuate Collection Set: 1.32ms
[6344.493s][info][gc,phases      ] GC(817)   Other: 0.07ms
[6344.493s][info][gc,heap        ] GC(817) Eden regions: 716->0(714)
[6344.493s][info][gc,heap        ] GC(817) Survivor regions: 52->54(96)
[6344.493s][info][gc,heap        ] GC(817) Old regions: 196->199
[6344.493s][info][gc,heap        ] GC(817) Humongous regions: 33->33
[6344.493s][info][gc,metaspace   ] GC(817) Metaspace: 30077K(30528K)->30077K(30528K) NonClass: 24663K(24896K)->24663K(24896K) Class: 5413K(5632K)->5413K(5632K)
[6344.493s][info][gc             ] GC(817) Pause Young (Normal) (G1 Evacuation Pause) 7947M->2254M(10240M) 179.094ms
[6344.493s][info][gc,cpu         ] GC(817) User=1.41s Sys=0.00s Real=0.18s
....[6348.834s][info][gc,start       ] GC(818) Pause Young (Normal) (G1 Evacuation Pause)
[6348.834s][info][gc,task        ] GC(818) Using 8 workers of 8 for evacuation
[6349.002s][info][gc,phases      ] GC(818)   Pre Evacuate Collection Set: 0.32ms
[6349.002s][info][gc,phases      ] GC(818)   Merge Heap Roots: 0.54ms
[6349.002s][info][gc,phases      ] GC(818)   Evacuate Collection Set: 165.66ms
[6349.002s][info][gc,phases      ] GC(818)   Post Evacuate Collection Set: 1.25ms
[6349.002s][info][gc,phases      ] GC(818)   Other: 0.06ms
[6349.002s][info][gc,heap        ] GC(818) Eden regions: 714->0(716)
[6349.002s][info][gc,heap        ] GC(818) Survivor regions: 54->52(96)
[6349.002s][info][gc,heap        ] GC(818) Old regions: 199->202
[6349.002s][info][gc,heap        ] GC(818) Humongous regions: 33->33
[6349.002s][info][gc,metaspace   ] GC(818) Metaspace: 30077K(30528K)->30077K(30528K) NonClass: 24663K(24896K)->24663K(24896K) Class: 5413K(5632K)->5413K(5632K)
[6349.002s][info][gc             ] GC(818) Pause Young (Normal) (G1 Evacuation Pause) 7966M->2265M(10240M) 167.970ms
[6349.002s][info][gc,cpu         ] GC(818) User=1.32s Sys=0.00s Real=0.17s
.....[6353.360s][info][gc,start       ] GC(819) Pause Young (Normal) (G1 Evacuation Pause)
[6353.360s][info][gc,task        ] GC(819) Using 8 workers of 8 for evacuation
[6353.531s][info][gc,phases      ] GC(819)   Pre Evacuate Collection Set: 0.30ms
[6353.531s][info][gc,phases      ] GC(819)   Merge Heap Roots: 0.54ms
[6353.531s][info][gc,phases      ] GC(819)   Evacuate Collection Set: 169.19ms
[6353.531s][info][gc,phases      ] GC(819)   Post Evacuate Collection Set: 1.29ms
[6353.531s][info][gc,phases      ] GC(819)   Other: 0.06ms
[6353.531s][info][gc,heap        ] GC(819) Eden regions: 716->0(714)
[6353.531s][info][gc,heap        ] GC(819) Survivor regions: 52->54(96)
[6353.531s][info][gc,heap        ] GC(819) Old regions: 202->205
[6353.531s][info][gc,heap        ] GC(819) Humongous regions: 33->33
[6353.531s][info][gc,metaspace   ] GC(819) Metaspace: 30077K(30528K)->30077K(30528K) NonClass: 24663K(24896K)->24663K(24896K) Class: 5413K(5632K)->5413K(5632K)
[6353.531s][info][gc             ] GC(819) Pause Young (Normal) (G1 Evacuation Pause) 7993M->2298M(10240M) 171.511ms
[6353.532s][info][gc,cpu         ] GC(819) User=1.35s Sys=0.00s Real=0.17s
....[6358.012s][info][gc,start       ] GC(820) Pause Young (Normal) (G1 Evacuation Pause)
[6358.012s][info][gc,task        ] GC(820) Using 8 workers of 8 for evacuation
[6358.190s][info][gc,phases      ] GC(820)   Pre Evacuate Collection Set: 0.26ms
[6358.190s][info][gc,phases      ] GC(820)   Merge Heap Roots: 0.56ms
[6358.190s][info][gc,phases      ] GC(820)   Evacuate Collection Set: 175.77ms
[6358.190s][info][gc,phases      ] GC(820)   Post Evacuate Collection Set: 1.25ms
[6358.190s][info][gc,phases      ] GC(820)   Other: 0.07ms
[6358.190s][info][gc,heap        ] GC(820) Eden regions: 714->0(714)
[6358.190s][info][gc,heap        ] GC(820) Survivor regions: 54->54(96)
[6358.190s][info][gc,heap        ] GC(820) Old regions: 205->208
[6358.190s][info][gc,heap        ] GC(820) Humongous regions: 33->33
[6358.190s][info][gc,metaspace   ] GC(820) Metaspace: 30077K(30528K)->30077K(30528K) NonClass: 24663K(24896K)->24663K(24896K) Class: 5413K(5632K)->5413K(5632K)
[6358.190s][info][gc             ] GC(820) Pause Young (Normal) (G1 Evacuation Pause) 8010M->2324M(10240M) 178.073ms
[6358.190s][info][gc,cpu         ] GC(820) User=1.41s Sys=0.00s Real=0.18s
.....[6362.492s][info][gc,start       ] GC(821) Pause Young (Normal) (G1 Evacuation Pause)
[6362.492s][info][gc,task        ] GC(821) Using 8 workers of 8 for evacuation
[6362.668s][info][gc,phases      ] GC(821)   Pre Evacuate Collection Set: 0.30ms
[6362.668s][info][gc,phases      ] GC(821)   Merge Heap Roots: 0.57ms
[6362.668s][info][gc,phases      ] GC(821)   Evacuate Collection Set: 173.81ms
[6362.668s][info][gc,phases      ] GC(821)   Post Evacuate Collection Set: 1.28ms
[6362.668s][info][gc,phases      ] GC(821)   Other: 0.08ms
[6362.668s][info][gc,heap        ] GC(821) Eden regions: 714->0(714)
[6362.668s][info][gc,heap        ] GC(821) Survivor regions: 54->54(96)
[6362.668s][info][gc,heap        ] GC(821) Old regions: 208->210
[6362.668s][info][gc,heap        ] GC(821) Humongous regions: 33->33
[6362.668s][info][gc,metaspace   ] GC(821) Metaspace: 30077K(30528K)->30077K(30528K) NonClass: 24663K(24896K)->24663K(24896K) Class: 5413K(5632K)->5413K(5632K)
[6362.669s][info][gc             ] GC(821) Pause Young (Normal) (G1 Evacuation Pause) 8036M->2341M(10240M) 176.167ms
[6362.669s][info][gc,cpu         ] GC(821) User=1.38s Sys=0.00s Real=0.18s
....[6367.143s][info][gc,start       ] GC(822) Pause Young (Normal) (G1 Evacuation Pause)
[6367.143s][info][gc,task        ] GC(822) Using 8 workers of 8 for evacuation
[6367.322s][info][gc,phases      ] GC(822)   Pre Evacuate Collection Set: 0.27ms
[6367.322s][info][gc,phases      ] GC(822)   Merge Heap Roots: 0.54ms
[6367.322s][info][gc,phases      ] GC(822)   Evacuate Collection Set: 176.97ms
[6367.322s][info][gc,phases      ] GC(822)   Post Evacuate Collection Set: 1.30ms
[6367.322s][info][gc,phases      ] GC(822)   Other: 0.07ms
[6367.322s][info][gc,heap        ] GC(822) Eden regions: 714->0(713)
[6367.322s][info][gc,heap        ] GC(822) Survivor regions: 54->55(96)
[6367.322s][info][gc,heap        ] GC(822) Old regions: 210->213
[6367.322s][info][gc,heap        ] GC(822) Humongous regions: 33->33
[6367.322s][info][gc,metaspace   ] GC(822) Metaspace: 30077K(30528K)->30077K(30528K) NonClass: 24663K(24896K)->24663K(24896K) Class: 5413K(5632K)->5413K(5632K)
[6367.322s][info][gc             ] GC(822) Pause Young (Normal) (G1 Evacuation Pause) 8053M->2370M(10240M) 179.290ms
[6367.322s][info][gc,cpu         ] GC(822) User=1.41s Sys=0.00s Real=0.18s
.....[6371.860s][info][gc,start       ] GC(823) Pause Young (Normal) (G1 Evacuation Pause)
[6371.860s][info][gc,task        ] GC(823) Using 8 workers of 8 for evacuation
[6372.028s][info][gc,phases      ] GC(823)   Pre Evacuate Collection Set: 0.31ms
[6372.028s][info][gc,phases      ] GC(823)   Merge Heap Roots: 0.61ms
[6372.028s][info][gc,phases      ] GC(823)   Evacuate Collection Set: 166.05ms
[6372.028s][info][gc,phases      ] GC(823)   Post Evacuate Collection Set: 1.26ms
[6372.028s][info][gc,phases      ] GC(823)   Other: 0.07ms
[6372.028s][info][gc,heap        ] GC(823) Eden regions: 713->0(716)
[6372.028s][info][gc,heap        ] GC(823) Survivor regions: 55->52(96)
[6372.028s][info][gc,heap        ] GC(823) Old regions: 213->215
[6372.028s][info][gc,heap        ] GC(823) Humongous regions: 33->33
[6372.028s][info][gc,metaspace   ] GC(823) Metaspace: 30077K(30528K)->30077K(30528K) NonClass: 24663K(24896K)->24663K(24896K) Class: 5413K(5632K)->5413K(5632K)
[6372.028s][info][gc             ] GC(823) Pause Young (Normal) (G1 Evacuation Pause) 8074M->2371M(10240M) 168.437ms
[6372.028s][info][gc,cpu         ] GC(823) User=1.33s Sys=0.00s Real=0.17s
.....[6376.488s][info][gc,start       ] GC(824) Pause Young (Normal) (G1 Evacuation Pause)
[6376.488s][info][gc,task        ] GC(824) Using 8 workers of 8 for evacuation
[6376.665s][info][gc,phases      ] GC(824)   Pre Evacuate Collection Set: 0.30ms
[6376.665s][info][gc,phases      ] GC(824)   Merge Heap Roots: 0.56ms
[6376.665s][info][gc,phases      ] GC(824)   Evacuate Collection Set: 174.81ms
[6376.665s][info][gc,phases      ] GC(824)   Post Evacuate Collection Set: 1.29ms
[6376.665s][info][gc,phases      ] GC(824)   Other: 0.07ms
[6376.665s][info][gc,heap        ] GC(824) Eden regions: 716->0(714)
[6376.665s][info][gc,heap        ] GC(824) Survivor regions: 52->54(96)
[6376.665s][info][gc,heap        ] GC(824) Old regions: 215->218
[6376.665s][info][gc,heap        ] GC(824) Humongous regions: 33->33
[6376.665s][info][gc,metaspace   ] GC(824) Metaspace: 30077K(30528K)->30077K(30528K) NonClass: 24663K(24896K)->24663K(24896K) Class: 5413K(5632K)->5413K(5632K)
[6376.665s][info][gc             ] GC(824) Pause Young (Normal) (G1 Evacuation Pause) 8099M->2406M(10240M) 177.172ms
[6376.665s][info][gc,cpu         ] GC(824) User=1.39s Sys=0.00s Real=0.17s
....[6381.023s][info][gc,start       ] GC(825) Pause Young (Normal) (G1 Evacuation Pause)
[6381.023s][info][gc,task        ] GC(825) Using 8 workers of 8 for evacuation
[6381.194s][info][gc,phases      ] GC(825)   Pre Evacuate Collection Set: 0.29ms
[6381.194s][info][gc,phases      ] GC(825)   Merge Heap Roots: 0.56ms
[6381.194s][info][gc,phases      ] GC(825)   Evacuate Collection Set: 169.41ms
[6381.194s][info][gc,phases      ] GC(825)   Post Evacuate Collection Set: 1.28ms
[6381.194s][info][gc,phases      ] GC(825)   Other: 0.07ms
[6381.194s][info][gc,heap        ] GC(825) Eden regions: 714->0(715)
[6381.195s][info][gc,heap        ] GC(825) Survivor regions: 54->53(96)
[6381.195s][info][gc,heap        ] GC(825) Old regions: 218->221
[6381.195s][info][gc,heap        ] GC(825) Humongous regions: 33->33
[6381.195s][info][gc,metaspace   ] GC(825) Metaspace: 30077K(30528K)->30077K(30528K) NonClass: 24663K(24896K)->24663K(24896K) Class: 5413K(5632K)->5413K(5632K)
[6381.195s][info][gc             ] GC(825) Pause Young (Normal) (G1 Evacuation Pause) 8118M->2420M(10240M) 171.743ms
[6381.195s][info][gc,cpu         ] GC(825) User=1.35s Sys=0.00s Real=0.17s
.....[6385.580s][info][gc,start       ] GC(826) Pause Young (Normal) (G1 Evacuation Pause)
[6385.580s][info][gc,task        ] GC(826) Using 8 workers of 8 for evacuation
[6385.752s][info][gc,phases      ] GC(826)   Pre Evacuate Collection Set: 0.30ms
[6385.752s][info][gc,phases      ] GC(826)   Merge Heap Roots: 0.54ms
[6385.752s][info][gc,phases      ] GC(826)   Evacuate Collection Set: 170.16ms
[6385.752s][info][gc,phases      ] GC(826)   Post Evacuate Collection Set: 1.27ms
[6385.752s][info][gc,phases      ] GC(826)   Other: 0.06ms
[6385.752s][info][gc,heap        ] GC(826) Eden regions: 715->0(715)
[6385.752s][info][gc,heap        ] GC(826) Survivor regions: 53->53(96)
[6385.752s][info][gc,heap        ] GC(826) Old regions: 221->224
[6385.752s][info][gc,heap        ] GC(826) Humongous regions: 33->33
[6385.752s][info][gc,metaspace   ] GC(826) Metaspace: 30077K(30528K)->30077K(30528K) NonClass: 24663K(24896K)->24663K(24896K) Class: 5413K(5632K)->5413K(5632K)
[6385.752s][info][gc             ] GC(826) Pause Young (Normal) (G1 Evacuation Pause) 8140M->2447M(10240M) 172.465ms
[6385.752s][info][gc,cpu         ] GC(826) User=1.36s Sys=0.00s Real=0.17s
....[6390.211s][info][gc,start       ] GC(827) Pause Young (Normal) (G1 Evacuation Pause)
[6390.211s][info][gc,task        ] GC(827) Using 8 workers of 8 for evacuation
[6390.380s][info][gc,phases      ] GC(827)   Pre Evacuate Collection Set: 0.34ms
[6390.380s][info][gc,phases      ] GC(827)   Merge Heap Roots: 0.59ms
[6390.380s][info][gc,phases      ] GC(827)   Evacuate Collection Set: 166.41ms
[6390.380s][info][gc,phases      ] GC(827)   Post Evacuate Collection Set: 1.29ms
[6390.380s][info][gc,phases      ] GC(827)   Other: 0.07ms
[6390.380s][info][gc,heap        ] GC(827) Eden regions: 715->0(715)
[6390.380s][info][gc,heap        ] GC(827) Survivor regions: 53->53(96)
[6390.380s][info][gc,heap        ] GC(827) Old regions: 224->227
[6390.380s][info][gc,heap        ] GC(827) Humongous regions: 33->33
[6390.380s][info][gc,metaspace   ] GC(827) Metaspace: 30077K(30528K)->30077K(30528K) NonClass: 24663K(24896K)->24663K(24896K) Class: 5413K(5632K)->5413K(5632K)
[6390.380s][info][gc             ] GC(827) Pause Young (Normal) (G1 Evacuation Pause) 8167M->2464M(10240M) 168.854ms
[6390.380s][info][gc,cpu         ] GC(827) User=1.32s Sys=0.00s Real=0.17s
.... (rIR:aIR:PR = 10516:10491:10489) (tPR = 154413) [OK] 
  6393s: Performance info:
         Transaction,    Success,    Partial,     Failed,   Receipts, AvgBarcode, 
             Overall,     631544,          0,          0,     599859,      59.47, 
         Response times:
             Request,    Success,    Partial,     Failed,   SkipFail,     Probes,    Samples,      min,      p50,      p90,      p95,      p99,      max, 
       TotalPurchase,     599939,          0,          0,          0,     357938,     442717,      300,     8600,    45000,    82000,   147000,   760000,
     InStorePurchase,     318953,          0,          0,          0,     189059,     233489,      300,     8500,    45000,    83000,   144000,   730000,
      OnlinePurchase,     217904,          0,          0,          0,     130997,     162002,      300,     8600,    45000,    81000,   150000,   760000,
        InstPurchase,      63082,          0,          0,          0,      37882,      47226,      500,     9000,    44000,    79000,   144000,   760000,
          AssocOfCat,        631,          0,          0,          0,        533,        753,    33000,    61000,   117000,   154200,   238300,   286000,
      AssocOfProduct,       6344,          0,          0,          0,       3657,       4754,     1000,     7400,    45000,    82000,   134900,   539000,
      BusinessReport,       1581,          0,          0,          0,       1427,       1927,    35000,    69000,   112000,   148000,   238720,   790000,
          CustBuyBeh,       6324,          0,          0,          0,       3618,       4707,      300,     8700,    43000,    80000,   137000,   539000,
       ProductReturn,      16874,          0,          0,          0,      10180,      12846,      200,     8200,    43000,    80000,   139530,   730000,

  6393s: (77%)   IR =  10654 .[6394.822s][info][gc,start       ] GC(828) Pause Young (Normal) (G1 Evacuation Pause)
[6394.822s][info][gc,task        ] GC(828) Using 8 workers of 8 for evacuation
[6395.000s][info][gc,phases      ] GC(828)   Pre Evacuate Collection Set: 0.28ms
[6395.000s][info][gc,phases      ] GC(828)   Merge Heap Roots: 0.54ms
[6395.000s][info][gc,phases      ] GC(828)   Evacuate Collection Set: 176.08ms
[6395.000s][info][gc,phases      ] GC(828)   Post Evacuate Collection Set: 1.31ms
[6395.000s][info][gc,phases      ] GC(828)   Other: 0.07ms
[6395.000s][info][gc,heap        ] GC(828) Eden regions: 715->0(713)
[6395.000s][info][gc,heap        ] GC(828) Survivor regions: 53->55(96)
[6395.000s][info][gc,heap        ] GC(828) Old regions: 227->229
[6395.000s][info][gc,heap        ] GC(828) Humongous regions: 33->33
[6395.000s][info][gc,metaspace   ] GC(828) Metaspace: 30077K(30528K)->30077K(30528K) NonClass: 24663K(24896K)->24663K(24896K) Class: 5413K(5632K)->5413K(5632K)
[6395.000s][info][gc             ] GC(828) Pause Young (Normal) (G1 Evacuation Pause) 8184M->2503M(10240M) 178.412ms
[6395.000s][info][gc,cpu         ] GC(828) User=1.41s Sys=0.00s Real=0.18s
....[6399.423s][info][gc,start       ] GC(829) Pause Young (Normal) (G1 Evacuation Pause)
[6399.423s][info][gc,task        ] GC(829) Using 8 workers of 8 for evacuation
[6399.598s][info][gc,phases      ] GC(829)   Pre Evacuate Collection Set: 0.30ms
[6399.598s][info][gc,phases      ] GC(829)   Merge Heap Roots: 0.55ms
[6399.598s][info][gc,phases      ] GC(829)   Evacuate Collection Set: 172.81ms
[6399.598s][info][gc,phases      ] GC(829)   Post Evacuate Collection Set: 1.31ms
[6399.598s][info][gc,phases      ] GC(829)   Other: 0.06ms
[6399.598s][info][gc,heap        ] GC(829) Eden regions: 713->0(714)
[6399.598s][info][gc,heap        ] GC(829) Survivor regions: 55->54(96)
[6399.598s][info][gc,heap        ] GC(829) Old regions: 229->232
[6399.598s][info][gc,heap        ] GC(829) Humongous regions: 33->33
[6399.598s][info][gc,metaspace   ] GC(829) Metaspace: 30077K(30528K)->30077K(30528K) NonClass: 24663K(24896K)->24663K(24896K) Class: 5413K(5632K)->5413K(5632K)
[6399.598s][info][gc             ] GC(829) Pause Young (Normal) (G1 Evacuation Pause) 8207M->2517M(10240M) 175.206ms
[6399.598s][info][gc,cpu         ] GC(829) User=1.38s Sys=0.00s Real=0.18s
.....[6404.002s][info][gc,start       ] GC(830) Pause Young (Normal) (G1 Evacuation Pause)
[6404.002s][info][gc,task        ] GC(830) Using 8 workers of 8 for evacuation
[6404.174s][info][gc,phases      ] GC(830)   Pre Evacuate Collection Set: 0.31ms
[6404.174s][info][gc,phases      ] GC(830)   Merge Heap Roots: 0.55ms
[6404.174s][info][gc,phases      ] GC(830)   Evacuate Collection Set: 169.56ms
[6404.174s][info][gc,phases      ] GC(830)   Post Evacuate Collection Set: 1.26ms
[6404.174s][info][gc,phases      ] GC(830)   Other: 0.06ms
[6404.174s][info][gc,heap        ] GC(830) Eden regions: 714->0(715)
[6404.174s][info][gc,heap        ] GC(830) Survivor regions: 54->53(96)
[6404.174s][info][gc,heap        ] GC(830) Old regions: 232->235
[6404.174s][info][gc,heap        ] GC(830) Humongous regions: 33->33
[6404.174s][info][gc,metaspace   ] GC(830) Metaspace: 30077K(30528K)->30077K(30528K) NonClass: 24663K(24896K)->24663K(24896K) Class: 5413K(5632K)->5413K(5632K)
[6404.174s][info][gc             ] GC(830) Pause Young (Normal) (G1 Evacuation Pause) 8229M->2535M(10240M) 171.877ms
[6404.174s][info][gc,cpu         ] GC(830) User=1.35s Sys=0.00s Real=0.17s
....[6408.568s][info][gc,start       ] GC(831) Pause Young (Normal) (G1 Evacuation Pause)
[6408.568s][info][gc,task        ] GC(831) Using 8 workers of 8 for evacuation
[6408.748s][info][gc,phases      ] GC(831)   Pre Evacuate Collection Set: 0.28ms
[6408.748s][info][gc,phases      ] GC(831)   Merge Heap Roots: 0.60ms
[6408.748s][info][gc,phases      ] GC(831)   Evacuate Collection Set: 177.65ms
[6408.748s][info][gc,phases      ] GC(831)   Post Evacuate Collection Set: 1.26ms
[6408.748s][info][gc,phases      ] GC(831)   Other: 0.06ms
[6408.748s][info][gc,heap        ] GC(831) Eden regions: 715->0(713)
[6408.748s][info][gc,heap        ] GC(831) Survivor regions: 53->55(96)
[6408.748s][info][gc,heap        ] GC(831) Old regions: 235->238
[6408.748s][info][gc,heap        ] GC(831) Humongous regions: 33->33
[6408.748s][info][gc,metaspace   ] GC(831) Metaspace: 30077K(30528K)->30077K(30528K) NonClass: 24663K(24896K)->24663K(24896K) Class: 5413K(5632K)->5413K(5632K)
[6408.748s][info][gc             ] GC(831) Pause Young (Normal) (G1 Evacuation Pause) 8255M->2573M(10240M) 180.000ms
[6408.748s][info][gc,cpu         ] GC(831) User=1.42s Sys=0.00s Real=0.18s
.....[6413.150s][info][gc,start       ] GC(832) Pause Young (Normal) (G1 Evacuation Pause)
[6413.150s][info][gc,task        ] GC(832) Using 8 workers of 8 for evacuation
[6413.323s][info][gc,phases      ] GC(832)   Pre Evacuate Collection Set: 0.33ms
[6413.323s][info][gc,phases      ] GC(832)   Merge Heap Roots: 0.54ms
[6413.323s][info][gc,phases      ] GC(832)   Evacuate Collection Set: 170.75ms
[6413.323s][info][gc,phases      ] GC(832)   Post Evacuate Collection Set: 1.26ms
[6413.323s][info][gc,phases      ] GC(832)   Other: 0.07ms
[6413.323s][info][gc,heap        ] GC(832) Eden regions: 713->0(715)
[6413.323s][info][gc,heap        ] GC(832) Survivor regions: 55->53(96)
[6413.323s][info][gc,heap        ] GC(832) Old regions: 238->240
[6413.323s][info][gc,heap        ] GC(832) Humongous regions: 33->33
[6413.323s][info][gc,metaspace   ] GC(832) Metaspace: 30077K(30528K)->30077K(30528K) NonClass: 24663K(24896K)->24663K(24896K) Class: 5413K(5632K)->5413K(5632K)
[6413.323s][info][gc             ] GC(832) Pause Young (Normal) (G1 Evacuation Pause) 8277M->2579M(10240M) 173.085ms
[6413.323s][info][gc,cpu         ] GC(832) User=1.36s Sys=0.00s Real=0.17s
....[6417.749s][info][gc,start       ] GC(833) Pause Young (Normal) (G1 Evacuation Pause)
[6417.749s][info][gc,task        ] GC(833) Using 8 workers of 8 for evacuation
[6417.925s][info][gc,phases      ] GC(833)   Pre Evacuate Collection Set: 0.29ms
[6417.925s][info][gc,phases      ] GC(833)   Merge Heap Roots: 0.57ms
[6417.925s][info][gc,phases      ] GC(833)   Evacuate Collection Set: 173.21ms
[6417.925s][info][gc,phases      ] GC(833)   Post Evacuate Collection Set: 1.26ms
[6417.925s][info][gc,phases      ] GC(833)   Other: 0.09ms
[6417.925s][info][gc,heap        ] GC(833) Eden regions: 715->0(714)
[6417.925s][info][gc,heap        ] GC(833) Survivor regions: 53->54(96)
[6417.925s][info][gc,heap        ] GC(833) Old regions: 240->243
[6417.925s][info][gc,heap        ] GC(833) Humongous regions: 33->33
[6417.925s][info][gc,metaspace   ] GC(833) Metaspace: 30077K(30528K)->30077K(30528K) NonClass: 24663K(24896K)->24663K(24896K) Class: 5413K(5632K)->5413K(5632K)
[6417.925s][info][gc             ] GC(833) Pause Young (Normal) (G1 Evacuation Pause) 8299M->2606M(10240M) 175.547ms
[6417.925s][info][gc,cpu         ] GC(833) User=1.38s Sys=0.00s Real=0.17s
....|.[6422.265s][info][gc,start       ] GC(834) Pause Young (Normal) (G1 Evacuation Pause)
[6422.265s][info][gc,task        ] GC(834) Using 8 workers of 8 for evacuation
[6422.440s][info][gc,phases      ] GC(834)   Pre Evacuate Collection Set: 0.28ms
[6422.440s][info][gc,phases      ] GC(834)   Merge Heap Roots: 0.54ms
[6422.440s][info][gc,phases      ] GC(834)   Evacuate Collection Set: 172.96ms
[6422.440s][info][gc,phases      ] GC(834)   Post Evacuate Collection Set: 1.27ms
[6422.440s][info][gc,phases      ] GC(834)   Other: 0.08ms
[6422.440s][info][gc,heap        ] GC(834) Eden regions: 714->0(715)
[6422.440s][info][gc,heap        ] GC(834) Survivor regions: 54->53(96)
[6422.440s][info][gc,heap        ] GC(834) Old regions: 243->246
[6422.440s][info][gc,heap        ] GC(834) Humongous regions: 33->33
[6422.440s][info][gc,metaspace   ] GC(834) Metaspace: 30077K(30528K)->30077K(30528K) NonClass: 24663K(24896K)->24663K(24896K) Class: 5413K(5632K)->5413K(5632K)
[6422.440s][info][gc             ] GC(834) Pause Young (Normal) (G1 Evacuation Pause) 8318M->2625M(10240M) 175.253ms
[6422.440s][info][gc,cpu         ] GC(834) User=1.39s Sys=0.00s Real=0.18s
....[6426.736s][info][gc,start       ] GC(835) Pause Young (Normal) (G1 Evacuation Pause)
[6426.736s][info][gc,task        ] GC(835) Using 8 workers of 8 for evacuation
[6426.914s][info][gc,phases      ] GC(835)   Pre Evacuate Collection Set: 0.29ms
[6426.914s][info][gc,phases      ] GC(835)   Merge Heap Roots: 0.55ms
[6426.914s][info][gc,phases      ] GC(835)   Evacuate Collection Set: 175.61ms
[6426.914s][info][gc,phases      ] GC(835)   Post Evacuate Collection Set: 1.30ms
[6426.914s][info][gc,phases      ] GC(835)   Other: 0.09ms
[6426.914s][info][gc,heap        ] GC(835) Eden regions: 715->0(714)
[6426.914s][info][gc,heap        ] GC(835) Survivor regions: 53->54(96)
[6426.914s][info][gc,heap        ] GC(835) Old regions: 246->249
[6426.914s][info][gc,heap        ] GC(835) Humongous regions: 33->33
[6426.914s][info][gc,metaspace   ] GC(835) Metaspace: 30077K(30528K)->30077K(30528K) NonClass: 24663K(24896K)->24663K(24896K) Class: 5413K(5632K)->5413K(5632K)
[6426.914s][info][gc             ] GC(835) Pause Young (Normal) (G1 Evacuation Pause) 8345M->2655M(10240M) 177.978ms
[6426.914s][info][gc,cpu         ] GC(835) User=1.40s Sys=0.00s Real=0.17s
.....[6431.192s][info][gc,start       ] GC(836) Pause Young (Normal) (G1 Evacuation Pause)
[6431.192s][info][gc,task        ] GC(836) Using 8 workers of 8 for evacuation
[6431.370s][info][gc,phases      ] GC(836)   Pre Evacuate Collection Set: 0.29ms
[6431.370s][info][gc,phases      ] GC(836)   Merge Heap Roots: 0.58ms
[6431.370s][info][gc,phases      ] GC(836)   Evacuate Collection Set: 175.49ms
[6431.370s][info][gc,phases      ] GC(836)   Post Evacuate Collection Set: 1.33ms
[6431.370s][info][gc,phases      ] GC(836)   Other: 0.07ms
[6431.370s][info][gc,heap        ] GC(836) Eden regions: 714->0(715)
[6431.370s][info][gc,heap        ] GC(836) Survivor regions: 54->53(96)
[6431.370s][info][gc,heap        ] GC(836) Old regions: 249->252
[6431.370s][info][gc,heap        ] GC(836) Humongous regions: 33->33
[6431.370s][info][gc,metaspace   ] GC(836) Metaspace: 30077K(30528K)->30077K(30528K) NonClass: 24663K(24896K)->24663K(24896K) Class: 5413K(5632K)->5413K(5632K)
[6431.370s][info][gc             ] GC(836) Pause Young (Normal) (G1 Evacuation Pause) 8367M->2668M(10240M) 177.909ms
[6431.370s][info][gc,cpu         ] GC(836) User=1.40s Sys=0.00s Real=0.18s
....[6435.669s][info][gc,start       ] GC(837) Pause Young (Normal) (G1 Evacuation Pause)
[6435.669s][info][gc,task        ] GC(837) Using 8 workers of 8 for evacuation
[6435.840s][info][gc,phases      ] GC(837)   Pre Evacuate Collection Set: 0.29ms
[6435.840s][info][gc,phases      ] GC(837)   Merge Heap Roots: 0.56ms
[6435.840s][info][gc,phases      ] GC(837)   Evacuate Collection Set: 168.35ms
[6435.840s][info][gc,phases      ] GC(837)   Post Evacuate Collection Set: 1.27ms
[6435.840s][info][gc,phases      ] GC(837)   Other: 0.08ms
[6435.840s][info][gc,heap        ] GC(837) Eden regions: 715->0(716)
[6435.840s][info][gc,heap        ] GC(837) Survivor regions: 53->52(96)
[6435.840s][info][gc,heap        ] GC(837) Old regions: 252->254
[6435.840s][info][gc,heap        ] GC(837) Humongous regions: 33->33
[6435.840s][info][gc,metaspace   ] GC(837) Metaspace: 30077K(30528K)->30077K(30528K) NonClass: 24663K(24896K)->24663K(24896K) Class: 5413K(5632K)->5413K(5632K)
[6435.840s][info][gc             ] GC(837) Pause Young (Normal) (G1 Evacuation Pause) 8388M->2678M(10240M) 170.698ms
[6435.840s][info][gc,cpu         ] GC(837) User=1.34s Sys=0.00s Real=0.17s
.....[6440.184s][info][gc,start       ] GC(838) Pause Young (Normal) (G1 Evacuation Pause)
[6440.184s][info][gc,task        ] GC(838) Using 8 workers of 8 for evacuation
[6440.354s][info][gc,phases      ] GC(838)   Pre Evacuate Collection Set: 0.30ms
[6440.354s][info][gc,phases      ] GC(838)   Merge Heap Roots: 0.58ms
[6440.354s][info][gc,phases      ] GC(838)   Evacuate Collection Set: 167.74ms
[6440.354s][info][gc,phases      ] GC(838)   Post Evacuate Collection Set: 1.30ms
[6440.354s][info][gc,phases      ] GC(838)   Other: 0.07ms
[6440.354s][info][gc,heap        ] GC(838) Eden regions: 716->0(715)
[6440.354s][info][gc,heap        ] GC(838) Survivor regions: 52->53(96)
[6440.354s][info][gc,heap        ] GC(838) Old regions: 254->257
[6440.354s][info][gc,heap        ] GC(838) Humongous regions: 33->33
[6440.354s][info][gc,metaspace   ] GC(838) Metaspace: 30077K(30528K)->30077K(30528K) NonClass: 24663K(24896K)->24663K(24896K) Class: 5413K(5632K)->5413K(5632K)
[6440.354s][info][gc             ] GC(838) Pause Young (Normal) (G1 Evacuation Pause) 8406M->2708M(10240M) 170.126ms
[6440.354s][info][gc,cpu         ] GC(838) User=1.33s Sys=0.01s Real=0.17s
....[6444.635s][info][gc,start       ] GC(839) Pause Young (Normal) (G1 Evacuation Pause)
[6444.635s][info][gc,task        ] GC(839) Using 8 workers of 8 for evacuation
[6444.812s][info][gc,phases      ] GC(839)   Pre Evacuate Collection Set: 0.30ms
[6444.812s][info][gc,phases      ] GC(839)   Merge Heap Roots: 0.56ms
[6444.812s][info][gc,phases      ] GC(839)   Evacuate Collection Set: 174.63ms
[6444.812s][info][gc,phases      ] GC(839)   Post Evacuate Collection Set: 1.26ms
[6444.812s][info][gc,phases      ] GC(839)   Other: 0.07ms
[6444.812s][info][gc,heap        ] GC(839) Eden regions: 715->0(714)
[6444.812s][info][gc,heap        ] GC(839) Survivor regions: 53->54(96)
[6444.812s][info][gc,heap        ] GC(839) Old regions: 257->260
[6444.812s][info][gc,heap        ] GC(839) Humongous regions: 33->33
[6444.812s][info][gc,metaspace   ] GC(839) Metaspace: 30077K(30528K)->30077K(30528K) NonClass: 24663K(24896K)->24663K(24896K) Class: 5413K(5632K)->5413K(5632K)
[6444.812s][info][gc             ] GC(839) Pause Young (Normal) (G1 Evacuation Pause) 8428M->2742M(10240M) 176.951ms
[6444.812s][info][gc,cpu         ] GC(839) User=1.40s Sys=0.00s Real=0.18s
.....[6449.062s][info][gc,start       ] GC(840) Pause Young (Normal) (G1 Evacuation Pause)
[6449.062s][info][gc,task        ] GC(840) Using 8 workers of 8 for evacuation
[6449.237s][info][gc,phases      ] GC(840)   Pre Evacuate Collection Set: 0.28ms
[6449.237s][info][gc,phases      ] GC(840)   Merge Heap Roots: 0.54ms
[6449.237s][info][gc,phases      ] GC(840)   Evacuate Collection Set: 172.90ms
[6449.237s][info][gc,phases      ] GC(840)   Post Evacuate Collection Set: 1.29ms
[6449.237s][info][gc,phases      ] GC(840)   Other: 0.08ms
[6449.237s][info][gc,heap        ] GC(840) Eden regions: 714->0(715)
[6449.237s][info][gc,heap        ] GC(840) Survivor regions: 54->53(96)
[6449.237s][info][gc,heap        ] GC(840) Old regions: 260->263
[6449.237s][info][gc,heap        ] GC(840) Humongous regions: 33->33
[6449.237s][info][gc,metaspace   ] GC(840) Metaspace: 30077K(30528K)->30077K(30528K) NonClass: 24663K(24896K)->24663K(24896K) Class: 5413K(5632K)->5413K(5632K)
[6449.237s][info][gc             ] GC(840) Pause Young (Normal) (G1 Evacuation Pause) 8454M->2756M(10240M) 175.214ms
[6449.237s][info][gc,cpu         ] GC(840) User=1.38s Sys=0.00s Real=0.18s
....[6453.578s][info][gc,start       ] GC(841) Pause Young (Normal) (G1 Evacuation Pause)
[6453.578s][info][gc,task        ] GC(841) Using 8 workers of 8 for evacuation
[6453.755s][info][gc,phases      ] GC(841)   Pre Evacuate Collection Set: 0.28ms
[6453.755s][info][gc,phases      ] GC(841)   Merge Heap Roots: 0.60ms
[6453.755s][info][gc,phases      ] GC(841)   Evacuate Collection Set: 174.61ms
[6453.755s][info][gc,phases      ] GC(841)   Post Evacuate Collection Set: 1.25ms
[6453.755s][info][gc,phases      ] GC(841)   Other: 0.06ms
[6453.755s][info][gc,heap        ] GC(841) Eden regions: 715->0(714)
[6453.755s][info][gc,heap        ] GC(841) Survivor regions: 53->54(96)
[6453.755s][info][gc,heap        ] GC(841) Old regions: 263->265
[6453.755s][info][gc,heap        ] GC(841) Humongous regions: 33->33
[6453.755s][info][gc,metaspace   ] GC(841) Metaspace: 30077K(30528K)->30077K(30528K) NonClass: 24663K(24896K)->24663K(24896K) Class: 5413K(5632K)->5413K(5632K)
[6453.755s][info][gc             ] GC(841) Pause Young (Normal) (G1 Evacuation Pause) 8476M->2787M(10240M) 176.950ms
[6453.755s][info][gc,cpu         ] GC(841) User=1.40s Sys=0.01s Real=0.17s
.....[6458.067s][info][gc,start       ] GC(842) Pause Young (Normal) (G1 Evacuation Pause)
[6458.067s][info][gc,task        ] GC(842) Using 8 workers of 8 for evacuation
[6458.239s][info][gc,phases      ] GC(842)   Pre Evacuate Collection Set: 0.28ms
[6458.239s][info][gc,phases      ] GC(842)   Merge Heap Roots: 0.58ms
[6458.239s][info][gc,phases      ] GC(842)   Evacuate Collection Set: 169.93ms
[6458.239s][info][gc,phases      ] GC(842)   Post Evacuate Collection Set: 1.26ms
[6458.239s][info][gc,phases      ] GC(842)   Other: 0.06ms
[6458.239s][info][gc,heap        ] GC(842) Eden regions: 714->0(714)
[6458.239s][info][gc,heap        ] GC(842) Survivor regions: 54->54(96)
[6458.239s][info][gc,heap        ] GC(842) Old regions: 265->268
[6458.239s][info][gc,heap        ] GC(842) Humongous regions: 33->33
[6458.239s][info][gc,metaspace   ] GC(842) Metaspace: 30077K(30528K)->30077K(30528K) NonClass: 24663K(24896K)->24663K(24896K) Class: 5413K(5632K)->5413K(5632K)
[6458.239s][info][gc             ] GC(842) Pause Young (Normal) (G1 Evacuation Pause) 8499M->2804M(10240M) 172.241ms
[6458.239s][info][gc,cpu         ] GC(842) User=1.36s Sys=0.00s Real=0.17s
....[6462.612s][info][gc,start       ] GC(843) Pause Young (Normal) (G1 Evacuation Pause)
[6462.613s][info][gc,task        ] GC(843) Using 8 workers of 8 for evacuation
[6462.785s][info][gc,phases      ] GC(843)   Pre Evacuate Collection Set: 0.30ms
[6462.785s][info][gc,phases      ] GC(843)   Merge Heap Roots: 0.57ms
[6462.785s][info][gc,phases      ] GC(843)   Evacuate Collection Set: 170.37ms
[6462.785s][info][gc,phases      ] GC(843)   Post Evacuate Collection Set: 1.30ms
[6462.785s][info][gc,phases      ] GC(843)   Other: 0.07ms
[6462.785s][info][gc,heap        ] GC(843) Eden regions: 714->0(714)
[6462.785s][info][gc,heap        ] GC(843) Survivor regions: 54->54(96)
[6462.785s][info][gc,heap        ] GC(843) Old regions: 268->271
[6462.785s][info][gc,heap        ] GC(843) Humongous regions: 33->33
[6462.785s][info][gc,metaspace   ] GC(843) Metaspace: 30077K(30528K)->30077K(30528K) NonClass: 24663K(24896K)->24663K(24896K) Class: 5413K(5632K)->5413K(5632K)
[6462.785s][info][gc             ] GC(843) Pause Young (Normal) (G1 Evacuation Pause) 8516M->2827M(10240M) 172.758ms
[6462.785s][info][gc,cpu         ] GC(843) User=1.36s Sys=0.00s Real=0.17s
.....[6467.163s][info][gc,start       ] GC(844) Pause Young (Normal) (G1 Evacuation Pause)
[6467.163s][info][gc,task        ] GC(844) Using 8 workers of 8 for evacuation
[6467.337s][info][gc,phases      ] GC(844)   Pre Evacuate Collection Set: 0.28ms
[6467.337s][info][gc,phases      ] GC(844)   Merge Heap Roots: 0.55ms
[6467.337s][info][gc,phases      ] GC(844)   Evacuate Collection Set: 172.20ms
[6467.337s][info][gc,phases      ] GC(844)   Post Evacuate Collection Set: 1.27ms
[6467.337s][info][gc,phases      ] GC(844)   Other: 0.06ms
[6467.337s][info][gc,heap        ] GC(844) Eden regions: 714->0(715)
[6467.337s][info][gc,heap        ] GC(844) Survivor regions: 54->53(96)
[6467.337s][info][gc,heap        ] GC(844) Old regions: 271->274
[6467.337s][info][gc,heap        ] GC(844) Humongous regions: 33->33
[6467.337s][info][gc,metaspace   ] GC(844) Metaspace: 30077K(30528K)->30077K(30528K) NonClass: 24663K(24896K)->24663K(24896K) Class: 5413K(5632K)->5413K(5632K)
[6467.337s][info][gc             ] GC(844) Pause Young (Normal) (G1 Evacuation Pause) 8539M->2845M(10240M) 174.502ms
[6467.337s][info][gc,cpu         ] GC(844) User=1.38s Sys=0.00s Real=0.18s
....[6471.785s][info][gc,start       ] GC(845) Pause Young (Normal) (G1 Evacuation Pause)
[6471.785s][info][gc,task        ] GC(845) Using 8 workers of 8 for evacuation
[6471.963s][info][gc,phases      ] GC(845)   Pre Evacuate Collection Set: 0.28ms
[6471.963s][info][gc,phases      ] GC(845)   Merge Heap Roots: 0.53ms
[6471.963s][info][gc,phases      ] GC(845)   Evacuate Collection Set: 175.35ms
[6471.963s][info][gc,phases      ] GC(845)   Post Evacuate Collection Set: 1.31ms
[6471.963s][info][gc,phases      ] GC(845)   Other: 0.06ms
[6471.963s][info][gc,heap        ] GC(845) Eden regions: 715->0(714)
[6471.963s][info][gc,heap        ] GC(845) Survivor regions: 53->54(96)
[6471.963s][info][gc,heap        ] GC(845) Old regions: 274->276
[6471.963s][info][gc,heap        ] GC(845) Humongous regions: 33->33
[6471.963s][info][gc,metaspace   ] GC(845) Metaspace: 30077K(30528K)->30077K(30528K) NonClass: 24663K(24896K)->24663K(24896K) Class: 5413K(5632K)->5413K(5632K)
[6471.963s][info][gc             ] GC(845) Pause Young (Normal) (G1 Evacuation Pause) 8565M->2871M(10240M) 177.672ms
[6471.963s][info][gc,cpu         ] GC(845) User=1.39s Sys=0.01s Real=0.18s
.....[6476.279s][info][gc,start       ] GC(846) Pause Young (Concurrent Start) (G1 Evacuation Pause)
[6476.279s][info][gc,task        ] GC(846) Using 8 workers of 8 for evacuation
[6476.453s][info][gc,phases      ] GC(846)   Pre Evacuate Collection Set: 0.34ms
[6476.453s][info][gc,phases      ] GC(846)   Merge Heap Roots: 0.56ms
[6476.453s][info][gc,phases      ] GC(846)   Evacuate Collection Set: 171.94ms
[6476.453s][info][gc,phases      ] GC(846)   Post Evacuate Collection Set: 1.26ms
[6476.453s][info][gc,phases      ] GC(846)   Other: 0.11ms
[6476.453s][info][gc,heap        ] GC(846) Eden regions: 714->0(714)
[6476.453s][info][gc,heap        ] GC(846) Survivor regions: 54->54(96)
[6476.453s][info][gc,heap        ] GC(846) Old regions: 276->279
[6476.453s][info][gc,heap        ] GC(846) Humongous regions: 33->33
[6476.453s][info][gc,metaspace   ] GC(846) Metaspace: 30077K(30528K)->30077K(30528K) NonClass: 24663K(24896K)->24663K(24896K) Class: 5413K(5632K)->5413K(5632K)
[6476.453s][info][gc             ] GC(846) Pause Young (Concurrent Start) (G1 Evacuation Pause) 8583M->2893M(10240M) 174.339ms
[6476.454s][info][gc             ] GC(847) Concurrent Mark Cycle
[6476.454s][info][gc,marking     ] GC(847) Concurrent Scan Root Regions
[6476.454s][info][gc,cpu         ] GC(846) User=1.37s Sys=0.00s Real=0.17s
[6476.746s][info][gc,marking     ] GC(847) Concurrent Scan Root Regions 292.886ms
[6476.746s][info][gc,marking     ] GC(847) Concurrent Mark
[6476.746s][info][gc,marking     ] GC(847) Concurrent Mark From Roots
[6476.746s][info][gc,task        ] GC(847) Using 2 workers of 2 for marking
..[6478.117s][info][gc,marking     ] GC(847) Concurrent Mark From Roots 1370.211ms
[6478.117s][info][gc,marking     ] GC(847) Concurrent Preclean
[6478.117s][info][gc,marking     ] GC(847) Concurrent Preclean 0.170ms
[6478.117s][info][gc,start       ] GC(847) Pause Remark
[6478.118s][info][gc             ] GC(847) Pause Remark 4818M->4610M(10240M) 1.326ms
[6478.119s][info][gc,cpu         ] GC(847) User=0.01s Sys=0.00s Real=0.00s
[6478.119s][info][gc,marking     ] GC(847) Concurrent Mark 1372.073ms
[6478.119s][info][gc,marking     ] GC(847) Concurrent Rebuild Remembered Sets and Scrub Regions
[6478.858s][info][gc,marking     ] GC(847) Concurrent Rebuild Remembered Sets and Scrub Regions 739.342ms
[6478.858s][info][gc,start       ] GC(847) Pause Cleanup
[6478.858s][info][gc             ] GC(847) Pause Cleanup 5573M->5573M(10240M) 0.295ms
[6478.858s][info][gc,cpu         ] GC(847) User=0.00s Sys=0.00s Real=0.00s
[6478.858s][info][gc,marking     ] GC(847) Concurrent Clear Claimed Marks
[6478.858s][info][gc,marking     ] GC(847) Concurrent Clear Claimed Marks 0.046ms
[6478.858s][info][gc,marking     ] GC(847) Concurrent Cleanup for Next Mark
[6478.871s][info][gc,marking     ] GC(847) Concurrent Cleanup for Next Mark 12.532ms
[6478.871s][info][gc             ] GC(847) Concurrent Mark Cycle 2417.549ms
..[6480.833s][info][gc,start       ] GC(848) Pause Young (Prepare Mixed) (G1 Evacuation Pause)
[6480.833s][info][gc,task        ] GC(848) Using 8 workers of 8 for evacuation
[6481.007s][info][gc,phases      ] GC(848)   Pre Evacuate Collection Set: 0.33ms
[6481.007s][info][gc,phases      ] GC(848)   Merge Heap Roots: 0.81ms
[6481.007s][info][gc,phases      ] GC(848)   Evacuate Collection Set: 170.83ms
[6481.007s][info][gc,phases      ] GC(848)   Post Evacuate Collection Set: 1.38ms
[6481.007s][info][gc,phases      ] GC(848)   Other: 0.09ms
[6481.007s][info][gc,heap        ] GC(848) Eden regions: 714->0(716)
[6481.007s][info][gc,heap        ] GC(848) Survivor regions: 54->52(96)
[6481.007s][info][gc,heap        ] GC(848) Old regions: 253->256
[6481.007s][info][gc,heap        ] GC(848) Humongous regions: 33->33
[6481.007s][info][gc,metaspace   ] GC(848) Metaspace: 30077K(30528K)->30077K(30528K) NonClass: 24663K(24896K)->24663K(24896K) Class: 5413K(5632K)->5413K(5632K)
[6481.007s][info][gc             ] GC(848) Pause Young (Prepare Mixed) (G1 Evacuation Pause) 8397M->2695M(10240M) 173.562ms
[6481.007s][info][gc,cpu         ] GC(848) User=1.37s Sys=0.00s Real=0.18s
. (rIR:aIR:PR = 10654:10699:10684) (tPR = 157842) [OK] 
  6480s: Performance info:
         Transaction,    Success,    Partial,     Failed,   Receipts, AvgBarcode, 
             Overall,     641894,          0,          0,     609736,      59.47, 
         Response times:
             Request,    Success,    Partial,     Failed,   SkipFail,     Probes,    Samples,      min,      p50,      p90,      p95,      p99,      max, 
       TotalPurchase,     610641,          0,          0,          0,     353385,     527179,      300,     8700,    68000,   118000,   208000,  2900000,
     InStorePurchase,     322606,          0,          0,          0,     185908,     277172,      300,     8800,    68000,   119000,   210000,  2900000,
      OnlinePurchase,     223915,          0,          0,          0,     130089,     194290,      300,     8600,    67000,   117000,   206000,  2900000,
        InstPurchase,      64120,          0,          0,          0,      37388,      55717,      400,     8500,    68000,   116000,   207000,   880000,
          AssocOfCat,        637,          0,          0,          0,        518,        858,    32000,    64000,   136200,   219050,   301480,   690000,
      AssocOfProduct,       6435,          0,          0,          0,       3730,       5787,      600,     9000,    65000,   118000,   213000,   800000,
      BusinessReport,       1597,          0,          0,          0,       1443,       2330,    31000,    71000,   138000,   217000,   294070,   462000,
          CustBuyBeh,       6448,          0,          0,          0,       3755,       5883,      300,     8500,    64000,   117000,   224480,   750000,
       ProductReturn,      17113,          0,          0,          0,       9133,      14016,      300,     9100,    70000,   126000,   221000,   880000,

  6480s: (78%)   IR =  10793 ....[6485.596s][info][gc,start       ] GC(849) Pause Young (Mixed) (G1 Evacuation Pause)
[6485.596s][info][gc,task        ] GC(849) Using 8 workers of 8 for evacuation
[6485.775s][info][gc,phases      ] GC(849)   Pre Evacuate Collection Set: 0.37ms
[6485.775s][info][gc,phases      ] GC(849)   Merge Heap Roots: 0.72ms
[6485.775s][info][gc,phases      ] GC(849)   Evacuate Collection Set: 173.62ms
[6485.775s][info][gc,phases      ] GC(849)   Merge Optional Heap Roots: 0.11ms
[6485.775s][info][gc,phases      ] GC(849)   Evacuate Optional Collection Set: 1.73ms
[6485.775s][info][gc,phases      ] GC(849)   Post Evacuate Collection Set: 1.54ms
[6485.775s][info][gc,phases      ] GC(849)   Other: 0.08ms
[6485.775s][info][gc,heap        ] GC(849) Eden regions: 716->0(715)
[6485.775s][info][gc,heap        ] GC(849) Survivor regions: 52->53(96)
[6485.775s][info][gc,heap        ] GC(849) Old regions: 256->132
[6485.775s][info][gc,heap        ] GC(849) Humongous regions: 33->33
[6485.775s][info][gc,metaspace   ] GC(849) Metaspace: 30077K(30528K)->30077K(30528K) NonClass: 24663K(24896K)->24663K(24896K) Class: 5413K(5632K)->5413K(5632K)
[6485.775s][info][gc             ] GC(849) Pause Young (Mixed) (G1 Evacuation Pause) 8423M->1707M(10240M) 178.304ms
[6485.775s][info][gc,cpu         ] GC(849) User=1.39s Sys=0.01s Real=0.17s
....[6490.161s][info][gc,start       ] GC(850) Pause Young (Mixed) (G1 Evacuation Pause)
[6490.161s][info][gc,task        ] GC(850) Using 8 workers of 8 for evacuation
[6490.336s][info][gc,phases      ] GC(850)   Pre Evacuate Collection Set: 0.30ms
[6490.336s][info][gc,phases      ] GC(850)   Merge Heap Roots: 0.64ms
[6490.336s][info][gc,phases      ] GC(850)   Evacuate Collection Set: 172.21ms
[6490.336s][info][gc,phases      ] GC(850)   Post Evacuate Collection Set: 1.26ms
[6490.336s][info][gc,phases      ] GC(850)   Other: 0.07ms
[6490.336s][info][gc,heap        ] GC(850) Eden regions: 715->0(714)
[6490.336s][info][gc,heap        ] GC(850) Survivor regions: 53->54(96)
[6490.336s][info][gc,heap        ] GC(850) Old regions: 132->133
[6490.336s][info][gc,heap        ] GC(850) Humongous regions: 33->33
[6490.336s][info][gc,metaspace   ] GC(850) Metaspace: 30077K(30528K)->30077K(30528K) NonClass: 24663K(24896K)->24663K(24896K) Class: 5413K(5632K)->5413K(5632K)
[6490.336s][info][gc             ] GC(850) Pause Young (Mixed) (G1 Evacuation Pause) 7427M->1721M(10240M) 174.649ms
[6490.336s][info][gc,cpu         ] GC(850) User=1.37s Sys=0.00s Real=0.18s
.....[6494.511s][info][gc,start       ] GC(851) Pause Young (Normal) (G1 Evacuation Pause)
[6494.511s][info][gc,task        ] GC(851) Using 8 workers of 8 for evacuation
[6494.685s][info][gc,phases      ] GC(851)   Pre Evacuate Collection Set: 0.30ms
[6494.685s][info][gc,phases      ] GC(851)   Merge Heap Roots: 0.61ms
[6494.685s][info][gc,phases      ] GC(851)   Evacuate Collection Set: 171.92ms
[6494.685s][info][gc,phases      ] GC(851)   Post Evacuate Collection Set: 1.24ms
[6494.685s][info][gc,phases      ] GC(851)   Other: 0.07ms
[6494.685s][info][gc,heap        ] GC(851) Eden regions: 714->0(715)
[6494.685s][info][gc,heap        ] GC(851) Survivor regions: 54->53(96)
[6494.685s][info][gc,heap        ] GC(851) Old regions: 133->135
[6494.685s][info][gc,heap        ] GC(851) Humongous regions: 33->33
[6494.685s][info][gc,metaspace   ] GC(851) Metaspace: 30077K(30528K)->30077K(30528K) NonClass: 24663K(24896K)->24663K(24896K) Class: 5413K(5632K)->5413K(5632K)
[6494.685s][info][gc             ] GC(851) Pause Young (Normal) (G1 Evacuation Pause) 7433M->1738M(10240M) 174.295ms
[6494.686s][info][gc,cpu         ] GC(851) User=1.37s Sys=0.00s Real=0.17s
....|[6498.974s][info][gc,start       ] GC(852) Pause Young (Normal) (G1 Evacuation Pause)
[6498.974s][info][gc,task        ] GC(852) Using 8 workers of 8 for evacuation
[6499.152s][info][gc,phases      ] GC(852)   Pre Evacuate Collection Set: 0.32ms
[6499.152s][info][gc,phases      ] GC(852)   Merge Heap Roots: 0.55ms
[6499.152s][info][gc,phases      ] GC(852)   Evacuate Collection Set: 175.17ms
[6499.152s][info][gc,phases      ] GC(852)   Post Evacuate Collection Set: 1.30ms
[6499.152s][info][gc,phases      ] GC(852)   Other: 0.07ms
[6499.152s][info][gc,heap        ] GC(852) Eden regions: 715->0(714)
[6499.152s][info][gc,heap        ] GC(852) Survivor regions: 53->54(96)
[6499.152s][info][gc,heap        ] GC(852) Old regions: 135->138
[6499.152s][info][gc,heap        ] GC(852) Humongous regions: 33->33
[6499.152s][info][gc,metaspace   ] GC(852) Metaspace: 30077K(30528K)->30077K(30528K) NonClass: 24663K(24896K)->24663K(24896K) Class: 5413K(5632K)->5413K(5632K)
[6499.152s][info][gc             ] GC(852) Pause Young (Normal) (G1 Evacuation Pause) 7458M->1765M(10240M) 177.550ms
[6499.152s][info][gc,cpu         ] GC(852) User=1.40s Sys=0.00s Real=0.18s
.....[6503.564s][info][gc,start       ] GC(853) Pause Young (Normal) (G1 Evacuation Pause)
[6503.564s][info][gc,task        ] GC(853) Using 8 workers of 8 for evacuation
[6503.739s][info][gc,phases      ] GC(853)   Pre Evacuate Collection Set: 0.29ms
[6503.739s][info][gc,phases      ] GC(853)   Merge Heap Roots: 0.54ms
[6503.739s][info][gc,phases      ] GC(853)   Evacuate Collection Set: 172.64ms
[6503.739s][info][gc,phases      ] GC(853)   Post Evacuate Collection Set: 1.28ms
[6503.739s][info][gc,phases      ] GC(853)   Other: 0.06ms
[6503.739s][info][gc,heap        ] GC(853) Eden regions: 714->0(714)
[6503.739s][info][gc,heap        ] GC(853) Survivor regions: 54->54(96)
[6503.739s][info][gc,heap        ] GC(853) Old regions: 138->141
[6503.739s][info][gc,heap        ] GC(853) Humongous regions: 33->33
[6503.739s][info][gc,metaspace   ] GC(853) Metaspace: 30077K(30528K)->30077K(30528K) NonClass: 24663K(24896K)->24663K(24896K) Class: 5413K(5632K)->5413K(5632K)
[6503.739s][info][gc             ] GC(853) Pause Young (Normal) (G1 Evacuation Pause) 7477M->1786M(10240M) 174.943ms
[6503.739s][info][gc,cpu         ] GC(853) User=1.38s Sys=0.00s Real=0.18s
....[6508.019s][info][gc,start       ] GC(854) Pause Young (Normal) (G1 Evacuation Pause)
[6508.019s][info][gc,task        ] GC(854) Using 8 workers of 8 for evacuation
[6508.189s][info][gc,phases      ] GC(854)   Pre Evacuate Collection Set: 0.30ms
[6508.189s][info][gc,phases      ] GC(854)   Merge Heap Roots: 0.53ms
[6508.189s][info][gc,phases      ] GC(854)   Evacuate Collection Set: 168.62ms
[6508.189s][info][gc,phases      ] GC(854)   Post Evacuate Collection Set: 1.24ms
[6508.189s][info][gc,phases      ] GC(854)   Other: 0.07ms
[6508.189s][info][gc,heap        ] GC(854) Eden regions: 714->0(716)
[6508.189s][info][gc,heap        ] GC(854) Survivor regions: 54->52(96)
[6508.189s][info][gc,heap        ] GC(854) Old regions: 141->144
[6508.189s][info][gc,heap        ] GC(854) Humongous regions: 33->33
[6508.189s][info][gc,metaspace   ] GC(854) Metaspace: 30077K(30528K)->30077K(30528K) NonClass: 24663K(24896K)->24663K(24896K) Class: 5413K(5632K)->5413K(5632K)
[6508.189s][info][gc             ] GC(854) Pause Young (Normal) (G1 Evacuation Pause) 7498M->1796M(10240M) 170.899ms
[6508.189s][info][gc,cpu         ] GC(854) User=1.35s Sys=0.00s Real=0.17s
.....[6512.498s][info][gc,start       ] GC(855) Pause Young (Normal) (G1 Evacuation Pause)
[6512.498s][info][gc,task        ] GC(855) Using 8 workers of 8 for evacuation
[6512.672s][info][gc,phases      ] GC(855)   Pre Evacuate Collection Set: 0.27ms
[6512.672s][info][gc,phases      ] GC(855)   Merge Heap Roots: 0.53ms
[6512.672s][info][gc,phases      ] GC(855)   Evacuate Collection Set: 171.65ms
[6512.672s][info][gc,phases      ] GC(855)   Post Evacuate Collection Set: 1.25ms
[6512.672s][info][gc,phases      ] GC(855)   Other: 0.08ms
[6512.672s][info][gc,heap        ] GC(855) Eden regions: 716->0(715)
[6512.672s][info][gc,heap        ] GC(855) Survivor regions: 52->53(96)
[6512.672s][info][gc,heap        ] GC(855) Old regions: 144->146
[6512.672s][info][gc,heap        ] GC(855) Humongous regions: 33->33
[6512.672s][info][gc,metaspace   ] GC(855) Metaspace: 30077K(30528K)->30077K(30528K) NonClass: 24663K(24896K)->24663K(24896K) Class: 5413K(5632K)->5413K(5632K)
[6512.672s][info][gc             ] GC(855) Pause Young (Normal) (G1 Evacuation Pause) 7524M->1826M(10240M) 173.927ms
[6512.672s][info][gc,cpu         ] GC(855) User=1.37s Sys=0.00s Real=0.17s
....[6516.960s][info][gc,start       ] GC(856) Pause Young (Normal) (G1 Evacuation Pause)
[6516.960s][info][gc,task        ] GC(856) Using 8 workers of 8 for evacuation
[6517.136s][info][gc,phases      ] GC(856)   Pre Evacuate Collection Set: 0.27ms
[6517.136s][info][gc,phases      ] GC(856)   Merge Heap Roots: 0.53ms
[6517.136s][info][gc,phases      ] GC(856)   Evacuate Collection Set: 173.89ms
[6517.136s][info][gc,phases      ] GC(856)   Post Evacuate Collection Set: 1.24ms
[6517.136s][info][gc,phases      ] GC(856)   Other: 0.06ms
[6517.136s][info][gc,heap        ] GC(856) Eden regions: 715->0(715)
[6517.136s][info][gc,heap        ] GC(856) Survivor regions: 53->53(96)
[6517.136s][info][gc,heap        ] GC(856) Old regions: 146->149
[6517.136s][info][gc,heap        ] GC(856) Humongous regions: 33->33
[6517.136s][info][gc,metaspace   ] GC(856) Metaspace: 30077K(30528K)->30077K(30528K) NonClass: 24663K(24896K)->24663K(24896K) Class: 5413K(5632K)->5413K(5632K)
[6517.136s][info][gc             ] GC(856) Pause Young (Normal) (G1 Evacuation Pause) 7546M->1848M(10240M) 176.125ms
[6517.136s][info][gc,cpu         ] GC(856) User=1.38s Sys=0.01s Real=0.18s
.....[6521.545s][info][gc,start       ] GC(857) Pause Young (Normal) (G1 Evacuation Pause)
[6521.545s][info][gc,task        ] GC(857) Using 8 workers of 8 for evacuation
[6521.722s][info][gc,phases      ] GC(857)   Pre Evacuate Collection Set: 0.27ms
[6521.722s][info][gc,phases      ] GC(857)   Merge Heap Roots: 0.54ms
[6521.722s][info][gc,phases      ] GC(857)   Evacuate Collection Set: 175.40ms
[6521.722s][info][gc,phases      ] GC(857)   Post Evacuate Collection Set: 1.25ms
[6521.722s][info][gc,phases      ] GC(857)   Other: 0.07ms
[6521.722s][info][gc,heap        ] GC(857) Eden regions: 715->0(714)
[6521.722s][info][gc,heap        ] GC(857) Survivor regions: 53->54(96)
[6521.722s][info][gc,heap        ] GC(857) Old regions: 149->152
[6521.722s][info][gc,heap        ] GC(857) Humongous regions: 33->33
[6521.722s][info][gc,metaspace   ] GC(857) Metaspace: 30077K(30528K)->30077K(30528K) NonClass: 24663K(24896K)->24663K(24896K) Class: 5413K(5632K)->5413K(5632K)
[6521.722s][info][gc             ] GC(857) Pause Young (Normal) (G1 Evacuation Pause) 7568M->1878M(10240M) 177.672ms
[6521.722s][info][gc,cpu         ] GC(857) User=1.40s Sys=0.00s Real=0.18s
....[6526.023s][info][gc,start       ] GC(858) Pause Young (Normal) (G1 Evacuation Pause)
[6526.023s][info][gc,task        ] GC(858) Using 8 workers of 8 for evacuation
[6526.195s][info][gc,phases      ] GC(858)   Pre Evacuate Collection Set: 0.29ms
[6526.195s][info][gc,phases      ] GC(858)   Merge Heap Roots: 0.53ms
[6526.195s][info][gc,phases      ] GC(858)   Evacuate Collection Set: 170.04ms
[6526.195s][info][gc,phases      ] GC(858)   Post Evacuate Collection Set: 1.25ms
[6526.195s][info][gc,phases      ] GC(858)   Other: 0.07ms
[6526.195s][info][gc,heap        ] GC(858) Eden regions: 714->0(715)
[6526.195s][info][gc,heap        ] GC(858) Survivor regions: 54->53(96)
[6526.195s][info][gc,heap        ] GC(858) Old regions: 152->155
[6526.195s][info][gc,heap        ] GC(858) Humongous regions: 33->33
[6526.195s][info][gc,metaspace   ] GC(858) Metaspace: 30077K(30528K)->30077K(30528K) NonClass: 24663K(24896K)->24663K(24896K) Class: 5413K(5632K)->5413K(5632K)
[6526.195s][info][gc             ] GC(858) Pause Young (Normal) (G1 Evacuation Pause) 7590M->1888M(10240M) 172.314ms
[6526.195s][info][gc,cpu         ] GC(858) User=1.36s Sys=0.00s Real=0.17s
.....[6530.451s][info][gc,start       ] GC(859) Pause Young (Normal) (G1 Evacuation Pause)
[6530.451s][info][gc,task        ] GC(859) Using 8 workers of 8 for evacuation
[6530.623s][info][gc,phases      ] GC(859)   Pre Evacuate Collection Set: 0.30ms
[6530.623s][info][gc,phases      ] GC(859)   Merge Heap Roots: 0.56ms
[6530.623s][info][gc,phases      ] GC(859)   Evacuate Collection Set: 169.69ms
[6530.623s][info][gc,phases      ] GC(859)   Post Evacuate Collection Set: 1.22ms
[6530.623s][info][gc,phases      ] GC(859)   Other: 0.06ms
[6530.623s][info][gc,heap        ] GC(859) Eden regions: 715->0(715)
[6530.623s][info][gc,heap        ] GC(859) Survivor regions: 53->53(96)
[6530.623s][info][gc,heap        ] GC(859) Old regions: 155->157
[6530.623s][info][gc,heap        ] GC(859) Humongous regions: 33->33
[6530.623s][info][gc,metaspace   ] GC(859) Metaspace: 30077K(30528K)->30077K(30528K) NonClass: 24663K(24896K)->24663K(24896K) Class: 5413K(5632K)->5413K(5632K)
[6530.623s][info][gc             ] GC(859) Pause Young (Normal) (G1 Evacuation Pause) 7608M->1914M(10240M) 171.952ms
[6530.623s][info][gc,cpu         ] GC(859) User=1.36s Sys=0.00s Real=0.17s
....[6534.835s][info][gc,start       ] GC(860) Pause Young (Normal) (G1 Evacuation Pause)
[6534.835s][info][gc,task        ] GC(860) Using 8 workers of 8 for evacuation
[6535.005s][info][gc,phases      ] GC(860)   Pre Evacuate Collection Set: 0.30ms
[6535.005s][info][gc,phases      ] GC(860)   Merge Heap Roots: 0.55ms
[6535.005s][info][gc,phases      ] GC(860)   Evacuate Collection Set: 167.14ms
[6535.005s][info][gc,phases      ] GC(860)   Post Evacuate Collection Set: 1.28ms
[6535.005s][info][gc,phases      ] GC(860)   Other: 0.06ms
[6535.005s][info][gc,heap        ] GC(860) Eden regions: 715->0(716)
[6535.005s][info][gc,heap        ] GC(860) Survivor regions: 53->52(96)
[6535.005s][info][gc,heap        ] GC(860) Old regions: 157->160
[6535.005s][info][gc,heap        ] GC(860) Humongous regions: 33->33
[6535.005s][info][gc,metaspace   ] GC(860) Metaspace: 30077K(30528K)->30077K(30528K) NonClass: 24663K(24896K)->24663K(24896K) Class: 5413K(5632K)->5413K(5632K)
[6535.005s][info][gc             ] GC(860) Pause Young (Normal) (G1 Evacuation Pause) 7634M->1928M(10240M) 169.470ms
[6535.005s][info][gc,cpu         ] GC(860) User=1.33s Sys=0.00s Real=0.17s
....[6539.365s][info][gc,start       ] GC(861) Pause Young (Normal) (G1 Evacuation Pause)
[6539.366s][info][gc,task        ] GC(861) Using 8 workers of 8 for evacuation
[6539.544s][info][gc,phases      ] GC(861)   Pre Evacuate Collection Set: 0.30ms
[6539.544s][info][gc,phases      ] GC(861)   Merge Heap Roots: 0.56ms
[6539.544s][info][gc,phases      ] GC(861)   Evacuate Collection Set: 175.90ms
[6539.544s][info][gc,phases      ] GC(861)   Post Evacuate Collection Set: 1.30ms
[6539.544s][info][gc,phases      ] GC(861)   Other: 0.07ms
[6539.544s][info][gc,heap        ] GC(861) Eden regions: 716->0(714)
[6539.544s][info][gc,heap        ] GC(861) Survivor regions: 52->54(96)
[6539.544s][info][gc,heap        ] GC(861) Old regions: 160->163
[6539.544s][info][gc,heap        ] GC(861) Humongous regions: 33->33
[6539.544s][info][gc,metaspace   ] GC(861) Metaspace: 30077K(30528K)->30077K(30528K) NonClass: 24663K(24896K)->24663K(24896K) Class: 5413K(5632K)->5413K(5632K)
[6539.544s][info][gc             ] GC(861) Pause Young (Normal) (G1 Evacuation Pause) 7656M->1965M(10240M) 178.283ms
[6539.544s][info][gc,cpu         ] GC(861) User=1.41s Sys=0.00s Real=0.18s
.....[6543.844s][info][gc,start       ] GC(862) Pause Young (Normal) (G1 Evacuation Pause)
[6543.844s][info][gc,task        ] GC(862) Using 8 workers of 8 for evacuation
[6544.015s][info][gc,phases      ] GC(862)   Pre Evacuate Collection Set: 0.31ms
[6544.015s][info][gc,phases      ] GC(862)   Merge Heap Roots: 0.53ms
[6544.015s][info][gc,phases      ] GC(862)   Evacuate Collection Set: 168.30ms
[6544.015s][info][gc,phases      ] GC(862)   Post Evacuate Collection Set: 1.27ms
[6544.015s][info][gc,phases      ] GC(862)   Other: 0.08ms
[6544.015s][info][gc,heap        ] GC(862) Eden regions: 714->0(716)
[6544.015s][info][gc,heap        ] GC(862) Survivor regions: 54->52(96)
[6544.015s][info][gc,heap        ] GC(862) Old regions: 163->165
[6544.015s][info][gc,heap        ] GC(862) Humongous regions: 33->33
[6544.015s][info][gc,metaspace   ] GC(862) Metaspace: 30077K(30528K)->30077K(30528K) NonClass: 24663K(24896K)->24663K(24896K) Class: 5413K(5632K)->5413K(5632K)
[6544.015s][info][gc             ] GC(862) Pause Young (Normal) (G1 Evacuation Pause) 7677M->1971M(10240M) 170.632ms
[6544.015s][info][gc,cpu         ] GC(862) User=1.34s Sys=0.00s Real=0.17s
....[6548.493s][info][gc,start       ] GC(863) Pause Young (Normal) (G1 Evacuation Pause)
[6548.493s][info][gc,task        ] GC(863) Using 8 workers of 8 for evacuation
[6548.665s][info][gc,phases      ] GC(863)   Pre Evacuate Collection Set: 0.29ms
[6548.665s][info][gc,phases      ] GC(863)   Merge Heap Roots: 0.58ms
[6548.665s][info][gc,phases      ] GC(863)   Evacuate Collection Set: 169.82ms
[6548.665s][info][gc,phases      ] GC(863)   Post Evacuate Collection Set: 1.26ms
[6548.665s][info][gc,phases      ] GC(863)   Other: 0.06ms
[6548.665s][info][gc,heap        ] GC(863) Eden regions: 716->0(715)
[6548.665s][info][gc,heap        ] GC(863) Survivor regions: 52->53(96)
[6548.665s][info][gc,heap        ] GC(863) Old regions: 165->168
[6548.665s][info][gc,heap        ] GC(863) Humongous regions: 33->33
[6548.665s][info][gc,metaspace   ] GC(863) Metaspace: 30077K(30528K)->30077K(30528K) NonClass: 24663K(24896K)->24663K(24896K) Class: 5413K(5632K)->5413K(5632K)
[6548.665s][info][gc             ] GC(863) Pause Young (Normal) (G1 Evacuation Pause) 7699M->2001M(10240M) 172.157ms
[6548.665s][info][gc,cpu         ] GC(863) User=1.35s Sys=0.00s Real=0.17s
.....[6553.071s][info][gc,start       ] GC(864) Pause Young (Normal) (G1 Evacuation Pause)
[6553.071s][info][gc,task        ] GC(864) Using 8 workers of 8 for evacuation
[6553.239s][info][gc,phases      ] GC(864)   Pre Evacuate Collection Set: 0.29ms
[6553.239s][info][gc,phases      ] GC(864)   Merge Heap Roots: 0.54ms
[6553.239s][info][gc,phases      ] GC(864)   Evacuate Collection Set: 166.24ms
[6553.239s][info][gc,phases      ] GC(864)   Post Evacuate Collection Set: 1.28ms
[6553.239s][info][gc,phases      ] GC(864)   Other: 0.06ms
[6553.239s][info][gc,heap        ] GC(864) Eden regions: 715->0(716)
[6553.239s][info][gc,heap        ] GC(864) Survivor regions: 53->52(96)
[6553.239s][info][gc,heap        ] GC(864) Old regions: 168->171
[6553.239s][info][gc,heap        ] GC(864) Humongous regions: 33->33
[6553.239s][info][gc,metaspace   ] GC(864) Metaspace: 30077K(30528K)->30077K(30528K) NonClass: 24663K(24896K)->24663K(24896K) Class: 5413K(5632K)->5413K(5632K)
[6553.239s][info][gc             ] GC(864) Pause Young (Normal) (G1 Evacuation Pause) 7721M->2016M(10240M) 168.566ms
[6553.239s][info][gc,cpu         ] GC(864) User=1.33s Sys=0.00s Real=0.17s
....[6557.521s][info][gc,start       ] GC(865) Pause Young (Normal) (G1 Evacuation Pause)
[6557.521s][info][gc,task        ] GC(865) Using 8 workers of 8 for evacuation
[6557.701s][info][gc,phases      ] GC(865)   Pre Evacuate Collection Set: 0.28ms
[6557.701s][info][gc,phases      ] GC(865)   Merge Heap Roots: 0.55ms
[6557.701s][info][gc,phases      ] GC(865)   Evacuate Collection Set: 177.47ms
[6557.701s][info][gc,phases      ] GC(865)   Post Evacuate Collection Set: 1.28ms
[6557.701s][info][gc,phases      ] GC(865)   Other: 0.06ms
[6557.701s][info][gc,heap        ] GC(865) Eden regions: 716->0(713)
[6557.701s][info][gc,heap        ] GC(865) Survivor regions: 52->55(96)
[6557.701s][info][gc,heap        ] GC(865) Old regions: 171->174
[6557.701s][info][gc,heap        ] GC(865) Humongous regions: 33->33
[6557.701s][info][gc,metaspace   ] GC(865) Metaspace: 30077K(30528K)->30077K(30528K) NonClass: 24663K(24896K)->24663K(24896K) Class: 5413K(5632K)->5413K(5632K)
[6557.701s][info][gc             ] GC(865) Pause Young (Normal) (G1 Evacuation Pause) 7744M->2062M(10240M) 179.784ms
[6557.701s][info][gc,cpu         ] GC(865) User=1.42s Sys=0.00s Real=0.18s
.. (rIR:aIR:PR = 10793:10712:10712) (tPR = 159045) [OK] 
  6558s: Performance info:
         Transaction,    Success,    Partial,     Failed,   Receipts, AvgBarcode, 
             Overall,     646407,          0,          0,     613748,      59.47, 
         Response times:
             Request,    Success,    Partial,     Failed,   SkipFail,     Probes,    Samples,      min,      p50,      p90,      p95,      p99,      max, 
       TotalPurchase,     613748,          0,          0,          0,     359704,     470806,      300,     8800,    61000,   101000,   175000,  1100000,
     InStorePurchase,     323702,          0,          0,          0,     188862,     246841,      300,     8800,    60000,   102000,   176000,  1100000,
      OnlinePurchase,     225442,          0,          0,          0,     132303,     173350,      300,     8900,    60000,    99000,   174000,  1100000,
        InstPurchase,      64604,          0,          0,          0,      38539,      50615,      400,     8800,    66000,   103000,   178000,  1100000,
          AssocOfCat,        650,          0,          0,          0,        564,        842,    30000,    59000,   119000,   173850,   229710,   340000,
      AssocOfProduct,       6451,          0,          0,          0,       3815,       5210,      700,     9200,    63000,   104000,   172000,   332000,
      BusinessReport,       1624,          0,          0,          0,       1437,       2042,    36000,    72000,   139000,   181850,   253140,   800000,
          CustBuyBeh,       6487,          0,          0,          0,       3782,       5185,      400,     9600,    61000,   105000,   175000,   475000,
       ProductReturn,      17447,          0,          0,          0,       9516,      12711,      200,     8500,    57000,   104000,   179000,   730000,

  6558s: (79%)   IR =  10931 ...[6561.953s][info][gc,start       ] GC(866) Pause Young (Normal) (G1 Evacuation Pause)
[6561.953s][info][gc,task        ] GC(866) Using 8 workers of 8 for evacuation
[6562.127s][info][gc,phases      ] GC(866)   Pre Evacuate Collection Set: 0.31ms
[6562.127s][info][gc,phases      ] GC(866)   Merge Heap Roots: 0.53ms
[6562.127s][info][gc,phases      ] GC(866)   Evacuate Collection Set: 171.06ms
[6562.127s][info][gc,phases      ] GC(866)   Post Evacuate Collection Set: 1.31ms
[6562.127s][info][gc,phases      ] GC(866)   Other: 0.06ms
[6562.127s][info][gc,heap        ] GC(866) Eden regions: 713->0(715)
[6562.127s][info][gc,heap        ] GC(866) Survivor regions: 55->53(96)
[6562.127s][info][gc,heap        ] GC(866) Old regions: 174->177
[6562.127s][info][gc,heap        ] GC(866) Humongous regions: 33->33
[6562.127s][info][gc,metaspace   ] GC(866) Metaspace: 30077K(30528K)->30077K(30528K) NonClass: 24663K(24896K)->24663K(24896K) Class: 5413K(5632K)->5413K(5632K)
[6562.127s][info][gc             ] GC(866) Pause Young (Normal) (G1 Evacuation Pause) 7766M->2068M(10240M) 173.412ms
[6562.127s][info][gc,cpu         ] GC(866) User=1.37s Sys=0.00s Real=0.18s
....[6566.147s][info][gc,start       ] GC(867) Pause Young (Normal) (G1 Evacuation Pause)
[6566.148s][info][gc,task        ] GC(867) Using 8 workers of 8 for evacuation
[6566.322s][info][gc,phases      ] GC(867)   Pre Evacuate Collection Set: 0.29ms
[6566.322s][info][gc,phases      ] GC(867)   Merge Heap Roots: 0.55ms
[6566.322s][info][gc,phases      ] GC(867)   Evacuate Collection Set: 171.76ms
[6566.322s][info][gc,phases      ] GC(867)   Post Evacuate Collection Set: 1.31ms
[6566.322s][info][gc,phases      ] GC(867)   Other: 0.07ms
[6566.322s][info][gc,heap        ] GC(867) Eden regions: 715->0(715)
[6566.322s][info][gc,heap        ] GC(867) Survivor regions: 53->53(96)
[6566.322s][info][gc,heap        ] GC(867) Old regions: 177->179
[6566.322s][info][gc,heap        ] GC(867) Humongous regions: 33->33
[6566.322s][info][gc,metaspace   ] GC(867) Metaspace: 30077K(30528K)->30077K(30528K) NonClass: 24663K(24896K)->24663K(24896K) Class: 5413K(5632K)->5413K(5632K)
[6566.322s][info][gc             ] GC(867) Pause Young (Normal) (G1 Evacuation Pause) 7788M->2091M(10240M) 174.113ms
[6566.322s][info][gc,cpu         ] GC(867) User=1.37s Sys=0.00s Real=0.17s
....[6570.497s][info][gc,start       ] GC(868) Pause Young (Normal) (G1 Evacuation Pause)
[6570.497s][info][gc,task        ] GC(868) Using 8 workers of 8 for evacuation
[6570.677s][info][gc,phases      ] GC(868)   Pre Evacuate Collection Set: 0.27ms
[6570.677s][info][gc,phases      ] GC(868)   Merge Heap Roots: 0.61ms
[6570.677s][info][gc,phases      ] GC(868)   Evacuate Collection Set: 177.29ms
[6570.677s][info][gc,phases      ] GC(868)   Post Evacuate Collection Set: 1.27ms
[6570.677s][info][gc,phases      ] GC(868)   Other: 0.07ms
[6570.677s][info][gc,heap        ] GC(868) Eden regions: 715->0(708)
[6570.677s][info][gc,heap        ] GC(868) Survivor regions: 53->56(96)
[6570.677s][info][gc,heap        ] GC(868) Old regions: 179->182
[6570.677s][info][gc,heap        ] GC(868) Humongous regions: 33->33
[6570.677s][info][gc,metaspace   ] GC(868) Metaspace: 30077K(30528K)->30077K(30528K) NonClass: 24663K(24896K)->24663K(24896K) Class: 5413K(5632K)->5413K(5632K)
[6570.677s][info][gc             ] GC(868) Pause Young (Normal) (G1 Evacuation Pause) 7811M->2133M(10240M) 179.650ms
[6570.677s][info][gc,cpu         ] GC(868) User=1.41s Sys=0.00s Real=0.18s
....[6574.715s][info][gc,start       ] GC(869) Pause Young (Normal) (G1 Evacuation Pause)
[6574.715s][info][gc,task        ] GC(869) Using 8 workers of 8 for evacuation
[6574.887s][info][gc,phases      ] GC(869)   Pre Evacuate Collection Set: 0.30ms
[6574.887s][info][gc,phases      ] GC(869)   Merge Heap Roots: 0.54ms
[6574.887s][info][gc,phases      ] GC(869)   Evacuate Collection Set: 169.31ms
[6574.887s][info][gc,phases      ] GC(869)   Post Evacuate Collection Set: 1.30ms
[6574.887s][info][gc,phases      ] GC(869)   Other: 0.07ms
[6574.887s][info][gc,heap        ] GC(869) Eden regions: 709->0(715)
[6574.887s][info][gc,heap        ] GC(869) Survivor regions: 56->53(96)
[6574.887s][info][gc,heap        ] GC(869) Old regions: 182->185
[6574.887s][info][gc,heap        ] GC(869) Humongous regions: 33->33
[6574.887s][info][gc,metaspace   ] GC(869) Metaspace: 30077K(30528K)->30077K(30528K) NonClass: 24663K(24896K)->24663K(24896K) Class: 5413K(5632K)->5413K(5632K)
[6574.887s][info][gc             ] GC(869) Pause Young (Normal) (G1 Evacuation Pause) 7805M->2136M(10240M) 171.658ms
[6574.887s][info][gc,cpu         ] GC(869) User=1.35s Sys=0.00s Real=0.18s
.....[6579.067s][info][gc,start       ] GC(870) Pause Young (Normal) (G1 Evacuation Pause)
[6579.067s][info][gc,task        ] GC(870) Using 8 workers of 8 for evacuation
[6579.247s][info][gc,phases      ] GC(870)   Pre Evacuate Collection Set: 0.28ms
[6579.247s][info][gc,phases      ] GC(870)   Merge Heap Roots: 0.56ms
[6579.247s][info][gc,phases      ] GC(870)   Evacuate Collection Set: 177.22ms
[6579.247s][info][gc,phases      ] GC(870)   Post Evacuate Collection Set: 1.31ms
[6579.247s][info][gc,phases      ] GC(870)   Other: 0.07ms
[6579.247s][info][gc,heap        ] GC(870) Eden regions: 715->0(714)
[6579.247s][info][gc,heap        ] GC(870) Survivor regions: 53->54(96)
[6579.247s][info][gc,heap        ] GC(870) Old regions: 185->188
[6579.247s][info][gc,heap        ] GC(870) Humongous regions: 33->33
[6579.247s][info][gc,metaspace   ] GC(870) Metaspace: 30077K(30528K)->30077K(30528K) NonClass: 24663K(24896K)->24663K(24896K) Class: 5413K(5632K)->5413K(5632K)
[6579.247s][info][gc             ] GC(870) Pause Young (Normal) (G1 Evacuation Pause) 7856M->2167M(10240M) 179.577ms
[6579.247s][info][gc,cpu         ] GC(870) User=1.42s Sys=0.00s Real=0.18s
....[6583.304s][info][gc,start       ] GC(871) Pause Young (Normal) (G1 Evacuation Pause)
[6583.304s][info][gc,task        ] GC(871) Using 8 workers of 8 for evacuation
[6583.481s][info][gc,phases      ] GC(871)   Pre Evacuate Collection Set: 0.30ms
[6583.481s][info][gc,phases      ] GC(871)   Merge Heap Roots: 0.57ms
[6583.481s][info][gc,phases      ] GC(871)   Evacuate Collection Set: 174.59ms
[6583.481s][info][gc,phases      ] GC(871)   Post Evacuate Collection Set: 1.33ms
[6583.481s][info][gc,phases      ] GC(871)   Other: 0.07ms
[6583.481s][info][gc,heap        ] GC(871) Eden regions: 714->0(714)
[6583.481s][info][gc,heap        ] GC(871) Survivor regions: 54->54(96)
[6583.481s][info][gc,heap        ] GC(871) Old regions: 188->191
[6583.481s][info][gc,heap        ] GC(871) Humongous regions: 33->33
[6583.481s][info][gc,metaspace   ] GC(871) Metaspace: 30077K(30528K)->30077K(30528K) NonClass: 24663K(24896K)->24663K(24896K) Class: 5413K(5632K)->5413K(5632K)
[6583.481s][info][gc             ] GC(871) Pause Young (Normal) (G1 Evacuation Pause) 7879M->2184M(10240M) 177.011ms
[6583.481s][info][gc,cpu         ] GC(871) User=1.39s Sys=0.00s Real=0.18s
....[6587.693s][info][gc,start       ] GC(872) Pause Young (Normal) (G1 Evacuation Pause)
[6587.693s][info][gc,task        ] GC(872) Using 8 workers of 8 for evacuation
[6587.864s][info][gc,phases      ] GC(872)   Pre Evacuate Collection Set: 0.28ms
[6587.864s][info][gc,phases      ] GC(872)   Merge Heap Roots: 0.53ms
[6587.864s][info][gc,phases      ] GC(872)   Evacuate Collection Set: 169.10ms
[6587.864s][info][gc,phases      ] GC(872)   Post Evacuate Collection Set: 1.26ms
[6587.864s][info][gc,phases      ] GC(872)   Other: 0.06ms
[6587.864s][info][gc,heap        ] GC(872) Eden regions: 714->0(715)
[6587.864s][info][gc,heap        ] GC(872) Survivor regions: 54->53(96)
[6587.864s][info][gc,heap        ] GC(872) Old regions: 191->193
[6587.864s][info][gc,heap        ] GC(872) Humongous regions: 33->33
[6587.864s][info][gc,metaspace   ] GC(872) Metaspace: 30077K(30528K)->30077K(30528K) NonClass: 24663K(24896K)->24663K(24896K) Class: 5413K(5632K)->5413K(5632K)
[6587.864s][info][gc             ] GC(872) Pause Young (Normal) (G1 Evacuation Pause) 7896M->2202M(10240M) 171.360ms
[6587.864s][info][gc,cpu         ] GC(872) User=1.35s Sys=0.00s Real=0.17s
.. (rIR:aIR:PR = 10931:11201:11207) (tPR = 171202) [IR is over limit] [PR is over limit] 
  6588s: Performance info:
         Transaction,    Success,    Partial,     Failed,   Receipts, AvgBarcode, 
             Overall,     225112,          0,          0,     214493,      59.49, 
         Response times:
             Request,    Success,    Partial,     Failed,   SkipFail,     Probes,    Samples,      min,      p50,      p90,      p95,      p99,      max, 
       TotalPurchase,     214372,          0,          0,          0,     117907,     178597,      300,     9800,    59000,   106000,   167000,  1100000,
     InStorePurchase,     111203,          0,          0,          0,      61865,      93794,      300,     9900,    59000,   104000,   167000,  1100000,
      OnlinePurchase,      80960,          0,          0,          0,      43467,      65781,      400,     9800,    59000,   106000,   166000,  1100000,
        InstPurchase,      22209,          0,          0,          0,      12575,      19022,      500,     9700,    61000,   112000,   186000,   610000,
          AssocOfCat,        220,          0,          0,          0,        173,        297,    33000,    65000,   137000,   158600,   320520,   356000,
      AssocOfProduct,       2148,          0,          0,          0,       1237,       1895,      700,    10700,    61000,   104000,   164000,   382000,
      BusinessReport,        547,          0,          0,          0,        501,        792,    38000,    76000,   136700,   207700,   273070,   770000,
          CustBuyBeh,       2142,          0,          0,          0,       1284,       1974,      200,     9600,    61000,   111750,   171000,  1100000,
       ProductReturn,       5551,          0,          0,          0,       3214,       4901,      200,     9700,    64800,   111000,   175000,   409000,

  6588s: 
  6588s: Failed, 9 overall retries left, retrying 1 of 1
  6588s: (79%)   IR =  10931 ...[6592.175s][info][gc,start       ] GC(873) Pause Young (Normal) (G1 Evacuation Pause)
[6592.175s][info][gc,task        ] GC(873) Using 8 workers of 8 for evacuation
[6592.351s][info][gc,phases      ] GC(873)   Pre Evacuate Collection Set: 0.29ms
[6592.351s][info][gc,phases      ] GC(873)   Merge Heap Roots: 0.53ms
[6592.351s][info][gc,phases      ] GC(873)   Evacuate Collection Set: 173.78ms
[6592.351s][info][gc,phases      ] GC(873)   Post Evacuate Collection Set: 1.26ms
[6592.351s][info][gc,phases      ] GC(873)   Other: 0.07ms
[6592.351s][info][gc,heap        ] GC(873) Eden regions: 715->0(715)
[6592.351s][info][gc,heap        ] GC(873) Survivor regions: 53->53(96)
[6592.351s][info][gc,heap        ] GC(873) Old regions: 193->196
[6592.351s][info][gc,heap        ] GC(873) Humongous regions: 33->33
[6592.351s][info][gc,metaspace   ] GC(873) Metaspace: 30077K(30528K)->30077K(30528K) NonClass: 24663K(24896K)->24663K(24896K) Class: 5413K(5632K)->5413K(5632K)
[6592.351s][info][gc             ] GC(873) Pause Young (Normal) (G1 Evacuation Pause) 7922M->2224M(10240M) 176.097ms
[6592.351s][info][gc,cpu         ] GC(873) User=1.39s Sys=0.00s Real=0.18s
....|[6596.557s][info][gc,start       ] GC(874) Pause Young (Normal) (G1 Evacuation Pause)
[6596.557s][info][gc,task        ] GC(874) Using 8 workers of 8 for evacuation
[6596.729s][info][gc,phases      ] GC(874)   Pre Evacuate Collection Set: 0.33ms
[6596.729s][info][gc,phases      ] GC(874)   Merge Heap Roots: 0.52ms
[6596.729s][info][gc,phases      ] GC(874)   Evacuate Collection Set: 169.23ms
[6596.729s][info][gc,phases      ] GC(874)   Post Evacuate Collection Set: 1.32ms
[6596.729s][info][gc,phases      ] GC(874)   Other: 0.07ms
[6596.729s][info][gc,heap        ] GC(874) Eden regions: 715->0(715)
[6596.729s][info][gc,heap        ] GC(874) Survivor regions: 53->53(96)
[6596.729s][info][gc,heap        ] GC(874) Old regions: 196->199
[6596.729s][info][gc,heap        ] GC(874) Humongous regions: 33->33
[6596.729s][info][gc,metaspace   ] GC(874) Metaspace: 30077K(30528K)->30077K(30528K) NonClass: 24663K(24896K)->24663K(24896K) Class: 5413K(5632K)->5413K(5632K)
[6596.729s][info][gc             ] GC(874) Pause Young (Normal) (G1 Evacuation Pause) 7944M->2247M(10240M) 171.614ms
[6596.729s][info][gc,cpu         ] GC(874) User=1.35s Sys=0.00s Real=0.17s
....[6600.916s][info][gc,start       ] GC(875) Pause Young (Normal) (G1 Evacuation Pause)
[6600.916s][info][gc,task        ] GC(875) Using 8 workers of 8 for evacuation
[6601.086s][info][gc,phases      ] GC(875)   Pre Evacuate Collection Set: 0.29ms
[6601.086s][info][gc,phases      ] GC(875)   Merge Heap Roots: 0.53ms
[6601.086s][info][gc,phases      ] GC(875)   Evacuate Collection Set: 168.05ms
[6601.086s][info][gc,phases      ] GC(875)   Post Evacuate Collection Set: 1.25ms
[6601.086s][info][gc,phases      ] GC(875)   Other: 0.06ms
[6601.086s][info][gc,heap        ] GC(875) Eden regions: 715->0(716)
[6601.086s][info][gc,heap        ] GC(875) Survivor regions: 53->52(96)
[6601.086s][info][gc,heap        ] GC(875) Old regions: 199->202
[6601.086s][info][gc,heap        ] GC(875) Humongous regions: 33->33
[6601.086s][info][gc,metaspace   ] GC(875) Metaspace: 30077K(30528K)->30077K(30528K) NonClass: 24663K(24896K)->24663K(24896K) Class: 5413K(5632K)->5413K(5632K)
[6601.086s][info][gc             ] GC(875) Pause Young (Normal) (G1 Evacuation Pause) 7967M->2262M(10240M) 170.340ms
[6601.086s][info][gc,cpu         ] GC(875) User=1.34s Sys=0.00s Real=0.17s
.....[6605.433s][info][gc,start       ] GC(876) Pause Young (Normal) (G1 Evacuation Pause)
[6605.433s][info][gc,task        ] GC(876) Using 8 workers of 8 for evacuation
[6605.607s][info][gc,phases      ] GC(876)   Pre Evacuate Collection Set: 0.29ms
[6605.607s][info][gc,phases      ] GC(876)   Merge Heap Roots: 0.55ms
[6605.607s][info][gc,phases      ] GC(876)   Evacuate Collection Set: 171.48ms
[6605.607s][info][gc,phases      ] GC(876)   Post Evacuate Collection Set: 1.25ms
[6605.607s][info][gc,phases      ] GC(876)   Other: 0.07ms
[6605.607s][info][gc,heap        ] GC(876) Eden regions: 716->0(714)
[6605.607s][info][gc,heap        ] GC(876) Survivor regions: 52->54(96)
[6605.607s][info][gc,heap        ] GC(876) Old regions: 202->205
[6605.607s][info][gc,heap        ] GC(876) Humongous regions: 33->33
[6605.607s][info][gc,metaspace   ] GC(876) Metaspace: 30077K(30528K)->30077K(30528K) NonClass: 24663K(24896K)->24663K(24896K) Class: 5413K(5632K)->5413K(5632K)
[6605.607s][info][gc             ] GC(876) Pause Young (Normal) (G1 Evacuation Pause) 7990M->2297M(10240M) 173.799ms
[6605.607s][info][gc,cpu         ] GC(876) User=1.36s Sys=0.00s Real=0.18s
....[6609.804s][info][gc,start       ] GC(877) Pause Young (Normal) (G1 Evacuation Pause)
[6609.804s][info][gc,task        ] GC(877) Using 8 workers of 8 for evacuation
[6609.973s][info][gc,phases      ] GC(877)   Pre Evacuate Collection Set: 0.29ms
[6609.973s][info][gc,phases      ] GC(877)   Merge Heap Roots: 0.54ms
[6609.973s][info][gc,phases      ] GC(877)   Evacuate Collection Set: 167.11ms
[6609.973s][info][gc,phases      ] GC(877)   Post Evacuate Collection Set: 1.24ms
[6609.973s][info][gc,phases      ] GC(877)   Other: 0.06ms
[6609.973s][info][gc,heap        ] GC(877) Eden regions: 714->0(716)
[6609.973s][info][gc,heap        ] GC(877) Survivor regions: 54->52(96)
[6609.973s][info][gc,heap        ] GC(877) Old regions: 205->207
[6609.973s][info][gc,heap        ] GC(877) Humongous regions: 33->33
[6609.973s][info][gc,metaspace   ] GC(877) Metaspace: 30077K(30528K)->30077K(30528K) NonClass: 24663K(24896K)->24663K(24896K) Class: 5413K(5632K)->5413K(5632K)
[6609.973s][info][gc             ] GC(877) Pause Young (Normal) (G1 Evacuation Pause) 8009M->2306M(10240M) 169.373ms
[6609.973s][info][gc,cpu         ] GC(877) User=1.33s Sys=0.00s Real=0.17s
.....[6614.324s][info][gc,start       ] GC(878) Pause Young (Normal) (G1 Evacuation Pause)
[6614.324s][info][gc,task        ] GC(878) Using 8 workers of 8 for evacuation
[6614.498s][info][gc,phases      ] GC(878)   Pre Evacuate Collection Set: 0.30ms
[6614.498s][info][gc,phases      ] GC(878)   Merge Heap Roots: 0.53ms
[6614.498s][info][gc,phases      ] GC(878)   Evacuate Collection Set: 172.03ms
[6614.498s][info][gc,phases      ] GC(878)   Post Evacuate Collection Set: 1.30ms
[6614.498s][info][gc,phases      ] GC(878)   Other: 0.06ms
[6614.498s][info][gc,heap        ] GC(878) Eden regions: 716->0(714)
[6614.498s][info][gc,heap        ] GC(878) Survivor regions: 52->54(96)
[6614.498s][info][gc,heap        ] GC(878) Old regions: 207->210
[6614.498s][info][gc,heap        ] GC(878) Humongous regions: 33->33
[6614.498s][info][gc,metaspace   ] GC(878) Metaspace: 30077K(30528K)->30077K(30528K) NonClass: 24663K(24896K)->24663K(24896K) Class: 5413K(5632K)->5413K(5632K)
[6614.498s][info][gc             ] GC(878) Pause Young (Normal) (G1 Evacuation Pause) 8034M->2340M(10240M) 174.350ms
[6614.498s][info][gc,cpu         ] GC(878) User=1.37s Sys=0.00s Real=0.18s
....[6618.824s][info][gc,start       ] GC(879) Pause Young (Normal) (G1 Evacuation Pause)
[6618.824s][info][gc,task        ] GC(879) Using 8 workers of 8 for evacuation
[6618.997s][info][gc,phases      ] GC(879)   Pre Evacuate Collection Set: 0.27ms
[6618.997s][info][gc,phases      ] GC(879)   Merge Heap Roots: 0.54ms
[6618.997s][info][gc,phases      ] GC(879)   Evacuate Collection Set: 170.89ms
[6618.997s][info][gc,phases      ] GC(879)   Post Evacuate Collection Set: 1.28ms
[6618.997s][info][gc,phases      ] GC(879)   Other: 0.07ms
[6618.997s][info][gc,heap        ] GC(879) Eden regions: 714->0(716)
[6618.997s][info][gc,heap        ] GC(879) Survivor regions: 54->52(96)
[6618.997s][info][gc,heap        ] GC(879) Old regions: 210->213
[6618.997s][info][gc,heap        ] GC(879) Humongous regions: 33->33
[6618.997s][info][gc,metaspace   ] GC(879) Metaspace: 30077K(30528K)->30077K(30528K) NonClass: 24663K(24896K)->24663K(24896K) Class: 5413K(5632K)->5413K(5632K)
[6618.997s][info][gc             ] GC(879) Pause Young (Normal) (G1 Evacuation Pause) 8052M->2350M(10240M) 173.175ms
[6618.997s][info][gc,cpu         ] GC(879) User=1.36s Sys=0.00s Real=0.18s
.....[6623.290s][info][gc,start       ] GC(880) Pause Young (Normal) (G1 Evacuation Pause)
[6623.290s][info][gc,task        ] GC(880) Using 8 workers of 8 for evacuation
[6623.465s][info][gc,phases      ] GC(880)   Pre Evacuate Collection Set: 0.28ms
[6623.465s][info][gc,phases      ] GC(880)   Merge Heap Roots: 0.65ms
[6623.465s][info][gc,phases      ] GC(880)   Evacuate Collection Set: 172.65ms
[6623.465s][info][gc,phases      ] GC(880)   Post Evacuate Collection Set: 1.29ms
[6623.465s][info][gc,phases      ] GC(880)   Other: 0.06ms
[6623.465s][info][gc,heap        ] GC(880) Eden regions: 716->0(714)
[6623.465s][info][gc,heap        ] GC(880) Survivor regions: 52->54(96)
[6623.465s][info][gc,heap        ] GC(880) Old regions: 213->216
[6623.465s][info][gc,heap        ] GC(880) Humongous regions: 33->33
[6623.465s][info][gc,metaspace   ] GC(880) Metaspace: 30077K(30528K)->30077K(30528K) NonClass: 24663K(24896K)->24663K(24896K) Class: 5413K(5632K)->5413K(5632K)
[6623.465s][info][gc             ] GC(880) Pause Young (Normal) (G1 Evacuation Pause) 8078M->2384M(10240M) 175.085ms
[6623.465s][info][gc,cpu         ] GC(880) User=1.37s Sys=0.00s Real=0.17s
....[6627.714s][info][gc,start       ] GC(881) Pause Young (Normal) (G1 Evacuation Pause)
[6627.715s][info][gc,task        ] GC(881) Using 8 workers of 8 for evacuation
[6627.886s][info][gc,phases      ] GC(881)   Pre Evacuate Collection Set: 0.29ms
[6627.886s][info][gc,phases      ] GC(881)   Merge Heap Roots: 0.56ms
[6627.886s][info][gc,phases      ] GC(881)   Evacuate Collection Set: 169.33ms
[6627.886s][info][gc,phases      ] GC(881)   Post Evacuate Collection Set: 1.29ms
[6627.886s][info][gc,phases      ] GC(881)   Other: 0.07ms
[6627.886s][info][gc,heap        ] GC(881) Eden regions: 714->0(715)
[6627.886s][info][gc,heap        ] GC(881) Survivor regions: 54->53(96)
[6627.886s][info][gc,heap        ] GC(881) Old regions: 216->218
[6627.886s][info][gc,heap        ] GC(881) Humongous regions: 33->33
[6627.886s][info][gc,metaspace   ] GC(881) Metaspace: 30077K(30528K)->30077K(30528K) NonClass: 24663K(24896K)->24663K(24896K) Class: 5413K(5632K)->5413K(5632K)
[6627.886s][info][gc             ] GC(881) Pause Young (Normal) (G1 Evacuation Pause) 8096M->2399M(10240M) 171.669ms
[6627.886s][info][gc,cpu         ] GC(881) User=1.36s Sys=0.00s Real=0.18s
.....[6632.105s][info][gc,start       ] GC(882) Pause Young (Normal) (G1 Evacuation Pause)
[6632.105s][info][gc,task        ] GC(882) Using 8 workers of 8 for evacuation
[6632.278s][info][gc,phases      ] GC(882)   Pre Evacuate Collection Set: 0.30ms
[6632.278s][info][gc,phases      ] GC(882)   Merge Heap Roots: 0.52ms
[6632.278s][info][gc,phases      ] GC(882)   Evacuate Collection Set: 170.55ms
[6632.278s][info][gc,phases      ] GC(882)   Post Evacuate Collection Set: 1.31ms
[6632.278s][info][gc,phases      ] GC(882)   Other: 0.06ms
[6632.278s][info][gc,heap        ] GC(882) Eden regions: 715->0(714)
[6632.278s][info][gc,heap        ] GC(882) Survivor regions: 53->54(96)
[6632.278s][info][gc,heap        ] GC(882) Old regions: 218->221
[6632.278s][info][gc,heap        ] GC(882) Humongous regions: 33->33
[6632.278s][info][gc,metaspace   ] GC(882) Metaspace: 30077K(30528K)->30077K(30528K) NonClass: 24663K(24896K)->24663K(24896K) Class: 5413K(5632K)->5413K(5632K)
[6632.278s][info][gc             ] GC(882) Pause Young (Normal) (G1 Evacuation Pause) 8119M->2428M(10240M) 172.887ms
[6632.278s][info][gc,cpu         ] GC(882) User=1.36s Sys=0.00s Real=0.18s
....[6636.656s][info][gc,start       ] GC(883) Pause Young (Normal) (G1 Evacuation Pause)
[6636.656s][info][gc,task        ] GC(883) Using 8 workers of 8 for evacuation
[6636.834s][info][gc,phases      ] GC(883)   Pre Evacuate Collection Set: 0.28ms
[6636.834s][info][gc,phases      ] GC(883)   Merge Heap Roots: 0.56ms
[6636.834s][info][gc,phases      ] GC(883)   Evacuate Collection Set: 175.71ms
[6636.834s][info][gc,phases      ] GC(883)   Post Evacuate Collection Set: 1.27ms
[6636.834s][info][gc,phases      ] GC(883)   Other: 0.08ms
[6636.834s][info][gc,heap        ] GC(883) Eden regions: 714->0(714)
[6636.834s][info][gc,heap        ] GC(883) Survivor regions: 54->54(96)
[6636.834s][info][gc,heap        ] GC(883) Old regions: 221->224
[6636.834s][info][gc,heap        ] GC(883) Humongous regions: 33->33
[6636.834s][info][gc,metaspace   ] GC(883) Metaspace: 30077K(30528K)->30077K(30528K) NonClass: 24663K(24896K)->24663K(24896K) Class: 5413K(5632K)->5413K(5632K)
[6636.834s][info][gc             ] GC(883) Pause Young (Normal) (G1 Evacuation Pause) 8140M->2451M(10240M) 178.035ms
[6636.834s][info][gc,cpu         ] GC(883) User=1.40s Sys=0.00s Real=0.17s
.....[6641.139s][info][gc,start       ] GC(884) Pause Young (Normal) (G1 Evacuation Pause)
[6641.139s][info][gc,task        ] GC(884) Using 8 workers of 8 for evacuation
[6641.309s][info][gc,phases      ] GC(884)   Pre Evacuate Collection Set: 0.30ms
[6641.309s][info][gc,phases      ] GC(884)   Merge Heap Roots: 0.55ms
[6641.309s][info][gc,phases      ] GC(884)   Evacuate Collection Set: 167.21ms
[6641.309s][info][gc,phases      ] GC(884)   Post Evacuate Collection Set: 1.31ms
[6641.309s][info][gc,phases      ] GC(884)   Other: 0.08ms
[6641.309s][info][gc,heap        ] GC(884) Eden regions: 714->0(717)
[6641.309s][info][gc,heap        ] GC(884) Survivor regions: 54->51(96)
[6641.309s][info][gc,heap        ] GC(884) Old regions: 224->227
[6641.309s][info][gc,heap        ] GC(884) Humongous regions: 33->33
[6641.309s][info][gc,metaspace   ] GC(884) Metaspace: 30077K(30528K)->30077K(30528K) NonClass: 24663K(24896K)->24663K(24896K) Class: 5413K(5632K)->5413K(5632K)
[6641.309s][info][gc             ] GC(884) Pause Young (Normal) (G1 Evacuation Pause) 8163M->2452M(10240M) 169.579ms
[6641.309s][info][gc,cpu         ] GC(884) User=1.33s Sys=0.00s Real=0.17s
....[6645.563s][info][gc,start       ] GC(885) Pause Young (Normal) (G1 Evacuation Pause)
[6645.563s][info][gc,task        ] GC(885) Using 8 workers of 8 for evacuation
[6645.744s][info][gc,phases      ] GC(885)   Pre Evacuate Collection Set: 0.29ms
[6645.745s][info][gc,phases      ] GC(885)   Merge Heap Roots: 0.57ms
[6645.745s][info][gc,phases      ] GC(885)   Evacuate Collection Set: 179.46ms
[6645.745s][info][gc,phases      ] GC(885)   Post Evacuate Collection Set: 1.28ms
[6645.745s][info][gc,phases      ] GC(885)   Other: 0.07ms
[6645.745s][info][gc,heap        ] GC(885) Eden regions: 717->0(706)
[6645.745s][info][gc,heap        ] GC(885) Survivor regions: 51->55(96)
[6645.745s][info][gc,heap        ] GC(885) Old regions: 227->229
[6645.745s][info][gc,heap        ] GC(885) Humongous regions: 33->33
[6645.745s][info][gc,metaspace   ] GC(885) Metaspace: 30077K(30528K)->30077K(30528K) NonClass: 24663K(24896K)->24663K(24896K) Class: 5413K(5632K)->5413K(5632K)
[6645.745s][info][gc             ] GC(885) Pause Young (Normal) (G1 Evacuation Pause) 8188M->2502M(10240M) 181.806ms
[6645.745s][info][gc,cpu         ] GC(885) User=1.43s Sys=0.01s Real=0.18s
....[6649.990s][info][gc,start       ] GC(886) Pause Young (Normal) (G1 Evacuation Pause)
[6649.990s][info][gc,task        ] GC(886) Using 8 workers of 8 for evacuation
[6650.161s][info][gc,phases      ] GC(886)   Pre Evacuate Collection Set: 0.30ms
[6650.161s][info][gc,phases      ] GC(886)   Merge Heap Roots: 0.63ms
[6650.161s][info][gc,phases      ] GC(886)   Evacuate Collection Set: 168.02ms
[6650.161s][info][gc,phases      ] GC(886)   Post Evacuate Collection Set: 1.26ms
[6650.161s][info][gc,phases      ] GC(886)   Other: 0.07ms
[6650.161s][info][gc,heap        ] GC(886) Eden regions: 705->0(716)
[6650.161s][info][gc,heap        ] GC(886) Survivor regions: 55->52(95)
[6650.161s][info][gc,heap        ] GC(886) Old regions: 229->232
[6650.161s][info][gc,heap        ] GC(886) Humongous regions: 33->33
[6650.161s][info][gc,metaspace   ] GC(886) Metaspace: 30077K(30528K)->30077K(30528K) NonClass: 24663K(24896K)->24663K(24896K) Class: 5413K(5632K)->5413K(5632K)
[6650.161s][info][gc             ] GC(886) Pause Young (Normal) (G1 Evacuation Pause) 8142M->2499M(10240M) 170.418ms
[6650.161s][info][gc,cpu         ] GC(886) User=1.35s Sys=0.00s Real=0.17s
.....[6654.354s][info][gc,start       ] GC(887) Pause Young (Normal) (G1 Evacuation Pause)
[6654.354s][info][gc,task        ] GC(887) Using 8 workers of 8 for evacuation
[6654.525s][info][gc,phases      ] GC(887)   Pre Evacuate Collection Set: 0.29ms
[6654.525s][info][gc,phases      ] GC(887)   Merge Heap Roots: 0.60ms
[6654.525s][info][gc,phases      ] GC(887)   Evacuate Collection Set: 168.82ms
[6654.525s][info][gc,phases      ] GC(887)   Post Evacuate Collection Set: 1.26ms
[6654.525s][info][gc,phases      ] GC(887)   Other: 0.08ms
[6654.525s][info][gc,heap        ] GC(887) Eden regions: 716->0(716)
[6654.525s][info][gc,heap        ] GC(887) Survivor regions: 52->52(96)
[6654.525s][info][gc,heap        ] GC(887) Old regions: 232->235
[6654.525s][info][gc,heap        ] GC(887) Humongous regions: 33->33
[6654.525s][info][gc,metaspace   ] GC(887) Metaspace: 30077K(30528K)->30077K(30528K) NonClass: 24663K(24896K)->24663K(24896K) Class: 5413K(5632K)->5413K(5632K)
[6654.525s][info][gc             ] GC(887) Pause Young (Normal) (G1 Evacuation Pause) 8227M->2526M(10240M) 171.208ms
[6654.525s][info][gc,cpu         ] GC(887) User=1.34s Sys=0.01s Real=0.17s
....[6658.871s][info][gc,start       ] GC(888) Pause Young (Normal) (G1 Evacuation Pause)
[6658.871s][info][gc,task        ] GC(888) Using 8 workers of 8 for evacuation
[6659.044s][info][gc,phases      ] GC(888)   Pre Evacuate Collection Set: 0.29ms
[6659.044s][info][gc,phases      ] GC(888)   Merge Heap Roots: 0.53ms
[6659.044s][info][gc,phases      ] GC(888)   Evacuate Collection Set: 170.79ms
[6659.044s][info][gc,phases      ] GC(888)   Post Evacuate Collection Set: 1.29ms
[6659.044s][info][gc,phases      ] GC(888)   Other: 0.06ms
[6659.044s][info][gc,heap        ] GC(888) Eden regions: 716->0(715)
[6659.044s][info][gc,heap        ] GC(888) Survivor regions: 52->53(96)
[6659.044s][info][gc,heap        ] GC(888) Old regions: 235->238
[6659.044s][info][gc,heap        ] GC(888) Humongous regions: 33->33
[6659.044s][info][gc,metaspace   ] GC(888) Metaspace: 30077K(30528K)->30077K(30528K) NonClass: 24663K(24896K)->24663K(24896K) Class: 5413K(5632K)->5413K(5632K)
[6659.044s][info][gc             ] GC(888) Pause Young (Normal) (G1 Evacuation Pause) 8254M->2557M(10240M) 173.088ms
[6659.044s][info][gc,cpu         ] GC(888) User=1.36s Sys=0.00s Real=0.17s
.....[6663.273s][info][gc,start       ] GC(889) Pause Young (Normal) (G1 Evacuation Pause)
[6663.273s][info][gc,task        ] GC(889) Using 8 workers of 8 for evacuation
[6663.444s][info][gc,phases      ] GC(889)   Pre Evacuate Collection Set: 0.31ms
[6663.444s][info][gc,phases      ] GC(889)   Merge Heap Roots: 0.54ms
[6663.444s][info][gc,phases      ] GC(889)   Evacuate Collection Set: 168.33ms
[6663.444s][info][gc,phases      ] GC(889)   Post Evacuate Collection Set: 1.26ms
[6663.444s][info][gc,phases      ] GC(889)   Other: 0.08ms
[6663.444s][info][gc,heap        ] GC(889) Eden regions: 715->0(716)
[6663.444s][info][gc,heap        ] GC(889) Survivor regions: 53->52(96)
[6663.444s][info][gc,heap        ] GC(889) Old regions: 238->240
[6663.444s][info][gc,heap        ] GC(889) Humongous regions: 33->33
[6663.444s][info][gc,metaspace   ] GC(889) Metaspace: 30077K(30528K)->30077K(30528K) NonClass: 24663K(24896K)->24663K(24896K) Class: 5413K(5632K)->5413K(5632K)
[6663.444s][info][gc             ] GC(889) Pause Young (Normal) (G1 Evacuation Pause) 8277M->2571M(10240M) 170.646ms
[6663.444s][info][gc,cpu         ] GC(889) User=1.35s Sys=0.00s Real=0.17s
 (rIR:aIR:PR = 10931:10834:10834) (tPR = 160067) [OK] 
  6663s: Performance info:
         Transaction,    Success,    Partial,     Failed,   Receipts, AvgBarcode, 
             Overall,     728265,          0,          0,     691288,      59.47, 
         Response times:
             Request,    Success,    Partial,     Failed,   SkipFail,     Probes,    Samples,      min,      p50,      p90,      p95,      p99,      max, 
       TotalPurchase,     691288,          0,          0,          0,     395861,     447351,      300,     9500,    58000,   110000,   187000,   860000,
     InStorePurchase,     364771,          0,          0,          0,     207804,     234597,      300,     9500,    59000,   114000,   191000,   860000,
      OnlinePurchase,     253805,          0,          0,          0,     145840,     165137,      300,     9500,    56000,   104000,   183000,   860000,
        InstPurchase,      72712,          0,          0,          0,      42217,      47617,      400,     9400,    57000,   109000,   189000,   830000,
          AssocOfCat,        736,          0,          0,          0,        621,        812,    33000,    63000,   133400,   179000,   240610,   296000,
      AssocOfProduct,       7398,          0,          0,          0,       4316,       5122,      900,    10300,    57000,   101000,   180770,   446000,
      BusinessReport,       1834,          0,          0,          0,       1618,       1946,    35000,    72000,   126000,   167000,   253060,   700000,
          CustBuyBeh,       7333,          0,          0,          0,       4369,       5161,      300,     8400,    59000,   101000,   176380,   442000,
       ProductReturn,      19676,          0,          0,          0,      10755,      12353,      200,     9400,    60000,   106000,   190000,   660000,

  6663s: (80%)   IR =  11070 ....[6667.693s][info][gc,start       ] GC(890) Pause Young (Normal) (G1 Evacuation Pause)
[6667.693s][info][gc,task        ] GC(890) Using 8 workers of 8 for evacuation
[6667.866s][info][gc,phases      ] GC(890)   Pre Evacuate Collection Set: 0.29ms
[6667.866s][info][gc,phases      ] GC(890)   Merge Heap Roots: 0.54ms
[6667.866s][info][gc,phases      ] GC(890)   Evacuate Collection Set: 170.37ms
[6667.866s][info][gc,phases      ] GC(890)   Post Evacuate Collection Set: 1.25ms
[6667.866s][info][gc,phases      ] GC(890)   Other: 0.08ms
[6667.866s][info][gc,heap        ] GC(890) Eden regions: 716->0(715)
[6667.866s][info][gc,heap        ] GC(890) Survivor regions: 52->53(96)
[6667.866s][info][gc,heap        ] GC(890) Old regions: 240->243
[6667.866s][info][gc,heap        ] GC(890) Humongous regions: 33->33
[6667.866s][info][gc,metaspace   ] GC(890) Metaspace: 30077K(30528K)->30077K(30528K) NonClass: 24663K(24896K)->24663K(24896K) Class: 5413K(5632K)->5413K(5632K)
[6667.866s][info][gc             ] GC(890) Pause Young (Normal) (G1 Evacuation Pause) 8299M->2600M(10240M) 172.649ms
[6667.866s][info][gc,cpu         ] GC(890) User=1.36s Sys=0.00s Real=0.18s
....[6671.972s][info][gc,start       ] GC(891) Pause Young (Normal) (G1 Evacuation Pause)
[6671.972s][info][gc,task        ] GC(891) Using 8 workers of 8 for evacuation
[6672.147s][info][gc,phases      ] GC(891)   Pre Evacuate Collection Set: 0.28ms
[6672.147s][info][gc,phases      ] GC(891)   Merge Heap Roots: 0.53ms
[6672.147s][info][gc,phases      ] GC(891)   Evacuate Collection Set: 173.09ms
[6672.147s][info][gc,phases      ] GC(891)   Post Evacuate Collection Set: 1.36ms
[6672.147s][info][gc,phases      ] GC(891)   Other: 0.07ms
[6672.147s][info][gc,heap        ] GC(891) Eden regions: 715->0(714)
[6672.147s][info][gc,heap        ] GC(891) Survivor regions: 53->54(96)
[6672.147s][info][gc,heap        ] GC(891) Old regions: 243->246
[6672.147s][info][gc,heap        ] GC(891) Humongous regions: 33->33
[6672.147s][info][gc,metaspace   ] GC(891) Metaspace: 30077K(30528K)->30077K(30528K) NonClass: 24663K(24896K)->24663K(24896K) Class: 5413K(5632K)->5413K(5632K)
[6672.147s][info][gc             ] GC(891) Pause Young (Normal) (G1 Evacuation Pause) 8320M->2625M(10240M) 175.453ms
[6672.147s][info][gc,cpu         ] GC(891) User=1.38s Sys=0.00s Real=0.18s
....|[6676.378s][info][gc,start       ] GC(892) Pause Young (Normal) (G1 Evacuation Pause)
[6676.378s][info][gc,task        ] GC(892) Using 8 workers of 8 for evacuation
[6676.554s][info][gc,phases      ] GC(892)   Pre Evacuate Collection Set: 0.28ms
[6676.555s][info][gc,phases      ] GC(892)   Merge Heap Roots: 0.57ms
[6676.555s][info][gc,phases      ] GC(892)   Evacuate Collection Set: 173.29ms
[6676.555s][info][gc,phases      ] GC(892)   Post Evacuate Collection Set: 1.36ms
[6676.555s][info][gc,phases      ] GC(892)   Other: 0.06ms
[6676.555s][info][gc,heap        ] GC(892) Eden regions: 714->0(713)
[6676.555s][info][gc,heap        ] GC(892) Survivor regions: 54->55(96)
[6676.555s][info][gc,heap        ] GC(892) Old regions: 246->248
[6676.555s][info][gc,heap        ] GC(892) Humongous regions: 33->33
[6676.555s][info][gc,metaspace   ] GC(892) Metaspace: 30079K(30528K)->30079K(30528K) NonClass: 24666K(24896K)->24666K(24896K) Class: 5413K(5632K)->5413K(5632K)
[6676.555s][info][gc             ] GC(892) Pause Young (Normal) (G1 Evacuation Pause) 8337M->2655M(10240M) 176.478ms
[6676.555s][info][gc,cpu         ] GC(892) User=1.39s Sys=0.00s Real=0.17s
.....[6680.674s][info][gc,start       ] GC(893) Pause Young (Normal) (G1 Evacuation Pause)
[6680.674s][info][gc,task        ] GC(893) Using 8 workers of 8 for evacuation
[6680.847s][info][gc,phases      ] GC(893)   Pre Evacuate Collection Set: 0.27ms
[6680.848s][info][gc,phases      ] GC(893)   Merge Heap Roots: 0.56ms
[6680.848s][info][gc,phases      ] GC(893)   Evacuate Collection Set: 171.32ms
[6680.848s][info][gc,phases      ] GC(893)   Post Evacuate Collection Set: 1.27ms
[6680.848s][info][gc,phases      ] GC(893)   Other: 0.06ms
[6680.848s][info][gc,heap        ] GC(893) Eden regions: 713->0(715)
[6680.848s][info][gc,heap        ] GC(893) Survivor regions: 55->53(96)
[6680.848s][info][gc,heap        ] GC(893) Old regions: 248->251
[6680.848s][info][gc,heap        ] GC(893) Humongous regions: 33->33
[6680.848s][info][gc,metaspace   ] GC(893) Metaspace: 30079K(30528K)->30079K(30528K) NonClass: 24666K(24896K)->24666K(24896K) Class: 5413K(5632K)->5413K(5632K)
[6680.848s][info][gc             ] GC(893) Pause Young (Normal) (G1 Evacuation Pause) 8359M->2661M(10240M) 173.610ms
[6680.848s][info][gc,cpu         ] GC(893) User=1.37s Sys=0.00s Real=0.18s
....[6684.985s][info][gc,start       ] GC(894) Pause Young (Normal) (G1 Evacuation Pause)
[6684.985s][info][gc,task        ] GC(894) Using 8 workers of 8 for evacuation
[6685.155s][info][gc,phases      ] GC(894)   Pre Evacuate Collection Set: 0.26ms
[6685.155s][info][gc,phases      ] GC(894)   Merge Heap Roots: 0.54ms
[6685.155s][info][gc,phases      ] GC(894)   Evacuate Collection Set: 168.35ms
[6685.155s][info][gc,phases      ] GC(894)   Post Evacuate Collection Set: 1.22ms
[6685.155s][info][gc,phases      ] GC(894)   Other: 0.07ms
[6685.155s][info][gc,heap        ] GC(894) Eden regions: 715->0(715)
[6685.155s][info][gc,heap        ] GC(894) Survivor regions: 53->53(96)
[6685.155s][info][gc,heap        ] GC(894) Old regions: 251->254
[6685.155s][info][gc,heap        ] GC(894) Humongous regions: 33->33
[6685.155s][info][gc,metaspace   ] GC(894) Metaspace: 30079K(30528K)->30079K(30528K) NonClass: 24666K(24896K)->24666K(24896K) Class: 5413K(5632K)->5413K(5632K)
[6685.155s][info][gc             ] GC(894) Pause Young (Normal) (G1 Evacuation Pause) 8381M->2683M(10240M) 170.568ms
[6685.155s][info][gc,cpu         ] GC(894) User=1.34s Sys=0.00s Real=0.17s
....[6689.380s][info][gc,start       ] GC(895) Pause Young (Normal) (G1 Evacuation Pause)
[6689.380s][info][gc,task        ] GC(895) Using 8 workers of 8 for evacuation
[6689.551s][info][gc,phases      ] GC(895)   Pre Evacuate Collection Set: 0.29ms
[6689.551s][info][gc,phases      ] GC(895)   Merge Heap Roots: 0.53ms
[6689.551s][info][gc,phases      ] GC(895)   Evacuate Collection Set: 168.71ms
[6689.551s][info][gc,phases      ] GC(895)   Post Evacuate Collection Set: 1.32ms
[6689.551s][info][gc,phases      ] GC(895)   Other: 0.07ms
[6689.551s][info][gc,heap        ] GC(895) Eden regions: 715->0(715)
[6689.551s][info][gc,heap        ] GC(895) Survivor regions: 53->53(96)
[6689.551s][info][gc,heap        ] GC(895) Old regions: 254->257
[6689.551s][info][gc,heap        ] GC(895) Humongous regions: 33->33
[6689.551s][info][gc,metaspace   ] GC(895) Metaspace: 30079K(30528K)->30079K(30528K) NonClass: 24666K(24896K)->24666K(24896K) Class: 5413K(5632K)->5413K(5632K)
[6689.551s][info][gc             ] GC(895) Pause Young (Normal) (G1 Evacuation Pause) 8403M->2708M(10240M) 171.054ms
[6689.551s][info][gc,cpu         ] GC(895) User=1.35s Sys=0.00s Real=0.17s
.....[6693.767s][info][gc,start       ] GC(896) Pause Young (Normal) (G1 Evacuation Pause)
[6693.767s][info][gc,task        ] GC(896) Using 8 workers of 8 for evacuation
[6693.939s][info][gc,phases      ] GC(896)   Pre Evacuate Collection Set: 0.25ms
[6693.939s][info][gc,phases      ] GC(896)   Merge Heap Roots: 0.57ms
[6693.939s][info][gc,phases      ] GC(896)   Evacuate Collection Set: 170.08ms
[6693.939s][info][gc,phases      ] GC(896)   Post Evacuate Collection Set: 1.25ms
[6693.939s][info][gc,phases      ] GC(896)   Other: 0.07ms
[6693.939s][info][gc,heap        ] GC(896) Eden regions: 715->0(715)
[6693.939s][info][gc,heap        ] GC(896) Survivor regions: 53->53(96)
[6693.939s][info][gc,heap        ] GC(896) Old regions: 257->259
[6693.939s][info][gc,heap        ] GC(896) Humongous regions: 33->33
[6693.939s][info][gc,metaspace   ] GC(896) Metaspace: 30079K(30528K)->30079K(30528K) NonClass: 24666K(24896K)->24666K(24896K) Class: 5413K(5632K)->5413K(5632K)
[6693.939s][info][gc             ] GC(896) Pause Young (Normal) (G1 Evacuation Pause) 8428M->2726M(10240M) 172.377ms
[6693.939s][info][gc,cpu         ] GC(896) User=1.35s Sys=0.00s Real=0.17s
....[6698.241s][info][gc,start       ] GC(897) Pause Young (Normal) (G1 Evacuation Pause)
[6698.241s][info][gc,task        ] GC(897) Using 8 workers of 8 for evacuation
[6698.420s][info][gc,phases      ] GC(897)   Pre Evacuate Collection Set: 0.29ms
[6698.420s][info][gc,phases      ] GC(897)   Merge Heap Roots: 0.60ms
[6698.420s][info][gc,phases      ] GC(897)   Evacuate Collection Set: 177.23ms
[6698.420s][info][gc,phases      ] GC(897)   Post Evacuate Collection Set: 1.26ms
[6698.420s][info][gc,phases      ] GC(897)   Other: 0.08ms
[6698.420s][info][gc,heap        ] GC(897) Eden regions: 715->0(714)
[6698.420s][info][gc,heap        ] GC(897) Survivor regions: 53->54(96)
[6698.420s][info][gc,heap        ] GC(897) Old regions: 259->262
[6698.420s][info][gc,heap        ] GC(897) Humongous regions: 33->33
[6698.420s][info][gc,metaspace   ] GC(897) Metaspace: 30079K(30528K)->30079K(30528K) NonClass: 24666K(24896K)->24666K(24896K) Class: 5413K(5632K)->5413K(5632K)
[6698.420s][info][gc             ] GC(897) Pause Young (Normal) (G1 Evacuation Pause) 8446M->2759M(10240M) 179.607ms
[6698.420s][info][gc,cpu         ] GC(897) User=1.41s Sys=0.00s Real=0.18s
.....[6702.618s][info][gc,start       ] GC(898) Pause Young (Normal) (G1 Evacuation Pause)
[6702.618s][info][gc,task        ] GC(898) Using 8 workers of 8 for evacuation
[6702.794s][info][gc,phases      ] GC(898)   Pre Evacuate Collection Set: 0.28ms
[6702.794s][info][gc,phases      ] GC(898)   Merge Heap Roots: 0.57ms
[6702.794s][info][gc,phases      ] GC(898)   Evacuate Collection Set: 173.72ms
[6702.794s][info][gc,phases      ] GC(898)   Post Evacuate Collection Set: 1.28ms
[6702.794s][info][gc,phases      ] GC(898)   Other: 0.08ms
[6702.794s][info][gc,heap        ] GC(898) Eden regions: 714->0(714)
[6702.794s][info][gc,heap        ] GC(898) Survivor regions: 54->54(96)
[6702.794s][info][gc,heap        ] GC(898) Old regions: 262->265
[6702.794s][info][gc,heap        ] GC(898) Humongous regions: 33->33
[6702.794s][info][gc,metaspace   ] GC(898) Metaspace: 30079K(30528K)->30079K(30528K) NonClass: 24666K(24896K)->24666K(24896K) Class: 5413K(5632K)->5413K(5632K)
[6702.794s][info][gc             ] GC(898) Pause Young (Normal) (G1 Evacuation Pause) 8471M->2778M(10240M) 176.053ms
[6702.794s][info][gc,cpu         ] GC(898) User=1.39s Sys=0.00s Real=0.17s
....[6706.952s][info][gc,start       ] GC(899) Pause Young (Normal) (G1 Evacuation Pause)
[6706.952s][info][gc,task        ] GC(899) Using 8 workers of 8 for evacuation
[6707.127s][info][gc,phases      ] GC(899)   Pre Evacuate Collection Set: 0.25ms
[6707.127s][info][gc,phases      ] GC(899)   Merge Heap Roots: 0.61ms
[6707.127s][info][gc,phases      ] GC(899)   Evacuate Collection Set: 172.99ms
[6707.127s][info][gc,phases      ] GC(899)   Post Evacuate Collection Set: 1.30ms
[6707.127s][info][gc,phases      ] GC(899)   Other: 0.06ms
[6707.127s][info][gc,heap        ] GC(899) Eden regions: 714->0(715)
[6707.127s][info][gc,heap        ] GC(899) Survivor regions: 54->53(96)
[6707.127s][info][gc,heap        ] GC(899) Old regions: 265->267
[6707.127s][info][gc,heap        ] GC(899) Humongous regions: 33->33
[6707.127s][info][gc,metaspace   ] GC(899) Metaspace: 30079K(30528K)->30079K(30528K) NonClass: 24666K(24896K)->24666K(24896K) Class: 5413K(5632K)->5413K(5632K)
[6707.127s][info][gc             ] GC(899) Pause Young (Normal) (G1 Evacuation Pause) 8490M->2795M(10240M) 175.354ms
[6707.127s][info][gc,cpu         ] GC(899) User=1.36s Sys=0.00s Real=0.18s
....[6711.365s][info][gc,start       ] GC(900) Pause Young (Normal) (G1 Evacuation Pause)
[6711.365s][info][gc,task        ] GC(900) Using 8 workers of 8 for evacuation
[6711.541s][info][gc,phases      ] GC(900)   Pre Evacuate Collection Set: 0.27ms
[6711.541s][info][gc,phases      ] GC(900)   Merge Heap Roots: 0.52ms
[6711.541s][info][gc,phases      ] GC(900)   Evacuate Collection Set: 174.34ms
[6711.541s][info][gc,phases      ] GC(900)   Post Evacuate Collection Set: 1.26ms
[6711.541s][info][gc,phases      ] GC(900)   Other: 0.06ms
[6711.541s][info][gc,heap        ] GC(900) Eden regions: 715->0(714)
[6711.541s][info][gc,heap        ] GC(900) Survivor regions: 53->54(96)
[6711.541s][info][gc,heap        ] GC(900) Old regions: 267->270
[6711.541s][info][gc,heap        ] GC(900) Humongous regions: 33->33
[6711.541s][info][gc,metaspace   ] GC(900) Metaspace: 30079K(30528K)->30079K(30528K) NonClass: 24666K(24896K)->24666K(24896K) Class: 5413K(5632K)->5413K(5632K)
[6711.541s][info][gc             ] GC(900) Pause Young (Normal) (G1 Evacuation Pause) 8515M->2825M(10240M) 176.601ms
[6711.541s][info][gc,cpu         ] GC(900) User=1.39s Sys=0.00s Real=0.18s
....[6715.529s][info][gc,start       ] GC(901) Pause Young (Normal) (G1 Evacuation Pause)
[6715.529s][info][gc,task        ] GC(901) Using 8 workers of 8 for evacuation
[6715.706s][info][gc,phases      ] GC(901)   Pre Evacuate Collection Set: 0.30ms
[6715.706s][info][gc,phases      ] GC(901)   Merge Heap Roots: 0.56ms
[6715.706s][info][gc,phases      ] GC(901)   Evacuate Collection Set: 174.36ms
[6715.706s][info][gc,phases      ] GC(901)   Post Evacuate Collection Set: 1.27ms
[6715.706s][info][gc,phases      ] GC(901)   Other: 0.06ms
[6715.706s][info][gc,heap        ] GC(901) Eden regions: 714->0(714)
[6715.706s][info][gc,heap        ] GC(901) Survivor regions: 54->54(96)
[6715.706s][info][gc,heap        ] GC(901) Old regions: 270->273
[6715.706s][info][gc,heap        ] GC(901) Humongous regions: 33->33
[6715.706s][info][gc,metaspace   ] GC(901) Metaspace: 30079K(30528K)->30079K(30528K) NonClass: 24666K(24896K)->24666K(24896K) Class: 5413K(5632K)->5413K(5632K)
[6715.706s][info][gc             ] GC(901) Pause Young (Normal) (G1 Evacuation Pause) 8537M->2844M(10240M) 176.694ms
[6715.706s][info][gc,cpu         ] GC(901) User=1.39s Sys=0.00s Real=0.18s
.....[6719.926s][info][gc,start       ] GC(902) Pause Young (Normal) (G1 Evacuation Pause)
[6719.926s][info][gc,task        ] GC(902) Using 8 workers of 8 for evacuation
[6720.098s][info][gc,phases      ] GC(902)   Pre Evacuate Collection Set: 0.29ms
[6720.098s][info][gc,phases      ] GC(902)   Merge Heap Roots: 0.58ms
[6720.098s][info][gc,phases      ] GC(902)   Evacuate Collection Set: 170.00ms
[6720.098s][info][gc,phases      ] GC(902)   Post Evacuate Collection Set: 1.27ms
[6720.098s][info][gc,phases      ] GC(902)   Other: 0.06ms
[6720.098s][info][gc,heap        ] GC(902) Eden regions: 714->0(715)
[6720.098s][info][gc,heap        ] GC(902) Survivor regions: 54->53(96)
[6720.098s][info][gc,heap        ] GC(902) Old regions: 273->276
[6720.098s][info][gc,heap        ] GC(902) Humongous regions: 33->33
[6720.098s][info][gc,metaspace   ] GC(902) Metaspace: 30079K(30528K)->30079K(30528K) NonClass: 24666K(24896K)->24666K(24896K) Class: 5413K(5632K)->5413K(5632K)
[6720.098s][info][gc             ] GC(902) Pause Young (Normal) (G1 Evacuation Pause) 8556M->2863M(10240M) 172.348ms
[6720.098s][info][gc,cpu         ] GC(902) User=1.36s Sys=0.00s Real=0.17s
....[6724.345s][info][gc,start       ] GC(903) Pause Young (Concurrent Start) (G1 Evacuation Pause)
[6724.345s][info][gc,task        ] GC(903) Using 8 workers of 8 for evacuation
[6724.525s][info][gc,phases      ] GC(903)   Pre Evacuate Collection Set: 0.32ms
[6724.525s][info][gc,phases      ] GC(903)   Merge Heap Roots: 0.62ms
[6724.525s][info][gc,phases      ] GC(903)   Evacuate Collection Set: 177.12ms
[6724.525s][info][gc,phases      ] GC(903)   Post Evacuate Collection Set: 1.32ms
[6724.525s][info][gc,phases      ] GC(903)   Other: 0.14ms
[6724.525s][info][gc,heap        ] GC(903) Eden regions: 715->0(714)
[6724.525s][info][gc,heap        ] GC(903) Survivor regions: 53->54(96)
[6724.525s][info][gc,heap        ] GC(903) Old regions: 276->279
[6724.525s][info][gc,heap        ] GC(903) Humongous regions: 33->33
[6724.525s][info][gc,metaspace   ] GC(903) Metaspace: 30079K(30528K)->30079K(30528K) NonClass: 24666K(24896K)->24666K(24896K) Class: 5413K(5632K)->5413K(5632K)
[6724.525s][info][gc             ] GC(903) Pause Young (Concurrent Start) (G1 Evacuation Pause) 8583M->2889M(10240M) 179.689ms
[6724.525s][info][gc             ] GC(904) Concurrent Mark Cycle
[6724.525s][info][gc,marking     ] GC(904) Concurrent Scan Root Regions
[6724.525s][info][gc,cpu         ] GC(903) User=1.41s Sys=0.00s Real=0.18s
.[6724.801s][info][gc,marking     ] GC(904) Concurrent Scan Root Regions 276.121ms
[6724.801s][info][gc,marking     ] GC(904) Concurrent Mark
[6724.801s][info][gc,marking     ] GC(904) Concurrent Mark From Roots
[6724.801s][info][gc,task        ] GC(904) Using 2 workers of 2 for marking
.[6725.978s][info][gc,marking     ] GC(904) Concurrent Mark From Roots 1176.686ms
[6725.978s][info][gc,marking     ] GC(904) Concurrent Preclean
[6725.978s][info][gc,marking     ] GC(904) Concurrent Preclean 0.183ms
[6725.978s][info][gc,start       ] GC(904) Pause Remark
[6725.979s][info][gc             ] GC(904) Pause Remark 4477M->4277M(10240M) 1.378ms
[6725.979s][info][gc,cpu         ] GC(904) User=0.01s Sys=0.00s Real=0.00s
[6725.980s][info][gc,marking     ] GC(904) Concurrent Mark 1178.536ms
[6725.980s][info][gc,marking     ] GC(904) Concurrent Rebuild Remembered Sets and Scrub Regions
.[6726.772s][info][gc,marking     ] GC(904) Concurrent Rebuild Remembered Sets and Scrub Regions 792.446ms
[6726.772s][info][gc,start       ] GC(904) Pause Cleanup
[6726.772s][info][gc             ] GC(904) Pause Cleanup 5393M->5393M(10240M) 0.305ms
[6726.772s][info][gc,cpu         ] GC(904) User=0.00s Sys=0.00s Real=0.00s
[6726.773s][info][gc,marking     ] GC(904) Concurrent Clear Claimed Marks
[6726.773s][info][gc,marking     ] GC(904) Concurrent Clear Claimed Marks 0.046ms
[6726.773s][info][gc,marking     ] GC(904) Concurrent Cleanup for Next Mark
[6726.785s][info][gc,marking     ] GC(904) Concurrent Cleanup for Next Mark 12.258ms
[6726.785s][info][gc             ] GC(904) Concurrent Mark Cycle 2260.152ms
..[6728.722s][info][gc,start       ] GC(905) Pause Young (Prepare Mixed) (G1 Evacuation Pause)
[6728.722s][info][gc,task        ] GC(905) Using 8 workers of 8 for evacuation
[6728.903s][info][gc,phases      ] GC(905)   Pre Evacuate Collection Set: 0.28ms
[6728.903s][info][gc,phases      ] GC(905)   Merge Heap Roots: 0.78ms
[6728.903s][info][gc,phases      ] GC(905)   Evacuate Collection Set: 178.86ms
[6728.903s][info][gc,phases      ] GC(905)   Post Evacuate Collection Set: 1.38ms
[6728.903s][info][gc,phases      ] GC(905)   Other: 0.07ms
[6728.903s][info][gc,heap        ] GC(905) Eden regions: 714->0(714)
[6728.903s][info][gc,heap        ] GC(905) Survivor regions: 54->54(96)
[6728.903s][info][gc,heap        ] GC(905) Old regions: 254->256
[6728.903s][info][gc,heap        ] GC(905) Humongous regions: 33->33
[6728.903s][info][gc,metaspace   ] GC(905) Metaspace: 30079K(30528K)->30079K(30528K) NonClass: 24666K(24896K)->24666K(24896K) Class: 5413K(5632K)->5413K(5632K)
[6728.903s][info][gc             ] GC(905) Pause Young (Prepare Mixed) (G1 Evacuation Pause) 8401M->2715M(10240M) 181.500ms
[6728.903s][info][gc,cpu         ] GC(905) User=1.43s Sys=0.01s Real=0.18s
....[6733.000s][info][gc,start       ] GC(906) Pause Young (Mixed) (G1 Evacuation Pause)
[6733.000s][info][gc,task        ] GC(906) Using 8 workers of 8 for evacuation
[6733.172s][info][gc,phases      ] GC(906)   Pre Evacuate Collection Set: 0.31ms
[6733.172s][info][gc,phases      ] GC(906)   Merge Heap Roots: 0.64ms
[6733.172s][info][gc,phases      ] GC(906)   Evacuate Collection Set: 168.99ms
[6733.172s][info][gc,phases      ] GC(906)   Merge Optional Heap Roots: 0.03ms
[6733.172s][info][gc,phases      ] GC(906)   Evacuate Optional Collection Set: 0.24ms
[6733.172s][info][gc,phases      ] GC(906)   Post Evacuate Collection Set: 1.53ms
[6733.172s][info][gc,phases      ] GC(906)   Other: 0.08ms
[6733.172s][info][gc,heap        ] GC(906) Eden regions: 714->0(716)
[6733.172s][info][gc,heap        ] GC(906) Survivor regions: 54->52(96)
[6733.172s][info][gc,heap        ] GC(906) Old regions: 256->207
[6733.172s][info][gc,heap        ] GC(906) Humongous regions: 33->33
[6733.172s][info][gc,metaspace   ] GC(906) Metaspace: 30079K(30528K)->30079K(30528K) NonClass: 24666K(24896K)->24666K(24896K) Class: 5413K(5632K)->5413K(5632K)
[6733.172s][info][gc             ] GC(906) Pause Young (Mixed) (G1 Evacuation Pause) 8427M->2307M(10240M) 171.993ms
[6733.172s][info][gc,cpu         ] GC(906) User=1.36s Sys=0.01s Real=0.17s
... (rIR:aIR:PR = 11070:11054:11054) (tPR = 165035) [OK] 
  6735s: Performance info:
         Transaction,    Success,    Partial,     Failed,   Receipts, AvgBarcode, 
             Overall,     665808,          0,          0,     632681,      59.47, 
         Response times:
             Request,    Success,    Partial,     Failed,   SkipFail,     Probes,    Samples,      min,      p50,      p90,      p95,      p99,      max, 
       TotalPurchase,     632686,          0,          0,          0,     354722,     436521,      300,    10900,    76000,   130000,   259000,  3700000,
     InStorePurchase,     331011,          0,          0,          0,     186467,     229450,      300,    11000,    76000,   129000,   262000,  3600000,
      OnlinePurchase,     234586,          0,          0,          0,     131000,     161055,      300,    10800,    76000,   131000,   251000,  3700000,
        InstPurchase,      67089,          0,          0,          0,      37255,      46016,      500,    11200,    76000,   133150,   283000,  3600000,
          AssocOfCat,        666,          0,          0,          0,        561,        809,    32000,    65000,   123000,   175000,   310400,   406000,
      AssocOfProduct,       6660,          0,          0,          0,       3976,       5052,     1200,    11100,    76000,   121350,   244000,   740000,
      BusinessReport,       1671,          0,          0,          0,       1467,       1978,    35000,    76000,   158000,   234000,   336000,   447000,
          CustBuyBeh,       6594,          0,          0,          0,       3927,       4995,      300,    10800,    68000,   118000,   259080,  1500000,
       ProductReturn,      17555,          0,          0,          0,       9780,      12197,      200,    11600,    77000,   126000,   252000,   780000,

  6735s: (81%)   IR =  11208 .[6737.458s][info][gc,start       ] GC(907) Pause Young (Mixed) (G1 Evacuation Pause)
[6737.458s][info][gc,task        ] GC(907) Using 8 workers of 8 for evacuation
[6737.642s][info][gc,phases      ] GC(907)   Pre Evacuate Collection Set: 0.29ms
[6737.642s][info][gc,phases      ] GC(907)   Merge Heap Roots: 0.74ms
[6737.642s][info][gc,phases      ] GC(907)   Evacuate Collection Set: 179.94ms
[6737.642s][info][gc,phases      ] GC(907)   Merge Optional Heap Roots: 0.12ms
[6737.642s][info][gc,phases      ] GC(907)   Evacuate Optional Collection Set: 1.89ms
[6737.642s][info][gc,phases      ] GC(907)   Post Evacuate Collection Set: 1.40ms
[6737.642s][info][gc,phases      ] GC(907)   Other: 0.08ms
[6737.642s][info][gc,heap        ] GC(907) Eden regions: 716->0(696)
[6737.642s][info][gc,heap        ] GC(907) Survivor regions: 52->55(96)
[6737.642s][info][gc,heap        ] GC(907) Old regions: 207->133
[6737.642s][info][gc,heap        ] GC(907) Humongous regions: 33->33
[6737.642s][info][gc,metaspace   ] GC(907) Metaspace: 30079K(30528K)->30079K(30528K) NonClass: 24666K(24896K)->24666K(24896K) Class: 5413K(5632K)->5413K(5632K)
[6737.642s][info][gc             ] GC(907) Pause Young (Mixed) (G1 Evacuation Pause) 8035M->1735M(10240M) 184.593ms
[6737.642s][info][gc,cpu         ] GC(907) User=1.44s Sys=0.01s Real=0.18s
....[6741.788s][info][gc,start       ] GC(908) Pause Young (Normal) (G1 Evacuation Pause)
[6741.788s][info][gc,task        ] GC(908) Using 8 workers of 8 for evacuation
[6741.953s][info][gc,phases      ] GC(908)   Pre Evacuate Collection Set: 0.28ms
[6741.953s][info][gc,phases      ] GC(908)   Merge Heap Roots: 0.56ms
[6741.953s][info][gc,phases      ] GC(908)   Evacuate Collection Set: 163.22ms
[6741.953s][info][gc,phases      ] GC(908)   Post Evacuate Collection Set: 1.22ms
[6741.953s][info][gc,phases      ] GC(908)   Other: 0.07ms
[6741.953s][info][gc,heap        ] GC(908) Eden regions: 688->0(716)
[6741.953s][info][gc,heap        ] GC(908) Survivor regions: 55->52(93)
[6741.953s][info][gc,heap        ] GC(908) Old regions: 133->136
[6741.953s][info][gc,heap        ] GC(908) Humongous regions: 33->33
[6741.953s][info][gc,metaspace   ] GC(908) Metaspace: 30079K(30528K)->30079K(30528K) NonClass: 24666K(24896K)->24666K(24896K) Class: 5413K(5632K)->5413K(5632K)
[6741.953s][info][gc             ] GC(908) Pause Young (Normal) (G1 Evacuation Pause) 7239M->1735M(10240M) 165.530ms
[6741.953s][info][gc,cpu         ] GC(908) User=1.30s Sys=0.00s Real=0.16s
.....[6746.148s][info][gc,start       ] GC(909) Pause Young (Normal) (G1 Evacuation Pause)
[6746.148s][info][gc,task        ] GC(909) Using 8 workers of 8 for evacuation
[6746.323s][info][gc,phases      ] GC(909)   Pre Evacuate Collection Set: 0.29ms
[6746.323s][info][gc,phases      ] GC(909)   Merge Heap Roots: 0.52ms
[6746.323s][info][gc,phases      ] GC(909)   Evacuate Collection Set: 172.70ms
[6746.323s][info][gc,phases      ] GC(909)   Post Evacuate Collection Set: 1.29ms
[6746.323s][info][gc,phases      ] GC(909)   Other: 0.06ms
[6746.323s][info][gc,heap        ] GC(909) Eden regions: 716->0(715)
[6746.323s][info][gc,heap        ] GC(909) Survivor regions: 52->53(96)
[6746.323s][info][gc,heap        ] GC(909) Old regions: 136->139
[6746.323s][info][gc,heap        ] GC(909) Humongous regions: 33->33
[6746.323s][info][gc,metaspace   ] GC(909) Metaspace: 30079K(30528K)->30079K(30528K) NonClass: 24666K(24896K)->24666K(24896K) Class: 5413K(5632K)->5413K(5632K)
[6746.323s][info][gc             ] GC(909) Pause Young (Normal) (G1 Evacuation Pause) 7463M->1769M(10240M) 174.985ms
[6746.323s][info][gc,cpu         ] GC(909) User=1.38s Sys=0.01s Real=0.17s
....[6750.402s][info][gc,start       ] GC(910) Pause Young (Normal) (G1 Evacuation Pause)
[6750.402s][info][gc,task        ] GC(910) Using 8 workers of 8 for evacuation
[6750.574s][info][gc,phases      ] GC(910)   Pre Evacuate Collection Set: 0.30ms
[6750.574s][info][gc,phases      ] GC(910)   Merge Heap Roots: 0.52ms
[6750.574s][info][gc,phases      ] GC(910)   Evacuate Collection Set: 169.68ms
[6750.574s][info][gc,phases      ] GC(910)   Post Evacuate Collection Set: 1.31ms
[6750.574s][info][gc,phases      ] GC(910)   Other: 0.06ms
[6750.574s][info][gc,heap        ] GC(910) Eden regions: 715->0(715)
[6750.574s][info][gc,heap        ] GC(910) Survivor regions: 53->53(96)
[6750.574s][info][gc,heap        ] GC(910) Old regions: 139->142
[6750.574s][info][gc,heap        ] GC(910) Humongous regions: 33->33
[6750.574s][info][gc,metaspace   ] GC(910) Metaspace: 30079K(30528K)->30079K(30528K) NonClass: 24666K(24896K)->24666K(24896K) Class: 5413K(5632K)->5413K(5632K)
[6750.574s][info][gc             ] GC(910) Pause Young (Normal) (G1 Evacuation Pause) 7489M->1792M(10240M) 172.019ms
[6750.574s][info][gc,cpu         ] GC(910) User=1.35s Sys=0.00s Real=0.17s
....[6754.680s][info][gc,start       ] GC(911) Pause Young (Normal) (G1 Evacuation Pause)
[6754.680s][info][gc,task        ] GC(911) Using 8 workers of 8 for evacuation
[6754.849s][info][gc,phases      ] GC(911)   Pre Evacuate Collection Set: 0.28ms
[6754.849s][info][gc,phases      ] GC(911)   Merge Heap Roots: 0.52ms
[6754.849s][info][gc,phases      ] GC(911)   Evacuate Collection Set: 166.72ms
[6754.849s][info][gc,phases      ] GC(911)   Post Evacuate Collection Set: 1.29ms
[6754.849s][info][gc,phases      ] GC(911)   Other: 0.07ms
[6754.849s][info][gc,heap        ] GC(911) Eden regions: 715->0(715)
[6754.849s][info][gc,heap        ] GC(911) Survivor regions: 53->53(96)
[6754.849s][info][gc,heap        ] GC(911) Old regions: 142->145
[6754.849s][info][gc,heap        ] GC(911) Humongous regions: 33->33
[6754.849s][info][gc,metaspace   ] GC(911) Metaspace: 30079K(30528K)->30079K(30528K) NonClass: 24666K(24896K)->24666K(24896K) Class: 5413K(5632K)->5413K(5632K)
[6754.849s][info][gc             ] GC(911) Pause Young (Normal) (G1 Evacuation Pause) 7512M->1810M(10240M) 169.035ms
[6754.850s][info][gc,cpu         ] GC(911) User=1.33s Sys=0.00s Real=0.17s
....|[6758.948s][info][gc,start       ] GC(912) Pause Young (Normal) (G1 Evacuation Pause)
[6758.948s][info][gc,task        ] GC(912) Using 8 workers of 8 for evacuation
[6759.126s][info][gc,phases      ] GC(912)   Pre Evacuate Collection Set: 0.29ms
[6759.126s][info][gc,phases      ] GC(912)   Merge Heap Roots: 0.53ms
[6759.126s][info][gc,phases      ] GC(912)   Evacuate Collection Set: 175.03ms
[6759.126s][info][gc,phases      ] GC(912)   Post Evacuate Collection Set: 1.32ms
[6759.126s][info][gc,phases      ] GC(912)   Other: 0.08ms
[6759.126s][info][gc,heap        ] GC(912) Eden regions: 715->0(714)
[6759.126s][info][gc,heap        ] GC(912) Survivor regions: 53->54(96)
[6759.126s][info][gc,heap        ] GC(912) Old regions: 145->148
[6759.126s][info][gc,heap        ] GC(912) Humongous regions: 33->33
[6759.126s][info][gc,metaspace   ] GC(912) Metaspace: 30079K(30528K)->30079K(30528K) NonClass: 24666K(24896K)->24666K(24896K) Class: 5413K(5632K)->5413K(5632K)
[6759.126s][info][gc             ] GC(912) Pause Young (Normal) (G1 Evacuation Pause) 7530M->1840M(10240M) 177.397ms
[6759.126s][info][gc,cpu         ] GC(912) User=1.39s Sys=0.00s Real=0.18s
.....[6763.232s][info][gc,start       ] GC(913) Pause Young (Normal) (G1 Evacuation Pause)
[6763.232s][info][gc,task        ] GC(913) Using 8 workers of 8 for evacuation
[6763.405s][info][gc,phases      ] GC(913)   Pre Evacuate Collection Set: 0.29ms
[6763.405s][info][gc,phases      ] GC(913)   Merge Heap Roots: 0.54ms
[6763.405s][info][gc,phases      ] GC(913)   Evacuate Collection Set: 171.02ms
[6763.405s][info][gc,phases      ] GC(913)   Post Evacuate Collection Set: 1.22ms
[6763.405s][info][gc,phases      ] GC(913)   Other: 0.07ms
[6763.405s][info][gc,heap        ] GC(913) Eden regions: 714->0(714)
[6763.405s][info][gc,heap        ] GC(913) Survivor regions: 54->54(96)
[6763.405s][info][gc,heap        ] GC(913) Old regions: 148->150
[6763.405s][info][gc,heap        ] GC(913) Humongous regions: 33->33
[6763.405s][info][gc,metaspace   ] GC(913) Metaspace: 30079K(30528K)->30079K(30528K) NonClass: 24666K(24896K)->24666K(24896K) Class: 5413K(5632K)->5413K(5632K)
[6763.405s][info][gc             ] GC(913) Pause Young (Normal) (G1 Evacuation Pause) 7552M->1862M(10240M) 173.267ms
[6763.405s][info][gc,cpu         ] GC(913) User=1.37s Sys=0.00s Real=0.17s
....[6767.428s][info][gc,start       ] GC(914) Pause Young (Normal) (G1 Evacuation Pause)
[6767.428s][info][gc,task        ] GC(914) Using 8 workers of 8 for evacuation
[6767.602s][info][gc,phases      ] GC(914)   Pre Evacuate Collection Set: 0.28ms
[6767.602s][info][gc,phases      ] GC(914)   Merge Heap Roots: 0.51ms
[6767.602s][info][gc,phases      ] GC(914)   Evacuate Collection Set: 172.14ms
[6767.602s][info][gc,phases      ] GC(914)   Post Evacuate Collection Set: 1.23ms
[6767.602s][info][gc,phases      ] GC(914)   Other: 0.07ms
[6767.602s][info][gc,heap        ] GC(914) Eden regions: 714->0(714)
[6767.602s][info][gc,heap        ] GC(914) Survivor regions: 54->54(96)
[6767.602s][info][gc,heap        ] GC(914) Old regions: 150->153
[6767.602s][info][gc,heap        ] GC(914) Humongous regions: 33->33
[6767.602s][info][gc,metaspace   ] GC(914) Metaspace: 30079K(30528K)->30079K(30528K) NonClass: 24666K(24896K)->24666K(24896K) Class: 5413K(5632K)->5413K(5632K)
[6767.602s][info][gc             ] GC(914) Pause Young (Normal) (G1 Evacuation Pause) 7574M->1884M(10240M) 174.376ms
[6767.602s][info][gc,cpu         ] GC(914) User=1.37s Sys=0.00s Real=0.17s
....[6771.844s][info][gc,start       ] GC(915) Pause Young (Normal) (G1 Evacuation Pause)
[6771.844s][info][gc,task        ] GC(915) Using 8 workers of 8 for evacuation
[6772.013s][info][gc,phases      ] GC(915)   Pre Evacuate Collection Set: 0.30ms
[6772.013s][info][gc,phases      ] GC(915)   Merge Heap Roots: 0.52ms
[6772.013s][info][gc,phases      ] GC(915)   Evacuate Collection Set: 166.12ms
[6772.013s][info][gc,phases      ] GC(915)   Post Evacuate Collection Set: 1.25ms
[6772.013s][info][gc,phases      ] GC(915)   Other: 0.07ms
[6772.013s][info][gc,heap        ] GC(915) Eden regions: 714->0(716)
[6772.013s][info][gc,heap        ] GC(915) Survivor regions: 54->52(96)
[6772.013s][info][gc,heap        ] GC(915) Old regions: 153->156
[6772.013s][info][gc,heap        ] GC(915) Humongous regions: 33->33
[6772.013s][info][gc,metaspace   ] GC(915) Metaspace: 30079K(30528K)->30079K(30528K) NonClass: 24666K(24896K)->24666K(24896K) Class: 5413K(5632K)->5413K(5632K)
[6772.013s][info][gc             ] GC(915) Pause Young (Normal) (G1 Evacuation Pause) 7596M->1893M(10240M) 168.408ms
[6772.013s][info][gc,cpu         ] GC(915) User=1.33s Sys=0.00s Real=0.17s
....[6776.077s][info][gc,start       ] GC(916) Pause Young (Normal) (G1 Evacuation Pause)
[6776.077s][info][gc,task        ] GC(916) Using 8 workers of 8 for evacuation
[6776.249s][info][gc,phases      ] GC(916)   Pre Evacuate Collection Set: 0.28ms
[6776.249s][info][gc,phases      ] GC(916)   Merge Heap Roots: 0.52ms
[6776.249s][info][gc,phases      ] GC(916)   Evacuate Collection Set: 169.34ms
[6776.249s][info][gc,phases      ] GC(916)   Post Evacuate Collection Set: 1.30ms
[6776.249s][info][gc,phases      ] GC(916)   Other: 0.06ms
[6776.249s][info][gc,heap        ] GC(916) Eden regions: 716->0(715)
[6776.249s][info][gc,heap        ] GC(916) Survivor regions: 52->53(96)
[6776.249s][info][gc,heap        ] GC(916) Old regions: 156->158
[6776.249s][info][gc,heap        ] GC(916) Humongous regions: 33->33
[6776.249s][info][gc,metaspace   ] GC(916) Metaspace: 30079K(30528K)->30079K(30528K) NonClass: 24666K(24896K)->24666K(24896K) Class: 5413K(5632K)->5413K(5632K)
[6776.249s][info][gc             ] GC(916) Pause Young (Normal) (G1 Evacuation Pause) 7621M->1923M(10240M) 171.640ms
[6776.249s][info][gc,cpu         ] GC(916) User=1.36s Sys=0.00s Real=0.17s
.....[6780.364s][info][gc,start       ] GC(917) Pause Young (Normal) (G1 Evacuation Pause)
[6780.364s][info][gc,task        ] GC(917) Using 8 workers of 8 for evacuation
[6780.537s][info][gc,phases      ] GC(917)   Pre Evacuate Collection Set: 0.26ms
[6780.537s][info][gc,phases      ] GC(917)   Merge Heap Roots: 0.58ms
[6780.537s][info][gc,phases      ] GC(917)   Evacuate Collection Set: 170.53ms
[6780.537s][info][gc,phases      ] GC(917)   Post Evacuate Collection Set: 1.26ms
[6780.537s][info][gc,phases      ] GC(917)   Other: 0.07ms
[6780.537s][info][gc,heap        ] GC(917) Eden regions: 715->0(714)
[6780.537s][info][gc,heap        ] GC(917) Survivor regions: 53->54(96)
[6780.537s][info][gc,heap        ] GC(917) Old regions: 158->161
[6780.537s][info][gc,heap        ] GC(917) Humongous regions: 33->33
[6780.537s][info][gc,metaspace   ] GC(917) Metaspace: 30079K(30528K)->30079K(30528K) NonClass: 24666K(24896K)->24666K(24896K) Class: 5413K(5632K)->5413K(5632K)
[6780.537s][info][gc             ] GC(917) Pause Young (Normal) (G1 Evacuation Pause) 7643M->1949M(10240M) 172.844ms
[6780.537s][info][gc,cpu         ] GC(917) User=1.36s Sys=0.00s Real=0.18s
....[6784.664s][info][gc,start       ] GC(918) Pause Young (Normal) (G1 Evacuation Pause)
[6784.664s][info][gc,task        ] GC(918) Using 8 workers of 8 for evacuation
[6784.837s][info][gc,phases      ] GC(918)   Pre Evacuate Collection Set: 0.27ms
[6784.838s][info][gc,phases      ] GC(918)   Merge Heap Roots: 0.56ms
[6784.838s][info][gc,phases      ] GC(918)   Evacuate Collection Set: 171.10ms
[6784.838s][info][gc,phases      ] GC(918)   Post Evacuate Collection Set: 1.31ms
[6784.838s][info][gc,phases      ] GC(918)   Other: 0.08ms
[6784.838s][info][gc,heap        ] GC(918) Eden regions: 714->0(715)
[6784.838s][info][gc,heap        ] GC(918) Survivor regions: 54->53(96)
[6784.838s][info][gc,heap        ] GC(918) Old regions: 161->164
[6784.838s][info][gc,heap        ] GC(918) Humongous regions: 33->33
[6784.838s][info][gc,metaspace   ] GC(918) Metaspace: 30079K(30528K)->30079K(30528K) NonClass: 24666K(24896K)->24666K(24896K) Class: 5413K(5632K)->5413K(5632K)
[6784.838s][info][gc             ] GC(918) Pause Young (Normal) (G1 Evacuation Pause) 7661M->1963M(10240M) 173.492ms
[6784.838s][info][gc,cpu         ] GC(918) User=1.37s Sys=0.00s Real=0.18s
....[6789.036s][info][gc,start       ] GC(919) Pause Young (Normal) (G1 Evacuation Pause)
[6789.036s][info][gc,task        ] GC(919) Using 8 workers of 8 for evacuation
[6789.216s][info][gc,phases      ] GC(919)   Pre Evacuate Collection Set: 0.27ms
[6789.216s][info][gc,phases      ] GC(919)   Merge Heap Roots: 0.54ms
[6789.216s][info][gc,phases      ] GC(919)   Evacuate Collection Set: 177.96ms
[6789.216s][info][gc,phases      ] GC(919)   Post Evacuate Collection Set: 1.29ms
[6789.216s][info][gc,phases      ] GC(919)   Other: 0.08ms
[6789.216s][info][gc,heap        ] GC(919) Eden regions: 715->0(713)
[6789.216s][info][gc,heap        ] GC(919) Survivor regions: 53->55(96)
[6789.216s][info][gc,heap        ] GC(919) Old regions: 164->167
[6789.216s][info][gc,heap        ] GC(919) Humongous regions: 33->33
[6789.216s][info][gc,metaspace   ] GC(919) Metaspace: 30079K(30528K)->30079K(30528K) NonClass: 24666K(24896K)->24666K(24896K) Class: 5413K(5632K)->5413K(5632K)
[6789.216s][info][gc             ] GC(919) Pause Young (Normal) (G1 Evacuation Pause) 7683M->2005M(10240M) 180.283ms
[6789.216s][info][gc,cpu         ] GC(919) User=1.42s Sys=0.00s Real=0.18s
.....[6793.494s][info][gc,start       ] GC(920) Pause Young (Normal) (G1 Evacuation Pause)
[6793.494s][info][gc,task        ] GC(920) Using 8 workers of 8 for evacuation
[6793.667s][info][gc,phases      ] GC(920)   Pre Evacuate Collection Set: 0.28ms
[6793.667s][info][gc,phases      ] GC(920)   Merge Heap Roots: 0.56ms
[6793.667s][info][gc,phases      ] GC(920)   Evacuate Collection Set: 170.52ms
[6793.667s][info][gc,phases      ] GC(920)   Post Evacuate Collection Set: 1.32ms
[6793.667s][info][gc,phases      ] GC(920)   Other: 0.07ms
[6793.667s][info][gc,heap        ] GC(920) Eden regions: 713->0(714)
[6793.667s][info][gc,heap        ] GC(920) Survivor regions: 55->54(96)
[6793.667s][info][gc,heap        ] GC(920) Old regions: 167->170
[6793.667s][info][gc,heap        ] GC(920) Humongous regions: 33->33
[6793.667s][info][gc,metaspace   ] GC(920) Metaspace: 30079K(30528K)->30079K(30528K) NonClass: 24666K(24896K)->24666K(24896K) Class: 5413K(5632K)->5413K(5632K)
[6793.667s][info][gc             ] GC(920) Pause Young (Normal) (G1 Evacuation Pause) 7709M->2016M(10240M) 172.884ms
[6793.667s][info][gc,cpu         ] GC(920) User=1.36s Sys=0.00s Real=0.18s
....[6797.965s][info][gc,start       ] GC(921) Pause Young (Normal) (G1 Evacuation Pause)
[6797.965s][info][gc,task        ] GC(921) Using 8 workers of 8 for evacuation
[6798.133s][info][gc,phases      ] GC(921)   Pre Evacuate Collection Set: 0.30ms
[6798.133s][info][gc,phases      ] GC(921)   Merge Heap Roots: 0.51ms
[6798.133s][info][gc,phases      ] GC(921)   Evacuate Collection Set: 165.19ms
[6798.133s][info][gc,phases      ] GC(921)   Post Evacuate Collection Set: 1.27ms
[6798.133s][info][gc,phases      ] GC(921)   Other: 0.07ms
[6798.133s][info][gc,heap        ] GC(921) Eden regions: 714->0(716)
[6798.133s][info][gc,heap        ] GC(921) Survivor regions: 54->52(96)
[6798.133s][info][gc,heap        ] GC(921) Old regions: 170->172
[6798.133s][info][gc,heap        ] GC(921) Humongous regions: 33->33
[6798.133s][info][gc,metaspace   ] GC(921) Metaspace: 30079K(30528K)->30079K(30528K) NonClass: 24666K(24896K)->24666K(24896K) Class: 5413K(5632K)->5413K(5632K)
[6798.133s][info][gc             ] GC(921) Pause Young (Normal) (G1 Evacuation Pause) 7728M->2023M(10240M) 167.490ms
[6798.133s][info][gc,cpu         ] GC(921) User=1.31s Sys=0.00s Real=0.17s
.....[6802.319s][info][gc,start       ] GC(922) Pause Young (Normal) (G1 Evacuation Pause)
[6802.319s][info][gc,task        ] GC(922) Using 8 workers of 8 for evacuation
[6802.499s][info][gc,phases      ] GC(922)   Pre Evacuate Collection Set: 0.27ms
[6802.499s][info][gc,phases      ] GC(922)   Merge Heap Roots: 0.55ms
[6802.499s][info][gc,phases      ] GC(922)   Evacuate Collection Set: 177.55ms
[6802.499s][info][gc,phases      ] GC(922)   Post Evacuate Collection Set: 1.27ms
[6802.499s][info][gc,phases      ] GC(922)   Other: 0.06ms
[6802.499s][info][gc,heap        ] GC(922) Eden regions: 716->0(713)
[6802.499s][info][gc,heap        ] GC(922) Survivor regions: 52->55(96)
[6802.499s][info][gc,heap        ] GC(922) Old regions: 172->175
[6802.499s][info][gc,heap        ] GC(922) Humongous regions: 33->33
[6802.499s][info][gc,metaspace   ] GC(922) Metaspace: 30079K(30528K)->30079K(30528K) NonClass: 24666K(24896K)->24666K(24896K) Class: 5413K(5632K)->5413K(5632K)
[6802.499s][info][gc             ] GC(922) Pause Young (Normal) (G1 Evacuation Pause) 7751M->2069M(10240M) 179.840ms
[6802.499s][info][gc,cpu         ] GC(922) User=1.42s Sys=0.00s Real=0.18s
....[6806.683s][info][gc,start       ] GC(923) Pause Young (Normal) (G1 Evacuation Pause)
[6806.683s][info][gc,task        ] GC(923) Using 8 workers of 8 for evacuation
[6806.854s][info][gc,phases      ] GC(923)   Pre Evacuate Collection Set: 0.27ms
[6806.854s][info][gc,phases      ] GC(923)   Merge Heap Roots: 0.54ms
[6806.854s][info][gc,phases      ] GC(923)   Evacuate Collection Set: 169.12ms
[6806.854s][info][gc,phases      ] GC(923)   Post Evacuate Collection Set: 1.27ms
[6806.854s][info][gc,phases      ] GC(923)   Other: 0.06ms
[6806.854s][info][gc,heap        ] GC(923) Eden regions: 713->0(716)
[6806.854s][info][gc,heap        ] GC(923) Survivor regions: 55->52(96)
[6806.854s][info][gc,heap        ] GC(923) Old regions: 175->178
[6806.854s][info][gc,heap        ] GC(923) Humongous regions: 33->33
[6806.854s][info][gc,metaspace   ] GC(923) Metaspace: 30079K(30528K)->30079K(30528K) NonClass: 24666K(24896K)->24666K(24896K) Class: 5413K(5632K)->5413K(5632K)
[6806.854s][info][gc             ] GC(923) Pause Young (Normal) (G1 Evacuation Pause) 7773M->2071M(10240M) 171.400ms
[6806.854s][info][gc,cpu         ] GC(923) User=1.35s Sys=0.00s Real=0.17s
....[6810.876s][info][gc,start       ] GC(924) Pause Young (Normal) (G1 Evacuation Pause)
[6810.877s][info][gc,task        ] GC(924) Using 8 workers of 8 for evacuation
[6811.050s][info][gc,phases      ] GC(924)   Pre Evacuate Collection Set: 0.25ms
[6811.050s][info][gc,phases      ] GC(924)   Merge Heap Roots: 0.53ms
[6811.050s][info][gc,phases      ] GC(924)   Evacuate Collection Set: 171.41ms
[6811.050s][info][gc,phases      ] GC(924)   Post Evacuate Collection Set: 1.27ms
[6811.050s][info][gc,phases      ] GC(924)   Other: 0.07ms
[6811.050s][info][gc,heap        ] GC(924) Eden regions: 716->0(714)
[6811.050s][info][gc,heap        ] GC(924) Survivor regions: 52->54(96)
[6811.050s][info][gc,heap        ] GC(924) Old regions: 178->181
[6811.050s][info][gc,heap        ] GC(924) Humongous regions: 33->33
[6811.050s][info][gc,metaspace   ] GC(924) Metaspace: 30079K(30528K)->30079K(30528K) NonClass: 24666K(24896K)->24666K(24896K) Class: 5413K(5632K)->5413K(5632K)
[6811.050s][info][gc             ] GC(924) Pause Young (Normal) (G1 Evacuation Pause) 7799M->2106M(10240M) 173.668ms
[6811.050s][info][gc,cpu         ] GC(924) User=1.37s Sys=0.00s Real=0.17s
....[6815.226s][info][gc,start       ] GC(925) Pause Young (Normal) (G1 Evacuation Pause)
[6815.226s][info][gc,task        ] GC(925) Using 8 workers of 8 for evacuation
[6815.401s][info][gc,phases      ] GC(925)   Pre Evacuate Collection Set: 0.30ms
[6815.401s][info][gc,phases      ] GC(925)   Merge Heap Roots: 0.56ms
[6815.401s][info][gc,phases      ] GC(925)   Evacuate Collection Set: 173.02ms
[6815.401s][info][gc,phases      ] GC(925)   Post Evacuate Collection Set: 1.26ms
[6815.401s][info][gc,phases      ] GC(925)   Other: 0.06ms
[6815.401s][info][gc,heap        ] GC(925) Eden regions: 714->0(715)
[6815.401s][info][gc,heap        ] GC(925) Survivor regions: 54->53(96)
[6815.401s][info][gc,heap        ] GC(925) Old regions: 181->184
[6815.401s][info][gc,heap        ] GC(925) Humongous regions: 33->33
[6815.401s][info][gc,metaspace   ] GC(925) Metaspace: 30079K(30528K)->30079K(30528K) NonClass: 24666K(24896K)->24666K(24896K) Class: 5413K(5632K)->5413K(5632K)
[6815.401s][info][gc             ] GC(925) Pause Young (Normal) (G1 Evacuation Pause) 7818M->2124M(10240M) 175.336ms
[6815.401s][info][gc,cpu         ] GC(925) User=1.38s Sys=0.00s Real=0.18s
.... (rIR:aIR:PR = 11208:11148:11154) (tPR = 164166) [OK] 
  6818s: Performance info:
         Transaction,    Success,    Partial,     Failed,   Receipts, AvgBarcode, 
             Overall,     674229,          0,          0,     640378,      59.48, 
         Response times:
             Request,    Success,    Partial,     Failed,   SkipFail,     Probes,    Samples,      min,      p50,      p90,      p95,      p99,      max, 
       TotalPurchase,     640113,          0,          0,          0,     357925,     496244,      300,    10300,    71000,   106000,   171000,  1300000,
     InStorePurchase,     338314,          0,          0,          0,     188074,     261072,      300,    10300,    71000,   106000,   169000,  1300000,
      OnlinePurchase,     233969,          0,          0,          0,     132084,     182677,      300,    10400,    73000,   108000,   172000,  1300000,
        InstPurchase,      67830,          0,          0,          0,      37767,      52495,      400,    10400,    70000,   103000,   173000,  1200000,
          AssocOfCat,        678,          0,          0,          0,        574,        897,    32000,    65000,   123200,   154000,   229100,  1100000,
      AssocOfProduct,       6778,          0,          0,          0,       4082,       5913,      500,     9700,    74000,   105300,   174000,  1200000,
      BusinessReport,       1685,          0,          0,          0,       1495,       2239,    35000,    76000,   149000,   187000,   250000,   523000,
          CustBuyBeh,       6759,          0,          0,          0,       3969,       5799,      200,     9300,    65000,    94000,   167000,   850000,
       ProductReturn,      17844,          0,          0,          0,      10084,      14474,      300,    10100,    70000,   104000,   179000,  1000000,

  6818s: (82%)   IR =  11346 [6819.455s][info][gc,start       ] GC(926) Pause Young (Normal) (G1 Evacuation Pause)
[6819.455s][info][gc,task        ] GC(926) Using 8 workers of 8 for evacuation
[6819.630s][info][gc,phases      ] GC(926)   Pre Evacuate Collection Set: 0.30ms
[6819.630s][info][gc,phases      ] GC(926)   Merge Heap Roots: 0.53ms
[6819.630s][info][gc,phases      ] GC(926)   Evacuate Collection Set: 172.12ms
[6819.630s][info][gc,phases      ] GC(926)   Post Evacuate Collection Set: 1.30ms
[6819.630s][info][gc,phases      ] GC(926)   Other: 0.07ms
[6819.630s][info][gc,heap        ] GC(926) Eden regions: 715->0(714)
[6819.630s][info][gc,heap        ] GC(926) Survivor regions: 53->54(96)
[6819.630s][info][gc,heap        ] GC(926) Old regions: 184->186
[6819.630s][info][gc,heap        ] GC(926) Humongous regions: 33->33
[6819.630s][info][gc,metaspace   ] GC(926) Metaspace: 30079K(30528K)->30079K(30528K) NonClass: 24666K(24896K)->24666K(24896K) Class: 5413K(5632K)->5413K(5632K)
[6819.630s][info][gc             ] GC(926) Pause Young (Normal) (G1 Evacuation Pause) 7844M->2151M(10240M) 174.459ms
[6819.630s][info][gc,cpu         ] GC(926) User=1.37s Sys=0.00s Real=0.18s
....[6823.612s][info][gc,start       ] GC(927) Pause Young (Normal) (G1 Evacuation Pause)
[6823.612s][info][gc,task        ] GC(927) Using 8 workers of 8 for evacuation
[6823.788s][info][gc,phases      ] GC(927)   Pre Evacuate Collection Set: 0.28ms
[6823.788s][info][gc,phases      ] GC(927)   Merge Heap Roots: 0.56ms
[6823.788s][info][gc,phases      ] GC(927)   Evacuate Collection Set: 173.28ms
[6823.788s][info][gc,phases      ] GC(927)   Post Evacuate Collection Set: 1.37ms
[6823.788s][info][gc,phases      ] GC(927)   Other: 0.06ms
[6823.788s][info][gc,heap        ] GC(927) Eden regions: 714->0(714)
[6823.788s][info][gc,heap        ] GC(927) Survivor regions: 54->54(96)
[6823.788s][info][gc,heap        ] GC(927) Old regions: 186->189
[6823.788s][info][gc,heap        ] GC(927) Humongous regions: 33->33
[6823.788s][info][gc,metaspace   ] GC(927) Metaspace: 30079K(30528K)->30079K(30528K) NonClass: 24666K(24896K)->24666K(24896K) Class: 5413K(5632K)->5413K(5632K)
[6823.788s][info][gc             ] GC(927) Pause Young (Normal) (G1 Evacuation Pause) 7863M->2177M(10240M) 175.691ms
[6823.788s][info][gc,cpu         ] GC(927) User=1.39s Sys=0.00s Real=0.18s
.....[6827.938s][info][gc,start       ] GC(928) Pause Young (Normal) (G1 Evacuation Pause)
[6827.938s][info][gc,task        ] GC(928) Using 8 workers of 8 for evacuation
[6828.108s][info][gc,phases      ] GC(928)   Pre Evacuate Collection Set: 0.27ms
[6828.108s][info][gc,phases      ] GC(928)   Merge Heap Roots: 0.53ms
[6828.108s][info][gc,phases      ] GC(928)   Evacuate Collection Set: 167.24ms
[6828.108s][info][gc,phases      ] GC(928)   Post Evacuate Collection Set: 1.27ms
[6828.108s][info][gc,phases      ] GC(928)   Other: 0.06ms
[6828.108s][info][gc,heap        ] GC(928) Eden regions: 714->0(716)
[6828.108s][info][gc,heap        ] GC(928) Survivor regions: 54->52(96)
[6828.108s][info][gc,heap        ] GC(928) Old regions: 189->192
[6828.108s][info][gc,heap        ] GC(928) Humongous regions: 33->33
[6828.108s][info][gc,metaspace   ] GC(928) Metaspace: 30079K(30528K)->30079K(30528K) NonClass: 24666K(24896K)->24666K(24896K) Class: 5413K(5632K)->5413K(5632K)
[6828.108s][info][gc             ] GC(928) Pause Young (Normal) (G1 Evacuation Pause) 7889M->2180M(10240M) 169.526ms
[6828.108s][info][gc,cpu         ] GC(928) User=1.34s Sys=0.00s Real=0.17s
....[6832.206s][info][gc,start       ] GC(929) Pause Young (Normal) (G1 Evacuation Pause)
[6832.206s][info][gc,task        ] GC(929) Using 8 workers of 8 for evacuation
[6832.375s][info][gc,phases      ] GC(929)   Pre Evacuate Collection Set: 0.27ms
[6832.375s][info][gc,phases      ] GC(929)   Merge Heap Roots: 0.52ms
[6832.375s][info][gc,phases      ] GC(929)   Evacuate Collection Set: 167.10ms
[6832.375s][info][gc,phases      ] GC(929)   Post Evacuate Collection Set: 1.25ms
[6832.375s][info][gc,phases      ] GC(929)   Other: 0.06ms
[6832.375s][info][gc,heap        ] GC(929) Eden regions: 716->0(716)
[6832.375s][info][gc,heap        ] GC(929) Survivor regions: 52->52(96)
[6832.375s][info][gc,heap        ] GC(929) Old regions: 192->195
[6832.375s][info][gc,heap        ] GC(929) Humongous regions: 33->33
[6832.375s][info][gc,metaspace   ] GC(929) Metaspace: 30079K(30528K)->30079K(30528K) NonClass: 24666K(24896K)->24666K(24896K) Class: 5413K(5632K)->5413K(5632K)
[6832.375s][info][gc             ] GC(929) Pause Young (Normal) (G1 Evacuation Pause) 7908M->2207M(10240M) 169.343ms
[6832.375s][info][gc,cpu         ] GC(929) User=1.33s Sys=0.00s Real=0.17s
....[6836.449s][info][gc,start       ] GC(930) Pause Young (Normal) (G1 Evacuation Pause)
[6836.450s][info][gc,task        ] GC(930) Using 8 workers of 8 for evacuation
[6836.621s][info][gc,phases      ] GC(930)   Pre Evacuate Collection Set: 0.32ms
[6836.621s][info][gc,phases      ] GC(930)   Merge Heap Roots: 0.57ms
[6836.621s][info][gc,phases      ] GC(930)   Evacuate Collection Set: 168.82ms
[6836.621s][info][gc,phases      ] GC(930)   Post Evacuate Collection Set: 1.25ms
[6836.621s][info][gc,phases      ] GC(930)   Other: 0.08ms
[6836.621s][info][gc,heap        ] GC(930) Eden regions: 716->0(715)
[6836.621s][info][gc,heap        ] GC(930) Survivor regions: 52->53(96)
[6836.621s][info][gc,heap        ] GC(930) Old regions: 195->198
[6836.621s][info][gc,heap        ] GC(930) Humongous regions: 33->33
[6836.621s][info][gc,metaspace   ] GC(930) Metaspace: 30079K(30528K)->30079K(30528K) NonClass: 24666K(24896K)->24666K(24896K) Class: 5413K(5632K)->5413K(5632K)
[6836.621s][info][gc             ] GC(930) Pause Young (Normal) (G1 Evacuation Pause) 7935M->2232M(10240M) 171.168ms
[6836.621s][info][gc,cpu         ] GC(930) User=1.35s Sys=0.00s Real=0.17s
...|.[6840.758s][info][gc,start       ] GC(931) Pause Young (Normal) (G1 Evacuation Pause)
[6840.758s][info][gc,task        ] GC(931) Using 8 workers of 8 for evacuation
[6840.925s][info][gc,phases      ] GC(931)   Pre Evacuate Collection Set: 0.26ms
[6840.925s][info][gc,phases      ] GC(931)   Merge Heap Roots: 0.54ms
[6840.925s][info][gc,phases      ] GC(931)   Evacuate Collection Set: 165.05ms
[6840.925s][info][gc,phases      ] GC(931)   Post Evacuate Collection Set: 1.23ms
[6840.925s][info][gc,phases      ] GC(931)   Other: 0.07ms
[6840.925s][info][gc,heap        ] GC(931) Eden regions: 715->0(715)
[6840.925s][info][gc,heap        ] GC(931) Survivor regions: 53->53(96)
[6840.925s][info][gc,heap        ] GC(931) Old regions: 198->200
[6840.925s][info][gc,heap        ] GC(931) Humongous regions: 33->33
[6840.926s][info][gc,metaspace   ] GC(931) Metaspace: 30079K(30528K)->30079K(30528K) NonClass: 24666K(24896K)->24666K(24896K) Class: 5413K(5632K)->5413K(5632K)
[6840.926s][info][gc             ] GC(931) Pause Young (Normal) (G1 Evacuation Pause) 7952M->2259M(10240M) 167.295ms
[6840.926s][info][gc,cpu         ] GC(931) User=1.31s Sys=0.00s Real=0.16s
....[6844.905s][info][gc,start       ] GC(932) Pause Young (Normal) (G1 Evacuation Pause)
[6844.905s][info][gc,task        ] GC(932) Using 8 workers of 8 for evacuation
[6845.069s][info][gc,phases      ] GC(932)   Pre Evacuate Collection Set: 0.29ms
[6845.069s][info][gc,phases      ] GC(932)   Merge Heap Roots: 0.53ms
[6845.069s][info][gc,phases      ] GC(932)   Evacuate Collection Set: 162.56ms
[6845.069s][info][gc,phases      ] GC(932)   Post Evacuate Collection Set: 1.29ms
[6845.069s][info][gc,phases      ] GC(932)   Other: 0.06ms
[6845.069s][info][gc,heap        ] GC(932) Eden regions: 715->0(716)
[6845.069s][info][gc,heap        ] GC(932) Survivor regions: 53->52(96)
[6845.069s][info][gc,heap        ] GC(932) Old regions: 200->203
[6845.069s][info][gc,heap        ] GC(932) Humongous regions: 33->33
[6845.069s][info][gc,metaspace   ] GC(932) Metaspace: 30079K(30528K)->30079K(30528K) NonClass: 24666K(24896K)->24666K(24896K) Class: 5413K(5632K)->5413K(5632K)
[6845.069s][info][gc             ] GC(932) Pause Young (Normal) (G1 Evacuation Pause) 7979M->2274M(10240M) 164.865ms
[6845.069s][info][gc,cpu         ] GC(932) User=1.30s Sys=0.00s Real=0.17s
.....[6849.087s][info][gc,start       ] GC(933) Pause Young (Normal) (G1 Evacuation Pause)
[6849.087s][info][gc,task        ] GC(933) Using 8 workers of 8 for evacuation
[6849.253s][info][gc,phases      ] GC(933)   Pre Evacuate Collection Set: 0.27ms
[6849.253s][info][gc,phases      ] GC(933)   Merge Heap Roots: 0.58ms
[6849.253s][info][gc,phases      ] GC(933)   Evacuate Collection Set: 163.12ms
[6849.253s][info][gc,phases      ] GC(933)   Post Evacuate Collection Set: 1.21ms
[6849.253s][info][gc,phases      ] GC(933)   Other: 0.06ms
[6849.253s][info][gc,heap        ] GC(933) Eden regions: 716->0(715)
[6849.253s][info][gc,heap        ] GC(933) Survivor regions: 52->53(96)
[6849.253s][info][gc,heap        ] GC(933) Old regions: 203->206
[6849.253s][info][gc,heap        ] GC(933) Humongous regions: 33->33
[6849.253s][info][gc,metaspace   ] GC(933) Metaspace: 30079K(30528K)->30079K(30528K) NonClass: 24666K(24896K)->24666K(24896K) Class: 5413K(5632K)->5413K(5632K)
[6849.253s][info][gc             ] GC(933) Pause Young (Normal) (G1 Evacuation Pause) 8002M->2299M(10240M) 165.385ms
[6849.253s][info][gc,cpu         ] GC(933) User=1.30s Sys=0.00s Real=0.16s
....[6853.394s][info][gc,start       ] GC(934) Pause Young (Normal) (G1 Evacuation Pause)
[6853.394s][info][gc,task        ] GC(934) Using 8 workers of 8 for evacuation
[6853.560s][info][gc,phases      ] GC(934)   Pre Evacuate Collection Set: 0.27ms
[6853.560s][info][gc,phases      ] GC(934)   Merge Heap Roots: 0.54ms
[6853.560s][info][gc,phases      ] GC(934)   Evacuate Collection Set: 164.38ms
[6853.560s][info][gc,phases      ] GC(934)   Post Evacuate Collection Set: 1.26ms
[6853.561s][info][gc,phases      ] GC(934)   Other: 0.08ms
[6853.561s][info][gc,heap        ] GC(934) Eden regions: 715->0(715)
[6853.561s][info][gc,heap        ] GC(934) Survivor regions: 53->53(96)
[6853.561s][info][gc,heap        ] GC(934) Old regions: 206->209
[6853.561s][info][gc,heap        ] GC(934) Humongous regions: 33->33
[6853.561s][info][gc,metaspace   ] GC(934) Metaspace: 30079K(30528K)->30079K(30528K) NonClass: 24666K(24896K)->24666K(24896K) Class: 5413K(5632K)->5413K(5632K)
[6853.561s][info][gc             ] GC(934) Pause Young (Normal) (G1 Evacuation Pause) 8019M->2324M(10240M) 166.678ms
[6853.561s][info][gc,cpu         ] GC(934) User=1.31s Sys=0.00s Real=0.17s
....[6857.681s][info][gc,start       ] GC(935) Pause Young (Normal) (G1 Evacuation Pause)
[6857.681s][info][gc,task        ] GC(935) Using 8 workers of 8 for evacuation
[6857.847s][info][gc,phases      ] GC(935)   Pre Evacuate Collection Set: 0.26ms
[6857.847s][info][gc,phases      ] GC(935)   Merge Heap Roots: 0.54ms
[6857.847s][info][gc,phases      ] GC(935)   Evacuate Collection Set: 163.50ms
[6857.847s][info][gc,phases      ] GC(935)   Post Evacuate Collection Set: 1.29ms
[6857.847s][info][gc,phases      ] GC(935)   Other: 0.07ms
[6857.847s][info][gc,heap        ] GC(935) Eden regions: 715->0(715)
[6857.847s][info][gc,heap        ] GC(935) Survivor regions: 53->53(96)
[6857.847s][info][gc,heap        ] GC(935) Old regions: 209->211
[6857.847s][info][gc,heap        ] GC(935) Humongous regions: 33->33
[6857.847s][info][gc,metaspace   ] GC(935) Metaspace: 30079K(30528K)->30079K(30528K) NonClass: 24666K(24896K)->24666K(24896K) Class: 5413K(5632K)->5413K(5632K)
[6857.847s][info][gc             ] GC(935) Pause Young (Normal) (G1 Evacuation Pause) 8044M->2343M(10240M) 165.782ms
[6857.847s][info][gc,cpu         ] GC(935) User=1.30s Sys=0.00s Real=0.17s
....[6861.966s][info][gc,start       ] GC(936) Pause Young (Normal) (G1 Evacuation Pause)
[6861.966s][info][gc,task        ] GC(936) Using 8 workers of 8 for evacuation
[6862.132s][info][gc,phases      ] GC(936)   Pre Evacuate Collection Set: 0.28ms
[6862.132s][info][gc,phases      ] GC(936)   Merge Heap Roots: 0.54ms
[6862.132s][info][gc,phases      ] GC(936)   Evacuate Collection Set: 163.20ms
[6862.132s][info][gc,phases      ] GC(936)   Post Evacuate Collection Set: 1.24ms
[6862.132s][info][gc,phases      ] GC(936)   Other: 0.06ms
[6862.132s][info][gc,heap        ] GC(936) Eden regions: 715->0(716)
[6862.132s][info][gc,heap        ] GC(936) Survivor regions: 53->52(96)
[6862.132s][info][gc,heap        ] GC(936) Old regions: 211->214
[6862.132s][info][gc,heap        ] GC(936) Humongous regions: 33->33
[6862.132s][info][gc,metaspace   ] GC(936) Metaspace: 30079K(30528K)->30079K(30528K) NonClass: 24666K(24896K)->24666K(24896K) Class: 5413K(5632K)->5413K(5632K)
[6862.132s][info][gc             ] GC(936) Pause Young (Normal) (G1 Evacuation Pause) 8063M->2361M(10240M) 165.456ms
[6862.132s][info][gc,cpu         ] GC(936) User=1.30s Sys=0.00s Real=0.16s
.....[6866.208s][info][gc,start       ] GC(937) Pause Young (Normal) (G1 Evacuation Pause)
[6866.208s][info][gc,task        ] GC(937) Using 8 workers of 8 for evacuation
[6866.379s][info][gc,phases      ] GC(937)   Pre Evacuate Collection Set: 0.26ms
[6866.379s][info][gc,phases      ] GC(937)   Merge Heap Roots: 0.56ms
[6866.379s][info][gc,phases      ] GC(937)   Evacuate Collection Set: 169.40ms
[6866.379s][info][gc,phases      ] GC(937)   Post Evacuate Collection Set: 1.26ms
[6866.379s][info][gc,phases      ] GC(937)   Other: 0.07ms
[6866.379s][info][gc,heap        ] GC(937) Eden regions: 716->0(715)
[6866.379s][info][gc,heap        ] GC(937) Survivor regions: 52->53(96)
[6866.379s][info][gc,heap        ] GC(937) Old regions: 214->217
[6866.379s][info][gc,heap        ] GC(937) Humongous regions: 33->33
[6866.379s][info][gc,metaspace   ] GC(937) Metaspace: 30079K(30528K)->30079K(30528K) NonClass: 24666K(24896K)->24666K(24896K) Class: 5413K(5632K)->5413K(5632K)
[6866.379s][info][gc             ] GC(937) Pause Young (Normal) (G1 Evacuation Pause) 8089M->2391M(10240M) 171.688ms
[6866.379s][info][gc,cpu         ] GC(937) User=1.35s Sys=0.00s Real=0.17s
....[6870.557s][info][gc,start       ] GC(938) Pause Young (Normal) (G1 Evacuation Pause)
[6870.557s][info][gc,task        ] GC(938) Using 8 workers of 8 for evacuation
[6870.728s][info][gc,phases      ] GC(938)   Pre Evacuate Collection Set: 0.29ms
[6870.728s][info][gc,phases      ] GC(938)   Merge Heap Roots: 0.55ms
[6870.728s][info][gc,phases      ] GC(938)   Evacuate Collection Set: 168.72ms
[6870.728s][info][gc,phases      ] GC(938)   Post Evacuate Collection Set: 1.29ms
[6870.728s][info][gc,phases      ] GC(938)   Other: 0.06ms
[6870.728s][info][gc,heap        ] GC(938) Eden regions: 715->0(715)
[6870.728s][info][gc,heap        ] GC(938) Survivor regions: 53->53(96)
[6870.728s][info][gc,heap        ] GC(938) Old regions: 217->220
[6870.728s][info][gc,heap        ] GC(938) Humongous regions: 33->33
[6870.728s][info][gc,metaspace   ] GC(938) Metaspace: 30079K(30528K)->30079K(30528K) NonClass: 24666K(24896K)->24666K(24896K) Class: 5413K(5632K)->5413K(5632K)
[6870.728s][info][gc             ] GC(938) Pause Young (Normal) (G1 Evacuation Pause) 8111M->2410M(10240M) 171.067ms
[6870.728s][info][gc,cpu         ] GC(938) User=1.34s Sys=0.00s Real=0.17s
....[6874.786s][info][gc,start       ] GC(939) Pause Young (Normal) (G1 Evacuation Pause)
[6874.786s][info][gc,task        ] GC(939) Using 8 workers of 8 for evacuation
[6874.958s][info][gc,phases      ] GC(939)   Pre Evacuate Collection Set: 0.28ms
[6874.958s][info][gc,phases      ] GC(939)   Merge Heap Roots: 0.61ms
[6874.958s][info][gc,phases      ] GC(939)   Evacuate Collection Set: 169.89ms
[6874.958s][info][gc,phases      ] GC(939)   Post Evacuate Collection Set: 1.29ms
[6874.958s][info][gc,phases      ] GC(939)   Other: 0.07ms
[6874.958s][info][gc,heap        ] GC(939) Eden regions: 715->0(714)
[6874.958s][info][gc,heap        ] GC(939) Survivor regions: 53->54(96)
[6874.958s][info][gc,heap        ] GC(939) Old regions: 220->222
[6874.958s][info][gc,heap        ] GC(939) Humongous regions: 33->33
[6874.958s][info][gc,metaspace   ] GC(939) Metaspace: 30079K(30528K)->30079K(30528K) NonClass: 24666K(24896K)->24666K(24896K) Class: 5413K(5632K)->5413K(5632K)
[6874.958s][info][gc             ] GC(939) Pause Young (Normal) (G1 Evacuation Pause) 8130M->2439M(10240M) 172.276ms
[6874.958s][info][gc,cpu         ] GC(939) User=1.36s Sys=0.00s Real=0.17s
....[6879.071s][info][gc,start       ] GC(940) Pause Young (Normal) (G1 Evacuation Pause)
[6879.071s][info][gc,task        ] GC(940) Using 8 workers of 8 for evacuation
[6879.239s][info][gc,phases      ] GC(940)   Pre Evacuate Collection Set: 0.24ms
[6879.239s][info][gc,phases      ] GC(940)   Merge Heap Roots: 0.53ms
[6879.239s][info][gc,phases      ] GC(940)   Evacuate Collection Set: 165.64ms
[6879.239s][info][gc,phases      ] GC(940)   Post Evacuate Collection Set: 1.27ms
[6879.239s][info][gc,phases      ] GC(940)   Other: 0.06ms
[6879.239s][info][gc,heap        ] GC(940) Eden regions: 714->0(715)
[6879.239s][info][gc,heap        ] GC(940) Survivor regions: 54->53(96)
[6879.239s][info][gc,heap        ] GC(940) Old regions: 222->225
[6879.239s][info][gc,heap        ] GC(940) Humongous regions: 33->33
[6879.239s][info][gc,metaspace   ] GC(940) Metaspace: 30079K(30528K)->30079K(30528K) NonClass: 24666K(24896K)->24666K(24896K) Class: 5413K(5632K)->5413K(5632K)
[6879.239s][info][gc             ] GC(940) Pause Young (Normal) (G1 Evacuation Pause) 8151M->2458M(10240M) 167.903ms
[6879.239s][info][gc,cpu         ] GC(940) User=1.32s Sys=0.00s Real=0.17s
.....[6883.304s][info][gc,start       ] GC(941) Pause Young (Normal) (G1 Evacuation Pause)
[6883.304s][info][gc,task        ] GC(941) Using 8 workers of 8 for evacuation
[6883.479s][info][gc,phases      ] GC(941)   Pre Evacuate Collection Set: 0.25ms
[6883.479s][info][gc,phases      ] GC(941)   Merge Heap Roots: 0.55ms
[6883.479s][info][gc,phases      ] GC(941)   Evacuate Collection Set: 172.67ms
[6883.479s][info][gc,phases      ] GC(941)   Post Evacuate Collection Set: 1.30ms
[6883.479s][info][gc,phases      ] GC(941)   Other: 0.07ms
[6883.479s][info][gc,heap        ] GC(941) Eden regions: 715->0(714)
[6883.479s][info][gc,heap        ] GC(941) Survivor regions: 53->54(96)
[6883.479s][info][gc,heap        ] GC(941) Old regions: 225->228
[6883.479s][info][gc,heap        ] GC(941) Humongous regions: 33->33
[6883.479s][info][gc,metaspace   ] GC(941) Metaspace: 30079K(30528K)->30079K(30528K) NonClass: 24666K(24896K)->24666K(24896K) Class: 5413K(5632K)->5413K(5632K)
[6883.479s][info][gc             ] GC(941) Pause Young (Normal) (G1 Evacuation Pause) 8178M->2489M(10240M) 174.988ms
[6883.479s][info][gc,cpu         ] GC(941) User=1.38s Sys=0.00s Real=0.18s
....[6887.562s][info][gc,start       ] GC(942) Pause Young (Normal) (G1 Evacuation Pause)
[6887.562s][info][gc,task        ] GC(942) Using 8 workers of 8 for evacuation
[6887.741s][info][gc,phases      ] GC(942)   Pre Evacuate Collection Set: 0.26ms
[6887.741s][info][gc,phases      ] GC(942)   Merge Heap Roots: 0.54ms
[6887.741s][info][gc,phases      ] GC(942)   Evacuate Collection Set: 177.47ms
[6887.741s][info][gc,phases      ] GC(942)   Post Evacuate Collection Set: 1.24ms
[6887.741s][info][gc,phases      ] GC(942)   Other: 0.07ms
[6887.741s][info][gc,heap        ] GC(942) Eden regions: 714->0(712)
[6887.741s][info][gc,heap        ] GC(942) Survivor regions: 54->56(96)
[6887.741s][info][gc,heap        ] GC(942) Old regions: 228->231
[6887.741s][info][gc,heap        ] GC(942) Humongous regions: 33->33
[6887.741s][info][gc,metaspace   ] GC(942) Metaspace: 30079K(30528K)->30079K(30528K) NonClass: 24666K(24896K)->24666K(24896K) Class: 5413K(5632K)->5413K(5632K)
[6887.741s][info][gc             ] GC(942) Pause Young (Normal) (G1 Evacuation Pause) 8201M->2523M(10240M) 179.723ms
[6887.741s][info][gc,cpu         ] GC(942) User=1.41s Sys=0.00s Real=0.18s
....[6891.775s][info][gc,start       ] GC(943) Pause Young (Normal) (G1 Evacuation Pause)
[6891.775s][info][gc,task        ] GC(943) Using 8 workers of 8 for evacuation
[6891.945s][info][gc,phases      ] GC(943)   Pre Evacuate Collection Set: 0.25ms
[6891.945s][info][gc,phases      ] GC(943)   Merge Heap Roots: 0.54ms
[6891.945s][info][gc,phases      ] GC(943)   Evacuate Collection Set: 167.34ms
[6891.945s][info][gc,phases      ] GC(943)   Post Evacuate Collection Set: 1.25ms
[6891.945s][info][gc,phases      ] GC(943)   Other: 0.06ms
[6891.945s][info][gc,heap        ] GC(943) Eden regions: 712->0(715)
[6891.945s][info][gc,heap        ] GC(943) Survivor regions: 56->53(96)
[6891.945s][info][gc,heap        ] GC(943) Old regions: 231->234
[6891.945s][info][gc,heap        ] GC(943) Humongous regions: 33->33
[6891.945s][info][gc,metaspace   ] GC(943) Metaspace: 30079K(30528K)->30079K(30528K) NonClass: 24666K(24896K)->24666K(24896K) Class: 5413K(5632K)->5413K(5632K)
[6891.945s][info][gc             ] GC(943) Pause Young (Normal) (G1 Evacuation Pause) 8219M->2522M(10240M) 169.586ms
[6891.945s][info][gc,cpu         ] GC(943) User=1.33s Sys=0.01s Real=0.17s
....[6896.071s][info][gc,start       ] GC(944) Pause Young (Normal) (G1 Evacuation Pause)
[6896.071s][info][gc,task        ] GC(944) Using 8 workers of 8 for evacuation
[6896.242s][info][gc,phases      ] GC(944)   Pre Evacuate Collection Set: 0.29ms
[6896.242s][info][gc,phases      ] GC(944)   Merge Heap Roots: 0.55ms
[6896.242s][info][gc,phases      ] GC(944)   Evacuate Collection Set: 168.40ms
[6896.242s][info][gc,phases      ] GC(944)   Post Evacuate Collection Set: 1.23ms
[6896.242s][info][gc,phases      ] GC(944)   Other: 0.06ms
[6896.242s][info][gc,heap        ] GC(944) Eden regions: 715->0(715)
[6896.242s][info][gc,heap        ] GC(944) Survivor regions: 53->53(96)
[6896.242s][info][gc,heap        ] GC(944) Old regions: 234->237
[6896.242s][info][gc,heap        ] GC(944) Humongous regions: 33->33
[6896.242s][info][gc,metaspace   ] GC(944) Metaspace: 30079K(30528K)->30079K(30528K) NonClass: 24666K(24896K)->24666K(24896K) Class: 5413K(5632K)->5413K(5632K)
[6896.242s][info][gc             ] GC(944) Pause Young (Normal) (G1 Evacuation Pause) 8242M->2548M(10240M) 170.665ms
[6896.242s][info][gc,cpu         ] GC(944) User=1.34s Sys=0.00s Real=0.17s
.... (rIR:aIR:PR = 11346:11329:11329) (tPR = 168554) [OK] 
  6899s: Performance info:
         Transaction,    Success,    Partial,     Failed,   Receipts, AvgBarcode, 
             Overall,     684999,          0,          0,     650477,      59.47, 
         Response times:
             Request,    Success,    Partial,     Failed,   SkipFail,     Probes,    Samples,      min,      p50,      p90,      p95,      p99,      max, 
       TotalPurchase,     650483,          0,          0,          0,     360156,     488844,      300,    10300,    61000,    98000,   167000,  1100000,
     InStorePurchase,     341161,          0,          0,          0,     189362,     256343,      300,    10300,    61000,    99000,   166000,  1100000,
      OnlinePurchase,     240800,          0,          0,          0,     132491,     180174,      300,    10200,    61000,    99000,   168000,  1100000,
        InstPurchase,      68522,          0,          0,          0,      38303,      52327,      400,    10500,    63000,    96000,   167000,   900000,
          AssocOfCat,        689,          0,          0,          0,        577,        931,    34000,    69000,   139000,   176000,   235720,   265000,
      AssocOfProduct,       6831,          0,          0,          0,       4074,       5813,      700,    10700,    59000,    90000,   162000,   840000,
      BusinessReport,       1713,          0,          0,          0,       1530,       2253,    37000,    77000,   143000,   179000,   249000,   760000,
          CustBuyBeh,       6866,          0,          0,          0,       4126,       5900,      400,    10200,    63000,    97000,   164990,   377000,
       ProductReturn,      18419,          0,          0,          0,       9068,      12609,      200,    10400,    61000,    99000,   174000,   960000,

  6899s: (83%)   IR =  11485 [6900.343s][info][gc,start       ] GC(945) Pause Young (Normal) (G1 Evacuation Pause)
[6900.343s][info][gc,task        ] GC(945) Using 8 workers of 8 for evacuation
[6900.517s][info][gc,phases      ] GC(945)   Pre Evacuate Collection Set: 0.26ms
[6900.517s][info][gc,phases      ] GC(945)   Merge Heap Roots: 0.53ms
[6900.517s][info][gc,phases      ] GC(945)   Evacuate Collection Set: 171.92ms
[6900.517s][info][gc,phases      ] GC(945)   Post Evacuate Collection Set: 1.35ms
[6900.517s][info][gc,phases      ] GC(945)   Other: 0.06ms
[6900.517s][info][gc,heap        ] GC(945) Eden regions: 715->0(714)
[6900.517s][info][gc,heap        ] GC(945) Survivor regions: 53->54(96)
[6900.517s][info][gc,heap        ] GC(945) Old regions: 237->239
[6900.517s][info][gc,heap        ] GC(945) Humongous regions: 33->33
[6900.517s][info][gc,metaspace   ] GC(945) Metaspace: 30079K(30528K)->30079K(30528K) NonClass: 24666K(24896K)->24666K(24896K) Class: 5413K(5632K)->5413K(5632K)
[6900.517s][info][gc             ] GC(945) Pause Young (Normal) (G1 Evacuation Pause) 8268M->2578M(10240M) 174.271ms
[6900.517s][info][gc,cpu         ] GC(945) User=1.37s Sys=0.00s Real=0.18s
....[6904.483s][info][gc,start       ] GC(946) Pause Young (Normal) (G1 Evacuation Pause)
[6904.483s][info][gc,task        ] GC(946) Using 8 workers of 8 for evacuation
[6904.655s][info][gc,phases      ] GC(946)   Pre Evacuate Collection Set: 0.23ms
[6904.655s][info][gc,phases      ] GC(946)   Merge Heap Roots: 0.51ms
[6904.655s][info][gc,phases      ] GC(946)   Evacuate Collection Set: 170.11ms
[6904.655s][info][gc,phases      ] GC(946)   Post Evacuate Collection Set: 1.25ms
[6904.655s][info][gc,phases      ] GC(946)   Other: 0.07ms
[6904.655s][info][gc,heap        ] GC(946) Eden regions: 714->0(715)
[6904.655s][info][gc,heap        ] GC(946) Survivor regions: 54->53(96)
[6904.655s][info][gc,heap        ] GC(946) Old regions: 239->242
[6904.655s][info][gc,heap        ] GC(946) Humongous regions: 33->33
[6904.655s][info][gc,metaspace   ] GC(946) Metaspace: 30079K(30528K)->30079K(30528K) NonClass: 24666K(24896K)->24666K(24896K) Class: 5413K(5632K)->5413K(5632K)
[6904.655s][info][gc             ] GC(946) Pause Young (Normal) (G1 Evacuation Pause) 8290M->2592M(10240M) 172.320ms
[6904.655s][info][gc,cpu         ] GC(946) User=1.36s Sys=0.00s Real=0.17s
.....[6908.772s][info][gc,start       ] GC(947) Pause Young (Normal) (G1 Evacuation Pause)
[6908.772s][info][gc,task        ] GC(947) Using 8 workers of 8 for evacuation
[6908.944s][info][gc,phases      ] GC(947)   Pre Evacuate Collection Set: 0.29ms
[6908.944s][info][gc,phases      ] GC(947)   Merge Heap Roots: 0.55ms
[6908.944s][info][gc,phases      ] GC(947)   Evacuate Collection Set: 169.58ms
[6908.944s][info][gc,phases      ] GC(947)   Post Evacuate Collection Set: 1.29ms
[6908.944s][info][gc,phases      ] GC(947)   Other: 0.06ms
[6908.944s][info][gc,heap        ] GC(947) Eden regions: 715->0(715)
[6908.944s][info][gc,heap        ] GC(947) Survivor regions: 53->53(96)
[6908.944s][info][gc,heap        ] GC(947) Old regions: 242->245
[6908.944s][info][gc,heap        ] GC(947) Humongous regions: 33->33
[6908.944s][info][gc,metaspace   ] GC(947) Metaspace: 30079K(30528K)->30079K(30528K) NonClass: 24666K(24896K)->24666K(24896K) Class: 5413K(5632K)->5413K(5632K)
[6908.944s][info][gc             ] GC(947) Pause Young (Normal) (G1 Evacuation Pause) 8312M->2614M(10240M) 171.917ms
[6908.944s][info][gc,cpu         ] GC(947) User=1.35s Sys=0.00s Real=0.17s
....[6912.966s][info][gc,start       ] GC(948) Pause Young (Normal) (G1 Evacuation Pause)
[6912.966s][info][gc,task        ] GC(948) Using 8 workers of 8 for evacuation
[6913.135s][info][gc,phases      ] GC(948)   Pre Evacuate Collection Set: 0.27ms
[6913.135s][info][gc,phases      ] GC(948)   Merge Heap Roots: 0.53ms
[6913.135s][info][gc,phases      ] GC(948)   Evacuate Collection Set: 166.19ms
[6913.135s][info][gc,phases      ] GC(948)   Post Evacuate Collection Set: 1.27ms
[6913.135s][info][gc,phases      ] GC(948)   Other: 0.08ms
[6913.135s][info][gc,heap        ] GC(948) Eden regions: 715->0(715)
[6913.135s][info][gc,heap        ] GC(948) Survivor regions: 53->53(96)
[6913.135s][info][gc,heap        ] GC(948) Old regions: 245->248
[6913.135s][info][gc,heap        ] GC(948) Humongous regions: 33->33
[6913.135s][info][gc,metaspace   ] GC(948) Metaspace: 30079K(30528K)->30079K(30528K) NonClass: 24666K(24896K)->24666K(24896K) Class: 5413K(5632K)->5413K(5632K)
[6913.135s][info][gc             ] GC(948) Pause Young (Normal) (G1 Evacuation Pause) 8334M->2638M(10240M) 168.465ms
[6913.135s][info][gc,cpu         ] GC(948) User=1.33s Sys=0.00s Real=0.16s
.|...[6917.263s][info][gc,start       ] GC(949) Pause Young (Normal) (G1 Evacuation Pause)
[6917.263s][info][gc,task        ] GC(949) Using 8 workers of 8 for evacuation
[6917.435s][info][gc,phases      ] GC(949)   Pre Evacuate Collection Set: 0.27ms
[6917.435s][info][gc,phases      ] GC(949)   Merge Heap Roots: 0.52ms
[6917.435s][info][gc,phases      ] GC(949)   Evacuate Collection Set: 169.29ms
[6917.435s][info][gc,phases      ] GC(949)   Post Evacuate Collection Set: 1.33ms
[6917.435s][info][gc,phases      ] GC(949)   Other: 0.06ms
[6917.435s][info][gc,heap        ] GC(949) Eden regions: 715->0(714)
[6917.435s][info][gc,heap        ] GC(949) Survivor regions: 53->54(96)
[6917.435s][info][gc,heap        ] GC(949) Old regions: 248->250
[6917.435s][info][gc,heap        ] GC(949) Humongous regions: 33->33
[6917.435s][info][gc,metaspace   ] GC(949) Metaspace: 30079K(30528K)->30079K(30528K) NonClass: 24666K(24896K)->24666K(24896K) Class: 5413K(5632K)->5413K(5632K)
[6917.435s][info][gc             ] GC(949) Pause Young (Normal) (G1 Evacuation Pause) 8358M->2667M(10240M) 171.607ms
[6917.435s][info][gc,cpu         ] GC(949) User=1.35s Sys=0.00s Real=0.17s
....[6921.380s][info][gc,start       ] GC(950) Pause Young (Normal) (G1 Evacuation Pause)
[6921.380s][info][gc,task        ] GC(950) Using 8 workers of 8 for evacuation
[6921.556s][info][gc,phases      ] GC(950)   Pre Evacuate Collection Set: 0.26ms
[6921.556s][info][gc,phases      ] GC(950)   Merge Heap Roots: 0.52ms
[6921.557s][info][gc,phases      ] GC(950)   Evacuate Collection Set: 173.97ms
[6921.557s][info][gc,phases      ] GC(950)   Post Evacuate Collection Set: 1.27ms
[6921.557s][info][gc,phases      ] GC(950)   Other: 0.06ms
[6921.557s][info][gc,heap        ] GC(950) Eden regions: 714->0(713)
[6921.557s][info][gc,heap        ] GC(950) Survivor regions: 54->55(96)
[6921.557s][info][gc,heap        ] GC(950) Old regions: 250->253
[6921.557s][info][gc,heap        ] GC(950) Humongous regions: 33->33
[6921.557s][info][gc,metaspace   ] GC(950) Metaspace: 30079K(30528K)->30079K(30528K) NonClass: 24666K(24896K)->24666K(24896K) Class: 5413K(5632K)->5413K(5632K)
[6921.557s][info][gc             ] GC(950) Pause Young (Normal) (G1 Evacuation Pause) 8379M->2694M(10240M) 176.224ms
[6921.557s][info][gc,cpu         ] GC(950) User=1.38s Sys=0.00s Real=0.18s
.....[6925.692s][info][gc,start       ] GC(951) Pause Young (Normal) (G1 Evacuation Pause)
[6925.692s][info][gc,task        ] GC(951) Using 8 workers of 8 for evacuation
[6925.858s][info][gc,phases      ] GC(951)   Pre Evacuate Collection Set: 0.27ms
[6925.858s][info][gc,phases      ] GC(951)   Merge Heap Roots: 0.52ms
[6925.858s][info][gc,phases      ] GC(951)   Evacuate Collection Set: 164.24ms
[6925.858s][info][gc,phases      ] GC(951)   Post Evacuate Collection Set: 1.27ms
[6925.858s][info][gc,phases      ] GC(951)   Other: 0.07ms
[6925.858s][info][gc,heap        ] GC(951) Eden regions: 713->0(715)
[6925.858s][info][gc,heap        ] GC(951) Survivor regions: 55->53(96)
[6925.858s][info][gc,heap        ] GC(951) Old regions: 253->256
[6925.858s][info][gc,heap        ] GC(951) Humongous regions: 33->33
[6925.858s][info][gc,metaspace   ] GC(951) Metaspace: 30079K(30528K)->30079K(30528K) NonClass: 24666K(24896K)->24666K(24896K) Class: 5413K(5632K)->5413K(5632K)
[6925.858s][info][gc             ] GC(951) Pause Young (Normal) (G1 Evacuation Pause) 8398M->2705M(10240M) 166.507ms
[6925.858s][info][gc,cpu         ] GC(951) User=1.31s Sys=0.00s Real=0.17s
....[6929.916s][info][gc,start       ] GC(952) Pause Young (Normal) (G1 Evacuation Pause)
[6929.916s][info][gc,task        ] GC(952) Using 8 workers of 8 for evacuation
[6930.090s][info][gc,phases      ] GC(952)   Pre Evacuate Collection Set: 0.28ms
[6930.090s][info][gc,phases      ] GC(952)   Merge Heap Roots: 0.56ms
[6930.090s][info][gc,phases      ] GC(952)   Evacuate Collection Set: 171.69ms
[6930.090s][info][gc,phases      ] GC(952)   Post Evacuate Collection Set: 1.25ms
[6930.090s][info][gc,phases      ] GC(952)   Other: 0.07ms
[6930.090s][info][gc,heap        ] GC(952) Eden regions: 715->0(714)
[6930.090s][info][gc,heap        ] GC(952) Survivor regions: 53->54(96)
[6930.090s][info][gc,heap        ] GC(952) Old regions: 256->259
[6930.090s][info][gc,heap        ] GC(952) Humongous regions: 33->33
[6930.090s][info][gc,metaspace   ] GC(952) Metaspace: 30079K(30528K)->30079K(30528K) NonClass: 24666K(24896K)->24666K(24896K) Class: 5413K(5632K)->5413K(5632K)
[6930.090s][info][gc             ] GC(952) Pause Young (Normal) (G1 Evacuation Pause) 8425M->2732M(10240M) 173.993ms
[6930.090s][info][gc,cpu         ] GC(952) User=1.37s Sys=0.00s Real=0.17s
....[6934.251s][info][gc,start       ] GC(953) Pause Young (Normal) (G1 Evacuation Pause)
[6934.251s][info][gc,task        ] GC(953) Using 8 workers of 8 for evacuation
[6934.422s][info][gc,phases      ] GC(953)   Pre Evacuate Collection Set: 0.28ms
[6934.422s][info][gc,phases      ] GC(953)   Merge Heap Roots: 0.53ms
[6934.422s][info][gc,phases      ] GC(953)   Evacuate Collection Set: 168.85ms
[6934.422s][info][gc,phases      ] GC(953)   Post Evacuate Collection Set: 1.27ms
[6934.422s][info][gc,phases      ] GC(953)   Other: 0.07ms
[6934.422s][info][gc,heap        ] GC(953) Eden regions: 714->0(715)
[6934.422s][info][gc,heap        ] GC(953) Survivor regions: 54->53(96)
[6934.422s][info][gc,heap        ] GC(953) Old regions: 259->262
[6934.422s][info][gc,heap        ] GC(953) Humongous regions: 33->33
[6934.422s][info][gc,metaspace   ] GC(953) Metaspace: 30079K(30528K)->30079K(30528K) NonClass: 24666K(24896K)->24666K(24896K) Class: 5413K(5632K)->5413K(5632K)
[6934.422s][info][gc             ] GC(953) Pause Young (Normal) (G1 Evacuation Pause) 8444M->2750M(10240M) 171.151ms
[6934.422s][info][gc,cpu         ] GC(953) User=1.35s Sys=0.00s Real=0.17s
....[6938.463s][info][gc,start       ] GC(954) Pause Young (Normal) (G1 Evacuation Pause)
[6938.463s][info][gc,task        ] GC(954) Using 8 workers of 8 for evacuation
[6938.632s][info][gc,phases      ] GC(954)   Pre Evacuate Collection Set: 0.27ms
[6938.632s][info][gc,phases      ] GC(954)   Merge Heap Roots: 0.53ms
[6938.632s][info][gc,phases      ] GC(954)   Evacuate Collection Set: 166.92ms
[6938.632s][info][gc,phases      ] GC(954)   Post Evacuate Collection Set: 1.27ms
[6938.632s][info][gc,phases      ] GC(954)   Other: 0.07ms
[6938.632s][info][gc,heap        ] GC(954) Eden regions: 715->0(714)
[6938.632s][info][gc,heap        ] GC(954) Survivor regions: 53->54(96)
[6938.632s][info][gc,heap        ] GC(954) Old regions: 262->264
[6938.632s][info][gc,heap        ] GC(954) Humongous regions: 33->33
[6938.632s][info][gc,metaspace   ] GC(954) Metaspace: 30079K(30528K)->30079K(30528K) NonClass: 24666K(24896K)->24666K(24896K) Class: 5413K(5632K)->5413K(5632K)
[6938.632s][info][gc             ] GC(954) Pause Young (Normal) (G1 Evacuation Pause) 8470M->2775M(10240M) 169.191ms
[6938.632s][info][gc,cpu         ] GC(954) User=1.34s Sys=0.00s Real=0.17s
.....[6942.712s][info][gc,start       ] GC(955) Pause Young (Normal) (G1 Evacuation Pause)
[6942.712s][info][gc,task        ] GC(955) Using 8 workers of 8 for evacuation
[6942.881s][info][gc,phases      ] GC(955)   Pre Evacuate Collection Set: 0.28ms
[6942.881s][info][gc,phases      ] GC(955)   Merge Heap Roots: 0.54ms
[6942.881s][info][gc,phases      ] GC(955)   Evacuate Collection Set: 166.12ms
[6942.881s][info][gc,phases      ] GC(955)   Post Evacuate Collection Set: 1.33ms
[6942.881s][info][gc,phases      ] GC(955)   Other: 0.07ms
[6942.881s][info][gc,heap        ] GC(955) Eden regions: 714->0(715)
[6942.881s][info][gc,heap        ] GC(955) Survivor regions: 54->53(96)
[6942.881s][info][gc,heap        ] GC(955) Old regions: 264->267
[6942.881s][info][gc,heap        ] GC(955) Humongous regions: 33->33
[6942.881s][info][gc,metaspace   ] GC(955) Metaspace: 30079K(30528K)->30079K(30528K) NonClass: 24666K(24896K)->24666K(24896K) Class: 5413K(5632K)->5413K(5632K)
[6942.881s][info][gc             ] GC(955) Pause Young (Normal) (G1 Evacuation Pause) 8487M->2794M(10240M) 168.485ms
[6942.881s][info][gc,cpu         ] GC(955) User=1.33s Sys=0.00s Real=0.17s
....[6946.918s][info][gc,start       ] GC(956) Pause Young (Normal) (G1 Evacuation Pause)
[6946.918s][info][gc,task        ] GC(956) Using 8 workers of 8 for evacuation
[6947.083s][info][gc,phases      ] GC(956)   Pre Evacuate Collection Set: 0.27ms
[6947.083s][info][gc,phases      ] GC(956)   Merge Heap Roots: 0.54ms
[6947.083s][info][gc,phases      ] GC(956)   Evacuate Collection Set: 163.12ms
[6947.083s][info][gc,phases      ] GC(956)   Post Evacuate Collection Set: 1.27ms
[6947.083s][info][gc,phases      ] GC(956)   Other: 0.06ms
[6947.083s][info][gc,heap        ] GC(956) Eden regions: 715->0(716)
[6947.083s][info][gc,heap        ] GC(956) Survivor regions: 53->52(96)
[6947.083s][info][gc,heap        ] GC(956) Old regions: 267->270
[6947.083s][info][gc,heap        ] GC(956) Humongous regions: 33->33
[6947.083s][info][gc,metaspace   ] GC(956) Metaspace: 30079K(30528K)->30079K(30528K) NonClass: 24666K(24896K)->24666K(24896K) Class: 5413K(5632K)->5413K(5632K)
[6947.083s][info][gc             ] GC(956) Pause Young (Normal) (G1 Evacuation Pause) 8514M->2809M(10240M) 165.392ms
[6947.083s][info][gc,cpu         ] GC(956) User=1.30s Sys=0.00s Real=0.16s
....[6951.110s][info][gc,start       ] GC(957) Pause Young (Normal) (G1 Evacuation Pause)
[6951.110s][info][gc,task        ] GC(957) Using 8 workers of 8 for evacuation
[6951.284s][info][gc,phases      ] GC(957)   Pre Evacuate Collection Set: 0.24ms
[6951.284s][info][gc,phases      ] GC(957)   Merge Heap Roots: 0.60ms
[6951.284s][info][gc,phases      ] GC(957)   Evacuate Collection Set: 171.43ms
[6951.284s][info][gc,phases      ] GC(957)   Post Evacuate Collection Set: 1.28ms
[6951.284s][info][gc,phases      ] GC(957)   Other: 0.06ms
[6951.284s][info][gc,heap        ] GC(957) Eden regions: 716->0(713)
[6951.284s][info][gc,heap        ] GC(957) Survivor regions: 52->55(96)
[6951.284s][info][gc,heap        ] GC(957) Old regions: 270->273
[6951.284s][info][gc,heap        ] GC(957) Humongous regions: 33->33
[6951.284s][info][gc,metaspace   ] GC(957) Metaspace: 30079K(30528K)->30079K(30528K) NonClass: 24666K(24896K)->24666K(24896K) Class: 5413K(5632K)->5413K(5632K)
[6951.284s][info][gc             ] GC(957) Pause Young (Normal) (G1 Evacuation Pause) 8537M->2851M(10240M) 173.757ms
[6951.284s][info][gc,cpu         ] GC(957) User=1.36s Sys=0.00s Real=0.17s
....[6955.246s][info][gc,start       ] GC(958) Pause Young (Normal) (G1 Evacuation Pause)
[6955.246s][info][gc,task        ] GC(958) Using 8 workers of 8 for evacuation
[6955.418s][info][gc,phases      ] GC(958)   Pre Evacuate Collection Set: 0.26ms
[6955.418s][info][gc,phases      ] GC(958)   Merge Heap Roots: 0.53ms
[6955.418s][info][gc,phases      ] GC(958)   Evacuate Collection Set: 170.24ms
[6955.418s][info][gc,phases      ] GC(958)   Post Evacuate Collection Set: 1.26ms
[6955.418s][info][gc,phases      ] GC(958)   Other: 0.06ms
[6955.418s][info][gc,heap        ] GC(958) Eden regions: 713->0(714)
[6955.418s][info][gc,heap        ] GC(958) Survivor regions: 55->54(96)
[6955.418s][info][gc,heap        ] GC(958) Old regions: 273->276
[6955.418s][info][gc,heap        ] GC(958) Humongous regions: 33->33
[6955.418s][info][gc,metaspace   ] GC(958) Metaspace: 30079K(30528K)->30079K(30528K) NonClass: 24666K(24896K)->24666K(24896K) Class: 5413K(5632K)->5413K(5632K)
[6955.418s][info][gc             ] GC(958) Pause Young (Normal) (G1 Evacuation Pause) 8555M->2865M(10240M) 172.485ms
[6955.418s][info][gc,cpu         ] GC(958) User=1.36s Sys=0.00s Real=0.17s
....[6959.646s][info][gc,start       ] GC(959) Pause Young (Concurrent Start) (G1 Evacuation Pause)
[6959.646s][info][gc,task        ] GC(959) Using 8 workers of 8 for evacuation
[6959.812s][info][gc,phases      ] GC(959)   Pre Evacuate Collection Set: 0.31ms
[6959.812s][info][gc,phases      ] GC(959)   Merge Heap Roots: 0.53ms
[6959.812s][info][gc,phases      ] GC(959)   Evacuate Collection Set: 164.08ms
[6959.812s][info][gc,phases      ] GC(959)   Post Evacuate Collection Set: 1.32ms
[6959.812s][info][gc,phases      ] GC(959)   Other: 0.09ms
[6959.812s][info][gc,heap        ] GC(959) Eden regions: 714->0(715)
[6959.812s][info][gc,heap        ] GC(959) Survivor regions: 54->53(96)
[6959.812s][info][gc,heap        ] GC(959) Old regions: 276->278
[6959.812s][info][gc,heap        ] GC(959) Humongous regions: 33->33
[6959.812s][info][gc,metaspace   ] GC(959) Metaspace: 30079K(30528K)->30079K(30528K) NonClass: 24666K(24896K)->24666K(24896K) Class: 5413K(5632K)->5413K(5632K)
[6959.812s][info][gc             ] GC(959) Pause Young (Concurrent Start) (G1 Evacuation Pause) 8577M->2883M(10240M) 166.454ms
[6959.813s][info][gc             ] GC(960) Concurrent Mark Cycle
[6959.813s][info][gc,marking     ] GC(960) Concurrent Scan Root Regions
[6959.813s][info][gc,cpu         ] GC(959) User=1.31s Sys=0.00s Real=0.16s
.[6960.151s][info][gc,marking     ] GC(960) Concurrent Scan Root Regions 338.443ms
[6960.151s][info][gc,marking     ] GC(960) Concurrent Mark
[6960.151s][info][gc,marking     ] GC(960) Concurrent Mark From Roots
[6960.151s][info][gc,task        ] GC(960) Using 2 workers of 2 for marking
.[6961.224s][info][gc,marking     ] GC(960) Concurrent Mark From Roots 1072.524ms
[6961.224s][info][gc,marking     ] GC(960) Concurrent Preclean
[6961.224s][info][gc,marking     ] GC(960) Concurrent Preclean 0.188ms
[6961.224s][info][gc,start       ] GC(960) Pause Remark
[6961.225s][info][gc             ] GC(960) Pause Remark 4479M->4279M(10240M) 1.171ms
[6961.225s][info][gc,cpu         ] GC(960) User=0.01s Sys=0.00s Real=0.00s
[6961.225s][info][gc,marking     ] GC(960) Concurrent Mark 1074.151ms
[6961.225s][info][gc,marking     ] GC(960) Concurrent Rebuild Remembered Sets and Scrub Regions
.[6961.946s][info][gc,marking     ] GC(960) Concurrent Rebuild Remembered Sets and Scrub Regions 720.563ms
[6961.946s][info][gc,start       ] GC(960) Pause Cleanup
[6961.946s][info][gc             ] GC(960) Pause Cleanup 5141M->5141M(10240M) 0.298ms
[6961.946s][info][gc,cpu         ] GC(960) User=0.00s Sys=0.00s Real=0.00s
[6961.946s][info][gc,marking     ] GC(960) Concurrent Clear Claimed Marks
[6961.946s][info][gc,marking     ] GC(960) Concurrent Clear Claimed Marks 0.049ms
[6961.946s][info][gc,marking     ] GC(960) Concurrent Cleanup for Next Mark
[6961.961s][info][gc,marking     ] GC(960) Concurrent Cleanup for Next Mark 14.537ms
[6961.961s][info][gc             ] GC(960) Concurrent Mark Cycle 2148.436ms
..[6964.010s][info][gc,start       ] GC(961) Pause Young (Prepare Mixed) (G1 Evacuation Pause)
[6964.010s][info][gc,task        ] GC(961) Using 8 workers of 8 for evacuation
[6964.187s][info][gc,phases      ] GC(961)   Pre Evacuate Collection Set: 0.27ms
[6964.187s][info][gc,phases      ] GC(961)   Merge Heap Roots: 0.77ms
[6964.187s][info][gc,phases      ] GC(961)   Evacuate Collection Set: 174.78ms
[6964.187s][info][gc,phases      ] GC(961)   Post Evacuate Collection Set: 1.34ms
[6964.187s][info][gc,phases      ] GC(961)   Other: 0.08ms
[6964.187s][info][gc,heap        ] GC(961) Eden regions: 715->0(700)
[6964.187s][info][gc,heap        ] GC(961) Survivor regions: 53->54(96)
[6964.187s][info][gc,heap        ] GC(961) Old regions: 253->256
[6964.187s][info][gc,heap        ] GC(961) Humongous regions: 33->33
[6964.187s][info][gc,metaspace   ] GC(961) Metaspace: 30079K(30528K)->30079K(30528K) NonClass: 24666K(24896K)->24666K(24896K) Class: 5413K(5632K)->5413K(5632K)
[6964.187s][info][gc             ] GC(961) Pause Young (Prepare Mixed) (G1 Evacuation Pause) 8403M->2714M(10240M) 177.362ms
[6964.187s][info][gc,cpu         ] GC(961) User=1.40s Sys=0.00s Real=0.18s
....[6968.076s][info][gc,start       ] GC(962) Pause Young (Mixed) (G1 Evacuation Pause)
[6968.076s][info][gc,task        ] GC(962) Using 8 workers of 8 for evacuation
[6968.252s][info][gc,phases      ] GC(962)   Pre Evacuate Collection Set: 0.30ms
[6968.252s][info][gc,phases      ] GC(962)   Merge Heap Roots: 0.61ms
[6968.252s][info][gc,phases      ] GC(962)   Evacuate Collection Set: 173.68ms
[6968.252s][info][gc,phases      ] GC(962)   Post Evacuate Collection Set: 1.33ms
[6968.252s][info][gc,phases      ] GC(962)   Other: 0.08ms
[6968.252s][info][gc,heap        ] GC(962) Eden regions: 705->0(715)
[6968.252s][info][gc,heap        ] GC(962) Survivor regions: 54->53(95)
[6968.252s][info][gc,heap        ] GC(962) Old regions: 256->242
[6968.252s][info][gc,heap        ] GC(962) Humongous regions: 33->33
[6968.252s][info][gc,metaspace   ] GC(962) Metaspace: 30079K(30528K)->30079K(30528K) NonClass: 24666K(24896K)->24666K(24896K) Class: 5413K(5632K)->5413K(5632K)
[6968.252s][info][gc             ] GC(962) Pause Young (Mixed) (G1 Evacuation Pause) 8354M->2594M(10240M) 176.144ms
[6968.252s][info][gc,cpu         ] GC(962) User=1.38s Sys=0.00s Real=0.17s
....[6972.213s][info][gc,start       ] GC(963) Pause Young (Mixed) (G1 Evacuation Pause)
[6972.213s][info][gc,task        ] GC(963) Using 8 workers of 8 for evacuation
[6972.391s][info][gc,phases      ] GC(963)   Pre Evacuate Collection Set: 0.28ms
[6972.391s][info][gc,phases      ] GC(963)   Merge Heap Roots: 0.60ms
[6972.391s][info][gc,phases      ] GC(963)   Evacuate Collection Set: 174.54ms
[6972.391s][info][gc,phases      ] GC(963)   Merge Optional Heap Roots: 0.06ms
[6972.391s][info][gc,phases      ] GC(963)   Evacuate Optional Collection Set: 0.65ms
[6972.391s][info][gc,phases      ] GC(963)   Post Evacuate Collection Set: 1.44ms
[6972.391s][info][gc,phases      ] GC(963)   Other: 0.09ms
[6972.391s][info][gc,heap        ] GC(963) Eden regions: 715->0(692)
[6972.391s][info][gc,heap        ] GC(963) Survivor regions: 53->54(96)
[6972.391s][info][gc,heap        ] GC(963) Old regions: 242->167
[6972.391s][info][gc,heap        ] GC(963) Humongous regions: 33->33
[6972.391s][info][gc,metaspace   ] GC(963) Metaspace: 30079K(30528K)->30079K(30528K) NonClass: 24666K(24896K)->24666K(24896K) Class: 5413K(5632K)->5413K(5632K)
[6972.391s][info][gc             ] GC(963) Pause Young (Mixed) (G1 Evacuation Pause) 8314M->2003M(10240M) 177.818ms
[6972.391s][info][gc,cpu         ] GC(963) User=1.40s Sys=0.00s Real=0.18s
.. (rIR:aIR:PR = 11485:11378:11410) (tPR = 169832) [OK] 
  6973s: Performance info:
         Transaction,    Success,    Partial,     Failed,   Receipts, AvgBarcode, 
             Overall,     686428,          0,          0,     651792,      59.47, 
         Response times:
             Request,    Success,    Partial,     Failed,   SkipFail,     Probes,    Samples,      min,      p50,      p90,      p95,      p99,      max, 
       TotalPurchase,     649939,          0,          0,          0,     350765,     449635,      300,    12200,   111000,   172000,   267000,  3700000,
     InStorePurchase,     341716,          0,          0,          0,     184351,     235811,      300,    12200,   109000,   169000,   265000,  3700000,
      OnlinePurchase,     239286,          0,          0,          0,     129264,     166289,      300,    12300,   114000,   176000,   272000,  3700000,
        InstPurchase,      68937,          0,          0,          0,      37150,      47535,      400,    12300,   113000,   170000,   280000,  2600000,
          AssocOfCat,        691,          0,          0,          0,        579,        855,    34000,    69000,   169000,   239200,   391920,   770000,
      AssocOfProduct,       6993,          0,          0,          0,       4118,       5568,      600,    12300,   113000,   161000,   261240,  1400000,
      BusinessReport,       1727,          0,          0,          0,       1518,       2097,    36000,    78000,   209000,   266100,   399000,  1600000,
          CustBuyBeh,       6916,          0,          0,          0,       4066,       5494,      200,    12400,   107000,   161000,   264300,  3700000,
       ProductReturn,      18260,          0,          0,          0,       9216,      12074,      200,    12300,   111000,   169000,   278250,  1400000,

  6973s: (84%)   IR =  11623 ..[6976.257s][info][gc,start       ] GC(964) Pause Young (Mixed) (G1 Evacuation Pause)
[6976.257s][info][gc,task        ] GC(964) Using 8 workers of 8 for evacuation
[6976.434s][info][gc,phases      ] GC(964)   Pre Evacuate Collection Set: 0.25ms
[6976.434s][info][gc,phases      ] GC(964)   Merge Heap Roots: 0.60ms
[6976.434s][info][gc,phases      ] GC(964)   Evacuate Collection Set: 174.43ms
[6976.434s][info][gc,phases      ] GC(964)   Post Evacuate Collection Set: 1.35ms
[6976.434s][info][gc,phases      ] GC(964)   Other: 0.08ms
[6976.434s][info][gc,heap        ] GC(964) Eden regions: 693->0(680)
[6976.434s][info][gc,heap        ] GC(964) Survivor regions: 54->54(94)
[6976.434s][info][gc,heap        ] GC(964) Old regions: 167->153
[6976.434s][info][gc,heap        ] GC(964) Humongous regions: 33->33
[6976.434s][info][gc,metaspace   ] GC(964) Metaspace: 30079K(30528K)->30079K(30528K) NonClass: 24666K(24896K)->24666K(24896K) Class: 5413K(5632K)->5413K(5632K)
[6976.434s][info][gc             ] GC(964) Pause Young (Mixed) (G1 Evacuation Pause) 7547M->1887M(10240M) 176.854ms
[6976.434s][info][gc,cpu         ] GC(964) User=1.39s Sys=0.00s Real=0.17s
....[6980.309s][info][gc,start       ] GC(965) Pause Young (Mixed) (G1 Evacuation Pause)
[6980.309s][info][gc,task        ] GC(965) Using 8 workers of 8 for evacuation
[6980.481s][info][gc,phases      ] GC(965)   Pre Evacuate Collection Set: 0.27ms
[6980.481s][info][gc,phases      ] GC(965)   Merge Heap Roots: 0.59ms
[6980.481s][info][gc,phases      ] GC(965)   Evacuate Collection Set: 169.92ms
[6980.481s][info][gc,phases      ] GC(965)   Post Evacuate Collection Set: 1.26ms
[6980.481s][info][gc,phases      ] GC(965)   Other: 0.07ms
[6980.481s][info][gc,heap        ] GC(965) Eden regions: 690->0(715)
[6980.481s][info][gc,heap        ] GC(965) Survivor regions: 54->53(93)
[6980.481s][info][gc,heap        ] GC(965) Old regions: 153->140
[6980.481s][info][gc,heap        ] GC(965) Humongous regions: 33->33
[6980.481s][info][gc,metaspace   ] GC(965) Metaspace: 30079K(30528K)->30079K(30528K) NonClass: 24666K(24896K)->24666K(24896K) Class: 5413K(5632K)->5413K(5632K)
[6980.481s][info][gc             ] GC(965) Pause Young (Mixed) (G1 Evacuation Pause) 7407M->1770M(10240M) 172.263ms
[6980.481s][info][gc,cpu         ] GC(965) User=1.35s Sys=0.01s Real=0.17s
....[6984.504s][info][gc,start       ] GC(966) Pause Young (Mixed) (G1 Evacuation Pause)
[6984.504s][info][gc,task        ] GC(966) Using 8 workers of 8 for evacuation
[6984.680s][info][gc,phases      ] GC(966)   Pre Evacuate Collection Set: 0.26ms
[6984.680s][info][gc,phases      ] GC(966)   Merge Heap Roots: 0.51ms
[6984.680s][info][gc,phases      ] GC(966)   Evacuate Collection Set: 173.88ms
[6984.680s][info][gc,phases      ] GC(966)   Post Evacuate Collection Set: 1.23ms
[6984.680s][info][gc,phases      ] GC(966)   Other: 0.08ms
[6984.680s][info][gc,heap        ] GC(966) Eden regions: 715->0(714)
[6984.680s][info][gc,heap        ] GC(966) Survivor regions: 53->54(96)
[6984.680s][info][gc,heap        ] GC(966) Old regions: 140->142
[6984.680s][info][gc,heap        ] GC(966) Humongous regions: 33->33
[6984.680s][info][gc,metaspace   ] GC(966) Metaspace: 30079K(30528K)->30079K(30528K) NonClass: 24666K(24896K)->24666K(24896K) Class: 5413K(5632K)->5413K(5632K)
[6984.680s][info][gc             ] GC(966) Pause Young (Mixed) (G1 Evacuation Pause) 7490M->1797M(10240M) 176.089ms
[6984.680s][info][gc,cpu         ] GC(966) User=1.38s Sys=0.00s Real=0.18s
....[6988.717s][info][gc,start       ] GC(967) Pause Young (Normal) (G1 Evacuation Pause)
[6988.717s][info][gc,task        ] GC(967) Using 8 workers of 8 for evacuation
[6988.888s][info][gc,phases      ] GC(967)   Pre Evacuate Collection Set: 0.27ms
[6988.888s][info][gc,phases      ] GC(967)   Merge Heap Roots: 0.57ms
[6988.888s][info][gc,phases      ] GC(967)   Evacuate Collection Set: 168.95ms
[6988.888s][info][gc,phases      ] GC(967)   Post Evacuate Collection Set: 1.23ms
[6988.888s][info][gc,phases      ] GC(967)   Other: 0.06ms
[6988.888s][info][gc,heap        ] GC(967) Eden regions: 714->0(714)
[6988.888s][info][gc,heap        ] GC(967) Survivor regions: 54->54(96)
[6988.888s][info][gc,heap        ] GC(967) Old regions: 142->144
[6988.888s][info][gc,heap        ] GC(967) Humongous regions: 33->33
[6988.888s][info][gc,metaspace   ] GC(967) Metaspace: 30079K(30528K)->30079K(30528K) NonClass: 24666K(24896K)->24666K(24896K) Class: 5413K(5632K)->5413K(5632K)
[6988.888s][info][gc             ] GC(967) Pause Young (Normal) (G1 Evacuation Pause) 7509M->1819M(10240M) 171.214ms
[6988.888s][info][gc,cpu         ] GC(967) User=1.35s Sys=0.01s Real=0.17s
....[6992.868s][info][gc,start       ] GC(968) Pause Young (Normal) (G1 Evacuation Pause)
[6992.868s][info][gc,task        ] GC(968) Using 8 workers of 8 for evacuation
[6993.038s][info][gc,phases      ] GC(968)   Pre Evacuate Collection Set: 0.29ms
[6993.038s][info][gc,phases      ] GC(968)   Merge Heap Roots: 0.50ms
[6993.038s][info][gc,phases      ] GC(968)   Evacuate Collection Set: 167.37ms
[6993.038s][info][gc,phases      ] GC(968)   Post Evacuate Collection Set: 1.23ms
[6993.038s][info][gc,phases      ] GC(968)   Other: 0.06ms
[6993.038s][info][gc,heap        ] GC(968) Eden regions: 714->0(715)
[6993.038s][info][gc,heap        ] GC(968) Survivor regions: 54->53(96)
[6993.038s][info][gc,heap        ] GC(968) Old regions: 144->147
[6993.038s][info][gc,heap        ] GC(968) Humongous regions: 33->33
[6993.038s][info][gc,metaspace   ] GC(968) Metaspace: 30079K(30528K)->30079K(30528K) NonClass: 24666K(24896K)->24666K(24896K) Class: 5413K(5632K)->5413K(5632K)
[6993.038s][info][gc             ] GC(968) Pause Young (Normal) (G1 Evacuation Pause) 7531M->1834M(10240M) 169.565ms
[6993.038s][info][gc,cpu         ] GC(968) User=1.34s Sys=0.00s Real=0.17s
....[6996.986s][info][gc,start       ] GC(969) Pause Young (Normal) (G1 Evacuation Pause)
[6996.986s][info][gc,task        ] GC(969) Using 8 workers of 8 for evacuation
[6997.152s][info][gc,phases      ] GC(969)   Pre Evacuate Collection Set: 0.29ms
[6997.152s][info][gc,phases      ] GC(969)   Merge Heap Roots: 0.58ms
[6997.152s][info][gc,phases      ] GC(969)   Evacuate Collection Set: 162.92ms
[6997.152s][info][gc,phases      ] GC(969)   Post Evacuate Collection Set: 1.25ms
[6997.152s][info][gc,phases      ] GC(969)   Other: 0.07ms
[6997.152s][info][gc,heap        ] GC(969) Eden regions: 715->0(716)
[6997.152s][info][gc,heap        ] GC(969) Survivor regions: 53->52(96)
[6997.152s][info][gc,heap        ] GC(969) Old regions: 147->150
[6997.152s][info][gc,heap        ] GC(969) Humongous regions: 33->33
[6997.152s][info][gc,metaspace   ] GC(969) Metaspace: 30079K(30528K)->30079K(30528K) NonClass: 24666K(24896K)->24666K(24896K) Class: 5413K(5632K)->5413K(5632K)
[6997.152s][info][gc             ] GC(969) Pause Young (Normal) (G1 Evacuation Pause) 7554M->1844M(10240M) 165.241ms
[6997.152s][info][gc,cpu         ] GC(969) User=1.30s Sys=0.00s Real=0.16s
....[7001.140s][info][gc,start       ] GC(970) Pause Young (Normal) (G1 Evacuation Pause)
[7001.141s][info][gc,task        ] GC(970) Using 8 workers of 8 for evacuation
[7001.309s][info][gc,phases      ] GC(970)   Pre Evacuate Collection Set: 0.25ms
[7001.309s][info][gc,phases      ] GC(970)   Merge Heap Roots: 0.51ms
[7001.309s][info][gc,phases      ] GC(970)   Evacuate Collection Set: 166.57ms
[7001.309s][info][gc,phases      ] GC(970)   Post Evacuate Collection Set: 1.21ms
[7001.309s][info][gc,phases      ] GC(970)   Other: 0.07ms
[7001.309s][info][gc,heap        ] GC(970) Eden regions: 716->0(715)
[7001.309s][info][gc,heap        ] GC(970) Survivor regions: 52->53(96)
[7001.309s][info][gc,heap        ] GC(970) Old regions: 150->153
[7001.309s][info][gc,heap        ] GC(970) Humongous regions: 33->33
[7001.309s][info][gc,metaspace   ] GC(970) Metaspace: 30079K(30528K)->30079K(30528K) NonClass: 24666K(24896K)->24666K(24896K) Class: 5413K(5632K)->5413K(5632K)
[7001.309s][info][gc             ] GC(970) Pause Young (Normal) (G1 Evacuation Pause) 7572M->1879M(10240M) 168.740ms
[7001.309s][info][gc,cpu         ] GC(970) User=1.33s Sys=0.00s Real=0.17s
..|..[7005.189s][info][gc,start       ] GC(971) Pause Young (Normal) (G1 Evacuation Pause)
[7005.189s][info][gc,task        ] GC(971) Using 8 workers of 8 for evacuation
[7005.359s][info][gc,phases      ] GC(971)   Pre Evacuate Collection Set: 0.25ms
[7005.359s][info][gc,phases      ] GC(971)   Merge Heap Roots: 0.52ms
[7005.359s][info][gc,phases      ] GC(971)   Evacuate Collection Set: 168.23ms
[7005.359s][info][gc,phases      ] GC(971)   Post Evacuate Collection Set: 1.22ms
[7005.359s][info][gc,phases      ] GC(971)   Other: 0.07ms
[7005.359s][info][gc,heap        ] GC(971) Eden regions: 715->0(714)
[7005.359s][info][gc,heap        ] GC(971) Survivor regions: 53->54(96)
[7005.359s][info][gc,heap        ] GC(971) Old regions: 153->156
[7005.359s][info][gc,heap        ] GC(971) Humongous regions: 33->33
[7005.359s][info][gc,metaspace   ] GC(971) Metaspace: 30079K(30528K)->30079K(30528K) NonClass: 24666K(24896K)->24666K(24896K) Class: 5413K(5632K)->5413K(5632K)
[7005.359s][info][gc             ] GC(971) Pause Young (Normal) (G1 Evacuation Pause) 7599M->1908M(10240M) 170.424ms
[7005.359s][info][gc,cpu         ] GC(971) User=1.34s Sys=0.00s Real=0.17s
.....[7009.404s][info][gc,start       ] GC(972) Pause Young (Normal) (G1 Evacuation Pause)
[7009.404s][info][gc,task        ] GC(972) Using 8 workers of 8 for evacuation
[7009.578s][info][gc,phases      ] GC(972)   Pre Evacuate Collection Set: 0.26ms
[7009.578s][info][gc,phases      ] GC(972)   Merge Heap Roots: 0.52ms
[7009.578s][info][gc,phases      ] GC(972)   Evacuate Collection Set: 172.08ms
[7009.578s][info][gc,phases      ] GC(972)   Post Evacuate Collection Set: 1.29ms
[7009.578s][info][gc,phases      ] GC(972)   Other: 0.06ms
[7009.578s][info][gc,heap        ] GC(972) Eden regions: 714->0(714)
[7009.578s][info][gc,heap        ] GC(972) Survivor regions: 54->54(96)
[7009.578s][info][gc,heap        ] GC(972) Old regions: 156->158
[7009.578s][info][gc,heap        ] GC(972) Humongous regions: 33->33
[7009.578s][info][gc,metaspace   ] GC(972) Metaspace: 30079K(30528K)->30079K(30528K) NonClass: 24666K(24896K)->24666K(24896K) Class: 5413K(5632K)->5413K(5632K)
[7009.578s][info][gc             ] GC(972) Pause Young (Normal) (G1 Evacuation Pause) 7620M->1930M(10240M) 174.364ms
[7009.578s][info][gc,cpu         ] GC(972) User=1.37s Sys=0.00s Real=0.18s
....[7013.524s][info][gc,start       ] GC(973) Pause Young (Normal) (G1 Evacuation Pause)
[7013.524s][info][gc,task        ] GC(973) Using 8 workers of 8 for evacuation
[7013.695s][info][gc,phases      ] GC(973)   Pre Evacuate Collection Set: 0.26ms
[7013.695s][info][gc,phases      ] GC(973)   Merge Heap Roots: 0.52ms
[7013.695s][info][gc,phases      ] GC(973)   Evacuate Collection Set: 168.55ms
[7013.695s][info][gc,phases      ] GC(973)   Post Evacuate Collection Set: 1.26ms
[7013.695s][info][gc,phases      ] GC(973)   Other: 0.07ms
[7013.695s][info][gc,heap        ] GC(973) Eden regions: 714->0(715)
[7013.695s][info][gc,heap        ] GC(973) Survivor regions: 54->53(96)
[7013.695s][info][gc,heap        ] GC(973) Old regions: 158->161
[7013.695s][info][gc,heap        ] GC(973) Humongous regions: 33->33
[7013.695s][info][gc,metaspace   ] GC(973) Metaspace: 30079K(30528K)->30079K(30528K) NonClass: 24666K(24896K)->24666K(24896K) Class: 5413K(5632K)->5413K(5632K)
[7013.695s][info][gc             ] GC(973) Pause Young (Normal) (G1 Evacuation Pause) 7642M->1945M(10240M) 170.795ms
[7013.695s][info][gc,cpu         ] GC(973) User=1.35s Sys=0.00s Real=0.17s
....[7017.714s][info][gc,start       ] GC(974) Pause Young (Normal) (G1 Evacuation Pause)
[7017.715s][info][gc,task        ] GC(974) Using 8 workers of 8 for evacuation
[7017.881s][info][gc,phases      ] GC(974)   Pre Evacuate Collection Set: 0.27ms
[7017.881s][info][gc,phases      ] GC(974)   Merge Heap Roots: 0.53ms
[7017.881s][info][gc,phases      ] GC(974)   Evacuate Collection Set: 164.31ms
[7017.881s][info][gc,phases      ] GC(974)   Post Evacuate Collection Set: 1.26ms
[7017.881s][info][gc,phases      ] GC(974)   Other: 0.07ms
[7017.881s][info][gc,heap        ] GC(974) Eden regions: 715->0(716)
[7017.881s][info][gc,heap        ] GC(974) Survivor regions: 53->52(96)
[7017.881s][info][gc,heap        ] GC(974) Old regions: 161->164
[7017.881s][info][gc,heap        ] GC(974) Humongous regions: 33->33
[7017.881s][info][gc,metaspace   ] GC(974) Metaspace: 30079K(30528K)->30079K(30528K) NonClass: 24666K(24896K)->24666K(24896K) Class: 5413K(5632K)->5413K(5632K)
[7017.881s][info][gc             ] GC(974) Pause Young (Normal) (G1 Evacuation Pause) 7665M->1960M(10240M) 166.575ms
[7017.881s][info][gc,cpu         ] GC(974) User=1.31s Sys=0.00s Real=0.17s
....[7021.834s][info][gc,start       ] GC(975) Pause Young (Normal) (G1 Evacuation Pause)
[7021.834s][info][gc,task        ] GC(975) Using 8 workers of 8 for evacuation
[7022.003s][info][gc,phases      ] GC(975)   Pre Evacuate Collection Set: 0.28ms
[7022.003s][info][gc,phases      ] GC(975)   Merge Heap Roots: 0.52ms
[7022.003s][info][gc,phases      ] GC(975)   Evacuate Collection Set: 167.22ms
[7022.003s][info][gc,phases      ] GC(975)   Post Evacuate Collection Set: 1.26ms
[7022.003s][info][gc,phases      ] GC(975)   Other: 0.06ms
[7022.003s][info][gc,heap        ] GC(975) Eden regions: 716->0(715)
[7022.003s][info][gc,heap        ] GC(975) Survivor regions: 52->53(96)
[7022.003s][info][gc,heap        ] GC(975) Old regions: 164->167
[7022.003s][info][gc,heap        ] GC(975) Humongous regions: 33->33
[7022.003s][info][gc,metaspace   ] GC(975) Metaspace: 30079K(30528K)->30079K(30528K) NonClass: 24666K(24896K)->24666K(24896K) Class: 5413K(5632K)->5413K(5632K)
[7022.003s][info][gc             ] GC(975) Pause Young (Normal) (G1 Evacuation Pause) 7688M->1986M(10240M) 169.488ms
[7022.003s][info][gc,cpu         ] GC(975) User=1.34s Sys=0.00s Real=0.17s
....[7026.077s][info][gc,start       ] GC(976) Pause Young (Normal) (G1 Evacuation Pause)
[7026.077s][info][gc,task        ] GC(976) Using 8 workers of 8 for evacuation
[7026.245s][info][gc,phases      ] GC(976)   Pre Evacuate Collection Set: 0.26ms
[7026.246s][info][gc,phases      ] GC(976)   Merge Heap Roots: 0.51ms
[7026.246s][info][gc,phases      ] GC(976)   Evacuate Collection Set: 166.63ms
[7026.246s][info][gc,phases      ] GC(976)   Post Evacuate Collection Set: 1.29ms
[7026.246s][info][gc,phases      ] GC(976)   Other: 0.06ms
[7026.246s][info][gc,heap        ] GC(976) Eden regions: 715->0(715)
[7026.246s][info][gc,heap        ] GC(976) Survivor regions: 53->53(96)
[7026.246s][info][gc,heap        ] GC(976) Old regions: 167->170
[7026.246s][info][gc,heap        ] GC(976) Humongous regions: 33->33
[7026.246s][info][gc,metaspace   ] GC(976) Metaspace: 30079K(30528K)->30079K(30528K) NonClass: 24666K(24896K)->24666K(24896K) Class: 5413K(5632K)->5413K(5632K)
[7026.246s][info][gc             ] GC(976) Pause Young (Normal) (G1 Evacuation Pause) 7706M->2008M(10240M) 168.901ms
[7026.246s][info][gc,cpu         ] GC(976) User=1.33s Sys=0.00s Real=0.16s
....[7030.189s][info][gc,start       ] GC(977) Pause Young (Normal) (G1 Evacuation Pause)
[7030.189s][info][gc,task        ] GC(977) Using 8 workers of 8 for evacuation
[7030.361s][info][gc,phases      ] GC(977)   Pre Evacuate Collection Set: 0.26ms
[7030.361s][info][gc,phases      ] GC(977)   Merge Heap Roots: 0.51ms
[7030.361s][info][gc,phases      ] GC(977)   Evacuate Collection Set: 170.08ms
[7030.361s][info][gc,phases      ] GC(977)   Post Evacuate Collection Set: 1.26ms
[7030.361s][info][gc,phases      ] GC(977)   Other: 0.07ms
[7030.361s][info][gc,heap        ] GC(977) Eden regions: 715->0(714)
[7030.361s][info][gc,heap        ] GC(977) Survivor regions: 53->54(96)
[7030.361s][info][gc,heap        ] GC(977) Old regions: 170->172
[7030.361s][info][gc,heap        ] GC(977) Humongous regions: 33->33
[7030.361s][info][gc,metaspace   ] GC(977) Metaspace: 30079K(30528K)->30079K(30528K) NonClass: 24666K(24896K)->24666K(24896K) Class: 5413K(5632K)->5413K(5632K)
[7030.361s][info][gc             ] GC(977) Pause Young (Normal) (G1 Evacuation Pause) 7728M->2043M(10240M) 172.307ms
[7030.361s][info][gc,cpu         ] GC(977) User=1.35s Sys=0.00s Real=0.17s
.....[7034.388s][info][gc,start       ] GC(978) Pause Young (Normal) (G1 Evacuation Pause)
[7034.388s][info][gc,task        ] GC(978) Using 8 workers of 8 for evacuation
[7034.555s][info][gc,phases      ] GC(978)   Pre Evacuate Collection Set: 0.30ms
[7034.555s][info][gc,phases      ] GC(978)   Merge Heap Roots: 0.51ms
[7034.555s][info][gc,phases      ] GC(978)   Evacuate Collection Set: 164.69ms
[7034.555s][info][gc,phases      ] GC(978)   Post Evacuate Collection Set: 1.29ms
[7034.555s][info][gc,phases      ] GC(978)   Other: 0.07ms
[7034.555s][info][gc,heap        ] GC(978) Eden regions: 714->0(714)
[7034.555s][info][gc,heap        ] GC(978) Survivor regions: 54->54(96)
[7034.555s][info][gc,heap        ] GC(978) Old regions: 172->175
[7034.555s][info][gc,heap        ] GC(978) Humongous regions: 33->33
[7034.555s][info][gc,metaspace   ] GC(978) Metaspace: 30079K(30528K)->30079K(30528K) NonClass: 24666K(24896K)->24666K(24896K) Class: 5413K(5632K)->5413K(5632K)
[7034.555s][info][gc             ] GC(978) Pause Young (Normal) (G1 Evacuation Pause) 7755M->2062M(10240M) 166.973ms
[7034.555s][info][gc,cpu         ] GC(978) User=1.31s Sys=0.00s Real=0.16s
...[7038.427s][info][gc,start       ] GC(979) Pause Young (Normal) (G1 Evacuation Pause)
[7038.427s][info][gc,task        ] GC(979) Using 8 workers of 8 for evacuation
[7038.596s][info][gc,phases      ] GC(979)   Pre Evacuate Collection Set: 0.27ms
[7038.596s][info][gc,phases      ] GC(979)   Merge Heap Roots: 0.59ms
[7038.596s][info][gc,phases      ] GC(979)   Evacuate Collection Set: 166.53ms
[7038.596s][info][gc,phases      ] GC(979)   Post Evacuate Collection Set: 1.23ms
[7038.596s][info][gc,phases      ] GC(979)   Other: 0.06ms
[7038.596s][info][gc,heap        ] GC(979) Eden regions: 714->0(714)
[7038.596s][info][gc,heap        ] GC(979) Survivor regions: 54->54(96)
[7038.596s][info][gc,heap        ] GC(979) Old regions: 175->178
[7038.596s][info][gc,heap        ] GC(979) Humongous regions: 33->33
[7038.596s][info][gc,metaspace   ] GC(979) Metaspace: 30079K(30528K)->30079K(30528K) NonClass: 24666K(24896K)->24666K(24896K) Class: 5413K(5632K)->5413K(5632K)
[7038.596s][info][gc             ] GC(979) Pause Young (Normal) (G1 Evacuation Pause) 7774M->2084M(10240M) 168.828ms
[7038.596s][info][gc,cpu         ] GC(979) User=1.32s Sys=0.00s Real=0.17s
....[7042.376s][info][gc,start       ] GC(980) Pause Young (Normal) (G1 Evacuation Pause)
[7042.377s][info][gc,task        ] GC(980) Using 8 workers of 8 for evacuation
[7042.551s][info][gc,phases      ] GC(980)   Pre Evacuate Collection Set: 0.27ms
[7042.551s][info][gc,phases      ] GC(980)   Merge Heap Roots: 0.52ms
[7042.551s][info][gc,phases      ] GC(980)   Evacuate Collection Set: 172.07ms
[7042.551s][info][gc,phases      ] GC(980)   Post Evacuate Collection Set: 1.26ms
[7042.551s][info][gc,phases      ] GC(980)   Other: 0.06ms
[7042.551s][info][gc,heap        ] GC(980) Eden regions: 714->0(714)
[7042.551s][info][gc,heap        ] GC(980) Survivor regions: 54->54(96)
[7042.551s][info][gc,heap        ] GC(980) Old regions: 178->181
[7042.551s][info][gc,heap        ] GC(980) Humongous regions: 33->33
[7042.551s][info][gc,metaspace   ] GC(980) Metaspace: 30079K(30528K)->30079K(30528K) NonClass: 24666K(24896K)->24666K(24896K) Class: 5413K(5632K)->5413K(5632K)
[7042.551s][info][gc             ] GC(980) Pause Young (Normal) (G1 Evacuation Pause) 7796M->2110M(10240M) 174.336ms
[7042.551s][info][gc,cpu         ] GC(980) User=1.37s Sys=0.00s Real=0.17s
....[7046.478s][info][gc,start       ] GC(981) Pause Young (Normal) (G1 Evacuation Pause)
[7046.478s][info][gc,task        ] GC(981) Using 8 workers of 8 for evacuation
[7046.657s][info][gc,phases      ] GC(981)   Pre Evacuate Collection Set: 0.26ms
[7046.657s][info][gc,phases      ] GC(981)   Merge Heap Roots: 0.54ms
[7046.657s][info][gc,phases      ] GC(981)   Evacuate Collection Set: 177.03ms
[7046.657s][info][gc,phases      ] GC(981)   Post Evacuate Collection Set: 1.29ms
[7046.657s][info][gc,phases      ] GC(981)   Other: 0.07ms
[7046.657s][info][gc,heap        ] GC(981) Eden regions: 714->0(713)
[7046.657s][info][gc,heap        ] GC(981) Survivor regions: 54->55(96)
[7046.657s][info][gc,heap        ] GC(981) Old regions: 181->184
[7046.657s][info][gc,heap        ] GC(981) Humongous regions: 33->33
[7046.657s][info][gc,metaspace   ] GC(981) Metaspace: 30079K(30528K)->30079K(30528K) NonClass: 24666K(24896K)->24666K(24896K) Class: 5413K(5632K)->5413K(5632K)
[7046.657s][info][gc             ] GC(981) Pause Young (Normal) (G1 Evacuation Pause) 7822M->2140M(10240M) 179.316ms
[7046.657s][info][gc,cpu         ] GC(981) User=1.41s Sys=0.00s Real=0.18s
....[7050.634s][info][gc,start       ] GC(982) Pause Young (Normal) (G1 Evacuation Pause)
[7050.634s][info][gc,task        ] GC(982) Using 8 workers of 8 for evacuation
[7050.805s][info][gc,phases      ] GC(982)   Pre Evacuate Collection Set: 0.29ms
[7050.805s][info][gc,phases      ] GC(982)   Merge Heap Roots: 0.52ms
[7050.805s][info][gc,phases      ] GC(982)   Evacuate Collection Set: 168.70ms
[7050.805s][info][gc,phases      ] GC(982)   Post Evacuate Collection Set: 1.30ms
[7050.805s][info][gc,phases      ] GC(982)   Other: 0.07ms
[7050.805s][info][gc,heap        ] GC(982) Eden regions: 713->0(714)
[7050.805s][info][gc,heap        ] GC(982) Survivor regions: 55->54(96)
[7050.805s][info][gc,heap        ] GC(982) Old regions: 184->186
[7050.805s][info][gc,heap        ] GC(982) Humongous regions: 33->33
[7050.805s][info][gc,metaspace   ] GC(982) Metaspace: 30079K(30528K)->30079K(30528K) NonClass: 24666K(24896K)->24666K(24896K) Class: 5413K(5632K)->5413K(5632K)
[7050.805s][info][gc             ] GC(982) Pause Young (Normal) (G1 Evacuation Pause) 7844M->2151M(10240M) 170.998ms
[7050.805s][info][gc,cpu         ] GC(982) User=1.34s Sys=0.00s Real=0.17s
.....[7054.812s][info][gc,start       ] GC(983) Pause Young (Normal) (G1 Evacuation Pause)
[7054.812s][info][gc,task        ] GC(983) Using 8 workers of 8 for evacuation
[7054.981s][info][gc,phases      ] GC(983)   Pre Evacuate Collection Set: 0.29ms
[7054.981s][info][gc,phases      ] GC(983)   Merge Heap Roots: 0.54ms
[7054.981s][info][gc,phases      ] GC(983)   Evacuate Collection Set: 165.94ms
[7054.981s][info][gc,phases      ] GC(983)   Post Evacuate Collection Set: 1.30ms
[7054.981s][info][gc,phases      ] GC(983)   Other: 0.06ms
[7054.981s][info][gc,heap        ] GC(983) Eden regions: 714->0(715)
[7054.981s][info][gc,heap        ] GC(983) Survivor regions: 54->53(96)
[7054.981s][info][gc,heap        ] GC(983) Old regions: 186->189
[7054.981s][info][gc,heap        ] GC(983) Humongous regions: 33->33
[7054.981s][info][gc,metaspace   ] GC(983) Metaspace: 30079K(30528K)->30079K(30528K) NonClass: 24666K(24896K)->24666K(24896K) Class: 5413K(5632K)->5413K(5632K)
[7054.981s][info][gc             ] GC(983) Pause Young (Normal) (G1 Evacuation Pause) 7863M->2169M(10240M) 168.270ms
[7054.981s][info][gc,cpu         ] GC(983) User=1.32s Sys=0.00s Real=0.17s
....[7059.037s][info][gc,start       ] GC(984) Pause Young (Normal) (G1 Evacuation Pause)
[7059.037s][info][gc,task        ] GC(984) Using 8 workers of 8 for evacuation
[7059.205s][info][gc,phases      ] GC(984)   Pre Evacuate Collection Set: 0.29ms
[7059.205s][info][gc,phases      ] GC(984)   Merge Heap Roots: 0.58ms
[7059.205s][info][gc,phases      ] GC(984)   Evacuate Collection Set: 165.23ms
[7059.205s][info][gc,phases      ] GC(984)   Post Evacuate Collection Set: 1.28ms
[7059.205s][info][gc,phases      ] GC(984)   Other: 0.06ms
[7059.205s][info][gc,heap        ] GC(984) Eden regions: 715->0(715)
[7059.205s][info][gc,heap        ] GC(984) Survivor regions: 53->53(96)
[7059.205s][info][gc,heap        ] GC(984) Old regions: 189->192
[7059.205s][info][gc,heap        ] GC(984) Humongous regions: 33->33
[7059.205s][info][gc,metaspace   ] GC(984) Metaspace: 30079K(30528K)->30079K(30528K) NonClass: 24666K(24896K)->24666K(24896K) Class: 5413K(5632K)->5413K(5632K)
[7059.205s][info][gc             ] GC(984) Pause Young (Normal) (G1 Evacuation Pause) 7889M->2192M(10240M) 167.569ms
[7059.205s][info][gc,cpu         ] GC(984) User=1.31s Sys=0.00s Real=0.16s
.... (rIR:aIR:PR = 11623:11682:11688) (tPR = 174920) [OK] 
  7062s: Performance info:
         Transaction,    Success,    Partial,     Failed,   Receipts, AvgBarcode, 
             Overall,     707052,          0,          0,     671879,      59.48, 
         Response times:
             Request,    Success,    Partial,     Failed,   SkipFail,     Probes,    Samples,      min,      p50,      p90,      p95,      p99,      max, 
       TotalPurchase,     671574,          0,          0,          0,     359031,     534916,      300,    11700,    84000,   136000,   216000,  1200000,
     InStorePurchase,     353770,          0,          0,          0,     188884,     281198,      300,    11800,    84000,   137000,   218000,  1200000,
      OnlinePurchase,     248790,          0,          0,          0,     132475,     197422,      300,    11600,    84000,   135000,   214000,  1200000,
        InstPurchase,      69014,          0,          0,          0,      37672,      56296,      500,    11900,    85000,   136000,   218000,  1000000,
          AssocOfCat,        702,          0,          0,          0,        607,       1023,    34000,    71000,   165200,   224800,   285760,   462000,
      AssocOfProduct,       7058,          0,          0,          0,       4231,       6749,     1400,    11700,    88000,   147000,   227500,   860000,
      BusinessReport,       1757,          0,          0,          0,       1595,       2597,    38000,    78000,   156200,   223000,   283020,  1100000,
          CustBuyBeh,       7051,          0,          0,          0,       4316,       6782,      400,    13100,    96700,   157000,   228000,   690000,
       ProductReturn,      18579,          0,          0,          0,       9537,      14900,      200,    11400,    80000,   124000,   217000,   910000,

  7062s: (85%)   IR =  11761 [7063.153s][info][gc,start       ] GC(985) Pause Young (Normal) (G1 Evacuation Pause)
[7063.153s][info][gc,task        ] GC(985) Using 8 workers of 8 for evacuation
[7063.324s][info][gc,phases      ] GC(985)   Pre Evacuate Collection Set: 0.28ms
[7063.324s][info][gc,phases      ] GC(985)   Merge Heap Roots: 0.53ms
[7063.324s][info][gc,phases      ] GC(985)   Evacuate Collection Set: 167.94ms
[7063.324s][info][gc,phases      ] GC(985)   Post Evacuate Collection Set: 1.34ms
[7063.324s][info][gc,phases      ] GC(985)   Other: 0.08ms
[7063.324s][info][gc,heap        ] GC(985) Eden regions: 715->0(715)
[7063.324s][info][gc,heap        ] GC(985) Survivor regions: 53->53(96)
[7063.324s][info][gc,heap        ] GC(985) Old regions: 192->195
[7063.324s][info][gc,heap        ] GC(985) Humongous regions: 33->33
[7063.324s][info][gc,metaspace   ] GC(985) Metaspace: 30079K(30528K)->30079K(30528K) NonClass: 24666K(24896K)->24666K(24896K) Class: 5413K(5632K)->5413K(5632K)
[7063.324s][info][gc             ] GC(985) Pause Young (Normal) (G1 Evacuation Pause) 7912M->2215M(10240M) 170.307ms
[7063.324s][info][gc,cpu         ] GC(985) User=1.33s Sys=0.00s Real=0.17s
....[7067.346s][info][gc,start       ] GC(986) Pause Young (Normal) (G1 Evacuation Pause)
[7067.346s][info][gc,task        ] GC(986) Using 8 workers of 8 for evacuation
[7067.518s][info][gc,phases      ] GC(986)   Pre Evacuate Collection Set: 0.26ms
[7067.519s][info][gc,phases      ] GC(986)   Merge Heap Roots: 0.53ms
[7067.519s][info][gc,phases      ] GC(986)   Evacuate Collection Set: 170.27ms
[7067.519s][info][gc,phases      ] GC(986)   Post Evacuate Collection Set: 1.32ms
[7067.519s][info][gc,phases      ] GC(986)   Other: 0.07ms
[7067.519s][info][gc,heap        ] GC(986) Eden regions: 715->0(715)
[7067.519s][info][gc,heap        ] GC(986) Survivor regions: 53->53(96)
[7067.519s][info][gc,heap        ] GC(986) Old regions: 195->198
[7067.519s][info][gc,heap        ] GC(986) Humongous regions: 33->33
[7067.519s][info][gc,metaspace   ] GC(986) Metaspace: 30079K(30528K)->30079K(30528K) NonClass: 24666K(24896K)->24666K(24896K) Class: 5413K(5632K)->5413K(5632K)
[7067.519s][info][gc             ] GC(986) Pause Young (Normal) (G1 Evacuation Pause) 7935M->2233M(10240M) 172.595ms
[7067.519s][info][gc,cpu         ] GC(986) User=1.36s Sys=0.00s Real=0.17s
....[7071.567s][info][gc,start       ] GC(987) Pause Young (Normal) (G1 Evacuation Pause)
[7071.567s][info][gc,task        ] GC(987) Using 8 workers of 8 for evacuation
[7071.741s][info][gc,phases      ] GC(987)   Pre Evacuate Collection Set: 0.30ms
[7071.741s][info][gc,phases      ] GC(987)   Merge Heap Roots: 0.55ms
[7071.741s][info][gc,phases      ] GC(987)   Evacuate Collection Set: 171.64ms
[7071.741s][info][gc,phases      ] GC(987)   Post Evacuate Collection Set: 1.29ms
[7071.741s][info][gc,phases      ] GC(987)   Other: 0.06ms
[7071.741s][info][gc,heap        ] GC(987) Eden regions: 715->0(713)
[7071.741s][info][gc,heap        ] GC(987) Survivor regions: 53->55(96)
[7071.741s][info][gc,heap        ] GC(987) Old regions: 198->201
[7071.741s][info][gc,heap        ] GC(987) Humongous regions: 33->33
[7071.741s][info][gc,metaspace   ] GC(987) Metaspace: 30079K(30528K)->30079K(30528K) NonClass: 24666K(24896K)->24666K(24896K) Class: 5413K(5632K)->5413K(5632K)
[7071.741s][info][gc             ] GC(987) Pause Young (Normal) (G1 Evacuation Pause) 7953M->2272M(10240M) 173.978ms
[7071.741s][info][gc,cpu         ] GC(987) User=1.36s Sys=0.00s Real=0.17s
....[7075.581s][info][gc,start       ] GC(988) Pause Young (Normal) (G1 Evacuation Pause)
[7075.581s][info][gc,task        ] GC(988) Using 8 workers of 8 for evacuation
[7075.757s][info][gc,phases      ] GC(988)   Pre Evacuate Collection Set: 0.28ms
[7075.757s][info][gc,phases      ] GC(988)   Merge Heap Roots: 0.53ms
[7075.757s][info][gc,phases      ] GC(988)   Evacuate Collection Set: 173.82ms
[7075.757s][info][gc,phases      ] GC(988)   Post Evacuate Collection Set: 1.30ms
[7075.757s][info][gc,phases      ] GC(988)   Other: 0.06ms
[7075.757s][info][gc,heap        ] GC(988) Eden regions: 713->0(713)
[7075.757s][info][gc,heap        ] GC(988) Survivor regions: 55->55(96)
[7075.757s][info][gc,heap        ] GC(988) Old regions: 201->203
[7075.757s][info][gc,heap        ] GC(988) Humongous regions: 33->33
[7075.757s][info][gc,metaspace   ] GC(988) Metaspace: 30079K(30528K)->30079K(30528K) NonClass: 24666K(24896K)->24666K(24896K) Class: 5413K(5632K)->5413K(5632K)
[7075.757s][info][gc             ] GC(988) Pause Young (Normal) (G1 Evacuation Pause) 7976M->2299M(10240M) 176.116ms
[7075.758s][info][gc,cpu         ] GC(988) User=1.38s Sys=0.00s Real=0.18s
....|[7079.652s][info][gc,start       ] GC(989) Pause Young (Normal) (G1 Evacuation Pause)
[7079.652s][info][gc,task        ] GC(989) Using 8 workers of 8 for evacuation
[7079.817s][info][gc,phases      ] GC(989)   Pre Evacuate Collection Set: 0.26ms
[7079.817s][info][gc,phases      ] GC(989)   Merge Heap Roots: 0.53ms
[7079.817s][info][gc,phases      ] GC(989)   Evacuate Collection Set: 162.90ms
[7079.817s][info][gc,phases      ] GC(989)   Post Evacuate Collection Set: 1.30ms
[7079.817s][info][gc,phases      ] GC(989)   Other: 0.07ms
[7079.817s][info][gc,heap        ] GC(989) Eden regions: 713->0(716)
[7079.817s][info][gc,heap        ] GC(989) Survivor regions: 55->52(96)
[7079.817s][info][gc,heap        ] GC(989) Old regions: 203->206
[7079.817s][info][gc,heap        ] GC(989) Humongous regions: 33->33
[7079.817s][info][gc,metaspace   ] GC(989) Metaspace: 30079K(30528K)->30079K(30528K) NonClass: 24666K(24896K)->24666K(24896K) Class: 5413K(5632K)->5413K(5632K)
[7079.817s][info][gc             ] GC(989) Pause Young (Normal) (G1 Evacuation Pause) 8003M->2296M(10240M) 165.204ms
[7079.817s][info][gc,cpu         ] GC(989) User=1.30s Sys=0.00s Real=0.17s
....[7083.784s][info][gc,start       ] GC(990) Pause Young (Normal) (G1 Evacuation Pause)
[7083.784s][info][gc,task        ] GC(990) Using 8 workers of 8 for evacuation
[7083.955s][info][gc,phases      ] GC(990)   Pre Evacuate Collection Set: 0.27ms
[7083.955s][info][gc,phases      ] GC(990)   Merge Heap Roots: 0.55ms
[7083.955s][info][gc,phases      ] GC(990)   Evacuate Collection Set: 169.12ms
[7083.955s][info][gc,phases      ] GC(990)   Post Evacuate Collection Set: 1.27ms
[7083.955s][info][gc,phases      ] GC(990)   Other: 0.08ms
[7083.955s][info][gc,heap        ] GC(990) Eden regions: 716->0(714)
[7083.955s][info][gc,heap        ] GC(990) Survivor regions: 52->54(96)
[7083.955s][info][gc,heap        ] GC(990) Old regions: 206->209
[7083.955s][info][gc,heap        ] GC(990) Humongous regions: 33->33
[7083.955s][info][gc,metaspace   ] GC(990) Metaspace: 30079K(30528K)->30079K(30528K) NonClass: 24666K(24896K)->24666K(24896K) Class: 5413K(5632K)->5413K(5632K)
[7083.955s][info][gc             ] GC(990) Pause Young (Normal) (G1 Evacuation Pause) 8024M->2330M(10240M) 171.424ms
[7083.955s][info][gc,cpu         ] GC(990) User=1.35s Sys=0.00s Real=0.17s
....[7087.910s][info][gc,start       ] GC(991) Pause Young (Normal) (G1 Evacuation Pause)
[7087.910s][info][gc,task        ] GC(991) Using 8 workers of 8 for evacuation
[7088.079s][info][gc,phases      ] GC(991)   Pre Evacuate Collection Set: 0.27ms
[7088.079s][info][gc,phases      ] GC(991)   Merge Heap Roots: 0.52ms
[7088.079s][info][gc,phases      ] GC(991)   Evacuate Collection Set: 167.54ms
[7088.079s][info][gc,phases      ] GC(991)   Post Evacuate Collection Set: 1.25ms
[7088.079s][info][gc,phases      ] GC(991)   Other: 0.07ms
[7088.079s][info][gc,heap        ] GC(991) Eden regions: 714->0(714)
[7088.079s][info][gc,heap        ] GC(991) Survivor regions: 54->54(96)
[7088.079s][info][gc,heap        ] GC(991) Old regions: 209->212
[7088.079s][info][gc,heap        ] GC(991) Humongous regions: 33->33
[7088.079s][info][gc,metaspace   ] GC(991) Metaspace: 30079K(30528K)->30079K(30528K) NonClass: 24666K(24896K)->24666K(24896K) Class: 5413K(5632K)->5413K(5632K)
[7088.079s][info][gc             ] GC(991) Pause Young (Normal) (G1 Evacuation Pause) 8042M->2356M(10240M) 169.786ms
[7088.079s][info][gc,cpu         ] GC(991) User=1.34s Sys=0.00s Real=0.17s
....[7091.948s][info][gc,start       ] GC(992) Pause Young (Normal) (G1 Evacuation Pause)
[7091.948s][info][gc,task        ] GC(992) Using 8 workers of 8 for evacuation
[7092.114s][info][gc,phases      ] GC(992)   Pre Evacuate Collection Set: 0.28ms
[7092.114s][info][gc,phases      ] GC(992)   Merge Heap Roots: 0.52ms
[7092.114s][info][gc,phases      ] GC(992)   Evacuate Collection Set: 163.44ms
[7092.114s][info][gc,phases      ] GC(992)   Post Evacuate Collection Set: 1.28ms
[7092.114s][info][gc,phases      ] GC(992)   Other: 0.07ms
[7092.114s][info][gc,heap        ] GC(992) Eden regions: 714->0(716)
[7092.114s][info][gc,heap        ] GC(992) Survivor regions: 54->52(96)
[7092.114s][info][gc,heap        ] GC(992) Old regions: 212->215
[7092.114s][info][gc,heap        ] GC(992) Humongous regions: 33->33
[7092.114s][info][gc,metaspace   ] GC(992) Metaspace: 30079K(30528K)->30079K(30528K) NonClass: 24666K(24896K)->24666K(24896K) Class: 5413K(5632K)->5413K(5632K)
[7092.114s][info][gc             ] GC(992) Pause Young (Normal) (G1 Evacuation Pause) 8068M->2364M(10240M) 165.726ms
[7092.114s][info][gc,cpu         ] GC(992) User=1.30s Sys=0.00s Real=0.16s
....[7096.108s][info][gc,start       ] GC(993) Pause Young (Normal) (G1 Evacuation Pause)
[7096.108s][info][gc,task        ] GC(993) Using 8 workers of 8 for evacuation
[7096.277s][info][gc,phases      ] GC(993)   Pre Evacuate Collection Set: 0.28ms
[7096.277s][info][gc,phases      ] GC(993)   Merge Heap Roots: 0.65ms
[7096.277s][info][gc,phases      ] GC(993)   Evacuate Collection Set: 166.10ms
[7096.277s][info][gc,phases      ] GC(993)   Post Evacuate Collection Set: 1.29ms
[7096.277s][info][gc,phases      ] GC(993)   Other: 0.08ms
[7096.277s][info][gc,heap        ] GC(993) Eden regions: 716->0(715)
[7096.277s][info][gc,heap        ] GC(993) Survivor regions: 52->53(96)
[7096.277s][info][gc,heap        ] GC(993) Old regions: 215->217
[7096.277s][info][gc,heap        ] GC(993) Humongous regions: 33->33
[7096.277s][info][gc,metaspace   ] GC(993) Metaspace: 30079K(30528K)->30079K(30528K) NonClass: 24666K(24896K)->24666K(24896K) Class: 5413K(5632K)->5413K(5632K)
[7096.277s][info][gc             ] GC(993) Pause Young (Normal) (G1 Evacuation Pause) 8092M->2393M(10240M) 168.562ms
[7096.277s][info][gc,cpu         ] GC(993) User=1.33s Sys=0.01s Real=0.17s
....[7100.097s][info][gc,start       ] GC(994) Pause Young (Normal) (G1 Evacuation Pause)
[7100.097s][info][gc,task        ] GC(994) Using 8 workers of 8 for evacuation
[7100.266s][info][gc,phases      ] GC(994)   Pre Evacuate Collection Set: 0.27ms
[7100.266s][info][gc,phases      ] GC(994)   Merge Heap Roots: 0.51ms
[7100.266s][info][gc,phases      ] GC(994)   Evacuate Collection Set: 166.20ms
[7100.266s][info][gc,phases      ] GC(994)   Post Evacuate Collection Set: 1.26ms
[7100.266s][info][gc,phases      ] GC(994)   Other: 0.08ms
[7100.266s][info][gc,heap        ] GC(994) Eden regions: 715->0(715)
[7100.266s][info][gc,heap        ] GC(994) Survivor regions: 53->53(96)
[7100.266s][info][gc,heap        ] GC(994) Old regions: 217->220
[7100.266s][info][gc,heap        ] GC(994) Humongous regions: 33->33
[7100.266s][info][gc,metaspace   ] GC(994) Metaspace: 30079K(30528K)->30079K(30528K) NonClass: 24666K(24896K)->24666K(24896K) Class: 5413K(5632K)->5413K(5632K)
[7100.266s][info][gc             ] GC(994) Pause Young (Normal) (G1 Evacuation Pause) 8113M->2411M(10240M) 168.469ms
[7100.266s][info][gc,cpu         ] GC(994) User=1.32s Sys=0.00s Real=0.17s
.....[7104.296s][info][gc,start       ] GC(995) Pause Young (Normal) (G1 Evacuation Pause)
[7104.296s][info][gc,task        ] GC(995) Using 8 workers of 8 for evacuation
[7104.468s][info][gc,phases      ] GC(995)   Pre Evacuate Collection Set: 0.27ms
[7104.468s][info][gc,phases      ] GC(995)   Merge Heap Roots: 0.52ms
[7104.468s][info][gc,phases      ] GC(995)   Evacuate Collection Set: 169.28ms
[7104.468s][info][gc,phases      ] GC(995)   Post Evacuate Collection Set: 1.26ms
[7104.468s][info][gc,phases      ] GC(995)   Other: 0.07ms
[7104.468s][info][gc,heap        ] GC(995) Eden regions: 715->0(715)
[7104.468s][info][gc,heap        ] GC(995) Survivor regions: 53->53(96)
[7104.468s][info][gc,heap        ] GC(995) Old regions: 220->223
[7104.468s][info][gc,heap        ] GC(995) Humongous regions: 33->33
[7104.468s][info][gc,metaspace   ] GC(995) Metaspace: 30079K(30528K)->30079K(30528K) NonClass: 24666K(24896K)->24666K(24896K) Class: 5413K(5632K)->5413K(5632K)
[7104.468s][info][gc             ] GC(995) Pause Young (Normal) (G1 Evacuation Pause) 8131M->2438M(10240M) 171.545ms
[7104.468s][info][gc,cpu         ] GC(995) User=1.35s Sys=0.00s Real=0.17s
....[7108.466s][info][gc,start       ] GC(996) Pause Young (Normal) (G1 Evacuation Pause)
[7108.466s][info][gc,task        ] GC(996) Using 8 workers of 8 for evacuation
[7108.635s][info][gc,phases      ] GC(996)   Pre Evacuate Collection Set: 0.29ms
[7108.635s][info][gc,phases      ] GC(996)   Merge Heap Roots: 0.52ms
[7108.635s][info][gc,phases      ] GC(996)   Evacuate Collection Set: 166.71ms
[7108.635s][info][gc,phases      ] GC(996)   Post Evacuate Collection Set: 1.29ms
[7108.635s][info][gc,phases      ] GC(996)   Other: 0.06ms
[7108.635s][info][gc,heap        ] GC(996) Eden regions: 715->0(714)
[7108.635s][info][gc,heap        ] GC(996) Survivor regions: 53->54(96)
[7108.635s][info][gc,heap        ] GC(996) Old regions: 223->226
[7108.635s][info][gc,heap        ] GC(996) Humongous regions: 33->33
[7108.635s][info][gc,metaspace   ] GC(996) Metaspace: 30079K(30528K)->30079K(30528K) NonClass: 24666K(24896K)->24666K(24896K) Class: 5413K(5632K)->5413K(5632K)
[7108.635s][info][gc             ] GC(996) Pause Young (Normal) (G1 Evacuation Pause) 8158M->2465M(10240M) 169.012ms
[7108.635s][info][gc,cpu         ] GC(996) User=1.33s Sys=0.00s Real=0.16s
....[7112.644s][info][gc,start       ] GC(997) Pause Young (Normal) (G1 Evacuation Pause)
[7112.644s][info][gc,task        ] GC(997) Using 8 workers of 8 for evacuation
[7112.818s][info][gc,phases      ] GC(997)   Pre Evacuate Collection Set: 0.29ms
[7112.818s][info][gc,phases      ] GC(997)   Merge Heap Roots: 0.53ms
[7112.818s][info][gc,phases      ] GC(997)   Evacuate Collection Set: 171.05ms
[7112.818s][info][gc,phases      ] GC(997)   Post Evacuate Collection Set: 1.25ms
[7112.818s][info][gc,phases      ] GC(997)   Other: 0.06ms
[7112.818s][info][gc,heap        ] GC(997) Eden regions: 714->0(714)
[7112.818s][info][gc,heap        ] GC(997) Survivor regions: 54->54(96)
[7112.818s][info][gc,heap        ] GC(997) Old regions: 226->228
[7112.818s][info][gc,heap        ] GC(997) Humongous regions: 33->33
[7112.818s][info][gc,metaspace   ] GC(997) Metaspace: 30079K(30528K)->30079K(30528K) NonClass: 24666K(24896K)->24666K(24896K) Class: 5413K(5632K)->5413K(5632K)
[7112.818s][info][gc             ] GC(997) Pause Young (Normal) (G1 Evacuation Pause) 8177M->2491M(10240M) 173.312ms
[7112.818s][info][gc,cpu         ] GC(997) User=1.36s Sys=0.01s Real=0.18s
....[7116.796s][info][gc,start       ] GC(998) Pause Young (Normal) (G1 Evacuation Pause)
[7116.796s][info][gc,task        ] GC(998) Using 8 workers of 8 for evacuation
[7116.964s][info][gc,phases      ] GC(998)   Pre Evacuate Collection Set: 0.27ms
[7116.964s][info][gc,phases      ] GC(998)   Merge Heap Roots: 0.53ms
[7116.964s][info][gc,phases      ] GC(998)   Evacuate Collection Set: 166.54ms
[7116.964s][info][gc,phases      ] GC(998)   Post Evacuate Collection Set: 1.25ms
[7116.964s][info][gc,phases      ] GC(998)   Other: 0.07ms
[7116.964s][info][gc,heap        ] GC(998) Eden regions: 714->0(715)
[7116.964s][info][gc,heap        ] GC(998) Survivor regions: 54->53(96)
[7116.964s][info][gc,heap        ] GC(998) Old regions: 228->231
[7116.964s][info][gc,heap        ] GC(998) Humongous regions: 33->33
[7116.964s][info][gc,metaspace   ] GC(998) Metaspace: 30079K(30528K)->30079K(30528K) NonClass: 24666K(24896K)->24666K(24896K) Class: 5413K(5632K)->5413K(5632K)
[7116.964s][info][gc             ] GC(998) Pause Young (Normal) (G1 Evacuation Pause) 8203M->2506M(10240M) 168.803ms
[7116.964s][info][gc,cpu         ] GC(998) User=1.33s Sys=0.00s Real=0.17s
....[7120.898s][info][gc,start       ] GC(999) Pause Young (Normal) (G1 Evacuation Pause)
[7120.898s][info][gc,task        ] GC(999) Using 8 workers of 8 for evacuation
[7121.070s][info][gc,phases      ] GC(999)   Pre Evacuate Collection Set: 0.27ms
[7121.070s][info][gc,phases      ] GC(999)   Merge Heap Roots: 0.59ms
[7121.070s][info][gc,phases      ] GC(999)   Evacuate Collection Set: 169.82ms
[7121.070s][info][gc,phases      ] GC(999)   Post Evacuate Collection Set: 1.24ms
[7121.070s][info][gc,phases      ] GC(999)   Other: 0.06ms
[7121.070s][info][gc,heap        ] GC(999) Eden regions: 715->0(714)
[7121.070s][info][gc,heap        ] GC(999) Survivor regions: 53->54(96)
[7121.070s][info][gc,heap        ] GC(999) Old regions: 231->234
[7121.070s][info][gc,heap        ] GC(999) Humongous regions: 33->33
[7121.070s][info][gc,metaspace   ] GC(999) Metaspace: 30079K(30528K)->30079K(30528K) NonClass: 24666K(24896K)->24666K(24896K) Class: 5413K(5632K)->5413K(5632K)
[7121.070s][info][gc             ] GC(999) Pause Young (Normal) (G1 Evacuation Pause) 8226M->2532M(10240M) 172.113ms
[7121.070s][info][gc,cpu         ] GC(999) User=1.35s Sys=0.00s Real=0.17s
....[7124.886s][info][gc,start       ] GC(1000) Pause Young (Normal) (G1 Evacuation Pause)
[7124.886s][info][gc,task        ] GC(1000) Using 8 workers of 8 for evacuation
[7125.053s][info][gc,phases      ] GC(1000)   Pre Evacuate Collection Set: 0.29ms
[7125.054s][info][gc,phases      ] GC(1000)   Merge Heap Roots: 0.53ms
[7125.054s][info][gc,phases      ] GC(1000)   Evacuate Collection Set: 165.05ms
[7125.054s][info][gc,phases      ] GC(1000)   Post Evacuate Collection Set: 1.26ms
[7125.054s][info][gc,phases      ] GC(1000)   Other: 0.07ms
[7125.054s][info][gc,heap        ] GC(1000) Eden regions: 714->0(716)
[7125.054s][info][gc,heap        ] GC(1000) Survivor regions: 54->52(96)
[7125.054s][info][gc,heap        ] GC(1000) Old regions: 234->237
[7125.054s][info][gc,heap        ] GC(1000) Humongous regions: 33->33
[7125.054s][info][gc,metaspace   ] GC(1000) Metaspace: 30079K(30528K)->30079K(30528K) NonClass: 24666K(24896K)->24666K(24896K) Class: 5413K(5632K)->5413K(5632K)
[7125.054s][info][gc             ] GC(1000) Pause Young (Normal) (G1 Evacuation Pause) 8244M->2543M(10240M) 167.338ms
[7125.054s][info][gc,cpu         ] GC(1000) User=1.32s Sys=0.00s Real=0.16s
....[7129.034s][info][gc,start       ] GC(1001) Pause Young (Normal) (G1 Evacuation Pause)
[7129.034s][info][gc,task        ] GC(1001) Using 8 workers of 8 for evacuation
[7129.202s][info][gc,phases      ] GC(1001)   Pre Evacuate Collection Set: 0.26ms
[7129.202s][info][gc,phases      ] GC(1001)   Merge Heap Roots: 0.52ms
[7129.202s][info][gc,phases      ] GC(1001)   Evacuate Collection Set: 165.44ms
[7129.202s][info][gc,phases      ] GC(1001)   Post Evacuate Collection Set: 1.29ms
[7129.202s][info][gc,phases      ] GC(1001)   Other: 0.06ms
[7129.202s][info][gc,heap        ] GC(1001) Eden regions: 716->0(715)
[7129.202s][info][gc,heap        ] GC(1001) Survivor regions: 52->53(96)
[7129.202s][info][gc,heap        ] GC(1001) Old regions: 237->240
[7129.202s][info][gc,heap        ] GC(1001) Humongous regions: 33->33
[7129.202s][info][gc,metaspace   ] GC(1001) Metaspace: 30079K(30528K)->30079K(30528K) NonClass: 24666K(24896K)->24666K(24896K) Class: 5413K(5632K)->5413K(5632K)
[7129.202s][info][gc             ] GC(1001) Pause Young (Normal) (G1 Evacuation Pause) 8271M->2572M(10240M) 167.714ms
[7129.202s][info][gc,cpu         ] GC(1001) User=1.32s Sys=0.00s Real=0.17s
....[7133.164s][info][gc,start       ] GC(1002) Pause Young (Normal) (G1 Evacuation Pause)
[7133.164s][info][gc,task        ] GC(1002) Using 8 workers of 8 for evacuation
[7133.332s][info][gc,phases      ] GC(1002)   Pre Evacuate Collection Set: 0.27ms
[7133.332s][info][gc,phases      ] GC(1002)   Merge Heap Roots: 0.54ms
[7133.332s][info][gc,phases      ] GC(1002)   Evacuate Collection Set: 166.01ms
[7133.332s][info][gc,phases      ] GC(1002)   Post Evacuate Collection Set: 1.28ms
[7133.332s][info][gc,phases      ] GC(1002)   Other: 0.07ms
[7133.332s][info][gc,heap        ] GC(1002) Eden regions: 715->0(715)
[7133.332s][info][gc,heap        ] GC(1002) Survivor regions: 53->53(96)
[7133.332s][info][gc,heap        ] GC(1002) Old regions: 240->242
[7133.332s][info][gc,heap        ] GC(1002) Humongous regions: 33->33
[7133.332s][info][gc,metaspace   ] GC(1002) Metaspace: 30079K(30528K)->30079K(30528K) NonClass: 24666K(24896K)->24666K(24896K) Class: 5413K(5632K)->5413K(5632K)
[7133.332s][info][gc             ] GC(1002) Pause Young (Normal) (G1 Evacuation Pause) 8292M->2595M(10240M) 168.319ms
[7133.332s][info][gc,cpu         ] GC(1002) User=1.32s Sys=0.00s Real=0.17s
....[7137.296s][info][gc,start       ] GC(1003) Pause Young (Normal) (G1 Evacuation Pause)
[7137.296s][info][gc,task        ] GC(1003) Using 8 workers of 8 for evacuation
[7137.473s][info][gc,phases      ] GC(1003)   Pre Evacuate Collection Set: 0.25ms
[7137.473s][info][gc,phases      ] GC(1003)   Merge Heap Roots: 0.59ms
[7137.473s][info][gc,phases      ] GC(1003)   Evacuate Collection Set: 174.21ms
[7137.473s][info][gc,phases      ] GC(1003)   Post Evacuate Collection Set: 1.29ms
[7137.473s][info][gc,phases      ] GC(1003)   Other: 0.07ms
[7137.473s][info][gc,heap        ] GC(1003) Eden regions: 715->0(712)
[7137.473s][info][gc,heap        ] GC(1003) Survivor regions: 53->56(96)
[7137.473s][info][gc,heap        ] GC(1003) Old regions: 242->245
[7137.473s][info][gc,heap        ] GC(1003) Humongous regions: 33->33
[7137.473s][info][gc,metaspace   ] GC(1003) Metaspace: 30079K(30528K)->30079K(30528K) NonClass: 24666K(24896K)->24666K(24896K) Class: 5413K(5632K)->5413K(5632K)
[7137.473s][info][gc             ] GC(1003) Pause Young (Normal) (G1 Evacuation Pause) 8315M->2636M(10240M) 176.536ms
[7137.473s][info][gc,cpu         ] GC(1003) User=1.39s Sys=0.00s Real=0.17s
... (rIR:aIR:PR = 11761:11699:11703) (tPR = 173853) [OK] 
  7139s: Performance info:
         Transaction,    Success,    Partial,     Failed,   Receipts, AvgBarcode, 
             Overall,     708452,          0,          0,     672611,      59.47, 
         Response times:
             Request,    Success,    Partial,     Failed,   SkipFail,     Probes,    Samples,      min,      p50,      p90,      p95,      p99,      max, 
       TotalPurchase,     672413,          0,          0,          0,     355885,     462592,      300,    12500,    74000,   111000,   212000,  1400000,
     InStorePurchase,     352654,          0,          0,          0,     186311,     242146,      300,    12400,    74000,   110000,   211530,  1400000,
      OnlinePurchase,     247612,          0,          0,          0,     131284,     170510,      300,    12500,    76000,   112000,   214000,  1400000,
        InstPurchase,      72147,          0,          0,          0,      38290,      49936,      500,    12800,    74000,   110000,   208000,  1200000,
          AssocOfCat,        708,          0,          0,          0,        569,        853,    33000,    73000,   141000,   210500,   294300,   820000,
      AssocOfProduct,       7127,          0,          0,          0,       4448,       6062,      900,    13700,    72000,   110000,   208370,  1100000,
      BusinessReport,       1783,          0,          0,          0,       1614,       2245,    35000,    80000,   154400,   202700,   296620,   720000,
          CustBuyBeh,       7319,          0,          0,          0,       4326,       5823,      200,    12200,    78000,   119800,   238760,   970000,
       ProductReturn,      18863,          0,          0,          0,       9843,      12955,      200,    11700,    74000,   109000,   210440,  1400000,

  7139s: (86%)   IR =  11900 .[7141.411s][info][gc,start       ] GC(1004) Pause Young (Normal) (G1 Evacuation Pause)
[7141.411s][info][gc,task        ] GC(1004) Using 8 workers of 8 for evacuation
[7141.586s][info][gc,phases      ] GC(1004)   Pre Evacuate Collection Set: 0.27ms
[7141.586s][info][gc,phases      ] GC(1004)   Merge Heap Roots: 0.53ms
[7141.586s][info][gc,phases      ] GC(1004)   Evacuate Collection Set: 172.52ms
[7141.586s][info][gc,phases      ] GC(1004)   Post Evacuate Collection Set: 1.30ms
[7141.586s][info][gc,phases      ] GC(1004)   Other: 0.06ms
[7141.586s][info][gc,heap        ] GC(1004) Eden regions: 712->0(713)
[7141.586s][info][gc,heap        ] GC(1004) Survivor regions: 56->55(96)
[7141.586s][info][gc,heap        ] GC(1004) Old regions: 245->248
[7141.586s][info][gc,heap        ] GC(1004) Humongous regions: 33->33
[7141.586s][info][gc,metaspace   ] GC(1004) Metaspace: 30079K(30528K)->30079K(30528K) NonClass: 24666K(24896K)->24666K(24896K) Class: 5413K(5632K)->5413K(5632K)
[7141.586s][info][gc             ] GC(1004) Pause Young (Normal) (G1 Evacuation Pause) 8332M->2651M(10240M) 174.829ms
[7141.586s][info][gc,cpu         ] GC(1004) User=1.38s Sys=0.00s Real=0.18s
....[7145.474s][info][gc,start       ] GC(1005) Pause Young (Normal) (G1 Evacuation Pause)
[7145.474s][info][gc,task        ] GC(1005) Using 8 workers of 8 for evacuation
[7145.649s][info][gc,phases      ] GC(1005)   Pre Evacuate Collection Set: 0.26ms
[7145.650s][info][gc,phases      ] GC(1005)   Merge Heap Roots: 0.53ms
[7145.650s][info][gc,phases      ] GC(1005)   Evacuate Collection Set: 173.18ms
[7145.650s][info][gc,phases      ] GC(1005)   Post Evacuate Collection Set: 1.30ms
[7145.650s][info][gc,phases      ] GC(1005)   Other: 0.06ms
[7145.650s][info][gc,heap        ] GC(1005) Eden regions: 713->0(714)
[7145.650s][info][gc,heap        ] GC(1005) Survivor regions: 55->54(96)
[7145.650s][info][gc,heap        ] GC(1005) Old regions: 248->251
[7145.650s][info][gc,heap        ] GC(1005) Humongous regions: 33->33
[7145.650s][info][gc,metaspace   ] GC(1005) Metaspace: 30079K(30528K)->30079K(30528K) NonClass: 24666K(24896K)->24666K(24896K) Class: 5413K(5632K)->5413K(5632K)
[7145.650s][info][gc             ] GC(1005) Pause Young (Normal) (G1 Evacuation Pause) 8355M->2667M(10240M) 176.282ms
[7145.650s][info][gc,cpu         ] GC(1005) User=1.38s Sys=0.00s Real=0.18s
....|[7149.569s][info][gc,start       ] GC(1006) Pause Young (Normal) (G1 Evacuation Pause)
[7149.569s][info][gc,task        ] GC(1006) Using 8 workers of 8 for evacuation
[7149.738s][info][gc,phases      ] GC(1006)   Pre Evacuate Collection Set: 0.29ms
[7149.738s][info][gc,phases      ] GC(1006)   Merge Heap Roots: 0.53ms
[7149.738s][info][gc,phases      ] GC(1006)   Evacuate Collection Set: 167.28ms
[7149.738s][info][gc,phases      ] GC(1006)   Post Evacuate Collection Set: 1.27ms
[7149.738s][info][gc,phases      ] GC(1006)   Other: 0.06ms
[7149.738s][info][gc,heap        ] GC(1006) Eden regions: 714->0(715)
[7149.738s][info][gc,heap        ] GC(1006) Survivor regions: 54->53(96)
[7149.738s][info][gc,heap        ] GC(1006) Old regions: 251->254
[7149.738s][info][gc,heap        ] GC(1006) Humongous regions: 33->33
[7149.738s][info][gc,metaspace   ] GC(1006) Metaspace: 30079K(30528K)->30079K(30528K) NonClass: 24666K(24896K)->24666K(24896K) Class: 5413K(5632K)->5413K(5632K)
[7149.738s][info][gc             ] GC(1006) Pause Young (Normal) (G1 Evacuation Pause) 8379M->2682M(10240M) 169.560ms
[7149.738s][info][gc,cpu         ] GC(1006) User=1.33s Sys=0.00s Real=0.17s
....[7153.695s][info][gc,start       ] GC(1007) Pause Young (Normal) (G1 Evacuation Pause)
[7153.695s][info][gc,task        ] GC(1007) Using 8 workers of 8 for evacuation
[7153.867s][info][gc,phases      ] GC(1007)   Pre Evacuate Collection Set: 0.28ms
[7153.867s][info][gc,phases      ] GC(1007)   Merge Heap Roots: 0.52ms
[7153.867s][info][gc,phases      ] GC(1007)   Evacuate Collection Set: 169.75ms
[7153.867s][info][gc,phases      ] GC(1007)   Post Evacuate Collection Set: 1.31ms
[7153.867s][info][gc,phases      ] GC(1007)   Other: 0.06ms
[7153.867s][info][gc,heap        ] GC(1007) Eden regions: 715->0(714)
[7153.867s][info][gc,heap        ] GC(1007) Survivor regions: 53->54(96)
[7153.867s][info][gc,heap        ] GC(1007) Old regions: 254->257
[7153.867s][info][gc,heap        ] GC(1007) Humongous regions: 33->33
[7153.867s][info][gc,metaspace   ] GC(1007) Metaspace: 30079K(30528K)->30079K(30528K) NonClass: 24666K(24896K)->24666K(24896K) Class: 5413K(5632K)->5413K(5632K)
[7153.867s][info][gc             ] GC(1007) Pause Young (Normal) (G1 Evacuation Pause) 8402M->2712M(10240M) 172.066ms
[7153.867s][info][gc,cpu         ] GC(1007) User=1.35s Sys=0.00s Real=0.18s
....[7157.659s][info][gc,start       ] GC(1008) Pause Young (Normal) (G1 Evacuation Pause)
[7157.659s][info][gc,task        ] GC(1008) Using 8 workers of 8 for evacuation
[7157.829s][info][gc,phases      ] GC(1008)   Pre Evacuate Collection Set: 0.30ms
[7157.829s][info][gc,phases      ] GC(1008)   Merge Heap Roots: 0.54ms
[7157.829s][info][gc,phases      ] GC(1008)   Evacuate Collection Set: 167.86ms
[7157.829s][info][gc,phases      ] GC(1008)   Post Evacuate Collection Set: 1.28ms
[7157.829s][info][gc,phases      ] GC(1008)   Other: 0.07ms
[7157.829s][info][gc,heap        ] GC(1008) Eden regions: 714->0(715)
[7157.829s][info][gc,heap        ] GC(1008) Survivor regions: 54->53(96)
[7157.829s][info][gc,heap        ] GC(1008) Old regions: 257->259
[7157.829s][info][gc,heap        ] GC(1008) Humongous regions: 33->33
[7157.829s][info][gc,metaspace   ] GC(1008) Metaspace: 30079K(30528K)->30079K(30528K) NonClass: 24666K(24896K)->24666K(24896K) Class: 5413K(5632K)->5413K(5632K)
[7157.829s][info][gc             ] GC(1008) Pause Young (Normal) (G1 Evacuation Pause) 8424M->2730M(10240M) 170.174ms
[7157.829s][info][gc,cpu         ] GC(1008) User=1.34s Sys=0.00s Real=0.17s
....[7161.784s][info][gc,start       ] GC(1009) Pause Young (Normal) (G1 Evacuation Pause)
[7161.785s][info][gc,task        ] GC(1009) Using 8 workers of 8 for evacuation
[7161.951s][info][gc,phases      ] GC(1009)   Pre Evacuate Collection Set: 0.29ms
[7161.951s][info][gc,phases      ] GC(1009)   Merge Heap Roots: 0.53ms
[7161.951s][info][gc,phases      ] GC(1009)   Evacuate Collection Set: 164.52ms
[7161.951s][info][gc,phases      ] GC(1009)   Post Evacuate Collection Set: 1.25ms
[7161.951s][info][gc,phases      ] GC(1009)   Other: 0.07ms
[7161.951s][info][gc,heap        ] GC(1009) Eden regions: 715->0(715)
[7161.951s][info][gc,heap        ] GC(1009) Survivor regions: 53->53(96)
[7161.951s][info][gc,heap        ] GC(1009) Old regions: 259->262
[7161.951s][info][gc,heap        ] GC(1009) Humongous regions: 33->33
[7161.951s][info][gc,metaspace   ] GC(1009) Metaspace: 30079K(30528K)->30079K(30528K) NonClass: 24666K(24896K)->24666K(24896K) Class: 5413K(5632K)->5413K(5632K)
[7161.951s][info][gc             ] GC(1009) Pause Young (Normal) (G1 Evacuation Pause) 8450M->2748M(10240M) 166.800ms
[7161.951s][info][gc,cpu         ] GC(1009) User=1.32s Sys=0.00s Real=0.17s
.....[7165.969s][info][gc,start       ] GC(1010) Pause Young (Normal) (G1 Evacuation Pause)
[7165.969s][info][gc,task        ] GC(1010) Using 8 workers of 8 for evacuation
[7166.137s][info][gc,phases      ] GC(1010)   Pre Evacuate Collection Set: 0.24ms
[7166.137s][info][gc,phases      ] GC(1010)   Merge Heap Roots: 0.53ms
[7166.137s][info][gc,phases      ] GC(1010)   Evacuate Collection Set: 165.89ms
[7166.137s][info][gc,phases      ] GC(1010)   Post Evacuate Collection Set: 1.27ms
[7166.137s][info][gc,phases      ] GC(1010)   Other: 0.07ms
[7166.137s][info][gc,heap        ] GC(1010) Eden regions: 715->0(716)
[7166.137s][info][gc,heap        ] GC(1010) Survivor regions: 53->52(96)
[7166.137s][info][gc,heap        ] GC(1010) Old regions: 262->265
[7166.137s][info][gc,heap        ] GC(1010) Humongous regions: 33->33
[7166.137s][info][gc,metaspace   ] GC(1010) Metaspace: 30079K(30528K)->30079K(30528K) NonClass: 24666K(24896K)->24666K(24896K) Class: 5413K(5632K)->5413K(5632K)
[7166.137s][info][gc             ] GC(1010) Pause Young (Normal) (G1 Evacuation Pause) 8468M->2766M(10240M) 168.136ms
[7166.137s][info][gc,cpu         ] GC(1010) User=1.32s Sys=0.00s Real=0.17s
....[7170.021s][info][gc,start       ] GC(1011) Pause Young (Normal) (G1 Evacuation Pause)
[7170.021s][info][gc,task        ] GC(1011) Using 8 workers of 8 for evacuation
[7170.190s][info][gc,phases      ] GC(1011)   Pre Evacuate Collection Set: 0.29ms
[7170.191s][info][gc,phases      ] GC(1011)   Merge Heap Roots: 0.55ms
[7170.191s][info][gc,phases      ] GC(1011)   Evacuate Collection Set: 167.04ms
[7170.191s][info][gc,phases      ] GC(1011)   Post Evacuate Collection Set: 1.28ms
[7170.191s][info][gc,phases      ] GC(1011)   Other: 0.06ms
[7170.191s][info][gc,heap        ] GC(1011) Eden regions: 716->0(715)
[7170.191s][info][gc,heap        ] GC(1011) Survivor regions: 52->53(96)
[7170.191s][info][gc,heap        ] GC(1011) Old regions: 265->268
[7170.191s][info][gc,heap        ] GC(1011) Humongous regions: 33->33
[7170.191s][info][gc,metaspace   ] GC(1011) Metaspace: 30079K(30528K)->30079K(30528K) NonClass: 24666K(24896K)->24666K(24896K) Class: 5413K(5632K)->5413K(5632K)
[7170.191s][info][gc             ] GC(1011) Pause Young (Normal) (G1 Evacuation Pause) 8494M->2796M(10240M) 169.392ms
[7170.191s][info][gc,cpu         ] GC(1011) User=1.33s Sys=0.01s Real=0.17s
....[7174.083s][info][gc,start       ] GC(1012) Pause Young (Normal) (G1 Evacuation Pause)
[7174.083s][info][gc,task        ] GC(1012) Using 8 workers of 8 for evacuation
[7174.260s][info][gc,phases      ] GC(1012)   Pre Evacuate Collection Set: 0.29ms
[7174.260s][info][gc,phases      ] GC(1012)   Merge Heap Roots: 0.53ms
[7174.260s][info][gc,phases      ] GC(1012)   Evacuate Collection Set: 174.75ms
[7174.260s][info][gc,phases      ] GC(1012)   Post Evacuate Collection Set: 1.24ms
[7174.260s][info][gc,phases      ] GC(1012)   Other: 0.06ms
[7174.260s][info][gc,heap        ] GC(1012) Eden regions: 715->0(712)
[7174.260s][info][gc,heap        ] GC(1012) Survivor regions: 53->56(96)
[7174.260s][info][gc,heap        ] GC(1012) Old regions: 268->270
[7174.260s][info][gc,heap        ] GC(1012) Humongous regions: 33->33
[7174.260s][info][gc,metaspace   ] GC(1012) Metaspace: 30079K(30528K)->30079K(30528K) NonClass: 24666K(24896K)->24666K(24896K) Class: 5413K(5632K)->5413K(5632K)
[7174.260s][info][gc             ] GC(1012) Pause Young (Normal) (G1 Evacuation Pause) 8516M->2839M(10240M) 177.017ms
[7174.260s][info][gc,cpu         ] GC(1012) User=1.39s Sys=0.00s Real=0.18s
....[7178.234s][info][gc,start       ] GC(1013) Pause Young (Normal) (G1 Evacuation Pause)
[7178.234s][info][gc,task        ] GC(1013) Using 8 workers of 8 for evacuation
[7178.406s][info][gc,phases      ] GC(1013)   Pre Evacuate Collection Set: 0.26ms
[7178.406s][info][gc,phases      ] GC(1013)   Merge Heap Roots: 0.52ms
[7178.406s][info][gc,phases      ] GC(1013)   Evacuate Collection Set: 169.86ms
[7178.406s][info][gc,phases      ] GC(1013)   Post Evacuate Collection Set: 1.25ms
[7178.406s][info][gc,phases      ] GC(1013)   Other: 0.07ms
[7178.406s][info][gc,heap        ] GC(1013) Eden regions: 712->0(714)
[7178.406s][info][gc,heap        ] GC(1013) Survivor regions: 56->54(96)
[7178.406s][info][gc,heap        ] GC(1013) Old regions: 270->273
[7178.406s][info][gc,heap        ] GC(1013) Humongous regions: 33->33
[7178.406s][info][gc,metaspace   ] GC(1013) Metaspace: 30079K(30528K)->30079K(30528K) NonClass: 24666K(24896K)->24666K(24896K) Class: 5413K(5632K)->5413K(5632K)
[7178.406s][info][gc             ] GC(1013) Pause Young (Normal) (G1 Evacuation Pause) 8535M->2849M(10240M) 172.113ms
[7178.406s][info][gc,cpu         ] GC(1013) User=1.36s Sys=0.01s Real=0.18s
....[7182.152s][info][gc,start       ] GC(1014) Pause Young (Normal) (G1 Evacuation Pause)
[7182.152s][info][gc,task        ] GC(1014) Using 8 workers of 8 for evacuation
[7182.323s][info][gc,phases      ] GC(1014)   Pre Evacuate Collection Set: 0.26ms
[7182.323s][info][gc,phases      ] GC(1014)   Merge Heap Roots: 0.55ms
[7182.323s][info][gc,phases      ] GC(1014)   Evacuate Collection Set: 168.37ms
[7182.323s][info][gc,phases      ] GC(1014)   Post Evacuate Collection Set: 1.27ms
[7182.323s][info][gc,phases      ] GC(1014)   Other: 0.06ms
[7182.323s][info][gc,heap        ] GC(1014) Eden regions: 714->0(714)
[7182.323s][info][gc,heap        ] GC(1014) Survivor regions: 54->54(96)
[7182.323s][info][gc,heap        ] GC(1014) Old regions: 273->276
[7182.323s][info][gc,heap        ] GC(1014) Humongous regions: 33->33
[7182.323s][info][gc,metaspace   ] GC(1014) Metaspace: 30079K(30528K)->30079K(30528K) NonClass: 24666K(24896K)->24666K(24896K) Class: 5413K(5632K)->5413K(5632K)
[7182.323s][info][gc             ] GC(1014) Pause Young (Normal) (G1 Evacuation Pause) 8561M->2872M(10240M) 170.647ms
[7182.323s][info][gc,cpu         ] GC(1014) User=1.35s Sys=0.00s Real=0.17s
....[7186.186s][info][gc,start       ] GC(1015) Pause Young (Concurrent Start) (G1 Evacuation Pause)
[7186.186s][info][gc,task        ] GC(1015) Using 8 workers of 8 for evacuation
[7186.358s][info][gc,phases      ] GC(1015)   Pre Evacuate Collection Set: 0.28ms
[7186.358s][info][gc,phases      ] GC(1015)   Merge Heap Roots: 0.52ms
[7186.358s][info][gc,phases      ] GC(1015)   Evacuate Collection Set: 169.79ms
[7186.358s][info][gc,phases      ] GC(1015)   Post Evacuate Collection Set: 1.30ms
[7186.358s][info][gc,phases      ] GC(1015)   Other: 0.12ms
[7186.358s][info][gc,heap        ] GC(1015) Eden regions: 714->0(714)
[7186.358s][info][gc,heap        ] GC(1015) Survivor regions: 54->54(96)
[7186.358s][info][gc,heap        ] GC(1015) Old regions: 276->279
[7186.358s][info][gc,heap        ] GC(1015) Humongous regions: 33->33
[7186.358s][info][gc,metaspace   ] GC(1015) Metaspace: 30079K(30528K)->30079K(30528K) NonClass: 24666K(24896K)->24666K(24896K) Class: 5413K(5632K)->5413K(5632K)
[7186.358s][info][gc             ] GC(1015) Pause Young (Concurrent Start) (G1 Evacuation Pause) 8584M->2890M(10240M) 172.140ms
[7186.358s][info][gc             ] GC(1016) Concurrent Mark Cycle
[7186.358s][info][gc,marking     ] GC(1016) Concurrent Scan Root Regions
[7186.358s][info][gc,cpu         ] GC(1015) User=1.35s Sys=0.00s Real=0.17s
[7186.769s][info][gc,marking     ] GC(1016) Concurrent Scan Root Regions 410.666ms
[7186.769s][info][gc,marking     ] GC(1016) Concurrent Mark
[7186.769s][info][gc,marking     ] GC(1016) Concurrent Mark From Roots
[7186.769s][info][gc,task        ] GC(1016) Using 2 workers of 2 for marking
..[7188.271s][info][gc,marking     ] GC(1016) Concurrent Mark From Roots 1501.996ms
[7188.271s][info][gc,marking     ] GC(1016) Concurrent Preclean
[7188.271s][info][gc,marking     ] GC(1016) Concurrent Preclean 0.156ms
[7188.271s][info][gc,start       ] GC(1016) Pause Remark
[7188.272s][info][gc             ] GC(1016) Pause Remark 5087M->4895M(10240M) 1.265ms
[7188.272s][info][gc,cpu         ] GC(1016) User=0.01s Sys=0.00s Real=0.00s
[7188.272s][info][gc,marking     ] GC(1016) Concurrent Mark 1503.688ms
[7188.272s][info][gc,marking     ] GC(1016) Concurrent Rebuild Remembered Sets and Scrub Regions
.[7188.975s][info][gc,marking     ] GC(1016) Concurrent Rebuild Remembered Sets and Scrub Regions 702.290ms
[7188.975s][info][gc,start       ] GC(1016) Pause Cleanup
[7188.975s][info][gc             ] GC(1016) Pause Cleanup 5780M->5780M(10240M) 0.317ms
[7188.975s][info][gc,cpu         ] GC(1016) User=0.00s Sys=0.00s Real=0.00s
[7188.975s][info][gc,marking     ] GC(1016) Concurrent Clear Claimed Marks
[7188.975s][info][gc,marking     ] GC(1016) Concurrent Clear Claimed Marks 0.042ms
[7188.975s][info][gc,marking     ] GC(1016) Concurrent Cleanup for Next Mark
[7188.988s][info][gc,marking     ] GC(1016) Concurrent Cleanup for Next Mark 13.041ms
[7188.988s][info][gc             ] GC(1016) Concurrent Mark Cycle 2630.430ms
.[7190.643s][info][gc,start       ] GC(1017) Pause Young (Prepare Mixed) (G1 Evacuation Pause)
[7190.643s][info][gc,task        ] GC(1017) Using 8 workers of 8 for evacuation
[7190.811s][info][gc,phases      ] GC(1017)   Pre Evacuate Collection Set: 0.26ms
[7190.811s][info][gc,phases      ] GC(1017)   Merge Heap Roots: 0.76ms
[7190.811s][info][gc,phases      ] GC(1017)   Evacuate Collection Set: 165.37ms
[7190.811s][info][gc,phases      ] GC(1017)   Post Evacuate Collection Set: 1.38ms
[7190.811s][info][gc,phases      ] GC(1017)   Other: 0.07ms
[7190.811s][info][gc,heap        ] GC(1017) Eden regions: 714->0(715)
[7190.811s][info][gc,heap        ] GC(1017) Survivor regions: 54->53(96)
[7190.811s][info][gc,heap        ] GC(1017) Old regions: 255->258
[7190.811s][info][gc,heap        ] GC(1017) Humongous regions: 33->33
[7190.811s][info][gc,metaspace   ] GC(1017) Metaspace: 30079K(30528K)->30079K(30528K) NonClass: 24666K(24896K)->24666K(24896K) Class: 5413K(5632K)->5413K(5632K)
[7190.811s][info][gc             ] GC(1017) Pause Young (Prepare Mixed) (G1 Evacuation Pause) 8410M->2712M(10240M) 167.968ms
[7190.811s][info][gc,cpu         ] GC(1017) User=1.32s Sys=0.00s Real=0.17s
....[7194.368s][info][gc,start       ] GC(1018) Pause Young (Mixed) (G1 Evacuation Pause)
[7194.368s][info][gc,task        ] GC(1018) Using 8 workers of 8 for evacuation
[7194.549s][info][gc,phases      ] GC(1018)   Pre Evacuate Collection Set: 0.30ms
[7194.549s][info][gc,phases      ] GC(1018)   Merge Heap Roots: 0.70ms
[7194.549s][info][gc,phases      ] GC(1018)   Evacuate Collection Set: 177.56ms
[7194.549s][info][gc,phases      ] GC(1018)   Merge Optional Heap Roots: 0.08ms
[7194.549s][info][gc,phases      ] GC(1018)   Evacuate Optional Collection Set: 0.98ms
[7194.549s][info][gc,phases      ] GC(1018)   Post Evacuate Collection Set: 1.43ms
[7194.549s][info][gc,phases      ] GC(1018)   Other: 0.08ms
[7194.549s][info][gc,heap        ] GC(1018) Eden regions: 715->0(707)
[7194.549s][info][gc,heap        ] GC(1018) Survivor regions: 53->55(96)
[7194.549s][info][gc,heap        ] GC(1018) Old regions: 258->134
[7194.549s][info][gc,heap        ] GC(1018) Humongous regions: 33->33
[7194.549s][info][gc,metaspace   ] GC(1018) Metaspace: 30079K(30528K)->30079K(30528K) NonClass: 24666K(24896K)->24666K(24896K) Class: 5413K(5632K)->5413K(5632K)
[7194.549s][info][gc             ] GC(1018) Pause Young (Mixed) (G1 Evacuation Pause) 8432M->1736M(10240M) 181.279ms
[7194.549s][info][gc,cpu         ] GC(1018) User=1.43s Sys=0.00s Real=0.18s
....[7198.443s][info][gc,start       ] GC(1019) Pause Young (Mixed) (G1 Evacuation Pause)
[7198.443s][info][gc,task        ] GC(1019) Using 8 workers of 8 for evacuation
[7198.620s][info][gc,phases      ] GC(1019)   Pre Evacuate Collection Set: 0.25ms
[7198.620s][info][gc,phases      ] GC(1019)   Merge Heap Roots: 0.55ms
[7198.620s][info][gc,phases      ] GC(1019)   Evacuate Collection Set: 175.03ms
[7198.620s][info][gc,phases      ] GC(1019)   Post Evacuate Collection Set: 1.30ms
[7198.620s][info][gc,phases      ] GC(1019)   Other: 0.07ms
[7198.620s][info][gc,heap        ] GC(1019) Eden regions: 713->0(713)
[7198.620s][info][gc,heap        ] GC(1019) Survivor regions: 55->55(96)
[7198.620s][info][gc,heap        ] GC(1019) Old regions: 134->133
[7198.620s][info][gc,heap        ] GC(1019) Humongous regions: 33->33
[7198.620s][info][gc,metaspace   ] GC(1019) Metaspace: 30079K(30528K)->30079K(30528K) NonClass: 24666K(24896K)->24666K(24896K) Class: 5413K(5632K)->5413K(5632K)
[7198.620s][info][gc             ] GC(1019) Pause Young (Mixed) (G1 Evacuation Pause) 7440M->1735M(10240M) 177.344ms
[7198.620s][info][gc,cpu         ] GC(1019) User=1.40s Sys=0.00s Real=0.18s
....[7202.379s][info][gc,start       ] GC(1020) Pause Young (Normal) (G1 Evacuation Pause)
[7202.379s][info][gc,task        ] GC(1020) Using 8 workers of 8 for evacuation
[7202.555s][info][gc,phases      ] GC(1020)   Pre Evacuate Collection Set: 0.28ms
[7202.555s][info][gc,phases      ] GC(1020)   Merge Heap Roots: 0.52ms
[7202.555s][info][gc,phases      ] GC(1020)   Evacuate Collection Set: 173.54ms
[7202.555s][info][gc,phases      ] GC(1020)   Post Evacuate Collection Set: 1.26ms
[7202.555s][info][gc,phases      ] GC(1020)   Other: 0.06ms
[7202.555s][info][gc,heap        ] GC(1020) Eden regions: 713->0(714)
[7202.555s][info][gc,heap        ] GC(1020) Survivor regions: 55->54(96)
[7202.555s][info][gc,heap        ] GC(1020) Old regions: 133->136
[7202.555s][info][gc,heap        ] GC(1020) Humongous regions: 33->33
[7202.555s][info][gc,metaspace   ] GC(1020) Metaspace: 30079K(30528K)->30079K(30528K) NonClass: 24666K(24896K)->24666K(24896K) Class: 5413K(5632K)->5413K(5632K)
[7202.555s][info][gc             ] GC(1020) Pause Young (Normal) (G1 Evacuation Pause) 7439M->1750M(10240M) 175.797ms
[7202.555s][info][gc,cpu         ] GC(1020) User=1.38s Sys=0.01s Real=0.17s
....[7206.482s][info][gc,start       ] GC(1021) Pause Young (Normal) (G1 Evacuation Pause)
[7206.482s][info][gc,task        ] GC(1021) Using 8 workers of 8 for evacuation
[7206.654s][info][gc,phases      ] GC(1021)   Pre Evacuate Collection Set: 0.27ms
[7206.654s][info][gc,phases      ] GC(1021)   Merge Heap Roots: 0.50ms
[7206.654s][info][gc,phases      ] GC(1021)   Evacuate Collection Set: 169.67ms
[7206.654s][info][gc,phases      ] GC(1021)   Post Evacuate Collection Set: 1.22ms
[7206.654s][info][gc,phases      ] GC(1021)   Other: 0.08ms
[7206.654s][info][gc,heap        ] GC(1021) Eden regions: 714->0(714)
[7206.654s][info][gc,heap        ] GC(1021) Survivor regions: 54->54(96)
[7206.654s][info][gc,heap        ] GC(1021) Old regions: 136->139
[7206.654s][info][gc,heap        ] GC(1021) Humongous regions: 33->33
[7206.654s][info][gc,metaspace   ] GC(1021) Metaspace: 30079K(30528K)->30079K(30528K) NonClass: 24666K(24896K)->24666K(24896K) Class: 5413K(5632K)->5413K(5632K)
[7206.654s][info][gc             ] GC(1021) Pause Young (Normal) (G1 Evacuation Pause) 7462M->1772M(10240M) 171.872ms
[7206.654s][info][gc,cpu         ] GC(1021) User=1.35s Sys=0.00s Real=0.17s
... (rIR:aIR:PR = 11900:11858:11857) (tPR = 176113) [OK] 
  7208s: Performance info:
         Transaction,    Success,    Partial,     Failed,   Receipts, AvgBarcode, 
             Overall,     715329,          0,          0,     679056,      59.47, 
         Response times:
             Request,    Success,    Partial,     Failed,   SkipFail,     Probes,    Samples,      min,      p50,      p90,      p95,      p99,      max, 
       TotalPurchase,     679170,          0,          0,          0,     346935,     418383,      300,    18000,   132000,   179000,   304000,  3600000,
     InStorePurchase,     356393,          0,          0,          0,     182693,     220044,      300,    17900,   132000,   179000,   323000,  3600000,
      OnlinePurchase,     250738,          0,          0,          0,     127425,     153439,      300,    18100,   131000,   177000,   279000,  3600000,
        InstPurchase,      72039,          0,          0,          0,      36817,      44900,      500,    18500,   134000,   180000,   332000,  3000000,
          AssocOfCat,        715,          0,          0,          0,        572,        772,    32000,    77000,   183000,   220700,   304970,   386000,
      AssocOfProduct,       7200,          0,          0,          0,       4326,       5381,     1200,    19500,   133000,   179000,   279260,  1700000,
      BusinessReport,       1793,          0,          0,          0,       1518,       1957,    36000,    88000,   219000,   256000,   351000,   810000,
          CustBuyBeh,       7186,          0,          0,          0,       4287,       5332,      600,    17100,   131000,   182350,   346030,  1400000,
       ProductReturn,      19360,          0,          0,          0,       9857,      11942,      200,    18400,   135000,   185000,   274000,  1700000,

  7208s: (87%)   IR =  12038 .[7210.555s][info][gc,start       ] GC(1022) Pause Young (Normal) (G1 Evacuation Pause)
[7210.555s][info][gc,task        ] GC(1022) Using 8 workers of 8 for evacuation
[7210.730s][info][gc,phases      ] GC(1022)   Pre Evacuate Collection Set: 0.26ms
[7210.730s][info][gc,phases      ] GC(1022)   Merge Heap Roots: 0.53ms
[7210.730s][info][gc,phases      ] GC(1022)   Evacuate Collection Set: 172.73ms
[7210.730s][info][gc,phases      ] GC(1022)   Post Evacuate Collection Set: 1.28ms
[7210.730s][info][gc,phases      ] GC(1022)   Other: 0.07ms
[7210.730s][info][gc,heap        ] GC(1022) Eden regions: 714->0(713)
[7210.730s][info][gc,heap        ] GC(1022) Survivor regions: 54->55(96)
[7210.730s][info][gc,heap        ] GC(1022) Old regions: 139->142
[7210.730s][info][gc,heap        ] GC(1022) Humongous regions: 33->33
[7210.730s][info][gc,metaspace   ] GC(1022) Metaspace: 30080K(30528K)->30080K(30528K) NonClass: 24666K(24896K)->24666K(24896K) Class: 5413K(5632K)->5413K(5632K)
[7210.730s][info][gc             ] GC(1022) Pause Young (Normal) (G1 Evacuation Pause) 7484M->1808M(10240M) 175.007ms
[7210.730s][info][gc,cpu         ] GC(1022) User=1.38s Sys=0.00s Real=0.18s
....[7214.483s][info][gc,start       ] GC(1023) Pause Young (Normal) (G1 Evacuation Pause)
[7214.483s][info][gc,task        ] GC(1023) Using 8 workers of 8 for evacuation
[7214.653s][info][gc,phases      ] GC(1023)   Pre Evacuate Collection Set: 0.27ms
[7214.653s][info][gc,phases      ] GC(1023)   Merge Heap Roots: 0.52ms
[7214.653s][info][gc,phases      ] GC(1023)   Evacuate Collection Set: 167.90ms
[7214.653s][info][gc,phases      ] GC(1023)   Post Evacuate Collection Set: 1.24ms
[7214.653s][info][gc,phases      ] GC(1023)   Other: 0.08ms
[7214.653s][info][gc,heap        ] GC(1023) Eden regions: 713->0(715)
[7214.653s][info][gc,heap        ] GC(1023) Survivor regions: 55->53(96)
[7214.653s][info][gc,heap        ] GC(1023) Old regions: 142->145
[7214.653s][info][gc,heap        ] GC(1023) Humongous regions: 33->33
[7214.653s][info][gc,metaspace   ] GC(1023) Metaspace: 30080K(30528K)->30080K(30528K) NonClass: 24666K(24896K)->24666K(24896K) Class: 5413K(5632K)->5413K(5632K)
[7214.653s][info][gc             ] GC(1023) Pause Young (Normal) (G1 Evacuation Pause) 7512M->1814M(10240M) 170.146ms
[7214.653s][info][gc,cpu         ] GC(1023) User=1.34s Sys=0.00s Real=0.17s
....[7218.539s][info][gc,start       ] GC(1024) Pause Young (Normal) (G1 Evacuation Pause)
[7218.539s][info][gc,task        ] GC(1024) Using 8 workers of 8 for evacuation
[7218.710s][info][gc,phases      ] GC(1024)   Pre Evacuate Collection Set: 0.28ms
[7218.710s][info][gc,phases      ] GC(1024)   Merge Heap Roots: 0.52ms
[7218.710s][info][gc,phases      ] GC(1024)   Evacuate Collection Set: 168.91ms
[7218.710s][info][gc,phases      ] GC(1024)   Post Evacuate Collection Set: 1.23ms
[7218.710s][info][gc,phases      ] GC(1024)   Other: 0.07ms
[7218.710s][info][gc,heap        ] GC(1024) Eden regions: 715->0(714)
[7218.710s][info][gc,heap        ] GC(1024) Survivor regions: 53->54(96)
[7218.710s][info][gc,heap        ] GC(1024) Old regions: 145->148
[7218.710s][info][gc,heap        ] GC(1024) Humongous regions: 33->33
[7218.710s][info][gc,metaspace   ] GC(1024) Metaspace: 30080K(30528K)->30080K(30528K) NonClass: 24666K(24896K)->24666K(24896K) Class: 5413K(5632K)->5413K(5632K)
[7218.710s][info][gc             ] GC(1024) Pause Young (Normal) (G1 Evacuation Pause) 7534M->1840M(10240M) 171.130ms
[7218.710s][info][gc,cpu         ] GC(1024) User=1.35s Sys=0.00s Real=0.17s
....|[7222.524s][info][gc,start       ] GC(1025) Pause Young (Normal) (G1 Evacuation Pause)
[7222.524s][info][gc,task        ] GC(1025) Using 8 workers of 8 for evacuation
[7222.698s][info][gc,phases      ] GC(1025)   Pre Evacuate Collection Set: 0.26ms
[7222.698s][info][gc,phases      ] GC(1025)   Merge Heap Roots: 0.54ms
[7222.698s][info][gc,phases      ] GC(1025)   Evacuate Collection Set: 172.00ms
[7222.698s][info][gc,phases      ] GC(1025)   Post Evacuate Collection Set: 1.28ms
[7222.698s][info][gc,phases      ] GC(1025)   Other: 0.06ms
[7222.698s][info][gc,heap        ] GC(1025) Eden regions: 714->0(714)
[7222.698s][info][gc,heap        ] GC(1025) Survivor regions: 54->54(96)
[7222.698s][info][gc,heap        ] GC(1025) Old regions: 148->150
[7222.698s][info][gc,heap        ] GC(1025) Humongous regions: 33->33
[7222.698s][info][gc,metaspace   ] GC(1025) Metaspace: 30080K(30528K)->30080K(30528K) NonClass: 24666K(24896K)->24666K(24896K) Class: 5413K(5632K)->5413K(5632K)
[7222.698s][info][gc             ] GC(1025) Pause Young (Normal) (G1 Evacuation Pause) 7552M->1863M(10240M) 174.285ms
[7222.698s][info][gc,cpu         ] GC(1025) User=1.37s Sys=0.00s Real=0.18s
....[7226.509s][info][gc,start       ] GC(1026) Pause Young (Normal) (G1 Evacuation Pause)
[7226.510s][info][gc,task        ] GC(1026) Using 8 workers of 8 for evacuation
[7226.682s][info][gc,phases      ] GC(1026)   Pre Evacuate Collection Set: 0.27ms
[7226.682s][info][gc,phases      ] GC(1026)   Merge Heap Roots: 0.51ms
[7226.682s][info][gc,phases      ] GC(1026)   Evacuate Collection Set: 170.25ms
[7226.682s][info][gc,phases      ] GC(1026)   Post Evacuate Collection Set: 1.27ms
[7226.682s][info][gc,phases      ] GC(1026)   Other: 0.08ms
[7226.682s][info][gc,heap        ] GC(1026) Eden regions: 714->0(714)
[7226.682s][info][gc,heap        ] GC(1026) Survivor regions: 54->54(96)
[7226.682s][info][gc,heap        ] GC(1026) Old regions: 150->153
[7226.682s][info][gc,heap        ] GC(1026) Humongous regions: 33->33
[7226.682s][info][gc,metaspace   ] GC(1026) Metaspace: 30080K(30528K)->30080K(30528K) NonClass: 24666K(24896K)->24666K(24896K) Class: 5413K(5632K)->5413K(5632K)
[7226.682s][info][gc             ] GC(1026) Pause Young (Normal) (G1 Evacuation Pause) 7575M->1889M(10240M) 172.525ms
[7226.682s][info][gc,cpu         ] GC(1026) User=1.36s Sys=0.00s Real=0.17s
....[7230.516s][info][gc,start       ] GC(1027) Pause Young (Normal) (G1 Evacuation Pause)
[7230.516s][info][gc,task        ] GC(1027) Using 8 workers of 8 for evacuation
[7230.693s][info][gc,phases      ] GC(1027)   Pre Evacuate Collection Set: 0.25ms
[7230.693s][info][gc,phases      ] GC(1027)   Merge Heap Roots: 0.52ms
[7230.693s][info][gc,phases      ] GC(1027)   Evacuate Collection Set: 174.93ms
[7230.693s][info][gc,phases      ] GC(1027)   Post Evacuate Collection Set: 1.30ms
[7230.693s][info][gc,phases      ] GC(1027)   Other: 0.06ms
[7230.693s][info][gc,heap        ] GC(1027) Eden regions: 714->0(712)
[7230.693s][info][gc,heap        ] GC(1027) Survivor regions: 54->56(96)
[7230.693s][info][gc,heap        ] GC(1027) Old regions: 153->156
[7230.693s][info][gc,heap        ] GC(1027) Humongous regions: 33->33
[7230.693s][info][gc,metaspace   ] GC(1027) Metaspace: 30080K(30528K)->30080K(30528K) NonClass: 24666K(24896K)->24666K(24896K) Class: 5413K(5632K)->5413K(5632K)
[7230.693s][info][gc             ] GC(1027) Pause Young (Normal) (G1 Evacuation Pause) 7601M->1923M(10240M) 177.206ms
[7230.693s][info][gc,cpu         ] GC(1027) User=1.39s Sys=0.00s Real=0.17s
....[7234.571s][info][gc,start       ] GC(1028) Pause Young (Normal) (G1 Evacuation Pause)
[7234.571s][info][gc,task        ] GC(1028) Using 8 workers of 8 for evacuation
[7234.738s][info][gc,phases      ] GC(1028)   Pre Evacuate Collection Set: 0.28ms
[7234.738s][info][gc,phases      ] GC(1028)   Merge Heap Roots: 0.51ms
[7234.738s][info][gc,phases      ] GC(1028)   Evacuate Collection Set: 165.16ms
[7234.738s][info][gc,phases      ] GC(1028)   Post Evacuate Collection Set: 1.26ms
[7234.738s][info][gc,phases      ] GC(1028)   Other: 0.06ms
[7234.738s][info][gc,heap        ] GC(1028) Eden regions: 712->0(716)
[7234.738s][info][gc,heap        ] GC(1028) Survivor regions: 56->52(96)
[7234.738s][info][gc,heap        ] GC(1028) Old regions: 156->159
[7234.738s][info][gc,heap        ] GC(1028) Humongous regions: 33->33
[7234.738s][info][gc,metaspace   ] GC(1028) Metaspace: 30080K(30528K)->30080K(30528K) NonClass: 24666K(24896K)->24666K(24896K) Class: 5413K(5632K)->5413K(5632K)
[7234.738s][info][gc             ] GC(1028) Pause Young (Normal) (G1 Evacuation Pause) 7619M->1918M(10240M) 167.410ms
[7234.738s][info][gc,cpu         ] GC(1028) User=1.32s Sys=0.00s Real=0.17s
....[7238.686s][info][gc,start       ] GC(1029) Pause Young (Normal) (G1 Evacuation Pause)
[7238.686s][info][gc,task        ] GC(1029) Using 8 workers of 8 for evacuation
[7238.853s][info][gc,phases      ] GC(1029)   Pre Evacuate Collection Set: 0.29ms
[7238.853s][info][gc,phases      ] GC(1029)   Merge Heap Roots: 0.52ms
[7238.853s][info][gc,phases      ] GC(1029)   Evacuate Collection Set: 165.05ms
[7238.853s][info][gc,phases      ] GC(1029)   Post Evacuate Collection Set: 1.29ms
[7238.853s][info][gc,phases      ] GC(1029)   Other: 0.07ms
[7238.853s][info][gc,heap        ] GC(1029) Eden regions: 716->0(715)
[7238.853s][info][gc,heap        ] GC(1029) Survivor regions: 52->53(96)
[7238.854s][info][gc,heap        ] GC(1029) Old regions: 159->162
[7238.854s][info][gc,heap        ] GC(1029) Humongous regions: 33->33
[7238.854s][info][gc,metaspace   ] GC(1029) Metaspace: 30080K(30528K)->30080K(30528K) NonClass: 24666K(24896K)->24666K(24896K) Class: 5413K(5632K)->5413K(5632K)
[7238.854s][info][gc             ] GC(1029) Pause Young (Normal) (G1 Evacuation Pause) 7646M->1949M(10240M) 167.357ms
[7238.854s][info][gc,cpu         ] GC(1029) User=1.32s Sys=0.00s Real=0.16s
....[7242.709s][info][gc,start       ] GC(1030) Pause Young (Normal) (G1 Evacuation Pause)
[7242.709s][info][gc,task        ] GC(1030) Using 8 workers of 8 for evacuation
[7242.876s][info][gc,phases      ] GC(1030)   Pre Evacuate Collection Set: 0.26ms
[7242.876s][info][gc,phases      ] GC(1030)   Merge Heap Roots: 0.54ms
[7242.876s][info][gc,phases      ] GC(1030)   Evacuate Collection Set: 164.63ms
[7242.876s][info][gc,phases      ] GC(1030)   Post Evacuate Collection Set: 1.29ms
[7242.876s][info][gc,phases      ] GC(1030)   Other: 0.06ms
[7242.876s][info][gc,heap        ] GC(1030) Eden regions: 715->0(715)
[7242.876s][info][gc,heap        ] GC(1030) Survivor regions: 53->53(96)
[7242.876s][info][gc,heap        ] GC(1030) Old regions: 162->164
[7242.876s][info][gc,heap        ] GC(1030) Humongous regions: 33->33
[7242.876s][info][gc,metaspace   ] GC(1030) Metaspace: 30080K(30528K)->30080K(30528K) NonClass: 24666K(24896K)->24666K(24896K) Class: 5413K(5632K)->5413K(5632K)
[7242.876s][info][gc             ] GC(1030) Pause Young (Normal) (G1 Evacuation Pause) 7669M->1971M(10240M) 166.934ms
[7242.876s][info][gc,cpu         ] GC(1030) User=1.31s Sys=0.00s Real=0.17s
....[7246.656s][info][gc,start       ] GC(1031) Pause Young (Normal) (G1 Evacuation Pause)
[7246.656s][info][gc,task        ] GC(1031) Using 8 workers of 8 for evacuation
[7246.823s][info][gc,phases      ] GC(1031)   Pre Evacuate Collection Set: 0.28ms
[7246.823s][info][gc,phases      ] GC(1031)   Merge Heap Roots: 0.60ms
[7246.823s][info][gc,phases      ] GC(1031)   Evacuate Collection Set: 165.23ms
[7246.823s][info][gc,phases      ] GC(1031)   Post Evacuate Collection Set: 1.25ms
[7246.823s][info][gc,phases      ] GC(1031)   Other: 0.07ms
[7246.823s][info][gc,heap        ] GC(1031) Eden regions: 715->0(715)
[7246.823s][info][gc,heap        ] GC(1031) Survivor regions: 53->53(96)
[7246.823s][info][gc,heap        ] GC(1031) Old regions: 164->167
[7246.823s][info][gc,heap        ] GC(1031) Humongous regions: 33->33
[7246.823s][info][gc,metaspace   ] GC(1031) Metaspace: 30080K(30528K)->30080K(30528K) NonClass: 24666K(24896K)->24666K(24896K) Class: 5413K(5632K)->5413K(5632K)
[7246.823s][info][gc             ] GC(1031) Pause Young (Normal) (G1 Evacuation Pause) 7691M->1993M(10240M) 167.551ms
[7246.823s][info][gc,cpu         ] GC(1031) User=1.31s Sys=0.00s Real=0.17s
....[7250.701s][info][gc,start       ] GC(1032) Pause Young (Normal) (G1 Evacuation Pause)
[7250.701s][info][gc,task        ] GC(1032) Using 8 workers of 8 for evacuation
[7250.874s][info][gc,phases      ] GC(1032)   Pre Evacuate Collection Set: 0.27ms
[7250.874s][info][gc,phases      ] GC(1032)   Merge Heap Roots: 0.51ms
[7250.874s][info][gc,phases      ] GC(1032)   Evacuate Collection Set: 170.59ms
[7250.874s][info][gc,phases      ] GC(1032)   Post Evacuate Collection Set: 1.26ms
[7250.874s][info][gc,phases      ] GC(1032)   Other: 0.07ms
[7250.874s][info][gc,heap        ] GC(1032) Eden regions: 715->0(714)
[7250.874s][info][gc,heap        ] GC(1032) Survivor regions: 53->54(96)
[7250.874s][info][gc,heap        ] GC(1032) Old regions: 167->170
[7250.874s][info][gc,heap        ] GC(1032) Humongous regions: 33->33
[7250.874s][info][gc,metaspace   ] GC(1032) Metaspace: 30080K(30528K)->30080K(30528K) NonClass: 24666K(24896K)->24666K(24896K) Class: 5413K(5632K)->5413K(5632K)
[7250.874s][info][gc             ] GC(1032) Pause Young (Normal) (G1 Evacuation Pause) 7713M->2020M(10240M) 172.845ms
[7250.874s][info][gc,cpu         ] GC(1032) User=1.36s Sys=0.00s Real=0.17s
....[7254.671s][info][gc,start       ] GC(1033) Pause Young (Normal) (G1 Evacuation Pause)
[7254.671s][info][gc,task        ] GC(1033) Using 8 workers of 8 for evacuation
[7254.837s][info][gc,phases      ] GC(1033)   Pre Evacuate Collection Set: 0.27ms
[7254.837s][info][gc,phases      ] GC(1033)   Merge Heap Roots: 0.52ms
[7254.837s][info][gc,phases      ] GC(1033)   Evacuate Collection Set: 163.51ms
[7254.837s][info][gc,phases      ] GC(1033)   Post Evacuate Collection Set: 1.28ms
[7254.837s][info][gc,phases      ] GC(1033)   Other: 0.07ms
[7254.837s][info][gc,heap        ] GC(1033) Eden regions: 714->0(716)
[7254.837s][info][gc,heap        ] GC(1033) Survivor regions: 54->52(96)
[7254.837s][info][gc,heap        ] GC(1033) Old regions: 170->173
[7254.837s][info][gc,heap        ] GC(1033) Humongous regions: 33->33
[7254.837s][info][gc,metaspace   ] GC(1033) Metaspace: 30080K(30528K)->30080K(30528K) NonClass: 24666K(24896K)->24666K(24896K) Class: 5413K(5632K)->5413K(5632K)
[7254.837s][info][gc             ] GC(1033) Pause Young (Normal) (G1 Evacuation Pause) 7732M->2031M(10240M) 165.792ms
[7254.837s][info][gc,cpu         ] GC(1033) User=1.31s Sys=0.00s Real=0.17s
....[7258.718s][info][gc,start       ] GC(1034) Pause Young (Normal) (G1 Evacuation Pause)
[7258.719s][info][gc,task        ] GC(1034) Using 8 workers of 8 for evacuation
[7258.885s][info][gc,phases      ] GC(1034)   Pre Evacuate Collection Set: 0.28ms
[7258.885s][info][gc,phases      ] GC(1034)   Merge Heap Roots: 0.51ms
[7258.885s][info][gc,phases      ] GC(1034)   Evacuate Collection Set: 164.53ms
[7258.885s][info][gc,phases      ] GC(1034)   Post Evacuate Collection Set: 1.23ms
[7258.885s][info][gc,phases      ] GC(1034)   Other: 0.07ms
[7258.885s][info][gc,heap        ] GC(1034) Eden regions: 716->0(716)
[7258.885s][info][gc,heap        ] GC(1034) Survivor regions: 52->52(96)
[7258.885s][info][gc,heap        ] GC(1034) Old regions: 173->176
[7258.885s][info][gc,heap        ] GC(1034) Humongous regions: 33->33
[7258.885s][info][gc,metaspace   ] GC(1034) Metaspace: 30080K(30528K)->30080K(30528K) NonClass: 24666K(24896K)->24666K(24896K) Class: 5413K(5632K)->5413K(5632K)
[7258.885s][info][gc             ] GC(1034) Pause Young (Normal) (G1 Evacuation Pause) 7759M->2050M(10240M) 166.750ms
[7258.885s][info][gc,cpu         ] GC(1034) User=1.31s Sys=0.00s Real=0.16s
....[7262.859s][info][gc,start       ] GC(1035) Pause Young (Normal) (G1 Evacuation Pause)
[7262.859s][info][gc,task        ] GC(1035) Using 8 workers of 8 for evacuation
[7263.034s][info][gc,phases      ] GC(1035)   Pre Evacuate Collection Set: 0.27ms
[7263.034s][info][gc,phases      ] GC(1035)   Merge Heap Roots: 0.55ms
[7263.034s][info][gc,phases      ] GC(1035)   Evacuate Collection Set: 172.87ms
[7263.034s][info][gc,phases      ] GC(1035)   Post Evacuate Collection Set: 1.24ms
[7263.034s][info][gc,phases      ] GC(1035)   Other: 0.08ms
[7263.034s][info][gc,heap        ] GC(1035) Eden regions: 716->0(715)
[7263.034s][info][gc,heap        ] GC(1035) Survivor regions: 52->53(96)
[7263.034s][info][gc,heap        ] GC(1035) Old regions: 176->179
[7263.034s][info][gc,heap        ] GC(1035) Humongous regions: 33->33
[7263.034s][info][gc,metaspace   ] GC(1035) Metaspace: 30080K(30528K)->30080K(30528K) NonClass: 24666K(24896K)->24666K(24896K) Class: 5413K(5632K)->5413K(5632K)
[7263.034s][info][gc             ] GC(1035) Pause Young (Normal) (G1 Evacuation Pause) 7778M->2084M(10240M) 175.139ms
[7263.034s][info][gc,cpu         ] GC(1035) User=1.39s Sys=0.00s Real=0.17s
....[7266.783s][info][gc,start       ] GC(1036) Pause Young (Normal) (G1 Evacuation Pause)
[7266.783s][info][gc,task        ] GC(1036) Using 8 workers of 8 for evacuation
[7266.954s][info][gc,phases      ] GC(1036)   Pre Evacuate Collection Set: 0.27ms
[7266.954s][info][gc,phases      ] GC(1036)   Merge Heap Roots: 0.54ms
[7266.954s][info][gc,phases      ] GC(1036)   Evacuate Collection Set: 168.93ms
[7266.954s][info][gc,phases      ] GC(1036)   Post Evacuate Collection Set: 1.27ms
[7266.954s][info][gc,phases      ] GC(1036)   Other: 0.06ms
[7266.954s][info][gc,heap        ] GC(1036) Eden regions: 715->0(715)
[7266.954s][info][gc,heap        ] GC(1036) Survivor regions: 53->53(96)
[7266.954s][info][gc,heap        ] GC(1036) Old regions: 179->181
[7266.954s][info][gc,heap        ] GC(1036) Humongous regions: 33->33
[7266.954s][info][gc,metaspace   ] GC(1036) Metaspace: 30080K(30528K)->30080K(30528K) NonClass: 24666K(24896K)->24666K(24896K) Class: 5413K(5632K)->5413K(5632K)
[7266.954s][info][gc             ] GC(1036) Pause Young (Normal) (G1 Evacuation Pause) 7804M->2107M(10240M) 171.226ms
[7266.954s][info][gc,cpu         ] GC(1036) User=1.34s Sys=0.00s Real=0.17s
....[7270.791s][info][gc,start       ] GC(1037) Pause Young (Normal) (G1 Evacuation Pause)
[7270.791s][info][gc,task        ] GC(1037) Using 8 workers of 8 for evacuation
[7270.962s][info][gc,phases      ] GC(1037)   Pre Evacuate Collection Set: 0.29ms
[7270.962s][info][gc,phases      ] GC(1037)   Merge Heap Roots: 0.52ms
[7270.962s][info][gc,phases      ] GC(1037)   Evacuate Collection Set: 168.29ms
[7270.962s][info][gc,phases      ] GC(1037)   Post Evacuate Collection Set: 1.30ms
[7270.962s][info][gc,phases      ] GC(1037)   Other: 0.06ms
[7270.962s][info][gc,heap        ] GC(1037) Eden regions: 715->0(715)
[7270.962s][info][gc,heap        ] GC(1037) Survivor regions: 53->53(96)
[7270.962s][info][gc,heap        ] GC(1037) Old regions: 181->184
[7270.962s][info][gc,heap        ] GC(1037) Humongous regions: 33->33
[7270.962s][info][gc,metaspace   ] GC(1037) Metaspace: 30080K(30528K)->30080K(30528K) NonClass: 24666K(24896K)->24666K(24896K) Class: 5413K(5632K)->5413K(5632K)
[7270.962s][info][gc             ] GC(1037) Pause Young (Normal) (G1 Evacuation Pause) 7827M->2125M(10240M) 170.605ms
[7270.962s][info][gc,cpu         ] GC(1037) User=1.35s Sys=0.00s Real=0.17s
....[7274.807s][info][gc,start       ] GC(1038) Pause Young (Normal) (G1 Evacuation Pause)
[7274.807s][info][gc,task        ] GC(1038) Using 8 workers of 8 for evacuation
[7274.977s][info][gc,phases      ] GC(1038)   Pre Evacuate Collection Set: 0.26ms
[7274.977s][info][gc,phases      ] GC(1038)   Merge Heap Roots: 0.53ms
[7274.977s][info][gc,phases      ] GC(1038)   Evacuate Collection Set: 168.33ms
[7274.977s][info][gc,phases      ] GC(1038)   Post Evacuate Collection Set: 1.24ms
[7274.977s][info][gc,phases      ] GC(1038)   Other: 0.07ms
[7274.977s][info][gc,heap        ] GC(1038) Eden regions: 715->0(715)
[7274.977s][info][gc,heap        ] GC(1038) Survivor regions: 53->53(96)
[7274.977s][info][gc,heap        ] GC(1038) Old regions: 184->187
[7274.977s][info][gc,heap        ] GC(1038) Humongous regions: 33->33
[7274.977s][info][gc,metaspace   ] GC(1038) Metaspace: 30080K(30528K)->30080K(30528K) NonClass: 24666K(24896K)->24666K(24896K) Class: 5413K(5632K)->5413K(5632K)
[7274.977s][info][gc             ] GC(1038) Pause Young (Normal) (G1 Evacuation Pause) 7845M->2150M(10240M) 170.555ms
[7274.977s][info][gc,cpu         ] GC(1038) User=1.35s Sys=0.00s Real=0.17s
....[7278.775s][info][gc,start       ] GC(1039) Pause Young (Normal) (G1 Evacuation Pause)
[7278.775s][info][gc,task        ] GC(1039) Using 8 workers of 8 for evacuation
[7278.946s][info][gc,phases      ] GC(1039)   Pre Evacuate Collection Set: 0.26ms
[7278.946s][info][gc,phases      ] GC(1039)   Merge Heap Roots: 0.53ms
[7278.946s][info][gc,phases      ] GC(1039)   Evacuate Collection Set: 168.68ms
[7278.946s][info][gc,phases      ] GC(1039)   Post Evacuate Collection Set: 1.26ms
[7278.946s][info][gc,phases      ] GC(1039)   Other: 0.07ms
[7278.946s][info][gc,heap        ] GC(1039) Eden regions: 715->0(714)
[7278.946s][info][gc,heap        ] GC(1039) Survivor regions: 53->54(96)
[7278.946s][info][gc,heap        ] GC(1039) Old regions: 187->190
[7278.946s][info][gc,heap        ] GC(1039) Humongous regions: 33->33
[7278.946s][info][gc,metaspace   ] GC(1039) Metaspace: 30080K(30528K)->30080K(30528K) NonClass: 24666K(24896K)->24666K(24896K) Class: 5413K(5632K)->5413K(5632K)
[7278.946s][info][gc             ] GC(1039) Pause Young (Normal) (G1 Evacuation Pause) 7870M->2177M(10240M) 170.913ms
[7278.946s][info][gc,cpu         ] GC(1039) User=1.35s Sys=0.00s Real=0.18s
.... (rIR:aIR:PR = 12038:11995:12003) (tPR = 177170) [OK] 
  7282s: Performance info:
         Transaction,    Success,    Partial,     Failed,   Receipts, AvgBarcode, 
             Overall,     720532,          0,          0,     684007,      59.47, 
         Response times:
             Request,    Success,    Partial,     Failed,   SkipFail,     Probes,    Samples,      min,      p50,      p90,      p95,      p99,      max, 
       TotalPurchase,     683631,          0,          0,          0,     353298,     439959,      300,    14900,    98000,   133000,   208000,  1500000,
     InStorePurchase,     362021,          0,          0,          0,     186310,     231952,      300,    14900,    99000,   134000,   209000,  1500000,
      OnlinePurchase,     249193,          0,          0,          0,     130289,     161985,      300,    15000,    98000,   134000,   207000,  1500000,
        InstPurchase,      72417,          0,          0,          0,      36699,      46022,      500,    14800,    96000,   130000,   207770,  1500000,
          AssocOfCat,        725,          0,          0,          0,        622,        871,    36000,    74000,   151800,   209400,   271240,   339000,
      AssocOfProduct,       7284,          0,          0,          0,       3366,       4381,     1100,    15700,   100000,   138000,   224540,   890000,
      BusinessReport,       1808,          0,          0,          0,       1609,       2124,    36000,    82000,   169000,   210750,   292250,   890000,
          CustBuyBeh,       7387,          0,          0,          0,       3338,       4340,      200,    15200,   100000,   138000,   271850,   890000,
       ProductReturn,      19214,          0,          0,          0,      10210,      12855,      200,    14500,    96000,   131000,   214000,   770000,

  7282s: (88%)   IR =  12177 [7282.785s][info][gc,start       ] GC(1040) Pause Young (Normal) (G1 Evacuation Pause)
[7282.785s][info][gc,task        ] GC(1040) Using 8 workers of 8 for evacuation
[7282.952s][info][gc,phases      ] GC(1040)   Pre Evacuate Collection Set: 0.27ms
[7282.952s][info][gc,phases      ] GC(1040)   Merge Heap Roots: 0.52ms
[7282.952s][info][gc,phases      ] GC(1040)   Evacuate Collection Set: 164.82ms
[7282.952s][info][gc,phases      ] GC(1040)   Post Evacuate Collection Set: 1.25ms
[7282.952s][info][gc,phases      ] GC(1040)   Other: 0.07ms
[7282.952s][info][gc,heap        ] GC(1040) Eden regions: 714->0(716)
[7282.952s][info][gc,heap        ] GC(1040) Survivor regions: 54->52(96)
[7282.952s][info][gc,heap        ] GC(1040) Old regions: 190->192
[7282.952s][info][gc,heap        ] GC(1040) Humongous regions: 33->33
[7282.952s][info][gc,metaspace   ] GC(1040) Metaspace: 30080K(30528K)->30080K(30528K) NonClass: 24666K(24896K)->24666K(24896K) Class: 5413K(5632K)->5413K(5632K)
[7282.952s][info][gc             ] GC(1040) Pause Young (Normal) (G1 Evacuation Pause) 7889M->2183M(10240M) 167.061ms
[7282.952s][info][gc,cpu         ] GC(1040) User=1.32s Sys=0.00s Real=0.17s
....[7286.776s][info][gc,start       ] GC(1041) Pause Young (Normal) (G1 Evacuation Pause)
[7286.776s][info][gc,task        ] GC(1041) Using 8 workers of 8 for evacuation
[7286.947s][info][gc,phases      ] GC(1041)   Pre Evacuate Collection Set: 0.29ms
[7286.947s][info][gc,phases      ] GC(1041)   Merge Heap Roots: 0.53ms
[7286.947s][info][gc,phases      ] GC(1041)   Evacuate Collection Set: 168.91ms
[7286.947s][info][gc,phases      ] GC(1041)   Post Evacuate Collection Set: 1.31ms
[7286.947s][info][gc,phases      ] GC(1041)   Other: 0.06ms
[7286.947s][info][gc,heap        ] GC(1041) Eden regions: 716->0(714)
[7286.947s][info][gc,heap        ] GC(1041) Survivor regions: 52->54(96)
[7286.947s][info][gc,heap        ] GC(1041) Old regions: 192->195
[7286.947s][info][gc,heap        ] GC(1041) Humongous regions: 33->33
[7286.947s][info][gc,metaspace   ] GC(1041) Metaspace: 30080K(30528K)->30080K(30528K) NonClass: 24666K(24896K)->24666K(24896K) Class: 5413K(5632K)->5413K(5632K)
[7286.947s][info][gc             ] GC(1041) Pause Young (Normal) (G1 Evacuation Pause) 7911M->2222M(10240M) 171.230ms
[7286.947s][info][gc,cpu         ] GC(1041) User=1.35s Sys=0.00s Real=0.17s
....[7290.714s][info][gc,start       ] GC(1042) Pause Young (Normal) (G1 Evacuation Pause)
[7290.715s][info][gc,task        ] GC(1042) Using 8 workers of 8 for evacuation
[7290.877s][info][gc,phases      ] GC(1042)   Pre Evacuate Collection Set: 0.26ms
[7290.877s][info][gc,phases      ] GC(1042)   Merge Heap Roots: 0.54ms
[7290.877s][info][gc,phases      ] GC(1042)   Evacuate Collection Set: 160.70ms
[7290.877s][info][gc,phases      ] GC(1042)   Post Evacuate Collection Set: 1.31ms
[7290.877s][info][gc,phases      ] GC(1042)   Other: 0.06ms
[7290.877s][info][gc,heap        ] GC(1042) Eden regions: 714->0(717)
[7290.877s][info][gc,heap        ] GC(1042) Survivor regions: 54->51(96)
[7290.877s][info][gc,heap        ] GC(1042) Old regions: 195->198
[7290.877s][info][gc,heap        ] GC(1042) Humongous regions: 33->33
[7290.877s][info][gc,metaspace   ] GC(1042) Metaspace: 30080K(30528K)->30080K(30528K) NonClass: 24666K(24896K)->24666K(24896K) Class: 5413K(5632K)->5413K(5632K)
[7290.877s][info][gc             ] GC(1042) Pause Young (Normal) (G1 Evacuation Pause) 7934M->2225M(10240M) 163.028ms
[7290.878s][info][gc,cpu         ] GC(1042) User=1.28s Sys=0.00s Real=0.17s
....[7294.792s][info][gc,start       ] GC(1043) Pause Young (Normal) (G1 Evacuation Pause)
[7294.792s][info][gc,task        ] GC(1043) Using 8 workers of 8 for evacuation
[7294.958s][info][gc,phases      ] GC(1043)   Pre Evacuate Collection Set: 0.26ms
[7294.958s][info][gc,phases      ] GC(1043)   Merge Heap Roots: 0.54ms
[7294.958s][info][gc,phases      ] GC(1043)   Evacuate Collection Set: 163.42ms
[7294.958s][info][gc,phases      ] GC(1043)   Post Evacuate Collection Set: 1.33ms
[7294.958s][info][gc,phases      ] GC(1043)   Other: 0.06ms
[7294.958s][info][gc,heap        ] GC(1043) Eden regions: 717->0(715)
[7294.958s][info][gc,heap        ] GC(1043) Survivor regions: 51->53(96)
[7294.958s][info][gc,heap        ] GC(1043) Old regions: 198->201
[7294.958s][info][gc,heap        ] GC(1043) Humongous regions: 33->33
[7294.958s][info][gc,metaspace   ] GC(1043) Metaspace: 30080K(30528K)->30080K(30528K) NonClass: 24666K(24896K)->24666K(24896K) Class: 5413K(5632K)->5413K(5632K)
[7294.958s][info][gc             ] GC(1043) Pause Young (Normal) (G1 Evacuation Pause) 7961M->2261M(10240M) 165.750ms
[7294.958s][info][gc,cpu         ] GC(1043) User=1.31s Sys=0.00s Real=0.17s
..|..[7298.807s][info][gc,start       ] GC(1044) Pause Young (Normal) (G1 Evacuation Pause)
[7298.807s][info][gc,task        ] GC(1044) Using 8 workers of 8 for evacuation
[7298.975s][info][gc,phases      ] GC(1044)   Pre Evacuate Collection Set: 0.27ms
[7298.975s][info][gc,phases      ] GC(1044)   Merge Heap Roots: 0.53ms
[7298.975s][info][gc,phases      ] GC(1044)   Evacuate Collection Set: 165.95ms
[7298.975s][info][gc,phases      ] GC(1044)   Post Evacuate Collection Set: 1.28ms
[7298.975s][info][gc,phases      ] GC(1044)   Other: 0.06ms
[7298.975s][info][gc,heap        ] GC(1044) Eden regions: 715->0(715)
[7298.975s][info][gc,heap        ] GC(1044) Survivor regions: 53->53(96)
[7298.975s][info][gc,heap        ] GC(1044) Old regions: 201->204
[7298.975s][info][gc,heap        ] GC(1044) Humongous regions: 33->33
[7298.975s][info][gc,metaspace   ] GC(1044) Metaspace: 30080K(30528K)->30080K(30528K) NonClass: 24666K(24896K)->24666K(24896K) Class: 5413K(5632K)->5413K(5632K)
[7298.975s][info][gc             ] GC(1044) Pause Young (Normal) (G1 Evacuation Pause) 7981M->2288M(10240M) 168.228ms
[7298.975s][info][gc,cpu         ] GC(1044) User=1.32s Sys=0.00s Real=0.16s
....[7302.789s][info][gc,start       ] GC(1045) Pause Young (Normal) (G1 Evacuation Pause)
[7302.789s][info][gc,task        ] GC(1045) Using 8 workers of 8 for evacuation
[7302.958s][info][gc,phases      ] GC(1045)   Pre Evacuate Collection Set: 0.26ms
[7302.958s][info][gc,phases      ] GC(1045)   Merge Heap Roots: 0.55ms
[7302.958s][info][gc,phases      ] GC(1045)   Evacuate Collection Set: 167.07ms
[7302.958s][info][gc,phases      ] GC(1045)   Post Evacuate Collection Set: 1.29ms
[7302.958s][info][gc,phases      ] GC(1045)   Other: 0.06ms
[7302.958s][info][gc,heap        ] GC(1045) Eden regions: 715->0(715)
[7302.958s][info][gc,heap        ] GC(1045) Survivor regions: 53->53(96)
[7302.958s][info][gc,heap        ] GC(1045) Old regions: 204->207
[7302.958s][info][gc,heap        ] GC(1045) Humongous regions: 33->33
[7302.958s][info][gc,metaspace   ] GC(1045) Metaspace: 30080K(30528K)->30080K(30528K) NonClass: 24666K(24896K)->24666K(24896K) Class: 5413K(5632K)->5413K(5632K)
[7302.958s][info][gc             ] GC(1045) Pause Young (Normal) (G1 Evacuation Pause) 8008M->2306M(10240M) 169.366ms
[7302.958s][info][gc,cpu         ] GC(1045) User=1.33s Sys=0.00s Real=0.17s
....[7306.728s][info][gc,start       ] GC(1046) Pause Young (Normal) (G1 Evacuation Pause)
[7306.728s][info][gc,task        ] GC(1046) Using 8 workers of 8 for evacuation
[7306.893s][info][gc,phases      ] GC(1046)   Pre Evacuate Collection Set: 0.27ms
[7306.893s][info][gc,phases      ] GC(1046)   Merge Heap Roots: 0.54ms
[7306.893s][info][gc,phases      ] GC(1046)   Evacuate Collection Set: 163.00ms
[7306.893s][info][gc,phases      ] GC(1046)   Post Evacuate Collection Set: 1.23ms
[7306.893s][info][gc,phases      ] GC(1046)   Other: 0.06ms
[7306.893s][info][gc,heap        ] GC(1046) Eden regions: 715->0(716)
[7306.893s][info][gc,heap        ] GC(1046) Survivor regions: 53->52(96)
[7306.893s][info][gc,heap        ] GC(1046) Old regions: 207->209
[7306.893s][info][gc,heap        ] GC(1046) Humongous regions: 33->33
[7306.893s][info][gc,metaspace   ] GC(1046) Metaspace: 30080K(30528K)->30080K(30528K) NonClass: 24666K(24896K)->24666K(24896K) Class: 5413K(5632K)->5413K(5632K)
[7306.893s][info][gc             ] GC(1046) Pause Young (Normal) (G1 Evacuation Pause) 8026M->2323M(10240M) 165.242ms
[7306.893s][info][gc,cpu         ] GC(1046) User=1.30s Sys=0.00s Real=0.16s
....[7310.698s][info][gc,start       ] GC(1047) Pause Young (Normal) (G1 Evacuation Pause)
[7310.698s][info][gc,task        ] GC(1047) Using 8 workers of 8 for evacuation
[7310.865s][info][gc,phases      ] GC(1047)   Pre Evacuate Collection Set: 0.27ms
[7310.865s][info][gc,phases      ] GC(1047)   Merge Heap Roots: 0.52ms
[7310.865s][info][gc,phases      ] GC(1047)   Evacuate Collection Set: 164.76ms
[7310.865s][info][gc,phases      ] GC(1047)   Post Evacuate Collection Set: 1.28ms
[7310.865s][info][gc,phases      ] GC(1047)   Other: 0.07ms
[7310.865s][info][gc,heap        ] GC(1047) Eden regions: 716->0(715)
[7310.865s][info][gc,heap        ] GC(1047) Survivor regions: 52->53(96)
[7310.865s][info][gc,heap        ] GC(1047) Old regions: 209->212
[7310.865s][info][gc,heap        ] GC(1047) Humongous regions: 33->33
[7310.865s][info][gc,metaspace   ] GC(1047) Metaspace: 30080K(30528K)->30080K(30528K) NonClass: 24666K(24896K)->24666K(24896K) Class: 5413K(5632K)->5413K(5632K)
[7310.865s][info][gc             ] GC(1047) Pause Young (Normal) (G1 Evacuation Pause) 8051M->2351M(10240M) 167.044ms
[7310.865s][info][gc,cpu         ] GC(1047) User=1.31s Sys=0.00s Real=0.16s
....[7314.526s][info][gc,start       ] GC(1048) Pause Young (Normal) (G1 Evacuation Pause)
[7314.526s][info][gc,task        ] GC(1048) Using 8 workers of 8 for evacuation
[7314.697s][info][gc,phases      ] GC(1048)   Pre Evacuate Collection Set: 0.28ms
[7314.697s][info][gc,phases      ] GC(1048)   Merge Heap Roots: 0.52ms
[7314.697s][info][gc,phases      ] GC(1048)   Evacuate Collection Set: 168.91ms
[7314.697s][info][gc,phases      ] GC(1048)   Post Evacuate Collection Set: 1.29ms
[7314.697s][info][gc,phases      ] GC(1048)   Other: 0.06ms
[7314.697s][info][gc,heap        ] GC(1048) Eden regions: 715->0(714)
[7314.697s][info][gc,heap        ] GC(1048) Survivor regions: 53->54(96)
[7314.697s][info][gc,heap        ] GC(1048) Old regions: 212->215
[7314.697s][info][gc,heap        ] GC(1048) Humongous regions: 33->33
[7314.697s][info][gc,metaspace   ] GC(1048) Metaspace: 30080K(30528K)->30080K(30528K) NonClass: 24666K(24896K)->24666K(24896K) Class: 5413K(5632K)->5413K(5632K)
[7314.697s][info][gc             ] GC(1048) Pause Young (Normal) (G1 Evacuation Pause) 8071M->2384M(10240M) 171.203ms
[7314.697s][info][gc,cpu         ] GC(1048) User=1.35s Sys=0.00s Real=0.17s
....[7318.539s][info][gc,start       ] GC(1049) Pause Young (Normal) (G1 Evacuation Pause)
[7318.539s][info][gc,task        ] GC(1049) Using 8 workers of 8 for evacuation
[7318.711s][info][gc,phases      ] GC(1049)   Pre Evacuate Collection Set: 0.26ms
[7318.711s][info][gc,phases      ] GC(1049)   Merge Heap Roots: 0.52ms
[7318.711s][info][gc,phases      ] GC(1049)   Evacuate Collection Set: 169.90ms
[7318.711s][info][gc,phases      ] GC(1049)   Post Evacuate Collection Set: 1.32ms
[7318.711s][info][gc,phases      ] GC(1049)   Other: 0.06ms
[7318.711s][info][gc,heap        ] GC(1049) Eden regions: 714->0(715)
[7318.711s][info][gc,heap        ] GC(1049) Survivor regions: 54->53(96)
[7318.711s][info][gc,heap        ] GC(1049) Old regions: 215->218
[7318.711s][info][gc,heap        ] GC(1049) Humongous regions: 33->33
[7318.711s][info][gc,metaspace   ] GC(1049) Metaspace: 30080K(30528K)->30080K(30528K) NonClass: 24666K(24896K)->24666K(24896K) Class: 5413K(5632K)->5413K(5632K)
[7318.711s][info][gc             ] GC(1049) Pause Young (Normal) (G1 Evacuation Pause) 8096M->2399M(10240M) 172.226ms
[7318.712s][info][gc,cpu         ] GC(1049) User=1.36s Sys=0.00s Real=0.17s
....[7322.442s][info][gc,start       ] GC(1050) Pause Young (Normal) (G1 Evacuation Pause)
[7322.442s][info][gc,task        ] GC(1050) Using 8 workers of 8 for evacuation
[7322.614s][info][gc,phases      ] GC(1050)   Pre Evacuate Collection Set: 0.27ms
[7322.615s][info][gc,phases      ] GC(1050)   Merge Heap Roots: 0.53ms
[7322.615s][info][gc,phases      ] GC(1050)   Evacuate Collection Set: 169.88ms
[7322.615s][info][gc,phases      ] GC(1050)   Post Evacuate Collection Set: 1.27ms
[7322.615s][info][gc,phases      ] GC(1050)   Other: 0.06ms
[7322.615s][info][gc,heap        ] GC(1050) Eden regions: 715->0(714)
[7322.615s][info][gc,heap        ] GC(1050) Survivor regions: 53->54(96)
[7322.615s][info][gc,heap        ] GC(1050) Old regions: 218->220
[7322.615s][info][gc,heap        ] GC(1050) Humongous regions: 33->33
[7322.615s][info][gc,metaspace   ] GC(1050) Metaspace: 30080K(30528K)->30080K(30528K) NonClass: 24666K(24896K)->24666K(24896K) Class: 5413K(5632K)->5413K(5632K)
[7322.615s][info][gc             ] GC(1050) Pause Young (Normal) (G1 Evacuation Pause) 8119M->2423M(10240M) 172.142ms
[7322.615s][info][gc,cpu         ] GC(1050) User=1.35s Sys=0.00s Real=0.17s
....[7326.551s][info][gc,start       ] GC(1051) Pause Young (Normal) (G1 Evacuation Pause)
[7326.551s][info][gc,task        ] GC(1051) Using 8 workers of 8 for evacuation
[7326.728s][info][gc,phases      ] GC(1051)   Pre Evacuate Collection Set: 0.28ms
[7326.728s][info][gc,phases      ] GC(1051)   Merge Heap Roots: 0.53ms
[7326.728s][info][gc,phases      ] GC(1051)   Evacuate Collection Set: 174.19ms
[7326.728s][info][gc,phases      ] GC(1051)   Post Evacuate Collection Set: 1.32ms
[7326.728s][info][gc,phases      ] GC(1051)   Other: 0.06ms
[7326.728s][info][gc,heap        ] GC(1051) Eden regions: 714->0(712)
[7326.728s][info][gc,heap        ] GC(1051) Survivor regions: 54->56(96)
[7326.728s][info][gc,heap        ] GC(1051) Old regions: 220->223
[7326.728s][info][gc,heap        ] GC(1051) Humongous regions: 33->33
[7326.728s][info][gc,metaspace   ] GC(1051) Metaspace: 30080K(30528K)->30080K(30528K) NonClass: 24666K(24896K)->24666K(24896K) Class: 5413K(5632K)->5413K(5632K)
[7326.728s][info][gc             ] GC(1051) Pause Young (Normal) (G1 Evacuation Pause) 8135M->2462M(10240M) 176.525ms
[7326.728s][info][gc,cpu         ] GC(1051) User=1.39s Sys=0.00s Real=0.18s
....[7330.459s][info][gc,start       ] GC(1052) Pause Young (Normal) (G1 Evacuation Pause)
[7330.459s][info][gc,task        ] GC(1052) Using 8 workers of 8 for evacuation
[7330.632s][info][gc,phases      ] GC(1052)   Pre Evacuate Collection Set: 0.27ms
[7330.632s][info][gc,phases      ] GC(1052)   Merge Heap Roots: 0.53ms
[7330.632s][info][gc,phases      ] GC(1052)   Evacuate Collection Set: 171.22ms
[7330.632s][info][gc,phases      ] GC(1052)   Post Evacuate Collection Set: 1.26ms
[7330.632s][info][gc,phases      ] GC(1052)   Other: 0.07ms
[7330.632s][info][gc,heap        ] GC(1052) Eden regions: 712->0(714)
[7330.632s][info][gc,heap        ] GC(1052) Survivor regions: 56->54(96)
[7330.632s][info][gc,heap        ] GC(1052) Old regions: 223->226
[7330.632s][info][gc,heap        ] GC(1052) Humongous regions: 33->33
[7330.632s][info][gc,metaspace   ] GC(1052) Metaspace: 30080K(30528K)->30080K(30528K) NonClass: 24666K(24896K)->24666K(24896K) Class: 5413K(5632K)->5413K(5632K)
[7330.632s][info][gc             ] GC(1052) Pause Young (Normal) (G1 Evacuation Pause) 8158M->2469M(10240M) 173.499ms
[7330.633s][info][gc,cpu         ] GC(1052) User=1.36s Sys=0.00s Real=0.17s
....[7334.468s][info][gc,start       ] GC(1053) Pause Young (Normal) (G1 Evacuation Pause)
[7334.468s][info][gc,task        ] GC(1053) Using 8 workers of 8 for evacuation
[7334.640s][info][gc,phases      ] GC(1053)   Pre Evacuate Collection Set: 0.28ms
[7334.640s][info][gc,phases      ] GC(1053)   Merge Heap Roots: 0.53ms
[7334.640s][info][gc,phases      ] GC(1053)   Evacuate Collection Set: 169.51ms
[7334.640s][info][gc,phases      ] GC(1053)   Post Evacuate Collection Set: 1.28ms
[7334.640s][info][gc,phases      ] GC(1053)   Other: 0.06ms
[7334.640s][info][gc,heap        ] GC(1053) Eden regions: 714->0(715)
[7334.640s][info][gc,heap        ] GC(1053) Survivor regions: 54->53(96)
[7334.640s][info][gc,heap        ] GC(1053) Old regions: 226->229
[7334.640s][info][gc,heap        ] GC(1053) Humongous regions: 33->33
[7334.640s][info][gc,metaspace   ] GC(1053) Metaspace: 30080K(30528K)->30080K(30528K) NonClass: 24666K(24896K)->24666K(24896K) Class: 5413K(5632K)->5413K(5632K)
[7334.640s][info][gc             ] GC(1053) Pause Young (Normal) (G1 Evacuation Pause) 8181M->2488M(10240M) 171.794ms
[7334.640s][info][gc,cpu         ] GC(1053) User=1.35s Sys=0.00s Real=0.17s
....[7338.483s][info][gc,start       ] GC(1054) Pause Young (Normal) (G1 Evacuation Pause)
[7338.483s][info][gc,task        ] GC(1054) Using 8 workers of 8 for evacuation
[7338.653s][info][gc,phases      ] GC(1054)   Pre Evacuate Collection Set: 0.26ms
[7338.653s][info][gc,phases      ] GC(1054)   Merge Heap Roots: 0.53ms
[7338.653s][info][gc,phases      ] GC(1054)   Evacuate Collection Set: 168.26ms
[7338.653s][info][gc,phases      ] GC(1054)   Post Evacuate Collection Set: 1.25ms
[7338.653s][info][gc,phases      ] GC(1054)   Other: 0.06ms
[7338.653s][info][gc,heap        ] GC(1054) Eden regions: 715->0(714)
[7338.653s][info][gc,heap        ] GC(1054) Survivor regions: 53->54(96)
[7338.653s][info][gc,heap        ] GC(1054) Old regions: 229->232
[7338.653s][info][gc,heap        ] GC(1054) Humongous regions: 33->33
[7338.653s][info][gc,metaspace   ] GC(1054) Metaspace: 30080K(30528K)->30080K(30528K) NonClass: 24666K(24896K)->24666K(24896K) Class: 5413K(5632K)->5413K(5632K)
[7338.653s][info][gc             ] GC(1054) Pause Young (Normal) (G1 Evacuation Pause) 8208M->2515M(10240M) 170.489ms
[7338.653s][info][gc,cpu         ] GC(1054) User=1.34s Sys=0.00s Real=0.17s
....[7342.553s][info][gc,start       ] GC(1055) Pause Young (Normal) (G1 Evacuation Pause)
[7342.553s][info][gc,task        ] GC(1055) Using 8 workers of 8 for evacuation
[7342.721s][info][gc,phases      ] GC(1055)   Pre Evacuate Collection Set: 0.29ms
[7342.721s][info][gc,phases      ] GC(1055)   Merge Heap Roots: 0.53ms
[7342.721s][info][gc,phases      ] GC(1055)   Evacuate Collection Set: 166.13ms
[7342.721s][info][gc,phases      ] GC(1055)   Post Evacuate Collection Set: 1.25ms
[7342.721s][info][gc,phases      ] GC(1055)   Other: 0.08ms
[7342.721s][info][gc,heap        ] GC(1055) Eden regions: 714->0(716)
[7342.721s][info][gc,heap        ] GC(1055) Survivor regions: 54->52(96)
[7342.721s][info][gc,heap        ] GC(1055) Old regions: 232->235
[7342.721s][info][gc,heap        ] GC(1055) Humongous regions: 33->33
[7342.721s][info][gc,metaspace   ] GC(1055) Metaspace: 30080K(30528K)->30080K(30528K) NonClass: 24666K(24896K)->24666K(24896K) Class: 5413K(5632K)->5413K(5632K)
[7342.721s][info][gc             ] GC(1055) Pause Young (Normal) (G1 Evacuation Pause) 8227M->2526M(10240M) 168.416ms
[7342.721s][info][gc,cpu         ] GC(1055) User=1.33s Sys=0.00s Real=0.17s
....[7346.468s][info][gc,start       ] GC(1056) Pause Young (Normal) (G1 Evacuation Pause)
[7346.468s][info][gc,task        ] GC(1056) Using 8 workers of 8 for evacuation
[7346.642s][info][gc,phases      ] GC(1056)   Pre Evacuate Collection Set: 0.29ms
[7346.642s][info][gc,phases      ] GC(1056)   Merge Heap Roots: 0.53ms
[7346.642s][info][gc,phases      ] GC(1056)   Evacuate Collection Set: 171.49ms
[7346.642s][info][gc,phases      ] GC(1056)   Post Evacuate Collection Set: 1.26ms
[7346.642s][info][gc,phases      ] GC(1056)   Other: 0.07ms
[7346.642s][info][gc,heap        ] GC(1056) Eden regions: 716->0(713)
[7346.642s][info][gc,heap        ] GC(1056) Survivor regions: 52->55(96)
[7346.642s][info][gc,heap        ] GC(1056) Old regions: 235->238
[7346.642s][info][gc,heap        ] GC(1056) Humongous regions: 33->33
[7346.642s][info][gc,metaspace   ] GC(1056) Metaspace: 30080K(30528K)->30080K(30528K) NonClass: 24666K(24896K)->24666K(24896K) Class: 5413K(5632K)->5413K(5632K)
[7346.642s][info][gc             ] GC(1056) Pause Young (Normal) (G1 Evacuation Pause) 8254M->2572M(10240M) 173.778ms
[7346.642s][info][gc,cpu         ] GC(1056) User=1.36s Sys=0.00s Real=0.17s
....[7350.342s][info][gc,start       ] GC(1057) Pause Young (Normal) (G1 Evacuation Pause)
[7350.342s][info][gc,task        ] GC(1057) Using 8 workers of 8 for evacuation
[7350.515s][info][gc,phases      ] GC(1057)   Pre Evacuate Collection Set: 0.26ms
[7350.515s][info][gc,phases      ] GC(1057)   Merge Heap Roots: 0.52ms
[7350.515s][info][gc,phases      ] GC(1057)   Evacuate Collection Set: 171.05ms
[7350.515s][info][gc,phases      ] GC(1057)   Post Evacuate Collection Set: 1.27ms
[7350.515s][info][gc,phases      ] GC(1057)   Other: 0.06ms
[7350.515s][info][gc,heap        ] GC(1057) Eden regions: 713->0(713)
[7350.515s][info][gc,heap        ] GC(1057) Survivor regions: 55->55(96)
[7350.515s][info][gc,heap        ] GC(1057) Old regions: 238->240
[7350.515s][info][gc,heap        ] GC(1057) Humongous regions: 33->33
[7350.515s][info][gc,metaspace   ] GC(1057) Metaspace: 30080K(30528K)->30080K(30528K) NonClass: 24666K(24896K)->24666K(24896K) Class: 5413K(5632K)->5413K(5632K)
[7350.515s][info][gc             ] GC(1057) Pause Young (Normal) (G1 Evacuation Pause) 8276M->2590M(10240M) 173.286ms
[7350.515s][info][gc,cpu         ] GC(1057) User=1.36s Sys=0.00s Real=0.17s
...[7354.253s][info][gc,start       ] GC(1058) Pause Young (Normal) (G1 Evacuation Pause)
[7354.253s][info][gc,task        ] GC(1058) Using 8 workers of 8 for evacuation
[7354.425s][info][gc,phases      ] GC(1058)   Pre Evacuate Collection Set: 0.24ms
[7354.425s][info][gc,phases      ] GC(1058)   Merge Heap Roots: 0.53ms
[7354.425s][info][gc,phases      ] GC(1058)   Evacuate Collection Set: 169.48ms
[7354.425s][info][gc,phases      ] GC(1058)   Post Evacuate Collection Set: 1.27ms
[7354.425s][info][gc,phases      ] GC(1058)   Other: 0.07ms
[7354.425s][info][gc,heap        ] GC(1058) Eden regions: 713->0(715)
[7354.425s][info][gc,heap        ] GC(1058) Survivor regions: 55->53(96)
[7354.425s][info][gc,heap        ] GC(1058) Old regions: 240->243
[7354.425s][info][gc,heap        ] GC(1058) Humongous regions: 33->33
[7354.425s][info][gc,metaspace   ] GC(1058) Metaspace: 30080K(30528K)->30080K(30528K) NonClass: 24666K(24896K)->24666K(24896K) Class: 5413K(5632K)->5413K(5632K)
[7354.425s][info][gc             ] GC(1058) Pause Young (Normal) (G1 Evacuation Pause) 8294M->2601M(10240M) 171.708ms
[7354.425s][info][gc,cpu         ] GC(1058) User=1.35s Sys=0.00s Real=0.17s
... (rIR:aIR:PR = 12177:12197:12197) (tPR = 179990) [OK] 
  7356s: Performance info:
         Transaction,    Success,    Partial,     Failed,   Receipts, AvgBarcode, 
             Overall,     733655,          0,          0,     696837,      59.47, 
         Response times:
             Request,    Success,    Partial,     Failed,   SkipFail,     Probes,    Samples,      min,      p50,      p90,      p95,      p99,      max, 
       TotalPurchase,     696864,          0,          0,          0,     355071,     446895,      300,    18400,   100000,   138000,   215000,  1700000,
     InStorePurchase,     369280,          0,          0,          0,     186780,     234575,      300,    18500,   100000,   138000,   216000,  1700000,
      OnlinePurchase,     255024,          0,          0,          0,     130387,     164248,      300,    18300,   100000,   138000,   215000,  1700000,
        InstPurchase,      72560,          0,          0,          0,      37904,      48072,      400,    18700,    99000,   138000,   214000,  1700000,
          AssocOfCat,        735,          0,          0,          0,        634,        924,    35000,    84000,   163000,   198250,   269000,   332000,
      AssocOfProduct,       7441,          0,          0,          0,       3401,       4549,      800,    19100,   102000,   138000,   204000,   290000,
      BusinessReport,       1829,          0,          0,          0,       1633,       2239,    31000,    89000,   172000,   221000,   271200,   720000,
          CustBuyBeh,       7291,          0,          0,          0,       3467,       4598,      400,    19700,   103000,   139000,   215000,   434000,
       ProductReturn,      19515,          0,          0,          0,       9146,      11883,      300,    17800,    97000,   138000,   220000,  1700000,

  7356s: (89%)   IR =  12315 .[7358.139s][info][gc,start       ] GC(1059) Pause Young (Normal) (G1 Evacuation Pause)
[7358.139s][info][gc,task        ] GC(1059) Using 8 workers of 8 for evacuation
[7358.317s][info][gc,phases      ] GC(1059)   Pre Evacuate Collection Set: 0.26ms
[7358.317s][info][gc,phases      ] GC(1059)   Merge Heap Roots: 0.54ms
[7358.317s][info][gc,phases      ] GC(1059)   Evacuate Collection Set: 176.11ms
[7358.317s][info][gc,phases      ] GC(1059)   Post Evacuate Collection Set: 1.30ms
[7358.317s][info][gc,phases      ] GC(1059)   Other: 0.07ms
[7358.317s][info][gc,heap        ] GC(1059) Eden regions: 715->0(713)
[7358.317s][info][gc,heap        ] GC(1059) Survivor regions: 53->55(96)
[7358.317s][info][gc,heap        ] GC(1059) Old regions: 243->246
[7358.317s][info][gc,heap        ] GC(1059) Humongous regions: 33->33
[7358.317s][info][gc,metaspace   ] GC(1059) Metaspace: 30080K(30528K)->30080K(30528K) NonClass: 24666K(24896K)->24666K(24896K) Class: 5413K(5632K)->5413K(5632K)
[7358.317s][info][gc             ] GC(1059) Pause Young (Normal) (G1 Evacuation Pause) 8321M->2636M(10240M) 178.407ms
[7358.317s][info][gc,cpu         ] GC(1059) User=1.40s Sys=0.00s Real=0.18s
....[7362.011s][info][gc,start       ] GC(1060) Pause Young (Normal) (G1 Evacuation Pause)
[7362.011s][info][gc,task        ] GC(1060) Using 8 workers of 8 for evacuation
[7362.179s][info][gc,phases      ] GC(1060)   Pre Evacuate Collection Set: 0.29ms
[7362.179s][info][gc,phases      ] GC(1060)   Merge Heap Roots: 0.55ms
[7362.179s][info][gc,phases      ] GC(1060)   Evacuate Collection Set: 166.12ms
[7362.179s][info][gc,phases      ] GC(1060)   Post Evacuate Collection Set: 1.25ms
[7362.179s][info][gc,phases      ] GC(1060)   Other: 0.06ms
[7362.179s][info][gc,heap        ] GC(1060) Eden regions: 713->0(715)
[7362.179s][info][gc,heap        ] GC(1060) Survivor regions: 55->53(96)
[7362.179s][info][gc,heap        ] GC(1060) Old regions: 246->249
[7362.179s][info][gc,heap        ] GC(1060) Humongous regions: 33->33
[7362.179s][info][gc,metaspace   ] GC(1060) Metaspace: 30080K(30528K)->30080K(30528K) NonClass: 24666K(24896K)->24666K(24896K) Class: 5413K(5632K)->5413K(5632K)
[7362.179s][info][gc             ] GC(1060) Pause Young (Normal) (G1 Evacuation Pause) 8340M->2646M(10240M) 168.415ms
[7362.179s][info][gc,cpu         ] GC(1060) User=1.33s Sys=0.00s Real=0.17s
....[7365.898s][info][gc,start       ] GC(1061) Pause Young (Normal) (G1 Evacuation Pause)
[7365.898s][info][gc,task        ] GC(1061) Using 8 workers of 8 for evacuation
[7366.067s][info][gc,phases      ] GC(1061)   Pre Evacuate Collection Set: 0.29ms
[7366.067s][info][gc,phases      ] GC(1061)   Merge Heap Roots: 0.53ms
[7366.067s][info][gc,phases      ] GC(1061)   Evacuate Collection Set: 166.81ms
[7366.067s][info][gc,phases      ] GC(1061)   Post Evacuate Collection Set: 1.29ms
[7366.067s][info][gc,phases      ] GC(1061)   Other: 0.07ms
[7366.067s][info][gc,heap        ] GC(1061) Eden regions: 715->0(715)
[7366.067s][info][gc,heap        ] GC(1061) Survivor regions: 53->53(96)
[7366.067s][info][gc,heap        ] GC(1061) Old regions: 249->252
[7366.067s][info][gc,heap        ] GC(1061) Humongous regions: 33->33
[7366.067s][info][gc,metaspace   ] GC(1061) Metaspace: 30080K(30528K)->30080K(30528K) NonClass: 24666K(24896K)->24666K(24896K) Class: 5413K(5632K)->5413K(5632K)
[7366.067s][info][gc             ] GC(1061) Pause Young (Normal) (G1 Evacuation Pause) 8366M->2664M(10240M) 169.150ms
[7366.067s][info][gc,cpu         ] GC(1061) User=1.33s Sys=0.01s Real=0.17s
....|[7369.746s][info][gc,start       ] GC(1062) Pause Young (Normal) (G1 Evacuation Pause)
[7369.746s][info][gc,task        ] GC(1062) Using 8 workers of 8 for evacuation
[7369.916s][info][gc,phases      ] GC(1062)   Pre Evacuate Collection Set: 0.27ms
[7369.916s][info][gc,phases      ] GC(1062)   Merge Heap Roots: 0.52ms
[7369.916s][info][gc,phases      ] GC(1062)   Evacuate Collection Set: 167.97ms
[7369.916s][info][gc,phases      ] GC(1062)   Post Evacuate Collection Set: 1.22ms
[7369.916s][info][gc,phases      ] GC(1062)   Other: 0.06ms
[7369.916s][info][gc,heap        ] GC(1062) Eden regions: 715->0(715)
[7369.916s][info][gc,heap        ] GC(1062) Survivor regions: 53->53(96)
[7369.916s][info][gc,heap        ] GC(1062) Old regions: 252->254
[7369.916s][info][gc,heap        ] GC(1062) Humongous regions: 33->33
[7369.916s][info][gc,metaspace   ] GC(1062) Metaspace: 30080K(30528K)->30080K(30528K) NonClass: 24666K(24896K)->24666K(24896K) Class: 5413K(5632K)->5413K(5632K)
[7369.916s][info][gc             ] GC(1062) Pause Young (Normal) (G1 Evacuation Pause) 8384M->2691M(10240M) 170.169ms
[7369.916s][info][gc,cpu         ] GC(1062) User=1.35s Sys=0.00s Real=0.17s
....[7373.756s][info][gc,start       ] GC(1063) Pause Young (Normal) (G1 Evacuation Pause)
[7373.756s][info][gc,task        ] GC(1063) Using 8 workers of 8 for evacuation
[7373.924s][info][gc,phases      ] GC(1063)   Pre Evacuate Collection Set: 0.27ms
[7373.924s][info][gc,phases      ] GC(1063)   Merge Heap Roots: 0.54ms
[7373.924s][info][gc,phases      ] GC(1063)   Evacuate Collection Set: 165.42ms
[7373.924s][info][gc,phases      ] GC(1063)   Post Evacuate Collection Set: 1.26ms
[7373.924s][info][gc,phases      ] GC(1063)   Other: 0.06ms
[7373.924s][info][gc,heap        ] GC(1063) Eden regions: 715->0(715)
[7373.924s][info][gc,heap        ] GC(1063) Survivor regions: 53->53(96)
[7373.924s][info][gc,heap        ] GC(1063) Old regions: 254->257
[7373.924s][info][gc,heap        ] GC(1063) Humongous regions: 33->33
[7373.924s][info][gc,metaspace   ] GC(1063) Metaspace: 30080K(30528K)->30080K(30528K) NonClass: 24666K(24896K)->24666K(24896K) Class: 5413K(5632K)->5413K(5632K)
[7373.924s][info][gc             ] GC(1063) Pause Young (Normal) (G1 Evacuation Pause) 8411M->2714M(10240M) 167.702ms
[7373.924s][info][gc,cpu         ] GC(1063) User=1.32s Sys=0.00s Real=0.16s
....[7377.741s][info][gc,start       ] GC(1064) Pause Young (Normal) (G1 Evacuation Pause)
[7377.741s][info][gc,task        ] GC(1064) Using 8 workers of 8 for evacuation
[7377.907s][info][gc,phases      ] GC(1064)   Pre Evacuate Collection Set: 0.28ms
[7377.907s][info][gc,phases      ] GC(1064)   Merge Heap Roots: 0.53ms
[7377.907s][info][gc,phases      ] GC(1064)   Evacuate Collection Set: 164.22ms
[7377.907s][info][gc,phases      ] GC(1064)   Post Evacuate Collection Set: 1.29ms
[7377.907s][info][gc,phases      ] GC(1064)   Other: 0.06ms
[7377.907s][info][gc,heap        ] GC(1064) Eden regions: 715->0(716)
[7377.907s][info][gc,heap        ] GC(1064) Survivor regions: 53->52(96)
[7377.907s][info][gc,heap        ] GC(1064) Old regions: 257->260
[7377.907s][info][gc,heap        ] GC(1064) Humongous regions: 33->33
[7377.907s][info][gc,metaspace   ] GC(1064) Metaspace: 30080K(30528K)->30080K(30528K) NonClass: 24666K(24896K)->24666K(24896K) Class: 5413K(5632K)->5413K(5632K)
[7377.908s][info][gc             ] GC(1064) Pause Young (Normal) (G1 Evacuation Pause) 8434M->2728M(10240M) 166.514ms
[7377.908s][info][gc,cpu         ] GC(1064) User=1.31s Sys=0.00s Real=0.17s
....[7381.693s][info][gc,start       ] GC(1065) Pause Young (Normal) (G1 Evacuation Pause)
[7381.693s][info][gc,task        ] GC(1065) Using 8 workers of 8 for evacuation
[7381.865s][info][gc,phases      ] GC(1065)   Pre Evacuate Collection Set: 0.27ms
[7381.865s][info][gc,phases      ] GC(1065)   Merge Heap Roots: 0.56ms
[7381.865s][info][gc,phases      ] GC(1065)   Evacuate Collection Set: 169.08ms
[7381.865s][info][gc,phases      ] GC(1065)   Post Evacuate Collection Set: 1.28ms
[7381.865s][info][gc,phases      ] GC(1065)   Other: 0.08ms
[7381.865s][info][gc,heap        ] GC(1065) Eden regions: 716->0(715)
[7381.865s][info][gc,heap        ] GC(1065) Survivor regions: 52->53(96)
[7381.865s][info][gc,heap        ] GC(1065) Old regions: 260->263
[7381.865s][info][gc,heap        ] GC(1065) Humongous regions: 33->33
[7381.865s][info][gc,metaspace   ] GC(1065) Metaspace: 30080K(30528K)->30080K(30528K) NonClass: 24666K(24896K)->24666K(24896K) Class: 5413K(5632K)->5413K(5632K)
[7381.865s][info][gc             ] GC(1065) Pause Young (Normal) (G1 Evacuation Pause) 8456M->2754M(10240M) 171.402ms
[7381.865s][info][gc,cpu         ] GC(1065) User=1.35s Sys=0.00s Real=0.17s
...[7385.523s][info][gc,start       ] GC(1066) Pause Young (Normal) (G1 Evacuation Pause)
[7385.523s][info][gc,task        ] GC(1066) Using 8 workers of 8 for evacuation
[7385.692s][info][gc,phases      ] GC(1066)   Pre Evacuate Collection Set: 0.27ms
[7385.692s][info][gc,phases      ] GC(1066)   Merge Heap Roots: 0.54ms
[7385.692s][info][gc,phases      ] GC(1066)   Evacuate Collection Set: 166.90ms
[7385.692s][info][gc,phases      ] GC(1066)   Post Evacuate Collection Set: 1.25ms
[7385.692s][info][gc,phases      ] GC(1066)   Other: 0.07ms
[7385.692s][info][gc,heap        ] GC(1066) Eden regions: 715->0(715)
[7385.692s][info][gc,heap        ] GC(1066) Survivor regions: 53->53(96)
[7385.692s][info][gc,heap        ] GC(1066) Old regions: 263->266
[7385.692s][info][gc,heap        ] GC(1066) Humongous regions: 33->33
[7385.692s][info][gc,metaspace   ] GC(1066) Metaspace: 30080K(30528K)->30080K(30528K) NonClass: 24666K(24896K)->24666K(24896K) Class: 5413K(5632K)->5413K(5632K)
[7385.692s][info][gc             ] GC(1066) Pause Young (Normal) (G1 Evacuation Pause) 8474M->2780M(10240M) 169.173ms
[7385.692s][info][gc,cpu         ] GC(1066) User=1.34s Sys=0.00s Real=0.17s
....[7389.473s][info][gc,start       ] GC(1067) Pause Young (Normal) (G1 Evacuation Pause)
[7389.473s][info][gc,task        ] GC(1067) Using 8 workers of 8 for evacuation
[7389.642s][info][gc,phases      ] GC(1067)   Pre Evacuate Collection Set: 0.29ms
[7389.642s][info][gc,phases      ] GC(1067)   Merge Heap Roots: 0.54ms
[7389.642s][info][gc,phases      ] GC(1067)   Evacuate Collection Set: 166.28ms
[7389.642s][info][gc,phases      ] GC(1067)   Post Evacuate Collection Set: 1.30ms
[7389.642s][info][gc,phases      ] GC(1067)   Other: 0.06ms
[7389.642s][info][gc,heap        ] GC(1067) Eden regions: 715->0(715)
[7389.642s][info][gc,heap        ] GC(1067) Survivor regions: 53->53(96)
[7389.642s][info][gc,heap        ] GC(1067) Old regions: 266->268
[7389.642s][info][gc,heap        ] GC(1067) Humongous regions: 33->33
[7389.642s][info][gc,metaspace   ] GC(1067) Metaspace: 30080K(30528K)->30080K(30528K) NonClass: 24666K(24896K)->24666K(24896K) Class: 5413K(5632K)->5413K(5632K)
[7389.642s][info][gc             ] GC(1067) Pause Young (Normal) (G1 Evacuation Pause) 8500M->2803M(10240M) 168.592ms
[7389.642s][info][gc,cpu         ] GC(1067) User=1.32s Sys=0.00s Real=0.17s
....[7393.453s][info][gc,start       ] GC(1068) Pause Young (Normal) (G1 Evacuation Pause)
[7393.453s][info][gc,task        ] GC(1068) Using 8 workers of 8 for evacuation
[7393.628s][info][gc,phases      ] GC(1068)   Pre Evacuate Collection Set: 0.26ms
[7393.628s][info][gc,phases      ] GC(1068)   Merge Heap Roots: 0.52ms
[7393.628s][info][gc,phases      ] GC(1068)   Evacuate Collection Set: 173.19ms
[7393.628s][info][gc,phases      ] GC(1068)   Post Evacuate Collection Set: 1.24ms
[7393.628s][info][gc,phases      ] GC(1068)   Other: 0.07ms
[7393.628s][info][gc,heap        ] GC(1068) Eden regions: 715->0(714)
[7393.628s][info][gc,heap        ] GC(1068) Survivor regions: 53->54(96)
[7393.628s][info][gc,heap        ] GC(1068) Old regions: 268->271
[7393.628s][info][gc,heap        ] GC(1068) Humongous regions: 33->33
[7393.628s][info][gc,metaspace   ] GC(1068) Metaspace: 30080K(30528K)->30080K(30528K) NonClass: 24666K(24896K)->24666K(24896K) Class: 5413K(5632K)->5413K(5632K)
[7393.628s][info][gc             ] GC(1068) Pause Young (Normal) (G1 Evacuation Pause) 8523M->2835M(10240M) 175.432ms
[7393.628s][info][gc,cpu         ] GC(1068) User=1.38s Sys=0.00s Real=0.18s
....[7397.409s][info][gc,start       ] GC(1069) Pause Young (Normal) (G1 Evacuation Pause)
[7397.409s][info][gc,task        ] GC(1069) Using 8 workers of 8 for evacuation
[7397.579s][info][gc,phases      ] GC(1069)   Pre Evacuate Collection Set: 0.27ms
[7397.579s][info][gc,phases      ] GC(1069)   Merge Heap Roots: 0.54ms
[7397.579s][info][gc,phases      ] GC(1069)   Evacuate Collection Set: 168.11ms
[7397.579s][info][gc,phases      ] GC(1069)   Post Evacuate Collection Set: 1.24ms
[7397.579s][info][gc,phases      ] GC(1069)   Other: 0.07ms
[7397.579s][info][gc,heap        ] GC(1069) Eden regions: 714->0(715)
[7397.579s][info][gc,heap        ] GC(1069) Survivor regions: 54->53(96)
[7397.579s][info][gc,heap        ] GC(1069) Old regions: 271->274
[7397.579s][info][gc,heap        ] GC(1069) Humongous regions: 33->33
[7397.579s][info][gc,metaspace   ] GC(1069) Metaspace: 30080K(30528K)->30080K(30528K) NonClass: 24666K(24896K)->24666K(24896K) Class: 5413K(5632K)->5413K(5632K)
[7397.579s][info][gc             ] GC(1069) Pause Young (Normal) (G1 Evacuation Pause) 8547M->2849M(10240M) 170.364ms
[7397.579s][info][gc,cpu         ] GC(1069) User=1.35s Sys=0.00s Real=0.17s
....[7401.365s][info][gc,start       ] GC(1070) Pause Young (Concurrent Start) (G1 Evacuation Pause)
[7401.365s][info][gc,task        ] GC(1070) Using 8 workers of 8 for evacuation
[7401.541s][info][gc,phases      ] GC(1070)   Pre Evacuate Collection Set: 0.30ms
[7401.541s][info][gc,phases      ] GC(1070)   Merge Heap Roots: 0.56ms
[7401.541s][info][gc,phases      ] GC(1070)   Evacuate Collection Set: 173.18ms
[7401.541s][info][gc,phases      ] GC(1070)   Post Evacuate Collection Set: 1.27ms
[7401.541s][info][gc,phases      ] GC(1070)   Other: 0.09ms
[7401.541s][info][gc,heap        ] GC(1070) Eden regions: 715->0(713)
[7401.541s][info][gc,heap        ] GC(1070) Survivor regions: 53->55(96)
[7401.541s][info][gc,heap        ] GC(1070) Old regions: 274->277
[7401.541s][info][gc,heap        ] GC(1070) Humongous regions: 33->33
[7401.541s][info][gc,metaspace   ] GC(1070) Metaspace: 30080K(30528K)->30080K(30528K) NonClass: 24666K(24896K)->24666K(24896K) Class: 5413K(5632K)->5413K(5632K)
[7401.541s][info][gc             ] GC(1070) Pause Young (Concurrent Start) (G1 Evacuation Pause) 8569M->2888M(10240M) 175.523ms
[7401.541s][info][gc             ] GC(1071) Concurrent Mark Cycle
[7401.541s][info][gc,marking     ] GC(1071) Concurrent Scan Root Regions
[7401.541s][info][gc,cpu         ] GC(1070) User=1.38s Sys=0.00s Real=0.18s
.[7401.911s][info][gc,marking     ] GC(1071) Concurrent Scan Root Regions 370.438ms
[7401.911s][info][gc,marking     ] GC(1071) Concurrent Mark
[7401.911s][info][gc,marking     ] GC(1071) Concurrent Mark From Roots
[7401.911s][info][gc,task        ] GC(1071) Using 2 workers of 2 for marking
.[7402.981s][info][gc,marking     ] GC(1071) Concurrent Mark From Roots 1069.772ms
[7402.981s][info][gc,marking     ] GC(1071) Concurrent Preclean
[7402.981s][info][gc,marking     ] GC(1071) Concurrent Preclean 0.263ms
[7402.981s][info][gc,start       ] GC(1071) Pause Remark
[7402.984s][info][metaspace      ] ChkMgr @0x00007f9e44541100 (non-class-space): : reclaiming memory...
[7402.984s][info][metaspace      ] ChkMgr @0x00007f9e44541100 (non-class-space): nothing reclaimed.
[7402.984s][info][metaspace      ] ChkMgr @0x00007f9e44540f40 (class-space): : reclaiming memory...
[7402.984s][info][metaspace      ] ChkMgr @0x00007f9e44540f40 (class-space): nothing reclaimed.
[7402.984s][info][gc             ] GC(1071) Pause Remark 4512M->4312M(10240M) 2.291ms
[7402.984s][info][gc,cpu         ] GC(1071) User=0.01s Sys=0.00s Real=0.00s
[7402.987s][info][gc,marking     ] GC(1071) Concurrent Mark 1075.723ms
[7402.987s][info][gc,marking     ] GC(1071) Concurrent Rebuild Remembered Sets and Scrub Regions
[7403.609s][info][gc,marking     ] GC(1071) Concurrent Rebuild Remembered Sets and Scrub Regions 621.607ms
[7403.609s][info][gc,start       ] GC(1071) Pause Cleanup
[7403.609s][info][gc             ] GC(1071) Pause Cleanup 5068M->5068M(10240M) 0.279ms
[7403.609s][info][gc,cpu         ] GC(1071) User=0.00s Sys=0.00s Real=0.00s
[7403.609s][info][gc,marking     ] GC(1071) Concurrent Clear Claimed Marks
[7403.609s][info][gc,marking     ] GC(1071) Concurrent Clear Claimed Marks 0.040ms
[7403.609s][info][gc,marking     ] GC(1071) Concurrent Cleanup for Next Mark
[7403.623s][info][gc,marking     ] GC(1071) Concurrent Cleanup for Next Mark 14.241ms
[7403.623s][info][gc             ] GC(1071) Concurrent Mark Cycle 2082.742ms
...[7405.743s][info][gc,start       ] GC(1072) Pause Young (Prepare Mixed) (G1 Evacuation Pause)
[7405.743s][info][gc,task        ] GC(1072) Using 8 workers of 8 for evacuation
[7405.913s][info][gc,phases      ] GC(1072)   Pre Evacuate Collection Set: 0.26ms
[7405.913s][info][gc,phases      ] GC(1072)   Merge Heap Roots: 0.74ms
[7405.913s][info][gc,phases      ] GC(1072)   Evacuate Collection Set: 167.82ms
[7405.913s][info][gc,phases      ] GC(1072)   Post Evacuate Collection Set: 1.37ms
[7405.913s][info][gc,phases      ] GC(1072)   Other: 0.07ms
[7405.913s][info][gc,heap        ] GC(1072) Eden regions: 713->0(715)
[7405.913s][info][gc,heap        ] GC(1072) Survivor regions: 55->53(96)
[7405.913s][info][gc,heap        ] GC(1072) Old regions: 252->255
[7405.913s][info][gc,heap        ] GC(1072) Humongous regions: 33->33
[7405.913s][info][gc,metaspace   ] GC(1072) Metaspace: 30027K(30528K)->30027K(30528K) NonClass: 24630K(24896K)->24630K(24896K) Class: 5397K(5632K)->5397K(5632K)
[7405.913s][info][gc             ] GC(1072) Pause Young (Prepare Mixed) (G1 Evacuation Pause) 8392M->2693M(10240M) 170.384ms
[7405.913s][info][gc,cpu         ] GC(1072) User=1.33s Sys=0.01s Real=0.17s
...[7409.552s][info][gc,start       ] GC(1073) Pause Young (Mixed) (G1 Evacuation Pause)
[7409.552s][info][gc,task        ] GC(1073) Using 8 workers of 8 for evacuation
[7409.737s][info][gc,phases      ] GC(1073)   Pre Evacuate Collection Set: 0.29ms
[7409.737s][info][gc,phases      ] GC(1073)   Merge Heap Roots: 0.66ms
[7409.737s][info][gc,phases      ] GC(1073)   Evacuate Collection Set: 180.93ms
[7409.737s][info][gc,phases      ] GC(1073)   Merge Optional Heap Roots: 0.07ms
[7409.737s][info][gc,phases      ] GC(1073)   Evacuate Optional Collection Set: 1.40ms
[7409.737s][info][gc,phases      ] GC(1073)   Post Evacuate Collection Set: 1.45ms
[7409.737s][info][gc,phases      ] GC(1073)   Other: 0.08ms
[7409.737s][info][gc,heap        ] GC(1073) Eden regions: 715->0(637)
[7409.737s][info][gc,heap        ] GC(1073) Survivor regions: 53->56(96)
[7409.737s][info][gc,heap        ] GC(1073) Old regions: 255->142
[7409.737s][info][gc,heap        ] GC(1073) Humongous regions: 33->33
[7409.737s][info][gc,metaspace   ] GC(1073) Metaspace: 30027K(30528K)->30027K(30528K) NonClass: 24630K(24896K)->24630K(24896K) Class: 5397K(5632K)->5397K(5632K)
[7409.737s][info][gc             ] GC(1073) Pause Young (Mixed) (G1 Evacuation Pause) 8413M->1813M(10240M) 185.013ms
[7409.737s][info][gc,cpu         ] GC(1073) User=1.45s Sys=0.01s Real=0.19s
....[7412.947s][info][gc,start       ] GC(1074) Pause Young (Mixed) (G1 Evacuation Pause)
[7412.947s][info][gc,task        ] GC(1074) Using 8 workers of 8 for evacuation
[7413.122s][info][gc,phases      ] GC(1074)   Pre Evacuate Collection Set: 0.25ms
[7413.122s][info][gc,phases      ] GC(1074)   Merge Heap Roots: 0.60ms
[7413.122s][info][gc,phases      ] GC(1074)   Evacuate Collection Set: 172.43ms
[7413.122s][info][gc,phases      ] GC(1074)   Post Evacuate Collection Set: 1.14ms
[7413.122s][info][gc,phases      ] GC(1074)   Other: 0.07ms
[7413.122s][info][gc,heap        ] GC(1074) Eden regions: 638->0(721)
[7413.122s][info][gc,heap        ] GC(1074) Survivor regions: 56->47(87)
[7413.122s][info][gc,heap        ] GC(1074) Old regions: 142->140
[7413.122s][info][gc,heap        ] GC(1074) Humongous regions: 33->33
[7413.122s][info][gc,metaspace   ] GC(1074) Metaspace: 30027K(30528K)->30027K(30528K) NonClass: 24630K(24896K)->24630K(24896K) Class: 5397K(5632K)->5397K(5632K)
[7413.122s][info][gc             ] GC(1074) Pause Young (Mixed) (G1 Evacuation Pause) 6917M->1730M(10240M) 174.656ms
[7413.122s][info][gc,cpu         ] GC(1074) User=1.38s Sys=0.00s Real=0.17s
....[7416.809s][info][gc,start       ] GC(1075) Pause Young (Normal) (G1 Evacuation Pause)
[7416.809s][info][gc,task        ] GC(1075) Using 8 workers of 8 for evacuation
[7416.969s][info][gc,phases      ] GC(1075)   Pre Evacuate Collection Set: 0.26ms
[7416.969s][info][gc,phases      ] GC(1075)   Merge Heap Roots: 0.51ms
[7416.969s][info][gc,phases      ] GC(1075)   Evacuate Collection Set: 157.31ms
[7416.969s][info][gc,phases      ] GC(1075)   Post Evacuate Collection Set: 1.31ms
[7416.969s][info][gc,phases      ] GC(1075)   Other: 0.06ms
[7416.969s][info][gc,heap        ] GC(1075) Eden regions: 721->0(715)
[7416.969s][info][gc,heap        ] GC(1075) Survivor regions: 47->53(96)
[7416.969s][info][gc,heap        ] GC(1075) Old regions: 140->140
[7416.969s][info][gc,heap        ] GC(1075) Humongous regions: 33->33
[7416.969s][info][gc,metaspace   ] GC(1075) Metaspace: 30027K(30528K)->30027K(30528K) NonClass: 24630K(24896K)->24630K(24896K) Class: 5397K(5632K)->5397K(5632K)
[7416.969s][info][gc             ] GC(1075) Pause Young (Normal) (G1 Evacuation Pause) 7498M->1774M(10240M) 159.600ms
[7416.969s][info][gc,cpu         ] GC(1075) User=1.26s Sys=0.01s Real=0.16s
...[7420.690s][info][gc,start       ] GC(1076) Pause Young (Normal) (G1 Evacuation Pause)
[7420.690s][info][gc,task        ] GC(1076) Using 8 workers of 8 for evacuation
[7420.858s][info][gc,phases      ] GC(1076)   Pre Evacuate Collection Set: 0.28ms
[7420.858s][info][gc,phases      ] GC(1076)   Merge Heap Roots: 0.52ms
[7420.858s][info][gc,phases      ] GC(1076)   Evacuate Collection Set: 165.58ms
[7420.858s][info][gc,phases      ] GC(1076)   Post Evacuate Collection Set: 1.23ms
[7420.858s][info][gc,phases      ] GC(1076)   Other: 0.06ms
[7420.858s][info][gc,heap        ] GC(1076) Eden regions: 715->0(716)
[7420.858s][info][gc,heap        ] GC(1076) Survivor regions: 53->52(96)
[7420.858s][info][gc,heap        ] GC(1076) Old regions: 140->143
[7420.858s][info][gc,heap        ] GC(1076) Humongous regions: 33->33
[7420.858s][info][gc,metaspace   ] GC(1076) Metaspace: 30027K(30528K)->30027K(30528K) NonClass: 24630K(24896K)->24630K(24896K) Class: 5397K(5632K)->5397K(5632K)
[7420.858s][info][gc             ] GC(1076) Pause Young (Normal) (G1 Evacuation Pause) 7494M->1794M(10240M) 167.803ms
[7420.858s][info][gc,cpu         ] GC(1076) User=1.32s Sys=0.01s Real=0.17s
....[7424.631s][info][gc,start       ] GC(1077) Pause Young (Normal) (G1 Evacuation Pause)
[7424.631s][info][gc,task        ] GC(1077) Using 8 workers of 8 for evacuation
[7424.805s][info][gc,phases      ] GC(1077)   Pre Evacuate Collection Set: 0.26ms
[7424.806s][info][gc,phases      ] GC(1077)   Merge Heap Roots: 0.51ms
[7424.806s][info][gc,phases      ] GC(1077)   Evacuate Collection Set: 172.36ms
[7424.806s][info][gc,phases      ] GC(1077)   Post Evacuate Collection Set: 1.25ms
[7424.806s][info][gc,phases      ] GC(1077)   Other: 0.07ms
[7424.806s][info][gc,heap        ] GC(1077) Eden regions: 716->0(714)
[7424.806s][info][gc,heap        ] GC(1077) Survivor regions: 52->54(96)
[7424.806s][info][gc,heap        ] GC(1077) Old regions: 143->146
[7424.806s][info][gc,heap        ] GC(1077) Humongous regions: 33->33
[7424.806s][info][gc,metaspace   ] GC(1077) Metaspace: 30027K(30528K)->30027K(30528K) NonClass: 24630K(24896K)->24630K(24896K) Class: 5397K(5632K)->5397K(5632K)
[7424.806s][info][gc             ] GC(1077) Pause Young (Normal) (G1 Evacuation Pause) 7522M->1831M(10240M) 174.587ms
[7424.806s][info][gc,cpu         ] GC(1077) User=1.37s Sys=0.00s Real=0.17s
....[7428.526s][info][gc,start       ] GC(1078) Pause Young (Normal) (G1 Evacuation Pause)
[7428.526s][info][gc,task        ] GC(1078) Using 8 workers of 8 for evacuation
[7428.704s][info][gc,phases      ] GC(1078)   Pre Evacuate Collection Set: 0.24ms
[7428.704s][info][gc,phases      ] GC(1078)   Merge Heap Roots: 0.51ms
[7428.704s][info][gc,phases      ] GC(1078)   Evacuate Collection Set: 176.18ms
[7428.704s][info][gc,phases      ] GC(1078)   Post Evacuate Collection Set: 1.22ms
[7428.704s][info][gc,phases      ] GC(1078)   Other: 0.07ms
[7428.704s][info][gc,heap        ] GC(1078) Eden regions: 714->0(714)
[7428.704s][info][gc,heap        ] GC(1078) Survivor regions: 54->54(96)
[7428.704s][info][gc,heap        ] GC(1078) Old regions: 146->149
[7428.704s][info][gc,heap        ] GC(1078) Humongous regions: 33->33
[7428.704s][info][gc,metaspace   ] GC(1078) Metaspace: 30027K(30528K)->30027K(30528K) NonClass: 24630K(24896K)->24630K(24896K) Class: 5397K(5632K)->5397K(5632K)
[7428.704s][info][gc             ] GC(1078) Pause Young (Normal) (G1 Evacuation Pause) 7543M->1852M(10240M) 178.355ms
[7428.704s][info][gc,cpu         ] GC(1078) User=1.41s Sys=0.00s Real=0.17s
.. (rIR:aIR:PR = 12315:12217:12231) (tPR = 180779) [OK] 
  7429s: Performance info:
         Transaction,    Success,    Partial,     Failed,   Receipts, AvgBarcode, 
             Overall,     737435,          0,          0,     700594,      59.48, 
         Response times:
             Request,    Success,    Partial,     Failed,   SkipFail,     Probes,    Samples,      min,      p50,      p90,      p95,      p99,      max, 
       TotalPurchase,     699896,          0,          0,          0,     337965,     442286,      300,    28000,   201000,   282000,   398000,  3900000,
     InStorePurchase,     368896,          0,          0,          0,     177723,     232756,      300,    28000,   200000,   281000,   417000,  3900000,
      OnlinePurchase,     255739,          0,          0,          0,     124457,     162514,      300,    28000,   201000,   286000,   369000,  3900000,
        InstPurchase,      75261,          0,          0,          0,      35785,      47016,      400,    27000,   202000,   283000,   386000,  3900000,
          AssocOfCat,        736,          0,          0,          0,        612,        887,    35000,    89000,   280000,   379000,   531040,  1500000,
      AssocOfProduct,       7384,          0,          0,          0,       3317,       4559,     1000,    28000,   201000,   283000,   362000,  1400000,
      BusinessReport,       1848,          0,          0,          0,       1582,       2229,    39000,    97000,   271000,   352000,   458000,   890000,
          CustBuyBeh,       7217,          0,          0,          0,       3425,       4633,      200,    28000,   191000,   282000,   359000,  3800000,
       ProductReturn,      19517,          0,          0,          0,       9028,      11900,      300,    26000,   201000,   281000,   396000,  2000000,

  7429s: (90%)   IR =  12453 ..[7432.513s][info][gc,start       ] GC(1079) Pause Young (Normal) (G1 Evacuation Pause)
[7432.513s][info][gc,task        ] GC(1079) Using 8 workers of 8 for evacuation
[7432.688s][info][gc,phases      ] GC(1079)   Pre Evacuate Collection Set: 0.27ms
[7432.688s][info][gc,phases      ] GC(1079)   Merge Heap Roots: 0.51ms
[7432.688s][info][gc,phases      ] GC(1079)   Evacuate Collection Set: 172.00ms
[7432.688s][info][gc,phases      ] GC(1079)   Post Evacuate Collection Set: 1.31ms
[7432.688s][info][gc,phases      ] GC(1079)   Other: 0.07ms
[7432.688s][info][gc,heap        ] GC(1079) Eden regions: 714->0(713)
[7432.688s][info][gc,heap        ] GC(1079) Survivor regions: 54->55(96)
[7432.688s][info][gc,heap        ] GC(1079) Old regions: 149->151
[7432.688s][info][gc,heap        ] GC(1079) Humongous regions: 33->33
[7432.688s][info][gc,metaspace   ] GC(1079) Metaspace: 30027K(30528K)->30027K(30528K) NonClass: 24630K(24896K)->24630K(24896K) Class: 5397K(5632K)->5397K(5632K)
[7432.688s][info][gc             ] GC(1079) Pause Young (Normal) (G1 Evacuation Pause) 7564M->1878M(10240M) 174.289ms
[7432.688s][info][gc,cpu         ] GC(1079) User=1.38s Sys=0.00s Real=0.18s
....[7436.430s][info][gc,start       ] GC(1080) Pause Young (Normal) (G1 Evacuation Pause)
[7436.430s][info][gc,task        ] GC(1080) Using 8 workers of 8 for evacuation
[7436.601s][info][gc,phases      ] GC(1080)   Pre Evacuate Collection Set: 0.27ms
[7436.601s][info][gc,phases      ] GC(1080)   Merge Heap Roots: 0.59ms
[7436.601s][info][gc,phases      ] GC(1080)   Evacuate Collection Set: 168.35ms
[7436.601s][info][gc,phases      ] GC(1080)   Post Evacuate Collection Set: 1.31ms
[7436.601s][info][gc,phases      ] GC(1080)   Other: 0.06ms
[7436.601s][info][gc,heap        ] GC(1080) Eden regions: 713->0(714)
[7436.601s][info][gc,heap        ] GC(1080) Survivor regions: 55->54(96)
[7436.601s][info][gc,heap        ] GC(1080) Old regions: 151->154
[7436.601s][info][gc,heap        ] GC(1080) Humongous regions: 33->33
[7436.601s][info][gc,metaspace   ] GC(1080) Metaspace: 30027K(30528K)->30027K(30528K) NonClass: 24630K(24896K)->24630K(24896K) Class: 5397K(5632K)->5397K(5632K)
[7436.601s][info][gc             ] GC(1080) Pause Young (Normal) (G1 Evacuation Pause) 7582M->1893M(10240M) 170.722ms
[7436.601s][info][gc,cpu         ] GC(1080) User=1.34s Sys=0.00s Real=0.17s
....[7440.402s][info][gc,start       ] GC(1081) Pause Young (Normal) (G1 Evacuation Pause)
[7440.402s][info][gc,task        ] GC(1081) Using 8 workers of 8 for evacuation
[7440.580s][info][gc,phases      ] GC(1081)   Pre Evacuate Collection Set: 0.28ms
[7440.581s][info][gc,phases      ] GC(1081)   Merge Heap Roots: 0.54ms
[7440.581s][info][gc,phases      ] GC(1081)   Evacuate Collection Set: 176.05ms
[7440.581s][info][gc,phases      ] GC(1081)   Post Evacuate Collection Set: 1.28ms
[7440.581s][info][gc,phases      ] GC(1081)   Other: 0.06ms
[7440.581s][info][gc,heap        ] GC(1081) Eden regions: 714->0(713)
[7440.581s][info][gc,heap        ] GC(1081) Survivor regions: 54->55(96)
[7440.581s][info][gc,heap        ] GC(1081) Old regions: 154->157
[7440.581s][info][gc,heap        ] GC(1081) Humongous regions: 33->33
[7440.581s][info][gc,metaspace   ] GC(1081) Metaspace: 30027K(30528K)->30027K(30528K) NonClass: 24630K(24896K)->24630K(24896K) Class: 5397K(5632K)->5397K(5632K)
[7440.581s][info][gc             ] GC(1081) Pause Young (Normal) (G1 Evacuation Pause) 7605M->1924M(10240M) 178.340ms
[7440.581s][info][gc,cpu         ] GC(1081) User=1.40s Sys=0.00s Real=0.18s
....[7444.279s][info][gc,start       ] GC(1082) Pause Young (Normal) (G1 Evacuation Pause)
[7444.279s][info][gc,task        ] GC(1082) Using 8 workers of 8 for evacuation
[7444.445s][info][gc,phases      ] GC(1082)   Pre Evacuate Collection Set: 0.28ms
[7444.446s][info][gc,phases      ] GC(1082)   Merge Heap Roots: 0.52ms
[7444.446s][info][gc,phases      ] GC(1082)   Evacuate Collection Set: 164.54ms
[7444.446s][info][gc,phases      ] GC(1082)   Post Evacuate Collection Set: 1.25ms
[7444.446s][info][gc,phases      ] GC(1082)   Other: 0.06ms
[7444.446s][info][gc,heap        ] GC(1082) Eden regions: 713->0(715)
[7444.446s][info][gc,heap        ] GC(1082) Survivor regions: 55->53(96)
[7444.446s][info][gc,heap        ] GC(1082) Old regions: 157->160
[7444.446s][info][gc,heap        ] GC(1082) Humongous regions: 33->33
[7444.446s][info][gc,metaspace   ] GC(1082) Metaspace: 30027K(30528K)->30027K(30528K) NonClass: 24630K(24896K)->24630K(24896K) Class: 5397K(5632K)->5397K(5632K)
[7444.446s][info][gc             ] GC(1082) Pause Young (Normal) (G1 Evacuation Pause) 7628M->1931M(10240M) 166.796ms
[7444.446s][info][gc,cpu         ] GC(1082) User=1.31s Sys=0.00s Real=0.16s
....[7448.073s][info][gc,start       ] GC(1083) Pause Young (Normal) (G1 Evacuation Pause)
[7448.073s][info][gc,task        ] GC(1083) Using 8 workers of 8 for evacuation
[7448.239s][info][gc,phases      ] GC(1083)   Pre Evacuate Collection Set: 0.27ms
[7448.239s][info][gc,phases      ] GC(1083)   Merge Heap Roots: 0.55ms
[7448.239s][info][gc,phases      ] GC(1083)   Evacuate Collection Set: 164.30ms
[7448.239s][info][gc,phases      ] GC(1083)   Post Evacuate Collection Set: 1.28ms
[7448.239s][info][gc,phases      ] GC(1083)   Other: 0.06ms
[7448.239s][info][gc,heap        ] GC(1083) Eden regions: 715->0(715)
[7448.239s][info][gc,heap        ] GC(1083) Survivor regions: 53->53(96)
[7448.239s][info][gc,heap        ] GC(1083) Old regions: 160->163
[7448.239s][info][gc,heap        ] GC(1083) Humongous regions: 33->33
[7448.239s][info][gc,metaspace   ] GC(1083) Metaspace: 30027K(30528K)->30027K(30528K) NonClass: 24630K(24896K)->24630K(24896K) Class: 5397K(5632K)->5397K(5632K)
[7448.240s][info][gc             ] GC(1083) Pause Young (Normal) (G1 Evacuation Pause) 7651M->1954M(10240M) 166.608ms
[7448.240s][info][gc,cpu         ] GC(1083) User=1.31s Sys=0.00s Real=0.17s
....[7452.039s][info][gc,start       ] GC(1084) Pause Young (Normal) (G1 Evacuation Pause)
[7452.039s][info][gc,task        ] GC(1084) Using 8 workers of 8 for evacuation
[7452.210s][info][gc,phases      ] GC(1084)   Pre Evacuate Collection Set: 0.30ms
[7452.210s][info][gc,phases      ] GC(1084)   Merge Heap Roots: 0.60ms
[7452.210s][info][gc,phases      ] GC(1084)   Evacuate Collection Set: 169.35ms
[7452.210s][info][gc,phases      ] GC(1084)   Post Evacuate Collection Set: 1.25ms
[7452.210s][info][gc,phases      ] GC(1084)   Other: 0.06ms
[7452.210s][info][gc,heap        ] GC(1084) Eden regions: 715->0(713)
[7452.210s][info][gc,heap        ] GC(1084) Survivor regions: 53->55(96)
[7452.210s][info][gc,heap        ] GC(1084) Old regions: 163->166
[7452.210s][info][gc,heap        ] GC(1084) Humongous regions: 33->33
[7452.210s][info][gc,metaspace   ] GC(1084) Metaspace: 30027K(30528K)->30027K(30528K) NonClass: 24630K(24896K)->24630K(24896K) Class: 5397K(5632K)->5397K(5632K)
[7452.210s][info][gc             ] GC(1084) Pause Young (Normal) (G1 Evacuation Pause) 7674M->1992M(10240M) 171.687ms
[7452.210s][info][gc,cpu         ] GC(1084) User=1.35s Sys=0.00s Real=0.17s
...[7455.929s][info][gc,start       ] GC(1085) Pause Young (Normal) (G1 Evacuation Pause)
[7455.929s][info][gc,task        ] GC(1085) Using 8 workers of 8 for evacuation
[7456.099s][info][gc,phases      ] GC(1085)   Pre Evacuate Collection Set: 0.26ms
[7456.099s][info][gc,phases      ] GC(1085)   Merge Heap Roots: 0.54ms
[7456.099s][info][gc,phases      ] GC(1085)   Evacuate Collection Set: 167.66ms
[7456.099s][info][gc,phases      ] GC(1085)   Post Evacuate Collection Set: 1.26ms
[7456.099s][info][gc,phases      ] GC(1085)   Other: 0.07ms
[7456.099s][info][gc,heap        ] GC(1085) Eden regions: 713->0(715)
[7456.099s][info][gc,heap        ] GC(1085) Survivor regions: 55->53(96)
[7456.099s][info][gc,heap        ] GC(1085) Old regions: 166->168
[7456.099s][info][gc,heap        ] GC(1085) Humongous regions: 33->33
[7456.099s][info][gc,metaspace   ] GC(1085) Metaspace: 30027K(30528K)->30027K(30528K) NonClass: 24630K(24896K)->24630K(24896K) Class: 5397K(5632K)->5397K(5632K)
[7456.099s][info][gc             ] GC(1085) Pause Young (Normal) (G1 Evacuation Pause) 7696M->2003M(10240M) 169.942ms
[7456.099s][info][gc,cpu         ] GC(1085) User=1.34s Sys=0.00s Real=0.17s
....[7459.912s][info][gc,start       ] GC(1086) Pause Young (Normal) (G1 Evacuation Pause)
[7459.912s][info][gc,task        ] GC(1086) Using 8 workers of 8 for evacuation
[7460.082s][info][gc,phases      ] GC(1086)   Pre Evacuate Collection Set: 0.27ms
[7460.082s][info][gc,phases      ] GC(1086)   Merge Heap Roots: 0.52ms
[7460.082s][info][gc,phases      ] GC(1086)   Evacuate Collection Set: 167.76ms
[7460.082s][info][gc,phases      ] GC(1086)   Post Evacuate Collection Set: 1.25ms
[7460.082s][info][gc,phases      ] GC(1086)   Other: 0.07ms
[7460.082s][info][gc,heap        ] GC(1086) Eden regions: 715->0(715)
[7460.082s][info][gc,heap        ] GC(1086) Survivor regions: 53->53(96)
[7460.082s][info][gc,heap        ] GC(1086) Old regions: 168->171
[7460.082s][info][gc,heap        ] GC(1086) Humongous regions: 33->33
[7460.082s][info][gc,metaspace   ] GC(1086) Metaspace: 30027K(30528K)->30027K(30528K) NonClass: 24630K(24896K)->24630K(24896K) Class: 5397K(5632K)->5397K(5632K)
[7460.082s][info][gc             ] GC(1086) Pause Young (Normal) (G1 Evacuation Pause) 7723M->2027M(10240M) 170.016ms
[7460.082s][info][gc,cpu         ] GC(1086) User=1.34s Sys=0.00s Real=0.17s
. (rIR:aIR:PR = 12453:12253:12203) (tPR = 179051) [IR is under limit] [PR is under limit] 
  7459s: Performance info:
         Transaction,    Success,    Partial,     Failed,   Receipts, AvgBarcode, 
             Overall,     245612,          0,          0,     232936,      59.48, 
         Response times:
             Request,    Success,    Partial,     Failed,   SkipFail,     Probes,    Samples,      min,      p50,      p90,      p95,      p99,      max, 
       TotalPurchase,     233984,          0,          0,          0,     115877,     177533,      300,    24000,   134000,   173000,   223000,  1700000,
     InStorePurchase,     123367,          0,          0,          0,      60715,      93043,      300,    24000,   135000,   174000,   222000,  1700000,
      OnlinePurchase,      85850,          0,          0,          0,      42924,      65789,      400,    24000,   135000,   173000,   222000,  1700000,
        InstPurchase,      24767,          0,          0,          0,      12238,      18701,      500,    23000,   129000,   169900,   229980,  1700000,
          AssocOfCat,        251,          0,          0,          0,        196,        359,    37000,    82000,   187000,   226000,   335800,   840000,
      AssocOfProduct,       2532,          0,          0,          0,       1143,       1846,      800,    25000,   125000,   161000,   212060,  1100000,
      BusinessReport,        627,          0,          0,          0,        559,        910,    38000,    96000,   224900,   250000,   303780,   900000,
          CustBuyBeh,       2519,          0,          0,          0,       1185,       1834,      700,    21000,   114000,   163000,   216650,  1400000,
       ProductReturn,       6705,          0,          0,          0,       3205,       5006,      300,    22000,   130300,   166000,   214930,  1400000,

  7459s: 
  7459s: Failed, 8 overall retries left, retrying 1 of 1
  7459s: (90%)   IR =  12453 ...[7463.734s][info][gc,start       ] GC(1087) Pause Young (Normal) (G1 Evacuation Pause)
[7463.734s][info][gc,task        ] GC(1087) Using 8 workers of 8 for evacuation
[7463.909s][info][gc,phases      ] GC(1087)   Pre Evacuate Collection Set: 0.27ms
[7463.909s][info][gc,phases      ] GC(1087)   Merge Heap Roots: 0.52ms
[7463.909s][info][gc,phases      ] GC(1087)   Evacuate Collection Set: 172.43ms
[7463.909s][info][gc,phases      ] GC(1087)   Post Evacuate Collection Set: 1.33ms
[7463.909s][info][gc,phases      ] GC(1087)   Other: 0.07ms
[7463.909s][info][gc,heap        ] GC(1087) Eden regions: 715->0(714)
[7463.909s][info][gc,heap        ] GC(1087) Survivor regions: 53->54(96)
[7463.909s][info][gc,heap        ] GC(1087) Old regions: 171->174
[7463.909s][info][gc,heap        ] GC(1087) Humongous regions: 33->33
[7463.909s][info][gc,metaspace   ] GC(1087) Metaspace: 30028K(30528K)->30028K(30528K) NonClass: 24631K(24896K)->24631K(24896K) Class: 5397K(5632K)->5397K(5632K)
[7463.909s][info][gc             ] GC(1087) Pause Young (Normal) (G1 Evacuation Pause) 7747M->2056M(10240M) 174.750ms
[7463.909s][info][gc,cpu         ] GC(1087) User=1.38s Sys=0.00s Real=0.18s
....[7467.576s][info][gc,start       ] GC(1088) Pause Young (Normal) (G1 Evacuation Pause)
[7467.576s][info][gc,task        ] GC(1088) Using 8 workers of 8 for evacuation
[7467.749s][info][gc,phases      ] GC(1088)   Pre Evacuate Collection Set: 0.26ms
[7467.749s][info][gc,phases      ] GC(1088)   Merge Heap Roots: 0.53ms
[7467.749s][info][gc,phases      ] GC(1088)   Evacuate Collection Set: 170.82ms
[7467.749s][info][gc,phases      ] GC(1088)   Post Evacuate Collection Set: 1.28ms
[7467.749s][info][gc,phases      ] GC(1088)   Other: 0.06ms
[7467.749s][info][gc,heap        ] GC(1088) Eden regions: 714->0(714)
[7467.749s][info][gc,heap        ] GC(1088) Survivor regions: 54->54(96)
[7467.749s][info][gc,heap        ] GC(1088) Old regions: 174->177
[7467.749s][info][gc,heap        ] GC(1088) Humongous regions: 33->33
[7467.749s][info][gc,metaspace   ] GC(1088) Metaspace: 30028K(30528K)->30028K(30528K) NonClass: 24631K(24896K)->24631K(24896K) Class: 5397K(5632K)->5397K(5632K)
[7467.749s][info][gc             ] GC(1088) Pause Young (Normal) (G1 Evacuation Pause) 7768M->2078M(10240M) 173.101ms
[7467.749s][info][gc,cpu         ] GC(1088) User=1.36s Sys=0.00s Real=0.17s
....[7471.442s][info][gc,start       ] GC(1089) Pause Young (Normal) (G1 Evacuation Pause)
[7471.442s][info][gc,task        ] GC(1089) Using 8 workers of 8 for evacuation
[7471.611s][info][gc,phases      ] GC(1089)   Pre Evacuate Collection Set: 0.30ms
[7471.611s][info][gc,phases      ] GC(1089)   Merge Heap Roots: 0.53ms
[7471.611s][info][gc,phases      ] GC(1089)   Evacuate Collection Set: 166.16ms
[7471.611s][info][gc,phases      ] GC(1089)   Post Evacuate Collection Set: 1.25ms
[7471.611s][info][gc,phases      ] GC(1089)   Other: 0.07ms
[7471.611s][info][gc,heap        ] GC(1089) Eden regions: 714->0(715)
[7471.611s][info][gc,heap        ] GC(1089) Survivor regions: 54->53(96)
[7471.611s][info][gc,heap        ] GC(1089) Old regions: 177->179
[7471.611s][info][gc,heap        ] GC(1089) Humongous regions: 33->33
[7471.611s][info][gc,metaspace   ] GC(1089) Metaspace: 30028K(30528K)->30028K(30528K) NonClass: 24631K(24896K)->24631K(24896K) Class: 5397K(5632K)->5397K(5632K)
[7471.611s][info][gc             ] GC(1089) Pause Young (Normal) (G1 Evacuation Pause) 7790M->2087M(10240M) 168.436ms
[7471.611s][info][gc,cpu         ] GC(1089) User=1.33s Sys=0.00s Real=0.17s
....[7475.433s][info][gc,start       ] GC(1090) Pause Young (Normal) (G1 Evacuation Pause)
[7475.433s][info][gc,task        ] GC(1090) Using 8 workers of 8 for evacuation
[7475.605s][info][gc,phases      ] GC(1090)   Pre Evacuate Collection Set: 0.28ms
[7475.605s][info][gc,phases      ] GC(1090)   Merge Heap Roots: 0.54ms
[7475.605s][info][gc,phases      ] GC(1090)   Evacuate Collection Set: 170.31ms
[7475.605s][info][gc,phases      ] GC(1090)   Post Evacuate Collection Set: 1.28ms
[7475.605s][info][gc,phases      ] GC(1090)   Other: 0.06ms
[7475.605s][info][gc,heap        ] GC(1090) Eden regions: 715->0(715)
[7475.605s][info][gc,heap        ] GC(1090) Survivor regions: 53->53(96)
[7475.605s][info][gc,heap        ] GC(1090) Old regions: 179->182
[7475.605s][info][gc,heap        ] GC(1090) Humongous regions: 33->33
[7475.605s][info][gc,metaspace   ] GC(1090) Metaspace: 30028K(30528K)->30028K(30528K) NonClass: 24631K(24896K)->24631K(24896K) Class: 5397K(5632K)->5397K(5632K)
[7475.605s][info][gc             ] GC(1090) Pause Young (Normal) (G1 Evacuation Pause) 7807M->2115M(10240M) 172.600ms
[7475.606s][info][gc,cpu         ] GC(1090) User=1.36s Sys=0.00s Real=0.17s
.|...[7479.232s][info][gc,start       ] GC(1091) Pause Young (Normal) (G1 Evacuation Pause)
[7479.232s][info][gc,task        ] GC(1091) Using 8 workers of 8 for evacuation
[7479.402s][info][gc,phases      ] GC(1091)   Pre Evacuate Collection Set: 0.29ms
[7479.402s][info][gc,phases      ] GC(1091)   Merge Heap Roots: 0.59ms
[7479.402s][info][gc,phases      ] GC(1091)   Evacuate Collection Set: 167.88ms
[7479.402s][info][gc,phases      ] GC(1091)   Post Evacuate Collection Set: 1.27ms
[7479.402s][info][gc,phases      ] GC(1091)   Other: 0.06ms
[7479.402s][info][gc,heap        ] GC(1091) Eden regions: 715->0(714)
[7479.402s][info][gc,heap        ] GC(1091) Survivor regions: 53->54(96)
[7479.402s][info][gc,heap        ] GC(1091) Old regions: 182->185
[7479.403s][info][gc,heap        ] GC(1091) Humongous regions: 33->33
[7479.403s][info][gc,metaspace   ] GC(1091) Metaspace: 30028K(30528K)->30028K(30528K) NonClass: 24631K(24896K)->24631K(24896K) Class: 5397K(5632K)->5397K(5632K)
[7479.403s][info][gc             ] GC(1091) Pause Young (Normal) (G1 Evacuation Pause) 7835M->2143M(10240M) 170.234ms
[7479.403s][info][gc,cpu         ] GC(1091) User=1.34s Sys=0.00s Real=0.17s
...[7483.097s][info][gc,start       ] GC(1092) Pause Young (Normal) (G1 Evacuation Pause)
[7483.097s][info][gc,task        ] GC(1092) Using 8 workers of 8 for evacuation
[7483.264s][info][gc,phases      ] GC(1092)   Pre Evacuate Collection Set: 0.28ms
[7483.264s][info][gc,phases      ] GC(1092)   Merge Heap Roots: 0.60ms
[7483.264s][info][gc,phases      ] GC(1092)   Evacuate Collection Set: 165.34ms
[7483.264s][info][gc,phases      ] GC(1092)   Post Evacuate Collection Set: 1.26ms
[7483.264s][info][gc,phases      ] GC(1092)   Other: 0.07ms
[7483.264s][info][gc,heap        ] GC(1092) Eden regions: 714->0(715)
[7483.264s][info][gc,heap        ] GC(1092) Survivor regions: 54->53(96)
[7483.264s][info][gc,heap        ] GC(1092) Old regions: 185->188
[7483.264s][info][gc,heap        ] GC(1092) Humongous regions: 33->33
[7483.264s][info][gc,metaspace   ] GC(1092) Metaspace: 30028K(30528K)->30028K(30528K) NonClass: 24631K(24896K)->24631K(24896K) Class: 5397K(5632K)->5397K(5632K)
[7483.264s][info][gc             ] GC(1092) Pause Young (Normal) (G1 Evacuation Pause) 7855M->2162M(10240M) 167.684ms
[7483.264s][info][gc,cpu         ] GC(1092) User=1.31s Sys=0.00s Real=0.16s
....[7487.004s][info][gc,start       ] GC(1093) Pause Young (Normal) (G1 Evacuation Pause)
[7487.004s][info][gc,task        ] GC(1093) Using 8 workers of 8 for evacuation
[7487.172s][info][gc,phases      ] GC(1093)   Pre Evacuate Collection Set: 0.26ms
[7487.172s][info][gc,phases      ] GC(1093)   Merge Heap Roots: 0.52ms
[7487.172s][info][gc,phases      ] GC(1093)   Evacuate Collection Set: 165.51ms
[7487.172s][info][gc,phases      ] GC(1093)   Post Evacuate Collection Set: 1.29ms
[7487.172s][info][gc,phases      ] GC(1093)   Other: 0.06ms
[7487.172s][info][gc,heap        ] GC(1093) Eden regions: 715->0(715)
[7487.172s][info][gc,heap        ] GC(1093) Survivor regions: 53->53(96)
[7487.172s][info][gc,heap        ] GC(1093) Old regions: 188->191
[7487.172s][info][gc,heap        ] GC(1093) Humongous regions: 33->33
[7487.172s][info][gc,metaspace   ] GC(1093) Metaspace: 30028K(30528K)->30028K(30528K) NonClass: 24631K(24896K)->24631K(24896K) Class: 5397K(5632K)->5397K(5632K)
[7487.172s][info][gc             ] GC(1093) Pause Young (Normal) (G1 Evacuation Pause) 7882M->2184M(10240M) 167.786ms
[7487.172s][info][gc,cpu         ] GC(1093) User=1.32s Sys=0.01s Real=0.17s
....[7490.908s][info][gc,start       ] GC(1094) Pause Young (Normal) (G1 Evacuation Pause)
[7490.908s][info][gc,task        ] GC(1094) Using 8 workers of 8 for evacuation
[7491.083s][info][gc,phases      ] GC(1094)   Pre Evacuate Collection Set: 0.27ms
[7491.083s][info][gc,phases      ] GC(1094)   Merge Heap Roots: 0.52ms
[7491.083s][info][gc,phases      ] GC(1094)   Evacuate Collection Set: 172.68ms
[7491.083s][info][gc,phases      ] GC(1094)   Post Evacuate Collection Set: 1.27ms
[7491.083s][info][gc,phases      ] GC(1094)   Other: 0.06ms
[7491.083s][info][gc,heap        ] GC(1094) Eden regions: 715->0(715)
[7491.083s][info][gc,heap        ] GC(1094) Survivor regions: 53->53(96)
[7491.083s][info][gc,heap        ] GC(1094) Old regions: 191->194
[7491.083s][info][gc,heap        ] GC(1094) Humongous regions: 33->33
[7491.083s][info][gc,metaspace   ] GC(1094) Metaspace: 30028K(30528K)->30028K(30528K) NonClass: 24631K(24896K)->24631K(24896K) Class: 5397K(5632K)->5397K(5632K)
[7491.083s][info][gc             ] GC(1094) Pause Young (Normal) (G1 Evacuation Pause) 7904M->2206M(10240M) 174.954ms
[7491.083s][info][gc,cpu         ] GC(1094) User=1.38s Sys=0.00s Real=0.17s
....[7494.779s][info][gc,start       ] GC(1095) Pause Young (Normal) (G1 Evacuation Pause)
[7494.779s][info][gc,task        ] GC(1095) Using 8 workers of 8 for evacuation
[7494.944s][info][gc,phases      ] GC(1095)   Pre Evacuate Collection Set: 0.28ms
[7494.944s][info][gc,phases      ] GC(1095)   Merge Heap Roots: 0.52ms
[7494.944s][info][gc,phases      ] GC(1095)   Evacuate Collection Set: 163.60ms
[7494.944s][info][gc,phases      ] GC(1095)   Post Evacuate Collection Set: 1.21ms
[7494.944s][info][gc,phases      ] GC(1095)   Other: 0.08ms
[7494.944s][info][gc,heap        ] GC(1095) Eden regions: 715->0(716)
[7494.944s][info][gc,heap        ] GC(1095) Survivor regions: 53->52(96)
[7494.944s][info][gc,heap        ] GC(1095) Old regions: 194->197
[7494.944s][info][gc,heap        ] GC(1095) Humongous regions: 33->33
[7494.944s][info][gc,metaspace   ] GC(1095) Metaspace: 30028K(30528K)->30028K(30528K) NonClass: 24631K(24896K)->24631K(24896K) Class: 5397K(5632K)->5397K(5632K)
[7494.944s][info][gc             ] GC(1095) Pause Young (Normal) (G1 Evacuation Pause) 7926M->2220M(10240M) 165.828ms
[7494.944s][info][gc,cpu         ] GC(1095) User=1.31s Sys=0.00s Real=0.16s
....[7498.761s][info][gc,start       ] GC(1096) Pause Young (Normal) (G1 Evacuation Pause)
[7498.761s][info][gc,task        ] GC(1096) Using 8 workers of 8 for evacuation
[7498.932s][info][gc,phases      ] GC(1096)   Pre Evacuate Collection Set: 0.28ms
[7498.932s][info][gc,phases      ] GC(1096)   Merge Heap Roots: 0.52ms
[7498.932s][info][gc,phases      ] GC(1096)   Evacuate Collection Set: 169.22ms
[7498.932s][info][gc,phases      ] GC(1096)   Post Evacuate Collection Set: 1.31ms
[7498.932s][info][gc,phases      ] GC(1096)   Other: 0.07ms
[7498.932s][info][gc,heap        ] GC(1096) Eden regions: 716->0(714)
[7498.932s][info][gc,heap        ] GC(1096) Survivor regions: 52->54(96)
[7498.932s][info][gc,heap        ] GC(1096) Old regions: 197->199
[7498.932s][info][gc,heap        ] GC(1096) Humongous regions: 33->33
[7498.932s][info][gc,metaspace   ] GC(1096) Metaspace: 30028K(30528K)->30028K(30528K) NonClass: 24631K(24896K)->24631K(24896K) Class: 5397K(5632K)->5397K(5632K)
[7498.932s][info][gc             ] GC(1096) Pause Young (Normal) (G1 Evacuation Pause) 7948M->2255M(10240M) 171.544ms
[7498.932s][info][gc,cpu         ] GC(1096) User=1.35s Sys=0.00s Real=0.17s
....[7502.568s][info][gc,start       ] GC(1097) Pause Young (Normal) (G1 Evacuation Pause)
[7502.568s][info][gc,task        ] GC(1097) Using 8 workers of 8 for evacuation
[7502.739s][info][gc,phases      ] GC(1097)   Pre Evacuate Collection Set: 0.26ms
[7502.739s][info][gc,phases      ] GC(1097)   Merge Heap Roots: 0.53ms
[7502.739s][info][gc,phases      ] GC(1097)   Evacuate Collection Set: 168.38ms
[7502.739s][info][gc,phases      ] GC(1097)   Post Evacuate Collection Set: 1.27ms
[7502.739s][info][gc,phases      ] GC(1097)   Other: 0.06ms
[7502.739s][info][gc,heap        ] GC(1097) Eden regions: 714->0(715)
[7502.739s][info][gc,heap        ] GC(1097) Survivor regions: 54->53(96)
[7502.739s][info][gc,heap        ] GC(1097) Old regions: 199->202
[7502.739s][info][gc,heap        ] GC(1097) Humongous regions: 33->33
[7502.739s][info][gc,metaspace   ] GC(1097) Metaspace: 30028K(30528K)->30028K(30528K) NonClass: 24631K(24896K)->24631K(24896K) Class: 5397K(5632K)->5397K(5632K)
[7502.739s][info][gc             ] GC(1097) Pause Young (Normal) (G1 Evacuation Pause) 7967M->2273M(10240M) 170.630ms
[7502.739s][info][gc,cpu         ] GC(1097) User=1.34s Sys=0.00s Real=0.17s
....[7506.442s][info][gc,start       ] GC(1098) Pause Young (Normal) (G1 Evacuation Pause)
[7506.442s][info][gc,task        ] GC(1098) Using 8 workers of 8 for evacuation
[7506.614s][info][gc,phases      ] GC(1098)   Pre Evacuate Collection Set: 0.26ms
[7506.614s][info][gc,phases      ] GC(1098)   Merge Heap Roots: 0.55ms
[7506.614s][info][gc,phases      ] GC(1098)   Evacuate Collection Set: 169.59ms
[7506.614s][info][gc,phases      ] GC(1098)   Post Evacuate Collection Set: 1.24ms
[7506.614s][info][gc,phases      ] GC(1098)   Other: 0.06ms
[7506.614s][info][gc,heap        ] GC(1098) Eden regions: 715->0(715)
[7506.614s][info][gc,heap        ] GC(1098) Survivor regions: 53->53(96)
[7506.614s][info][gc,heap        ] GC(1098) Old regions: 202->205
[7506.614s][info][gc,heap        ] GC(1098) Humongous regions: 33->33
[7506.614s][info][gc,metaspace   ] GC(1098) Metaspace: 30028K(30528K)->30028K(30528K) NonClass: 24631K(24896K)->24631K(24896K) Class: 5397K(5632K)->5397K(5632K)
[7506.614s][info][gc             ] GC(1098) Pause Young (Normal) (G1 Evacuation Pause) 7993M->2296M(10240M) 171.842ms
[7506.614s][info][gc,cpu         ] GC(1098) User=1.36s Sys=0.00s Real=0.17s
....[7510.357s][info][gc,start       ] GC(1099) Pause Young (Normal) (G1 Evacuation Pause)
[7510.357s][info][gc,task        ] GC(1099) Using 8 workers of 8 for evacuation
[7510.526s][info][gc,phases      ] GC(1099)   Pre Evacuate Collection Set: 0.30ms
[7510.526s][info][gc,phases      ] GC(1099)   Merge Heap Roots: 0.56ms
[7510.526s][info][gc,phases      ] GC(1099)   Evacuate Collection Set: 166.86ms
[7510.526s][info][gc,phases      ] GC(1099)   Post Evacuate Collection Set: 1.28ms
[7510.526s][info][gc,phases      ] GC(1099)   Other: 0.06ms
[7510.526s][info][gc,heap        ] GC(1099) Eden regions: 715->0(715)
[7510.526s][info][gc,heap        ] GC(1099) Survivor regions: 53->53(96)
[7510.526s][info][gc,heap        ] GC(1099) Old regions: 205->208
[7510.526s][info][gc,heap        ] GC(1099) Humongous regions: 33->33
[7510.526s][info][gc,metaspace   ] GC(1099) Metaspace: 30028K(30528K)->30028K(30528K) NonClass: 24631K(24896K)->24631K(24896K) Class: 5397K(5632K)->5397K(5632K)
[7510.526s][info][gc             ] GC(1099) Pause Young (Normal) (G1 Evacuation Pause) 8016M->2317M(10240M) 169.205ms
[7510.526s][info][gc,cpu         ] GC(1099) User=1.33s Sys=0.00s Real=0.17s
...[7514.264s][info][gc,start       ] GC(1100) Pause Young (Normal) (G1 Evacuation Pause)
[7514.264s][info][gc,task        ] GC(1100) Using 8 workers of 8 for evacuation
[7514.438s][info][gc,phases      ] GC(1100)   Pre Evacuate Collection Set: 0.27ms
[7514.438s][info][gc,phases      ] GC(1100)   Merge Heap Roots: 0.54ms
[7514.438s][info][gc,phases      ] GC(1100)   Evacuate Collection Set: 172.26ms
[7514.438s][info][gc,phases      ] GC(1100)   Post Evacuate Collection Set: 1.28ms
[7514.438s][info][gc,phases      ] GC(1100)   Other: 0.07ms
[7514.438s][info][gc,heap        ] GC(1100) Eden regions: 715->0(714)
[7514.438s][info][gc,heap        ] GC(1100) Survivor regions: 53->54(96)
[7514.438s][info][gc,heap        ] GC(1100) Old regions: 208->210
[7514.438s][info][gc,heap        ] GC(1100) Humongous regions: 33->33
[7514.438s][info][gc,metaspace   ] GC(1100) Metaspace: 30028K(30528K)->30028K(30528K) NonClass: 24631K(24896K)->24631K(24896K) Class: 5397K(5632K)->5397K(5632K)
[7514.438s][info][gc             ] GC(1100) Pause Young (Normal) (G1 Evacuation Pause) 8037M->2343M(10240M) 174.557ms
[7514.438s][info][gc,cpu         ] GC(1100) User=1.37s Sys=0.00s Real=0.18s
....[7518.093s][info][gc,start       ] GC(1101) Pause Young (Normal) (G1 Evacuation Pause)
[7518.093s][info][gc,task        ] GC(1101) Using 8 workers of 8 for evacuation
[7518.266s][info][gc,phases      ] GC(1101)   Pre Evacuate Collection Set: 0.27ms
[7518.266s][info][gc,phases      ] GC(1101)   Merge Heap Roots: 0.54ms
[7518.266s][info][gc,phases      ] GC(1101)   Evacuate Collection Set: 170.35ms
[7518.266s][info][gc,phases      ] GC(1101)   Post Evacuate Collection Set: 1.26ms
[7518.266s][info][gc,phases      ] GC(1101)   Other: 0.08ms
[7518.266s][info][gc,heap        ] GC(1101) Eden regions: 714->0(714)
[7518.266s][info][gc,heap        ] GC(1101) Survivor regions: 54->54(96)
[7518.266s][info][gc,heap        ] GC(1101) Old regions: 210->213
[7518.266s][info][gc,heap        ] GC(1101) Humongous regions: 33->33
[7518.266s][info][gc,metaspace   ] GC(1101) Metaspace: 30028K(30528K)->30028K(30528K) NonClass: 24631K(24896K)->24631K(24896K) Class: 5397K(5632K)->5397K(5632K)
[7518.266s][info][gc             ] GC(1101) Pause Young (Normal) (G1 Evacuation Pause) 8055M->2370M(10240M) 172.624ms
[7518.266s][info][gc,cpu         ] GC(1101) User=1.36s Sys=0.00s Real=0.18s
....[7521.959s][info][gc,start       ] GC(1102) Pause Young (Normal) (G1 Evacuation Pause)
[7521.959s][info][gc,task        ] GC(1102) Using 8 workers of 8 for evacuation
[7522.125s][info][gc,phases      ] GC(1102)   Pre Evacuate Collection Set: 0.25ms
[7522.125s][info][gc,phases      ] GC(1102)   Merge Heap Roots: 0.59ms
[7522.125s][info][gc,phases      ] GC(1102)   Evacuate Collection Set: 164.34ms
[7522.125s][info][gc,phases      ] GC(1102)   Post Evacuate Collection Set: 1.26ms
[7522.125s][info][gc,phases      ] GC(1102)   Other: 0.06ms
[7522.125s][info][gc,heap        ] GC(1102) Eden regions: 714->0(715)
[7522.125s][info][gc,heap        ] GC(1102) Survivor regions: 54->53(96)
[7522.125s][info][gc,heap        ] GC(1102) Old regions: 213->216
[7522.125s][info][gc,heap        ] GC(1102) Humongous regions: 33->33
[7522.125s][info][gc,metaspace   ] GC(1102) Metaspace: 30028K(30528K)->30028K(30528K) NonClass: 24631K(24896K)->24631K(24896K) Class: 5397K(5632K)->5397K(5632K)
[7522.125s][info][gc             ] GC(1102) Pause Young (Normal) (G1 Evacuation Pause) 8082M->2380M(10240M) 166.671ms
[7522.125s][info][gc,cpu         ] GC(1102) User=1.31s Sys=0.00s Real=0.16s
....[7525.845s][info][gc,start       ] GC(1103) Pause Young (Normal) (G1 Evacuation Pause)
[7525.845s][info][gc,task        ] GC(1103) Using 8 workers of 8 for evacuation
[7526.013s][info][gc,phases      ] GC(1103)   Pre Evacuate Collection Set: 0.26ms
[7526.013s][info][gc,phases      ] GC(1103)   Merge Heap Roots: 0.52ms
[7526.013s][info][gc,phases      ] GC(1103)   Evacuate Collection Set: 165.66ms
[7526.013s][info][gc,phases      ] GC(1103)   Post Evacuate Collection Set: 1.26ms
[7526.013s][info][gc,phases      ] GC(1103)   Other: 0.08ms
[7526.013s][info][gc,heap        ] GC(1103) Eden regions: 715->0(716)
[7526.013s][info][gc,heap        ] GC(1103) Survivor regions: 53->52(96)
[7526.013s][info][gc,heap        ] GC(1103) Old regions: 216->219
[7526.013s][info][gc,heap        ] GC(1103) Humongous regions: 33->33
[7526.013s][info][gc,metaspace   ] GC(1103) Metaspace: 30028K(30528K)->30028K(30528K) NonClass: 24631K(24896K)->24631K(24896K) Class: 5397K(5632K)->5397K(5632K)
[7526.013s][info][gc             ] GC(1103) Pause Young (Normal) (G1 Evacuation Pause) 8100M->2398M(10240M) 167.899ms
[7526.013s][info][gc,cpu         ] GC(1103) User=1.32s Sys=0.00s Real=0.17s
....[7529.729s][info][gc,start       ] GC(1104) Pause Young (Normal) (G1 Evacuation Pause)
[7529.729s][info][gc,task        ] GC(1104) Using 8 workers of 8 for evacuation
[7529.895s][info][gc,phases      ] GC(1104)   Pre Evacuate Collection Set: 0.27ms
[7529.895s][info][gc,phases      ] GC(1104)   Merge Heap Roots: 0.61ms
[7529.895s][info][gc,phases      ] GC(1104)   Evacuate Collection Set: 164.39ms
[7529.895s][info][gc,phases      ] GC(1104)   Post Evacuate Collection Set: 1.27ms
[7529.895s][info][gc,phases      ] GC(1104)   Other: 0.06ms
[7529.895s][info][gc,heap        ] GC(1104) Eden regions: 716->0(716)
[7529.895s][info][gc,heap        ] GC(1104) Survivor regions: 52->52(96)
[7529.895s][info][gc,heap        ] GC(1104) Old regions: 219->222
[7529.895s][info][gc,heap        ] GC(1104) Humongous regions: 33->33
[7529.895s][info][gc,metaspace   ] GC(1104) Metaspace: 30028K(30528K)->30028K(30528K) NonClass: 24631K(24896K)->24631K(24896K) Class: 5397K(5632K)->5397K(5632K)
[7529.895s][info][gc             ] GC(1104) Pause Young (Normal) (G1 Evacuation Pause) 8126M->2420M(10240M) 166.733ms
[7529.896s][info][gc,cpu         ] GC(1104) User=1.31s Sys=0.00s Real=0.16s
....[7533.622s][info][gc,start       ] GC(1105) Pause Young (Normal) (G1 Evacuation Pause)
[7533.622s][info][gc,task        ] GC(1105) Using 8 workers of 8 for evacuation
[7533.792s][info][gc,phases      ] GC(1105)   Pre Evacuate Collection Set: 0.30ms
[7533.792s][info][gc,phases      ] GC(1105)   Merge Heap Roots: 0.53ms
[7533.792s][info][gc,phases      ] GC(1105)   Evacuate Collection Set: 167.58ms
[7533.792s][info][gc,phases      ] GC(1105)   Post Evacuate Collection Set: 1.27ms
[7533.792s][info][gc,phases      ] GC(1105)   Other: 0.06ms
[7533.792s][info][gc,heap        ] GC(1105) Eden regions: 716->0(714)
[7533.792s][info][gc,heap        ] GC(1105) Survivor regions: 52->54(96)
[7533.792s][info][gc,heap        ] GC(1105) Old regions: 222->224
[7533.792s][info][gc,heap        ] GC(1105) Humongous regions: 33->33
[7533.792s][info][gc,metaspace   ] GC(1105) Metaspace: 30028K(30528K)->30028K(30528K) NonClass: 24631K(24896K)->24631K(24896K) Class: 5397K(5632K)->5397K(5632K)
[7533.792s][info][gc             ] GC(1105) Pause Young (Normal) (G1 Evacuation Pause) 8148M->2454M(10240M) 169.878ms
[7533.792s][info][gc,cpu         ] GC(1105) User=1.33s Sys=0.00s Real=0.17s
... (rIR:aIR:PR = 12453:12464:12484) (tPR = 184828) [OK] 
  7536s: Performance info:
         Transaction,    Success,    Partial,     Failed,   Receipts, AvgBarcode, 
             Overall,     751924,          0,          0,     713754,      59.48, 
         Response times:
             Request,    Success,    Partial,     Failed,   SkipFail,     Probes,    Samples,      min,      p50,      p90,      p95,      p99,      max, 
       TotalPurchase,     712673,          0,          0,          0,     348482,     459252,      300,    25000,   117000,   158000,   262000,  1600000,
     InStorePurchase,     376811,          0,          0,          0,     182286,     240627,      400,    25000,   116000,   158000,   264000,  1500000,
      OnlinePurchase,     262129,          0,          0,          0,     129105,     170017,      300,    25000,   118000,   159000,   264000,  1600000,
        InstPurchase,      73733,          0,          0,          0,      37091,      48608,      500,    25000,   113000,   155000,   248000,  1500000,
          AssocOfCat,        751,          0,          0,          0,        657,        967,    35000,    82000,   166000,   217000,   283640,  1800000,
      AssocOfProduct,       7607,          0,          0,          0,       3520,       4896,     1000,    25000,   115000,   159000,   251030,  1200000,
      BusinessReport,       1872,          0,          0,          0,       1685,       2401,    37000,    95000,   190000,   234000,   322000,  1100000,
          CustBuyBeh,       7506,          0,          0,          0,       3540,       4955,      600,    26000,   114000,   158200,   249440,  1300000,
       ProductReturn,      20278,          0,          0,          0,       9520,      12709,      300,    23000,   109000,   150000,   222800,  1700000,

  7536s: (91%)   IR =  12592 [7537.478s][info][gc,start       ] GC(1106) Pause Young (Normal) (G1 Evacuation Pause)
[7537.478s][info][gc,task        ] GC(1106) Using 8 workers of 8 for evacuation
[7537.653s][info][gc,phases      ] GC(1106)   Pre Evacuate Collection Set: 0.30ms
[7537.653s][info][gc,phases      ] GC(1106)   Merge Heap Roots: 0.60ms
[7537.653s][info][gc,phases      ] GC(1106)   Evacuate Collection Set: 171.79ms
[7537.653s][info][gc,phases      ] GC(1106)   Post Evacuate Collection Set: 1.30ms
[7537.653s][info][gc,phases      ] GC(1106)   Other: 0.81ms
[7537.653s][info][gc,heap        ] GC(1106) Eden regions: 714->0(714)
[7537.653s][info][gc,heap        ] GC(1106) Survivor regions: 54->54(96)
[7537.653s][info][gc,heap        ] GC(1106) Old regions: 224->227
[7537.653s][info][gc,heap        ] GC(1106) Humongous regions: 33->33
[7537.653s][info][gc,metaspace   ] GC(1106) Metaspace: 30028K(30528K)->30028K(30528K) NonClass: 24631K(24896K)->24631K(24896K) Class: 5397K(5632K)->5397K(5632K)
[7537.653s][info][gc             ] GC(1106) Pause Young (Normal) (G1 Evacuation Pause) 8166M->2481M(10240M) 174.928ms
[7537.653s][info][gc,cpu         ] GC(1106) User=1.37s Sys=0.00s Real=0.17s
....[7541.313s][info][gc,start       ] GC(1107) Pause Young (Normal) (G1 Evacuation Pause)
[7541.313s][info][gc,task        ] GC(1107) Using 8 workers of 8 for evacuation
[7541.484s][info][gc,phases      ] GC(1107)   Pre Evacuate Collection Set: 0.27ms
[7541.484s][info][gc,phases      ] GC(1107)   Merge Heap Roots: 0.53ms
[7541.484s][info][gc,phases      ] GC(1107)   Evacuate Collection Set: 168.19ms
[7541.484s][info][gc,phases      ] GC(1107)   Post Evacuate Collection Set: 1.29ms
[7541.484s][info][gc,phases      ] GC(1107)   Other: 0.07ms
[7541.484s][info][gc,heap        ] GC(1107) Eden regions: 714->0(715)
[7541.484s][info][gc,heap        ] GC(1107) Survivor regions: 54->53(96)
[7541.484s][info][gc,heap        ] GC(1107) Old regions: 227->230
[7541.484s][info][gc,heap        ] GC(1107) Humongous regions: 33->33
[7541.484s][info][gc,metaspace   ] GC(1107) Metaspace: 30028K(30528K)->30028K(30528K) NonClass: 24631K(24896K)->24631K(24896K) Class: 5397K(5632K)->5397K(5632K)
[7541.484s][info][gc             ] GC(1107) Pause Young (Normal) (G1 Evacuation Pause) 8193M->2496M(10240M) 170.482ms
[7541.484s][info][gc,cpu         ] GC(1107) User=1.35s Sys=0.00s Real=0.17s
....[7545.189s][info][gc,start       ] GC(1108) Pause Young (Normal) (G1 Evacuation Pause)
[7545.189s][info][gc,task        ] GC(1108) Using 8 workers of 8 for evacuation
[7545.362s][info][gc,phases      ] GC(1108)   Pre Evacuate Collection Set: 0.26ms
[7545.362s][info][gc,phases      ] GC(1108)   Merge Heap Roots: 0.53ms
[7545.362s][info][gc,phases      ] GC(1108)   Evacuate Collection Set: 170.27ms
[7545.362s][info][gc,phases      ] GC(1108)   Post Evacuate Collection Set: 1.30ms
[7545.362s][info][gc,phases      ] GC(1108)   Other: 0.07ms
[7545.362s][info][gc,heap        ] GC(1108) Eden regions: 715->0(714)
[7545.362s][info][gc,heap        ] GC(1108) Survivor regions: 53->54(96)
[7545.362s][info][gc,heap        ] GC(1108) Old regions: 230->233
[7545.362s][info][gc,heap        ] GC(1108) Humongous regions: 33->33
[7545.362s][info][gc,metaspace   ] GC(1108) Metaspace: 30028K(30528K)->30028K(30528K) NonClass: 24631K(24896K)->24631K(24896K) Class: 5397K(5632K)->5397K(5632K)
[7545.362s][info][gc             ] GC(1108) Pause Young (Normal) (G1 Evacuation Pause) 8216M->2523M(10240M) 172.580ms
[7545.362s][info][gc,cpu         ] GC(1108) User=1.35s Sys=0.01s Real=0.17s
....[7548.958s][info][gc,start       ] GC(1109) Pause Young (Normal) (G1 Evacuation Pause)
[7548.958s][info][gc,task        ] GC(1109) Using 8 workers of 8 for evacuation
[7549.135s][info][gc,phases      ] GC(1109)   Pre Evacuate Collection Set: 0.27ms
[7549.135s][info][gc,phases      ] GC(1109)   Merge Heap Roots: 0.53ms
[7549.135s][info][gc,phases      ] GC(1109)   Evacuate Collection Set: 174.99ms
[7549.135s][info][gc,phases      ] GC(1109)   Post Evacuate Collection Set: 1.28ms
[7549.135s][info][gc,phases      ] GC(1109)   Other: 0.07ms
[7549.135s][info][gc,heap        ] GC(1109) Eden regions: 714->0(712)
[7549.135s][info][gc,heap        ] GC(1109) Survivor regions: 54->56(96)
[7549.135s][info][gc,heap        ] GC(1109) Old regions: 233->236
[7549.135s][info][gc,heap        ] GC(1109) Humongous regions: 33->33
[7549.135s][info][gc,metaspace   ] GC(1109) Metaspace: 30028K(30528K)->30028K(30528K) NonClass: 24631K(24896K)->24631K(24896K) Class: 5397K(5632K)->5397K(5632K)
[7549.135s][info][gc             ] GC(1109) Pause Young (Normal) (G1 Evacuation Pause) 8235M->2562M(10240M) 177.267ms
[7549.135s][info][gc,cpu         ] GC(1109) User=1.39s Sys=0.00s Real=0.17s
....[7552.747s][info][gc,start       ] GC(1110) Pause Young (Normal) (G1 Evacuation Pause)
[7552.747s][info][gc,task        ] GC(1110) Using 8 workers of 8 for evacuation
[7552.914s][info][gc,phases      ] GC(1110)   Pre Evacuate Collection Set: 0.26ms
[7552.915s][info][gc,phases      ] GC(1110)   Merge Heap Roots: 0.53ms
[7552.915s][info][gc,phases      ] GC(1110)   Evacuate Collection Set: 165.33ms
[7552.915s][info][gc,phases      ] GC(1110)   Post Evacuate Collection Set: 1.25ms
[7552.915s][info][gc,phases      ] GC(1110)   Other: 0.07ms
[7552.915s][info][gc,heap        ] GC(1110) Eden regions: 712->0(716)
[7552.915s][info][gc,heap        ] GC(1110) Survivor regions: 56->52(96)
[7552.915s][info][gc,heap        ] GC(1110) Old regions: 236->239
[7552.915s][info][gc,heap        ] GC(1110) Humongous regions: 33->33
[7552.915s][info][gc,metaspace   ] GC(1110) Metaspace: 30028K(30528K)->30028K(30528K) NonClass: 24631K(24896K)->24631K(24896K) Class: 5397K(5632K)->5397K(5632K)
[7552.915s][info][gc             ] GC(1110) Pause Young (Normal) (G1 Evacuation Pause) 8258M->2556M(10240M) 167.566ms
[7552.915s][info][gc,cpu         ] GC(1110) User=1.32s Sys=0.00s Real=0.16s
....|[7556.694s][info][gc,start       ] GC(1111) Pause Young (Normal) (G1 Evacuation Pause)
[7556.694s][info][gc,task        ] GC(1111) Using 8 workers of 8 for evacuation
[7556.861s][info][gc,phases      ] GC(1111)   Pre Evacuate Collection Set: 0.26ms
[7556.861s][info][gc,phases      ] GC(1111)   Merge Heap Roots: 0.54ms
[7556.861s][info][gc,phases      ] GC(1111)   Evacuate Collection Set: 164.70ms
[7556.861s][info][gc,phases      ] GC(1111)   Post Evacuate Collection Set: 1.25ms
[7556.861s][info][gc,phases      ] GC(1111)   Other: 0.08ms
[7556.861s][info][gc,heap        ] GC(1111) Eden regions: 716->0(715)
[7556.861s][info][gc,heap        ] GC(1111) Survivor regions: 52->53(96)
[7556.861s][info][gc,heap        ] GC(1111) Old regions: 239->241
[7556.861s][info][gc,heap        ] GC(1111) Humongous regions: 33->33
[7556.861s][info][gc,metaspace   ] GC(1111) Metaspace: 30028K(30528K)->30028K(30528K) NonClass: 24631K(24896K)->24631K(24896K) Class: 5397K(5632K)->5397K(5632K)
[7556.861s][info][gc             ] GC(1111) Pause Young (Normal) (G1 Evacuation Pause) 8284M->2583M(10240M) 166.991ms
[7556.861s][info][gc,cpu         ] GC(1111) User=1.31s Sys=0.00s Real=0.17s
...[7560.551s][info][gc,start       ] GC(1112) Pause Young (Normal) (G1 Evacuation Pause)
[7560.551s][info][gc,task        ] GC(1112) Using 8 workers of 8 for evacuation
[7560.731s][info][gc,phases      ] GC(1112)   Pre Evacuate Collection Set: 0.25ms
[7560.731s][info][gc,phases      ] GC(1112)   Merge Heap Roots: 0.53ms
[7560.731s][info][gc,phases      ] GC(1112)   Evacuate Collection Set: 178.11ms
[7560.731s][info][gc,phases      ] GC(1112)   Post Evacuate Collection Set: 1.27ms
[7560.731s][info][gc,phases      ] GC(1112)   Other: 0.06ms
[7560.731s][info][gc,heap        ] GC(1112) Eden regions: 715->0(712)
[7560.731s][info][gc,heap        ] GC(1112) Survivor regions: 53->56(96)
[7560.731s][info][gc,heap        ] GC(1112) Old regions: 241->244
[7560.731s][info][gc,heap        ] GC(1112) Humongous regions: 33->33
[7560.731s][info][gc,metaspace   ] GC(1112) Metaspace: 30028K(30528K)->30028K(30528K) NonClass: 24631K(24896K)->24631K(24896K) Class: 5397K(5632K)->5397K(5632K)
[7560.731s][info][gc             ] GC(1112) Pause Young (Normal) (G1 Evacuation Pause) 8303M->2631M(10240M) 180.336ms
[7560.731s][info][gc,cpu         ] GC(1112) User=1.42s Sys=0.00s Real=0.18s
....[7564.280s][info][gc,start       ] GC(1113) Pause Young (Normal) (G1 Evacuation Pause)
[7564.280s][info][gc,task        ] GC(1113) Using 8 workers of 8 for evacuation
[7564.451s][info][gc,phases      ] GC(1113)   Pre Evacuate Collection Set: 0.26ms
[7564.451s][info][gc,phases      ] GC(1113)   Merge Heap Roots: 0.52ms
[7564.451s][info][gc,phases      ] GC(1113)   Evacuate Collection Set: 169.62ms
[7564.451s][info][gc,phases      ] GC(1113)   Post Evacuate Collection Set: 1.30ms
[7564.451s][info][gc,phases      ] GC(1113)   Other: 0.09ms
[7564.451s][info][gc,heap        ] GC(1113) Eden regions: 712->0(714)
[7564.451s][info][gc,heap        ] GC(1113) Survivor regions: 56->54(96)
[7564.451s][info][gc,heap        ] GC(1113) Old regions: 244->247
[7564.451s][info][gc,heap        ] GC(1113) Humongous regions: 33->33
[7564.451s][info][gc,metaspace   ] GC(1113) Metaspace: 30028K(30528K)->30028K(30528K) NonClass: 24631K(24896K)->24631K(24896K) Class: 5397K(5632K)->5397K(5632K)
[7564.451s][info][gc             ] GC(1113) Pause Young (Normal) (G1 Evacuation Pause) 8327M->2642M(10240M) 171.917ms
[7564.451s][info][gc,cpu         ] GC(1113) User=1.36s Sys=0.01s Real=0.17s
....[7568.095s][info][gc,start       ] GC(1114) Pause Young (Normal) (G1 Evacuation Pause)
[7568.095s][info][gc,task        ] GC(1114) Using 8 workers of 8 for evacuation
[7568.269s][info][gc,phases      ] GC(1114)   Pre Evacuate Collection Set: 0.26ms
[7568.269s][info][gc,phases      ] GC(1114)   Merge Heap Roots: 0.56ms
[7568.269s][info][gc,phases      ] GC(1114)   Evacuate Collection Set: 171.68ms
[7568.269s][info][gc,phases      ] GC(1114)   Post Evacuate Collection Set: 1.28ms
[7568.269s][info][gc,phases      ] GC(1114)   Other: 0.07ms
[7568.269s][info][gc,heap        ] GC(1114) Eden regions: 714->0(714)
[7568.269s][info][gc,heap        ] GC(1114) Survivor regions: 54->54(96)
[7568.269s][info][gc,heap        ] GC(1114) Old regions: 247->250
[7568.269s][info][gc,heap        ] GC(1114) Humongous regions: 33->33
[7568.269s][info][gc,metaspace   ] GC(1114) Metaspace: 30028K(30528K)->30028K(30528K) NonClass: 24631K(24896K)->24631K(24896K) Class: 5397K(5632K)->5397K(5632K)
[7568.269s][info][gc             ] GC(1114) Pause Young (Normal) (G1 Evacuation Pause) 8354M->2660M(10240M) 173.995ms
[7568.269s][info][gc,cpu         ] GC(1114) User=1.37s Sys=0.00s Real=0.18s
....[7571.920s][info][gc,start       ] GC(1115) Pause Young (Normal) (G1 Evacuation Pause)
[7571.921s][info][gc,task        ] GC(1115) Using 8 workers of 8 for evacuation
[7572.089s][info][gc,phases      ] GC(1115)   Pre Evacuate Collection Set: 0.27ms
[7572.089s][info][gc,phases      ] GC(1115)   Merge Heap Roots: 0.53ms
[7572.089s][info][gc,phases      ] GC(1115)   Evacuate Collection Set: 166.81ms
[7572.089s][info][gc,phases      ] GC(1115)   Post Evacuate Collection Set: 1.28ms
[7572.090s][info][gc,phases      ] GC(1115)   Other: 0.06ms
[7572.090s][info][gc,heap        ] GC(1115) Eden regions: 714->0(715)
[7572.090s][info][gc,heap        ] GC(1115) Survivor regions: 54->53(96)
[7572.090s][info][gc,heap        ] GC(1115) Old regions: 250->253
[7572.090s][info][gc,heap        ] GC(1115) Humongous regions: 33->33
[7572.090s][info][gc,metaspace   ] GC(1115) Metaspace: 30028K(30528K)->30028K(30528K) NonClass: 24631K(24896K)->24631K(24896K) Class: 5397K(5632K)->5397K(5632K)
[7572.090s][info][gc             ] GC(1115) Pause Young (Normal) (G1 Evacuation Pause) 8372M->2678M(10240M) 169.094ms
[7572.090s][info][gc,cpu         ] GC(1115) User=1.33s Sys=0.00s Real=0.17s
...[7575.698s][info][gc,start       ] GC(1116) Pause Young (Normal) (G1 Evacuation Pause)
[7575.698s][info][gc,task        ] GC(1116) Using 8 workers of 8 for evacuation
[7575.869s][info][gc,phases      ] GC(1116)   Pre Evacuate Collection Set: 0.28ms
[7575.869s][info][gc,phases      ] GC(1116)   Merge Heap Roots: 0.53ms
[7575.869s][info][gc,phases      ] GC(1116)   Evacuate Collection Set: 168.78ms
[7575.869s][info][gc,phases      ] GC(1116)   Post Evacuate Collection Set: 1.27ms
[7575.869s][info][gc,phases      ] GC(1116)   Other: 0.07ms
[7575.869s][info][gc,heap        ] GC(1116) Eden regions: 715->0(714)
[7575.869s][info][gc,heap        ] GC(1116) Survivor regions: 53->54(96)
[7575.869s][info][gc,heap        ] GC(1116) Old regions: 253->256
[7575.869s][info][gc,heap        ] GC(1116) Humongous regions: 33->33
[7575.869s][info][gc,metaspace   ] GC(1116) Metaspace: 30028K(30528K)->30028K(30528K) NonClass: 24631K(24896K)->24631K(24896K) Class: 5397K(5632K)->5397K(5632K)
[7575.869s][info][gc             ] GC(1116) Pause Young (Normal) (G1 Evacuation Pause) 8398M->2708M(10240M) 171.072ms
[7575.869s][info][gc,cpu         ] GC(1116) User=1.34s Sys=0.00s Real=0.17s
....[7579.567s][info][gc,start       ] GC(1117) Pause Young (Normal) (G1 Evacuation Pause)
[7579.567s][info][gc,task        ] GC(1117) Using 8 workers of 8 for evacuation
[7579.748s][info][gc,phases      ] GC(1117)   Pre Evacuate Collection Set: 0.26ms
[7579.748s][info][gc,phases      ] GC(1117)   Merge Heap Roots: 0.54ms
[7579.748s][info][gc,phases      ] GC(1117)   Evacuate Collection Set: 178.16ms
[7579.748s][info][gc,phases      ] GC(1117)   Post Evacuate Collection Set: 1.24ms
[7579.748s][info][gc,phases      ] GC(1117)   Other: 0.06ms
[7579.748s][info][gc,heap        ] GC(1117) Eden regions: 714->0(712)
[7579.748s][info][gc,heap        ] GC(1117) Survivor regions: 54->56(96)
[7579.748s][info][gc,heap        ] GC(1117) Old regions: 256->258
[7579.748s][info][gc,heap        ] GC(1117) Humongous regions: 33->33
[7579.748s][info][gc,metaspace   ] GC(1117) Metaspace: 30028K(30528K)->30028K(30528K) NonClass: 24631K(24896K)->24631K(24896K) Class: 5397K(5632K)->5397K(5632K)
[7579.748s][info][gc             ] GC(1117) Pause Young (Normal) (G1 Evacuation Pause) 8420M->2743M(10240M) 180.396ms
[7579.748s][info][gc,cpu         ] GC(1117) User=1.41s Sys=0.01s Real=0.18s
....[7583.384s][info][gc,start       ] GC(1118) Pause Young (Normal) (G1 Evacuation Pause)
[7583.384s][info][gc,task        ] GC(1118) Using 8 workers of 8 for evacuation
[7583.551s][info][gc,phases      ] GC(1118)   Pre Evacuate Collection Set: 0.26ms
[7583.551s][info][gc,phases      ] GC(1118)   Merge Heap Roots: 0.61ms
[7583.551s][info][gc,phases      ] GC(1118)   Evacuate Collection Set: 165.48ms
[7583.551s][info][gc,phases      ] GC(1118)   Post Evacuate Collection Set: 1.24ms
[7583.551s][info][gc,phases      ] GC(1118)   Other: 0.07ms
[7583.551s][info][gc,heap        ] GC(1118) Eden regions: 712->0(715)
[7583.551s][info][gc,heap        ] GC(1118) Survivor regions: 56->53(96)
[7583.551s][info][gc,heap        ] GC(1118) Old regions: 258->261
[7583.551s][info][gc,heap        ] GC(1118) Humongous regions: 33->33
[7583.551s][info][gc,metaspace   ] GC(1118) Metaspace: 30028K(30528K)->30028K(30528K) NonClass: 24631K(24896K)->24631K(24896K) Class: 5397K(5632K)->5397K(5632K)
[7583.551s][info][gc             ] GC(1118) Pause Young (Normal) (G1 Evacuation Pause) 8439M->2741M(10240M) 167.806ms
[7583.551s][info][gc,cpu         ] GC(1118) User=1.32s Sys=0.00s Real=0.17s
....[7587.233s][info][gc,start       ] GC(1119) Pause Young (Normal) (G1 Evacuation Pause)
[7587.233s][info][gc,task        ] GC(1119) Using 8 workers of 8 for evacuation
[7587.406s][info][gc,phases      ] GC(1119)   Pre Evacuate Collection Set: 0.26ms
[7587.406s][info][gc,phases      ] GC(1119)   Merge Heap Roots: 0.53ms
[7587.406s][info][gc,phases      ] GC(1119)   Evacuate Collection Set: 171.07ms
[7587.406s][info][gc,phases      ] GC(1119)   Post Evacuate Collection Set: 1.28ms
[7587.406s][info][gc,phases      ] GC(1119)   Other: 0.07ms
[7587.406s][info][gc,heap        ] GC(1119) Eden regions: 715->0(714)
[7587.406s][info][gc,heap        ] GC(1119) Survivor regions: 53->54(96)
[7587.406s][info][gc,heap        ] GC(1119) Old regions: 261->264
[7587.406s][info][gc,heap        ] GC(1119) Humongous regions: 33->33
[7587.406s][info][gc,metaspace   ] GC(1119) Metaspace: 30028K(30528K)->30028K(30528K) NonClass: 24631K(24896K)->24631K(24896K) Class: 5397K(5632K)->5397K(5632K)
[7587.406s][info][gc             ] GC(1119) Pause Young (Normal) (G1 Evacuation Pause) 8461M->2772M(10240M) 173.363ms
[7587.406s][info][gc,cpu         ] GC(1119) User=1.36s Sys=0.00s Real=0.18s
....[7591.046s][info][gc,start       ] GC(1120) Pause Young (Normal) (G1 Evacuation Pause)
[7591.046s][info][gc,task        ] GC(1120) Using 8 workers of 8 for evacuation
[7591.218s][info][gc,phases      ] GC(1120)   Pre Evacuate Collection Set: 0.26ms
[7591.218s][info][gc,phases      ] GC(1120)   Merge Heap Roots: 0.54ms
[7591.218s][info][gc,phases      ] GC(1120)   Evacuate Collection Set: 169.34ms
[7591.218s][info][gc,phases      ] GC(1120)   Post Evacuate Collection Set: 1.30ms
[7591.218s][info][gc,phases      ] GC(1120)   Other: 0.06ms
[7591.218s][info][gc,heap        ] GC(1120) Eden regions: 714->0(715)
[7591.218s][info][gc,heap        ] GC(1120) Survivor regions: 54->53(96)
[7591.218s][info][gc,heap        ] GC(1120) Old regions: 264->267
[7591.218s][info][gc,heap        ] GC(1120) Humongous regions: 33->33
[7591.218s][info][gc,metaspace   ] GC(1120) Metaspace: 30028K(30528K)->30028K(30528K) NonClass: 24631K(24896K)->24631K(24896K) Class: 5397K(5632K)->5397K(5632K)
[7591.218s][info][gc             ] GC(1120) Pause Young (Normal) (G1 Evacuation Pause) 8484M->2791M(10240M) 171.644ms
[7591.218s][info][gc,cpu         ] GC(1120) User=1.35s Sys=0.00s Real=0.17s
...[7594.855s][info][gc,start       ] GC(1121) Pause Young (Normal) (G1 Evacuation Pause)
[7594.855s][info][gc,task        ] GC(1121) Using 8 workers of 8 for evacuation
[7595.024s][info][gc,phases      ] GC(1121)   Pre Evacuate Collection Set: 0.24ms
[7595.024s][info][gc,phases      ] GC(1121)   Merge Heap Roots: 0.54ms
[7595.024s][info][gc,phases      ] GC(1121)   Evacuate Collection Set: 167.11ms
[7595.024s][info][gc,phases      ] GC(1121)   Post Evacuate Collection Set: 1.28ms
[7595.024s][info][gc,phases      ] GC(1121)   Other: 0.06ms
[7595.024s][info][gc,heap        ] GC(1121) Eden regions: 715->0(715)
[7595.024s][info][gc,heap        ] GC(1121) Survivor regions: 53->53(96)
[7595.024s][info][gc,heap        ] GC(1121) Old regions: 267->270
[7595.024s][info][gc,heap        ] GC(1121) Humongous regions: 33->33
[7595.024s][info][gc,metaspace   ] GC(1121) Metaspace: 30028K(30528K)->30028K(30528K) NonClass: 24631K(24896K)->24631K(24896K) Class: 5397K(5632K)->5397K(5632K)
[7595.024s][info][gc             ] GC(1121) Pause Young (Normal) (G1 Evacuation Pause) 8511M->2813M(10240M) 169.364ms
[7595.024s][info][gc,cpu         ] GC(1121) User=1.34s Sys=0.00s Real=0.17s
....[7598.723s][info][gc,start       ] GC(1122) Pause Young (Normal) (G1 Evacuation Pause)
[7598.723s][info][gc,task        ] GC(1122) Using 8 workers of 8 for evacuation
[7598.891s][info][gc,phases      ] GC(1122)   Pre Evacuate Collection Set: 0.27ms
[7598.891s][info][gc,phases      ] GC(1122)   Merge Heap Roots: 0.62ms
[7598.891s][info][gc,phases      ] GC(1122)   Evacuate Collection Set: 165.97ms
[7598.891s][info][gc,phases      ] GC(1122)   Post Evacuate Collection Set: 1.29ms
[7598.891s][info][gc,phases      ] GC(1122)   Other: 0.06ms
[7598.891s][info][gc,heap        ] GC(1122) Eden regions: 715->0(715)
[7598.891s][info][gc,heap        ] GC(1122) Survivor regions: 53->53(96)
[7598.891s][info][gc,heap        ] GC(1122) Old regions: 270->273
[7598.891s][info][gc,heap        ] GC(1122) Humongous regions: 33->33
[7598.891s][info][gc,metaspace   ] GC(1122) Metaspace: 30028K(30528K)->30028K(30528K) NonClass: 24631K(24896K)->24631K(24896K) Class: 5397K(5632K)->5397K(5632K)
[7598.891s][info][gc             ] GC(1122) Pause Young (Normal) (G1 Evacuation Pause) 8533M->2836M(10240M) 168.339ms
[7598.891s][info][gc,cpu         ] GC(1122) User=1.33s Sys=0.00s Real=0.17s
....[7602.539s][info][gc,start       ] GC(1123) Pause Young (Concurrent Start) (G1 Evacuation Pause)
[7602.539s][info][gc,task        ] GC(1123) Using 8 workers of 8 for evacuation
[7602.717s][info][gc,phases      ] GC(1123)   Pre Evacuate Collection Set: 0.29ms
[7602.717s][info][gc,phases      ] GC(1123)   Merge Heap Roots: 0.62ms
[7602.717s][info][gc,phases      ] GC(1123)   Evacuate Collection Set: 176.18ms
[7602.717s][info][gc,phases      ] GC(1123)   Post Evacuate Collection Set: 1.25ms
[7602.717s][info][gc,phases      ] GC(1123)   Other: 0.09ms
[7602.717s][info][gc,heap        ] GC(1123) Eden regions: 715->0(713)
[7602.717s][info][gc,heap        ] GC(1123) Survivor regions: 53->55(96)
[7602.717s][info][gc,heap        ] GC(1123) Old regions: 273->275
[7602.717s][info][gc,heap        ] GC(1123) Humongous regions: 33->33
[7602.717s][info][gc,metaspace   ] GC(1123) Metaspace: 30028K(30528K)->30028K(30528K) NonClass: 24631K(24896K)->24631K(24896K) Class: 5397K(5632K)->5397K(5632K)
[7602.717s][info][gc             ] GC(1123) Pause Young (Concurrent Start) (G1 Evacuation Pause) 8556M->2870M(10240M) 178.566ms
[7602.717s][info][gc             ] GC(1124) Concurrent Mark Cycle
[7602.717s][info][gc,marking     ] GC(1124) Concurrent Scan Root Regions
[7602.717s][info][gc,cpu         ] GC(1123) User=1.40s Sys=0.00s Real=0.18s
.[7603.077s][info][gc,marking     ] GC(1124) Concurrent Scan Root Regions 359.581ms
[7603.077s][info][gc,marking     ] GC(1124) Concurrent Mark
[7603.077s][info][gc,marking     ] GC(1124) Concurrent Mark From Roots
[7603.077s][info][gc,task        ] GC(1124) Using 2 workers of 2 for marking
.[7604.297s][info][gc,marking     ] GC(1124) Concurrent Mark From Roots 1220.284ms
[7604.297s][info][gc,marking     ] GC(1124) Concurrent Preclean
[7604.298s][info][gc,marking     ] GC(1124) Concurrent Preclean 0.277ms
[7604.298s][info][gc,start       ] GC(1124) Pause Remark
[7604.300s][info][metaspace      ] ChkMgr @0x00007f9e44541100 (non-class-space): : reclaiming memory...
[7604.300s][info][metaspace      ] ChkMgr @0x00007f9e44541100 (non-class-space): nothing reclaimed.
[7604.300s][info][metaspace      ] ChkMgr @0x00007f9e44540f40 (class-space): : reclaiming memory...
[7604.300s][info][metaspace      ] ChkMgr @0x00007f9e44540f40 (class-space): nothing reclaimed.
[7604.300s][info][gc             ] GC(1124) Pause Remark 4686M->4510M(10240M) 2.360ms
[7604.300s][info][gc,cpu         ] GC(1124) User=0.01s Sys=0.00s Real=0.00s
[7604.303s][info][gc,marking     ] GC(1124) Concurrent Mark 1225.676ms
[7604.303s][info][gc,marking     ] GC(1124) Concurrent Rebuild Remembered Sets and Scrub Regions
[7605.030s][info][gc,marking     ] GC(1124) Concurrent Rebuild Remembered Sets and Scrub Regions 727.593ms
[7605.031s][info][gc,start       ] GC(1124) Pause Cleanup
[7605.031s][info][gc             ] GC(1124) Pause Cleanup 5432M->5432M(10240M) 0.303ms
[7605.031s][info][gc,cpu         ] GC(1124) User=0.00s Sys=0.00s Real=0.00s
[7605.031s][info][gc,marking     ] GC(1124) Concurrent Clear Claimed Marks
[7605.031s][info][gc,marking     ] GC(1124) Concurrent Clear Claimed Marks 0.040ms
[7605.031s][info][gc,marking     ] GC(1124) Concurrent Cleanup for Next Mark
.[7605.049s][info][gc,marking     ] GC(1124) Concurrent Cleanup for Next Mark 17.766ms
[7605.049s][info][gc             ] GC(1124) Concurrent Mark Cycle 2331.398ms
.[7606.937s][info][gc,start       ] GC(1125) Pause Young (Prepare Mixed) (G1 Evacuation Pause)
[7606.937s][info][gc,task        ] GC(1125) Using 8 workers of 8 for evacuation
[7607.108s][info][gc,phases      ] GC(1125)   Pre Evacuate Collection Set: 0.27ms
[7607.108s][info][gc,phases      ] GC(1125)   Merge Heap Roots: 0.78ms
[7607.108s][info][gc,phases      ] GC(1125)   Evacuate Collection Set: 167.88ms
[7607.108s][info][gc,phases      ] GC(1125)   Post Evacuate Collection Set: 1.42ms
[7607.108s][info][gc,phases      ] GC(1125)   Other: 0.07ms
[7607.108s][info][gc,heap        ] GC(1125) Eden regions: 713->0(715)
[7607.108s][info][gc,heap        ] GC(1125) Survivor regions: 55->53(96)
[7607.108s][info][gc,heap        ] GC(1125) Old regions: 253->256
[7607.108s][info][gc,heap        ] GC(1125) Humongous regions: 33->33
[7607.108s][info][gc,metaspace   ] GC(1125) Metaspace: 30020K(30528K)->30020K(30528K) NonClass: 24626K(24896K)->24626K(24896K) Class: 5394K(5632K)->5394K(5632K)
[7607.108s][info][gc             ] GC(1125) Pause Young (Prepare Mixed) (G1 Evacuation Pause) 8398M->2704M(10240M) 170.562ms
[7607.108s][info][gc,cpu         ] GC(1125) User=1.34s Sys=0.00s Real=0.17s
....[7610.675s][info][gc,start       ] GC(1126) Pause Young (Mixed) (G1 Evacuation Pause)
[7610.675s][info][gc,task        ] GC(1126) Using 8 workers of 8 for evacuation
[7610.847s][info][gc,phases      ] GC(1126)   Pre Evacuate Collection Set: 0.30ms
[7610.848s][info][gc,phases      ] GC(1126)   Merge Heap Roots: 0.68ms
[7610.848s][info][gc,phases      ] GC(1126)   Evacuate Collection Set: 168.03ms
[7610.848s][info][gc,phases      ] GC(1126)   Merge Optional Heap Roots: 0.07ms
[7610.848s][info][gc,phases      ] GC(1126)   Evacuate Optional Collection Set: 2.05ms
[7610.848s][info][gc,phases      ] GC(1126)   Post Evacuate Collection Set: 1.48ms
[7610.848s][info][gc,phases      ] GC(1126)   Other: 0.08ms
[7610.848s][info][gc,heap        ] GC(1126) Eden regions: 715->0(715)
[7610.848s][info][gc,heap        ] GC(1126) Survivor regions: 53->53(96)
[7610.848s][info][gc,heap        ] GC(1126) Old regions: 256->136
[7610.848s][info][gc,heap        ] GC(1126) Humongous regions: 33->33
[7610.848s][info][gc,metaspace   ] GC(1126) Metaspace: 30020K(30528K)->30020K(30528K) NonClass: 24626K(24896K)->24626K(24896K) Class: 5394K(5632K)->5394K(5632K)
[7610.848s][info][gc             ] GC(1126) Pause Young (Mixed) (G1 Evacuation Pause) 8424M->1739M(10240M) 172.818ms
[7610.848s][info][gc,cpu         ] GC(1126) User=1.36s Sys=0.00s Real=0.18s
....[7614.437s][info][gc,start       ] GC(1127) Pause Young (Mixed) (G1 Evacuation Pause)
[7614.437s][info][gc,task        ] GC(1127) Using 8 workers of 8 for evacuation
[7614.617s][info][gc,phases      ] GC(1127)   Pre Evacuate Collection Set: 0.25ms
[7614.617s][info][gc,phases      ] GC(1127)   Merge Heap Roots: 0.58ms
[7614.617s][info][gc,phases      ] GC(1127)   Evacuate Collection Set: 177.73ms
[7614.617s][info][gc,phases      ] GC(1127)   Post Evacuate Collection Set: 1.22ms
[7614.617s][info][gc,phases      ] GC(1127)   Other: 0.07ms
[7614.617s][info][gc,heap        ] GC(1127) Eden regions: 715->0(713)
[7614.617s][info][gc,heap        ] GC(1127) Survivor regions: 53->55(96)
[7614.617s][info][gc,heap        ] GC(1127) Old regions: 136->133
[7614.617s][info][gc,heap        ] GC(1127) Humongous regions: 33->33
[7614.617s][info][gc,metaspace   ] GC(1127) Metaspace: 30020K(30528K)->30020K(30528K) NonClass: 24626K(24896K)->24626K(24896K) Class: 5394K(5632K)->5394K(5632K)
[7614.617s][info][gc             ] GC(1127) Pause Young (Mixed) (G1 Evacuation Pause) 7459M->1737M(10240M) 179.982ms
[7614.617s][info][gc,cpu         ] GC(1127) User=1.42s Sys=0.00s Real=0.18s
... (rIR:aIR:PR = 12592:12611:12549) (tPR = 185864) [OK] 
  7617s: Performance info:
         Transaction,    Success,    Partial,     Failed,   Receipts, AvgBarcode, 
             Overall,     758653,          0,          0,     720328,      59.47, 
         Response times:
             Request,    Success,    Partial,     Failed,   SkipFail,     Probes,    Samples,      min,      p50,      p90,      p95,      p99,      max, 
       TotalPurchase,     723935,          0,          0,          0,     333074,     487067,      300,    44000,   199000,   294000,   452000,  5600000,
     InStorePurchase,     382109,          0,          0,          0,     174692,     256219,      400,    44000,   197000,   289000,   449000,  5600000,
      OnlinePurchase,     265914,          0,          0,          0,     122354,     178505,      300,    44000,   202000,   296000,   450000,  5600000,
        InstPurchase,      75912,          0,          0,          0,      36028,      52343,      400,    44000,   204000,   305000,   475000,  5500000,
          AssocOfCat,        762,          0,          0,          0,        595,        961,    37000,   117000,   265800,   350500,   550180,   840000,
      AssocOfProduct,       7687,          0,          0,          0,       3502,       5322,     1200,    47000,   201000,   310000,   458000,   900000,
      BusinessReport,       1893,          0,          0,          0,       1669,       2529,    42000,   114000,   285000,   388000,   630000,  1600000,
          CustBuyBeh,       7714,          0,          0,          0,       3492,       5307,      700,    43000,   197000,   289000,   447000,   900000,
       ProductReturn,      20368,          0,          0,          0,       9546,      13775,      200,    43000,   200000,   301200,   502240,  5600000,

  7617s: (92%)   IR =  12730 [7618.209s][info][gc,start       ] GC(1128) Pause Young (Normal) (G1 Evacuation Pause)
[7618.209s][info][gc,task        ] GC(1128) Using 8 workers of 8 for evacuation
[7618.378s][info][gc,phases      ] GC(1128)   Pre Evacuate Collection Set: 0.29ms
[7618.378s][info][gc,phases      ] GC(1128)   Merge Heap Roots: 0.56ms
[7618.378s][info][gc,phases      ] GC(1128)   Evacuate Collection Set: 165.79ms
[7618.378s][info][gc,phases      ] GC(1128)   Post Evacuate Collection Set: 1.34ms
[7618.378s][info][gc,phases      ] GC(1128)   Other: 0.81ms
[7618.378s][info][gc,heap        ] GC(1128) Eden regions: 713->0(715)
[7618.378s][info][gc,heap        ] GC(1128) Survivor regions: 55->53(96)
[7618.378s][info][gc,heap        ] GC(1128) Old regions: 133->136
[7618.378s][info][gc,heap        ] GC(1128) Humongous regions: 33->33
[7618.378s][info][gc,metaspace   ] GC(1128) Metaspace: 30020K(30528K)->30020K(30528K) NonClass: 24626K(24896K)->24626K(24896K) Class: 5394K(5632K)->5394K(5632K)
[7618.378s][info][gc             ] GC(1128) Pause Young (Normal) (G1 Evacuation Pause) 7441M->1740M(10240M) 168.945ms
[7618.378s][info][gc,cpu         ] GC(1128) User=1.32s Sys=0.00s Real=0.17s
....[7621.921s][info][gc,start       ] GC(1129) Pause Young (Normal) (G1 Evacuation Pause)
[7621.921s][info][gc,task        ] GC(1129) Using 8 workers of 8 for evacuation
[7622.093s][info][gc,phases      ] GC(1129)   Pre Evacuate Collection Set: 0.27ms
[7622.093s][info][gc,phases      ] GC(1129)   Merge Heap Roots: 0.49ms
[7622.093s][info][gc,phases      ] GC(1129)   Evacuate Collection Set: 169.51ms
[7622.093s][info][gc,phases      ] GC(1129)   Post Evacuate Collection Set: 1.29ms
[7622.093s][info][gc,phases      ] GC(1129)   Other: 0.07ms
[7622.093s][info][gc,heap        ] GC(1129) Eden regions: 715->0(714)
[7622.093s][info][gc,heap        ] GC(1129) Survivor regions: 53->54(96)
[7622.093s][info][gc,heap        ] GC(1129) Old regions: 136->139
[7622.093s][info][gc,heap        ] GC(1129) Humongous regions: 33->33
[7622.093s][info][gc,metaspace   ] GC(1129) Metaspace: 30020K(30528K)->30020K(30528K) NonClass: 24626K(24896K)->24626K(24896K) Class: 5394K(5632K)->5394K(5632K)
[7622.093s][info][gc             ] GC(1129) Pause Young (Normal) (G1 Evacuation Pause) 7460M->1773M(10240M) 171.779ms
[7622.093s][info][gc,cpu         ] GC(1129) User=1.35s Sys=0.00s Real=0.17s
....[7625.720s][info][gc,start       ] GC(1130) Pause Young (Normal) (G1 Evacuation Pause)
[7625.720s][info][gc,task        ] GC(1130) Using 8 workers of 8 for evacuation
[7625.886s][info][gc,phases      ] GC(1130)   Pre Evacuate Collection Set: 0.27ms
[7625.886s][info][gc,phases      ] GC(1130)   Merge Heap Roots: 0.51ms
[7625.886s][info][gc,phases      ] GC(1130)   Evacuate Collection Set: 163.88ms
[7625.886s][info][gc,phases      ] GC(1130)   Post Evacuate Collection Set: 1.33ms
[7625.886s][info][gc,phases      ] GC(1130)   Other: 0.08ms
[7625.886s][info][gc,heap        ] GC(1130) Eden regions: 714->0(715)
[7625.886s][info][gc,heap        ] GC(1130) Survivor regions: 54->53(96)
[7625.886s][info][gc,heap        ] GC(1130) Old regions: 139->141
[7625.886s][info][gc,heap        ] GC(1130) Humongous regions: 33->33
[7625.886s][info][gc,metaspace   ] GC(1130) Metaspace: 30020K(30528K)->30020K(30528K) NonClass: 24626K(24896K)->24626K(24896K) Class: 5394K(5632K)->5394K(5632K)
[7625.886s][info][gc             ] GC(1130) Pause Young (Normal) (G1 Evacuation Pause) 7485M->1783M(10240M) 166.231ms
[7625.886s][info][gc,cpu         ] GC(1130) User=1.30s Sys=0.01s Real=0.17s
....[7629.432s][info][gc,start       ] GC(1131) Pause Young (Normal) (G1 Evacuation Pause)
[7629.432s][info][gc,task        ] GC(1131) Using 8 workers of 8 for evacuation
[7629.601s][info][gc,phases      ] GC(1131)   Pre Evacuate Collection Set: 0.30ms
[7629.601s][info][gc,phases      ] GC(1131)   Merge Heap Roots: 0.54ms
[7629.601s][info][gc,phases      ] GC(1131)   Evacuate Collection Set: 166.77ms
[7629.601s][info][gc,phases      ] GC(1131)   Post Evacuate Collection Set: 1.20ms
[7629.601s][info][gc,phases      ] GC(1131)   Other: 0.07ms
[7629.601s][info][gc,heap        ] GC(1131) Eden regions: 715->0(714)
[7629.601s][info][gc,heap        ] GC(1131) Survivor regions: 53->54(96)
[7629.601s][info][gc,heap        ] GC(1131) Old regions: 141->144
[7629.601s][info][gc,heap        ] GC(1131) Humongous regions: 33->33
[7629.601s][info][gc,metaspace   ] GC(1131) Metaspace: 30020K(30528K)->30020K(30528K) NonClass: 24626K(24896K)->24626K(24896K) Class: 5394K(5632K)->5394K(5632K)
[7629.601s][info][gc             ] GC(1131) Pause Young (Normal) (G1 Evacuation Pause) 7503M->1814M(10240M) 168.993ms
[7629.601s][info][gc,cpu         ] GC(1131) User=1.33s Sys=0.01s Real=0.17s
...[7633.215s][info][gc,start       ] GC(1132) Pause Young (Normal) (G1 Evacuation Pause)
[7633.215s][info][gc,task        ] GC(1132) Using 8 workers of 8 for evacuation
[7633.384s][info][gc,phases      ] GC(1132)   Pre Evacuate Collection Set: 0.26ms
[7633.384s][info][gc,phases      ] GC(1132)   Merge Heap Roots: 0.56ms
[7633.384s][info][gc,phases      ] GC(1132)   Evacuate Collection Set: 166.64ms
[7633.384s][info][gc,phases      ] GC(1132)   Post Evacuate Collection Set: 1.24ms
[7633.384s][info][gc,phases      ] GC(1132)   Other: 0.06ms
[7633.384s][info][gc,heap        ] GC(1132) Eden regions: 714->0(715)
[7633.384s][info][gc,heap        ] GC(1132) Survivor regions: 54->53(96)
[7633.384s][info][gc,heap        ] GC(1132) Old regions: 144->147
[7633.384s][info][gc,heap        ] GC(1132) Humongous regions: 33->33
[7633.384s][info][gc,metaspace   ] GC(1132) Metaspace: 30020K(30528K)->30020K(30528K) NonClass: 24626K(24896K)->24626K(24896K) Class: 5394K(5632K)->5394K(5632K)
[7633.384s][info][gc             ] GC(1132) Pause Young (Normal) (G1 Evacuation Pause) 7526M->1832M(10240M) 168.898ms
[7633.384s][info][gc,cpu         ] GC(1132) User=1.32s Sys=0.00s Real=0.17s
....[7636.993s][info][gc,start       ] GC(1133) Pause Young (Normal) (G1 Evacuation Pause)
[7636.993s][info][gc,task        ] GC(1133) Using 8 workers of 8 for evacuation
[7637.160s][info][gc,phases      ] GC(1133)   Pre Evacuate Collection Set: 0.25ms
[7637.160s][info][gc,phases      ] GC(1133)   Merge Heap Roots: 0.50ms
[7637.160s][info][gc,phases      ] GC(1133)   Evacuate Collection Set: 165.14ms
[7637.160s][info][gc,phases      ] GC(1133)   Post Evacuate Collection Set: 1.28ms
[7637.160s][info][gc,phases      ] GC(1133)   Other: 0.07ms
[7637.160s][info][gc,heap        ] GC(1133) Eden regions: 715->0(715)
[7637.160s][info][gc,heap        ] GC(1133) Survivor regions: 53->53(96)
[7637.160s][info][gc,heap        ] GC(1133) Old regions: 147->150
[7637.160s][info][gc,heap        ] GC(1133) Humongous regions: 33->33
[7637.160s][info][gc,metaspace   ] GC(1133) Metaspace: 30020K(30528K)->30020K(30528K) NonClass: 24626K(24896K)->24626K(24896K) Class: 5394K(5632K)->5394K(5632K)
[7637.160s][info][gc             ] GC(1133) Pause Young (Normal) (G1 Evacuation Pause) 7552M->1851M(10240M) 167.379ms
[7637.160s][info][gc,cpu         ] GC(1133) User=1.32s Sys=0.00s Real=0.17s
....[7640.730s][info][gc,start       ] GC(1134) Pause Young (Normal) (G1 Evacuation Pause)
[7640.730s][info][gc,task        ] GC(1134) Using 8 workers of 8 for evacuation
[7640.898s][info][gc,phases      ] GC(1134)   Pre Evacuate Collection Set: 0.25ms
[7640.898s][info][gc,phases      ] GC(1134)   Merge Heap Roots: 0.51ms
[7640.898s][info][gc,phases      ] GC(1134)   Evacuate Collection Set: 166.29ms
[7640.898s][info][gc,phases      ] GC(1134)   Post Evacuate Collection Set: 1.29ms
[7640.898s][info][gc,phases      ] GC(1134)   Other: 0.06ms
[7640.898s][info][gc,heap        ] GC(1134) Eden regions: 715->0(715)
[7640.898s][info][gc,heap        ] GC(1134) Survivor regions: 53->53(96)
[7640.898s][info][gc,heap        ] GC(1134) Old regions: 150->153
[7640.898s][info][gc,heap        ] GC(1134) Humongous regions: 33->33
[7640.898s][info][gc,metaspace   ] GC(1134) Metaspace: 30020K(30528K)->30020K(30528K) NonClass: 24626K(24896K)->24626K(24896K) Class: 5394K(5632K)->5394K(5632K)
[7640.898s][info][gc             ] GC(1134) Pause Young (Normal) (G1 Evacuation Pause) 7571M->1873M(10240M) 168.530ms
[7640.898s][info][gc,cpu         ] GC(1134) User=1.33s Sys=0.01s Real=0.17s
....[7644.449s][info][gc,start       ] GC(1135) Pause Young (Normal) (G1 Evacuation Pause)
[7644.449s][info][gc,task        ] GC(1135) Using 8 workers of 8 for evacuation
[7644.621s][info][gc,phases      ] GC(1135)   Pre Evacuate Collection Set: 0.26ms
[7644.621s][info][gc,phases      ] GC(1135)   Merge Heap Roots: 0.51ms
[7644.621s][info][gc,phases      ] GC(1135)   Evacuate Collection Set: 169.94ms
[7644.621s][info][gc,phases      ] GC(1135)   Post Evacuate Collection Set: 1.22ms
[7644.621s][info][gc,phases      ] GC(1135)   Other: 0.08ms
[7644.621s][info][gc,heap        ] GC(1135) Eden regions: 715->0(714)
[7644.621s][info][gc,heap        ] GC(1135) Survivor regions: 53->54(96)
[7644.621s][info][gc,heap        ] GC(1135) Old regions: 153->155
[7644.621s][info][gc,heap        ] GC(1135) Humongous regions: 33->33
[7644.621s][info][gc,metaspace   ] GC(1135) Metaspace: 30020K(30528K)->30020K(30528K) NonClass: 24626K(24896K)->24626K(24896K) Class: 5394K(5632K)->5394K(5632K)
[7644.621s][info][gc             ] GC(1135) Pause Young (Normal) (G1 Evacuation Pause) 7593M->1903M(10240M) 172.145ms
[7644.621s][info][gc,cpu         ] GC(1135) User=1.35s Sys=0.00s Real=0.17s
... (rIR:aIR:PR = 12730:12733:12869) (tPR = 190532) [PR is over limit] 
  7647s: Performance info:
         Transaction,    Success,    Partial,     Failed,   Receipts, AvgBarcode, 
             Overall,     257563,          0,          0,     244658,      59.48, 
         Response times:
             Request,    Success,    Partial,     Failed,   SkipFail,     Probes,    Samples,      min,      p50,      p90,      p95,      p99,      max, 
       TotalPurchase,     242119,          0,          0,          0,     103980,     178115,      400,   110000,   277000,   333000,   434000,  6000000,
     InStorePurchase,     125636,          0,          0,          0,      54297,      93208,      400,   109000,   280000,   337000,   522000,  6000000,
      OnlinePurchase,      89209,          0,          0,          0,      38082,      65790,      400,   110000,   271000,   325000,   407000,  6000000,
        InstPurchase,      27274,          0,          0,          0,      11601,      19117,      600,   113000,   282000,   337000,   454820,  6000000,
          AssocOfCat,        254,          0,          0,          0,        202,        377,    62000,   171000,   352000,   411200,  1409600,  3800000,
      AssocOfProduct,       2581,          0,          0,          0,       1208,       1990,     2700,   106000,   291000,   334000,   418000,  3900000,
      BusinessReport,        640,          0,          0,          0,        551,        927,    67000,   180000,   358400,   409600,   534200,   900000,
          CustBuyBeh,       2497,          0,          0,          0,       1261,       2024,      700,   104000,   274500,   330750,   410000,  1500000,
       ProductReturn,       6737,          0,          0,          0,       3173,       5180,     1000,   114000,   281000,   339000,   494180,  3800000,

  7647s: 
  7647s: Failed, 7 overall retries left, retrying 1 of 1
  7647s: (92%)   IR =  12730 [7648.246s][info][gc,start       ] GC(1136) Pause Young (Normal) (G1 Evacuation Pause)
[7648.246s][info][gc,task        ] GC(1136) Using 8 workers of 8 for evacuation
[7648.419s][info][gc,phases      ] GC(1136)   Pre Evacuate Collection Set: 0.27ms
[7648.419s][info][gc,phases      ] GC(1136)   Merge Heap Roots: 0.50ms
[7648.419s][info][gc,phases      ] GC(1136)   Evacuate Collection Set: 170.33ms
[7648.419s][info][gc,phases      ] GC(1136)   Post Evacuate Collection Set: 1.30ms
[7648.419s][info][gc,phases      ] GC(1136)   Other: 0.06ms
[7648.419s][info][gc,heap        ] GC(1136) Eden regions: 714->0(714)
[7648.419s][info][gc,heap        ] GC(1136) Survivor regions: 54->54(96)
[7648.419s][info][gc,heap        ] GC(1136) Old regions: 155->158
[7648.419s][info][gc,heap        ] GC(1136) Humongous regions: 33->33
[7648.419s][info][gc,metaspace   ] GC(1136) Metaspace: 30020K(30528K)->30020K(30528K) NonClass: 24626K(24896K)->24626K(24896K) Class: 5394K(5632K)->5394K(5632K)
[7648.419s][info][gc             ] GC(1136) Pause Young (Normal) (G1 Evacuation Pause) 7615M->1925M(10240M) 172.616ms
[7648.419s][info][gc,cpu         ] GC(1136) User=1.36s Sys=0.00s Real=0.17s
....[7651.961s][info][gc,start       ] GC(1137) Pause Young (Normal) (G1 Evacuation Pause)
[7651.961s][info][gc,task        ] GC(1137) Using 8 workers of 8 for evacuation
[7652.134s][info][gc,phases      ] GC(1137)   Pre Evacuate Collection Set: 0.25ms
[7652.134s][info][gc,phases      ] GC(1137)   Merge Heap Roots: 0.50ms
[7652.134s][info][gc,phases      ] GC(1137)   Evacuate Collection Set: 170.64ms
[7652.134s][info][gc,phases      ] GC(1137)   Post Evacuate Collection Set: 1.27ms
[7652.134s][info][gc,phases      ] GC(1137)   Other: 0.06ms
[7652.134s][info][gc,heap        ] GC(1137) Eden regions: 714->0(715)
[7652.134s][info][gc,heap        ] GC(1137) Survivor regions: 54->53(96)
[7652.134s][info][gc,heap        ] GC(1137) Old regions: 158->161
[7652.134s][info][gc,heap        ] GC(1137) Humongous regions: 33->33
[7652.134s][info][gc,metaspace   ] GC(1137) Metaspace: 30020K(30528K)->30020K(30528K) NonClass: 24626K(24896K)->24626K(24896K) Class: 5394K(5632K)->5394K(5632K)
[7652.134s][info][gc             ] GC(1137) Pause Young (Normal) (G1 Evacuation Pause) 7637M->1944M(10240M) 172.852ms
[7652.134s][info][gc,cpu         ] GC(1137) User=1.36s Sys=0.00s Real=0.17s
....[7655.795s][info][gc,start       ] GC(1138) Pause Young (Normal) (G1 Evacuation Pause)
[7655.795s][info][gc,task        ] GC(1138) Using 8 workers of 8 for evacuation
[7655.963s][info][gc,phases      ] GC(1138)   Pre Evacuate Collection Set: 0.26ms
[7655.963s][info][gc,phases      ] GC(1138)   Merge Heap Roots: 0.52ms
[7655.963s][info][gc,phases      ] GC(1138)   Evacuate Collection Set: 165.73ms
[7655.963s][info][gc,phases      ] GC(1138)   Post Evacuate Collection Set: 1.29ms
[7655.963s][info][gc,phases      ] GC(1138)   Other: 0.07ms
[7655.963s][info][gc,heap        ] GC(1138) Eden regions: 715->0(715)
[7655.963s][info][gc,heap        ] GC(1138) Survivor regions: 53->53(96)
[7655.963s][info][gc,heap        ] GC(1138) Old regions: 161->164
[7655.963s][info][gc,heap        ] GC(1138) Humongous regions: 33->33
[7655.963s][info][gc,metaspace   ] GC(1138) Metaspace: 30020K(30528K)->30020K(30528K) NonClass: 24626K(24896K)->24626K(24896K) Class: 5394K(5632K)->5394K(5632K)
[7655.963s][info][gc             ] GC(1138) Pause Young (Normal) (G1 Evacuation Pause) 7664M->1966M(10240M) 168.023ms
[7655.963s][info][gc,cpu         ] GC(1138) User=1.32s Sys=0.01s Real=0.17s
....[7659.569s][info][gc,start       ] GC(1139) Pause Young (Normal) (G1 Evacuation Pause)
[7659.569s][info][gc,task        ] GC(1139) Using 8 workers of 8 for evacuation
[7659.739s][info][gc,phases      ] GC(1139)   Pre Evacuate Collection Set: 0.28ms
[7659.739s][info][gc,phases      ] GC(1139)   Merge Heap Roots: 0.52ms
[7659.739s][info][gc,phases      ] GC(1139)   Evacuate Collection Set: 167.61ms
[7659.739s][info][gc,phases      ] GC(1139)   Post Evacuate Collection Set: 1.31ms
[7659.739s][info][gc,phases      ] GC(1139)   Other: 0.07ms
[7659.739s][info][gc,heap        ] GC(1139) Eden regions: 715->0(714)
[7659.739s][info][gc,heap        ] GC(1139) Survivor regions: 53->54(96)
[7659.739s][info][gc,heap        ] GC(1139) Old regions: 164->167
[7659.739s][info][gc,heap        ] GC(1139) Humongous regions: 33->33
[7659.739s][info][gc,metaspace   ] GC(1139) Metaspace: 30020K(30528K)->30020K(30528K) NonClass: 24626K(24896K)->24626K(24896K) Class: 5394K(5632K)->5394K(5632K)
[7659.739s][info][gc             ] GC(1139) Pause Young (Normal) (G1 Evacuation Pause) 7686M->1992M(10240M) 169.915ms
[7659.739s][info][gc,cpu         ] GC(1139) User=1.33s Sys=0.00s Real=0.17s
...[7663.436s][info][gc,start       ] GC(1140) Pause Young (Normal) (G1 Evacuation Pause)
[7663.436s][info][gc,task        ] GC(1140) Using 8 workers of 8 for evacuation
[7663.607s][info][gc,phases      ] GC(1140)   Pre Evacuate Collection Set: 0.26ms
[7663.607s][info][gc,phases      ] GC(1140)   Merge Heap Roots: 0.52ms
[7663.607s][info][gc,phases      ] GC(1140)   Evacuate Collection Set: 168.99ms
[7663.607s][info][gc,phases      ] GC(1140)   Post Evacuate Collection Set: 1.24ms
[7663.607s][info][gc,phases      ] GC(1140)   Other: 0.06ms
[7663.607s][info][gc,heap        ] GC(1140) Eden regions: 714->0(714)
[7663.607s][info][gc,heap        ] GC(1140) Survivor regions: 54->54(96)
[7663.607s][info][gc,heap        ] GC(1140) Old regions: 167->169
[7663.607s][info][gc,heap        ] GC(1140) Humongous regions: 33->33
[7663.607s][info][gc,metaspace   ] GC(1140) Metaspace: 30020K(30528K)->30020K(30528K) NonClass: 24626K(24896K)->24626K(24896K) Class: 5394K(5632K)->5394K(5632K)
[7663.607s][info][gc             ] GC(1140) Pause Young (Normal) (G1 Evacuation Pause) 7704M->2015M(10240M) 171.218ms
[7663.607s][info][gc,cpu         ] GC(1140) User=1.35s Sys=0.01s Real=0.17s
...|.[7667.257s][info][gc,start       ] GC(1141) Pause Young (Normal) (G1 Evacuation Pause)
[7667.257s][info][gc,task        ] GC(1141) Using 8 workers of 8 for evacuation
[7667.423s][info][gc,phases      ] GC(1141)   Pre Evacuate Collection Set: 0.26ms
[7667.423s][info][gc,phases      ] GC(1141)   Merge Heap Roots: 0.51ms
[7667.423s][info][gc,phases      ] GC(1141)   Evacuate Collection Set: 164.31ms
[7667.423s][info][gc,phases      ] GC(1141)   Post Evacuate Collection Set: 1.26ms
[7667.423s][info][gc,phases      ] GC(1141)   Other: 0.07ms
[7667.423s][info][gc,heap        ] GC(1141) Eden regions: 714->0(716)
[7667.423s][info][gc,heap        ] GC(1141) Survivor regions: 54->52(96)
[7667.423s][info][gc,heap        ] GC(1141) Old regions: 169->172
[7667.423s][info][gc,heap        ] GC(1141) Humongous regions: 33->33
[7667.423s][info][gc,metaspace   ] GC(1141) Metaspace: 30020K(30528K)->30020K(30528K) NonClass: 24626K(24896K)->24626K(24896K) Class: 5394K(5632K)->5394K(5632K)
[7667.423s][info][gc             ] GC(1141) Pause Young (Normal) (G1 Evacuation Pause) 7727M->2027M(10240M) 166.539ms
[7667.423s][info][gc,cpu         ] GC(1141) User=1.31s Sys=0.00s Real=0.16s
....[7671.171s][info][gc,start       ] GC(1142) Pause Young (Normal) (G1 Evacuation Pause)
[7671.171s][info][gc,task        ] GC(1142) Using 8 workers of 8 for evacuation
[7671.340s][info][gc,phases      ] GC(1142)   Pre Evacuate Collection Set: 0.26ms
[7671.340s][info][gc,phases      ] GC(1142)   Merge Heap Roots: 0.51ms
[7671.340s][info][gc,phases      ] GC(1142)   Evacuate Collection Set: 167.64ms
[7671.340s][info][gc,phases      ] GC(1142)   Post Evacuate Collection Set: 1.23ms
[7671.340s][info][gc,phases      ] GC(1142)   Other: 0.07ms
[7671.340s][info][gc,heap        ] GC(1142) Eden regions: 716->0(715)
[7671.340s][info][gc,heap        ] GC(1142) Survivor regions: 52->53(96)
[7671.340s][info][gc,heap        ] GC(1142) Old regions: 172->175
[7671.340s][info][gc,heap        ] GC(1142) Humongous regions: 33->33
[7671.340s][info][gc,metaspace   ] GC(1142) Metaspace: 30020K(30528K)->30020K(30528K) NonClass: 24626K(24896K)->24626K(24896K) Class: 5394K(5632K)->5394K(5632K)
[7671.340s][info][gc             ] GC(1142) Pause Young (Normal) (G1 Evacuation Pause) 7755M->2053M(10240M) 169.850ms
[7671.340s][info][gc,cpu         ] GC(1142) User=1.34s Sys=0.00s Real=0.17s
....[7674.914s][info][gc,start       ] GC(1143) Pause Young (Normal) (G1 Evacuation Pause)
[7674.915s][info][gc,task        ] GC(1143) Using 8 workers of 8 for evacuation
[7675.081s][info][gc,phases      ] GC(1143)   Pre Evacuate Collection Set: 0.27ms
[7675.081s][info][gc,phases      ] GC(1143)   Merge Heap Roots: 0.51ms
[7675.081s][info][gc,phases      ] GC(1143)   Evacuate Collection Set: 164.32ms
[7675.081s][info][gc,phases      ] GC(1143)   Post Evacuate Collection Set: 1.25ms
[7675.081s][info][gc,phases      ] GC(1143)   Other: 0.07ms
[7675.081s][info][gc,heap        ] GC(1143) Eden regions: 715->0(716)
[7675.081s][info][gc,heap        ] GC(1143) Survivor regions: 53->52(96)
[7675.081s][info][gc,heap        ] GC(1143) Old regions: 175->178
[7675.081s][info][gc,heap        ] GC(1143) Humongous regions: 33->33
[7675.081s][info][gc,metaspace   ] GC(1143) Metaspace: 30020K(30528K)->30020K(30528K) NonClass: 24626K(24896K)->24626K(24896K) Class: 5394K(5632K)->5394K(5632K)
[7675.081s][info][gc             ] GC(1143) Pause Young (Normal) (G1 Evacuation Pause) 7773M->2071M(10240M) 166.545ms
[7675.081s][info][gc,cpu         ] GC(1143) User=1.31s Sys=0.01s Real=0.17s
....[7678.757s][info][gc,start       ] GC(1144) Pause Young (Normal) (G1 Evacuation Pause)
[7678.757s][info][gc,task        ] GC(1144) Using 8 workers of 8 for evacuation
[7678.932s][info][gc,phases      ] GC(1144)   Pre Evacuate Collection Set: 0.25ms
[7678.932s][info][gc,phases      ] GC(1144)   Merge Heap Roots: 0.54ms
[7678.932s][info][gc,phases      ] GC(1144)   Evacuate Collection Set: 173.34ms
[7678.932s][info][gc,phases      ] GC(1144)   Post Evacuate Collection Set: 1.27ms
[7678.932s][info][gc,phases      ] GC(1144)   Other: 0.07ms
[7678.932s][info][gc,heap        ] GC(1144) Eden regions: 716->0(714)
[7678.932s][info][gc,heap        ] GC(1144) Survivor regions: 52->54(96)
[7678.932s][info][gc,heap        ] GC(1144) Old regions: 178->181
[7678.932s][info][gc,heap        ] GC(1144) Humongous regions: 33->33
[7678.932s][info][gc,metaspace   ] GC(1144) Metaspace: 30020K(30528K)->30020K(30528K) NonClass: 24626K(24896K)->24626K(24896K) Class: 5394K(5632K)->5394K(5632K)
[7678.932s][info][gc             ] GC(1144) Pause Young (Normal) (G1 Evacuation Pause) 7799M->2109M(10240M) 175.596ms
[7678.932s][info][gc,cpu         ] GC(1144) User=1.38s Sys=0.00s Real=0.17s
...[7682.560s][info][gc,start       ] GC(1145) Pause Young (Normal) (G1 Evacuation Pause)
[7682.560s][info][gc,task        ] GC(1145) Using 8 workers of 8 for evacuation
[7682.731s][info][gc,phases      ] GC(1145)   Pre Evacuate Collection Set: 0.26ms
[7682.731s][info][gc,phases      ] GC(1145)   Merge Heap Roots: 0.51ms
[7682.731s][info][gc,phases      ] GC(1145)   Evacuate Collection Set: 168.94ms
[7682.731s][info][gc,phases      ] GC(1145)   Post Evacuate Collection Set: 1.26ms
[7682.731s][info][gc,phases      ] GC(1145)   Other: 0.08ms
[7682.731s][info][gc,heap        ] GC(1145) Eden regions: 714->0(714)
[7682.731s][info][gc,heap        ] GC(1145) Survivor regions: 54->54(96)
[7682.731s][info][gc,heap        ] GC(1145) Old regions: 181->183
[7682.731s][info][gc,heap        ] GC(1145) Humongous regions: 33->33
[7682.731s][info][gc,metaspace   ] GC(1145) Metaspace: 30020K(30528K)->30020K(30528K) NonClass: 24626K(24896K)->24626K(24896K) Class: 5394K(5632K)->5394K(5632K)
[7682.731s][info][gc             ] GC(1145) Pause Young (Normal) (G1 Evacuation Pause) 7821M->2127M(10240M) 171.200ms
[7682.731s][info][gc,cpu         ] GC(1145) User=1.35s Sys=0.00s Real=0.17s
....[7686.352s][info][gc,start       ] GC(1146) Pause Young (Normal) (G1 Evacuation Pause)
[7686.352s][info][gc,task        ] GC(1146) Using 8 workers of 8 for evacuation
[7686.520s][info][gc,phases      ] GC(1146)   Pre Evacuate Collection Set: 0.27ms
[7686.520s][info][gc,phases      ] GC(1146)   Merge Heap Roots: 0.52ms
[7686.520s][info][gc,phases      ] GC(1146)   Evacuate Collection Set: 165.87ms
[7686.520s][info][gc,phases      ] GC(1146)   Post Evacuate Collection Set: 1.25ms
[7686.520s][info][gc,phases      ] GC(1146)   Other: 0.06ms
[7686.520s][info][gc,heap        ] GC(1146) Eden regions: 714->0(715)
[7686.520s][info][gc,heap        ] GC(1146) Survivor regions: 54->53(96)
[7686.520s][info][gc,heap        ] GC(1146) Old regions: 183->186
[7686.520s][info][gc,heap        ] GC(1146) Humongous regions: 33->33
[7686.520s][info][gc,metaspace   ] GC(1146) Metaspace: 30020K(30528K)->30020K(30528K) NonClass: 24626K(24896K)->24626K(24896K) Class: 5394K(5632K)->5394K(5632K)
[7686.520s][info][gc             ] GC(1146) Pause Young (Normal) (G1 Evacuation Pause) 7839M->2145M(10240M) 168.098ms
[7686.520s][info][gc,cpu         ] GC(1146) User=1.32s Sys=0.00s Real=0.17s
....[7690.182s][info][gc,start       ] GC(1147) Pause Young (Normal) (G1 Evacuation Pause)
[7690.182s][info][gc,task        ] GC(1147) Using 8 workers of 8 for evacuation
[7690.354s][info][gc,phases      ] GC(1147)   Pre Evacuate Collection Set: 0.29ms
[7690.354s][info][gc,phases      ] GC(1147)   Merge Heap Roots: 0.53ms
[7690.354s][info][gc,phases      ] GC(1147)   Evacuate Collection Set: 170.06ms
[7690.354s][info][gc,phases      ] GC(1147)   Post Evacuate Collection Set: 1.24ms
[7690.354s][info][gc,phases      ] GC(1147)   Other: 0.06ms
[7690.354s][info][gc,heap        ] GC(1147) Eden regions: 715->0(714)
[7690.354s][info][gc,heap        ] GC(1147) Survivor regions: 53->54(96)
[7690.354s][info][gc,heap        ] GC(1147) Old regions: 186->189
[7690.354s][info][gc,heap        ] GC(1147) Humongous regions: 33->33
[7690.354s][info][gc,metaspace   ] GC(1147) Metaspace: 30020K(30528K)->30020K(30528K) NonClass: 24626K(24896K)->24626K(24896K) Class: 5394K(5632K)->5394K(5632K)
[7690.354s][info][gc             ] GC(1147) Pause Young (Normal) (G1 Evacuation Pause) 7865M->2174M(10240M) 172.306ms
[7690.354s][info][gc,cpu         ] GC(1147) User=1.36s Sys=0.00s Real=0.17s
....[7693.909s][info][gc,start       ] GC(1148) Pause Young (Normal) (G1 Evacuation Pause)
[7693.909s][info][gc,task        ] GC(1148) Using 8 workers of 8 for evacuation
[7694.084s][info][gc,phases      ] GC(1148)   Pre Evacuate Collection Set: 0.24ms
[7694.084s][info][gc,phases      ] GC(1148)   Merge Heap Roots: 0.50ms
[7694.084s][info][gc,phases      ] GC(1148)   Evacuate Collection Set: 172.84ms
[7694.084s][info][gc,phases      ] GC(1148)   Post Evacuate Collection Set: 1.32ms
[7694.084s][info][gc,phases      ] GC(1148)   Other: 0.06ms
[7694.084s][info][gc,heap        ] GC(1148) Eden regions: 714->0(714)
[7694.084s][info][gc,heap        ] GC(1148) Survivor regions: 54->54(96)
[7694.084s][info][gc,heap        ] GC(1148) Old regions: 189->192
[7694.084s][info][gc,heap        ] GC(1148) Humongous regions: 33->33
[7694.084s][info][gc,metaspace   ] GC(1148) Metaspace: 30020K(30528K)->30020K(30528K) NonClass: 24626K(24896K)->24626K(24896K) Class: 5394K(5632K)->5394K(5632K)
[7694.084s][info][gc             ] GC(1148) Pause Young (Normal) (G1 Evacuation Pause) 7886M->2197M(10240M) 175.117ms
[7694.084s][info][gc,cpu         ] GC(1148) User=1.38s Sys=0.00s Real=0.17s
...[7697.687s][info][gc,start       ] GC(1149) Pause Young (Normal) (G1 Evacuation Pause)
[7697.687s][info][gc,task        ] GC(1149) Using 8 workers of 8 for evacuation
[7697.854s][info][gc,phases      ] GC(1149)   Pre Evacuate Collection Set: 0.25ms
[7697.854s][info][gc,phases      ] GC(1149)   Merge Heap Roots: 0.53ms
[7697.854s][info][gc,phases      ] GC(1149)   Evacuate Collection Set: 165.39ms
[7697.854s][info][gc,phases      ] GC(1149)   Post Evacuate Collection Set: 1.26ms
[7697.854s][info][gc,phases      ] GC(1149)   Other: 0.06ms
[7697.854s][info][gc,heap        ] GC(1149) Eden regions: 714->0(715)
[7697.854s][info][gc,heap        ] GC(1149) Survivor regions: 54->53(96)
[7697.854s][info][gc,heap        ] GC(1149) Old regions: 192->194
[7697.854s][info][gc,heap        ] GC(1149) Humongous regions: 33->33
[7697.854s][info][gc,metaspace   ] GC(1149) Metaspace: 30020K(30528K)->30020K(30528K) NonClass: 24626K(24896K)->24626K(24896K) Class: 5394K(5632K)->5394K(5632K)
[7697.855s][info][gc             ] GC(1149) Pause Young (Normal) (G1 Evacuation Pause) 7909M->2207M(10240M) 167.619ms
[7697.855s][info][gc,cpu         ] GC(1149) User=1.32s Sys=0.00s Real=0.16s
....[7701.486s][info][gc,start       ] GC(1150) Pause Young (Normal) (G1 Evacuation Pause)
[7701.486s][info][gc,task        ] GC(1150) Using 8 workers of 8 for evacuation
[7701.657s][info][gc,phases      ] GC(1150)   Pre Evacuate Collection Set: 0.24ms
[7701.657s][info][gc,phases      ] GC(1150)   Merge Heap Roots: 0.51ms
[7701.657s][info][gc,phases      ] GC(1150)   Evacuate Collection Set: 168.95ms
[7701.657s][info][gc,phases      ] GC(1150)   Post Evacuate Collection Set: 1.27ms
[7701.657s][info][gc,phases      ] GC(1150)   Other: 0.06ms
[7701.657s][info][gc,heap        ] GC(1150) Eden regions: 715->0(714)
[7701.657s][info][gc,heap        ] GC(1150) Survivor regions: 53->54(96)
[7701.657s][info][gc,heap        ] GC(1150) Old regions: 194->197
[7701.657s][info][gc,heap        ] GC(1150) Humongous regions: 33->33
[7701.657s][info][gc,metaspace   ] GC(1150) Metaspace: 30020K(30528K)->30020K(30528K) NonClass: 24626K(24896K)->24626K(24896K) Class: 5394K(5632K)->5394K(5632K)
[7701.657s][info][gc             ] GC(1150) Pause Young (Normal) (G1 Evacuation Pause) 7927M->2237M(10240M) 171.186ms
[7701.657s][info][gc,cpu         ] GC(1150) User=1.34s Sys=0.00s Real=0.18s
....[7705.202s][info][gc,start       ] GC(1151) Pause Young (Normal) (G1 Evacuation Pause)
[7705.202s][info][gc,task        ] GC(1151) Using 8 workers of 8 for evacuation
[7705.372s][info][gc,phases      ] GC(1151)   Pre Evacuate Collection Set: 0.27ms
[7705.372s][info][gc,phases      ] GC(1151)   Merge Heap Roots: 0.51ms
[7705.372s][info][gc,phases      ] GC(1151)   Evacuate Collection Set: 168.04ms
[7705.372s][info][gc,phases      ] GC(1151)   Post Evacuate Collection Set: 1.26ms
[7705.372s][info][gc,phases      ] GC(1151)   Other: 0.06ms
[7705.372s][info][gc,heap        ] GC(1151) Eden regions: 714->0(714)
[7705.372s][info][gc,heap        ] GC(1151) Survivor regions: 54->54(96)
[7705.372s][info][gc,heap        ] GC(1151) Old regions: 197->200
[7705.372s][info][gc,heap        ] GC(1151) Humongous regions: 33->33
[7705.372s][info][gc,metaspace   ] GC(1151) Metaspace: 30020K(30528K)->30020K(30528K) NonClass: 24626K(24896K)->24626K(24896K) Class: 5394K(5632K)->5394K(5632K)
[7705.372s][info][gc             ] GC(1151) Pause Young (Normal) (G1 Evacuation Pause) 7949M->2260M(10240M) 170.277ms
[7705.372s][info][gc,cpu         ] GC(1151) User=1.35s Sys=0.00s Real=0.17s
....[7709.027s][info][gc,start       ] GC(1152) Pause Young (Normal) (G1 Evacuation Pause)
[7709.027s][info][gc,task        ] GC(1152) Using 8 workers of 8 for evacuation
[7709.195s][info][gc,phases      ] GC(1152)   Pre Evacuate Collection Set: 0.25ms
[7709.195s][info][gc,phases      ] GC(1152)   Merge Heap Roots: 0.53ms
[7709.195s][info][gc,phases      ] GC(1152)   Evacuate Collection Set: 165.91ms
[7709.195s][info][gc,phases      ] GC(1152)   Post Evacuate Collection Set: 1.23ms
[7709.195s][info][gc,phases      ] GC(1152)   Other: 0.06ms
[7709.195s][info][gc,heap        ] GC(1152) Eden regions: 714->0(715)
[7709.195s][info][gc,heap        ] GC(1152) Survivor regions: 54->53(96)
[7709.195s][info][gc,heap        ] GC(1152) Old regions: 200->203
[7709.195s][info][gc,heap        ] GC(1152) Humongous regions: 33->33
[7709.195s][info][gc,metaspace   ] GC(1152) Metaspace: 30020K(30528K)->30020K(30528K) NonClass: 24626K(24896K)->24626K(24896K) Class: 5394K(5632K)->5394K(5632K)
[7709.195s][info][gc             ] GC(1152) Pause Young (Normal) (G1 Evacuation Pause) 7972M->2276M(10240M) 168.119ms
[7709.195s][info][gc,cpu         ] GC(1152) User=1.32s Sys=0.00s Real=0.16s
...[7712.805s][info][gc,start       ] GC(1153) Pause Young (Normal) (G1 Evacuation Pause)
[7712.805s][info][gc,task        ] GC(1153) Using 8 workers of 8 for evacuation
[7712.975s][info][gc,phases      ] GC(1153)   Pre Evacuate Collection Set: 0.25ms
[7712.975s][info][gc,phases      ] GC(1153)   Merge Heap Roots: 0.52ms
[7712.975s][info][gc,phases      ] GC(1153)   Evacuate Collection Set: 167.76ms
[7712.975s][info][gc,phases      ] GC(1153)   Post Evacuate Collection Set: 1.29ms
[7712.975s][info][gc,phases      ] GC(1153)   Other: 0.06ms
[7712.975s][info][gc,heap        ] GC(1153) Eden regions: 715->0(715)
[7712.975s][info][gc,heap        ] GC(1153) Survivor regions: 53->53(96)
[7712.975s][info][gc,heap        ] GC(1153) Old regions: 203->206
[7712.975s][info][gc,heap        ] GC(1153) Humongous regions: 33->33
[7712.975s][info][gc,metaspace   ] GC(1153) Metaspace: 30020K(30528K)->30020K(30528K) NonClass: 24626K(24896K)->24626K(24896K) Class: 5394K(5632K)->5394K(5632K)
[7712.975s][info][gc             ] GC(1153) Pause Young (Normal) (G1 Evacuation Pause) 7996M->2298M(10240M) 170.007ms
[7712.975s][info][gc,cpu         ] GC(1153) User=1.34s Sys=0.01s Real=0.17s
....[7716.579s][info][gc,start       ] GC(1154) Pause Young (Normal) (G1 Evacuation Pause)
[7716.579s][info][gc,task        ] GC(1154) Using 8 workers of 8 for evacuation
[7716.753s][info][gc,phases      ] GC(1154)   Pre Evacuate Collection Set: 0.25ms
[7716.753s][info][gc,phases      ] GC(1154)   Merge Heap Roots: 0.51ms
[7716.753s][info][gc,phases      ] GC(1154)   Evacuate Collection Set: 172.15ms
[7716.753s][info][gc,phases      ] GC(1154)   Post Evacuate Collection Set: 1.22ms
[7716.753s][info][gc,phases      ] GC(1154)   Other: 0.06ms
[7716.753s][info][gc,heap        ] GC(1154) Eden regions: 715->0(713)
[7716.753s][info][gc,heap        ] GC(1154) Survivor regions: 53->55(96)
[7716.753s][info][gc,heap        ] GC(1154) Old regions: 206->209
[7716.753s][info][gc,heap        ] GC(1154) Humongous regions: 33->33
[7716.753s][info][gc,metaspace   ] GC(1154) Metaspace: 30020K(30528K)->30020K(30528K) NonClass: 24626K(24896K)->24626K(24896K) Class: 5394K(5632K)->5394K(5632K)
[7716.753s][info][gc             ] GC(1154) Pause Young (Normal) (G1 Evacuation Pause) 8018M->2336M(10240M) 174.344ms
[7716.753s][info][gc,cpu         ] GC(1154) User=1.38s Sys=0.00s Real=0.17s
....[7720.332s][info][gc,start       ] GC(1155) Pause Young (Normal) (G1 Evacuation Pause)
[7720.332s][info][gc,task        ] GC(1155) Using 8 workers of 8 for evacuation
[7720.507s][info][gc,phases      ] GC(1155)   Pre Evacuate Collection Set: 0.27ms
[7720.507s][info][gc,phases      ] GC(1155)   Merge Heap Roots: 0.53ms
[7720.507s][info][gc,phases      ] GC(1155)   Evacuate Collection Set: 173.12ms
[7720.507s][info][gc,phases      ] GC(1155)   Post Evacuate Collection Set: 1.23ms
[7720.507s][info][gc,phases      ] GC(1155)   Other: 0.06ms
[7720.507s][info][gc,heap        ] GC(1155) Eden regions: 713->0(713)
[7720.507s][info][gc,heap        ] GC(1155) Survivor regions: 55->55(96)
[7720.507s][info][gc,heap        ] GC(1155) Old regions: 209->212
[7720.507s][info][gc,heap        ] GC(1155) Humongous regions: 33->33
[7720.507s][info][gc,metaspace   ] GC(1155) Metaspace: 30020K(30528K)->30020K(30528K) NonClass: 24626K(24896K)->24626K(24896K) Class: 5394K(5632K)->5394K(5632K)
[7720.507s][info][gc             ] GC(1155) Pause Young (Normal) (G1 Evacuation Pause) 8040M->2360M(10240M) 175.354ms
[7720.507s][info][gc,cpu         ] GC(1155) User=1.38s Sys=0.00s Real=0.18s
....[7724.155s][info][gc,start       ] GC(1156) Pause Young (Normal) (G1 Evacuation Pause)
[7724.155s][info][gc,task        ] GC(1156) Using 8 workers of 8 for evacuation
[7724.329s][info][gc,phases      ] GC(1156)   Pre Evacuate Collection Set: 0.25ms
[7724.329s][info][gc,phases      ] GC(1156)   Merge Heap Roots: 0.52ms
[7724.329s][info][gc,phases      ] GC(1156)   Evacuate Collection Set: 171.59ms
[7724.329s][info][gc,phases      ] GC(1156)   Post Evacuate Collection Set: 1.25ms
[7724.329s][info][gc,phases      ] GC(1156)   Other: 0.07ms
[7724.329s][info][gc,heap        ] GC(1156) Eden regions: 713->0(714)
[7724.329s][info][gc,heap        ] GC(1156) Survivor regions: 55->54(96)
[7724.329s][info][gc,heap        ] GC(1156) Old regions: 212->214
[7724.329s][info][gc,heap        ] GC(1156) Humongous regions: 33->33
[7724.329s][info][gc,metaspace   ] GC(1156) Metaspace: 30020K(30528K)->30020K(30528K) NonClass: 24626K(24896K)->24626K(24896K) Class: 5394K(5632K)->5394K(5632K)
[7724.329s][info][gc             ] GC(1156) Pause Young (Normal) (G1 Evacuation Pause) 8064M->2375M(10240M) 173.831ms
[7724.329s][info][gc,cpu         ] GC(1156) User=1.37s Sys=0.00s Real=0.18s
.. (rIR:aIR:PR = 12730:12727:12690) (tPR = 189482) [OK] 
  7726s: Performance info:
         Transaction,    Success,    Partial,     Failed,   Receipts, AvgBarcode, 
             Overall,     766245,          0,          0,     727777,      59.48, 
         Response times:
             Request,    Success,    Partial,     Failed,   SkipFail,     Probes,    Samples,      min,      p50,      p90,      p95,      p99,      max, 
       TotalPurchase,     729861,          0,          0,          0,     342214,     474664,      300,    45000,   144000,   180000,   249000,  3100000,
     InStorePurchase,     382210,          0,          0,          0,     179824,     249413,      300,    45000,   144000,   180000,   250860,  3100000,
      OnlinePurchase,     270836,          0,          0,          0,     125337,     174782,      300,    45000,   144000,   181000,   245000,  2600000,
        InstPurchase,      76815,          0,          0,          0,      37053,      50469,      500,    44000,   143000,   180000,   253000,  2000000,
          AssocOfCat,        777,          0,          0,          0,        640,        982,    40000,   100000,   198400,   233850,   327530,  1100000,
      AssocOfProduct,       7790,          0,          0,          0,       3605,       5204,     1000,    47000,   149000,   189000,   277000,  1800000,
      BusinessReport,       1922,          0,          0,          0,       1686,       2433,    45000,   113000,   216000,   249300,   297000,   470000,
          CustBuyBeh,       7748,          0,          0,          0,       3652,       5214,      500,    44000,   146000,   177000,   226000,  2600000,
       ProductReturn,      20405,          0,          0,          0,       9911,      13745,      400,    44000,   142000,   178000,   255540,  3100000,

  7726s: (93%)   IR =  12868 .[7727.955s][info][gc,start       ] GC(1157) Pause Young (Normal) (G1 Evacuation Pause)
[7727.955s][info][gc,task        ] GC(1157) Using 8 workers of 8 for evacuation
[7728.131s][info][gc,phases      ] GC(1157)   Pre Evacuate Collection Set: 0.25ms
[7728.131s][info][gc,phases      ] GC(1157)   Merge Heap Roots: 0.54ms
[7728.131s][info][gc,phases      ] GC(1157)   Evacuate Collection Set: 173.96ms
[7728.131s][info][gc,phases      ] GC(1157)   Post Evacuate Collection Set: 1.25ms
[7728.131s][info][gc,phases      ] GC(1157)   Other: 0.07ms
[7728.131s][info][gc,heap        ] GC(1157) Eden regions: 714->0(713)
[7728.131s][info][gc,heap        ] GC(1157) Survivor regions: 54->55(96)
[7728.131s][info][gc,heap        ] GC(1157) Old regions: 214->217
[7728.131s][info][gc,heap        ] GC(1157) Humongous regions: 33->33
[7728.131s][info][gc,metaspace   ] GC(1157) Metaspace: 30020K(30528K)->30020K(30528K) NonClass: 24626K(24896K)->24626K(24896K) Class: 5394K(5632K)->5394K(5632K)
[7728.131s][info][gc             ] GC(1157) Pause Young (Normal) (G1 Evacuation Pause) 8087M->2406M(10240M) 176.205ms
[7728.131s][info][gc,cpu         ] GC(1157) User=1.39s Sys=0.00s Real=0.18s
....[7731.658s][info][gc,start       ] GC(1158) Pause Young (Normal) (G1 Evacuation Pause)
[7731.658s][info][gc,task        ] GC(1158) Using 8 workers of 8 for evacuation
[7731.833s][info][gc,phases      ] GC(1158)   Pre Evacuate Collection Set: 0.26ms
[7731.833s][info][gc,phases      ] GC(1158)   Merge Heap Roots: 0.54ms
[7731.833s][info][gc,phases      ] GC(1158)   Evacuate Collection Set: 172.73ms
[7731.833s][info][gc,phases      ] GC(1158)   Post Evacuate Collection Set: 1.30ms
[7731.833s][info][gc,phases      ] GC(1158)   Other: 0.07ms
[7731.833s][info][gc,heap        ] GC(1158) Eden regions: 713->0(714)
[7731.833s][info][gc,heap        ] GC(1158) Survivor regions: 55->54(96)
[7731.833s][info][gc,heap        ] GC(1158) Old regions: 217->220
[7731.833s][info][gc,heap        ] GC(1158) Humongous regions: 33->33
[7731.833s][info][gc,metaspace   ] GC(1158) Metaspace: 30020K(30528K)->30020K(30528K) NonClass: 24626K(24896K)->24626K(24896K) Class: 5394K(5632K)->5394K(5632K)
[7731.833s][info][gc             ] GC(1158) Pause Young (Normal) (G1 Evacuation Pause) 8110M->2425M(10240M) 175.036ms
[7731.833s][info][gc,cpu         ] GC(1158) User=1.38s Sys=0.00s Real=0.17s
....[7735.464s][info][gc,start       ] GC(1159) Pause Young (Normal) (G1 Evacuation Pause)
[7735.464s][info][gc,task        ] GC(1159) Using 8 workers of 8 for evacuation
[7735.638s][info][gc,phases      ] GC(1159)   Pre Evacuate Collection Set: 0.25ms
[7735.638s][info][gc,phases      ] GC(1159)   Merge Heap Roots: 0.53ms
[7735.638s][info][gc,phases      ] GC(1159)   Evacuate Collection Set: 171.23ms
[7735.638s][info][gc,phases      ] GC(1159)   Post Evacuate Collection Set: 1.26ms
[7735.638s][info][gc,phases      ] GC(1159)   Other: 0.06ms
[7735.638s][info][gc,heap        ] GC(1159) Eden regions: 714->0(714)
[7735.638s][info][gc,heap        ] GC(1159) Survivor regions: 54->54(96)
[7735.638s][info][gc,heap        ] GC(1159) Old regions: 220->223
[7735.638s][info][gc,heap        ] GC(1159) Humongous regions: 33->33
[7735.638s][info][gc,metaspace   ] GC(1159) Metaspace: 30020K(30528K)->30020K(30528K) NonClass: 24626K(24896K)->24626K(24896K) Class: 5394K(5632K)->5394K(5632K)
[7735.638s][info][gc             ] GC(1159) Pause Young (Normal) (G1 Evacuation Pause) 8137M->2448M(10240M) 173.491ms
[7735.638s][info][gc,cpu         ] GC(1159) User=1.37s Sys=0.00s Real=0.18s
...[7739.211s][info][gc,start       ] GC(1160) Pause Young (Normal) (G1 Evacuation Pause)
[7739.211s][info][gc,task        ] GC(1160) Using 8 workers of 8 for evacuation
[7739.383s][info][gc,phases      ] GC(1160)   Pre Evacuate Collection Set: 0.26ms
[7739.383s][info][gc,phases      ] GC(1160)   Merge Heap Roots: 0.53ms
[7739.383s][info][gc,phases      ] GC(1160)   Evacuate Collection Set: 169.62ms
[7739.383s][info][gc,phases      ] GC(1160)   Post Evacuate Collection Set: 1.25ms
[7739.383s][info][gc,phases      ] GC(1160)   Other: 0.07ms
[7739.383s][info][gc,heap        ] GC(1160) Eden regions: 714->0(713)
[7739.383s][info][gc,heap        ] GC(1160) Survivor regions: 54->55(96)
[7739.383s][info][gc,heap        ] GC(1160) Old regions: 223->226
[7739.383s][info][gc,heap        ] GC(1160) Humongous regions: 33->33
[7739.383s][info][gc,metaspace   ] GC(1160) Metaspace: 30020K(30528K)->30020K(30528K) NonClass: 24626K(24896K)->24626K(24896K) Class: 5394K(5632K)->5394K(5632K)
[7739.383s][info][gc             ] GC(1160) Pause Young (Normal) (G1 Evacuation Pause) 8160M->2474M(10240M) 171.882ms
[7739.383s][info][gc,cpu         ] GC(1160) User=1.35s Sys=0.00s Real=0.17s
....[7742.915s][info][gc,start       ] GC(1161) Pause Young (Normal) (G1 Evacuation Pause)
[7742.915s][info][gc,task        ] GC(1161) Using 8 workers of 8 for evacuation
[7743.086s][info][gc,phases      ] GC(1161)   Pre Evacuate Collection Set: 0.25ms
[7743.086s][info][gc,phases      ] GC(1161)   Merge Heap Roots: 0.51ms
[7743.086s][info][gc,phases      ] GC(1161)   Evacuate Collection Set: 168.78ms
[7743.086s][info][gc,phases      ] GC(1161)   Post Evacuate Collection Set: 1.26ms
[7743.086s][info][gc,phases      ] GC(1161)   Other: 0.09ms
[7743.086s][info][gc,heap        ] GC(1161) Eden regions: 713->0(714)
[7743.086s][info][gc,heap        ] GC(1161) Survivor regions: 55->54(96)
[7743.086s][info][gc,heap        ] GC(1161) Old regions: 226->229
[7743.086s][info][gc,heap        ] GC(1161) Humongous regions: 33->33
[7743.086s][info][gc,metaspace   ] GC(1161) Metaspace: 30020K(30528K)->30020K(30528K) NonClass: 24626K(24896K)->24626K(24896K) Class: 5394K(5632K)->5394K(5632K)
[7743.086s][info][gc             ] GC(1161) Pause Young (Normal) (G1 Evacuation Pause) 8178M->2488M(10240M) 171.041ms
[7743.086s][info][gc,cpu         ] GC(1161) User=1.34s Sys=0.00s Real=0.18s
....[7746.679s][info][gc,start       ] GC(1162) Pause Young (Normal) (G1 Evacuation Pause)
[7746.679s][info][gc,task        ] GC(1162) Using 8 workers of 8 for evacuation
[7746.852s][info][gc,phases      ] GC(1162)   Pre Evacuate Collection Set: 0.26ms
[7746.852s][info][gc,phases      ] GC(1162)   Merge Heap Roots: 0.52ms
[7746.852s][info][gc,phases      ] GC(1162)   Evacuate Collection Set: 170.36ms
[7746.852s][info][gc,phases      ] GC(1162)   Post Evacuate Collection Set: 1.24ms
[7746.852s][info][gc,phases      ] GC(1162)   Other: 0.07ms
[7746.852s][info][gc,heap        ] GC(1162) Eden regions: 714->0(714)
[7746.852s][info][gc,heap        ] GC(1162) Survivor regions: 54->54(96)
[7746.852s][info][gc,heap        ] GC(1162) Old regions: 229->231
[7746.852s][info][gc,heap        ] GC(1162) Humongous regions: 33->33
[7746.852s][info][gc,metaspace   ] GC(1162) Metaspace: 30020K(30528K)->30020K(30528K) NonClass: 24626K(24896K)->24626K(24896K) Class: 5394K(5632K)->5394K(5632K)
[7746.852s][info][gc             ] GC(1162) Pause Young (Normal) (G1 Evacuation Pause) 8200M->2515M(10240M) 172.598ms
[7746.852s][info][gc,cpu         ] GC(1162) User=1.36s Sys=0.00s Real=0.17s
....[7750.438s][info][gc,start       ] GC(1163) Pause Young (Normal) (G1 Evacuation Pause)
[7750.438s][info][gc,task        ] GC(1163) Using 8 workers of 8 for evacuation
[7750.607s][info][gc,phases      ] GC(1163)   Pre Evacuate Collection Set: 0.27ms
[7750.607s][info][gc,phases      ] GC(1163)   Merge Heap Roots: 0.53ms
[7750.607s][info][gc,phases      ] GC(1163)   Evacuate Collection Set: 167.28ms
[7750.607s][info][gc,phases      ] GC(1163)   Post Evacuate Collection Set: 1.26ms
[7750.607s][info][gc,phases      ] GC(1163)   Other: 0.07ms
[7750.607s][info][gc,heap        ] GC(1163) Eden regions: 714->0(715)
[7750.607s][info][gc,heap        ] GC(1163) Survivor regions: 54->53(96)
[7750.607s][info][gc,heap        ] GC(1163) Old regions: 231->234
[7750.607s][info][gc,heap        ] GC(1163) Humongous regions: 33->33
[7750.607s][info][gc,metaspace   ] GC(1163) Metaspace: 30020K(30528K)->30020K(30528K) NonClass: 24626K(24896K)->24626K(24896K) Class: 5394K(5632K)->5394K(5632K)
[7750.607s][info][gc             ] GC(1163) Pause Young (Normal) (G1 Evacuation Pause) 8227M->2530M(10240M) 169.551ms
[7750.608s][info][gc,cpu         ] GC(1163) User=1.34s Sys=0.00s Real=0.17s
...[7754.180s][info][gc,start       ] GC(1164) Pause Young (Normal) (G1 Evacuation Pause)
[7754.180s][info][gc,task        ] GC(1164) Using 8 workers of 8 for evacuation
[7754.356s][info][gc,phases      ] GC(1164)   Pre Evacuate Collection Set: 0.25ms
[7754.356s][info][gc,phases      ] GC(1164)   Merge Heap Roots: 0.52ms
[7754.356s][info][gc,phases      ] GC(1164)   Evacuate Collection Set: 173.60ms
[7754.356s][info][gc,phases      ] GC(1164)   Post Evacuate Collection Set: 1.28ms
[7754.356s][info][gc,phases      ] GC(1164)   Other: 0.07ms
[7754.356s][info][gc,heap        ] GC(1164) Eden regions: 715->0(713)
[7754.356s][info][gc,heap        ] GC(1164) Survivor regions: 53->55(96)
[7754.356s][info][gc,heap        ] GC(1164) Old regions: 234->237
[7754.356s][info][gc,heap        ] GC(1164) Humongous regions: 33->33
[7754.356s][info][gc,metaspace   ] GC(1164) Metaspace: 30020K(30528K)->30020K(30528K) NonClass: 24626K(24896K)->24626K(24896K) Class: 5394K(5632K)->5394K(5632K)
[7754.356s][info][gc             ] GC(1164) Pause Young (Normal) (G1 Evacuation Pause) 8250M->2568M(10240M) 175.853ms
[7754.356s][info][gc,cpu         ] GC(1164) User=1.38s Sys=0.00s Real=0.18s
... (rIR:aIR:PR = 12868:13155:12853) (tPR = 191272) [IR is over limit] 
  7756s: Performance info:
         Transaction,    Success,    Partial,     Failed,   Receipts, AvgBarcode, 
             Overall,     258918,          0,          0,     246058,      59.47, 
         Response times:
             Request,    Success,    Partial,     Failed,   SkipFail,     Probes,    Samples,      min,      p50,      p90,      p95,      p99,      max, 
       TotalPurchase,     252099,          0,          0,          0,     104649,     177635,      600,   100000,   216000,   258000,   397000,  5500000,
     InStorePurchase,     132522,          0,          0,          0,      54860,      93812,      800,   100000,   216000,   259000,   364000,  5500000,
      OnlinePurchase,      93124,          0,          0,          0,      38170,      64970,      600,    99000,   214000,   255000,   431000,  5500000,
        InstPurchase,      26453,          0,          0,          0,      11619,      18853,     1300,   102000,   221000,   261000,   425000,  2700000,
          AssocOfCat,        266,          0,          0,          0,        212,        376,    57000,   165500,   263200,   291300,   360980,   441000,
      AssocOfProduct,       2565,          0,          0,          0,       1194,       1945,     1400,    98000,   220400,   253700,   336960,  1100000,
      BusinessReport,        645,          0,          0,          0,        552,        958,    67000,   167000,   292000,   319100,   447780,   660000,
          CustBuyBeh,       2556,          0,          0,          0,       1164,       1914,      800,    96000,   218000,   241250,   358250,  1700000,
       ProductReturn,       6853,          0,          0,          0,       2879,       4672,     1800,    96000,   215700,   260000,   381810,  2700000,

  7756s: 
  7756s: Failed, 6 overall retries left, retrying 1 of 1
  7756s: (93%)   IR =  12868 .[7757.862s][info][gc,start       ] GC(1165) Pause Young (Normal) (G1 Evacuation Pause)
[7757.862s][info][gc,task        ] GC(1165) Using 8 workers of 8 for evacuation
[7758.044s][info][gc,phases      ] GC(1165)   Pre Evacuate Collection Set: 0.25ms
[7758.044s][info][gc,phases      ] GC(1165)   Merge Heap Roots: 0.60ms
[7758.044s][info][gc,phases      ] GC(1165)   Evacuate Collection Set: 180.01ms
[7758.044s][info][gc,phases      ] GC(1165)   Post Evacuate Collection Set: 1.27ms
[7758.044s][info][gc,phases      ] GC(1165)   Other: 0.07ms
[7758.044s][info][gc,heap        ] GC(1165) Eden regions: 713->0(699)
[7758.044s][info][gc,heap        ] GC(1165) Survivor regions: 55->57(96)
[7758.044s][info][gc,heap        ] GC(1165) Old regions: 237->240
[7758.044s][info][gc,heap        ] GC(1165) Humongous regions: 33->33
[7758.044s][info][gc,metaspace   ] GC(1165) Metaspace: 30020K(30528K)->30020K(30528K) NonClass: 24626K(24896K)->24626K(24896K) Class: 5394K(5632K)->5394K(5632K)
[7758.044s][info][gc             ] GC(1165) Pause Young (Normal) (G1 Evacuation Pause) 8272M->2607M(10240M) 182.327ms
[7758.044s][info][gc,cpu         ] GC(1165) User=1.43s Sys=0.00s Real=0.18s
....[7761.667s][info][gc,start       ] GC(1166) Pause Young (Normal) (G1 Evacuation Pause)
[7761.667s][info][gc,task        ] GC(1166) Using 8 workers of 8 for evacuation
[7761.837s][info][gc,phases      ] GC(1166)   Pre Evacuate Collection Set: 0.25ms
[7761.837s][info][gc,phases      ] GC(1166)   Merge Heap Roots: 0.53ms
[7761.837s][info][gc,phases      ] GC(1166)   Evacuate Collection Set: 167.48ms
[7761.837s][info][gc,phases      ] GC(1166)   Post Evacuate Collection Set: 1.25ms
[7761.837s][info][gc,phases      ] GC(1166)   Other: 0.07ms
[7761.837s][info][gc,heap        ] GC(1166) Eden regions: 701->0(720)
[7761.837s][info][gc,heap        ] GC(1166) Survivor regions: 57->48(95)
[7761.837s][info][gc,heap        ] GC(1166) Old regions: 240->248
[7761.837s][info][gc,heap        ] GC(1166) Humongous regions: 33->33
[7761.837s][info][gc,metaspace   ] GC(1166) Metaspace: 30020K(30528K)->30020K(30528K) NonClass: 24626K(24896K)->24626K(24896K) Class: 5394K(5632K)->5394K(5632K)
[7761.837s][info][gc             ] GC(1166) Pause Young (Normal) (G1 Evacuation Pause) 8215M->2599M(10240M) 169.729ms
[7761.837s][info][gc,cpu         ] GC(1166) User=1.33s Sys=0.00s Real=0.17s
...[7765.377s][info][gc,start       ] GC(1167) Pause Young (Normal) (G1 Evacuation Pause)
[7765.377s][info][gc,task        ] GC(1167) Using 8 workers of 8 for evacuation
[7765.547s][info][gc,phases      ] GC(1167)   Pre Evacuate Collection Set: 0.25ms
[7765.547s][info][gc,phases      ] GC(1167)   Merge Heap Roots: 0.52ms
[7765.547s][info][gc,phases      ] GC(1167)   Evacuate Collection Set: 168.27ms
[7765.547s][info][gc,phases      ] GC(1167)   Post Evacuate Collection Set: 1.28ms
[7765.547s][info][gc,phases      ] GC(1167)   Other: 0.07ms
[7765.547s][info][gc,heap        ] GC(1167) Eden regions: 720->0(712)
[7765.547s][info][gc,heap        ] GC(1167) Survivor regions: 48->56(96)
[7765.547s][info][gc,heap        ] GC(1167) Old regions: 248->248
[7765.547s][info][gc,heap        ] GC(1167) Humongous regions: 33->33
[7765.547s][info][gc,metaspace   ] GC(1167) Metaspace: 30020K(30528K)->30020K(30528K) NonClass: 24626K(24896K)->24626K(24896K) Class: 5394K(5632K)->5394K(5632K)
[7765.547s][info][gc             ] GC(1167) Pause Young (Normal) (G1 Evacuation Pause) 8359M->2663M(10240M) 170.538ms
[7765.547s][info][gc,cpu         ] GC(1167) User=1.34s Sys=0.00s Real=0.17s
....[7769.108s][info][gc,start       ] GC(1168) Pause Young (Normal) (G1 Evacuation Pause)
[7769.108s][info][gc,task        ] GC(1168) Using 8 workers of 8 for evacuation
[7769.277s][info][gc,phases      ] GC(1168)   Pre Evacuate Collection Set: 0.24ms
[7769.277s][info][gc,phases      ] GC(1168)   Merge Heap Roots: 0.53ms
[7769.277s][info][gc,phases      ] GC(1168)   Evacuate Collection Set: 166.46ms
[7769.277s][info][gc,phases      ] GC(1168)   Post Evacuate Collection Set: 1.31ms
[7769.277s][info][gc,phases      ] GC(1168)   Other: 0.06ms
[7769.277s][info][gc,heap        ] GC(1168) Eden regions: 712->0(715)
[7769.277s][info][gc,heap        ] GC(1168) Survivor regions: 56->53(96)
[7769.277s][info][gc,heap        ] GC(1168) Old regions: 248->252
[7769.277s][info][gc,heap        ] GC(1168) Humongous regions: 33->33
[7769.277s][info][gc,metaspace   ] GC(1168) Metaspace: 30020K(30528K)->30020K(30528K) NonClass: 24626K(24896K)->24626K(24896K) Class: 5394K(5632K)->5394K(5632K)
[7769.277s][info][gc             ] GC(1168) Pause Young (Normal) (G1 Evacuation Pause) 8359M->2668M(10240M) 168.732ms
[7769.277s][info][gc,cpu         ] GC(1168) User=1.33s Sys=0.00s Real=0.17s
....[7772.905s][info][gc,start       ] GC(1169) Pause Young (Normal) (G1 Evacuation Pause)
[7772.905s][info][gc,task        ] GC(1169) Using 8 workers of 8 for evacuation
[7773.087s][info][gc,phases      ] GC(1169)   Pre Evacuate Collection Set: 0.26ms
[7773.087s][info][gc,phases      ] GC(1169)   Merge Heap Roots: 0.52ms
[7773.087s][info][gc,phases      ] GC(1169)   Evacuate Collection Set: 180.30ms
[7773.087s][info][gc,phases      ] GC(1169)   Post Evacuate Collection Set: 1.22ms
[7773.087s][info][gc,phases      ] GC(1169)   Other: 0.07ms
[7773.087s][info][gc,heap        ] GC(1169) Eden regions: 715->0(680)
[7773.087s][info][gc,heap        ] GC(1169) Survivor regions: 53->57(96)
[7773.087s][info][gc,heap        ] GC(1169) Old regions: 252->254
[7773.087s][info][gc,heap        ] GC(1169) Humongous regions: 33->33
[7773.087s][info][gc,metaspace   ] GC(1169) Metaspace: 30020K(30528K)->30020K(30528K) NonClass: 24626K(24896K)->24626K(24896K) Class: 5394K(5632K)->5394K(5632K)
[7773.087s][info][gc             ] GC(1169) Pause Young (Normal) (G1 Evacuation Pause) 8388M->2717M(10240M) 182.487ms
[7773.087s][info][gc,cpu         ] GC(1169) User=1.44s Sys=0.01s Real=0.19s
...[7776.477s][info][gc,start       ] GC(1170) Pause Young (Normal) (G1 Evacuation Pause)
[7776.477s][info][gc,task        ] GC(1170) Using 8 workers of 8 for evacuation
[7776.648s][info][gc,phases      ] GC(1170)   Pre Evacuate Collection Set: 0.25ms
[7776.648s][info][gc,phases      ] GC(1170)   Merge Heap Roots: 0.53ms
[7776.648s][info][gc,phases      ] GC(1170)   Evacuate Collection Set: 168.89ms
[7776.648s][info][gc,phases      ] GC(1170)   Post Evacuate Collection Set: 1.19ms
[7776.648s][info][gc,phases      ] GC(1170)   Other: 0.06ms
[7776.648s][info][gc,heap        ] GC(1170) Eden regions: 681->0(720)
[7776.648s][info][gc,heap        ] GC(1170) Survivor regions: 57->48(93)
[7776.648s][info][gc,heap        ] GC(1170) Old regions: 254->263
[7776.648s][info][gc,heap        ] GC(1170) Humongous regions: 33->33
[7776.648s][info][gc,metaspace   ] GC(1170) Metaspace: 30020K(30528K)->30020K(30528K) NonClass: 24626K(24896K)->24626K(24896K) Class: 5394K(5632K)->5394K(5632K)
[7776.648s][info][gc             ] GC(1170) Pause Young (Normal) (G1 Evacuation Pause) 8165M->2718M(10240M) 171.052ms
[7776.648s][info][gc,cpu         ] GC(1170) User=1.35s Sys=0.00s Real=0.17s
....[7780.331s][info][gc,start       ] GC(1171) Pause Young (Normal) (G1 Evacuation Pause)
[7780.331s][info][gc,task        ] GC(1171) Using 8 workers of 8 for evacuation
[7780.491s][info][gc,phases      ] GC(1171)   Pre Evacuate Collection Set: 0.26ms
[7780.491s][info][gc,phases      ] GC(1171)   Merge Heap Roots: 0.52ms
[7780.491s][info][gc,phases      ] GC(1171)   Evacuate Collection Set: 157.64ms
[7780.491s][info][gc,phases      ] GC(1171)   Post Evacuate Collection Set: 1.30ms
[7780.491s][info][gc,phases      ] GC(1171)   Other: 0.07ms
[7780.491s][info][gc,heap        ] GC(1171) Eden regions: 720->0(716)
[7780.491s][info][gc,heap        ] GC(1171) Survivor regions: 48->52(96)
[7780.491s][info][gc,heap        ] GC(1171) Old regions: 263->263
[7780.491s][info][gc,heap        ] GC(1171) Humongous regions: 33->33
[7780.491s][info][gc,metaspace   ] GC(1171) Metaspace: 30020K(30528K)->30020K(30528K) NonClass: 24626K(24896K)->24626K(24896K) Class: 5394K(5632K)->5394K(5632K)
[7780.491s][info][gc             ] GC(1171) Pause Young (Normal) (G1 Evacuation Pause) 8478M->2754M(10240M) 159.936ms
[7780.491s][info][gc,cpu         ] GC(1171) User=1.26s Sys=0.00s Real=0.16s
....[7784.063s][info][gc,start       ] GC(1172) Pause Young (Normal) (G1 Evacuation Pause)
[7784.063s][info][gc,task        ] GC(1172) Using 8 workers of 8 for evacuation
[7784.233s][info][gc,phases      ] GC(1172)   Pre Evacuate Collection Set: 0.27ms
[7784.233s][info][gc,phases      ] GC(1172)   Merge Heap Roots: 0.53ms
[7784.233s][info][gc,phases      ] GC(1172)   Evacuate Collection Set: 167.49ms
[7784.233s][info][gc,phases      ] GC(1172)   Post Evacuate Collection Set: 1.26ms
[7784.233s][info][gc,phases      ] GC(1172)   Other: 0.07ms
[7784.233s][info][gc,heap        ] GC(1172) Eden regions: 716->0(716)
[7784.233s][info][gc,heap        ] GC(1172) Survivor regions: 52->52(96)
[7784.233s][info][gc,heap        ] GC(1172) Old regions: 263->266
[7784.233s][info][gc,heap        ] GC(1172) Humongous regions: 33->33
[7784.233s][info][gc,metaspace   ] GC(1172) Metaspace: 30020K(30528K)->30020K(30528K) NonClass: 24626K(24896K)->24626K(24896K) Class: 5394K(5632K)->5394K(5632K)
[7784.233s][info][gc             ] GC(1172) Pause Young (Normal) (G1 Evacuation Pause) 8482M->2777M(10240M) 169.757ms
[7784.233s][info][gc,cpu         ] GC(1172) User=1.33s Sys=0.00s Real=0.17s
..|..[7787.830s][info][gc,start       ] GC(1173) Pause Young (Normal) (G1 Evacuation Pause)
[7787.830s][info][gc,task        ] GC(1173) Using 8 workers of 8 for evacuation
[7788.003s][info][gc,phases      ] GC(1173)   Pre Evacuate Collection Set: 0.25ms
[7788.003s][info][gc,phases      ] GC(1173)   Merge Heap Roots: 0.52ms
[7788.003s][info][gc,phases      ] GC(1173)   Evacuate Collection Set: 170.75ms
[7788.003s][info][gc,phases      ] GC(1173)   Post Evacuate Collection Set: 1.26ms
[7788.003s][info][gc,phases      ] GC(1173)   Other: 0.07ms
[7788.003s][info][gc,heap        ] GC(1173) Eden regions: 716->0(714)
[7788.003s][info][gc,heap        ] GC(1173) Survivor regions: 52->54(96)
[7788.003s][info][gc,heap        ] GC(1173) Old regions: 266->269
[7788.003s][info][gc,heap        ] GC(1173) Humongous regions: 33->33
[7788.003s][info][gc,metaspace   ] GC(1173) Metaspace: 30020K(30528K)->30020K(30528K) NonClass: 24626K(24896K)->24626K(24896K) Class: 5394K(5632K)->5394K(5632K)
[7788.003s][info][gc             ] GC(1173) Pause Young (Normal) (G1 Evacuation Pause) 8505M->2815M(10240M) 172.984ms
[7788.003s][info][gc,cpu         ] GC(1173) User=1.36s Sys=0.00s Real=0.17s
...[7791.509s][info][gc,start       ] GC(1174) Pause Young (Concurrent Start) (G1 Evacuation Pause)
[7791.509s][info][gc,task        ] GC(1174) Using 8 workers of 8 for evacuation
[7791.684s][info][gc,phases      ] GC(1174)   Pre Evacuate Collection Set: 0.29ms
[7791.684s][info][gc,phases      ] GC(1174)   Merge Heap Roots: 0.51ms
[7791.684s][info][gc,phases      ] GC(1174)   Evacuate Collection Set: 173.07ms
[7791.684s][info][gc,phases      ] GC(1174)   Post Evacuate Collection Set: 1.27ms
[7791.684s][info][gc,phases      ] GC(1174)   Other: 0.08ms
[7791.684s][info][gc,heap        ] GC(1174) Eden regions: 714->0(715)
[7791.684s][info][gc,heap        ] GC(1174) Survivor regions: 54->53(96)
[7791.684s][info][gc,heap        ] GC(1174) Old regions: 269->272
[7791.684s][info][gc,heap        ] GC(1174) Humongous regions: 33->33
[7791.684s][info][gc,metaspace   ] GC(1174) Metaspace: 30020K(30528K)->30020K(30528K) NonClass: 24626K(24896K)->24626K(24896K) Class: 5394K(5632K)->5394K(5632K)
[7791.684s][info][gc             ] GC(1174) Pause Young (Concurrent Start) (G1 Evacuation Pause) 8527M->2828M(10240M) 175.356ms
[7791.684s][info][gc             ] GC(1175) Concurrent Mark Cycle
[7791.684s][info][gc,marking     ] GC(1175) Concurrent Scan Root Regions
[7791.684s][info][gc,cpu         ] GC(1174) User=1.38s Sys=0.00s Real=0.17s
.[7791.969s][info][gc,marking     ] GC(1175) Concurrent Scan Root Regions 285.248ms
[7791.969s][info][gc,marking     ] GC(1175) Concurrent Mark
[7791.969s][info][gc,marking     ] GC(1175) Concurrent Mark From Roots
[7791.969s][info][gc,task        ] GC(1175) Using 2 workers of 2 for marking
.[7793.108s][info][gc,marking     ] GC(1175) Concurrent Mark From Roots 1138.800ms
[7793.108s][info][gc,marking     ] GC(1175) Concurrent Preclean
[7793.108s][info][gc,marking     ] GC(1175) Concurrent Preclean 0.233ms
[7793.109s][info][gc,start       ] GC(1175) Pause Remark
[7793.110s][info][gc             ] GC(1175) Pause Remark 4345M->4161M(10240M) 1.199ms
[7793.110s][info][gc,cpu         ] GC(1175) User=0.00s Sys=0.00s Real=0.00s
[7793.110s][info][gc,marking     ] GC(1175) Concurrent Mark 1140.854ms
[7793.110s][info][gc,marking     ] GC(1175) Concurrent Rebuild Remembered Sets and Scrub Regions
.[7793.708s][info][gc,marking     ] GC(1175) Concurrent Rebuild Remembered Sets and Scrub Regions 598.103ms
[7793.708s][info][gc,start       ] GC(1175) Pause Cleanup
[7793.709s][info][gc             ] GC(1175) Pause Cleanup 4940M->4940M(10240M) 0.310ms
[7793.709s][info][gc,cpu         ] GC(1175) User=0.00s Sys=0.00s Real=0.00s
[7793.709s][info][gc,marking     ] GC(1175) Concurrent Clear Claimed Marks
[7793.709s][info][gc,marking     ] GC(1175) Concurrent Clear Claimed Marks 0.044ms
[7793.709s][info][gc,marking     ] GC(1175) Concurrent Cleanup for Next Mark
[7793.722s][info][gc,marking     ] GC(1175) Concurrent Cleanup for Next Mark 13.495ms
[7793.722s][info][gc             ] GC(1175) Concurrent Mark Cycle 2038.432ms
..[7795.946s][info][gc,start       ] GC(1176) Pause Young (Prepare Mixed) (G1 Evacuation Pause)
[7795.946s][info][gc,task        ] GC(1176) Using 8 workers of 8 for evacuation
[7796.117s][info][gc,phases      ] GC(1176)   Pre Evacuate Collection Set: 0.27ms
[7796.117s][info][gc,phases      ] GC(1176)   Merge Heap Roots: 0.74ms
[7796.117s][info][gc,phases      ] GC(1176)   Evacuate Collection Set: 168.48ms
[7796.117s][info][gc,phases      ] GC(1176)   Post Evacuate Collection Set: 1.36ms
[7796.117s][info][gc,phases      ] GC(1176)   Other: 0.08ms
[7796.117s][info][gc,heap        ] GC(1176) Eden regions: 715->0(715)
[7796.117s][info][gc,heap        ] GC(1176) Survivor regions: 53->53(96)
[7796.117s][info][gc,heap        ] GC(1176) Old regions: 249->251
[7796.117s][info][gc,heap        ] GC(1176) Humongous regions: 33->33
[7796.117s][info][gc,metaspace   ] GC(1176) Metaspace: 30020K(30528K)->30020K(30528K) NonClass: 24626K(24896K)->24626K(24896K) Class: 5394K(5632K)->5394K(5632K)
[7796.117s][info][gc             ] GC(1176) Pause Young (Prepare Mixed) (G1 Evacuation Pause) 8364M->2667M(10240M) 171.084ms
[7796.117s][info][gc,cpu         ] GC(1176) User=1.35s Sys=0.00s Real=0.17s
....[7799.740s][info][gc,start       ] GC(1177) Pause Young (Mixed) (G1 Evacuation Pause)
[7799.740s][info][gc,task        ] GC(1177) Using 8 workers of 8 for evacuation
[7799.917s][info][gc,phases      ] GC(1177)   Pre Evacuate Collection Set: 0.28ms
[7799.917s][info][gc,phases      ] GC(1177)   Merge Heap Roots: 0.62ms
[7799.917s][info][gc,phases      ] GC(1177)   Evacuate Collection Set: 173.64ms
[7799.917s][info][gc,phases      ] GC(1177)   Merge Optional Heap Roots: 0.06ms
[7799.917s][info][gc,phases      ] GC(1177)   Evacuate Optional Collection Set: 0.97ms
[7799.917s][info][gc,phases      ] GC(1177)   Post Evacuate Collection Set: 1.48ms
[7799.917s][info][gc,phases      ] GC(1177)   Other: 0.09ms
[7799.917s][info][gc,heap        ] GC(1177) Eden regions: 715->0(681)
[7799.917s][info][gc,heap        ] GC(1177) Survivor regions: 53->55(96)
[7799.917s][info][gc,heap        ] GC(1177) Old regions: 251->149
[7799.917s][info][gc,heap        ] GC(1177) Humongous regions: 33->33
[7799.917s][info][gc,metaspace   ] GC(1177) Metaspace: 30020K(30528K)->30020K(30528K) NonClass: 24626K(24896K)->24626K(24896K) Class: 5394K(5632K)->5394K(5632K)
[7799.917s][info][gc             ] GC(1177) Pause Young (Mixed) (G1 Evacuation Pause) 8387M->1860M(10240M) 177.292ms
[7799.917s][info][gc,cpu         ] GC(1177) User=1.39s Sys=0.00s Real=0.18s
...[7803.377s][info][gc,start       ] GC(1178) Pause Young (Mixed) (G1 Evacuation Pause)
[7803.377s][info][gc,task        ] GC(1178) Using 8 workers of 8 for evacuation
[7803.560s][info][gc,phases      ] GC(1178)   Pre Evacuate Collection Set: 0.25ms
[7803.560s][info][gc,phases      ] GC(1178)   Merge Heap Roots: 0.61ms
[7803.560s][info][gc,phases      ] GC(1178)   Evacuate Collection Set: 179.82ms
[7803.560s][info][gc,phases      ] GC(1178)   Post Evacuate Collection Set: 1.29ms
[7803.560s][info][gc,phases      ] GC(1178)   Other: 0.09ms
[7803.560s][info][gc,heap        ] GC(1178) Eden regions: 683->0(677)
[7803.560s][info][gc,heap        ] GC(1178) Survivor regions: 55->55(93)
[7803.560s][info][gc,heap        ] GC(1178) Old regions: 149->136
[7803.560s][info][gc,heap        ] GC(1178) Humongous regions: 33->33
[7803.560s][info][gc,metaspace   ] GC(1178) Metaspace: 30020K(30528K)->30020K(30528K) NonClass: 24626K(24896K)->24626K(24896K) Class: 5394K(5632K)->5394K(5632K)
[7803.560s][info][gc             ] GC(1178) Pause Young (Mixed) (G1 Evacuation Pause) 7324M->1763M(10240M) 182.186ms
[7803.560s][info][gc,cpu         ] GC(1178) User=1.43s Sys=0.01s Real=0.18s
....[7807.046s][info][gc,start       ] GC(1179) Pause Young (Mixed) (G1 Evacuation Pause)
[7807.046s][info][gc,task        ] GC(1179) Using 8 workers of 8 for evacuation
[7807.219s][info][gc,phases      ] GC(1179)   Pre Evacuate Collection Set: 0.25ms
[7807.219s][info][gc,phases      ] GC(1179)   Merge Heap Roots: 0.52ms
[7807.220s][info][gc,phases      ] GC(1179)   Evacuate Collection Set: 170.98ms
[7807.220s][info][gc,phases      ] GC(1179)   Post Evacuate Collection Set: 1.22ms
[7807.220s][info][gc,phases      ] GC(1179)   Other: 0.07ms
[7807.220s][info][gc,heap        ] GC(1179) Eden regions: 699->0(720)
[7807.220s][info][gc,heap        ] GC(1179) Survivor regions: 55->48(95)
[7807.220s][info][gc,heap        ] GC(1179) Old regions: 136->143
[7807.220s][info][gc,heap        ] GC(1179) Humongous regions: 33->33
[7807.220s][info][gc,metaspace   ] GC(1179) Metaspace: 30020K(30528K)->30020K(30528K) NonClass: 24626K(24896K)->24626K(24896K) Class: 5394K(5632K)->5394K(5632K)
[7807.220s][info][gc             ] GC(1179) Pause Young (Mixed) (G1 Evacuation Pause) 7355M->1753M(10240M) 173.199ms
[7807.220s][info][gc,cpu         ] GC(1179) User=1.36s Sys=0.00s Real=0.17s
....[7810.782s][info][gc,start       ] GC(1180) Pause Young (Normal) (G1 Evacuation Pause)
[7810.782s][info][gc,task        ] GC(1180) Using 8 workers of 8 for evacuation
[7810.944s][info][gc,phases      ] GC(1180)   Pre Evacuate Collection Set: 0.27ms
[7810.944s][info][gc,phases      ] GC(1180)   Merge Heap Roots: 0.51ms
[7810.944s][info][gc,phases      ] GC(1180)   Evacuate Collection Set: 159.81ms
[7810.944s][info][gc,phases      ] GC(1180)   Post Evacuate Collection Set: 1.23ms
[7810.944s][info][gc,phases      ] GC(1180)   Other: 0.06ms
[7810.944s][info][gc,heap        ] GC(1180) Eden regions: 720->0(715)
[7810.944s][info][gc,heap        ] GC(1180) Survivor regions: 48->53(96)
[7810.944s][info][gc,heap        ] GC(1180) Old regions: 143->143
[7810.944s][info][gc,heap        ] GC(1180) Humongous regions: 33->33
[7810.944s][info][gc,metaspace   ] GC(1180) Metaspace: 30020K(30528K)->30020K(30528K) NonClass: 24626K(24896K)->24626K(24896K) Class: 5394K(5632K)->5394K(5632K)
[7810.944s][info][gc             ] GC(1180) Pause Young (Normal) (G1 Evacuation Pause) 7513M->1797M(10240M) 162.029ms
[7810.945s][info][gc,cpu         ] GC(1180) User=1.27s Sys=0.00s Real=0.16s
...[7814.534s][info][gc,start       ] GC(1181) Pause Young (Normal) (G1 Evacuation Pause)
[7814.534s][info][gc,task        ] GC(1181) Using 8 workers of 8 for evacuation
[7814.712s][info][gc,phases      ] GC(1181)   Pre Evacuate Collection Set: 0.25ms
[7814.712s][info][gc,phases      ] GC(1181)   Merge Heap Roots: 0.50ms
[7814.712s][info][gc,phases      ] GC(1181)   Evacuate Collection Set: 175.94ms
[7814.712s][info][gc,phases      ] GC(1181)   Post Evacuate Collection Set: 1.24ms
[7814.712s][info][gc,phases      ] GC(1181)   Other: 0.08ms
[7814.712s][info][gc,heap        ] GC(1181) Eden regions: 715->0(713)
[7814.712s][info][gc,heap        ] GC(1181) Survivor regions: 53->55(96)
[7814.712s][info][gc,heap        ] GC(1181) Old regions: 143->145
[7814.712s][info][gc,heap        ] GC(1181) Humongous regions: 33->33
[7814.712s][info][gc,metaspace   ] GC(1181) Metaspace: 30020K(30528K)->30020K(30528K) NonClass: 24626K(24896K)->24626K(24896K) Class: 5394K(5632K)->5394K(5632K)
[7814.712s][info][gc             ] GC(1181) Pause Young (Normal) (G1 Evacuation Pause) 7517M->1835M(10240M) 178.159ms
[7814.712s][info][gc,cpu         ] GC(1181) User=1.41s Sys=0.00s Real=0.18s
....[7818.319s][info][gc,start       ] GC(1182) Pause Young (Normal) (G1 Evacuation Pause)
[7818.319s][info][gc,task        ] GC(1182) Using 8 workers of 8 for evacuation
[7818.487s][info][gc,phases      ] GC(1182)   Pre Evacuate Collection Set: 0.25ms
[7818.487s][info][gc,phases      ] GC(1182)   Merge Heap Roots: 0.51ms
[7818.487s][info][gc,phases      ] GC(1182)   Evacuate Collection Set: 166.24ms
[7818.487s][info][gc,phases      ] GC(1182)   Post Evacuate Collection Set: 1.21ms
[7818.487s][info][gc,phases      ] GC(1182)   Other: 0.06ms
[7818.487s][info][gc,heap        ] GC(1182) Eden regions: 713->0(716)
[7818.487s][info][gc,heap        ] GC(1182) Survivor regions: 55->52(96)
[7818.487s][info][gc,heap        ] GC(1182) Old regions: 145->148
[7818.487s][info][gc,heap        ] GC(1182) Humongous regions: 33->33
[7818.487s][info][gc,metaspace   ] GC(1182) Metaspace: 30020K(30528K)->30020K(30528K) NonClass: 24626K(24896K)->24626K(24896K) Class: 5394K(5632K)->5394K(5632K)
[7818.487s][info][gc             ] GC(1182) Pause Young (Normal) (G1 Evacuation Pause) 7539M->1833M(10240M) 168.421ms
[7818.487s][info][gc,cpu         ] GC(1182) User=1.33s Sys=0.00s Real=0.17s
....[7822.016s][info][gc,start       ] GC(1183) Pause Young (Normal) (G1 Evacuation Pause)
[7822.016s][info][gc,task        ] GC(1183) Using 8 workers of 8 for evacuation
[7822.186s][info][gc,phases      ] GC(1183)   Pre Evacuate Collection Set: 0.26ms
[7822.186s][info][gc,phases      ] GC(1183)   Merge Heap Roots: 0.51ms
[7822.186s][info][gc,phases      ] GC(1183)   Evacuate Collection Set: 168.18ms
[7822.186s][info][gc,phases      ] GC(1183)   Post Evacuate Collection Set: 1.21ms
[7822.186s][info][gc,phases      ] GC(1183)   Other: 0.08ms
[7822.186s][info][gc,heap        ] GC(1183) Eden regions: 716->0(715)
[7822.186s][info][gc,heap        ] GC(1183) Survivor regions: 52->53(96)
[7822.186s][info][gc,heap        ] GC(1183) Old regions: 148->151
[7822.186s][info][gc,heap        ] GC(1183) Humongous regions: 33->33
[7822.186s][info][gc,metaspace   ] GC(1183) Metaspace: 30020K(30528K)->30020K(30528K) NonClass: 24626K(24896K)->24626K(24896K) Class: 5394K(5632K)->5394K(5632K)
[7822.186s][info][gc             ] GC(1183) Pause Young (Normal) (G1 Evacuation Pause) 7561M->1864M(10240M) 170.375ms
[7822.186s][info][gc,cpu         ] GC(1183) User=1.34s Sys=0.00s Real=0.18s
....[7825.771s][info][gc,start       ] GC(1184) Pause Young (Normal) (G1 Evacuation Pause)
[7825.771s][info][gc,task        ] GC(1184) Using 8 workers of 8 for evacuation
[7825.938s][info][gc,phases      ] GC(1184)   Pre Evacuate Collection Set: 0.25ms
[7825.938s][info][gc,phases      ] GC(1184)   Merge Heap Roots: 0.51ms
[7825.938s][info][gc,phases      ] GC(1184)   Evacuate Collection Set: 165.24ms
[7825.938s][info][gc,phases      ] GC(1184)   Post Evacuate Collection Set: 1.28ms
[7825.938s][info][gc,phases      ] GC(1184)   Other: 0.07ms
[7825.938s][info][gc,heap        ] GC(1184) Eden regions: 715->0(715)
[7825.938s][info][gc,heap        ] GC(1184) Survivor regions: 53->53(96)
[7825.938s][info][gc,heap        ] GC(1184) Old regions: 151->154
[7825.938s][info][gc,heap        ] GC(1184) Humongous regions: 33->33
[7825.938s][info][gc,metaspace   ] GC(1184) Metaspace: 30020K(30528K)->30020K(30528K) NonClass: 24626K(24896K)->24626K(24896K) Class: 5394K(5632K)->5394K(5632K)
[7825.938s][info][gc             ] GC(1184) Pause Young (Normal) (G1 Evacuation Pause) 7584M->1881M(10240M) 167.483ms
[7825.938s][info][gc,cpu         ] GC(1184) User=1.32s Sys=0.00s Real=0.17s
...[7829.547s][info][gc,start       ] GC(1185) Pause Young (Normal) (G1 Evacuation Pause)
[7829.547s][info][gc,task        ] GC(1185) Using 8 workers of 8 for evacuation
[7829.718s][info][gc,phases      ] GC(1185)   Pre Evacuate Collection Set: 0.27ms
[7829.718s][info][gc,phases      ] GC(1185)   Merge Heap Roots: 0.52ms
[7829.718s][info][gc,phases      ] GC(1185)   Evacuate Collection Set: 168.93ms
[7829.718s][info][gc,phases      ] GC(1185)   Post Evacuate Collection Set: 1.24ms
[7829.718s][info][gc,phases      ] GC(1185)   Other: 0.07ms
[7829.718s][info][gc,heap        ] GC(1185) Eden regions: 715->0(715)
[7829.718s][info][gc,heap        ] GC(1185) Survivor regions: 53->53(96)
[7829.718s][info][gc,heap        ] GC(1185) Old regions: 154->156
[7829.718s][info][gc,heap        ] GC(1185) Humongous regions: 33->33
[7829.718s][info][gc,metaspace   ] GC(1185) Metaspace: 30020K(30528K)->30020K(30528K) NonClass: 24626K(24896K)->24626K(24896K) Class: 5394K(5632K)->5394K(5632K)
[7829.718s][info][gc             ] GC(1185) Pause Young (Normal) (G1 Evacuation Pause) 7601M->1907M(10240M) 171.158ms
[7829.718s][info][gc,cpu         ] GC(1185) User=1.35s Sys=0.00s Real=0.17s
....[7833.282s][info][gc,start       ] GC(1186) Pause Young (Normal) (G1 Evacuation Pause)
[7833.282s][info][gc,task        ] GC(1186) Using 8 workers of 8 for evacuation
[7833.456s][info][gc,phases      ] GC(1186)   Pre Evacuate Collection Set: 0.25ms
[7833.456s][info][gc,phases      ] GC(1186)   Merge Heap Roots: 0.51ms
[7833.456s][info][gc,phases      ] GC(1186)   Evacuate Collection Set: 172.04ms
[7833.456s][info][gc,phases      ] GC(1186)   Post Evacuate Collection Set: 1.28ms
[7833.456s][info][gc,phases      ] GC(1186)   Other: 0.08ms
[7833.456s][info][gc,heap        ] GC(1186) Eden regions: 715->0(713)
[7833.456s][info][gc,heap        ] GC(1186) Survivor regions: 53->55(96)
[7833.456s][info][gc,heap        ] GC(1186) Old regions: 156->159
[7833.456s][info][gc,heap        ] GC(1186) Humongous regions: 33->33
[7833.456s][info][gc,metaspace   ] GC(1186) Metaspace: 30020K(30528K)->30020K(30528K) NonClass: 24626K(24896K)->24626K(24896K) Class: 5394K(5632K)->5394K(5632K)
[7833.456s][info][gc             ] GC(1186) Pause Young (Normal) (G1 Evacuation Pause) 7627M->1942M(10240M) 174.295ms
[7833.457s][info][gc,cpu         ] GC(1186) User=1.37s Sys=0.00s Real=0.18s
....[7837.005s][info][gc,start       ] GC(1187) Pause Young (Normal) (G1 Evacuation Pause)
[7837.005s][info][gc,task        ] GC(1187) Using 8 workers of 8 for evacuation
[7837.176s][info][gc,phases      ] GC(1187)   Pre Evacuate Collection Set: 0.27ms
[7837.176s][info][gc,phases      ] GC(1187)   Merge Heap Roots: 0.51ms
[7837.176s][info][gc,phases      ] GC(1187)   Evacuate Collection Set: 169.20ms
[7837.176s][info][gc,phases      ] GC(1187)   Post Evacuate Collection Set: 1.24ms
[7837.176s][info][gc,phases      ] GC(1187)   Other: 0.06ms
[7837.176s][info][gc,heap        ] GC(1187) Eden regions: 713->0(715)
[7837.176s][info][gc,heap        ] GC(1187) Survivor regions: 55->53(96)
[7837.176s][info][gc,heap        ] GC(1187) Old regions: 159->162
[7837.176s][info][gc,heap        ] GC(1187) Humongous regions: 33->33
[7837.176s][info][gc,metaspace   ] GC(1187) Metaspace: 30020K(30528K)->30020K(30528K) NonClass: 24626K(24896K)->24626K(24896K) Class: 5394K(5632K)->5394K(5632K)
[7837.176s][info][gc             ] GC(1187) Pause Young (Normal) (G1 Evacuation Pause) 7646M->1952M(10240M) 171.403ms
[7837.176s][info][gc,cpu         ] GC(1187) User=1.35s Sys=0.00s Real=0.18s
...[7840.715s][info][gc,start       ] GC(1188) Pause Young (Normal) (G1 Evacuation Pause)
[7840.715s][info][gc,task        ] GC(1188) Using 8 workers of 8 for evacuation
[7840.887s][info][gc,phases      ] GC(1188)   Pre Evacuate Collection Set: 0.26ms
[7840.887s][info][gc,phases      ] GC(1188)   Merge Heap Roots: 0.52ms
[7840.887s][info][gc,phases      ] GC(1188)   Evacuate Collection Set: 169.77ms
[7840.887s][info][gc,phases      ] GC(1188)   Post Evacuate Collection Set: 1.23ms
[7840.887s][info][gc,phases      ] GC(1188)   Other: 0.06ms
[7840.887s][info][gc,heap        ] GC(1188) Eden regions: 715->0(715)
[7840.887s][info][gc,heap        ] GC(1188) Survivor regions: 53->53(96)
[7840.887s][info][gc,heap        ] GC(1188) Old regions: 162->165
[7840.887s][info][gc,heap        ] GC(1188) Humongous regions: 33->33
[7840.887s][info][gc,metaspace   ] GC(1188) Metaspace: 30020K(30528K)->30020K(30528K) NonClass: 24626K(24896K)->24626K(24896K) Class: 5394K(5632K)->5394K(5632K)
[7840.887s][info][gc             ] GC(1188) Pause Young (Normal) (G1 Evacuation Pause) 7672M->1973M(10240M) 172.007ms
[7840.887s][info][gc,cpu         ] GC(1188) User=1.36s Sys=0.01s Real=0.18s
....[7844.499s][info][gc,start       ] GC(1189) Pause Young (Normal) (G1 Evacuation Pause)
[7844.499s][info][gc,task        ] GC(1189) Using 8 workers of 8 for evacuation
[7844.678s][info][gc,phases      ] GC(1189)   Pre Evacuate Collection Set: 0.24ms
[7844.678s][info][gc,phases      ] GC(1189)   Merge Heap Roots: 0.50ms
[7844.678s][info][gc,phases      ] GC(1189)   Evacuate Collection Set: 177.56ms
[7844.678s][info][gc,phases      ] GC(1189)   Post Evacuate Collection Set: 1.25ms
[7844.678s][info][gc,phases      ] GC(1189)   Other: 0.07ms
[7844.678s][info][gc,heap        ] GC(1189) Eden regions: 715->0(712)
[7844.678s][info][gc,heap        ] GC(1189) Survivor regions: 53->56(96)
[7844.678s][info][gc,heap        ] GC(1189) Old regions: 165->167
[7844.678s][info][gc,heap        ] GC(1189) Humongous regions: 33->33
[7844.678s][info][gc,metaspace   ] GC(1189) Metaspace: 30020K(30528K)->30020K(30528K) NonClass: 24626K(24896K)->24626K(24896K) Class: 5394K(5632K)->5394K(5632K)
[7844.678s][info][gc             ] GC(1189) Pause Young (Normal) (G1 Evacuation Pause) 7693M->2019M(10240M) 179.760ms
[7844.678s][info][gc,cpu         ] GC(1189) User=1.42s Sys=0.00s Real=0.18s
.. (rIR:aIR:PR = 12868:12906:12743) (tPR = 189730) [OK] 
  7845s: Performance info:
         Transaction,    Success,    Partial,     Failed,   Receipts, AvgBarcode, 
             Overall,     767582,          0,          0,     729443,      59.47, 
         Response times:
             Request,    Success,    Partial,     Failed,   SkipFail,     Probes,    Samples,      min,      p50,      p90,      p95,      p99,      max, 
       TotalPurchase,     738696,          0,          0,          0,     257025,     539847,      500,   202000,   461000,   592000,   790000, 16000000,
     InStorePurchase,     387391,          0,          0,          0,     132795,     283573,      800,   202000,   465000,   610000,   810000, 16000000,
      OnlinePurchase,     274149,          0,          0,          0,      93458,     199157,      700,   202000,   452000,   575000,   760000, 16000000,
        InstPurchase,      77156,          0,          0,          0,      30772,      57117,      500,   201000,   458000,   596000,   780000, 15000000,
          AssocOfCat,        772,          0,          0,          0,        528,       1127,    63000,   260000,   498400,   596800,   767200,  2000000,
      AssocOfProduct,       7886,          0,          0,          0,       3002,       6027,     1100,   199000,   436000,   545000,   770000, 12000000,
      BusinessReport,       1931,          0,          0,          0,       1369,       2872,    69000,   268000,   504700,   630000,   782700,  1600000,
          CustBuyBeh,       7492,          0,          0,          0,       3053,       5931,     2300,   195000,   430000,   585000,   770000,  5700000,
       ProductReturn,      20622,          0,          0,          0,       7322,      14087,     1000,   197000,   441000,   552600,   860000,  4500000,

  7845s: (94%)   IR =  13007 ..[7848.168s][info][gc,start       ] GC(1190) Pause Young (Normal) (G1 Evacuation Pause)
[7848.168s][info][gc,task        ] GC(1190) Using 8 workers of 8 for evacuation
[7848.348s][info][gc,phases      ] GC(1190)   Pre Evacuate Collection Set: 0.27ms
[7848.348s][info][gc,phases      ] GC(1190)   Merge Heap Roots: 0.55ms
[7848.348s][info][gc,phases      ] GC(1190)   Evacuate Collection Set: 178.46ms
[7848.348s][info][gc,phases      ] GC(1190)   Post Evacuate Collection Set: 1.19ms
[7848.348s][info][gc,phases      ] GC(1190)   Other: 0.06ms
[7848.348s][info][gc,heap        ] GC(1190) Eden regions: 708->0(719)
[7848.348s][info][gc,heap        ] GC(1190) Survivor regions: 56->49(96)
[7848.348s][info][gc,heap        ] GC(1190) Old regions: 167->176
[7848.348s][info][gc,heap        ] GC(1190) Humongous regions: 33->33
[7848.348s][info][gc,metaspace   ] GC(1190) Metaspace: 30020K(30528K)->30020K(30528K) NonClass: 24626K(24896K)->24626K(24896K) Class: 5394K(5632K)->5394K(5632K)
[7848.348s][info][gc             ] GC(1190) Pause Young (Normal) (G1 Evacuation Pause) 7683M->2032M(10240M) 180.664ms
[7848.348s][info][gc,cpu         ] GC(1190) User=1.42s Sys=0.00s Real=0.18s
...[7852.017s][info][gc,start       ] GC(1191) Pause Young (Normal) (G1 Evacuation Pause)
[7852.017s][info][gc,task        ] GC(1191) Using 8 workers of 8 for evacuation
[7852.182s][info][gc,phases      ] GC(1191)   Pre Evacuate Collection Set: 0.27ms
[7852.182s][info][gc,phases      ] GC(1191)   Merge Heap Roots: 0.50ms
[7852.182s][info][gc,phases      ] GC(1191)   Evacuate Collection Set: 162.89ms
[7852.182s][info][gc,phases      ] GC(1191)   Post Evacuate Collection Set: 1.21ms
[7852.182s][info][gc,phases      ] GC(1191)   Other: 0.06ms
[7852.182s][info][gc,heap        ] GC(1191) Eden regions: 719->0(713)
[7852.182s][info][gc,heap        ] GC(1191) Survivor regions: 49->55(96)
[7852.182s][info][gc,heap        ] GC(1191) Old regions: 176->176
[7852.182s][info][gc,heap        ] GC(1191) Humongous regions: 33->33
[7852.182s][info][gc,metaspace   ] GC(1191) Metaspace: 30020K(30528K)->30020K(30528K) NonClass: 24626K(24896K)->24626K(24896K) Class: 5394K(5632K)->5394K(5632K)
[7852.182s][info][gc             ] GC(1191) Pause Young (Normal) (G1 Evacuation Pause) 7784M->2076M(10240M) 165.069ms
[7852.182s][info][gc,cpu         ] GC(1191) User=1.30s Sys=0.00s Real=0.16s
....[7855.742s][info][gc,start       ] GC(1192) Pause Young (Normal) (G1 Evacuation Pause)
[7855.742s][info][gc,task        ] GC(1192) Using 8 workers of 8 for evacuation
[7855.911s][info][gc,phases      ] GC(1192)   Pre Evacuate Collection Set: 0.25ms
[7855.911s][info][gc,phases      ] GC(1192)   Merge Heap Roots: 0.52ms
[7855.911s][info][gc,phases      ] GC(1192)   Evacuate Collection Set: 166.89ms
[7855.911s][info][gc,phases      ] GC(1192)   Post Evacuate Collection Set: 1.31ms
[7855.911s][info][gc,phases      ] GC(1192)   Other: 0.06ms
[7855.911s][info][gc,heap        ] GC(1192) Eden regions: 713->0(715)
[7855.911s][info][gc,heap        ] GC(1192) Survivor regions: 55->53(96)
[7855.911s][info][gc,heap        ] GC(1192) Old regions: 176->179
[7855.911s][info][gc,heap        ] GC(1192) Humongous regions: 33->33
[7855.911s][info][gc,metaspace   ] GC(1192) Metaspace: 30020K(30528K)->30020K(30528K) NonClass: 24626K(24896K)->24626K(24896K) Class: 5394K(5632K)->5394K(5632K)
[7855.911s][info][gc             ] GC(1192) Pause Young (Normal) (G1 Evacuation Pause) 7780M->2086M(10240M) 169.176ms
[7855.911s][info][gc,cpu         ] GC(1192) User=1.33s Sys=0.01s Real=0.17s
....[7859.519s][info][gc,start       ] GC(1193) Pause Young (Normal) (G1 Evacuation Pause)
[7859.519s][info][gc,task        ] GC(1193) Using 8 workers of 8 for evacuation
[7859.694s][info][gc,phases      ] GC(1193)   Pre Evacuate Collection Set: 0.29ms
[7859.694s][info][gc,phases      ] GC(1193)   Merge Heap Roots: 0.51ms
[7859.694s][info][gc,phases      ] GC(1193)   Evacuate Collection Set: 172.60ms
[7859.694s][info][gc,phases      ] GC(1193)   Post Evacuate Collection Set: 1.26ms
[7859.694s][info][gc,phases      ] GC(1193)   Other: 0.06ms
[7859.694s][info][gc,heap        ] GC(1193) Eden regions: 715->0(713)
[7859.694s][info][gc,heap        ] GC(1193) Survivor regions: 53->55(96)
[7859.694s][info][gc,heap        ] GC(1193) Old regions: 179->182
[7859.694s][info][gc,heap        ] GC(1193) Humongous regions: 33->33
[7859.694s][info][gc,metaspace   ] GC(1193) Metaspace: 30020K(30528K)->30020K(30528K) NonClass: 24626K(24896K)->24626K(24896K) Class: 5394K(5632K)->5394K(5632K)
[7859.694s][info][gc             ] GC(1193) Pause Young (Normal) (G1 Evacuation Pause) 7806M->2121M(10240M) 174.854ms
[7859.694s][info][gc,cpu         ] GC(1193) User=1.37s Sys=0.00s Real=0.17s
...[7863.159s][info][gc,start       ] GC(1194) Pause Young (Normal) (G1 Evacuation Pause)
[7863.159s][info][gc,task        ] GC(1194) Using 8 workers of 8 for evacuation
[7863.333s][info][gc,phases      ] GC(1194)   Pre Evacuate Collection Set: 0.26ms
[7863.333s][info][gc,phases      ] GC(1194)   Merge Heap Roots: 0.52ms
[7863.333s][info][gc,phases      ] GC(1194)   Evacuate Collection Set: 172.16ms
[7863.333s][info][gc,phases      ] GC(1194)   Post Evacuate Collection Set: 1.28ms
[7863.333s][info][gc,phases      ] GC(1194)   Other: 0.08ms
[7863.333s][info][gc,heap        ] GC(1194) Eden regions: 713->0(714)
[7863.334s][info][gc,heap        ] GC(1194) Survivor regions: 55->54(96)
[7863.334s][info][gc,heap        ] GC(1194) Old regions: 182->185
[7863.334s][info][gc,heap        ] GC(1194) Humongous regions: 33->33
[7863.334s][info][gc,metaspace   ] GC(1194) Metaspace: 30020K(30528K)->30020K(30528K) NonClass: 24626K(24896K)->24626K(24896K) Class: 5394K(5632K)->5394K(5632K)
[7863.334s][info][gc             ] GC(1194) Pause Young (Normal) (G1 Evacuation Pause) 7825M->2140M(10240M) 174.431ms
[7863.334s][info][gc,cpu         ] GC(1194) User=1.37s Sys=0.00s Real=0.17s
....[7866.853s][info][gc,start       ] GC(1195) Pause Young (Normal) (G1 Evacuation Pause)
[7866.853s][info][gc,task        ] GC(1195) Using 8 workers of 8 for evacuation
[7867.021s][info][gc,phases      ] GC(1195)   Pre Evacuate Collection Set: 0.26ms
[7867.021s][info][gc,phases      ] GC(1195)   Merge Heap Roots: 0.51ms
[7867.021s][info][gc,phases      ] GC(1195)   Evacuate Collection Set: 165.92ms
[7867.021s][info][gc,phases      ] GC(1195)   Post Evacuate Collection Set: 1.30ms
[7867.021s][info][gc,phases      ] GC(1195)   Other: 0.07ms
[7867.021s][info][gc,heap        ] GC(1195) Eden regions: 714->0(715)
[7867.021s][info][gc,heap        ] GC(1195) Survivor regions: 54->53(96)
[7867.021s][info][gc,heap        ] GC(1195) Old regions: 185->187
[7867.021s][info][gc,heap        ] GC(1195) Humongous regions: 33->33
[7867.021s][info][gc,metaspace   ] GC(1195) Metaspace: 30020K(30528K)->30020K(30528K) NonClass: 24626K(24896K)->24626K(24896K) Class: 5394K(5632K)->5394K(5632K)
[7867.021s][info][gc             ] GC(1195) Pause Young (Normal) (G1 Evacuation Pause) 7852M->2153M(10240M) 168.203ms
[7867.021s][info][gc,cpu         ] GC(1195) User=1.32s Sys=0.00s Real=0.17s
...|.[7870.570s][info][gc,start       ] GC(1196) Pause Young (Normal) (G1 Evacuation Pause)
[7870.570s][info][gc,task        ] GC(1196) Using 8 workers of 8 for evacuation
[7870.751s][info][gc,phases      ] GC(1196)   Pre Evacuate Collection Set: 0.27ms
[7870.751s][info][gc,phases      ] GC(1196)   Merge Heap Roots: 0.52ms
[7870.751s][info][gc,phases      ] GC(1196)   Evacuate Collection Set: 178.61ms
[7870.751s][info][gc,phases      ] GC(1196)   Post Evacuate Collection Set: 1.22ms
[7870.751s][info][gc,phases      ] GC(1196)   Other: 0.06ms
[7870.751s][info][gc,heap        ] GC(1196) Eden regions: 715->0(690)
[7870.751s][info][gc,heap        ] GC(1196) Survivor regions: 53->57(96)
[7870.751s][info][gc,heap        ] GC(1196) Old regions: 187->190
[7870.751s][info][gc,heap        ] GC(1196) Humongous regions: 33->33
[7870.751s][info][gc,metaspace   ] GC(1196) Metaspace: 30020K(30528K)->30020K(30528K) NonClass: 24626K(24896K)->24626K(24896K) Class: 5394K(5632K)->5394K(5632K)
[7870.751s][info][gc             ] GC(1196) Pause Young (Normal) (G1 Evacuation Pause) 7873M->2207M(10240M) 180.815ms
[7870.751s][info][gc,cpu         ] GC(1196) User=1.42s Sys=0.00s Real=0.18s
...[7874.245s][info][gc,start       ] GC(1197) Pause Young (Normal) (G1 Evacuation Pause)
[7874.245s][info][gc,task        ] GC(1197) Using 8 workers of 8 for evacuation
[7874.412s][info][gc,phases      ] GC(1197)   Pre Evacuate Collection Set: 0.26ms
[7874.412s][info][gc,phases      ] GC(1197)   Merge Heap Roots: 0.51ms
[7874.412s][info][gc,phases      ] GC(1197)   Evacuate Collection Set: 165.87ms
[7874.413s][info][gc,phases      ] GC(1197)   Post Evacuate Collection Set: 1.21ms
[7874.413s][info][gc,phases      ] GC(1197)   Other: 0.06ms
[7874.413s][info][gc,heap        ] GC(1197) Eden regions: 691->0(721)
[7874.413s][info][gc,heap        ] GC(1197) Survivor regions: 57->47(94)
[7874.413s][info][gc,heap        ] GC(1197) Old regions: 190->199
[7874.413s][info][gc,heap        ] GC(1197) Humongous regions: 33->33
[7874.413s][info][gc,metaspace   ] GC(1197) Metaspace: 30020K(30528K)->30020K(30528K) NonClass: 24626K(24896K)->24626K(24896K) Class: 5394K(5632K)->5394K(5632K)
[7874.413s][info][gc             ] GC(1197) Pause Young (Normal) (G1 Evacuation Pause) 7735M->2199M(10240M) 168.044ms
[7874.413s][info][gc,cpu         ] GC(1197) User=1.32s Sys=0.00s Real=0.17s
....[7878.067s][info][gc,start       ] GC(1198) Pause Young (Normal) (G1 Evacuation Pause)
[7878.067s][info][gc,task        ] GC(1198) Using 8 workers of 8 for evacuation
[7878.228s][info][gc,phases      ] GC(1198)   Pre Evacuate Collection Set: 0.24ms
[7878.228s][info][gc,phases      ] GC(1198)   Merge Heap Roots: 0.49ms
[7878.228s][info][gc,phases      ] GC(1198)   Evacuate Collection Set: 159.00ms
[7878.228s][info][gc,phases      ] GC(1198)   Post Evacuate Collection Set: 1.24ms
[7878.228s][info][gc,phases      ] GC(1198)   Other: 0.06ms
[7878.228s][info][gc,heap        ] GC(1198) Eden regions: 721->0(715)
[7878.228s][info][gc,heap        ] GC(1198) Survivor regions: 47->53(96)
[7878.228s][info][gc,heap        ] GC(1198) Old regions: 199->199
[7878.228s][info][gc,heap        ] GC(1198) Humongous regions: 33->33
[7878.229s][info][gc,metaspace   ] GC(1198) Metaspace: 30020K(30528K)->30020K(30528K) NonClass: 24626K(24896K)->24626K(24896K) Class: 5394K(5632K)->5394K(5632K)
[7878.229s][info][gc             ] GC(1198) Pause Young (Normal) (G1 Evacuation Pause) 7967M->2247M(10240M) 161.161ms
[7878.229s][info][gc,cpu         ] GC(1198) User=1.26s Sys=0.00s Real=0.16s
....[7881.809s][info][gc,start       ] GC(1199) Pause Young (Normal) (G1 Evacuation Pause)
[7881.809s][info][gc,task        ] GC(1199) Using 8 workers of 8 for evacuation
[7881.983s][info][gc,phases      ] GC(1199)   Pre Evacuate Collection Set: 0.26ms
[7881.983s][info][gc,phases      ] GC(1199)   Merge Heap Roots: 0.53ms
[7881.983s][info][gc,phases      ] GC(1199)   Evacuate Collection Set: 171.70ms
[7881.983s][info][gc,phases      ] GC(1199)   Post Evacuate Collection Set: 1.24ms
[7881.983s][info][gc,phases      ] GC(1199)   Other: 0.07ms
[7881.983s][info][gc,heap        ] GC(1199) Eden regions: 715->0(714)
[7881.983s][info][gc,heap        ] GC(1199) Survivor regions: 53->54(96)
[7881.983s][info][gc,heap        ] GC(1199) Old regions: 199->202
[7881.983s][info][gc,heap        ] GC(1199) Humongous regions: 33->33
[7881.983s][info][gc,metaspace   ] GC(1199) Metaspace: 30020K(30528K)->30020K(30528K) NonClass: 24626K(24896K)->24626K(24896K) Class: 5394K(5632K)->5394K(5632K)
[7881.983s][info][gc             ] GC(1199) Pause Young (Normal) (G1 Evacuation Pause) 7967M->2276M(10240M) 173.923ms
[7881.983s][info][gc,cpu         ] GC(1199) User=1.37s Sys=0.00s Real=0.17s
....[7885.558s][info][gc,start       ] GC(1200) Pause Young (Normal) (G1 Evacuation Pause)
[7885.558s][info][gc,task        ] GC(1200) Using 8 workers of 8 for evacuation
[7885.731s][info][gc,phases      ] GC(1200)   Pre Evacuate Collection Set: 0.26ms
[7885.731s][info][gc,phases      ] GC(1200)   Merge Heap Roots: 0.52ms
[7885.731s][info][gc,phases      ] GC(1200)   Evacuate Collection Set: 170.83ms
[7885.731s][info][gc,phases      ] GC(1200)   Post Evacuate Collection Set: 1.26ms
[7885.731s][info][gc,phases      ] GC(1200)   Other: 0.06ms
[7885.731s][info][gc,heap        ] GC(1200) Eden regions: 714->0(714)
[7885.731s][info][gc,heap        ] GC(1200) Survivor regions: 54->54(96)
[7885.731s][info][gc,heap        ] GC(1200) Old regions: 202->205
[7885.731s][info][gc,heap        ] GC(1200) Humongous regions: 33->33
[7885.731s][info][gc,metaspace   ] GC(1200) Metaspace: 30020K(30528K)->30020K(30528K) NonClass: 24626K(24896K)->24626K(24896K) Class: 5394K(5632K)->5394K(5632K)
[7885.731s][info][gc             ] GC(1200) Pause Young (Normal) (G1 Evacuation Pause) 7988M->2302M(10240M) 173.064ms
[7885.731s][info][gc,cpu         ] GC(1200) User=1.36s Sys=0.00s Real=0.17s
...[7889.332s][info][gc,start       ] GC(1201) Pause Young (Normal) (G1 Evacuation Pause)
[7889.332s][info][gc,task        ] GC(1201) Using 8 workers of 8 for evacuation
[7889.509s][info][gc,phases      ] GC(1201)   Pre Evacuate Collection Set: 0.28ms
[7889.509s][info][gc,phases      ] GC(1201)   Merge Heap Roots: 0.51ms
[7889.509s][info][gc,phases      ] GC(1201)   Evacuate Collection Set: 174.19ms
[7889.509s][info][gc,phases      ] GC(1201)   Post Evacuate Collection Set: 1.29ms
[7889.509s][info][gc,phases      ] GC(1201)   Other: 0.07ms
[7889.509s][info][gc,heap        ] GC(1201) Eden regions: 714->0(714)
[7889.509s][info][gc,heap        ] GC(1201) Survivor regions: 54->54(96)
[7889.509s][info][gc,heap        ] GC(1201) Old regions: 205->208
[7889.509s][info][gc,heap        ] GC(1201) Humongous regions: 33->33
[7889.509s][info][gc,metaspace   ] GC(1201) Metaspace: 30020K(30528K)->30020K(30528K) NonClass: 24626K(24896K)->24626K(24896K) Class: 5394K(5632K)->5394K(5632K)
[7889.509s][info][gc             ] GC(1201) Pause Young (Normal) (G1 Evacuation Pause) 8014M->2325M(10240M) 176.461ms
[7889.509s][info][gc,cpu         ] GC(1201) User=1.39s Sys=0.00s Real=0.18s
....[7893.110s][info][gc,start       ] GC(1202) Pause Young (Normal) (G1 Evacuation Pause)
[7893.110s][info][gc,task        ] GC(1202) Using 8 workers of 8 for evacuation
[7893.282s][info][gc,phases      ] GC(1202)   Pre Evacuate Collection Set: 0.25ms
[7893.282s][info][gc,phases      ] GC(1202)   Merge Heap Roots: 0.51ms
[7893.282s][info][gc,phases      ] GC(1202)   Evacuate Collection Set: 169.57ms
[7893.282s][info][gc,phases      ] GC(1202)   Post Evacuate Collection Set: 1.26ms
[7893.282s][info][gc,phases      ] GC(1202)   Other: 0.06ms
[7893.282s][info][gc,heap        ] GC(1202) Eden regions: 714->0(714)
[7893.282s][info][gc,heap        ] GC(1202) Survivor regions: 54->54(96)
[7893.282s][info][gc,heap        ] GC(1202) Old regions: 208->211
[7893.282s][info][gc,heap        ] GC(1202) Humongous regions: 33->33
[7893.282s][info][gc,metaspace   ] GC(1202) Metaspace: 30020K(30528K)->30020K(30528K) NonClass: 24626K(24896K)->24626K(24896K) Class: 5394K(5632K)->5394K(5632K)
[7893.282s][info][gc             ] GC(1202) Pause Young (Normal) (G1 Evacuation Pause) 8037M->2344M(10240M) 171.792ms
[7893.282s][info][gc,cpu         ] GC(1202) User=1.36s Sys=0.00s Real=0.17s
....[7896.784s][info][gc,start       ] GC(1203) Pause Young (Normal) (G1 Evacuation Pause)
[7896.784s][info][gc,task        ] GC(1203) Using 8 workers of 8 for evacuation
[7896.958s][info][gc,phases      ] GC(1203)   Pre Evacuate Collection Set: 0.25ms
[7896.958s][info][gc,phases      ] GC(1203)   Merge Heap Roots: 0.51ms
[7896.958s][info][gc,phases      ] GC(1203)   Evacuate Collection Set: 172.01ms
[7896.958s][info][gc,phases      ] GC(1203)   Post Evacuate Collection Set: 1.26ms
[7896.958s][info][gc,phases      ] GC(1203)   Other: 0.07ms
[7896.958s][info][gc,heap        ] GC(1203) Eden regions: 714->0(713)
[7896.958s][info][gc,heap        ] GC(1203) Survivor regions: 54->55(96)
[7896.958s][info][gc,heap        ] GC(1203) Old regions: 211->213
[7896.958s][info][gc,heap        ] GC(1203) Humongous regions: 33->33
[7896.958s][info][gc,metaspace   ] GC(1203) Metaspace: 30020K(30528K)->30020K(30528K) NonClass: 24626K(24896K)->24626K(24896K) Class: 5394K(5632K)->5394K(5632K)
[7896.958s][info][gc             ] GC(1203) Pause Young (Normal) (G1 Evacuation Pause) 8056M->2379M(10240M) 174.233ms
[7896.958s][info][gc,cpu         ] GC(1203) User=1.37s Sys=0.00s Real=0.18s
....[7900.653s][info][gc,start       ] GC(1204) Pause Young (Normal) (G1 Evacuation Pause)
[7900.653s][info][gc,task        ] GC(1204) Using 8 workers of 8 for evacuation
[7900.832s][info][gc,phases      ] GC(1204)   Pre Evacuate Collection Set: 0.26ms
[7900.832s][info][gc,phases      ] GC(1204)   Merge Heap Roots: 0.51ms
[7900.832s][info][gc,phases      ] GC(1204)   Evacuate Collection Set: 177.12ms
[7900.832s][info][gc,phases      ] GC(1204)   Post Evacuate Collection Set: 1.25ms
[7900.832s][info][gc,phases      ] GC(1204)   Other: 0.07ms
[7900.832s][info][gc,heap        ] GC(1204) Eden regions: 713->0(696)
[7900.832s][info][gc,heap        ] GC(1204) Survivor regions: 55->57(96)
[7900.832s][info][gc,heap        ] GC(1204) Old regions: 213->216
[7900.832s][info][gc,heap        ] GC(1204) Humongous regions: 33->33
[7900.832s][info][gc,metaspace   ] GC(1204) Metaspace: 30020K(30528K)->30020K(30528K) NonClass: 24626K(24896K)->24626K(24896K) Class: 5394K(5632K)->5394K(5632K)
[7900.832s][info][gc             ] GC(1204) Pause Young (Normal) (G1 Evacuation Pause) 8083M->2414M(10240M) 179.338ms
[7900.832s][info][gc,cpu         ] GC(1204) User=1.42s Sys=0.00s Real=0.18s
...[7904.311s][info][gc,start       ] GC(1205) Pause Young (Normal) (G1 Evacuation Pause)
[7904.311s][info][gc,task        ] GC(1205) Using 8 workers of 8 for evacuation
[7904.494s][info][gc,phases      ] GC(1205)   Pre Evacuate Collection Set: 0.24ms
[7904.494s][info][gc,phases      ] GC(1205)   Merge Heap Roots: 0.52ms
[7904.494s][info][gc,phases      ] GC(1205)   Evacuate Collection Set: 180.74ms
[7904.494s][info][gc,phases      ] GC(1205)   Post Evacuate Collection Set: 1.30ms
[7904.494s][info][gc,phases      ] GC(1205)   Other: 0.06ms
[7904.494s][info][gc,heap        ] GC(1205) Eden regions: 697->0(717)
[7904.494s][info][gc,heap        ] GC(1205) Survivor regions: 57->51(95)
[7904.494s][info][gc,heap        ] GC(1205) Old regions: 216->225
[7904.494s][info][gc,heap        ] GC(1205) Humongous regions: 33->33
[7904.494s][info][gc,metaspace   ] GC(1205) Metaspace: 30020K(30528K)->30020K(30528K) NonClass: 24626K(24896K)->24626K(24896K) Class: 5394K(5632K)->5394K(5632K)
[7904.494s][info][gc             ] GC(1205) Pause Young (Normal) (G1 Evacuation Pause) 7990M->2435M(10240M) 183.014ms
[7904.494s][info][gc,cpu         ] GC(1205) User=1.43s Sys=0.00s Real=0.18s
....[7907.982s][info][gc,start       ] GC(1206) Pause Young (Normal) (G1 Evacuation Pause)
[7907.982s][info][gc,task        ] GC(1206) Using 8 workers of 8 for evacuation
[7908.147s][info][gc,phases      ] GC(1206)   Pre Evacuate Collection Set: 0.28ms
[7908.147s][info][gc,phases      ] GC(1206)   Merge Heap Roots: 0.50ms
[7908.147s][info][gc,phases      ] GC(1206)   Evacuate Collection Set: 163.51ms
[7908.147s][info][gc,phases      ] GC(1206)   Post Evacuate Collection Set: 1.24ms
[7908.147s][info][gc,phases      ] GC(1206)   Other: 0.07ms
[7908.147s][info][gc,heap        ] GC(1206) Eden regions: 717->0(720)
[7908.147s][info][gc,heap        ] GC(1206) Survivor regions: 51->48(96)
[7908.147s][info][gc,heap        ] GC(1206) Old regions: 225->231
[7908.147s][info][gc,heap        ] GC(1206) Humongous regions: 33->33
[7908.147s][info][gc,metaspace   ] GC(1206) Metaspace: 30020K(30528K)->30020K(30528K) NonClass: 24626K(24896K)->24626K(24896K) Class: 5394K(5632K)->5394K(5632K)
[7908.147s][info][gc             ] GC(1206) Pause Young (Normal) (G1 Evacuation Pause) 8171M->2460M(10240M) 165.742ms
[7908.147s][info][gc,cpu         ] GC(1206) User=1.30s Sys=0.00s Real=0.17s
....[7911.710s][info][gc,start       ] GC(1207) Pause Young (Normal) (G1 Evacuation Pause)
[7911.710s][info][gc,task        ] GC(1207) Using 8 workers of 8 for evacuation
[7911.869s][info][gc,phases      ] GC(1207)   Pre Evacuate Collection Set: 0.28ms
[7911.869s][info][gc,phases      ] GC(1207)   Merge Heap Roots: 0.50ms
[7911.869s][info][gc,phases      ] GC(1207)   Evacuate Collection Set: 157.24ms
[7911.869s][info][gc,phases      ] GC(1207)   Post Evacuate Collection Set: 1.25ms
[7911.869s][info][gc,phases      ] GC(1207)   Other: 0.06ms
[7911.869s][info][gc,heap        ] GC(1207) Eden regions: 720->0(716)
[7911.869s][info][gc,heap        ] GC(1207) Survivor regions: 48->52(96)
[7911.869s][info][gc,heap        ] GC(1207) Old regions: 231->231
[7911.869s][info][gc,heap        ] GC(1207) Humongous regions: 33->33
[7911.869s][info][gc,metaspace   ] GC(1207) Metaspace: 30020K(30528K)->30020K(30528K) NonClass: 24626K(24896K)->24626K(24896K) Class: 5394K(5632K)->5394K(5632K)
[7911.869s][info][gc             ] GC(1207) Pause Young (Normal) (G1 Evacuation Pause) 8220M->2496M(10240M) 159.465ms
[7911.869s][info][gc,cpu         ] GC(1207) User=1.26s Sys=0.00s Real=0.16s
...[7915.521s][info][gc,start       ] GC(1208) Pause Young (Normal) (G1 Evacuation Pause)
[7915.521s][info][gc,task        ] GC(1208) Using 8 workers of 8 for evacuation
[7915.698s][info][gc,phases      ] GC(1208)   Pre Evacuate Collection Set: 0.24ms
[7915.698s][info][gc,phases      ] GC(1208)   Merge Heap Roots: 0.55ms
[7915.698s][info][gc,phases      ] GC(1208)   Evacuate Collection Set: 175.39ms
[7915.698s][info][gc,phases      ] GC(1208)   Post Evacuate Collection Set: 1.27ms
[7915.698s][info][gc,phases      ] GC(1208)   Other: 0.07ms
[7915.698s][info][gc,heap        ] GC(1208) Eden regions: 716->0(713)
[7915.698s][info][gc,heap        ] GC(1208) Survivor regions: 52->55(96)
[7915.698s][info][gc,heap        ] GC(1208) Old regions: 231->234
[7915.698s][info][gc,heap        ] GC(1208) Humongous regions: 33->33
[7915.698s][info][gc,metaspace   ] GC(1208) Metaspace: 30020K(30528K)->30020K(30528K) NonClass: 24626K(24896K)->24626K(24896K) Class: 5394K(5632K)->5394K(5632K)
[7915.698s][info][gc             ] GC(1208) Pause Young (Normal) (G1 Evacuation Pause) 8224M->2541M(10240M) 177.704ms
[7915.698s][info][gc,cpu         ] GC(1208) User=1.40s Sys=0.00s Real=0.18s
....[7919.271s][info][gc,start       ] GC(1209) Pause Young (Normal) (G1 Evacuation Pause)
[7919.271s][info][gc,task        ] GC(1209) Using 8 workers of 8 for evacuation
[7919.445s][info][gc,phases      ] GC(1209)   Pre Evacuate Collection Set: 0.27ms
[7919.445s][info][gc,phases      ] GC(1209)   Merge Heap Roots: 0.55ms
[7919.445s][info][gc,phases      ] GC(1209)   Evacuate Collection Set: 172.14ms
[7919.445s][info][gc,phases      ] GC(1209)   Post Evacuate Collection Set: 1.24ms
[7919.445s][info][gc,phases      ] GC(1209)   Other: 0.06ms
[7919.445s][info][gc,heap        ] GC(1209) Eden regions: 713->0(715)
[7919.445s][info][gc,heap        ] GC(1209) Survivor regions: 55->53(96)
[7919.445s][info][gc,heap        ] GC(1209) Old regions: 234->237
[7919.445s][info][gc,heap        ] GC(1209) Humongous regions: 33->33
[7919.445s][info][gc,metaspace   ] GC(1209) Metaspace: 30020K(30528K)->30020K(30528K) NonClass: 24626K(24896K)->24626K(24896K) Class: 5394K(5632K)->5394K(5632K)
[7919.445s][info][gc             ] GC(1209) Pause Young (Normal) (G1 Evacuation Pause) 8245M->2548M(10240M) 174.414ms
[7919.445s][info][gc,cpu         ] GC(1209) User=1.38s Sys=0.00s Real=0.17s
....[7923.116s][info][gc,start       ] GC(1210) Pause Young (Normal) (G1 Evacuation Pause)
[7923.116s][info][gc,task        ] GC(1210) Using 8 workers of 8 for evacuation
[7923.286s][info][gc,phases      ] GC(1210)   Pre Evacuate Collection Set: 0.26ms
[7923.286s][info][gc,phases      ] GC(1210)   Merge Heap Roots: 0.51ms
[7923.286s][info][gc,phases      ] GC(1210)   Evacuate Collection Set: 167.92ms
[7923.286s][info][gc,phases      ] GC(1210)   Post Evacuate Collection Set: 1.29ms
[7923.286s][info][gc,phases      ] GC(1210)   Other: 0.08ms
[7923.286s][info][gc,heap        ] GC(1210) Eden regions: 715->0(714)
[7923.286s][info][gc,heap        ] GC(1210) Survivor regions: 53->54(96)
[7923.286s][info][gc,heap        ] GC(1210) Old regions: 237->239
[7923.286s][info][gc,heap        ] GC(1210) Humongous regions: 33->33
[7923.286s][info][gc,metaspace   ] GC(1210) Metaspace: 30020K(30528K)->30020K(30528K) NonClass: 24626K(24896K)->24626K(24896K) Class: 5394K(5632K)->5394K(5632K)
[7923.287s][info][gc             ] GC(1210) Pause Young (Normal) (G1 Evacuation Pause) 8268M->2575M(10240M) 170.197ms
[7923.287s][info][gc,cpu         ] GC(1210) User=1.34s Sys=0.00s Real=0.17s
....[7926.928s][info][gc,start       ] GC(1211) Pause Young (Normal) (G1 Evacuation Pause)
[7926.928s][info][gc,task        ] GC(1211) Using 8 workers of 8 for evacuation
[7927.095s][info][gc,phases      ] GC(1211)   Pre Evacuate Collection Set: 0.25ms
[7927.095s][info][gc,phases      ] GC(1211)   Merge Heap Roots: 0.52ms
[7927.095s][info][gc,phases      ] GC(1211)   Evacuate Collection Set: 164.54ms
[7927.095s][info][gc,phases      ] GC(1211)   Post Evacuate Collection Set: 1.27ms
[7927.095s][info][gc,phases      ] GC(1211)   Other: 0.08ms
[7927.095s][info][gc,heap        ] GC(1211) Eden regions: 714->0(715)
[7927.095s][info][gc,heap        ] GC(1211) Survivor regions: 54->53(96)
[7927.095s][info][gc,heap        ] GC(1211) Old regions: 239->242
[7927.095s][info][gc,heap        ] GC(1211) Humongous regions: 33->33
[7927.095s][info][gc,metaspace   ] GC(1211) Metaspace: 30020K(30528K)->30020K(30528K) NonClass: 24626K(24896K)->24626K(24896K) Class: 5394K(5632K)->5394K(5632K)
[7927.095s][info][gc             ] GC(1211) Pause Young (Normal) (G1 Evacuation Pause) 8287M->2593M(10240M) 166.785ms
[7927.095s][info][gc,cpu         ] GC(1211) User=1.32s Sys=0.00s Real=0.16s
....[7930.820s][info][gc,start       ] GC(1212) Pause Young (Normal) (G1 Evacuation Pause)
[7930.820s][info][gc,task        ] GC(1212) Using 8 workers of 8 for evacuation
[7930.987s][info][gc,phases      ] GC(1212)   Pre Evacuate Collection Set: 0.26ms
[7930.987s][info][gc,phases      ] GC(1212)   Merge Heap Roots: 0.53ms
[7930.987s][info][gc,phases      ] GC(1212)   Evacuate Collection Set: 165.25ms
[7930.987s][info][gc,phases      ] GC(1212)   Post Evacuate Collection Set: 1.25ms
[7930.987s][info][gc,phases      ] GC(1212)   Other: 0.06ms
[7930.987s][info][gc,heap        ] GC(1212) Eden regions: 715->0(715)
[7930.987s][info][gc,heap        ] GC(1212) Survivor regions: 53->53(96)
[7930.987s][info][gc,heap        ] GC(1212) Old regions: 242->245
[7930.987s][info][gc,heap        ] GC(1212) Humongous regions: 33->33
[7930.987s][info][gc,metaspace   ] GC(1212) Metaspace: 30020K(30528K)->30020K(30528K) NonClass: 24626K(24896K)->24626K(24896K) Class: 5394K(5632K)->5394K(5632K)
[7930.987s][info][gc             ] GC(1212) Pause Young (Normal) (G1 Evacuation Pause) 8313M->2612M(10240M) 167.486ms
[7930.987s][info][gc,cpu         ] GC(1212) User=1.32s Sys=0.00s Real=0.17s
...[7934.345s][info][gc,start       ] GC(1213) Pause Young (Normal) (G1 Evacuation Pause)
[7934.345s][info][gc,task        ] GC(1213) Using 8 workers of 8 for evacuation
[7934.532s][info][gc,phases      ] GC(1213)   Pre Evacuate Collection Set: 0.27ms
[7934.533s][info][gc,phases      ] GC(1213)   Merge Heap Roots: 0.51ms
[7934.533s][info][gc,phases      ] GC(1213)   Evacuate Collection Set: 184.99ms
[7934.533s][info][gc,phases      ] GC(1213)   Post Evacuate Collection Set: 1.26ms
[7934.533s][info][gc,phases      ] GC(1213)   Other: 0.06ms
[7934.533s][info][gc,heap        ] GC(1213) Eden regions: 715->0(660)
[7934.533s][info][gc,heap        ] GC(1213) Survivor regions: 53->58(96)
[7934.533s][info][gc,heap        ] GC(1213) Old regions: 245->248
[7934.533s][info][gc,heap        ] GC(1213) Humongous regions: 33->33
[7934.533s][info][gc,metaspace   ] GC(1213) Metaspace: 30020K(30528K)->30020K(30528K) NonClass: 24626K(24896K)->24626K(24896K) Class: 5394K(5632K)->5394K(5632K)
[7934.533s][info][gc             ] GC(1213) Pause Young (Normal) (G1 Evacuation Pause) 8332M->2678M(10240M) 187.221ms
[7934.533s][info][gc,cpu         ] GC(1213) User=1.47s Sys=0.00s Real=0.19s
....[7937.817s][info][gc,start       ] GC(1214) Pause Young (Normal) (G1 Evacuation Pause)
[7937.817s][info][gc,task        ] GC(1214) Using 8 workers of 8 for evacuation
[7937.992s][info][gc,phases      ] GC(1214)   Pre Evacuate Collection Set: 0.25ms
[7937.992s][info][gc,phases      ] GC(1214)   Merge Heap Roots: 0.51ms
[7937.992s][info][gc,phases      ] GC(1214)   Evacuate Collection Set: 172.52ms
[7937.992s][info][gc,phases      ] GC(1214)   Post Evacuate Collection Set: 1.14ms
[7937.992s][info][gc,phases      ] GC(1214)   Other: 0.07ms
[7937.992s][info][gc,heap        ] GC(1214) Eden regions: 661->0(718)
[7937.992s][info][gc,heap        ] GC(1214) Survivor regions: 58->50(90)
[7937.992s][info][gc,heap        ] GC(1214) Old regions: 248->256
[7937.992s][info][gc,heap        ] GC(1214) Humongous regions: 33->33
[7937.992s][info][gc,metaspace   ] GC(1214) Metaspace: 30020K(30528K)->30020K(30528K) NonClass: 24626K(24896K)->24626K(24896K) Class: 5394K(5632K)->5394K(5632K)
[7937.992s][info][gc             ] GC(1214) Pause Young (Normal) (G1 Evacuation Pause) 7966M->2678M(10240M) 174.621ms
[7937.992s][info][gc,cpu         ] GC(1214) User=1.38s Sys=0.00s Real=0.17s
...[7941.518s][info][gc,start       ] GC(1215) Pause Young (Normal) (G1 Evacuation Pause)
[7941.518s][info][gc,task        ] GC(1215) Using 8 workers of 8 for evacuation
[7941.686s][info][gc,phases      ] GC(1215)   Pre Evacuate Collection Set: 0.25ms
[7941.686s][info][gc,phases      ] GC(1215)   Merge Heap Roots: 0.52ms
[7941.686s][info][gc,phases      ] GC(1215)   Evacuate Collection Set: 166.12ms
[7941.686s][info][gc,phases      ] GC(1215)   Post Evacuate Collection Set: 1.22ms
[7941.686s][info][gc,phases      ] GC(1215)   Other: 0.07ms
[7941.686s][info][gc,heap        ] GC(1215) Eden regions: 718->0(709)
[7941.686s][info][gc,heap        ] GC(1215) Survivor regions: 50->56(96)
[7941.686s][info][gc,heap        ] GC(1215) Old regions: 256->256
[7941.686s][info][gc,heap        ] GC(1215) Humongous regions: 33->33
[7941.686s][info][gc,metaspace   ] GC(1215) Metaspace: 30020K(30528K)->30020K(30528K) NonClass: 24626K(24896K)->24626K(24896K) Class: 5394K(5632K)->5394K(5632K)
[7941.686s][info][gc             ] GC(1215) Pause Young (Normal) (G1 Evacuation Pause) 8422M->2726M(10240M) 168.319ms
[7941.686s][info][gc,cpu         ] GC(1215) User=1.32s Sys=0.00s Real=0.17s
....[7945.353s][info][gc,start       ] GC(1216) Pause Young (Normal) (G1 Evacuation Pause)
[7945.353s][info][gc,task        ] GC(1216) Using 8 workers of 8 for evacuation
[7945.530s][info][gc,phases      ] GC(1216)   Pre Evacuate Collection Set: 0.25ms
[7945.530s][info][gc,phases      ] GC(1216)   Merge Heap Roots: 0.51ms
[7945.530s][info][gc,phases      ] GC(1216)   Evacuate Collection Set: 174.41ms
[7945.530s][info][gc,phases      ] GC(1216)   Post Evacuate Collection Set: 1.25ms
[7945.530s][info][gc,phases      ] GC(1216)   Other: 0.06ms
[7945.530s][info][gc,heap        ] GC(1216) Eden regions: 710->0(713)
[7945.530s][info][gc,heap        ] GC(1216) Survivor regions: 56->55(96)
[7945.530s][info][gc,heap        ] GC(1216) Old regions: 256->260
[7945.530s][info][gc,heap        ] GC(1216) Humongous regions: 33->33
[7945.530s][info][gc,metaspace   ] GC(1216) Metaspace: 30020K(30528K)->30020K(30528K) NonClass: 24626K(24896K)->24626K(24896K) Class: 5394K(5632K)->5394K(5632K)
[7945.530s][info][gc             ] GC(1216) Pause Young (Normal) (G1 Evacuation Pause) 8406M->2748M(10240M) 176.622ms
[7945.530s][info][gc,cpu         ] GC(1216) User=1.39s Sys=0.00s Real=0.18s
....[7949.080s][info][gc,start       ] GC(1217) Pause Young (Normal) (G1 Evacuation Pause)
[7949.080s][info][gc,task        ] GC(1217) Using 8 workers of 8 for evacuation
[7949.250s][info][gc,phases      ] GC(1217)   Pre Evacuate Collection Set: 0.26ms
[7949.250s][info][gc,phases      ] GC(1217)   Merge Heap Roots: 0.55ms
[7949.250s][info][gc,phases      ] GC(1217)   Evacuate Collection Set: 167.48ms
[7949.250s][info][gc,phases      ] GC(1217)   Post Evacuate Collection Set: 1.24ms
[7949.250s][info][gc,phases      ] GC(1217)   Other: 0.07ms
[7949.250s][info][gc,heap        ] GC(1217) Eden regions: 713->0(715)
[7949.250s][info][gc,heap        ] GC(1217) Survivor regions: 55->53(96)
[7949.250s][info][gc,heap        ] GC(1217) Old regions: 260->262
[7949.250s][info][gc,heap        ] GC(1217) Humongous regions: 33->33
[7949.250s][info][gc,metaspace   ] GC(1217) Metaspace: 30020K(30528K)->30020K(30528K) NonClass: 24626K(24896K)->24626K(24896K) Class: 5394K(5632K)->5394K(5632K)
[7949.250s][info][gc             ] GC(1217) Pause Young (Normal) (G1 Evacuation Pause) 8452M->2753M(10240M) 169.732ms
[7949.250s][info][gc,cpu         ] GC(1217) User=1.33s Sys=0.00s Real=0.17s
....[7952.760s][info][gc,start       ] GC(1218) Pause Young (Normal) (G1 Evacuation Pause)
[7952.760s][info][gc,task        ] GC(1218) Using 8 workers of 8 for evacuation
[7952.937s][info][gc,phases      ] GC(1218)   Pre Evacuate Collection Set: 0.25ms
[7952.937s][info][gc,phases      ] GC(1218)   Merge Heap Roots: 0.52ms
[7952.937s][info][gc,phases      ] GC(1218)   Evacuate Collection Set: 174.83ms
[7952.937s][info][gc,phases      ] GC(1218)   Post Evacuate Collection Set: 1.24ms
[7952.937s][info][gc,phases      ] GC(1218)   Other: 0.06ms
[7952.937s][info][gc,heap        ] GC(1218) Eden regions: 715->0(713)
[7952.937s][info][gc,heap        ] GC(1218) Survivor regions: 53->55(96)
[7952.937s][info][gc,heap        ] GC(1218) Old regions: 262->265
[7952.937s][info][gc,heap        ] GC(1218) Humongous regions: 33->33
[7952.937s][info][gc,metaspace   ] GC(1218) Metaspace: 30020K(30528K)->30020K(30528K) NonClass: 24626K(24896K)->24626K(24896K) Class: 5394K(5632K)->5394K(5632K)
[7952.937s][info][gc             ] GC(1218) Pause Young (Normal) (G1 Evacuation Pause) 8473M->2791M(10240M) 177.036ms
[7952.937s][info][gc,cpu         ] GC(1218) User=1.40s Sys=0.00s Real=0.18s
...[7956.496s][info][gc,start       ] GC(1219) Pause Young (Normal) (G1 Evacuation Pause)
[7956.496s][info][gc,task        ] GC(1219) Using 8 workers of 8 for evacuation
[7956.666s][info][gc,phases      ] GC(1219)   Pre Evacuate Collection Set: 0.27ms
[7956.666s][info][gc,phases      ] GC(1219)   Merge Heap Roots: 0.51ms
[7956.666s][info][gc,phases      ] GC(1219)   Evacuate Collection Set: 167.61ms
[7956.666s][info][gc,phases      ] GC(1219)   Post Evacuate Collection Set: 1.27ms
[7956.666s][info][gc,phases      ] GC(1219)   Other: 0.07ms
[7956.666s][info][gc,heap        ] GC(1219) Eden regions: 713->0(715)
[7956.666s][info][gc,heap        ] GC(1219) Survivor regions: 55->53(96)
[7956.666s][info][gc,heap        ] GC(1219) Old regions: 265->268
[7956.666s][info][gc,heap        ] GC(1219) Humongous regions: 33->33
[7956.666s][info][gc,metaspace   ] GC(1219) Metaspace: 30020K(30528K)->30020K(30528K) NonClass: 24626K(24896K)->24626K(24896K) Class: 5394K(5632K)->5394K(5632K)
[7956.666s][info][gc             ] GC(1219) Pause Young (Normal) (G1 Evacuation Pause) 8495M->2797M(10240M) 169.875ms
[7956.666s][info][gc,cpu         ] GC(1219) User=1.34s Sys=0.00s Real=0.17s
.... (rIR:aIR:PR = 13007:13073:12799) (tPR = 190899) [PR is under limit] 
  7959s: Performance info:
         Transaction,    Success,    Partial,     Failed,   Receipts, AvgBarcode, 
             Overall,    1156786,          0,          0,    1098764,      59.48, 
         Response times:
             Request,    Success,    Partial,     Failed,   SkipFail,     Probes,    Samples,      min,      p50,      p90,      p95,      p99,      max, 
       TotalPurchase,    1122192,          0,          0,          0,     343638,     688552,      600,   309000,   595000,   700000,   890000, 22000000,
     InStorePurchase,     590146,          0,          0,          0,     176339,     362127,      700,   306000,   600000,   710000,   920000, 22000000,
      OnlinePurchase,     415087,          0,          0,          0,     126551,     253944,      600,   310000,   592000,   680000,   860000, 22000000,
        InstPurchase,     116959,          0,          0,          0,      40748,      72481,     1600,   317000,   573000,   670000,  1100000, 19000000,
          AssocOfCat,       1183,          0,          0,          0,        820,       1553,    65000,   353000,   582600,   700000,   954600,  3500000,
      AssocOfProduct,      11680,          0,          0,          0,       4290,       7857,     1900,   301000,   538000,   630000,   890000, 19000000,
      BusinessReport,       2951,          0,          0,          0,       1949,       3621,    62000,   376000,   610000,   700000,   870000, 19000000,
          CustBuyBeh,      11909,          0,          0,          0,       4416,       7970,     5000,   306000,   553000,   660000,  1100000,  7800000,
       ProductReturn,      31604,          0,          0,          0,      10152,      18484,     4800,   310000,   550000,   650000,   970000, 19000000,

  7959s: 
  7959s: Failed, 5 overall retries left, retrying 1 of 1
  7959s: (94%)   IR =  13007 [7960.376s][info][gc,start       ] GC(1220) Pause Young (Concurrent Start) (G1 Evacuation Pause)
[7960.376s][info][gc,task        ] GC(1220) Using 8 workers of 8 for evacuation
[7960.546s][info][gc,phases      ] GC(1220)   Pre Evacuate Collection Set: 0.32ms
[7960.546s][info][gc,phases      ] GC(1220)   Merge Heap Roots: 0.55ms
[7960.546s][info][gc,phases      ] GC(1220)   Evacuate Collection Set: 167.72ms
[7960.546s][info][gc,phases      ] GC(1220)   Post Evacuate Collection Set: 1.27ms
[7960.546s][info][gc,phases      ] GC(1220)   Other: 0.08ms
[7960.546s][info][gc,heap        ] GC(1220) Eden regions: 715->0(715)
[7960.546s][info][gc,heap        ] GC(1220) Survivor regions: 53->53(96)
[7960.546s][info][gc,heap        ] GC(1220) Old regions: 268->271
[7960.546s][info][gc,heap        ] GC(1220) Humongous regions: 33->33
[7960.546s][info][gc,metaspace   ] GC(1220) Metaspace: 30020K(30528K)->30020K(30528K) NonClass: 24626K(24896K)->24626K(24896K) Class: 5394K(5632K)->5394K(5632K)
[7960.546s][info][gc             ] GC(1220) Pause Young (Concurrent Start) (G1 Evacuation Pause) 8517M->2816M(10240M) 170.070ms
[7960.546s][info][gc             ] GC(1221) Concurrent Mark Cycle
[7960.546s][info][gc,marking     ] GC(1221) Concurrent Scan Root Regions
[7960.546s][info][gc,cpu         ] GC(1220) User=1.34s Sys=0.00s Real=0.17s
[7960.893s][info][gc,marking     ] GC(1221) Concurrent Scan Root Regions 347.058ms
[7960.893s][info][gc,marking     ] GC(1221) Concurrent Mark
[7960.893s][info][gc,marking     ] GC(1221) Concurrent Mark From Roots
[7960.893s][info][gc,task        ] GC(1221) Using 2 workers of 2 for marking
..[7962.246s][info][gc,marking     ] GC(1221) Concurrent Mark From Roots 1353.005ms
[7962.246s][info][gc,marking     ] GC(1221) Concurrent Preclean
[7962.246s][info][gc,marking     ] GC(1221) Concurrent Preclean 0.163ms
[7962.247s][info][gc,start       ] GC(1221) Pause Remark
[7962.248s][info][gc             ] GC(1221) Pause Remark 4912M->4592M(10240M) 1.290ms
[7962.248s][info][gc,cpu         ] GC(1221) User=0.01s Sys=0.00s Real=0.00s
[7962.248s][info][gc,marking     ] GC(1221) Concurrent Mark 1354.778ms
[7962.248s][info][gc,marking     ] GC(1221) Concurrent Rebuild Remembered Sets and Scrub Regions
[7962.946s][info][gc,marking     ] GC(1221) Concurrent Rebuild Remembered Sets and Scrub Regions 697.954ms
[7962.946s][info][gc,start       ] GC(1221) Pause Cleanup
[7962.946s][info][gc             ] GC(1221) Pause Cleanup 5596M->5596M(10240M) 0.281ms
[7962.946s][info][gc,cpu         ] GC(1221) User=0.00s Sys=0.00s Real=0.00s
[7962.946s][info][gc,marking     ] GC(1221) Concurrent Clear Claimed Marks
[7962.946s][info][gc,marking     ] GC(1221) Concurrent Clear Claimed Marks 0.036ms
[7962.946s][info][gc,marking     ] GC(1221) Concurrent Cleanup for Next Mark
[7962.960s][info][gc,marking     ] GC(1221) Concurrent Cleanup for Next Mark 13.480ms
[7962.960s][info][gc             ] GC(1221) Concurrent Mark Cycle 2413.933ms
..[7964.599s][info][gc,start       ] GC(1222) Pause Young (Prepare Mixed) (G1 Evacuation Pause)
[7964.599s][info][gc,task        ] GC(1222) Using 8 workers of 8 for evacuation
[7964.781s][info][gc,phases      ] GC(1222)   Pre Evacuate Collection Set: 0.23ms
[7964.781s][info][gc,phases      ] GC(1222)   Merge Heap Roots: 0.78ms
[7964.781s][info][gc,phases      ] GC(1222)   Evacuate Collection Set: 179.69ms
[7964.781s][info][gc,phases      ] GC(1222)   Post Evacuate Collection Set: 1.35ms
[7964.781s][info][gc,phases      ] GC(1222)   Other: 0.07ms
[7964.781s][info][gc,heap        ] GC(1222) Eden regions: 715->0(651)
[7964.781s][info][gc,heap        ] GC(1222) Survivor regions: 53->56(96)
[7964.781s][info][gc,heap        ] GC(1222) Old regions: 231->233
[7964.781s][info][gc,heap        ] GC(1222) Humongous regions: 33->33
[7964.781s][info][gc,metaspace   ] GC(1222) Metaspace: 30020K(30528K)->30020K(30528K) NonClass: 24626K(24896K)->24626K(24896K) Class: 5394K(5632K)->5394K(5632K)
[7964.781s][info][gc             ] GC(1222) Pause Young (Prepare Mixed) (G1 Evacuation Pause) 8216M->2546M(10240M) 182.250ms
[7964.781s][info][gc,cpu         ] GC(1222) User=1.44s Sys=0.00s Real=0.18s
....[7968.045s][info][gc,start       ] GC(1223) Pause Young (Mixed) (G1 Evacuation Pause)
[7968.045s][info][gc,task        ] GC(1223) Using 8 workers of 8 for evacuation
[7968.217s][info][gc,phases      ] GC(1223)   Pre Evacuate Collection Set: 0.27ms
[7968.217s][info][gc,phases      ] GC(1223)   Merge Heap Roots: 0.57ms
[7968.217s][info][gc,phases      ] GC(1223)   Evacuate Collection Set: 169.54ms
[7968.217s][info][gc,phases      ] GC(1223)   Post Evacuate Collection Set: 1.22ms
[7968.217s][info][gc,phases      ] GC(1223)   Other: 0.07ms
[7968.217s][info][gc,heap        ] GC(1223) Eden regions: 651->0(720)
[7968.217s][info][gc,heap        ] GC(1223) Survivor regions: 56->48(89)
[7968.217s][info][gc,heap        ] GC(1223) Old regions: 233->228
[7968.217s][info][gc,heap        ] GC(1223) Humongous regions: 33->33
[7968.217s][info][gc,metaspace   ] GC(1223) Metaspace: 30020K(30528K)->30020K(30528K) NonClass: 24626K(24896K)->24626K(24896K) Class: 5394K(5632K)->5394K(5632K)
[7968.217s][info][gc             ] GC(1223) Pause Young (Mixed) (G1 Evacuation Pause) 7754M->2438M(10240M) 171.813ms
[7968.217s][info][gc,cpu         ] GC(1223) User=1.35s Sys=0.00s Real=0.18s
...[7971.960s][info][gc,start       ] GC(1224) Pause Young (Mixed) (G1 Evacuation Pause)
[7971.960s][info][gc,task        ] GC(1224) Using 8 workers of 8 for evacuation
[7972.124s][info][gc,phases      ] GC(1224)   Pre Evacuate Collection Set: 0.29ms
[7972.124s][info][gc,phases      ] GC(1224)   Merge Heap Roots: 0.70ms
[7972.124s][info][gc,phases      ] GC(1224)   Evacuate Collection Set: 162.16ms
[7972.124s][info][gc,phases      ] GC(1224)   Post Evacuate Collection Set: 1.38ms
[7972.124s][info][gc,phases      ] GC(1224)   Other: 0.07ms
[7972.124s][info][gc,heap        ] GC(1224) Eden regions: 720->0(715)
[7972.125s][info][gc,heap        ] GC(1224) Survivor regions: 48->53(96)
[7972.125s][info][gc,heap        ] GC(1224) Old regions: 228->137
[7972.125s][info][gc,heap        ] GC(1224) Humongous regions: 33->33
[7972.125s][info][gc,metaspace   ] GC(1224) Metaspace: 30020K(30528K)->30020K(30528K) NonClass: 24626K(24896K)->24626K(24896K) Class: 5394K(5632K)->5394K(5632K)
[7972.125s][info][gc             ] GC(1224) Pause Young (Mixed) (G1 Evacuation Pause) 8198M->1748M(10240M) 164.736ms
[7972.125s][info][gc,cpu         ] GC(1224) User=1.30s Sys=0.00s Real=0.16s
....[7975.429s][info][gc,start       ] GC(1225) Pause Young (Normal) (G1 Evacuation Pause)
[7975.430s][info][gc,task        ] GC(1225) Using 8 workers of 8 for evacuation
[7975.606s][info][gc,phases      ] GC(1225)   Pre Evacuate Collection Set: 0.25ms
[7975.606s][info][gc,phases      ] GC(1225)   Merge Heap Roots: 0.51ms
[7975.606s][info][gc,phases      ] GC(1225)   Evacuate Collection Set: 174.72ms
[7975.606s][info][gc,phases      ] GC(1225)   Post Evacuate Collection Set: 1.25ms
[7975.606s][info][gc,phases      ] GC(1225)   Other: 0.07ms
[7975.606s][info][gc,heap        ] GC(1225) Eden regions: 715->0(713)
[7975.606s][info][gc,heap        ] GC(1225) Survivor regions: 53->55(96)
[7975.606s][info][gc,heap        ] GC(1225) Old regions: 137->140
[7975.606s][info][gc,heap        ] GC(1225) Humongous regions: 33->33
[7975.606s][info][gc,metaspace   ] GC(1225) Metaspace: 30020K(30528K)->30020K(30528K) NonClass: 24626K(24896K)->24626K(24896K) Class: 5394K(5632K)->5394K(5632K)
[7975.606s][info][gc             ] GC(1225) Pause Young (Normal) (G1 Evacuation Pause) 7468M->1787M(10240M) 176.936ms
[7975.606s][info][gc,cpu         ] GC(1225) User=1.39s Sys=0.00s Real=0.18s
....[7979.162s][info][gc,start       ] GC(1226) Pause Young (Normal) (G1 Evacuation Pause)
[7979.162s][info][gc,task        ] GC(1226) Using 8 workers of 8 for evacuation
[7979.331s][info][gc,phases      ] GC(1226)   Pre Evacuate Collection Set: 0.26ms
[7979.331s][info][gc,phases      ] GC(1226)   Merge Heap Roots: 0.51ms
[7979.331s][info][gc,phases      ] GC(1226)   Evacuate Collection Set: 166.93ms
[7979.331s][info][gc,phases      ] GC(1226)   Post Evacuate Collection Set: 1.21ms
[7979.331s][info][gc,phases      ] GC(1226)   Other: 0.07ms
[7979.331s][info][gc,heap        ] GC(1226) Eden regions: 713->0(715)
[7979.331s][info][gc,heap        ] GC(1226) Survivor regions: 55->53(96)
[7979.331s][info][gc,heap        ] GC(1226) Old regions: 140->142
[7979.331s][info][gc,heap        ] GC(1226) Humongous regions: 33->33
[7979.331s][info][gc,metaspace   ] GC(1226) Metaspace: 30020K(30528K)->30020K(30528K) NonClass: 24626K(24896K)->24626K(24896K) Class: 5394K(5632K)->5394K(5632K)
[7979.331s][info][gc             ] GC(1226) Pause Young (Normal) (G1 Evacuation Pause) 7491M->1795M(10240M) 169.102ms
[7979.331s][info][gc,cpu         ] GC(1226) User=1.34s Sys=0.00s Real=0.17s
...[7982.910s][info][gc,start       ] GC(1227) Pause Young (Normal) (G1 Evacuation Pause)
[7982.910s][info][gc,task        ] GC(1227) Using 8 workers of 8 for evacuation
[7983.087s][info][gc,phases      ] GC(1227)   Pre Evacuate Collection Set: 0.24ms
[7983.087s][info][gc,phases      ] GC(1227)   Merge Heap Roots: 0.50ms
[7983.087s][info][gc,phases      ] GC(1227)   Evacuate Collection Set: 174.93ms
[7983.087s][info][gc,phases      ] GC(1227)   Post Evacuate Collection Set: 1.22ms
[7983.087s][info][gc,phases      ] GC(1227)   Other: 0.07ms
[7983.087s][info][gc,heap        ] GC(1227) Eden regions: 715->0(712)
[7983.087s][info][gc,heap        ] GC(1227) Survivor regions: 53->56(96)
[7983.087s][info][gc,heap        ] GC(1227) Old regions: 142->145
[7983.087s][info][gc,heap        ] GC(1227) Humongous regions: 33->33
[7983.087s][info][gc,metaspace   ] GC(1227) Metaspace: 30020K(30528K)->30020K(30528K) NonClass: 24626K(24896K)->24626K(24896K) Class: 5394K(5632K)->5394K(5632K)
[7983.087s][info][gc             ] GC(1227) Pause Young (Normal) (G1 Evacuation Pause) 7515M->1840M(10240M) 177.088ms
[7983.087s][info][gc,cpu         ] GC(1227) User=1.40s Sys=0.00s Real=0.18s
....[7986.664s][info][gc,start       ] GC(1228) Pause Young (Normal) (G1 Evacuation Pause)
[7986.664s][info][gc,task        ] GC(1228) Using 8 workers of 8 for evacuation
[7986.840s][info][gc,phases      ] GC(1228)   Pre Evacuate Collection Set: 0.24ms
[7986.840s][info][gc,phases      ] GC(1228)   Merge Heap Roots: 0.51ms
[7986.840s][info][gc,phases      ] GC(1228)   Evacuate Collection Set: 174.56ms
[7986.840s][info][gc,phases      ] GC(1228)   Post Evacuate Collection Set: 1.24ms
[7986.840s][info][gc,phases      ] GC(1228)   Other: 0.09ms
[7986.840s][info][gc,heap        ] GC(1228) Eden regions: 712->0(713)
[7986.840s][info][gc,heap        ] GC(1228) Survivor regions: 56->55(96)
[7986.840s][info][gc,heap        ] GC(1228) Old regions: 145->148
[7986.840s][info][gc,heap        ] GC(1228) Humongous regions: 33->33
[7986.840s][info][gc,metaspace   ] GC(1228) Metaspace: 30020K(30528K)->30020K(30528K) NonClass: 24626K(24896K)->24626K(24896K) Class: 5394K(5632K)->5394K(5632K)
[7986.840s][info][gc             ] GC(1228) Pause Young (Normal) (G1 Evacuation Pause) 7536M->1856M(10240M) 176.791ms
[7986.840s][info][gc,cpu         ] GC(1228) User=1.39s Sys=0.00s Real=0.18s
..|..[7990.393s][info][gc,start       ] GC(1229) Pause Young (Normal) (G1 Evacuation Pause)
[7990.393s][info][gc,task        ] GC(1229) Using 8 workers of 8 for evacuation
[7990.571s][info][gc,phases      ] GC(1229)   Pre Evacuate Collection Set: 0.29ms
[7990.571s][info][gc,phases      ] GC(1229)   Merge Heap Roots: 0.56ms
[7990.571s][info][gc,phases      ] GC(1229)   Evacuate Collection Set: 175.34ms
[7990.571s][info][gc,phases      ] GC(1229)   Post Evacuate Collection Set: 1.28ms
[7990.571s][info][gc,phases      ] GC(1229)   Other: 0.07ms
[7990.571s][info][gc,heap        ] GC(1229) Eden regions: 713->0(713)
[7990.571s][info][gc,heap        ] GC(1229) Survivor regions: 55->55(96)
[7990.571s][info][gc,heap        ] GC(1229) Old regions: 148->151
[7990.571s][info][gc,heap        ] GC(1229) Humongous regions: 33->33
[7990.571s][info][gc,metaspace   ] GC(1229) Metaspace: 30020K(30528K)->30020K(30528K) NonClass: 24626K(24896K)->24626K(24896K) Class: 5394K(5632K)->5394K(5632K)
[7990.571s][info][gc             ] GC(1229) Pause Young (Normal) (G1 Evacuation Pause) 7560M->1879M(10240M) 177.670ms
[7990.571s][info][gc,cpu         ] GC(1229) User=1.40s Sys=0.00s Real=0.18s
....[7994.181s][info][gc,start       ] GC(1230) Pause Young (Normal) (G1 Evacuation Pause)
[7994.181s][info][gc,task        ] GC(1230) Using 8 workers of 8 for evacuation
[7994.361s][info][gc,phases      ] GC(1230)   Pre Evacuate Collection Set: 0.25ms
[7994.361s][info][gc,phases      ] GC(1230)   Merge Heap Roots: 0.51ms
[7994.361s][info][gc,phases      ] GC(1230)   Evacuate Collection Set: 177.80ms
[7994.361s][info][gc,phases      ] GC(1230)   Post Evacuate Collection Set: 1.26ms
[7994.361s][info][gc,phases      ] GC(1230)   Other: 0.07ms
[7994.361s][info][gc,heap        ] GC(1230) Eden regions: 713->0(691)
[7994.361s][info][gc,heap        ] GC(1230) Survivor regions: 55->56(96)
[7994.361s][info][gc,heap        ] GC(1230) Old regions: 151->154
[7994.361s][info][gc,heap        ] GC(1230) Humongous regions: 33->33
[7994.361s][info][gc,metaspace   ] GC(1230) Metaspace: 30020K(30528K)->30020K(30528K) NonClass: 24626K(24896K)->24626K(24896K) Class: 5394K(5632K)->5394K(5632K)
[7994.361s][info][gc             ] GC(1230) Pause Young (Normal) (G1 Evacuation Pause) 7583M->1910M(10240M) 180.021ms
[7994.361s][info][gc,cpu         ] GC(1230) User=1.42s Sys=0.00s Real=0.18s
...[7997.810s][info][gc,start       ] GC(1231) Pause Young (Normal) (G1 Evacuation Pause)
[7997.811s][info][gc,task        ] GC(1231) Using 8 workers of 8 for evacuation
[7997.981s][info][gc,phases      ] GC(1231)   Pre Evacuate Collection Set: 0.25ms
[7997.981s][info][gc,phases      ] GC(1231)   Merge Heap Roots: 0.52ms
[7997.981s][info][gc,phases      ] GC(1231)   Evacuate Collection Set: 167.97ms
[7997.981s][info][gc,phases      ] GC(1231)   Post Evacuate Collection Set: 1.20ms
[7997.981s][info][gc,phases      ] GC(1231)   Other: 0.07ms
[7997.981s][info][gc,heap        ] GC(1231) Eden regions: 693->0(720)
[7997.981s][info][gc,heap        ] GC(1231) Survivor regions: 56->48(94)
[7997.981s][info][gc,heap        ] GC(1231) Old regions: 154->162
[7997.981s][info][gc,heap        ] GC(1231) Humongous regions: 33->33
[7997.981s][info][gc,metaspace   ] GC(1231) Metaspace: 30020K(30528K)->30020K(30528K) NonClass: 24626K(24896K)->24626K(24896K) Class: 5394K(5632K)->5394K(5632K)
[7997.981s][info][gc             ] GC(1231) Pause Young (Normal) (G1 Evacuation Pause) 7454M->1911M(10240M) 170.150ms
[7997.981s][info][gc,cpu         ] GC(1231) User=1.34s Sys=0.00s Real=0.17s
....[8001.572s][info][gc,start       ] GC(1232) Pause Young (Normal) (G1 Evacuation Pause)
[8001.573s][info][gc,task        ] GC(1232) Using 8 workers of 8 for evacuation
[8001.737s][info][gc,phases      ] GC(1232)   Pre Evacuate Collection Set: 0.24ms
[8001.737s][info][gc,phases      ] GC(1232)   Merge Heap Roots: 0.51ms
[8001.737s][info][gc,phases      ] GC(1232)   Evacuate Collection Set: 162.57ms
[8001.737s][info][gc,phases      ] GC(1232)   Post Evacuate Collection Set: 1.26ms
[8001.737s][info][gc,phases      ] GC(1232)   Other: 0.06ms
[8001.737s][info][gc,heap        ] GC(1232) Eden regions: 720->0(714)
[8001.737s][info][gc,heap        ] GC(1232) Survivor regions: 48->54(96)
[8001.737s][info][gc,heap        ] GC(1232) Old regions: 162->162
[8001.737s][info][gc,heap        ] GC(1232) Humongous regions: 33->33
[8001.737s][info][gc,metaspace   ] GC(1232) Metaspace: 30020K(30528K)->30020K(30528K) NonClass: 24626K(24896K)->24626K(24896K) Class: 5394K(5632K)->5394K(5632K)
[8001.737s][info][gc             ] GC(1232) Pause Young (Normal) (G1 Evacuation Pause) 7671M->1963M(10240M) 164.785ms
[8001.737s][info][gc,cpu         ] GC(1232) User=1.29s Sys=0.01s Real=0.17s
....[8005.228s][info][gc,start       ] GC(1233) Pause Young (Normal) (G1 Evacuation Pause)
[8005.228s][info][gc,task        ] GC(1233) Using 8 workers of 8 for evacuation
[8005.405s][info][gc,phases      ] GC(1233)   Pre Evacuate Collection Set: 0.27ms
[8005.405s][info][gc,phases      ] GC(1233)   Merge Heap Roots: 0.51ms
[8005.405s][info][gc,phases      ] GC(1233)   Evacuate Collection Set: 175.72ms
[8005.405s][info][gc,phases      ] GC(1233)   Post Evacuate Collection Set: 1.20ms
[8005.405s][info][gc,phases      ] GC(1233)   Other: 0.07ms
[8005.405s][info][gc,heap        ] GC(1233) Eden regions: 714->0(712)
[8005.405s][info][gc,heap        ] GC(1233) Survivor regions: 54->56(96)
[8005.405s][info][gc,heap        ] GC(1233) Old regions: 162->165
[8005.405s][info][gc,heap        ] GC(1233) Humongous regions: 33->33
[8005.405s][info][gc,metaspace   ] GC(1233) Metaspace: 30020K(30528K)->30020K(30528K) NonClass: 24626K(24896K)->24626K(24896K) Class: 5394K(5632K)->5394K(5632K)
[8005.405s][info][gc             ] GC(1233) Pause Young (Normal) (G1 Evacuation Pause) 7675M->2001M(10240M) 177.894ms
[8005.406s][info][gc,cpu         ] GC(1233) User=1.40s Sys=0.00s Real=0.17s
...[8008.952s][info][gc,start       ] GC(1234) Pause Young (Normal) (G1 Evacuation Pause)
[8008.952s][info][gc,task        ] GC(1234) Using 8 workers of 8 for evacuation
[8009.126s][info][gc,phases      ] GC(1234)   Pre Evacuate Collection Set: 0.23ms
[8009.126s][info][gc,phases      ] GC(1234)   Merge Heap Roots: 0.51ms
[8009.126s][info][gc,phases      ] GC(1234)   Evacuate Collection Set: 172.02ms
[8009.126s][info][gc,phases      ] GC(1234)   Post Evacuate Collection Set: 1.25ms
[8009.126s][info][gc,phases      ] GC(1234)   Other: 0.06ms
[8009.126s][info][gc,heap        ] GC(1234) Eden regions: 712->0(719)
[8009.126s][info][gc,heap        ] GC(1234) Survivor regions: 56->49(96)
[8009.126s][info][gc,heap        ] GC(1234) Old regions: 165->173
[8009.126s][info][gc,heap        ] GC(1234) Humongous regions: 33->33
[8009.126s][info][gc,metaspace   ] GC(1234) Metaspace: 30020K(30528K)->30020K(30528K) NonClass: 24626K(24896K)->24626K(24896K) Class: 5394K(5632K)->5394K(5632K)
[8009.126s][info][gc             ] GC(1234) Pause Young (Normal) (G1 Evacuation Pause) 7697M->2011M(10240M) 174.198ms
[8009.126s][info][gc,cpu         ] GC(1234) User=1.37s Sys=0.00s Real=0.18s
....[8012.674s][info][gc,start       ] GC(1235) Pause Young (Normal) (G1 Evacuation Pause)
[8012.674s][info][gc,task        ] GC(1235) Using 8 workers of 8 for evacuation
[8012.834s][info][gc,phases      ] GC(1235)   Pre Evacuate Collection Set: 0.26ms
[8012.834s][info][gc,phases      ] GC(1235)   Merge Heap Roots: 0.53ms
[8012.834s][info][gc,phases      ] GC(1235)   Evacuate Collection Set: 157.81ms
[8012.834s][info][gc,phases      ] GC(1235)   Post Evacuate Collection Set: 1.21ms
[8012.834s][info][gc,phases      ] GC(1235)   Other: 0.07ms
[8012.834s][info][gc,heap        ] GC(1235) Eden regions: 719->0(716)
[8012.834s][info][gc,heap        ] GC(1235) Survivor regions: 49->52(96)
[8012.834s][info][gc,heap        ] GC(1235) Old regions: 173->173
[8012.834s][info][gc,heap        ] GC(1235) Humongous regions: 33->33
[8012.834s][info][gc,metaspace   ] GC(1235) Metaspace: 30020K(30528K)->30020K(30528K) NonClass: 24626K(24896K)->24626K(24896K) Class: 5394K(5632K)->5394K(5632K)
[8012.834s][info][gc             ] GC(1235) Pause Young (Normal) (G1 Evacuation Pause) 7763M->2035M(10240M) 160.028ms
[8012.834s][info][gc,cpu         ] GC(1235) User=1.26s Sys=0.00s Real=0.16s
....[8016.517s][info][gc,start       ] GC(1236) Pause Young (Normal) (G1 Evacuation Pause)
[8016.517s][info][gc,task        ] GC(1236) Using 8 workers of 8 for evacuation
[8016.694s][info][gc,phases      ] GC(1236)   Pre Evacuate Collection Set: 0.25ms
[8016.694s][info][gc,phases      ] GC(1236)   Merge Heap Roots: 0.54ms
[8016.694s][info][gc,phases      ] GC(1236)   Evacuate Collection Set: 175.27ms
[8016.694s][info][gc,phases      ] GC(1236)   Post Evacuate Collection Set: 1.23ms
[8016.694s][info][gc,phases      ] GC(1236)   Other: 0.07ms
[8016.694s][info][gc,heap        ] GC(1236) Eden regions: 716->0(714)
[8016.694s][info][gc,heap        ] GC(1236) Survivor regions: 52->54(96)
[8016.694s][info][gc,heap        ] GC(1236) Old regions: 173->176
[8016.694s][info][gc,heap        ] GC(1236) Humongous regions: 33->33
[8016.694s][info][gc,metaspace   ] GC(1236) Metaspace: 30020K(30528K)->30020K(30528K) NonClass: 24626K(24896K)->24626K(24896K) Class: 5394K(5632K)->5394K(5632K)
[8016.695s][info][gc             ] GC(1236) Pause Young (Normal) (G1 Evacuation Pause) 7763M->2070M(10240M) 177.487ms
[8016.695s][info][gc,cpu         ] GC(1236) User=1.40s Sys=0.00s Real=0.17s
....[8020.324s][info][gc,start       ] GC(1237) Pause Young (Normal) (G1 Evacuation Pause)
[8020.324s][info][gc,task        ] GC(1237) Using 8 workers of 8 for evacuation
[8020.491s][info][gc,phases      ] GC(1237)   Pre Evacuate Collection Set: 0.26ms
[8020.491s][info][gc,phases      ] GC(1237)   Merge Heap Roots: 0.51ms
[8020.491s][info][gc,phases      ] GC(1237)   Evacuate Collection Set: 164.39ms
[8020.491s][info][gc,phases      ] GC(1237)   Post Evacuate Collection Set: 1.29ms
[8020.491s][info][gc,phases      ] GC(1237)   Other: 0.06ms
[8020.491s][info][gc,heap        ] GC(1237) Eden regions: 714->0(715)
[8020.491s][info][gc,heap        ] GC(1237) Survivor regions: 54->53(96)
[8020.491s][info][gc,heap        ] GC(1237) Old regions: 176->179
[8020.491s][info][gc,heap        ] GC(1237) Humongous regions: 33->33
[8020.491s][info][gc,metaspace   ] GC(1237) Metaspace: 30020K(30528K)->30020K(30528K) NonClass: 24626K(24896K)->24626K(24896K) Class: 5394K(5632K)->5394K(5632K)
[8020.491s][info][gc             ] GC(1237) Pause Young (Normal) (G1 Evacuation Pause) 7782M->2084M(10240M) 166.652ms
[8020.491s][info][gc,cpu         ] GC(1237) User=1.31s Sys=0.01s Real=0.17s
...[8024.112s][info][gc,start       ] GC(1238) Pause Young (Normal) (G1 Evacuation Pause)
[8024.112s][info][gc,task        ] GC(1238) Using 8 workers of 8 for evacuation
[8024.284s][info][gc,phases      ] GC(1238)   Pre Evacuate Collection Set: 0.24ms
[8024.284s][info][gc,phases      ] GC(1238)   Merge Heap Roots: 0.50ms
[8024.284s][info][gc,phases      ] GC(1238)   Evacuate Collection Set: 170.39ms
[8024.284s][info][gc,phases      ] GC(1238)   Post Evacuate Collection Set: 1.22ms
[8024.284s][info][gc,phases      ] GC(1238)   Other: 0.06ms
[8024.284s][info][gc,heap        ] GC(1238) Eden regions: 715->0(715)
[8024.284s][info][gc,heap        ] GC(1238) Survivor regions: 53->53(96)
[8024.284s][info][gc,heap        ] GC(1238) Old regions: 179->182
[8024.284s][info][gc,heap        ] GC(1238) Humongous regions: 33->33
[8024.284s][info][gc,metaspace   ] GC(1238) Metaspace: 30020K(30528K)->30020K(30528K) NonClass: 24626K(24896K)->24626K(24896K) Class: 5394K(5632K)->5394K(5632K)
[8024.284s][info][gc             ] GC(1238) Pause Young (Normal) (G1 Evacuation Pause) 7804M->2112M(10240M) 172.553ms
[8024.284s][info][gc,cpu         ] GC(1238) User=1.35s Sys=0.00s Real=0.17s
....[8027.959s][info][gc,start       ] GC(1239) Pause Young (Normal) (G1 Evacuation Pause)
[8027.959s][info][gc,task        ] GC(1239) Using 8 workers of 8 for evacuation
[8028.129s][info][gc,phases      ] GC(1239)   Pre Evacuate Collection Set: 0.25ms
[8028.129s][info][gc,phases      ] GC(1239)   Merge Heap Roots: 0.51ms
[8028.129s][info][gc,phases      ] GC(1239)   Evacuate Collection Set: 166.95ms
[8028.129s][info][gc,phases      ] GC(1239)   Post Evacuate Collection Set: 1.26ms
[8028.129s][info][gc,phases      ] GC(1239)   Other: 0.07ms
[8028.129s][info][gc,heap        ] GC(1239) Eden regions: 715->0(716)
[8028.129s][info][gc,heap        ] GC(1239) Survivor regions: 53->52(96)
[8028.129s][info][gc,heap        ] GC(1239) Old regions: 182->185
[8028.129s][info][gc,heap        ] GC(1239) Humongous regions: 33->33
[8028.129s][info][gc,metaspace   ] GC(1239) Metaspace: 30020K(30528K)->30020K(30528K) NonClass: 24626K(24896K)->24626K(24896K) Class: 5394K(5632K)->5394K(5632K)
[8028.129s][info][gc             ] GC(1239) Pause Young (Normal) (G1 Evacuation Pause) 7832M->2127M(10240M) 169.176ms
[8028.129s][info][gc,cpu         ] GC(1239) User=1.33s Sys=0.00s Real=0.17s
....[8031.693s][info][gc,start       ] GC(1240) Pause Young (Normal) (G1 Evacuation Pause)
[8031.693s][info][gc,task        ] GC(1240) Using 8 workers of 8 for evacuation
[8031.863s][info][gc,phases      ] GC(1240)   Pre Evacuate Collection Set: 0.24ms
[8031.863s][info][gc,phases      ] GC(1240)   Merge Heap Roots: 0.51ms
[8031.863s][info][gc,phases      ] GC(1240)   Evacuate Collection Set: 167.77ms
[8031.863s][info][gc,phases      ] GC(1240)   Post Evacuate Collection Set: 1.27ms
[8031.863s][info][gc,phases      ] GC(1240)   Other: 0.06ms
[8031.863s][info][gc,heap        ] GC(1240) Eden regions: 716->0(715)
[8031.863s][info][gc,heap        ] GC(1240) Survivor regions: 52->53(96)
[8031.863s][info][gc,heap        ] GC(1240) Old regions: 185->188
[8031.863s][info][gc,heap        ] GC(1240) Humongous regions: 33->33
[8031.863s][info][gc,metaspace   ] GC(1240) Metaspace: 30020K(30528K)->30020K(30528K) NonClass: 24626K(24896K)->24626K(24896K) Class: 5394K(5632K)->5394K(5632K)
[8031.863s][info][gc             ] GC(1240) Pause Young (Normal) (G1 Evacuation Pause) 7855M->2159M(10240M) 169.995ms
[8031.863s][info][gc,cpu         ] GC(1240) User=1.34s Sys=0.00s Real=0.17s
....[8035.410s][info][gc,start       ] GC(1241) Pause Young (Normal) (G1 Evacuation Pause)
[8035.410s][info][gc,task        ] GC(1241) Using 8 workers of 8 for evacuation
[8035.584s][info][gc,phases      ] GC(1241)   Pre Evacuate Collection Set: 0.25ms
[8035.584s][info][gc,phases      ] GC(1241)   Merge Heap Roots: 0.52ms
[8035.584s][info][gc,phases      ] GC(1241)   Evacuate Collection Set: 172.13ms
[8035.584s][info][gc,phases      ] GC(1241)   Post Evacuate Collection Set: 1.26ms
[8035.584s][info][gc,phases      ] GC(1241)   Other: 0.08ms
[8035.584s][info][gc,heap        ] GC(1241) Eden regions: 715->0(713)
[8035.584s][info][gc,heap        ] GC(1241) Survivor regions: 53->55(96)
[8035.584s][info][gc,heap        ] GC(1241) Old regions: 188->191
[8035.584s][info][gc,heap        ] GC(1241) Humongous regions: 33->33
[8035.584s][info][gc,metaspace   ] GC(1241) Metaspace: 30020K(30528K)->30020K(30528K) NonClass: 24626K(24896K)->24626K(24896K) Class: 5394K(5632K)->5394K(5632K)
[8035.584s][info][gc             ] GC(1241) Pause Young (Normal) (G1 Evacuation Pause) 7879M->2196M(10240M) 174.387ms
[8035.584s][info][gc,cpu         ] GC(1241) User=1.37s Sys=0.00s Real=0.17s
...[8038.926s][info][gc,start       ] GC(1242) Pause Young (Normal) (G1 Evacuation Pause)
[8038.926s][info][gc,task        ] GC(1242) Using 8 workers of 8 for evacuation
[8039.104s][info][gc,phases      ] GC(1242)   Pre Evacuate Collection Set: 0.26ms
[8039.104s][info][gc,phases      ] GC(1242)   Merge Heap Roots: 0.52ms
[8039.104s][info][gc,phases      ] GC(1242)   Evacuate Collection Set: 175.73ms
[8039.104s][info][gc,phases      ] GC(1242)   Post Evacuate Collection Set: 1.25ms
[8039.104s][info][gc,phases      ] GC(1242)   Other: 0.07ms
[8039.104s][info][gc,heap        ] GC(1242) Eden regions: 713->0(712)
[8039.104s][info][gc,heap        ] GC(1242) Survivor regions: 55->56(96)
[8039.104s][info][gc,heap        ] GC(1242) Old regions: 191->193
[8039.104s][info][gc,heap        ] GC(1242) Humongous regions: 33->33
[8039.104s][info][gc,metaspace   ] GC(1242) Metaspace: 30020K(30528K)->30020K(30528K) NonClass: 24626K(24896K)->24626K(24896K) Class: 5394K(5632K)->5394K(5632K)
[8039.104s][info][gc             ] GC(1242) Pause Young (Normal) (G1 Evacuation Pause) 7900M->2222M(10240M) 177.955ms
[8039.104s][info][gc,cpu         ] GC(1242) User=1.41s Sys=0.00s Real=0.17s
....[8042.783s][info][gc,start       ] GC(1243) Pause Young (Normal) (G1 Evacuation Pause)
[8042.783s][info][gc,task        ] GC(1243) Using 8 workers of 8 for evacuation
[8042.953s][info][gc,phases      ] GC(1243)   Pre Evacuate Collection Set: 0.24ms
[8042.953s][info][gc,phases      ] GC(1243)   Merge Heap Roots: 0.52ms
[8042.953s][info][gc,phases      ] GC(1243)   Evacuate Collection Set: 167.85ms
[8042.953s][info][gc,phases      ] GC(1243)   Post Evacuate Collection Set: 1.23ms
[8042.953s][info][gc,phases      ] GC(1243)   Other: 0.07ms
[8042.953s][info][gc,heap        ] GC(1243) Eden regions: 712->0(720)
[8042.953s][info][gc,heap        ] GC(1243) Survivor regions: 56->48(96)
[8042.953s][info][gc,heap        ] GC(1243) Old regions: 193->201
[8042.953s][info][gc,heap        ] GC(1243) Humongous regions: 33->33
[8042.953s][info][gc,metaspace   ] GC(1243) Metaspace: 30020K(30528K)->30020K(30528K) NonClass: 24626K(24896K)->24626K(24896K) Class: 5394K(5632K)->5394K(5632K)
[8042.953s][info][gc             ] GC(1243) Pause Young (Normal) (G1 Evacuation Pause) 7918M->2223M(10240M) 170.028ms
[8042.953s][info][gc,cpu         ] GC(1243) User=1.34s Sys=0.00s Real=0.17s
....[8046.497s][info][gc,start       ] GC(1244) Pause Young (Normal) (G1 Evacuation Pause)
[8046.497s][info][gc,task        ] GC(1244) Using 8 workers of 8 for evacuation
[8046.663s][info][gc,phases      ] GC(1244)   Pre Evacuate Collection Set: 0.26ms
[8046.663s][info][gc,phases      ] GC(1244)   Merge Heap Roots: 0.53ms
[8046.663s][info][gc,phases      ] GC(1244)   Evacuate Collection Set: 163.42ms
[8046.663s][info][gc,phases      ] GC(1244)   Post Evacuate Collection Set: 1.27ms
[8046.663s][info][gc,phases      ] GC(1244)   Other: 0.08ms
[8046.663s][info][gc,heap        ] GC(1244) Eden regions: 720->0(714)
[8046.663s][info][gc,heap        ] GC(1244) Survivor regions: 48->54(96)
[8046.663s][info][gc,heap        ] GC(1244) Old regions: 201->201
[8046.663s][info][gc,heap        ] GC(1244) Humongous regions: 33->33
[8046.663s][info][gc,metaspace   ] GC(1244) Metaspace: 30020K(30528K)->30020K(30528K) NonClass: 24626K(24896K)->24626K(24896K) Class: 5394K(5632K)->5394K(5632K)
[8046.663s][info][gc             ] GC(1244) Pause Young (Normal) (G1 Evacuation Pause) 7983M->2271M(10240M) 165.694ms
[8046.663s][info][gc,cpu         ] GC(1244) User=1.31s Sys=0.00s Real=0.16s
.. (rIR:aIR:PR = 13007:13028:12939) (tPR = 189707) [OK] 
  8048s: Performance info:
         Transaction,    Success,    Partial,     Failed,   Receipts, AvgBarcode, 
             Overall,     778466,          0,          0,     739967,      59.48, 
         Response times:
             Request,    Success,    Partial,     Failed,   SkipFail,     Probes,    Samples,      min,      p50,      p90,      p95,      p99,      max, 
       TotalPurchase,     745019,          0,          0,          0,     156093,     535107,      700,   539000,   930000,  1300000,  2900000, 30000000,
     InStorePurchase,     396240,          0,          0,          0,      80147,     281558,      700,   539000,  1000000,  1600000,  3600000, 19000000,
      OnlinePurchase,     271610,          0,          0,          0,      57155,     197260,      700,   538000,   890000,  1100000,  2500000, 30000000,
        InstPurchase,      77169,          0,          0,          0,      18791,      56289,     1100,   545000,   860000,   930000,  3100000, 16000000,
          AssocOfCat,        779,          0,          0,          0,        419,       1215,    79000,   596000,   960000,  1300000,  1900000,  5800000,
      AssocOfProduct,       7892,          0,          0,          0,       2260,       6256,     3300,   509000,   920000,  1100000,  1900000,  4600000,
      BusinessReport,       1963,          0,          0,          0,        997,       2801,    66000,   581000,  1100000,  1400000,  2100000,  5800000,
          CustBuyBeh,       7840,          0,          0,          0,       2220,       6113,     2600,   513000,   960000,  1200000,  1800000,  4400000,
       ProductReturn,      20322,          0,          0,          0,       5520,      14412,     3200,   531000,  1200000,  1600000,  2900000, 16000000,

  8048s: (95%)   IR =  13145 .[8050.221s][info][gc,start       ] GC(1245) Pause Young (Normal) (G1 Evacuation Pause)
[8050.221s][info][gc,task        ] GC(1245) Using 8 workers of 8 for evacuation
[8050.392s][info][gc,phases      ] GC(1245)   Pre Evacuate Collection Set: 0.25ms
[8050.392s][info][gc,phases      ] GC(1245)   Merge Heap Roots: 0.53ms
[8050.392s][info][gc,phases      ] GC(1245)   Evacuate Collection Set: 168.82ms
[8050.392s][info][gc,phases      ] GC(1245)   Post Evacuate Collection Set: 1.28ms
[8050.392s][info][gc,phases      ] GC(1245)   Other: 0.06ms
[8050.392s][info][gc,heap        ] GC(1245) Eden regions: 714->0(714)
[8050.392s][info][gc,heap        ] GC(1245) Survivor regions: 54->54(96)
[8050.392s][info][gc,heap        ] GC(1245) Old regions: 201->205
[8050.392s][info][gc,heap        ] GC(1245) Humongous regions: 33->33
[8050.392s][info][gc,metaspace   ] GC(1245) Metaspace: 30032K(30528K)->30032K(30528K) NonClass: 24638K(24896K)->24638K(24896K) Class: 5394K(5632K)->5394K(5632K)
[8050.392s][info][gc             ] GC(1245) Pause Young (Normal) (G1 Evacuation Pause) 7983M->2297M(10240M) 171.080ms
[8050.392s][info][gc,cpu         ] GC(1245) User=1.35s Sys=0.00s Real=0.17s
....[8054.067s][info][gc,start       ] GC(1246) Pause Young (Normal) (G1 Evacuation Pause)
[8054.067s][info][gc,task        ] GC(1246) Using 8 workers of 8 for evacuation
[8054.233s][info][gc,phases      ] GC(1246)   Pre Evacuate Collection Set: 0.27ms
[8054.233s][info][gc,phases      ] GC(1246)   Merge Heap Roots: 0.54ms
[8054.233s][info][gc,phases      ] GC(1246)   Evacuate Collection Set: 164.69ms
[8054.233s][info][gc,phases      ] GC(1246)   Post Evacuate Collection Set: 1.25ms
[8054.233s][info][gc,phases      ] GC(1246)   Other: 0.06ms
[8054.233s][info][gc,heap        ] GC(1246) Eden regions: 714->0(715)
[8054.233s][info][gc,heap        ] GC(1246) Survivor regions: 54->53(96)
[8054.234s][info][gc,heap        ] GC(1246) Old regions: 205->207
[8054.234s][info][gc,heap        ] GC(1246) Humongous regions: 33->33
[8054.234s][info][gc,metaspace   ] GC(1246) Metaspace: 30032K(30528K)->30032K(30528K) NonClass: 24638K(24896K)->24638K(24896K) Class: 5394K(5632K)->5394K(5632K)
[8054.234s][info][gc             ] GC(1246) Pause Young (Normal) (G1 Evacuation Pause) 8009M->2310M(10240M) 166.940ms
[8054.234s][info][gc,cpu         ] GC(1246) User=1.31s Sys=0.01s Real=0.16s
....[8057.879s][info][gc,start       ] GC(1247) Pause Young (Normal) (G1 Evacuation Pause)
[8057.879s][info][gc,task        ] GC(1247) Using 8 workers of 8 for evacuation
[8058.046s][info][gc,phases      ] GC(1247)   Pre Evacuate Collection Set: 0.27ms
[8058.046s][info][gc,phases      ] GC(1247)   Merge Heap Roots: 0.52ms
[8058.046s][info][gc,phases      ] GC(1247)   Evacuate Collection Set: 164.29ms
[8058.046s][info][gc,phases      ] GC(1247)   Post Evacuate Collection Set: 1.25ms
[8058.046s][info][gc,phases      ] GC(1247)   Other: 0.06ms
[8058.046s][info][gc,heap        ] GC(1247) Eden regions: 715->0(716)
[8058.046s][info][gc,heap        ] GC(1247) Survivor regions: 53->52(96)
[8058.046s][info][gc,heap        ] GC(1247) Old regions: 207->210
[8058.046s][info][gc,heap        ] GC(1247) Humongous regions: 33->33
[8058.046s][info][gc,metaspace   ] GC(1247) Metaspace: 30032K(30528K)->30032K(30528K) NonClass: 24638K(24896K)->24638K(24896K) Class: 5394K(5632K)->5394K(5632K)
[8058.046s][info][gc             ] GC(1247) Pause Young (Normal) (G1 Evacuation Pause) 8030M->2330M(10240M) 166.555ms
[8058.046s][info][gc,cpu         ] GC(1247) User=1.32s Sys=0.01s Real=0.17s
....[8061.551s][info][gc,start       ] GC(1248) Pause Young (Normal) (G1 Evacuation Pause)
[8061.551s][info][gc,task        ] GC(1248) Using 8 workers of 8 for evacuation
[8061.724s][info][gc,phases      ] GC(1248)   Pre Evacuate Collection Set: 0.26ms
[8061.724s][info][gc,phases      ] GC(1248)   Merge Heap Roots: 0.52ms
[8061.724s][info][gc,phases      ] GC(1248)   Evacuate Collection Set: 170.98ms
[8061.724s][info][gc,phases      ] GC(1248)   Post Evacuate Collection Set: 1.25ms
[8061.724s][info][gc,phases      ] GC(1248)   Other: 0.06ms
[8061.724s][info][gc,heap        ] GC(1248) Eden regions: 716->0(714)
[8061.724s][info][gc,heap        ] GC(1248) Survivor regions: 52->54(96)
[8061.724s][info][gc,heap        ] GC(1248) Old regions: 210->213
[8061.724s][info][gc,heap        ] GC(1248) Humongous regions: 33->33
[8061.724s][info][gc,metaspace   ] GC(1248) Metaspace: 30032K(30528K)->30032K(30528K) NonClass: 24638K(24896K)->24638K(24896K) Class: 5394K(5632K)->5394K(5632K)
[8061.725s][info][gc             ] GC(1248) Pause Young (Normal) (G1 Evacuation Pause) 8058M->2371M(10240M) 173.219ms
[8061.725s][info][gc,cpu         ] GC(1248) User=1.37s Sys=0.00s Real=0.17s
...[8065.253s][info][gc,start       ] GC(1249) Pause Young (Normal) (G1 Evacuation Pause)
[8065.253s][info][gc,task        ] GC(1249) Using 8 workers of 8 for evacuation
[8065.421s][info][gc,phases      ] GC(1249)   Pre Evacuate Collection Set: 0.25ms
[8065.421s][info][gc,phases      ] GC(1249)   Merge Heap Roots: 0.52ms
[8065.421s][info][gc,phases      ] GC(1249)   Evacuate Collection Set: 166.12ms
[8065.421s][info][gc,phases      ] GC(1249)   Post Evacuate Collection Set: 1.23ms
[8065.421s][info][gc,phases      ] GC(1249)   Other: 0.07ms
[8065.421s][info][gc,heap        ] GC(1249) Eden regions: 714->0(715)
[8065.421s][info][gc,heap        ] GC(1249) Survivor regions: 54->53(96)
[8065.421s][info][gc,heap        ] GC(1249) Old regions: 213->216
[8065.421s][info][gc,heap        ] GC(1249) Humongous regions: 33->33
[8065.421s][info][gc,metaspace   ] GC(1249) Metaspace: 30032K(30528K)->30032K(30528K) NonClass: 24638K(24896K)->24638K(24896K) Class: 5394K(5632K)->5394K(5632K)
[8065.421s][info][gc             ] GC(1249) Pause Young (Normal) (G1 Evacuation Pause) 8083M->2387M(10240M) 168.327ms
[8065.421s][info][gc,cpu         ] GC(1249) User=1.32s Sys=0.00s Real=0.17s
....[8068.993s][info][gc,start       ] GC(1250) Pause Young (Normal) (G1 Evacuation Pause)
[8068.993s][info][gc,task        ] GC(1250) Using 8 workers of 8 for evacuation
[8069.171s][info][gc,phases      ] GC(1250)   Pre Evacuate Collection Set: 0.25ms
[8069.171s][info][gc,phases      ] GC(1250)   Merge Heap Roots: 0.51ms
[8069.171s][info][gc,phases      ] GC(1250)   Evacuate Collection Set: 175.62ms
[8069.171s][info][gc,phases      ] GC(1250)   Post Evacuate Collection Set: 1.26ms
[8069.171s][info][gc,phases      ] GC(1250)   Other: 0.06ms
[8069.171s][info][gc,heap        ] GC(1250) Eden regions: 715->0(712)
[8069.171s][info][gc,heap        ] GC(1250) Survivor regions: 53->56(96)
[8069.171s][info][gc,heap        ] GC(1250) Old regions: 216->219
[8069.171s][info][gc,heap        ] GC(1250) Humongous regions: 33->33
[8069.171s][info][gc,metaspace   ] GC(1250) Metaspace: 30032K(30528K)->30032K(30528K) NonClass: 24638K(24896K)->24638K(24896K) Class: 5394K(5632K)->5394K(5632K)
[8069.171s][info][gc             ] GC(1250) Pause Young (Normal) (G1 Evacuation Pause) 8107M->2429M(10240M) 177.843ms
[8069.171s][info][gc,cpu         ] GC(1250) User=1.40s Sys=0.00s Real=0.18s
....[8072.760s][info][gc,start       ] GC(1251) Pause Young (Normal) (G1 Evacuation Pause)
[8072.760s][info][gc,task        ] GC(1251) Using 8 workers of 8 for evacuation
[8072.931s][info][gc,phases      ] GC(1251)   Pre Evacuate Collection Set: 0.25ms
[8072.931s][info][gc,phases      ] GC(1251)   Merge Heap Roots: 0.53ms
[8072.931s][info][gc,phases      ] GC(1251)   Evacuate Collection Set: 168.69ms
[8072.931s][info][gc,phases      ] GC(1251)   Post Evacuate Collection Set: 1.22ms
[8072.931s][info][gc,phases      ] GC(1251)   Other: 0.06ms
[8072.931s][info][gc,heap        ] GC(1251) Eden regions: 712->0(720)
[8072.931s][info][gc,heap        ] GC(1251) Survivor regions: 56->48(96)
[8072.931s][info][gc,heap        ] GC(1251) Old regions: 219->228
[8072.931s][info][gc,heap        ] GC(1251) Humongous regions: 33->33
[8072.931s][info][gc,metaspace   ] GC(1251) Metaspace: 30032K(30528K)->30032K(30528K) NonClass: 24638K(24896K)->24638K(24896K) Class: 5394K(5632K)->5394K(5632K)
[8072.931s][info][gc             ] GC(1251) Pause Young (Normal) (G1 Evacuation Pause) 8125M->2438M(10240M) 170.886ms
[8072.931s][info][gc,cpu         ] GC(1251) User=1.34s Sys=0.00s Real=0.17s
...[8076.432s][info][gc,start       ] GC(1252) Pause Young (Normal) (G1 Evacuation Pause)
[8076.432s][info][gc,task        ] GC(1252) Using 8 workers of 8 for evacuation
[8076.600s][info][gc,phases      ] GC(1252)   Pre Evacuate Collection Set: 0.26ms
[8076.600s][info][gc,phases      ] GC(1252)   Merge Heap Roots: 0.53ms
[8076.600s][info][gc,phases      ] GC(1252)   Evacuate Collection Set: 165.85ms
[8076.600s][info][gc,phases      ] GC(1252)   Post Evacuate Collection Set: 1.20ms
[8076.600s][info][gc,phases      ] GC(1252)   Other: 0.06ms
[8076.600s][info][gc,heap        ] GC(1252) Eden regions: 720->0(714)
[8076.600s][info][gc,heap        ] GC(1252) Survivor regions: 48->54(96)
[8076.600s][info][gc,heap        ] GC(1252) Old regions: 228->228
[8076.600s][info][gc,heap        ] GC(1252) Humongous regions: 33->33
[8076.600s][info][gc,metaspace   ] GC(1252) Metaspace: 30032K(30528K)->30032K(30528K) NonClass: 24638K(24896K)->24638K(24896K) Class: 5394K(5632K)->5394K(5632K)
[8076.600s][info][gc             ] GC(1252) Pause Young (Normal) (G1 Evacuation Pause) 8198M->2486M(10240M) 168.064ms
[8076.600s][info][gc,cpu         ] GC(1252) User=1.32s Sys=0.00s Real=0.17s
... (rIR:aIR:PR = 13145:13199:13006) (tPR = 193159) [PR is under limit] 
  8078s: Performance info:
         Transaction,    Success,    Partial,     Failed,   Receipts, AvgBarcode, 
             Overall,     261298,          0,          0,     248202,      59.48, 
         Response times:
             Request,    Success,    Partial,     Failed,   SkipFail,     Probes,    Samples,      min,      p50,      p90,      p95,      p99,      max, 
       TotalPurchase,     252025,          0,          0,          0,      45880,     179732,     3600,   485000,  1300000,  1600000,  3600000, 46000000,
     InStorePurchase,     132936,          0,          0,          0,      23478,      94153,     3600,   476000,  1400000,  1700000,  5500000, 30000000,
      OnlinePurchase,      91772,          0,          0,          0,      16666,      66447,     4200,   496000,  1200000,  1300000,  1800000, 46000000,
        InstPurchase,      27317,          0,          0,          0,       5736,      19132,     7900,   484000,  1300000,  1700000,  2100000, 30000000,
          AssocOfCat,        265,          0,          0,          0,        126,        403,    57000,   537000,   970000,  1200000,  1400000,  1500000,
      AssocOfProduct,       2658,          0,          0,          0,        762,       2095,     7700,   506000,   964000,  1000000,  1200000, 46000000,
      BusinessReport,        664,          0,          0,          0,        386,        958,    68000,   550000,  1200000,  1500000,  2200000,  7900000,
          CustBuyBeh,       2733,          0,          0,          0,        726,       2035,     7700,   510000,  1400000,  1600000,  2400000,  3300000,
       ProductReturn,       6847,          0,          0,          0,       1818,       5089,     5600,   490000,  1000000,  1100000,  1500000, 30000000,

  8078s: 
  8078s: Failed, 4 overall retries left, retrying 1 of 1
  8078s: (95%)   IR =  13145 .[8080.268s][info][gc,start       ] GC(1253) Pause Young (Normal) (G1 Evacuation Pause)
[8080.268s][info][gc,task        ] GC(1253) Using 8 workers of 8 for evacuation
[8080.450s][info][gc,phases      ] GC(1253)   Pre Evacuate Collection Set: 0.27ms
[8080.450s][info][gc,phases      ] GC(1253)   Merge Heap Roots: 0.51ms
[8080.450s][info][gc,phases      ] GC(1253)   Evacuate Collection Set: 180.14ms
[8080.450s][info][gc,phases      ] GC(1253)   Post Evacuate Collection Set: 1.30ms
[8080.450s][info][gc,phases      ] GC(1253)   Other: 0.07ms
[8080.450s][info][gc,heap        ] GC(1253) Eden regions: 714->0(668)
[8080.450s][info][gc,heap        ] GC(1253) Survivor regions: 54->57(96)
[8080.450s][info][gc,heap        ] GC(1253) Old regions: 228->231
[8080.450s][info][gc,heap        ] GC(1253) Humongous regions: 33->33
[8080.450s][info][gc,metaspace   ] GC(1253) Metaspace: 30033K(30528K)->30033K(30528K) NonClass: 24638K(24896K)->24638K(24896K) Class: 5394K(5632K)->5394K(5632K)
[8080.450s][info][gc             ] GC(1253) Pause Young (Normal) (G1 Evacuation Pause) 8198M->2532M(10240M) 182.428ms
[8080.450s][info][gc,cpu         ] GC(1253) User=1.44s Sys=0.01s Real=0.18s
....[8083.818s][info][gc,start       ] GC(1254) Pause Young (Normal) (G1 Evacuation Pause)
[8083.818s][info][gc,task        ] GC(1254) Using 8 workers of 8 for evacuation
[8083.985s][info][gc,phases      ] GC(1254)   Pre Evacuate Collection Set: 0.25ms
[8083.985s][info][gc,phases      ] GC(1254)   Merge Heap Roots: 0.51ms
[8083.985s][info][gc,phases      ] GC(1254)   Evacuate Collection Set: 165.06ms
[8083.985s][info][gc,phases      ] GC(1254)   Post Evacuate Collection Set: 1.16ms
[8083.985s][info][gc,phases      ] GC(1254)   Other: 0.06ms
[8083.985s][info][gc,heap        ] GC(1254) Eden regions: 668->0(722)
[8083.985s][info][gc,heap        ] GC(1254) Survivor regions: 57->46(91)
[8083.985s][info][gc,heap        ] GC(1254) Old regions: 231->240
[8083.985s][info][gc,heap        ] GC(1254) Humongous regions: 33->33
[8083.985s][info][gc,metaspace   ] GC(1254) Metaspace: 30033K(30528K)->30033K(30528K) NonClass: 24638K(24896K)->24638K(24896K) Class: 5394K(5632K)->5394K(5632K)
[8083.985s][info][gc             ] GC(1254) Pause Young (Normal) (G1 Evacuation Pause) 7876M->2520M(10240M) 167.179ms
[8083.985s][info][gc,cpu         ] GC(1254) User=1.31s Sys=0.00s Real=0.16s
...[8087.658s][info][gc,start       ] GC(1255) Pause Young (Normal) (G1 Evacuation Pause)
[8087.658s][info][gc,task        ] GC(1255) Using 8 workers of 8 for evacuation
[8087.825s][info][gc,phases      ] GC(1255)   Pre Evacuate Collection Set: 0.23ms
[8087.825s][info][gc,phases      ] GC(1255)   Merge Heap Roots: 0.59ms
[8087.825s][info][gc,phases      ] GC(1255)   Evacuate Collection Set: 165.07ms
[8087.825s][info][gc,phases      ] GC(1255)   Post Evacuate Collection Set: 1.33ms
[8087.825s][info][gc,phases      ] GC(1255)   Other: 0.07ms
[8087.825s][info][gc,heap        ] GC(1255) Eden regions: 722->0(713)
[8087.825s][info][gc,heap        ] GC(1255) Survivor regions: 46->55(96)
[8087.825s][info][gc,heap        ] GC(1255) Old regions: 240->240
[8087.825s][info][gc,heap        ] GC(1255) Humongous regions: 33->33
[8087.825s][info][gc,metaspace   ] GC(1255) Metaspace: 30033K(30528K)->30033K(30528K) NonClass: 24638K(24896K)->24638K(24896K) Class: 5394K(5632K)->5394K(5632K)
[8087.825s][info][gc             ] GC(1255) Pause Young (Normal) (G1 Evacuation Pause) 8296M->2592M(10240M) 167.427ms
[8087.825s][info][gc,cpu         ] GC(1255) User=1.32s Sys=0.00s Real=0.16s
....[8091.398s][info][gc,start       ] GC(1256) Pause Young (Normal) (G1 Evacuation Pause)
[8091.398s][info][gc,task        ] GC(1256) Using 8 workers of 8 for evacuation
[8091.567s][info][gc,phases      ] GC(1256)   Pre Evacuate Collection Set: 0.26ms
[8091.567s][info][gc,phases      ] GC(1256)   Merge Heap Roots: 0.53ms
[8091.567s][info][gc,phases      ] GC(1256)   Evacuate Collection Set: 166.78ms
[8091.567s][info][gc,phases      ] GC(1256)   Post Evacuate Collection Set: 1.25ms
[8091.567s][info][gc,phases      ] GC(1256)   Other: 0.06ms
[8091.567s][info][gc,heap        ] GC(1256) Eden regions: 713->0(714)
[8091.567s][info][gc,heap        ] GC(1256) Survivor regions: 55->54(96)
[8091.567s][info][gc,heap        ] GC(1256) Old regions: 240->243
[8091.567s][info][gc,heap        ] GC(1256) Humongous regions: 33->33
[8091.567s][info][gc,metaspace   ] GC(1256) Metaspace: 30033K(30528K)->30033K(30528K) NonClass: 24638K(24896K)->24638K(24896K) Class: 5394K(5632K)->5394K(5632K)
[8091.567s][info][gc             ] GC(1256) Pause Young (Normal) (G1 Evacuation Pause) 8296M->2603M(10240M) 169.011ms
[8091.567s][info][gc,cpu         ] GC(1256) User=1.33s Sys=0.00s Real=0.17s
....[8095.006s][info][gc,start       ] GC(1257) Pause Young (Normal) (G1 Evacuation Pause)
[8095.006s][info][gc,task        ] GC(1257) Using 8 workers of 8 for evacuation
[8095.185s][info][gc,phases      ] GC(1257)   Pre Evacuate Collection Set: 0.26ms
[8095.185s][info][gc,phases      ] GC(1257)   Merge Heap Roots: 0.51ms
[8095.185s][info][gc,phases      ] GC(1257)   Evacuate Collection Set: 176.71ms
[8095.185s][info][gc,phases      ] GC(1257)   Post Evacuate Collection Set: 1.24ms
[8095.185s][info][gc,phases      ] GC(1257)   Other: 0.06ms
[8095.185s][info][gc,heap        ] GC(1257) Eden regions: 714->0(713)
[8095.185s][info][gc,heap        ] GC(1257) Survivor regions: 54->55(96)
[8095.185s][info][gc,heap        ] GC(1257) Old regions: 243->246
[8095.185s][info][gc,heap        ] GC(1257) Humongous regions: 33->33
[8095.185s][info][gc,metaspace   ] GC(1257) Metaspace: 30033K(30528K)->30033K(30528K) NonClass: 24638K(24896K)->24638K(24896K) Class: 5394K(5632K)->5394K(5632K)
[8095.185s][info][gc             ] GC(1257) Pause Young (Normal) (G1 Evacuation Pause) 8315M->2637M(10240M) 178.924ms
[8095.185s][info][gc,cpu         ] GC(1257) User=1.41s Sys=0.00s Real=0.17s
...[8098.637s][info][gc,start       ] GC(1258) Pause Young (Normal) (G1 Evacuation Pause)
[8098.637s][info][gc,task        ] GC(1258) Using 8 workers of 8 for evacuation
[8098.803s][info][gc,phases      ] GC(1258)   Pre Evacuate Collection Set: 0.27ms
[8098.804s][info][gc,phases      ] GC(1258)   Merge Heap Roots: 0.54ms
[8098.804s][info][gc,phases      ] GC(1258)   Evacuate Collection Set: 164.31ms
[8098.804s][info][gc,phases      ] GC(1258)   Post Evacuate Collection Set: 1.26ms
[8098.804s][info][gc,phases      ] GC(1258)   Other: 0.06ms
[8098.804s][info][gc,heap        ] GC(1258) Eden regions: 713->0(720)
[8098.804s][info][gc,heap        ] GC(1258) Survivor regions: 55->48(96)
[8098.804s][info][gc,heap        ] GC(1258) Old regions: 246->254
[8098.804s][info][gc,heap        ] GC(1258) Humongous regions: 33->33
[8098.804s][info][gc,metaspace   ] GC(1258) Metaspace: 30033K(30528K)->30033K(30528K) NonClass: 24638K(24896K)->24638K(24896K) Class: 5394K(5632K)->5394K(5632K)
[8098.804s][info][gc             ] GC(1258) Pause Young (Normal) (G1 Evacuation Pause) 8341M->2644M(10240M) 166.576ms
[8098.804s][info][gc,cpu         ] GC(1258) User=1.31s Sys=0.00s Real=0.16s
....[8102.359s][info][gc,start       ] GC(1259) Pause Young (Normal) (G1 Evacuation Pause)
[8102.359s][info][gc,task        ] GC(1259) Using 8 workers of 8 for evacuation
[8102.526s][info][gc,phases      ] GC(1259)   Pre Evacuate Collection Set: 0.25ms
[8102.526s][info][gc,phases      ] GC(1259)   Merge Heap Roots: 0.51ms
[8102.526s][info][gc,phases      ] GC(1259)   Evacuate Collection Set: 165.24ms
[8102.526s][info][gc,phases      ] GC(1259)   Post Evacuate Collection Set: 1.24ms
[8102.526s][info][gc,phases      ] GC(1259)   Other: 0.06ms
[8102.526s][info][gc,heap        ] GC(1259) Eden regions: 720->0(714)
[8102.526s][info][gc,heap        ] GC(1259) Survivor regions: 48->54(96)
[8102.526s][info][gc,heap        ] GC(1259) Old regions: 254->254
[8102.526s][info][gc,heap        ] GC(1259) Humongous regions: 33->33
[8102.526s][info][gc,metaspace   ] GC(1259) Metaspace: 30033K(30528K)->30033K(30528K) NonClass: 24638K(24896K)->24638K(24896K) Class: 5394K(5632K)->5394K(5632K)
[8102.526s][info][gc             ] GC(1259) Pause Young (Normal) (G1 Evacuation Pause) 8404M->2696M(10240M) 167.440ms
[8102.526s][info][gc,cpu         ] GC(1259) User=1.31s Sys=0.00s Real=0.17s
....[8106.010s][info][gc,start       ] GC(1260) Pause Young (Normal) (G1 Evacuation Pause)
[8106.010s][info][gc,task        ] GC(1260) Using 8 workers of 8 for evacuation
[8106.189s][info][gc,phases      ] GC(1260)   Pre Evacuate Collection Set: 0.26ms
[8106.189s][info][gc,phases      ] GC(1260)   Merge Heap Roots: 0.52ms
[8106.189s][info][gc,phases      ] GC(1260)   Evacuate Collection Set: 176.85ms
[8106.189s][info][gc,phases      ] GC(1260)   Post Evacuate Collection Set: 1.32ms
[8106.189s][info][gc,phases      ] GC(1260)   Other: 0.06ms
[8106.189s][info][gc,heap        ] GC(1260) Eden regions: 714->0(695)
[8106.189s][info][gc,heap        ] GC(1260) Survivor regions: 54->56(96)
[8106.189s][info][gc,heap        ] GC(1260) Old regions: 254->257
[8106.189s][info][gc,heap        ] GC(1260) Humongous regions: 33->33
[8106.189s][info][gc,metaspace   ] GC(1260) Metaspace: 30033K(30528K)->30033K(30528K) NonClass: 24638K(24896K)->24638K(24896K) Class: 5394K(5632K)->5394K(5632K)
[8106.189s][info][gc             ] GC(1260) Pause Young (Normal) (G1 Evacuation Pause) 8408M->2731M(10240M) 179.147ms
[8106.189s][info][gc,cpu         ] GC(1260) User=1.41s Sys=0.00s Real=0.18s
...[8109.636s][info][gc,start       ] GC(1261) Pause Young (Normal) (G1 Evacuation Pause)
[8109.636s][info][gc,task        ] GC(1261) Using 8 workers of 8 for evacuation
[8109.807s][info][gc,phases      ] GC(1261)   Pre Evacuate Collection Set: 0.28ms
[8109.807s][info][gc,phases      ] GC(1261)   Merge Heap Roots: 0.52ms
[8109.807s][info][gc,phases      ] GC(1261)   Evacuate Collection Set: 168.91ms
[8109.807s][info][gc,phases      ] GC(1261)   Post Evacuate Collection Set: 1.17ms
[8109.807s][info][gc,phases      ] GC(1261)   Other: 0.07ms
[8109.807s][info][gc,heap        ] GC(1261) Eden regions: 695->0(720)
[8109.807s][info][gc,heap        ] GC(1261) Survivor regions: 56->48(94)
[8109.807s][info][gc,heap        ] GC(1261) Old regions: 257->265
[8109.807s][info][gc,heap        ] GC(1261) Humongous regions: 33->33
[8109.807s][info][gc,metaspace   ] GC(1261) Metaspace: 30033K(30528K)->30033K(30528K) NonClass: 24638K(24896K)->24638K(24896K) Class: 5394K(5632K)->5394K(5632K)
[8109.807s][info][gc             ] GC(1261) Pause Young (Normal) (G1 Evacuation Pause) 8291M->2739M(10240M) 171.067ms
[8109.807s][info][gc,cpu         ] GC(1261) User=1.35s Sys=0.00s Real=0.17s
....[8113.371s][info][gc,start       ] GC(1262) Pause Young (Normal) (G1 Evacuation Pause)
[8113.371s][info][gc,task        ] GC(1262) Using 8 workers of 8 for evacuation
[8113.535s][info][gc,phases      ] GC(1262)   Pre Evacuate Collection Set: 0.27ms
[8113.535s][info][gc,phases      ] GC(1262)   Merge Heap Roots: 0.51ms
[8113.535s][info][gc,phases      ] GC(1262)   Evacuate Collection Set: 162.46ms
[8113.535s][info][gc,phases      ] GC(1262)   Post Evacuate Collection Set: 1.21ms
[8113.535s][info][gc,phases      ] GC(1262)   Other: 0.06ms
[8113.535s][info][gc,heap        ] GC(1262) Eden regions: 720->0(715)
[8113.535s][info][gc,heap        ] GC(1262) Survivor regions: 48->53(96)
[8113.535s][info][gc,heap        ] GC(1262) Old regions: 265->265
[8113.535s][info][gc,heap        ] GC(1262) Humongous regions: 33->33
[8113.535s][info][gc,metaspace   ] GC(1262) Metaspace: 30033K(30528K)->30033K(30528K) NonClass: 24638K(24896K)->24638K(24896K) Class: 5394K(5632K)->5394K(5632K)
[8113.535s][info][gc             ] GC(1262) Pause Young (Normal) (G1 Evacuation Pause) 8499M->2779M(10240M) 164.650ms
[8113.535s][info][gc,cpu         ] GC(1262) User=1.29s Sys=0.00s Real=0.16s
....|[8117.159s][info][gc,start       ] GC(1263) Pause Young (Concurrent Start) (G1 Evacuation Pause)
[8117.159s][info][gc,task        ] GC(1263) Using 8 workers of 8 for evacuation
[8117.330s][info][gc,phases      ] GC(1263)   Pre Evacuate Collection Set: 0.30ms
[8117.330s][info][gc,phases      ] GC(1263)   Merge Heap Roots: 0.52ms
[8117.330s][info][gc,phases      ] GC(1263)   Evacuate Collection Set: 168.23ms
[8117.330s][info][gc,phases      ] GC(1263)   Post Evacuate Collection Set: 1.27ms
[8117.330s][info][gc,phases      ] GC(1263)   Other: 0.09ms
[8117.330s][info][gc,heap        ] GC(1263) Eden regions: 715->0(716)
[8117.330s][info][gc,heap        ] GC(1263) Survivor regions: 53->52(96)
[8117.330s][info][gc,heap        ] GC(1263) Old regions: 265->268
[8117.330s][info][gc,heap        ] GC(1263) Humongous regions: 33->33
[8117.330s][info][gc,metaspace   ] GC(1263) Metaspace: 30033K(30528K)->30033K(30528K) NonClass: 24638K(24896K)->24638K(24896K) Class: 5394K(5632K)->5394K(5632K)
[8117.330s][info][gc             ] GC(1263) Pause Young (Concurrent Start) (G1 Evacuation Pause) 8499M->2794M(10240M) 170.549ms
[8117.330s][info][gc             ] GC(1264) Concurrent Mark Cycle
[8117.330s][info][gc,marking     ] GC(1264) Concurrent Scan Root Regions
[8117.330s][info][gc,cpu         ] GC(1263) User=1.35s Sys=0.00s Real=0.17s
[8117.742s][info][gc,marking     ] GC(1264) Concurrent Scan Root Regions 412.188ms
[8117.742s][info][gc,marking     ] GC(1264) Concurrent Mark
[8117.742s][info][gc,marking     ] GC(1264) Concurrent Mark From Roots
[8117.742s][info][gc,task        ] GC(1264) Using 2 workers of 2 for marking
..[8118.943s][info][gc,marking     ] GC(1264) Concurrent Mark From Roots 1200.753ms
[8118.943s][info][gc,marking     ] GC(1264) Concurrent Preclean
[8118.943s][info][gc,marking     ] GC(1264) Concurrent Preclean 0.200ms
[8118.943s][info][gc,start       ] GC(1264) Pause Remark
[8118.945s][info][gc             ] GC(1264) Pause Remark 4630M->4334M(10240M) 1.159ms
[8118.945s][info][gc,cpu         ] GC(1264) User=0.01s Sys=0.00s Real=0.00s
[8118.945s][info][gc,marking     ] GC(1264) Concurrent Mark 1202.415ms
[8118.945s][info][gc,marking     ] GC(1264) Concurrent Rebuild Remembered Sets and Scrub Regions
[8119.532s][info][gc,marking     ] GC(1264) Concurrent Rebuild Remembered Sets and Scrub Regions 587.268ms
[8119.532s][info][gc,start       ] GC(1264) Pause Cleanup
[8119.532s][info][gc             ] GC(1264) Pause Cleanup 5103M->5103M(10240M) 0.282ms
[8119.532s][info][gc,cpu         ] GC(1264) User=0.01s Sys=0.00s Real=0.00s
[8119.532s][info][gc,marking     ] GC(1264) Concurrent Clear Claimed Marks
[8119.532s][info][gc,marking     ] GC(1264) Concurrent Clear Claimed Marks 0.037ms
[8119.532s][info][gc,marking     ] GC(1264) Concurrent Cleanup for Next Mark
[8119.546s][info][gc,marking     ] GC(1264) Concurrent Cleanup for Next Mark 13.934ms
[8119.546s][info][gc             ] GC(1264) Concurrent Mark Cycle 2216.524ms
..[8121.565s][info][gc,start       ] GC(1265) Pause Young (Prepare Mixed) (G1 Evacuation Pause)
[8121.565s][info][gc,task        ] GC(1265) Using 8 workers of 8 for evacuation
[8121.747s][info][gc,phases      ] GC(1265)   Pre Evacuate Collection Set: 0.24ms
[8121.747s][info][gc,phases      ] GC(1265)   Merge Heap Roots: 0.75ms
[8121.747s][info][gc,phases      ] GC(1265)   Evacuate Collection Set: 179.27ms
[8121.747s][info][gc,phases      ] GC(1265)   Post Evacuate Collection Set: 1.36ms
[8121.747s][info][gc,phases      ] GC(1265)   Other: 0.07ms
[8121.747s][info][gc,heap        ] GC(1265) Eden regions: 716->0(634)
[8121.747s][info][gc,heap        ] GC(1265) Survivor regions: 52->57(96)
[8121.747s][info][gc,heap        ] GC(1265) Old regions: 231->234
[8121.747s][info][gc,heap        ] GC(1265) Humongous regions: 33->33
[8121.747s][info][gc,metaspace   ] GC(1265) Metaspace: 30033K(30528K)->30033K(30528K) NonClass: 24638K(24896K)->24638K(24896K) Class: 5394K(5632K)->5394K(5632K)
[8121.747s][info][gc             ] GC(1265) Pause Young (Prepare Mixed) (G1 Evacuation Pause) 8226M->2556M(10240M) 181.834ms
[8121.747s][info][gc,cpu         ] GC(1265) User=1.43s Sys=0.00s Real=0.19s
....[8125.038s][info][gc,start       ] GC(1266) Pause Young (Mixed) (G1 Evacuation Pause)
[8125.038s][info][gc,task        ] GC(1266) Using 8 workers of 8 for evacuation
[8125.212s][info][gc,phases      ] GC(1266)   Pre Evacuate Collection Set: 0.26ms
[8125.212s][info][gc,phases      ] GC(1266)   Merge Heap Roots: 0.56ms
[8125.212s][info][gc,phases      ] GC(1266)   Evacuate Collection Set: 171.43ms
[8125.212s][info][gc,phases      ] GC(1266)   Post Evacuate Collection Set: 1.20ms
[8125.212s][info][gc,phases      ] GC(1266)   Other: 0.08ms
[8125.212s][info][gc,heap        ] GC(1266) Eden regions: 628->0(721)
[8125.212s][info][gc,heap        ] GC(1266) Survivor regions: 57->47(86)
[8125.212s][info][gc,heap        ] GC(1266) Old regions: 234->230
[8125.212s][info][gc,heap        ] GC(1266) Humongous regions: 33->33
[8125.212s][info][gc,metaspace   ] GC(1266) Metaspace: 30033K(30528K)->30033K(30528K) NonClass: 24638K(24896K)->24638K(24896K) Class: 5394K(5632K)->5394K(5632K)
[8125.212s][info][gc             ] GC(1266) Pause Young (Mixed) (G1 Evacuation Pause) 7580M->2446M(10240M) 173.649ms
[8125.212s][info][gc,cpu         ] GC(1266) User=1.37s Sys=0.00s Real=0.17s
....[8128.905s][info][gc,start       ] GC(1267) Pause Young (Mixed) (G1 Evacuation Pause)
[8128.905s][info][gc,task        ] GC(1267) Using 8 workers of 8 for evacuation
[8129.083s][info][gc,phases      ] GC(1267)   Pre Evacuate Collection Set: 0.28ms
[8129.083s][info][gc,phases      ] GC(1267)   Merge Heap Roots: 0.77ms
[8129.083s][info][gc,phases      ] GC(1267)   Evacuate Collection Set: 176.10ms
[8129.083s][info][gc,phases      ] GC(1267)   Post Evacuate Collection Set: 1.39ms
[8129.083s][info][gc,phases      ] GC(1267)   Other: 0.07ms
[8129.083s][info][gc,heap        ] GC(1267) Eden regions: 721->0(714)
[8129.083s][info][gc,heap        ] GC(1267) Survivor regions: 47->54(96)
[8129.083s][info][gc,heap        ] GC(1267) Old regions: 230->138
[8129.083s][info][gc,heap        ] GC(1267) Humongous regions: 33->33
[8129.083s][info][gc,metaspace   ] GC(1267) Metaspace: 30033K(30528K)->30033K(30528K) NonClass: 24638K(24896K)->24638K(24896K) Class: 5394K(5632K)->5394K(5632K)
[8129.083s][info][gc             ] GC(1267) Pause Young (Mixed) (G1 Evacuation Pause) 8214M->1768M(10240M) 178.745ms
[8129.084s][info][gc,cpu         ] GC(1267) User=1.41s Sys=0.00s Real=0.18s
...[8132.634s][info][gc,start       ] GC(1268) Pause Young (Normal) (G1 Evacuation Pause)
[8132.634s][info][gc,task        ] GC(1268) Using 8 workers of 8 for evacuation
[8132.807s][info][gc,phases      ] GC(1268)   Pre Evacuate Collection Set: 0.25ms
[8132.807s][info][gc,phases      ] GC(1268)   Merge Heap Roots: 0.50ms
[8132.807s][info][gc,phases      ] GC(1268)   Evacuate Collection Set: 170.98ms
[8132.807s][info][gc,phases      ] GC(1268)   Post Evacuate Collection Set: 1.25ms
[8132.807s][info][gc,phases      ] GC(1268)   Other: 0.07ms
[8132.807s][info][gc,heap        ] GC(1268) Eden regions: 714->0(715)
[8132.807s][info][gc,heap        ] GC(1268) Survivor regions: 54->53(96)
[8132.807s][info][gc,heap        ] GC(1268) Old regions: 138->141
[8132.807s][info][gc,heap        ] GC(1268) Humongous regions: 33->33
[8132.807s][info][gc,metaspace   ] GC(1268) Metaspace: 30033K(30528K)->30033K(30528K) NonClass: 24638K(24896K)->24638K(24896K) Class: 5394K(5632K)->5394K(5632K)
[8132.807s][info][gc             ] GC(1268) Pause Young (Normal) (G1 Evacuation Pause) 7480M->1786M(10240M) 173.162ms
[8132.807s][info][gc,cpu         ] GC(1268) User=1.36s Sys=0.00s Real=0.18s
....[8136.356s][info][gc,start       ] GC(1269) Pause Young (Normal) (G1 Evacuation Pause)
[8136.356s][info][gc,task        ] GC(1269) Using 8 workers of 8 for evacuation
[8136.529s][info][gc,phases      ] GC(1269)   Pre Evacuate Collection Set: 0.25ms
[8136.529s][info][gc,phases      ] GC(1269)   Merge Heap Roots: 0.49ms
[8136.529s][info][gc,phases      ] GC(1269)   Evacuate Collection Set: 171.24ms
[8136.529s][info][gc,phases      ] GC(1269)   Post Evacuate Collection Set: 1.20ms
[8136.529s][info][gc,phases      ] GC(1269)   Other: 0.07ms
[8136.529s][info][gc,heap        ] GC(1269) Eden regions: 715->0(714)
[8136.529s][info][gc,heap        ] GC(1269) Survivor regions: 53->54(96)
[8136.529s][info][gc,heap        ] GC(1269) Old regions: 141->144
[8136.529s][info][gc,heap        ] GC(1269) Humongous regions: 33->33
[8136.529s][info][gc,metaspace   ] GC(1269) Metaspace: 30033K(30528K)->30033K(30528K) NonClass: 24638K(24896K)->24638K(24896K) Class: 5394K(5632K)->5394K(5632K)
[8136.529s][info][gc             ] GC(1269) Pause Young (Normal) (G1 Evacuation Pause) 7506M->1813M(10240M) 173.404ms
[8136.529s][info][gc,cpu         ] GC(1269) User=1.37s Sys=0.00s Real=0.17s
....[8139.964s][info][gc,start       ] GC(1270) Pause Young (Normal) (G1 Evacuation Pause)
[8139.964s][info][gc,task        ] GC(1270) Using 8 workers of 8 for evacuation
[8140.136s][info][gc,phases      ] GC(1270)   Pre Evacuate Collection Set: 0.25ms
[8140.136s][info][gc,phases      ] GC(1270)   Merge Heap Roots: 0.50ms
[8140.136s][info][gc,phases      ] GC(1270)   Evacuate Collection Set: 170.21ms
[8140.136s][info][gc,phases      ] GC(1270)   Post Evacuate Collection Set: 1.24ms
[8140.136s][info][gc,phases      ] GC(1270)   Other: 0.08ms
[8140.136s][info][gc,heap        ] GC(1270) Eden regions: 714->0(714)
[8140.136s][info][gc,heap        ] GC(1270) Survivor regions: 54->54(96)
[8140.136s][info][gc,heap        ] GC(1270) Old regions: 144->146
[8140.136s][info][gc,heap        ] GC(1270) Humongous regions: 33->33
[8140.136s][info][gc,metaspace   ] GC(1270) Metaspace: 30033K(30528K)->30033K(30528K) NonClass: 24638K(24896K)->24638K(24896K) Class: 5394K(5632K)->5394K(5632K)
[8140.136s][info][gc             ] GC(1270) Pause Young (Normal) (G1 Evacuation Pause) 7525M->1834M(10240M) 172.401ms
[8140.136s][info][gc,cpu         ] GC(1270) User=1.36s Sys=0.00s Real=0.18s
...[8143.616s][info][gc,start       ] GC(1271) Pause Young (Normal) (G1 Evacuation Pause)
[8143.616s][info][gc,task        ] GC(1271) Using 8 workers of 8 for evacuation
[8143.792s][info][gc,phases      ] GC(1271)   Pre Evacuate Collection Set: 0.24ms
[8143.792s][info][gc,phases      ] GC(1271)   Merge Heap Roots: 0.49ms
[8143.792s][info][gc,phases      ] GC(1271)   Evacuate Collection Set: 173.08ms
[8143.792s][info][gc,phases      ] GC(1271)   Post Evacuate Collection Set: 1.25ms
[8143.792s][info][gc,phases      ] GC(1271)   Other: 0.06ms
[8143.792s][info][gc,heap        ] GC(1271) Eden regions: 714->0(712)
[8143.792s][info][gc,heap        ] GC(1271) Survivor regions: 54->56(96)
[8143.792s][info][gc,heap        ] GC(1271) Old regions: 146->149
[8143.792s][info][gc,heap        ] GC(1271) Humongous regions: 33->33
[8143.792s][info][gc,metaspace   ] GC(1271) Metaspace: 30033K(30528K)->30033K(30528K) NonClass: 24638K(24896K)->24638K(24896K) Class: 5394K(5632K)->5394K(5632K)
[8143.792s][info][gc             ] GC(1271) Pause Young (Normal) (G1 Evacuation Pause) 7546M->1868M(10240M) 175.267ms
[8143.792s][info][gc,cpu         ] GC(1271) User=1.38s Sys=0.00s Real=0.17s
....[8147.427s][info][gc,start       ] GC(1272) Pause Young (Normal) (G1 Evacuation Pause)
[8147.427s][info][gc,task        ] GC(1272) Using 8 workers of 8 for evacuation
[8147.601s][info][gc,phases      ] GC(1272)   Pre Evacuate Collection Set: 0.25ms
[8147.601s][info][gc,phases      ] GC(1272)   Merge Heap Roots: 0.49ms
[8147.601s][info][gc,phases      ] GC(1272)   Evacuate Collection Set: 171.68ms
[8147.601s][info][gc,phases      ] GC(1272)   Post Evacuate Collection Set: 1.23ms
[8147.601s][info][gc,phases      ] GC(1272)   Other: 0.08ms
[8147.601s][info][gc,heap        ] GC(1272) Eden regions: 712->0(714)
[8147.601s][info][gc,heap        ] GC(1272) Survivor regions: 56->54(96)
[8147.601s][info][gc,heap        ] GC(1272) Old regions: 149->152
[8147.601s][info][gc,heap        ] GC(1272) Humongous regions: 33->33
[8147.601s][info][gc,metaspace   ] GC(1272) Metaspace: 30033K(30528K)->30033K(30528K) NonClass: 24638K(24896K)->24638K(24896K) Class: 5394K(5632K)->5394K(5632K)
[8147.601s][info][gc             ] GC(1272) Pause Young (Normal) (G1 Evacuation Pause) 7564M->1877M(10240M) 173.879ms
[8147.601s][info][gc,cpu         ] GC(1272) User=1.37s Sys=0.00s Real=0.17s
....[8151.075s][info][gc,start       ] GC(1273) Pause Young (Normal) (G1 Evacuation Pause)
[8151.075s][info][gc,task        ] GC(1273) Using 8 workers of 8 for evacuation
[8151.248s][info][gc,phases      ] GC(1273)   Pre Evacuate Collection Set: 0.25ms
[8151.248s][info][gc,phases      ] GC(1273)   Merge Heap Roots: 0.49ms
[8151.248s][info][gc,phases      ] GC(1273)   Evacuate Collection Set: 170.02ms
[8151.248s][info][gc,phases      ] GC(1273)   Post Evacuate Collection Set: 1.25ms
[8151.248s][info][gc,phases      ] GC(1273)   Other: 0.07ms
[8151.248s][info][gc,heap        ] GC(1273) Eden regions: 714->0(714)
[8151.248s][info][gc,heap        ] GC(1273) Survivor regions: 54->54(96)
[8151.248s][info][gc,heap        ] GC(1273) Old regions: 152->155
[8151.248s][info][gc,heap        ] GC(1273) Humongous regions: 33->33
[8151.248s][info][gc,metaspace   ] GC(1273) Metaspace: 30033K(30528K)->30033K(30528K) NonClass: 24638K(24896K)->24638K(24896K) Class: 5394K(5632K)->5394K(5632K)
[8151.248s][info][gc             ] GC(1273) Pause Young (Normal) (G1 Evacuation Pause) 7589M->1897M(10240M) 172.199ms
[8151.248s][info][gc,cpu         ] GC(1273) User=1.36s Sys=0.00s Real=0.18s
...[8154.748s][info][gc,start       ] GC(1274) Pause Young (Normal) (G1 Evacuation Pause)
[8154.748s][info][gc,task        ] GC(1274) Using 8 workers of 8 for evacuation
[8154.918s][info][gc,phases      ] GC(1274)   Pre Evacuate Collection Set: 0.25ms
[8154.918s][info][gc,phases      ] GC(1274)   Merge Heap Roots: 0.49ms
[8154.918s][info][gc,phases      ] GC(1274)   Evacuate Collection Set: 168.27ms
[8154.918s][info][gc,phases      ] GC(1274)   Post Evacuate Collection Set: 1.26ms
[8154.918s][info][gc,phases      ] GC(1274)   Other: 0.07ms
[8154.918s][info][gc,heap        ] GC(1274) Eden regions: 714->0(715)
[8154.918s][info][gc,heap        ] GC(1274) Survivor regions: 54->53(96)
[8154.918s][info][gc,heap        ] GC(1274) Old regions: 155->157
[8154.918s][info][gc,heap        ] GC(1274) Humongous regions: 33->33
[8154.918s][info][gc,metaspace   ] GC(1274) Metaspace: 30033K(30528K)->30033K(30528K) NonClass: 24638K(24896K)->24638K(24896K) Class: 5394K(5632K)->5394K(5632K)
[8154.918s][info][gc             ] GC(1274) Pause Young (Normal) (G1 Evacuation Pause) 7609M->1911M(10240M) 170.469ms
[8154.918s][info][gc,cpu         ] GC(1274) User=1.34s Sys=0.00s Real=0.17s
....[8158.578s][info][gc,start       ] GC(1275) Pause Young (Normal) (G1 Evacuation Pause)
[8158.578s][info][gc,task        ] GC(1275) Using 8 workers of 8 for evacuation
[8158.747s][info][gc,phases      ] GC(1275)   Pre Evacuate Collection Set: 0.26ms
[8158.747s][info][gc,phases      ] GC(1275)   Merge Heap Roots: 0.51ms
[8158.747s][info][gc,phases      ] GC(1275)   Evacuate Collection Set: 167.22ms
[8158.747s][info][gc,phases      ] GC(1275)   Post Evacuate Collection Set: 1.24ms
[8158.747s][info][gc,phases      ] GC(1275)   Other: 0.06ms
[8158.747s][info][gc,heap        ] GC(1275) Eden regions: 715->0(715)
[8158.747s][info][gc,heap        ] GC(1275) Survivor regions: 53->53(96)
[8158.747s][info][gc,heap        ] GC(1275) Old regions: 157->160
[8158.747s][info][gc,heap        ] GC(1275) Humongous regions: 33->33
[8158.747s][info][gc,metaspace   ] GC(1275) Metaspace: 30033K(30528K)->30033K(30528K) NonClass: 24638K(24896K)->24638K(24896K) Class: 5394K(5632K)->5394K(5632K)
[8158.747s][info][gc             ] GC(1275) Pause Young (Normal) (G1 Evacuation Pause) 7631M->1937M(10240M) 169.438ms
[8158.747s][info][gc,cpu         ] GC(1275) User=1.33s Sys=0.01s Real=0.17s
....[8162.153s][info][gc,start       ] GC(1276) Pause Young (Normal) (G1 Evacuation Pause)
[8162.153s][info][gc,task        ] GC(1276) Using 8 workers of 8 for evacuation
[8162.319s][info][gc,phases      ] GC(1276)   Pre Evacuate Collection Set: 0.30ms
[8162.319s][info][gc,phases      ] GC(1276)   Merge Heap Roots: 0.51ms
[8162.319s][info][gc,phases      ] GC(1276)   Evacuate Collection Set: 164.08ms
[8162.319s][info][gc,phases      ] GC(1276)   Post Evacuate Collection Set: 1.25ms
[8162.319s][info][gc,phases      ] GC(1276)   Other: 0.06ms
[8162.319s][info][gc,heap        ] GC(1276) Eden regions: 715->0(715)
[8162.319s][info][gc,heap        ] GC(1276) Survivor regions: 53->53(96)
[8162.319s][info][gc,heap        ] GC(1276) Old regions: 160->163
[8162.319s][info][gc,heap        ] GC(1276) Humongous regions: 33->33
[8162.319s][info][gc,metaspace   ] GC(1276) Metaspace: 30033K(30528K)->30033K(30528K) NonClass: 24638K(24896K)->24638K(24896K) Class: 5394K(5632K)->5394K(5632K)
[8162.320s][info][gc             ] GC(1276) Pause Young (Normal) (G1 Evacuation Pause) 7657M->1955M(10240M) 166.352ms
[8162.320s][info][gc,cpu         ] GC(1276) User=1.32s Sys=0.00s Real=0.17s
...[8165.924s][info][gc,start       ] GC(1277) Pause Young (Normal) (G1 Evacuation Pause)
[8165.924s][info][gc,task        ] GC(1277) Using 8 workers of 8 for evacuation
[8166.094s][info][gc,phases      ] GC(1277)   Pre Evacuate Collection Set: 0.26ms
[8166.094s][info][gc,phases      ] GC(1277)   Merge Heap Roots: 0.50ms
[8166.094s][info][gc,phases      ] GC(1277)   Evacuate Collection Set: 168.05ms
[8166.094s][info][gc,phases      ] GC(1277)   Post Evacuate Collection Set: 1.23ms
[8166.094s][info][gc,phases      ] GC(1277)   Other: 0.08ms
[8166.094s][info][gc,heap        ] GC(1277) Eden regions: 715->0(715)
[8166.094s][info][gc,heap        ] GC(1277) Survivor regions: 53->53(96)
[8166.094s][info][gc,heap        ] GC(1277) Old regions: 163->166
[8166.094s][info][gc,heap        ] GC(1277) Humongous regions: 33->33
[8166.094s][info][gc,metaspace   ] GC(1277) Metaspace: 30033K(30528K)->30033K(30528K) NonClass: 24638K(24896K)->24638K(24896K) Class: 5394K(5632K)->5394K(5632K)
[8166.094s][info][gc             ] GC(1277) Pause Young (Normal) (G1 Evacuation Pause) 7675M->1983M(10240M) 170.269ms
[8166.094s][info][gc,cpu         ] GC(1277) User=1.34s Sys=0.00s Real=0.17s
....[8169.640s][info][gc,start       ] GC(1278) Pause Young (Normal) (G1 Evacuation Pause)
[8169.640s][info][gc,task        ] GC(1278) Using 8 workers of 8 for evacuation
[8169.817s][info][gc,phases      ] GC(1278)   Pre Evacuate Collection Set: 0.27ms
[8169.817s][info][gc,phases      ] GC(1278)   Merge Heap Roots: 0.50ms
[8169.817s][info][gc,phases      ] GC(1278)   Evacuate Collection Set: 174.89ms
[8169.817s][info][gc,phases      ] GC(1278)   Post Evacuate Collection Set: 1.23ms
[8169.817s][info][gc,phases      ] GC(1278)   Other: 0.07ms
[8169.817s][info][gc,heap        ] GC(1278) Eden regions: 715->0(712)
[8169.817s][info][gc,heap        ] GC(1278) Survivor regions: 53->56(96)
[8169.817s][info][gc,heap        ] GC(1278) Old regions: 166->169
[8169.817s][info][gc,heap        ] GC(1278) Humongous regions: 33->33
[8169.817s][info][gc,metaspace   ] GC(1278) Metaspace: 30033K(30528K)->30033K(30528K) NonClass: 24638K(24896K)->24638K(24896K) Class: 5394K(5632K)->5394K(5632K)
[8169.817s][info][gc             ] GC(1278) Pause Young (Normal) (G1 Evacuation Pause) 7703M->2028M(10240M) 177.095ms
[8169.817s][info][gc,cpu         ] GC(1278) User=1.39s Sys=0.00s Real=0.18s
....[8173.352s][info][gc,start       ] GC(1279) Pause Young (Normal) (G1 Evacuation Pause)
[8173.352s][info][gc,task        ] GC(1279) Using 8 workers of 8 for evacuation
[8173.522s][info][gc,phases      ] GC(1279)   Pre Evacuate Collection Set: 0.28ms
[8173.522s][info][gc,phases      ] GC(1279)   Merge Heap Roots: 0.51ms
[8173.522s][info][gc,phases      ] GC(1279)   Evacuate Collection Set: 167.83ms
[8173.522s][info][gc,phases      ] GC(1279)   Post Evacuate Collection Set: 1.23ms
[8173.522s][info][gc,phases      ] GC(1279)   Other: 0.06ms
[8173.522s][info][gc,heap        ] GC(1279) Eden regions: 712->0(715)
[8173.522s][info][gc,heap        ] GC(1279) Survivor regions: 56->53(96)
[8173.522s][info][gc,heap        ] GC(1279) Old regions: 169->171
[8173.522s][info][gc,heap        ] GC(1279) Humongous regions: 33->33
[8173.522s][info][gc,metaspace   ] GC(1279) Metaspace: 30033K(30528K)->30033K(30528K) NonClass: 24638K(24896K)->24638K(24896K) Class: 5394K(5632K)->5394K(5632K)
[8173.522s][info][gc             ] GC(1279) Pause Young (Normal) (G1 Evacuation Pause) 7724M->2027M(10240M) 170.058ms
[8173.522s][info][gc,cpu         ] GC(1279) User=1.34s Sys=0.00s Real=0.17s
....[8177.158s][info][gc,start       ] GC(1280) Pause Young (Normal) (G1 Evacuation Pause)
[8177.158s][info][gc,task        ] GC(1280) Using 8 workers of 8 for evacuation
[8177.336s][info][gc,phases      ] GC(1280)   Pre Evacuate Collection Set: 0.27ms
[8177.336s][info][gc,phases      ] GC(1280)   Merge Heap Roots: 0.49ms
[8177.336s][info][gc,phases      ] GC(1280)   Evacuate Collection Set: 175.22ms
[8177.336s][info][gc,phases      ] GC(1280)   Post Evacuate Collection Set: 1.22ms
[8177.336s][info][gc,phases      ] GC(1280)   Other: 0.07ms
[8177.336s][info][gc,heap        ] GC(1280) Eden regions: 715->0(712)
[8177.336s][info][gc,heap        ] GC(1280) Survivor regions: 53->56(96)
[8177.336s][info][gc,heap        ] GC(1280) Old regions: 171->174
[8177.336s][info][gc,heap        ] GC(1280) Humongous regions: 33->33
[8177.336s][info][gc,metaspace   ] GC(1280) Metaspace: 30033K(30528K)->30033K(30528K) NonClass: 24638K(24896K)->24638K(24896K) Class: 5394K(5632K)->5394K(5632K)
[8177.336s][info][gc             ] GC(1280) Pause Young (Normal) (G1 Evacuation Pause) 7747M->2070M(10240M) 177.435ms
[8177.336s][info][gc,cpu         ] GC(1280) User=1.40s Sys=0.00s Real=0.18s
...[8180.855s][info][gc,start       ] GC(1281) Pause Young (Normal) (G1 Evacuation Pause)
[8180.855s][info][gc,task        ] GC(1281) Using 8 workers of 8 for evacuation
[8181.042s][info][gc,phases      ] GC(1281)   Pre Evacuate Collection Set: 0.23ms
[8181.042s][info][gc,phases      ] GC(1281)   Merge Heap Roots: 0.50ms
[8181.042s][info][gc,phases      ] GC(1281)   Evacuate Collection Set: 184.30ms
[8181.042s][info][gc,phases      ] GC(1281)   Post Evacuate Collection Set: 1.23ms
[8181.042s][info][gc,phases      ] GC(1281)   Other: 0.06ms
[8181.042s][info][gc,heap        ] GC(1281) Eden regions: 712->0(716)
[8181.042s][info][gc,heap        ] GC(1281) Survivor regions: 56->52(96)
[8181.042s][info][gc,heap        ] GC(1281) Old regions: 174->183
[8181.042s][info][gc,heap        ] GC(1281) Humongous regions: 33->33
[8181.042s][info][gc,metaspace   ] GC(1281) Metaspace: 30033K(30528K)->30033K(30528K) NonClass: 24638K(24896K)->24638K(24896K) Class: 5394K(5632K)->5394K(5632K)
[8181.042s][info][gc             ] GC(1281) Pause Young (Normal) (G1 Evacuation Pause) 7766M->2110M(10240M) 186.464ms
[8181.042s][info][gc,cpu         ] GC(1281) User=1.47s Sys=0.00s Real=0.19s
....[8184.710s][info][gc,start       ] GC(1282) Pause Young (Normal) (G1 Evacuation Pause)
[8184.710s][info][gc,task        ] GC(1282) Using 8 workers of 8 for evacuation
[8184.881s][info][gc,phases      ] GC(1282)   Pre Evacuate Collection Set: 0.25ms
[8184.881s][info][gc,phases      ] GC(1282)   Merge Heap Roots: 0.49ms
[8184.881s][info][gc,phases      ] GC(1282)   Evacuate Collection Set: 169.06ms
[8184.881s][info][gc,phases      ] GC(1282)   Post Evacuate Collection Set: 1.20ms
[8184.881s][info][gc,phases      ] GC(1282)   Other: 0.07ms
[8184.881s][info][gc,heap        ] GC(1282) Eden regions: 716->0(718)
[8184.881s][info][gc,heap        ] GC(1282) Survivor regions: 52->50(96)
[8184.881s][info][gc,heap        ] GC(1282) Old regions: 183->189
[8184.881s][info][gc,heap        ] GC(1282) Humongous regions: 33->33
[8184.881s][info][gc,metaspace   ] GC(1282) Metaspace: 30033K(30528K)->30033K(30528K) NonClass: 24638K(24896K)->24638K(24896K) Class: 5394K(5632K)->5394K(5632K)
[8184.881s][info][gc             ] GC(1282) Pause Young (Normal) (G1 Evacuation Pause) 7838M->2143M(10240M) 171.205ms
[8184.881s][info][gc,cpu         ] GC(1282) User=1.35s Sys=0.00s Real=0.17s
....[8188.506s][info][gc,start       ] GC(1283) Pause Young (Normal) (G1 Evacuation Pause)
[8188.506s][info][gc,task        ] GC(1283) Using 8 workers of 8 for evacuation
[8188.667s][info][gc,phases      ] GC(1283)   Pre Evacuate Collection Set: 0.27ms
[8188.667s][info][gc,phases      ] GC(1283)   Merge Heap Roots: 0.50ms
[8188.667s][info][gc,phases      ] GC(1283)   Evacuate Collection Set: 159.08ms
[8188.667s][info][gc,phases      ] GC(1283)   Post Evacuate Collection Set: 1.25ms
[8188.667s][info][gc,phases      ] GC(1283)   Other: 0.06ms
[8188.667s][info][gc,heap        ] GC(1283) Eden regions: 718->0(714)
[8188.667s][info][gc,heap        ] GC(1283) Survivor regions: 50->54(96)
[8188.667s][info][gc,heap        ] GC(1283) Old regions: 189->189
[8188.667s][info][gc,heap        ] GC(1283) Humongous regions: 33->33
[8188.667s][info][gc,metaspace   ] GC(1283) Metaspace: 30033K(30528K)->30033K(30528K) NonClass: 24638K(24896K)->24638K(24896K) Class: 5394K(5632K)->5394K(5632K)
[8188.667s][info][gc             ] GC(1283) Pause Young (Normal) (G1 Evacuation Pause) 7887M->2175M(10240M) 161.314ms
[8188.667s][info][gc,cpu         ] GC(1283) User=1.27s Sys=0.00s Real=0.17s
....[8192.136s][info][gc,start       ] GC(1284) Pause Young (Normal) (G1 Evacuation Pause)
[8192.136s][info][gc,task        ] GC(1284) Using 8 workers of 8 for evacuation
[8192.309s][info][gc,phases      ] GC(1284)   Pre Evacuate Collection Set: 0.25ms
[8192.309s][info][gc,phases      ] GC(1284)   Merge Heap Roots: 0.50ms
[8192.309s][info][gc,phases      ] GC(1284)   Evacuate Collection Set: 170.93ms
[8192.309s][info][gc,phases      ] GC(1284)   Post Evacuate Collection Set: 1.22ms
[8192.309s][info][gc,phases      ] GC(1284)   Other: 0.06ms
[8192.309s][info][gc,heap        ] GC(1284) Eden regions: 714->0(714)
[8192.309s][info][gc,heap        ] GC(1284) Survivor regions: 54->54(96)
[8192.309s][info][gc,heap        ] GC(1284) Old regions: 189->192
[8192.309s][info][gc,heap        ] GC(1284) Humongous regions: 33->33
[8192.309s][info][gc,metaspace   ] GC(1284) Metaspace: 30033K(30528K)->30033K(30528K) NonClass: 24638K(24896K)->24638K(24896K) Class: 5394K(5632K)->5394K(5632K)
[8192.309s][info][gc             ] GC(1284) Pause Young (Normal) (G1 Evacuation Pause) 7887M->2199M(10240M) 173.094ms
[8192.309s][info][gc,cpu         ] GC(1284) User=1.36s Sys=0.00s Real=0.17s
...[8195.697s][info][gc,start       ] GC(1285) Pause Young (Normal) (G1 Evacuation Pause)
[8195.698s][info][gc,task        ] GC(1285) Using 8 workers of 8 for evacuation
[8195.864s][info][gc,phases      ] GC(1285)   Pre Evacuate Collection Set: 0.26ms
[8195.865s][info][gc,phases      ] GC(1285)   Merge Heap Roots: 0.50ms
[8195.865s][info][gc,phases      ] GC(1285)   Evacuate Collection Set: 164.89ms
[8195.865s][info][gc,phases      ] GC(1285)   Post Evacuate Collection Set: 1.25ms
[8195.865s][info][gc,phases      ] GC(1285)   Other: 0.06ms
[8195.865s][info][gc,heap        ] GC(1285) Eden regions: 714->0(715)
[8195.865s][info][gc,heap        ] GC(1285) Survivor regions: 54->53(96)
[8195.865s][info][gc,heap        ] GC(1285) Old regions: 192->195
[8195.865s][info][gc,heap        ] GC(1285) Humongous regions: 33->33
[8195.865s][info][gc,metaspace   ] GC(1285) Metaspace: 30033K(30528K)->30033K(30528K) NonClass: 24638K(24896K)->24638K(24896K) Class: 5394K(5632K)->5394K(5632K)
[8195.865s][info][gc             ] GC(1285) Pause Young (Normal) (G1 Evacuation Pause) 7911M->2209M(10240M) 167.099ms
[8195.865s][info][gc,cpu         ] GC(1285) User=1.31s Sys=0.00s Real=0.16s
....[8199.415s][info][gc,start       ] GC(1286) Pause Young (Normal) (G1 Evacuation Pause)
[8199.415s][info][gc,task        ] GC(1286) Using 8 workers of 8 for evacuation
[8199.607s][info][gc,phases      ] GC(1286)   Pre Evacuate Collection Set: 0.27ms
[8199.607s][info][gc,phases      ] GC(1286)   Merge Heap Roots: 0.52ms
[8199.607s][info][gc,phases      ] GC(1286)   Evacuate Collection Set: 189.38ms
[8199.607s][info][gc,phases      ] GC(1286)   Post Evacuate Collection Set: 1.27ms
[8199.607s][info][gc,phases      ] GC(1286)   Other: 0.07ms
[8199.607s][info][gc,heap        ] GC(1286) Eden regions: 715->0(602)
[8199.607s][info][gc,heap        ] GC(1286) Survivor regions: 53->60(96)
[8199.607s][info][gc,heap        ] GC(1286) Old regions: 195->197
[8199.607s][info][gc,heap        ] GC(1286) Humongous regions: 33->33
[8199.607s][info][gc,metaspace   ] GC(1286) Metaspace: 30033K(30528K)->30033K(30528K) NonClass: 24638K(24896K)->24638K(24896K) Class: 5394K(5632K)->5394K(5632K)
[8199.607s][info][gc             ] GC(1286) Pause Young (Normal) (G1 Evacuation Pause) 7929M->2287M(10240M) 191.659ms
[8199.607s][info][gc,cpu         ] GC(1286) User=1.51s Sys=0.00s Real=0.20s
...[8202.537s][info][gc,start       ] GC(1287) Pause Young (Normal) (G1 Evacuation Pause)
[8202.537s][info][gc,task        ] GC(1287) Using 8 workers of 8 for evacuation
[8202.700s][info][gc,phases      ] GC(1287)   Pre Evacuate Collection Set: 0.26ms
[8202.700s][info][gc,phases      ] GC(1287)   Merge Heap Roots: 0.50ms
[8202.700s][info][gc,phases      ] GC(1287)   Evacuate Collection Set: 160.77ms
[8202.700s][info][gc,phases      ] GC(1287)   Post Evacuate Collection Set: 1.10ms
[8202.700s][info][gc,phases      ] GC(1287)   Other: 0.08ms
[8202.700s][info][gc,heap        ] GC(1287) Eden regions: 604->0(722)
[8202.700s][info][gc,heap        ] GC(1287) Survivor regions: 60->46(83)
[8202.700s][info][gc,heap        ] GC(1287) Old regions: 197->207
[8202.700s][info][gc,heap        ] GC(1287) Humongous regions: 33->33
[8202.700s][info][gc,metaspace   ] GC(1287) Metaspace: 30033K(30528K)->30033K(30528K) NonClass: 24638K(24896K)->24638K(24896K) Class: 5394K(5632K)->5394K(5632K)
[8202.700s][info][gc             ] GC(1287) Pause Young (Normal) (G1 Evacuation Pause) 7119M->2252M(10240M) 162.844ms
[8202.700s][info][gc,cpu         ] GC(1287) User=1.28s Sys=0.00s Real=0.16s
....[8206.375s][info][gc,start       ] GC(1288) Pause Young (Normal) (G1 Evacuation Pause)
[8206.375s][info][gc,task        ] GC(1288) Using 8 workers of 8 for evacuation
[8206.536s][info][gc,phases      ] GC(1288)   Pre Evacuate Collection Set: 0.26ms
[8206.536s][info][gc,phases      ] GC(1288)   Merge Heap Roots: 0.50ms
[8206.536s][info][gc,phases      ] GC(1288)   Evacuate Collection Set: 158.85ms
[8206.536s][info][gc,phases      ] GC(1288)   Post Evacuate Collection Set: 1.21ms
[8206.536s][info][gc,phases      ] GC(1288)   Other: 0.06ms
[8206.536s][info][gc,heap        ] GC(1288) Eden regions: 722->0(716)
[8206.536s][info][gc,heap        ] GC(1288) Survivor regions: 46->52(96)
[8206.536s][info][gc,heap        ] GC(1288) Old regions: 207->207
[8206.536s][info][gc,heap        ] GC(1288) Humongous regions: 33->33
[8206.536s][info][gc,metaspace   ] GC(1288) Metaspace: 30033K(30528K)->30033K(30528K) NonClass: 24638K(24896K)->24638K(24896K) Class: 5394K(5632K)->5394K(5632K)
[8206.536s][info][gc             ] GC(1288) Pause Young (Normal) (G1 Evacuation Pause) 8028M->2304M(10240M) 161.016ms
[8206.536s][info][gc,cpu         ] GC(1288) User=1.26s Sys=0.00s Real=0.16s
. (rIR:aIR:PR = 13145:13096:12842) (tPR = 189747) [PR is under limit] 
  8207s: Performance info:
         Transaction,    Success,    Partial,     Failed,   Receipts, AvgBarcode, 
             Overall,    1159317,          0,          0,    1101384,      59.47, 
         Response times:
             Request,    Success,    Partial,     Failed,   SkipFail,     Probes,    Samples,      min,      p50,      p90,      p95,      p99,      max, 
       TotalPurchase,    1122714,          0,          0,          0,     183863,     777232,    12000,   556000,  1100000,  1500000,  6200000, 41000000,
     InStorePurchase,     592235,          0,          0,          0,      93872,     409488,    12000,   557000,  1200000,  1700000,  8000000, 31000000,
      OnlinePurchase,     412991,          0,          0,          0,      65086,     284747,    12300,   553000,  1100000,  1300000,  3100000, 37000000,
        InstPurchase,     117488,          0,          0,          0,      24905,      82997,    12700,   562000,  1200000,  1600000,  3800000, 41000000,
          AssocOfCat,       1183,          0,          0,          0,        526,       1631,   106000,   562000,  1000000,  1500000,  7468000, 19000000,
      AssocOfProduct,      11953,          0,          0,          0,       3037,       9147,    40000,   520000,  1100000,  1500000, 11000000, 29000000,
      BusinessReport,       2962,          0,          0,          0,       1253,       4073,    98000,   597000,   970000,  1400000,  2500000, 24000000,
          CustBuyBeh,      11814,          0,          0,          0,       2978,       9122,    29000,   517000,   970000,  1300000,  2100000, 29000000,
       ProductReturn,      31614,          0,          0,          0,       6235,      21459,    28000,   523000,  1200000,  2000000,  4940000, 29000000,

  8207s: 
  8207s: Failing in a row, point 1 of 3
  8207s: (96%)   IR =  13284 ..[8210.065s][info][gc,start       ] GC(1289) Pause Young (Normal) (G1 Evacuation Pause)
[8210.065s][info][gc,task        ] GC(1289) Using 8 workers of 8 for evacuation
[8210.242s][info][gc,phases      ] GC(1289)   Pre Evacuate Collection Set: 0.25ms
[8210.242s][info][gc,phases      ] GC(1289)   Merge Heap Roots: 0.53ms
[8210.242s][info][gc,phases      ] GC(1289)   Evacuate Collection Set: 174.98ms
[8210.242s][info][gc,phases      ] GC(1289)   Post Evacuate Collection Set: 1.27ms
[8210.242s][info][gc,phases      ] GC(1289)   Other: 0.06ms
[8210.242s][info][gc,heap        ] GC(1289) Eden regions: 716->0(706)
[8210.242s][info][gc,heap        ] GC(1289) Survivor regions: 52->55(96)
[8210.242s][info][gc,heap        ] GC(1289) Old regions: 207->210
[8210.242s][info][gc,heap        ] GC(1289) Humongous regions: 33->33
[8210.242s][info][gc,metaspace   ] GC(1289) Metaspace: 30033K(30528K)->30033K(30528K) NonClass: 24638K(24896K)->24638K(24896K) Class: 5394K(5632K)->5394K(5632K)
[8210.242s][info][gc             ] GC(1289) Pause Young (Normal) (G1 Evacuation Pause) 8032M->2350M(10240M) 177.229ms
[8210.242s][info][gc,cpu         ] GC(1289) User=1.39s Sys=0.01s Real=0.18s
....[8213.860s][info][gc,start       ] GC(1290) Pause Young (Normal) (G1 Evacuation Pause)
[8213.860s][info][gc,task        ] GC(1290) Using 8 workers of 8 for evacuation
[8214.032s][info][gc,phases      ] GC(1290)   Pre Evacuate Collection Set: 0.24ms
[8214.032s][info][gc,phases      ] GC(1290)   Merge Heap Roots: 0.50ms
[8214.032s][info][gc,phases      ] GC(1290)   Evacuate Collection Set: 169.51ms
[8214.032s][info][gc,phases      ] GC(1290)   Post Evacuate Collection Set: 1.32ms
[8214.032s][info][gc,phases      ] GC(1290)   Other: 0.06ms
[8214.032s][info][gc,heap        ] GC(1290) Eden regions: 708->0(714)
[8214.032s][info][gc,heap        ] GC(1290) Survivor regions: 55->54(96)
[8214.032s][info][gc,heap        ] GC(1290) Old regions: 210->213
[8214.032s][info][gc,heap        ] GC(1290) Humongous regions: 33->33
[8214.032s][info][gc,metaspace   ] GC(1290) Metaspace: 30033K(30528K)->30033K(30528K) NonClass: 24638K(24896K)->24638K(24896K) Class: 5394K(5632K)->5394K(5632K)
[8214.032s][info][gc             ] GC(1290) Pause Young (Normal) (G1 Evacuation Pause) 8014M->2364M(10240M) 171.768ms
[8214.032s][info][gc,cpu         ] GC(1290) User=1.35s Sys=0.00s Real=0.17s
....[8217.565s][info][gc,start       ] GC(1291) Pause Young (Normal) (G1 Evacuation Pause)
[8217.565s][info][gc,task        ] GC(1291) Using 8 workers of 8 for evacuation
[8217.741s][info][gc,phases      ] GC(1291)   Pre Evacuate Collection Set: 0.29ms
[8217.741s][info][gc,phases      ] GC(1291)   Merge Heap Roots: 0.49ms
[8217.741s][info][gc,phases      ] GC(1291)   Evacuate Collection Set: 173.36ms
[8217.741s][info][gc,phases      ] GC(1291)   Post Evacuate Collection Set: 1.22ms
[8217.741s][info][gc,phases      ] GC(1291)   Other: 0.07ms
[8217.741s][info][gc,heap        ] GC(1291) Eden regions: 714->0(713)
[8217.741s][info][gc,heap        ] GC(1291) Survivor regions: 54->55(96)
[8217.741s][info][gc,heap        ] GC(1291) Old regions: 213->216
[8217.741s][info][gc,heap        ] GC(1291) Humongous regions: 33->33
[8217.741s][info][gc,metaspace   ] GC(1291) Metaspace: 30033K(30528K)->30033K(30528K) NonClass: 24638K(24896K)->24638K(24896K) Class: 5394K(5632K)->5394K(5632K)
[8217.741s][info][gc             ] GC(1291) Pause Young (Normal) (G1 Evacuation Pause) 8076M->2394M(10240M) 175.548ms
[8217.741s][info][gc,cpu         ] GC(1291) User=1.38s Sys=0.00s Real=0.18s
...[8221.282s][info][gc,start       ] GC(1292) Pause Young (Normal) (G1 Evacuation Pause)
[8221.282s][info][gc,task        ] GC(1292) Using 8 workers of 8 for evacuation
[8221.460s][info][gc,phases      ] GC(1292)   Pre Evacuate Collection Set: 0.25ms
[8221.460s][info][gc,phases      ] GC(1292)   Merge Heap Roots: 0.50ms
[8221.460s][info][gc,phases      ] GC(1292)   Evacuate Collection Set: 176.54ms
[8221.460s][info][gc,phases      ] GC(1292)   Post Evacuate Collection Set: 1.23ms
[8221.460s][info][gc,phases      ] GC(1292)   Other: 0.07ms
[8221.460s][info][gc,heap        ] GC(1292) Eden regions: 713->0(692)
[8221.460s][info][gc,heap        ] GC(1292) Survivor regions: 55->56(96)
[8221.460s][info][gc,heap        ] GC(1292) Old regions: 216->219
[8221.460s][info][gc,heap        ] GC(1292) Humongous regions: 33->33
[8221.460s][info][gc,metaspace   ] GC(1292) Metaspace: 30033K(30528K)->30033K(30528K) NonClass: 24638K(24896K)->24638K(24896K) Class: 5394K(5632K)->5394K(5632K)
[8221.460s][info][gc             ] GC(1292) Pause Young (Normal) (G1 Evacuation Pause) 8098M->2429M(10240M) 178.725ms
[8221.460s][info][gc,cpu         ] GC(1292) User=1.41s Sys=0.00s Real=0.18s
....[8224.959s][info][gc,start       ] GC(1293) Pause Young (Normal) (G1 Evacuation Pause)
[8224.959s][info][gc,task        ] GC(1293) Using 8 workers of 8 for evacuation
[8225.129s][info][gc,phases      ] GC(1293)   Pre Evacuate Collection Set: 0.25ms
[8225.129s][info][gc,phases      ] GC(1293)   Merge Heap Roots: 0.50ms
[8225.129s][info][gc,phases      ] GC(1293)   Evacuate Collection Set: 168.43ms
[8225.129s][info][gc,phases      ] GC(1293)   Post Evacuate Collection Set: 1.25ms
[8225.129s][info][gc,phases      ] GC(1293)   Other: 0.06ms
[8225.129s][info][gc,heap        ] GC(1293) Eden regions: 693->0(721)
[8225.129s][info][gc,heap        ] GC(1293) Survivor regions: 56->47(94)
[8225.129s][info][gc,heap        ] GC(1293) Old regions: 219->227
[8225.129s][info][gc,heap        ] GC(1293) Humongous regions: 33->33
[8225.129s][info][gc,metaspace   ] GC(1293) Metaspace: 30033K(30528K)->30033K(30528K) NonClass: 24638K(24896K)->24638K(24896K) Class: 5394K(5632K)->5394K(5632K)
[8225.129s][info][gc             ] GC(1293) Pause Young (Normal) (G1 Evacuation Pause) 7973M->2427M(10240M) 170.640ms
[8225.129s][info][gc,cpu         ] GC(1293) User=1.32s Sys=0.00s Real=0.17s
....[8228.745s][info][gc,start       ] GC(1294) Pause Young (Normal) (G1 Evacuation Pause)
[8228.745s][info][gc,task        ] GC(1294) Using 8 workers of 8 for evacuation
[8228.910s][info][gc,phases      ] GC(1294)   Pre Evacuate Collection Set: 0.26ms
[8228.910s][info][gc,phases      ] GC(1294)   Merge Heap Roots: 0.50ms
[8228.910s][info][gc,phases      ] GC(1294)   Evacuate Collection Set: 163.56ms
[8228.910s][info][gc,phases      ] GC(1294)   Post Evacuate Collection Set: 1.23ms
[8228.910s][info][gc,phases      ] GC(1294)   Other: 0.07ms
[8228.910s][info][gc,heap        ] GC(1294) Eden regions: 721->0(715)
[8228.910s][info][gc,heap        ] GC(1294) Survivor regions: 47->53(96)
[8228.910s][info][gc,heap        ] GC(1294) Old regions: 227->227
[8228.911s][info][gc,heap        ] GC(1294) Humongous regions: 33->33
[8228.911s][info][gc,metaspace   ] GC(1294) Metaspace: 30033K(30528K)->30033K(30528K) NonClass: 24638K(24896K)->24638K(24896K) Class: 5394K(5632K)->5394K(5632K)
[8228.911s][info][gc             ] GC(1294) Pause Young (Normal) (G1 Evacuation Pause) 8195M->2475M(10240M) 165.746ms
[8228.911s][info][gc,cpu         ] GC(1294) User=1.29s Sys=0.00s Real=0.17s
....[8232.661s][info][gc,start       ] GC(1295) Pause Young (Normal) (G1 Evacuation Pause)
[8232.661s][info][gc,task        ] GC(1295) Using 8 workers of 8 for evacuation
[8232.837s][info][gc,phases      ] GC(1295)   Pre Evacuate Collection Set: 0.24ms
[8232.837s][info][gc,phases      ] GC(1295)   Merge Heap Roots: 0.52ms
[8232.837s][info][gc,phases      ] GC(1295)   Evacuate Collection Set: 173.83ms
[8232.837s][info][gc,phases      ] GC(1295)   Post Evacuate Collection Set: 1.26ms
[8232.837s][info][gc,phases      ] GC(1295)   Other: 0.07ms
[8232.837s][info][gc,heap        ] GC(1295) Eden regions: 715->0(714)
[8232.837s][info][gc,heap        ] GC(1295) Survivor regions: 53->54(96)
[8232.837s][info][gc,heap        ] GC(1295) Old regions: 227->230
[8232.837s][info][gc,heap        ] GC(1295) Humongous regions: 33->33
[8232.837s][info][gc,metaspace   ] GC(1295) Metaspace: 30033K(30528K)->30033K(30528K) NonClass: 24638K(24896K)->24638K(24896K) Class: 5394K(5632K)->5394K(5632K)
[8232.837s][info][gc             ] GC(1295) Pause Young (Normal) (G1 Evacuation Pause) 8195M->2506M(10240M) 176.073ms
[8232.837s][info][gc,cpu         ] GC(1295) User=1.38s Sys=0.00s Real=0.18s
....[8236.906s][info][gc,start       ] GC(1296) Pause Young (Normal) (G1 Evacuation Pause)
[8236.906s][info][gc,task        ] GC(1296) Using 8 workers of 8 for evacuation
[8237.103s][info][gc,phases      ] GC(1296)   Pre Evacuate Collection Set: 0.29ms
[8237.103s][info][gc,phases      ] GC(1296)   Merge Heap Roots: 0.60ms
[8237.103s][info][gc,phases      ] GC(1296)   Evacuate Collection Set: 194.38ms
[8237.103s][info][gc,phases      ] GC(1296)   Post Evacuate Collection Set: 1.38ms
[8237.103s][info][gc,phases      ] GC(1296)   Other: 0.09ms
[8237.103s][info][gc,heap        ] GC(1296) Eden regions: 714->0(614)
[8237.103s][info][gc,heap        ] GC(1296) Survivor regions: 54->55(96)
[8237.103s][info][gc,heap        ] GC(1296) Old regions: 230->233
[8237.103s][info][gc,heap        ] GC(1296) Humongous regions: 33->33
[8237.103s][info][gc,metaspace   ] GC(1296) Metaspace: 30033K(30528K)->30033K(30528K) NonClass: 24638K(24896K)->24638K(24896K) Class: 5394K(5632K)->5394K(5632K)
[8237.103s][info][gc             ] GC(1296) Pause Young (Normal) (G1 Evacuation Pause) 8218M->2532M(10240M) 196.917ms
[8237.103s][info][gc,cpu         ] GC(1296) User=1.36s Sys=0.00s Real=0.19s
. (rIR:aIR:PR = 13284:13217:12313) (tPR = 180902) [PR is under limit] 
  8237s: Performance info:
         Transaction,    Success,    Partial,     Failed,   Receipts, AvgBarcode, 
             Overall,     247450,          0,          0,     234915,      59.47, 
         Response times:
             Request,    Success,    Partial,     Failed,   SkipFail,     Probes,    Samples,      min,      p50,      p90,      p95,      p99,      max, 
       TotalPurchase,     252138,          0,          0,          0,       3597,     178796,   234000,  1200000,  1800000,  2000000,  4400000, 33000000,
     InStorePurchase,     133919,          0,          0,          0,       1805,      93643,   234000,  1200000,  1800000,  1800000,  2400000, 33000000,
      OnlinePurchase,      91707,          0,          0,          0,       1074,      66062,   235000,  1200000,  1900000,  2600000,  6100000, 28000000,
        InstPurchase,      26512,          0,          0,          0,        718,      19091,   256000,  1200000,  1700000,  2100000,  2900000,  6700000,
          AssocOfCat,        267,          0,          0,          0,         46,        386,   298000,  1100000,  1700000,  2065000,  2513000,  2600000,
      AssocOfProduct,       2730,          0,          0,          0,        263,       2139,   262000,   990000,  1800000,  2200000,  4600000, 11000000,
      BusinessReport,        666,          0,          0,          0,        259,       1014,   345000,  1200000,  1800000,  1900000,  2400000, 12000000,
          CustBuyBeh,       2605,          0,          0,          0,        236,       2151,   264000,   980000,  1800000,  2000000,  2900000, 11000000,
       ProductReturn,       7210,          0,          0,          0,        619,       5084,   270000,  1100000,  1700000,  2100000,  6400000, 11000000,

  8237s: 
  8237s: Failing in a row, point 2 of 3
  8237s: (97%)   IR =  13422 ..[8240.247s][info][gc,start       ] GC(1297) Pause Young (Normal) (G1 Evacuation Pause)
[8240.247s][info][gc,task        ] GC(1297) Using 8 workers of 8 for evacuation
[8240.419s][info][gc,phases      ] GC(1297)   Pre Evacuate Collection Set: 0.25ms
[8240.419s][info][gc,phases      ] GC(1297)   Merge Heap Roots: 0.55ms
[8240.419s][info][gc,phases      ] GC(1297)   Evacuate Collection Set: 169.98ms
[8240.419s][info][gc,phases      ] GC(1297)   Post Evacuate Collection Set: 1.09ms
[8240.419s][info][gc,phases      ] GC(1297)   Other: 0.06ms
[8240.419s][info][gc,heap        ] GC(1297) Eden regions: 616->0(720)
[8240.419s][info][gc,heap        ] GC(1297) Survivor regions: 55->48(84)
[8240.419s][info][gc,heap        ] GC(1297) Old regions: 233->242
[8240.419s][info][gc,heap        ] GC(1297) Humongous regions: 33->33
[8240.419s][info][gc,metaspace   ] GC(1297) Metaspace: 30033K(30528K)->30033K(30528K) NonClass: 24638K(24896K)->24638K(24896K) Class: 5394K(5632K)->5394K(5632K)
[8240.420s][info][gc             ] GC(1297) Pause Young (Normal) (G1 Evacuation Pause) 7460M->2550M(10240M) 172.066ms
[8240.420s][info][gc,cpu         ] GC(1297) User=1.35s Sys=0.00s Real=0.17s
....[8244.054s][info][gc,start       ] GC(1298) Pause Young (Normal) (G1 Evacuation Pause)
[8244.054s][info][gc,task        ] GC(1298) Using 8 workers of 8 for evacuation
[8244.215s][info][gc,phases      ] GC(1298)   Pre Evacuate Collection Set: 0.26ms
[8244.215s][info][gc,phases      ] GC(1298)   Merge Heap Roots: 0.50ms
[8244.215s][info][gc,phases      ] GC(1298)   Evacuate Collection Set: 159.18ms
[8244.215s][info][gc,phases      ] GC(1298)   Post Evacuate Collection Set: 1.24ms
[8244.215s][info][gc,phases      ] GC(1298)   Other: 0.07ms
[8244.215s][info][gc,heap        ] GC(1298) Eden regions: 720->0(689)
[8244.215s][info][gc,heap        ] GC(1298) Survivor regions: 48->53(96)
[8244.215s][info][gc,heap        ] GC(1298) Old regions: 242->242
[8244.215s][info][gc,heap        ] GC(1298) Humongous regions: 33->33
[8244.215s][info][gc,metaspace   ] GC(1298) Metaspace: 30033K(30528K)->30033K(30528K) NonClass: 24638K(24896K)->24638K(24896K) Class: 5394K(5632K)->5394K(5632K)
[8244.215s][info][gc             ] GC(1298) Pause Young (Normal) (G1 Evacuation Pause) 8310M->2590M(10240M) 161.376ms
[8244.215s][info][gc,cpu         ] GC(1298) User=1.26s Sys=0.00s Real=0.16s
....[8247.626s][info][gc,start       ] GC(1299) Pause Young (Normal) (G1 Evacuation Pause)
[8247.626s][info][gc,task        ] GC(1299) Using 8 workers of 8 for evacuation
[8247.800s][info][gc,phases      ] GC(1299)   Pre Evacuate Collection Set: 0.25ms
[8247.800s][info][gc,phases      ] GC(1299)   Merge Heap Roots: 0.50ms
[8247.800s][info][gc,phases      ] GC(1299)   Evacuate Collection Set: 172.24ms
[8247.800s][info][gc,phases      ] GC(1299)   Post Evacuate Collection Set: 1.19ms
[8247.800s][info][gc,phases      ] GC(1299)   Other: 0.07ms
[8247.800s][info][gc,heap        ] GC(1299) Eden regions: 688->0(677)
[8247.800s][info][gc,heap        ] GC(1299) Survivor regions: 53->54(93)
[8247.800s][info][gc,heap        ] GC(1299) Old regions: 242->246
[8247.800s][info][gc,heap        ] GC(1299) Humongous regions: 33->33
[8247.800s][info][gc,metaspace   ] GC(1299) Metaspace: 30033K(30528K)->30033K(30528K) NonClass: 24638K(24896K)->24638K(24896K) Class: 5394K(5632K)->5394K(5632K)
[8247.800s][info][gc             ] GC(1299) Pause Young (Normal) (G1 Evacuation Pause) 8094M->2625M(10240M) 174.390ms
[8247.800s][info][gc,cpu         ] GC(1299) User=1.37s Sys=0.00s Real=0.17s
...[8251.241s][info][gc,start       ] GC(1300) Pause Young (Normal) (G1 Evacuation Pause)
[8251.241s][info][gc,task        ] GC(1300) Using 8 workers of 8 for evacuation
[8251.411s][info][gc,phases      ] GC(1300)   Pre Evacuate Collection Set: 0.26ms
[8251.411s][info][gc,phases      ] GC(1300)   Merge Heap Roots: 0.50ms
[8251.411s][info][gc,phases      ] GC(1300)   Evacuate Collection Set: 168.01ms
[8251.411s][info][gc,phases      ] GC(1300)   Post Evacuate Collection Set: 1.19ms
[8251.411s][info][gc,phases      ] GC(1300)   Other: 0.06ms
[8251.411s][info][gc,heap        ] GC(1300) Eden regions: 678->0(720)
[8251.411s][info][gc,heap        ] GC(1300) Survivor regions: 54->48(92)
[8251.411s][info][gc,heap        ] GC(1300) Old regions: 246->255
[8251.411s][info][gc,heap        ] GC(1300) Humongous regions: 33->33
[8251.411s][info][gc,metaspace   ] GC(1300) Metaspace: 30033K(30528K)->30033K(30528K) NonClass: 24638K(24896K)->24638K(24896K) Class: 5394K(5632K)->5394K(5632K)
[8251.411s][info][gc             ] GC(1300) Pause Young (Normal) (G1 Evacuation Pause) 8049M->2650M(10240M) 170.184ms
[8251.411s][info][gc,cpu         ] GC(1300) User=1.34s Sys=0.00s Real=0.17s
....[8255.114s][info][gc,start       ] GC(1301) Pause Young (Normal) (G1 Evacuation Pause)
[8255.114s][info][gc,task        ] GC(1301) Using 8 workers of 8 for evacuation
[8255.277s][info][gc,phases      ] GC(1301)   Pre Evacuate Collection Set: 0.26ms
[8255.277s][info][gc,phases      ] GC(1301)   Merge Heap Roots: 0.49ms
[8255.277s][info][gc,phases      ] GC(1301)   Evacuate Collection Set: 160.94ms
[8255.277s][info][gc,phases      ] GC(1301)   Post Evacuate Collection Set: 1.27ms
[8255.277s][info][gc,phases      ] GC(1301)   Other: 0.06ms
[8255.277s][info][gc,heap        ] GC(1301) Eden regions: 720->0(715)
[8255.277s][info][gc,heap        ] GC(1301) Survivor regions: 48->53(96)
[8255.277s][info][gc,heap        ] GC(1301) Old regions: 255->255
[8255.277s][info][gc,heap        ] GC(1301) Humongous regions: 33->33
[8255.277s][info][gc,metaspace   ] GC(1301) Metaspace: 30033K(30528K)->30033K(30528K) NonClass: 24638K(24896K)->24638K(24896K) Class: 5394K(5632K)->5394K(5632K)
[8255.277s][info][gc             ] GC(1301) Pause Young (Normal) (G1 Evacuation Pause) 8410M->2694M(10240M) 163.152ms
[8255.277s][info][gc,cpu         ] GC(1301) User=1.28s Sys=0.00s Real=0.17s
....[8258.743s][info][gc,start       ] GC(1302) Pause Young (Normal) (G1 Evacuation Pause)
[8258.743s][info][gc,task        ] GC(1302) Using 8 workers of 8 for evacuation
[8258.916s][info][gc,phases      ] GC(1302)   Pre Evacuate Collection Set: 0.28ms
[8258.916s][info][gc,phases      ] GC(1302)   Merge Heap Roots: 0.52ms
[8258.916s][info][gc,phases      ] GC(1302)   Evacuate Collection Set: 170.96ms
[8258.916s][info][gc,phases      ] GC(1302)   Post Evacuate Collection Set: 1.25ms
[8258.916s][info][gc,phases      ] GC(1302)   Other: 0.06ms
[8258.916s][info][gc,heap        ] GC(1302) Eden regions: 715->0(715)
[8258.916s][info][gc,heap        ] GC(1302) Survivor regions: 53->53(96)
[8258.916s][info][gc,heap        ] GC(1302) Old regions: 255->258
[8258.916s][info][gc,heap        ] GC(1302) Humongous regions: 33->33
[8258.916s][info][gc,metaspace   ] GC(1302) Metaspace: 30033K(30528K)->30033K(30528K) NonClass: 24638K(24896K)->24638K(24896K) Class: 5394K(5632K)->5394K(5632K)
[8258.916s][info][gc             ] GC(1302) Pause Young (Normal) (G1 Evacuation Pause) 8414M->2717M(10240M) 173.213ms
[8258.916s][info][gc,cpu         ] GC(1302) User=1.37s Sys=0.00s Real=0.18s
...[8262.449s][info][gc,start       ] GC(1303) Pause Young (Normal) (G1 Evacuation Pause)
[8262.449s][info][gc,task        ] GC(1303) Using 8 workers of 8 for evacuation
[8262.622s][info][gc,phases      ] GC(1303)   Pre Evacuate Collection Set: 0.27ms
[8262.622s][info][gc,phases      ] GC(1303)   Merge Heap Roots: 0.49ms
[8262.622s][info][gc,phases      ] GC(1303)   Evacuate Collection Set: 170.17ms
[8262.622s][info][gc,phases      ] GC(1303)   Post Evacuate Collection Set: 1.21ms
[8262.622s][info][gc,phases      ] GC(1303)   Other: 0.08ms
[8262.622s][info][gc,heap        ] GC(1303) Eden regions: 715->0(714)
[8262.622s][info][gc,heap        ] GC(1303) Survivor regions: 53->54(96)
[8262.622s][info][gc,heap        ] GC(1303) Old regions: 258->260
[8262.622s][info][gc,heap        ] GC(1303) Humongous regions: 33->33
[8262.622s][info][gc,metaspace   ] GC(1303) Metaspace: 30033K(30528K)->30033K(30528K) NonClass: 24638K(24896K)->24638K(24896K) Class: 5394K(5632K)->5394K(5632K)
[8262.622s][info][gc             ] GC(1303) Pause Young (Normal) (G1 Evacuation Pause) 8437M->2746M(10240M) 173.110ms
[8262.622s][info][gc,cpu         ] GC(1303) User=1.36s Sys=0.00s Real=0.17s
....[8266.110s][info][gc,start       ] GC(1304) Pause Young (Normal) (G1 Evacuation Pause)
[8266.110s][info][gc,task        ] GC(1304) Using 8 workers of 8 for evacuation
[8266.279s][info][gc,phases      ] GC(1304)   Pre Evacuate Collection Set: 0.25ms
[8266.279s][info][gc,phases      ] GC(1304)   Merge Heap Roots: 0.51ms
[8266.279s][info][gc,phases      ] GC(1304)   Evacuate Collection Set: 167.07ms
[8266.279s][info][gc,phases      ] GC(1304)   Post Evacuate Collection Set: 1.26ms
[8266.279s][info][gc,phases      ] GC(1304)   Other: 0.06ms
[8266.279s][info][gc,heap        ] GC(1304) Eden regions: 714->0(714)
[8266.279s][info][gc,heap        ] GC(1304) Survivor regions: 54->54(96)
[8266.279s][info][gc,heap        ] GC(1304) Old regions: 260->263
[8266.279s][info][gc,heap        ] GC(1304) Humongous regions: 33->33
[8266.279s][info][gc,metaspace   ] GC(1304) Metaspace: 30033K(30528K)->30033K(30528K) NonClass: 24638K(24896K)->24638K(24896K) Class: 5394K(5632K)->5394K(5632K)
[8266.279s][info][gc             ] GC(1304) Pause Young (Normal) (G1 Evacuation Pause) 8458M->2763M(10240M) 169.303ms
[8266.279s][info][gc,cpu         ] GC(1304) User=1.33s Sys=0.00s Real=0.17s
.. (rIR:aIR:PR = 13422:13415:12845) (tPR = 192321) [PR is under limit] 
  8267s: Performance info:
         Transaction,    Success,    Partial,     Failed,   Receipts, AvgBarcode, 
             Overall,     258068,          0,          0,     245043,      59.48, 
         Response times:
             Request,    Success,    Partial,     Failed,   SkipFail,     Probes,    Samples,      min,      p50,      p90,      p95,      p99,      max, 
       TotalPurchase,     256008,          0,          0,          0,      22361,     179361,   107000,   670000,   970000,  1200000,  2000000, 14000000,
     InStorePurchase,     133310,          0,          0,          0,      11458,      94221,   107000,   680000,   980000,  1200000,  1500000, 12000000,
      OnlinePurchase,      96175,          0,          0,          0,       8199,      66326,   108000,   660000,   950000,  1100000,  9400000, 14000000,
        InstPurchase,      26523,          0,          0,          0,       2704,      18814,   109000,   690000,   970000,  1200000,  1700000, 12000000,
          AssocOfCat,        265,          0,          0,          0,         98,        404,   311000,   700000,  1100000,  1275000,  1300000,  1400000,
      AssocOfProduct,       2652,          0,          0,          0,        709,       2207,   259000,   800000,  1200000,  1300000,  1500000, 15000000,
      BusinessReport,        671,          0,          0,          0,        264,        962,   401000,   820000,  1200000,  1400000,  3337000, 20000000,
          CustBuyBeh,       2759,          0,          0,          0,        686,       2148,   261000,   790000,  1200000,  1400000,  1600000,  2800000,
       ProductReturn,       7167,          0,          0,          0,        711,       5122,   118000,   660000,  1100000,  1900000,  5100000,  6700000,

  8267s: 
  8267s: Failing in a row, point 3 of 3
  8267s: (98%)   IR =  13560 ..[8269.827s][info][gc,start       ] GC(1305) Pause Young (Concurrent Start) (G1 Evacuation Pause)
[8269.827s][info][gc,task        ] GC(1305) Using 8 workers of 8 for evacuation
[8270.004s][info][gc,phases      ] GC(1305)   Pre Evacuate Collection Set: 0.28ms
[8270.004s][info][gc,phases      ] GC(1305)   Merge Heap Roots: 0.56ms
[8270.004s][info][gc,phases      ] GC(1305)   Evacuate Collection Set: 175.22ms
[8270.004s][info][gc,phases      ] GC(1305)   Post Evacuate Collection Set: 1.31ms
[8270.004s][info][gc,phases      ] GC(1305)   Other: 0.08ms
[8270.004s][info][gc,heap        ] GC(1305) Eden regions: 714->0(714)
[8270.004s][info][gc,heap        ] GC(1305) Survivor regions: 54->54(96)
[8270.004s][info][gc,heap        ] GC(1305) Old regions: 263->266
[8270.004s][info][gc,heap        ] GC(1305) Humongous regions: 33->33
[8270.004s][info][gc,metaspace   ] GC(1305) Metaspace: 30033K(30528K)->30033K(30528K) NonClass: 24638K(24896K)->24638K(24896K) Class: 5394K(5632K)->5394K(5632K)
[8270.004s][info][gc             ] GC(1305) Pause Young (Concurrent Start) (G1 Evacuation Pause) 8475M->2790M(10240M) 177.582ms
[8270.005s][info][gc             ] GC(1306) Concurrent Mark Cycle
[8270.005s][info][gc,marking     ] GC(1306) Concurrent Scan Root Regions
[8270.005s][info][gc,cpu         ] GC(1305) User=1.40s Sys=0.00s Real=0.17s
[8270.290s][info][gc,marking     ] GC(1306) Concurrent Scan Root Regions 284.966ms
[8270.290s][info][gc,marking     ] GC(1306) Concurrent Mark
[8270.290s][info][gc,marking     ] GC(1306) Concurrent Mark From Roots
[8270.290s][info][gc,task        ] GC(1306) Using 2 workers of 2 for marking
.[8271.411s][info][gc,marking     ] GC(1306) Concurrent Mark From Roots 1121.427ms
[8271.411s][info][gc,marking     ] GC(1306) Concurrent Preclean
[8271.411s][info][gc,marking     ] GC(1306) Concurrent Preclean 0.211ms
[8271.411s][info][gc,start       ] GC(1306) Pause Remark
[8271.413s][info][gc             ] GC(1306) Pause Remark 4362M->4050M(10240M) 1.278ms
[8271.413s][info][gc,cpu         ] GC(1306) User=0.00s Sys=0.00s Real=0.00s
[8271.413s][info][gc,marking     ] GC(1306) Concurrent Mark 1123.241ms
[8271.413s][info][gc,marking     ] GC(1306) Concurrent Rebuild Remembered Sets and Scrub Regions
.[8272.029s][info][gc,marking     ] GC(1306) Concurrent Rebuild Remembered Sets and Scrub Regions 616.370ms
[8272.029s][info][gc,start       ] GC(1306) Pause Cleanup
[8272.030s][info][gc             ] GC(1306) Pause Cleanup 4852M->4852M(10240M) 0.283ms
[8272.030s][info][gc,cpu         ] GC(1306) User=0.00s Sys=0.00s Real=0.00s
[8272.030s][info][gc,marking     ] GC(1306) Concurrent Clear Claimed Marks
[8272.030s][info][gc,marking     ] GC(1306) Concurrent Clear Claimed Marks 0.040ms
[8272.030s][info][gc,marking     ] GC(1306) Concurrent Cleanup for Next Mark
[8272.044s][info][gc,marking     ] GC(1306) Concurrent Cleanup for Next Mark 13.801ms
[8272.044s][info][gc             ] GC(1306) Concurrent Mark Cycle 2039.101ms
..[8274.223s][info][gc,start       ] GC(1307) Pause Young (Prepare Mixed) (G1 Evacuation Pause)
[8274.223s][info][gc,task        ] GC(1307) Using 8 workers of 8 for evacuation
[8274.397s][info][gc,phases      ] GC(1307)   Pre Evacuate Collection Set: 0.26ms
[8274.397s][info][gc,phases      ] GC(1307)   Merge Heap Roots: 0.73ms
[8274.397s][info][gc,phases      ] GC(1307)   Evacuate Collection Set: 171.79ms
[8274.397s][info][gc,phases      ] GC(1307)   Post Evacuate Collection Set: 1.37ms
[8274.397s][info][gc,phases      ] GC(1307)   Other: 0.07ms
[8274.397s][info][gc,heap        ] GC(1307) Eden regions: 714->0(692)
[8274.397s][info][gc,heap        ] GC(1307) Survivor regions: 54->54(96)
[8274.397s][info][gc,heap        ] GC(1307) Old regions: 227->230
[8274.397s][info][gc,heap        ] GC(1307) Humongous regions: 33->33
[8274.397s][info][gc,metaspace   ] GC(1307) Metaspace: 30033K(30528K)->30033K(30528K) NonClass: 24638K(24896K)->24638K(24896K) Class: 5394K(5632K)->5394K(5632K)
[8274.397s][info][gc             ] GC(1307) Pause Young (Prepare Mixed) (G1 Evacuation Pause) 8190M->2501M(10240M) 174.360ms
[8274.398s][info][gc,cpu         ] GC(1307) User=1.37s Sys=0.00s Real=0.18s
....[8277.997s][info][gc,start       ] GC(1308) Pause Young (Mixed) (G1 Evacuation Pause)
[8277.997s][info][gc,task        ] GC(1308) Using 8 workers of 8 for evacuation
[8278.172s][info][gc,phases      ] GC(1308)   Pre Evacuate Collection Set: 0.27ms
[8278.172s][info][gc,phases      ] GC(1308)   Merge Heap Roots: 0.55ms
[8278.172s][info][gc,phases      ] GC(1308)   Evacuate Collection Set: 173.11ms
[8278.172s][info][gc,phases      ] GC(1308)   Post Evacuate Collection Set: 1.36ms
[8278.172s][info][gc,phases      ] GC(1308)   Other: 0.07ms
[8278.172s][info][gc,heap        ] GC(1308) Eden regions: 702->0(695)
[8278.172s][info][gc,heap        ] GC(1308) Survivor regions: 54->54(95)
[8278.172s][info][gc,heap        ] GC(1308) Old regions: 230->220
[8278.172s][info][gc,heap        ] GC(1308) Humongous regions: 33->33
[8278.172s][info][gc,metaspace   ] GC(1308) Metaspace: 30033K(30528K)->30033K(30528K) NonClass: 24638K(24896K)->24638K(24896K) Class: 5394K(5632K)->5394K(5632K)
[8278.173s][info][gc             ] GC(1308) Pause Young (Mixed) (G1 Evacuation Pause) 8117M->2420M(10240M) 175.487ms
[8278.173s][info][gc,cpu         ] GC(1308) User=1.38s Sys=0.00s Real=0.17s
...[8281.620s][info][gc,start       ] GC(1309) Pause Young (Mixed) (G1 Evacuation Pause)
[8281.620s][info][gc,task        ] GC(1309) Using 8 workers of 8 for evacuation
[8281.799s][info][gc,phases      ] GC(1309)   Pre Evacuate Collection Set: 0.25ms
[8281.799s][info][gc,phases      ] GC(1309)   Merge Heap Roots: 0.54ms
[8281.799s][info][gc,phases      ] GC(1309)   Evacuate Collection Set: 176.92ms
[8281.799s][info][gc,phases      ] GC(1309)   Post Evacuate Collection Set: 1.30ms
[8281.799s][info][gc,phases      ] GC(1309)   Other: 0.07ms
[8281.799s][info][gc,heap        ] GC(1309) Eden regions: 703->0(687)
[8281.799s][info][gc,heap        ] GC(1309) Survivor regions: 54->54(95)
[8281.799s][info][gc,heap        ] GC(1309) Old regions: 220->210
[8281.799s][info][gc,heap        ] GC(1309) Humongous regions: 33->33
[8281.799s][info][gc,metaspace   ] GC(1309) Metaspace: 30033K(30528K)->30033K(30528K) NonClass: 24638K(24896K)->24638K(24896K) Class: 5394K(5632K)->5394K(5632K)
[8281.799s][info][gc             ] GC(1309) Pause Young (Mixed) (G1 Evacuation Pause) 8044M->2341M(10240M) 179.211ms
[8281.799s][info][gc,cpu         ] GC(1309) User=1.41s Sys=0.00s Real=0.18s
....[8285.244s][info][gc,start       ] GC(1310) Pause Young (Mixed) (G1 Evacuation Pause)
[8285.244s][info][gc,task        ] GC(1310) Using 8 workers of 8 for evacuation
[8285.415s][info][gc,phases      ] GC(1310)   Pre Evacuate Collection Set: 0.26ms
[8285.415s][info][gc,phases      ] GC(1310)   Merge Heap Roots: 0.55ms
[8285.415s][info][gc,phases      ] GC(1310)   Evacuate Collection Set: 168.28ms
[8285.415s][info][gc,phases      ] GC(1310)   Post Evacuate Collection Set: 1.29ms
[8285.415s][info][gc,phases      ] GC(1310)   Other: 0.07ms
[8285.415s][info][gc,heap        ] GC(1310) Eden regions: 694->0(720)
[8285.415s][info][gc,heap        ] GC(1310) Survivor regions: 54->48(94)
[8285.415s][info][gc,heap        ] GC(1310) Old regions: 210->205
[8285.415s][info][gc,heap        ] GC(1310) Humongous regions: 33->33
[8285.415s][info][gc,metaspace   ] GC(1310) Metaspace: 30033K(30528K)->30033K(30528K) NonClass: 24638K(24896K)->24638K(24896K) Class: 5394K(5632K)->5394K(5632K)
[8285.415s][info][gc             ] GC(1310) Pause Young (Mixed) (G1 Evacuation Pause) 7893M->2256M(10240M) 170.582ms
[8285.415s][info][gc,cpu         ] GC(1310) User=1.35s Sys=0.00s Real=0.17s
....[8289.112s][info][gc,start       ] GC(1311) Pause Young (Mixed) (G1 Evacuation Pause)
[8289.112s][info][gc,task        ] GC(1311) Using 8 workers of 8 for evacuation
[8289.280s][info][gc,phases      ] GC(1311)   Pre Evacuate Collection Set: 0.28ms
[8289.280s][info][gc,phases      ] GC(1311)   Merge Heap Roots: 0.63ms
[8289.280s][info][gc,phases      ] GC(1311)   Evacuate Collection Set: 165.63ms
[8289.280s][info][gc,phases      ] GC(1311)   Post Evacuate Collection Set: 1.28ms
[8289.280s][info][gc,phases      ] GC(1311)   Other: 0.07ms
[8289.280s][info][gc,heap        ] GC(1311) Eden regions: 720->0(713)
[8289.280s][info][gc,heap        ] GC(1311) Survivor regions: 48->55(96)
[8289.280s][info][gc,heap        ] GC(1311) Old regions: 205->143
[8289.280s][info][gc,heap        ] GC(1311) Humongous regions: 33->33
[8289.280s][info][gc,metaspace   ] GC(1311) Metaspace: 30033K(30528K)->30033K(30528K) NonClass: 24638K(24896K)->24638K(24896K) Class: 5394K(5632K)->5394K(5632K)
[8289.280s][info][gc             ] GC(1311) Pause Young (Mixed) (G1 Evacuation Pause) 8016M->1809M(10240M) 168.018ms
[8289.280s][info][gc,cpu         ] GC(1311) User=1.33s Sys=0.00s Real=0.17s
...[8292.750s][info][gc,start       ] GC(1312) Pause Young (Normal) (G1 Evacuation Pause)
[8292.750s][info][gc,task        ] GC(1312) Using 8 workers of 8 for evacuation
[8292.928s][info][gc,phases      ] GC(1312)   Pre Evacuate Collection Set: 0.24ms
[8292.928s][info][gc,phases      ] GC(1312)   Merge Heap Roots: 0.51ms
[8292.928s][info][gc,phases      ] GC(1312)   Evacuate Collection Set: 175.77ms
[8292.928s][info][gc,phases      ] GC(1312)   Post Evacuate Collection Set: 1.23ms
[8292.928s][info][gc,phases      ] GC(1312)   Other: 0.07ms
[8292.928s][info][gc,heap        ] GC(1312) Eden regions: 713->0(691)
[8292.928s][info][gc,heap        ] GC(1312) Survivor regions: 55->56(96)
[8292.928s][info][gc,heap        ] GC(1312) Old regions: 143->146
[8292.928s][info][gc,heap        ] GC(1312) Humongous regions: 33->33
[8292.928s][info][gc,metaspace   ] GC(1312) Metaspace: 30033K(30528K)->30033K(30528K) NonClass: 24638K(24896K)->24638K(24896K) Class: 5394K(5632K)->5394K(5632K)
[8292.928s][info][gc             ] GC(1312) Pause Young (Normal) (G1 Evacuation Pause) 7513M->1840M(10240M) 177.978ms
[8292.928s][info][gc,cpu         ] GC(1312) User=1.40s Sys=0.00s Real=0.18s
....[8296.272s][info][gc,start       ] GC(1313) Pause Young (Normal) (G1 Evacuation Pause)
[8296.273s][info][gc,task        ] GC(1313) Using 8 workers of 8 for evacuation
[8296.449s][info][gc,phases      ] GC(1313)   Pre Evacuate Collection Set: 0.26ms
[8296.449s][info][gc,phases      ] GC(1313)   Merge Heap Roots: 0.50ms
[8296.449s][info][gc,phases      ] GC(1313)   Evacuate Collection Set: 174.39ms
[8296.449s][info][gc,phases      ] GC(1313)   Post Evacuate Collection Set: 1.22ms
[8296.449s][info][gc,phases      ] GC(1313)   Other: 0.06ms
[8296.449s][info][gc,heap        ] GC(1313) Eden regions: 695->0(718)
[8296.449s][info][gc,heap        ] GC(1313) Survivor regions: 56->50(94)
[8296.449s][info][gc,heap        ] GC(1313) Old regions: 146->154
[8296.449s][info][gc,heap        ] GC(1313) Humongous regions: 33->33
[8296.449s][info][gc,metaspace   ] GC(1313) Metaspace: 30033K(30528K)->30033K(30528K) NonClass: 24638K(24896K)->24638K(24896K) Class: 5394K(5632K)->5394K(5632K)
[8296.449s][info][gc             ] GC(1313) Pause Young (Normal) (G1 Evacuation Pause) 7400M->1859M(10240M) 176.560ms
[8296.449s][info][gc,cpu         ] GC(1313) User=1.39s Sys=0.00s Real=0.18s
.. (rIR:aIR:PR = 13560:13292:13150) (tPR = 194069) [IR is under limit] [PR is under limit] 
  8297s: Performance info:
         Transaction,    Success,    Partial,     Failed,   Receipts, AvgBarcode, 
             Overall,     266212,          0,          0,     253159,      59.48, 
         Response times:
             Request,    Success,    Partial,     Failed,   SkipFail,     Probes,    Samples,      min,      p50,      p90,      p95,      p99,      max, 
       TotalPurchase,     255693,          0,          0,          0,      22217,     179813,    21000,   538000,  1200000,  1300000,  1600000, 60000000,
     InStorePurchase,     135540,          0,          0,          0,      11768,      94323,    21000,   535000,  1200000,  1300000,  1700000, 60000000,
      OnlinePurchase,      92401,          0,          0,          0,       8045,      66163,    21000,   547000,  1200000,  1300000,  1500000, 60000000,
        InstPurchase,      27752,          0,          0,          0,       2404,      19327,    26000,   532000,   950000,  1200000,  1500000, 16000000,
          AssocOfCat,        270,          0,          0,          0,        130,        394,   118000,   577500,   795000,  1325000,  6110000,  6400000,
      AssocOfProduct,       2668,          0,          0,          0,        456,       2215,    44000,   640000,  2200000,  2200000,  2200000, 60000000,
      BusinessReport,        662,          0,          0,          0,        157,        988,    92000,   685000,  1200000,  2000000,  2000000, 16000000,
          CustBuyBeh,       2658,          0,          0,          0,        504,       2236,    48000,   630000,  2200000,  2200000,  2200000, 16000000,
       ProductReturn,       7130,          0,          0,          0,        787,       5231,    28000,   660000,  2000000,  2000000,  2900000, 19000000,

  8297s: Ending RT curve measurement because max-jOPS reached (too many failed points in a row)
  8297s: max-jOPS is presumably 13007
  8297s: 
  8297s: Settling (term) [8298.100s][info][gc,start       ] GC(1314) Pause Full (System.gc())
[8298.100s][info][gc,task        ] GC(1314) Using 8 workers of 8 for full compaction
[8298.101s][info][gc,phases,start] GC(1314) Phase 1: Mark live objects
[8298.117s][info][gc,phases      ] GC(1314) Phase 1: Mark live objects 16.715ms
[8298.117s][info][gc,phases,start] GC(1314) Phase 2: Prepare compaction
[8298.123s][info][gc,phases      ] GC(1314) Phase 2: Prepare compaction 5.594ms
[8298.123s][info][gc,phases,start] GC(1314) Phase 3: Adjust pointers
[8298.134s][info][gc,phases      ] GC(1314) Phase 3: Adjust pointers 11.132ms
[8298.134s][info][gc,phases,start] GC(1314) Phase 4: Compact heap
[8298.140s][info][gc,phases      ] GC(1314) Phase 4: Compact heap 5.861ms
[8298.140s][info][gc,phases,start] GC(1314) Phase 5: Reset Metadata
[8298.144s][info][gc,phases      ] GC(1314) Phase 5: Reset Metadata 3.904ms
[8298.154s][info][gc,heap        ] GC(1314) Eden regions: 347->0(768)
[8298.154s][info][gc,heap        ] GC(1314) Survivor regions: 50->0(94)
[8298.154s][info][gc,heap        ] GC(1314) Old regions: 154->13
[8298.154s][info][gc,heap        ] GC(1314) Humongous regions: 33->33
[8298.154s][info][gc,metaspace   ] GC(1314) Metaspace: 30035K(30528K)->30035K(30528K) NonClass: 24641K(24896K)->24641K(24896K) Class: 5394K(5632K)->5394K(5632K)
[8298.154s][info][gc             ] GC(1314) Pause Full (System.gc()) 4627M->332M(10240M) 53.669ms
[8298.154s][info][gc,cpu         ] GC(1314) User=0.36s Sys=0.00s Real=0.05s
(init) ... OK
  8303s: 
  8303s: Running for validation
  8303s: (load =  0%) ...|.......... (rIR:aIR:PR = 0:0:0) (tPR = 0) [OK] 
  8316s: (load = 10%) ....|.......... (rIR:aIR:PR = 1301:1301:1301) (tPR = 19374) [OK] 
  8330s: (load = 20%) [8331.189s][info][gc,start       ] GC(1315) Pause Young (Normal) (G1 Evacuation Pause)
[8331.189s][info][gc,task        ] GC(1315) Using 8 workers of 8 for evacuation
[8331.929s][info][gc,mmu         ] GC(1315) MMU target violated: 201.0ms (200.0ms/201.0ms)
[8331.929s][info][gc,phases      ] GC(1315)   Pre Evacuate Collection Set: 0.28ms
[8331.929s][info][gc,phases      ] GC(1315)   Merge Heap Roots: 0.94ms
[8331.929s][info][gc,phases      ] GC(1315)   Evacuate Collection Set: 736.85ms
[8331.929s][info][gc,phases      ] GC(1315)   Post Evacuate Collection Set: 1.61ms
[8331.929s][info][gc,phases      ] GC(1315)   Other: 0.12ms
[8331.929s][info][gc,heap        ] GC(1315) Eden regions: 768->0(353)
[8331.929s][info][gc,heap        ] GC(1315) Survivor regions: 0->96(96)
[8331.929s][info][gc,heap        ] GC(1315) Old regions: 13->67
[8331.929s][info][gc,heap        ] GC(1315) Humongous regions: 86->81
[8331.929s][info][gc,metaspace   ] GC(1315) Metaspace: 30039K(30528K)->30039K(30528K) NonClass: 24644K(24896K)->24644K(24896K) Class: 5394K(5632K)->5394K(5632K)
[8331.929s][info][gc             ] GC(1315) Pause Young (Normal) (G1 Evacuation Pause) 6900M->1916M(10240M) 739.922ms
[8331.929s][info][gc,cpu         ] GC(1315) User=5.83s Sys=0.00s Real=0.74s
.........[8340.265s][info][gc,start       ] GC(1316) Pause Young (Normal) (G1 Evacuation Pause)
[8340.265s][info][gc,task        ] GC(1316) Using 8 workers of 8 for evacuation
[8340.679s][info][gc,mmu         ] GC(1316) MMU target violated: 201.0ms (200.0ms/201.0ms)
[8340.679s][info][gc,phases      ] GC(1316)   Pre Evacuate Collection Set: 0.25ms
[8340.679s][info][gc,phases      ] GC(1316)   Merge Heap Roots: 0.72ms
[8340.679s][info][gc,phases      ] GC(1316)   Evacuate Collection Set: 411.99ms
[8340.679s][info][gc,phases      ] GC(1316)   Post Evacuate Collection Set: 0.74ms
[8340.679s][info][gc,phases      ] GC(1316)   Other: 0.10ms
[8340.679s][info][gc,heap        ] GC(1316) Eden regions: 352->0(264)
[8340.679s][info][gc,heap        ] GC(1316) Survivor regions: 96->22(56)
[8340.679s][info][gc,heap        ] GC(1316) Old regions: 67->162
[8340.679s][info][gc,heap        ] GC(1316) Humongous regions: 81->81
[8340.679s][info][gc,metaspace   ] GC(1316) Metaspace: 30039K(30528K)->30039K(30528K) NonClass: 24644K(24896K)->24644K(24896K) Class: 5394K(5632K)->5394K(5632K)
[8340.679s][info][gc             ] GC(1316) Pause Young (Normal) (G1 Evacuation Pause) 4732M->2076M(10240M) 413.899ms
[8340.679s][info][gc,cpu         ] GC(1316) User=3.26s Sys=0.00s Real=0.42s
.....|...[8348.435s][info][gc,start       ] GC(1317) Pause Young (Normal) (G1 Evacuation Pause)
[8348.435s][info][gc,task        ] GC(1317) Using 8 workers of 8 for evacuation
[8348.535s][info][gc,phases      ] GC(1317)   Pre Evacuate Collection Set: 0.25ms
[8348.535s][info][gc,phases      ] GC(1317)   Merge Heap Roots: 0.43ms
[8348.535s][info][gc,phases      ] GC(1317)   Evacuate Collection Set: 98.25ms
[8348.535s][info][gc,phases      ] GC(1317)   Post Evacuate Collection Set: 0.72ms
[8348.535s][info][gc,phases      ] GC(1317)   Other: 0.07ms
[8348.535s][info][gc,heap        ] GC(1317) Eden regions: 319->0(182)
[8348.535s][info][gc,heap        ] GC(1317) Survivor regions: 22->33(43)
[8348.535s][info][gc,heap        ] GC(1317) Old regions: 162->162
[8348.535s][info][gc,heap        ] GC(1317) Humongous regions: 81->81
[8348.535s][info][gc,metaspace   ] GC(1317) Metaspace: 30039K(30528K)->30039K(30528K) NonClass: 24644K(24896K)->24644K(24896K) Class: 5394K(5632K)->5394K(5632K)
[8348.535s][info][gc             ] GC(1317) Pause Young (Normal) (G1 Evacuation Pause) 4628M->2168M(10240M) 99.846ms
[8348.535s][info][gc,cpu         ] GC(1317) User=0.78s Sys=0.00s Real=0.10s
....... (rIR:aIR:PR = 2601:2605:2605) (tPR = 39565) [OK] 
  8354s: (load = 30%) [8355.187s][info][gc,start       ] GC(1318) Pause Young (Normal) (G1 Evacuation Pause)
[8355.187s][info][gc,task        ] GC(1318) Using 8 workers of 8 for evacuation
[8355.307s][info][gc,phases      ] GC(1318)   Pre Evacuate Collection Set: 0.27ms
[8355.307s][info][gc,phases      ] GC(1318)   Merge Heap Roots: 0.37ms
[8355.307s][info][gc,phases      ] GC(1318)   Evacuate Collection Set: 119.44ms
[8355.307s][info][gc,phases      ] GC(1318)   Post Evacuate Collection Set: 0.66ms
[8355.307s][info][gc,phases      ] GC(1318)   Other: 0.06ms
[8355.307s][info][gc,heap        ] GC(1318) Eden regions: 267->0(295)
[8355.307s][info][gc,heap        ] GC(1318) Survivor regions: 33->32(38)
[8355.307s][info][gc,heap        ] GC(1318) Old regions: 162->173
[8355.307s][info][gc,heap        ] GC(1318) Humongous regions: 81->81
[8355.307s][info][gc,metaspace   ] GC(1318) Metaspace: 30039K(30528K)->30039K(30528K) NonClass: 24645K(24896K)->24645K(24896K) Class: 5394K(5632K)->5394K(5632K)
[8355.307s][info][gc             ] GC(1318) Pause Young (Normal) (G1 Evacuation Pause) 4304M->2248M(10240M) 120.928ms
[8355.307s][info][gc,cpu         ] GC(1318) User=0.95s Sys=0.01s Real=0.12s
....|.[8360.874s][info][gc,start       ] GC(1319) Pause Young (Normal) (G1 Evacuation Pause)
[8360.874s][info][gc,task        ] GC(1319) Using 8 workers of 8 for evacuation
[8360.990s][info][gc,phases      ] GC(1319)   Pre Evacuate Collection Set: 0.28ms
[8360.990s][info][gc,phases      ] GC(1319)   Merge Heap Roots: 0.38ms
[8360.990s][info][gc,phases      ] GC(1319)   Evacuate Collection Set: 113.78ms
[8360.990s][info][gc,phases      ] GC(1319)   Post Evacuate Collection Set: 0.74ms
[8360.990s][info][gc,phases      ] GC(1319)   Other: 0.07ms
[8360.990s][info][gc,heap        ] GC(1319) Eden regions: 319->0(341)
[8360.990s][info][gc,heap        ] GC(1319) Survivor regions: 32->31(44)
[8360.990s][info][gc,heap        ] GC(1319) Old regions: 173->183
[8360.990s][info][gc,heap        ] GC(1319) Humongous regions: 81->81
[8360.990s][info][gc,metaspace   ] GC(1319) Metaspace: 30039K(30528K)->30039K(30528K) NonClass: 24645K(24896K)->24645K(24896K) Class: 5394K(5632K)->5394K(5632K)
[8360.990s][info][gc             ] GC(1319) Pause Young (Normal) (G1 Evacuation Pause) 4800M->2316M(10240M) 115.378ms
[8360.990s][info][gc,cpu         ] GC(1319) User=0.90s Sys=0.00s Real=0.12s
......[8366.959s][info][gc,start       ] GC(1320) Pause Young (Normal) (G1 Evacuation Pause)
[8366.959s][info][gc,task        ] GC(1320) Using 8 workers of 8 for evacuation
[8367.075s][info][gc,phases      ] GC(1320)   Pre Evacuate Collection Set: 0.27ms
[8367.075s][info][gc,phases      ] GC(1320)   Merge Heap Roots: 0.38ms
[8367.075s][info][gc,phases      ] GC(1320)   Evacuate Collection Set: 113.89ms
[8367.075s][info][gc,phases      ] GC(1320)   Post Evacuate Collection Set: 0.76ms
[8367.075s][info][gc,phases      ] GC(1320)   Other: 0.06ms
[8367.075s][info][gc,heap        ] GC(1320) Eden regions: 358->0(418)
[8367.075s][info][gc,heap        ] GC(1320) Survivor regions: 31->33(49)
[8367.075s][info][gc,heap        ] GC(1320) Old regions: 183->190
[8367.075s][info][gc,heap        ] GC(1320) Humongous regions: 81->81
[8367.075s][info][gc,metaspace   ] GC(1320) Metaspace: 30039K(30528K)->30039K(30528K) NonClass: 24645K(24896K)->24645K(24896K) Class: 5394K(5632K)->5394K(5632K)
[8367.075s][info][gc             ] GC(1320) Pause Young (Normal) (G1 Evacuation Pause) 5180M->2392M(10240M) 115.495ms
[8367.075s][info][gc,cpu         ] GC(1320) User=0.91s Sys=0.00s Real=0.11s
... (rIR:aIR:PR = 3902:3912:3912) (tPR = 58482) [OK] 
  8368s: (load = 40%) ....|[8373.425s][info][gc,start       ] GC(1321) Pause Young (Normal) (G1 Evacuation Pause)
[8373.425s][info][gc,task        ] GC(1321) Using 8 workers of 8 for evacuation
[8373.556s][info][gc,phases      ] GC(1321)   Pre Evacuate Collection Set: 0.27ms
[8373.556s][info][gc,phases      ] GC(1321)   Merge Heap Roots: 0.40ms
[8373.556s][info][gc,phases      ] GC(1321)   Evacuate Collection Set: 128.86ms
[8373.556s][info][gc,phases      ] GC(1321)   Post Evacuate Collection Set: 0.89ms
[8373.556s][info][gc,phases      ] GC(1321)   Other: 0.06ms
[8373.556s][info][gc,heap        ] GC(1321) Eden regions: 447->0(443)
[8373.556s][info][gc,heap        ] GC(1321) Survivor regions: 33->37(60)
[8373.556s][info][gc,heap        ] GC(1321) Old regions: 190->198
[8373.556s][info][gc,heap        ] GC(1321) Humongous regions: 81->81
[8373.556s][info][gc,metaspace   ] GC(1321) Metaspace: 30039K(30528K)->30039K(30528K) NonClass: 24645K(24896K)->24645K(24896K) Class: 5394K(5632K)->5394K(5632K)
[8373.556s][info][gc             ] GC(1321) Pause Young (Normal) (G1 Evacuation Pause) 5968M->2483M(10240M) 130.605ms
[8373.556s][info][gc,cpu         ] GC(1321) User=1.03s Sys=0.00s Real=0.14s
......[8379.355s][info][gc,start       ] GC(1322) Pause Young (Normal) (G1 Evacuation Pause)
[8379.355s][info][gc,task        ] GC(1322) Using 8 workers of 8 for evacuation
[8379.488s][info][gc,phases      ] GC(1322)   Pre Evacuate Collection Set: 0.26ms
[8379.488s][info][gc,phases      ] GC(1322)   Merge Heap Roots: 0.49ms
[8379.488s][info][gc,phases      ] GC(1322)   Evacuate Collection Set: 131.09ms
[8379.488s][info][gc,phases      ] GC(1322)   Post Evacuate Collection Set: 1.20ms
[8379.488s][info][gc,phases      ] GC(1322)   Other: 0.06ms
[8379.488s][info][gc,heap        ] GC(1322) Eden regions: 455->0(487)
[8379.488s][info][gc,heap        ] GC(1322) Survivor regions: 37->39(62)
[8379.488s][info][gc,heap        ] GC(1322) Old regions: 198->204
[8379.488s][info][gc,heap        ] GC(1322) Humongous regions: 81->81
[8379.488s][info][gc,metaspace   ] GC(1322) Metaspace: 30039K(30528K)->30039K(30528K) NonClass: 24645K(24896K)->24645K(24896K) Class: 5394K(5632K)->5394K(5632K)
[8379.488s][info][gc             ] GC(1322) Pause Young (Normal) (G1 Evacuation Pause) 6123M->2552M(10240M) 133.243ms
[8379.488s][info][gc,cpu         ] GC(1322) User=1.04s Sys=0.00s Real=0.14s
.... (rIR:aIR:PR = 5203:5212:5212) (tPR = 76998) [OK] 
  8382s: (load = 50%) ..[8385.415s][info][gc,start       ] GC(1323) Pause Young (Normal) (G1 Evacuation Pause)
[8385.415s][info][gc,task        ] GC(1323) Using 8 workers of 8 for evacuation
[8385.556s][info][gc,phases      ] GC(1323)   Pre Evacuate Collection Set: 0.25ms
[8385.556s][info][gc,phases      ] GC(1323)   Merge Heap Roots: 0.44ms
[8385.556s][info][gc,phases      ] GC(1323)   Evacuate Collection Set: 139.06ms
[8385.556s][info][gc,phases      ] GC(1323)   Post Evacuate Collection Set: 0.96ms
[8385.556s][info][gc,phases      ] GC(1323)   Other: 0.07ms
[8385.556s][info][gc,heap        ] GC(1323) Eden regions: 496->0(544)
[8385.556s][info][gc,heap        ] GC(1323) Survivor regions: 39->40(67)
[8385.556s][info][gc,heap        ] GC(1323) Old regions: 204->212
[8385.556s][info][gc,heap        ] GC(1323) Humongous regions: 81->81
[8385.556s][info][gc,metaspace   ] GC(1323) Metaspace: 30039K(30528K)->30039K(30528K) NonClass: 24645K(24896K)->24645K(24896K) Class: 5394K(5632K)->5394K(5632K)
[8385.556s][info][gc             ] GC(1323) Pause Young (Normal) (G1 Evacuation Pause) 6520M->2622M(10240M) 140.914ms
[8385.556s][info][gc,cpu         ] GC(1323) User=1.11s Sys=0.00s Real=0.15s
..|....[8391.132s][info][gc,start       ] GC(1324) Pause Young (Normal) (G1 Evacuation Pause)
[8391.132s][info][gc,task        ] GC(1324) Using 8 workers of 8 for evacuation
[8391.275s][info][gc,phases      ] GC(1324)   Pre Evacuate Collection Set: 0.29ms
[8391.275s][info][gc,phases      ] GC(1324)   Merge Heap Roots: 0.51ms
[8391.275s][info][gc,phases      ] GC(1324)   Evacuate Collection Set: 140.74ms
[8391.275s][info][gc,phases      ] GC(1324)   Post Evacuate Collection Set: 1.00ms
[8391.275s][info][gc,phases      ] GC(1324)   Other: 0.08ms
[8391.275s][info][gc,heap        ] GC(1324) Eden regions: 549->0(602)
[8391.275s][info][gc,heap        ] GC(1324) Survivor regions: 40->41(74)
[8391.275s][info][gc,heap        ] GC(1324) Old regions: 212->219
[8391.275s][info][gc,heap        ] GC(1324) Humongous regions: 81->81
[8391.275s][info][gc,metaspace   ] GC(1324) Metaspace: 30039K(30528K)->30039K(30528K) NonClass: 24645K(24896K)->24645K(24896K) Class: 5394K(5632K)->5394K(5632K)
[8391.275s][info][gc             ] GC(1324) Pause Young (Normal) (G1 Evacuation Pause) 7014M->2685M(10240M) 142.750ms
[8391.275s][info][gc,cpu         ] GC(1324) User=1.12s Sys=0.00s Real=0.14s
...... (rIR:aIR:PR = 6504:6519:6519) (tPR = 96198) [OK] 
  8396s: (load = 60%) [8397.345s][info][gc,start       ] GC(1325) Pause Young (Normal) (G1 Evacuation Pause)
[8397.345s][info][gc,task        ] GC(1325) Using 8 workers of 8 for evacuation
[8397.498s][info][gc,phases      ] GC(1325)   Pre Evacuate Collection Set: 0.28ms
[8397.498s][info][gc,phases      ] GC(1325)   Merge Heap Roots: 0.55ms
[8397.498s][info][gc,phases      ] GC(1325)   Evacuate Collection Set: 150.80ms
[8397.498s][info][gc,phases      ] GC(1325)   Post Evacuate Collection Set: 1.14ms
[8397.498s][info][gc,phases      ] GC(1325)   Other: 0.06ms
[8397.498s][info][gc,heap        ] GC(1325) Eden regions: 602->0(488)
[8397.498s][info][gc,heap        ] GC(1325) Survivor regions: 41->51(81)
[8397.498s][info][gc,heap        ] GC(1325) Old regions: 219->219
[8397.498s][info][gc,heap        ] GC(1325) Humongous regions: 81->81
[8397.498s][info][gc,metaspace   ] GC(1325) Metaspace: 30039K(30528K)->30039K(30528K) NonClass: 24645K(24896K)->24645K(24896K) Class: 5394K(5632K)->5394K(5632K)
[8397.498s][info][gc             ] GC(1325) Pause Young (Normal) (G1 Evacuation Pause) 7501M->2765M(10240M) 152.965ms
[8397.498s][info][gc,cpu         ] GC(1325) User=1.20s Sys=0.00s Real=0.16s
....|[8401.620s][info][gc,start       ] GC(1326) Pause Young (Normal) (G1 Evacuation Pause)
[8401.620s][info][gc,task        ] GC(1326) Using 8 workers of 8 for evacuation
[8401.776s][info][gc,phases      ] GC(1326)   Pre Evacuate Collection Set: 0.25ms
[8401.776s][info][gc,phases      ] GC(1326)   Merge Heap Roots: 0.44ms
[8401.776s][info][gc,phases      ] GC(1326)   Evacuate Collection Set: 154.10ms
[8401.776s][info][gc,phases      ] GC(1326)   Post Evacuate Collection Set: 0.95ms
[8401.776s][info][gc,phases      ] GC(1326)   Other: 0.06ms
[8401.776s][info][gc,heap        ] GC(1326) Eden regions: 485->0(641)
[8401.776s][info][gc,heap        ] GC(1326) Survivor regions: 51->43(67)
[8401.776s][info][gc,heap        ] GC(1326) Old regions: 219->229
[8401.776s][info][gc,heap        ] GC(1326) Humongous regions: 81->81
[8401.776s][info][gc,metaspace   ] GC(1326) Metaspace: 30039K(30528K)->30039K(30528K) NonClass: 24645K(24896K)->24645K(24896K) Class: 5394K(5632K)->5394K(5632K)
[8401.776s][info][gc             ] GC(1326) Pause Young (Normal) (G1 Evacuation Pause) 6645M->2783M(10240M) 155.936ms
[8401.776s][info][gc,cpu         ] GC(1326) User=1.23s Sys=0.00s Real=0.16s
......[8407.147s][info][gc,start       ] GC(1327) Pause Young (Normal) (G1 Evacuation Pause)
[8407.147s][info][gc,task        ] GC(1327) Using 8 workers of 8 for evacuation
[8407.302s][info][gc,phases      ] GC(1327)   Pre Evacuate Collection Set: 0.26ms
[8407.302s][info][gc,phases      ] GC(1327)   Merge Heap Roots: 0.47ms
[8407.302s][info][gc,phases      ] GC(1327)   Evacuate Collection Set: 152.90ms
[8407.302s][info][gc,phases      ] GC(1327)   Post Evacuate Collection Set: 1.19ms
[8407.302s][info][gc,phases      ] GC(1327)   Other: 0.07ms
[8407.302s][info][gc,heap        ] GC(1327) Eden regions: 641->0(584)
[8407.302s][info][gc,heap        ] GC(1327) Survivor regions: 43->50(86)
[8407.302s][info][gc,heap        ] GC(1327) Old regions: 229->229
[8407.302s][info][gc,heap        ] GC(1327) Humongous regions: 81->81
[8407.302s][info][gc,metaspace   ] GC(1327) Metaspace: 30039K(30528K)->30039K(30528K) NonClass: 24645K(24896K)->24645K(24896K) Class: 5394K(5632K)->5394K(5632K)
[8407.302s][info][gc             ] GC(1327) Pause Young (Normal) (G1 Evacuation Pause) 7911M->2843M(10240M) 155.029ms
[8407.302s][info][gc,cpu         ] GC(1327) User=1.23s Sys=0.00s Real=0.15s
.... (rIR:aIR:PR = 7804:7812:7815) (tPR = 116863) [OK] 
  8410s: (load = 70%) .[8412.187s][info][gc,start       ] GC(1328) Pause Young (Normal) (G1 Evacuation Pause)
[8412.187s][info][gc,task        ] GC(1328) Using 8 workers of 8 for evacuation
[8412.347s][info][gc,phases      ] GC(1328)   Pre Evacuate Collection Set: 0.29ms
[8412.347s][info][gc,phases      ] GC(1328)   Merge Heap Roots: 0.47ms
[8412.347s][info][gc,phases      ] GC(1328)   Evacuate Collection Set: 157.85ms
[8412.347s][info][gc,phases      ] GC(1328)   Post Evacuate Collection Set: 1.09ms
[8412.347s][info][gc,phases      ] GC(1328)   Other: 0.07ms
[8412.347s][info][gc,heap        ] GC(1328) Eden regions: 578->0(724)
[8412.347s][info][gc,heap        ] GC(1328) Survivor regions: 50->44(79)
[8412.347s][info][gc,heap        ] GC(1328) Old regions: 229->239
[8412.347s][info][gc,heap        ] GC(1328) Humongous regions: 81->81
[8412.347s][info][gc,metaspace   ] GC(1328) Metaspace: 30039K(30528K)->30039K(30528K) NonClass: 24645K(24896K)->24645K(24896K) Class: 5394K(5632K)->5394K(5632K)
[8412.347s][info][gc             ] GC(1328) Pause Young (Normal) (G1 Evacuation Pause) 7467M->2873M(10240M) 159.900ms
[8412.347s][info][gc,cpu         ] GC(1328) User=1.26s Sys=0.00s Real=0.16s
...|..[8417.674s][info][gc,start       ] GC(1329) Pause Young (Normal) (G1 Evacuation Pause)
[8417.674s][info][gc,task        ] GC(1329) Using 8 workers of 8 for evacuation
[8417.833s][info][gc,phases      ] GC(1329)   Pre Evacuate Collection Set: 0.32ms
[8417.833s][info][gc,phases      ] GC(1329)   Merge Heap Roots: 0.48ms
[8417.833s][info][gc,phases      ] GC(1329)   Evacuate Collection Set: 156.46ms
[8417.833s][info][gc,phases      ] GC(1329)   Post Evacuate Collection Set: 1.33ms
[8417.833s][info][gc,phases      ] GC(1329)   Other: 0.08ms
[8417.833s][info][gc,heap        ] GC(1329) Eden regions: 724->0(650)
[8417.833s][info][gc,heap        ] GC(1329) Survivor regions: 44->52(96)
[8417.833s][info][gc,heap        ] GC(1329) Old regions: 239->239
[8417.833s][info][gc,heap        ] GC(1329) Humongous regions: 81->81
[8417.833s][info][gc,metaspace   ] GC(1329) Metaspace: 30039K(30528K)->30039K(30528K) NonClass: 24645K(24896K)->24645K(24896K) Class: 5394K(5632K)->5394K(5632K)
[8417.833s][info][gc             ] GC(1329) Pause Young (Normal) (G1 Evacuation Pause) 8665M->2933M(10240M) 158.809ms
[8417.833s][info][gc,cpu         ] GC(1329) User=1.25s Sys=0.01s Real=0.16s
.....[8422.499s][info][gc,start       ] GC(1330) Pause Young (Concurrent Start) (G1 Evacuation Pause)
[8422.499s][info][gc,task        ] GC(1330) Using 8 workers of 8 for evacuation
[8422.664s][info][gc,phases      ] GC(1330)   Pre Evacuate Collection Set: 0.32ms
[8422.664s][info][gc,phases      ] GC(1330)   Merge Heap Roots: 0.57ms
[8422.664s][info][gc,phases      ] GC(1330)   Evacuate Collection Set: 162.91ms
[8422.664s][info][gc,phases      ] GC(1330)   Post Evacuate Collection Set: 1.15ms
[8422.664s][info][gc,phases      ] GC(1330)   Other: 0.09ms
[8422.665s][info][gc,heap        ] GC(1330) Eden regions: 640->0(722)
[8422.665s][info][gc,heap        ] GC(1330) Survivor regions: 52->46(87)
[8422.665s][info][gc,heap        ] GC(1330) Old regions: 239->248
[8422.665s][info][gc,heap        ] GC(1330) Humongous regions: 81->81
[8422.665s][info][gc,metaspace   ] GC(1330) Metaspace: 30039K(30528K)->30039K(30528K) NonClass: 24645K(24896K)->24645K(24896K) Class: 5394K(5632K)->5394K(5632K)
[8422.665s][info][gc             ] GC(1330) Pause Young (Concurrent Start) (G1 Evacuation Pause) 8053M->2959M(10240M) 165.180ms
[8422.665s][info][gc             ] GC(1331) Concurrent Mark Cycle
[8422.665s][info][gc,marking     ] GC(1331) Concurrent Scan Root Regions
[8422.665s][info][gc,cpu         ] GC(1330) User=1.30s Sys=0.00s Real=0.16s
[8422.963s][info][gc,marking     ] GC(1331) Concurrent Scan Root Regions 297.969ms
[8422.963s][info][gc,marking     ] GC(1331) Concurrent Mark
[8422.963s][info][gc,marking     ] GC(1331) Concurrent Mark From Roots
[8422.963s][info][gc,task        ] GC(1331) Using 2 workers of 2 for marking
..[8424.181s][info][gc,marking     ] GC(1331) Concurrent Mark From Roots 1218.466ms
[8424.181s][info][gc,marking     ] GC(1331) Concurrent Preclean
[8424.181s][info][gc,marking     ] GC(1331) Concurrent Preclean 0.240ms
[8424.181s][info][gc,start       ] GC(1331) Pause Remark
[8424.184s][info][gc             ] GC(1331) Pause Remark 4651M->3683M(10240M) 2.334ms
[8424.184s][info][gc,cpu         ] GC(1331) User=0.01s Sys=0.01s Real=0.00s
[8424.184s][info][gc,marking     ] GC(1331) Concurrent Mark 1221.312ms
[8424.184s][info][gc,marking     ] GC(1331) Concurrent Rebuild Remembered Sets and Scrub Regions
[8424.808s][info][gc,marking     ] GC(1331) Concurrent Rebuild Remembered Sets and Scrub Regions 624.195ms
[8424.808s][info][gc,start       ] GC(1331) Pause Cleanup
[8424.809s][info][gc             ] GC(1331) Pause Cleanup 4471M->4471M(10240M) 0.236ms
[8424.809s][info][gc,cpu         ] GC(1331) User=0.00s Sys=0.00s Real=0.00s
[8424.809s][info][gc,marking     ] GC(1331) Concurrent Clear Claimed Marks
[8424.809s][info][gc,marking     ] GC(1331) Concurrent Clear Claimed Marks 0.035ms
[8424.809s][info][gc,marking     ] GC(1331) Concurrent Cleanup for Next Mark
[8424.819s][info][gc,marking     ] GC(1331) Concurrent Cleanup for Next Mark 10.032ms
[8424.819s][info][gc             ] GC(1331) Concurrent Mark Cycle 2154.187ms
. (rIR:aIR:PR = 9105:9059:9059) (tPR = 133817) [OK] 
  8424s: (load = 80%) ..[8427.622s][info][gc,start       ] GC(1332) Pause Young (Prepare Mixed) (G1 Evacuation Pause)
[8427.622s][info][gc,task        ] GC(1332) Using 8 workers of 8 for evacuation
[8427.788s][info][gc,phases      ] GC(1332)   Pre Evacuate Collection Set: 0.28ms
[8427.788s][info][gc,phases      ] GC(1332)   Merge Heap Roots: 0.68ms
[8427.788s][info][gc,phases      ] GC(1332)   Evacuate Collection Set: 162.76ms
[8427.788s][info][gc,phases      ] GC(1332)   Post Evacuate Collection Set: 1.38ms
[8427.788s][info][gc,phases      ] GC(1332)   Other: 0.07ms
[8427.788s][info][gc,heap        ] GC(1332) Eden regions: 722->0(658)
[8427.788s][info][gc,heap        ] GC(1332) Survivor regions: 46->53(96)
[8427.788s][info][gc,heap        ] GC(1332) Old regions: 175->175
[8427.788s][info][gc,heap        ] GC(1332) Humongous regions: 33->33
[8427.788s][info][gc,metaspace   ] GC(1332) Metaspace: 30040K(30528K)->30040K(30528K) NonClass: 24645K(24896K)->24645K(24896K) Class: 5394K(5632K)->5394K(5632K)
[8427.788s][info][gc             ] GC(1332) Pause Young (Prepare Mixed) (G1 Evacuation Pause) 7767M->2047M(10240M) 165.294ms
[8427.788s][info][gc,cpu         ] GC(1332) User=1.30s Sys=0.00s Real=0.17s
..|..[8431.949s][info][gc,start       ] GC(1333) Pause Young (Mixed) (G1 Evacuation Pause)
[8431.949s][info][gc,task        ] GC(1333) Using 8 workers of 8 for evacuation
[8432.124s][info][gc,phases      ] GC(1333)   Pre Evacuate Collection Set: 0.30ms
[8432.124s][info][gc,phases      ] GC(1333)   Merge Heap Roots: 0.52ms
[8432.124s][info][gc,phases      ] GC(1333)   Evacuate Collection Set: 172.92ms
[8432.124s][info][gc,phases      ] GC(1333)   Post Evacuate Collection Set: 1.23ms
[8432.124s][info][gc,phases      ] GC(1333)   Other: 0.07ms
[8432.124s][info][gc,heap        ] GC(1333) Eden regions: 680->0(652)
[8432.124s][info][gc,heap        ] GC(1333) Survivor regions: 53->54(92)
[8432.124s][info][gc,heap        ] GC(1333) Old regions: 175->172
[8432.124s][info][gc,heap        ] GC(1333) Humongous regions: 33->33
[8432.124s][info][gc,metaspace   ] GC(1333) Metaspace: 30040K(30528K)->30040K(30528K) NonClass: 24645K(24896K)->24645K(24896K) Class: 5394K(5632K)->5394K(5632K)
[8432.124s][info][gc             ] GC(1333) Pause Young (Mixed) (G1 Evacuation Pause) 7487M->2027M(10240M) 175.197ms
[8432.125s][info][gc,cpu         ] GC(1333) User=1.38s Sys=0.00s Real=0.17s
.....[8436.434s][info][gc,start       ] GC(1334) Pause Young (Mixed) (G1 Evacuation Pause)
[8436.434s][info][gc,task        ] GC(1334) Using 8 workers of 8 for evacuation
[8436.603s][info][gc,phases      ] GC(1334)   Pre Evacuate Collection Set: 0.30ms
[8436.603s][info][gc,phases      ] GC(1334)   Merge Heap Roots: 0.54ms
[8436.603s][info][gc,phases      ] GC(1334)   Evacuate Collection Set: 166.61ms
[8436.603s][info][gc,phases      ] GC(1334)   Post Evacuate Collection Set: 1.21ms
[8436.603s][info][gc,phases      ] GC(1334)   Other: 0.08ms
[8436.603s][info][gc,heap        ] GC(1334) Eden regions: 669->0(721)
[8436.603s][info][gc,heap        ] GC(1334) Survivor regions: 54->47(91)
[8436.603s][info][gc,heap        ] GC(1334) Old regions: 172->175
[8436.603s][info][gc,heap        ] GC(1334) Humongous regions: 33->33
[8436.603s][info][gc,metaspace   ] GC(1334) Metaspace: 30040K(30528K)->30040K(30528K) NonClass: 24645K(24896K)->24645K(24896K) Class: 5394K(5632K)->5394K(5632K)
[8436.603s][info][gc             ] GC(1334) Pause Young (Mixed) (G1 Evacuation Pause) 7379M->1993M(10240M) 168.891ms
[8436.603s][info][gc,cpu         ] GC(1334) User=1.33s Sys=0.00s Real=0.17s
... (rIR:aIR:PR = 10406:10423:10418) (tPR = 156936) [OK] 
  8438s: (load = 90%) .[8440.996s][info][gc,start       ] GC(1335) Pause Young (Mixed) (G1 Evacuation Pause)
[8440.996s][info][gc,task        ] GC(1335) Using 8 workers of 8 for evacuation
[8441.159s][info][gc,phases      ] GC(1335)   Pre Evacuate Collection Set: 0.28ms
[8441.159s][info][gc,phases      ] GC(1335)   Merge Heap Roots: 0.52ms
[8441.159s][info][gc,phases      ] GC(1335)   Evacuate Collection Set: 161.38ms
[8441.159s][info][gc,phases      ] GC(1335)   Post Evacuate Collection Set: 1.36ms
[8441.159s][info][gc,phases      ] GC(1335)   Other: 0.07ms
[8441.160s][info][gc,heap        ] GC(1335) Eden regions: 721->0(715)
[8441.160s][info][gc,heap        ] GC(1335) Survivor regions: 47->53(96)
[8441.160s][info][gc,heap        ] GC(1335) Old regions: 175->142
[8441.160s][info][gc,heap        ] GC(1335) Humongous regions: 33->33
[8441.160s][info][gc,metaspace   ] GC(1335) Metaspace: 30040K(30528K)->30040K(30528K) NonClass: 24645K(24896K)->24645K(24896K) Class: 5394K(5632K)->5394K(5632K)
[8441.160s][info][gc             ] GC(1335) Pause Young (Mixed) (G1 Evacuation Pause) 7761M->1788M(10240M) 163.739ms
[8441.160s][info][gc,cpu         ] GC(1335) User=1.29s Sys=0.01s Real=0.16s
....|[8445.160s][info][gc,start       ] GC(1336) Pause Young (Normal) (G1 Evacuation Pause)
[8445.160s][info][gc,task        ] GC(1336) Using 8 workers of 8 for evacuation
[8445.340s][info][gc,phases      ] GC(1336)   Pre Evacuate Collection Set: 0.28ms
[8445.340s][info][gc,phases      ] GC(1336)   Merge Heap Roots: 0.58ms
[8445.340s][info][gc,phases      ] GC(1336)   Evacuate Collection Set: 178.29ms
[8445.340s][info][gc,phases      ] GC(1336)   Post Evacuate Collection Set: 1.29ms
[8445.340s][info][gc,phases      ] GC(1336)   Other: 0.06ms
[8445.341s][info][gc,heap        ] GC(1336) Eden regions: 715->0(665)
[8445.341s][info][gc,heap        ] GC(1336) Survivor regions: 53->55(96)
[8445.341s][info][gc,heap        ] GC(1336) Old regions: 142->145
[8445.341s][info][gc,heap        ] GC(1336) Humongous regions: 33->33
[8445.341s][info][gc,metaspace   ] GC(1336) Metaspace: 30040K(30528K)->30040K(30528K) NonClass: 24645K(24896K)->24645K(24896K) Class: 5394K(5632K)->5394K(5632K)
[8445.341s][info][gc             ] GC(1336) Pause Young (Normal) (G1 Evacuation Pause) 7508M->1826M(10240M) 180.642ms
[8445.341s][info][gc,cpu         ] GC(1336) User=1.43s Sys=0.00s Real=0.18s
....[8449.083s][info][gc,start       ] GC(1337) Pause Young (Normal) (G1 Evacuation Pause)
[8449.083s][info][gc,task        ] GC(1337) Using 8 workers of 8 for evacuation
[8449.256s][info][gc,phases      ] GC(1337)   Pre Evacuate Collection Set: 0.26ms
[8449.256s][info][gc,phases      ] GC(1337)   Merge Heap Roots: 0.54ms
[8449.256s][info][gc,phases      ] GC(1337)   Evacuate Collection Set: 170.64ms
[8449.256s][info][gc,phases      ] GC(1337)   Post Evacuate Collection Set: 1.16ms
[8449.256s][info][gc,phases      ] GC(1337)   Other: 0.08ms
[8449.256s][info][gc,heap        ] GC(1337) Eden regions: 659->0(720)
[8449.256s][info][gc,heap        ] GC(1337) Survivor regions: 55->48(90)
[8449.256s][info][gc,heap        ] GC(1337) Old regions: 145->154
[8449.256s][info][gc,heap        ] GC(1337) Humongous regions: 33->33
[8449.256s][info][gc,metaspace   ] GC(1337) Metaspace: 30040K(30528K)->30040K(30528K) NonClass: 24645K(24896K)->24645K(24896K) Class: 5394K(5632K)->5394K(5632K)
[8449.256s][info][gc             ] GC(1337) Pause Young (Normal) (G1 Evacuation Pause) 7098M->1840M(10240M) 172.816ms
[8449.256s][info][gc,cpu         ] GC(1337) User=1.36s Sys=0.00s Real=0.18s
....[8453.310s][info][gc,start       ] GC(1338) Pause Young (Normal) (G1 Evacuation Pause)
[8453.310s][info][gc,task        ] GC(1338) Using 8 workers of 8 for evacuation
[8453.477s][info][gc,phases      ] GC(1338)   Pre Evacuate Collection Set: 0.26ms
[8453.478s][info][gc,phases      ] GC(1338)   Merge Heap Roots: 0.56ms
[8453.478s][info][gc,phases      ] GC(1338)   Evacuate Collection Set: 164.47ms
[8453.478s][info][gc,phases      ] GC(1338)   Post Evacuate Collection Set: 1.24ms
[8453.478s][info][gc,phases      ] GC(1338)   Other: 0.07ms
[8453.478s][info][gc,heap        ] GC(1338) Eden regions: 720->0(711)
[8453.478s][info][gc,heap        ] GC(1338) Survivor regions: 48->54(96)
[8453.478s][info][gc,heap        ] GC(1338) Old regions: 154->154
[8453.478s][info][gc,heap        ] GC(1338) Humongous regions: 33->33
[8453.478s][info][gc,metaspace   ] GC(1338) Metaspace: 30040K(30528K)->30040K(30528K) NonClass: 24645K(24896K)->24645K(24896K) Class: 5394K(5632K)->5394K(5632K)
[8453.478s][info][gc             ] GC(1338) Pause Young (Normal) (G1 Evacuation Pause) 7600M->1888M(10240M) 167.515ms
[8453.478s][info][gc,cpu         ] GC(1338) User=1.32s Sys=0.00s Real=0.17s
.. (rIR:aIR:PR = 11706:11608:11612) (tPR = 173940) [OK] 
  8454s: (load = 100%) ..[8457.271s][info][gc,start       ] GC(1339) Pause Young (Normal) (G1 Evacuation Pause)
[8457.271s][info][gc,task        ] GC(1339) Using 8 workers of 8 for evacuation
[8457.444s][info][gc,phases      ] GC(1339)   Pre Evacuate Collection Set: 0.29ms
[8457.444s][info][gc,phases      ] GC(1339)   Merge Heap Roots: 0.56ms
[8457.444s][info][gc,phases      ] GC(1339)   Evacuate Collection Set: 170.81ms
[8457.444s][info][gc,phases      ] GC(1339)   Post Evacuate Collection Set: 1.29ms
[8457.444s][info][gc,phases      ] GC(1339)   Other: 0.07ms
[8457.444s][info][gc,heap        ] GC(1339) Eden regions: 704->0(715)
[8457.444s][info][gc,heap        ] GC(1339) Survivor regions: 54->53(95)
[8457.444s][info][gc,heap        ] GC(1339) Old regions: 154->157
[8457.444s][info][gc,heap        ] GC(1339) Humongous regions: 33->33
[8457.444s][info][gc,metaspace   ] GC(1339) Metaspace: 30040K(30528K)->30040K(30528K) NonClass: 24645K(24896K)->24645K(24896K) Class: 5394K(5632K)->5394K(5632K)
[8457.444s][info][gc             ] GC(1339) Pause Young (Normal) (G1 Evacuation Pause) 7520M->1909M(10240M) 173.163ms
[8457.444s][info][gc,cpu         ] GC(1339) User=1.36s Sys=0.00s Real=0.17s
....[8461.110s][info][gc,start       ] GC(1340) Pause Young (Normal) (G1 Evacuation Pause)
[8461.110s][info][gc,task        ] GC(1340) Using 8 workers of 8 for evacuation
[8461.283s][info][gc,phases      ] GC(1340)   Pre Evacuate Collection Set: 0.27ms
[8461.283s][info][gc,phases      ] GC(1340)   Merge Heap Roots: 0.52ms
[8461.283s][info][gc,phases      ] GC(1340)   Evacuate Collection Set: 171.20ms
[8461.283s][info][gc,phases      ] GC(1340)   Post Evacuate Collection Set: 1.26ms
[8461.283s][info][gc,phases      ] GC(1340)   Other: 0.06ms
[8461.283s][info][gc,heap        ] GC(1340) Eden regions: 715->0(714)
[8461.283s][info][gc,heap        ] GC(1340) Survivor regions: 53->54(96)
[8461.283s][info][gc,heap        ] GC(1340) Old regions: 157->159
[8461.283s][info][gc,heap        ] GC(1340) Humongous regions: 33->33
[8461.283s][info][gc,metaspace   ] GC(1340) Metaspace: 30040K(30528K)->30040K(30528K) NonClass: 24645K(24896K)->24645K(24896K) Class: 5394K(5632K)->5394K(5632K)
[8461.283s][info][gc             ] GC(1340) Pause Young (Normal) (G1 Evacuation Pause) 7629M->1938M(10240M) 173.487ms
[8461.283s][info][gc,cpu         ] GC(1340) User=1.37s Sys=0.00s Real=0.17s
.|...[8464.944s][info][gc,start       ] GC(1341) Pause Young (Normal) (G1 Evacuation Pause)
[8464.944s][info][gc,task        ] GC(1341) Using 8 workers of 8 for evacuation
[8465.130s][info][gc,phases      ] GC(1341)   Pre Evacuate Collection Set: 0.28ms
[8465.130s][info][gc,phases      ] GC(1341)   Merge Heap Roots: 0.53ms
[8465.130s][info][gc,phases      ] GC(1341)   Evacuate Collection Set: 183.10ms
[8465.130s][info][gc,phases      ] GC(1341)   Post Evacuate Collection Set: 1.33ms
[8465.130s][info][gc,phases      ] GC(1341)   Other: 0.07ms
[8465.130s][info][gc,heap        ] GC(1341) Eden regions: 714->0(641)
[8465.130s][info][gc,heap        ] GC(1341) Survivor regions: 54->57(96)
[8465.130s][info][gc,heap        ] GC(1341) Old regions: 159->162
[8465.130s][info][gc,heap        ] GC(1341) Humongous regions: 33->33
[8465.130s][info][gc,metaspace   ] GC(1341) Metaspace: 30040K(30528K)->30040K(30528K) NonClass: 24645K(24896K)->24645K(24896K) Class: 5394K(5632K)->5394K(5632K)
[8465.130s][info][gc             ] GC(1341) Pause Young (Normal) (G1 Evacuation Pause) 7650M->1981M(10240M) 185.445ms
[8465.130s][info][gc,cpu         ] GC(1341) User=1.46s Sys=0.00s Real=0.19s
...[8468.390s][info][gc,start       ] GC(1342) Pause Young (Normal) (G1 Evacuation Pause)
[8468.390s][info][gc,task        ] GC(1342) Using 8 workers of 8 for evacuation
[8468.563s][info][gc,phases      ] GC(1342)   Pre Evacuate Collection Set: 0.26ms
[8468.563s][info][gc,phases      ] GC(1342)   Merge Heap Roots: 0.51ms
[8468.563s][info][gc,phases      ] GC(1342)   Evacuate Collection Set: 170.81ms
[8468.563s][info][gc,phases      ] GC(1342)   Post Evacuate Collection Set: 1.14ms
[8468.563s][info][gc,phases      ] GC(1342)   Other: 0.06ms
[8468.563s][info][gc,heap        ] GC(1342) Eden regions: 641->0(719)
[8468.563s][info][gc,heap        ] GC(1342) Survivor regions: 57->49(88)
[8468.563s][info][gc,heap        ] GC(1342) Old regions: 162->171
[8468.563s][info][gc,heap        ] GC(1342) Humongous regions: 33->33
[8468.563s][info][gc,metaspace   ] GC(1342) Metaspace: 30040K(30528K)->30040K(30528K) NonClass: 24645K(24896K)->24645K(24896K) Class: 5394K(5632K)->5394K(5632K)
[8468.563s][info][gc             ] GC(1342) Pause Young (Normal) (G1 Evacuation Pause) 7109M->1990M(10240M) 172.921ms
[8468.563s][info][gc,cpu         ] GC(1342) User=1.36s Sys=0.00s Real=0.17s
.... (rIR:aIR:PR = 13007:13293:12932) (tPR = 185755) [OK] 
  8471s: Validating... (quiescence.....) (stop TxI) (stop BE) (saving... [8478.211s][info][gc,start       ] GC(1343) Pause Young (Concurrent Start) (G1 Humongous Allocation)
[8478.211s][info][gc,task        ] GC(1343) Using 8 workers of 8 for evacuation
[8478.451s][info][gc,mmu         ] GC(1343) MMU target violated: 201.0ms (200.0ms/201.0ms)
[8478.451s][info][gc,phases      ] GC(1343)   Pre Evacuate Collection Set: 0.29ms
[8478.451s][info][gc,phases      ] GC(1343)   Merge Heap Roots: 1.14ms
[8478.451s][info][gc,phases      ] GC(1343)   Evacuate Collection Set: 236.26ms
[8478.451s][info][gc,phases      ] GC(1343)   Post Evacuate Collection Set: 1.42ms
[8478.451s][info][gc,phases      ] GC(1343)   Other: 0.15ms
[8478.451s][info][gc,heap        ] GC(1343) Eden regions: 714->0(328)
[8478.451s][info][gc,heap        ] GC(1343) Survivor regions: 49->64(96)
[8478.451s][info][gc,heap        ] GC(1343) Old regions: 171->171
[8478.451s][info][gc,heap        ] GC(1343) Humongous regions: 114->78
[8478.451s][info][gc,metaspace   ] GC(1343) Metaspace: 30040K(30528K)->30040K(30528K) NonClass: 24645K(24896K)->24645K(24896K) Class: 5394K(5632K)->5394K(5632K)
[8478.451s][info][gc             ] GC(1343) Pause Young (Concurrent Start) (G1 Humongous Allocation) 8346M->2470M(10240M) 239.410ms
[8478.451s][info][gc             ] GC(1344) Concurrent Undo Cycle
[8478.451s][info][gc,cpu         ] GC(1343) User=1.88s Sys=0.01s Real=0.24s
[8478.451s][info][gc,marking     ] GC(1344) Concurrent Clear Claimed Marks
[8478.451s][info][gc,marking     ] GC(1344) Concurrent Clear Claimed Marks 0.048ms
[8478.451s][info][gc,marking     ] GC(1344) Concurrent Cleanup for Next Mark
[8478.451s][info][gc,marking     ] GC(1344) Concurrent Cleanup for Next Mark 0.302ms
[8478.451s][info][gc             ] GC(1344) Concurrent Undo Cycle 0.409ms
234017 Kb) (validation=PASSED)(term) [8482.606s][info][gc,start       ] GC(1345) Pause Full (System.gc())
[8482.606s][info][gc,task        ] GC(1345) Using 8 workers of 8 for full compaction
[8482.606s][info][gc,phases,start] GC(1345) Phase 1: Mark live objects
[8482.625s][info][gc,phases      ] GC(1345) Phase 1: Mark live objects 19.086ms
[8482.625s][info][gc,phases,start] GC(1345) Phase 2: Prepare compaction
[8482.629s][info][gc,phases      ] GC(1345) Phase 2: Prepare compaction 3.589ms
[8482.629s][info][gc,phases,start] GC(1345) Phase 3: Adjust pointers
[8482.639s][info][gc,phases      ] GC(1345) Phase 3: Adjust pointers 10.042ms
[8482.639s][info][gc,phases,start] GC(1345) Phase 4: Compact heap
[8482.643s][info][gc,phases      ] GC(1345) Phase 4: Compact heap 3.805ms
[8482.643s][info][gc,phases,start] GC(1345) Phase 5: Reset Metadata
[8482.647s][info][gc,phases      ] GC(1345) Phase 5: Reset Metadata 4.338ms
[8482.657s][info][gc,heap        ] GC(1345) Eden regions: 29->0(768)
[8482.657s][info][gc,heap        ] GC(1345) Survivor regions: 64->0(96)
[8482.657s][info][gc,heap        ] GC(1345) Old regions: 171->14
[8482.657s][info][gc,heap        ] GC(1345) Humongous regions: 161->33
[8482.657s][info][gc,metaspace   ] GC(1345) Metaspace: 30056K(30592K)->30056K(30592K) NonClass: 24662K(24960K)->24662K(24960K) Class: 5394K(5632K)->5394K(5632K)
[8482.657s][info][gc             ] GC(1345) Pause Full (System.gc()) 3366M->332M(10240M) 51.592ms
[8482.657s][info][gc,cpu         ] GC(1345) User=0.34s Sys=0.01s Real=0.05s
(init) ... ...completed!
  8487s: Restarting (term) [8488.186s][info][gc,start       ] GC(1346) Pause Full (System.gc())
[8488.186s][info][gc,task        ] GC(1346) Using 8 workers of 8 for full compaction
[8488.186s][info][gc,phases,start] GC(1346) Phase 1: Mark live objects
[8488.202s][info][gc,phases      ] GC(1346) Phase 1: Mark live objects 16.195ms
[8488.202s][info][gc,phases,start] GC(1346) Phase 2: Prepare compaction
[8488.207s][info][gc,phases      ] GC(1346) Phase 2: Prepare compaction 4.355ms
[8488.207s][info][gc,phases,start] GC(1346) Phase 3: Adjust pointers
[8488.217s][info][gc,phases      ] GC(1346) Phase 3: Adjust pointers 9.623ms
[8488.217s][info][gc,phases,start] GC(1346) Phase 4: Compact heap
[8488.221s][info][gc,phases      ] GC(1346) Phase 4: Compact heap 4.514ms
[8488.221s][info][gc,phases,start] GC(1346) Phase 5: Reset Metadata
[8488.225s][info][gc,phases      ] GC(1346) Phase 5: Reset Metadata 4.340ms
[8488.236s][info][gc,heap        ] GC(1346) Eden regions: 470->0(768)
[8488.236s][info][gc,heap        ] GC(1346) Survivor regions: 0->0(96)
[8488.236s][info][gc,heap        ] GC(1346) Old regions: 14->14
[8488.236s][info][gc,heap        ] GC(1346) Humongous regions: 86->33
[8488.236s][info][gc,metaspace   ] GC(1346) Metaspace: 30061K(30592K)->30061K(30592K) NonClass: 24666K(24960K)->24666K(24960K) Class: 5394K(5632K)->5394K(5632K)
[8488.236s][info][gc             ] GC(1346) Pause Full (System.gc()) 4508M->331M(10240M) 49.926ms
[8488.236s][info][gc,cpu         ] GC(1346) User=0.33s Sys=0.01s Real=0.05s
(init) ... OK
  8493s: 
  8493s: 
  8493s: Profiling....|.[8499.143s][info][gc,start       ] GC(1347) Pause Young (Normal) (G1 Evacuation Pause)
[8499.143s][info][gc,task        ] GC(1347) Using 8 workers of 8 for evacuation
[8499.877s][info][gc,mmu         ] GC(1347) MMU target violated: 201.0ms (200.0ms/201.0ms)
[8499.877s][info][gc,phases      ] GC(1347)   Pre Evacuate Collection Set: 0.29ms
[8499.877s][info][gc,phases      ] GC(1347)   Merge Heap Roots: 0.98ms
[8499.877s][info][gc,phases      ] GC(1347)   Evacuate Collection Set: 731.30ms
[8499.877s][info][gc,phases      ] GC(1347)   Post Evacuate Collection Set: 1.58ms
[8499.877s][info][gc,phases      ] GC(1347)   Other: 0.10ms
[8499.877s][info][gc,heap        ] GC(1347) Eden regions: 768->0(339)
[8499.877s][info][gc,heap        ] GC(1347) Survivor regions: 0->96(96)
[8499.877s][info][gc,heap        ] GC(1347) Old regions: 14->72
[8499.877s][info][gc,heap        ] GC(1347) Humongous regions: 86->81
[8499.877s][info][gc,metaspace   ] GC(1347) Metaspace: 30106K(30656K)->30106K(30656K) NonClass: 24710K(25024K)->24710K(25024K) Class: 5395K(5632K)->5395K(5632K)
[8499.877s][info][gc             ] GC(1347) Pause Young (Normal) (G1 Evacuation Pause) 6899M->1943M(10240M) 734.368ms
[8499.877s][info][gc,cpu         ] GC(1347) User=5.78s Sys=0.01s Real=0.74s
.......[8506.064s][info][gc,start       ] GC(1348) Pause Young (Normal) (G1 Evacuation Pause)
[8506.064s][info][gc,task        ] GC(1348) Using 8 workers of 8 for evacuation
[8506.442s][info][gc,mmu         ] GC(1348) MMU target violated: 201.0ms (200.0ms/201.0ms)
[8506.442s][info][gc,phases      ] GC(1348)   Pre Evacuate Collection Set: 0.29ms
[8506.442s][info][gc,phases      ] GC(1348)   Merge Heap Roots: 0.65ms
[8506.442s][info][gc,phases      ] GC(1348)   Evacuate Collection Set: 376.87ms
[8506.442s][info][gc,phases      ] GC(1348)   Post Evacuate Collection Set: 0.80ms
[8506.442s][info][gc,phases      ] GC(1348)   Other: 0.10ms
[8506.442s][info][gc,heap        ] GC(1348) Eden regions: 345->0(327)
[8506.442s][info][gc,heap        ] GC(1348) Survivor regions: 96->11(56)
[8506.442s][info][gc,heap        ] GC(1348) Old regions: 72->167
[8506.442s][info][gc,heap        ] GC(1348) Humongous regions: 81->81
[8506.442s][info][gc,metaspace   ] GC(1348) Metaspace: 30107K(30656K)->30107K(30656K) NonClass: 24712K(25024K)->24712K(25024K) Class: 5395K(5632K)->5395K(5632K)
[8506.443s][info][gc             ] GC(1348) Pause Young (Normal) (G1 Evacuation Pause) 4703M->2027M(10240M) 378.805ms
[8506.443s][info][gc,cpu         ] GC(1348) User=2.99s Sys=0.00s Real=0.38s
.......[8513.313s][info][gc,start       ] GC(1349) Pause Young (Normal) (G1 Evacuation Pause)
[8513.313s][info][gc,task        ] GC(1349) Using 8 workers of 8 for evacuation
[8513.373s][info][gc,phases      ] GC(1349)   Pre Evacuate Collection Set: 0.29ms
[8513.373s][info][gc,phases      ] GC(1349)   Merge Heap Roots: 0.46ms
[8513.373s][info][gc,phases      ] GC(1349)   Evacuate Collection Set: 57.86ms
[8513.373s][info][gc,phases      ] GC(1349)   Post Evacuate Collection Set: 0.80ms
[8513.373s][info][gc,phases      ] GC(1349)   Other: 0.06ms
[8513.373s][info][gc,heap        ] GC(1349) Eden regions: 353->0(342)
[8513.373s][info][gc,heap        ] GC(1349) Survivor regions: 11->18(46)
[8513.373s][info][gc,heap        ] GC(1349) Old regions: 167->167
[8513.373s][info][gc,heap        ] GC(1349) Humongous regions: 81->81
[8513.373s][info][gc,metaspace   ] GC(1349) Metaspace: 30113K(30656K)->30113K(30656K) NonClass: 24718K(25024K)->24718K(25024K) Class: 5395K(5632K)->5395K(5632K)
[8513.373s][info][gc             ] GC(1349) Pause Young (Normal) (G1 Evacuation Pause) 4851M->2079M(10240M) 59.601ms
[8513.373s][info][gc,cpu         ] GC(1349) User=0.47s Sys=0.00s Real=0.06s
........[8520.946s][info][gc,start       ] GC(1350) Pause Young (Normal) (G1 Evacuation Pause)
[8520.946s][info][gc,task        ] GC(1350) Using 8 workers of 8 for evacuation
[8521.023s][info][gc,phases      ] GC(1350)   Pre Evacuate Collection Set: 0.29ms
[8521.023s][info][gc,phases      ] GC(1350)   Merge Heap Roots: 0.49ms
[8521.023s][info][gc,phases      ] GC(1350)   Evacuate Collection Set: 75.55ms
[8521.023s][info][gc,phases      ] GC(1350)   Post Evacuate Collection Set: 0.85ms
[8521.023s][info][gc,phases      ] GC(1350)   Other: 0.06ms
[8521.023s][info][gc,heap        ] GC(1350) Eden regions: 361->0(353)
[8521.024s][info][gc,heap        ] GC(1350) Survivor regions: 18->25(48)
[8521.024s][info][gc,heap        ] GC(1350) Old regions: 167->167
[8521.024s][info][gc,heap        ] GC(1350) Humongous regions: 81->81
[8521.024s][info][gc,metaspace   ] GC(1350) Metaspace: 30113K(30656K)->30113K(30656K) NonClass: 24718K(25024K)->24718K(25024K) Class: 5395K(5632K)->5395K(5632K)
[8521.024s][info][gc             ] GC(1350) Pause Young (Normal) (G1 Evacuation Pause) 4967M->2135M(10240M) 77.374ms
[8521.024s][info][gc,cpu         ] GC(1350) User=0.60s Sys=0.00s Real=0.07s
....... (rIR:aIR:PR = 1300:1298:1298) (tPR = 19210) [OK] 
  8527s:  OK
  8527s: (term... (rIR:aIR:PR = 0:0:0) (tPR = 0) [OK] 
  8530s: ) Tests are skipped.
  8530s: 
  8530s: Generating level 0 report from ./specjbb2015-C-20240522-00001.data.gz


SPECjbb2015 Java Business Benchmark
 (c) Standard Performance Evaluation Corporation, 2015

Preparing to launch SPECjbb2015 reporter.

Reading property file: /shared/projects/openjdk/benchmarks/test-hyperaligning-lilliput/SPECjbb2015_1.00-jdk16+/jdk-22bit-staggered-klass-OFF-24-05-22_104045/./config/specjbb2015.props
Report directory is result/specjbb2015-C-20240522-00001/report-00001
  8530s: Building report...

[8531.340s][info][gc,start       ] GC(1351) Pause Young (Normal) (G1 Evacuation Pause)
[8531.340s][info][gc,task        ] GC(1351) Using 8 workers of 8 for evacuation
[8531.438s][info][gc,phases      ] GC(1351)   Pre Evacuate Collection Set: 0.22ms
[8531.438s][info][gc,phases      ] GC(1351)   Merge Heap Roots: 0.54ms
[8531.438s][info][gc,phases      ] GC(1351)   Evacuate Collection Set: 95.75ms
[8531.438s][info][gc,phases      ] GC(1351)   Post Evacuate Collection Set: 0.84ms
[8531.438s][info][gc,phases      ] GC(1351)   Other: 0.07ms
[8531.438s][info][gc,heap        ] GC(1351) Eden regions: 365->0(347)
[8531.438s][info][gc,heap        ] GC(1351) Survivor regions: 25->33(49)
[8531.438s][info][gc,heap        ] GC(1351) Old regions: 167->167
[8531.438s][info][gc,heap        ] GC(1351) Humongous regions: 81->81
[8531.438s][info][gc,metaspace   ] GC(1351) Metaspace: 31274K(31808K)->31274K(31808K) NonClass: 25650K(25920K)->25650K(25920K) Class: 5623K(5888K)->5623K(5888K)
[8531.438s][info][gc             ] GC(1351) Pause Young (Normal) (G1 Evacuation Pause) 5055M->2203M(10240M) 97.564ms
[8531.438s][info][gc,cpu         ] GC(1351) User=0.77s Sys=0.00s Real=0.10s
       970 msec: Pre-reading source
         0 msec: Validation
         2 msec: Dump run logs
         0 msec: Printing JbbProperties
         2 msec: Build report with HW/SW parameters
         0 msec: Controller time verification
        23 msec: Parsing attributes
         3 msec: Parsing agent names
        73 msec: Building throughput - response time curve
RUN RESULT: hbIR (max attempted) = 13837, hbIR (settled) = 13005, max-jOPS = 13007, critical-jOPS = 5456
        28 msec: Primary metrics calculation
       105 msec: Render Allowed Failures
       597 msec: Render IR/PR Accuracy
       544 msec: Overall RT curves
       525 msec: Max Delay during RT curve building
       565 msec: Render IR by probes tasks
         0 msec: Render RT
       570 msec: Request Mix accuracy
         5 msec: Render template to file result/specjbb2015-C-20240522-00001/report-00001/data/specjbb2015-C-20240522-00001-runProperties.txt
        25 msec: Render template to file result/specjbb2015-C-20240522-00001/report-00001/specjbb2015-C-20240522-00001.html
Report generation finished. Wallclock = 1882 msecs, real = 4037 msecs, parallelism = 2.15x
[8532.827s][info][gc,heap,exit   ] Heap
[8532.827s][info][gc,heap,exit   ]  garbage-first heap   total reserved 10485760K, committed 10485760K, used 2588700K [0x0000000580000000, 0x0000000800000000)
[8532.827s][info][gc,heap,exit   ]   region size 8192K, 72 young (589824K), 33 survivors (270336K)
[8532.827s][info][gc,heap,exit   ]  Metaspace       used 39233K, committed 39872K, reserved 1114112K
[8532.827s][info][gc,heap,exit   ]   class space    used 6903K, committed 7232K, reserved 1048576K
