Done; will start GCs... 
[106.081s][info][gc,metaspace] GC(25) Metaspace: 99495K(113344K)->99495K(113344K) NonClass: 80015K(85952K)->80015K(85952K) Class: 19480K(27392K)->19480K(27392K)
[106.081s][info][gc          ] GC(25) Pause Full (System.gc()) 1346M->1319M(6144M) 761.761ms
[106.756s][info][gc,metaspace] GC(26) Metaspace: 99495K(113344K)->99495K(113344K) NonClass: 80015K(85952K)->80015K(85952K) Class: 19480K(27392K)->19480K(27392K)
[106.756s][info][gc          ] GC(26) Pause Full (System.gc()) 1319M->1319M(6144M) 675.510ms
[107.412s][info][gc,metaspace] GC(27) Metaspace: 99495K(113344K)->99495K(113344K) NonClass: 80015K(85952K)->80015K(85952K) Class: 19480K(27392K)->19480K(27392K)
[107.412s][info][gc          ] GC(27) Pause Full (System.gc()) 1319M->1319M(6144M) 655.879ms
[108.087s][info][gc,metaspace] GC(28) Metaspace: 99495K(113344K)->99495K(113344K) NonClass: 80015K(85952K)->80015K(85952K) Class: 19480K(27392K)->19480K(27392K)
[108.087s][info][gc          ] GC(28) Pause Full (System.gc()) 1319M->1319M(6144M) 674.353ms
[108.740s][info][gc,metaspace] GC(29) Metaspace: 99495K(113344K)->99495K(113344K) NonClass: 80015K(85952K)->80015K(85952K) Class: 19480K(27392K)->19480K(27392K)
[108.740s][info][gc          ] GC(29) Pause Full (System.gc()) 1319M->1319M(6144M) 653.040ms
[109.432s][info][gc,metaspace] GC(30) Metaspace: 99495K(113344K)->99495K(113344K) NonClass: 80015K(85952K)->80015K(85952K) Class: 19480K(27392K)->19480K(27392K)
[109.432s][info][gc          ] GC(30) Pause Full (System.gc()) 1319M->1319M(6144M) 692.111ms
[110.115s][info][gc,metaspace] GC(31) Metaspace: 99495K(113344K)->99495K(113344K) NonClass: 80015K(85952K)->80015K(85952K) Class: 19480K(27392K)->19480K(27392K)
[110.115s][info][gc          ] GC(31) Pause Full (System.gc()) 1319M->1319M(6144M) 683.085ms
[110.809s][info][gc,metaspace] GC(32) Metaspace: 99495K(113344K)->99495K(113344K) NonClass: 80015K(85952K)->80015K(85952K) Class: 19480K(27392K)->19480K(27392K)
[110.809s][info][gc          ] GC(32) Pause Full (System.gc()) 1319M->1319M(6144M) 694.184ms
[111.514s][info][gc,metaspace] GC(33) Metaspace: 99495K(113344K)->99495K(113344K) NonClass: 80015K(85952K)->80015K(85952K) Class: 19480K(27392K)->19480K(27392K)
[111.514s][info][gc          ] GC(33) Pause Full (System.gc()) 1319M->1319M(6144M) 704.181ms
[112.239s][info][gc,metaspace] GC(34) Metaspace: 99495K(113344K)->99495K(113344K) NonClass: 80015K(85952K)->80015K(85952K) Class: 19480K(27392K)->19480K(27392K)
[112.239s][info][gc          ] GC(34) Pause Full (System.gc()) 1319M->1319M(6144M) 725.508ms
[112.951s][info][gc,metaspace] GC(35) Metaspace: 99495K(113344K)->99495K(113344K) NonClass: 80015K(85952K)->80015K(85952K) Class: 19480K(27392K)->19480K(27392K)
[112.951s][info][gc          ] GC(35) Pause Full (System.gc()) 1319M->1319M(6144M) 711.787ms
[113.606s][info][gc,metaspace] GC(36) Metaspace: 99495K(113344K)->99495K(113344K) NonClass: 80015K(85952K)->80015K(85952K) Class: 19480K(27392K)->19480K(27392K)
[113.606s][info][gc          ] GC(36) Pause Full (System.gc()) 1319M->1319M(6144M) 654.927ms
[114.288s][info][gc,metaspace] GC(37) Metaspace: 99495K(113344K)->99495K(113344K) NonClass: 80015K(85952K)->80015K(85952K) Class: 19480K(27392K)->19480K(27392K)
[114.288s][info][gc          ] GC(37) Pause Full (System.gc()) 1319M->1319M(6144M) 681.388ms
[114.974s][info][gc,metaspace] GC(38) Metaspace: 99495K(113344K)->99495K(113344K) NonClass: 80015K(85952K)->80015K(85952K) Class: 19480K(27392K)->19480K(27392K)
[114.974s][info][gc          ] GC(38) Pause Full (System.gc()) 1319M->1319M(6144M) 686.505ms
[115.665s][info][gc,metaspace] GC(39) Metaspace: 99495K(113344K)->99495K(113344K) NonClass: 80015K(85952K)->80015K(85952K) Class: 19480K(27392K)->19480K(27392K)
[115.665s][info][gc          ] GC(39) Pause Full (System.gc()) 1319M->1319M(6144M) 691.138ms
[116.397s][info][gc,metaspace] GC(40) Metaspace: 99495K(113344K)->99495K(113344K) NonClass: 80015K(85952K)->80015K(85952K) Class: 19480K(27392K)->19480K(27392K)
[116.397s][info][gc          ] GC(40) Pause Full (System.gc()) 1319M->1319M(6144M) 731.848ms
[117.051s][info][gc,metaspace] GC(41) Metaspace: 99495K(113344K)->99495K(113344K) NonClass: 80015K(85952K)->80015K(85952K) Class: 19480K(27392K)->19480K(27392K)
[117.051s][info][gc          ] GC(41) Pause Full (System.gc()) 1319M->1319M(6144M) 649.771ms
[117.722s][info][gc,metaspace] GC(42) Metaspace: 99495K(113344K)->99495K(113344K) NonClass: 80015K(85952K)->80015K(85952K) Class: 19480K(27392K)->19480K(27392K)
[117.723s][info][gc          ] GC(42) Pause Full (System.gc()) 1319M->1319M(6144M) 671.018ms
[118.419s][info][gc,metaspace] GC(43) Metaspace: 99495K(113344K)->99495K(113344K) NonClass: 80015K(85952K)->80015K(85952K) Class: 19480K(27392K)->19480K(27392K)
[118.419s][info][gc          ] GC(43) Pause Full (System.gc()) 1319M->1319M(6144M) 696.563ms
[119.093s][info][gc,metaspace] GC(44) Metaspace: 99495K(113344K)->99495K(113344K) NonClass: 80015K(85952K)->80015K(85952K) Class: 19480K(27392K)->19480K(27392K)
[119.093s][info][gc          ] GC(44) Pause Full (System.gc()) 1319M->1319M(6144M) 673.904ms
[119.769s][info][gc,metaspace] GC(45) Metaspace: 99495K(113344K)->99495K(113344K) NonClass: 80015K(85952K)->80015K(85952K) Class: 19480K(27392K)->19480K(27392K)
[119.769s][info][gc          ] GC(45) Pause Full (System.gc()) 1319M->1319M(6144M) 675.340ms
[120.406s][info][gc,metaspace] GC(46) Metaspace: 99495K(113344K)->99495K(113344K) NonClass: 80015K(85952K)->80015K(85952K) Class: 19480K(27392K)->19480K(27392K)
[120.406s][info][gc          ] GC(46) Pause Full (System.gc()) 1319M->1319M(6144M) 637.684ms
[121.080s][info][gc,metaspace] GC(47) Metaspace: 99495K(113344K)->99495K(113344K) NonClass: 80015K(85952K)->80015K(85952K) Class: 19480K(27392K)->19480K(27392K)
[121.080s][info][gc          ] GC(47) Pause Full (System.gc()) 1319M->1319M(6144M) 673.135ms
[121.724s][info][gc,metaspace] GC(48) Metaspace: 99495K(113344K)->99495K(113344K) NonClass: 80015K(85952K)->80015K(85952K) Class: 19480K(27392K)->19480K(27392K)
[121.724s][info][gc          ] GC(48) Pause Full (System.gc()) 1319M->1319M(6144M) 644.288ms
[122.420s][info][gc,metaspace] GC(49) Metaspace: 99495K(113344K)->99495K(113344K) NonClass: 80015K(85952K)->80015K(85952K) Class: 19480K(27392K)->19480K(27392K)
[122.420s][info][gc          ] GC(49) Pause Full (System.gc()) 1319M->1319M(6144M) 696.080ms
[123.143s][info][gc,metaspace] GC(50) Metaspace: 99495K(113344K)->99495K(113344K) NonClass: 80015K(85952K)->80015K(85952K) Class: 19480K(27392K)->19480K(27392K)
[123.143s][info][gc          ] GC(50) Pause Full (System.gc()) 1320M->1319M(6144M) 722.986ms
[123.852s][info][gc,metaspace] GC(51) Metaspace: 99495K(113344K)->99495K(113344K) NonClass: 80015K(85952K)->80015K(85952K) Class: 19480K(27392K)->19480K(27392K)
[123.852s][info][gc          ] GC(51) Pause Full (System.gc()) 1319M->1319M(6144M) 708.883ms
[124.529s][info][gc,metaspace] GC(52) Metaspace: 99495K(113344K)->99495K(113344K) NonClass: 80015K(85952K)->80015K(85952K) Class: 19480K(27392K)->19480K(27392K)
[124.529s][info][gc          ] GC(52) Pause Full (System.gc()) 1319M->1319M(6144M) 677.217ms
[125.207s][info][gc,metaspace] GC(53) Metaspace: 99495K(113344K)->99495K(113344K) NonClass: 80015K(85952K)->80015K(85952K) Class: 19480K(27392K)->19480K(27392K)
[125.207s][info][gc          ] GC(53) Pause Full (System.gc()) 1319M->1319M(6144M) 677.308ms
[125.912s][info][gc,metaspace] GC(54) Metaspace: 99495K(113344K)->99495K(113344K) NonClass: 80015K(85952K)->80015K(85952K) Class: 19480K(27392K)->19480K(27392K)
[125.912s][info][gc          ] GC(54) Pause Full (System.gc()) 1319M->1319M(6144M) 705.168ms
[126.618s][info][gc,metaspace] GC(55) Metaspace: 99495K(113344K)->99495K(113344K) NonClass: 80015K(85952K)->80015K(85952K) Class: 19480K(27392K)->19480K(27392K)
[126.618s][info][gc          ] GC(55) Pause Full (System.gc()) 1319M->1319M(6144M) 706.130ms
[127.304s][info][gc,metaspace] GC(56) Metaspace: 99495K(113344K)->99495K(113344K) NonClass: 80015K(85952K)->80015K(85952K) Class: 19480K(27392K)->19480K(27392K)
[127.304s][info][gc          ] GC(56) Pause Full (System.gc()) 1319M->1319M(6144M) 685.546ms
[127.968s][info][gc,metaspace] GC(57) Metaspace: 99495K(113344K)->99495K(113344K) NonClass: 80015K(85952K)->80015K(85952K) Class: 19480K(27392K)->19480K(27392K)
[127.968s][info][gc          ] GC(57) Pause Full (System.gc()) 1319M->1319M(6144M) 660.124ms
[128.633s][info][gc,metaspace] GC(58) Metaspace: 99495K(113344K)->99495K(113344K) NonClass: 80015K(85952K)->80015K(85952K) Class: 19480K(27392K)->19480K(27392K)
[128.633s][info][gc          ] GC(58) Pause Full (System.gc()) 1319M->1319M(6144M) 664.089ms
[129.329s][info][gc,metaspace] GC(59) Metaspace: 99495K(113344K)->99495K(113344K) NonClass: 80015K(85952K)->80015K(85952K) Class: 19480K(27392K)->19480K(27392K)
[129.329s][info][gc          ] GC(59) Pause Full (System.gc()) 1319M->1319M(6144M) 695.937ms
[129.990s][info][gc,metaspace] GC(60) Metaspace: 99495K(113344K)->99495K(113344K) NonClass: 80015K(85952K)->80015K(85952K) Class: 19480K(27392K)->19480K(27392K)
[129.990s][info][gc          ] GC(60) Pause Full (System.gc()) 1319M->1319M(6144M) 661.750ms
[130.738s][info][gc,metaspace] GC(61) Metaspace: 99495K(113344K)->99495K(113344K) NonClass: 80015K(85952K)->80015K(85952K) Class: 19480K(27392K)->19480K(27392K)
[130.738s][info][gc          ] GC(61) Pause Full (System.gc()) 1319M->1319M(6144M) 747.563ms
[131.420s][info][gc,metaspace] GC(62) Metaspace: 99495K(113344K)->99495K(113344K) NonClass: 80015K(85952K)->80015K(85952K) Class: 19480K(27392K)->19480K(27392K)
[131.420s][info][gc          ] GC(62) Pause Full (System.gc()) 1319M->1319M(6144M) 681.616ms
[132.139s][info][gc,metaspace] GC(63) Metaspace: 99495K(113344K)->99495K(113344K) NonClass: 80015K(85952K)->80015K(85952K) Class: 19480K(27392K)->19480K(27392K)
[132.139s][info][gc          ] GC(63) Pause Full (System.gc()) 1319M->1319M(6144M) 719.491ms
[132.829s][info][gc,metaspace] GC(64) Metaspace: 99495K(113344K)->99495K(113344K) NonClass: 80015K(85952K)->80015K(85952K) Class: 19480K(27392K)->19480K(27392K)
[132.829s][info][gc          ] GC(64) Pause Full (System.gc()) 1319M->1319M(6144M) 690.013ms
[133.532s][info][gc,metaspace] GC(65) Metaspace: 99495K(113344K)->99495K(113344K) NonClass: 80015K(85952K)->80015K(85952K) Class: 19480K(27392K)->19480K(27392K)
[133.532s][info][gc          ] GC(65) Pause Full (System.gc()) 1319M->1319M(6144M) 702.139ms
[134.247s][info][gc,metaspace] GC(66) Metaspace: 99495K(113344K)->99495K(113344K) NonClass: 80015K(85952K)->80015K(85952K) Class: 19480K(27392K)->19480K(27392K)
[134.248s][info][gc          ] GC(66) Pause Full (System.gc()) 1319M->1319M(6144M) 715.803ms
[134.960s][info][gc,metaspace] GC(67) Metaspace: 99495K(113344K)->99495K(113344K) NonClass: 80015K(85952K)->80015K(85952K) Class: 19480K(27392K)->19480K(27392K)
[134.960s][info][gc          ] GC(67) Pause Full (System.gc()) 1319M->1319M(6144M) 712.244ms
[135.631s][info][gc,metaspace] GC(68) Metaspace: 99495K(113344K)->99495K(113344K) NonClass: 80015K(85952K)->80015K(85952K) Class: 19480K(27392K)->19480K(27392K)
[135.631s][info][gc          ] GC(68) Pause Full (System.gc()) 1319M->1319M(6144M) 671.507ms
[136.333s][info][gc,metaspace] GC(69) Metaspace: 99495K(113344K)->99495K(113344K) NonClass: 80015K(85952K)->80015K(85952K) Class: 19480K(27392K)->19480K(27392K)
[136.333s][info][gc          ] GC(69) Pause Full (System.gc()) 1319M->1319M(6144M) 701.663ms
[137.033s][info][gc,metaspace] GC(70) Metaspace: 99495K(113344K)->99495K(113344K) NonClass: 80015K(85952K)->80015K(85952K) Class: 19480K(27392K)->19480K(27392K)
[137.033s][info][gc          ] GC(70) Pause Full (System.gc()) 1319M->1319M(6144M) 700.270ms
[137.719s][info][gc,metaspace] GC(71) Metaspace: 99495K(113344K)->99495K(113344K) NonClass: 80015K(85952K)->80015K(85952K) Class: 19480K(27392K)->19480K(27392K)
[137.719s][info][gc          ] GC(71) Pause Full (System.gc()) 1319M->1319M(6144M) 685.265ms
[138.425s][info][gc,metaspace] GC(72) Metaspace: 99495K(113344K)->99495K(113344K) NonClass: 80015K(85952K)->80015K(85952K) Class: 19480K(27392K)->19480K(27392K)
[138.425s][info][gc          ] GC(72) Pause Full (System.gc()) 1319M->1319M(6144M) 706.388ms
[139.116s][info][gc,metaspace] GC(73) Metaspace: 99495K(113344K)->99495K(113344K) NonClass: 80015K(85952K)->80015K(85952K) Class: 19480K(27392K)->19480K(27392K)
[139.116s][info][gc          ] GC(73) Pause Full (System.gc()) 1319M->1319M(6144M) 686.306ms
[139.823s][info][gc,metaspace] GC(74) Metaspace: 99495K(113344K)->99495K(113344K) NonClass: 80015K(85952K)->80015K(85952K) Class: 19480K(27392K)->19480K(27392K)
[139.823s][info][gc          ] GC(74) Pause Full (System.gc()) 1319M->1319M(6144M) 707.220ms
[140.477s][info][gc,metaspace] GC(75) Metaspace: 99495K(113344K)->99495K(113344K) NonClass: 80015K(85952K)->80015K(85952K) Class: 19480K(27392K)->19480K(27392K)
[140.477s][info][gc          ] GC(75) Pause Full (System.gc()) 1319M->1319M(6144M) 653.386ms
[141.178s][info][gc,metaspace] GC(76) Metaspace: 99495K(113344K)->99495K(113344K) NonClass: 80015K(85952K)->80015K(85952K) Class: 19480K(27392K)->19480K(27392K)
[141.178s][info][gc          ] GC(76) Pause Full (System.gc()) 1319M->1319M(6144M) 701.012ms
[141.830s][info][gc,metaspace] GC(77) Metaspace: 99495K(113344K)->99495K(113344K) NonClass: 80015K(85952K)->80015K(85952K) Class: 19480K(27392K)->19480K(27392K)
[141.830s][info][gc          ] GC(77) Pause Full (System.gc()) 1319M->1319M(6144M) 651.767ms
[142.516s][info][gc,metaspace] GC(78) Metaspace: 99495K(113344K)->99495K(113344K) NonClass: 80015K(85952K)->80015K(85952K) Class: 19480K(27392K)->19480K(27392K)
[142.516s][info][gc          ] GC(78) Pause Full (System.gc()) 1319M->1319M(6144M) 686.437ms
[143.205s][info][gc,metaspace] GC(79) Metaspace: 99495K(113344K)->99495K(113344K) NonClass: 80015K(85952K)->80015K(85952K) Class: 19480K(27392K)->19480K(27392K)
[143.205s][info][gc          ] GC(79) Pause Full (System.gc()) 1319M->1319M(6144M) 688.710ms
[143.911s][info][gc,metaspace] GC(80) Metaspace: 99495K(113344K)->99495K(113344K) NonClass: 80015K(85952K)->80015K(85952K) Class: 19480K(27392K)->19480K(27392K)
[143.911s][info][gc          ] GC(80) Pause Full (System.gc()) 1319M->1319M(6144M) 706.119ms
[144.623s][info][gc,metaspace] GC(81) Metaspace: 99495K(113344K)->99495K(113344K) NonClass: 80015K(85952K)->80015K(85952K) Class: 19480K(27392K)->19480K(27392K)
[144.623s][info][gc          ] GC(81) Pause Full (System.gc()) 1319M->1319M(6144M) 711.980ms
[145.326s][info][gc,metaspace] GC(82) Metaspace: 99495K(113344K)->99495K(113344K) NonClass: 80015K(85952K)->80015K(85952K) Class: 19480K(27392K)->19480K(27392K)
[145.326s][info][gc          ] GC(82) Pause Full (System.gc()) 1319M->1319M(6144M) 702.905ms
[146.010s][info][gc,metaspace] GC(83) Metaspace: 99495K(113344K)->99495K(113344K) NonClass: 80015K(85952K)->80015K(85952K) Class: 19480K(27392K)->19480K(27392K)
[146.010s][info][gc          ] GC(83) Pause Full (System.gc()) 1319M->1319M(6144M) 684.026ms
[146.654s][info][gc,metaspace] GC(84) Metaspace: 99495K(113344K)->99495K(113344K) NonClass: 80015K(85952K)->80015K(85952K) Class: 19480K(27392K)->19480K(27392K)
[146.654s][info][gc          ] GC(84) Pause Full (System.gc()) 1319M->1319M(6144M) 643.480ms
[147.319s][info][gc,metaspace] GC(85) Metaspace: 99495K(113344K)->99495K(113344K) NonClass: 80015K(85952K)->80015K(85952K) Class: 19480K(27392K)->19480K(27392K)
[147.319s][info][gc          ] GC(85) Pause Full (System.gc()) 1319M->1319M(6144M) 664.875ms
[147.972s][info][gc,metaspace] GC(86) Metaspace: 99495K(113344K)->99495K(113344K) NonClass: 80015K(85952K)->80015K(85952K) Class: 19480K(27392K)->19480K(27392K)
[147.972s][info][gc          ] GC(86) Pause Full (System.gc()) 1319M->1319M(6144M) 652.916ms
[148.633s][info][gc,metaspace] GC(87) Metaspace: 99495K(113344K)->99495K(113344K) NonClass: 80015K(85952K)->80015K(85952K) Class: 19480K(27392K)->19480K(27392K)
[148.633s][info][gc          ] GC(87) Pause Full (System.gc()) 1319M->1319M(6144M) 661.204ms
[149.307s][info][gc,metaspace] GC(88) Metaspace: 99495K(113344K)->99495K(113344K) NonClass: 80015K(85952K)->80015K(85952K) Class: 19480K(27392K)->19480K(27392K)
[149.307s][info][gc          ] GC(88) Pause Full (System.gc()) 1319M->1319M(6144M) 673.819ms
[150.024s][info][gc,metaspace] GC(89) Metaspace: 99495K(113344K)->99495K(113344K) NonClass: 80015K(85952K)->80015K(85952K) Class: 19480K(27392K)->19480K(27392K)
[150.025s][info][gc          ] GC(89) Pause Full (System.gc()) 1319M->1319M(6144M) 713.072ms
[150.743s][info][gc,metaspace] GC(90) Metaspace: 99495K(113344K)->99495K(113344K) NonClass: 80015K(85952K)->80015K(85952K) Class: 19480K(27392K)->19480K(27392K)
[150.743s][info][gc          ] GC(90) Pause Full (System.gc()) 1319M->1319M(6144M) 717.972ms
[151.430s][info][gc,metaspace] GC(91) Metaspace: 99495K(113344K)->99495K(113344K) NonClass: 80015K(85952K)->80015K(85952K) Class: 19480K(27392K)->19480K(27392K)
[151.430s][info][gc          ] GC(91) Pause Full (System.gc()) 1319M->1319M(6144M) 687.664ms
[152.131s][info][gc,metaspace] GC(92) Metaspace: 99495K(113344K)->99495K(113344K) NonClass: 80015K(85952K)->80015K(85952K) Class: 19480K(27392K)->19480K(27392K)
[152.131s][info][gc          ] GC(92) Pause Full (System.gc()) 1319M->1319M(6144M) 700.674ms
[152.826s][info][gc,metaspace] GC(93) Metaspace: 99495K(113344K)->99495K(113344K) NonClass: 80015K(85952K)->80015K(85952K) Class: 19480K(27392K)->19480K(27392K)
[152.826s][info][gc          ] GC(93) Pause Full (System.gc()) 1319M->1319M(6144M) 694.390ms
[153.515s][info][gc,metaspace] GC(94) Metaspace: 99495K(113344K)->99495K(113344K) NonClass: 80015K(85952K)->80015K(85952K) Class: 19480K(27392K)->19480K(27392K)
[153.515s][info][gc          ] GC(94) Pause Full (System.gc()) 1319M->1319M(6144M) 689.001ms
[154.192s][info][gc,metaspace] GC(95) Metaspace: 99495K(113344K)->99495K(113344K) NonClass: 80015K(85952K)->80015K(85952K) Class: 19480K(27392K)->19480K(27392K)
[154.192s][info][gc          ] GC(95) Pause Full (System.gc()) 1319M->1319M(6144M) 677.261ms
[154.920s][info][gc,metaspace] GC(96) Metaspace: 99495K(113344K)->99495K(113344K) NonClass: 80015K(85952K)->80015K(85952K) Class: 19480K(27392K)->19480K(27392K)
[154.920s][info][gc          ] GC(96) Pause Full (System.gc()) 1319M->1319M(6144M) 727.996ms
[155.613s][info][gc,metaspace] GC(97) Metaspace: 99495K(113344K)->99495K(113344K) NonClass: 80015K(85952K)->80015K(85952K) Class: 19480K(27392K)->19480K(27392K)
[155.613s][info][gc          ] GC(97) Pause Full (System.gc()) 1319M->1319M(6144M) 692.619ms
[156.269s][info][gc,metaspace] GC(98) Metaspace: 99495K(113344K)->99495K(113344K) NonClass: 80015K(85952K)->80015K(85952K) Class: 19480K(27392K)->19480K(27392K)
[156.269s][info][gc          ] GC(98) Pause Full (System.gc()) 1319M->1319M(6144M) 655.722ms
[156.970s][info][gc,metaspace] GC(99) Metaspace: 99495K(113344K)->99495K(113344K) NonClass: 80015K(85952K)->80015K(85952K) Class: 19480K(27392K)->19480K(27392K)
[156.970s][info][gc          ] GC(99) Pause Full (System.gc()) 1319M->1319M(6144M) 701.581ms
[157.633s][info][gc,metaspace] GC(100) Metaspace: 99495K(113344K)->99495K(113344K) NonClass: 80015K(85952K)->80015K(85952K) Class: 19480K(27392K)->19480K(27392K)
[157.633s][info][gc          ] GC(100) Pause Full (System.gc()) 1319M->1319M(6144M) 662.942ms
[158.338s][info][gc,metaspace] GC(101) Metaspace: 99495K(113344K)->99495K(113344K) NonClass: 80015K(85952K)->80015K(85952K) Class: 19480K(27392K)->19480K(27392K)
[158.338s][info][gc          ] GC(101) Pause Full (System.gc()) 1319M->1319M(6144M) 704.567ms
[159.006s][info][gc,metaspace] GC(102) Metaspace: 99495K(113344K)->99495K(113344K) NonClass: 80015K(85952K)->80015K(85952K) Class: 19480K(27392K)->19480K(27392K)
[159.006s][info][gc          ] GC(102) Pause Full (System.gc()) 1319M->1319M(6144M) 668.251ms
[159.645s][info][gc,metaspace] GC(103) Metaspace: 99495K(113344K)->99495K(113344K) NonClass: 80015K(85952K)->80015K(85952K) Class: 19480K(27392K)->19480K(27392K)
[159.645s][info][gc          ] GC(103) Pause Full (System.gc()) 1319M->1319M(6144M) 638.366ms
[160.314s][info][gc,metaspace] GC(104) Metaspace: 99495K(113344K)->99495K(113344K) NonClass: 80015K(85952K)->80015K(85952K) Class: 19480K(27392K)->19480K(27392K)
[160.314s][info][gc          ] GC(104) Pause Full (System.gc()) 1319M->1319M(6144M) 668.802ms
[161.010s][info][gc,metaspace] GC(105) Metaspace: 99495K(113344K)->99495K(113344K) NonClass: 80015K(85952K)->80015K(85952K) Class: 19480K(27392K)->19480K(27392K)
[161.010s][info][gc          ] GC(105) Pause Full (System.gc()) 1319M->1319M(6144M) 692.099ms
[161.688s][info][gc,metaspace] GC(106) Metaspace: 99495K(113344K)->99495K(113344K) NonClass: 80015K(85952K)->80015K(85952K) Class: 19480K(27392K)->19480K(27392K)
[161.688s][info][gc          ] GC(106) Pause Full (System.gc()) 1319M->1319M(6144M) 677.673ms
[162.390s][info][gc,metaspace] GC(107) Metaspace: 99495K(113344K)->99495K(113344K) NonClass: 80015K(85952K)->80015K(85952K) Class: 19480K(27392K)->19480K(27392K)
[162.390s][info][gc          ] GC(107) Pause Full (System.gc()) 1319M->1319M(6144M) 701.930ms
[163.045s][info][gc,metaspace] GC(108) Metaspace: 99495K(113344K)->99495K(113344K) NonClass: 80015K(85952K)->80015K(85952K) Class: 19480K(27392K)->19480K(27392K)
[163.045s][info][gc          ] GC(108) Pause Full (System.gc()) 1319M->1319M(6144M) 654.799ms
[163.702s][info][gc,metaspace] GC(109) Metaspace: 99495K(113344K)->99495K(113344K) NonClass: 80015K(85952K)->80015K(85952K) Class: 19480K(27392K)->19480K(27392K)
[163.702s][info][gc          ] GC(109) Pause Full (System.gc()) 1319M->1319M(6144M) 657.131ms
[164.391s][info][gc,metaspace] GC(110) Metaspace: 99495K(113344K)->99495K(113344K) NonClass: 80015K(85952K)->80015K(85952K) Class: 19480K(27392K)->19480K(27392K)
[164.391s][info][gc          ] GC(110) Pause Full (System.gc()) 1319M->1319M(6144M) 689.416ms
[165.098s][info][gc,metaspace] GC(111) Metaspace: 99495K(113344K)->99495K(113344K) NonClass: 80015K(85952K)->80015K(85952K) Class: 19480K(27392K)->19480K(27392K)
[165.098s][info][gc          ] GC(111) Pause Full (System.gc()) 1319M->1319M(6144M) 706.691ms
[165.751s][info][gc,metaspace] GC(112) Metaspace: 99495K(113344K)->99495K(113344K) NonClass: 80015K(85952K)->80015K(85952K) Class: 19480K(27392K)->19480K(27392K)
[165.751s][info][gc          ] GC(112) Pause Full (System.gc()) 1319M->1319M(6144M) 652.978ms
[166.449s][info][gc,metaspace] GC(113) Metaspace: 99495K(113344K)->99495K(113344K) NonClass: 80015K(85952K)->80015K(85952K) Class: 19480K(27392K)->19480K(27392K)
[166.449s][info][gc          ] GC(113) Pause Full (System.gc()) 1319M->1319M(6144M) 698.086ms
[167.157s][info][gc,metaspace] GC(114) Metaspace: 99495K(113344K)->99495K(113344K) NonClass: 80015K(85952K)->80015K(85952K) Class: 19480K(27392K)->19480K(27392K)
[167.157s][info][gc          ] GC(114) Pause Full (System.gc()) 1319M->1319M(6144M) 707.258ms
[167.869s][info][gc,metaspace] GC(115) Metaspace: 99495K(113344K)->99495K(113344K) NonClass: 80015K(85952K)->80015K(85952K) Class: 19480K(27392K)->19480K(27392K)
[167.869s][info][gc          ] GC(115) Pause Full (System.gc()) 1319M->1319M(6144M) 711.834ms
[168.559s][info][gc,metaspace] GC(116) Metaspace: 99495K(113344K)->99495K(113344K) NonClass: 80015K(85952K)->80015K(85952K) Class: 19480K(27392K)->19480K(27392K)
[168.559s][info][gc          ] GC(116) Pause Full (System.gc()) 1319M->1319M(6144M) 690.091ms
[169.209s][info][gc,metaspace] GC(117) Metaspace: 99495K(113344K)->99495K(113344K) NonClass: 80015K(85952K)->80015K(85952K) Class: 19480K(27392K)->19480K(27392K)
[169.209s][info][gc          ] GC(117) Pause Full (System.gc()) 1319M->1319M(6144M) 650.164ms
[169.865s][info][gc,metaspace] GC(118) Metaspace: 99495K(113344K)->99495K(113344K) NonClass: 80015K(85952K)->80015K(85952K) Class: 19480K(27392K)->19480K(27392K)
[169.865s][info][gc          ] GC(118) Pause Full (System.gc()) 1319M->1319M(6144M) 656.111ms
[170.576s][info][gc,metaspace] GC(119) Metaspace: 99495K(113344K)->99495K(113344K) NonClass: 80015K(85952K)->80015K(85952K) Class: 19480K(27392K)->19480K(27392K)
[170.576s][info][gc          ] GC(119) Pause Full (System.gc()) 1319M->1319M(6144M) 710.821ms
[171.304s][info][gc,metaspace] GC(120) Metaspace: 99495K(113344K)->99495K(113344K) NonClass: 80015K(85952K)->80015K(85952K) Class: 19480K(27392K)->19480K(27392K)
[171.304s][info][gc          ] GC(120) Pause Full (System.gc()) 1319M->1319M(6144M) 727.895ms
[171.961s][info][gc,metaspace] GC(121) Metaspace: 99495K(113344K)->99495K(113344K) NonClass: 80015K(85952K)->80015K(85952K) Class: 19480K(27392K)->19480K(27392K)
[171.961s][info][gc          ] GC(121) Pause Full (System.gc()) 1319M->1319M(6144M) 652.486ms
[172.615s][info][gc,metaspace] GC(122) Metaspace: 99495K(113344K)->99495K(113344K) NonClass: 80015K(85952K)->80015K(85952K) Class: 19480K(27392K)->19480K(27392K)
[172.615s][info][gc          ] GC(122) Pause Full (System.gc()) 1319M->1319M(6144M) 654.325ms
[173.269s][info][gc,metaspace] GC(123) Metaspace: 99495K(113344K)->99495K(113344K) NonClass: 80015K(85952K)->80015K(85952K) Class: 19480K(27392K)->19480K(27392K)
[173.269s][info][gc          ] GC(123) Pause Full (System.gc()) 1319M->1319M(6144M) 653.875ms
[173.945s][info][gc,metaspace] GC(124) Metaspace: 99495K(113344K)->99495K(113344K) NonClass: 80015K(85952K)->80015K(85952K) Class: 19480K(27392K)->19480K(27392K)
[173.945s][info][gc          ] GC(124) Pause Full (System.gc()) 1319M->1319M(6144M) 675.486ms
After GCs... 
