Done; will start GCs... 
[111.314s][info][gc,metaspace] GC(38) Metaspace: 90841K(96768K)->90841K(96768K) NonClass: 90841K(96768K)->90841K(96768K) Class: 0K(0K)->0K(0K)
[111.314s][info][gc          ] GC(38) Pause Full (System.gc()) 840M->802M(5939M) 7200.972ms
[118.248s][info][gc,metaspace] GC(39) Metaspace: 90841K(96768K)->90841K(96768K) NonClass: 90841K(96768K)->90841K(96768K) Class: 0K(0K)->0K(0K)
[118.248s][info][gc          ] GC(39) Pause Full (System.gc()) 802M->800M(5939M) 6933.780ms
[123.487s][info][gc,metaspace] GC(40) Metaspace: 90841K(96768K)->90841K(96768K) NonClass: 90841K(96768K)->90841K(96768K) Class: 0K(0K)->0K(0K)
[123.487s][info][gc          ] GC(40) Pause Full (System.gc()) 800M->800M(5939M) 5238.878ms
[128.684s][info][gc,metaspace] GC(41) Metaspace: 90841K(96768K)->90841K(96768K) NonClass: 90841K(96768K)->90841K(96768K) Class: 0K(0K)->0K(0K)
[128.684s][info][gc          ] GC(41) Pause Full (System.gc()) 800M->800M(5939M) 5196.587ms
[133.874s][info][gc,metaspace] GC(42) Metaspace: 90841K(96768K)->90841K(96768K) NonClass: 90841K(96768K)->90841K(96768K) Class: 0K(0K)->0K(0K)
[133.874s][info][gc          ] GC(42) Pause Full (System.gc()) 800M->800M(5939M) 5186.122ms
[140.144s][info][gc,metaspace] GC(43) Metaspace: 90841K(96768K)->90841K(96768K) NonClass: 90841K(96768K)->90841K(96768K) Class: 0K(0K)->0K(0K)
[140.144s][info][gc          ] GC(43) Pause Full (System.gc()) 811M->800M(5939M) 6269.354ms
[145.325s][info][gc,metaspace] GC(44) Metaspace: 90841K(96768K)->90841K(96768K) NonClass: 90841K(96768K)->90841K(96768K) Class: 0K(0K)->0K(0K)
[145.325s][info][gc          ] GC(44) Pause Full (System.gc()) 800M->800M(5939M) 5180.622ms
[150.565s][info][gc,metaspace] GC(45) Metaspace: 90841K(96768K)->90841K(96768K) NonClass: 90841K(96768K)->90841K(96768K) Class: 0K(0K)->0K(0K)
[150.565s][info][gc          ] GC(45) Pause Full (System.gc()) 800M->800M(5939M) 5239.543ms
[155.756s][info][gc,metaspace] GC(46) Metaspace: 90841K(96768K)->90841K(96768K) NonClass: 90841K(96768K)->90841K(96768K) Class: 0K(0K)->0K(0K)
[155.756s][info][gc          ] GC(46) Pause Full (System.gc()) 800M->800M(5939M) 5190.957ms
[160.946s][info][gc,metaspace] GC(47) Metaspace: 90841K(96768K)->90841K(96768K) NonClass: 90841K(96768K)->90841K(96768K) Class: 0K(0K)->0K(0K)
[160.946s][info][gc          ] GC(47) Pause Full (System.gc()) 800M->800M(5939M) 5185.576ms
[166.137s][info][gc,metaspace] GC(48) Metaspace: 90841K(96768K)->90841K(96768K) NonClass: 90841K(96768K)->90841K(96768K) Class: 0K(0K)->0K(0K)
[166.137s][info][gc          ] GC(48) Pause Full (System.gc()) 800M->800M(5939M) 5186.582ms
[171.329s][info][gc,metaspace] GC(49) Metaspace: 90841K(96768K)->90841K(96768K) NonClass: 90841K(96768K)->90841K(96768K) Class: 0K(0K)->0K(0K)
[171.329s][info][gc          ] GC(49) Pause Full (System.gc()) 800M->800M(5939M) 5191.074ms
[176.967s][info][gc,metaspace] GC(50) Metaspace: 90841K(96768K)->90841K(96768K) NonClass: 90841K(96768K)->90841K(96768K) Class: 0K(0K)->0K(0K)
[176.967s][info][gc          ] GC(50) Pause Full (System.gc()) 800M->800M(5939M) 5588.076ms
[182.162s][info][gc,metaspace] GC(51) Metaspace: 90841K(96768K)->90841K(96768K) NonClass: 90841K(96768K)->90841K(96768K) Class: 0K(0K)->0K(0K)
[182.162s][info][gc          ] GC(51) Pause Full (System.gc()) 800M->800M(5939M) 5194.756ms
[187.404s][info][gc,metaspace] GC(52) Metaspace: 90841K(96768K)->90841K(96768K) NonClass: 90841K(96768K)->90841K(96768K) Class: 0K(0K)->0K(0K)
[187.404s][info][gc          ] GC(52) Pause Full (System.gc()) 800M->800M(5939M) 5241.194ms
[192.593s][info][gc,metaspace] GC(53) Metaspace: 90841K(96768K)->90841K(96768K) NonClass: 90841K(96768K)->90841K(96768K) Class: 0K(0K)->0K(0K)
[192.593s][info][gc          ] GC(53) Pause Full (System.gc()) 800M->800M(5939M) 5184.843ms
[197.786s][info][gc,metaspace] GC(54) Metaspace: 90841K(96768K)->90841K(96768K) NonClass: 90841K(96768K)->90841K(96768K) Class: 0K(0K)->0K(0K)
[197.786s][info][gc          ] GC(54) Pause Full (System.gc()) 800M->800M(5939M) 5192.863ms
[202.980s][info][gc,metaspace] GC(55) Metaspace: 90841K(96768K)->90841K(96768K) NonClass: 90841K(96768K)->90841K(96768K) Class: 0K(0K)->0K(0K)
[202.981s][info][gc          ] GC(55) Pause Full (System.gc()) 800M->800M(5939M) 5190.538ms
[208.171s][info][gc,metaspace] GC(56) Metaspace: 90841K(96768K)->90841K(96768K) NonClass: 90841K(96768K)->90841K(96768K) Class: 0K(0K)->0K(0K)
[208.171s][info][gc          ] GC(56) Pause Full (System.gc()) 800M->800M(5939M) 5189.402ms
[213.413s][info][gc,metaspace] GC(57) Metaspace: 90841K(96768K)->90841K(96768K) NonClass: 90841K(96768K)->90841K(96768K) Class: 0K(0K)->0K(0K)
[213.413s][info][gc          ] GC(57) Pause Full (System.gc()) 811M->800M(5939M) 5241.809ms
[220.129s][info][gc,metaspace] GC(58) Metaspace: 90841K(96768K)->90841K(96768K) NonClass: 90841K(96768K)->90841K(96768K) Class: 0K(0K)->0K(0K)
[220.129s][info][gc          ] GC(58) Pause Full (System.gc()) 800M->800M(5939M) 6715.275ms
[225.318s][info][gc,metaspace] GC(59) Metaspace: 90841K(96768K)->90841K(96768K) NonClass: 90841K(96768K)->90841K(96768K) Class: 0K(0K)->0K(0K)
[225.318s][info][gc          ] GC(59) Pause Full (System.gc()) 800M->800M(5939M) 5188.584ms
[230.565s][info][gc,metaspace] GC(60) Metaspace: 90841K(96768K)->90841K(96768K) NonClass: 90841K(96768K)->90841K(96768K) Class: 0K(0K)->0K(0K)
[230.565s][info][gc          ] GC(60) Pause Full (System.gc()) 800M->800M(5939M) 5247.405ms
[235.760s][info][gc,metaspace] GC(61) Metaspace: 90841K(96768K)->90841K(96768K) NonClass: 90841K(96768K)->90841K(96768K) Class: 0K(0K)->0K(0K)
[235.760s][info][gc          ] GC(61) Pause Full (System.gc()) 800M->800M(5939M) 5193.812ms
[240.951s][info][gc,metaspace] GC(62) Metaspace: 90841K(96768K)->90841K(96768K) NonClass: 90841K(96768K)->90841K(96768K) Class: 0K(0K)->0K(0K)
[240.951s][info][gc          ] GC(62) Pause Full (System.gc()) 800M->800M(5939M) 5191.264ms
[246.143s][info][gc,metaspace] GC(63) Metaspace: 90841K(96768K)->90841K(96768K) NonClass: 90841K(96768K)->90841K(96768K) Class: 0K(0K)->0K(0K)
[246.143s][info][gc          ] GC(63) Pause Full (System.gc()) 800M->800M(5939M) 5187.293ms
[251.389s][info][gc,metaspace] GC(64) Metaspace: 90841K(96768K)->90841K(96768K) NonClass: 90841K(96768K)->90841K(96768K) Class: 0K(0K)->0K(0K)
[251.389s][info][gc          ] GC(64) Pause Full (System.gc()) 800M->800M(5939M) 5245.858ms
[256.581s][info][gc,metaspace] GC(65) Metaspace: 90841K(96768K)->90841K(96768K) NonClass: 90841K(96768K)->90841K(96768K) Class: 0K(0K)->0K(0K)
[256.581s][info][gc          ] GC(65) Pause Full (System.gc()) 800M->800M(5939M) 5187.119ms
[261.770s][info][gc,metaspace] GC(66) Metaspace: 90841K(96768K)->90841K(96768K) NonClass: 90841K(96768K)->90841K(96768K) Class: 0K(0K)->0K(0K)
[261.770s][info][gc          ] GC(66) Pause Full (System.gc()) 800M->800M(5939M) 5189.033ms
[266.963s][info][gc,metaspace] GC(67) Metaspace: 90841K(96768K)->90841K(96768K) NonClass: 90841K(96768K)->90841K(96768K) Class: 0K(0K)->0K(0K)
[266.963s][info][gc          ] GC(67) Pause Full (System.gc()) 800M->800M(5939M) 5191.952ms
[272.158s][info][gc,metaspace] GC(68) Metaspace: 90841K(96768K)->90841K(96768K) NonClass: 90841K(96768K)->90841K(96768K) Class: 0K(0K)->0K(0K)
[272.158s][info][gc          ] GC(68) Pause Full (System.gc()) 800M->800M(5939M) 5195.504ms
[277.399s][info][gc,metaspace] GC(69) Metaspace: 90841K(96768K)->90841K(96768K) NonClass: 90841K(96768K)->90841K(96768K) Class: 0K(0K)->0K(0K)
[277.399s][info][gc          ] GC(69) Pause Full (System.gc()) 811M->800M(5939M) 5240.360ms
[282.590s][info][gc,metaspace] GC(70) Metaspace: 90841K(96768K)->90841K(96768K) NonClass: 90841K(96768K)->90841K(96768K) Class: 0K(0K)->0K(0K)
[282.590s][info][gc          ] GC(70) Pause Full (System.gc()) 800M->800M(5939M) 5186.819ms
[287.788s][info][gc,metaspace] GC(71) Metaspace: 90841K(96768K)->90841K(96768K) NonClass: 90841K(96768K)->90841K(96768K) Class: 0K(0K)->0K(0K)
[287.788s][info][gc          ] GC(71) Pause Full (System.gc()) 800M->800M(5939M) 5193.443ms
[292.981s][info][gc,metaspace] GC(72) Metaspace: 90841K(96768K)->90841K(96768K) NonClass: 90841K(96768K)->90841K(96768K) Class: 0K(0K)->0K(0K)
[292.981s][info][gc          ] GC(72) Pause Full (System.gc()) 800M->800M(5939M) 5192.242ms
[298.174s][info][gc,metaspace] GC(73) Metaspace: 90841K(96768K)->90841K(96768K) NonClass: 90841K(96768K)->90841K(96768K) Class: 0K(0K)->0K(0K)
[298.174s][info][gc          ] GC(73) Pause Full (System.gc()) 800M->800M(5939M) 5192.971ms
[303.417s][info][gc,metaspace] GC(74) Metaspace: 90841K(96768K)->90841K(96768K) NonClass: 90841K(96768K)->90841K(96768K) Class: 0K(0K)->0K(0K)
[303.417s][info][gc          ] GC(74) Pause Full (System.gc()) 800M->800M(5939M) 5242.640ms
[308.605s][info][gc,metaspace] GC(75) Metaspace: 90841K(96768K)->90841K(96768K) NonClass: 90841K(96768K)->90841K(96768K) Class: 0K(0K)->0K(0K)
[308.605s][info][gc          ] GC(75) Pause Full (System.gc()) 800M->800M(5939M) 5187.596ms
[313.792s][info][gc,metaspace] GC(76) Metaspace: 90841K(96768K)->90841K(96768K) NonClass: 90841K(96768K)->90841K(96768K) Class: 0K(0K)->0K(0K)
[313.793s][info][gc          ] GC(76) Pause Full (System.gc()) 800M->800M(5939M) 5182.925ms
[318.983s][info][gc,metaspace] GC(77) Metaspace: 90841K(96768K)->90841K(96768K) NonClass: 90841K(96768K)->90841K(96768K) Class: 0K(0K)->0K(0K)
[318.983s][info][gc          ] GC(77) Pause Full (System.gc()) 800M->800M(5939M) 5186.087ms
[324.173s][info][gc,metaspace] GC(78) Metaspace: 90841K(96768K)->90841K(96768K) NonClass: 90841K(96768K)->90841K(96768K) Class: 0K(0K)->0K(0K)
[324.173s][info][gc          ] GC(78) Pause Full (System.gc()) 800M->800M(5939M) 5189.617ms
[329.415s][info][gc,metaspace] GC(79) Metaspace: 90841K(96768K)->90841K(96768K) NonClass: 90841K(96768K)->90841K(96768K) Class: 0K(0K)->0K(0K)
[329.415s][info][gc          ] GC(79) Pause Full (System.gc()) 800M->800M(5939M) 5241.283ms
[334.596s][info][gc,metaspace] GC(80) Metaspace: 90841K(96768K)->90841K(96768K) NonClass: 90841K(96768K)->90841K(96768K) Class: 0K(0K)->0K(0K)
[334.596s][info][gc          ] GC(80) Pause Full (System.gc()) 800M->800M(5939M) 5181.309ms
[339.787s][info][gc,metaspace] GC(81) Metaspace: 90841K(96768K)->90841K(96768K) NonClass: 90841K(96768K)->90841K(96768K) Class: 0K(0K)->0K(0K)
[339.787s][info][gc          ] GC(81) Pause Full (System.gc()) 800M->800M(5939M) 5190.739ms
[344.984s][info][gc,metaspace] GC(82) Metaspace: 90841K(96768K)->90841K(96768K) NonClass: 90841K(96768K)->90841K(96768K) Class: 0K(0K)->0K(0K)
[344.984s][info][gc          ] GC(82) Pause Full (System.gc()) 800M->800M(5939M) 5191.879ms
[350.177s][info][gc,metaspace] GC(83) Metaspace: 90841K(96768K)->90841K(96768K) NonClass: 90841K(96768K)->90841K(96768K) Class: 0K(0K)->0K(0K)
[350.177s][info][gc          ] GC(83) Pause Full (System.gc()) 800M->800M(5939M) 5188.294ms
[355.417s][info][gc,metaspace] GC(84) Metaspace: 90841K(96768K)->90841K(96768K) NonClass: 90841K(96768K)->90841K(96768K) Class: 0K(0K)->0K(0K)
[355.417s][info][gc          ] GC(84) Pause Full (System.gc()) 811M->800M(5939M) 5239.958ms
[361.643s][info][gc,metaspace] GC(85) Metaspace: 90841K(96768K)->90841K(96768K) NonClass: 90841K(96768K)->90841K(96768K) Class: 0K(0K)->0K(0K)
[361.643s][info][gc          ] GC(85) Pause Full (System.gc()) 800M->800M(5939M) 6225.675ms
[366.831s][info][gc,metaspace] GC(86) Metaspace: 90841K(96768K)->90841K(96768K) NonClass: 90841K(96768K)->90841K(96768K) Class: 0K(0K)->0K(0K)
[366.831s][info][gc          ] GC(86) Pause Full (System.gc()) 800M->800M(5939M) 5187.842ms
[372.024s][info][gc,metaspace] GC(87) Metaspace: 90841K(96768K)->90841K(96768K) NonClass: 90841K(96768K)->90841K(96768K) Class: 0K(0K)->0K(0K)
[372.024s][info][gc          ] GC(87) Pause Full (System.gc()) 800M->800M(5939M) 5192.134ms
[377.216s][info][gc,metaspace] GC(88) Metaspace: 90841K(96768K)->90841K(96768K) NonClass: 90841K(96768K)->90841K(96768K) Class: 0K(0K)->0K(0K)
[377.216s][info][gc          ] GC(88) Pause Full (System.gc()) 800M->800M(5939M) 5187.658ms
[382.462s][info][gc,metaspace] GC(89) Metaspace: 90841K(96768K)->90841K(96768K) NonClass: 90841K(96768K)->90841K(96768K) Class: 0K(0K)->0K(0K)
[382.462s][info][gc          ] GC(89) Pause Full (System.gc()) 800M->800M(5939M) 5241.800ms
[387.654s][info][gc,metaspace] GC(90) Metaspace: 90841K(96768K)->90841K(96768K) NonClass: 90841K(96768K)->90841K(96768K) Class: 0K(0K)->0K(0K)
[387.654s][info][gc          ] GC(90) Pause Full (System.gc()) 800M->800M(5939M) 5191.318ms
[392.847s][info][gc,metaspace] GC(91) Metaspace: 90841K(96768K)->90841K(96768K) NonClass: 90841K(96768K)->90841K(96768K) Class: 0K(0K)->0K(0K)
[392.847s][info][gc          ] GC(91) Pause Full (System.gc()) 800M->800M(5939M) 5192.644ms
[398.043s][info][gc,metaspace] GC(92) Metaspace: 90841K(96768K)->90841K(96768K) NonClass: 90841K(96768K)->90841K(96768K) Class: 0K(0K)->0K(0K)
[398.043s][info][gc          ] GC(92) Pause Full (System.gc()) 800M->800M(5939M) 5195.888ms
[403.234s][info][gc,metaspace] GC(93) Metaspace: 90841K(96768K)->90841K(96768K) NonClass: 90841K(96768K)->90841K(96768K) Class: 0K(0K)->0K(0K)
[403.234s][info][gc          ] GC(93) Pause Full (System.gc()) 800M->800M(5939M) 5186.553ms
[408.476s][info][gc,metaspace] GC(94) Metaspace: 90841K(96768K)->90841K(96768K) NonClass: 90841K(96768K)->90841K(96768K) Class: 0K(0K)->0K(0K)
[408.476s][info][gc          ] GC(94) Pause Full (System.gc()) 800M->800M(5939M) 5236.958ms
[413.665s][info][gc,metaspace] GC(95) Metaspace: 90841K(96768K)->90841K(96768K) NonClass: 90841K(96768K)->90841K(96768K) Class: 0K(0K)->0K(0K)
[413.665s][info][gc          ] GC(95) Pause Full (System.gc()) 800M->800M(5939M) 5188.698ms
[418.863s][info][gc,metaspace] GC(96) Metaspace: 90841K(96768K)->90841K(96768K) NonClass: 90841K(96768K)->90841K(96768K) Class: 0K(0K)->0K(0K)
[418.863s][info][gc          ] GC(96) Pause Full (System.gc()) 800M->800M(5939M) 5193.972ms
[424.055s][info][gc,metaspace] GC(97) Metaspace: 90841K(96768K)->90841K(96768K) NonClass: 90841K(96768K)->90841K(96768K) Class: 0K(0K)->0K(0K)
[424.055s][info][gc          ] GC(97) Pause Full (System.gc()) 811M->800M(5939M) 5190.996ms
[429.250s][info][gc,metaspace] GC(98) Metaspace: 90841K(96768K)->90841K(96768K) NonClass: 90841K(96768K)->90841K(96768K) Class: 0K(0K)->0K(0K)
[429.250s][info][gc          ] GC(98) Pause Full (System.gc()) 800M->800M(5939M) 5195.447ms
[434.493s][info][gc,metaspace] GC(99) Metaspace: 90841K(96768K)->90841K(96768K) NonClass: 90841K(96768K)->90841K(96768K) Class: 0K(0K)->0K(0K)
[434.493s][info][gc          ] GC(99) Pause Full (System.gc()) 800M->800M(5939M) 5242.464ms
[439.689s][info][gc,metaspace] GC(100) Metaspace: 90841K(96768K)->90841K(96768K) NonClass: 90841K(96768K)->90841K(96768K) Class: 0K(0K)->0K(0K)
[439.689s][info][gc          ] GC(100) Pause Full (System.gc()) 800M->800M(5939M) 5191.687ms
[444.882s][info][gc,metaspace] GC(101) Metaspace: 90841K(96768K)->90841K(96768K) NonClass: 90841K(96768K)->90841K(96768K) Class: 0K(0K)->0K(0K)
[444.882s][info][gc          ] GC(101) Pause Full (System.gc()) 800M->800M(5939M) 5192.770ms
[450.075s][info][gc,metaspace] GC(102) Metaspace: 90841K(96768K)->90841K(96768K) NonClass: 90841K(96768K)->90841K(96768K) Class: 0K(0K)->0K(0K)
[450.075s][info][gc          ] GC(102) Pause Full (System.gc()) 800M->800M(5939M) 5192.434ms
[455.267s][info][gc,metaspace] GC(103) Metaspace: 90841K(96768K)->90841K(96768K) NonClass: 90841K(96768K)->90841K(96768K) Class: 0K(0K)->0K(0K)
[455.267s][info][gc          ] GC(103) Pause Full (System.gc()) 800M->800M(5939M) 5191.989ms
[460.513s][info][gc,metaspace] GC(104) Metaspace: 90841K(96768K)->90841K(96768K) NonClass: 90841K(96768K)->90841K(96768K) Class: 0K(0K)->0K(0K)
[460.513s][info][gc          ] GC(104) Pause Full (System.gc()) 800M->800M(5939M) 5245.051ms
[465.705s][info][gc,metaspace] GC(105) Metaspace: 90841K(96768K)->90841K(96768K) NonClass: 90841K(96768K)->90841K(96768K) Class: 0K(0K)->0K(0K)
[465.705s][info][gc          ] GC(105) Pause Full (System.gc()) 800M->800M(5939M) 5191.802ms
[470.898s][info][gc,metaspace] GC(106) Metaspace: 90841K(96768K)->90841K(96768K) NonClass: 90841K(96768K)->90841K(96768K) Class: 0K(0K)->0K(0K)
[470.898s][info][gc          ] GC(106) Pause Full (System.gc()) 800M->800M(5939M) 5188.420ms
[476.094s][info][gc,metaspace] GC(107) Metaspace: 90841K(96768K)->90841K(96768K) NonClass: 90841K(96768K)->90841K(96768K) Class: 0K(0K)->0K(0K)
[476.094s][info][gc          ] GC(107) Pause Full (System.gc()) 800M->800M(5939M) 5195.965ms
[481.288s][info][gc,metaspace] GC(108) Metaspace: 90841K(96768K)->90841K(96768K) NonClass: 90841K(96768K)->90841K(96768K) Class: 0K(0K)->0K(0K)
[481.288s][info][gc          ] GC(108) Pause Full (System.gc()) 800M->800M(5939M) 5193.475ms
[486.530s][info][gc,metaspace] GC(109) Metaspace: 90841K(96768K)->90841K(96768K) NonClass: 90841K(96768K)->90841K(96768K) Class: 0K(0K)->0K(0K)
[486.530s][info][gc          ] GC(109) Pause Full (System.gc()) 800M->800M(5939M) 5241.283ms
[491.727s][info][gc,metaspace] GC(110) Metaspace: 90841K(96768K)->90841K(96768K) NonClass: 90841K(96768K)->90841K(96768K) Class: 0K(0K)->0K(0K)
[491.727s][info][gc          ] GC(110) Pause Full (System.gc()) 811M->800M(5939M) 5196.826ms
[496.920s][info][gc,metaspace] GC(111) Metaspace: 90841K(96768K)->90841K(96768K) NonClass: 90841K(96768K)->90841K(96768K) Class: 0K(0K)->0K(0K)
[496.920s][info][gc          ] GC(111) Pause Full (System.gc()) 800M->800M(5939M) 5192.685ms
[502.111s][info][gc,metaspace] GC(112) Metaspace: 90841K(96768K)->90841K(96768K) NonClass: 90841K(96768K)->90841K(96768K) Class: 0K(0K)->0K(0K)
[502.111s][info][gc          ] GC(112) Pause Full (System.gc()) 800M->800M(5939M) 5186.967ms
[507.304s][info][gc,metaspace] GC(113) Metaspace: 90841K(96768K)->90841K(96768K) NonClass: 90841K(96768K)->90841K(96768K) Class: 0K(0K)->0K(0K)
[507.304s][info][gc          ] GC(113) Pause Full (System.gc()) 800M->800M(5939M) 5192.290ms
[512.550s][info][gc,metaspace] GC(114) Metaspace: 90841K(96768K)->90841K(96768K) NonClass: 90841K(96768K)->90841K(96768K) Class: 0K(0K)->0K(0K)
[512.550s][info][gc          ] GC(114) Pause Full (System.gc()) 800M->800M(5939M) 5245.944ms
[517.741s][info][gc,metaspace] GC(115) Metaspace: 90841K(96768K)->90841K(96768K) NonClass: 90841K(96768K)->90841K(96768K) Class: 0K(0K)->0K(0K)
[517.741s][info][gc          ] GC(115) Pause Full (System.gc()) 800M->800M(5939M) 5190.699ms
[522.931s][info][gc,metaspace] GC(116) Metaspace: 90841K(96768K)->90841K(96768K) NonClass: 90841K(96768K)->90841K(96768K) Class: 0K(0K)->0K(0K)
[522.931s][info][gc          ] GC(116) Pause Full (System.gc()) 800M->800M(5939M) 5189.608ms
[528.124s][info][gc,metaspace] GC(117) Metaspace: 90841K(96768K)->90841K(96768K) NonClass: 90841K(96768K)->90841K(96768K) Class: 0K(0K)->0K(0K)
[528.124s][info][gc          ] GC(117) Pause Full (System.gc()) 800M->800M(5939M) 5188.560ms
[533.319s][info][gc,metaspace] GC(118) Metaspace: 90841K(96768K)->90841K(96768K) NonClass: 90841K(96768K)->90841K(96768K) Class: 0K(0K)->0K(0K)
[533.319s][info][gc          ] GC(118) Pause Full (System.gc()) 800M->800M(5939M) 5194.391ms
[538.562s][info][gc,metaspace] GC(119) Metaspace: 90841K(96768K)->90841K(96768K) NonClass: 90841K(96768K)->90841K(96768K) Class: 0K(0K)->0K(0K)
[538.562s][info][gc          ] GC(119) Pause Full (System.gc()) 800M->800M(5939M) 5242.505ms
[543.754s][info][gc,metaspace] GC(120) Metaspace: 90841K(96768K)->90841K(96768K) NonClass: 90841K(96768K)->90841K(96768K) Class: 0K(0K)->0K(0K)
[543.754s][info][gc          ] GC(120) Pause Full (System.gc()) 800M->800M(5939M) 5191.716ms
[548.954s][info][gc,metaspace] GC(121) Metaspace: 90841K(96768K)->90841K(96768K) NonClass: 90841K(96768K)->90841K(96768K) Class: 0K(0K)->0K(0K)
[548.954s][info][gc          ] GC(121) Pause Full (System.gc()) 800M->800M(5939M) 5200.397ms
[554.147s][info][gc,metaspace] GC(122) Metaspace: 90841K(96768K)->90841K(96768K) NonClass: 90841K(96768K)->90841K(96768K) Class: 0K(0K)->0K(0K)
[554.147s][info][gc          ] GC(122) Pause Full (System.gc()) 800M->800M(5939M) 5192.365ms
[559.386s][info][gc,metaspace] GC(123) Metaspace: 90841K(96768K)->90841K(96768K) NonClass: 90841K(96768K)->90841K(96768K) Class: 0K(0K)->0K(0K)
[559.386s][info][gc          ] GC(123) Pause Full (System.gc()) 811M->800M(5939M) 5238.358ms
[564.972s][info][gc,metaspace] GC(124) Metaspace: 90841K(96768K)->90841K(96768K) NonClass: 90841K(96768K)->90841K(96768K) Class: 0K(0K)->0K(0K)
[564.972s][info][gc          ] GC(124) Pause Full (System.gc()) 800M->800M(5939M) 5581.972ms
[570.165s][info][gc,metaspace] GC(125) Metaspace: 90841K(96768K)->90841K(96768K) NonClass: 90841K(96768K)->90841K(96768K) Class: 0K(0K)->0K(0K)
[570.165s][info][gc          ] GC(125) Pause Full (System.gc()) 800M->800M(5939M) 5192.784ms
[575.408s][info][gc,metaspace] GC(126) Metaspace: 90841K(96768K)->90841K(96768K) NonClass: 90841K(96768K)->90841K(96768K) Class: 0K(0K)->0K(0K)
[575.408s][info][gc          ] GC(126) Pause Full (System.gc()) 800M->800M(5939M) 5242.107ms
[580.842s][info][gc,metaspace] GC(127) Metaspace: 90841K(96768K)->90841K(96768K) NonClass: 90841K(96768K)->90841K(96768K) Class: 0K(0K)->0K(0K)
[580.842s][info][gc          ] GC(127) Pause Full (System.gc()) 800M->800M(5939M) 5434.384ms
[586.035s][info][gc,metaspace] GC(128) Metaspace: 90841K(96768K)->90841K(96768K) NonClass: 90841K(96768K)->90841K(96768K) Class: 0K(0K)->0K(0K)
[586.035s][info][gc          ] GC(128) Pause Full (System.gc()) 800M->800M(5939M) 5192.557ms
[591.228s][info][gc,metaspace] GC(129) Metaspace: 90841K(96768K)->90841K(96768K) NonClass: 90841K(96768K)->90841K(96768K) Class: 0K(0K)->0K(0K)
[591.229s][info][gc          ] GC(129) Pause Full (System.gc()) 800M->800M(5939M) 5188.889ms
[596.471s][info][gc,metaspace] GC(130) Metaspace: 90841K(96768K)->90841K(96768K) NonClass: 90841K(96768K)->90841K(96768K) Class: 0K(0K)->0K(0K)
[596.471s][info][gc          ] GC(130) Pause Full (System.gc()) 800M->800M(5939M) 5237.432ms
[601.668s][info][gc,metaspace] GC(131) Metaspace: 90841K(96768K)->90841K(96768K) NonClass: 90841K(96768K)->90841K(96768K) Class: 0K(0K)->0K(0K)
[601.668s][info][gc          ] GC(131) Pause Full (System.gc()) 800M->800M(5939M) 5196.681ms
[606.860s][info][gc,metaspace] GC(132) Metaspace: 90841K(96768K)->90841K(96768K) NonClass: 90841K(96768K)->90841K(96768K) Class: 0K(0K)->0K(0K)
[606.860s][info][gc          ] GC(132) Pause Full (System.gc()) 800M->800M(5939M) 5192.031ms
[612.053s][info][gc,metaspace] GC(133) Metaspace: 90841K(96768K)->90841K(96768K) NonClass: 90841K(96768K)->90841K(96768K) Class: 0K(0K)->0K(0K)
[612.054s][info][gc          ] GC(133) Pause Full (System.gc()) 800M->800M(5939M) 5193.330ms
[617.242s][info][gc,metaspace] GC(134) Metaspace: 90841K(96768K)->90841K(96768K) NonClass: 90841K(96768K)->90841K(96768K) Class: 0K(0K)->0K(0K)
[617.242s][info][gc          ] GC(134) Pause Full (System.gc()) 800M->800M(5939M) 5188.316ms
[622.488s][info][gc,metaspace] GC(135) Metaspace: 90841K(96768K)->90841K(96768K) NonClass: 90841K(96768K)->90841K(96768K) Class: 0K(0K)->0K(0K)
[622.488s][info][gc          ] GC(135) Pause Full (System.gc()) 800M->800M(5939M) 5241.306ms
[627.678s][info][gc,metaspace] GC(136) Metaspace: 90841K(96768K)->90841K(96768K) NonClass: 90841K(96768K)->90841K(96768K) Class: 0K(0K)->0K(0K)
[627.678s][info][gc          ] GC(136) Pause Full (System.gc()) 811M->800M(5939M) 5189.330ms
[632.870s][info][gc,metaspace] GC(137) Metaspace: 90841K(96768K)->90841K(96768K) NonClass: 90841K(96768K)->90841K(96768K) Class: 0K(0K)->0K(0K)
[632.870s][info][gc          ] GC(137) Pause Full (System.gc()) 800M->800M(5939M) 5191.867ms
After GCs... 
