Done; will start GCs... 
[72.761s][info][gc,metaspace] GC(20) Metaspace: 154418K(199424K)->154418K(199424K) NonClass: 50941K(54080K)->50941K(54080K) Class: 103477K(145344K)->103477K(145344K)
[72.761s][info][gc          ] GC(20) Pause Full (System.gc()) 813M->786M(5939M) 3973.145ms
[77.180s][info][gc,metaspace] GC(21) Metaspace: 154418K(199424K)->154418K(199424K) NonClass: 50941K(54080K)->50941K(54080K) Class: 103477K(145344K)->103477K(145344K)
[77.180s][info][gc          ] GC(21) Pause Full (System.gc()) 786M->785M(5939M) 4419.346ms
[80.424s][info][gc,metaspace] GC(22) Metaspace: 154418K(199424K)->154418K(199424K) NonClass: 50941K(54080K)->50941K(54080K) Class: 103477K(145344K)->103477K(145344K)
[80.424s][info][gc          ] GC(22) Pause Full (System.gc()) 785M->785M(5939M) 3243.070ms
[83.662s][info][gc,metaspace] GC(23) Metaspace: 154418K(199424K)->154418K(199424K) NonClass: 50941K(54080K)->50941K(54080K) Class: 103477K(145344K)->103477K(145344K)
[83.663s][info][gc          ] GC(23) Pause Full (System.gc()) 785M->785M(5939M) 3238.746ms
[87.353s][info][gc,metaspace] GC(24) Metaspace: 154418K(199424K)->154418K(199424K) NonClass: 50941K(54080K)->50941K(54080K) Class: 103477K(145344K)->103477K(145344K)
[87.353s][info][gc          ] GC(24) Pause Full (System.gc()) 785M->785M(5939M) 3690.263ms
[91.042s][info][gc,metaspace] GC(25) Metaspace: 154418K(199424K)->154418K(199424K) NonClass: 50941K(54080K)->50941K(54080K) Class: 103477K(145344K)->103477K(145344K)
[91.042s][info][gc          ] GC(25) Pause Full (System.gc()) 785M->785M(5939M) 3688.418ms
[94.678s][info][gc,metaspace] GC(26) Metaspace: 154418K(199424K)->154418K(199424K) NonClass: 50941K(54080K)->50941K(54080K) Class: 103477K(145344K)->103477K(145344K)
[94.678s][info][gc          ] GC(26) Pause Full (System.gc()) 785M->785M(5939M) 3636.662ms
[98.631s][info][gc,metaspace] GC(27) Metaspace: 154418K(199424K)->154418K(199424K) NonClass: 50941K(54080K)->50941K(54080K) Class: 103477K(145344K)->103477K(145344K)
[98.631s][info][gc          ] GC(27) Pause Full (System.gc()) 785M->785M(5939M) 3952.029ms
[102.549s][info][gc,metaspace] GC(28) Metaspace: 154418K(199424K)->154418K(199424K) NonClass: 50941K(54080K)->50941K(54080K) Class: 103477K(145344K)->103477K(145344K)
[102.549s][info][gc          ] GC(28) Pause Full (System.gc()) 785M->785M(5939M) 3917.819ms
[106.400s][info][gc,metaspace] GC(29) Metaspace: 154418K(199424K)->154418K(199424K) NonClass: 50941K(54080K)->50941K(54080K) Class: 103477K(145344K)->103477K(145344K)
[106.400s][info][gc          ] GC(29) Pause Full (System.gc()) 785M->785M(5939M) 3851.016ms
[110.143s][info][gc,metaspace] GC(30) Metaspace: 154418K(199424K)->154418K(199424K) NonClass: 50941K(54080K)->50941K(54080K) Class: 103477K(145344K)->103477K(145344K)
[110.143s][info][gc          ] GC(30) Pause Full (System.gc()) 785M->785M(5939M) 3742.841ms
[113.782s][info][gc,metaspace] GC(31) Metaspace: 154418K(199424K)->154418K(199424K) NonClass: 50941K(54080K)->50941K(54080K) Class: 103477K(145344K)->103477K(145344K)
[113.782s][info][gc          ] GC(31) Pause Full (System.gc()) 785M->785M(5939M) 3638.746ms
[117.480s][info][gc,metaspace] GC(32) Metaspace: 154418K(199424K)->154418K(199424K) NonClass: 50941K(54080K)->50941K(54080K) Class: 103477K(145344K)->103477K(145344K)
[117.480s][info][gc          ] GC(32) Pause Full (System.gc()) 785M->785M(5939M) 3697.400ms
[120.728s][info][gc,metaspace] GC(33) Metaspace: 154418K(199424K)->154418K(199424K) NonClass: 50941K(54080K)->50941K(54080K) Class: 103477K(145344K)->103477K(145344K)
[120.728s][info][gc          ] GC(33) Pause Full (System.gc()) 785M->785M(5939M) 3248.087ms
[124.018s][info][gc,metaspace] GC(34) Metaspace: 154418K(199424K)->154418K(199424K) NonClass: 50941K(54080K)->50941K(54080K) Class: 103477K(145344K)->103477K(145344K)
[124.018s][info][gc          ] GC(34) Pause Full (System.gc()) 785M->785M(5939M) 3289.892ms
[127.258s][info][gc,metaspace] GC(35) Metaspace: 154418K(199424K)->154418K(199424K) NonClass: 50941K(54080K)->50941K(54080K) Class: 103477K(145344K)->103477K(145344K)
[127.258s][info][gc          ] GC(35) Pause Full (System.gc()) 785M->785M(5939M) 3240.227ms
[130.500s][info][gc,metaspace] GC(36) Metaspace: 154418K(199424K)->154418K(199424K) NonClass: 50941K(54080K)->50941K(54080K) Class: 103477K(145344K)->103477K(145344K)
[130.500s][info][gc          ] GC(36) Pause Full (System.gc()) 796M->785M(5939M) 3241.832ms
[133.897s][info][gc,metaspace] GC(37) Metaspace: 154418K(199424K)->154418K(199424K) NonClass: 50941K(54080K)->50941K(54080K) Class: 103477K(145344K)->103477K(145344K)
[133.897s][info][gc          ] GC(37) Pause Full (System.gc()) 785M->785M(5939M) 3396.700ms
[137.188s][info][gc,metaspace] GC(38) Metaspace: 154418K(199424K)->154418K(199424K) NonClass: 50941K(54080K)->50941K(54080K) Class: 103477K(145344K)->103477K(145344K)
[137.188s][info][gc          ] GC(38) Pause Full (System.gc()) 785M->785M(5939M) 3290.377ms
[140.430s][info][gc,metaspace] GC(39) Metaspace: 154418K(199424K)->154418K(199424K) NonClass: 50941K(54080K)->50941K(54080K) Class: 103477K(145344K)->103477K(145344K)
[140.430s][info][gc          ] GC(39) Pause Full (System.gc()) 785M->785M(5939M) 3242.093ms
[143.671s][info][gc,metaspace] GC(40) Metaspace: 154418K(199424K)->154418K(199424K) NonClass: 50941K(54080K)->50941K(54080K) Class: 103477K(145344K)->103477K(145344K)
[143.671s][info][gc          ] GC(40) Pause Full (System.gc()) 785M->785M(5939M) 3240.211ms
[146.911s][info][gc,metaspace] GC(41) Metaspace: 154418K(199424K)->154418K(199424K) NonClass: 50941K(54080K)->50941K(54080K) Class: 103477K(145344K)->103477K(145344K)
[146.911s][info][gc          ] GC(41) Pause Full (System.gc()) 785M->785M(5939M) 3240.193ms
[150.203s][info][gc,metaspace] GC(42) Metaspace: 154418K(199424K)->154418K(199424K) NonClass: 50941K(54080K)->50941K(54080K) Class: 103477K(145344K)->103477K(145344K)
[150.203s][info][gc          ] GC(42) Pause Full (System.gc()) 785M->785M(5939M) 3292.201ms
[153.447s][info][gc,metaspace] GC(43) Metaspace: 154418K(199424K)->154418K(199424K) NonClass: 50941K(54080K)->50941K(54080K) Class: 103477K(145344K)->103477K(145344K)
[153.447s][info][gc          ] GC(43) Pause Full (System.gc()) 785M->785M(5939M) 3243.957ms
[156.690s][info][gc,metaspace] GC(44) Metaspace: 154418K(199424K)->154418K(199424K) NonClass: 50941K(54080K)->50941K(54080K) Class: 103477K(145344K)->103477K(145344K)
[156.690s][info][gc          ] GC(44) Pause Full (System.gc()) 785M->785M(5939M) 3242.027ms
[159.931s][info][gc,metaspace] GC(45) Metaspace: 154418K(199424K)->154418K(199424K) NonClass: 50941K(54080K)->50941K(54080K) Class: 103477K(145344K)->103477K(145344K)
[159.931s][info][gc          ] GC(45) Pause Full (System.gc()) 785M->785M(5939M) 3241.249ms
[163.617s][info][gc,metaspace] GC(46) Metaspace: 154418K(199424K)->154418K(199424K) NonClass: 50941K(54080K)->50941K(54080K) Class: 103477K(145344K)->103477K(145344K)
[163.618s][info][gc          ] GC(46) Pause Full (System.gc()) 785M->785M(5939M) 3686.200ms
[166.860s][info][gc,metaspace] GC(47) Metaspace: 154418K(199424K)->154418K(199424K) NonClass: 50941K(54080K)->50941K(54080K) Class: 103477K(145344K)->103477K(145344K)
[166.860s][info][gc          ] GC(47) Pause Full (System.gc()) 785M->785M(5939M) 3242.091ms
[170.156s][info][gc,metaspace] GC(48) Metaspace: 154418K(199424K)->154418K(199424K) NonClass: 50941K(54080K)->50941K(54080K) Class: 103477K(145344K)->103477K(145344K)
[170.156s][info][gc          ] GC(48) Pause Full (System.gc()) 785M->785M(5939M) 3295.864ms
[173.403s][info][gc,metaspace] GC(49) Metaspace: 154418K(199424K)->154418K(199424K) NonClass: 50941K(54080K)->50941K(54080K) Class: 103477K(145344K)->103477K(145344K)
[173.403s][info][gc          ] GC(49) Pause Full (System.gc()) 785M->785M(5939M) 3246.791ms
[176.647s][info][gc,metaspace] GC(50) Metaspace: 154418K(199424K)->154418K(199424K) NonClass: 50941K(54080K)->50941K(54080K) Class: 103477K(145344K)->103477K(145344K)
[176.647s][info][gc          ] GC(50) Pause Full (System.gc()) 785M->785M(5939M) 3243.708ms
[179.892s][info][gc,metaspace] GC(51) Metaspace: 154418K(199424K)->154418K(199424K) NonClass: 50941K(54080K)->50941K(54080K) Class: 103477K(145344K)->103477K(145344K)
[179.892s][info][gc          ] GC(51) Pause Full (System.gc()) 785M->785M(5939M) 3245.141ms
[183.181s][info][gc,metaspace] GC(52) Metaspace: 154418K(199424K)->154418K(199424K) NonClass: 50941K(54080K)->50941K(54080K) Class: 103477K(145344K)->103477K(145344K)
[183.181s][info][gc          ] GC(52) Pause Full (System.gc()) 785M->785M(5939M) 3288.506ms
[186.423s][info][gc,metaspace] GC(53) Metaspace: 154418K(199424K)->154418K(199424K) NonClass: 50941K(54080K)->50941K(54080K) Class: 103477K(145344K)->103477K(145344K)
[186.423s][info][gc          ] GC(53) Pause Full (System.gc()) 785M->785M(5939M) 3242.548ms
[189.673s][info][gc,metaspace] GC(54) Metaspace: 154418K(199424K)->154418K(199424K) NonClass: 50941K(54080K)->50941K(54080K) Class: 103477K(145344K)->103477K(145344K)
[189.673s][info][gc          ] GC(54) Pause Full (System.gc()) 785M->785M(5939M) 3249.748ms
[192.914s][info][gc,metaspace] GC(55) Metaspace: 154418K(199424K)->154418K(199424K) NonClass: 50941K(54080K)->50941K(54080K) Class: 103477K(145344K)->103477K(145344K)
[192.914s][info][gc          ] GC(55) Pause Full (System.gc()) 796M->785M(5939M) 3240.284ms
[196.205s][info][gc,metaspace] GC(56) Metaspace: 154418K(199424K)->154418K(199424K) NonClass: 50941K(54080K)->50941K(54080K) Class: 103477K(145344K)->103477K(145344K)
[196.205s][info][gc          ] GC(56) Pause Full (System.gc()) 785M->785M(5939M) 3291.072ms
[199.447s][info][gc,metaspace] GC(57) Metaspace: 154418K(199424K)->154418K(199424K) NonClass: 50941K(54080K)->50941K(54080K) Class: 103477K(145344K)->103477K(145344K)
[199.447s][info][gc          ] GC(57) Pause Full (System.gc()) 785M->785M(5939M) 3241.186ms
[202.687s][info][gc,metaspace] GC(58) Metaspace: 154418K(199424K)->154418K(199424K) NonClass: 50941K(54080K)->50941K(54080K) Class: 103477K(145344K)->103477K(145344K)
[202.687s][info][gc          ] GC(58) Pause Full (System.gc()) 785M->785M(5939M) 3239.902ms
[205.930s][info][gc,metaspace] GC(59) Metaspace: 154418K(199424K)->154418K(199424K) NonClass: 50941K(54080K)->50941K(54080K) Class: 103477K(145344K)->103477K(145344K)
[205.930s][info][gc          ] GC(59) Pause Full (System.gc()) 785M->785M(5939M) 3242.736ms
[209.225s][info][gc,metaspace] GC(60) Metaspace: 154418K(199424K)->154418K(199424K) NonClass: 50941K(54080K)->50941K(54080K) Class: 103477K(145344K)->103477K(145344K)
[209.225s][info][gc          ] GC(60) Pause Full (System.gc()) 785M->785M(5939M) 3295.117ms
[212.465s][info][gc,metaspace] GC(61) Metaspace: 154418K(199424K)->154418K(199424K) NonClass: 50941K(54080K)->50941K(54080K) Class: 103477K(145344K)->103477K(145344K)
[212.465s][info][gc          ] GC(61) Pause Full (System.gc()) 785M->785M(5939M) 3239.581ms
[215.707s][info][gc,metaspace] GC(62) Metaspace: 154418K(199424K)->154418K(199424K) NonClass: 50941K(54080K)->50941K(54080K) Class: 103477K(145344K)->103477K(145344K)
[215.707s][info][gc          ] GC(62) Pause Full (System.gc()) 785M->785M(5939M) 3241.877ms
[218.948s][info][gc,metaspace] GC(63) Metaspace: 154418K(199424K)->154418K(199424K) NonClass: 50941K(54080K)->50941K(54080K) Class: 103477K(145344K)->103477K(145344K)
[218.948s][info][gc          ] GC(63) Pause Full (System.gc()) 785M->785M(5939M) 3241.120ms
[222.240s][info][gc,metaspace] GC(64) Metaspace: 154418K(199424K)->154418K(199424K) NonClass: 50941K(54080K)->50941K(54080K) Class: 103477K(145344K)->103477K(145344K)
[222.240s][info][gc          ] GC(64) Pause Full (System.gc()) 785M->785M(5939M) 3291.381ms
[225.483s][info][gc,metaspace] GC(65) Metaspace: 154418K(199424K)->154418K(199424K) NonClass: 50941K(54080K)->50941K(54080K) Class: 103477K(145344K)->103477K(145344K)
[225.483s][info][gc          ] GC(65) Pause Full (System.gc()) 785M->785M(5939M) 3243.010ms
[228.727s][info][gc,metaspace] GC(66) Metaspace: 154418K(199424K)->154418K(199424K) NonClass: 50941K(54080K)->50941K(54080K) Class: 103477K(145344K)->103477K(145344K)
[228.727s][info][gc          ] GC(66) Pause Full (System.gc()) 785M->785M(5939M) 3243.317ms
[232.020s][info][gc,metaspace] GC(67) Metaspace: 154418K(199424K)->154418K(199424K) NonClass: 50941K(54080K)->50941K(54080K) Class: 103477K(145344K)->103477K(145344K)
[232.020s][info][gc          ] GC(67) Pause Full (System.gc()) 785M->785M(5939M) 3293.410ms
[235.262s][info][gc,metaspace] GC(68) Metaspace: 154418K(199424K)->154418K(199424K) NonClass: 50941K(54080K)->50941K(54080K) Class: 103477K(145344K)->103477K(145344K)
[235.262s][info][gc          ] GC(68) Pause Full (System.gc()) 785M->785M(5939M) 3241.936ms
[238.511s][info][gc,metaspace] GC(69) Metaspace: 154418K(199424K)->154418K(199424K) NonClass: 50941K(54080K)->50941K(54080K) Class: 103477K(145344K)->103477K(145344K)
[238.511s][info][gc          ] GC(69) Pause Full (System.gc()) 785M->785M(5939M) 3248.745ms
[241.752s][info][gc,metaspace] GC(70) Metaspace: 154418K(199424K)->154418K(199424K) NonClass: 50941K(54080K)->50941K(54080K) Class: 103477K(145344K)->103477K(145344K)
[241.752s][info][gc          ] GC(70) Pause Full (System.gc()) 785M->785M(5939M) 3241.004ms
[245.048s][info][gc,metaspace] GC(71) Metaspace: 154418K(199424K)->154418K(199424K) NonClass: 50941K(54080K)->50941K(54080K) Class: 103477K(145344K)->103477K(145344K)
[245.048s][info][gc          ] GC(71) Pause Full (System.gc()) 785M->785M(5939M) 3295.598ms
[248.289s][info][gc,metaspace] GC(72) Metaspace: 154418K(199424K)->154418K(199424K) NonClass: 50941K(54080K)->50941K(54080K) Class: 103477K(145344K)->103477K(145344K)
[248.289s][info][gc          ] GC(72) Pause Full (System.gc()) 785M->785M(5939M) 3240.164ms
[251.532s][info][gc,metaspace] GC(73) Metaspace: 154418K(199424K)->154418K(199424K) NonClass: 50941K(54080K)->50941K(54080K) Class: 103477K(145344K)->103477K(145344K)
[251.532s][info][gc          ] GC(73) Pause Full (System.gc()) 785M->785M(5939M) 3243.180ms
[254.775s][info][gc,metaspace] GC(74) Metaspace: 154418K(199424K)->154418K(199424K) NonClass: 50941K(54080K)->50941K(54080K) Class: 103477K(145344K)->103477K(145344K)
[254.775s][info][gc          ] GC(74) Pause Full (System.gc()) 796M->785M(5939M) 3242.437ms
[258.064s][info][gc,metaspace] GC(75) Metaspace: 154418K(199424K)->154418K(199424K) NonClass: 50941K(54080K)->50941K(54080K) Class: 103477K(145344K)->103477K(145344K)
[258.064s][info][gc          ] GC(75) Pause Full (System.gc()) 785M->785M(5939M) 3289.753ms
[261.307s][info][gc,metaspace] GC(76) Metaspace: 154418K(199424K)->154418K(199424K) NonClass: 50941K(54080K)->50941K(54080K) Class: 103477K(145344K)->103477K(145344K)
[261.307s][info][gc          ] GC(76) Pause Full (System.gc()) 785M->785M(5939M) 3242.201ms
[264.553s][info][gc,metaspace] GC(77) Metaspace: 154418K(199424K)->154418K(199424K) NonClass: 50941K(54080K)->50941K(54080K) Class: 103477K(145344K)->103477K(145344K)
[264.553s][info][gc          ] GC(77) Pause Full (System.gc()) 785M->785M(5939M) 3246.348ms
[267.794s][info][gc,metaspace] GC(78) Metaspace: 154418K(199424K)->154418K(199424K) NonClass: 50941K(54080K)->50941K(54080K) Class: 103477K(145344K)->103477K(145344K)
[267.794s][info][gc          ] GC(78) Pause Full (System.gc()) 785M->785M(5939M) 3240.105ms
[271.086s][info][gc,metaspace] GC(79) Metaspace: 154418K(199424K)->154418K(199424K) NonClass: 50941K(54080K)->50941K(54080K) Class: 103477K(145344K)->103477K(145344K)
[271.086s][info][gc          ] GC(79) Pause Full (System.gc()) 785M->785M(5939M) 3292.516ms
[274.328s][info][gc,metaspace] GC(80) Metaspace: 154418K(199424K)->154418K(199424K) NonClass: 50941K(54080K)->50941K(54080K) Class: 103477K(145344K)->103477K(145344K)
[274.328s][info][gc          ] GC(80) Pause Full (System.gc()) 785M->785M(5939M) 3241.658ms
[277.569s][info][gc,metaspace] GC(81) Metaspace: 154418K(199424K)->154418K(199424K) NonClass: 50941K(54080K)->50941K(54080K) Class: 103477K(145344K)->103477K(145344K)
[277.569s][info][gc          ] GC(81) Pause Full (System.gc()) 785M->785M(5939M) 3240.236ms
[280.811s][info][gc,metaspace] GC(82) Metaspace: 154418K(199424K)->154418K(199424K) NonClass: 50941K(54080K)->50941K(54080K) Class: 103477K(145344K)->103477K(145344K)
[280.811s][info][gc          ] GC(82) Pause Full (System.gc()) 785M->785M(5939M) 3242.500ms
[284.108s][info][gc,metaspace] GC(83) Metaspace: 154418K(199424K)->154418K(199424K) NonClass: 50941K(54080K)->50941K(54080K) Class: 103477K(145344K)->103477K(145344K)
[284.108s][info][gc          ] GC(83) Pause Full (System.gc()) 785M->785M(5939M) 3296.178ms
[287.351s][info][gc,metaspace] GC(84) Metaspace: 154418K(199424K)->154418K(199424K) NonClass: 50941K(54080K)->50941K(54080K) Class: 103477K(145344K)->103477K(145344K)
[287.351s][info][gc          ] GC(84) Pause Full (System.gc()) 785M->785M(5939M) 3242.721ms
[290.592s][info][gc,metaspace] GC(85) Metaspace: 154418K(199424K)->154418K(199424K) NonClass: 50941K(54080K)->50941K(54080K) Class: 103477K(145344K)->103477K(145344K)
[290.592s][info][gc          ] GC(85) Pause Full (System.gc()) 785M->785M(5939M) 3240.898ms
[293.833s][info][gc,metaspace] GC(86) Metaspace: 154418K(199424K)->154418K(199424K) NonClass: 50941K(54080K)->50941K(54080K) Class: 103477K(145344K)->103477K(145344K)
[293.833s][info][gc          ] GC(86) Pause Full (System.gc()) 785M->785M(5939M) 3240.739ms
[297.125s][info][gc,metaspace] GC(87) Metaspace: 154418K(199424K)->154418K(199424K) NonClass: 50941K(54080K)->50941K(54080K) Class: 103477K(145344K)->103477K(145344K)
[297.125s][info][gc          ] GC(87) Pause Full (System.gc()) 785M->785M(5939M) 3292.492ms
[300.370s][info][gc,metaspace] GC(88) Metaspace: 154418K(199424K)->154418K(199424K) NonClass: 50941K(54080K)->50941K(54080K) Class: 103477K(145344K)->103477K(145344K)
[300.370s][info][gc          ] GC(88) Pause Full (System.gc()) 785M->785M(5939M) 3244.681ms
[303.611s][info][gc,metaspace] GC(89) Metaspace: 154418K(199424K)->154418K(199424K) NonClass: 50941K(54080K)->50941K(54080K) Class: 103477K(145344K)->103477K(145344K)
[303.611s][info][gc          ] GC(89) Pause Full (System.gc()) 785M->785M(5939M) 3240.416ms
[306.853s][info][gc,metaspace] GC(90) Metaspace: 154418K(199424K)->154418K(199424K) NonClass: 50941K(54080K)->50941K(54080K) Class: 103477K(145344K)->103477K(145344K)
[306.853s][info][gc          ] GC(90) Pause Full (System.gc()) 785M->785M(5939M) 3241.586ms
[310.144s][info][gc,metaspace] GC(91) Metaspace: 154418K(199424K)->154418K(199424K) NonClass: 50941K(54080K)->50941K(54080K) Class: 103477K(145344K)->103477K(145344K)
[310.144s][info][gc          ] GC(91) Pause Full (System.gc()) 785M->785M(5939M) 3291.555ms
[313.385s][info][gc,metaspace] GC(92) Metaspace: 154418K(199424K)->154418K(199424K) NonClass: 50941K(54080K)->50941K(54080K) Class: 103477K(145344K)->103477K(145344K)
[313.385s][info][gc          ] GC(92) Pause Full (System.gc()) 785M->785M(5939M) 3240.391ms
[316.628s][info][gc,metaspace] GC(93) Metaspace: 154418K(199424K)->154418K(199424K) NonClass: 50941K(54080K)->50941K(54080K) Class: 103477K(145344K)->103477K(145344K)
[316.628s][info][gc          ] GC(93) Pause Full (System.gc()) 796M->785M(5939M) 3242.211ms
[319.873s][info][gc,metaspace] GC(94) Metaspace: 154418K(199424K)->154418K(199424K) NonClass: 50941K(54080K)->50941K(54080K) Class: 103477K(145344K)->103477K(145344K)
[319.874s][info][gc          ] GC(94) Pause Full (System.gc()) 785M->785M(5939M) 3245.709ms
[323.164s][info][gc,metaspace] GC(95) Metaspace: 154418K(199424K)->154418K(199424K) NonClass: 50941K(54080K)->50941K(54080K) Class: 103477K(145344K)->103477K(145344K)
[323.164s][info][gc          ] GC(95) Pause Full (System.gc()) 785M->785M(5939M) 3290.302ms
[326.407s][info][gc,metaspace] GC(96) Metaspace: 154418K(199424K)->154418K(199424K) NonClass: 50941K(54080K)->50941K(54080K) Class: 103477K(145344K)->103477K(145344K)
[326.407s][info][gc          ] GC(96) Pause Full (System.gc()) 785M->785M(5939M) 3243.245ms
[329.650s][info][gc,metaspace] GC(97) Metaspace: 154418K(199424K)->154418K(199424K) NonClass: 50941K(54080K)->50941K(54080K) Class: 103477K(145344K)->103477K(145344K)
[329.650s][info][gc          ] GC(97) Pause Full (System.gc()) 785M->785M(5939M) 3242.087ms
[332.891s][info][gc,metaspace] GC(98) Metaspace: 154418K(199424K)->154418K(199424K) NonClass: 50941K(54080K)->50941K(54080K) Class: 103477K(145344K)->103477K(145344K)
[332.891s][info][gc          ] GC(98) Pause Full (System.gc()) 785M->785M(5939M) 3241.408ms
[336.183s][info][gc,metaspace] GC(99) Metaspace: 154418K(199424K)->154418K(199424K) NonClass: 50941K(54080K)->50941K(54080K) Class: 103477K(145344K)->103477K(145344K)
[336.183s][info][gc          ] GC(99) Pause Full (System.gc()) 785M->785M(5939M) 3291.908ms
[339.429s][info][gc,metaspace] GC(100) Metaspace: 154418K(199424K)->154418K(199424K) NonClass: 50941K(54080K)->50941K(54080K) Class: 103477K(145344K)->103477K(145344K)
[339.429s][info][gc          ] GC(100) Pause Full (System.gc()) 785M->785M(5939M) 3245.600ms
[342.669s][info][gc,metaspace] GC(101) Metaspace: 154418K(199424K)->154418K(199424K) NonClass: 50941K(54080K)->50941K(54080K) Class: 103477K(145344K)->103477K(145344K)
[342.669s][info][gc          ] GC(101) Pause Full (System.gc()) 785M->785M(5939M) 3240.096ms
[345.912s][info][gc,metaspace] GC(102) Metaspace: 154418K(199424K)->154418K(199424K) NonClass: 50941K(54080K)->50941K(54080K) Class: 103477K(145344K)->103477K(145344K)
[345.912s][info][gc          ] GC(102) Pause Full (System.gc()) 785M->785M(5939M) 3242.244ms
[349.206s][info][gc,metaspace] GC(103) Metaspace: 154418K(199424K)->154418K(199424K) NonClass: 50941K(54080K)->50941K(54080K) Class: 103477K(145344K)->103477K(145344K)
[349.206s][info][gc          ] GC(103) Pause Full (System.gc()) 785M->785M(5939M) 3294.068ms
[352.448s][info][gc,metaspace] GC(104) Metaspace: 154418K(199424K)->154418K(199424K) NonClass: 50941K(54080K)->50941K(54080K) Class: 103477K(145344K)->103477K(145344K)
[352.449s][info][gc          ] GC(104) Pause Full (System.gc()) 785M->785M(5939M) 3242.228ms
[355.694s][info][gc,metaspace] GC(105) Metaspace: 154418K(199424K)->154418K(199424K) NonClass: 50941K(54080K)->50941K(54080K) Class: 103477K(145344K)->103477K(145344K)
[355.694s][info][gc          ] GC(105) Pause Full (System.gc()) 785M->785M(5939M) 3245.107ms
[358.936s][info][gc,metaspace] GC(106) Metaspace: 154418K(199424K)->154418K(199424K) NonClass: 50941K(54080K)->50941K(54080K) Class: 103477K(145344K)->103477K(145344K)
[358.936s][info][gc          ] GC(106) Pause Full (System.gc()) 785M->785M(5939M) 3242.307ms
[362.229s][info][gc,metaspace] GC(107) Metaspace: 154418K(199424K)->154418K(199424K) NonClass: 50941K(54080K)->50941K(54080K) Class: 103477K(145344K)->103477K(145344K)
[362.229s][info][gc          ] GC(107) Pause Full (System.gc()) 785M->785M(5939M) 3292.211ms
[365.470s][info][gc,metaspace] GC(108) Metaspace: 154418K(199424K)->154418K(199424K) NonClass: 50941K(54080K)->50941K(54080K) Class: 103477K(145344K)->103477K(145344K)
[365.470s][info][gc          ] GC(108) Pause Full (System.gc()) 785M->785M(5939M) 3241.371ms
[368.711s][info][gc,metaspace] GC(109) Metaspace: 154418K(199424K)->154418K(199424K) NonClass: 50941K(54080K)->50941K(54080K) Class: 103477K(145344K)->103477K(145344K)
[368.711s][info][gc          ] GC(109) Pause Full (System.gc()) 785M->785M(5939M) 3240.246ms
[371.953s][info][gc,metaspace] GC(110) Metaspace: 154418K(199424K)->154418K(199424K) NonClass: 50941K(54080K)->50941K(54080K) Class: 103477K(145344K)->103477K(145344K)
[371.953s][info][gc          ] GC(110) Pause Full (System.gc()) 785M->785M(5939M) 3241.573ms
[375.249s][info][gc,metaspace] GC(111) Metaspace: 154418K(199424K)->154418K(199424K) NonClass: 50941K(54080K)->50941K(54080K) Class: 103477K(145344K)->103477K(145344K)
[375.249s][info][gc          ] GC(111) Pause Full (System.gc()) 785M->785M(5939M) 3296.241ms
[378.489s][info][gc,metaspace] GC(112) Metaspace: 154418K(199424K)->154418K(199424K) NonClass: 50941K(54080K)->50941K(54080K) Class: 103477K(145344K)->103477K(145344K)
[378.489s][info][gc          ] GC(112) Pause Full (System.gc()) 796M->785M(5939M) 3239.701ms
[381.731s][info][gc,metaspace] GC(113) Metaspace: 154418K(199424K)->154418K(199424K) NonClass: 50941K(54080K)->50941K(54080K) Class: 103477K(145344K)->103477K(145344K)
[381.731s][info][gc          ] GC(113) Pause Full (System.gc()) 785M->785M(5939M) 3241.883ms
[385.023s][info][gc,metaspace] GC(114) Metaspace: 154418K(199424K)->154418K(199424K) NonClass: 50941K(54080K)->50941K(54080K) Class: 103477K(145344K)->103477K(145344K)
[385.023s][info][gc          ] GC(114) Pause Full (System.gc()) 785M->785M(5939M) 3292.223ms
[388.263s][info][gc,metaspace] GC(115) Metaspace: 154418K(199424K)->154418K(199424K) NonClass: 50941K(54080K)->50941K(54080K) Class: 103477K(145344K)->103477K(145344K)
[388.263s][info][gc          ] GC(115) Pause Full (System.gc()) 785M->785M(5939M) 3239.790ms
[391.506s][info][gc,metaspace] GC(116) Metaspace: 154418K(199424K)->154418K(199424K) NonClass: 50941K(54080K)->50941K(54080K) Class: 103477K(145344K)->103477K(145344K)
[391.506s][info][gc          ] GC(116) Pause Full (System.gc()) 785M->785M(5939M) 3242.346ms
[394.753s][info][gc,metaspace] GC(117) Metaspace: 154418K(199424K)->154418K(199424K) NonClass: 50941K(54080K)->50941K(54080K) Class: 103477K(145344K)->103477K(145344K)
[394.753s][info][gc          ] GC(117) Pause Full (System.gc()) 785M->785M(5939M) 3247.015ms
[398.045s][info][gc,metaspace] GC(118) Metaspace: 154418K(199424K)->154418K(199424K) NonClass: 50941K(54080K)->50941K(54080K) Class: 103477K(145344K)->103477K(145344K)
[398.045s][info][gc          ] GC(118) Pause Full (System.gc()) 785M->785M(5939M) 3291.394ms
[401.527s][info][gc,metaspace] GC(119) Metaspace: 154418K(199424K)->154418K(199424K) NonClass: 50941K(54080K)->50941K(54080K) Class: 103477K(145344K)->103477K(145344K)
[401.527s][info][gc          ] GC(119) Pause Full (System.gc()) 785M->785M(5939M) 3482.348ms
After GCs... 
