Done; will start GCs... 
[75.433s][info][gc,metaspace] GC(20) Metaspace: 57494K(60544K)->57494K(60544K) NonClass: 57494K(60544K)->57494K(60544K) Class: 0K(0K)->0K(0K)
[75.433s][info][gc          ] GC(20) Pause Full (System.gc()) 812M->786M(5939M) 4938.933ms
[80.636s][info][gc,metaspace] GC(21) Metaspace: 57494K(60544K)->57494K(60544K) NonClass: 57494K(60544K)->57494K(60544K) Class: 0K(0K)->0K(0K)
[80.636s][info][gc          ] GC(21) Pause Full (System.gc()) 786M->785M(5939M) 5202.871ms
[84.613s][info][gc,metaspace] GC(22) Metaspace: 57494K(60544K)->57494K(60544K) NonClass: 57494K(60544K)->57494K(60544K) Class: 0K(0K)->0K(0K)
[84.613s][info][gc          ] GC(22) Pause Full (System.gc()) 785M->785M(5939M) 3976.629ms
[88.584s][info][gc,metaspace] GC(23) Metaspace: 57494K(60544K)->57494K(60544K) NonClass: 57494K(60544K)->57494K(60544K) Class: 0K(0K)->0K(0K)
[88.584s][info][gc          ] GC(23) Pause Full (System.gc()) 785M->785M(5939M) 3970.753ms
[92.554s][info][gc,metaspace] GC(24) Metaspace: 57494K(60544K)->57494K(60544K) NonClass: 57494K(60544K)->57494K(60544K) Class: 0K(0K)->0K(0K)
[92.554s][info][gc          ] GC(24) Pause Full (System.gc()) 785M->785M(5939M) 3969.679ms
[96.521s][info][gc,metaspace] GC(25) Metaspace: 57494K(60544K)->57494K(60544K) NonClass: 57494K(60544K)->57494K(60544K) Class: 0K(0K)->0K(0K)
[96.522s][info][gc          ] GC(25) Pause Full (System.gc()) 785M->785M(5939M) 3967.514ms
[100.496s][info][gc,metaspace] GC(26) Metaspace: 57494K(60544K)->57494K(60544K) NonClass: 57494K(60544K)->57494K(60544K) Class: 0K(0K)->0K(0K)
[100.496s][info][gc          ] GC(26) Pause Full (System.gc()) 785M->785M(5939M) 3974.081ms
[104.467s][info][gc,metaspace] GC(27) Metaspace: 57494K(60544K)->57494K(60544K) NonClass: 57494K(60544K)->57494K(60544K) Class: 0K(0K)->0K(0K)
[104.467s][info][gc          ] GC(27) Pause Full (System.gc()) 785M->785M(5939M) 3971.264ms
[108.441s][info][gc,metaspace] GC(28) Metaspace: 57494K(60544K)->57494K(60544K) NonClass: 57494K(60544K)->57494K(60544K) Class: 0K(0K)->0K(0K)
[108.441s][info][gc          ] GC(28) Pause Full (System.gc()) 785M->785M(5939M) 3973.235ms
[112.415s][info][gc,metaspace] GC(29) Metaspace: 57494K(60544K)->57494K(60544K) NonClass: 57494K(60544K)->57494K(60544K) Class: 0K(0K)->0K(0K)
[112.415s][info][gc          ] GC(29) Pause Full (System.gc()) 785M->785M(5939M) 3973.786ms
[116.388s][info][gc,metaspace] GC(30) Metaspace: 57494K(60544K)->57494K(60544K) NonClass: 57494K(60544K)->57494K(60544K) Class: 0K(0K)->0K(0K)
[116.388s][info][gc          ] GC(30) Pause Full (System.gc()) 785M->785M(5939M) 3973.111ms
[120.358s][info][gc,metaspace] GC(31) Metaspace: 57494K(60544K)->57494K(60544K) NonClass: 57494K(60544K)->57494K(60544K) Class: 0K(0K)->0K(0K)
[120.358s][info][gc          ] GC(31) Pause Full (System.gc()) 785M->785M(5939M) 3969.775ms
[124.330s][info][gc,metaspace] GC(32) Metaspace: 57494K(60544K)->57494K(60544K) NonClass: 57494K(60544K)->57494K(60544K) Class: 0K(0K)->0K(0K)
[124.330s][info][gc          ] GC(32) Pause Full (System.gc()) 785M->785M(5939M) 3972.041ms
[128.286s][info][gc,metaspace] GC(33) Metaspace: 57494K(60544K)->57494K(60544K) NonClass: 57494K(60544K)->57494K(60544K) Class: 0K(0K)->0K(0K)
[128.286s][info][gc          ] GC(33) Pause Full (System.gc()) 785M->785M(5939M) 3955.401ms
[132.259s][info][gc,metaspace] GC(34) Metaspace: 57494K(60544K)->57494K(60544K) NonClass: 57494K(60544K)->57494K(60544K) Class: 0K(0K)->0K(0K)
[132.259s][info][gc          ] GC(34) Pause Full (System.gc()) 796M->785M(5939M) 3972.731ms
[136.230s][info][gc,metaspace] GC(35) Metaspace: 57494K(60544K)->57494K(60544K) NonClass: 57494K(60544K)->57494K(60544K) Class: 0K(0K)->0K(0K)
[136.230s][info][gc          ] GC(35) Pause Full (System.gc()) 785M->785M(5939M) 3970.962ms
[140.200s][info][gc,metaspace] GC(36) Metaspace: 57494K(60544K)->57494K(60544K) NonClass: 57494K(60544K)->57494K(60544K) Class: 0K(0K)->0K(0K)
[140.200s][info][gc          ] GC(36) Pause Full (System.gc()) 785M->785M(5939M) 3969.847ms
[144.427s][info][gc,metaspace] GC(37) Metaspace: 57494K(60544K)->57494K(60544K) NonClass: 57494K(60544K)->57494K(60544K) Class: 0K(0K)->0K(0K)
[144.427s][info][gc          ] GC(37) Pause Full (System.gc()) 785M->785M(5939M) 4226.860ms
[148.397s][info][gc,metaspace] GC(38) Metaspace: 57494K(60544K)->57494K(60544K) NonClass: 57494K(60544K)->57494K(60544K) Class: 0K(0K)->0K(0K)
[148.397s][info][gc          ] GC(38) Pause Full (System.gc()) 785M->785M(5939M) 3969.959ms
[152.373s][info][gc,metaspace] GC(39) Metaspace: 57494K(60544K)->57494K(60544K) NonClass: 57494K(60544K)->57494K(60544K) Class: 0K(0K)->0K(0K)
[152.373s][info][gc          ] GC(39) Pause Full (System.gc()) 785M->785M(5939M) 3975.128ms
[156.342s][info][gc,metaspace] GC(40) Metaspace: 57494K(60544K)->57494K(60544K) NonClass: 57494K(60544K)->57494K(60544K) Class: 0K(0K)->0K(0K)
[156.342s][info][gc          ] GC(40) Pause Full (System.gc()) 785M->785M(5939M) 3969.021ms
[160.315s][info][gc,metaspace] GC(41) Metaspace: 57494K(60544K)->57494K(60544K) NonClass: 57494K(60544K)->57494K(60544K) Class: 0K(0K)->0K(0K)
[160.315s][info][gc          ] GC(41) Pause Full (System.gc()) 785M->785M(5939M) 3973.079ms
[164.289s][info][gc,metaspace] GC(42) Metaspace: 57494K(60544K)->57494K(60544K) NonClass: 57494K(60544K)->57494K(60544K) Class: 0K(0K)->0K(0K)
[164.289s][info][gc          ] GC(42) Pause Full (System.gc()) 785M->785M(5939M) 3973.240ms
[168.264s][info][gc,metaspace] GC(43) Metaspace: 57494K(60544K)->57494K(60544K) NonClass: 57494K(60544K)->57494K(60544K) Class: 0K(0K)->0K(0K)
[168.264s][info][gc          ] GC(43) Pause Full (System.gc()) 785M->785M(5939M) 3975.024ms
[172.238s][info][gc,metaspace] GC(44) Metaspace: 57494K(60544K)->57494K(60544K) NonClass: 57494K(60544K)->57494K(60544K) Class: 0K(0K)->0K(0K)
[172.238s][info][gc          ] GC(44) Pause Full (System.gc()) 785M->785M(5939M) 3973.847ms
[176.207s][info][gc,metaspace] GC(45) Metaspace: 57494K(60544K)->57494K(60544K) NonClass: 57494K(60544K)->57494K(60544K) Class: 0K(0K)->0K(0K)
[176.207s][info][gc          ] GC(45) Pause Full (System.gc()) 785M->785M(5939M) 3968.741ms
[180.174s][info][gc,metaspace] GC(46) Metaspace: 57494K(60544K)->57494K(60544K) NonClass: 57494K(60544K)->57494K(60544K) Class: 0K(0K)->0K(0K)
[180.174s][info][gc          ] GC(46) Pause Full (System.gc()) 785M->785M(5939M) 3967.036ms
[184.146s][info][gc,metaspace] GC(47) Metaspace: 57494K(60544K)->57494K(60544K) NonClass: 57494K(60544K)->57494K(60544K) Class: 0K(0K)->0K(0K)
[184.146s][info][gc          ] GC(47) Pause Full (System.gc()) 785M->785M(5939M) 3971.939ms
[188.117s][info][gc,metaspace] GC(48) Metaspace: 57494K(60544K)->57494K(60544K) NonClass: 57494K(60544K)->57494K(60544K) Class: 0K(0K)->0K(0K)
[188.117s][info][gc          ] GC(48) Pause Full (System.gc()) 785M->785M(5939M) 3970.363ms
[192.085s][info][gc,metaspace] GC(49) Metaspace: 57494K(60544K)->57494K(60544K) NonClass: 57494K(60544K)->57494K(60544K) Class: 0K(0K)->0K(0K)
[192.085s][info][gc          ] GC(49) Pause Full (System.gc()) 785M->785M(5939M) 3967.565ms
[196.057s][info][gc,metaspace] GC(50) Metaspace: 57494K(60544K)->57494K(60544K) NonClass: 57494K(60544K)->57494K(60544K) Class: 0K(0K)->0K(0K)
[196.057s][info][gc          ] GC(50) Pause Full (System.gc()) 796M->785M(5939M) 3972.581ms
[200.770s][info][gc,metaspace] GC(51) Metaspace: 57494K(60544K)->57494K(60544K) NonClass: 57494K(60544K)->57494K(60544K) Class: 0K(0K)->0K(0K)
[200.770s][info][gc          ] GC(51) Pause Full (System.gc()) 785M->785M(5939M) 4712.808ms
[204.740s][info][gc,metaspace] GC(52) Metaspace: 57494K(60544K)->57494K(60544K) NonClass: 57494K(60544K)->57494K(60544K) Class: 0K(0K)->0K(0K)
[204.740s][info][gc          ] GC(52) Pause Full (System.gc()) 785M->785M(5939M) 3969.103ms
[208.709s][info][gc,metaspace] GC(53) Metaspace: 57494K(60544K)->57494K(60544K) NonClass: 57494K(60544K)->57494K(60544K) Class: 0K(0K)->0K(0K)
[208.710s][info][gc          ] GC(53) Pause Full (System.gc()) 785M->785M(5939M) 3969.650ms
[212.680s][info][gc,metaspace] GC(54) Metaspace: 57494K(60544K)->57494K(60544K) NonClass: 57494K(60544K)->57494K(60544K) Class: 0K(0K)->0K(0K)
[212.680s][info][gc          ] GC(54) Pause Full (System.gc()) 785M->785M(5939M) 3970.174ms
[216.654s][info][gc,metaspace] GC(55) Metaspace: 57494K(60544K)->57494K(60544K) NonClass: 57494K(60544K)->57494K(60544K) Class: 0K(0K)->0K(0K)
[216.654s][info][gc          ] GC(55) Pause Full (System.gc()) 785M->785M(5939M) 3973.932ms
[220.625s][info][gc,metaspace] GC(56) Metaspace: 57494K(60544K)->57494K(60544K) NonClass: 57494K(60544K)->57494K(60544K) Class: 0K(0K)->0K(0K)
[220.625s][info][gc          ] GC(56) Pause Full (System.gc()) 785M->785M(5939M) 3970.962ms
[224.600s][info][gc,metaspace] GC(57) Metaspace: 57494K(60544K)->57494K(60544K) NonClass: 57494K(60544K)->57494K(60544K) Class: 0K(0K)->0K(0K)
[224.600s][info][gc          ] GC(57) Pause Full (System.gc()) 785M->785M(5939M) 3974.475ms
[228.603s][info][gc,metaspace] GC(58) Metaspace: 57494K(60544K)->57494K(60544K) NonClass: 57494K(60544K)->57494K(60544K) Class: 0K(0K)->0K(0K)
[228.603s][info][gc          ] GC(58) Pause Full (System.gc()) 785M->785M(5939M) 4002.918ms
[232.578s][info][gc,metaspace] GC(59) Metaspace: 57494K(60544K)->57494K(60544K) NonClass: 57494K(60544K)->57494K(60544K) Class: 0K(0K)->0K(0K)
[232.578s][info][gc          ] GC(59) Pause Full (System.gc()) 785M->785M(5939M) 3975.298ms
[236.549s][info][gc,metaspace] GC(60) Metaspace: 57494K(60544K)->57494K(60544K) NonClass: 57494K(60544K)->57494K(60544K) Class: 0K(0K)->0K(0K)
[236.549s][info][gc          ] GC(60) Pause Full (System.gc()) 785M->785M(5939M) 3970.024ms
[240.520s][info][gc,metaspace] GC(61) Metaspace: 57494K(60544K)->57494K(60544K) NonClass: 57494K(60544K)->57494K(60544K) Class: 0K(0K)->0K(0K)
[240.520s][info][gc          ] GC(61) Pause Full (System.gc()) 785M->785M(5939M) 3971.184ms
[244.490s][info][gc,metaspace] GC(62) Metaspace: 57494K(60544K)->57494K(60544K) NonClass: 57494K(60544K)->57494K(60544K) Class: 0K(0K)->0K(0K)
[244.490s][info][gc          ] GC(62) Pause Full (System.gc()) 785M->785M(5939M) 3970.115ms
[248.462s][info][gc,metaspace] GC(63) Metaspace: 57494K(60544K)->57494K(60544K) NonClass: 57494K(60544K)->57494K(60544K) Class: 0K(0K)->0K(0K)
[248.462s][info][gc          ] GC(63) Pause Full (System.gc()) 785M->785M(5939M) 3971.493ms
[252.436s][info][gc,metaspace] GC(64) Metaspace: 57494K(60544K)->57494K(60544K) NonClass: 57494K(60544K)->57494K(60544K) Class: 0K(0K)->0K(0K)
[252.436s][info][gc          ] GC(64) Pause Full (System.gc()) 785M->785M(5939M) 3973.784ms
[256.409s][info][gc,metaspace] GC(65) Metaspace: 57494K(60544K)->57494K(60544K) NonClass: 57494K(60544K)->57494K(60544K) Class: 0K(0K)->0K(0K)
[256.409s][info][gc          ] GC(65) Pause Full (System.gc()) 796M->785M(5939M) 3972.775ms
[260.378s][info][gc,metaspace] GC(66) Metaspace: 57494K(60544K)->57494K(60544K) NonClass: 57494K(60544K)->57494K(60544K) Class: 0K(0K)->0K(0K)
[260.378s][info][gc          ] GC(66) Pause Full (System.gc()) 785M->785M(5939M) 3968.260ms
[264.347s][info][gc,metaspace] GC(67) Metaspace: 57494K(60544K)->57494K(60544K) NonClass: 57494K(60544K)->57494K(60544K) Class: 0K(0K)->0K(0K)
[264.347s][info][gc          ] GC(67) Pause Full (System.gc()) 785M->785M(5939M) 3968.652ms
[268.323s][info][gc,metaspace] GC(68) Metaspace: 57494K(60544K)->57494K(60544K) NonClass: 57494K(60544K)->57494K(60544K) Class: 0K(0K)->0K(0K)
[268.323s][info][gc          ] GC(68) Pause Full (System.gc()) 785M->785M(5939M) 3975.923ms
[272.294s][info][gc,metaspace] GC(69) Metaspace: 57494K(60544K)->57494K(60544K) NonClass: 57494K(60544K)->57494K(60544K) Class: 0K(0K)->0K(0K)
[272.294s][info][gc          ] GC(69) Pause Full (System.gc()) 785M->785M(5939M) 3970.893ms
[276.264s][info][gc,metaspace] GC(70) Metaspace: 57494K(60544K)->57494K(60544K) NonClass: 57494K(60544K)->57494K(60544K) Class: 0K(0K)->0K(0K)
[276.264s][info][gc          ] GC(70) Pause Full (System.gc()) 785M->785M(5939M) 3970.081ms
[280.235s][info][gc,metaspace] GC(71) Metaspace: 57494K(60544K)->57494K(60544K) NonClass: 57494K(60544K)->57494K(60544K) Class: 0K(0K)->0K(0K)
[280.235s][info][gc          ] GC(71) Pause Full (System.gc()) 785M->785M(5939M) 3970.938ms
[284.210s][info][gc,metaspace] GC(72) Metaspace: 57494K(60544K)->57494K(60544K) NonClass: 57494K(60544K)->57494K(60544K) Class: 0K(0K)->0K(0K)
[284.211s][info][gc          ] GC(72) Pause Full (System.gc()) 785M->785M(5939M) 3974.918ms
[288.187s][info][gc,metaspace] GC(73) Metaspace: 57494K(60544K)->57494K(60544K) NonClass: 57494K(60544K)->57494K(60544K) Class: 0K(0K)->0K(0K)
[288.187s][info][gc          ] GC(73) Pause Full (System.gc()) 785M->785M(5939M) 3976.354ms
[292.159s][info][gc,metaspace] GC(74) Metaspace: 57494K(60544K)->57494K(60544K) NonClass: 57494K(60544K)->57494K(60544K) Class: 0K(0K)->0K(0K)
[292.159s][info][gc          ] GC(74) Pause Full (System.gc()) 785M->785M(5939M) 3972.035ms
[296.130s][info][gc,metaspace] GC(75) Metaspace: 57494K(60544K)->57494K(60544K) NonClass: 57494K(60544K)->57494K(60544K) Class: 0K(0K)->0K(0K)
[296.130s][info][gc          ] GC(75) Pause Full (System.gc()) 785M->785M(5939M) 3970.767ms
[300.099s][info][gc,metaspace] GC(76) Metaspace: 57494K(60544K)->57494K(60544K) NonClass: 57494K(60544K)->57494K(60544K) Class: 0K(0K)->0K(0K)
[300.099s][info][gc          ] GC(76) Pause Full (System.gc()) 785M->785M(5939M) 3968.550ms
[304.074s][info][gc,metaspace] GC(77) Metaspace: 57494K(60544K)->57494K(60544K) NonClass: 57494K(60544K)->57494K(60544K) Class: 0K(0K)->0K(0K)
[304.074s][info][gc          ] GC(77) Pause Full (System.gc()) 785M->785M(5939M) 3975.306ms
[308.047s][info][gc,metaspace] GC(78) Metaspace: 57494K(60544K)->57494K(60544K) NonClass: 57494K(60544K)->57494K(60544K) Class: 0K(0K)->0K(0K)
[308.047s][info][gc          ] GC(78) Pause Full (System.gc()) 785M->785M(5939M) 3971.983ms
[312.758s][info][gc,metaspace] GC(79) Metaspace: 57494K(60544K)->57494K(60544K) NonClass: 57494K(60544K)->57494K(60544K) Class: 0K(0K)->0K(0K)
[312.758s][info][gc          ] GC(79) Pause Full (System.gc()) 785M->785M(5939M) 4711.229ms
[316.729s][info][gc,metaspace] GC(80) Metaspace: 57494K(60544K)->57494K(60544K) NonClass: 57494K(60544K)->57494K(60544K) Class: 0K(0K)->0K(0K)
[316.730s][info][gc          ] GC(80) Pause Full (System.gc()) 785M->785M(5939M) 3971.075ms
[320.704s][info][gc,metaspace] GC(81) Metaspace: 57494K(60544K)->57494K(60544K) NonClass: 57494K(60544K)->57494K(60544K) Class: 0K(0K)->0K(0K)
[320.704s][info][gc          ] GC(81) Pause Full (System.gc()) 796M->785M(5939M) 3974.169ms
[324.674s][info][gc,metaspace] GC(82) Metaspace: 57494K(60544K)->57494K(60544K) NonClass: 57494K(60544K)->57494K(60544K) Class: 0K(0K)->0K(0K)
[324.674s][info][gc          ] GC(82) Pause Full (System.gc()) 785M->785M(5939M) 3969.528ms
[328.646s][info][gc,metaspace] GC(83) Metaspace: 57494K(60544K)->57494K(60544K) NonClass: 57494K(60544K)->57494K(60544K) Class: 0K(0K)->0K(0K)
[328.646s][info][gc          ] GC(83) Pause Full (System.gc()) 785M->785M(5939M) 3972.604ms
[332.618s][info][gc,metaspace] GC(84) Metaspace: 57494K(60544K)->57494K(60544K) NonClass: 57494K(60544K)->57494K(60544K) Class: 0K(0K)->0K(0K)
[332.618s][info][gc          ] GC(84) Pause Full (System.gc()) 785M->785M(5939M) 3970.798ms
[336.591s][info][gc,metaspace] GC(85) Metaspace: 57494K(60544K)->57494K(60544K) NonClass: 57494K(60544K)->57494K(60544K) Class: 0K(0K)->0K(0K)
[336.591s][info][gc          ] GC(85) Pause Full (System.gc()) 785M->785M(5939M) 3973.516ms
[340.564s][info][gc,metaspace] GC(86) Metaspace: 57494K(60544K)->57494K(60544K) NonClass: 57494K(60544K)->57494K(60544K) Class: 0K(0K)->0K(0K)
[340.564s][info][gc          ] GC(86) Pause Full (System.gc()) 785M->785M(5939M) 3972.515ms
[344.538s][info][gc,metaspace] GC(87) Metaspace: 57494K(60544K)->57494K(60544K) NonClass: 57494K(60544K)->57494K(60544K) Class: 0K(0K)->0K(0K)
[344.538s][info][gc          ] GC(87) Pause Full (System.gc()) 785M->785M(5939M) 3973.575ms
[348.510s][info][gc,metaspace] GC(88) Metaspace: 57494K(60544K)->57494K(60544K) NonClass: 57494K(60544K)->57494K(60544K) Class: 0K(0K)->0K(0K)
[348.510s][info][gc          ] GC(88) Pause Full (System.gc()) 785M->785M(5939M) 3972.201ms
[352.487s][info][gc,metaspace] GC(89) Metaspace: 57494K(60544K)->57494K(60544K) NonClass: 57494K(60544K)->57494K(60544K) Class: 0K(0K)->0K(0K)
[352.487s][info][gc          ] GC(89) Pause Full (System.gc()) 785M->785M(5939M) 3976.542ms
[356.461s][info][gc,metaspace] GC(90) Metaspace: 57494K(60544K)->57494K(60544K) NonClass: 57494K(60544K)->57494K(60544K) Class: 0K(0K)->0K(0K)
[356.461s][info][gc          ] GC(90) Pause Full (System.gc()) 785M->785M(5939M) 3974.160ms
[360.431s][info][gc,metaspace] GC(91) Metaspace: 57494K(60544K)->57494K(60544K) NonClass: 57494K(60544K)->57494K(60544K) Class: 0K(0K)->0K(0K)
[360.431s][info][gc          ] GC(91) Pause Full (System.gc()) 785M->785M(5939M) 3969.378ms
[364.401s][info][gc,metaspace] GC(92) Metaspace: 57494K(60544K)->57494K(60544K) NonClass: 57494K(60544K)->57494K(60544K) Class: 0K(0K)->0K(0K)
[364.401s][info][gc          ] GC(92) Pause Full (System.gc()) 785M->785M(5939M) 3970.356ms
[368.372s][info][gc,metaspace] GC(93) Metaspace: 57494K(60544K)->57494K(60544K) NonClass: 57494K(60544K)->57494K(60544K) Class: 0K(0K)->0K(0K)
[368.372s][info][gc          ] GC(93) Pause Full (System.gc()) 785M->785M(5939M) 3970.702ms
[372.347s][info][gc,metaspace] GC(94) Metaspace: 57494K(60544K)->57494K(60544K) NonClass: 57494K(60544K)->57494K(60544K) Class: 0K(0K)->0K(0K)
[372.347s][info][gc          ] GC(94) Pause Full (System.gc()) 785M->785M(5939M) 3974.571ms
[376.318s][info][gc,metaspace] GC(95) Metaspace: 57494K(60544K)->57494K(60544K) NonClass: 57494K(60544K)->57494K(60544K) Class: 0K(0K)->0K(0K)
[376.318s][info][gc          ] GC(95) Pause Full (System.gc()) 785M->785M(5939M) 3971.407ms
[380.289s][info][gc,metaspace] GC(96) Metaspace: 57494K(60544K)->57494K(60544K) NonClass: 57494K(60544K)->57494K(60544K) Class: 0K(0K)->0K(0K)
[380.289s][info][gc          ] GC(96) Pause Full (System.gc()) 785M->785M(5939M) 3970.118ms
[384.259s][info][gc,metaspace] GC(97) Metaspace: 57494K(60544K)->57494K(60544K) NonClass: 57494K(60544K)->57494K(60544K) Class: 0K(0K)->0K(0K)
[384.259s][info][gc          ] GC(97) Pause Full (System.gc()) 796M->785M(5939M) 3969.682ms
[388.235s][info][gc,metaspace] GC(98) Metaspace: 57494K(60544K)->57494K(60544K) NonClass: 57494K(60544K)->57494K(60544K) Class: 0K(0K)->0K(0K)
[388.235s][info][gc          ] GC(98) Pause Full (System.gc()) 785M->785M(5939M) 3976.077ms
[392.207s][info][gc,metaspace] GC(99) Metaspace: 57494K(60544K)->57494K(60544K) NonClass: 57494K(60544K)->57494K(60544K) Class: 0K(0K)->0K(0K)
[392.207s][info][gc          ] GC(99) Pause Full (System.gc()) 785M->785M(5939M) 3971.429ms
[396.177s][info][gc,metaspace] GC(100) Metaspace: 57494K(60544K)->57494K(60544K) NonClass: 57494K(60544K)->57494K(60544K) Class: 0K(0K)->0K(0K)
[396.178s][info][gc          ] GC(100) Pause Full (System.gc()) 785M->785M(5939M) 3970.576ms
[400.149s][info][gc,metaspace] GC(101) Metaspace: 57494K(60544K)->57494K(60544K) NonClass: 57494K(60544K)->57494K(60544K) Class: 0K(0K)->0K(0K)
[400.149s][info][gc          ] GC(101) Pause Full (System.gc()) 785M->785M(5939M) 3971.054ms
[404.129s][info][gc,metaspace] GC(102) Metaspace: 57494K(60544K)->57494K(60544K) NonClass: 57494K(60544K)->57494K(60544K) Class: 0K(0K)->0K(0K)
[404.129s][info][gc          ] GC(102) Pause Full (System.gc()) 785M->785M(5939M) 3979.679ms
[408.095s][info][gc,metaspace] GC(103) Metaspace: 57494K(60544K)->57494K(60544K) NonClass: 57494K(60544K)->57494K(60544K) Class: 0K(0K)->0K(0K)
[408.095s][info][gc          ] GC(103) Pause Full (System.gc()) 785M->785M(5939M) 3966.454ms
[412.072s][info][gc,metaspace] GC(104) Metaspace: 57494K(60544K)->57494K(60544K) NonClass: 57494K(60544K)->57494K(60544K) Class: 0K(0K)->0K(0K)
[412.072s][info][gc          ] GC(104) Pause Full (System.gc()) 785M->785M(5939M) 3976.632ms
[416.043s][info][gc,metaspace] GC(105) Metaspace: 57494K(60544K)->57494K(60544K) NonClass: 57494K(60544K)->57494K(60544K) Class: 0K(0K)->0K(0K)
[416.043s][info][gc          ] GC(105) Pause Full (System.gc()) 785M->785M(5939M) 3970.603ms
[420.258s][info][gc,metaspace] GC(106) Metaspace: 57494K(60544K)->57494K(60544K) NonClass: 57494K(60544K)->57494K(60544K) Class: 0K(0K)->0K(0K)
[420.258s][info][gc          ] GC(106) Pause Full (System.gc()) 785M->785M(5939M) 4214.971ms
[424.233s][info][gc,metaspace] GC(107) Metaspace: 57494K(60544K)->57494K(60544K) NonClass: 57494K(60544K)->57494K(60544K) Class: 0K(0K)->0K(0K)
[424.233s][info][gc          ] GC(107) Pause Full (System.gc()) 785M->785M(5939M) 3974.484ms
[428.204s][info][gc,metaspace] GC(108) Metaspace: 57494K(60544K)->57494K(60544K) NonClass: 57494K(60544K)->57494K(60544K) Class: 0K(0K)->0K(0K)
[428.204s][info][gc          ] GC(108) Pause Full (System.gc()) 785M->785M(5939M) 3971.254ms
[432.176s][info][gc,metaspace] GC(109) Metaspace: 57494K(60544K)->57494K(60544K) NonClass: 57494K(60544K)->57494K(60544K) Class: 0K(0K)->0K(0K)
[432.176s][info][gc          ] GC(109) Pause Full (System.gc()) 785M->785M(5939M) 3971.979ms
[436.149s][info][gc,metaspace] GC(110) Metaspace: 57494K(60544K)->57494K(60544K) NonClass: 57494K(60544K)->57494K(60544K) Class: 0K(0K)->0K(0K)
[436.149s][info][gc          ] GC(110) Pause Full (System.gc()) 785M->785M(5939M) 3972.006ms
[440.122s][info][gc,metaspace] GC(111) Metaspace: 57494K(60544K)->57494K(60544K) NonClass: 57494K(60544K)->57494K(60544K) Class: 0K(0K)->0K(0K)
[440.122s][info][gc          ] GC(111) Pause Full (System.gc()) 785M->785M(5939M) 3973.390ms
[444.093s][info][gc,metaspace] GC(112) Metaspace: 57494K(60544K)->57494K(60544K) NonClass: 57494K(60544K)->57494K(60544K) Class: 0K(0K)->0K(0K)
[444.093s][info][gc          ] GC(112) Pause Full (System.gc()) 785M->785M(5939M) 3971.042ms
[448.066s][info][gc,metaspace] GC(113) Metaspace: 57494K(60544K)->57494K(60544K) NonClass: 57494K(60544K)->57494K(60544K) Class: 0K(0K)->0K(0K)
[448.066s][info][gc          ] GC(113) Pause Full (System.gc()) 796M->785M(5939M) 3972.052ms
[452.772s][info][gc,metaspace] GC(114) Metaspace: 57494K(60544K)->57494K(60544K) NonClass: 57494K(60544K)->57494K(60544K) Class: 0K(0K)->0K(0K)
[452.772s][info][gc          ] GC(114) Pause Full (System.gc()) 785M->785M(5939M) 4706.248ms
[456.745s][info][gc,metaspace] GC(115) Metaspace: 57494K(60544K)->57494K(60544K) NonClass: 57494K(60544K)->57494K(60544K) Class: 0K(0K)->0K(0K)
[456.745s][info][gc          ] GC(115) Pause Full (System.gc()) 785M->785M(5939M) 3972.337ms
[460.717s][info][gc,metaspace] GC(116) Metaspace: 57494K(60544K)->57494K(60544K) NonClass: 57494K(60544K)->57494K(60544K) Class: 0K(0K)->0K(0K)
[460.717s][info][gc          ] GC(116) Pause Full (System.gc()) 785M->785M(5939M) 3971.953ms
[464.690s][info][gc,metaspace] GC(117) Metaspace: 57494K(60544K)->57494K(60544K) NonClass: 57494K(60544K)->57494K(60544K) Class: 0K(0K)->0K(0K)
[464.690s][info][gc          ] GC(117) Pause Full (System.gc()) 785M->785M(5939M) 3973.331ms
[468.662s][info][gc,metaspace] GC(118) Metaspace: 57494K(60544K)->57494K(60544K) NonClass: 57494K(60544K)->57494K(60544K) Class: 0K(0K)->0K(0K)
[468.662s][info][gc          ] GC(118) Pause Full (System.gc()) 785M->785M(5939M) 3971.730ms
[472.644s][info][gc,metaspace] GC(119) Metaspace: 57494K(60544K)->57494K(60544K) NonClass: 57494K(60544K)->57494K(60544K) Class: 0K(0K)->0K(0K)
[472.644s][info][gc          ] GC(119) Pause Full (System.gc()) 785M->785M(5939M) 3981.815ms
After GCs... 
