[0.002s][info][metaspace]  - commit_granule_bytes: 65536.
[0.002s][info][metaspace]  - commit_granule_words: 8192.
[0.002s][info][metaspace]  - virtual_space_node_default_size: 8388608.
[0.002s][info][metaspace]  - enlarge_chunks_in_place: 1.
[0.002s][info][metaspace]  - use_allocation_guard: 0.
[0.003s][info][gc,init  ] CardTable entry size: 512
[0.003s][info][gc       ] Using G1
[0.007s][info][gc,init  ] Version: 23-internal-adhoc.thomas.source (release)
[0.007s][info][gc,init  ] CPUs: 8 total, 8 available
[0.007s][info][gc,init  ] Memory: 15662M
[0.007s][info][gc,init  ] Large Page Support: Disabled
[0.007s][info][gc,init  ] NUMA Support: Disabled
[0.007s][info][gc,init  ] Compressed Oops: Enabled (Zero based)
[0.007s][info][gc,init  ] Heap Region Size: 8M
[0.007s][info][gc,init  ] Heap Min Capacity: 8G
[0.007s][info][gc,init  ] Heap Initial Capacity: 8G
[0.007s][info][gc,init  ] Heap Max Capacity: 12G
[0.007s][info][gc,init  ] Pre-touch: Disabled
[0.007s][info][gc,init  ] Parallel Workers: 8
[0.007s][info][gc,init  ] Concurrent Workers: 2
[0.007s][info][gc,init  ] Concurrent Refinement Workers: 8
[0.007s][info][gc,init  ] Periodic GC: Disabled
[0.008s][info][metaspace] Reserving compressed class space anywhere
[0.008s][info][gc,metaspace] CDS archive(s) not mapped
[0.008s][info][gc,metaspace] Compressed class space mapped at: 0x0000000032000000-0x0000000072000000, reserved size: 1073741824
[0.008s][info][gc,metaspace] UseCompressedClassPointers 1, UseCompactObjectHeaders 1, UseKlassTable 1, narrow klass pointer bits 22, max shift 10
[0.008s][info][gc,metaspace] Narrow klass base: 0x0000000032000000, Narrow klass shift: 9, Narrow klass range: 0x40000000

SPECjbb2015 Java Business Benchmark
 (c) Standard Performance Evaluation Corporation, 2015

Preparing to launch All-in-one SPECjbb2015.

Reading property file: /shared/projects/openjdk/benchmarks/test-hyperaligning-lilliput/SPECjbb2015_1.00-jdk16+/jdk-22bit-klasstable-ON-24-05-15_121758/./config/specjbb2015.props

     0s: Enumerating plugins...
     0s:    Connectivity:
     0s:             HTTP_Grizzly: Grizzly HTTP server, JDK HTTP client
     0s:              NIO_Grizzly: Grizzly NIO server, Grizzly NIO client
     0s:               HTTP_Jetty: Jetty HTTP server, JDK HTTP client
     0s:    Snapshot:
     0s:                 InMemory: Stores snapshots in heap memory
     0s:    Data Writers:
     0s:                     Demo: Send all frame to listener
     0s:                   InFile: Writing Data into file
     0s:                   Silent: Drop all frames
     0s: 
     0s: Kit validation is skipped.
     0s: Tests are skipped.
     0s: 
     0s: [0.812s][info][metaspace   ] Arena @0x00007f5fcc472b60 (non-class arena): commit failure (requested size: 47)
[0.812s][info][metaspace   ] ChkMgr @0x00007f5fcc467a90 (non-class-space): failed to commit 47 words on chunk @0x00007f5fccb685d0, f, base 0x00007f5f854e0000, level lv07.
[0.812s][info][metaspace   ] Arena @0x00007f5fcc472b60 (non-class arena): failed to allocate new chunk for requested word size 47.
[0.812s][info][metaspace   ] Arena @0x00007f5fcc472b60 (non-class arena): allocation failed, returned null.
[0.812s][info][metaspace   ] Arena @0x00007f5fcc472b60 (non-class arena): commit failure (requested size: 47)
[0.812s][info][metaspace   ] ChkMgr @0x00007f5fcc467a90 (non-class-space): failed to commit 47 words on chunk @0x00007f5fccb685d0, f, base 0x00007f5f854e0000, level lv07.
[0.812s][info][metaspace   ] Arena @0x00007f5fcc472b60 (non-class arena): failed to allocate new chunk for requested word size 47.
[0.812s][info][metaspace   ] Arena @0x00007f5fcc472b60 (non-class arena): allocation failed, returned null.
[0.812s][info][metaspace   ] Arena @0x00007f5fcc472b60 (non-class arena): commit failure (requested size: 47)
[0.812s][info][metaspace   ] ChkMgr @0x00007f5fcc467a90 (non-class-space): failed to commit 47 words on chunk @0x00007f5fccb685d0, f, base 0x00007f5f854e0000, level lv07.
[0.812s][info][metaspace   ] Arena @0x00007f5fcc472b60 (non-class arena): failed to allocate new chunk for requested word size 47.
[0.812s][info][metaspace   ] Arena @0x00007f5fcc472b60 (non-class arena): allocation failed, returned null.
[0.812s][info][gc,start    ] GC(0) Pause Young (Concurrent Start) (Metadata GC Threshold)
[0.813s][info][gc,task     ] GC(0) Using 8 workers of 8 for evacuation
[0.818s][info][gc,phases   ] GC(0)   Pre Evacuate Collection Set: 0.20ms
[0.818s][info][gc,phases   ] GC(0)   Merge Heap Roots: 0.10ms
[0.818s][info][gc,phases   ] GC(0)   Evacuate Collection Set: 4.30ms
[0.818s][info][gc,phases   ] GC(0)   Post Evacuate Collection Set: 0.41ms
[0.818s][info][gc,phases   ] GC(0)   Other: 0.57ms
[0.818s][info][gc,heap     ] GC(0) Eden regions: 32->0(50)
[0.818s][info][gc,heap     ] GC(0) Survivor regions: 0->1(7)
[0.818s][info][gc,heap     ] GC(0) Old regions: 0->0
[0.818s][info][gc,heap     ] GC(0) Humongous regions: 0->0
[0.818s][info][gc,metaspace] GC(0) Metaspace: 21433K(21504K)->21433K(21504K) NonClass: 21433K(21504K)->21433K(21504K) Class: 0K(0K)->0K(0K)
[0.818s][info][gc          ] GC(0) Pause Young (Concurrent Start) (Metadata GC Threshold) 256M->4M(8192M) 5.693ms
[0.818s][info][gc,cpu      ] GC(0) User=0.03s Sys=0.02s Real=0.01s
[0.818s][info][gc          ] GC(1) Concurrent Mark Cycle
[0.818s][info][gc,marking  ] GC(1) Concurrent Scan Root Regions
[0.818s][info][metaspace   ] CLMS @0x00007f5fcc472b30 : GC threshold increased: 22020096->22347776.
[0.820s][info][gc,marking  ] GC(1) Concurrent Scan Root Regions 2.283ms
[0.820s][info][gc,marking  ] GC(1) Concurrent Mark
[0.820s][info][gc,marking  ] GC(1) Concurrent Mark From Roots
[0.821s][info][gc,task     ] GC(1) Using 2 workers of 2 for marking
[0.821s][info][gc,marking  ] GC(1) Concurrent Mark From Roots 0.492ms
[0.821s][info][gc,marking  ] GC(1) Concurrent Preclean
[0.821s][info][gc,marking  ] GC(1) Concurrent Preclean 0.005ms
[0.821s][info][gc,start    ] GC(1) Pause Remark
[0.822s][info][gc          ] GC(1) Pause Remark 12M->12M(8192M) 0.773ms
[0.822s][info][gc,cpu      ] GC(1) User=0.00s Sys=0.00s Real=0.00s
[0.822s][info][gc,marking  ] GC(1) Concurrent Mark 1.362ms
[0.822s][info][gc,marking  ] GC(1) Concurrent Rebuild Remembered Sets and Scrub Regions
[0.822s][info][gc,marking  ] GC(1) Concurrent Rebuild Remembered Sets and Scrub Regions 0.037ms
[0.822s][info][gc,start    ] GC(1) Pause Cleanup
[0.822s][info][gc          ] GC(1) Pause Cleanup 12M->12M(8192M) 0.013ms
[0.822s][info][gc,cpu      ] GC(1) User=0.00s Sys=0.00s Real=0.00s
[0.822s][info][gc,marking  ] GC(1) Concurrent Clear Claimed Marks
[0.822s][info][gc,marking  ] GC(1) Concurrent Clear Claimed Marks 0.015ms
[0.822s][info][gc,marking  ] GC(1) Concurrent Cleanup for Next Mark
[0.834s][info][gc,marking  ] GC(1) Concurrent Cleanup for Next Mark 11.950ms
[0.834s][info][gc          ] GC(1) Concurrent Mark Cycle 15.897ms
Ladies and gentlemen, this is your Controller speaking.
     0s: We are delighted in having you for benchmark run today.
     0s: 
     0s: Binary log file is ./specjbb2015-C-20240515-00001.data.gz
     0s: 
     0s: Performing handshake with all agents ...
     0s: 
     0s:  Agent Group1.TxInjector.CompositeTxInjector has attached to Controller
     0s:  Agent Group1.Backend.CompositeBackend has attached to Controller
     0s: 
     0s: All agents have connected.
     0s: 
     0s: Attached agents info:

Group "Group1"
    TxInjectors:
        CompositeTxInjector, includes { Driver } @ [local in-Java link]
    Backends:
        CompositeBackend, includes { SM(2),SP(2) } @ [local in-Java link]

     0s: Initializing... (init[1.274s][info][gc,start    ] GC(2) Pause Young (Normal) (G1 Evacuation Pause)
[1.274s][info][gc,task     ] GC(2) Using 8 workers of 8 for evacuation
[1.352s][info][gc,phases   ] GC(2)   Pre Evacuate Collection Set: 0.19ms
[1.352s][info][gc,phases   ] GC(2)   Merge Heap Roots: 0.03ms
[1.352s][info][gc,phases   ] GC(2)   Evacuate Collection Set: 77.20ms
[1.352s][info][gc,phases   ] GC(2)   Post Evacuate Collection Set: 0.69ms
[1.352s][info][gc,phases   ] GC(2)   Other: 0.06ms
[1.352s][info][gc,heap     ] GC(2) Eden regions: 50->0(44)
[1.352s][info][gc,heap     ] GC(2) Survivor regions: 1->7(7)
[1.352s][info][gc,heap     ] GC(2) Old regions: 0->14
[1.352s][info][gc,heap     ] GC(2) Humongous regions: 3->3
[1.352s][info][gc,metaspace] GC(2) Metaspace: 23670K(23808K)->23670K(23808K) NonClass: 23670K(23808K)->23670K(23808K) Class: 0K(0K)->0K(0K)
[1.352s][info][gc          ] GC(2) Pause Young (Normal) (G1 Evacuation Pause) 428M->188M(8192M) 78.291ms
[1.352s][info][gc,cpu      ] GC(2) User=0.45s Sys=0.16s Real=0.08s
[1.544s][info][gc,start    ] GC(3) Pause Young (Normal) (G1 Evacuation Pause)
[1.544s][info][gc,task     ] GC(3) Using 8 workers of 8 for evacuation
[1.670s][info][gc,phases   ] GC(3)   Pre Evacuate Collection Set: 0.17ms
[1.670s][info][gc,phases   ] GC(3)   Merge Heap Roots: 0.20ms
[1.670s][info][gc,phases   ] GC(3)   Evacuate Collection Set: 125.77ms
[1.670s][info][gc,phases   ] GC(3)   Post Evacuate Collection Set: 0.46ms
[1.670s][info][gc,phases   ] GC(3)   Other: 0.05ms
[1.670s][info][gc,heap     ] GC(3) Eden regions: 44->0(44)
[1.670s][info][gc,heap     ] GC(3) Survivor regions: 7->7(7)
[1.670s][info][gc,heap     ] GC(3) Old regions: 14->50
[1.670s][info][gc,heap     ] GC(3) Humongous regions: 3->3
[1.670s][info][gc,metaspace] GC(3) Metaspace: 23684K(23808K)->23684K(23808K) NonClass: 23684K(23808K)->23684K(23808K) Class: 0K(0K)->0K(0K)
[1.670s][info][gc          ] GC(3) Pause Young (Normal) (G1 Evacuation Pause) 540M->475M(8192M) 126.777ms
[1.670s][info][gc,cpu      ] GC(3) User=0.95s Sys=0.05s Real=0.13s
[1.877s][info][gc,start    ] GC(4) Pause Young (Normal) (G1 Evacuation Pause)
[1.878s][info][gc,task     ] GC(4) Using 8 workers of 8 for evacuation
[2.014s][info][gc,phases   ] GC(4)   Pre Evacuate Collection Set: 0.23ms
[2.014s][info][gc,phases   ] GC(4)   Merge Heap Roots: 0.07ms
[2.014s][info][gc,phases   ] GC(4)   Evacuate Collection Set: 135.70ms
[2.014s][info][gc,phases   ] GC(4)   Post Evacuate Collection Set: 0.21ms
[2.014s][info][gc,phases   ] GC(4)   Other: 0.06ms
[2.014s][info][gc,heap     ] GC(4) Eden regions: 44->0(44)
[2.014s][info][gc,heap     ] GC(4) Survivor regions: 7->7(7)
[2.014s][info][gc,heap     ] GC(4) Old regions: 50->89
[2.014s][info][gc,heap     ] GC(4) Humongous regions: 3->3
[2.014s][info][gc,metaspace] GC(4) Metaspace: 23714K(23808K)->23714K(23808K) NonClass: 23714K(23808K)->23714K(23808K) Class: 0K(0K)->0K(0K)
[2.014s][info][gc          ] GC(4) Pause Young (Normal) (G1 Evacuation Pause) 827M->788M(8192M) 136.482ms
[2.014s][info][gc,cpu      ] GC(4) User=1.04s Sys=0.04s Real=0.13s
[2.337s][info][gc,start    ] GC(5) Pause Young (Normal) (G1 Evacuation Pause)
[2.337s][info][gc,task     ] GC(5) Using 8 workers of 8 for evacuation
[2.433s][info][gc,phases   ] GC(5)   Pre Evacuate Collection Set: 0.20ms
[2.434s][info][gc,phases   ] GC(5)   Merge Heap Roots: 0.07ms
[2.434s][info][gc,phases   ] GC(5)   Evacuate Collection Set: 95.44ms
[2.434s][info][gc,phases   ] GC(5)   Post Evacuate Collection Set: 0.34ms
[2.434s][info][gc,phases   ] GC(5)   Other: 0.05ms
[2.434s][info][gc,heap     ] GC(5) Eden regions: 44->0(44)
[2.434s][info][gc,heap     ] GC(5) Survivor regions: 7->7(7)
[2.434s][info][gc,heap     ] GC(5) Old regions: 89->111
[2.434s][info][gc,heap     ] GC(5) Humongous regions: 3->3
[2.434s][info][gc,metaspace] GC(5) Metaspace: 23772K(23936K)->23772K(23936K) NonClass: 23772K(23936K)->23772K(23936K) Class: 0K(0K)->0K(0K)
[2.434s][info][gc          ] GC(5) Pause Young (Normal) (G1 Evacuation Pause) 1140M->968M(8192M) 96.242ms
[2.434s][info][gc,cpu      ] GC(5) User=0.67s Sys=0.03s Real=0.09s
) OK
     2s: 
     2s: Check whether properties are compliant
     2s: (validation=PASSED) Property settings are COMPLIANT.
     2s: 
     2s: Searching for high-bound for max-jOPS possible for this system
     2s: Searching from base IR = 100
     2s:       rampup IR =      0 [reconfig (term) [2.691s][info][gc,start    ] GC(6) Pause Full (System.gc())
[2.691s][info][gc,task     ] GC(6) Using 8 workers of 8 for full compaction
[2.691s][info][gc,phases,start] GC(6) Phase 1: Mark live objects
[2.705s][info][gc,phases      ] GC(6) Phase 1: Mark live objects 13.604ms
[2.705s][info][gc,phases,start] GC(6) Phase 2: Prepare compaction
[2.712s][info][gc,phases      ] GC(6) Phase 2: Prepare compaction 6.923ms
[2.712s][info][gc,phases,start] GC(6) Phase 3: Adjust pointers
[2.723s][info][gc,phases      ] GC(6) Phase 3: Adjust pointers 10.901ms
[2.723s][info][gc,phases,start] GC(6) Phase 4: Compact heap
[2.732s][info][gc,phases      ] GC(6) Phase 4: Compact heap 9.065ms
[2.732s][info][gc,phases,start] GC(6) Phase 5: Reset Metadata
[2.735s][info][gc,phases      ] GC(6) Phase 5: Reset Metadata 2.650ms
[2.743s][info][gc,heap        ] GC(6) Eden regions: 18->0(51)
[2.743s][info][gc,heap        ] GC(6) Survivor regions: 7->0(7)
[2.743s][info][gc,heap        ] GC(6) Old regions: 111->11
[2.743s][info][gc,heap        ] GC(6) Humongous regions: 3->3
[2.743s][info][gc,metaspace   ] GC(6) Metaspace: 24030K(24128K)->24030K(24128K) NonClass: 24030K(24128K)->24030K(24128K) Class: 0K(0K)->0K(0K)
[2.743s][info][gc             ] GC(6) Pause Full (System.gc()) 1105M->90M(8192M) 51.735ms
[2.743s][info][gc,cpu         ] GC(6) User=0.33s Sys=0.01s Real=0.05s
(init[3.054s][info][gc,start       ] GC(7) Pause Young (Normal) (G1 Evacuation Pause)
[3.054s][info][gc,task        ] GC(7) Using 8 workers of 8 for evacuation
[3.156s][info][gc,phases      ] GC(7)   Pre Evacuate Collection Set: 0.20ms
[3.156s][info][gc,phases      ] GC(7)   Merge Heap Roots: 0.04ms
[3.156s][info][gc,phases      ] GC(7)   Evacuate Collection Set: 100.78ms
[3.156s][info][gc,phases      ] GC(7)   Post Evacuate Collection Set: 1.13ms
[3.156s][info][gc,phases      ] GC(7)   Other: 0.05ms
[3.156s][info][gc,heap        ] GC(7) Eden regions: 51->0(52)
[3.156s][info][gc,heap        ] GC(7) Survivor regions: 0->7(7)
[3.156s][info][gc,heap        ] GC(7) Old regions: 11->44
[3.156s][info][gc,heap        ] GC(7) Humongous regions: 3->3
[3.156s][info][gc,metaspace   ] GC(7) Metaspace: 24036K(24192K)->24036K(24192K) NonClass: 24036K(24192K)->24036K(24192K) Class: 0K(0K)->0K(0K)
[3.156s][info][gc             ] GC(7) Pause Young (Normal) (G1 Evacuation Pause) 498M->410M(9464M) 102.337ms
[3.157s][info][gc,cpu         ] GC(7) User=0.80s Sys=0.00s Real=0.10s
[3.297s][info][gc,start       ] GC(8) Pause Young (Normal) (G1 Evacuation Pause)
[3.297s][info][gc,task        ] GC(8) Using 8 workers of 8 for evacuation
[3.427s][info][gc,phases      ] GC(8)   Pre Evacuate Collection Set: 0.21ms
[3.427s][info][gc,phases      ] GC(8)   Merge Heap Roots: 0.25ms
[3.427s][info][gc,phases      ] GC(8)   Evacuate Collection Set: 129.24ms
[3.427s][info][gc,phases      ] GC(8)   Post Evacuate Collection Set: 0.23ms
[3.427s][info][gc,phases      ] GC(8)   Other: 0.06ms
[3.427s][info][gc,heap        ] GC(8) Eden regions: 52->0(51)
[3.427s][info][gc,heap        ] GC(8) Survivor regions: 7->8(8)
[3.427s][info][gc,heap        ] GC(8) Old regions: 44->85
[3.427s][info][gc,heap        ] GC(8) Humongous regions: 3->3
[3.427s][info][gc,metaspace   ] GC(8) Metaspace: 24047K(24192K)->24047K(24192K) NonClass: 24047K(24192K)->24047K(24192K) Class: 0K(0K)->0K(0K)
[3.427s][info][gc             ] GC(8) Pause Young (Normal) (G1 Evacuation Pause) 826M->746M(9464M) 130.133ms
[3.427s][info][gc,cpu         ] GC(8) User=1.02s Sys=0.01s Real=0.13s
[3.757s][info][gc,start       ] GC(9) Pause Young (Normal) (G1 Evacuation Pause)
[3.757s][info][gc,task        ] GC(9) Using 8 workers of 8 for evacuation
[3.854s][info][gc,phases      ] GC(9)   Pre Evacuate Collection Set: 0.19ms
[3.854s][info][gc,phases      ] GC(9)   Merge Heap Roots: 0.08ms
[3.854s][info][gc,phases      ] GC(9)   Evacuate Collection Set: 96.07ms
[3.854s][info][gc,phases      ] GC(9)   Post Evacuate Collection Set: 0.30ms
[3.854s][info][gc,phases      ] GC(9)   Other: 0.05ms
[3.854s][info][gc,heap        ] GC(9) Eden regions: 51->0(51)
[3.854s][info][gc,heap        ] GC(9) Survivor regions: 8->8(8)
[3.854s][info][gc,heap        ] GC(9) Old regions: 85->110
[3.854s][info][gc,heap        ] GC(9) Humongous regions: 3->3
[3.854s][info][gc,metaspace   ] GC(9) Metaspace: 24049K(24192K)->24049K(24192K) NonClass: 24049K(24192K)->24049K(24192K) Class: 0K(0K)->0K(0K)
[3.854s][info][gc             ] GC(9) Pause Young (Normal) (G1 Evacuation Pause) 1154M->942M(9464M) 96.854ms
[3.854s][info][gc,cpu         ] GC(9) User=0.75s Sys=0.01s Real=0.10s
) ] ... (rIR:aIR:PR = 0:0:0) (tPR = 0) [OK] 
     6s:       rampup IR =     10 ... (rIR:aIR:PR = 10:7:7) (tPR = 470) [OK] 
     9s:       rampup IR =     20 ... (rIR:aIR:PR = 20:23:23) (tPR = 1597) [OK] 
    12s:       rampup IR =     30 .... (rIR:aIR:PR = 30:32:32) (tPR = 2209) [OK] 
    16s:       rampup IR =     40 .... (rIR:aIR:PR = 40:39:39) (tPR = 2634) [OK] 
    20s:       rampup IR =     50 .... (rIR:aIR:PR = 50:54:53) (tPR = 3736) [OK] 
    24s:       rampup IR =     60 .[26.681s][info][gc,start       ] GC(10) Pause Young (Normal) (G1 Evacuation Pause)
[26.682s][info][gc,task        ] GC(10) Using 8 workers of 8 for evacuation
[26.741s][info][gc,phases      ] GC(10)   Pre Evacuate Collection Set: 0.28ms
[26.741s][info][gc,phases      ] GC(10)   Merge Heap Roots: 0.27ms
[26.741s][info][gc,phases      ] GC(10)   Evacuate Collection Set: 58.62ms
[26.741s][info][gc,phases      ] GC(10)   Post Evacuate Collection Set: 0.38ms
[26.741s][info][gc,phases      ] GC(10)   Other: 0.06ms
[26.741s][info][gc,heap        ] GC(10) Eden regions: 51->0(51)
[26.741s][info][gc,heap        ] GC(10) Survivor regions: 8->8(8)
[26.741s][info][gc,heap        ] GC(10) Old regions: 110->120
[26.741s][info][gc,heap        ] GC(10) Humongous regions: 3->3
[26.741s][info][gc,metaspace   ] GC(10) Metaspace: 25953K(26112K)->25953K(26112K) NonClass: 25953K(26112K)->25953K(26112K) Class: 0K(0K)->0K(0K)
[26.741s][info][gc             ] GC(10) Pause Young (Normal) (G1 Evacuation Pause) 1350M->1022M(9464M) 59.729ms
[26.741s][info][gc,cpu         ] GC(10) User=0.45s Sys=0.01s Real=0.06s
... (rIR:aIR:PR = 60:64:61) (tPR = 4157) [OK] 
    28s:       rampup IR =     70 .... (rIR:aIR:PR = 70:70:68) (tPR = 3694) [OK] 
    32s:       rampup IR =     80 .... (rIR:aIR:PR = 80:81:78) (tPR = 4118) [OK] 
    36s:       rampup IR =     90 .... (rIR:aIR:PR = 90:91:89) (tPR = 4707) [OK] 
    40s:       rampup IR =    100 .... (rIR:aIR:PR = 100:102:100) (tPR = 4508) [OK] 
    44s:    snapshot, IR =    100 ....|.[50.271s][info][gc,start       ] GC(11) Pause Young (Normal) (G1 Evacuation Pause)
[50.271s][info][gc,task        ] GC(11) Using 8 workers of 8 for evacuation
[50.309s][info][gc,phases      ] GC(11)   Pre Evacuate Collection Set: 0.25ms
[50.309s][info][gc,phases      ] GC(11)   Merge Heap Roots: 0.19ms
[50.309s][info][gc,phases      ] GC(11)   Evacuate Collection Set: 36.74ms
[50.309s][info][gc,phases      ] GC(11)   Post Evacuate Collection Set: 0.37ms
[50.309s][info][gc,phases      ] GC(11)   Other: 0.05ms
[50.309s][info][gc,heap        ] GC(11) Eden regions: 51->0(55)
[50.309s][info][gc,heap        ] GC(11) Survivor regions: 8->4(8)
[50.309s][info][gc,heap        ] GC(11) Old regions: 120->128
[50.309s][info][gc,heap        ] GC(11) Humongous regions: 3->3
[50.309s][info][gc,metaspace   ] GC(11) Metaspace: 26136K(26240K)->26136K(26240K) NonClass: 26136K(26240K)->26136K(26240K) Class: 0K(0K)->0K(0K)
[50.309s][info][gc             ] GC(11) Pause Young (Normal) (G1 Evacuation Pause) 1430M->1055M(9464M) 37.743ms
[50.309s][info][gc,cpu         ] GC(11) User=0.29s Sys=0.01s Real=0.04s
......................[72.514s][info][gc,start       ] GC(12) Pause Young (Normal) (G1 Evacuation Pause)
[72.514s][info][gc,task        ] GC(12) Using 8 workers of 8 for evacuation
[72.536s][info][gc,phases      ] GC(12)   Pre Evacuate Collection Set: 0.26ms
[72.536s][info][gc,phases      ] GC(12)   Merge Heap Roots: 0.20ms
[72.536s][info][gc,phases      ] GC(12)   Evacuate Collection Set: 21.08ms
[72.536s][info][gc,phases      ] GC(12)   Post Evacuate Collection Set: 0.34ms
[72.536s][info][gc,phases      ] GC(12)   Other: 0.06ms
[72.536s][info][gc,heap        ] GC(12) Eden regions: 55->0(52)
[72.536s][info][gc,heap        ] GC(12) Survivor regions: 4->7(8)
[72.536s][info][gc,heap        ] GC(12) Old regions: 128->128
[72.536s][info][gc,heap        ] GC(12) Humongous regions: 3->3
[72.536s][info][gc,metaspace   ] GC(12) Metaspace: 28102K(28224K)->28102K(28224K) NonClass: 28102K(28224K)->28102K(28224K) Class: 0K(0K)->0K(0K)
[72.536s][info][gc             ] GC(12) Pause Young (Normal) (G1 Evacuation Pause) 1495M->1077M(9464M) 22.066ms
[72.536s][info][gc,cpu         ] GC(12) User=0.17s Sys=0.00s Real=0.02s
....... (rIR:aIR:PR = 100:100:98) (tPR = 3184) [OK] 
    78s: Performing snapshot: (quiescence.....) (stop TxI) (stop BE) (saving... 103322 Kb) (term) [86.048s][info][gc,start       ] GC(13) Pause Full (System.gc())
[86.048s][info][gc,task        ] GC(13) Using 8 workers of 8 for full compaction
[86.048s][info][gc,phases,start] GC(13) Phase 1: Mark live objects
[86.061s][info][gc,phases      ] GC(13) Phase 1: Mark live objects 13.379ms
[86.061s][info][gc,phases,start] GC(13) Phase 2: Prepare compaction
[86.065s][info][gc,phases      ] GC(13) Phase 2: Prepare compaction 3.848ms
[86.065s][info][gc,phases,start] GC(13) Phase 3: Adjust pointers
[86.073s][info][gc,phases      ] GC(13) Phase 3: Adjust pointers 7.913ms
[86.073s][info][gc,phases,start] GC(13) Phase 4: Compact heap
[86.077s][info][gc,phases      ] GC(13) Phase 4: Compact heap 3.577ms
[86.077s][info][gc,phases,start] GC(13) Phase 5: Reset Metadata
[86.080s][info][gc,phases      ] GC(13) Phase 5: Reset Metadata 3.603ms
[86.096s][info][gc,heap        ] GC(13) Eden regions: 43->0(51)
[86.096s][info][gc,heap        ] GC(13) Survivor regions: 7->0(8)
[86.096s][info][gc,heap        ] GC(13) Old regions: 128->14
[86.096s][info][gc,heap        ] GC(13) Humongous regions: 77->18
[86.096s][info][gc,metaspace   ] GC(13) Metaspace: 28253K(28416K)->28253K(28416K) NonClass: 28253K(28416K)->28253K(28416K) Class: 0K(0K)->0K(0K)
[86.096s][info][gc             ] GC(13) Pause Full (System.gc()) 2012M->211M(8192M) 48.023ms
[86.096s][info][gc,cpu         ] GC(13) User=0.26s Sys=0.04s Real=0.04s
(init[86.611s][info][gc,start       ] GC(14) Pause Young (Normal) (G1 Evacuation Pause)
[86.611s][info][gc,task        ] GC(14) Using 8 workers of 8 for evacuation
[86.699s][info][gc,phases      ] GC(14)   Pre Evacuate Collection Set: 0.18ms
[86.699s][info][gc,phases      ] GC(14)   Merge Heap Roots: 0.12ms
[86.699s][info][gc,phases      ] GC(14)   Evacuate Collection Set: 86.68ms
[86.699s][info][gc,phases      ] GC(14)   Post Evacuate Collection Set: 0.24ms
[86.699s][info][gc,phases      ] GC(14)   Other: 0.05ms
[86.699s][info][gc,heap        ] GC(14) Eden regions: 51->0(44)
[86.699s][info][gc,heap        ] GC(14) Survivor regions: 0->7(7)
[86.699s][info][gc,heap        ] GC(14) Old regions: 14->23
[86.699s][info][gc,heap        ] GC(14) Humongous regions: 22->22
[86.699s][info][gc,metaspace   ] GC(14) Metaspace: 28345K(28544K)->28345K(28544K) NonClass: 28345K(28544K)->28345K(28544K) Class: 0K(0K)->0K(0K)
[86.699s][info][gc             ] GC(14) Pause Young (Normal) (G1 Evacuation Pause) 651M->369M(8192M) 87.398ms
[86.699s][info][gc,cpu         ] GC(14) User=0.64s Sys=0.01s Real=0.09s
[86.926s][info][gc,start       ] GC(15) Pause Young (Normal) (G1 Evacuation Pause)
[86.926s][info][gc,task        ] GC(15) Using 8 workers of 8 for evacuation
[87.049s][info][gc,phases      ] GC(15)   Pre Evacuate Collection Set: 0.20ms
[87.049s][info][gc,phases      ] GC(15)   Merge Heap Roots: 0.20ms
[87.049s][info][gc,phases      ] GC(15)   Evacuate Collection Set: 121.04ms
[87.049s][info][gc,phases      ] GC(15)   Post Evacuate Collection Set: 0.84ms
[87.049s][info][gc,phases      ] GC(15)   Other: 0.05ms
[87.049s][info][gc,heap        ] GC(15) Eden regions: 44->0(52)
[87.049s][info][gc,heap        ] GC(15) Survivor regions: 7->7(7)
[87.049s][info][gc,heap        ] GC(15) Old regions: 23->45
[87.049s][info][gc,heap        ] GC(15) Humongous regions: 28->28
[87.049s][info][gc,metaspace   ] GC(15) Metaspace: 28353K(28544K)->28353K(28544K) NonClass: 28353K(28544K)->28353K(28544K) Class: 0K(0K)->0K(0K)
[87.049s][info][gc             ] GC(15) Pause Young (Normal) (G1 Evacuation Pause) 769M->591M(9456M) 122.463ms
[87.049s][info][gc,cpu         ] GC(15) User=0.96s Sys=0.00s Real=0.13s
[87.327s][info][gc,start       ] GC(16) Pause Young (Normal) (G1 Evacuation Pause)
[87.327s][info][gc,task        ] GC(16) Using 8 workers of 8 for evacuation
[87.423s][info][gc,phases      ] GC(16)   Pre Evacuate Collection Set: 0.19ms
[87.423s][info][gc,phases      ] GC(16)   Merge Heap Roots: 0.12ms
[87.423s][info][gc,phases      ] GC(16)   Evacuate Collection Set: 95.09ms
[87.423s][info][gc,phases      ] GC(16)   Post Evacuate Collection Set: 0.30ms
[87.423s][info][gc,phases      ] GC(16)   Other: 0.05ms
[87.423s][info][gc,heap        ] GC(16) Eden regions: 52->0(51)
[87.423s][info][gc,heap        ] GC(16) Survivor regions: 7->8(8)
[87.423s][info][gc,heap        ] GC(16) Old regions: 45->60
[87.423s][info][gc,heap        ] GC(16) Humongous regions: 28->28
[87.423s][info][gc,metaspace   ] GC(16) Metaspace: 28370K(28544K)->28370K(28544K) NonClass: 28370K(28544K)->28370K(28544K) Class: 0K(0K)->0K(0K)
[87.423s][info][gc             ] GC(16) Pause Young (Normal) (G1 Evacuation Pause) 1007M->722M(9456M) 95.864ms
[87.423s][info][gc,cpu         ] GC(16) User=0.74s Sys=0.02s Real=0.10s
[87.800s][info][gc,start       ] GC(17) Pause Young (Normal) (G1 Evacuation Pause)
[87.800s][info][gc,task        ] GC(17) Using 8 workers of 8 for evacuation
[87.914s][info][gc,phases      ] GC(17)   Pre Evacuate Collection Set: 0.24ms
[87.914s][info][gc,phases      ] GC(17)   Merge Heap Roots: 0.30ms
[87.914s][info][gc,phases      ] GC(17)   Evacuate Collection Set: 113.52ms
[87.914s][info][gc,phases      ] GC(17)   Post Evacuate Collection Set: 0.27ms
[87.914s][info][gc,phases      ] GC(17)   Other: 0.05ms
[87.914s][info][gc,heap        ] GC(17) Eden regions: 51->0(51)
[87.914s][info][gc,heap        ] GC(17) Survivor regions: 8->8(8)
[87.914s][info][gc,heap        ] GC(17) Old regions: 60->90
[87.914s][info][gc,heap        ] GC(17) Humongous regions: 35->35
[87.914s][info][gc,metaspace   ] GC(17) Metaspace: 28374K(28544K)->28374K(28544K) NonClass: 28374K(28544K)->28374K(28544K) Class: 0K(0K)->0K(0K)
[87.914s][info][gc             ] GC(17) Pause Young (Normal) (G1 Evacuation Pause) 1186M->1018M(9456M) 114.525ms
[87.914s][info][gc,cpu         ] GC(17) User=0.90s Sys=0.00s Real=0.11s
) ...
    90s:       rampup IR =      0 ... (rIR:aIR:PR = 0:0:0) (tPR = 0) [OK] 
    93s:       rampup IR =     10 [94.480s][info][gc,start       ] GC(18) Pause Young (Normal) (G1 Evacuation Pause)
[94.480s][info][gc,task        ] GC(18) Using 8 workers of 8 for evacuation
[94.609s][info][gc,phases      ] GC(18)   Pre Evacuate Collection Set: 0.23ms
[94.609s][info][gc,phases      ] GC(18)   Merge Heap Roots: 0.15ms
[94.609s][info][gc,phases      ] GC(18)   Evacuate Collection Set: 128.21ms
[94.609s][info][gc,phases      ] GC(18)   Post Evacuate Collection Set: 0.28ms
[94.609s][info][gc,phases      ] GC(18)   Other: 0.05ms
[94.609s][info][gc,heap        ] GC(18) Eden regions: 51->0(51)
[94.609s][info][gc,heap        ] GC(18) Survivor regions: 8->8(8)
[94.609s][info][gc,heap        ] GC(18) Old regions: 90->134
[94.609s][info][gc,heap        ] GC(18) Humongous regions: 35->35
[94.609s][info][gc,metaspace   ] GC(18) Metaspace: 28405K(28544K)->28405K(28544K) NonClass: 28405K(28544K)->28405K(28544K) Class: 0K(0K)->0K(0K)
[94.609s][info][gc             ] GC(18) Pause Young (Normal) (G1 Evacuation Pause) 1426M->1367M(9456M) 129.034ms
[94.609s][info][gc,cpu         ] GC(18) User=1.01s Sys=0.01s Real=0.13s
... (rIR:aIR:PR = 10:10:10) (tPR = 149) [OK] 
    96s:       rampup IR =     20 ... (rIR:aIR:PR = 20:18:18) (tPR = 476) [OK] 
    99s:       rampup IR =     30 .... (rIR:aIR:PR = 30:29:29) (tPR = 668) [OK] 
   103s:       rampup IR =     40 .... (rIR:aIR:PR = 40:40:40) (tPR = 885) [OK] 
   107s:       rampup IR =     50 .... (rIR:aIR:PR = 50:57:56) (tPR = 1104) [OK] 
   111s:       rampup IR =     60 .... (rIR:aIR:PR = 60:66:64) (tPR = 1450) [OK] 
   115s:       rampup IR =     70 .... (rIR:aIR:PR = 70:72:71) (tPR = 1742) [OK] 
   119s:       rampup IR =     80 .... (rIR:aIR:PR = 80:79:78) (tPR = 2078) [OK] 
   123s:       rampup IR =     90 .... (rIR:aIR:PR = 90:93:90) (tPR = 1746) [OK] 
   127s:       rampup IR =    100 .... (rIR:aIR:PR = 100:101:98) (tPR = 1971) [OK] 
   131s:       trying IR =    200 .... (rIR:aIR:PR = 200:204:199) (tPR = 3784) [OK] 
   135s:       trying IR =    220 .... (rIR:aIR:PR = 220:216:211) (tPR = 4469) [OK] 
   139s:       trying IR =    244 [140.625s][info][gc,start       ] GC(19) Pause Young (Normal) (G1 Evacuation Pause)
[140.625s][info][gc,task        ] GC(19) Using 8 workers of 8 for evacuation
[140.666s][info][gc,phases      ] GC(19)   Pre Evacuate Collection Set: 0.27ms
[140.666s][info][gc,phases      ] GC(19)   Merge Heap Roots: 0.47ms
[140.666s][info][gc,phases      ] GC(19)   Evacuate Collection Set: 39.92ms
[140.666s][info][gc,phases      ] GC(19)   Post Evacuate Collection Set: 0.46ms
[140.666s][info][gc,phases      ] GC(19)   Other: 0.06ms
[140.666s][info][gc,heap        ] GC(19) Eden regions: 51->0(54)
[140.666s][info][gc,heap        ] GC(19) Survivor regions: 8->5(8)
[140.666s][info][gc,heap        ] GC(19) Old regions: 134->143
[140.666s][info][gc,heap        ] GC(19) Humongous regions: 35->35
[140.666s][info][gc,metaspace   ] GC(19) Metaspace: 28570K(28736K)->28570K(28736K) NonClass: 28570K(28736K)->28570K(28736K) Class: 0K(0K)->0K(0K)
[140.666s][info][gc             ] GC(19) Pause Young (Normal) (G1 Evacuation Pause) 1775M->1419M(9456M) 41.340ms
[140.666s][info][gc,cpu         ] GC(19) User=0.32s Sys=0.00s Real=0.04s
..... (rIR:aIR:PR = 244:242:237) (tPR = 4813) [OK] 
   144s:       trying IR =    273 .... (rIR:aIR:PR = 273:276:271) (tPR = 5278) [OK] 
   148s:       trying IR =    307 ..[151.930s][info][gc,start       ] GC(20) Pause Young (Normal) (G1 Evacuation Pause)
[151.930s][info][gc,task        ] GC(20) Using 8 workers of 8 for evacuation
[151.963s][info][gc,phases      ] GC(20)   Pre Evacuate Collection Set: 0.24ms
[151.963s][info][gc,phases      ] GC(20)   Merge Heap Roots: 0.40ms
[151.963s][info][gc,phases      ] GC(20)   Evacuate Collection Set: 31.93ms
[151.963s][info][gc,phases      ] GC(20)   Post Evacuate Collection Set: 0.35ms
[151.963s][info][gc,phases      ] GC(20)   Other: 0.05ms
[151.963s][info][gc,heap        ] GC(20) Eden regions: 54->0(71)
[151.963s][info][gc,heap        ] GC(20) Survivor regions: 5->4(8)
[151.963s][info][gc,heap        ] GC(20) Old regions: 143->148
[151.963s][info][gc,heap        ] GC(20) Humongous regions: 35->35
[151.963s][info][gc,metaspace   ] GC(20) Metaspace: 28629K(28736K)->28629K(28736K) NonClass: 28629K(28736K)->28629K(28736K) Class: 0K(0K)->0K(0K)
[151.963s][info][gc             ] GC(20) Pause Young (Normal) (G1 Evacuation Pause) 1851M->1448M(9456M) 33.106ms
[151.963s][info][gc,cpu         ] GC(20) User=0.26s Sys=0.00s Real=0.03s
.. (rIR:aIR:PR = 307:311:304) (tPR = 5755) [OK] 
   152s:       trying IR =    349 .... (rIR:aIR:PR = 349:346:338) (tPR = 6584) [OK] 
   156s:       trying IR =    399 .... (rIR:aIR:PR = 399:397:389) (tPR = 7171) [OK] 
   160s:       trying IR =    458 .[162.103s][info][gc,start       ] GC(21) Pause Young (Normal) (G1 Evacuation Pause)
[162.103s][info][gc,task        ] GC(21) Using 8 workers of 8 for evacuation
[162.136s][info][gc,phases      ] GC(21)   Pre Evacuate Collection Set: 0.28ms
[162.136s][info][gc,phases      ] GC(21)   Merge Heap Roots: 0.34ms
[162.136s][info][gc,phases      ] GC(21)   Evacuate Collection Set: 32.25ms
[162.136s][info][gc,phases      ] GC(21)   Post Evacuate Collection Set: 0.39ms
[162.136s][info][gc,phases      ] GC(21)   Other: 0.07ms
[162.136s][info][gc,heap        ] GC(21) Eden regions: 75->0(174)
[162.136s][info][gc,heap        ] GC(21) Survivor regions: 4->8(10)
[162.136s][info][gc,heap        ] GC(21) Old regions: 148->148
[162.136s][info][gc,heap        ] GC(21) Humongous regions: 35->35
[162.136s][info][gc,metaspace   ] GC(21) Metaspace: 28678K(28864K)->28678K(28864K) NonClass: 28678K(28864K)->28678K(28864K) Class: 0K(0K)->0K(0K)
[162.136s][info][gc             ] GC(21) Pause Young (Normal) (G1 Evacuation Pause) 2048M->1480M(9456M) 33.448ms
[162.136s][info][gc,cpu         ] GC(21) User=0.25s Sys=0.01s Real=0.03s
..... (rIR:aIR:PR = 458:467:458) (tPR = 8984) [OK] 
   166s:       trying IR =    530 ..... (rIR:aIR:PR = 530:531:519) (tPR = 9121) [OK] 
   171s:       trying IR =    616 ..... (rIR:aIR:PR = 616:615:601) (tPR = 10095) [OK] 
   176s:       trying IR =    719 [177.576s][info][gc,start       ] GC(22) Pause Young (Normal) (G1 Evacuation Pause)
[177.576s][info][gc,task        ] GC(22) Using 8 workers of 8 for evacuation
[177.632s][info][gc,phases      ] GC(22)   Pre Evacuate Collection Set: 0.28ms
[177.632s][info][gc,phases      ] GC(22)   Merge Heap Roots: 0.39ms
[177.632s][info][gc,phases      ] GC(22)   Evacuate Collection Set: 54.19ms
[177.632s][info][gc,phases      ] GC(22)   Post Evacuate Collection Set: 0.58ms
[177.632s][info][gc,phases      ] GC(22)   Other: 0.08ms
[177.632s][info][gc,heap        ] GC(22) Eden regions: 175->0(252)
[177.632s][info][gc,heap        ] GC(22) Survivor regions: 8->17(23)
[177.632s][info][gc,heap        ] GC(22) Old regions: 148->148
[177.632s][info][gc,heap        ] GC(22) Humongous regions: 35->35
[177.632s][info][gc,metaspace   ] GC(22) Metaspace: 28778K(28928K)->28778K(28928K) NonClass: 28778K(28928K)->28778K(28928K) Class: 0K(0K)->0K(0K)
[177.632s][info][gc             ] GC(22) Pause Young (Normal) (G1 Evacuation Pause) 2880M->1548M(9456M) 55.654ms
[177.632s][info][gc,cpu         ] GC(22) User=0.44s Sys=0.01s Real=0.06s
.... (rIR:aIR:PR = 719:734:718) (tPR = 12717) [OK] 
   180s:       trying IR =    843 .... (rIR:aIR:PR = 843:859:838) (tPR = 14698) [OK] 
   184s:       trying IR =    992 .... (rIR:aIR:PR = 992:997:975) (tPR = 17156) [OK] 
   188s:       trying IR =   1170 .[190.712s][info][gc,start       ] GC(23) Pause Young (Normal) (G1 Evacuation Pause)
[190.712s][info][gc,task        ] GC(23) Using 8 workers of 8 for evacuation
[190.804s][info][gc,phases      ] GC(23)   Pre Evacuate Collection Set: 0.28ms
[190.804s][info][gc,phases      ] GC(23)   Merge Heap Roots: 0.37ms
[190.804s][info][gc,phases      ] GC(23)   Evacuate Collection Set: 90.12ms
[190.804s][info][gc,phases      ] GC(23)   Post Evacuate Collection Set: 0.73ms
[190.804s][info][gc,phases      ] GC(23)   Other: 0.08ms
[190.804s][info][gc,heap        ] GC(23) Eden regions: 248->0(222)
[190.804s][info][gc,heap        ] GC(23) Survivor regions: 17->27(34)
[190.804s][info][gc,heap        ] GC(23) Old regions: 148->148
[190.804s][info][gc,heap        ] GC(23) Humongous regions: 35->35
[190.804s][info][gc,metaspace   ] GC(23) Metaspace: 28848K(29056K)->28848K(29056K) NonClass: 28848K(29056K)->28848K(29056K) Class: 0K(0K)->0K(0K)
[190.804s][info][gc             ] GC(23) Pause Young (Normal) (G1 Evacuation Pause) 3532M->1633M(9456M) 91.693ms
[190.804s][info][gc,cpu         ] GC(23) User=0.69s Sys=0.04s Real=0.09s
... (rIR:aIR:PR = 1170:1187:1165) (tPR = 20083) [OK] 
   192s:       trying IR =   1384 ..... (rIR:aIR:PR = 1384:1382:1377) (tPR = 23154) [OK] 
   197s:       trying IR =   1641 [198.537s][info][gc,start       ] GC(24) Pause Young (Normal) (G1 Evacuation Pause)
[198.537s][info][gc,task        ] GC(24) Using 8 workers of 8 for evacuation
[198.638s][info][gc,phases      ] GC(24)   Pre Evacuate Collection Set: 0.26ms
[198.638s][info][gc,phases      ] GC(24)   Merge Heap Roots: 0.37ms
[198.638s][info][gc,phases      ] GC(24)   Evacuate Collection Set: 100.37ms
[198.638s][info][gc,phases      ] GC(24)   Post Evacuate Collection Set: 0.57ms
[198.638s][info][gc,phases      ] GC(24)   Other: 0.06ms
[198.638s][info][gc,heap        ] GC(24) Eden regions: 218->0(235)
[198.638s][info][gc,heap        ] GC(24) Survivor regions: 27->24(31)
[198.638s][info][gc,heap        ] GC(24) Old regions: 148->159
[198.638s][info][gc,heap        ] GC(24) Humongous regions: 35->35
[198.638s][info][gc,metaspace   ] GC(24) Metaspace: 28972K(29120K)->28972K(29120K) NonClass: 28972K(29120K)->28972K(29120K) Class: 0K(0K)->0K(0K)
[198.639s][info][gc             ] GC(24) Pause Young (Normal) (G1 Evacuation Pause) 3377M->1698M(9456M) 101.747ms
[198.639s][info][gc,cpu         ] GC(24) User=0.80s Sys=0.00s Real=0.11s
.... (rIR:aIR:PR = 1641:1646:1647) (tPR = 27356) [OK] 
   201s:       trying IR =   1949 ...[205.830s][info][gc,start       ] GC(25) Pause Young (Normal) (G1 Evacuation Pause)
[205.830s][info][gc,task        ] GC(25) Using 8 workers of 8 for evacuation
[205.934s][info][gc,phases      ] GC(25)   Pre Evacuate Collection Set: 0.24ms
[205.934s][info][gc,phases      ] GC(25)   Merge Heap Roots: 0.26ms
[205.934s][info][gc,phases      ] GC(25)   Evacuate Collection Set: 102.80ms
[205.934s][info][gc,phases      ] GC(25)   Post Evacuate Collection Set: 0.63ms
[205.934s][info][gc,phases      ] GC(25)   Other: 0.06ms
[205.934s][info][gc,heap        ] GC(25) Eden regions: 273->0(290)
[205.934s][info][gc,heap        ] GC(25) Survivor regions: 24->26(38)
[205.934s][info][gc,heap        ] GC(25) Old regions: 159->169
[205.934s][info][gc,heap        ] GC(25) Humongous regions: 35->35
[205.934s][info][gc,metaspace   ] GC(25) Metaspace: 29016K(29184K)->29016K(29184K) NonClass: 29016K(29184K)->29016K(29184K) Class: 0K(0K)->0K(0K)
[205.934s][info][gc             ] GC(25) Pause Young (Normal) (G1 Evacuation Pause) 3882M->1785M(9456M) 104.115ms
[205.934s][info][gc,cpu         ] GC(25) User=0.80s Sys=0.03s Real=0.10s
. (rIR:aIR:PR = 1949:1950:1950) (tPR = 32565) [OK] 
   205s:       trying IR =   2319 .... (rIR:aIR:PR = 2319:2297:2296) (tPR = 37876) [OK] 
   209s:       trying IR =   2762 ..[212.443s][info][gc,start       ] GC(26) Pause Young (Normal) (G1 Evacuation Pause)
[212.443s][info][gc,task        ] GC(26) Using 8 workers of 8 for evacuation
[212.555s][info][gc,phases      ] GC(26)   Pre Evacuate Collection Set: 0.26ms
[212.555s][info][gc,phases      ] GC(26)   Merge Heap Roots: 0.29ms
[212.555s][info][gc,phases      ] GC(26)   Evacuate Collection Set: 110.45ms
[212.555s][info][gc,phases      ] GC(26)   Post Evacuate Collection Set: 0.75ms
[212.555s][info][gc,phases      ] GC(26)   Other: 0.06ms
[212.555s][info][gc,heap        ] GC(26) Eden regions: 303->0(339)
[212.555s][info][gc,heap        ] GC(26) Survivor regions: 26->29(42)
[212.555s][info][gc,heap        ] GC(26) Old regions: 169->176
[212.555s][info][gc,heap        ] GC(26) Humongous regions: 35->35
[212.555s][info][gc,metaspace   ] GC(26) Metaspace: 29122K(29312K)->29122K(29312K) NonClass: 29122K(29312K)->29122K(29312K) Class: 0K(0K)->0K(0K)
[212.555s][info][gc             ] GC(26) Pause Young (Normal) (G1 Evacuation Pause) 4209M->1871M(9456M) 111.937ms
[212.555s][info][gc,cpu         ] GC(26) User=0.83s Sys=0.05s Real=0.11s
.. (rIR:aIR:PR = 2762:2739:2739) (tPR = 43158) [OK] 
   213s:       trying IR =   3295 .... (rIR:aIR:PR = 3295:3294:3294) (tPR = 49336) [OK] 
   217s:       trying IR =   3934 [218.901s][info][gc,start       ] GC(27) Pause Young (Normal) (G1 Evacuation Pause)
[218.901s][info][gc,task        ] GC(27) Using 8 workers of 8 for evacuation
[219.026s][info][gc,phases      ] GC(27)   Pre Evacuate Collection Set: 0.26ms
[219.026s][info][gc,phases      ] GC(27)   Merge Heap Roots: 0.36ms
[219.026s][info][gc,phases      ] GC(27)   Evacuate Collection Set: 123.43ms
[219.026s][info][gc,phases      ] GC(27)   Post Evacuate Collection Set: 0.83ms
[219.026s][info][gc,phases      ] GC(27)   Other: 0.07ms
[219.026s][info][gc,heap        ] GC(27) Eden regions: 348->0(372)
[219.026s][info][gc,heap        ] GC(27) Survivor regions: 29->32(48)
[219.026s][info][gc,heap        ] GC(27) Old regions: 176->185
[219.026s][info][gc,heap        ] GC(27) Humongous regions: 35->35
[219.026s][info][gc,metaspace   ] GC(27) Metaspace: 29477K(29632K)->29477K(29632K) NonClass: 29477K(29632K)->29477K(29632K) Class: 0K(0K)->0K(0K)
[219.026s][info][gc             ] GC(27) Pause Young (Normal) (G1 Evacuation Pause) 4655M->1965M(9456M) 125.084ms
[219.026s][info][gc,cpu         ] GC(27) User=0.93s Sys=0.06s Real=0.12s
.... (rIR:aIR:PR = 3934:3898:3897) (tPR = 59272) [OK] 
   221s:       trying IR =   4701 ..[224.460s][info][gc,start       ] GC(28) Pause Young (Normal) (G1 Evacuation Pause)
[224.460s][info][gc,task        ] GC(28) Using 8 workers of 8 for evacuation
[224.595s][info][gc,phases      ] GC(28)   Pre Evacuate Collection Set: 0.28ms
[224.595s][info][gc,phases      ] GC(28)   Merge Heap Roots: 0.43ms
[224.595s][info][gc,phases      ] GC(28)   Evacuate Collection Set: 132.86ms
[224.595s][info][gc,phases      ] GC(28)   Post Evacuate Collection Set: 0.90ms
[224.595s][info][gc,phases      ] GC(28)   Other: 0.07ms
[224.595s][info][gc,heap        ] GC(28) Eden regions: 363->0(381)
[224.595s][info][gc,heap        ] GC(28) Survivor regions: 32->35(50)
[224.595s][info][gc,heap        ] GC(28) Old regions: 185->193
[224.595s][info][gc,heap        ] GC(28) Humongous regions: 35->35
[224.595s][info][gc,metaspace   ] GC(28) Metaspace: 29522K(29696K)->29522K(29696K) NonClass: 29522K(29696K)->29522K(29696K) Class: 0K(0K)->0K(0K)
[224.595s][info][gc             ] GC(28) Pause Young (Normal) (G1 Evacuation Pause) 4869M->2059M(9456M) 134.676ms
[224.595s][info][gc,cpu         ] GC(28) User=1.02s Sys=0.05s Real=0.13s
.. (rIR:aIR:PR = 4701:4716:4716) (tPR = 71075) [OK] 
   225s:       trying IR =   5621 ..[229.097s][info][gc,start       ] GC(29) Pause Young (Normal) (G1 Evacuation Pause)
[229.097s][info][gc,task        ] GC(29) Using 8 workers of 8 for evacuation
[229.231s][info][gc,phases      ] GC(29)   Pre Evacuate Collection Set: 0.25ms
[229.231s][info][gc,phases      ] GC(29)   Merge Heap Roots: 0.37ms
[229.231s][info][gc,phases      ] GC(29)   Evacuate Collection Set: 133.11ms
[229.231s][info][gc,phases      ] GC(29)   Post Evacuate Collection Set: 0.84ms
[229.231s][info][gc,phases      ] GC(29)   Other: 0.07ms
[229.231s][info][gc,heap        ] GC(29) Eden regions: 378->0(445)
[229.231s][info][gc,heap        ] GC(29) Survivor regions: 35->35(52)
[229.231s][info][gc,heap        ] GC(29) Old regions: 193->202
[229.231s][info][gc,heap        ] GC(29) Humongous regions: 35->35
[229.231s][info][gc,metaspace   ] GC(29) Metaspace: 29526K(29696K)->29526K(29696K) NonClass: 29526K(29696K)->29526K(29696K) Class: 0K(0K)->0K(0K)
[229.231s][info][gc             ] GC(29) Pause Young (Normal) (G1 Evacuation Pause) 5083M->2131M(9456M) 134.764ms
[229.231s][info][gc,cpu         ] GC(29) User=1.03s Sys=0.04s Real=0.14s
.... (rIR:aIR:PR = 5621:5596:5596) (tPR = 85416) [OK] 
   232s:       trying IR =   6725 .[233.934s][info][gc,start       ] GC(30) Pause Young (Normal) (G1 Evacuation Pause)
[233.934s][info][gc,task        ] GC(30) Using 8 workers of 8 for evacuation
[234.079s][info][gc,phases      ] GC(30)   Pre Evacuate Collection Set: 0.26ms
[234.079s][info][gc,phases      ] GC(30)   Merge Heap Roots: 0.36ms
[234.079s][info][gc,phases      ] GC(30)   Evacuate Collection Set: 142.95ms
[234.079s][info][gc,phases      ] GC(30)   Post Evacuate Collection Set: 0.93ms
[234.079s][info][gc,phases      ] GC(30)   Other: 0.07ms
[234.079s][info][gc,heap        ] GC(30) Eden regions: 437->0(434)
[234.079s][info][gc,heap        ] GC(30) Survivor regions: 35->37(59)
[234.079s][info][gc,heap        ] GC(30) Old regions: 202->211
[234.079s][info][gc,heap        ] GC(30) Humongous regions: 35->35
[234.079s][info][gc,metaspace   ] GC(30) Metaspace: 29544K(29760K)->29544K(29760K) NonClass: 29544K(29760K)->29544K(29760K) Class: 0K(0K)->0K(0K)
[234.079s][info][gc             ] GC(30) Pause Young (Normal) (G1 Evacuation Pause) 5627M->2215M(9456M) 144.712ms
[234.079s][info][gc,cpu         ] GC(30) User=1.07s Sys=0.07s Real=0.15s
... (rIR:aIR:PR = 6725:6773:6773) (tPR = 103007) [OK] 
   236s:       trying IR =   8050 .[237.347s][info][gc,start       ] GC(31) Pause Young (Normal) (G1 Evacuation Pause)
[237.347s][info][gc,task        ] GC(31) Using 8 workers of 8 for evacuation
[237.482s][info][gc,phases      ] GC(31)   Pre Evacuate Collection Set: 0.25ms
[237.482s][info][gc,phases      ] GC(31)   Merge Heap Roots: 0.38ms
[237.482s][info][gc,phases      ] GC(31)   Evacuate Collection Set: 133.05ms
[237.482s][info][gc,phases      ] GC(31)   Post Evacuate Collection Set: 0.90ms
[237.482s][info][gc,phases      ] GC(31)   Other: 0.07ms
[237.482s][info][gc,heap        ] GC(31) Eden regions: 431->0(468)
[237.482s][info][gc,heap        ] GC(31) Survivor regions: 37->38(59)
[237.482s][info][gc,heap        ] GC(31) Old regions: 211->219
[237.482s][info][gc,heap        ] GC(31) Humongous regions: 35->35
[237.482s][info][gc,metaspace   ] GC(31) Metaspace: 29567K(29760K)->29567K(29760K) NonClass: 29567K(29760K)->29567K(29760K) Class: 0K(0K)->0K(0K)
[237.482s][info][gc             ] GC(31) Pause Young (Normal) (G1 Evacuation Pause) 5663M->2285M(9456M) 134.794ms
[237.482s][info][gc,cpu         ] GC(31) User=1.05s Sys=0.01s Real=0.14s
... (rIR:aIR:PR = 8050:8201:8201) (tPR = 121992) [OK] 
   240s:       trying IR =   9640 [241.054s][info][gc,start       ] GC(32) Pause Young (Normal) (G1 Evacuation Pause)
[241.054s][info][gc,task        ] GC(32) Using 8 workers of 8 for evacuation
[241.205s][info][gc,phases      ] GC(32)   Pre Evacuate Collection Set: 0.27ms
[241.205s][info][gc,phases      ] GC(32)   Merge Heap Roots: 0.40ms
[241.205s][info][gc,phases      ] GC(32)   Evacuate Collection Set: 148.88ms
[241.205s][info][gc,phases      ] GC(32)   Post Evacuate Collection Set: 1.02ms
[241.205s][info][gc,phases      ] GC(32)   Other: 0.08ms
[241.205s][info][gc,heap        ] GC(32) Eden regions: 466->0(487)
[241.205s][info][gc,heap        ] GC(32) Survivor regions: 38->40(63)
[241.205s][info][gc,heap        ] GC(32) Old regions: 219->227
[241.205s][info][gc,heap        ] GC(32) Humongous regions: 35->35
[241.205s][info][gc,metaspace   ] GC(32) Metaspace: 29575K(29760K)->29575K(29760K) NonClass: 29575K(29760K)->29575K(29760K) Class: 0K(0K)->0K(0K)
[241.205s][info][gc             ] GC(32) Pause Young (Normal) (G1 Evacuation Pause) 6013M->2366M(9456M) 150.781ms
[241.205s][info][gc,cpu         ] GC(32) User=1.14s Sys=0.05s Real=0.15s
....[244.523s][info][gc,start       ] GC(33) Pause Young (Normal) (G1 Evacuation Pause)
[244.523s][info][gc,task        ] GC(33) Using 8 workers of 8 for evacuation
[244.672s][info][gc,phases      ] GC(33)   Pre Evacuate Collection Set: 0.25ms
[244.672s][info][gc,phases      ] GC(33)   Merge Heap Roots: 0.42ms
[244.672s][info][gc,phases      ] GC(33)   Evacuate Collection Set: 147.79ms
[244.672s][info][gc,phases      ] GC(33)   Post Evacuate Collection Set: 0.97ms
[244.672s][info][gc,phases      ] GC(33)   Other: 0.07ms
[244.672s][info][gc,heap        ] GC(33) Eden regions: 486->0(507)
[244.672s][info][gc,heap        ] GC(33) Survivor regions: 40->41(66)
[244.672s][info][gc,heap        ] GC(33) Old regions: 227->235
[244.672s][info][gc,heap        ] GC(33) Humongous regions: 35->35
[244.672s][info][gc,metaspace   ] GC(33) Metaspace: 29594K(29760K)->29594K(29760K) NonClass: 29594K(29760K)->29594K(29760K) Class: 0K(0K)->0K(0K)
[244.672s][info][gc             ] GC(33) Pause Young (Normal) (G1 Evacuation Pause) 6254M->2440M(9456M) 149.642ms
[244.672s][info][gc,cpu         ] GC(33) User=1.14s Sys=0.04s Real=0.15s
. (rIR:aIR:PR = 9640:9672:9539) (tPR = 140173) [OK] 
   245s:       trying IR =  11548 ..[247.544s][info][gc,start       ] GC(34) Pause Young (Normal) (G1 Evacuation Pause)
[247.544s][info][gc,task        ] GC(34) Using 8 workers of 8 for evacuation
[247.697s][info][gc,phases      ] GC(34)   Pre Evacuate Collection Set: 0.24ms
[247.697s][info][gc,phases      ] GC(34)   Merge Heap Roots: 0.40ms
[247.697s][info][gc,phases      ] GC(34)   Evacuate Collection Set: 150.91ms
[247.697s][info][gc,phases      ] GC(34)   Post Evacuate Collection Set: 1.03ms
[247.697s][info][gc,phases      ] GC(34)   Other: 0.08ms
[247.697s][info][gc,heap        ] GC(34) Eden regions: 505->0(529)
[247.697s][info][gc,heap        ] GC(34) Survivor regions: 41->42(69)
[247.697s][info][gc,heap        ] GC(34) Old regions: 235->243
[247.697s][info][gc,heap        ] GC(34) Humongous regions: 35->35
[247.697s][info][gc,metaspace   ] GC(34) Metaspace: 29612K(29760K)->29612K(29760K) NonClass: 29612K(29760K)->29612K(29760K) Class: 0K(0K)->0K(0K)
[247.697s][info][gc             ] GC(34) Pause Young (Normal) (G1 Evacuation Pause) 6480M->2506M(9456M) 152.802ms
[247.697s][info][gc,cpu         ] GC(34) User=1.18s Sys=0.03s Real=0.16s
.. (rIR:aIR:PR = 11548:11492:11471) (tPR = 170474) [OK] 
   249s:       trying IR =  13837 .[250.555s][info][gc,start       ] GC(35) Pause Young (Normal) (G1 Evacuation Pause)
[250.555s][info][gc,task        ] GC(35) Using 8 workers of 8 for evacuation
[250.713s][info][gc,phases      ] GC(35)   Pre Evacuate Collection Set: 0.26ms
[250.713s][info][gc,phases      ] GC(35)   Merge Heap Roots: 0.46ms
[250.713s][info][gc,phases      ] GC(35)   Evacuate Collection Set: 156.09ms
[250.713s][info][gc,phases      ] GC(35)   Post Evacuate Collection Set: 1.01ms
[250.713s][info][gc,phases      ] GC(35)   Other: 0.07ms
[250.713s][info][gc,heap        ] GC(35) Eden regions: 526->0(549)
[250.713s][info][gc,heap        ] GC(35) Survivor regions: 42->43(71)
[250.713s][info][gc,heap        ] GC(35) Old regions: 243->250
[250.713s][info][gc,heap        ] GC(35) Humongous regions: 35->35
[250.713s][info][gc,metaspace   ] GC(35) Metaspace: 29615K(29760K)->29615K(29760K) NonClass: 29615K(29760K)->29615K(29760K) Class: 0K(0K)->0K(0K)
[250.713s][info][gc             ] GC(35) Pause Young (Normal) (G1 Evacuation Pause) 6714M->2574M(9456M) 158.022ms
[250.713s][info][gc,cpu         ] GC(35) User=1.22s Sys=0.04s Real=0.16s
...[253.682s][info][gc,start       ] GC(36) Pause Young (Normal) (G1 Evacuation Pause)
[253.682s][info][gc,task        ] GC(36) Using 8 workers of 8 for evacuation
[253.849s][info][gc,phases      ] GC(36)   Pre Evacuate Collection Set: 0.23ms
[253.849s][info][gc,phases      ] GC(36)   Merge Heap Roots: 0.41ms
[253.849s][info][gc,phases      ] GC(36)   Evacuate Collection Set: 164.91ms
[253.849s][info][gc,phases      ] GC(36)   Post Evacuate Collection Set: 1.02ms
[253.849s][info][gc,phases      ] GC(36)   Other: 0.07ms
[253.849s][info][gc,heap        ] GC(36) Eden regions: 547->0(554)
[253.849s][info][gc,heap        ] GC(36) Survivor regions: 43->45(74)
[253.849s][info][gc,heap        ] GC(36) Old regions: 250->258
[253.849s][info][gc,heap        ] GC(36) Humongous regions: 35->35
[253.849s][info][gc,metaspace   ] GC(36) Metaspace: 29616K(29760K)->29616K(29760K) NonClass: 29616K(29760K)->29616K(29760K) Class: 0K(0K)->0K(0K)
[253.849s][info][gc             ] GC(36) Pause Young (Normal) (G1 Evacuation Pause) 6950M->2654M(9456M) 166.759ms
[253.849s][info][gc,cpu         ] GC(36) User=1.27s Sys=0.06s Real=0.17s
...[256.854s][info][gc,start       ] GC(37) Pause Young (Normal) (G1 Evacuation Pause)
[256.854s][info][gc,task        ] GC(37) Using 8 workers of 8 for evacuation
[257.016s][info][gc,phases      ] GC(37)   Pre Evacuate Collection Set: 0.25ms
[257.016s][info][gc,phases      ] GC(37)   Merge Heap Roots: 0.45ms
[257.016s][info][gc,phases      ] GC(37)   Evacuate Collection Set: 160.33ms
[257.016s][info][gc,phases      ] GC(37)   Post Evacuate Collection Set: 0.98ms
[257.016s][info][gc,phases      ] GC(37)   Other: 0.07ms
[257.016s][info][gc,heap        ] GC(37) Eden regions: 554->0(557)
[257.016s][info][gc,heap        ] GC(37) Survivor regions: 45->45(75)
[257.016s][info][gc,heap        ] GC(37) Old regions: 258->265
[257.016s][info][gc,heap        ] GC(37) Humongous regions: 35->35
[257.016s][info][gc,metaspace   ] GC(37) Metaspace: 29617K(29760K)->29617K(29760K) NonClass: 29617K(29760K)->29617K(29760K) Class: 0K(0K)->0K(0K)
[257.016s][info][gc             ] GC(37) Pause Young (Normal) (G1 Evacuation Pause) 7086M->2711M(9456M) 162.197ms
[257.016s][info][gc,cpu         ] GC(37) User=1.25s Sys=0.03s Real=0.16s
...[259.901s][info][gc,start       ] GC(38) Pause Young (Normal) (G1 Evacuation Pause)
[259.901s][info][gc,task        ] GC(38) Using 8 workers of 8 for evacuation
[260.055s][info][gc,phases      ] GC(38)   Pre Evacuate Collection Set: 0.24ms
[260.055s][info][gc,phases      ] GC(38)   Merge Heap Roots: 0.45ms
[260.055s][info][gc,phases      ] GC(38)   Evacuate Collection Set: 152.35ms
[260.055s][info][gc,phases      ] GC(38)   Post Evacuate Collection Set: 0.96ms
[260.055s][info][gc,phases      ] GC(38)   Other: 0.07ms
[260.055s][info][gc,heap        ] GC(38) Eden regions: 556->0(630)
[260.055s][info][gc,heap        ] GC(38) Survivor regions: 45->43(76)
[260.055s][info][gc,heap        ] GC(38) Old regions: 265->272
[260.055s][info][gc,heap        ] GC(38) Humongous regions: 35->35
[260.055s][info][gc,metaspace   ] GC(38) Metaspace: 29633K(29760K)->29633K(29760K) NonClass: 29633K(29760K)->29633K(29760K) Class: 0K(0K)->0K(0K)
[260.055s][info][gc             ] GC(38) Pause Young (Normal) (G1 Evacuation Pause) 7159M->2751M(9456M) 154.224ms
[260.055s][info][gc,cpu         ] GC(38) User=1.21s Sys=0.01s Real=0.15s
....[263.427s][info][gc,start       ] GC(39) Pause Young (Normal) (G1 Evacuation Pause)
[263.427s][info][gc,task        ] GC(39) Using 8 workers of 8 for evacuation
[263.605s][info][gc,phases      ] GC(39)   Pre Evacuate Collection Set: 0.24ms
[263.605s][info][gc,phases      ] GC(39)   Merge Heap Roots: 0.48ms
[263.605s][info][gc,phases      ] GC(39)   Evacuate Collection Set: 175.94ms
[263.605s][info][gc,phases      ] GC(39)   Post Evacuate Collection Set: 1.11ms
[263.605s][info][gc,phases      ] GC(39)   Other: 0.08ms
[263.605s][info][gc,heap        ] GC(39) Eden regions: 627->0(585)
[263.605s][info][gc,heap        ] GC(39) Survivor regions: 43->53(84)
[263.605s][info][gc,heap        ] GC(39) Old regions: 272->272
[263.605s][info][gc,heap        ] GC(39) Humongous regions: 35->35
[263.605s][info][gc,metaspace   ] GC(39) Metaspace: 29636K(29824K)->29636K(29824K) NonClass: 29636K(29824K)->29636K(29824K) Class: 0K(0K)->0K(0K)
[263.605s][info][gc             ] GC(39) Pause Young (Normal) (G1 Evacuation Pause) 7767M->2835M(9456M) 177.977ms
[263.605s][info][gc,cpu         ] GC(39) User=1.34s Sys=0.07s Real=0.17s
...[266.776s][info][gc,start       ] GC(40) Pause Young (Normal) (G1 Evacuation Pause)
[266.776s][info][gc,task        ] GC(40) Using 8 workers of 8 for evacuation
[266.955s][info][gc,phases      ] GC(40)   Pre Evacuate Collection Set: 0.26ms
[266.955s][info][gc,phases      ] GC(40)   Merge Heap Roots: 0.49ms
[266.955s][info][gc,phases      ] GC(40)   Evacuate Collection Set: 177.53ms
[266.955s][info][gc,phases      ] GC(40)   Post Evacuate Collection Set: 1.03ms
[266.955s][info][gc,phases      ] GC(40)   Other: 0.06ms
[266.955s][info][gc,heap        ] GC(40) Eden regions: 581->0(520)
[266.955s][info][gc,heap        ] GC(40) Survivor regions: 53->49(80)
[266.955s][info][gc,heap        ] GC(40) Old regions: 272->282
[266.955s][info][gc,heap        ] GC(40) Humongous regions: 35->35
[266.955s][info][gc,metaspace   ] GC(40) Metaspace: 29642K(29824K)->29642K(29824K) NonClass: 29642K(29824K)->29642K(29824K) Class: 0K(0K)->0K(0K)
[266.955s][info][gc             ] GC(40) Pause Young (Normal) (G1 Evacuation Pause) 7483M->2882M(9456M) 179.505ms
[266.955s][info][gc,cpu         ] GC(40) User=1.40s Sys=0.03s Real=0.18s
...[269.717s][info][gc,start       ] GC(41) Pause Young (Normal) (G1 Evacuation Pause)
[269.717s][info][gc,task        ] GC(41) Using 8 workers of 8 for evacuation
[269.873s][info][gc,phases      ] GC(41)   Pre Evacuate Collection Set: 0.23ms
[269.873s][info][gc,phases      ] GC(41)   Merge Heap Roots: 0.43ms
[269.873s][info][gc,phases      ] GC(41)   Evacuate Collection Set: 154.67ms
[269.873s][info][gc,phases      ] GC(41)   Post Evacuate Collection Set: 0.95ms
[269.873s][info][gc,phases      ] GC(41)   Other: 0.07ms
[269.873s][info][gc,heap        ] GC(41) Eden regions: 521->0(638)
[269.873s][info][gc,heap        ] GC(41) Survivor regions: 49->44(72)
[269.873s][info][gc,heap        ] GC(41) Old regions: 282->290
[269.873s][info][gc,heap        ] GC(41) Humongous regions: 35->35
[269.873s][info][gc,metaspace   ] GC(41) Metaspace: 29644K(29824K)->29644K(29824K) NonClass: 29644K(29824K)->29644K(29824K) Class: 0K(0K)->0K(0K)
[269.873s][info][gc             ] GC(41) Pause Young (Normal) (G1 Evacuation Pause) 7050M->2903M(9456M) 156.485ms
[269.873s][info][gc,cpu         ] GC(41) User=1.22s Sys=0.02s Real=0.16s
...[273.239s][info][gc,start       ] GC(42) Pause Young (Normal) (G1 Evacuation Pause)
[273.239s][info][gc,task        ] GC(42) Using 8 workers of 8 for evacuation
[273.396s][info][gc,phases      ] GC(42)   Pre Evacuate Collection Set: 0.25ms
[273.396s][info][gc,phases      ] GC(42)   Merge Heap Roots: 0.47ms
[273.396s][info][gc,phases      ] GC(42)   Evacuate Collection Set: 155.71ms
[273.396s][info][gc,phases      ] GC(42)   Post Evacuate Collection Set: 1.09ms
[273.396s][info][gc,phases      ] GC(42)   Other: 0.07ms
[273.396s][info][gc,heap        ] GC(42) Eden regions: 637->0(603)
[273.396s][info][gc,heap        ] GC(42) Survivor regions: 44->51(86)
[273.396s][info][gc,heap        ] GC(42) Old regions: 290->290
[273.396s][info][gc,heap        ] GC(42) Humongous regions: 35->35
[273.396s][info][gc,metaspace   ] GC(42) Metaspace: 29644K(29824K)->29644K(29824K) NonClass: 29644K(29824K)->29644K(29824K) Class: 0K(0K)->0K(0K)
[273.396s][info][gc             ] GC(42) Pause Young (Normal) (G1 Evacuation Pause) 7999M->2963M(9456M) 157.729ms
[273.396s][info][gc,cpu         ] GC(42) User=1.24s Sys=0.00s Real=0.15s
....[276.602s][info][gc,start       ] GC(43) Pause Young (Normal) (G1 Evacuation Pause)
[276.602s][info][gc,task        ] GC(43) Using 8 workers of 8 for evacuation
[276.765s][info][gc,phases      ] GC(43)   Pre Evacuate Collection Set: 0.25ms
[276.765s][info][gc,phases      ] GC(43)   Merge Heap Roots: 0.48ms
[276.765s][info][gc,phases      ] GC(43)   Evacuate Collection Set: 160.72ms
[276.765s][info][gc,phases      ] GC(43)   Post Evacuate Collection Set: 1.02ms
[276.765s][info][gc,phases      ] GC(43)   Other: 0.06ms
[276.765s][info][gc,heap        ] GC(43) Eden regions: 597->0(664)
[276.765s][info][gc,heap        ] GC(43) Survivor regions: 51->45(81)
[276.765s][info][gc,heap        ] GC(43) Old regions: 290->300
[276.765s][info][gc,heap        ] GC(43) Humongous regions: 35->35
[276.765s][info][gc,metaspace   ] GC(43) Metaspace: 29648K(29824K)->29648K(29824K) NonClass: 29648K(29824K)->29648K(29824K) Class: 0K(0K)->0K(0K)
[276.765s][info][gc             ] GC(43) Pause Young (Normal) (G1 Evacuation Pause) 7739M->2990M(9456M) 162.662ms
[276.765s][info][gc,cpu         ] GC(43) User=1.27s Sys=0.02s Real=0.16s
... (rIR:aIR:PR = 13837:13934:11982) (tPR = 177587) [PR is under limit] 
   279s: Re-initializing (term) [279.522s][info][gc,start       ] GC(44) Pause Full (System.gc())
[279.522s][info][gc,task        ] GC(44) Using 8 workers of 8 for full compaction
[279.522s][info][gc,phases,start] GC(44) Phase 1: Mark live objects
[279.537s][info][gc,phases      ] GC(44) Phase 1: Mark live objects 14.752ms
[279.537s][info][gc,phases,start] GC(44) Phase 2: Prepare compaction
[279.544s][info][gc,phases      ] GC(44) Phase 2: Prepare compaction 6.429ms
[279.544s][info][gc,phases,start] GC(44) Phase 3: Adjust pointers
[279.555s][info][gc,phases      ] GC(44) Phase 3: Adjust pointers 11.226ms
[279.555s][info][gc,phases,start] GC(44) Phase 4: Compact heap
[279.561s][info][gc,phases      ] GC(44) Phase 4: Compact heap 6.227ms
[279.561s][info][gc,phases,start] GC(44) Phase 5: Reset Metadata
[279.565s][info][gc,phases      ] GC(44) Phase 5: Reset Metadata 4.163ms
[279.582s][info][gc,heap        ] GC(44) Eden regions: 501->0(614)
[279.582s][info][gc,heap        ] GC(44) Survivor regions: 45->0(81)
[279.582s][info][gc,heap        ] GC(44) Old regions: 300->14
[279.582s][info][gc,heap        ] GC(44) Humongous regions: 35->18
[279.582s][info][gc,metaspace   ] GC(44) Metaspace: 29658K(29824K)->29658K(29824K) NonClass: 29658K(29824K)->29658K(29824K) Class: 0K(0K)->0K(0K)
[279.582s][info][gc             ] GC(44) Pause Full (System.gc()) 6990M->212M(8192M) 59.939ms
[279.582s][info][gc,cpu         ] GC(44) User=0.35s Sys=0.05s Real=0.06s
(init) ... OK
   283s: Searching from base IR = 11548
   283s:       rampup IR =      0 ... (rIR:aIR:PR = 0:0:0) (tPR = 0) [OK] 
   286s:       rampup IR =   1155 .... (rIR:aIR:PR = 1155:1154:1128) (tPR = 23008) [OK] 
   290s:       rampup IR =   2310 ..... (rIR:aIR:PR = 2310:2277:2228) (tPR = 41567) [OK] 
   295s:       rampup IR =   3464 [296.673s][info][gc,start       ] GC(45) Pause Young (Normal) (G1 Evacuation Pause)
[296.673s][info][gc,task        ] GC(45) Using 8 workers of 8 for evacuation
[297.140s][info][gc,mmu         ] GC(45) MMU target violated: 201.0ms (200.0ms/201.0ms)
[297.140s][info][gc,phases      ] GC(45)   Pre Evacuate Collection Set: 0.26ms
[297.140s][info][gc,phases      ] GC(45)   Merge Heap Roots: 0.45ms
[297.140s][info][gc,phases      ] GC(45)   Evacuate Collection Set: 465.52ms
[297.140s][info][gc,phases      ] GC(45)   Post Evacuate Collection Set: 1.19ms
[297.140s][info][gc,phases      ] GC(45)   Other: 0.11ms
[297.140s][info][gc,heap        ] GC(45) Eden regions: 614->0(453)
[297.140s][info][gc,heap        ] GC(45) Survivor regions: 0->77(77)
[297.140s][info][gc,heap        ] GC(45) Old regions: 14->52
[297.140s][info][gc,heap        ] GC(45) Humongous regions: 35->34
[297.140s][info][gc,metaspace   ] GC(45) Metaspace: 29691K(29888K)->29691K(29888K) NonClass: 29691K(29888K)->29691K(29888K) Class: 0K(0K)->0K(0K)
[297.140s][info][gc             ] GC(45) Pause Young (Normal) (G1 Evacuation Pause) 5260M->1256M(8192M) 467.650ms
[297.140s][info][gc,cpu         ] GC(45) User=3.61s Sys=0.10s Real=0.47s
......[303.050s][info][gc,start       ] GC(46) Pause Young (Normal) (G1 Evacuation Pause)
[303.050s][info][gc,task        ] GC(46) Using 8 workers of 8 for evacuation
[303.345s][info][gc,mmu         ] GC(46) MMU target violated: 201.0ms (200.0ms/201.0ms)
[303.345s][info][gc,phases      ] GC(46)   Pre Evacuate Collection Set: 0.27ms
[303.345s][info][gc,phases      ] GC(46)   Merge Heap Roots: 0.34ms
[303.345s][info][gc,phases      ] GC(46)   Evacuate Collection Set: 293.42ms
[303.345s][info][gc,phases      ] GC(46)   Post Evacuate Collection Set: 0.80ms
[303.345s][info][gc,phases      ] GC(46)   Other: 0.10ms
[303.345s][info][gc,heap        ] GC(46) Eden regions: 463->0(387)
[303.345s][info][gc,heap        ] GC(46) Survivor regions: 77->24(68)
[303.345s][info][gc,heap        ] GC(46) Old regions: 52->122
[303.345s][info][gc,heap        ] GC(46) Humongous regions: 34->34
[303.345s][info][gc,metaspace   ] GC(46) Metaspace: 29694K(29888K)->29694K(29888K) NonClass: 29694K(29888K)->29694K(29888K) Class: 0K(0K)->0K(0K)
[303.345s][info][gc             ] GC(46) Pause Young (Normal) (G1 Evacuation Pause) 4960M->1388M(8192M) 295.055ms
[303.345s][info][gc,cpu         ] GC(46) User=2.35s Sys=0.01s Real=0.29s
...... (rIR:aIR:PR = 3464:3596:3556) (tPR = 61167) [OK] 
   308s:       rampup IR =   4619 [308.519s][info][gc,start       ] GC(47) Pause Young (Normal) (G1 Evacuation Pause)
[308.519s][info][gc,task        ] GC(47) Using 8 workers of 8 for evacuation
[308.628s][info][gc,phases      ] GC(47)   Pre Evacuate Collection Set: 0.27ms
[308.628s][info][gc,phases      ] GC(47)   Merge Heap Roots: 0.35ms
[308.628s][info][gc,phases      ] GC(47)   Evacuate Collection Set: 107.78ms
[308.628s][info][gc,phases      ] GC(47)   Post Evacuate Collection Set: 0.83ms
[308.628s][info][gc,phases      ] GC(47)   Other: 0.06ms
[308.628s][info][gc,heap        ] GC(47) Eden regions: 400->0(266)
[308.628s][info][gc,heap        ] GC(47) Survivor regions: 24->38(53)
[308.628s][info][gc,heap        ] GC(47) Old regions: 122->122
[308.628s][info][gc,heap        ] GC(47) Humongous regions: 34->34
[308.628s][info][gc,metaspace   ] GC(47) Metaspace: 29698K(29888K)->29698K(29888K) NonClass: 29698K(29888K)->29698K(29888K) Class: 0K(0K)->0K(0K)
[308.628s][info][gc             ] GC(47) Pause Young (Normal) (G1 Evacuation Pause) 4588M->1504M(8192M) 109.413ms
[308.628s][info][gc,cpu         ] GC(47) User=0.86s Sys=0.00s Real=0.11s
...[312.328s][info][gc,start       ] GC(48) Pause Young (Normal) (G1 Evacuation Pause)
[312.328s][info][gc,task        ] GC(48) Using 8 workers of 8 for evacuation
[312.458s][info][gc,phases      ] GC(48)   Pre Evacuate Collection Set: 0.25ms
[312.458s][info][gc,phases      ] GC(48)   Merge Heap Roots: 0.27ms
[312.458s][info][gc,phases      ] GC(48)   Evacuate Collection Set: 127.81ms
[312.458s][info][gc,phases      ] GC(48)   Post Evacuate Collection Set: 0.74ms
[312.458s][info][gc,phases      ] GC(48)   Other: 0.06ms
[312.458s][info][gc,heap        ] GC(48) Eden regions: 313->0(387)
[312.458s][info][gc,heap        ] GC(48) Survivor regions: 38->34(44)
[312.458s][info][gc,heap        ] GC(48) Old regions: 122->136
[312.458s][info][gc,heap        ] GC(48) Humongous regions: 34->34
[312.458s][info][gc,metaspace   ] GC(48) Metaspace: 29703K(29888K)->29703K(29888K) NonClass: 29703K(29888K)->29703K(29888K) Class: 0K(0K)->0K(0K)
[312.458s][info][gc             ] GC(48) Pause Young (Normal) (G1 Evacuation Pause) 4008M->1579M(8192M) 129.271ms
[312.458s][info][gc,cpu         ] GC(48) User=1.02s Sys=0.00s Real=0.13s
. (rIR:aIR:PR = 4619:4435:4428) (tPR = 69462) [OK] 
   312s:       rampup IR =   5774 .... (rIR:aIR:PR = 5774:5772:5772) (tPR = 86265) [OK] 
   316s:       rampup IR =   6929 [316.620s][info][gc,start       ] GC(49) Pause Young (Normal) (G1 Evacuation Pause)
[316.620s][info][gc,task        ] GC(49) Using 8 workers of 8 for evacuation
[316.748s][info][gc,phases      ] GC(49)   Pre Evacuate Collection Set: 0.24ms
[316.748s][info][gc,phases      ] GC(49)   Merge Heap Roots: 0.33ms
[316.748s][info][gc,phases      ] GC(49)   Evacuate Collection Set: 126.05ms
[316.748s][info][gc,phases      ] GC(49)   Post Evacuate Collection Set: 0.94ms
[316.748s][info][gc,phases      ] GC(49)   Other: 0.06ms
[316.748s][info][gc,heap        ] GC(49) Eden regions: 393->0(425)
[316.748s][info][gc,heap        ] GC(49) Survivor regions: 34->34(54)
[316.748s][info][gc,heap        ] GC(49) Old regions: 136->147
[316.748s][info][gc,heap        ] GC(49) Humongous regions: 34->34
[316.748s][info][gc,metaspace   ] GC(49) Metaspace: 29703K(29888K)->29703K(29888K) NonClass: 29703K(29888K)->29703K(29888K) Class: 0K(0K)->0K(0K)
[316.748s][info][gc             ] GC(49) Pause Young (Normal) (G1 Evacuation Pause) 4723M->1672M(8192M) 127.734ms
[316.748s][info][gc,cpu         ] GC(49) User=1.01s Sys=0.00s Real=0.13s
.... (rIR:aIR:PR = 6929:6885:6885) (tPR = 103441) [OK] 
   320s:       rampup IR =   8084 [320.566s][info][gc,start       ] GC(50) Pause Young (Normal) (G1 Evacuation Pause)
[320.566s][info][gc,task        ] GC(50) Using 8 workers of 8 for evacuation
[320.696s][info][gc,phases      ] GC(50)   Pre Evacuate Collection Set: 0.26ms
[320.696s][info][gc,phases      ] GC(50)   Merge Heap Roots: 0.42ms
[320.696s][info][gc,phases      ] GC(50)   Evacuate Collection Set: 128.91ms
[320.696s][info][gc,phases      ] GC(50)   Post Evacuate Collection Set: 0.87ms
[320.696s][info][gc,phases      ] GC(50)   Other: 0.06ms
[320.696s][info][gc,heap        ] GC(50) Eden regions: 421->0(472)
[320.696s][info][gc,heap        ] GC(50) Survivor regions: 34->37(57)
[320.696s][info][gc,heap        ] GC(50) Old regions: 147->155
[320.696s][info][gc,heap        ] GC(50) Humongous regions: 34->34
[320.696s][info][gc,metaspace   ] GC(50) Metaspace: 29704K(29888K)->29704K(29888K) NonClass: 29704K(29888K)->29704K(29888K) Class: 0K(0K)->0K(0K)
[320.696s][info][gc             ] GC(50) Pause Young (Normal) (G1 Evacuation Pause) 5040M->1764M(8192M) 130.646ms
[320.696s][info][gc,cpu         ] GC(50) User=1.03s Sys=0.00s Real=0.13s
...[324.373s][info][gc,start       ] GC(51) Pause Young (Normal) (G1 Evacuation Pause)
[324.373s][info][gc,task        ] GC(51) Using 8 workers of 8 for evacuation
[324.508s][info][gc,phases      ] GC(51)   Pre Evacuate Collection Set: 0.27ms
[324.508s][info][gc,phases      ] GC(51)   Merge Heap Roots: 0.41ms
[324.508s][info][gc,phases      ] GC(51)   Evacuate Collection Set: 134.01ms
[324.508s][info][gc,phases      ] GC(51)   Post Evacuate Collection Set: 0.90ms
[324.508s][info][gc,phases      ] GC(51)   Other: 0.06ms
[324.508s][info][gc,heap        ] GC(51) Eden regions: 472->0(511)
[324.508s][info][gc,heap        ] GC(51) Survivor regions: 37->38(64)
[324.508s][info][gc,heap        ] GC(51) Old regions: 155->164
[324.508s][info][gc,heap        ] GC(51) Humongous regions: 34->34
[324.508s][info][gc,metaspace   ] GC(51) Metaspace: 29704K(29888K)->29704K(29888K) NonClass: 29704K(29888K)->29704K(29888K) Class: 0K(0K)->0K(0K)
[324.508s][info][gc             ] GC(51) Pause Young (Normal) (G1 Evacuation Pause) 5540M->1844M(8192M) 135.781ms
[324.508s][info][gc,cpu         ] GC(51) User=1.08s Sys=0.00s Real=0.14s
. (rIR:aIR:PR = 8084:8008:7730) (tPR = 116226) [OK] 
   324s:       rampup IR =   9238 ...[328.027s][info][gc,start       ] GC(52) Pause Young (Normal) (G1 Evacuation Pause)
[328.027s][info][gc,task        ] GC(52) Using 8 workers of 8 for evacuation
[328.167s][info][gc,phases      ] GC(52)   Pre Evacuate Collection Set: 0.23ms
[328.167s][info][gc,phases      ] GC(52)   Merge Heap Roots: 0.42ms
[328.167s][info][gc,phases      ] GC(52)   Evacuate Collection Set: 138.25ms
[328.167s][info][gc,phases      ] GC(52)   Post Evacuate Collection Set: 1.03ms
[328.167s][info][gc,phases      ] GC(52)   Other: 0.07ms
[328.167s][info][gc,heap        ] GC(52) Eden regions: 509->0(538)
[328.167s][info][gc,heap        ] GC(52) Survivor regions: 38->40(69)
[328.167s][info][gc,heap        ] GC(52) Old regions: 164->173
[328.167s][info][gc,heap        ] GC(52) Humongous regions: 34->34
[328.167s][info][gc,metaspace   ] GC(52) Metaspace: 29704K(29888K)->29704K(29888K) NonClass: 29704K(29888K)->29704K(29888K) Class: 0K(0K)->0K(0K)
[328.167s][info][gc             ] GC(52) Pause Young (Normal) (G1 Evacuation Pause) 5916M->1926M(8192M) 140.139ms
[328.167s][info][gc,cpu         ] GC(52) User=1.11s Sys=0.00s Real=0.14s
.. (rIR:aIR:PR = 9238:9288:9317) (tPR = 134816) [OK] 
   329s:       rampup IR =  10393 ..[331.609s][info][gc,start       ] GC(53) Pause Young (Normal) (G1 Evacuation Pause)
[331.609s][info][gc,task        ] GC(53) Using 8 workers of 8 for evacuation
[331.760s][info][gc,phases      ] GC(53)   Pre Evacuate Collection Set: 0.24ms
[331.760s][info][gc,phases      ] GC(53)   Merge Heap Roots: 0.43ms
[331.760s][info][gc,phases      ] GC(53)   Evacuate Collection Set: 149.17ms
[331.760s][info][gc,phases      ] GC(53)   Post Evacuate Collection Set: 1.02ms
[331.760s][info][gc,phases      ] GC(53)   Other: 0.06ms
[331.760s][info][gc,heap        ] GC(53) Eden regions: 537->0(534)
[331.760s][info][gc,heap        ] GC(53) Survivor regions: 40->43(73)
[331.760s][info][gc,heap        ] GC(53) Old regions: 173->180
[331.760s][info][gc,heap        ] GC(53) Humongous regions: 34->34
[331.760s][info][gc,metaspace   ] GC(53) Metaspace: 29708K(29888K)->29708K(29888K) NonClass: 29708K(29888K)->29708K(29888K) Class: 0K(0K)->0K(0K)
[331.760s][info][gc             ] GC(53) Pause Young (Normal) (G1 Evacuation Pause) 6222M->2012M(8192M) 151.054ms
[331.760s][info][gc,cpu         ] GC(53) User=1.20s Sys=0.00s Real=0.15s
... (rIR:aIR:PR = 10393:10216:10199) (tPR = 147087) [OK] 
   334s:       rampup IR =  11548 [335.107s][info][gc,start       ] GC(54) Pause Young (Normal) (G1 Evacuation Pause)
[335.107s][info][gc,task        ] GC(54) Using 8 workers of 8 for evacuation
[335.259s][info][gc,phases      ] GC(54)   Pre Evacuate Collection Set: 0.24ms
[335.259s][info][gc,phases      ] GC(54)   Merge Heap Roots: 0.44ms
[335.259s][info][gc,phases      ] GC(54)   Evacuate Collection Set: 150.18ms
[335.259s][info][gc,phases      ] GC(54)   Post Evacuate Collection Set: 0.98ms
[335.259s][info][gc,phases      ] GC(54)   Other: 0.06ms
[335.259s][info][gc,heap        ] GC(54) Eden regions: 534->0(557)
[335.259s][info][gc,heap        ] GC(54) Survivor regions: 43->44(73)
[335.259s][info][gc,heap        ] GC(54) Old regions: 180->188
[335.259s][info][gc,heap        ] GC(54) Humongous regions: 34->34
[335.259s][info][gc,metaspace   ] GC(54) Metaspace: 29712K(29888K)->29712K(29888K) NonClass: 29712K(29888K)->29712K(29888K) Class: 0K(0K)->0K(0K)
[335.259s][info][gc             ] GC(54) Pause Young (Normal) (G1 Evacuation Pause) 6284M->2075M(8192M) 152.032ms
[335.259s][info][gc,cpu         ] GC(54) User=1.20s Sys=0.00s Real=0.16s
...[338.404s][info][gc,start       ] GC(55) Pause Young (Normal) (G1 Evacuation Pause)
[338.404s][info][gc,task        ] GC(55) Using 8 workers of 8 for evacuation
[338.554s][info][gc,phases      ] GC(55)   Pre Evacuate Collection Set: 0.25ms
[338.554s][info][gc,phases      ] GC(55)   Merge Heap Roots: 0.47ms
[338.554s][info][gc,phases      ] GC(55)   Evacuate Collection Set: 148.04ms
[338.554s][info][gc,phases      ] GC(55)   Post Evacuate Collection Set: 1.04ms
[338.554s][info][gc,phases      ] GC(55)   Other: 0.08ms
[338.554s][info][gc,heap        ] GC(55) Eden regions: 556->0(571)
[338.554s][info][gc,heap        ] GC(55) Survivor regions: 44->43(75)
[338.554s][info][gc,heap        ] GC(55) Old regions: 188->196
[338.554s][info][gc,heap        ] GC(55) Humongous regions: 34->34
[338.554s][info][gc,metaspace   ] GC(55) Metaspace: 29712K(29888K)->29712K(29888K) NonClass: 29712K(29888K)->29712K(29888K) Class: 0K(0K)->0K(0K)
[338.554s][info][gc             ] GC(55) Pause Young (Normal) (G1 Evacuation Pause) 6523M->2130M(8192M) 150.030ms
[338.554s][info][gc,cpu         ] GC(55) User=1.19s Sys=0.00s Real=0.15s
.. (rIR:aIR:PR = 11548:11489:11809) (tPR = 181728) [OK] 
   339s:    snapshot, IR =  11548 ..[341.782s][info][gc,start       ] GC(56) Pause Young (Normal) (G1 Evacuation Pause)
[341.782s][info][gc,task        ] GC(56) Using 8 workers of 8 for evacuation
[341.935s][info][gc,phases      ] GC(56)   Pre Evacuate Collection Set: 0.23ms
[341.935s][info][gc,phases      ] GC(56)   Merge Heap Roots: 0.44ms
[341.935s][info][gc,phases      ] GC(56)   Evacuate Collection Set: 150.92ms
[341.935s][info][gc,phases      ] GC(56)   Post Evacuate Collection Set: 1.13ms
[341.935s][info][gc,phases      ] GC(56)   Other: 0.06ms
[341.935s][info][gc,heap        ] GC(56) Eden regions: 571->0(570)
[341.935s][info][gc,heap        ] GC(56) Survivor regions: 43->44(77)
[341.935s][info][gc,heap        ] GC(56) Old regions: 196->202
[341.935s][info][gc,heap        ] GC(56) Humongous regions: 34->34
[341.935s][info][gc,metaspace   ] GC(56) Metaspace: 29713K(29888K)->29713K(29888K) NonClass: 29713K(29888K)->29713K(29888K) Class: 0K(0K)->0K(0K)
[341.935s][info][gc             ] GC(56) Pause Young (Normal) (G1 Evacuation Pause) 6698M->2196M(8192M) 152.914ms
[341.935s][info][gc,cpu         ] GC(56) User=1.21s Sys=0.00s Real=0.15s
..|.[345.043s][info][gc,start       ] GC(57) Pause Young (Normal) (G1 Evacuation Pause)
[345.043s][info][gc,task        ] GC(57) Using 8 workers of 8 for evacuation
[345.194s][info][gc,phases      ] GC(57)   Pre Evacuate Collection Set: 0.25ms
[345.194s][info][gc,phases      ] GC(57)   Merge Heap Roots: 0.47ms
[345.194s][info][gc,phases      ] GC(57)   Evacuate Collection Set: 148.44ms
[345.194s][info][gc,phases      ] GC(57)   Post Evacuate Collection Set: 1.06ms
[345.194s][info][gc,phases      ] GC(57)   Other: 0.06ms
[345.194s][info][gc,heap        ] GC(57) Eden regions: 570->0(571)
[345.194s][info][gc,heap        ] GC(57) Survivor regions: 44->43(77)
[345.194s][info][gc,heap        ] GC(57) Old regions: 202->210
[345.194s][info][gc,heap        ] GC(57) Humongous regions: 34->34
[345.194s][info][gc,metaspace   ] GC(57) Metaspace: 29713K(29888K)->29713K(29888K) NonClass: 29713K(29888K)->29713K(29888K) Class: 0K(0K)->0K(0K)
[345.194s][info][gc             ] GC(57) Pause Young (Normal) (G1 Evacuation Pause) 6756M->2248M(8192M) 150.404ms
[345.194s][info][gc,cpu         ] GC(57) User=1.19s Sys=0.00s Real=0.15s
...[348.406s][info][gc,start       ] GC(58) Pause Young (Normal) (G1 Evacuation Pause)
[348.406s][info][gc,task        ] GC(58) Using 8 workers of 8 for evacuation
[348.561s][info][gc,phases      ] GC(58)   Pre Evacuate Collection Set: 0.25ms
[348.561s][info][gc,phases      ] GC(58)   Merge Heap Roots: 0.54ms
[348.561s][info][gc,phases      ] GC(58)   Evacuate Collection Set: 153.20ms
[348.561s][info][gc,phases      ] GC(58)   Post Evacuate Collection Set: 1.04ms
[348.561s][info][gc,phases      ] GC(58)   Other: 0.06ms
[348.561s][info][gc,heap        ] GC(58) Eden regions: 571->0(569)
[348.561s][info][gc,heap        ] GC(58) Survivor regions: 43->45(77)
[348.561s][info][gc,heap        ] GC(58) Old regions: 210->217
[348.561s][info][gc,heap        ] GC(58) Humongous regions: 34->34
[348.561s][info][gc,metaspace   ] GC(58) Metaspace: 29717K(29888K)->29717K(29888K) NonClass: 29717K(29888K)->29717K(29888K) Class: 0K(0K)->0K(0K)
[348.561s][info][gc             ] GC(58) Pause Young (Normal) (G1 Evacuation Pause) 6816M->2318M(8192M) 155.215ms
[348.561s][info][gc,cpu         ] GC(58) User=1.23s Sys=0.00s Real=0.16s
....[351.848s][info][gc,start       ] GC(59) Pause Young (Normal) (G1 Evacuation Pause)
[351.848s][info][gc,task        ] GC(59) Using 8 workers of 8 for evacuation
[352.003s][info][gc,phases      ] GC(59)   Pre Evacuate Collection Set: 0.24ms
[352.003s][info][gc,phases      ] GC(59)   Merge Heap Roots: 0.50ms
[352.003s][info][gc,phases      ] GC(59)   Evacuate Collection Set: 153.91ms
[352.003s][info][gc,phases      ] GC(59)   Post Evacuate Collection Set: 1.05ms
[352.003s][info][gc,phases      ] GC(59)   Other: 0.07ms
[352.003s][info][gc,heap        ] GC(59) Eden regions: 569->0(569)
[352.003s][info][gc,heap        ] GC(59) Survivor regions: 45->45(77)
[352.003s][info][gc,heap        ] GC(59) Old regions: 217->224
[352.003s][info][gc,heap        ] GC(59) Humongous regions: 34->34
[352.003s][info][gc,metaspace   ] GC(59) Metaspace: 29717K(29888K)->29717K(29888K) NonClass: 29717K(29888K)->29717K(29888K) Class: 0K(0K)->0K(0K)
[352.004s][info][gc             ] GC(59) Pause Young (Normal) (G1 Evacuation Pause) 6870M->2379M(8192M) 155.897ms
[352.004s][info][gc,cpu         ] GC(59) User=1.24s Sys=0.00s Real=0.15s
...[355.179s][info][gc,start       ] GC(60) Pause Young (Normal) (G1 Evacuation Pause)
[355.179s][info][gc,task        ] GC(60) Using 8 workers of 8 for evacuation
[355.326s][info][gc,phases      ] GC(60)   Pre Evacuate Collection Set: 0.25ms
[355.326s][info][gc,phases      ] GC(60)   Merge Heap Roots: 0.47ms
[355.326s][info][gc,phases      ] GC(60)   Evacuate Collection Set: 145.43ms
[355.326s][info][gc,phases      ] GC(60)   Post Evacuate Collection Set: 1.01ms
[355.326s][info][gc,phases      ] GC(60)   Other: 0.06ms
[355.326s][info][gc,heap        ] GC(60) Eden regions: 569->0(571)
[355.326s][info][gc,heap        ] GC(60) Survivor regions: 45->43(77)
[355.326s][info][gc,heap        ] GC(60) Old regions: 224->232
[355.326s][info][gc,heap        ] GC(60) Humongous regions: 34->34
[355.326s][info][gc,metaspace   ] GC(60) Metaspace: 29723K(29888K)->29723K(29888K) NonClass: 29723K(29888K)->29723K(29888K) Class: 0K(0K)->0K(0K)
[355.326s][info][gc             ] GC(60) Pause Young (Normal) (G1 Evacuation Pause) 6931M->2422M(8192M) 147.360ms
[355.326s][info][gc,cpu         ] GC(60) User=1.17s Sys=0.00s Real=0.14s
....[358.626s][info][gc,start       ] GC(61) Pause Young (Normal) (G1 Evacuation Pause)
[358.626s][info][gc,task        ] GC(61) Using 8 workers of 8 for evacuation
[358.786s][info][gc,phases      ] GC(61)   Pre Evacuate Collection Set: 0.26ms
[358.786s][info][gc,phases      ] GC(61)   Merge Heap Roots: 0.47ms
[358.786s][info][gc,phases      ] GC(61)   Evacuate Collection Set: 157.82ms
[358.786s][info][gc,phases      ] GC(61)   Post Evacuate Collection Set: 1.00ms
[358.786s][info][gc,phases      ] GC(61)   Other: 0.07ms
[358.786s][info][gc,heap        ] GC(61) Eden regions: 571->0(568)
[358.786s][info][gc,heap        ] GC(61) Survivor regions: 43->46(77)
[358.786s][info][gc,heap        ] GC(61) Old regions: 232->239
[358.786s][info][gc,heap        ] GC(61) Humongous regions: 34->34
[358.786s][info][gc,metaspace   ] GC(61) Metaspace: 29723K(29888K)->29723K(29888K) NonClass: 29723K(29888K)->29723K(29888K) Class: 0K(0K)->0K(0K)
[358.786s][info][gc             ] GC(61) Pause Young (Normal) (G1 Evacuation Pause) 6990M->2500M(8192M) 159.742ms
[358.786s][info][gc,cpu         ] GC(61) User=1.27s Sys=0.00s Real=0.16s
...[362.032s][info][gc,start       ] GC(62) Pause Young (Normal) (G1 Evacuation Pause)
[362.032s][info][gc,task        ] GC(62) Using 8 workers of 8 for evacuation
[362.186s][info][gc,phases      ] GC(62)   Pre Evacuate Collection Set: 0.22ms
[362.186s][info][gc,phases      ] GC(62)   Merge Heap Roots: 0.47ms
[362.186s][info][gc,phases      ] GC(62)   Evacuate Collection Set: 152.13ms
[362.186s][info][gc,phases      ] GC(62)   Post Evacuate Collection Set: 1.00ms
[362.186s][info][gc,phases      ] GC(62)   Other: 0.07ms
[362.186s][info][gc,heap        ] GC(62) Eden regions: 568->0(570)
[362.186s][info][gc,heap        ] GC(62) Survivor regions: 46->44(77)
[362.186s][info][gc,heap        ] GC(62) Old regions: 239->246
[362.186s][info][gc,heap        ] GC(62) Humongous regions: 34->34
[362.186s][info][gc,metaspace   ] GC(62) Metaspace: 29723K(29888K)->29723K(29888K) NonClass: 29723K(29888K)->29723K(29888K) Class: 0K(0K)->0K(0K)
[362.186s][info][gc             ] GC(62) Pause Young (Normal) (G1 Evacuation Pause) 7044M->2544M(8192M) 154.036ms
[362.186s][info][gc,cpu         ] GC(62) User=1.22s Sys=0.00s Real=0.15s
...[365.437s][info][gc,start       ] GC(63) Pause Young (Normal) (G1 Evacuation Pause)
[365.437s][info][gc,task        ] GC(63) Using 8 workers of 8 for evacuation
[365.588s][info][gc,phases      ] GC(63)   Pre Evacuate Collection Set: 0.24ms
[365.588s][info][gc,phases      ] GC(63)   Merge Heap Roots: 0.48ms
[365.588s][info][gc,phases      ] GC(63)   Evacuate Collection Set: 149.33ms
[365.588s][info][gc,phases      ] GC(63)   Post Evacuate Collection Set: 1.04ms
[365.588s][info][gc,phases      ] GC(63)   Other: 0.07ms
[365.588s][info][gc,heap        ] GC(63) Eden regions: 570->0(571)
[365.588s][info][gc,heap        ] GC(63) Survivor regions: 44->43(77)
[365.588s][info][gc,heap        ] GC(63) Old regions: 246->253
[365.588s][info][gc,heap        ] GC(63) Humongous regions: 34->34
[365.588s][info][gc,metaspace   ] GC(63) Metaspace: 29723K(29888K)->29723K(29888K) NonClass: 29723K(29888K)->29723K(29888K) Class: 0K(0K)->0K(0K)
[365.588s][info][gc             ] GC(63) Pause Young (Normal) (G1 Evacuation Pause) 7104M->2594M(8192M) 151.270ms
[365.588s][info][gc,cpu         ] GC(63) User=1.20s Sys=0.00s Real=0.16s
....[368.861s][info][gc,start       ] GC(64) Pause Young (Normal) (G1 Evacuation Pause)
[368.861s][info][gc,task        ] GC(64) Using 8 workers of 8 for evacuation
[369.016s][info][gc,phases      ] GC(64)   Pre Evacuate Collection Set: 0.24ms
[369.016s][info][gc,phases      ] GC(64)   Merge Heap Roots: 0.51ms
[369.016s][info][gc,phases      ] GC(64)   Evacuate Collection Set: 153.06ms
[369.016s][info][gc,phases      ] GC(64)   Post Evacuate Collection Set: 0.97ms
[369.016s][info][gc,phases      ] GC(64)   Other: 0.06ms
[369.016s][info][gc,heap        ] GC(64) Eden regions: 571->0(569)
[369.016s][info][gc,heap        ] GC(64) Survivor regions: 43->45(77)
[369.016s][info][gc,heap        ] GC(64) Old regions: 253->260
[369.016s][info][gc,heap        ] GC(64) Humongous regions: 34->34
[369.016s][info][gc,metaspace   ] GC(64) Metaspace: 29723K(29888K)->29723K(29888K) NonClass: 29723K(29888K)->29723K(29888K) Class: 0K(0K)->0K(0K)
[369.016s][info][gc             ] GC(64) Pause Young (Normal) (G1 Evacuation Pause) 7162M->2664M(8192M) 154.984ms
[369.016s][info][gc,cpu         ] GC(64) User=1.23s Sys=0.00s Real=0.15s
...[372.151s][info][gc,start       ] GC(65) Pause Young (Normal) (G1 Evacuation Pause)
[372.151s][info][gc,task        ] GC(65) Using 8 workers of 8 for evacuation
[372.307s][info][gc,phases      ] GC(65)   Pre Evacuate Collection Set: 0.24ms
[372.307s][info][gc,phases      ] GC(65)   Merge Heap Roots: 0.49ms
[372.307s][info][gc,phases      ] GC(65)   Evacuate Collection Set: 154.66ms
[372.307s][info][gc,phases      ] GC(65)   Post Evacuate Collection Set: 1.03ms
[372.307s][info][gc,phases      ] GC(65)   Other: 0.06ms
[372.307s][info][gc,heap        ] GC(65) Eden regions: 569->0(569)
[372.307s][info][gc,heap        ] GC(65) Survivor regions: 45->45(77)
[372.307s][info][gc,heap        ] GC(65) Old regions: 260->267
[372.307s][info][gc,heap        ] GC(65) Humongous regions: 34->34
[372.307s][info][gc,metaspace   ] GC(65) Metaspace: 29723K(29888K)->29723K(29888K) NonClass: 29723K(29888K)->29723K(29888K) Class: 0K(0K)->0K(0K)
[372.307s][info][gc             ] GC(65) Pause Young (Normal) (G1 Evacuation Pause) 7216M->2722M(8192M) 156.610ms
[372.307s][info][gc,cpu         ] GC(65) User=1.24s Sys=0.01s Real=0.16s
.. (rIR:aIR:PR = 11548:11549:11535) (tPR = 172994) [OK] 
   373s: Performing snapshot: (quiescence.....) (stop TxI) (stop BE) (saving... [383.587s][info][gc,start       ] GC(66) Pause Young (Concurrent Start) (G1 Humongous Allocation)
[383.588s][info][gc,task        ] GC(66) Using 8 workers of 8 for evacuation
[383.845s][info][gc,mmu         ] GC(66) MMU target violated: 201.0ms (200.0ms/201.0ms)
[383.845s][info][gc,phases      ] GC(66)   Pre Evacuate Collection Set: 0.26ms
[383.845s][info][gc,phases      ] GC(66)   Merge Heap Roots: 1.39ms
[383.845s][info][gc,phases      ] GC(66)   Evacuate Collection Set: 254.27ms
[383.845s][info][gc,phases      ] GC(66)   Post Evacuate Collection Set: 1.05ms
[383.845s][info][gc,phases      ] GC(66)   Other: 0.13ms
[383.845s][info][gc,heap        ] GC(66) Eden regions: 329->0(195)
[383.845s][info][gc,heap        ] GC(66) Survivor regions: 45->56(76)
[383.845s][info][gc,heap        ] GC(66) Old regions: 267->277
[383.845s][info][gc,heap        ] GC(66) Humongous regions: 182->90
[383.845s][info][gc,metaspace   ] GC(66) Metaspace: 29730K(29888K)->29730K(29888K) NonClass: 29730K(29888K)->29730K(29888K) Class: 0K(0K)->0K(0K)
[383.845s][info][gc             ] GC(66) Pause Young (Concurrent Start) (G1 Humongous Allocation) 6537M->3335M(8192M) 257.258ms
[383.845s][info][gc             ] GC(67) Concurrent Undo Cycle
[383.845s][info][gc,cpu         ] GC(66) User=2.04s Sys=0.00s Real=0.25s
[383.845s][info][gc,marking     ] GC(67) Concurrent Clear Claimed Marks
[383.845s][info][gc,marking     ] GC(67) Concurrent Clear Claimed Marks 0.050ms
[383.845s][info][gc,marking     ] GC(67) Concurrent Cleanup for Next Mark
[383.845s][info][gc,marking     ] GC(67) Concurrent Cleanup for Next Mark 0.309ms
[383.845s][info][gc             ] GC(67) Concurrent Undo Cycle 0.428ms
229717 Kb) (term) [383.878s][info][gc,start       ] GC(68) Pause Full (System.gc())
[383.878s][info][gc,task        ] GC(68) Using 8 workers of 8 for full compaction
[383.878s][info][gc,phases,start] GC(68) Phase 1: Mark live objects
[383.894s][info][gc,phases      ] GC(68) Phase 1: Mark live objects 15.463ms
[383.894s][info][gc,phases,start] GC(68) Phase 2: Prepare compaction
[383.897s][info][gc,phases      ] GC(68) Phase 2: Prepare compaction 3.579ms
[383.897s][info][gc,phases,start] GC(68) Phase 3: Adjust pointers
[383.905s][info][gc,phases      ] GC(68) Phase 3: Adjust pointers 8.146ms
[383.905s][info][gc,phases,start] GC(68) Phase 4: Compact heap
[383.909s][info][gc,phases      ] GC(68) Phase 4: Compact heap 3.584ms
[383.909s][info][gc,phases,start] GC(68) Phase 5: Reset Metadata
[383.913s][info][gc,phases      ] GC(68) Phase 5: Reset Metadata 3.987ms
[383.923s][info][gc,heap        ] GC(68) Eden regions: 1->0(614)
[383.923s][info][gc,heap        ] GC(68) Survivor regions: 56->0(76)
[383.923s][info][gc,heap        ] GC(68) Old regions: 277->14
[383.923s][info][gc,heap        ] GC(68) Humongous regions: 106->33
[383.923s][info][gc,metaspace   ] GC(68) Metaspace: 29730K(29888K)->29730K(29888K) NonClass: 29730K(29888K)->29730K(29888K) Class: 0K(0K)->0K(0K)
[383.923s][info][gc             ] GC(68) Pause Full (System.gc()) 3467M->333M(8192M) 44.871ms
[383.923s][info][gc,cpu         ] GC(68) User=0.29s Sys=0.00s Real=0.04s
(init) ...
   389s:       rampup IR =      0 ... (rIR:aIR:PR = 0:0:0) (tPR = 0) [OK] 
   392s:       rampup IR =   1155 .... (rIR:aIR:PR = 1155:1162:1162) (tPR = 16484) [OK] 
   396s:       rampup IR =   2310 .[398.179s][info][gc,start       ] GC(69) Pause Young (Normal) (G1 Evacuation Pause)
[398.180s][info][gc,task        ] GC(69) Using 8 workers of 8 for evacuation
[398.906s][info][gc,mmu         ] GC(69) MMU target violated: 201.0ms (200.0ms/201.0ms)
[398.906s][info][gc,phases      ] GC(69)   Pre Evacuate Collection Set: 0.26ms
[398.906s][info][gc,phases      ] GC(69)   Merge Heap Roots: 0.98ms
[398.907s][info][gc,phases      ] GC(69)   Evacuate Collection Set: 724.30ms
[398.907s][info][gc,phases      ] GC(69)   Post Evacuate Collection Set: 1.32ms
[398.907s][info][gc,phases      ] GC(69)   Other: 0.10ms
[398.907s][info][gc,heap        ] GC(69) Eden regions: 614->0(199)
[398.907s][info][gc,heap        ] GC(69) Survivor regions: 0->77(77)
[398.907s][info][gc,heap        ] GC(69) Old regions: 14->89
[398.907s][info][gc,heap        ] GC(69) Humongous regions: 86->81
[398.907s][info][gc,metaspace   ] GC(69) Metaspace: 29778K(29952K)->29778K(29952K) NonClass: 29778K(29952K)->29778K(29952K) Class: 0K(0K)->0K(0K)
[398.907s][info][gc             ] GC(69) Pause Young (Normal) (G1 Evacuation Pause) 5669M->1929M(8192M) 727.067ms
[398.907s][info][gc,cpu         ] GC(69) User=5.77s Sys=0.00s Real=0.72s
..... (rIR:aIR:PR = 2310:2295:2295) (tPR = 34714) [OK] 
   402s:       rampup IR =   3464 [403.754s][info][gc,start       ] GC(70) Pause Young (Normal) (G1 Evacuation Pause)
[403.754s][info][gc,task        ] GC(70) Using 8 workers of 8 for evacuation
[404.086s][info][gc,mmu         ] GC(70) MMU target violated: 201.0ms (200.0ms/201.0ms)
[404.086s][info][gc,phases      ] GC(70)   Pre Evacuate Collection Set: 0.26ms
[404.086s][info][gc,phases      ] GC(70)   Merge Heap Roots: 0.72ms
[404.086s][info][gc,phases      ] GC(70)   Evacuate Collection Set: 330.25ms
[404.086s][info][gc,phases      ] GC(70)   Post Evacuate Collection Set: 0.66ms
[404.086s][info][gc,phases      ] GC(70)   Other: 0.09ms
[404.086s][info][gc,heap        ] GC(70) Eden regions: 208->0(173)
[404.086s][info][gc,heap        ] GC(70) Survivor regions: 77->15(36)
[404.086s][info][gc,heap        ] GC(70) Old regions: 89->168
[404.086s][info][gc,heap        ] GC(70) Humongous regions: 81->81
[404.086s][info][gc,metaspace   ] GC(70) Metaspace: 29798K(29952K)->29798K(29952K) NonClass: 29798K(29952K)->29798K(29952K) Class: 0K(0K)->0K(0K)
[404.086s][info][gc             ] GC(70) Pause Young (Normal) (G1 Evacuation Pause) 3593M->2069M(8192M) 332.089ms
[404.086s][info][gc,cpu         ] GC(70) User=2.63s Sys=0.00s Real=0.33s
....[407.669s][info][gc,start       ] GC(71) Pause Young (Normal) (G1 Evacuation Pause)
[407.669s][info][gc,task        ] GC(71) Using 8 workers of 8 for evacuation
[407.748s][info][gc,phases      ] GC(71)   Pre Evacuate Collection Set: 0.24ms
[407.748s][info][gc,phases      ] GC(71)   Merge Heap Roots: 0.44ms
[407.748s][info][gc,phases      ] GC(71)   Evacuate Collection Set: 78.31ms
[407.748s][info][gc,phases      ] GC(71)   Post Evacuate Collection Set: 0.64ms
[407.748s][info][gc,phases      ] GC(71)   Other: 0.06ms
[407.748s][info][gc,heap        ] GC(71) Eden regions: 204->0(169)
[407.748s][info][gc,heap        ] GC(71) Survivor regions: 15->25(28)
[407.748s][info][gc,heap        ] GC(71) Old regions: 168->168
[407.748s][info][gc,heap        ] GC(71) Humongous regions: 81->81
[407.748s][info][gc,metaspace   ] GC(71) Metaspace: 29798K(29952K)->29798K(29952K) NonClass: 29798K(29952K)->29798K(29952K) Class: 0K(0K)->0K(0K)
[407.748s][info][gc             ] GC(71) Pause Young (Normal) (G1 Evacuation Pause) 3701M->2145M(8192M) 79.822ms
[407.748s][info][gc,cpu         ] GC(71) User=0.63s Sys=0.00s Real=0.08s
....[411.405s][info][gc,start       ] GC(72) Pause Young (Normal) (G1 Evacuation Pause)
[411.405s][info][gc,task        ] GC(72) Using 8 workers of 8 for evacuation
[411.497s][info][gc,phases      ] GC(72)   Pre Evacuate Collection Set: 0.24ms
[411.497s][info][gc,phases      ] GC(72)   Merge Heap Roots: 0.50ms
[411.497s][info][gc,phases      ] GC(72)   Evacuate Collection Set: 90.62ms
[411.497s][info][gc,phases      ] GC(72)   Post Evacuate Collection Set: 0.51ms
[411.497s][info][gc,phases      ] GC(72)   Other: 0.06ms
[411.497s][info][gc,heap        ] GC(72) Eden regions: 191->0(294)
[411.497s][info][gc,heap        ] GC(72) Survivor regions: 25->14(27)
[411.497s][info][gc,heap        ] GC(72) Old regions: 168->187
[411.497s][info][gc,heap        ] GC(72) Humongous regions: 81->81
[411.497s][info][gc,metaspace   ] GC(72) Metaspace: 29801K(29952K)->29801K(29952K) NonClass: 29801K(29952K)->29801K(29952K) Class: 0K(0K)->0K(0K)
[411.497s][info][gc             ] GC(72) Pause Young (Normal) (G1 Evacuation Pause) 3673M->2213M(8192M) 92.073ms
[411.497s][info][gc,cpu         ] GC(72) User=0.73s Sys=0.00s Real=0.10s
.. (rIR:aIR:PR = 3464:3592:3592) (tPR = 52785) [OK] 
   412s:       rampup IR =   4619 ...[416.946s][info][gc,start       ] GC(73) Pause Young (Normal) (G1 Evacuation Pause)
[416.946s][info][gc,task        ] GC(73) Using 8 workers of 8 for evacuation
[417.037s][info][gc,phases      ] GC(73)   Pre Evacuate Collection Set: 0.23ms
[417.037s][info][gc,phases      ] GC(73)   Merge Heap Roots: 0.46ms
[417.037s][info][gc,phases      ] GC(73)   Evacuate Collection Set: 88.79ms
[417.037s][info][gc,phases      ] GC(73)   Post Evacuate Collection Set: 0.72ms
[417.037s][info][gc,phases      ] GC(73)   Other: 0.06ms
[417.037s][info][gc,heap        ] GC(73) Eden regions: 342->0(216)
[417.037s][info][gc,heap        ] GC(73) Survivor regions: 14->30(45)
[417.037s][info][gc,heap        ] GC(73) Old regions: 187->187
[417.037s][info][gc,heap        ] GC(73) Humongous regions: 81->81
[417.037s][info][gc,metaspace   ] GC(73) Metaspace: 29801K(29952K)->29801K(29952K) NonClass: 29801K(29952K)->29801K(29952K) Class: 0K(0K)->0K(0K)
[417.037s][info][gc             ] GC(73) Pause Young (Normal) (G1 Evacuation Pause) 4949M->2337M(8192M) 90.417ms
[417.037s][info][gc,cpu         ] GC(73) User=0.71s Sys=0.00s Real=0.09s
. (rIR:aIR:PR = 4619:4665:4665) (tPR = 69644) [OK] 
   416s:       rampup IR =   5774 ..[419.827s][info][gc,start       ] GC(74) Pause Young (Normal) (G1 Evacuation Pause)
[419.827s][info][gc,task        ] GC(74) Using 8 workers of 8 for evacuation
[419.931s][info][gc,phases      ] GC(74)   Pre Evacuate Collection Set: 0.24ms
[419.931s][info][gc,phases      ] GC(74)   Merge Heap Roots: 0.47ms
[419.931s][info][gc,phases      ] GC(74)   Evacuate Collection Set: 102.77ms
[419.931s][info][gc,phases      ] GC(74)   Post Evacuate Collection Set: 0.68ms
[419.931s][info][gc,phases      ] GC(74)   Other: 0.06ms
[419.931s][info][gc,heap        ] GC(74) Eden regions: 247->0(468)
[419.931s][info][gc,heap        ] GC(74) Survivor regions: 30->16(35)
[419.931s][info][gc,heap        ] GC(74) Old regions: 187->208
[419.931s][info][gc,heap        ] GC(74) Humongous regions: 81->81
[419.931s][info][gc,metaspace   ] GC(74) Metaspace: 29801K(29952K)->29801K(29952K) NonClass: 29801K(29952K)->29801K(29952K) Class: 0K(0K)->0K(0K)
[419.931s][info][gc             ] GC(74) Pause Young (Normal) (G1 Evacuation Pause) 4313M->2393M(8192M) 104.364ms
[419.931s][info][gc,cpu         ] GC(74) User=0.82s Sys=0.00s Real=0.11s
.. (rIR:aIR:PR = 5774:5787:5787) (tPR = 84364) [OK] 
   420s:       rampup IR =   6929 ...[424.886s][info][gc,start       ] GC(75) Pause Young (Normal) (G1 Evacuation Pause)
[424.886s][info][gc,task        ] GC(75) Using 8 workers of 8 for evacuation
[424.999s][info][gc,phases      ] GC(75)   Pre Evacuate Collection Set: 0.24ms
[424.999s][info][gc,phases      ] GC(75)   Merge Heap Roots: 0.48ms
[424.999s][info][gc,phases      ] GC(75)   Evacuate Collection Set: 111.20ms
[424.999s][info][gc,phases      ] GC(75)   Post Evacuate Collection Set: 0.98ms
[425.000s][info][gc,phases      ] GC(75)   Other: 0.06ms
[425.000s][info][gc,heap        ] GC(75) Eden regions: 494->0(352)
[425.000s][info][gc,heap        ] GC(75) Survivor regions: 16->36(64)
[425.000s][info][gc,heap        ] GC(75) Old regions: 208->208
[425.000s][info][gc,heap        ] GC(75) Humongous regions: 81->81
[425.000s][info][gc,metaspace   ] GC(75) Metaspace: 29802K(29952K)->29802K(29952K) NonClass: 29802K(29952K)->29802K(29952K) Class: 0K(0K)->0K(0K)
[425.000s][info][gc             ] GC(75) Pause Young (Normal) (G1 Evacuation Pause) 6345M->2553M(8192M) 113.097ms
[425.000s][info][gc,cpu         ] GC(75) User=0.89s Sys=0.00s Real=0.12s
. (rIR:aIR:PR = 6929:7011:7010) (tPR = 103714) [OK] 
   424s:       rampup IR =   8084 ...[428.139s][info][gc,start       ] GC(76) Pause Young (Normal) (G1 Evacuation Pause)
[428.139s][info][gc,task        ] GC(76) Using 8 workers of 8 for evacuation
[428.263s][info][gc,phases      ] GC(76)   Pre Evacuate Collection Set: 0.27ms
[428.263s][info][gc,phases      ] GC(76)   Merge Heap Roots: 0.46ms
[428.263s][info][gc,phases      ] GC(76)   Evacuate Collection Set: 122.89ms
[428.263s][info][gc,phases      ] GC(76)   Post Evacuate Collection Set: 0.75ms
[428.263s][info][gc,phases      ] GC(76)   Other: 0.06ms
[428.263s][info][gc,heap        ] GC(76) Eden regions: 370->0(591)
[428.263s][info][gc,heap        ] GC(76) Survivor regions: 36->23(51)
[428.263s][info][gc,heap        ] GC(76) Old regions: 208->229
[428.263s][info][gc,heap        ] GC(76) Humongous regions: 81->81
[428.263s][info][gc,metaspace   ] GC(76) Metaspace: 29806K(29952K)->29806K(29952K) NonClass: 29806K(29952K)->29806K(29952K) Class: 0K(0K)->0K(0K)
[428.263s][info][gc             ] GC(76) Pause Young (Normal) (G1 Evacuation Pause) 5513M->2619M(8192M) 124.583ms
[428.263s][info][gc,cpu         ] GC(76) User=0.98s Sys=0.00s Real=0.12s
. (rIR:aIR:PR = 8084:8133:8116) (tPR = 119222) [OK] 
   428s:       rampup IR =   9238 ...[432.597s][info][gc,start       ] GC(77) Pause Young (Normal) (G1 Evacuation Pause)
[432.597s][info][gc,task        ] GC(77) Using 8 workers of 8 for evacuation
[432.723s][info][gc,phases      ] GC(77)   Pre Evacuate Collection Set: 0.25ms
[432.723s][info][gc,phases      ] GC(77)   Merge Heap Roots: 0.53ms
[432.723s][info][gc,phases      ] GC(77)   Evacuate Collection Set: 124.60ms
[432.723s][info][gc,phases      ] GC(77)   Post Evacuate Collection Set: 1.07ms
[432.723s][info][gc,phases      ] GC(77)   Other: 0.07ms
[432.723s][info][gc,heap        ] GC(77) Eden regions: 591->0(458)
[432.723s][info][gc,heap        ] GC(77) Survivor regions: 23->41(77)
[432.723s][info][gc,heap        ] GC(77) Old regions: 229->229
[432.723s][info][gc,heap        ] GC(77) Humongous regions: 81->81
[432.723s][info][gc,metaspace   ] GC(77) Metaspace: 29810K(29952K)->29810K(29952K) NonClass: 29810K(29952K)->29810K(29952K) Class: 0K(0K)->0K(0K)
[432.723s][info][gc             ] GC(77) Pause Young (Normal) (G1 Evacuation Pause) 7347M->2759M(8192M) 126.648ms
[432.723s][info][gc,cpu         ] GC(77) User=1.01s Sys=0.00s Real=0.13s
. (rIR:aIR:PR = 9238:9342:9302) (tPR = 136997) [OK] 
   432s:       rampup IR =  10393 ..[435.798s][info][gc,start       ] GC(78) Pause Young (Normal) (G1 Evacuation Pause)
[435.799s][info][gc,task        ] GC(78) Using 8 workers of 8 for evacuation
[435.940s][info][gc,phases      ] GC(78)   Pre Evacuate Collection Set: 0.24ms
[435.940s][info][gc,phases      ] GC(78)   Merge Heap Roots: 0.54ms
[435.940s][info][gc,phases      ] GC(78)   Evacuate Collection Set: 139.58ms
[435.940s][info][gc,phases      ] GC(78)   Post Evacuate Collection Set: 1.00ms
[435.940s][info][gc,phases      ] GC(78)   Other: 0.06ms
[435.940s][info][gc,heap        ] GC(78) Eden regions: 462->0(499)
[435.940s][info][gc,heap        ] GC(78) Survivor regions: 41->43(63)
[435.940s][info][gc,heap        ] GC(78) Old regions: 229->235
[435.940s][info][gc,heap        ] GC(78) Humongous regions: 81->81
[435.940s][info][gc,metaspace   ] GC(78) Metaspace: 29811K(29952K)->29811K(29952K) NonClass: 29811K(29952K)->29811K(29952K) Class: 0K(0K)->0K(0K)
[435.940s][info][gc             ] GC(78) Pause Young (Normal) (G1 Evacuation Pause) 6455M->2824M(8192M) 141.544ms
[435.940s][info][gc,cpu         ] GC(78) User=1.11s Sys=0.00s Real=0.14s
.... (rIR:aIR:PR = 10393:9998:9998) (tPR = 147777) [OK] 
   438s:       rampup IR =  11548 [439.197s][info][gc,start       ] GC(79) Pause Young (Normal) (G1 Evacuation Pause)
[439.197s][info][gc,task        ] GC(79) Using 8 workers of 8 for evacuation
[439.343s][info][gc,phases      ] GC(79)   Pre Evacuate Collection Set: 0.25ms
[439.343s][info][gc,phases      ] GC(79)   Merge Heap Roots: 0.52ms
[439.343s][info][gc,phases      ] GC(79)   Evacuate Collection Set: 143.59ms
[439.343s][info][gc,phases      ] GC(79)   Post Evacuate Collection Set: 1.03ms
[439.343s][info][gc,phases      ] GC(79)   Other: 0.06ms
[439.343s][info][gc,heap        ] GC(79) Eden regions: 499->0(566)
[439.343s][info][gc,heap        ] GC(79) Survivor regions: 43->40(68)
[439.343s][info][gc,heap        ] GC(79) Old regions: 235->245
[439.343s][info][gc,heap        ] GC(79) Humongous regions: 81->81
[439.343s][info][gc,metaspace   ] GC(79) Metaspace: 29818K(30016K)->29818K(30016K) NonClass: 29818K(30016K)->29818K(30016K) Class: 0K(0K)->0K(0K)
[439.343s][info][gc             ] GC(79) Pause Young (Normal) (G1 Evacuation Pause) 6816M->2880M(8192M) 145.606ms
[439.343s][info][gc,cpu         ] GC(79) User=1.16s Sys=0.00s Real=0.14s
...[442.571s][info][gc,start       ] GC(80) Pause Young (Normal) (G1 Evacuation Pause)
[442.571s][info][gc,task        ] GC(80) Using 8 workers of 8 for evacuation
[442.721s][info][gc,phases      ] GC(80)   Pre Evacuate Collection Set: 0.26ms
[442.721s][info][gc,phases      ] GC(80)   Merge Heap Roots: 0.63ms
[442.721s][info][gc,phases      ] GC(80)   Evacuate Collection Set: 147.97ms
[442.721s][info][gc,phases      ] GC(80)   Post Evacuate Collection Set: 1.04ms
[442.721s][info][gc,phases      ] GC(80)   Other: 0.07ms
[442.721s][info][gc,heap        ] GC(80) Eden regions: 566->0(553)
[442.721s][info][gc,heap        ] GC(80) Survivor regions: 40->43(76)
[442.721s][info][gc,heap        ] GC(80) Old regions: 245->252
[442.721s][info][gc,heap        ] GC(80) Humongous regions: 81->81
[442.721s][info][gc,metaspace   ] GC(80) Metaspace: 29821K(30016K)->29821K(30016K) NonClass: 29821K(30016K)->29821K(30016K) Class: 0K(0K)->0K(0K)
[442.721s][info][gc             ] GC(80) Pause Young (Normal) (G1 Evacuation Pause) 7408M->2955M(8192M) 150.103ms
[442.722s][info][gc,cpu         ] GC(80) User=1.19s Sys=0.00s Real=0.15s
.. (rIR:aIR:PR = 11548:11326:11636) (tPR = 175370) [OK] 
   444s:       trying IR =  11648 .[445.866s][info][gc,start       ] GC(81) Pause Young (Normal) (G1 Evacuation Pause)
[445.867s][info][gc,task        ] GC(81) Using 8 workers of 8 for evacuation
[446.015s][info][gc,phases      ] GC(81)   Pre Evacuate Collection Set: 0.25ms
[446.015s][info][gc,phases      ] GC(81)   Merge Heap Roots: 0.55ms
[446.015s][info][gc,phases      ] GC(81)   Evacuate Collection Set: 146.90ms
[446.015s][info][gc,phases      ] GC(81)   Post Evacuate Collection Set: 1.05ms
[446.015s][info][gc,phases      ] GC(81)   Other: 0.07ms
[446.015s][info][gc,heap        ] GC(81) Eden regions: 553->0(547)
[446.015s][info][gc,heap        ] GC(81) Survivor regions: 43->43(75)
[446.015s][info][gc,heap        ] GC(81) Old regions: 252->258
[446.015s][info][gc,heap        ] GC(81) Humongous regions: 81->81
[446.015s][info][gc,metaspace   ] GC(81) Metaspace: 29821K(30016K)->29821K(30016K) NonClass: 29821K(30016K)->29821K(30016K) Class: 0K(0K)->0K(0K)
[446.015s][info][gc             ] GC(81) Pause Young (Normal) (G1 Evacuation Pause) 7379M->3012M(8192M) 148.943ms
[446.015s][info][gc,cpu         ] GC(81) User=1.18s Sys=0.00s Real=0.15s
...[449.046s][info][gc,start       ] GC(82) Pause Young (Normal) (G1 Evacuation Pause)
[449.046s][info][gc,task        ] GC(82) Using 8 workers of 8 for evacuation
[449.200s][info][gc,phases      ] GC(82)   Pre Evacuate Collection Set: 0.25ms
[449.200s][info][gc,phases      ] GC(82)   Merge Heap Roots: 0.58ms
[449.200s][info][gc,phases      ] GC(82)   Evacuate Collection Set: 151.65ms
[449.200s][info][gc,phases      ] GC(82)   Post Evacuate Collection Set: 1.01ms
[449.200s][info][gc,phases      ] GC(82)   Other: 0.06ms
[449.200s][info][gc,heap        ] GC(82) Eden regions: 547->0(537)
[449.200s][info][gc,heap        ] GC(82) Survivor regions: 43->44(74)
[449.200s][info][gc,heap        ] GC(82) Old regions: 258->266
[449.200s][info][gc,heap        ] GC(82) Humongous regions: 81->81
[449.200s][info][gc,metaspace   ] GC(82) Metaspace: 29825K(30016K)->29825K(30016K) NonClass: 29825K(30016K)->29825K(30016K) Class: 0K(0K)->0K(0K)
[449.200s][info][gc             ] GC(82) Pause Young (Normal) (G1 Evacuation Pause) 7388M->3074M(8192M) 153.680ms
[449.200s][info][gc,cpu         ] GC(82) User=1.22s Sys=0.00s Real=0.16s
. (rIR:aIR:PR = 11648:11189:11184) (tPR = 167671) [OK] 
   449s:       trying IR =  11668 ...[452.240s][info][gc,start       ] GC(83) Pause Young (Normal) (G1 Evacuation Pause)
[452.240s][info][gc,task        ] GC(83) Using 8 workers of 8 for evacuation
[452.391s][info][gc,phases      ] GC(83)   Pre Evacuate Collection Set: 0.25ms
[452.391s][info][gc,phases      ] GC(83)   Merge Heap Roots: 0.56ms
[452.391s][info][gc,phases      ] GC(83)   Evacuate Collection Set: 149.30ms
[452.391s][info][gc,phases      ] GC(83)   Post Evacuate Collection Set: 1.00ms
[452.391s][info][gc,phases      ] GC(83)   Other: 0.06ms
[452.391s][info][gc,heap        ] GC(83) Eden regions: 537->0(532)
[452.391s][info][gc,heap        ] GC(83) Survivor regions: 44->43(73)
[452.391s][info][gc,heap        ] GC(83) Old regions: 266->273
[452.391s][info][gc,heap        ] GC(83) Humongous regions: 81->81
[452.391s][info][gc,metaspace   ] GC(83) Metaspace: 29825K(30016K)->29825K(30016K) NonClass: 29825K(30016K)->29825K(30016K) Class: 0K(0K)->0K(0K)
[452.391s][info][gc             ] GC(83) Pause Young (Normal) (G1 Evacuation Pause) 7370M->3131M(8192M) 151.323ms
[452.391s][info][gc,cpu         ] GC(83) User=1.20s Sys=0.00s Real=0.15s
.. (rIR:aIR:PR = 11668:11863:11835) (tPR = 173643) [OK] 
   454s:       trying IR =  11692 .[455.293s][info][gc,start       ] GC(84) Pause Young (Normal) (G1 Evacuation Pause)
[455.293s][info][gc,task        ] GC(84) Using 8 workers of 8 for evacuation
[455.448s][info][gc,phases      ] GC(84)   Pre Evacuate Collection Set: 0.24ms
[455.448s][info][gc,phases      ] GC(84)   Merge Heap Roots: 0.56ms
[455.448s][info][gc,phases      ] GC(84)   Evacuate Collection Set: 152.64ms
[455.448s][info][gc,phases      ] GC(84)   Post Evacuate Collection Set: 1.07ms
[455.448s][info][gc,phases      ] GC(84)   Other: 0.06ms
[455.448s][info][gc,heap        ] GC(84) Eden regions: 532->0(522)
[455.448s][info][gc,heap        ] GC(84) Survivor regions: 43->44(72)
[455.448s][info][gc,heap        ] GC(84) Old regions: 273->281
[455.448s][info][gc,heap        ] GC(84) Humongous regions: 81->81
[455.448s][info][gc,metaspace   ] GC(84) Metaspace: 29825K(30016K)->29825K(30016K) NonClass: 29825K(30016K)->29825K(30016K) Class: 0K(0K)->0K(0K)
[455.448s][info][gc             ] GC(84) Pause Young (Normal) (G1 Evacuation Pause) 7387M->3195M(8192M) 154.699ms
[455.448s][info][gc,cpu         ] GC(84) User=1.22s Sys=0.00s Real=0.16s
...[458.396s][info][gc,start       ] GC(85) Pause Young (Normal) (G1 Evacuation Pause)
[458.396s][info][gc,task        ] GC(85) Using 8 workers of 8 for evacuation
[458.548s][info][gc,phases      ] GC(85)   Pre Evacuate Collection Set: 0.27ms
[458.548s][info][gc,phases      ] GC(85)   Merge Heap Roots: 0.58ms
[458.548s][info][gc,phases      ] GC(85)   Evacuate Collection Set: 149.73ms
[458.548s][info][gc,phases      ] GC(85)   Post Evacuate Collection Set: 1.01ms
[458.548s][info][gc,phases      ] GC(85)   Other: 0.07ms
[458.548s][info][gc,heap        ] GC(85) Eden regions: 522->0(517)
[458.548s][info][gc,heap        ] GC(85) Survivor regions: 44->43(71)
[458.548s][info][gc,heap        ] GC(85) Old regions: 281->288
[458.548s][info][gc,heap        ] GC(85) Humongous regions: 81->81
[458.548s][info][gc,metaspace   ] GC(85) Metaspace: 29825K(30016K)->29825K(30016K) NonClass: 29825K(30016K)->29825K(30016K) Class: 0K(0K)->0K(0K)
[458.548s][info][gc             ] GC(85) Pause Young (Normal) (G1 Evacuation Pause) 7371M->3251M(8192M) 151.780ms
[458.548s][info][gc,cpu         ] GC(85) User=1.21s Sys=0.00s Real=0.16s
. (rIR:aIR:PR = 11692:11624:11268) (tPR = 164852) [OK] 
   459s:       trying IR =  11721 ..[461.450s][info][gc,start       ] GC(86) Pause Young (Normal) (G1 Evacuation Pause)
[461.450s][info][gc,task        ] GC(86) Using 8 workers of 8 for evacuation
[461.594s][info][gc,phases      ] GC(86)   Pre Evacuate Collection Set: 0.25ms
[461.594s][info][gc,phases      ] GC(86)   Merge Heap Roots: 0.54ms
[461.594s][info][gc,phases      ] GC(86)   Evacuate Collection Set: 142.14ms
[461.594s][info][gc,phases      ] GC(86)   Post Evacuate Collection Set: 1.04ms
[461.594s][info][gc,phases      ] GC(86)   Other: 0.06ms
[461.594s][info][gc,heap        ] GC(86) Eden regions: 517->0(513)
[461.594s][info][gc,heap        ] GC(86) Survivor regions: 43->41(70)
[461.594s][info][gc,heap        ] GC(86) Old regions: 288->296
[461.594s][info][gc,heap        ] GC(86) Humongous regions: 81->81
[461.594s][info][gc,metaspace   ] GC(86) Metaspace: 29826K(30016K)->29826K(30016K) NonClass: 29826K(30016K)->29826K(30016K) Class: 0K(0K)->0K(0K)
[461.594s][info][gc             ] GC(86) Pause Young (Normal) (G1 Evacuation Pause) 7387M->3292M(8192M) 144.178ms
[461.594s][info][gc,cpu         ] GC(86) User=1.14s Sys=0.00s Real=0.14s
.. (rIR:aIR:PR = 11721:11437:11437) (tPR = 167338) [OK] 
   463s:       trying IR =  11755 .[464.551s][info][gc,start       ] GC(87) Pause Young (Normal) (G1 Evacuation Pause)
[464.551s][info][gc,task        ] GC(87) Using 8 workers of 8 for evacuation
[464.704s][info][gc,phases      ] GC(87)   Pre Evacuate Collection Set: 0.25ms
[464.704s][info][gc,phases      ] GC(87)   Merge Heap Roots: 0.55ms
[464.704s][info][gc,phases      ] GC(87)   Evacuate Collection Set: 151.05ms
[464.704s][info][gc,phases      ] GC(87)   Post Evacuate Collection Set: 1.06ms
[464.704s][info][gc,phases      ] GC(87)   Other: 0.06ms
[464.704s][info][gc,heap        ] GC(87) Eden regions: 513->0(501)
[464.704s][info][gc,heap        ] GC(87) Survivor regions: 41->43(70)
[464.704s][info][gc,heap        ] GC(87) Old regions: 296->304
[464.704s][info][gc,heap        ] GC(87) Humongous regions: 81->81
[464.704s][info][gc,metaspace   ] GC(87) Metaspace: 29827K(30016K)->29827K(30016K) NonClass: 29827K(30016K)->29827K(30016K) Class: 0K(0K)->0K(0K)
[464.704s][info][gc             ] GC(87) Pause Young (Normal) (G1 Evacuation Pause) 7396M->3372M(8192M) 153.093ms
[464.704s][info][gc,cpu         ] GC(87) User=1.22s Sys=0.00s Real=0.15s
...[467.474s][info][gc,start       ] GC(88) Pause Young (Normal) (G1 Evacuation Pause)
[467.474s][info][gc,task        ] GC(88) Using 8 workers of 8 for evacuation
[467.619s][info][gc,phases      ] GC(88)   Pre Evacuate Collection Set: 0.26ms
[467.619s][info][gc,phases      ] GC(88)   Merge Heap Roots: 0.58ms
[467.619s][info][gc,phases      ] GC(88)   Evacuate Collection Set: 143.79ms
[467.619s][info][gc,phases      ] GC(88)   Post Evacuate Collection Set: 1.02ms
[467.619s][info][gc,phases      ] GC(88)   Other: 0.06ms
[467.619s][info][gc,heap        ] GC(88) Eden regions: 501->0(497)
[467.619s][info][gc,heap        ] GC(88) Survivor regions: 43->41(68)
[467.619s][info][gc,heap        ] GC(88) Old regions: 304->312
[467.619s][info][gc,heap        ] GC(88) Humongous regions: 81->81
[467.619s][info][gc,metaspace   ] GC(88) Metaspace: 29827K(30016K)->29827K(30016K) NonClass: 29827K(30016K)->29827K(30016K) Class: 0K(0K)->0K(0K)
[467.619s][info][gc             ] GC(88) Pause Young (Normal) (G1 Evacuation Pause) 7380M->3423M(8192M) 145.837ms
[467.619s][info][gc,cpu         ] GC(88) User=1.16s Sys=0.00s Real=0.15s
. (rIR:aIR:PR = 11755:11596:11616) (tPR = 178891) [OK] 
   468s:       trying IR =  11797 ..[470.471s][info][gc,start       ] GC(89) Pause Young (Normal) (G1 Evacuation Pause)
[470.471s][info][gc,task        ] GC(89) Using 8 workers of 8 for evacuation
[470.618s][info][gc,phases      ] GC(89)   Pre Evacuate Collection Set: 0.25ms
[470.618s][info][gc,phases      ] GC(89)   Merge Heap Roots: 0.58ms
[470.618s][info][gc,phases      ] GC(89)   Evacuate Collection Set: 145.82ms
[470.618s][info][gc,phases      ] GC(89)   Post Evacuate Collection Set: 0.99ms
[470.618s][info][gc,phases      ] GC(89)   Other: 0.07ms
[470.618s][info][gc,heap        ] GC(89) Eden regions: 497->0(490)
[470.618s][info][gc,heap        ] GC(89) Survivor regions: 41->41(68)
[470.618s][info][gc,heap        ] GC(89) Old regions: 312->319
[470.618s][info][gc,heap        ] GC(89) Humongous regions: 81->81
[470.618s][info][gc,metaspace   ] GC(89) Metaspace: 29827K(30016K)->29827K(30016K) NonClass: 29827K(30016K)->29827K(30016K) Class: 0K(0K)->0K(0K)
[470.618s][info][gc             ] GC(89) Pause Young (Normal) (G1 Evacuation Pause) 7399M->3484M(8192M) 147.840ms
[470.618s][info][gc,cpu         ] GC(89) User=1.17s Sys=0.00s Real=0.15s
...[473.266s][info][gc,start       ] GC(90) Pause Young (Normal) (G1 Evacuation Pause)
[473.266s][info][gc,task        ] GC(90) Using 8 workers of 8 for evacuation
[473.415s][info][gc,phases      ] GC(90)   Pre Evacuate Collection Set: 0.24ms
[473.415s][info][gc,phases      ] GC(90)   Merge Heap Roots: 0.60ms
[473.415s][info][gc,phases      ] GC(90)   Evacuate Collection Set: 147.26ms
[473.415s][info][gc,phases      ] GC(90)   Post Evacuate Collection Set: 0.97ms
[473.415s][info][gc,phases      ] GC(90)   Other: 0.06ms
[473.415s][info][gc,heap        ] GC(90) Eden regions: 490->0(480)
[473.415s][info][gc,heap        ] GC(90) Survivor regions: 41->42(67)
[473.415s][info][gc,heap        ] GC(90) Old regions: 319->327
[473.415s][info][gc,heap        ] GC(90) Humongous regions: 81->81
[473.415s][info][gc,metaspace   ] GC(90) Metaspace: 29827K(30016K)->29827K(30016K) NonClass: 29827K(30016K)->29827K(30016K) Class: 0K(0K)->0K(0K)
[473.415s][info][gc             ] GC(90) Pause Young (Normal) (G1 Evacuation Pause) 7404M->3555M(8192M) 149.275ms
[473.415s][info][gc,cpu         ] GC(90) User=1.18s Sys=0.00s Real=0.15s
 (rIR:aIR:PR = 11797:11955:11952) (tPR = 180573) [OK] 
   473s:       trying IR =  11847 ..[476.094s][info][gc,start       ] GC(91) Pause Young (Normal) (G1 Evacuation Pause)
[476.094s][info][gc,task        ] GC(91) Using 8 workers of 8 for evacuation
[476.243s][info][gc,phases      ] GC(91)   Pre Evacuate Collection Set: 0.24ms
[476.243s][info][gc,phases      ] GC(91)   Merge Heap Roots: 0.56ms
[476.243s][info][gc,phases      ] GC(91)   Evacuate Collection Set: 147.63ms
[476.243s][info][gc,phases      ] GC(91)   Post Evacuate Collection Set: 0.99ms
[476.244s][info][gc,phases      ] GC(91)   Other: 0.06ms
[476.244s][info][gc,heap        ] GC(91) Eden regions: 480->0(472)
[476.244s][info][gc,heap        ] GC(91) Survivor regions: 42->42(66)
[476.244s][info][gc,heap        ] GC(91) Old regions: 327->335
[476.244s][info][gc,heap        ] GC(91) Humongous regions: 81->81
[476.244s][info][gc,metaspace   ] GC(91) Metaspace: 29830K(30016K)->29830K(30016K) NonClass: 29830K(30016K)->29830K(30016K) Class: 0K(0K)->0K(0K)
[476.244s][info][gc             ] GC(91) Pause Young (Normal) (G1 Evacuation Pause) 7395M->3617M(8192M) 149.615ms
[476.244s][info][gc,cpu         ] GC(91) User=1.18s Sys=0.00s Real=0.15s
.. (rIR:aIR:PR = 11847:12213:11953) (tPR = 191432) [OK] 
   477s:       trying IR =  11906 .[478.695s][info][gc,start       ] GC(92) Pause Young (Normal) (G1 Evacuation Pause)
[478.695s][info][gc,task        ] GC(92) Using 8 workers of 8 for evacuation
[478.838s][info][gc,phases      ] GC(92)   Pre Evacuate Collection Set: 0.26ms
[478.838s][info][gc,phases      ] GC(92)   Merge Heap Roots: 0.54ms
[478.838s][info][gc,phases      ] GC(92)   Evacuate Collection Set: 140.78ms
[478.838s][info][gc,phases      ] GC(92)   Post Evacuate Collection Set: 1.03ms
[478.838s][info][gc,phases      ] GC(92)   Other: 0.06ms
[478.838s][info][gc,heap        ] GC(92) Eden regions: 472->0(468)
[478.838s][info][gc,heap        ] GC(92) Survivor regions: 42->40(65)
[478.838s][info][gc,heap        ] GC(92) Old regions: 335->343
[478.838s][info][gc,heap        ] GC(92) Humongous regions: 81->81
[478.838s][info][gc,metaspace   ] GC(92) Metaspace: 29830K(30016K)->29830K(30016K) NonClass: 29830K(30016K)->29830K(30016K) Class: 0K(0K)->0K(0K)
[478.838s][info][gc             ] GC(92) Pause Young (Normal) (G1 Evacuation Pause) 7393M->3659M(8192M) 142.790ms
[478.838s][info][gc,cpu         ] GC(92) User=1.13s Sys=0.00s Real=0.15s
..[481.273s][info][gc,start       ] GC(93) Pause Young (Normal) (G1 Evacuation Pause)
[481.273s][info][gc,task        ] GC(93) Using 8 workers of 8 for evacuation
[481.423s][info][gc,phases      ] GC(93)   Pre Evacuate Collection Set: 0.25ms
[481.423s][info][gc,phases      ] GC(93)   Merge Heap Roots: 0.56ms
[481.423s][info][gc,phases      ] GC(93)   Evacuate Collection Set: 148.64ms
[481.423s][info][gc,phases      ] GC(93)   Post Evacuate Collection Set: 0.94ms
[481.423s][info][gc,phases      ] GC(93)   Other: 0.06ms
[481.423s][info][gc,heap        ] GC(93) Eden regions: 468->0(456)
[481.423s][info][gc,heap        ] GC(93) Survivor regions: 40->42(64)
[481.423s][info][gc,heap        ] GC(93) Old regions: 343->351
[481.423s][info][gc,heap        ] GC(93) Humongous regions: 81->81
[481.423s][info][gc,metaspace   ] GC(93) Metaspace: 29830K(30016K)->29830K(30016K) NonClass: 29830K(30016K)->29830K(30016K) Class: 0K(0K)->0K(0K)
[481.423s][info][gc             ] GC(93) Pause Young (Normal) (G1 Evacuation Pause) 7403M->3739M(8192M) 150.611ms
[481.423s][info][gc,cpu         ] GC(93) User=1.20s Sys=0.00s Real=0.15s
. (rIR:aIR:PR = 11906:11999:11789) (tPR = 177609) [OK] 
   481s:       trying IR =  11978 ..[483.926s][info][gc,start       ] GC(94) Pause Young (Normal) (G1 Evacuation Pause)
[483.926s][info][gc,task        ] GC(94) Using 8 workers of 8 for evacuation
[484.068s][info][gc,phases      ] GC(94)   Pre Evacuate Collection Set: 0.24ms
[484.068s][info][gc,phases      ] GC(94)   Merge Heap Roots: 0.58ms
[484.068s][info][gc,phases      ] GC(94)   Evacuate Collection Set: 140.74ms
[484.068s][info][gc,phases      ] GC(94)   Post Evacuate Collection Set: 0.96ms
[484.068s][info][gc,phases      ] GC(94)   Other: 0.06ms
[484.068s][info][gc,heap        ] GC(94) Eden regions: 456->0(452)
[484.068s][info][gc,heap        ] GC(94) Survivor regions: 42->40(63)
[484.068s][info][gc,heap        ] GC(94) Old regions: 351->359
[484.068s][info][gc,heap        ] GC(94) Humongous regions: 81->81
[484.068s][info][gc,metaspace   ] GC(94) Metaspace: 29830K(30016K)->29830K(30016K) NonClass: 29830K(30016K)->29830K(30016K) Class: 0K(0K)->0K(0K)
[484.068s][info][gc             ] GC(94) Pause Young (Normal) (G1 Evacuation Pause) 7387M->3787M(8192M) 142.707ms
[484.069s][info][gc,cpu         ] GC(94) User=1.13s Sys=0.00s Real=0.15s
.. (rIR:aIR:PR = 11978:11909:11955) (tPR = 173855) [OK] 
   485s:       trying IR =  12064 .[486.565s][info][gc,start       ] GC(95) Pause Young (Normal) (G1 Evacuation Pause)
[486.566s][info][gc,task        ] GC(95) Using 8 workers of 8 for evacuation
[486.706s][info][gc,phases      ] GC(95)   Pre Evacuate Collection Set: 0.27ms
[486.706s][info][gc,phases      ] GC(95)   Merge Heap Roots: 0.55ms
[486.706s][info][gc,phases      ] GC(95)   Evacuate Collection Set: 138.86ms
[486.706s][info][gc,phases      ] GC(95)   Post Evacuate Collection Set: 1.05ms
[486.706s][info][gc,phases      ] GC(95)   Other: 0.07ms
[486.706s][info][gc,heap        ] GC(95) Eden regions: 452->0(446)
[486.706s][info][gc,heap        ] GC(95) Survivor regions: 40->39(62)
[486.706s][info][gc,heap        ] GC(95) Old regions: 359->367
[486.706s][info][gc,heap        ] GC(95) Humongous regions: 81->81
[486.706s][info][gc,metaspace   ] GC(95) Metaspace: 29830K(30016K)->29830K(30016K) NonClass: 29830K(30016K)->29830K(30016K) Class: 0K(0K)->0K(0K)
[486.706s][info][gc             ] GC(95) Pause Young (Normal) (G1 Evacuation Pause) 7403M->3848M(8192M) 140.936ms
[486.706s][info][gc,cpu         ] GC(95) User=1.12s Sys=0.00s Real=0.14s
..[489.158s][info][gc,start       ] GC(96) Pause Young (Normal) (G1 Evacuation Pause)
[489.158s][info][gc,task        ] GC(96) Using 8 workers of 8 for evacuation
[489.304s][info][gc,phases      ] GC(96)   Pre Evacuate Collection Set: 0.27ms
[489.304s][info][gc,phases      ] GC(96)   Merge Heap Roots: 0.60ms
[489.304s][info][gc,phases      ] GC(96)   Evacuate Collection Set: 144.38ms
[489.304s][info][gc,phases      ] GC(96)   Post Evacuate Collection Set: 0.89ms
[489.304s][info][gc,phases      ] GC(96)   Other: 0.06ms
[489.304s][info][gc,heap        ] GC(96) Eden regions: 446->0(436)
[489.304s][info][gc,heap        ] GC(96) Survivor regions: 39->40(61)
[489.304s][info][gc,heap        ] GC(96) Old regions: 367->375
[489.304s][info][gc,heap        ] GC(96) Humongous regions: 81->81
[489.304s][info][gc,metaspace   ] GC(96) Metaspace: 29830K(30016K)->29830K(30016K) NonClass: 29830K(30016K)->29830K(30016K) Class: 0K(0K)->0K(0K)
[489.304s][info][gc             ] GC(96) Pause Young (Normal) (G1 Evacuation Pause) 7416M->3919M(8192M) 146.337ms
[489.304s][info][gc,cpu         ] GC(96) User=1.16s Sys=0.00s Real=0.14s
...[491.535s][info][gc,start       ] GC(97) Pause Young (Normal) (G1 Evacuation Pause)
[491.535s][info][gc,task        ] GC(97) Using 8 workers of 8 for evacuation
[491.676s][info][gc,phases      ] GC(97)   Pre Evacuate Collection Set: 0.24ms
[491.676s][info][gc,phases      ] GC(97)   Merge Heap Roots: 0.54ms
[491.676s][info][gc,phases      ] GC(97)   Evacuate Collection Set: 139.62ms
[491.676s][info][gc,phases      ] GC(97)   Post Evacuate Collection Set: 0.91ms
[491.676s][info][gc,phases      ] GC(97)   Other: 0.06ms
[491.676s][info][gc,heap        ] GC(97) Eden regions: 436->0(428)
[491.676s][info][gc,heap        ] GC(97) Survivor regions: 40->40(60)
[491.676s][info][gc,heap        ] GC(97) Old regions: 375->383
[491.676s][info][gc,heap        ] GC(97) Humongous regions: 81->81
[491.676s][info][gc,metaspace   ] GC(97) Metaspace: 29830K(30016K)->29830K(30016K) NonClass: 29830K(30016K)->29830K(30016K) Class: 0K(0K)->0K(0K)
[491.676s][info][gc             ] GC(97) Pause Young (Normal) (G1 Evacuation Pause) 7407M->3985M(8192M) 141.507ms
[491.676s][info][gc,cpu         ] GC(97) User=1.11s Sys=0.01s Real=0.14s
. (rIR:aIR:PR = 12064:12112:12085) (tPR = 177381) [OK] 
   492s:       trying IR =  12167 .[494.054s][info][gc,start       ] GC(98) Pause Young (Concurrent Start) (G1 Evacuation Pause)
[494.054s][info][gc,task        ] GC(98) Using 8 workers of 8 for evacuation
[494.196s][info][gc,phases      ] GC(98)   Pre Evacuate Collection Set: 0.28ms
[494.196s][info][gc,phases      ] GC(98)   Merge Heap Roots: 0.54ms
[494.196s][info][gc,phases      ] GC(98)   Evacuate Collection Set: 140.08ms
[494.196s][info][gc,phases      ] GC(98)   Post Evacuate Collection Set: 0.91ms
[494.196s][info][gc,phases      ] GC(98)   Other: 0.11ms
[494.196s][info][gc,heap        ] GC(98) Eden regions: 428->0(419)
[494.196s][info][gc,heap        ] GC(98) Survivor regions: 40->40(59)
[494.196s][info][gc,heap        ] GC(98) Old regions: 383->392
[494.196s][info][gc,heap        ] GC(98) Humongous regions: 81->81
[494.196s][info][gc,metaspace   ] GC(98) Metaspace: 29830K(30016K)->29830K(30016K) NonClass: 29830K(30016K)->29830K(30016K) Class: 0K(0K)->0K(0K)
[494.196s][info][gc             ] GC(98) Pause Young (Concurrent Start) (G1 Evacuation Pause) 7409M->4056M(8192M) 142.042ms
[494.196s][info][gc             ] GC(99) Concurrent Mark Cycle
[494.196s][info][gc,marking     ] GC(99) Concurrent Scan Root Regions
[494.196s][info][gc,cpu         ] GC(98) User=1.12s Sys=0.00s Real=0.14s
[494.423s][info][gc,marking     ] GC(99) Concurrent Scan Root Regions 226.831ms
[494.423s][info][gc,marking     ] GC(99) Concurrent Mark
[494.423s][info][gc,marking     ] GC(99) Concurrent Mark From Roots
[494.423s][info][gc,task        ] GC(99) Using 2 workers of 2 for marking
..[495.554s][info][gc,marking     ] GC(99) Concurrent Mark From Roots 1130.360ms
[495.554s][info][gc,marking     ] GC(99) Concurrent Preclean
[495.554s][info][gc,marking     ] GC(99) Concurrent Preclean 0.340ms
[495.554s][info][gc,start       ] GC(99) Pause Remark
[495.557s][info][gc             ] GC(99) Pause Remark 5565M->4053M(8192M) 3.273ms
[495.557s][info][gc,cpu         ] GC(99) User=0.02s Sys=0.00s Real=0.01s
[495.557s][info][gc,marking     ] GC(99) Concurrent Mark 1134.277ms
[495.557s][info][gc,marking     ] GC(99) Concurrent Rebuild Remembered Sets and Scrub Regions
[496.130s][info][gc,marking     ] GC(99) Concurrent Rebuild Remembered Sets and Scrub Regions 572.381ms
[496.130s][info][gc,start       ] GC(99) Pause Cleanup
[496.130s][info][gc             ] GC(99) Pause Cleanup 4716M->4716M(8192M) 0.274ms
[496.130s][info][gc,cpu         ] GC(99) User=0.00s Sys=0.00s Real=0.00s
[496.130s][info][gc,marking     ] GC(99) Concurrent Clear Claimed Marks
[496.130s][info][gc,marking     ] GC(99) Concurrent Clear Claimed Marks 0.049ms
[496.130s][info][gc,marking     ] GC(99) Concurrent Cleanup for Next Mark
[496.145s][info][gc,marking     ] GC(99) Concurrent Cleanup for Next Mark 14.982ms
[496.145s][info][gc             ] GC(99) Concurrent Mark Cycle 1949.198ms
.[496.915s][info][gc,start       ] GC(100) Pause Young (Prepare Mixed) (G1 Evacuation Pause)
[496.916s][info][gc,task        ] GC(100) Using 8 workers of 8 for evacuation
[497.054s][info][gc,phases      ] GC(100)   Pre Evacuate Collection Set: 0.22ms
[497.054s][info][gc,phases      ] GC(100)   Merge Heap Roots: 0.71ms
[497.054s][info][gc,phases      ] GC(100)   Evacuate Collection Set: 136.26ms
[497.054s][info][gc,phases      ] GC(100)   Post Evacuate Collection Set: 1.06ms
[497.054s][info][gc,phases      ] GC(100)   Other: 0.06ms
[497.054s][info][gc,heap        ] GC(100) Eden regions: 419->0(576)
[497.054s][info][gc,heap        ] GC(100) Survivor regions: 40->38(58)
[497.054s][info][gc,heap        ] GC(100) Old regions: 251->259
[497.054s][info][gc,heap        ] GC(100) Humongous regions: 33->33
[497.054s][info][gc,metaspace   ] GC(100) Metaspace: 29830K(30016K)->29830K(30016K) NonClass: 29830K(30016K)->29830K(30016K) Class: 0K(0K)->0K(0K)
[497.054s][info][gc             ] GC(100) Pause Young (Prepare Mixed) (G1 Evacuation Pause) 5896M->2595M(8192M) 138.456ms
[497.054s][info][gc,cpu         ] GC(100) User=1.09s Sys=0.00s Real=0.14s
...[499.943s][info][gc,start       ] GC(101) Pause Young (Mixed) (G1 Evacuation Pause)
[499.943s][info][gc,task        ] GC(101) Using 8 workers of 8 for evacuation
[500.094s][info][gc,phases      ] GC(101)   Pre Evacuate Collection Set: 0.26ms
[500.094s][info][gc,phases      ] GC(101)   Merge Heap Roots: 0.63ms
[500.094s][info][gc,phases      ] GC(101)   Evacuate Collection Set: 148.76ms
[500.094s][info][gc,phases      ] GC(101)   Merge Optional Heap Roots: 0.04ms
[500.094s][info][gc,phases      ] GC(101)   Evacuate Optional Collection Set: 0.17ms
[500.094s][info][gc,phases      ] GC(101)   Post Evacuate Collection Set: 1.32ms
[500.094s][info][gc,phases      ] GC(101)   Other: 0.08ms
[500.094s][info][gc,heap        ] GC(101) Eden regions: 576->0(565)
[500.094s][info][gc,heap        ] GC(101) Survivor regions: 38->49(77)
[500.094s][info][gc,heap        ] GC(101) Old regions: 259->219
[500.094s][info][gc,heap        ] GC(101) Humongous regions: 33->33
[500.094s][info][gc,metaspace   ] GC(101) Metaspace: 29830K(30016K)->29830K(30016K) NonClass: 29830K(30016K)->29830K(30016K) Class: 0K(0K)->0K(0K)
[500.094s][info][gc             ] GC(101) Pause Young (Mixed) (G1 Evacuation Pause) 7203M->2373M(8192M) 151.397ms
[500.095s][info][gc,cpu         ] GC(101) User=1.20s Sys=0.00s Real=0.15s
...[502.924s][info][gc,start       ] GC(102) Pause Young (Mixed) (G1 Evacuation Pause)
[502.925s][info][gc,task        ] GC(102) Using 8 workers of 8 for evacuation
[503.086s][info][gc,phases      ] GC(102)   Pre Evacuate Collection Set: 0.25ms
[503.086s][info][gc,phases      ] GC(102)   Merge Heap Roots: 0.73ms
[503.086s][info][gc,phases      ] GC(102)   Evacuate Collection Set: 158.99ms
[503.086s][info][gc,phases      ] GC(102)   Post Evacuate Collection Set: 1.19ms
[503.086s][info][gc,phases      ] GC(102)   Other: 0.07ms
[503.086s][info][gc,heap        ] GC(102) Eden regions: 552->0(570)
[503.086s][info][gc,heap        ] GC(102) Survivor regions: 49->44(76)
[503.086s][info][gc,heap        ] GC(102) Old regions: 219->212
[503.086s][info][gc,heap        ] GC(102) Humongous regions: 33->33
[503.086s][info][gc,metaspace   ] GC(102) Metaspace: 29831K(30016K)->29831K(30016K) NonClass: 29831K(30016K)->29831K(30016K) Class: 0K(0K)->0K(0K)
[503.086s][info][gc             ] GC(102) Pause Young (Mixed) (G1 Evacuation Pause) 6789M->2274M(8192M) 161.360ms
[503.086s][info][gc,cpu         ] GC(102) User=1.28s Sys=0.00s Real=0.16s
. (rIR:aIR:PR = 12167:12024:11776) (tPR = 177936) [OK] 
   503s:       trying IR =  12291 ..[506.073s][info][gc,start       ] GC(103) Pause Young (Mixed) (G1 Evacuation Pause)
[506.073s][info][gc,task        ] GC(103) Using 8 workers of 8 for evacuation
[506.240s][info][gc,phases      ] GC(103)   Pre Evacuate Collection Set: 0.27ms
[506.240s][info][gc,phases      ] GC(103)   Merge Heap Roots: 0.78ms
[506.240s][info][gc,phases      ] GC(103)   Evacuate Collection Set: 160.82ms
[506.240s][info][gc,phases      ] GC(103)   Merge Optional Heap Roots: 0.14ms
[506.240s][info][gc,phases      ] GC(103)   Evacuate Optional Collection Set: 3.56ms
[506.240s][info][gc,phases      ] GC(103)   Post Evacuate Collection Set: 1.37ms
[506.240s][info][gc,phases      ] GC(103)   Other: 0.06ms
[506.240s][info][gc,heap        ] GC(103) Eden regions: 570->0(121)
[506.240s][info][gc,heap        ] GC(103) Survivor regions: 44->44(77)
[506.240s][info][gc,heap        ] GC(103) Old regions: 212->171
[506.240s][info][gc,heap        ] GC(103) Humongous regions: 33->33
[506.240s][info][gc,metaspace   ] GC(103) Metaspace: 29833K(30016K)->29833K(30016K) NonClass: 29833K(30016K)->29833K(30016K) Class: 0K(0K)->0K(0K)
[506.240s][info][gc             ] GC(103) Pause Young (Mixed) (G1 Evacuation Pause) 6834M->1965M(8192M) 167.148ms
[506.240s][info][gc,cpu         ] GC(103) User=1.32s Sys=0.00s Real=0.17s
.[507.139s][info][gc,start       ] GC(104) Pause Young (Mixed) (G1 Evacuation Pause)
[507.139s][info][gc,task        ] GC(104) Using 8 workers of 8 for evacuation
[507.278s][info][gc,phases      ] GC(104)   Pre Evacuate Collection Set: 0.23ms
[507.278s][info][gc,phases      ] GC(104)   Merge Heap Roots: 0.75ms
[507.278s][info][gc,phases      ] GC(104)   Evacuate Collection Set: 137.19ms
[507.278s][info][gc,phases      ] GC(104)   Post Evacuate Collection Set: 0.64ms
[507.278s][info][gc,phases      ] GC(104)   Other: 0.06ms
[507.278s][info][gc,heap        ] GC(104) Eden regions: 179->0(599)
[507.278s][info][gc,heap        ] GC(104) Survivor regions: 44->15(28)
[507.278s][info][gc,heap        ] GC(104) Old regions: 171->189
[507.278s][info][gc,heap        ] GC(104) Humongous regions: 33->33
[507.278s][info][gc,metaspace   ] GC(104) Metaspace: 29833K(30016K)->29833K(30016K) NonClass: 29833K(30016K)->29833K(30016K) Class: 0K(0K)->0K(0K)
[507.278s][info][gc             ] GC(104) Pause Young (Mixed) (G1 Evacuation Pause) 3397M->1876M(8192M) 138.995ms
[507.278s][info][gc,cpu         ] GC(104) User=1.10s Sys=0.00s Real=0.14s
...[510.336s][info][gc,start       ] GC(105) Pause Young (Mixed) (G1 Evacuation Pause)
[510.336s][info][gc,task        ] GC(105) Using 8 workers of 8 for evacuation
[510.461s][info][gc,phases      ] GC(105)   Pre Evacuate Collection Set: 0.25ms
[510.461s][info][gc,phases      ] GC(105)   Merge Heap Roots: 0.58ms
[510.461s][info][gc,phases      ] GC(105)   Evacuate Collection Set: 123.23ms
[510.461s][info][gc,phases      ] GC(105)   Post Evacuate Collection Set: 1.01ms
[510.461s][info][gc,phases      ] GC(105)   Other: 0.07ms
[510.461s][info][gc,heap        ] GC(105) Eden regions: 599->0(575)
[510.461s][info][gc,heap        ] GC(105) Survivor regions: 15->39(77)
[510.461s][info][gc,heap        ] GC(105) Old regions: 189->188
[510.461s][info][gc,heap        ] GC(105) Humongous regions: 33->33
[510.461s][info][gc,metaspace   ] GC(105) Metaspace: 29833K(30016K)->29833K(30016K) NonClass: 29833K(30016K)->29833K(30016K) Class: 0K(0K)->0K(0K)
[510.461s][info][gc             ] GC(105) Pause Young (Mixed) (G1 Evacuation Pause) 6668M->2060M(8192M) 125.266ms
[510.461s][info][gc,cpu         ] GC(105) User=0.99s Sys=0.00s Real=0.13s
. (rIR:aIR:PR = 12291:12201:12163) (tPR = 179019) [OK] 
   510s:       trying IR =  12440 ...[513.594s][info][gc,start       ] GC(106) Pause Young (Normal) (G1 Evacuation Pause)
[513.594s][info][gc,task        ] GC(106) Using 8 workers of 8 for evacuation
[513.733s][info][gc,phases      ] GC(106)   Pre Evacuate Collection Set: 0.26ms
[513.733s][info][gc,phases      ] GC(106)   Merge Heap Roots: 0.57ms
[513.733s][info][gc,phases      ] GC(106)   Evacuate Collection Set: 137.31ms
[513.733s][info][gc,phases      ] GC(106)   Post Evacuate Collection Set: 1.16ms
[513.733s][info][gc,phases      ] GC(106)   Other: 0.06ms
[513.733s][info][gc,heap        ] GC(106) Eden regions: 575->0(568)
[513.733s][info][gc,heap        ] GC(106) Survivor regions: 39->46(77)
[513.733s][info][gc,heap        ] GC(106) Old regions: 188->188
[513.733s][info][gc,heap        ] GC(106) Humongous regions: 33->33
[513.733s][info][gc,metaspace   ] GC(106) Metaspace: 29833K(30016K)->29833K(30016K) NonClass: 29833K(30016K)->29833K(30016K) Class: 0K(0K)->0K(0K)
[513.733s][info][gc             ] GC(106) Pause Young (Normal) (G1 Evacuation Pause) 6660M->2120M(8192M) 139.492ms
[513.733s][info][gc,cpu         ] GC(106) User=1.11s Sys=0.00s Real=0.14s
. (rIR:aIR:PR = 12440:12149:11957) (tPR = 167509) [OK] 
   514s:       trying IR =  12618 ..[516.791s][info][gc,start       ] GC(107) Pause Young (Normal) (G1 Evacuation Pause)
[516.791s][info][gc,task        ] GC(107) Using 8 workers of 8 for evacuation
[516.954s][info][gc,phases      ] GC(107)   Pre Evacuate Collection Set: 0.24ms
[516.954s][info][gc,phases      ] GC(107)   Merge Heap Roots: 0.59ms
[516.954s][info][gc,phases      ] GC(107)   Evacuate Collection Set: 160.65ms
[516.954s][info][gc,phases      ] GC(107)   Post Evacuate Collection Set: 1.13ms
[516.954s][info][gc,phases      ] GC(107)   Other: 0.06ms
[516.954s][info][gc,heap        ] GC(107) Eden regions: 568->0(568)
[516.954s][info][gc,heap        ] GC(107) Survivor regions: 46->46(77)
[516.954s][info][gc,heap        ] GC(107) Old regions: 188->196
[516.954s][info][gc,heap        ] GC(107) Humongous regions: 33->33
[516.954s][info][gc,metaspace   ] GC(107) Metaspace: 29833K(30016K)->29833K(30016K) NonClass: 29833K(30016K)->29833K(30016K) Class: 0K(0K)->0K(0K)
[516.954s][info][gc             ] GC(107) Pause Young (Normal) (G1 Evacuation Pause) 6664M->2183M(8192M) 162.816ms
[516.954s][info][gc,cpu         ] GC(107) User=1.29s Sys=0.00s Real=0.16s
...[519.854s][info][gc,start       ] GC(108) Pause Young (Normal) (G1 Evacuation Pause)
[519.855s][info][gc,task        ] GC(108) Using 8 workers of 8 for evacuation
[520.011s][info][gc,phases      ] GC(108)   Pre Evacuate Collection Set: 0.25ms
[520.011s][info][gc,phases      ] GC(108)   Merge Heap Roots: 0.57ms
[520.011s][info][gc,phases      ] GC(108)   Evacuate Collection Set: 154.65ms
[520.011s][info][gc,phases      ] GC(108)   Post Evacuate Collection Set: 1.10ms
[520.011s][info][gc,phases      ] GC(108)   Other: 0.07ms
[520.011s][info][gc,heap        ] GC(108) Eden regions: 568->0(570)
[520.011s][info][gc,heap        ] GC(108) Survivor regions: 46->44(77)
[520.011s][info][gc,heap        ] GC(108) Old regions: 196->204
[520.011s][info][gc,heap        ] GC(108) Humongous regions: 33->33
[520.011s][info][gc,metaspace   ] GC(108) Metaspace: 29833K(30016K)->29833K(30016K) NonClass: 29833K(30016K)->29833K(30016K) Class: 0K(0K)->0K(0K)
[520.011s][info][gc             ] GC(108) Pause Young (Normal) (G1 Evacuation Pause) 6727M->2230M(8192M) 156.769ms
[520.011s][info][gc,cpu         ] GC(108) User=1.24s Sys=0.00s Real=0.16s
. (rIR:aIR:PR = 12618:12573:12449) (tPR = 183603) [OK] 
   520s:       trying IR =  12832 ..[522.911s][info][gc,start       ] GC(109) Pause Young (Normal) (G1 Evacuation Pause)
[522.911s][info][gc,task        ] GC(109) Using 8 workers of 8 for evacuation
[523.067s][info][gc,phases      ] GC(109)   Pre Evacuate Collection Set: 0.23ms
[523.067s][info][gc,phases      ] GC(109)   Merge Heap Roots: 0.56ms
[523.067s][info][gc,phases      ] GC(109)   Evacuate Collection Set: 154.13ms
[523.067s][info][gc,phases      ] GC(109)   Post Evacuate Collection Set: 1.12ms
[523.067s][info][gc,phases      ] GC(109)   Other: 0.06ms
[523.067s][info][gc,heap        ] GC(109) Eden regions: 570->0(569)
[523.067s][info][gc,heap        ] GC(109) Survivor regions: 44->45(77)
[523.067s][info][gc,heap        ] GC(109) Old regions: 204->211
[523.067s][info][gc,heap        ] GC(109) Humongous regions: 33->33
[523.067s][info][gc,metaspace   ] GC(109) Metaspace: 29833K(30016K)->29833K(30016K) NonClass: 29833K(30016K)->29833K(30016K) Class: 0K(0K)->0K(0K)
[523.067s][info][gc             ] GC(109) Pause Young (Normal) (G1 Evacuation Pause) 6790M->2294M(8192M) 156.238ms
[523.067s][info][gc,cpu         ] GC(109) User=1.24s Sys=0.00s Real=0.15s
...[525.916s][info][gc,start       ] GC(110) Pause Young (Normal) (G1 Evacuation Pause)
[525.916s][info][gc,task        ] GC(110) Using 8 workers of 8 for evacuation
[526.070s][info][gc,phases      ] GC(110)   Pre Evacuate Collection Set: 0.25ms
[526.071s][info][gc,phases      ] GC(110)   Merge Heap Roots: 0.57ms
[526.071s][info][gc,phases      ] GC(110)   Evacuate Collection Set: 152.77ms
[526.071s][info][gc,phases      ] GC(110)   Post Evacuate Collection Set: 1.05ms
[526.071s][info][gc,phases      ] GC(110)   Other: 0.06ms
[526.071s][info][gc,heap        ] GC(110) Eden regions: 569->0(570)
[526.071s][info][gc,heap        ] GC(110) Survivor regions: 45->44(77)
[526.071s][info][gc,heap        ] GC(110) Old regions: 211->218
[526.071s][info][gc,heap        ] GC(110) Humongous regions: 33->33
[526.071s][info][gc,metaspace   ] GC(110) Metaspace: 29833K(30016K)->29833K(30016K) NonClass: 29833K(30016K)->29833K(30016K) Class: 0K(0K)->0K(0K)
[526.071s][info][gc             ] GC(110) Pause Young (Normal) (G1 Evacuation Pause) 6846M->2342M(8192M) 154.838ms
[526.071s][info][gc,cpu         ] GC(110) User=1.23s Sys=0.00s Real=0.16s
. (rIR:aIR:PR = 12832:12657:12468) (tPR = 185030) [OK] 
   526s:       trying IR =  13089 ..[529.022s][info][gc,start       ] GC(111) Pause Young (Normal) (G1 Evacuation Pause)
[529.022s][info][gc,task        ] GC(111) Using 8 workers of 8 for evacuation
[529.177s][info][gc,phases      ] GC(111)   Pre Evacuate Collection Set: 0.23ms
[529.177s][info][gc,phases      ] GC(111)   Merge Heap Roots: 0.61ms
[529.177s][info][gc,phases      ] GC(111)   Evacuate Collection Set: 153.65ms
[529.177s][info][gc,phases      ] GC(111)   Post Evacuate Collection Set: 1.05ms
[529.178s][info][gc,phases      ] GC(111)   Other: 0.06ms
[529.178s][info][gc,heap        ] GC(111) Eden regions: 570->0(570)
[529.178s][info][gc,heap        ] GC(111) Survivor regions: 44->44(77)
[529.178s][info][gc,heap        ] GC(111) Old regions: 218->225
[529.178s][info][gc,heap        ] GC(111) Humongous regions: 33->33
[529.178s][info][gc,metaspace   ] GC(111) Metaspace: 29833K(30016K)->29833K(30016K) NonClass: 29833K(30016K)->29833K(30016K) Class: 0K(0K)->0K(0K)
[529.178s][info][gc             ] GC(111) Pause Young (Normal) (G1 Evacuation Pause) 6902M->2402M(8192M) 155.735ms
[529.178s][info][gc,cpu         ] GC(111) User=1.24s Sys=0.00s Real=0.16s
... (rIR:aIR:PR = 13089:13159:12878) (tPR = 192904) [OK] 
   531s:       trying IR =  13397 [532.062s][info][gc,start       ] GC(112) Pause Young (Normal) (G1 Evacuation Pause)
[532.062s][info][gc,task        ] GC(112) Using 8 workers of 8 for evacuation
[532.215s][info][gc,phases      ] GC(112)   Pre Evacuate Collection Set: 0.25ms
[532.215s][info][gc,phases      ] GC(112)   Merge Heap Roots: 0.54ms
[532.215s][info][gc,phases      ] GC(112)   Evacuate Collection Set: 151.01ms
[532.215s][info][gc,phases      ] GC(112)   Post Evacuate Collection Set: 1.09ms
[532.215s][info][gc,phases      ] GC(112)   Other: 0.07ms
[532.215s][info][gc,heap        ] GC(112) Eden regions: 570->0(571)
[532.215s][info][gc,heap        ] GC(112) Survivor regions: 44->43(77)
[532.215s][info][gc,heap        ] GC(112) Old regions: 225->232
[532.215s][info][gc,heap        ] GC(112) Humongous regions: 33->33
[532.215s][info][gc,metaspace   ] GC(112) Metaspace: 29833K(30016K)->29833K(30016K) NonClass: 29833K(30016K)->29833K(30016K) Class: 0K(0K)->0K(0K)
[532.215s][info][gc             ] GC(112) Pause Young (Normal) (G1 Evacuation Pause) 6962M->2452M(8192M) 153.099ms
[532.215s][info][gc,cpu         ] GC(112) User=1.21s Sys=0.00s Real=0.15s
...[535.119s][info][gc,start       ] GC(113) Pause Young (Normal) (G1 Evacuation Pause)
[535.119s][info][gc,task        ] GC(113) Using 8 workers of 8 for evacuation
[535.273s][info][gc,phases      ] GC(113)   Pre Evacuate Collection Set: 0.24ms
[535.273s][info][gc,phases      ] GC(113)   Merge Heap Roots: 0.55ms
[535.273s][info][gc,phases      ] GC(113)   Evacuate Collection Set: 151.75ms
[535.273s][info][gc,phases      ] GC(113)   Post Evacuate Collection Set: 1.03ms
[535.273s][info][gc,phases      ] GC(113)   Other: 0.07ms
[535.273s][info][gc,heap        ] GC(113) Eden regions: 571->0(570)
[535.273s][info][gc,heap        ] GC(113) Survivor regions: 43->44(77)
[535.273s][info][gc,heap        ] GC(113) Old regions: 232->239
[535.273s][info][gc,heap        ] GC(113) Humongous regions: 33->33
[535.273s][info][gc,metaspace   ] GC(113) Metaspace: 29835K(30016K)->29835K(30016K) NonClass: 29835K(30016K)->29835K(30016K) Class: 0K(0K)->0K(0K)
[535.273s][info][gc             ] GC(113) Pause Young (Normal) (G1 Evacuation Pause) 7020M->2514M(8192M) 153.768ms
[535.273s][info][gc,cpu         ] GC(113) User=1.21s Sys=0.00s Real=0.15s
...[538.198s][info][gc,start       ] GC(114) Pause Young (Normal) (G1 Evacuation Pause)
[538.198s][info][gc,task        ] GC(114) Using 8 workers of 8 for evacuation
[538.361s][info][gc,phases      ] GC(114)   Pre Evacuate Collection Set: 0.23ms
[538.361s][info][gc,phases      ] GC(114)   Merge Heap Roots: 0.57ms
[538.361s][info][gc,phases      ] GC(114)   Evacuate Collection Set: 161.86ms
[538.361s][info][gc,phases      ] GC(114)   Post Evacuate Collection Set: 1.04ms
[538.362s][info][gc,phases      ] GC(114)   Other: 0.06ms
[538.362s][info][gc,heap        ] GC(114) Eden regions: 570->0(567)
[538.362s][info][gc,heap        ] GC(114) Survivor regions: 44->47(77)
[538.362s][info][gc,heap        ] GC(114) Old regions: 239->246
[538.362s][info][gc,heap        ] GC(114) Humongous regions: 33->33
[538.362s][info][gc,metaspace   ] GC(114) Metaspace: 29835K(30016K)->29835K(30016K) NonClass: 29835K(30016K)->29835K(30016K) Class: 0K(0K)->0K(0K)
[538.362s][info][gc             ] GC(114) Pause Young (Normal) (G1 Evacuation Pause) 7074M->2591M(8192M) 163.889ms
[538.362s][info][gc,cpu         ] GC(114) User=1.30s Sys=0.00s Real=0.16s
...[541.258s][info][gc,start       ] GC(115) Pause Young (Normal) (G1 Evacuation Pause)
[541.258s][info][gc,task        ] GC(115) Using 8 workers of 8 for evacuation
[541.415s][info][gc,phases      ] GC(115)   Pre Evacuate Collection Set: 0.25ms
[541.415s][info][gc,phases      ] GC(115)   Merge Heap Roots: 0.56ms
[541.415s][info][gc,phases      ] GC(115)   Evacuate Collection Set: 154.54ms
[541.415s][info][gc,phases      ] GC(115)   Post Evacuate Collection Set: 1.08ms
[541.415s][info][gc,phases      ] GC(115)   Other: 0.08ms
[541.415s][info][gc,heap        ] GC(115) Eden regions: 567->0(569)
[541.415s][info][gc,heap        ] GC(115) Survivor regions: 47->45(77)
[541.415s][info][gc,heap        ] GC(115) Old regions: 246->253
[541.415s][info][gc,heap        ] GC(115) Humongous regions: 33->33
[541.415s][info][gc,metaspace   ] GC(115) Metaspace: 29835K(30016K)->29835K(30016K) NonClass: 29835K(30016K)->29835K(30016K) Class: 0K(0K)->0K(0K)
[541.415s][info][gc             ] GC(115) Pause Young (Normal) (G1 Evacuation Pause) 7127M->2631M(8192M) 156.635ms
[541.415s][info][gc,cpu         ] GC(115) User=1.25s Sys=0.00s Real=0.15s
...[544.324s][info][gc,start       ] GC(116) Pause Young (Normal) (G1 Evacuation Pause)
[544.324s][info][gc,task        ] GC(116) Using 8 workers of 8 for evacuation
[544.486s][info][gc,phases      ] GC(116)   Pre Evacuate Collection Set: 0.23ms
[544.486s][info][gc,phases      ] GC(116)   Merge Heap Roots: 0.57ms
[544.486s][info][gc,phases      ] GC(116)   Evacuate Collection Set: 159.99ms
[544.486s][info][gc,phases      ] GC(116)   Post Evacuate Collection Set: 1.02ms
[544.486s][info][gc,phases      ] GC(116)   Other: 0.06ms
[544.486s][info][gc,heap        ] GC(116) Eden regions: 569->0(567)
[544.486s][info][gc,heap        ] GC(116) Survivor regions: 45->47(77)
[544.486s][info][gc,heap        ] GC(116) Old regions: 253->261
[544.486s][info][gc,heap        ] GC(116) Humongous regions: 33->33
[544.486s][info][gc,metaspace   ] GC(116) Metaspace: 29835K(30016K)->29835K(30016K) NonClass: 29835K(30016K)->29835K(30016K) Class: 0K(0K)->0K(0K)
[544.486s][info][gc             ] GC(116) Pause Young (Normal) (G1 Evacuation Pause) 7183M->2707M(8192M) 162.006ms
[544.486s][info][gc,cpu         ] GC(116) User=1.28s Sys=0.00s Real=0.16s
...[547.404s][info][gc,start       ] GC(117) Pause Young (Normal) (G1 Evacuation Pause)
[547.404s][info][gc,task        ] GC(117) Using 8 workers of 8 for evacuation
[547.561s][info][gc,phases      ] GC(117)   Pre Evacuate Collection Set: 0.24ms
[547.561s][info][gc,phases      ] GC(117)   Merge Heap Roots: 0.63ms
[547.561s][info][gc,phases      ] GC(117)   Evacuate Collection Set: 154.47ms
[547.561s][info][gc,phases      ] GC(117)   Post Evacuate Collection Set: 1.06ms
[547.561s][info][gc,phases      ] GC(117)   Other: 0.06ms
[547.561s][info][gc,heap        ] GC(117) Eden regions: 567->0(570)
[547.561s][info][gc,heap        ] GC(117) Survivor regions: 47->44(77)
[547.561s][info][gc,heap        ] GC(117) Old regions: 261->268
[547.561s][info][gc,heap        ] GC(117) Humongous regions: 33->33
[547.561s][info][gc,metaspace   ] GC(117) Metaspace: 29836K(30016K)->29836K(30016K) NonClass: 29836K(30016K)->29836K(30016K) Class: 0K(0K)->0K(0K)
[547.561s][info][gc             ] GC(117) Pause Young (Normal) (G1 Evacuation Pause) 7243M->2745M(8192M) 156.590ms
[547.561s][info][gc,cpu         ] GC(117) User=1.24s Sys=0.00s Real=0.16s
...[550.507s][info][gc,start       ] GC(118) Pause Young (Normal) (G1 Evacuation Pause)
[550.507s][info][gc,task        ] GC(118) Using 8 workers of 8 for evacuation
[550.664s][info][gc,phases      ] GC(118)   Pre Evacuate Collection Set: 0.25ms
[550.664s][info][gc,phases      ] GC(118)   Merge Heap Roots: 0.56ms
[550.664s][info][gc,phases      ] GC(118)   Evacuate Collection Set: 154.88ms
[550.664s][info][gc,phases      ] GC(118)   Post Evacuate Collection Set: 1.04ms
[550.664s][info][gc,phases      ] GC(118)   Other: 0.06ms
[550.664s][info][gc,heap        ] GC(118) Eden regions: 570->0(569)
[550.664s][info][gc,heap        ] GC(118) Survivor regions: 44->45(77)
[550.664s][info][gc,heap        ] GC(118) Old regions: 268->276
[550.664s][info][gc,heap        ] GC(118) Humongous regions: 33->33
[550.664s][info][gc,metaspace   ] GC(118) Metaspace: 29836K(30016K)->29836K(30016K) NonClass: 29836K(30016K)->29836K(30016K) Class: 0K(0K)->0K(0K)
[550.664s][info][gc             ] GC(118) Pause Young (Normal) (G1 Evacuation Pause) 7305M->2809M(8192M) 156.931ms
[550.664s][info][gc,cpu         ] GC(118) User=1.24s Sys=0.00s Real=0.16s
...[553.579s][info][gc,start       ] GC(119) Pause Young (Normal) (G1 Evacuation Pause)
[553.579s][info][gc,task        ] GC(119) Using 8 workers of 8 for evacuation
[553.736s][info][gc,phases      ] GC(119)   Pre Evacuate Collection Set: 0.21ms
[553.736s][info][gc,phases      ] GC(119)   Merge Heap Roots: 0.57ms
[553.736s][info][gc,phases      ] GC(119)   Evacuate Collection Set: 155.60ms
[553.736s][info][gc,phases      ] GC(119)   Post Evacuate Collection Set: 1.04ms
[553.736s][info][gc,phases      ] GC(119)   Other: 0.06ms
[553.736s][info][gc,heap        ] GC(119) Eden regions: 569->0(566)
[553.736s][info][gc,heap        ] GC(119) Survivor regions: 45->45(77)
[553.736s][info][gc,heap        ] GC(119) Old regions: 276->283
[553.736s][info][gc,heap        ] GC(119) Humongous regions: 33->33
[553.736s][info][gc,metaspace   ] GC(119) Metaspace: 29836K(30016K)->29836K(30016K) NonClass: 29836K(30016K)->29836K(30016K) Class: 0K(0K)->0K(0K)
[553.736s][info][gc             ] GC(119) Pause Young (Normal) (G1 Evacuation Pause) 7361M->2871M(8192M) 157.607ms
[553.736s][info][gc,cpu         ] GC(119) User=1.25s Sys=0.00s Real=0.15s
...[556.583s][info][gc,start       ] GC(120) Pause Young (Normal) (G1 Evacuation Pause)
[556.583s][info][gc,task        ] GC(120) Using 8 workers of 8 for evacuation
[556.735s][info][gc,phases      ] GC(120)   Pre Evacuate Collection Set: 0.27ms
[556.735s][info][gc,phases      ] GC(120)   Merge Heap Roots: 0.57ms
[556.735s][info][gc,phases      ] GC(120)   Evacuate Collection Set: 149.73ms
[556.735s][info][gc,phases      ] GC(120)   Post Evacuate Collection Set: 1.09ms
[556.735s][info][gc,phases      ] GC(120)   Other: 0.07ms
[556.735s][info][gc,heap        ] GC(120) Eden regions: 566->0(563)
[556.735s][info][gc,heap        ] GC(120) Survivor regions: 45->43(77)
[556.735s][info][gc,heap        ] GC(120) Old regions: 283->290
[556.735s][info][gc,heap        ] GC(120) Humongous regions: 33->33
[556.735s][info][gc,metaspace   ] GC(120) Metaspace: 29836K(30016K)->29836K(30016K) NonClass: 29836K(30016K)->29836K(30016K) Class: 0K(0K)->0K(0K)
[556.735s][info][gc             ] GC(120) Pause Young (Normal) (G1 Evacuation Pause) 7399M->2915M(8192M) 151.851ms
[556.735s][info][gc,cpu         ] GC(120) User=1.21s Sys=0.00s Real=0.15s
...[559.558s][info][gc,start       ] GC(121) Pause Young (Normal) (G1 Evacuation Pause)
[559.558s][info][gc,task        ] GC(121) Using 8 workers of 8 for evacuation
[559.717s][info][gc,phases      ] GC(121)   Pre Evacuate Collection Set: 0.24ms
[559.717s][info][gc,phases      ] GC(121)   Merge Heap Roots: 0.58ms
[559.717s][info][gc,phases      ] GC(121)   Evacuate Collection Set: 157.61ms
[559.717s][info][gc,phases      ] GC(121)   Post Evacuate Collection Set: 1.01ms
[559.717s][info][gc,phases      ] GC(121)   Other: 0.07ms
[559.717s][info][gc,heap        ] GC(121) Eden regions: 563->0(550)
[559.717s][info][gc,heap        ] GC(121) Survivor regions: 43->46(76)
[559.717s][info][gc,heap        ] GC(121) Old regions: 290->297
[559.717s][info][gc,heap        ] GC(121) Humongous regions: 33->33
[559.717s][info][gc,metaspace   ] GC(121) Metaspace: 29836K(30016K)->29836K(30016K) NonClass: 29836K(30016K)->29836K(30016K) Class: 0K(0K)->0K(0K)
[559.717s][info][gc             ] GC(121) Pause Young (Normal) (G1 Evacuation Pause) 7419M->2995M(8192M) 159.645ms
[559.717s][info][gc,cpu         ] GC(121) User=1.27s Sys=0.00s Real=0.16s
... (rIR:aIR:PR = 13397:13417:12617) (tPR = 187106) [PR is under limit] 
   561s: Re-initializing (term) [561.855s][info][gc,start       ] GC(122) Pause Full (System.gc())
[561.855s][info][gc,task        ] GC(122) Using 8 workers of 8 for full compaction
[561.855s][info][gc,phases,start] GC(122) Phase 1: Mark live objects
[561.871s][info][gc,phases      ] GC(122) Phase 1: Mark live objects 15.156ms
[561.871s][info][gc,phases,start] GC(122) Phase 2: Prepare compaction
[561.877s][info][gc,phases      ] GC(122) Phase 2: Prepare compaction 6.339ms
[561.877s][info][gc,phases,start] GC(122) Phase 3: Adjust pointers
[561.888s][info][gc,phases      ] GC(122) Phase 3: Adjust pointers 11.180ms
[561.888s][info][gc,phases,start] GC(122) Phase 4: Compact heap
[561.895s][info][gc,phases      ] GC(122) Phase 4: Compact heap 6.276ms
[561.895s][info][gc,phases,start] GC(122) Phase 5: Reset Metadata
[561.899s][info][gc,phases      ] GC(122) Phase 5: Reset Metadata 3.989ms
[561.907s][info][gc,heap        ] GC(122) Eden regions: 396->0(614)
[561.907s][info][gc,heap        ] GC(122) Survivor regions: 46->0(76)
[561.907s][info][gc,heap        ] GC(122) Old regions: 297->14
[561.907s][info][gc,heap        ] GC(122) Humongous regions: 33->33
[561.907s][info][gc,metaspace   ] GC(122) Metaspace: 29836K(30016K)->29836K(30016K) NonClass: 29836K(30016K)->29836K(30016K) Class: 0K(0K)->0K(0K)
[561.907s][info][gc             ] GC(122) Pause Full (System.gc()) 6160M->333M(8192M) 52.145ms
[561.907s][info][gc,cpu         ] GC(122) User=0.35s Sys=0.00s Real=0.06s
(init) ... OK
   567s: Searching from base IR = 13089
   567s:       rampup IR =      0 ... (rIR:aIR:PR = 0:0:0) (tPR = 0) [OK] 
   570s:       rampup IR =   1309 .... (rIR:aIR:PR = 1309:1319:1319) (tPR = 18744) [OK] 
   574s:       rampup IR =   2618 .[575.899s][info][gc,start       ] GC(123) Pause Young (Normal) (G1 Evacuation Pause)
[575.899s][info][gc,task        ] GC(123) Using 8 workers of 8 for evacuation
[576.626s][info][gc,mmu         ] GC(123) MMU target violated: 201.0ms (200.0ms/201.0ms)
[576.627s][info][gc,phases      ] GC(123)   Pre Evacuate Collection Set: 0.27ms
[576.627s][info][gc,phases      ] GC(123)   Merge Heap Roots: 1.07ms
[576.627s][info][gc,phases      ] GC(123)   Evacuate Collection Set: 724.71ms
[576.627s][info][gc,phases      ] GC(123)   Post Evacuate Collection Set: 1.35ms
[576.627s][info][gc,phases      ] GC(123)   Other: 0.12ms
[576.627s][info][gc,heap        ] GC(123) Eden regions: 614->0(232)
[576.627s][info][gc,heap        ] GC(123) Survivor regions: 0->77(77)
[576.627s][info][gc,heap        ] GC(123) Old regions: 14->90
[576.627s][info][gc,heap        ] GC(123) Humongous regions: 86->81
[576.627s][info][gc,metaspace   ] GC(123) Metaspace: 29858K(30080K)->29858K(30080K) NonClass: 29858K(30080K)->29858K(30080K) Class: 0K(0K)->0K(0K)
[576.627s][info][gc             ] GC(123) Pause Young (Normal) (G1 Evacuation Pause) 5669M->1937M(8192M) 727.632ms
[576.627s][info][gc,cpu         ] GC(123) User=5.77s Sys=0.00s Real=0.72s
..... (rIR:aIR:PR = 2618:2603:2603) (tPR = 39256) [OK] 
   580s:       rampup IR =   3927 [581.587s][info][gc,start       ] GC(124) Pause Young (Normal) (G1 Evacuation Pause)
[581.587s][info][gc,task        ] GC(124) Using 8 workers of 8 for evacuation
[581.918s][info][gc,mmu         ] GC(124) MMU target violated: 201.0ms (200.0ms/201.0ms)
[581.918s][info][gc,phases      ] GC(124)   Pre Evacuate Collection Set: 0.25ms
[581.918s][info][gc,phases      ] GC(124)   Merge Heap Roots: 0.62ms
[581.918s][info][gc,phases      ] GC(124)   Evacuate Collection Set: 328.78ms
[581.918s][info][gc,phases      ] GC(124)   Post Evacuate Collection Set: 0.71ms
[581.918s][info][gc,phases      ] GC(124)   Other: 0.83ms
[581.918s][info][gc,heap        ] GC(124) Eden regions: 241->0(195)
[581.918s][info][gc,heap        ] GC(124) Survivor regions: 77->17(40)
[581.918s][info][gc,heap        ] GC(124) Old regions: 90->168
[581.918s][info][gc,heap        ] GC(124) Humongous regions: 81->81
[581.918s][info][gc,metaspace   ] GC(124) Metaspace: 29858K(30080K)->29858K(30080K) NonClass: 29858K(30080K)->29858K(30080K) Class: 0K(0K)->0K(0K)
[581.918s][info][gc             ] GC(124) Pause Young (Normal) (G1 Evacuation Pause) 3865M->2081M(8192M) 331.288ms
[581.918s][info][gc,cpu         ] GC(124) User=2.62s Sys=0.00s Real=0.33s
....[585.233s][info][gc,start       ] GC(125) Pause Young (Normal) (G1 Evacuation Pause)
[585.233s][info][gc,task        ] GC(125) Using 8 workers of 8 for evacuation
[585.317s][info][gc,phases      ] GC(125)   Pre Evacuate Collection Set: 0.24ms
[585.317s][info][gc,phases      ] GC(125)   Merge Heap Roots: 0.44ms
[585.317s][info][gc,phases      ] GC(125)   Evacuate Collection Set: 82.53ms
[585.317s][info][gc,phases      ] GC(125)   Post Evacuate Collection Set: 0.67ms
[585.317s][info][gc,phases      ] GC(125)   Other: 0.06ms
[585.317s][info][gc,heap        ] GC(125) Eden regions: 215->0(183)
[585.317s][info][gc,heap        ] GC(125) Survivor regions: 17->28(29)
[585.317s][info][gc,heap        ] GC(125) Old regions: 168->168
[585.317s][info][gc,heap        ] GC(125) Humongous regions: 81->81
[585.317s][info][gc,metaspace   ] GC(125) Metaspace: 29858K(30080K)->29858K(30080K) NonClass: 29858K(30080K)->29858K(30080K) Class: 0K(0K)->0K(0K)
[585.317s][info][gc             ] GC(125) Pause Young (Normal) (G1 Evacuation Pause) 3801M->2169M(8192M) 84.065ms
[585.317s][info][gc,cpu         ] GC(125) User=0.66s Sys=0.00s Real=0.09s
...[588.734s][info][gc,start       ] GC(126) Pause Young (Normal) (G1 Evacuation Pause)
[588.734s][info][gc,task        ] GC(126) Using 8 workers of 8 for evacuation
[588.831s][info][gc,phases      ] GC(126)   Pre Evacuate Collection Set: 0.23ms
[588.831s][info][gc,phases      ] GC(126)   Merge Heap Roots: 0.43ms
[588.831s][info][gc,phases      ] GC(126)   Evacuate Collection Set: 95.22ms
[588.831s][info][gc,phases      ] GC(126)   Post Evacuate Collection Set: 0.60ms
[588.831s][info][gc,phases      ] GC(126)   Other: 0.07ms
[588.831s][info][gc,heap        ] GC(126) Eden regions: 197->0(232)
[588.831s][info][gc,heap        ] GC(126) Survivor regions: 28->24(29)
[588.831s][info][gc,heap        ] GC(126) Old regions: 168->178
[588.831s][info][gc,heap        ] GC(126) Humongous regions: 81->81
[588.831s][info][gc,metaspace   ] GC(126) Metaspace: 29858K(30080K)->29858K(30080K) NonClass: 29858K(30080K)->29858K(30080K) Class: 0K(0K)->0K(0K)
[588.831s][info][gc             ] GC(126) Pause Young (Normal) (G1 Evacuation Pause) 3745M->2221M(8192M) 96.665ms
[588.831s][info][gc,cpu         ] GC(126) User=0.76s Sys=0.00s Real=0.10s
... (rIR:aIR:PR = 3927:4061:4059) (tPR = 60355) [OK] 
   590s:       rampup IR =   5236 .[592.791s][info][gc,start       ] GC(127) Pause Young (Normal) (G1 Evacuation Pause)
[592.791s][info][gc,task        ] GC(127) Using 8 workers of 8 for evacuation
[592.889s][info][gc,phases      ] GC(127)   Pre Evacuate Collection Set: 0.22ms
[592.889s][info][gc,phases      ] GC(127)   Merge Heap Roots: 0.39ms
[592.889s][info][gc,phases      ] GC(127)   Evacuate Collection Set: 96.76ms
[592.889s][info][gc,phases      ] GC(127)   Post Evacuate Collection Set: 0.64ms
[592.889s][info][gc,phases      ] GC(127)   Other: 0.06ms
[592.889s][info][gc,heap        ] GC(127) Eden regions: 269->0(302)
[592.889s][info][gc,heap        ] GC(127) Survivor regions: 24->26(37)
[592.889s][info][gc,heap        ] GC(127) Old regions: 178->186
[592.889s][info][gc,heap        ] GC(127) Humongous regions: 81->81
[592.889s][info][gc,metaspace   ] GC(127) Metaspace: 29859K(30080K)->29859K(30080K) NonClass: 29859K(30080K)->29859K(30080K) Class: 0K(0K)->0K(0K)
[592.889s][info][gc             ] GC(127) Pause Young (Normal) (G1 Evacuation Pause) 4373M->2301M(8192M) 98.202ms
[592.889s][info][gc,cpu         ] GC(127) User=0.77s Sys=0.00s Real=0.10s
... (rIR:aIR:PR = 5236:5214:5214) (tPR = 77795) [OK] 
   594s:       rampup IR =   6545 .[596.505s][info][gc,start       ] GC(128) Pause Young (Normal) (G1 Evacuation Pause)
[596.505s][info][gc,task        ] GC(128) Using 8 workers of 8 for evacuation
[596.613s][info][gc,phases      ] GC(128)   Pre Evacuate Collection Set: 0.23ms
[596.613s][info][gc,phases      ] GC(128)   Merge Heap Roots: 0.38ms
[596.613s][info][gc,phases      ] GC(128)   Evacuate Collection Set: 106.55ms
[596.613s][info][gc,phases      ] GC(128)   Post Evacuate Collection Set: 0.83ms
[596.613s][info][gc,phases      ] GC(128)   Other: 0.05ms
[596.613s][info][gc,heap        ] GC(128) Eden regions: 322->0(348)
[596.613s][info][gc,heap        ] GC(128) Survivor regions: 26->31(44)
[596.613s][info][gc,heap        ] GC(128) Old regions: 186->193
[596.613s][info][gc,heap        ] GC(128) Humongous regions: 81->81
[596.613s][info][gc,metaspace   ] GC(128) Metaspace: 29869K(30080K)->29869K(30080K) NonClass: 29869K(30080K)->29869K(30080K) Class: 0K(0K)->0K(0K)
[596.613s][info][gc             ] GC(128) Pause Young (Normal) (G1 Evacuation Pause) 4877M->2393M(8192M) 108.160ms
[596.613s][info][gc,cpu         ] GC(128) User=0.86s Sys=0.00s Real=0.11s
... (rIR:aIR:PR = 6545:6535:6535) (tPR = 97338) [OK] 
   598s:       rampup IR =   7853 .[600.151s][info][gc,start       ] GC(129) Pause Young (Normal) (G1 Evacuation Pause)
[600.151s][info][gc,task        ] GC(129) Using 8 workers of 8 for evacuation
[600.270s][info][gc,phases      ] GC(129)   Pre Evacuate Collection Set: 0.24ms
[600.270s][info][gc,phases      ] GC(129)   Merge Heap Roots: 0.42ms
[600.270s][info][gc,phases      ] GC(129)   Evacuate Collection Set: 117.48ms
[600.270s][info][gc,phases      ] GC(129)   Post Evacuate Collection Set: 0.77ms
[600.270s][info][gc,phases      ] GC(129)   Other: 0.07ms
[600.270s][info][gc,heap        ] GC(129) Eden regions: 367->0(387)
[600.270s][info][gc,heap        ] GC(129) Survivor regions: 31->34(50)
[600.270s][info][gc,heap        ] GC(129) Old regions: 193->201
[600.270s][info][gc,heap        ] GC(129) Humongous regions: 81->81
[600.270s][info][gc,metaspace   ] GC(129) Metaspace: 29869K(30080K)->29869K(30080K) NonClass: 29869K(30080K)->29869K(30080K) Class: 0K(0K)->0K(0K)
[600.270s][info][gc             ] GC(129) Pause Young (Normal) (G1 Evacuation Pause) 5329M->2481M(8192M) 119.094ms
[600.270s][info][gc,cpu         ] GC(129) User=0.94s Sys=0.00s Real=0.12s
... (rIR:aIR:PR = 7853:8015:8036) (tPR = 115350) [OK] 
   602s:       rampup IR =   9162 [603.507s][info][gc,start       ] GC(130) Pause Young (Normal) (G1 Evacuation Pause)
[603.507s][info][gc,task        ] GC(130) Using 8 workers of 8 for evacuation
[603.632s][info][gc,phases      ] GC(130)   Pre Evacuate Collection Set: 0.25ms
[603.632s][info][gc,phases      ] GC(130)   Merge Heap Roots: 0.43ms
[603.632s][info][gc,phases      ] GC(130)   Evacuate Collection Set: 123.26ms
[603.632s][info][gc,phases      ] GC(130)   Post Evacuate Collection Set: 0.93ms
[603.632s][info][gc,phases      ] GC(130)   Other: 0.06ms
[603.632s][info][gc,heap        ] GC(130) Eden regions: 397->0(435)
[603.632s][info][gc,heap        ] GC(130) Survivor regions: 34->36(54)
[603.632s][info][gc,heap        ] GC(130) Old regions: 201->208
[603.632s][info][gc,heap        ] GC(130) Humongous regions: 81->81
[603.632s][info][gc,metaspace   ] GC(130) Metaspace: 29871K(30080K)->29871K(30080K) NonClass: 29871K(30080K)->29871K(30080K) Class: 0K(0K)->0K(0K)
[603.632s][info][gc             ] GC(130) Pause Young (Normal) (G1 Evacuation Pause) 5657M->2551M(8192M) 125.059ms
[603.632s][info][gc,cpu         ] GC(130) User=0.99s Sys=0.00s Real=0.12s
...[606.777s][info][gc,start       ] GC(131) Pause Young (Normal) (G1 Evacuation Pause)
[606.778s][info][gc,task        ] GC(131) Using 8 workers of 8 for evacuation
[606.910s][info][gc,phases      ] GC(131)   Pre Evacuate Collection Set: 0.26ms
[606.910s][info][gc,phases      ] GC(131)   Merge Heap Roots: 0.45ms
[606.910s][info][gc,phases      ] GC(131)   Evacuate Collection Set: 130.50ms
[606.910s][info][gc,phases      ] GC(131)   Post Evacuate Collection Set: 0.90ms
[606.910s][info][gc,phases      ] GC(131)   Other: 0.06ms
[606.910s][info][gc,heap        ] GC(131) Eden regions: 442->0(489)
[606.910s][info][gc,heap        ] GC(131) Survivor regions: 36->37(60)
[606.910s][info][gc,heap        ] GC(131) Old regions: 208->216
[606.910s][info][gc,heap        ] GC(131) Humongous regions: 81->81
[606.910s][info][gc,metaspace   ] GC(131) Metaspace: 29871K(30080K)->29871K(30080K) NonClass: 29871K(30080K)->29871K(30080K) Class: 0K(0K)->0K(0K)
[606.910s][info][gc             ] GC(131) Pause Young (Normal) (G1 Evacuation Pause) 6087M->2625M(8192M) 132.312ms
[606.910s][info][gc,cpu         ] GC(131) User=1.05s Sys=0.00s Real=0.13s
. (rIR:aIR:PR = 9162:8863:8776) (tPR = 130511) [OK] 
   606s:       rampup IR =  10471 ...[610.103s][info][gc,start       ] GC(132) Pause Young (Normal) (G1 Evacuation Pause)
[610.103s][info][gc,task        ] GC(132) Using 8 workers of 8 for evacuation
[610.242s][info][gc,phases      ] GC(132)   Pre Evacuate Collection Set: 0.27ms
[610.242s][info][gc,phases      ] GC(132)   Merge Heap Roots: 0.45ms
[610.242s][info][gc,phases      ] GC(132)   Evacuate Collection Set: 136.65ms
[610.242s][info][gc,phases      ] GC(132)   Post Evacuate Collection Set: 0.96ms
[610.242s][info][gc,phases      ] GC(132)   Other: 0.06ms
[610.242s][info][gc,heap        ] GC(132) Eden regions: 493->0(519)
[610.242s][info][gc,heap        ] GC(132) Survivor regions: 37->40(67)
[610.242s][info][gc,heap        ] GC(132) Old regions: 216->223
[610.242s][info][gc,heap        ] GC(132) Humongous regions: 81->81
[610.242s][info][gc,metaspace   ] GC(132) Metaspace: 29871K(30080K)->29871K(30080K) NonClass: 29871K(30080K)->29871K(30080K) Class: 0K(0K)->0K(0K)
[610.242s][info][gc             ] GC(132) Pause Young (Normal) (G1 Evacuation Pause) 6569M->2701M(8192M) 138.523ms
[610.242s][info][gc,cpu         ] GC(132) User=1.10s Sys=0.00s Real=0.14s
.. (rIR:aIR:PR = 10471:10218:10218) (tPR = 153666) [OK] 
   611s:       rampup IR =  11780 .[613.373s][info][gc,start       ] GC(133) Pause Young (Normal) (G1 Evacuation Pause)
[613.373s][info][gc,task        ] GC(133) Using 8 workers of 8 for evacuation
[613.519s][info][gc,phases      ] GC(133)   Pre Evacuate Collection Set: 0.24ms
[613.519s][info][gc,phases      ] GC(133)   Merge Heap Roots: 0.50ms
[613.519s][info][gc,phases      ] GC(133)   Evacuate Collection Set: 144.11ms
[613.519s][info][gc,phases      ] GC(133)   Post Evacuate Collection Set: 1.03ms
[613.519s][info][gc,phases      ] GC(133)   Other: 0.07ms
[613.519s][info][gc,heap        ] GC(133) Eden regions: 520->0(540)
[613.519s][info][gc,heap        ] GC(133) Survivor regions: 40->43(70)
[613.519s][info][gc,heap        ] GC(133) Old regions: 223->230
[613.519s][info][gc,heap        ] GC(133) Humongous regions: 81->81
[613.519s][info][gc,metaspace   ] GC(133) Metaspace: 29872K(30080K)->29872K(30080K) NonClass: 29872K(30080K)->29872K(30080K) Class: 0K(0K)->0K(0K)
[613.519s][info][gc             ] GC(133) Pause Young (Normal) (G1 Evacuation Pause) 6861M->2781M(8192M) 146.092ms
[613.519s][info][gc,cpu         ] GC(133) User=1.15s Sys=0.00s Real=0.15s
...[616.456s][info][gc,start       ] GC(134) Pause Young (Normal) (G1 Evacuation Pause)
[616.456s][info][gc,task        ] GC(134) Using 8 workers of 8 for evacuation
[616.599s][info][gc,phases      ] GC(134)   Pre Evacuate Collection Set: 0.26ms
[616.599s][info][gc,phases      ] GC(134)   Merge Heap Roots: 0.50ms
[616.599s][info][gc,phases      ] GC(134)   Evacuate Collection Set: 140.41ms
[616.599s][info][gc,phases      ] GC(134)   Post Evacuate Collection Set: 0.99ms
[616.599s][info][gc,phases      ] GC(134)   Other: 0.06ms
[616.599s][info][gc,heap        ] GC(134) Eden regions: 539->0(572)
[616.599s][info][gc,heap        ] GC(134) Survivor regions: 43->41(73)
[616.599s][info][gc,heap        ] GC(134) Old regions: 230->237
[616.599s][info][gc,heap        ] GC(134) Humongous regions: 81->81
[616.599s][info][gc,metaspace   ] GC(134) Metaspace: 29872K(30080K)->29872K(30080K) NonClass: 29872K(30080K)->29872K(30080K) Class: 0K(0K)->0K(0K)
[616.599s][info][gc             ] GC(134) Pause Young (Normal) (G1 Evacuation Pause) 7093M->2827M(8192M) 142.363ms
[616.599s][info][gc,cpu         ] GC(134) User=1.13s Sys=0.00s Real=0.15s
. (rIR:aIR:PR = 11780:12047:11870) (tPR = 181912) [OK] 
   616s:       rampup IR =  13089 ..[619.625s][info][gc,start       ] GC(135) Pause Young (Normal) (G1 Evacuation Pause)
[619.625s][info][gc,task        ] GC(135) Using 8 workers of 8 for evacuation
[619.772s][info][gc,phases      ] GC(135)   Pre Evacuate Collection Set: 0.26ms
[619.772s][info][gc,phases      ] GC(135)   Merge Heap Roots: 0.51ms
[619.772s][info][gc,phases      ] GC(135)   Evacuate Collection Set: 145.08ms
[619.772s][info][gc,phases      ] GC(135)   Post Evacuate Collection Set: 1.00ms
[619.772s][info][gc,phases      ] GC(135)   Other: 0.06ms
[619.772s][info][gc,heap        ] GC(135) Eden regions: 572->0(561)
[619.772s][info][gc,heap        ] GC(135) Survivor regions: 41->43(77)
[619.772s][info][gc,heap        ] GC(135) Old regions: 237->244
[619.772s][info][gc,heap        ] GC(135) Humongous regions: 81->81
[619.772s][info][gc,metaspace   ] GC(135) Metaspace: 29872K(30080K)->29872K(30080K) NonClass: 29872K(30080K)->29872K(30080K) Class: 0K(0K)->0K(0K)
[619.772s][info][gc             ] GC(135) Pause Young (Normal) (G1 Evacuation Pause) 7403M->2899M(8192M) 147.035ms
[619.772s][info][gc,cpu         ] GC(135) User=1.16s Sys=0.00s Real=0.15s
...[622.647s][info][gc,start       ] GC(136) Pause Young (Normal) (G1 Evacuation Pause)
[622.647s][info][gc,task        ] GC(136) Using 8 workers of 8 for evacuation
[622.803s][info][gc,phases      ] GC(136)   Pre Evacuate Collection Set: 0.23ms
[622.803s][info][gc,phases      ] GC(136)   Merge Heap Roots: 0.52ms
[622.803s][info][gc,phases      ] GC(136)   Evacuate Collection Set: 154.80ms
[622.803s][info][gc,phases      ] GC(136)   Post Evacuate Collection Set: 0.99ms
[622.803s][info][gc,phases      ] GC(136)   Other: 0.06ms
[622.804s][info][gc,heap        ] GC(136) Eden regions: 561->0(550)
[622.804s][info][gc,heap        ] GC(136) Survivor regions: 43->45(76)
[622.804s][info][gc,heap        ] GC(136) Old regions: 244->251
[622.804s][info][gc,heap        ] GC(136) Humongous regions: 81->81
[622.804s][info][gc,metaspace   ] GC(136) Metaspace: 29872K(30080K)->29872K(30080K) NonClass: 29872K(30080K)->29872K(30080K) Class: 0K(0K)->0K(0K)
[622.804s][info][gc             ] GC(136) Pause Young (Normal) (G1 Evacuation Pause) 7387M->2968M(8192M) 156.731ms
[622.804s][info][gc,cpu         ] GC(136) User=1.24s Sys=0.00s Real=0.16s
...[625.718s][info][gc,start       ] GC(137) Pause Young (Normal) (G1 Evacuation Pause)
[625.719s][info][gc,task        ] GC(137) Using 8 workers of 8 for evacuation
[625.873s][info][gc,phases      ] GC(137)   Pre Evacuate Collection Set: 0.23ms
[625.873s][info][gc,phases      ] GC(137)   Merge Heap Roots: 0.50ms
[625.873s][info][gc,phases      ] GC(137)   Evacuate Collection Set: 152.62ms
[625.873s][info][gc,phases      ] GC(137)   Post Evacuate Collection Set: 0.98ms
[625.873s][info][gc,phases      ] GC(137)   Other: 0.06ms
[625.873s][info][gc,heap        ] GC(137) Eden regions: 550->0(544)
[625.873s][info][gc,heap        ] GC(137) Survivor regions: 45->44(75)
[625.873s][info][gc,heap        ] GC(137) Old regions: 251->259
[625.873s][info][gc,heap        ] GC(137) Humongous regions: 81->81
[625.873s][info][gc,metaspace   ] GC(137) Metaspace: 29872K(30080K)->29872K(30080K) NonClass: 29872K(30080K)->29872K(30080K) Class: 0K(0K)->0K(0K)
[625.873s][info][gc             ] GC(137) Pause Young (Normal) (G1 Evacuation Pause) 7368M->3023M(8192M) 154.528ms
[625.873s][info][gc,cpu         ] GC(137) User=1.23s Sys=0.00s Real=0.15s
...[628.621s][info][gc,start       ] GC(138) Pause Young (Normal) (G1 Evacuation Pause)
[628.621s][info][gc,task        ] GC(138) Using 8 workers of 8 for evacuation
[628.766s][info][gc,phases      ] GC(138)   Pre Evacuate Collection Set: 0.24ms
[628.766s][info][gc,phases      ] GC(138)   Merge Heap Roots: 0.49ms
[628.766s][info][gc,phases      ] GC(138)   Evacuate Collection Set: 143.13ms
[628.766s][info][gc,phases      ] GC(138)   Post Evacuate Collection Set: 0.96ms
[628.766s][info][gc,phases      ] GC(138)   Other: 0.06ms
[628.766s][info][gc,heap        ] GC(138) Eden regions: 544->0(540)
[628.766s][info][gc,heap        ] GC(138) Survivor regions: 44->42(74)
[628.766s][info][gc,heap        ] GC(138) Old regions: 259->267
[628.766s][info][gc,heap        ] GC(138) Humongous regions: 81->81
[628.766s][info][gc,metaspace   ] GC(138) Metaspace: 29872K(30080K)->29872K(30080K) NonClass: 29872K(30080K)->29872K(30080K) Class: 0K(0K)->0K(0K)
[628.766s][info][gc             ] GC(138) Pause Young (Normal) (G1 Evacuation Pause) 7375M->3066M(8192M) 145.015ms
[628.766s][info][gc,cpu         ] GC(138) User=1.15s Sys=0.00s Real=0.14s
...[631.528s][info][gc,start       ] GC(139) Pause Young (Normal) (G1 Evacuation Pause)
[631.528s][info][gc,task        ] GC(139) Using 8 workers of 8 for evacuation
[631.689s][info][gc,phases      ] GC(139)   Pre Evacuate Collection Set: 0.24ms
[631.689s][info][gc,phases      ] GC(139)   Merge Heap Roots: 0.50ms
[631.689s][info][gc,phases      ] GC(139)   Evacuate Collection Set: 158.52ms
[631.689s][info][gc,phases      ] GC(139)   Post Evacuate Collection Set: 0.97ms
[631.689s][info][gc,phases      ] GC(139)   Other: 0.06ms
[631.689s][info][gc,heap        ] GC(139) Eden regions: 540->0(523)
[631.689s][info][gc,heap        ] GC(139) Survivor regions: 42->47(73)
[631.689s][info][gc,heap        ] GC(139) Old regions: 267->274
[631.689s][info][gc,heap        ] GC(139) Humongous regions: 81->81
[631.689s][info][gc,metaspace   ] GC(139) Metaspace: 29872K(30080K)->29872K(30080K) NonClass: 29872K(30080K)->29872K(30080K) Class: 0K(0K)->0K(0K)
[631.689s][info][gc             ] GC(139) Pause Young (Normal) (G1 Evacuation Pause) 7386M->3165M(8192M) 160.423ms
[631.689s][info][gc,cpu         ] GC(139) User=1.28s Sys=0.00s Real=0.16s
...[634.395s][info][gc,start       ] GC(140) Pause Young (Normal) (G1 Evacuation Pause)
[634.396s][info][gc,task        ] GC(140) Using 8 workers of 8 for evacuation
[634.548s][info][gc,phases      ] GC(140)   Pre Evacuate Collection Set: 0.23ms
[634.548s][info][gc,phases      ] GC(140)   Merge Heap Roots: 0.55ms
[634.548s][info][gc,phases      ] GC(140)   Evacuate Collection Set: 150.65ms
[634.548s][info][gc,phases      ] GC(140)   Post Evacuate Collection Set: 0.97ms
[634.548s][info][gc,phases      ] GC(140)   Other: 0.06ms
[634.548s][info][gc,heap        ] GC(140) Eden regions: 523->0(521)
[634.548s][info][gc,heap        ] GC(140) Survivor regions: 47->44(72)
[634.548s][info][gc,heap        ] GC(140) Old regions: 274->282
[634.548s][info][gc,heap        ] GC(140) Humongous regions: 81->81
[634.548s][info][gc,metaspace   ] GC(140) Metaspace: 29872K(30080K)->29872K(30080K) NonClass: 29872K(30080K)->29872K(30080K) Class: 0K(0K)->0K(0K)
[634.548s][info][gc             ] GC(140) Pause Young (Normal) (G1 Evacuation Pause) 7349M->3203M(8192M) 152.591ms
[634.548s][info][gc,cpu         ] GC(140) User=1.21s Sys=0.00s Real=0.16s
...[637.183s][info][gc,start       ] GC(141) Pause Young (Normal) (G1 Evacuation Pause)
[637.183s][info][gc,task        ] GC(141) Using 8 workers of 8 for evacuation
[637.333s][info][gc,phases      ] GC(141)   Pre Evacuate Collection Set: 0.23ms
[637.333s][info][gc,phases      ] GC(141)   Merge Heap Roots: 0.48ms
[637.333s][info][gc,phases      ] GC(141)   Evacuate Collection Set: 148.95ms
[637.333s][info][gc,phases      ] GC(141)   Post Evacuate Collection Set: 0.95ms
[637.333s][info][gc,phases      ] GC(141)   Other: 0.06ms
[637.333s][info][gc,heap        ] GC(141) Eden regions: 521->0(514)
[637.333s][info][gc,heap        ] GC(141) Survivor regions: 44->44(71)
[637.333s][info][gc,heap        ] GC(141) Old regions: 282->289
[637.333s][info][gc,heap        ] GC(141) Humongous regions: 81->81
[637.333s][info][gc,metaspace   ] GC(141) Metaspace: 29872K(30080K)->29872K(30080K) NonClass: 29872K(30080K)->29872K(30080K) Class: 0K(0K)->0K(0K)
[637.333s][info][gc             ] GC(141) Pause Young (Normal) (G1 Evacuation Pause) 7371M->3265M(8192M) 150.827ms
[637.333s][info][gc,cpu         ] GC(141) User=1.19s Sys=0.00s Real=0.15s
. (rIR:aIR:PR = 13089:12841:12556) (tPR = 187572) [OK] 
   637s:    snapshot, IR =  13089 .[639.906s][info][gc,start       ] GC(142) Pause Young (Normal) (G1 Evacuation Pause)
[639.906s][info][gc,task        ] GC(142) Using 8 workers of 8 for evacuation
[640.063s][info][gc,phases      ] GC(142)   Pre Evacuate Collection Set: 0.23ms
[640.063s][info][gc,phases      ] GC(142)   Merge Heap Roots: 0.51ms
[640.063s][info][gc,phases      ] GC(142)   Evacuate Collection Set: 155.50ms
[640.063s][info][gc,phases      ] GC(142)   Post Evacuate Collection Set: 1.01ms
[640.063s][info][gc,phases      ] GC(142)   Other: 0.06ms
[640.063s][info][gc,heap        ] GC(142) Eden regions: 514->0(504)
[640.063s][info][gc,heap        ] GC(142) Survivor regions: 44->45(70)
[640.063s][info][gc,heap        ] GC(142) Old regions: 289->297
[640.063s][info][gc,heap        ] GC(142) Humongous regions: 81->81
[640.063s][info][gc,metaspace   ] GC(142) Metaspace: 29872K(30080K)->29872K(30080K) NonClass: 29872K(30080K)->29872K(30080K) Class: 0K(0K)->0K(0K)
[640.063s][info][gc             ] GC(142) Pause Young (Normal) (G1 Evacuation Pause) 7377M->3332M(8192M) 157.435ms
[640.063s][info][gc,cpu         ] GC(142) User=1.25s Sys=0.00s Real=0.16s
...[642.627s][info][gc,start       ] GC(143) Pause Young (Normal) (G1 Evacuation Pause)
[642.627s][info][gc,task        ] GC(143) Using 8 workers of 8 for evacuation
[642.782s][info][gc,phases      ] GC(143)   Pre Evacuate Collection Set: 0.22ms
[642.782s][info][gc,phases      ] GC(143)   Merge Heap Roots: 0.51ms
[642.782s][info][gc,phases      ] GC(143)   Evacuate Collection Set: 152.97ms
[642.782s][info][gc,phases      ] GC(143)   Post Evacuate Collection Set: 0.93ms
[642.782s][info][gc,phases      ] GC(143)   Other: 0.07ms
[642.782s][info][gc,heap        ] GC(143) Eden regions: 504->0(499)
[642.782s][info][gc,heap        ] GC(143) Survivor regions: 45->44(69)
[642.782s][info][gc,heap        ] GC(143) Old regions: 297->304
[642.782s][info][gc,heap        ] GC(143) Humongous regions: 81->81
[642.782s][info][gc,metaspace   ] GC(143) Metaspace: 29872K(30080K)->29872K(30080K) NonClass: 29872K(30080K)->29872K(30080K) Class: 0K(0K)->0K(0K)
[642.782s][info][gc             ] GC(143) Pause Young (Normal) (G1 Evacuation Pause) 7364M->3385M(8192M) 154.817ms
[642.782s][info][gc,cpu         ] GC(143) User=1.23s Sys=0.01s Real=0.15s
...[645.348s][info][gc,start       ] GC(144) Pause Young (Normal) (G1 Evacuation Pause)
[645.348s][info][gc,task        ] GC(144) Using 8 workers of 8 for evacuation
[645.502s][info][gc,phases      ] GC(144)   Pre Evacuate Collection Set: 0.25ms
[645.502s][info][gc,phases      ] GC(144)   Merge Heap Roots: 0.49ms
[645.502s][info][gc,phases      ] GC(144)   Evacuate Collection Set: 151.75ms
[645.502s][info][gc,phases      ] GC(144)   Post Evacuate Collection Set: 0.97ms
[645.502s][info][gc,phases      ] GC(144)   Other: 0.06ms
[645.502s][info][gc,heap        ] GC(144) Eden regions: 499->0(491)
[645.502s][info][gc,heap        ] GC(144) Survivor regions: 44->44(68)
[645.502s][info][gc,heap        ] GC(144) Old regions: 304->312
[645.502s][info][gc,heap        ] GC(144) Humongous regions: 81->81
[645.502s][info][gc,metaspace   ] GC(144) Metaspace: 29872K(30080K)->29872K(30080K) NonClass: 29872K(30080K)->29872K(30080K) Class: 0K(0K)->0K(0K)
[645.502s][info][gc             ] GC(144) Pause Young (Normal) (G1 Evacuation Pause) 7377M->3448M(8192M) 153.647ms
[645.502s][info][gc,cpu         ] GC(144) User=1.22s Sys=0.00s Real=0.15s
..[648.003s][info][gc,start       ] GC(145) Pause Young (Normal) (G1 Evacuation Pause)
[648.003s][info][gc,task        ] GC(145) Using 8 workers of 8 for evacuation
[648.147s][info][gc,phases      ] GC(145)   Pre Evacuate Collection Set: 0.22ms
[648.147s][info][gc,phases      ] GC(145)   Merge Heap Roots: 0.52ms
[648.147s][info][gc,phases      ] GC(145)   Evacuate Collection Set: 142.94ms
[648.147s][info][gc,phases      ] GC(145)   Post Evacuate Collection Set: 0.89ms
[648.147s][info][gc,phases      ] GC(145)   Other: 0.07ms
[648.147s][info][gc,heap        ] GC(145) Eden regions: 491->0(487)
[648.147s][info][gc,heap        ] GC(145) Survivor regions: 44->42(67)
[648.147s][info][gc,heap        ] GC(145) Old regions: 312->320
[648.147s][info][gc,heap        ] GC(145) Humongous regions: 81->81
[648.147s][info][gc,metaspace   ] GC(145) Metaspace: 29872K(30080K)->29872K(30080K) NonClass: 29872K(30080K)->29872K(30080K) Class: 0K(0K)->0K(0K)
[648.147s][info][gc             ] GC(145) Pause Young (Normal) (G1 Evacuation Pause) 7376M->3499M(8192M) 144.769ms
[648.147s][info][gc,cpu         ] GC(145) User=1.14s Sys=0.00s Real=0.15s
...[650.613s][info][gc,start       ] GC(146) Pause Young (Normal) (G1 Evacuation Pause)
[650.613s][info][gc,task        ] GC(146) Using 8 workers of 8 for evacuation
[650.767s][info][gc,phases      ] GC(146)   Pre Evacuate Collection Set: 0.23ms
[650.767s][info][gc,phases      ] GC(146)   Merge Heap Roots: 0.52ms
[650.767s][info][gc,phases      ] GC(146)   Evacuate Collection Set: 153.03ms
[650.767s][info][gc,phases      ] GC(146)   Post Evacuate Collection Set: 0.93ms
[650.767s][info][gc,phases      ] GC(146)   Other: 0.06ms
[650.767s][info][gc,heap        ] GC(146) Eden regions: 487->0(475)
[650.767s][info][gc,heap        ] GC(146) Survivor regions: 42->44(67)
[650.767s][info][gc,heap        ] GC(146) Old regions: 320->328
[650.767s][info][gc,heap        ] GC(146) Humongous regions: 81->81
[650.767s][info][gc,metaspace   ] GC(146) Metaspace: 29872K(30080K)->29872K(30080K) NonClass: 29872K(30080K)->29872K(30080K) Class: 0K(0K)->0K(0K)
[650.767s][info][gc             ] GC(146) Pause Young (Normal) (G1 Evacuation Pause) 7395M->3576M(8192M) 154.890ms
[650.767s][info][gc,cpu         ] GC(146) User=1.23s Sys=0.00s Real=0.16s
.|..[653.276s][info][gc,start       ] GC(147) Pause Young (Normal) (G1 Evacuation Pause)
[653.276s][info][gc,task        ] GC(147) Using 8 workers of 8 for evacuation
[653.425s][info][gc,phases      ] GC(147)   Pre Evacuate Collection Set: 0.24ms
[653.425s][info][gc,phases      ] GC(147)   Merge Heap Roots: 0.50ms
[653.425s][info][gc,phases      ] GC(147)   Evacuate Collection Set: 147.84ms
[653.425s][info][gc,phases      ] GC(147)   Post Evacuate Collection Set: 0.92ms
[653.425s][info][gc,phases      ] GC(147)   Other: 0.06ms
[653.425s][info][gc,heap        ] GC(147) Eden regions: 475->0(471)
[653.425s][info][gc,heap        ] GC(147) Survivor regions: 44->42(65)
[653.425s][info][gc,heap        ] GC(147) Old regions: 328->336
[653.425s][info][gc,heap        ] GC(147) Humongous regions: 81->81
[653.425s][info][gc,metaspace   ] GC(147) Metaspace: 29872K(30080K)->29872K(30080K) NonClass: 29872K(30080K)->29872K(30080K) Class: 0K(0K)->0K(0K)
[653.426s][info][gc             ] GC(147) Pause Young (Normal) (G1 Evacuation Pause) 7376M->3620M(8192M) 149.686ms
[653.426s][info][gc,cpu         ] GC(147) User=1.18s Sys=0.00s Real=0.15s
..[655.838s][info][gc,start       ] GC(148) Pause Young (Normal) (G1 Evacuation Pause)
[655.838s][info][gc,task        ] GC(148) Using 8 workers of 8 for evacuation
[655.988s][info][gc,phases      ] GC(148)   Pre Evacuate Collection Set: 0.23ms
[655.988s][info][gc,phases      ] GC(148)   Merge Heap Roots: 0.54ms
[655.988s][info][gc,phases      ] GC(148)   Evacuate Collection Set: 147.65ms
[655.988s][info][gc,phases      ] GC(148)   Post Evacuate Collection Set: 0.90ms
[655.988s][info][gc,phases      ] GC(148)   Other: 0.06ms
[655.988s][info][gc,heap        ] GC(148) Eden regions: 471->0(465)
[655.988s][info][gc,heap        ] GC(148) Survivor regions: 42->41(65)
[655.988s][info][gc,heap        ] GC(148) Old regions: 336->344
[655.988s][info][gc,heap        ] GC(148) Humongous regions: 81->81
[655.988s][info][gc,metaspace   ] GC(148) Metaspace: 29872K(30080K)->29872K(30080K) NonClass: 29872K(30080K)->29872K(30080K) Class: 0K(0K)->0K(0K)
[655.988s][info][gc             ] GC(148) Pause Young (Normal) (G1 Evacuation Pause) 7388M->3683M(8192M) 149.530ms
[655.988s][info][gc,cpu         ] GC(148) User=1.19s Sys=0.00s Real=0.15s
...[658.383s][info][gc,start       ] GC(149) Pause Young (Normal) (G1 Evacuation Pause)
[658.383s][info][gc,task        ] GC(149) Using 8 workers of 8 for evacuation
[658.532s][info][gc,phases      ] GC(149)   Pre Evacuate Collection Set: 0.23ms
[658.532s][info][gc,phases      ] GC(149)   Merge Heap Roots: 0.51ms
[658.532s][info][gc,phases      ] GC(149)   Evacuate Collection Set: 146.97ms
[658.532s][info][gc,phases      ] GC(149)   Post Evacuate Collection Set: 0.87ms
[658.532s][info][gc,phases      ] GC(149)   Other: 0.06ms
[658.532s][info][gc,heap        ] GC(149) Eden regions: 465->0(453)
[658.532s][info][gc,heap        ] GC(149) Survivor regions: 41->43(64)
[658.532s][info][gc,heap        ] GC(149) Old regions: 344->352
[658.532s][info][gc,heap        ] GC(149) Humongous regions: 81->81
[658.532s][info][gc,metaspace   ] GC(149) Metaspace: 29872K(30080K)->29872K(30080K) NonClass: 29872K(30080K)->29872K(30080K) Class: 0K(0K)->0K(0K)
[658.532s][info][gc             ] GC(149) Pause Young (Normal) (G1 Evacuation Pause) 7403M->3756M(8192M) 148.790ms
[658.532s][info][gc,cpu         ] GC(149) User=1.18s Sys=0.00s Real=0.15s
..[660.777s][info][gc,start       ] GC(150) Pause Young (Normal) (G1 Evacuation Pause)
[660.777s][info][gc,task        ] GC(150) Using 8 workers of 8 for evacuation
[660.920s][info][gc,phases      ] GC(150)   Pre Evacuate Collection Set: 0.24ms
[660.920s][info][gc,phases      ] GC(150)   Merge Heap Roots: 0.52ms
[660.920s][info][gc,phases      ] GC(150)   Evacuate Collection Set: 141.26ms
[660.920s][info][gc,phases      ] GC(150)   Post Evacuate Collection Set: 0.86ms
[660.920s][info][gc,phases      ] GC(150)   Other: 0.06ms
[660.920s][info][gc,heap        ] GC(150) Eden regions: 453->0(451)
[660.920s][info][gc,heap        ] GC(150) Survivor regions: 43->40(62)
[660.920s][info][gc,heap        ] GC(150) Old regions: 352->360
[660.920s][info][gc,heap        ] GC(150) Humongous regions: 81->81
[660.920s][info][gc,metaspace   ] GC(150) Metaspace: 29872K(30080K)->29872K(30080K) NonClass: 29872K(30080K)->29872K(30080K) Class: 0K(0K)->0K(0K)
[660.920s][info][gc             ] GC(150) Pause Young (Normal) (G1 Evacuation Pause) 7380M->3800M(8192M) 143.066ms
[660.921s][info][gc,cpu         ] GC(150) User=1.14s Sys=0.00s Real=0.14s
...[663.264s][info][gc,start       ] GC(151) Pause Young (Normal) (G1 Evacuation Pause)
[663.264s][info][gc,task        ] GC(151) Using 8 workers of 8 for evacuation
[663.403s][info][gc,phases      ] GC(151)   Pre Evacuate Collection Set: 0.23ms
[663.403s][info][gc,phases      ] GC(151)   Merge Heap Roots: 0.49ms
[663.403s][info][gc,phases      ] GC(151)   Evacuate Collection Set: 136.75ms
[663.403s][info][gc,phases      ] GC(151)   Post Evacuate Collection Set: 0.86ms
[663.403s][info][gc,phases      ] GC(151)   Other: 0.06ms
[663.403s][info][gc,heap        ] GC(151) Eden regions: 451->0(443)
[663.403s][info][gc,heap        ] GC(151) Survivor regions: 40->40(62)
[663.403s][info][gc,heap        ] GC(151) Old regions: 360->368
[663.403s][info][gc,heap        ] GC(151) Humongous regions: 81->81
[663.403s][info][gc,metaspace   ] GC(151) Metaspace: 29872K(30080K)->29872K(30080K) NonClass: 29872K(30080K)->29872K(30080K) Class: 0K(0K)->0K(0K)
[663.403s][info][gc             ] GC(151) Pause Young (Normal) (G1 Evacuation Pause) 7408M->3860M(8192M) 138.510ms
[663.403s][info][gc,cpu         ] GC(151) User=1.10s Sys=0.00s Real=0.14s
..[665.601s][info][gc,start       ] GC(152) Pause Young (Normal) (G1 Evacuation Pause)
[665.601s][info][gc,task        ] GC(152) Using 8 workers of 8 for evacuation
[665.742s][info][gc,phases      ] GC(152)   Pre Evacuate Collection Set: 0.24ms
[665.742s][info][gc,phases      ] GC(152)   Merge Heap Roots: 0.49ms
[665.742s][info][gc,phases      ] GC(152)   Evacuate Collection Set: 139.27ms
[665.742s][info][gc,phases      ] GC(152)   Post Evacuate Collection Set: 0.89ms
[665.742s][info][gc,phases      ] GC(152)   Other: 0.06ms
[665.742s][info][gc,heap        ] GC(152) Eden regions: 443->0(435)
[665.742s][info][gc,heap        ] GC(152) Survivor regions: 40->40(61)
[665.742s][info][gc,heap        ] GC(152) Old regions: 368->376
[665.742s][info][gc,heap        ] GC(152) Humongous regions: 81->81
[665.742s][info][gc,metaspace   ] GC(152) Metaspace: 29872K(30080K)->29872K(30080K) NonClass: 29872K(30080K)->29872K(30080K) Class: 0K(0K)->0K(0K)
[665.742s][info][gc             ] GC(152) Pause Young (Normal) (G1 Evacuation Pause) 7404M->3929M(8192M) 141.098ms
[665.742s][info][gc,cpu         ] GC(152) User=1.12s Sys=0.00s Real=0.14s
..[667.943s][info][gc,start       ] GC(153) Pause Young (Normal) (G1 Evacuation Pause)
[667.943s][info][gc,task        ] GC(153) Using 8 workers of 8 for evacuation
[668.084s][info][gc,phases      ] GC(153)   Pre Evacuate Collection Set: 0.22ms
[668.084s][info][gc,phases      ] GC(153)   Merge Heap Roots: 0.51ms
[668.084s][info][gc,phases      ] GC(153)   Evacuate Collection Set: 139.42ms
[668.084s][info][gc,phases      ] GC(153)   Post Evacuate Collection Set: 0.87ms
[668.084s][info][gc,phases      ] GC(153)   Other: 0.06ms
[668.084s][info][gc,heap        ] GC(153) Eden regions: 435->0(427)
[668.084s][info][gc,heap        ] GC(153) Survivor regions: 40->40(60)
[668.084s][info][gc,heap        ] GC(153) Old regions: 376->384
[668.084s][info][gc,heap        ] GC(153) Humongous regions: 81->81
[668.084s][info][gc,metaspace   ] GC(153) Metaspace: 29872K(30080K)->29872K(30080K) NonClass: 29872K(30080K)->29872K(30080K) Class: 0K(0K)->0K(0K)
[668.084s][info][gc             ] GC(153) Pause Young (Normal) (G1 Evacuation Pause) 7409M->3989M(8192M) 141.216ms
[668.084s][info][gc,cpu         ] GC(153) User=1.12s Sys=0.00s Real=0.14s
...[670.312s][info][gc,start       ] GC(154) Pause Young (Concurrent Start) (G1 Evacuation Pause)
[670.312s][info][gc,task        ] GC(154) Using 8 workers of 8 for evacuation
[670.460s][info][gc,phases      ] GC(154)   Pre Evacuate Collection Set: 0.28ms
[670.460s][info][gc,phases      ] GC(154)   Merge Heap Roots: 0.52ms
[670.460s][info][gc,phases      ] GC(154)   Evacuate Collection Set: 146.58ms
[670.460s][info][gc,phases      ] GC(154)   Post Evacuate Collection Set: 0.82ms
[670.460s][info][gc,phases      ] GC(154)   Other: 0.09ms
[670.460s][info][gc,heap        ] GC(154) Eden regions: 427->0(418)
[670.460s][info][gc,heap        ] GC(154) Survivor regions: 40->40(59)
[670.460s][info][gc,heap        ] GC(154) Old regions: 384->393
[670.460s][info][gc,heap        ] GC(154) Humongous regions: 81->81
[670.460s][info][gc,metaspace   ] GC(154) Metaspace: 29872K(30080K)->29872K(30080K) NonClass: 29872K(30080K)->29872K(30080K) Class: 0K(0K)->0K(0K)
[670.460s][info][gc             ] GC(154) Pause Young (Concurrent Start) (G1 Evacuation Pause) 7405M->4064M(8192M) 148.409ms
[670.460s][info][gc             ] GC(155) Concurrent Mark Cycle
[670.460s][info][gc,marking     ] GC(155) Concurrent Scan Root Regions
[670.460s][info][gc,cpu         ] GC(154) User=1.17s Sys=0.00s Real=0.15s
[670.730s][info][gc,marking     ] GC(155) Concurrent Scan Root Regions 269.244ms
[670.730s][info][gc,marking     ] GC(155) Concurrent Mark
[670.730s][info][gc,marking     ] GC(155) Concurrent Mark From Roots
[670.730s][info][gc,task        ] GC(155) Using 2 workers of 2 for marking
.[671.856s][info][gc,marking     ] GC(155) Concurrent Mark From Roots 1126.378ms
[671.856s][info][gc,marking     ] GC(155) Concurrent Preclean
[671.856s][info][gc,marking     ] GC(155) Concurrent Preclean 0.269ms
[671.856s][info][gc,start       ] GC(155) Pause Remark
[671.860s][info][gc             ] GC(155) Pause Remark 5648M->4264M(8192M) 3.602ms
[671.860s][info][gc,cpu         ] GC(155) User=0.02s Sys=0.00s Real=0.01s
[671.860s][info][gc,marking     ] GC(155) Concurrent Mark 1130.585ms
[671.860s][info][gc,marking     ] GC(155) Concurrent Rebuild Remembered Sets and Scrub Regions
.[672.868s][info][gc,marking     ] GC(155) Concurrent Rebuild Remembered Sets and Scrub Regions 1007.655ms
[672.868s][info][gc,start       ] GC(155) Pause Cleanup
[672.868s][info][gc             ] GC(155) Pause Cleanup 5632M->5632M(8192M) 0.320ms
[672.868s][info][gc,cpu         ] GC(155) User=0.00s Sys=0.00s Real=0.00s
[672.868s][info][gc,marking     ] GC(155) Concurrent Clear Claimed Marks
[672.869s][info][gc,marking     ] GC(155) Concurrent Clear Claimed Marks 0.047ms
[672.869s][info][gc,marking     ] GC(155) Concurrent Cleanup for Next Mark
[672.878s][info][gc,marking     ] GC(155) Concurrent Cleanup for Next Mark 9.812ms
[672.878s][info][gc             ] GC(155) Concurrent Mark Cycle 2418.144ms
[673.166s][info][gc,start       ] GC(156) Pause Young (Prepare Mixed) (G1 Evacuation Pause)
[673.166s][info][gc,task        ] GC(156) Using 8 workers of 8 for evacuation
[673.305s][info][gc,phases      ] GC(156)   Pre Evacuate Collection Set: 0.24ms
[673.305s][info][gc,phases      ] GC(156)   Merge Heap Roots: 0.72ms
[673.305s][info][gc,phases      ] GC(156)   Evacuate Collection Set: 137.52ms
[673.305s][info][gc,phases      ] GC(156)   Post Evacuate Collection Set: 0.96ms
[673.305s][info][gc,phases      ] GC(156)   Other: 0.07ms
[673.305s][info][gc,heap        ] GC(156) Eden regions: 418->0(575)
[673.305s][info][gc,heap        ] GC(156) Survivor regions: 40->39(58)
[673.305s][info][gc,heap        ] GC(156) Old regions: 268->276
[673.305s][info][gc,heap        ] GC(156) Humongous regions: 33->33
[673.305s][info][gc,metaspace   ] GC(156) Metaspace: 29872K(30080K)->29872K(30080K) NonClass: 29872K(30080K)->29872K(30080K) Class: 0K(0K)->0K(0K)
[673.305s][info][gc             ] GC(156) Pause Young (Prepare Mixed) (G1 Evacuation Pause) 6024M->2741M(8192M) 139.630ms
[673.306s][info][gc,cpu         ] GC(156) User=1.11s Sys=0.00s Real=0.14s
....[676.338s][info][gc,start       ] GC(157) Pause Young (Mixed) (G1 Evacuation Pause)
[676.338s][info][gc,task        ] GC(157) Using 8 workers of 8 for evacuation
[676.492s][info][gc,phases      ] GC(157)   Pre Evacuate Collection Set: 0.26ms
[676.492s][info][gc,phases      ] GC(157)   Merge Heap Roots: 0.73ms
[676.492s][info][gc,phases      ] GC(157)   Evacuate Collection Set: 149.22ms
[676.492s][info][gc,phases      ] GC(157)   Merge Optional Heap Roots: 0.08ms
[676.492s][info][gc,phases      ] GC(157)   Evacuate Optional Collection Set: 1.53ms
[676.492s][info][gc,phases      ] GC(157)   Post Evacuate Collection Set: 1.36ms
[676.492s][info][gc,phases      ] GC(157)   Other: 0.09ms
[676.492s][info][gc,heap        ] GC(157) Eden regions: 575->0(540)
[676.492s][info][gc,heap        ] GC(157) Survivor regions: 39->49(77)
[676.492s][info][gc,heap        ] GC(157) Old regions: 276->175
[676.492s][info][gc,heap        ] GC(157) Humongous regions: 33->33
[676.492s][info][gc,metaspace   ] GC(157) Metaspace: 29872K(30080K)->29872K(30080K) NonClass: 29872K(30080K)->29872K(30080K) Class: 0K(0K)->0K(0K)
[676.492s][info][gc             ] GC(157) Pause Young (Mixed) (G1 Evacuation Pause) 7341M->2037M(8192M) 153.410ms
[676.492s][info][gc,cpu         ] GC(157) User=1.22s Sys=0.00s Real=0.15s
..[679.195s][info][gc,start       ] GC(158) Pause Young (Mixed) (G1 Evacuation Pause)
[679.195s][info][gc,task        ] GC(158) Using 8 workers of 8 for evacuation
[679.367s][info][gc,phases      ] GC(158)   Pre Evacuate Collection Set: 0.22ms
[679.367s][info][gc,phases      ] GC(158)   Merge Heap Roots: 0.78ms
[679.367s][info][gc,phases      ] GC(158)   Evacuate Collection Set: 169.04ms
[679.367s][info][gc,phases      ] GC(158)   Post Evacuate Collection Set: 1.17ms
[679.367s][info][gc,phases      ] GC(158)   Other: 0.08ms
[679.367s][info][gc,heap        ] GC(158) Eden regions: 535->0(567)
[679.367s][info][gc,heap        ] GC(158) Survivor regions: 49->46(73)
[679.367s][info][gc,heap        ] GC(158) Old regions: 175->167
[679.367s][info][gc,heap        ] GC(158) Humongous regions: 33->33
[679.367s][info][gc,metaspace   ] GC(158) Metaspace: 29872K(30080K)->29872K(30080K) NonClass: 29872K(30080K)->29872K(30080K) Class: 0K(0K)->0K(0K)
[679.367s][info][gc             ] GC(158) Pause Young (Mixed) (G1 Evacuation Pause) 6317M->1949M(8192M) 171.441ms
[679.367s][info][gc,cpu         ] GC(158) User=1.36s Sys=0.00s Real=0.17s
... (rIR:aIR:PR = 13089:13211:12297) (tPR = 180217) [PR is under limit] 
   681s: Re-initializing (term) [681.501s][info][gc,start       ] GC(159) Pause Full (System.gc())
[681.501s][info][gc,task        ] GC(159) Using 8 workers of 8 for full compaction
[681.501s][info][gc,phases,start] GC(159) Phase 1: Mark live objects
[681.514s][info][gc,phases      ] GC(159) Phase 1: Mark live objects 13.201ms
[681.514s][info][gc,phases,start] GC(159) Phase 2: Prepare compaction
[681.520s][info][gc,phases      ] GC(159) Phase 2: Prepare compaction 5.565ms
[681.520s][info][gc,phases,start] GC(159) Phase 3: Adjust pointers
[681.531s][info][gc,phases      ] GC(159) Phase 3: Adjust pointers 10.769ms
[681.531s][info][gc,phases,start] GC(159) Phase 4: Compact heap
[681.536s][info][gc,phases      ] GC(159) Phase 4: Compact heap 5.448ms
[681.536s][info][gc,phases,start] GC(159) Phase 5: Reset Metadata
[681.540s][info][gc,phases      ] GC(159) Phase 5: Reset Metadata 3.944ms
[681.549s][info][gc,heap        ] GC(159) Eden regions: 421->0(614)
[681.549s][info][gc,heap        ] GC(159) Survivor regions: 46->0(73)
[681.549s][info][gc,heap        ] GC(159) Old regions: 167->14
[681.549s][info][gc,heap        ] GC(159) Humongous regions: 33->33
[681.549s][info][gc,metaspace   ] GC(159) Metaspace: 29872K(30080K)->29872K(30080K) NonClass: 29872K(30080K)->29872K(30080K) Class: 0K(0K)->0K(0K)
[681.549s][info][gc             ] GC(159) Pause Full (System.gc()) 5313M->332M(8192M) 47.955ms
[681.549s][info][gc,cpu         ] GC(159) User=0.32s Sys=0.00s Real=0.05s
(init) ... OK
   686s: high-bound for max-jOPS is measured to be 13837
   686s: 
   686s: Restarting (term) [686.988s][info][gc,start       ] GC(160) Pause Full (System.gc())
[686.988s][info][gc,task        ] GC(160) Using 8 workers of 8 for full compaction
[686.988s][info][gc,phases,start] GC(160) Phase 1: Mark live objects
[687.001s][info][gc,phases      ] GC(160) Phase 1: Mark live objects 12.781ms
[687.001s][info][gc,phases,start] GC(160) Phase 2: Prepare compaction
[687.005s][info][gc,phases      ] GC(160) Phase 2: Prepare compaction 4.344ms
[687.005s][info][gc,phases,start] GC(160) Phase 3: Adjust pointers
[687.015s][info][gc,phases      ] GC(160) Phase 3: Adjust pointers 9.485ms
[687.015s][info][gc,phases,start] GC(160) Phase 4: Compact heap
[687.019s][info][gc,phases      ] GC(160) Phase 4: Compact heap 4.240ms
[687.019s][info][gc,phases,start] GC(160) Phase 5: Reset Metadata
[687.023s][info][gc,phases      ] GC(160) Phase 5: Reset Metadata 3.950ms
[687.032s][info][gc,heap        ] GC(160) Eden regions: 463->0(614)
[687.032s][info][gc,heap        ] GC(160) Survivor regions: 0->0(73)
[687.032s][info][gc,heap        ] GC(160) Old regions: 14->14
[687.032s][info][gc,heap        ] GC(160) Humongous regions: 86->33
[687.032s][info][gc,metaspace   ] GC(160) Metaspace: 29884K(30080K)->29884K(30080K) NonClass: 29884K(30080K)->29884K(30080K) Class: 0K(0K)->0K(0K)
[687.032s][info][gc             ] GC(160) Pause Full (System.gc()) 4455M->332M(8192M) 44.041ms
[687.032s][info][gc,cpu         ] GC(160) User=0.28s Sys=0.00s Real=0.04s
(init) ... OK
   692s: 
   692s: Warmup for building throughput-responsetime curve
   692s: (10%)   IR =   1384 ......[698.497s][info][gc,start       ] GC(161) Pause Young (Normal) (G1 Evacuation Pause)
[698.497s][info][gc,task        ] GC(161) Using 8 workers of 8 for evacuation
[699.220s][info][gc,mmu         ] GC(161) MMU target violated: 201.0ms (200.0ms/201.0ms)
[699.220s][info][gc,phases      ] GC(161)   Pre Evacuate Collection Set: 0.27ms
[699.220s][info][gc,phases      ] GC(161)   Merge Heap Roots: 0.97ms
[699.220s][info][gc,phases      ] GC(161)   Evacuate Collection Set: 720.13ms
[699.220s][info][gc,phases      ] GC(161)   Post Evacuate Collection Set: 1.34ms
[699.220s][info][gc,phases      ] GC(161)   Other: 0.10ms
[699.220s][info][gc,heap        ] GC(161) Eden regions: 614->0(228)
[699.220s][info][gc,heap        ] GC(161) Survivor regions: 0->77(77)
[699.220s][info][gc,heap        ] GC(161) Old regions: 14->89
[699.220s][info][gc,heap        ] GC(161) Humongous regions: 86->81
[699.220s][info][gc,metaspace   ] GC(161) Metaspace: 29911K(30080K)->29911K(30080K) NonClass: 29911K(30080K)->29911K(30080K) Class: 0K(0K)->0K(0K)
[699.220s][info][gc             ] GC(161) Pause Young (Normal) (G1 Evacuation Pause) 5668M->1928M(8192M) 722.934ms
[699.220s][info][gc,cpu         ] GC(161) User=5.73s Sys=0.00s Real=0.72s
...........[709.742s][info][gc,start       ] GC(162) Pause Young (Normal) (G1 Evacuation Pause)
[709.742s][info][gc,task        ] GC(162) Using 8 workers of 8 for evacuation
[710.073s][info][gc,mmu         ] GC(162) MMU target violated: 201.0ms (200.0ms/201.0ms)
[710.073s][info][gc,phases      ] GC(162)   Pre Evacuate Collection Set: 0.23ms
[710.073s][info][gc,phases      ] GC(162)   Merge Heap Roots: 0.61ms
[710.073s][info][gc,phases      ] GC(162)   Evacuate Collection Set: 329.22ms
[710.073s][info][gc,phases      ] GC(162)   Post Evacuate Collection Set: 0.78ms
[710.073s][info][gc,phases      ] GC(162)   Other: 0.09ms
[710.073s][info][gc,heap        ] GC(162) Eden regions: 240->0(196)
[710.073s][info][gc,heap        ] GC(162) Survivor regions: 77->16(40)
[710.073s][info][gc,heap        ] GC(162) Old regions: 89->168
[710.073s][info][gc,heap        ] GC(162) Humongous regions: 81->81
[710.073s][info][gc,metaspace   ] GC(162) Metaspace: 29912K(30080K)->29912K(30080K) NonClass: 29912K(30080K)->29912K(30080K) Class: 0K(0K)->0K(0K)
[710.073s][info][gc             ] GC(162) Pause Young (Normal) (G1 Evacuation Pause) 3848M->2076M(8192M) 331.030ms
[710.073s][info][gc,cpu         ] GC(162) User=2.63s Sys=0.00s Real=0.33s
..........[720.032s][info][gc,start       ] GC(163) Pause Young (Normal) (G1 Evacuation Pause)
[720.032s][info][gc,task        ] GC(163) Using 8 workers of 8 for evacuation
[720.110s][info][gc,phases      ] GC(163)   Pre Evacuate Collection Set: 0.25ms
[720.110s][info][gc,phases      ] GC(163)   Merge Heap Roots: 0.47ms
[720.110s][info][gc,phases      ] GC(163)   Evacuate Collection Set: 76.64ms
[720.110s][info][gc,phases      ] GC(163)   Post Evacuate Collection Set: 0.69ms
[720.110s][info][gc,phases      ] GC(163)   Other: 0.06ms
[720.110s][info][gc,heap        ] GC(163) Eden regions: 215->0(193)
[720.110s][info][gc,heap        ] GC(163) Survivor regions: 16->26(29)
[720.110s][info][gc,heap        ] GC(163) Old regions: 168->168
[720.110s][info][gc,heap        ] GC(163) Humongous regions: 81->81
[720.110s][info][gc,metaspace   ] GC(163) Metaspace: 29912K(30080K)->29912K(30080K) NonClass: 29912K(30080K)->29912K(30080K) Class: 0K(0K)->0K(0K)
[720.110s][info][gc             ] GC(163) Pause Young (Normal) (G1 Evacuation Pause) 3796M->2152M(8192M) 78.230ms
[720.110s][info][gc,cpu         ] GC(163) User=0.62s Sys=0.00s Real=0.08s
..........[730.108s][info][gc,start       ] GC(164) Pause Young (Normal) (G1 Evacuation Pause)
[730.108s][info][gc,task        ] GC(164) Using 8 workers of 8 for evacuation
[730.205s][info][gc,phases      ] GC(164)   Pre Evacuate Collection Set: 0.24ms
[730.205s][info][gc,phases      ] GC(164)   Merge Heap Roots: 0.50ms
[730.205s][info][gc,phases      ] GC(164)   Evacuate Collection Set: 95.15ms
[730.205s][info][gc,phases      ] GC(164)   Post Evacuate Collection Set: 0.63ms
[730.205s][info][gc,phases      ] GC(164)   Other: 0.06ms
[730.205s][info][gc,heap        ] GC(164) Eden regions: 206->0(233)
[730.205s][info][gc,heap        ] GC(164) Survivor regions: 26->25(29)
[730.205s][info][gc,heap        ] GC(164) Old regions: 168->178
[730.205s][info][gc,heap        ] GC(164) Humongous regions: 81->81
[730.205s][info][gc,metaspace   ] GC(164) Metaspace: 29913K(30080K)->29913K(30080K) NonClass: 29913K(30080K)->29913K(30080K) Class: 0K(0K)->0K(0K)
[730.205s][info][gc             ] GC(164) Pause Young (Normal) (G1 Evacuation Pause) 3800M->2223M(8192M) 96.710ms
[730.205s][info][gc,cpu         ] GC(164) User=0.77s Sys=0.00s Real=0.09s
.............[743.377s][info][gc,start       ] GC(165) Pause Young (Normal) (G1 Evacuation Pause)
[743.377s][info][gc,task        ] GC(165) Using 8 workers of 8 for evacuation
[743.476s][info][gc,phases      ] GC(165)   Pre Evacuate Collection Set: 0.23ms
[743.476s][info][gc,phases      ] GC(165)   Merge Heap Roots: 0.44ms
[743.476s][info][gc,phases      ] GC(165)   Evacuate Collection Set: 96.95ms
[743.476s][info][gc,phases      ] GC(165)   Post Evacuate Collection Set: 0.67ms
[743.476s][info][gc,phases      ] GC(165)   Other: 0.06ms
[743.476s][info][gc,heap        ] GC(165) Eden regions: 269->0(298)
[743.476s][info][gc,heap        ] GC(165) Survivor regions: 25->27(37)
[743.476s][info][gc,heap        ] GC(165) Old regions: 178->186
[743.476s][info][gc,heap        ] GC(165) Humongous regions: 81->81
[743.476s][info][gc,metaspace   ] GC(165) Metaspace: 29917K(30080K)->29917K(30080K) NonClass: 29917K(30080K)->29917K(30080K) Class: 0K(0K)->0K(0K)
[743.476s][info][gc             ] GC(165) Pause Young (Normal) (G1 Evacuation Pause) 4375M->2304M(8192M) 98.472ms
[743.476s][info][gc,cpu         ] GC(165) User=0.78s Sys=0.00s Real=0.09s
................[758.766s][info][gc,start       ] GC(166) Pause Young (Normal) (G1 Evacuation Pause)
[758.766s][info][gc,task        ] GC(166) Using 8 workers of 8 for evacuation
[758.874s][info][gc,phases      ] GC(166)   Pre Evacuate Collection Set: 0.27ms
[758.874s][info][gc,phases      ] GC(166)   Merge Heap Roots: 0.43ms
[758.874s][info][gc,phases      ] GC(166)   Evacuate Collection Set: 106.10ms
[758.874s][info][gc,phases      ] GC(166)   Post Evacuate Collection Set: 0.77ms
[758.874s][info][gc,phases      ] GC(166)   Other: 0.06ms
[758.874s][info][gc,heap        ] GC(166) Eden regions: 318->0(364)
[758.874s][info][gc,heap        ] GC(166) Survivor regions: 27->31(44)
[758.874s][info][gc,heap        ] GC(166) Old regions: 186->193
[758.874s][info][gc,heap        ] GC(166) Humongous regions: 81->81
[758.874s][info][gc,metaspace   ] GC(166) Metaspace: 29917K(30080K)->29917K(30080K) NonClass: 29917K(30080K)->29917K(30080K) Class: 0K(0K)->0K(0K)
[758.874s][info][gc             ] GC(166) Pause Young (Normal) (G1 Evacuation Pause) 4848M->2389M(8192M) 107.748ms
[758.874s][info][gc,cpu         ] GC(166) User=0.85s Sys=0.00s Real=0.11s
..................[777.405s][info][gc,start       ] GC(167) Pause Young (Normal) (G1 Evacuation Pause)
[777.405s][info][gc,task        ] GC(167) Using 8 workers of 8 for evacuation
[777.523s][info][gc,phases      ] GC(167)   Pre Evacuate Collection Set: 0.29ms
[777.523s][info][gc,phases      ] GC(167)   Merge Heap Roots: 0.50ms
[777.523s][info][gc,phases      ] GC(167)   Evacuate Collection Set: 115.51ms
[777.523s][info][gc,phases      ] GC(167)   Post Evacuate Collection Set: 0.80ms
[777.523s][info][gc,phases      ] GC(167)   Other: 0.07ms
[777.523s][info][gc,heap        ] GC(167) Eden regions: 377->0(414)
[777.523s][info][gc,heap        ] GC(167) Survivor regions: 31->33(51)
[777.523s][info][gc,heap        ] GC(167) Old regions: 193->200
[777.523s][info][gc,heap        ] GC(167) Humongous regions: 81->81
[777.523s][info][gc,metaspace   ] GC(167) Metaspace: 29917K(30080K)->29917K(30080K) NonClass: 29917K(30080K)->29917K(30080K) Class: 0K(0K)->0K(0K)
[777.523s][info][gc             ] GC(167) Pause Young (Normal) (G1 Evacuation Pause) 5405M->2464M(8192M) 117.291ms
[777.523s][info][gc,cpu         ] GC(167) User=0.92s Sys=0.00s Real=0.12s
.....................[798.163s][info][gc,start       ] GC(168) Pause Young (Normal) (G1 Evacuation Pause)
[798.163s][info][gc,task        ] GC(168) Using 8 workers of 8 for evacuation
[798.287s][info][gc,phases      ] GC(168)   Pre Evacuate Collection Set: 0.28ms
[798.287s][info][gc,phases      ] GC(168)   Merge Heap Roots: 0.58ms
[798.287s][info][gc,phases      ] GC(168)   Evacuate Collection Set: 122.73ms
[798.287s][info][gc,phases      ] GC(168)   Post Evacuate Collection Set: 0.85ms
[798.287s][info][gc,phases      ] GC(168)   Other: 0.06ms
[798.287s][info][gc,heap        ] GC(168) Eden regions: 421->0(457)
[798.287s][info][gc,heap        ] GC(168) Survivor regions: 33->36(57)
[798.287s][info][gc,heap        ] GC(168) Old regions: 200->207
[798.287s][info][gc,heap        ] GC(168) Humongous regions: 81->81
[798.287s][info][gc,metaspace   ] GC(168) Metaspace: 29919K(30080K)->29919K(30080K) NonClass: 29919K(30080K)->29919K(30080K) Class: 0K(0K)->0K(0K)
[798.287s][info][gc             ] GC(168) Pause Young (Normal) (G1 Evacuation Pause) 5832M->2539M(8192M) 124.644ms
[798.287s][info][gc,cpu         ] GC(168) User=0.99s Sys=0.01s Real=0.13s
.......................[820.816s][info][gc,start       ] GC(169) Pause Young (Normal) (G1 Evacuation Pause)
[820.816s][info][gc,task        ] GC(169) Using 8 workers of 8 for evacuation
[820.946s][info][gc,phases      ] GC(169)   Pre Evacuate Collection Set: 0.26ms
[820.946s][info][gc,phases      ] GC(169)   Merge Heap Roots: 0.53ms
[820.946s][info][gc,phases      ] GC(169)   Evacuate Collection Set: 128.18ms
[820.946s][info][gc,phases      ] GC(169)   Post Evacuate Collection Set: 0.85ms
[820.946s][info][gc,phases      ] GC(169)   Other: 0.06ms
[820.946s][info][gc,heap        ] GC(169) Eden regions: 461->0(510)
[820.946s][info][gc,heap        ] GC(169) Survivor regions: 36->38(63)
[820.946s][info][gc,heap        ] GC(169) Old regions: 207->214
[820.946s][info][gc,heap        ] GC(169) Humongous regions: 81->81
[820.946s][info][gc,metaspace   ] GC(169) Metaspace: 29921K(30080K)->29921K(30080K) NonClass: 29921K(30080K)->29921K(30080K) Class: 0K(0K)->0K(0K)
[820.946s][info][gc             ] GC(169) Pause Young (Normal) (G1 Evacuation Pause) 6227M->2613M(8192M) 130.011ms
[820.946s][info][gc,cpu         ] GC(169) User=1.03s Sys=0.00s Real=0.13s
.........................[845.861s][info][gc,start       ] GC(170) Pause Young (Normal) (G1 Evacuation Pause)
[845.861s][info][gc,task        ] GC(170) Using 8 workers of 8 for evacuation
[845.997s][info][gc,phases      ] GC(170)   Pre Evacuate Collection Set: 0.28ms
[845.997s][info][gc,phases      ] GC(170)   Merge Heap Roots: 0.54ms
[845.997s][info][gc,phases      ] GC(170)   Evacuate Collection Set: 133.75ms
[845.997s][info][gc,phases      ] GC(170)   Post Evacuate Collection Set: 0.95ms
[845.997s][info][gc,phases      ] GC(170)   Other: 0.08ms
[845.997s][info][gc,heap        ] GC(170) Eden regions: 510->0(558)
[845.997s][info][gc,heap        ] GC(170) Survivor regions: 38->40(69)
[845.997s][info][gc,heap        ] GC(170) Old regions: 214->221
[845.997s][info][gc,heap        ] GC(170) Humongous regions: 81->81
[845.997s][info][gc,metaspace   ] GC(170) Metaspace: 29921K(30080K)->29921K(30080K) NonClass: 29921K(30080K)->29921K(30080K) Class: 0K(0K)->0K(0K)
[845.997s][info][gc             ] GC(170) Pause Young (Normal) (G1 Evacuation Pause) 6693M->2684M(8192M) 135.729ms
[845.997s][info][gc,cpu         ] GC(170) User=1.07s Sys=0.00s Real=0.13s
........................... (rIR:aIR:PR = 1384:1383:1383) (tPR = 20659) [OK] 
   872s: 
   872s: Building throughput-responsetime curve
   872s: ( 0%)   IR =      0 ...|............................................................ (rIR:aIR:PR = 0:0:0) (tPR = 0) [OK] 
   935s: Performance info:
         Transaction,    Success,    Partial,     Failed,   Receipts, AvgBarcode, 
         Response times:
             Request,    Success,    Partial,     Failed,   SkipFail,     Probes,    Samples,      min,      p50,      p90,      p95,      p99,      max, 

   935s: ( 1%)   IR =    138 ....|..[941.798s][info][gc,start       ] GC(171) Pause Young (Normal) (G1 Evacuation Pause)
[941.798s][info][gc,task        ] GC(171) Using 8 workers of 8 for evacuation
[941.939s][info][gc,phases      ] GC(171)   Pre Evacuate Collection Set: 0.26ms
[941.939s][info][gc,phases      ] GC(171)   Merge Heap Roots: 0.54ms
[941.939s][info][gc,phases      ] GC(171)   Evacuate Collection Set: 138.82ms
[941.939s][info][gc,phases      ] GC(171)   Post Evacuate Collection Set: 1.00ms
[941.939s][info][gc,phases      ] GC(171)   Other: 0.07ms
[941.939s][info][gc,heap        ] GC(171) Eden regions: 555->0(532)
[941.939s][info][gc,heap        ] GC(171) Survivor regions: 40->47(75)
[941.939s][info][gc,heap        ] GC(171) Old regions: 221->221
[941.939s][info][gc,heap        ] GC(171) Humongous regions: 81->81
[941.939s][info][gc,metaspace   ] GC(171) Metaspace: 29922K(30080K)->29922K(30080K) NonClass: 29922K(30080K)->29922K(30080K) Class: 0K(0K)->0K(0K)
[941.939s][info][gc             ] GC(171) Pause Young (Normal) (G1 Evacuation Pause) 7124M->2744M(8192M) 140.832ms
[941.939s][info][gc,cpu         ] GC(171) User=1.11s Sys=0.00s Real=0.14s
.......................................................... (rIR:aIR:PR = 138:138:138) (tPR = 2028) [OK] 
   999s: Performance info:
         Transaction,    Success,    Partial,     Failed,   Receipts, AvgBarcode, 
             Overall,       8278,          0,          0,       7862,      59.49, 
         Response times:
             Request,    Success,    Partial,     Failed,   SkipFail,     Probes,    Samples,      min,      p50,      p90,      p95,      p99,      max, 
       TotalPurchase,       7862,          0,          0,          0,       7279,       8318,      300,      400,      500,      600,      700,     1000,
     InStorePurchase,       4143,          0,          0,          0,       3910,       4417,      300,      400,      500,      500,      700,     1000,
      OnlinePurchase,       2892,          0,          0,          0,       2682,       3039,      300,      400,      500,      600,      700,      900,
        InstPurchase,        827,          0,          0,          0,        687,        862,      400,      500,      500,      600,      700,      900,
          AssocOfCat,          9,          0,          0,          0,          7,          8,    17100,    19150,    23000,    23000,    23000,    23000,
      AssocOfProduct,         83,          0,          0,          0,         80,         88,      400,      600,      700,      700,      800,      800,
      BusinessReport,         22,          0,          0,          0,         20,         21,    18300,    22000,   137000,   165000,   165000,   165000,
          CustBuyBeh,         84,          0,          0,          0,         81,         87,      100,      200,      300,      300,      300,      300,
       ProductReturn,        218,          0,          0,          0,        166,        225,      200,      200,      300,      300,      300,      400,

   999s: ( 2%)   IR =    277 ....|............................................................ (rIR:aIR:PR = 277:277:277) (tPR = 4143) [OK] 
  1063s: Performance info:
         Transaction,    Success,    Partial,     Failed,   Receipts, AvgBarcode, 
             Overall,      16630,          0,          0,      15796,      59.49, 
         Response times:
             Request,    Success,    Partial,     Failed,   SkipFail,     Probes,    Samples,      min,      p50,      p90,      p95,      p99,      max, 
       TotalPurchase,      15796,          0,          0,          0,      14846,      16496,      300,      500,      700,      700,      900,     1500,
     InStorePurchase,       8304,          0,          0,          0,       7872,       8673,      300,      400,      600,      700,      900,     1500,
      OnlinePurchase,       5830,          0,          0,          0,       5523,       6167,      300,      500,      700,      800,      900,     1500,
        InstPurchase,       1662,          0,          0,          0,       1451,       1656,      400,      500,      700,      800,     1000,     1200,
          AssocOfCat,         18,          0,          0,          0,         15,         16,    21000,    23500,    28900,    31000,    31000,    31000,
      AssocOfProduct,        164,          0,          0,          0,        117,        179,      400,      700,      900,     1000,     1120,     1200,
      BusinessReport,         41,          0,          0,          0,         37,         44,    21000,    24000,    28000,    29000,    30000,    30000,
          CustBuyBeh,        170,          0,          0,          0,        119,        166,      200,      300,      500,      600,      700,      700,
       ProductReturn,        441,          0,          0,          0,        351,        452,      200,      300,      500,      700,      847,     1000,

  1063s: ( 3%)   IR =    415 ....|...................[1087.525s][info][gc,start       ] GC(172) Pause Young (Normal) (G1 Evacuation Pause)
[1087.525s][info][gc,task        ] GC(172) Using 8 workers of 8 for evacuation
[1087.675s][info][gc,phases      ] GC(172)   Pre Evacuate Collection Set: 0.25ms
[1087.675s][info][gc,phases      ] GC(172)   Merge Heap Roots: 0.64ms
[1087.675s][info][gc,phases      ] GC(172)   Evacuate Collection Set: 148.06ms
[1087.675s][info][gc,phases      ] GC(172)   Post Evacuate Collection Set: 0.99ms
[1087.675s][info][gc,phases      ] GC(172)   Other: 0.07ms
[1087.675s][info][gc,heap        ] GC(172) Eden regions: 526->0(573)
[1087.675s][info][gc,heap        ] GC(172) Survivor regions: 47->41(72)
[1087.675s][info][gc,heap        ] GC(172) Old regions: 221->231
[1087.675s][info][gc,heap        ] GC(172) Humongous regions: 81->81
[1087.675s][info][gc,metaspace   ] GC(172) Metaspace: 29930K(30080K)->29930K(30080K) NonClass: 29930K(30080K)->29930K(30080K) Class: 0K(0K)->0K(0K)
[1087.675s][info][gc             ] GC(172) Pause Young (Normal) (G1 Evacuation Pause) 6952M->2775M(8192M) 150.146ms
[1087.675s][info][gc,cpu         ] GC(172) User=1.18s Sys=0.00s Real=0.15s
......................................... (rIR:aIR:PR = 415:415:415) (tPR = 6248) [OK] 
  1127s: Performance info:
         Transaction,    Success,    Partial,     Failed,   Receipts, AvgBarcode, 
             Overall,      24925,          0,          0,      23678,      59.47, 
         Response times:
             Request,    Success,    Partial,     Failed,   SkipFail,     Probes,    Samples,      min,      p50,      p90,      p95,      p99,      max, 
       TotalPurchase,      23678,          0,          0,          0,      22391,      24740,      300,      600,      800,      900,     1100,   153000,
     InStorePurchase,      12443,          0,          0,          0,      11888,      13062,      300,      500,      800,      800,     1000,   152000,
      OnlinePurchase,       8751,          0,          0,          0,       8214,       9036,      300,      600,      800,      900,     1100,   153000,
        InstPurchase,       2484,          0,          0,          0,       2289,       2642,      400,      600,      900,      985,     1100,   152000,
          AssocOfCat,         26,          0,          0,          0,         25,         26,    17600,    23000,    27600,    32900,    35000,    35000,
      AssocOfProduct,        248,          0,          0,          0,        183,        267,      500,      800,     1100,     1200,     1564,     3400,
      BusinessReport,         63,          0,          0,          0,         59,         66,    18100,    24000,    29000,    34300,    39000,    39000,
          CustBuyBeh,        247,          0,          0,          0,        193,        251,      200,      400,      700,      800,     3148,     3200,
       ProductReturn,        663,          0,          0,          0,        560,        692,      200,      300,      400,      600,     1100,     1300,

  1127s: ( 4%)   IR =    553 ......|..................................[1167.997s][info][gc,start       ] GC(173) Pause Young (Normal) (G1 Evacuation Pause)
[1167.997s][info][gc,task        ] GC(173) Using 8 workers of 8 for evacuation
[1168.141s][info][gc,phases      ] GC(173)   Pre Evacuate Collection Set: 0.27ms
[1168.141s][info][gc,phases      ] GC(173)   Merge Heap Roots: 0.65ms
[1168.141s][info][gc,phases      ] GC(173)   Evacuate Collection Set: 141.99ms
[1168.141s][info][gc,phases      ] GC(173)   Post Evacuate Collection Set: 1.11ms
[1168.141s][info][gc,phases      ] GC(173)   Other: 0.07ms
[1168.141s][info][gc,heap        ] GC(173) Eden regions: 573->0(571)
[1168.141s][info][gc,heap        ] GC(173) Survivor regions: 41->41(77)
[1168.141s][info][gc,heap        ] GC(173) Old regions: 231->238
[1168.141s][info][gc,heap        ] GC(173) Humongous regions: 81->81
[1168.142s][info][gc,metaspace   ] GC(173) Metaspace: 29931K(30080K)->29931K(30080K) NonClass: 29931K(30080K)->29931K(30080K) Class: 0K(0K)->0K(0K)
[1168.142s][info][gc             ] GC(173) Pause Young (Normal) (G1 Evacuation Pause) 7359M->2836M(8192M) 144.218ms
[1168.142s][info][gc,cpu         ] GC(173) User=1.14s Sys=0.00s Real=0.14s
.......................... (rIR:aIR:PR = 553:553:553) (tPR = 8210) [OK] 
  1193s: Performance info:
         Transaction,    Success,    Partial,     Failed,   Receipts, AvgBarcode, 
             Overall,      33174,          0,          0,      31507,      59.47, 
         Response times:
             Request,    Success,    Partial,     Failed,   SkipFail,     Probes,    Samples,      min,      p50,      p90,      p95,      p99,      max, 
       TotalPurchase,      31507,          0,          0,          0,      30198,      34239,      300,      600,     1000,     1000,     1300,   150000,
     InStorePurchase,      16567,          0,          0,          0,      15936,      17908,      300,      600,      900,     1000,     1200,   150000,
      OnlinePurchase,      11617,          0,          0,          0,      11157,      12671,      300,      700,     1000,     1100,     1300,   150000,
        InstPurchase,       3323,          0,          0,          0,       3105,       3660,      400,      600,      900,     1000,     1300,   149000,
          AssocOfCat,         34,          0,          0,          0,         34,         36,    18100,    23000,    30600,    33600,    37000,    37000,
      AssocOfProduct,        332,          0,          0,          0,        249,        346,      500,     1000,     1200,     1300,     1506,     4600,
      BusinessReport,         83,          0,          0,          0,         82,         90,    18600,    25000,    29000,    29450,    31000,    31000,
          CustBuyBeh,        332,          0,          0,          0,        256,        357,      200,      400,      800,      900,     1142,     4000,
       ProductReturn,        886,          0,          0,          0,        763,        955,      200,      400,      800,      900,     1100,     4700,

  1193s: ( 5%)   IR =    692 .....|..............................[1229.293s][info][gc,start       ] GC(174) Pause Young (Normal) (G1 Evacuation Pause)
[1229.293s][info][gc,task        ] GC(174) Using 8 workers of 8 for evacuation
[1229.440s][info][gc,phases      ] GC(174)   Pre Evacuate Collection Set: 0.27ms
[1229.440s][info][gc,phases      ] GC(174)   Merge Heap Roots: 0.60ms
[1229.440s][info][gc,phases      ] GC(174)   Evacuate Collection Set: 144.85ms
[1229.440s][info][gc,phases      ] GC(174)   Post Evacuate Collection Set: 1.09ms
[1229.440s][info][gc,phases      ] GC(174)   Other: 0.08ms
[1229.440s][info][gc,heap        ] GC(174) Eden regions: 571->0(560)
[1229.440s][info][gc,heap        ] GC(174) Survivor regions: 41->43(77)
[1229.440s][info][gc,heap        ] GC(174) Old regions: 238->245
[1229.440s][info][gc,heap        ] GC(174) Humongous regions: 81->81
[1229.440s][info][gc,metaspace   ] GC(174) Metaspace: 29932K(30080K)->29932K(30080K) NonClass: 29932K(30080K)->29932K(30080K) Class: 0K(0K)->0K(0K)
[1229.440s][info][gc             ] GC(174) Pause Young (Normal) (G1 Evacuation Pause) 7404M->2902M(8192M) 147.022ms
[1229.440s][info][gc,cpu         ] GC(174) User=1.16s Sys=0.00s Real=0.15s
.............................. (rIR:aIR:PR = 692:691:691) (tPR = 10154) [OK] 
  1258s: Performance info:
         Transaction,    Success,    Partial,     Failed,   Receipts, AvgBarcode, 
             Overall,      41507,          0,          0,      39433,      59.48, 
         Response times:
             Request,    Success,    Partial,     Failed,   SkipFail,     Probes,    Samples,      min,      p50,      p90,      p95,      p99,      max, 
       TotalPurchase,      39433,          0,          0,          0,      37649,      41939,      300,      700,     1100,     1200,     1500,   154000,
     InStorePurchase,      20760,          0,          0,          0,      19883,      21928,      300,      700,     1100,     1200,     1500,   154000,
      OnlinePurchase,      14528,          0,          0,          0,      13953,      15656,      300,      800,     1100,     1200,     1500,   154000,
        InstPurchase,       4145,          0,          0,          0,       3813,       4355,      400,      700,     1100,     1200,     1400,     5500,
          AssocOfCat,         41,          0,          0,          0,         37,         44,    17700,    24500,    27000,    28000,    30000,    30000,
      AssocOfProduct,        414,          0,          0,          0,        342,        470,      500,     1100,     1300,     1400,     1800,     2100,
      BusinessReport,        104,          0,          0,          0,         98,        112,    18300,    25000,    29000,    29350,    30000,    30000,
          CustBuyBeh,        413,          0,          0,          0,        337,        435,      100,      400,      900,     1100,     1400,     1600,
       ProductReturn,       1102,          0,          0,          0,        978,       1185,      200,      500,      900,     1100,     1314,     2500,

  1258s: ( 6%)   IR =    830 ......|...............[1280.052s][info][gc,start       ] GC(175) Pause Young (Normal) (G1 Evacuation Pause)
[1280.052s][info][gc,task        ] GC(175) Using 8 workers of 8 for evacuation
[1280.197s][info][gc,phases      ] GC(175)   Pre Evacuate Collection Set: 0.30ms
[1280.197s][info][gc,phases      ] GC(175)   Merge Heap Roots: 0.65ms
[1280.197s][info][gc,phases      ] GC(175)   Evacuate Collection Set: 142.83ms
[1280.197s][info][gc,phases      ] GC(175)   Post Evacuate Collection Set: 1.02ms
[1280.197s][info][gc,phases      ] GC(175)   Other: 0.08ms
[1280.197s][info][gc,heap        ] GC(175) Eden regions: 560->0(553)
[1280.197s][info][gc,heap        ] GC(175) Survivor regions: 43->43(76)
[1280.197s][info][gc,heap        ] GC(175) Old regions: 245->252
[1280.197s][info][gc,heap        ] GC(175) Humongous regions: 81->81
[1280.197s][info][gc,metaspace   ] GC(175) Metaspace: 29933K(30080K)->29933K(30080K) NonClass: 29933K(30080K)->29933K(30080K) Class: 0K(0K)->0K(0K)
[1280.197s][info][gc             ] GC(175) Pause Young (Normal) (G1 Evacuation Pause) 7382M->2960M(8192M) 145.013ms
[1280.197s][info][gc,cpu         ] GC(175) User=1.14s Sys=0.00s Real=0.15s
............................................. (rIR:aIR:PR = 830:830:830) (tPR = 12363) [OK] 
  1324s: Performance info:
         Transaction,    Success,    Partial,     Failed,   Receipts, AvgBarcode, 
             Overall,      49810,          0,          0,      47322,      59.47, 
         Response times:
             Request,    Success,    Partial,     Failed,   SkipFail,     Probes,    Samples,      min,      p50,      p90,      p95,      p99,      max, 
       TotalPurchase,      47322,          0,          0,          0,      45455,      51160,      300,      800,     1300,     1400,     1700,   155000,
     InStorePurchase,      24903,          0,          0,          0,      24083,      26988,      300,      800,     1200,     1300,     1600,   155000,
      OnlinePurchase,      17440,          0,          0,          0,      16699,      18734,      300,      800,     1300,     1400,     1700,   148000,
        InstPurchase,       4979,          0,          0,          0,       4673,       5438,      400,      900,     1300,     1500,     1800,     8500,
          AssocOfCat,         49,          0,          0,          0,         48,         53,    18100,    23000,    26600,    27000,    27000,    27000,
      AssocOfProduct,        499,          0,          0,          0,        424,        566,      500,     1000,     1330,     1500,     1733,     4900,
      BusinessReport,        123,          0,          0,          0,         84,        120,    19400,    25000,    29000,    30950,    33000,    33000,
          CustBuyBeh,        503,          0,          0,          0,        407,        526,      200,      400,      900,     1000,     1300,     1900,
       ProductReturn,       1314,          0,          0,          0,       1181,       1453,      200,      600,     1100,     1230,     1500,   148000,

  1324s: ( 7%)   IR =    969 [1325.329s][info][gc,start       ] GC(176) Pause Young (Normal) (G1 Evacuation Pause)
[1325.329s][info][gc,task        ] GC(176) Using 8 workers of 8 for evacuation
[1325.473s][info][gc,phases      ] GC(176)   Pre Evacuate Collection Set: 0.29ms
[1325.473s][info][gc,phases      ] GC(176)   Merge Heap Roots: 0.61ms
[1325.473s][info][gc,phases      ] GC(176)   Evacuate Collection Set: 141.89ms
[1325.473s][info][gc,phases      ] GC(176)   Post Evacuate Collection Set: 1.03ms
[1325.473s][info][gc,phases      ] GC(176)   Other: 0.08ms
[1325.473s][info][gc,heap        ] GC(176) Eden regions: 553->0(548)
[1325.473s][info][gc,heap        ] GC(176) Survivor regions: 43->42(75)
[1325.473s][info][gc,heap        ] GC(176) Old regions: 252->259
[1325.473s][info][gc,heap        ] GC(176) Humongous regions: 81->81
[1325.473s][info][gc,metaspace   ] GC(176) Metaspace: 29936K(30080K)->29936K(30080K) NonClass: 29936K(30080K)->29936K(30080K) Class: 0K(0K)->0K(0K)
[1325.473s][info][gc             ] GC(176) Pause Young (Normal) (G1 Evacuation Pause) 7384M->3012M(8192M) 144.025ms
[1325.473s][info][gc,cpu         ] GC(176) User=1.14s Sys=0.00s Real=0.14s
.....|.................................[1363.718s][info][gc,start       ] GC(177) Pause Young (Normal) (G1 Evacuation Pause)
[1363.718s][info][gc,task        ] GC(177) Using 8 workers of 8 for evacuation
[1363.862s][info][gc,phases      ] GC(177)   Pre Evacuate Collection Set: 0.26ms
[1363.862s][info][gc,phases      ] GC(177)   Merge Heap Roots: 0.59ms
[1363.862s][info][gc,phases      ] GC(177)   Evacuate Collection Set: 141.89ms
[1363.862s][info][gc,phases      ] GC(177)   Post Evacuate Collection Set: 1.03ms
[1363.862s][info][gc,phases      ] GC(177)   Other: 0.06ms
[1363.862s][info][gc,heap        ] GC(177) Eden regions: 548->0(541)
[1363.862s][info][gc,heap        ] GC(177) Survivor regions: 42->42(74)
[1363.862s][info][gc,heap        ] GC(177) Old regions: 259->266
[1363.862s][info][gc,heap        ] GC(177) Humongous regions: 81->81
[1363.862s][info][gc,metaspace   ] GC(177) Metaspace: 29936K(30080K)->29936K(30080K) NonClass: 29936K(30080K)->29936K(30080K) Class: 0K(0K)->0K(0K)
[1363.862s][info][gc             ] GC(177) Pause Young (Normal) (G1 Evacuation Pause) 7396M->3064M(8192M) 143.968ms
[1363.862s][info][gc,cpu         ] GC(177) User=1.14s Sys=0.00s Real=0.14s
........................... (rIR:aIR:PR = 969:969:969) (tPR = 14327) [OK] 
  1389s: Performance info:
         Transaction,    Success,    Partial,     Failed,   Receipts, AvgBarcode, 
             Overall,      58200,          0,          0,      55290,      59.48, 
         Response times:
             Request,    Success,    Partial,     Failed,   SkipFail,     Probes,    Samples,      min,      p50,      p90,      p95,      p99,      max, 
       TotalPurchase,      55290,          0,          0,          0,      53478,      59329,      300,      900,     1400,     1500,     1800,   152000,
     InStorePurchase,      29121,          0,          0,          0,      28315,      31370,      300,      900,     1400,     1500,     1800,   150000,
      OnlinePurchase,      20346,          0,          0,          0,      19690,      21761,      300,      900,     1400,     1500,     1900,   152000,
        InstPurchase,       5823,          0,          0,          0,       5473,       6198,      400,     1100,     1500,     1600,     2000,   150000,
          AssocOfCat,         57,          0,          0,          0,         57,         62,    17000,    23500,    29100,    31850,    37000,    37000,
      AssocOfProduct,        580,          0,          0,          0,        496,        629,      500,     1200,     1700,     1800,     2170,     4100,
      BusinessReport,        144,          0,          0,          0,        105,        159,    18800,    26000,    29000,    31000,    38000,    41000,
          CustBuyBeh,        578,          0,          0,          0,        509,        635,      300,     1000,     1400,     1500,     1700,     5200,
       ProductReturn,       1551,          0,          0,          0,       1387,       1668,      200,      700,     1300,     1500,     1800,     2900,

  1389s: ( 8%)   IR =   1107 ........|..[1400.178s][info][gc,start       ] GC(178) Pause Young (Normal) (G1 Evacuation Pause)
[1400.178s][info][gc,task        ] GC(178) Using 8 workers of 8 for evacuation
[1400.325s][info][gc,phases      ] GC(178)   Pre Evacuate Collection Set: 0.29ms
[1400.325s][info][gc,phases      ] GC(178)   Merge Heap Roots: 0.63ms
[1400.325s][info][gc,phases      ] GC(178)   Evacuate Collection Set: 144.67ms
[1400.325s][info][gc,phases      ] GC(178)   Post Evacuate Collection Set: 0.98ms
[1400.325s][info][gc,phases      ] GC(178)   Other: 0.07ms
[1400.325s][info][gc,heap        ] GC(178) Eden regions: 541->0(531)
[1400.325s][info][gc,heap        ] GC(178) Survivor regions: 42->43(73)
[1400.325s][info][gc,heap        ] GC(178) Old regions: 266->274
[1400.325s][info][gc,heap        ] GC(178) Humongous regions: 81->81
[1400.325s][info][gc,metaspace   ] GC(178) Metaspace: 29937K(30080K)->29937K(30080K) NonClass: 29937K(30080K)->29937K(30080K) Class: 0K(0K)->0K(0K)
[1400.325s][info][gc             ] GC(178) Pause Young (Normal) (G1 Evacuation Pause) 7392M->3133M(8192M) 146.764ms
[1400.325s][info][gc,cpu         ] GC(178) User=1.16s Sys=0.00s Real=0.14s
................................[1432.689s][info][gc,start       ] GC(179) Pause Young (Normal) (G1 Evacuation Pause)
[1432.689s][info][gc,task        ] GC(179) Using 8 workers of 8 for evacuation
[1432.832s][info][gc,phases      ] GC(179)   Pre Evacuate Collection Set: 0.28ms
[1432.832s][info][gc,phases      ] GC(179)   Merge Heap Roots: 0.62ms
[1432.832s][info][gc,phases      ] GC(179)   Evacuate Collection Set: 141.01ms
[1432.832s][info][gc,phases      ] GC(179)   Post Evacuate Collection Set: 1.02ms
[1432.832s][info][gc,phases      ] GC(179)   Other: 0.08ms
[1432.832s][info][gc,heap        ] GC(179) Eden regions: 531->0(528)
[1432.832s][info][gc,heap        ] GC(179) Survivor regions: 43->41(72)
[1432.832s][info][gc,heap        ] GC(179) Old regions: 274->281
[1432.832s][info][gc,heap        ] GC(179) Humongous regions: 81->81
[1432.832s][info][gc,metaspace   ] GC(179) Metaspace: 29939K(30080K)->29939K(30080K) NonClass: 29939K(30080K)->29939K(30080K) Class: 0K(0K)->0K(0K)
[1432.832s][info][gc             ] GC(179) Pause Young (Normal) (G1 Evacuation Pause) 7381M->3177M(8192M) 143.142ms
[1432.832s][info][gc,cpu         ] GC(179) User=1.13s Sys=0.00s Real=0.14s
.......................... (rIR:aIR:PR = 1107:1108:1108) (tPR = 16445) [OK] 
  1457s: Performance info:
         Transaction,    Success,    Partial,     Failed,   Receipts, AvgBarcode, 
             Overall,      66498,          0,          0,      63170,      59.47, 
         Response times:
             Request,    Success,    Partial,     Failed,   SkipFail,     Probes,    Samples,      min,      p50,      p90,      p95,      p99,      max, 
       TotalPurchase,      63170,          0,          0,          0,      61172,      70753,      300,     1000,     1500,     1700,     2100,   148000,
     InStorePurchase,      33263,          0,          0,          0,      32197,      37010,      300,      900,     1500,     1700,     2100,   148000,
      OnlinePurchase,      23271,          0,          0,          0,      22631,      26171,      300,     1000,     1600,     1700,     2100,   145000,
        InstPurchase,       6636,          0,          0,          0,       6344,       7572,      400,     1200,     1700,     1800,     2300,   148000,
          AssocOfCat,         66,          0,          0,          0,         61,         74,    18200,    24000,    26500,    27000,    34000,    34000,
      AssocOfProduct,        664,          0,          0,          0,        572,        755,      500,      800,     1200,     1300,     1800,     3300,
      BusinessReport,        167,          0,          0,          0,        116,        162,    19500,    26000,    29000,    31000,    36740,    38000,
          CustBuyBeh,        664,          0,          0,          0,        567,        781,      200,     1000,     1500,     1600,     1818,     2700,
       ProductReturn,       1767,          0,          0,          0,       1582,       2002,      200,     1000,     1500,     1600,     2097,     6500,

  1457s: ( 9%)   IR =   1245 ......[1464.331s][info][gc,start       ] GC(180) Pause Young (Normal) (G1 Evacuation Pause)
[1464.331s][info][gc,task        ] GC(180) Using 8 workers of 8 for evacuation
[1464.477s][info][gc,phases      ] GC(180)   Pre Evacuate Collection Set: 0.28ms
[1464.477s][info][gc,phases      ] GC(180)   Merge Heap Roots: 0.61ms
[1464.477s][info][gc,phases      ] GC(180)   Evacuate Collection Set: 143.24ms
[1464.477s][info][gc,phases      ] GC(180)   Post Evacuate Collection Set: 0.99ms
[1464.477s][info][gc,phases      ] GC(180)   Other: 0.06ms
[1464.477s][info][gc,heap        ] GC(180) Eden regions: 528->0(519)
[1464.477s][info][gc,heap        ] GC(180) Survivor regions: 41->42(72)
[1464.477s][info][gc,heap        ] GC(180) Old regions: 281->288
[1464.477s][info][gc,heap        ] GC(180) Humongous regions: 81->81
[1464.477s][info][gc,metaspace   ] GC(180) Metaspace: 29942K(30144K)->29942K(30144K) NonClass: 29942K(30144K)->29942K(30144K) Class: 0K(0K)->0K(0K)
[1464.477s][info][gc             ] GC(180) Pause Young (Normal) (G1 Evacuation Pause) 7401M->3240M(8192M) 145.320ms
[1464.477s][info][gc,cpu         ] GC(180) User=1.15s Sys=0.00s Real=0.14s
.|...........................[1492.667s][info][gc,start       ] GC(181) Pause Young (Normal) (G1 Evacuation Pause)
[1492.667s][info][gc,task        ] GC(181) Using 8 workers of 8 for evacuation
[1492.810s][info][gc,phases      ] GC(181)   Pre Evacuate Collection Set: 0.25ms
[1492.810s][info][gc,phases      ] GC(181)   Merge Heap Roots: 0.56ms
[1492.810s][info][gc,phases      ] GC(181)   Evacuate Collection Set: 140.65ms
[1492.810s][info][gc,phases      ] GC(181)   Post Evacuate Collection Set: 0.99ms
[1492.810s][info][gc,phases      ] GC(181)   Other: 0.07ms
[1492.810s][info][gc,heap        ] GC(181) Eden regions: 519->0(513)
[1492.810s][info][gc,heap        ] GC(181) Survivor regions: 42->41(71)
[1492.810s][info][gc,heap        ] GC(181) Old regions: 288->296
[1492.810s][info][gc,heap        ] GC(181) Humongous regions: 81->81
[1492.810s][info][gc,metaspace   ] GC(181) Metaspace: 29942K(30144K)->29942K(30144K) NonClass: 29942K(30144K)->29942K(30144K) Class: 0K(0K)->0K(0K)
[1492.810s][info][gc             ] GC(181) Pause Young (Normal) (G1 Evacuation Pause) 7392M->3291M(8192M) 142.633ms
[1492.810s][info][gc,cpu         ] GC(181) User=1.13s Sys=0.00s Real=0.14s
............................[1520.564s][info][gc,start       ] GC(182) Pause Young (Normal) (G1 Evacuation Pause)
[1520.564s][info][gc,task        ] GC(182) Using 8 workers of 8 for evacuation
[1520.707s][info][gc,phases      ] GC(182)   Pre Evacuate Collection Set: 0.27ms
[1520.707s][info][gc,phases      ] GC(182)   Merge Heap Roots: 0.63ms
[1520.707s][info][gc,phases      ] GC(182)   Evacuate Collection Set: 140.69ms
[1520.707s][info][gc,phases      ] GC(182)   Post Evacuate Collection Set: 0.98ms
[1520.707s][info][gc,phases      ] GC(182)   Other: 0.07ms
[1520.707s][info][gc,heap        ] GC(182) Eden regions: 513->0(508)
[1520.707s][info][gc,heap        ] GC(182) Survivor regions: 41->40(70)
[1520.707s][info][gc,heap        ] GC(182) Old regions: 296->303
[1520.707s][info][gc,heap        ] GC(182) Humongous regions: 81->81
[1520.707s][info][gc,metaspace   ] GC(182) Metaspace: 29942K(30144K)->29942K(30144K) NonClass: 29942K(30144K)->29942K(30144K) Class: 0K(0K)->0K(0K)
[1520.707s][info][gc             ] GC(182) Pause Young (Normal) (G1 Evacuation Pause) 7395M->3344M(8192M) 142.755ms
[1520.707s][info][gc,cpu         ] GC(182) User=1.13s Sys=0.01s Real=0.14s
..... (rIR:aIR:PR = 1245:1244:1244) (tPR = 18306) [OK] 
  1524s: Performance info:
         Transaction,    Success,    Partial,     Failed,   Receipts, AvgBarcode, 
             Overall,      74710,          0,          0,      70980,      59.46, 
         Response times:
             Request,    Success,    Partial,     Failed,   SkipFail,     Probes,    Samples,      min,      p50,      p90,      p95,      p99,      max, 
       TotalPurchase,      70980,          0,          0,          0,      68497,      77848,      300,     1100,     1700,     1800,     2500,    16500,
     InStorePurchase,      37351,          0,          0,          0,      36270,      41184,      300,     1100,     1700,     1800,     2400,    16500,
      OnlinePurchase,      26161,          0,          0,          0,      25115,      28431,      300,     1100,     1700,     1900,     2500,    16400,
        InstPurchase,       7468,          0,          0,          0,       7112,       8233,      400,     1100,     1700,     1900,     2466,    15500,
          AssocOfCat,         76,          0,          0,          0,         73,         83,    17300,    24000,    29600,    32800,   178000,   178000,
      AssocOfProduct,        749,          0,          0,          0,        666,        844,      500,     1000,     1600,     1800,     2655,     6100,
      BusinessReport,        185,          0,          0,          0,        130,        175,    17900,    26000,    30000,    32000,    76920,   178000,
          CustBuyBeh,        748,          0,          0,          0,        656,        860,      200,     1100,     1600,     1800,     6595,    12600,
       ProductReturn,       1972,          0,          0,          0,       1819,       2229,      200,     1000,     1600,     1800,     2100,    12800,

  1524s: (10%)   IR =   1384 ........|............[1545.924s][info][gc,start       ] GC(183) Pause Young (Normal) (G1 Evacuation Pause)
[1545.924s][info][gc,task        ] GC(183) Using 8 workers of 8 for evacuation
[1546.067s][info][gc,phases      ] GC(183)   Pre Evacuate Collection Set: 0.25ms
[1546.067s][info][gc,phases      ] GC(183)   Merge Heap Roots: 0.60ms
[1546.067s][info][gc,phases      ] GC(183)   Evacuate Collection Set: 141.20ms
[1546.067s][info][gc,phases      ] GC(183)   Post Evacuate Collection Set: 0.96ms
[1546.067s][info][gc,phases      ] GC(183)   Other: 0.08ms
[1546.067s][info][gc,heap        ] GC(183) Eden regions: 508->0(500)
[1546.067s][info][gc,heap        ] GC(183) Survivor regions: 40->40(69)
[1546.067s][info][gc,heap        ] GC(183) Old regions: 303->311
[1546.067s][info][gc,heap        ] GC(183) Humongous regions: 81->81
[1546.067s][info][gc,metaspace   ] GC(183) Metaspace: 29942K(30144K)->29942K(30144K) NonClass: 29942K(30144K)->29942K(30144K) Class: 0K(0K)->0K(0K)
[1546.067s][info][gc             ] GC(183) Pause Young (Normal) (G1 Evacuation Pause) 7408M->3408M(8192M) 143.220ms
[1546.067s][info][gc,cpu         ] GC(183) User=1.13s Sys=0.00s Real=0.14s
.........................[1570.281s][info][gc,start       ] GC(184) Pause Young (Normal) (G1 Evacuation Pause)
[1570.281s][info][gc,task        ] GC(184) Using 8 workers of 8 for evacuation
[1570.422s][info][gc,phases      ] GC(184)   Pre Evacuate Collection Set: 0.29ms
[1570.422s][info][gc,phases      ] GC(184)   Merge Heap Roots: 0.52ms
[1570.422s][info][gc,phases      ] GC(184)   Evacuate Collection Set: 139.13ms
[1570.422s][info][gc,phases      ] GC(184)   Post Evacuate Collection Set: 0.96ms
[1570.422s][info][gc,phases      ] GC(184)   Other: 0.07ms
[1570.422s][info][gc,heap        ] GC(184) Eden regions: 500->0(493)
[1570.422s][info][gc,heap        ] GC(184) Survivor regions: 40->40(68)
[1570.422s][info][gc,heap        ] GC(184) Old regions: 311->318
[1570.422s][info][gc,heap        ] GC(184) Humongous regions: 81->81
[1570.422s][info][gc,metaspace   ] GC(184) Metaspace: 29942K(30144K)->29942K(30144K) NonClass: 29942K(30144K)->29942K(30144K) Class: 0K(0K)->0K(0K)
[1570.422s][info][gc             ] GC(184) Pause Young (Normal) (G1 Evacuation Pause) 7408M->3467M(8192M) 141.092ms
[1570.422s][info][gc,cpu         ] GC(184) User=1.12s Sys=0.00s Real=0.14s
....................... (rIR:aIR:PR = 1384:1384:1384) (tPR = 20394) [OK] 
  1592s: Performance info:
         Transaction,    Success,    Partial,     Failed,   Receipts, AvgBarcode, 
             Overall,      83173,          0,          0,      79013,      59.47, 
         Response times:
             Request,    Success,    Partial,     Failed,   SkipFail,     Probes,    Samples,      min,      p50,      p90,      p95,      p99,      max, 
       TotalPurchase,      79013,          0,          0,          0,      76460,      88142,      300,     1200,     1800,     2000,     2500,   146000,
     InStorePurchase,      41569,          0,          0,          0,      40375,      46209,      300,     1100,     1800,     2000,     2400,   146000,
      OnlinePurchase,      29123,          0,          0,          0,      28190,      32610,      300,     1200,     1800,     2000,     2500,   146000,
        InstPurchase,       8321,          0,          0,          0,       7895,       9323,      400,     1200,     1900,     2100,     2700,   146000,
          AssocOfCat,         83,          0,          0,          0,         80,         93,    17800,    24000,    28000,    28300,    37000,    37000,
      AssocOfProduct,        833,          0,          0,          0,        733,        958,      700,     1600,     2100,     2300,     3282,   144000,
      BusinessReport,        207,          0,          0,          0,        153,        246,    18800,    27000,    32000,    34000,    44360,   169000,
          CustBuyBeh,        830,          0,          0,          0,        699,        883,      200,     1300,     1800,     1900,     2216,     3300,
       ProductReturn,       2207,          0,          0,          0,       2034,       2467,      200,      700,     1700,     1900,     2500,    10900,

  1592s: (11%)   IR =   1522 .[1594.476s][info][gc,start       ] GC(185) Pause Young (Normal) (G1 Evacuation Pause)
[1594.476s][info][gc,task        ] GC(185) Using 8 workers of 8 for evacuation
[1594.621s][info][gc,phases      ] GC(185)   Pre Evacuate Collection Set: 0.25ms
[1594.621s][info][gc,phases      ] GC(185)   Merge Heap Roots: 0.59ms
[1594.621s][info][gc,phases      ] GC(185)   Evacuate Collection Set: 143.48ms
[1594.621s][info][gc,phases      ] GC(185)   Post Evacuate Collection Set: 0.94ms
[1594.621s][info][gc,phases      ] GC(185)   Other: 0.07ms
[1594.621s][info][gc,heap        ] GC(185) Eden regions: 493->0(485)
[1594.621s][info][gc,heap        ] GC(185) Survivor regions: 40->40(67)
[1594.621s][info][gc,heap        ] GC(185) Old regions: 318->326
[1594.621s][info][gc,heap        ] GC(185) Humongous regions: 81->81
[1594.621s][info][gc,metaspace   ] GC(185) Metaspace: 29942K(30144K)->29942K(30144K) NonClass: 29942K(30144K)->29942K(30144K) Class: 0K(0K)->0K(0K)
[1594.621s][info][gc             ] GC(185) Pause Young (Normal) (G1 Evacuation Pause) 7411M->3523M(8192M) 145.475ms
[1594.621s][info][gc,cpu         ] GC(185) User=1.10s Sys=0.00s Real=0.15s
...|..................[1615.924s][info][gc,start       ] GC(186) Pause Young (Normal) (G1 Evacuation Pause)
[1615.924s][info][gc,task        ] GC(186) Using 8 workers of 8 for evacuation
[1616.062s][info][gc,phases      ] GC(186)   Pre Evacuate Collection Set: 0.28ms
[1616.062s][info][gc,phases      ] GC(186)   Merge Heap Roots: 0.57ms
[1616.062s][info][gc,phases      ] GC(186)   Evacuate Collection Set: 136.27ms
[1616.062s][info][gc,phases      ] GC(186)   Post Evacuate Collection Set: 0.89ms
[1616.062s][info][gc,phases      ] GC(186)   Other: 0.06ms
[1616.062s][info][gc,heap        ] GC(186) Eden regions: 485->0(478)
[1616.062s][info][gc,heap        ] GC(186) Survivor regions: 40->40(66)
[1616.062s][info][gc,heap        ] GC(186) Old regions: 326->333
[1616.062s][info][gc,heap        ] GC(186) Humongous regions: 81->81
[1616.062s][info][gc,metaspace   ] GC(186) Metaspace: 29942K(30144K)->29942K(30144K) NonClass: 29942K(30144K)->29942K(30144K) Class: 0K(0K)->0K(0K)
[1616.062s][info][gc             ] GC(186) Pause Young (Normal) (G1 Evacuation Pause) 7403M->3584M(8192M) 138.197ms
[1616.062s][info][gc,cpu         ] GC(186) User=1.10s Sys=0.00s Real=0.14s
......................[1637.143s][info][gc,start       ] GC(187) Pause Young (Normal) (G1 Evacuation Pause)
[1637.144s][info][gc,task        ] GC(187) Using 8 workers of 8 for evacuation
[1637.281s][info][gc,phases      ] GC(187)   Pre Evacuate Collection Set: 0.26ms
[1637.281s][info][gc,phases      ] GC(187)   Merge Heap Roots: 0.62ms
[1637.281s][info][gc,phases      ] GC(187)   Evacuate Collection Set: 135.43ms
[1637.281s][info][gc,phases      ] GC(187)   Post Evacuate Collection Set: 0.98ms
[1637.281s][info][gc,phases      ] GC(187)   Other: 0.07ms
[1637.281s][info][gc,heap        ] GC(187) Eden regions: 478->0(472)
[1637.281s][info][gc,heap        ] GC(187) Survivor regions: 40->39(65)
[1637.281s][info][gc,heap        ] GC(187) Old regions: 333->341
[1637.281s][info][gc,heap        ] GC(187) Humongous regions: 81->81
[1637.281s][info][gc,metaspace   ] GC(187) Metaspace: 29942K(30144K)->29942K(30144K) NonClass: 29942K(30144K)->29942K(30144K) Class: 0K(0K)->0K(0K)
[1637.281s][info][gc             ] GC(187) Pause Young (Normal) (G1 Evacuation Pause) 7408M->3639M(8192M) 137.492ms
[1637.281s][info][gc,cpu         ] GC(187) User=1.09s Sys=0.00s Real=0.14s
.................... (rIR:aIR:PR = 1522:1522:1522) (tPR = 22846) [OK] 
  1656s: Performance info:
         Transaction,    Success,    Partial,     Failed,   Receipts, AvgBarcode, 
             Overall,      91389,          0,          0,      86819,      59.48, 
         Response times:
             Request,    Success,    Partial,     Failed,   SkipFail,     Probes,    Samples,      min,      p50,      p90,      p95,      p99,      max, 
       TotalPurchase,      86819,          0,          0,          0,      84173,      91109,      300,     1200,     2000,     2200,     2800,   151000,
     InStorePurchase,      45676,          0,          0,          0,      44510,      48092,      300,     1200,     1900,     2100,     2800,   151000,
      OnlinePurchase,      31993,          0,          0,          0,      31006,      33479,      300,     1300,     2000,     2200,     2900,   151000,
        InstPurchase,       9150,          0,          0,          0,       8657,       9538,      400,     1200,     2000,     2200,     2900,   151000,
          AssocOfCat,         92,          0,          0,          0,         87,         96,    17600,    25000,    29300,    32000,   193000,   193000,
      AssocOfProduct,        908,          0,          0,          0,        805,        973,      500,     1600,     2200,     2400,     3000,    17700,
      BusinessReport,        228,          0,          0,          0,        162,        235,    19200,    28000,    32000,    34000,    57640,    78000,
          CustBuyBeh,        917,          0,          0,          0,        797,        959,      300,     1300,     1900,     2100,     4260,    21000,
       ProductReturn,       2425,          0,          0,          0,       2215,       2541,      200,     1200,     1900,     2100,     2658,    21000,

  1656s: (12%)   IR =   1660 .[1658.263s][info][gc,start       ] GC(188) Pause Young (Normal) (G1 Evacuation Pause)
[1658.263s][info][gc,task        ] GC(188) Using 8 workers of 8 for evacuation
[1658.401s][info][gc,phases      ] GC(188)   Pre Evacuate Collection Set: 0.25ms
[1658.401s][info][gc,phases      ] GC(188)   Merge Heap Roots: 0.52ms
[1658.401s][info][gc,phases      ] GC(188)   Evacuate Collection Set: 135.52ms
[1658.401s][info][gc,phases      ] GC(188)   Post Evacuate Collection Set: 0.92ms
[1658.401s][info][gc,phases      ] GC(188)   Other: 0.06ms
[1658.401s][info][gc,heap        ] GC(188) Eden regions: 472->0(464)
[1658.401s][info][gc,heap        ] GC(188) Survivor regions: 39->39(64)
[1658.401s][info][gc,heap        ] GC(188) Old regions: 341->349
[1658.401s][info][gc,heap        ] GC(188) Humongous regions: 81->81
[1658.401s][info][gc,metaspace   ] GC(188) Metaspace: 29947K(30144K)->29947K(30144K) NonClass: 29947K(30144K)->29947K(30144K) Class: 0K(0K)->0K(0K)
[1658.401s][info][gc             ] GC(188) Pause Young (Normal) (G1 Evacuation Pause) 7415M->3703M(8192M) 137.390ms
[1658.401s][info][gc,cpu         ] GC(188) User=1.09s Sys=0.00s Real=0.14s
...|...............[1676.993s][info][gc,start       ] GC(189) Pause Young (Normal) (G1 Evacuation Pause)
[1676.993s][info][gc,task        ] GC(189) Using 8 workers of 8 for evacuation
[1677.129s][info][gc,phases      ] GC(189)   Pre Evacuate Collection Set: 0.29ms
[1677.129s][info][gc,phases      ] GC(189)   Merge Heap Roots: 0.61ms
[1677.129s][info][gc,phases      ] GC(189)   Evacuate Collection Set: 134.01ms
[1677.129s][info][gc,phases      ] GC(189)   Post Evacuate Collection Set: 0.91ms
[1677.129s][info][gc,phases      ] GC(189)   Other: 0.07ms
[1677.129s][info][gc,heap        ] GC(189) Eden regions: 464->0(456)
[1677.129s][info][gc,heap        ] GC(189) Survivor regions: 39->39(63)
[1677.129s][info][gc,heap        ] GC(189) Old regions: 349->357
[1677.129s][info][gc,heap        ] GC(189) Humongous regions: 81->81
[1677.129s][info][gc,metaspace   ] GC(189) Metaspace: 29947K(30144K)->29947K(30144K) NonClass: 29947K(30144K)->29947K(30144K) Class: 0K(0K)->0K(0K)
[1677.129s][info][gc             ] GC(189) Pause Young (Normal) (G1 Evacuation Pause) 7415M->3765M(8192M) 136.017ms
[1677.129s][info][gc,cpu         ] GC(189) User=1.08s Sys=0.00s Real=0.14s
...................[1695.742s][info][gc,start       ] GC(190) Pause Young (Normal) (G1 Evacuation Pause)
[1695.742s][info][gc,task        ] GC(190) Using 8 workers of 8 for evacuation
[1695.878s][info][gc,phases      ] GC(190)   Pre Evacuate Collection Set: 0.24ms
[1695.878s][info][gc,phases      ] GC(190)   Merge Heap Roots: 0.61ms
[1695.878s][info][gc,phases      ] GC(190)   Evacuate Collection Set: 134.04ms
[1695.878s][info][gc,phases      ] GC(190)   Post Evacuate Collection Set: 0.89ms
[1695.878s][info][gc,phases      ] GC(190)   Other: 0.08ms
[1695.878s][info][gc,heap        ] GC(190) Eden regions: 456->0(448)
[1695.878s][info][gc,heap        ] GC(190) Survivor regions: 39->39(62)
[1695.878s][info][gc,heap        ] GC(190) Old regions: 357->365
[1695.878s][info][gc,heap        ] GC(190) Humongous regions: 81->81
[1695.878s][info][gc,metaspace   ] GC(190) Metaspace: 29947K(30144K)->29947K(30144K) NonClass: 29947K(30144K)->29947K(30144K) Class: 0K(0K)->0K(0K)
[1695.878s][info][gc             ] GC(190) Pause Young (Normal) (G1 Evacuation Pause) 7413M->3827M(8192M) 135.991ms
[1695.878s][info][gc,cpu         ] GC(190) User=1.07s Sys=0.00s Real=0.14s
..................[1713.989s][info][gc,start       ] GC(191) Pause Young (Normal) (G1 Evacuation Pause)
[1713.990s][info][gc,task        ] GC(191) Using 8 workers of 8 for evacuation
[1714.123s][info][gc,phases      ] GC(191)   Pre Evacuate Collection Set: 0.27ms
[1714.123s][info][gc,phases      ] GC(191)   Merge Heap Roots: 0.58ms
[1714.123s][info][gc,phases      ] GC(191)   Evacuate Collection Set: 132.05ms
[1714.123s][info][gc,phases      ] GC(191)   Post Evacuate Collection Set: 0.93ms
[1714.123s][info][gc,phases      ] GC(191)   Other: 0.06ms
[1714.123s][info][gc,heap        ] GC(191) Eden regions: 448->0(444)
[1714.123s][info][gc,heap        ] GC(191) Survivor regions: 39->37(61)
[1714.123s][info][gc,heap        ] GC(191) Old regions: 365->373
[1714.123s][info][gc,heap        ] GC(191) Humongous regions: 81->81
[1714.123s][info][gc,metaspace   ] GC(191) Metaspace: 29947K(30144K)->29947K(30144K) NonClass: 29947K(30144K)->29947K(30144K) Class: 0K(0K)->0K(0K)
[1714.124s][info][gc             ] GC(191) Pause Young (Normal) (G1 Evacuation Pause) 7411M->3880M(8192M) 134.024ms
[1714.124s][info][gc,cpu         ] GC(191) User=1.06s Sys=0.00s Real=0.13s
........ (rIR:aIR:PR = 1660:1661:1661) (tPR = 24658) [OK] 
  1721s: Performance info:
         Transaction,    Success,    Partial,     Failed,   Receipts, AvgBarcode, 
             Overall,      99711,          0,          0,      94733,      59.47, 
         Response times:
             Request,    Success,    Partial,     Failed,   SkipFail,     Probes,    Samples,      min,      p50,      p90,      p95,      p99,      max, 
       TotalPurchase,      94733,          0,          0,          0,      91945,      99522,      300,     1300,     2100,     2300,     3000,   145000,
     InStorePurchase,      49850,          0,          0,          0,      48528,      52374,      400,     1300,     2100,     2300,     3000,   145000,
      OnlinePurchase,      34908,          0,          0,          0,      33911,      36660,      300,     1300,     2100,     2300,     3000,   145000,
        InstPurchase,       9975,          0,          0,          0,       9506,      10488,      500,     1200,     2000,     2300,     3000,   142000,
          AssocOfCat,         99,          0,          0,          0,         94,        105,    18500,    25000,    29000,    32000,   160380,   168000,
      AssocOfProduct,        993,          0,          0,          0,        883,       1073,      700,     1800,     2400,     2600,     5104,   142000,
      BusinessReport,        249,          0,          0,          0,        194,        255,    21000,    27000,    32000,    33400,    40760,    45000,
          CustBuyBeh,        996,          0,          0,          0,        872,       1033,      300,     1200,     1900,     2100,     2798,   139000,
       ProductReturn,       2641,          0,          0,          0,       2433,       2790,      200,     1400,     2100,     2300,     5000,   139000,

  1721s: (13%)   IR =   1799 .....|.....[1731.290s][info][gc,start       ] GC(192) Pause Young (Normal) (G1 Evacuation Pause)
[1731.290s][info][gc,task        ] GC(192) Using 8 workers of 8 for evacuation
[1731.424s][info][gc,phases      ] GC(192)   Pre Evacuate Collection Set: 0.29ms
[1731.424s][info][gc,phases      ] GC(192)   Merge Heap Roots: 0.64ms
[1731.424s][info][gc,phases      ] GC(192)   Evacuate Collection Set: 132.26ms
[1731.424s][info][gc,phases      ] GC(192)   Post Evacuate Collection Set: 0.91ms
[1731.424s][info][gc,phases      ] GC(192)   Other: 0.07ms
[1731.424s][info][gc,heap        ] GC(192) Eden regions: 444->0(434)
[1731.424s][info][gc,heap        ] GC(192) Survivor regions: 37->38(61)
[1731.424s][info][gc,heap        ] GC(192) Old regions: 373->381
[1731.424s][info][gc,heap        ] GC(192) Humongous regions: 81->81
[1731.424s][info][gc,metaspace   ] GC(192) Metaspace: 29949K(30144K)->29949K(30144K) NonClass: 29949K(30144K)->29949K(30144K) Class: 0K(0K)->0K(0K)
[1731.424s][info][gc             ] GC(192) Pause Young (Normal) (G1 Evacuation Pause) 7432M->3947M(8192M) 134.303ms
[1731.424s][info][gc,cpu         ] GC(192) User=1.07s Sys=0.00s Real=0.13s
................[1747.689s][info][gc,start       ] GC(193) Pause Young (Concurrent Start) (G1 Evacuation Pause)
[1747.689s][info][gc,task        ] GC(193) Using 8 workers of 8 for evacuation
[1747.820s][info][gc,phases      ] GC(193)   Pre Evacuate Collection Set: 0.28ms
[1747.821s][info][gc,phases      ] GC(193)   Merge Heap Roots: 0.55ms
[1747.821s][info][gc,phases      ] GC(193)   Evacuate Collection Set: 129.92ms
[1747.821s][info][gc,phases      ] GC(193)   Post Evacuate Collection Set: 0.89ms
[1747.821s][info][gc,phases      ] GC(193)   Other: 0.10ms
[1747.821s][info][gc,heap        ] GC(193) Eden regions: 434->0(428)
[1747.821s][info][gc,heap        ] GC(193) Survivor regions: 38->37(59)
[1747.821s][info][gc,heap        ] GC(193) Old regions: 381->389
[1747.821s][info][gc,heap        ] GC(193) Humongous regions: 81->81
[1747.821s][info][gc,metaspace   ] GC(193) Metaspace: 29952K(30144K)->29952K(30144K) NonClass: 29952K(30144K)->29952K(30144K) Class: 0K(0K)->0K(0K)
[1747.821s][info][gc             ] GC(193) Pause Young (Concurrent Start) (G1 Evacuation Pause) 7419M->4003M(8192M) 131.875ms
[1747.821s][info][gc             ] GC(194) Concurrent Mark Cycle
[1747.821s][info][gc,marking     ] GC(194) Concurrent Scan Root Regions
[1747.821s][info][gc,cpu         ] GC(193) User=1.04s Sys=0.00s Real=0.13s
[1747.987s][info][gc,marking     ] GC(194) Concurrent Scan Root Regions 166.692ms
[1747.987s][info][gc,marking     ] GC(194) Concurrent Mark
[1747.987s][info][gc,marking     ] GC(194) Concurrent Mark From Roots
[1747.987s][info][gc,task        ] GC(194) Using 2 workers of 2 for marking
.[1748.460s][info][gc,marking     ] GC(194) Concurrent Mark From Roots 472.964ms
[1748.460s][info][gc,marking     ] GC(194) Concurrent Preclean
[1748.461s][info][gc,marking     ] GC(194) Concurrent Preclean 0.122ms
[1748.461s][info][gc,start       ] GC(194) Pause Remark
[1748.463s][info][gc             ] GC(194) Pause Remark 4232M->2696M(8192M) 1.950ms
[1748.463s][info][gc,cpu         ] GC(194) User=0.01s Sys=0.00s Real=0.00s
[1748.463s][info][gc,marking     ] GC(194) Concurrent Mark 475.360ms
[1748.463s][info][gc,marking     ] GC(194) Concurrent Rebuild Remembered Sets and Scrub Regions
[1748.761s][info][gc,marking     ] GC(194) Concurrent Rebuild Remembered Sets and Scrub Regions 297.775ms
[1748.761s][info][gc,start       ] GC(194) Pause Cleanup
[1748.761s][info][gc             ] GC(194) Pause Cleanup 2745M->2745M(8192M) 0.293ms
[1748.761s][info][gc,cpu         ] GC(194) User=0.00s Sys=0.00s Real=0.00s
[1748.761s][info][gc,marking     ] GC(194) Concurrent Clear Claimed Marks
[1748.761s][info][gc,marking     ] GC(194) Concurrent Clear Claimed Marks 0.054ms
[1748.761s][info][gc,marking     ] GC(194) Concurrent Cleanup for Next Mark
[1748.769s][info][gc,marking     ] GC(194) Concurrent Cleanup for Next Mark 8.277ms
[1748.769s][info][gc             ] GC(194) Concurrent Mark Cycle 948.871ms
...............[1763.722s][info][gc,start       ] GC(195) Pause Young (Prepare Mixed) (G1 Evacuation Pause)
[1763.722s][info][gc,task        ] GC(195) Using 8 workers of 8 for evacuation
[1763.855s][info][gc,phases      ] GC(195)   Pre Evacuate Collection Set: 0.28ms
[1763.856s][info][gc,phases      ] GC(195)   Merge Heap Roots: 0.66ms
[1763.856s][info][gc,phases      ] GC(195)   Evacuate Collection Set: 131.28ms
[1763.856s][info][gc,phases      ] GC(195)   Post Evacuate Collection Set: 0.95ms
[1763.856s][info][gc,phases      ] GC(195)   Other: 0.07ms
[1763.856s][info][gc,heap        ] GC(195) Eden regions: 428->0(577)
[1763.856s][info][gc,heap        ] GC(195) Survivor regions: 37->37(59)
[1763.856s][info][gc,heap        ] GC(195) Old regions: 243->251
[1763.856s][info][gc,heap        ] GC(195) Humongous regions: 33->33
[1763.856s][info][gc,metaspace   ] GC(195) Metaspace: 29955K(30144K)->29955K(30144K) NonClass: 29955K(30144K)->29955K(30144K) Class: 0K(0K)->0K(0K)
[1763.856s][info][gc             ] GC(195) Pause Young (Prepare Mixed) (G1 Evacuation Pause) 5891M->2531M(8192M) 133.400ms
[1763.856s][info][gc,cpu         ] GC(195) User=1.05s Sys=0.01s Real=0.13s
......................[1785.360s][info][gc,start       ] GC(196) Pause Young (Mixed) (G1 Evacuation Pause)
[1785.360s][info][gc,task        ] GC(196) Using 8 workers of 8 for evacuation
[1785.514s][info][gc,phases      ] GC(196)   Pre Evacuate Collection Set: 0.30ms
[1785.514s][info][gc,phases      ] GC(196)   Merge Heap Roots: 0.98ms
[1785.514s][info][gc,phases      ] GC(196)   Evacuate Collection Set: 151.43ms
[1785.514s][info][gc,phases      ] GC(196)   Post Evacuate Collection Set: 1.28ms
[1785.514s][info][gc,phases      ] GC(196)   Other: 0.08ms
[1785.514s][info][gc,heap        ] GC(196) Eden regions: 577->0(567)
[1785.514s][info][gc,heap        ] GC(196) Survivor regions: 37->47(77)
[1785.514s][info][gc,heap        ] GC(196) Old regions: 251->151
[1785.514s][info][gc,heap        ] GC(196) Humongous regions: 33->33
[1785.514s][info][gc,metaspace   ] GC(196) Metaspace: 29955K(30144K)->29955K(30144K) NonClass: 29955K(30144K)->29955K(30144K) Class: 0K(0K)->0K(0K)
[1785.514s][info][gc             ] GC(196) Pause Young (Mixed) (G1 Evacuation Pause) 7147M->1825M(8192M) 154.194ms
[1785.514s][info][gc,cpu         ] GC(196) User=1.22s Sys=0.00s Real=0.15s
. (rIR:aIR:PR = 1799:1799:1799) (tPR = 26695) [OK] 
  1786s: Performance info:
         Transaction,    Success,    Partial,     Failed,   Receipts, AvgBarcode, 
             Overall,     108006,          0,          0,     102624,      59.48, 
         Response times:
             Request,    Success,    Partial,     Failed,   SkipFail,     Probes,    Samples,      min,      p50,      p90,      p95,      p99,      max, 
       TotalPurchase,     102624,          0,          0,          0,      99810,     109786,      300,     1400,     2300,     2500,     4200,   163000,
     InStorePurchase,      54043,          0,          0,          0,      52726,      57828,      300,     1400,     2300,     2500,     4171,   163000,
      OnlinePurchase,      37774,          0,          0,          0,      36771,      40429,      300,     1400,     2300,     2500,     4200,   161000,
        InstPurchase,      10807,          0,          0,          0,      10313,      11529,      400,     1600,     2400,     2600,     4200,   161000,
          AssocOfCat,        109,          0,          0,          0,         98,        116,    18900,    26000,    30000,    31450,    69920,    74000,
      AssocOfProduct,       1074,          0,          0,          0,        944,       1140,      800,     2000,     2700,     2900,     6721,    17900,
      BusinessReport,        268,          0,          0,          0,        211,        312,    19100,    28000,    33000,    40000,    83220,   189000,
          CustBuyBeh,       1079,          0,          0,          0,        945,       1115,      200,     1000,     2000,     2300,     4468,   139000,
       ProductReturn,       2852,          0,          0,          0,       2642,       3088,      200,     1300,     2200,     2400,     5200,   157000,

  1786s: (14%)   IR =   1937 .......|............[1805.331s][info][gc,start       ] GC(197) Pause Young (Mixed) (G1 Evacuation Pause)
[1805.331s][info][gc,task        ] GC(197) Using 8 workers of 8 for evacuation
[1805.493s][info][gc,phases      ] GC(197)   Pre Evacuate Collection Set: 0.28ms
[1805.493s][info][gc,phases      ] GC(197)   Merge Heap Roots: 0.81ms
[1805.493s][info][gc,phases      ] GC(197)   Evacuate Collection Set: 159.56ms
[1805.493s][info][gc,phases      ] GC(197)   Post Evacuate Collection Set: 1.08ms
[1805.493s][info][gc,phases      ] GC(197)   Other: 0.07ms
[1805.493s][info][gc,heap        ] GC(197) Eden regions: 567->0(567)
[1805.493s][info][gc,heap        ] GC(197) Survivor regions: 47->47(77)
[1805.493s][info][gc,heap        ] GC(197) Old regions: 151->136
[1805.493s][info][gc,heap        ] GC(197) Humongous regions: 33->33
[1805.493s][info][gc,metaspace   ] GC(197) Metaspace: 29958K(30144K)->29958K(30144K) NonClass: 29958K(30144K)->29958K(30144K) Class: 0K(0K)->0K(0K)
[1805.493s][info][gc             ] GC(197) Pause Young (Mixed) (G1 Evacuation Pause) 6361M->1714M(8192M) 161.935ms
[1805.493s][info][gc,cpu         ] GC(197) User=1.29s Sys=0.01s Real=0.16s
...................[1825.031s][info][gc,start       ] GC(198) Pause Young (Normal) (G1 Evacuation Pause)
[1825.031s][info][gc,task        ] GC(198) Using 8 workers of 8 for evacuation
[1825.184s][info][gc,phases      ] GC(198)   Pre Evacuate Collection Set: 0.25ms
[1825.184s][info][gc,phases      ] GC(198)   Merge Heap Roots: 0.60ms
[1825.184s][info][gc,phases      ] GC(198)   Evacuate Collection Set: 150.82ms
[1825.184s][info][gc,phases      ] GC(198)   Post Evacuate Collection Set: 1.02ms
[1825.184s][info][gc,phases      ] GC(198)   Other: 0.06ms
[1825.184s][info][gc,heap        ] GC(198) Eden regions: 567->0(571)
[1825.184s][info][gc,heap        ] GC(198) Survivor regions: 47->43(77)
[1825.184s][info][gc,heap        ] GC(198) Old regions: 136->146
[1825.184s][info][gc,heap        ] GC(198) Humongous regions: 33->33
[1825.184s][info][gc,metaspace   ] GC(198) Metaspace: 29958K(30144K)->29958K(30144K) NonClass: 29958K(30144K)->29958K(30144K) Class: 0K(0K)->0K(0K)
[1825.184s][info][gc             ] GC(198) Pause Young (Normal) (G1 Evacuation Pause) 6250M->1759M(8192M) 152.884ms
[1825.184s][info][gc,cpu         ] GC(198) User=1.21s Sys=0.01s Real=0.15s
....................[1844.900s][info][gc,start       ] GC(199) Pause Young (Normal) (G1 Evacuation Pause)
[1844.900s][info][gc,task        ] GC(199) Using 8 workers of 8 for evacuation
[1845.044s][info][gc,phases      ] GC(199)   Pre Evacuate Collection Set: 0.28ms
[1845.044s][info][gc,phases      ] GC(199)   Merge Heap Roots: 0.65ms
[1845.044s][info][gc,phases      ] GC(199)   Evacuate Collection Set: 141.32ms
[1845.044s][info][gc,phases      ] GC(199)   Post Evacuate Collection Set: 1.04ms
[1845.044s][info][gc,phases      ] GC(199)   Other: 0.08ms
[1845.044s][info][gc,heap        ] GC(199) Eden regions: 571->0(572)
[1845.044s][info][gc,heap        ] GC(199) Survivor regions: 43->42(77)
[1845.044s][info][gc,heap        ] GC(199) Old regions: 146->153
[1845.044s][info][gc,heap        ] GC(199) Humongous regions: 33->33
[1845.044s][info][gc,metaspace   ] GC(199) Metaspace: 29959K(30144K)->29959K(30144K) NonClass: 29959K(30144K)->29959K(30144K) Class: 0K(0K)->0K(0K)
[1845.044s][info][gc             ] GC(199) Pause Young (Normal) (G1 Evacuation Pause) 6327M->1810M(8192M) 143.518ms
[1845.044s][info][gc,cpu         ] GC(199) User=1.14s Sys=0.00s Real=0.14s
......... (rIR:aIR:PR = 1937:1937:1937) (tPR = 28840) [OK] 
  1853s: Performance info:
         Transaction,    Success,    Partial,     Failed,   Receipts, AvgBarcode, 
             Overall,     116291,          0,          0,     110469,      59.48, 
         Response times:
             Request,    Success,    Partial,     Failed,   SkipFail,     Probes,    Samples,      min,      p50,      p90,      p95,      p99,      max, 
       TotalPurchase,     110469,          0,          0,          0,     107362,     121795,      300,     1500,     2400,     2600,     3300,   170000,
     InStorePurchase,      58124,          0,          0,          0,      56722,      64118,      400,     1400,     2300,     2500,     3200,   170000,
      OnlinePurchase,      40700,          0,          0,          0,      39558,      44894,      300,     1500,     2400,     2600,     3400,   170000,
        InstPurchase,      11645,          0,          0,          0,      11082,      12783,      500,     1600,     2400,     2600,     3400,   170000,
          AssocOfCat,        118,          0,          0,          0,        112,        129,    18400,    25000,    30000,    32500,    42900,    45000,
      AssocOfProduct,       1165,          0,          0,          0,       1016,       1277,      700,     1900,     2600,     2900,     3722,   166000,
      BusinessReport,        295,          0,          0,          0,        215,        275,    18800,    28000,    32000,    35000,    39720,    49000,
          CustBuyBeh,       1166,          0,          0,          0,       1033,       1283,      200,     1100,     2200,     2400,     2816,    12100,
       ProductReturn,       3078,          0,          0,          0,       2862,       3449,      200,     1600,     2300,     2600,     4050,   165000,

  1853s: (15%)   IR =   2076 ....|......[1864.138s][info][gc,start       ] GC(200) Pause Young (Normal) (G1 Evacuation Pause)
[1864.138s][info][gc,task        ] GC(200) Using 8 workers of 8 for evacuation
[1864.287s][info][gc,phases      ] GC(200)   Pre Evacuate Collection Set: 0.27ms
[1864.287s][info][gc,phases      ] GC(200)   Merge Heap Roots: 0.58ms
[1864.287s][info][gc,phases      ] GC(200)   Evacuate Collection Set: 146.59ms
[1864.287s][info][gc,phases      ] GC(200)   Post Evacuate Collection Set: 1.03ms
[1864.287s][info][gc,phases      ] GC(200)   Other: 0.08ms
[1864.287s][info][gc,heap        ] GC(200) Eden regions: 572->0(571)
[1864.287s][info][gc,heap        ] GC(200) Survivor regions: 42->43(77)
[1864.287s][info][gc,heap        ] GC(200) Old regions: 153->160
[1864.287s][info][gc,heap        ] GC(200) Humongous regions: 33->33
[1864.287s][info][gc,metaspace   ] GC(200) Metaspace: 29962K(30144K)->29962K(30144K) NonClass: 29962K(30144K)->29962K(30144K) Class: 0K(0K)->0K(0K)
[1864.287s][info][gc             ] GC(200) Pause Young (Normal) (G1 Evacuation Pause) 6386M->1866M(8192M) 148.668ms
[1864.287s][info][gc,cpu         ] GC(200) User=1.17s Sys=0.00s Real=0.14s
...................[1882.681s][info][gc,start       ] GC(201) Pause Young (Normal) (G1 Evacuation Pause)
[1882.681s][info][gc,task        ] GC(201) Using 8 workers of 8 for evacuation
[1882.825s][info][gc,phases      ] GC(201)   Pre Evacuate Collection Set: 0.26ms
[1882.825s][info][gc,phases      ] GC(201)   Merge Heap Roots: 0.58ms
[1882.825s][info][gc,phases      ] GC(201)   Evacuate Collection Set: 142.12ms
[1882.825s][info][gc,phases      ] GC(201)   Post Evacuate Collection Set: 1.00ms
[1882.825s][info][gc,phases      ] GC(201)   Other: 0.08ms
[1882.825s][info][gc,heap        ] GC(201) Eden regions: 571->0(572)
[1882.825s][info][gc,heap        ] GC(201) Survivor regions: 43->42(77)
[1882.825s][info][gc,heap        ] GC(201) Old regions: 160->166
[1882.825s][info][gc,heap        ] GC(201) Humongous regions: 33->33
[1882.825s][info][gc,metaspace   ] GC(201) Metaspace: 29962K(30144K)->29962K(30144K) NonClass: 29962K(30144K)->29962K(30144K) Class: 0K(0K)->0K(0K)
[1882.825s][info][gc             ] GC(201) Pause Young (Normal) (G1 Evacuation Pause) 6434M->1915M(8192M) 144.189ms
[1882.825s][info][gc,cpu         ] GC(201) User=1.14s Sys=0.00s Real=0.14s
...................[1901.338s][info][gc,start       ] GC(202) Pause Young (Normal) (G1 Evacuation Pause)
[1901.338s][info][gc,task        ] GC(202) Using 8 workers of 8 for evacuation
[1901.483s][info][gc,phases      ] GC(202)   Pre Evacuate Collection Set: 0.24ms
[1901.483s][info][gc,phases      ] GC(202)   Merge Heap Roots: 0.52ms
[1901.483s][info][gc,phases      ] GC(202)   Evacuate Collection Set: 143.37ms
[1901.483s][info][gc,phases      ] GC(202)   Post Evacuate Collection Set: 1.00ms
[1901.483s][info][gc,phases      ] GC(202)   Other: 0.07ms
[1901.483s][info][gc,heap        ] GC(202) Eden regions: 572->0(571)
[1901.483s][info][gc,heap        ] GC(202) Survivor regions: 42->43(77)
[1901.483s][info][gc,heap        ] GC(202) Old regions: 166->173
[1901.483s][info][gc,heap        ] GC(202) Humongous regions: 33->33
[1901.483s][info][gc,metaspace   ] GC(202) Metaspace: 29962K(30144K)->29962K(30144K) NonClass: 29962K(30144K)->29962K(30144K) Class: 0K(0K)->0K(0K)
[1901.483s][info][gc             ] GC(202) Pause Young (Normal) (G1 Evacuation Pause) 6491M->1975M(8192M) 145.323ms
[1901.483s][info][gc,cpu         ] GC(202) User=1.15s Sys=0.00s Real=0.14s
................ (rIR:aIR:PR = 2076:2076:2076) (tPR = 31038) [OK] 
  1917s: Performance info:
         Transaction,    Success,    Partial,     Failed,   Receipts, AvgBarcode, 
             Overall,     124614,          0,          0,     118379,      59.48, 
         Response times:
             Request,    Success,    Partial,     Failed,   SkipFail,     Probes,    Samples,      min,      p50,      p90,      p95,      p99,      max, 
       TotalPurchase,     118379,          0,          0,          0,     114937,     124379,      300,     1600,     2500,     2800,     3800,   159000,
     InStorePurchase,      62290,          0,          0,          0,      60586,      65233,      300,     1500,     2500,     2700,     3800,   159000,
      OnlinePurchase,      43632,          0,          0,          0,      42393,      45909,      300,     1600,     2500,     2800,     3800,   159000,
        InstPurchase,      12457,          0,          0,          0,      11958,      13237,      400,     1500,     2500,     2800,     3600,   155000,
          AssocOfCat,        124,          0,          0,          0,         86,        121,    19600,    26000,    31800,    36000,    48900,    50000,
      AssocOfProduct,       1242,          0,          0,          0,       1111,       1311,      500,     1300,     2700,     2900,     3500,   147000,
      BusinessReport,        312,          0,          0,          0,        240,        322,    19400,    27000,    32000,    35700,    50080,   185000,
          CustBuyBeh,       1251,          0,          0,          0,       1095,       1267,      200,     1200,     2200,     2500,     3400,   148000,
       ProductReturn,       3306,          0,          0,          0,       3049,       3484,      200,     1400,     2400,     2700,     3900,   155000,

  1917s: (16%)   IR =   2214 ..[1919.714s][info][gc,start       ] GC(203) Pause Young (Normal) (G1 Evacuation Pause)
[1919.714s][info][gc,task        ] GC(203) Using 8 workers of 8 for evacuation
[1919.858s][info][gc,phases      ] GC(203)   Pre Evacuate Collection Set: 0.29ms
[1919.858s][info][gc,phases      ] GC(203)   Merge Heap Roots: 0.65ms
[1919.858s][info][gc,phases      ] GC(203)   Evacuate Collection Set: 142.00ms
[1919.858s][info][gc,phases      ] GC(203)   Post Evacuate Collection Set: 1.06ms
[1919.858s][info][gc,phases      ] GC(203)   Other: 0.06ms
[1919.858s][info][gc,heap        ] GC(203) Eden regions: 571->0(572)
[1919.858s][info][gc,heap        ] GC(203) Survivor regions: 43->42(77)
[1919.858s][info][gc,heap        ] GC(203) Old regions: 173->180
[1919.858s][info][gc,heap        ] GC(203) Humongous regions: 33->33
[1919.858s][info][gc,metaspace   ] GC(203) Metaspace: 29964K(30144K)->29964K(30144K) NonClass: 29964K(30144K)->29964K(30144K) Class: 0K(0K)->0K(0K)
[1919.858s][info][gc             ] GC(203) Pause Young (Normal) (G1 Evacuation Pause) 6543M->2023M(8192M) 144.225ms
[1919.858s][info][gc,cpu         ] GC(203) User=1.14s Sys=0.00s Real=0.15s
.....|............[1937.168s][info][gc,start       ] GC(204) Pause Young (Normal) (G1 Evacuation Pause)
[1937.168s][info][gc,task        ] GC(204) Using 8 workers of 8 for evacuation
[1937.313s][info][gc,phases      ] GC(204)   Pre Evacuate Collection Set: 0.26ms
[1937.313s][info][gc,phases      ] GC(204)   Merge Heap Roots: 0.59ms
[1937.313s][info][gc,phases      ] GC(204)   Evacuate Collection Set: 142.94ms
[1937.313s][info][gc,phases      ] GC(204)   Post Evacuate Collection Set: 1.02ms
[1937.313s][info][gc,phases      ] GC(204)   Other: 0.06ms
[1937.313s][info][gc,heap        ] GC(204) Eden regions: 572->0(571)
[1937.313s][info][gc,heap        ] GC(204) Survivor regions: 42->43(77)
[1937.313s][info][gc,heap        ] GC(204) Old regions: 180->187
[1937.313s][info][gc,heap        ] GC(204) Humongous regions: 33->33
[1937.313s][info][gc,metaspace   ] GC(204) Metaspace: 29964K(30144K)->29964K(30144K) NonClass: 29964K(30144K)->29964K(30144K) Class: 0K(0K)->0K(0K)
[1937.313s][info][gc             ] GC(204) Pause Young (Normal) (G1 Evacuation Pause) 6599M->2085M(8192M) 145.006ms
[1937.313s][info][gc,cpu         ] GC(204) User=1.14s Sys=0.00s Real=0.14s
..................[1954.601s][info][gc,start       ] GC(205) Pause Young (Normal) (G1 Evacuation Pause)
[1954.602s][info][gc,task        ] GC(205) Using 8 workers of 8 for evacuation
[1954.746s][info][gc,phases      ] GC(205)   Pre Evacuate Collection Set: 0.28ms
[1954.747s][info][gc,phases      ] GC(205)   Merge Heap Roots: 0.55ms
[1954.747s][info][gc,phases      ] GC(205)   Evacuate Collection Set: 143.07ms
[1954.747s][info][gc,phases      ] GC(205)   Post Evacuate Collection Set: 0.99ms
[1954.747s][info][gc,phases      ] GC(205)   Other: 0.07ms
[1954.747s][info][gc,heap        ] GC(205) Eden regions: 571->0(571)
[1954.747s][info][gc,heap        ] GC(205) Survivor regions: 43->43(77)
[1954.747s][info][gc,heap        ] GC(205) Old regions: 187->194
[1954.747s][info][gc,heap        ] GC(205) Humongous regions: 33->33
[1954.747s][info][gc,metaspace   ] GC(205) Metaspace: 29964K(30144K)->29964K(30144K) NonClass: 29964K(30144K)->29964K(30144K) Class: 0K(0K)->0K(0K)
[1954.747s][info][gc             ] GC(205) Pause Young (Normal) (G1 Evacuation Pause) 6653M->2140M(8192M) 145.107ms
[1954.747s][info][gc,cpu         ] GC(205) User=1.15s Sys=0.00s Real=0.14s
.................[1972.075s][info][gc,start       ] GC(206) Pause Young (Normal) (G1 Evacuation Pause)
[1972.075s][info][gc,task        ] GC(206) Using 8 workers of 8 for evacuation
[1972.219s][info][gc,phases      ] GC(206)   Pre Evacuate Collection Set: 0.27ms
[1972.219s][info][gc,phases      ] GC(206)   Merge Heap Roots: 0.53ms
[1972.219s][info][gc,phases      ] GC(206)   Evacuate Collection Set: 142.26ms
[1972.219s][info][gc,phases      ] GC(206)   Post Evacuate Collection Set: 1.07ms
[1972.219s][info][gc,phases      ] GC(206)   Other: 0.07ms
[1972.219s][info][gc,heap        ] GC(206) Eden regions: 571->0(572)
[1972.219s][info][gc,heap        ] GC(206) Survivor regions: 43->42(77)
[1972.219s][info][gc,heap        ] GC(206) Old regions: 194->201
[1972.219s][info][gc,heap        ] GC(206) Humongous regions: 33->33
[1972.219s][info][gc,metaspace   ] GC(206) Metaspace: 29964K(30144K)->29964K(30144K) NonClass: 29964K(30144K)->29964K(30144K) Class: 0K(0K)->0K(0K)
[1972.219s][info][gc             ] GC(206) Pause Young (Normal) (G1 Evacuation Pause) 6708M->2193M(8192M) 144.339ms
[1972.219s][info][gc,cpu         ] GC(206) User=1.15s Sys=0.00s Real=0.15s
............. (rIR:aIR:PR = 2214:2214:2214) (tPR = 32885) [OK] 
  1984s: Performance info:
         Transaction,    Success,    Partial,     Failed,   Receipts, AvgBarcode, 
             Overall,     132926,          0,          0,     126260,      59.48, 
         Response times:
             Request,    Success,    Partial,     Failed,   SkipFail,     Probes,    Samples,      min,      p50,      p90,      p95,      p99,      max, 
       TotalPurchase,     126260,          0,          0,          0,     122630,     139119,      300,     1600,     2600,     2900,     4500,   156000,
     InStorePurchase,      66461,          0,          0,          0,      64746,      73122,      400,     1600,     2600,     2900,     4500,   152000,
      OnlinePurchase,      46515,          0,          0,          0,      45162,      51349,      300,     1700,     2700,     2900,     4600,   150000,
        InstPurchase,      13284,          0,          0,          0,      12722,      14648,      400,     1500,     2600,     2900,     4400,   156000,
          AssocOfCat,        133,          0,          0,          0,         99,        147,    17900,    26000,    32000,    35000,    44120,    47000,
      AssocOfProduct,       1328,          0,          0,          0,       1200,       1522,      500,     1300,     2700,     2985,     3500,   150000,
      BusinessReport,        332,          0,          0,          0,        251,        340,    19600,    28000,    34000,    38950,    50000,    57000,
          CustBuyBeh,       1329,          0,          0,          0,       1174,       1408,      200,      750,     2400,     2700,     3946,   150000,
       ProductReturn,       3544,          0,          0,          0,       3299,       3870,      200,     1400,     2500,     2800,     5029,   150000,

  1984s: (17%)   IR =   2352 ....[1989.145s][info][gc,start       ] GC(207) Pause Young (Normal) (G1 Evacuation Pause)
[1989.145s][info][gc,task        ] GC(207) Using 8 workers of 8 for evacuation
[1989.289s][info][gc,phases      ] GC(207)   Pre Evacuate Collection Set: 0.31ms
[1989.289s][info][gc,phases      ] GC(207)   Merge Heap Roots: 0.65ms
[1989.289s][info][gc,phases      ] GC(207)   Evacuate Collection Set: 142.10ms
[1989.289s][info][gc,phases      ] GC(207)   Post Evacuate Collection Set: 1.08ms
[1989.289s][info][gc,phases      ] GC(207)   Other: 0.07ms
[1989.289s][info][gc,heap        ] GC(207) Eden regions: 572->0(572)
[1989.289s][info][gc,heap        ] GC(207) Survivor regions: 42->42(77)
[1989.289s][info][gc,heap        ] GC(207) Old regions: 201->208
[1989.289s][info][gc,heap        ] GC(207) Humongous regions: 33->33
[1989.289s][info][gc,metaspace   ] GC(207) Metaspace: 29965K(30144K)->29965K(30144K) NonClass: 29965K(30144K)->29965K(30144K) Class: 0K(0K)->0K(0K)
[1989.289s][info][gc             ] GC(207) Pause Young (Normal) (G1 Evacuation Pause) 6769M->2250M(8192M) 144.363ms
[1989.289s][info][gc,cpu         ] GC(207) User=1.14s Sys=0.00s Real=0.15s
..|...............[2005.634s][info][gc,start       ] GC(208) Pause Young (Normal) (G1 Evacuation Pause)
[2005.634s][info][gc,task        ] GC(208) Using 8 workers of 8 for evacuation
[2005.779s][info][gc,phases      ] GC(208)   Pre Evacuate Collection Set: 0.28ms
[2005.779s][info][gc,phases      ] GC(208)   Merge Heap Roots: 0.60ms
[2005.779s][info][gc,phases      ] GC(208)   Evacuate Collection Set: 143.26ms
[2005.779s][info][gc,phases      ] GC(208)   Post Evacuate Collection Set: 1.01ms
[2005.779s][info][gc,phases      ] GC(208)   Other: 0.08ms
[2005.779s][info][gc,heap        ] GC(208) Eden regions: 572->0(571)
[2005.779s][info][gc,heap        ] GC(208) Survivor regions: 42->43(77)
[2005.779s][info][gc,heap        ] GC(208) Old regions: 208->215
[2005.779s][info][gc,heap        ] GC(208) Humongous regions: 33->33
[2005.779s][info][gc,metaspace   ] GC(208) Metaspace: 29965K(30144K)->29965K(30144K) NonClass: 29965K(30144K)->29965K(30144K) Class: 0K(0K)->0K(0K)
[2005.779s][info][gc             ] GC(208) Pause Young (Normal) (G1 Evacuation Pause) 6826M->2312M(8192M) 145.374ms
[2005.779s][info][gc,cpu         ] GC(208) User=1.15s Sys=0.00s Real=0.15s
................[2022.063s][info][gc,start       ] GC(209) Pause Young (Normal) (G1 Evacuation Pause)
[2022.063s][info][gc,task        ] GC(209) Using 8 workers of 8 for evacuation
[2022.209s][info][gc,phases      ] GC(209)   Pre Evacuate Collection Set: 0.28ms
[2022.209s][info][gc,phases      ] GC(209)   Merge Heap Roots: 0.67ms
[2022.209s][info][gc,phases      ] GC(209)   Evacuate Collection Set: 144.16ms
[2022.210s][info][gc,phases      ] GC(209)   Post Evacuate Collection Set: 1.08ms
[2022.210s][info][gc,phases      ] GC(209)   Other: 0.07ms
[2022.210s][info][gc,heap        ] GC(209) Eden regions: 571->0(572)
[2022.210s][info][gc,heap        ] GC(209) Survivor regions: 43->42(77)
[2022.210s][info][gc,heap        ] GC(209) Old regions: 215->222
[2022.210s][info][gc,heap        ] GC(209) Humongous regions: 33->33
[2022.210s][info][gc,metaspace   ] GC(209) Metaspace: 29965K(30144K)->29965K(30144K) NonClass: 29965K(30144K)->29965K(30144K) Class: 0K(0K)->0K(0K)
[2022.210s][info][gc             ] GC(209) Pause Young (Normal) (G1 Evacuation Pause) 6880M->2359M(8192M) 146.390ms
[2022.210s][info][gc,cpu         ] GC(209) User=1.16s Sys=0.00s Real=0.15s
................[2038.393s][info][gc,start       ] GC(210) Pause Young (Normal) (G1 Evacuation Pause)
[2038.393s][info][gc,task        ] GC(210) Using 8 workers of 8 for evacuation
[2038.538s][info][gc,phases      ] GC(210)   Pre Evacuate Collection Set: 0.27ms
[2038.538s][info][gc,phases      ] GC(210)   Merge Heap Roots: 0.60ms
[2038.538s][info][gc,phases      ] GC(210)   Evacuate Collection Set: 143.54ms
[2038.538s][info][gc,phases      ] GC(210)   Post Evacuate Collection Set: 1.04ms
[2038.538s][info][gc,phases      ] GC(210)   Other: 0.09ms
[2038.538s][info][gc,heap        ] GC(210) Eden regions: 572->0(572)
[2038.538s][info][gc,heap        ] GC(210) Survivor regions: 42->42(77)
[2038.538s][info][gc,heap        ] GC(210) Old regions: 222->229
[2038.538s][info][gc,heap        ] GC(210) Humongous regions: 33->33
[2038.538s][info][gc,metaspace   ] GC(210) Metaspace: 29965K(30144K)->29965K(30144K) NonClass: 29965K(30144K)->29965K(30144K) Class: 0K(0K)->0K(0K)
[2038.538s][info][gc             ] GC(210) Pause Young (Normal) (G1 Evacuation Pause) 6935M->2414M(8192M) 145.661ms
[2038.538s][info][gc,cpu         ] GC(210) User=1.15s Sys=0.00s Real=0.15s
............. (rIR:aIR:PR = 2352:2350:2350) (tPR = 34840) [OK] 
  2050s: Performance info:
         Transaction,    Success,    Partial,     Failed,   Receipts, AvgBarcode, 
             Overall,     141334,          0,          0,     134276,      59.47, 
         Response times:
             Request,    Success,    Partial,     Failed,   SkipFail,     Probes,    Samples,      min,      p50,      p90,      p95,      p99,      max, 
       TotalPurchase,     134276,          0,          0,          0,     131261,     146096,      300,     1700,     2800,     3000,     4000,   174000,
     InStorePurchase,      70676,          0,          0,          0,      69316,      76867,      300,     1600,     2700,     3000,     3900,   174000,
      OnlinePurchase,      49448,          0,          0,          0,      48311,      53784,      400,     1800,     2800,     3100,     4000,   154000,
        InstPurchase,      14152,          0,          0,          0,      13634,      15445,      400,     1900,     2900,     3100,     4600,   154000,
          AssocOfCat,        139,          0,          0,          0,        100,        164,    18200,    26000,    33000,    35750,    45000,    45000,
      AssocOfProduct,       1411,          0,          0,          0,       1246,       1497,      700,     2200,     3100,     3300,     9900,   151000,
      BusinessReport,        354,          0,          0,          0,        271,        371,    18900,    28000,    33000,    36400,    50840,   189000,
          CustBuyBeh,       1416,          0,          0,          0,       1243,       1477,      200,     1500,     2500,     2900,     4998,   150000,
       ProductReturn,       3739,          0,          0,          0,       3455,       3984,      200,     1300,     2500,     2875,     4200,   150000,

  2050s: (18%)   IR =   2491 ....[2054.582s][info][gc,start       ] GC(211) Pause Young (Normal) (G1 Evacuation Pause)
[2054.582s][info][gc,task        ] GC(211) Using 8 workers of 8 for evacuation
[2054.729s][info][gc,phases      ] GC(211)   Pre Evacuate Collection Set: 0.29ms
[2054.729s][info][gc,phases      ] GC(211)   Merge Heap Roots: 0.62ms
[2054.729s][info][gc,phases      ] GC(211)   Evacuate Collection Set: 145.06ms
[2054.729s][info][gc,phases      ] GC(211)   Post Evacuate Collection Set: 1.05ms
[2054.729s][info][gc,phases      ] GC(211)   Other: 0.06ms
[2054.729s][info][gc,heap        ] GC(211) Eden regions: 572->0(571)
[2054.729s][info][gc,heap        ] GC(211) Survivor regions: 42->43(77)
[2054.729s][info][gc,heap        ] GC(211) Old regions: 229->236
[2054.729s][info][gc,heap        ] GC(211) Humongous regions: 33->33
[2054.729s][info][gc,metaspace   ] GC(211) Metaspace: 29965K(30144K)->29965K(30144K) NonClass: 29965K(30144K)->29965K(30144K) Class: 0K(0K)->0K(0K)
[2054.729s][info][gc             ] GC(211) Pause Young (Normal) (G1 Evacuation Pause) 6990M->2474M(8192M) 147.234ms
[2054.729s][info][gc,cpu         ] GC(211) User=1.16s Sys=0.00s Real=0.15s
.....|..........[2070.109s][info][gc,start       ] GC(212) Pause Young (Normal) (G1 Evacuation Pause)
[2070.109s][info][gc,task        ] GC(212) Using 8 workers of 8 for evacuation
[2070.254s][info][gc,phases      ] GC(212)   Pre Evacuate Collection Set: 0.28ms
[2070.254s][info][gc,phases      ] GC(212)   Merge Heap Roots: 0.59ms
[2070.254s][info][gc,phases      ] GC(212)   Evacuate Collection Set: 143.35ms
[2070.254s][info][gc,phases      ] GC(212)   Post Evacuate Collection Set: 1.07ms
[2070.254s][info][gc,phases      ] GC(212)   Other: 0.07ms
[2070.254s][info][gc,heap        ] GC(212) Eden regions: 571->0(572)
[2070.254s][info][gc,heap        ] GC(212) Survivor regions: 43->42(77)
[2070.254s][info][gc,heap        ] GC(212) Old regions: 236->242
[2070.254s][info][gc,heap        ] GC(212) Humongous regions: 33->33
[2070.254s][info][gc,metaspace   ] GC(212) Metaspace: 29965K(30144K)->29965K(30144K) NonClass: 29965K(30144K)->29965K(30144K) Class: 0K(0K)->0K(0K)
[2070.254s][info][gc             ] GC(212) Pause Young (Normal) (G1 Evacuation Pause) 7042M->2523M(8192M) 145.485ms
[2070.254s][info][gc,cpu         ] GC(212) User=1.15s Sys=0.00s Real=0.14s
...............[2085.556s][info][gc,start       ] GC(213) Pause Young (Normal) (G1 Evacuation Pause)
[2085.556s][info][gc,task        ] GC(213) Using 8 workers of 8 for evacuation
[2085.703s][info][gc,phases      ] GC(213)   Pre Evacuate Collection Set: 0.29ms
[2085.703s][info][gc,phases      ] GC(213)   Merge Heap Roots: 0.61ms
[2085.703s][info][gc,phases      ] GC(213)   Evacuate Collection Set: 144.82ms
[2085.703s][info][gc,phases      ] GC(213)   Post Evacuate Collection Set: 1.08ms
[2085.703s][info][gc,phases      ] GC(213)   Other: 0.07ms
[2085.703s][info][gc,heap        ] GC(213) Eden regions: 572->0(571)
[2085.703s][info][gc,heap        ] GC(213) Survivor regions: 42->43(77)
[2085.703s][info][gc,heap        ] GC(213) Old regions: 242->249
[2085.703s][info][gc,heap        ] GC(213) Humongous regions: 33->33
[2085.703s][info][gc,metaspace   ] GC(213) Metaspace: 29965K(30144K)->29965K(30144K) NonClass: 29965K(30144K)->29965K(30144K) Class: 0K(0K)->0K(0K)
[2085.703s][info][gc             ] GC(213) Pause Young (Normal) (G1 Evacuation Pause) 7099M->2583M(8192M) 147.029ms
[2085.703s][info][gc,cpu         ] GC(213) User=1.15s Sys=0.01s Real=0.15s
................[2101.045s][info][gc,start       ] GC(214) Pause Young (Normal) (G1 Evacuation Pause)
[2101.045s][info][gc,task        ] GC(214) Using 8 workers of 8 for evacuation
[2101.189s][info][gc,phases      ] GC(214)   Pre Evacuate Collection Set: 0.26ms
[2101.189s][info][gc,phases      ] GC(214)   Merge Heap Roots: 0.51ms
[2101.189s][info][gc,phases      ] GC(214)   Evacuate Collection Set: 142.00ms
[2101.189s][info][gc,phases      ] GC(214)   Post Evacuate Collection Set: 1.04ms
[2101.189s][info][gc,phases      ] GC(214)   Other: 0.08ms
[2101.189s][info][gc,heap        ] GC(214) Eden regions: 571->0(572)
[2101.189s][info][gc,heap        ] GC(214) Survivor regions: 43->42(77)
[2101.189s][info][gc,heap        ] GC(214) Old regions: 249->256
[2101.189s][info][gc,heap        ] GC(214) Humongous regions: 33->33
[2101.189s][info][gc,metaspace   ] GC(214) Metaspace: 29965K(30144K)->29965K(30144K) NonClass: 29965K(30144K)->29965K(30144K) Class: 0K(0K)->0K(0K)
[2101.189s][info][gc             ] GC(214) Pause Young (Normal) (G1 Evacuation Pause) 7151M->2634M(8192M) 144.026ms
[2101.189s][info][gc,cpu         ] GC(214) User=1.15s Sys=0.00s Real=0.15s
...............[2116.631s][info][gc,start       ] GC(215) Pause Young (Normal) (G1 Evacuation Pause)
[2116.631s][info][gc,task        ] GC(215) Using 8 workers of 8 for evacuation
[2116.777s][info][gc,phases      ] GC(215)   Pre Evacuate Collection Set: 0.27ms
[2116.777s][info][gc,phases      ] GC(215)   Merge Heap Roots: 0.60ms
[2116.777s][info][gc,phases      ] GC(215)   Evacuate Collection Set: 143.58ms
[2116.777s][info][gc,phases      ] GC(215)   Post Evacuate Collection Set: 1.03ms
[2116.777s][info][gc,phases      ] GC(215)   Other: 0.06ms
[2116.777s][info][gc,heap        ] GC(215) Eden regions: 572->0(571)
[2116.777s][info][gc,heap        ] GC(215) Survivor regions: 42->43(77)
[2116.777s][info][gc,heap        ] GC(215) Old regions: 256->263
[2116.777s][info][gc,heap        ] GC(215) Humongous regions: 33->33
[2116.777s][info][gc,metaspace   ] GC(215) Metaspace: 29965K(30144K)->29965K(30144K) NonClass: 29965K(30144K)->29965K(30144K) Class: 0K(0K)->0K(0K)
[2116.777s][info][gc             ] GC(215) Pause Young (Normal) (G1 Evacuation Pause) 7210M->2694M(8192M) 145.666ms
[2116.777s][info][gc,cpu         ] GC(215) User=1.15s Sys=0.00s Real=0.14s
.... (rIR:aIR:PR = 2491:2492:2492) (tPR = 37049) [OK] 
  2119s: Performance info:
         Transaction,    Success,    Partial,     Failed,   Receipts, AvgBarcode, 
             Overall,     150063,          0,          0,     142562,      59.49, 
         Response times:
             Request,    Success,    Partial,     Failed,   SkipFail,     Probes,    Samples,      min,      p50,      p90,      p95,      p99,      max, 
       TotalPurchase,     142562,          0,          0,          0,     139117,     161521,      400,     1800,     2900,     3200,     6900,   155000,
     InStorePurchase,      75052,          0,          0,          0,      73456,      85033,      400,     1700,     2900,     3200,     6900,   155000,
      OnlinePurchase,      52492,          0,          0,          0,      51247,      59482,      400,     1900,     3000,     3300,     7100,   154000,
        InstPurchase,      15018,          0,          0,          0,      14414,      17006,      400,     1900,     3000,     3300,     6593,   154000,
          AssocOfCat,        148,          0,          0,          0,        113,        185,    19000,    27000,    34000,    44700,   172140,   173000,
      AssocOfProduct,       1507,          0,          0,          0,       1345,       1697,      500,     2400,     3300,     3600,    13510,   156000,
      BusinessReport,        377,          0,          0,          0,        291,        406,    18800,    29000,    36000,    39000,    53790,   195000,
          CustBuyBeh,       1498,          0,          0,          0,       1335,       1677,      200,     2000,     2900,     3200,     9320,    22000,
       ProductReturn,       3971,          0,          0,          0,       3711,       4549,      200,     1600,     2800,     3100,     4950,   154000,

  2119s: (19%)   IR =   2629 .......|....[2131.314s][info][gc,start       ] GC(216) Pause Young (Normal) (G1 Evacuation Pause)
[2131.314s][info][gc,task        ] GC(216) Using 8 workers of 8 for evacuation
[2131.461s][info][gc,phases      ] GC(216)   Pre Evacuate Collection Set: 0.25ms
[2131.461s][info][gc,phases      ] GC(216)   Merge Heap Roots: 0.52ms
[2131.461s][info][gc,phases      ] GC(216)   Evacuate Collection Set: 144.82ms
[2131.461s][info][gc,phases      ] GC(216)   Post Evacuate Collection Set: 1.04ms
[2131.461s][info][gc,phases      ] GC(216)   Other: 0.06ms
[2131.461s][info][gc,heap        ] GC(216) Eden regions: 571->0(571)
[2131.461s][info][gc,heap        ] GC(216) Survivor regions: 43->43(77)
[2131.461s][info][gc,heap        ] GC(216) Old regions: 263->270
[2131.461s][info][gc,heap        ] GC(216) Humongous regions: 33->33
[2131.461s][info][gc,metaspace   ] GC(216) Metaspace: 29965K(30144K)->29965K(30144K) NonClass: 29965K(30144K)->29965K(30144K) Class: 0K(0K)->0K(0K)
[2131.461s][info][gc             ] GC(216) Pause Young (Normal) (G1 Evacuation Pause) 7262M->2754M(8192M) 146.830ms
[2131.461s][info][gc,cpu         ] GC(216) User=1.16s Sys=0.00s Real=0.15s
...............[2145.979s][info][gc,start       ] GC(217) Pause Young (Normal) (G1 Evacuation Pause)
[2145.979s][info][gc,task        ] GC(217) Using 8 workers of 8 for evacuation
[2146.125s][info][gc,phases      ] GC(217)   Pre Evacuate Collection Set: 0.26ms
[2146.125s][info][gc,phases      ] GC(217)   Merge Heap Roots: 0.61ms
[2146.125s][info][gc,phases      ] GC(217)   Evacuate Collection Set: 144.13ms
[2146.125s][info][gc,phases      ] GC(217)   Post Evacuate Collection Set: 1.07ms
[2146.125s][info][gc,phases      ] GC(217)   Other: 0.07ms
[2146.125s][info][gc,heap        ] GC(217) Eden regions: 571->0(572)
[2146.125s][info][gc,heap        ] GC(217) Survivor regions: 43->42(77)
[2146.125s][info][gc,heap        ] GC(217) Old regions: 270->277
[2146.125s][info][gc,heap        ] GC(217) Humongous regions: 33->33
[2146.125s][info][gc,metaspace   ] GC(217) Metaspace: 29965K(30144K)->29965K(30144K) NonClass: 29965K(30144K)->29965K(30144K) Class: 0K(0K)->0K(0K)
[2146.125s][info][gc             ] GC(217) Pause Young (Normal) (G1 Evacuation Pause) 7322M->2800M(8192M) 146.286ms
[2146.125s][info][gc,cpu         ] GC(217) User=1.16s Sys=0.00s Real=0.14s
..............[2160.763s][info][gc,start       ] GC(218) Pause Young (Normal) (G1 Evacuation Pause)
[2160.763s][info][gc,task        ] GC(218) Using 8 workers of 8 for evacuation
[2160.909s][info][gc,phases      ] GC(218)   Pre Evacuate Collection Set: 0.28ms
[2160.909s][info][gc,phases      ] GC(218)   Merge Heap Roots: 0.62ms
[2160.909s][info][gc,phases      ] GC(218)   Evacuate Collection Set: 143.18ms
[2160.909s][info][gc,phases      ] GC(218)   Post Evacuate Collection Set: 1.08ms
[2160.909s][info][gc,phases      ] GC(218)   Other: 0.07ms
[2160.909s][info][gc,heap        ] GC(218) Eden regions: 572->0(569)
[2160.909s][info][gc,heap        ] GC(218) Survivor regions: 42->43(77)
[2160.909s][info][gc,heap        ] GC(218) Old regions: 277->284
[2160.909s][info][gc,heap        ] GC(218) Humongous regions: 33->33
[2160.909s][info][gc,metaspace   ] GC(218) Metaspace: 29965K(30144K)->29965K(30144K) NonClass: 29965K(30144K)->29965K(30144K) Class: 0K(0K)->0K(0K)
[2160.909s][info][gc             ] GC(218) Pause Young (Normal) (G1 Evacuation Pause) 7376M->2858M(8192M) 145.391ms
[2160.909s][info][gc,cpu         ] GC(218) User=1.15s Sys=0.00s Real=0.15s
...............[2175.265s][info][gc,start       ] GC(219) Pause Young (Normal) (G1 Evacuation Pause)
[2175.265s][info][gc,task        ] GC(219) Using 8 workers of 8 for evacuation
[2175.412s][info][gc,phases      ] GC(219)   Pre Evacuate Collection Set: 0.26ms
[2175.412s][info][gc,phases      ] GC(219)   Merge Heap Roots: 0.61ms
[2175.412s][info][gc,phases      ] GC(219)   Evacuate Collection Set: 145.17ms
[2175.412s][info][gc,phases      ] GC(219)   Post Evacuate Collection Set: 1.05ms
[2175.412s][info][gc,phases      ] GC(219)   Other: 0.06ms
[2175.412s][info][gc,heap        ] GC(219) Eden regions: 569->0(562)
[2175.412s][info][gc,heap        ] GC(219) Survivor regions: 43->43(77)
[2175.412s][info][gc,heap        ] GC(219) Old regions: 284->291
[2175.412s][info][gc,heap        ] GC(219) Humongous regions: 33->33
[2175.412s][info][gc,metaspace   ] GC(219) Metaspace: 29965K(30144K)->29965K(30144K) NonClass: 29965K(30144K)->29965K(30144K) Class: 0K(0K)->0K(0K)
[2175.412s][info][gc             ] GC(219) Pause Young (Normal) (G1 Evacuation Pause) 7410M->2914M(8192M) 147.292ms
[2175.412s][info][gc,cpu         ] GC(219) User=1.17s Sys=0.00s Real=0.15s
............ (rIR:aIR:PR = 2629:2628:2628) (tPR = 38727) [OK] 
  2186s: Performance info:
         Transaction,    Success,    Partial,     Failed,   Receipts, AvgBarcode, 
             Overall,     157990,          0,          0,     150112,      59.48, 
         Response times:
             Request,    Success,    Partial,     Failed,   SkipFail,     Probes,    Samples,      min,      p50,      p90,      p95,      p99,      max, 
       TotalPurchase,     150112,          0,          0,          0,     146469,     165551,      300,     1900,     3100,     3400,     5400,   175000,
     InStorePurchase,      79012,          0,          0,          0,      77221,      87010,      300,     1800,     3000,     3300,     5300,   175000,
      OnlinePurchase,      55256,          0,          0,          0,      53908,      60916,      300,     1900,     3100,     3400,     5400,   175000,
        InstPurchase,      15844,          0,          0,          0,      15340,      17625,      500,     1900,     3100,     3400,     5848,   175000,
          AssocOfCat,        160,          0,          0,          0,        112,        176,    19900,    27000,    32000,    37150,    49460,    51000,
      AssocOfProduct,       1579,          0,          0,          0,       1368,       1647,      400,     2300,     3400,     3800,     8200,   150000,
      BusinessReport,        390,          0,          0,          0,        330,        458,    21000,    29000,    35000,    40000,    62460,   192000,
          CustBuyBeh,       1572,          0,          0,          0,       1432,       1760,      200,     1700,     2800,     3100,     4100,   154000,
       ProductReturn,       4177,          0,          0,          0,       3912,       4639,      200,     1000,     2700,     3100,     4300,   153000,

  2186s: (20%)   IR =   2767 ..[2189.668s][info][gc,start       ] GC(220) Pause Young (Normal) (G1 Evacuation Pause)
[2189.668s][info][gc,task        ] GC(220) Using 8 workers of 8 for evacuation
[2189.813s][info][gc,phases      ] GC(220)   Pre Evacuate Collection Set: 0.28ms
[2189.813s][info][gc,phases      ] GC(220)   Merge Heap Roots: 0.64ms
[2189.813s][info][gc,phases      ] GC(220)   Evacuate Collection Set: 142.38ms
[2189.813s][info][gc,phases      ] GC(220)   Post Evacuate Collection Set: 1.07ms
[2189.813s][info][gc,phases      ] GC(220)   Other: 0.06ms
[2189.813s][info][gc,heap        ] GC(220) Eden regions: 562->0(557)
[2189.813s][info][gc,heap        ] GC(220) Survivor regions: 43->42(76)
[2189.813s][info][gc,heap        ] GC(220) Old regions: 291->298
[2189.813s][info][gc,heap        ] GC(220) Humongous regions: 33->33
[2189.813s][info][gc,metaspace   ] GC(220) Metaspace: 29965K(30144K)->29965K(30144K) NonClass: 29965K(30144K)->29965K(30144K) Class: 0K(0K)->0K(0K)
[2189.813s][info][gc             ] GC(220) Pause Young (Normal) (G1 Evacuation Pause) 7410M->2966M(8192M) 144.577ms
[2189.813s][info][gc,cpu         ] GC(220) User=1.14s Sys=0.01s Real=0.14s
......|........[2203.226s][info][gc,start       ] GC(221) Pause Young (Normal) (G1 Evacuation Pause)
[2203.226s][info][gc,task        ] GC(221) Using 8 workers of 8 for evacuation
[2203.370s][info][gc,phases      ] GC(221)   Pre Evacuate Collection Set: 0.25ms
[2203.370s][info][gc,phases      ] GC(221)   Merge Heap Roots: 0.59ms
[2203.370s][info][gc,phases      ] GC(221)   Evacuate Collection Set: 141.85ms
[2203.370s][info][gc,phases      ] GC(221)   Post Evacuate Collection Set: 1.05ms
[2203.370s][info][gc,phases      ] GC(221)   Other: 0.07ms
[2203.370s][info][gc,heap        ] GC(221) Eden regions: 557->0(550)
[2203.370s][info][gc,heap        ] GC(221) Survivor regions: 42->42(75)
[2203.370s][info][gc,heap        ] GC(221) Old regions: 298->305
[2203.370s][info][gc,heap        ] GC(221) Humongous regions: 33->33
[2203.370s][info][gc,metaspace   ] GC(221) Metaspace: 29965K(30144K)->29965K(30144K) NonClass: 29965K(30144K)->29965K(30144K) Class: 0K(0K)->0K(0K)
[2203.370s][info][gc             ] GC(221) Pause Young (Normal) (G1 Evacuation Pause) 7422M->3022M(8192M) 143.951ms
[2203.370s][info][gc,cpu         ] GC(221) User=1.14s Sys=0.00s Real=0.15s
.............[2216.665s][info][gc,start       ] GC(222) Pause Young (Normal) (G1 Evacuation Pause)
[2216.665s][info][gc,task        ] GC(222) Using 8 workers of 8 for evacuation
[2216.809s][info][gc,phases      ] GC(222)   Pre Evacuate Collection Set: 0.25ms
[2216.809s][info][gc,phases      ] GC(222)   Merge Heap Roots: 0.58ms
[2216.809s][info][gc,phases      ] GC(222)   Evacuate Collection Set: 141.84ms
[2216.809s][info][gc,phases      ] GC(222)   Post Evacuate Collection Set: 1.04ms
[2216.809s][info][gc,phases      ] GC(222)   Other: 0.07ms
[2216.809s][info][gc,heap        ] GC(222) Eden regions: 550->0(545)
[2216.809s][info][gc,heap        ] GC(222) Survivor regions: 42->41(74)
[2216.809s][info][gc,heap        ] GC(222) Old regions: 305->312
[2216.809s][info][gc,heap        ] GC(222) Humongous regions: 33->33
[2216.809s][info][gc,metaspace   ] GC(222) Metaspace: 29965K(30144K)->29965K(30144K) NonClass: 29965K(30144K)->29965K(30144K) Class: 0K(0K)->0K(0K)
[2216.809s][info][gc             ] GC(222) Pause Young (Normal) (G1 Evacuation Pause) 7422M->3069M(8192M) 143.903ms
[2216.809s][info][gc,cpu         ] GC(222) User=1.13s Sys=0.01s Real=0.15s
.............[2229.922s][info][gc,start       ] GC(223) Pause Young (Normal) (G1 Evacuation Pause)
[2229.922s][info][gc,task        ] GC(223) Using 8 workers of 8 for evacuation
[2230.065s][info][gc,phases      ] GC(223)   Pre Evacuate Collection Set: 0.28ms
[2230.065s][info][gc,phases      ] GC(223)   Merge Heap Roots: 0.62ms
[2230.065s][info][gc,phases      ] GC(223)   Evacuate Collection Set: 141.15ms
[2230.065s][info][gc,phases      ] GC(223)   Post Evacuate Collection Set: 1.01ms
[2230.065s][info][gc,phases      ] GC(223)   Other: 0.07ms
[2230.065s][info][gc,heap        ] GC(223) Eden regions: 545->0(538)
[2230.065s][info][gc,heap        ] GC(223) Survivor regions: 41->41(74)
[2230.065s][info][gc,heap        ] GC(223) Old regions: 312->319
[2230.065s][info][gc,heap        ] GC(223) Humongous regions: 33->33
[2230.065s][info][gc,metaspace   ] GC(223) Metaspace: 29965K(30144K)->29965K(30144K) NonClass: 29965K(30144K)->29965K(30144K) Class: 0K(0K)->0K(0K)
[2230.065s][info][gc             ] GC(223) Pause Young (Normal) (G1 Evacuation Pause) 7429M->3130M(8192M) 143.272ms
[2230.066s][info][gc,cpu         ] GC(223) User=1.14s Sys=0.00s Real=0.14s
.............[2243.077s][info][gc,start       ] GC(224) Pause Young (Concurrent Start) (G1 Evacuation Pause)
[2243.077s][info][gc,task        ] GC(224) Using 8 workers of 8 for evacuation
[2243.220s][info][gc,phases      ] GC(224)   Pre Evacuate Collection Set: 0.32ms
[2243.220s][info][gc,phases      ] GC(224)   Merge Heap Roots: 0.55ms
[2243.220s][info][gc,phases      ] GC(224)   Evacuate Collection Set: 141.37ms
[2243.220s][info][gc,phases      ] GC(224)   Post Evacuate Collection Set: 1.05ms
[2243.220s][info][gc,phases      ] GC(224)   Other: 0.11ms
[2243.220s][info][gc,heap        ] GC(224) Eden regions: 538->0(531)
[2243.220s][info][gc,heap        ] GC(224) Survivor regions: 41->41(73)
[2243.220s][info][gc,heap        ] GC(224) Old regions: 319->326
[2243.220s][info][gc,heap        ] GC(224) Humongous regions: 33->33
[2243.220s][info][gc,metaspace   ] GC(224) Metaspace: 29969K(30144K)->29969K(30144K) NonClass: 29969K(30144K)->29969K(30144K) Class: 0K(0K)->0K(0K)
[2243.220s][info][gc             ] GC(224) Pause Young (Concurrent Start) (G1 Evacuation Pause) 7434M->3187M(8192M) 143.538ms
[2243.221s][info][gc             ] GC(225) Concurrent Mark Cycle
[2243.221s][info][gc,marking     ] GC(225) Concurrent Scan Root Regions
[2243.221s][info][gc,cpu         ] GC(224) User=1.14s Sys=0.00s Real=0.15s
.[2243.393s][info][gc,marking     ] GC(225) Concurrent Scan Root Regions 172.214ms
[2243.393s][info][gc,marking     ] GC(225) Concurrent Mark
[2243.393s][info][gc,marking     ] GC(225) Concurrent Mark From Roots
[2243.393s][info][gc,task        ] GC(225) Using 2 workers of 2 for marking
[2243.906s][info][gc,marking     ] GC(225) Concurrent Mark From Roots 512.917ms
[2243.906s][info][gc,marking     ] GC(225) Concurrent Preclean
[2243.906s][info][gc,marking     ] GC(225) Concurrent Preclean 0.131ms
[2243.906s][info][gc,start       ] GC(225) Pause Remark
[2243.908s][info][gc             ] GC(225) Pause Remark 3503M->2807M(8192M) 1.848ms
[2243.908s][info][gc,cpu         ] GC(225) User=0.01s Sys=0.00s Real=0.01s
[2243.908s][info][gc,marking     ] GC(225) Concurrent Mark 515.193ms
[2243.908s][info][gc,marking     ] GC(225) Concurrent Rebuild Remembered Sets and Scrub Regions
[2244.204s][info][gc,marking     ] GC(225) Concurrent Rebuild Remembered Sets and Scrub Regions 296.144ms
[2244.204s][info][gc,start       ] GC(225) Pause Cleanup
[2244.205s][info][gc             ] GC(225) Pause Cleanup 2883M->2883M(8192M) 0.254ms
[2244.205s][info][gc,cpu         ] GC(225) User=0.00s Sys=0.00s Real=0.00s
[2244.205s][info][gc,marking     ] GC(225) Concurrent Clear Claimed Marks
[2244.205s][info][gc,marking     ] GC(225) Concurrent Clear Claimed Marks 0.050ms
[2244.205s][info][gc,marking     ] GC(225) Concurrent Cleanup for Next Mark
[2244.214s][info][gc,marking     ] GC(225) Concurrent Cleanup for Next Mark 9.040ms
[2244.214s][info][gc             ] GC(225) Concurrent Mark Cycle 993.256ms
............ (rIR:aIR:PR = 2767:2768:2768) (tPR = 41170) [OK] 
  2255s: Performance info:
         Transaction,    Success,    Partial,     Failed,   Receipts, AvgBarcode, 
             Overall,     166823,          0,          0,     158472,      59.47, 
         Response times:
             Request,    Success,    Partial,     Failed,   SkipFail,     Probes,    Samples,      min,      p50,      p90,      p95,      p99,      max, 
       TotalPurchase,     158472,          0,          0,          0,     154119,     176455,      300,     1900,     3200,     3600,     5700,   154000,
     InStorePurchase,      83459,          0,          0,          0,      81305,      92901,      300,     1900,     3200,     3500,     5800,   152000,
      OnlinePurchase,      58332,          0,          0,          0,      56754,      64862,      400,     1900,     3200,     3600,     5500,   152000,
        InstPurchase,      16681,          0,          0,          0,      16060,      18692,      500,     2100,     3300,     3700,     6100,   154000,
          AssocOfCat,        165,          0,          0,          0,        123,        182,    18800,    27000,    35000,    38000,    50550,    63000,
      AssocOfProduct,       1671,          0,          0,          0,       1461,       1792,      500,     2400,     3500,     3800,     6207,   148000,
      BusinessReport,        415,          0,          0,          0,        330,        452,    21000,    30000,    37700,    41350,    55350,   211000,
          CustBuyBeh,       1666,          0,          0,          0,       1504,       1879,      200,     1200,     2800,     3200,     4820,   148000,
       ProductReturn,       4434,          0,          0,          0,       4165,       5001,      200,     1900,     3200,     3500,     8972,   149000,

  2255s: (21%)   IR =   2906 [2255.976s][info][gc,start       ] GC(226) Pause Young (Prepare Mixed) (G1 Evacuation Pause)
[2255.976s][info][gc,task        ] GC(226) Using 8 workers of 8 for evacuation
[2256.118s][info][gc,phases      ] GC(226)   Pre Evacuate Collection Set: 0.25ms
[2256.118s][info][gc,phases      ] GC(226)   Merge Heap Roots: 0.67ms
[2256.118s][info][gc,phases      ] GC(226)   Evacuate Collection Set: 139.91ms
[2256.118s][info][gc,phases      ] GC(226)   Post Evacuate Collection Set: 1.10ms
[2256.118s][info][gc,phases      ] GC(226)   Other: 0.07ms
[2256.118s][info][gc,heap        ] GC(226) Eden regions: 531->0(573)
[2256.118s][info][gc,heap        ] GC(226) Survivor regions: 41->41(72)
[2256.118s][info][gc,heap        ] GC(226) Old regions: 239->247
[2256.118s][info][gc,heap        ] GC(226) Humongous regions: 33->33
[2256.118s][info][gc,metaspace   ] GC(226) Metaspace: 29969K(30144K)->29969K(30144K) NonClass: 29969K(30144K)->29969K(30144K) Class: 0K(0K)->0K(0K)
[2256.118s][info][gc             ] GC(226) Pause Young (Prepare Mixed) (G1 Evacuation Pause) 6739M->2549M(8192M) 142.125ms
[2256.118s][info][gc,cpu         ] GC(226) User=1.13s Sys=0.00s Real=0.15s
.......|......[2269.229s][info][gc,start       ] GC(227) Pause Young (Mixed) (G1 Evacuation Pause)
[2269.229s][info][gc,task        ] GC(227) Using 8 workers of 8 for evacuation
[2269.379s][info][gc,phases      ] GC(227)   Pre Evacuate Collection Set: 0.32ms
[2269.379s][info][gc,phases      ] GC(227)   Merge Heap Roots: 0.95ms
[2269.379s][info][gc,phases      ] GC(227)   Evacuate Collection Set: 147.49ms
[2269.379s][info][gc,phases      ] GC(227)   Post Evacuate Collection Set: 1.21ms
[2269.379s][info][gc,phases      ] GC(227)   Other: 0.08ms
[2269.379s][info][gc,heap        ] GC(227) Eden regions: 573->0(572)
[2269.379s][info][gc,heap        ] GC(227) Survivor regions: 41->42(77)
[2269.379s][info][gc,heap        ] GC(227) Old regions: 247->152
[2269.379s][info][gc,heap        ] GC(227) Humongous regions: 33->33
[2269.379s][info][gc,metaspace   ] GC(227) Metaspace: 29969K(30144K)->29969K(30144K) NonClass: 29969K(30144K)->29969K(30144K) Class: 0K(0K)->0K(0K)
[2269.379s][info][gc             ] GC(227) Pause Young (Mixed) (G1 Evacuation Pause) 7133M->1795M(8192M) 150.180ms
[2269.379s][info][gc,cpu         ] GC(227) User=1.19s Sys=0.00s Real=0.15s
..............[2282.433s][info][gc,start       ] GC(228) Pause Young (Mixed) (G1 Evacuation Pause)
[2282.433s][info][gc,task        ] GC(228) Using 8 workers of 8 for evacuation
[2282.581s][info][gc,phases      ] GC(228)   Pre Evacuate Collection Set: 0.25ms
[2282.581s][info][gc,phases      ] GC(228)   Merge Heap Roots: 0.76ms
[2282.581s][info][gc,phases      ] GC(228)   Evacuate Collection Set: 146.48ms
[2282.581s][info][gc,phases      ] GC(228)   Post Evacuate Collection Set: 1.07ms
[2282.581s][info][gc,phases      ] GC(228)   Other: 0.08ms
[2282.581s][info][gc,heap        ] GC(228) Eden regions: 572->0(572)
[2282.581s][info][gc,heap        ] GC(228) Survivor regions: 42->42(77)
[2282.581s][info][gc,heap        ] GC(228) Old regions: 152->140
[2282.581s][info][gc,heap        ] GC(228) Humongous regions: 33->33
[2282.581s][info][gc,metaspace   ] GC(228) Metaspace: 29969K(30144K)->29969K(30144K) NonClass: 29969K(30144K)->29969K(30144K) Class: 0K(0K)->0K(0K)
[2282.581s][info][gc             ] GC(228) Pause Young (Mixed) (G1 Evacuation Pause) 6371M->1707M(8192M) 148.772ms
[2282.581s][info][gc,cpu         ] GC(228) User=1.17s Sys=0.00s Real=0.15s
.............[2295.693s][info][gc,start       ] GC(229) Pause Young (Normal) (G1 Evacuation Pause)
[2295.693s][info][gc,task        ] GC(229) Using 8 workers of 8 for evacuation
[2295.837s][info][gc,phases      ] GC(229)   Pre Evacuate Collection Set: 0.26ms
[2295.837s][info][gc,phases      ] GC(229)   Merge Heap Roots: 0.59ms
[2295.837s][info][gc,phases      ] GC(229)   Evacuate Collection Set: 142.18ms
[2295.837s][info][gc,phases      ] GC(229)   Post Evacuate Collection Set: 1.02ms
[2295.837s][info][gc,phases      ] GC(229)   Other: 0.06ms
[2295.837s][info][gc,heap        ] GC(229) Eden regions: 572->0(572)
[2295.837s][info][gc,heap        ] GC(229) Survivor regions: 42->42(77)
[2295.837s][info][gc,heap        ] GC(229) Old regions: 140->147
[2295.837s][info][gc,heap        ] GC(229) Humongous regions: 33->33
[2295.837s][info][gc,metaspace   ] GC(229) Metaspace: 29969K(30144K)->29969K(30144K) NonClass: 29969K(30144K)->29969K(30144K) Class: 0K(0K)->0K(0K)
[2295.837s][info][gc             ] GC(229) Pause Young (Normal) (G1 Evacuation Pause) 6283M->1759M(8192M) 144.237ms
[2295.837s][info][gc,cpu         ] GC(229) User=1.14s Sys=0.00s Real=0.14s
.............[2308.929s][info][gc,start       ] GC(230) Pause Young (Normal) (G1 Evacuation Pause)
[2308.929s][info][gc,task        ] GC(230) Using 8 workers of 8 for evacuation
[2309.072s][info][gc,phases      ] GC(230)   Pre Evacuate Collection Set: 0.27ms
[2309.072s][info][gc,phases      ] GC(230)   Merge Heap Roots: 0.51ms
[2309.072s][info][gc,phases      ] GC(230)   Evacuate Collection Set: 140.85ms
[2309.072s][info][gc,phases      ] GC(230)   Post Evacuate Collection Set: 1.01ms
[2309.072s][info][gc,phases      ] GC(230)   Other: 0.07ms
[2309.072s][info][gc,heap        ] GC(230) Eden regions: 572->0(572)
[2309.072s][info][gc,heap        ] GC(230) Survivor regions: 42->42(77)
[2309.072s][info][gc,heap        ] GC(230) Old regions: 147->154
[2309.072s][info][gc,heap        ] GC(230) Humongous regions: 33->33
[2309.072s][info][gc,metaspace   ] GC(230) Metaspace: 29969K(30144K)->29969K(30144K) NonClass: 29969K(30144K)->29969K(30144K) Class: 0K(0K)->0K(0K)
[2309.072s][info][gc             ] GC(230) Pause Young (Normal) (G1 Evacuation Pause) 6335M->1819M(8192M) 142.850ms
[2309.072s][info][gc,cpu         ] GC(230) User=1.13s Sys=0.00s Real=0.14s
.............[2322.226s][info][gc,start       ] GC(231) Pause Young (Normal) (G1 Evacuation Pause)
[2322.226s][info][gc,task        ] GC(231) Using 8 workers of 8 for evacuation
[2322.371s][info][gc,phases      ] GC(231)   Pre Evacuate Collection Set: 0.30ms
[2322.371s][info][gc,phases      ] GC(231)   Merge Heap Roots: 0.56ms
[2322.371s][info][gc,phases      ] GC(231)   Evacuate Collection Set: 143.24ms
[2322.371s][info][gc,phases      ] GC(231)   Post Evacuate Collection Set: 1.02ms
[2322.371s][info][gc,phases      ] GC(231)   Other: 0.07ms
[2322.371s][info][gc,heap        ] GC(231) Eden regions: 572->0(571)
[2322.371s][info][gc,heap        ] GC(231) Survivor regions: 42->43(77)
[2322.371s][info][gc,heap        ] GC(231) Old regions: 154->161
[2322.371s][info][gc,heap        ] GC(231) Humongous regions: 33->33
[2322.371s][info][gc,metaspace   ] GC(231) Metaspace: 29969K(30144K)->29969K(30144K) NonClass: 29969K(30144K)->29969K(30144K) Class: 0K(0K)->0K(0K)
[2322.371s][info][gc             ] GC(231) Pause Young (Normal) (G1 Evacuation Pause) 6395M->1879M(8192M) 145.337ms
[2322.371s][info][gc,cpu         ] GC(231) User=1.15s Sys=0.00s Real=0.15s
. (rIR:aIR:PR = 2906:2902:2902) (tPR = 42928) [OK] 
  2322s: Performance info:
         Transaction,    Success,    Partial,     Failed,   Receipts, AvgBarcode, 
             Overall,     174549,          0,          0,     165818,      59.48, 
         Response times:
             Request,    Success,    Partial,     Failed,   SkipFail,     Probes,    Samples,      min,      p50,      p90,      p95,      p99,      max, 
       TotalPurchase,     165818,          0,          0,          0,     161195,     182201,      400,     2000,     3300,     3700,     5100,   156000,
     InStorePurchase,      87325,          0,          0,          0,      85205,      96133,      400,     2000,     3300,     3600,     5100,   156000,
      OnlinePurchase,      61043,          0,          0,          0,      59352,      67037,      400,     2000,     3300,     3700,     4900,   156000,
        InstPurchase,      17450,          0,          0,          0,      16638,      19031,      400,     2300,     3500,     3800,     6268,   156000,
          AssocOfCat,        175,          0,          0,          0,        125,        195,    18000,    27000,    34000,    35000,    39040,    40000,
      AssocOfProduct,       1743,          0,          0,          0,       1512,       1843,      500,     1600,     3300,     3700,     4600,   153000,
      BusinessReport,        437,          0,          0,          0,        343,        452,    21000,    29000,    35700,    39000,    48470,    53000,
          CustBuyBeh,       1745,          0,          0,          0,       1589,       1957,      200,     2100,     3300,     3600,     5700,   152000,
       ProductReturn,       4631,          0,          0,          0,       4298,       5069,      200,     2000,     3200,     3600,     4400,    28000,

  2322s: (22%)   IR =   3044 .....|.......[2334.983s][info][gc,start       ] GC(232) Pause Young (Normal) (G1 Evacuation Pause)
[2334.983s][info][gc,task        ] GC(232) Using 8 workers of 8 for evacuation
[2335.130s][info][gc,phases      ] GC(232)   Pre Evacuate Collection Set: 0.26ms
[2335.130s][info][gc,phases      ] GC(232)   Merge Heap Roots: 0.62ms
[2335.130s][info][gc,phases      ] GC(232)   Evacuate Collection Set: 145.00ms
[2335.130s][info][gc,phases      ] GC(232)   Post Evacuate Collection Set: 1.00ms
[2335.130s][info][gc,phases      ] GC(232)   Other: 0.06ms
[2335.130s][info][gc,heap        ] GC(232) Eden regions: 571->0(572)
[2335.130s][info][gc,heap        ] GC(232) Survivor regions: 43->42(77)
[2335.130s][info][gc,heap        ] GC(232) Old regions: 161->168
[2335.130s][info][gc,heap        ] GC(232) Humongous regions: 33->33
[2335.130s][info][gc,metaspace   ] GC(232) Metaspace: 29969K(30144K)->29969K(30144K) NonClass: 29969K(30144K)->29969K(30144K) Class: 0K(0K)->0K(0K)
[2335.130s][info][gc             ] GC(232) Pause Young (Normal) (G1 Evacuation Pause) 6447M->1931M(8192M) 147.056ms
[2335.130s][info][gc,cpu         ] GC(232) User=1.16s Sys=0.00s Real=0.15s
.............[2347.626s][info][gc,start       ] GC(233) Pause Young (Normal) (G1 Evacuation Pause)
[2347.626s][info][gc,task        ] GC(233) Using 8 workers of 8 for evacuation
[2347.771s][info][gc,phases      ] GC(233)   Pre Evacuate Collection Set: 0.25ms
[2347.771s][info][gc,phases      ] GC(233)   Merge Heap Roots: 0.52ms
[2347.771s][info][gc,phases      ] GC(233)   Evacuate Collection Set: 143.27ms
[2347.771s][info][gc,phases      ] GC(233)   Post Evacuate Collection Set: 1.03ms
[2347.771s][info][gc,phases      ] GC(233)   Other: 0.06ms
[2347.771s][info][gc,heap        ] GC(233) Eden regions: 572->0(572)
[2347.771s][info][gc,heap        ] GC(233) Survivor regions: 42->42(77)
[2347.771s][info][gc,heap        ] GC(233) Old regions: 168->175
[2347.771s][info][gc,heap        ] GC(233) Humongous regions: 33->33
[2347.771s][info][gc,metaspace   ] GC(233) Metaspace: 29969K(30144K)->29969K(30144K) NonClass: 29969K(30144K)->29969K(30144K) Class: 0K(0K)->0K(0K)
[2347.771s][info][gc             ] GC(233) Pause Young (Normal) (G1 Evacuation Pause) 6507M->1987M(8192M) 145.300ms
[2347.771s][info][gc,cpu         ] GC(233) User=1.15s Sys=0.00s Real=0.15s
............[2360.340s][info][gc,start       ] GC(234) Pause Young (Normal) (G1 Evacuation Pause)
[2360.340s][info][gc,task        ] GC(234) Using 8 workers of 8 for evacuation
[2360.487s][info][gc,phases      ] GC(234)   Pre Evacuate Collection Set: 0.26ms
[2360.487s][info][gc,phases      ] GC(234)   Merge Heap Roots: 0.64ms
[2360.487s][info][gc,phases      ] GC(234)   Evacuate Collection Set: 144.81ms
[2360.487s][info][gc,phases      ] GC(234)   Post Evacuate Collection Set: 1.05ms
[2360.487s][info][gc,phases      ] GC(234)   Other: 0.07ms
[2360.487s][info][gc,heap        ] GC(234) Eden regions: 572->0(571)
[2360.487s][info][gc,heap        ] GC(234) Survivor regions: 42->43(77)
[2360.487s][info][gc,heap        ] GC(234) Old regions: 175->182
[2360.487s][info][gc,heap        ] GC(234) Humongous regions: 33->33
[2360.487s][info][gc,metaspace   ] GC(234) Metaspace: 29969K(30144K)->29969K(30144K) NonClass: 29969K(30144K)->29969K(30144K) Class: 0K(0K)->0K(0K)
[2360.487s][info][gc             ] GC(234) Pause Young (Normal) (G1 Evacuation Pause) 6563M->2046M(8192M) 146.987ms
[2360.487s][info][gc,cpu         ] GC(234) User=1.16s Sys=0.00s Real=0.15s
.............[2372.937s][info][gc,start       ] GC(235) Pause Young (Normal) (G1 Evacuation Pause)
[2372.937s][info][gc,task        ] GC(235) Using 8 workers of 8 for evacuation
[2373.080s][info][gc,phases      ] GC(235)   Pre Evacuate Collection Set: 0.27ms
[2373.080s][info][gc,phases      ] GC(235)   Merge Heap Roots: 0.62ms
[2373.080s][info][gc,phases      ] GC(235)   Evacuate Collection Set: 141.10ms
[2373.080s][info][gc,phases      ] GC(235)   Post Evacuate Collection Set: 1.04ms
[2373.080s][info][gc,phases      ] GC(235)   Other: 0.07ms
[2373.080s][info][gc,heap        ] GC(235) Eden regions: 571->0(572)
[2373.080s][info][gc,heap        ] GC(235) Survivor regions: 43->42(77)
[2373.080s][info][gc,heap        ] GC(235) Old regions: 182->189
[2373.080s][info][gc,heap        ] GC(235) Humongous regions: 33->33
[2373.080s][info][gc,metaspace   ] GC(235) Metaspace: 29969K(30144K)->29969K(30144K) NonClass: 29969K(30144K)->29969K(30144K) Class: 0K(0K)->0K(0K)
[2373.080s][info][gc             ] GC(235) Pause Young (Normal) (G1 Evacuation Pause) 6614M->2095M(8192M) 143.235ms
[2373.080s][info][gc,cpu         ] GC(235) User=1.14s Sys=0.00s Real=0.15s
.............[2385.569s][info][gc,start       ] GC(236) Pause Young (Normal) (G1 Evacuation Pause)
[2385.569s][info][gc,task        ] GC(236) Using 8 workers of 8 for evacuation
[2385.714s][info][gc,phases      ] GC(236)   Pre Evacuate Collection Set: 0.25ms
[2385.714s][info][gc,phases      ] GC(236)   Merge Heap Roots: 0.60ms
[2385.714s][info][gc,phases      ] GC(236)   Evacuate Collection Set: 142.71ms
[2385.714s][info][gc,phases      ] GC(236)   Post Evacuate Collection Set: 1.02ms
[2385.714s][info][gc,phases      ] GC(236)   Other: 0.07ms
[2385.714s][info][gc,heap        ] GC(236) Eden regions: 572->0(571)
[2385.714s][info][gc,heap        ] GC(236) Survivor regions: 42->43(77)
[2385.714s][info][gc,heap        ] GC(236) Old regions: 189->196
[2385.714s][info][gc,heap        ] GC(236) Humongous regions: 33->33
[2385.714s][info][gc,metaspace   ] GC(236) Metaspace: 29969K(30144K)->29969K(30144K) NonClass: 29969K(30144K)->29969K(30144K) Class: 0K(0K)->0K(0K)
[2385.714s][info][gc             ] GC(236) Pause Young (Normal) (G1 Evacuation Pause) 6671M->2158M(8192M) 144.784ms
[2385.714s][info][gc,cpu         ] GC(236) User=1.14s Sys=0.00s Real=0.14s
.. (rIR:aIR:PR = 3044:3045:3045) (tPR = 45275) [OK] 
  2387s: Performance info:
         Transaction,    Success,    Partial,     Failed,   Receipts, AvgBarcode, 
             Overall,     182926,          0,          0,     173779,      59.48, 
         Response times:
             Request,    Success,    Partial,     Failed,   SkipFail,     Probes,    Samples,      min,      p50,      p90,      p95,      p99,      max, 
       TotalPurchase,     173779,          0,          0,          0,     169342,     185055,      300,     2100,     3500,     3900,     9500,   157000,
     InStorePurchase,      91469,          0,          0,          0,      89367,      97365,      300,     2100,     3500,     3900,     9400,   155000,
      OnlinePurchase,      64028,          0,          0,          0,      62313,      68140,      400,     2100,     3500,     3900,     8300,   157000,
        InstPurchase,      18282,          0,          0,          0,      17662,      19550,      500,     2100,     3600,     4000,    14500,   152000,
          AssocOfCat,        185,          0,          0,          0,        149,        221,    19900,    29000,    34000,    38900,    48000,    54000,
      AssocOfProduct,       1832,          0,          0,          0,       1627,       1937,      400,     2400,     3700,     4100,     6100,   149000,
      BusinessReport,        458,          0,          0,          0,        364,        478,    19700,    30000,    37000,    40050,    51630,   180000,
          CustBuyBeh,       1828,          0,          0,          0,       1672,       1988,      200,     2200,     3500,     3800,     8275,   149000,
       ProductReturn,       4844,          0,          0,          0,       4583,       5168,      200,     1800,     3300,     3700,     6300,   148000,

  2387s: (23%)   IR =   3183 ......|....[2397.664s][info][gc,start       ] GC(237) Pause Young (Normal) (G1 Evacuation Pause)
[2397.665s][info][gc,task        ] GC(237) Using 8 workers of 8 for evacuation
[2397.808s][info][gc,phases      ] GC(237)   Pre Evacuate Collection Set: 0.25ms
[2397.808s][info][gc,phases      ] GC(237)   Merge Heap Roots: 0.56ms
[2397.808s][info][gc,phases      ] GC(237)   Evacuate Collection Set: 141.70ms
[2397.808s][info][gc,phases      ] GC(237)   Post Evacuate Collection Set: 1.03ms
[2397.808s][info][gc,phases      ] GC(237)   Other: 0.07ms
[2397.808s][info][gc,heap        ] GC(237) Eden regions: 571->0(571)
[2397.808s][info][gc,heap        ] GC(237) Survivor regions: 43->43(77)
[2397.808s][info][gc,heap        ] GC(237) Old regions: 196->203
[2397.808s][info][gc,heap        ] GC(237) Humongous regions: 33->33
[2397.808s][info][gc,metaspace   ] GC(237) Metaspace: 29971K(30144K)->29971K(30144K) NonClass: 29971K(30144K)->29971K(30144K) Class: 0K(0K)->0K(0K)
[2397.808s][info][gc             ] GC(237) Pause Young (Normal) (G1 Evacuation Pause) 6726M->2213M(8192M) 143.761ms
[2397.808s][info][gc,cpu         ] GC(237) User=1.14s Sys=0.00s Real=0.15s
............[2409.782s][info][gc,start       ] GC(238) Pause Young (Normal) (G1 Evacuation Pause)
[2409.782s][info][gc,task        ] GC(238) Using 8 workers of 8 for evacuation
[2409.928s][info][gc,phases      ] GC(238)   Pre Evacuate Collection Set: 0.25ms
[2409.929s][info][gc,phases      ] GC(238)   Merge Heap Roots: 0.58ms
[2409.929s][info][gc,phases      ] GC(238)   Evacuate Collection Set: 144.06ms
[2409.929s][info][gc,phases      ] GC(238)   Post Evacuate Collection Set: 1.05ms
[2409.929s][info][gc,phases      ] GC(238)   Other: 0.06ms
[2409.929s][info][gc,heap        ] GC(238) Eden regions: 571->0(571)
[2409.929s][info][gc,heap        ] GC(238) Survivor regions: 43->43(77)
[2409.929s][info][gc,heap        ] GC(238) Old regions: 203->209
[2409.929s][info][gc,heap        ] GC(238) Humongous regions: 33->33
[2409.929s][info][gc,metaspace   ] GC(238) Metaspace: 29971K(30144K)->29971K(30144K) NonClass: 29971K(30144K)->29971K(30144K) Class: 0K(0K)->0K(0K)
[2409.929s][info][gc             ] GC(238) Pause Young (Normal) (G1 Evacuation Pause) 6781M->2263M(8192M) 146.142ms
[2409.929s][info][gc,cpu         ] GC(238) User=1.16s Sys=0.01s Real=0.15s
............[2421.817s][info][gc,start       ] GC(239) Pause Young (Normal) (G1 Evacuation Pause)
[2421.817s][info][gc,task        ] GC(239) Using 8 workers of 8 for evacuation
[2421.960s][info][gc,phases      ] GC(239)   Pre Evacuate Collection Set: 0.25ms
[2421.961s][info][gc,phases      ] GC(239)   Merge Heap Roots: 0.53ms
[2421.961s][info][gc,phases      ] GC(239)   Evacuate Collection Set: 141.76ms
[2421.961s][info][gc,phases      ] GC(239)   Post Evacuate Collection Set: 1.03ms
[2421.961s][info][gc,phases      ] GC(239)   Other: 0.08ms
[2421.961s][info][gc,heap        ] GC(239) Eden regions: 571->0(572)
[2421.961s][info][gc,heap        ] GC(239) Survivor regions: 43->42(77)
[2421.961s][info][gc,heap        ] GC(239) Old regions: 209->217
[2421.961s][info][gc,heap        ] GC(239) Humongous regions: 33->33
[2421.961s][info][gc,metaspace   ] GC(239) Metaspace: 29971K(30144K)->29971K(30144K) NonClass: 29971K(30144K)->29971K(30144K) Class: 0K(0K)->0K(0K)
[2421.961s][info][gc             ] GC(239) Pause Young (Normal) (G1 Evacuation Pause) 6831M->2313M(8192M) 143.775ms
[2421.961s][info][gc,cpu         ] GC(239) User=1.14s Sys=0.00s Real=0.15s
............[2433.990s][info][gc,start       ] GC(240) Pause Young (Normal) (G1 Evacuation Pause)
[2433.990s][info][gc,task        ] GC(240) Using 8 workers of 8 for evacuation
[2434.133s][info][gc,phases      ] GC(240)   Pre Evacuate Collection Set: 0.25ms
[2434.133s][info][gc,phases      ] GC(240)   Merge Heap Roots: 0.54ms
[2434.133s][info][gc,phases      ] GC(240)   Evacuate Collection Set: 140.89ms
[2434.133s][info][gc,phases      ] GC(240)   Post Evacuate Collection Set: 1.03ms
[2434.133s][info][gc,phases      ] GC(240)   Other: 0.07ms
[2434.133s][info][gc,heap        ] GC(240) Eden regions: 572->0(572)
[2434.133s][info][gc,heap        ] GC(240) Survivor regions: 42->42(77)
[2434.133s][info][gc,heap        ] GC(240) Old regions: 217->223
[2434.133s][info][gc,heap        ] GC(240) Humongous regions: 33->33
[2434.133s][info][gc,metaspace   ] GC(240) Metaspace: 29971K(30144K)->29971K(30144K) NonClass: 29971K(30144K)->29971K(30144K) Class: 0K(0K)->0K(0K)
[2434.133s][info][gc             ] GC(240) Pause Young (Normal) (G1 Evacuation Pause) 6889M->2370M(8192M) 142.914ms
[2434.133s][info][gc,cpu         ] GC(240) User=1.13s Sys=0.01s Real=0.14s
............[2446.023s][info][gc,start       ] GC(241) Pause Young (Normal) (G1 Evacuation Pause)
[2446.023s][info][gc,task        ] GC(241) Using 8 workers of 8 for evacuation
[2446.170s][info][gc,phases      ] GC(241)   Pre Evacuate Collection Set: 0.28ms
[2446.170s][info][gc,phases      ] GC(241)   Merge Heap Roots: 0.53ms
[2446.170s][info][gc,phases      ] GC(241)   Evacuate Collection Set: 145.48ms
[2446.170s][info][gc,phases      ] GC(241)   Post Evacuate Collection Set: 1.07ms
[2446.170s][info][gc,phases      ] GC(241)   Other: 0.07ms
[2446.170s][info][gc,heap        ] GC(241) Eden regions: 572->0(571)
[2446.170s][info][gc,heap        ] GC(241) Survivor regions: 42->43(77)
[2446.170s][info][gc,heap        ] GC(241) Old regions: 223->230
[2446.170s][info][gc,heap        ] GC(241) Humongous regions: 33->33
[2446.170s][info][gc,metaspace   ] GC(241) Metaspace: 29971K(30144K)->29971K(30144K) NonClass: 29971K(30144K)->29971K(30144K) Class: 0K(0K)->0K(0K)
[2446.170s][info][gc             ] GC(241) Pause Young (Normal) (G1 Evacuation Pause) 6946M->2432M(8192M) 147.552ms
[2446.170s][info][gc,cpu         ] GC(241) User=1.17s Sys=0.00s Real=0.15s
........ (rIR:aIR:PR = 3183:3184:3184) (tPR = 47908) [OK] 
  2453s: Performance info:
         Transaction,    Success,    Partial,     Failed,   Receipts, AvgBarcode, 
             Overall,     191117,          0,          0,     181546,      59.47, 
         Response times:
             Request,    Success,    Partial,     Failed,   SkipFail,     Probes,    Samples,      min,      p50,      p90,      p95,      p99,      max, 
       TotalPurchase,     181546,          0,          0,          0,     177786,     197086,      300,     2200,     3600,     4000,     7100,   159000,
     InStorePurchase,      95491,          0,          0,          0,      93831,     103598,      400,     2200,     3600,     4000,     7100,   153000,
      OnlinePurchase,      66947,          0,          0,          0,      65488,      72629,      300,     2200,     3700,     4100,     7200,   159000,
        InstPurchase,      19108,          0,          0,          0,      18467,      20859,      500,     2200,     3700,     4100,     7100,   152000,
          AssocOfCat,        191,          0,          0,          0,        154,        246,    19100,    29000,    36300,    40000,    59000,    59000,
      AssocOfProduct,       1917,          0,          0,          0,       1710,       2045,      500,     2300,     3900,     4300,     6616,    40000,
      BusinessReport,        478,          0,          0,          0,        397,        540,    20000,    31000,    38000,    42000,    61180,   196000,
          CustBuyBeh,       1914,          0,          0,          0,       1762,       2099,      200,     1100,     3000,     3500,     5300,    31000,
       ProductReturn,       5071,          0,          0,          0,       4780,       5486,      200,     1800,     3400,     3700,     5100,   148000,

  2453s: (24%)   IR =   3321 ....|[2457.838s][info][gc,start       ] GC(242) Pause Young (Normal) (G1 Evacuation Pause)
[2457.838s][info][gc,task        ] GC(242) Using 8 workers of 8 for evacuation
[2457.983s][info][gc,phases      ] GC(242)   Pre Evacuate Collection Set: 0.28ms
[2457.983s][info][gc,phases      ] GC(242)   Merge Heap Roots: 0.55ms
[2457.983s][info][gc,phases      ] GC(242)   Evacuate Collection Set: 142.33ms
[2457.983s][info][gc,phases      ] GC(242)   Post Evacuate Collection Set: 1.03ms
[2457.983s][info][gc,phases      ] GC(242)   Other: 0.06ms
[2457.983s][info][gc,heap        ] GC(242) Eden regions: 571->0(572)
[2457.983s][info][gc,heap        ] GC(242) Survivor regions: 43->42(77)
[2457.983s][info][gc,heap        ] GC(242) Old regions: 230->237
[2457.983s][info][gc,heap        ] GC(242) Humongous regions: 33->33
[2457.983s][info][gc,metaspace   ] GC(242) Metaspace: 29971K(30144K)->29971K(30144K) NonClass: 29971K(30144K)->29971K(30144K) Class: 0K(0K)->0K(0K)
[2457.983s][info][gc             ] GC(242) Pause Young (Normal) (G1 Evacuation Pause) 7000M->2478M(8192M) 144.405ms
[2457.983s][info][gc,cpu         ] GC(242) User=1.14s Sys=0.00s Real=0.14s
...........[2469.508s][info][gc,start       ] GC(243) Pause Young (Normal) (G1 Evacuation Pause)
[2469.508s][info][gc,task        ] GC(243) Using 8 workers of 8 for evacuation
[2469.657s][info][gc,phases      ] GC(243)   Pre Evacuate Collection Set: 0.30ms
[2469.657s][info][gc,phases      ] GC(243)   Merge Heap Roots: 0.57ms
[2469.657s][info][gc,phases      ] GC(243)   Evacuate Collection Set: 147.46ms
[2469.657s][info][gc,phases      ] GC(243)   Post Evacuate Collection Set: 1.08ms
[2469.657s][info][gc,phases      ] GC(243)   Other: 0.06ms
[2469.657s][info][gc,heap        ] GC(243) Eden regions: 572->0(571)
[2469.657s][info][gc,heap        ] GC(243) Survivor regions: 42->43(77)
[2469.657s][info][gc,heap        ] GC(243) Old regions: 237->244
[2469.657s][info][gc,heap        ] GC(243) Humongous regions: 33->33
[2469.657s][info][gc,metaspace   ] GC(243) Metaspace: 29971K(30144K)->29971K(30144K) NonClass: 29971K(30144K)->29971K(30144K) Class: 0K(0K)->0K(0K)
[2469.658s][info][gc             ] GC(243) Pause Young (Normal) (G1 Evacuation Pause) 7054M->2542M(8192M) 149.600ms
[2469.658s][info][gc,cpu         ] GC(243) User=1.18s Sys=0.00s Real=0.15s
............[2481.122s][info][gc,start       ] GC(244) Pause Young (Normal) (G1 Evacuation Pause)
[2481.122s][info][gc,task        ] GC(244) Using 8 workers of 8 for evacuation
[2481.270s][info][gc,phases      ] GC(244)   Pre Evacuate Collection Set: 0.26ms
[2481.270s][info][gc,phases      ] GC(244)   Merge Heap Roots: 0.63ms
[2481.270s][info][gc,phases      ] GC(244)   Evacuate Collection Set: 145.73ms
[2481.270s][info][gc,phases      ] GC(244)   Post Evacuate Collection Set: 1.03ms
[2481.270s][info][gc,phases      ] GC(244)   Other: 0.06ms
[2481.270s][info][gc,heap        ] GC(244) Eden regions: 571->0(571)
[2481.270s][info][gc,heap        ] GC(244) Survivor regions: 43->43(77)
[2481.270s][info][gc,heap        ] GC(244) Old regions: 244->251
[2481.270s][info][gc,heap        ] GC(244) Humongous regions: 33->33
[2481.270s][info][gc,metaspace   ] GC(244) Metaspace: 29971K(30144K)->29971K(30144K) NonClass: 29971K(30144K)->29971K(30144K) Class: 0K(0K)->0K(0K)
[2481.270s][info][gc             ] GC(244) Pause Young (Normal) (G1 Evacuation Pause) 7110M->2594M(8192M) 147.848ms
[2481.270s][info][gc,cpu         ] GC(244) User=1.17s Sys=0.01s Real=0.15s
...........[2492.635s][info][gc,start       ] GC(245) Pause Young (Normal) (G1 Evacuation Pause)
[2492.635s][info][gc,task        ] GC(245) Using 8 workers of 8 for evacuation
[2492.780s][info][gc,phases      ] GC(245)   Pre Evacuate Collection Set: 0.29ms
[2492.780s][info][gc,phases      ] GC(245)   Merge Heap Roots: 0.59ms
[2492.780s][info][gc,phases      ] GC(245)   Evacuate Collection Set: 143.30ms
[2492.780s][info][gc,phases      ] GC(245)   Post Evacuate Collection Set: 1.10ms
[2492.780s][info][gc,phases      ] GC(245)   Other: 0.08ms
[2492.780s][info][gc,heap        ] GC(245) Eden regions: 571->0(571)
[2492.780s][info][gc,heap        ] GC(245) Survivor regions: 43->43(77)
[2492.780s][info][gc,heap        ] GC(245) Old regions: 251->257
[2492.780s][info][gc,heap        ] GC(245) Humongous regions: 33->33
[2492.780s][info][gc,metaspace   ] GC(245) Metaspace: 29971K(30144K)->29971K(30144K) NonClass: 29971K(30144K)->29971K(30144K) Class: 0K(0K)->0K(0K)
[2492.780s][info][gc             ] GC(245) Pause Young (Normal) (G1 Evacuation Pause) 7162M->2651M(8192M) 145.486ms
[2492.780s][info][gc,cpu         ] GC(245) User=1.15s Sys=0.00s Real=0.15s
............[2504.227s][info][gc,start       ] GC(246) Pause Young (Normal) (G1 Evacuation Pause)
[2504.227s][info][gc,task        ] GC(246) Using 8 workers of 8 for evacuation
[2504.372s][info][gc,phases      ] GC(246)   Pre Evacuate Collection Set: 0.26ms
[2504.372s][info][gc,phases      ] GC(246)   Merge Heap Roots: 0.61ms
[2504.372s][info][gc,phases      ] GC(246)   Evacuate Collection Set: 142.65ms
[2504.372s][info][gc,phases      ] GC(246)   Post Evacuate Collection Set: 1.03ms
[2504.372s][info][gc,phases      ] GC(246)   Other: 0.06ms
[2504.372s][info][gc,heap        ] GC(246) Eden regions: 571->0(572)
[2504.372s][info][gc,heap        ] GC(246) Survivor regions: 43->42(77)
[2504.372s][info][gc,heap        ] GC(246) Old regions: 257->264
[2504.372s][info][gc,heap        ] GC(246) Humongous regions: 33->33
[2504.372s][info][gc,metaspace   ] GC(246) Metaspace: 29971K(30144K)->29971K(30144K) NonClass: 29971K(30144K)->29971K(30144K) Class: 0K(0K)->0K(0K)
[2504.372s][info][gc             ] GC(246) Pause Young (Normal) (G1 Evacuation Pause) 7219M->2699M(8192M) 144.755ms
[2504.372s][info][gc,cpu         ] GC(246) User=1.15s Sys=0.00s Real=0.15s
............[2515.839s][info][gc,start       ] GC(247) Pause Young (Normal) (G1 Evacuation Pause)
[2515.839s][info][gc,task        ] GC(247) Using 8 workers of 8 for evacuation
[2515.986s][info][gc,phases      ] GC(247)   Pre Evacuate Collection Set: 0.24ms
[2515.986s][info][gc,phases      ] GC(247)   Merge Heap Roots: 0.59ms
[2515.986s][info][gc,phases      ] GC(247)   Evacuate Collection Set: 144.41ms
[2515.986s][info][gc,phases      ] GC(247)   Post Evacuate Collection Set: 1.06ms
[2515.986s][info][gc,phases      ] GC(247)   Other: 0.06ms
[2515.986s][info][gc,heap        ] GC(247) Eden regions: 572->0(571)
[2515.986s][info][gc,heap        ] GC(247) Survivor regions: 42->43(77)
[2515.986s][info][gc,heap        ] GC(247) Old regions: 264->271
[2515.986s][info][gc,heap        ] GC(247) Humongous regions: 33->33
[2515.986s][info][gc,metaspace   ] GC(247) Metaspace: 29971K(30144K)->29971K(30144K) NonClass: 29971K(30144K)->29971K(30144K) Class: 0K(0K)->0K(0K)
[2515.986s][info][gc             ] GC(247) Pause Young (Normal) (G1 Evacuation Pause) 7275M->2759M(8192M) 146.500ms
[2515.986s][info][gc,cpu         ] GC(247) User=1.17s Sys=0.00s Real=0.14s
.. (rIR:aIR:PR = 3321:3321:3321) (tPR = 49159) [OK] 
  2517s: Performance info:
         Transaction,    Success,    Partial,     Failed,   Receipts, AvgBarcode, 
             Overall,     199977,          0,          0,     189979,      59.47, 
         Response times:
             Request,    Success,    Partial,     Failed,   SkipFail,     Probes,    Samples,      min,      p50,      p90,      p95,      p99,      max, 
       TotalPurchase,     189979,          0,          0,          0,     185867,     200295,      300,     2300,     3800,     4300,    15100,   174000,
     InStorePurchase,     100046,          0,          0,          0,      98267,     105504,      300,     2300,     3800,     4300,    14800,   160000,
      OnlinePurchase,      69954,          0,          0,          0,      68273,      73792,      300,     2200,     3800,     4300,    14900,   174000,
        InstPurchase,      19979,          0,          0,          0,      19327,      20999,      400,     2400,     3900,     4300,    17900,   158000,
          AssocOfCat,        202,          0,          0,          0,        152,        218,    19500,    28500,    34100,    37000,    47240,   185000,
      AssocOfProduct,       2004,          0,          0,          0,       1850,       2174,      500,     2100,     3900,     4300,    16300,   151000,
      BusinessReport,        495,          0,          0,          0,        390,        507,    19600,    30000,    39000,    46600,    98280,   191000,
          CustBuyBeh,       2005,          0,          0,          0,       1804,       2078,      300,     2000,     3600,     4100,    11225,   154000,
       ProductReturn,       5292,          0,          0,          0,       4977,       5590,      200,     2400,     3800,     4300,    16118,   156000,

  2517s: (25%)   IR =   3459 .....|....[2527.031s][info][gc,start       ] GC(248) Pause Young (Normal) (G1 Evacuation Pause)
[2527.031s][info][gc,task        ] GC(248) Using 8 workers of 8 for evacuation
[2527.177s][info][gc,phases      ] GC(248)   Pre Evacuate Collection Set: 0.27ms
[2527.177s][info][gc,phases      ] GC(248)   Merge Heap Roots: 0.55ms
[2527.177s][info][gc,phases      ] GC(248)   Evacuate Collection Set: 143.68ms
[2527.177s][info][gc,phases      ] GC(248)   Post Evacuate Collection Set: 1.06ms
[2527.177s][info][gc,phases      ] GC(248)   Other: 0.08ms
[2527.177s][info][gc,heap        ] GC(248) Eden regions: 571->0(571)
[2527.177s][info][gc,heap        ] GC(248) Survivor regions: 43->43(77)
[2527.177s][info][gc,heap        ] GC(248) Old regions: 271->278
[2527.177s][info][gc,heap        ] GC(248) Humongous regions: 33->33
[2527.177s][info][gc,metaspace   ] GC(248) Metaspace: 29971K(30144K)->29971K(30144K) NonClass: 29971K(30144K)->29971K(30144K) Class: 0K(0K)->0K(0K)
[2527.177s][info][gc             ] GC(248) Pause Young (Normal) (G1 Evacuation Pause) 7327M->2814M(8192M) 145.774ms
[2527.177s][info][gc,cpu         ] GC(248) User=1.16s Sys=0.00s Real=0.14s
...........[2538.163s][info][gc,start       ] GC(249) Pause Young (Normal) (G1 Evacuation Pause)
[2538.163s][info][gc,task        ] GC(249) Using 8 workers of 8 for evacuation
[2538.310s][info][gc,phases      ] GC(249)   Pre Evacuate Collection Set: 0.28ms
[2538.310s][info][gc,phases      ] GC(249)   Merge Heap Roots: 0.54ms
[2538.310s][info][gc,phases      ] GC(249)   Evacuate Collection Set: 144.70ms
[2538.310s][info][gc,phases      ] GC(249)   Post Evacuate Collection Set: 1.08ms
[2538.310s][info][gc,phases      ] GC(249)   Other: 0.06ms
[2538.310s][info][gc,heap        ] GC(249) Eden regions: 571->0(568)
[2538.310s][info][gc,heap        ] GC(249) Survivor regions: 43->43(77)
[2538.310s][info][gc,heap        ] GC(249) Old regions: 278->285
[2538.310s][info][gc,heap        ] GC(249) Humongous regions: 33->33
[2538.310s][info][gc,metaspace   ] GC(249) Metaspace: 29971K(30144K)->29971K(30144K) NonClass: 29971K(30144K)->29971K(30144K) Class: 0K(0K)->0K(0K)
[2538.310s][info][gc             ] GC(249) Pause Young (Normal) (G1 Evacuation Pause) 7382M->2867M(8192M) 146.791ms
[2538.310s][info][gc,cpu         ] GC(249) User=1.16s Sys=0.00s Real=0.15s
...........[2549.257s][info][gc,start       ] GC(250) Pause Young (Normal) (G1 Evacuation Pause)
[2549.257s][info][gc,task        ] GC(250) Using 8 workers of 8 for evacuation
[2549.405s][info][gc,phases      ] GC(250)   Pre Evacuate Collection Set: 0.25ms
[2549.405s][info][gc,phases      ] GC(250)   Merge Heap Roots: 0.61ms
[2549.405s][info][gc,phases      ] GC(250)   Evacuate Collection Set: 146.59ms
[2549.405s][info][gc,phases      ] GC(250)   Post Evacuate Collection Set: 1.06ms
[2549.405s][info][gc,phases      ] GC(250)   Other: 0.06ms
[2549.405s][info][gc,heap        ] GC(250) Eden regions: 568->0(561)
[2549.405s][info][gc,heap        ] GC(250) Survivor regions: 43->43(77)
[2549.405s][info][gc,heap        ] GC(250) Old regions: 285->292
[2549.405s][info][gc,heap        ] GC(250) Humongous regions: 33->33
[2549.405s][info][gc,metaspace   ] GC(250) Metaspace: 29971K(30144K)->29971K(30144K) NonClass: 29971K(30144K)->29971K(30144K) Class: 0K(0K)->0K(0K)
[2549.405s][info][gc             ] GC(250) Pause Young (Normal) (G1 Evacuation Pause) 7411M->2922M(8192M) 148.701ms
[2549.405s][info][gc,cpu         ] GC(250) User=1.18s Sys=0.00s Real=0.15s
...........[2560.129s][info][gc,start       ] GC(251) Pause Young (Normal) (G1 Evacuation Pause)
[2560.129s][info][gc,task        ] GC(251) Using 8 workers of 8 for evacuation
[2560.273s][info][gc,phases      ] GC(251)   Pre Evacuate Collection Set: 0.27ms
[2560.273s][info][gc,phases      ] GC(251)   Merge Heap Roots: 0.53ms
[2560.273s][info][gc,phases      ] GC(251)   Evacuate Collection Set: 142.16ms
[2560.273s][info][gc,phases      ] GC(251)   Post Evacuate Collection Set: 1.07ms
[2560.273s][info][gc,phases      ] GC(251)   Other: 0.08ms
[2560.273s][info][gc,heap        ] GC(251) Eden regions: 561->0(556)
[2560.273s][info][gc,heap        ] GC(251) Survivor regions: 43->42(76)
[2560.273s][info][gc,heap        ] GC(251) Old regions: 292->299
[2560.273s][info][gc,heap        ] GC(251) Humongous regions: 33->33
[2560.273s][info][gc,metaspace   ] GC(251) Metaspace: 29971K(30144K)->29971K(30144K) NonClass: 29971K(30144K)->29971K(30144K) Class: 0K(0K)->0K(0K)
[2560.273s][info][gc             ] GC(251) Pause Young (Normal) (G1 Evacuation Pause) 7410M->2975M(8192M) 144.246ms
[2560.273s][info][gc,cpu         ] GC(251) User=1.14s Sys=0.00s Real=0.14s
...........[2571.018s][info][gc,start       ] GC(252) Pause Young (Normal) (G1 Evacuation Pause)
[2571.018s][info][gc,task        ] GC(252) Using 8 workers of 8 for evacuation
[2571.164s][info][gc,phases      ] GC(252)   Pre Evacuate Collection Set: 0.27ms
[2571.165s][info][gc,phases      ] GC(252)   Merge Heap Roots: 0.55ms
[2571.165s][info][gc,phases      ] GC(252)   Evacuate Collection Set: 144.44ms
[2571.165s][info][gc,phases      ] GC(252)   Post Evacuate Collection Set: 1.03ms
[2571.165s][info][gc,phases      ] GC(252)   Other: 0.07ms
[2571.165s][info][gc,heap        ] GC(252) Eden regions: 556->0(549)
[2571.165s][info][gc,heap        ] GC(252) Survivor regions: 42->42(75)
[2571.165s][info][gc,heap        ] GC(252) Old regions: 299->306
[2571.165s][info][gc,heap        ] GC(252) Humongous regions: 33->33
[2571.165s][info][gc,metaspace   ] GC(252) Metaspace: 29971K(30144K)->29971K(30144K) NonClass: 29971K(30144K)->29971K(30144K) Class: 0K(0K)->0K(0K)
[2571.165s][info][gc             ] GC(252) Pause Young (Normal) (G1 Evacuation Pause) 7423M->3029M(8192M) 146.505ms
[2571.165s][info][gc,cpu         ] GC(252) User=1.16s Sys=0.00s Real=0.14s
..........[2581.650s][info][gc,start       ] GC(253) Pause Young (Normal) (G1 Evacuation Pause)
[2581.650s][info][gc,task        ] GC(253) Using 8 workers of 8 for evacuation
[2581.796s][info][gc,phases      ] GC(253)   Pre Evacuate Collection Set: 0.26ms
[2581.796s][info][gc,phases      ] GC(253)   Merge Heap Roots: 0.51ms
[2581.796s][info][gc,phases      ] GC(253)   Evacuate Collection Set: 143.73ms
[2581.796s][info][gc,phases      ] GC(253)   Post Evacuate Collection Set: 1.01ms
[2581.796s][info][gc,phases      ] GC(253)   Other: 0.07ms
[2581.796s][info][gc,heap        ] GC(253) Eden regions: 549->0(540)
[2581.796s][info][gc,heap        ] GC(253) Survivor regions: 42->43(74)
[2581.796s][info][gc,heap        ] GC(253) Old regions: 306->313
[2581.796s][info][gc,heap        ] GC(253) Humongous regions: 33->33
[2581.796s][info][gc,metaspace   ] GC(253) Metaspace: 29976K(30144K)->29976K(30144K) NonClass: 29976K(30144K)->29976K(30144K) Class: 0K(0K)->0K(0K)
[2581.796s][info][gc             ] GC(253) Pause Young (Normal) (G1 Evacuation Pause) 7421M->3097M(8192M) 145.724ms
[2581.796s][info][gc,cpu         ] GC(253) User=1.16s Sys=0.00s Real=0.14s
.. (rIR:aIR:PR = 3459:3457:3457) (tPR = 51351) [OK] 
  2582s: Performance info:
         Transaction,    Success,    Partial,     Failed,   Receipts, AvgBarcode, 
             Overall,     207504,          0,          0,     197127,      59.47, 
         Response times:
             Request,    Success,    Partial,     Failed,   SkipFail,     Probes,    Samples,      min,      p50,      p90,      p95,      p99,      max, 
       TotalPurchase,     197127,          0,          0,          0,     192302,     209893,      300,     2300,     3900,     4400,    13800,   161000,
     InStorePurchase,     103793,          0,          0,          0,     101550,     110629,      400,     2300,     3900,     4300,    14000,   161000,
      OnlinePurchase,      72590,          0,          0,          0,      70893,      77361,      300,     2400,     4000,     4400,    14200,   158000,
        InstPurchase,      20744,          0,          0,          0,      19859,      21903,      500,     2300,     4000,     4500,    11892,   157000,
          AssocOfCat,        207,          0,          0,          0,        146,        211,    19100,    29000,    39000,    51000,   156920,   183000,
      AssocOfProduct,       2072,          0,          0,          0,       1921,       2296,      300,     1800,     3900,     4500,     9939,   153000,
      BusinessReport,        519,          0,          0,          0,        434,        568,    22000,    31000,    40000,    50000,    89480,   197000,
          CustBuyBeh,       2074,          0,          0,          0,       1897,       2232,      200,     2200,     3800,     4100,     9338,   149000,
       ProductReturn,       5505,          0,          0,          0,       5137,       5764,      200,     2500,     3900,     4400,    19105,   155000,

  2582s: (26%)   IR =   3598 ......|..[2591.835s][info][gc,start       ] GC(254) Pause Young (Normal) (G1 Evacuation Pause)
[2591.835s][info][gc,task        ] GC(254) Using 8 workers of 8 for evacuation
[2591.978s][info][gc,phases      ] GC(254)   Pre Evacuate Collection Set: 0.26ms
[2591.978s][info][gc,phases      ] GC(254)   Merge Heap Roots: 0.59ms
[2591.978s][info][gc,phases      ] GC(254)   Evacuate Collection Set: 141.41ms
[2591.978s][info][gc,phases      ] GC(254)   Post Evacuate Collection Set: 1.08ms
[2591.978s][info][gc,phases      ] GC(254)   Other: 0.08ms
[2591.978s][info][gc,heap        ] GC(254) Eden regions: 540->0(536)
[2591.978s][info][gc,heap        ] GC(254) Survivor regions: 43->41(73)
[2591.978s][info][gc,heap        ] GC(254) Old regions: 313->321
[2591.978s][info][gc,heap        ] GC(254) Humongous regions: 33->33
[2591.978s][info][gc,metaspace   ] GC(254) Metaspace: 29976K(30144K)->29976K(30144K) NonClass: 29976K(30144K)->29976K(30144K) Class: 0K(0K)->0K(0K)
[2591.979s][info][gc             ] GC(254) Pause Young (Normal) (G1 Evacuation Pause) 7417M->3141M(8192M) 143.572ms
[2591.979s][info][gc,cpu         ] GC(254) User=1.14s Sys=0.00s Real=0.15s
..........[2601.853s][info][gc,start       ] GC(255) Pause Young (Normal) (G1 Evacuation Pause)
[2601.853s][info][gc,task        ] GC(255) Using 8 workers of 8 for evacuation
[2601.997s][info][gc,phases      ] GC(255)   Pre Evacuate Collection Set: 0.25ms
[2601.997s][info][gc,phases      ] GC(255)   Merge Heap Roots: 0.67ms
[2601.997s][info][gc,phases      ] GC(255)   Evacuate Collection Set: 142.74ms
[2601.997s][info][gc,phases      ] GC(255)   Post Evacuate Collection Set: 1.02ms
[2601.997s][info][gc,phases      ] GC(255)   Other: 0.06ms
[2601.997s][info][gc,heap        ] GC(255) Eden regions: 536->0(527)
[2601.997s][info][gc,heap        ] GC(255) Survivor regions: 41->42(73)
[2601.997s][info][gc,heap        ] GC(255) Old regions: 321->328
[2601.997s][info][gc,heap        ] GC(255) Humongous regions: 33->33
[2601.997s][info][gc,metaspace   ] GC(255) Metaspace: 29976K(30144K)->29976K(30144K) NonClass: 29976K(30144K)->29976K(30144K) Class: 0K(0K)->0K(0K)
[2601.997s][info][gc             ] GC(255) Pause Young (Normal) (G1 Evacuation Pause) 7429M->3207M(8192M) 144.887ms
[2601.997s][info][gc,cpu         ] GC(255) User=1.14s Sys=0.00s Real=0.15s
..........[2611.706s][info][gc,start       ] GC(256) Pause Young (Normal) (G1 Evacuation Pause)
[2611.706s][info][gc,task        ] GC(256) Using 8 workers of 8 for evacuation
[2611.849s][info][gc,phases      ] GC(256)   Pre Evacuate Collection Set: 0.29ms
[2611.849s][info][gc,phases      ] GC(256)   Merge Heap Roots: 0.62ms
[2611.849s][info][gc,phases      ] GC(256)   Evacuate Collection Set: 140.54ms
[2611.849s][info][gc,phases      ] GC(256)   Post Evacuate Collection Set: 1.03ms
[2611.849s][info][gc,phases      ] GC(256)   Other: 0.07ms
[2611.849s][info][gc,heap        ] GC(256) Eden regions: 527->0(522)
[2611.849s][info][gc,heap        ] GC(256) Survivor regions: 42->41(72)
[2611.849s][info][gc,heap        ] GC(256) Old regions: 328->335
[2611.849s][info][gc,heap        ] GC(256) Humongous regions: 33->33
[2611.849s][info][gc,metaspace   ] GC(256) Metaspace: 29976K(30144K)->29976K(30144K) NonClass: 29976K(30144K)->29976K(30144K) Class: 0K(0K)->0K(0K)
[2611.849s][info][gc             ] GC(256) Pause Young (Normal) (G1 Evacuation Pause) 7423M->3255M(8192M) 142.711ms
[2611.849s][info][gc,cpu         ] GC(256) User=1.13s Sys=0.00s Real=0.15s
..........[2621.426s][info][gc,start       ] GC(257) Pause Young (Normal) (G1 Evacuation Pause)
[2621.426s][info][gc,task        ] GC(257) Using 8 workers of 8 for evacuation
[2621.569s][info][gc,phases      ] GC(257)   Pre Evacuate Collection Set: 0.25ms
[2621.569s][info][gc,phases      ] GC(257)   Merge Heap Roots: 0.66ms
[2621.569s][info][gc,phases      ] GC(257)   Evacuate Collection Set: 140.26ms
[2621.569s][info][gc,phases      ] GC(257)   Post Evacuate Collection Set: 1.01ms
[2621.569s][info][gc,phases      ] GC(257)   Other: 0.07ms
[2621.569s][info][gc,heap        ] GC(257) Eden regions: 522->0(516)
[2621.569s][info][gc,heap        ] GC(257) Survivor regions: 41->40(71)
[2621.569s][info][gc,heap        ] GC(257) Old regions: 335->343
[2621.569s][info][gc,heap        ] GC(257) Humongous regions: 33->33
[2621.569s][info][gc,metaspace   ] GC(257) Metaspace: 29977K(30144K)->29977K(30144K) NonClass: 29977K(30144K)->29977K(30144K) Class: 0K(0K)->0K(0K)
[2621.569s][info][gc             ] GC(257) Pause Young (Normal) (G1 Evacuation Pause) 7431M->3311M(8192M) 142.393ms
[2621.569s][info][gc,cpu         ] GC(257) User=1.12s Sys=0.00s Real=0.15s
..........[2631.126s][info][gc,start       ] GC(258) Pause Young (Concurrent Start) (G1 Evacuation Pause)
[2631.126s][info][gc,task        ] GC(258) Using 8 workers of 8 for evacuation
[2631.270s][info][gc,phases      ] GC(258)   Pre Evacuate Collection Set: 0.32ms
[2631.270s][info][gc,phases      ] GC(258)   Merge Heap Roots: 0.56ms
[2631.270s][info][gc,phases      ] GC(258)   Evacuate Collection Set: 142.48ms
[2631.270s][info][gc,phases      ] GC(258)   Post Evacuate Collection Set: 0.98ms
[2631.271s][info][gc,phases      ] GC(258)   Other: 0.11ms
[2631.271s][info][gc,heap        ] GC(258) Eden regions: 516->0(507)
[2631.271s][info][gc,heap        ] GC(258) Survivor regions: 40->41(70)
[2631.271s][info][gc,heap        ] GC(258) Old regions: 343->350
[2631.271s][info][gc,heap        ] GC(258) Humongous regions: 33->33
[2631.271s][info][gc,metaspace   ] GC(258) Metaspace: 29977K(30144K)->29977K(30144K) NonClass: 29977K(30144K)->29977K(30144K) Class: 0K(0K)->0K(0K)
[2631.271s][info][gc             ] GC(258) Pause Young (Concurrent Start) (G1 Evacuation Pause) 7439M->3378M(8192M) 144.585ms
[2631.271s][info][gc,cpu         ] GC(258) User=1.15s Sys=0.00s Real=0.15s
[2631.271s][info][gc             ] GC(259) Concurrent Mark Cycle
[2631.271s][info][gc,marking     ] GC(259) Concurrent Scan Root Regions
[2631.472s][info][gc,marking     ] GC(259) Concurrent Scan Root Regions 200.807ms
[2631.472s][info][gc,marking     ] GC(259) Concurrent Mark
[2631.472s][info][gc,marking     ] GC(259) Concurrent Mark From Roots
[2631.472s][info][gc,task        ] GC(259) Using 2 workers of 2 for marking
[2631.992s][info][gc,marking     ] GC(259) Concurrent Mark From Roots 519.954ms
[2631.992s][info][gc,marking     ] GC(259) Concurrent Preclean
[2631.992s][info][gc,marking     ] GC(259) Concurrent Preclean 0.122ms
[2631.992s][info][gc,start       ] GC(259) Pause Remark
[2631.994s][info][gc             ] GC(259) Pause Remark 3766M->2982M(8192M) 1.826ms
[2631.994s][info][gc,cpu         ] GC(259) User=0.01s Sys=0.00s Real=0.00s
[2631.994s][info][gc,marking     ] GC(259) Concurrent Mark 522.251ms
[2631.994s][info][gc,marking     ] GC(259) Concurrent Rebuild Remembered Sets and Scrub Regions
.[2632.329s][info][gc,marking     ] GC(259) Concurrent Rebuild Remembered Sets and Scrub Regions 334.703ms
[2632.329s][info][gc,start       ] GC(259) Pause Cleanup
[2632.329s][info][gc             ] GC(259) Pause Cleanup 3155M->3155M(8192M) 0.322ms
[2632.329s][info][gc,cpu         ] GC(259) User=0.00s Sys=0.00s Real=0.00s
[2632.329s][info][gc,marking     ] GC(259) Concurrent Clear Claimed Marks
[2632.329s][info][gc,marking     ] GC(259) Concurrent Clear Claimed Marks 0.053ms
[2632.329s][info][gc,marking     ] GC(259) Concurrent Cleanup for Next Mark
[2632.336s][info][gc,marking     ] GC(259) Concurrent Cleanup for Next Mark 7.282ms
[2632.337s][info][gc             ] GC(259) Concurrent Mark Cycle 1065.819ms
........[2640.648s][info][gc,start       ] GC(260) Pause Young (Prepare Mixed) (G1 Evacuation Pause)
[2640.648s][info][gc,task        ] GC(260) Using 8 workers of 8 for evacuation
[2640.789s][info][gc,phases      ] GC(260)   Pre Evacuate Collection Set: 0.29ms
[2640.789s][info][gc,phases      ] GC(260)   Merge Heap Roots: 0.84ms
[2640.789s][info][gc,phases      ] GC(260)   Evacuate Collection Set: 139.06ms
[2640.789s][info][gc,phases      ] GC(260)   Post Evacuate Collection Set: 1.11ms
[2640.789s][info][gc,phases      ] GC(260)   Other: 0.07ms
[2640.789s][info][gc,heap        ] GC(260) Eden regions: 507->0(573)
[2640.789s][info][gc,heap        ] GC(260) Survivor regions: 41->41(69)
[2640.789s][info][gc,heap        ] GC(260) Old regions: 252->260
[2640.789s][info][gc,heap        ] GC(260) Humongous regions: 33->33
[2640.789s][info][gc,metaspace   ] GC(260) Metaspace: 29977K(30144K)->29977K(30144K) NonClass: 29977K(30144K)->29977K(30144K) Class: 0K(0K)->0K(0K)
[2640.789s][info][gc             ] GC(260) Pause Young (Prepare Mixed) (G1 Evacuation Pause) 6650M->2652M(8192M) 141.522ms
[2640.789s][info][gc,cpu         ] GC(260) User=1.12s Sys=0.00s Real=0.14s
......... (rIR:aIR:PR = 3598:3598:3598) (tPR = 53459) [OK] 
  2648s: Performance info:
         Transaction,    Success,    Partial,     Failed,   Receipts, AvgBarcode, 
             Overall,     216312,          0,          0,     205502,      59.48, 
         Response times:
             Request,    Success,    Partial,     Failed,   SkipFail,     Probes,    Samples,      min,      p50,      p90,      p95,      p99,      max, 
       TotalPurchase,     205502,          0,          0,          0,     201496,     223704,      300,     2400,     4100,     4600,    15500,   218000,
     InStorePurchase,     108173,          0,          0,          0,     106325,     117833,      300,     2400,     4100,     4600,    15100,   157000,
      OnlinePurchase,      75710,          0,          0,          0,      74119,      82215,      300,     2500,     4200,     4600,    16700,   218000,
        InstPurchase,      21619,          0,          0,          0,      21052,      23656,      500,     2400,     4200,     4700,    14400,   158000,
          AssocOfCat,        218,          0,          0,          0,        165,        224,    19000,    30000,    37000,    41250,    85250,   201000,
      AssocOfProduct,       2162,          0,          0,          0,       1915,       2285,      600,     3000,     4500,     5000,    16898,   146000,
      BusinessReport,        540,          0,          0,          0,        445,        594,    21000,    31000,    41000,    48000,    73000,   196000,
          CustBuyBeh,       2158,          0,          0,          0,       1956,       2260,      300,     2600,     4100,     4800,    15056,   153000,
       ProductReturn,       5732,          0,          0,          0,       5346,       6135,      200,     2000,     3900,     4500,     8200,   154000,

  2648s: (27%)   IR =   3736 ..[2651.331s][info][gc,start       ] GC(261) Pause Young (Mixed) (G1 Evacuation Pause)
[2651.331s][info][gc,task        ] GC(261) Using 8 workers of 8 for evacuation
[2651.480s][info][gc,phases      ] GC(261)   Pre Evacuate Collection Set: 0.30ms
[2651.480s][info][gc,phases      ] GC(261)   Merge Heap Roots: 0.87ms
[2651.480s][info][gc,phases      ] GC(261)   Evacuate Collection Set: 146.48ms
[2651.480s][info][gc,phases      ] GC(261)   Post Evacuate Collection Set: 1.29ms
[2651.480s][info][gc,phases      ] GC(261)   Other: 0.08ms
[2651.480s][info][gc,heap        ] GC(261) Eden regions: 573->0(566)
[2651.480s][info][gc,heap        ] GC(261) Survivor regions: 41->48(77)
[2651.480s][info][gc,heap        ] GC(261) Old regions: 260->159
[2651.480s][info][gc,heap        ] GC(261) Humongous regions: 33->33
[2651.480s][info][gc,metaspace   ] GC(261) Metaspace: 29977K(30144K)->29977K(30144K) NonClass: 29977K(30144K)->29977K(30144K) Class: 0K(0K)->0K(0K)
[2651.480s][info][gc             ] GC(261) Pause Young (Mixed) (G1 Evacuation Pause) 7236M->1898M(8192M) 149.168ms
[2651.480s][info][gc,cpu         ] GC(261) User=1.18s Sys=0.00s Real=0.15s
....|......[2661.581s][info][gc,start       ] GC(262) Pause Young (Mixed) (G1 Evacuation Pause)
[2661.581s][info][gc,task        ] GC(262) Using 8 workers of 8 for evacuation
[2661.742s][info][gc,phases      ] GC(262)   Pre Evacuate Collection Set: 0.31ms
[2661.742s][info][gc,phases      ] GC(262)   Merge Heap Roots: 1.00ms
[2661.742s][info][gc,phases      ] GC(262)   Evacuate Collection Set: 158.31ms
[2661.742s][info][gc,phases      ] GC(262)   Post Evacuate Collection Set: 1.11ms
[2661.742s][info][gc,phases      ] GC(262)   Other: 0.09ms
[2661.742s][info][gc,heap        ] GC(262) Eden regions: 566->0(571)
[2661.742s][info][gc,heap        ] GC(262) Survivor regions: 48->43(77)
[2661.742s][info][gc,heap        ] GC(262) Old regions: 159->139
[2661.742s][info][gc,heap        ] GC(262) Humongous regions: 33->33
[2661.742s][info][gc,metaspace   ] GC(262) Metaspace: 29977K(30144K)->29977K(30144K) NonClass: 29977K(30144K)->29977K(30144K) Class: 0K(0K)->0K(0K)
[2661.742s][info][gc             ] GC(262) Pause Young (Mixed) (G1 Evacuation Pause) 6426M->1700M(8192M) 160.968ms
[2661.742s][info][gc,cpu         ] GC(262) User=1.27s Sys=0.00s Real=0.16s
..........[2671.824s][info][gc,start       ] GC(263) Pause Young (Normal) (G1 Evacuation Pause)
[2671.824s][info][gc,task        ] GC(263) Using 8 workers of 8 for evacuation
[2671.969s][info][gc,phases      ] GC(263)   Pre Evacuate Collection Set: 0.24ms
[2671.969s][info][gc,phases      ] GC(263)   Merge Heap Roots: 0.58ms
[2671.969s][info][gc,phases      ] GC(263)   Evacuate Collection Set: 143.26ms
[2671.969s][info][gc,phases      ] GC(263)   Post Evacuate Collection Set: 1.04ms
[2671.969s][info][gc,phases      ] GC(263)   Other: 0.06ms
[2671.969s][info][gc,heap        ] GC(263) Eden regions: 571->0(571)
[2671.969s][info][gc,heap        ] GC(263) Survivor regions: 43->43(77)
[2671.969s][info][gc,heap        ] GC(263) Old regions: 139->146
[2671.969s][info][gc,heap        ] GC(263) Humongous regions: 33->33
[2671.969s][info][gc,metaspace   ] GC(263) Metaspace: 29977K(30144K)->29977K(30144K) NonClass: 29977K(30144K)->29977K(30144K) Class: 0K(0K)->0K(0K)
[2671.969s][info][gc             ] GC(263) Pause Young (Normal) (G1 Evacuation Pause) 6268M->1757M(8192M) 145.313ms
[2671.969s][info][gc,cpu         ] GC(263) User=1.15s Sys=0.00s Real=0.15s
...........[2682.191s][info][gc,start       ] GC(264) Pause Young (Normal) (G1 Evacuation Pause)
[2682.191s][info][gc,task        ] GC(264) Using 8 workers of 8 for evacuation
[2682.337s][info][gc,phases      ] GC(264)   Pre Evacuate Collection Set: 0.24ms
[2682.337s][info][gc,phases      ] GC(264)   Merge Heap Roots: 0.58ms
[2682.337s][info][gc,phases      ] GC(264)   Evacuate Collection Set: 143.69ms
[2682.337s][info][gc,phases      ] GC(264)   Post Evacuate Collection Set: 1.02ms
[2682.337s][info][gc,phases      ] GC(264)   Other: 0.07ms
[2682.337s][info][gc,heap        ] GC(264) Eden regions: 571->0(572)
[2682.337s][info][gc,heap        ] GC(264) Survivor regions: 43->42(77)
[2682.337s][info][gc,heap        ] GC(264) Old regions: 146->153
[2682.337s][info][gc,heap        ] GC(264) Humongous regions: 33->33
[2682.337s][info][gc,metaspace   ] GC(264) Metaspace: 29977K(30144K)->29977K(30144K) NonClass: 29977K(30144K)->29977K(30144K) Class: 0K(0K)->0K(0K)
[2682.337s][info][gc             ] GC(264) Pause Young (Normal) (G1 Evacuation Pause) 6325M->1809M(8192M) 145.723ms
[2682.337s][info][gc,cpu         ] GC(264) User=1.15s Sys=0.00s Real=0.14s
..........[2692.459s][info][gc,start       ] GC(265) Pause Young (Normal) (G1 Evacuation Pause)
[2692.459s][info][gc,task        ] GC(265) Using 8 workers of 8 for evacuation
[2692.609s][info][gc,phases      ] GC(265)   Pre Evacuate Collection Set: 0.24ms
[2692.609s][info][gc,phases      ] GC(265)   Merge Heap Roots: 0.52ms
[2692.609s][info][gc,phases      ] GC(265)   Evacuate Collection Set: 148.05ms
[2692.609s][info][gc,phases      ] GC(265)   Post Evacuate Collection Set: 1.03ms
[2692.609s][info][gc,phases      ] GC(265)   Other: 0.06ms
[2692.609s][info][gc,heap        ] GC(265) Eden regions: 572->0(570)
[2692.609s][info][gc,heap        ] GC(265) Survivor regions: 42->44(77)
[2692.609s][info][gc,heap        ] GC(265) Old regions: 153->160
[2692.609s][info][gc,heap        ] GC(265) Humongous regions: 33->33
[2692.609s][info][gc,metaspace   ] GC(265) Metaspace: 29977K(30144K)->29977K(30144K) NonClass: 29977K(30144K)->29977K(30144K) Class: 0K(0K)->0K(0K)
[2692.609s][info][gc             ] GC(265) Pause Young (Normal) (G1 Evacuation Pause) 6385M->1877M(8192M) 150.044ms
[2692.609s][info][gc,cpu         ] GC(265) User=1.19s Sys=0.00s Real=0.15s
..........[2702.773s][info][gc,start       ] GC(266) Pause Young (Normal) (G1 Evacuation Pause)
[2702.773s][info][gc,task        ] GC(266) Using 8 workers of 8 for evacuation
[2702.917s][info][gc,phases      ] GC(266)   Pre Evacuate Collection Set: 0.24ms
[2702.917s][info][gc,phases      ] GC(266)   Merge Heap Roots: 0.53ms
[2702.917s][info][gc,phases      ] GC(266)   Evacuate Collection Set: 142.20ms
[2702.917s][info][gc,phases      ] GC(266)   Post Evacuate Collection Set: 1.03ms
[2702.917s][info][gc,phases      ] GC(266)   Other: 0.07ms
[2702.917s][info][gc,heap        ] GC(266) Eden regions: 570->0(572)
[2702.917s][info][gc,heap        ] GC(266) Survivor regions: 44->42(77)
[2702.917s][info][gc,heap        ] GC(266) Old regions: 160->167
[2702.917s][info][gc,heap        ] GC(266) Humongous regions: 33->33
[2702.917s][info][gc,metaspace   ] GC(266) Metaspace: 29977K(30144K)->29977K(30144K) NonClass: 29977K(30144K)->29977K(30144K) Class: 0K(0K)->0K(0K)
[2702.917s][info][gc             ] GC(266) Pause Young (Normal) (G1 Evacuation Pause) 6437M->1917M(8192M) 144.190ms
[2702.917s][info][gc,cpu         ] GC(266) User=1.14s Sys=0.00s Real=0.14s
...........[2713.100s][info][gc,start       ] GC(267) Pause Young (Normal) (G1 Evacuation Pause)
[2713.100s][info][gc,task        ] GC(267) Using 8 workers of 8 for evacuation
[2713.248s][info][gc,phases      ] GC(267)   Pre Evacuate Collection Set: 0.26ms
[2713.248s][info][gc,phases      ] GC(267)   Merge Heap Roots: 0.60ms
[2713.248s][info][gc,phases      ] GC(267)   Evacuate Collection Set: 145.75ms
[2713.248s][info][gc,phases      ] GC(267)   Post Evacuate Collection Set: 1.03ms
[2713.248s][info][gc,phases      ] GC(267)   Other: 0.07ms
[2713.248s][info][gc,heap        ] GC(267) Eden regions: 572->0(571)
[2713.248s][info][gc,heap        ] GC(267) Survivor regions: 42->43(77)
[2713.248s][info][gc,heap        ] GC(267) Old regions: 167->174
[2713.248s][info][gc,heap        ] GC(267) Humongous regions: 33->33
[2713.248s][info][gc,metaspace   ] GC(267) Metaspace: 29977K(30144K)->29977K(30144K) NonClass: 29977K(30144K)->29977K(30144K) Class: 0K(0K)->0K(0K)
[2713.248s][info][gc             ] GC(267) Pause Young (Normal) (G1 Evacuation Pause) 6493M->1985M(8192M) 147.843ms
[2713.248s][info][gc,cpu         ] GC(267) User=1.17s Sys=0.00s Real=0.15s
.. (rIR:aIR:PR = 3736:3736:3736) (tPR = 54752) [OK] 
  2714s: Performance info:
         Transaction,    Success,    Partial,     Failed,   Receipts, AvgBarcode, 
             Overall,     224252,          0,          0,     213033,      59.48, 
         Response times:
             Request,    Success,    Partial,     Failed,   SkipFail,     Probes,    Samples,      min,      p50,      p90,      p95,      p99,      max, 
       TotalPurchase,     213033,          0,          0,          0,     208625,     230627,      300,     2500,     4200,     4700,    19900,   205000,
     InStorePurchase,     112139,          0,          0,          0,     110112,     121437,      300,     2400,     4200,     4700,    19062,   205000,
      OnlinePurchase,      78472,          0,          0,          0,      76864,      85020,      300,     2500,     4200,     4700,    21000,   205000,
        InstPurchase,      22422,          0,          0,          0,      21649,      24170,      400,     2500,     4300,     4700,    21000,   205000,
          AssocOfCat,        227,          0,          0,          0,        168,        252,    19500,    30000,    39000,    48700,   174410,   209000,
      AssocOfProduct,       2238,          0,          0,          0,       2027,       2428,      800,     3000,     4600,     5055,    27000,   164000,
      BusinessReport,        565,          0,          0,          0,        463,        614,    23000,    31000,    39000,    45250,    81200,   225000,
          CustBuyBeh,       2242,          0,          0,          0,       2086,       2522,      200,     2500,     3900,     4300,    16655,    54000,
       ProductReturn,       5947,          0,          0,          0,       5689,       6635,      200,     2000,     4000,     4500,    11528,   167000,

  2714s: (28%)   IR =   3874 ......|.[2723.070s][info][gc,start       ] GC(268) Pause Young (Normal) (G1 Evacuation Pause)
[2723.070s][info][gc,task        ] GC(268) Using 8 workers of 8 for evacuation
[2723.216s][info][gc,phases      ] GC(268)   Pre Evacuate Collection Set: 0.27ms
[2723.216s][info][gc,phases      ] GC(268)   Merge Heap Roots: 0.55ms
[2723.216s][info][gc,phases      ] GC(268)   Evacuate Collection Set: 143.84ms
[2723.216s][info][gc,phases      ] GC(268)   Post Evacuate Collection Set: 1.03ms
[2723.216s][info][gc,phases      ] GC(268)   Other: 0.07ms
[2723.216s][info][gc,heap        ] GC(268) Eden regions: 571->0(571)
[2723.216s][info][gc,heap        ] GC(268) Survivor regions: 43->43(77)
[2723.216s][info][gc,heap        ] GC(268) Old regions: 174->181
[2723.216s][info][gc,heap        ] GC(268) Humongous regions: 33->33
[2723.216s][info][gc,metaspace   ] GC(268) Metaspace: 29977K(30144K)->29977K(30144K) NonClass: 29977K(30144K)->29977K(30144K) Class: 0K(0K)->0K(0K)
[2723.216s][info][gc             ] GC(268) Pause Young (Normal) (G1 Evacuation Pause) 6553M->2035M(8192M) 145.894ms
[2723.216s][info][gc,cpu         ] GC(268) User=1.15s Sys=0.01s Real=0.14s
..........[2733.038s][info][gc,start       ] GC(269) Pause Young (Normal) (G1 Evacuation Pause)
[2733.038s][info][gc,task        ] GC(269) Using 8 workers of 8 for evacuation
[2733.186s][info][gc,phases      ] GC(269)   Pre Evacuate Collection Set: 0.26ms
[2733.186s][info][gc,phases      ] GC(269)   Merge Heap Roots: 0.54ms
[2733.186s][info][gc,phases      ] GC(269)   Evacuate Collection Set: 146.45ms
[2733.186s][info][gc,phases      ] GC(269)   Post Evacuate Collection Set: 1.04ms
[2733.186s][info][gc,phases      ] GC(269)   Other: 0.06ms
[2733.186s][info][gc,heap        ] GC(269) Eden regions: 571->0(571)
[2733.186s][info][gc,heap        ] GC(269) Survivor regions: 43->43(77)
[2733.186s][info][gc,heap        ] GC(269) Old regions: 181->188
[2733.186s][info][gc,heap        ] GC(269) Humongous regions: 33->33
[2733.186s][info][gc,metaspace   ] GC(269) Metaspace: 29977K(30144K)->29977K(30144K) NonClass: 29977K(30144K)->29977K(30144K) Class: 0K(0K)->0K(0K)
[2733.186s][info][gc             ] GC(269) Pause Young (Normal) (G1 Evacuation Pause) 6603M->2094M(8192M) 148.479ms
[2733.186s][info][gc,cpu         ] GC(269) User=1.18s Sys=0.00s Real=0.14s
..........[2742.925s][info][gc,start       ] GC(270) Pause Young (Normal) (G1 Evacuation Pause)
[2742.925s][info][gc,task        ] GC(270) Using 8 workers of 8 for evacuation
[2743.072s][info][gc,phases      ] GC(270)   Pre Evacuate Collection Set: 0.28ms
[2743.072s][info][gc,phases      ] GC(270)   Merge Heap Roots: 0.55ms
[2743.072s][info][gc,phases      ] GC(270)   Evacuate Collection Set: 145.23ms
[2743.072s][info][gc,phases      ] GC(270)   Post Evacuate Collection Set: 1.03ms
[2743.072s][info][gc,phases      ] GC(270)   Other: 0.07ms
[2743.072s][info][gc,heap        ] GC(270) Eden regions: 571->0(571)
[2743.072s][info][gc,heap        ] GC(270) Survivor regions: 43->43(77)
[2743.072s][info][gc,heap        ] GC(270) Old regions: 188->195
[2743.072s][info][gc,heap        ] GC(270) Humongous regions: 33->33
[2743.072s][info][gc,metaspace   ] GC(270) Metaspace: 29977K(30144K)->29977K(30144K) NonClass: 29977K(30144K)->29977K(30144K) Class: 0K(0K)->0K(0K)
[2743.072s][info][gc             ] GC(270) Pause Young (Normal) (G1 Evacuation Pause) 6662M->2149M(8192M) 147.302ms
[2743.072s][info][gc,cpu         ] GC(270) User=1.17s Sys=0.00s Real=0.15s
..........[2752.831s][info][gc,start       ] GC(271) Pause Young (Normal) (G1 Evacuation Pause)
[2752.831s][info][gc,task        ] GC(271) Using 8 workers of 8 for evacuation
[2752.979s][info][gc,phases      ] GC(271)   Pre Evacuate Collection Set: 0.24ms
[2752.979s][info][gc,phases      ] GC(271)   Merge Heap Roots: 0.60ms
[2752.979s][info][gc,phases      ] GC(271)   Evacuate Collection Set: 146.02ms
[2752.979s][info][gc,phases      ] GC(271)   Post Evacuate Collection Set: 1.08ms
[2752.979s][info][gc,phases      ] GC(271)   Other: 0.07ms
[2752.979s][info][gc,heap        ] GC(271) Eden regions: 571->0(571)
[2752.979s][info][gc,heap        ] GC(271) Survivor regions: 43->43(77)
[2752.979s][info][gc,heap        ] GC(271) Old regions: 195->202
[2752.979s][info][gc,heap        ] GC(271) Humongous regions: 33->33
[2752.979s][info][gc,metaspace   ] GC(271) Metaspace: 29977K(30144K)->29977K(30144K) NonClass: 29977K(30144K)->29977K(30144K) Class: 0K(0K)->0K(0K)
[2752.979s][info][gc             ] GC(271) Pause Young (Normal) (G1 Evacuation Pause) 6717M->2206M(8192M) 148.168ms
[2752.979s][info][gc,cpu         ] GC(271) User=1.17s Sys=0.00s Real=0.15s
..........[2762.760s][info][gc,start       ] GC(272) Pause Young (Normal) (G1 Evacuation Pause)
[2762.760s][info][gc,task        ] GC(272) Using 8 workers of 8 for evacuation
[2762.911s][info][gc,phases      ] GC(272)   Pre Evacuate Collection Set: 0.25ms
[2762.911s][info][gc,phases      ] GC(272)   Merge Heap Roots: 0.54ms
[2762.911s][info][gc,phases      ] GC(272)   Evacuate Collection Set: 148.43ms
[2762.911s][info][gc,phases      ] GC(272)   Post Evacuate Collection Set: 1.05ms
[2762.911s][info][gc,phases      ] GC(272)   Other: 0.06ms
[2762.911s][info][gc,heap        ] GC(272) Eden regions: 571->0(571)
[2762.911s][info][gc,heap        ] GC(272) Survivor regions: 43->43(77)
[2762.911s][info][gc,heap        ] GC(272) Old regions: 202->209
[2762.911s][info][gc,heap        ] GC(272) Humongous regions: 33->33
[2762.911s][info][gc,metaspace   ] GC(272) Metaspace: 29977K(30144K)->29977K(30144K) NonClass: 29977K(30144K)->29977K(30144K) Class: 0K(0K)->0K(0K)
[2762.911s][info][gc             ] GC(272) Pause Young (Normal) (G1 Evacuation Pause) 6774M->2261M(8192M) 150.449ms
[2762.911s][info][gc,cpu         ] GC(272) User=1.19s Sys=0.00s Real=0.15s
..........[2772.752s][info][gc,start       ] GC(273) Pause Young (Normal) (G1 Evacuation Pause)
[2772.752s][info][gc,task        ] GC(273) Using 8 workers of 8 for evacuation
[2772.895s][info][gc,phases      ] GC(273)   Pre Evacuate Collection Set: 0.26ms
[2772.895s][info][gc,phases      ] GC(273)   Merge Heap Roots: 0.51ms
[2772.895s][info][gc,phases      ] GC(273)   Evacuate Collection Set: 141.24ms
[2772.895s][info][gc,phases      ] GC(273)   Post Evacuate Collection Set: 1.06ms
[2772.895s][info][gc,phases      ] GC(273)   Other: 0.08ms
[2772.895s][info][gc,heap        ] GC(273) Eden regions: 571->0(572)
[2772.895s][info][gc,heap        ] GC(273) Survivor regions: 43->42(77)
[2772.895s][info][gc,heap        ] GC(273) Old regions: 209->215
[2772.895s][info][gc,heap        ] GC(273) Humongous regions: 33->33
[2772.895s][info][gc,metaspace   ] GC(273) Metaspace: 29977K(30144K)->29977K(30144K) NonClass: 29977K(30144K)->29977K(30144K) Class: 0K(0K)->0K(0K)
[2772.895s][info][gc             ] GC(273) Pause Young (Normal) (G1 Evacuation Pause) 6829M->2303M(8192M) 143.292ms
[2772.896s][info][gc,cpu         ] GC(273) User=1.13s Sys=0.00s Real=0.14s
......... (rIR:aIR:PR = 3874:3873:3873) (tPR = 57445) [OK] 
  2781s: Performance info:
         Transaction,    Success,    Partial,     Failed,   Receipts, AvgBarcode, 
             Overall,     232846,          0,          0,     221214,      59.47, 
         Response times:
             Request,    Success,    Partial,     Failed,   SkipFail,     Probes,    Samples,      min,      p50,      p90,      p95,      p99,      max, 
       TotalPurchase,     221214,          0,          0,          0,     216363,     240163,      300,     2600,     4300,     4800,    11100,   201000,
     InStorePurchase,     116387,          0,          0,          0,     114041,     126392,      400,     2600,     4300,     4800,    11500,   201000,
      OnlinePurchase,      81534,          0,          0,          0,      79806,      88491,      300,     2500,     4300,     4800,    11100,   200000,
        InstPurchase,      23293,          0,          0,          0,      22516,      25280,      400,     2400,     4400,     4800,     8300,   160000,
          AssocOfCat,        233,          0,          0,          0,        195,        296,    19500,    30000,    37000,    41000,    51280,   200000,
      AssocOfProduct,       2328,          0,          0,          0,       2166,       2573,      700,     3300,     4900,     5300,    19816,   152000,
      BusinessReport,        578,          0,          0,          0,        472,        610,    21000,    31000,    39000,    45000,    82790,   194000,
          CustBuyBeh,       2328,          0,          0,          0,       2113,       2513,      200,     2200,     4100,     4600,     8500,   157000,
       ProductReturn,       6166,          0,          0,          0,       5865,       6777,      200,     2100,     4100,     4600,     9922,   155000,

  2781s: (29%)   IR =   4013 .[2782.678s][info][gc,start       ] GC(274) Pause Young (Normal) (G1 Evacuation Pause)
[2782.678s][info][gc,task        ] GC(274) Using 8 workers of 8 for evacuation
[2782.822s][info][gc,phases      ] GC(274)   Pre Evacuate Collection Set: 0.25ms
[2782.822s][info][gc,phases      ] GC(274)   Merge Heap Roots: 0.53ms
[2782.822s][info][gc,phases      ] GC(274)   Evacuate Collection Set: 141.98ms
[2782.822s][info][gc,phases      ] GC(274)   Post Evacuate Collection Set: 1.05ms
[2782.822s][info][gc,phases      ] GC(274)   Other: 0.06ms
[2782.822s][info][gc,heap        ] GC(274) Eden regions: 572->0(572)
[2782.822s][info][gc,heap        ] GC(274) Survivor regions: 42->42(77)
[2782.822s][info][gc,heap        ] GC(274) Old regions: 215->222
[2782.822s][info][gc,heap        ] GC(274) Humongous regions: 33->33
[2782.822s][info][gc,metaspace   ] GC(274) Metaspace: 29977K(30144K)->29977K(30144K) NonClass: 29977K(30144K)->29977K(30144K) Class: 0K(0K)->0K(0K)
[2782.822s][info][gc             ] GC(274) Pause Young (Normal) (G1 Evacuation Pause) 6879M->2363M(8192M) 144.027ms
[2782.822s][info][gc,cpu         ] GC(274) User=1.14s Sys=0.00s Real=0.14s
.....|....[2792.221s][info][gc,start       ] GC(275) Pause Young (Normal) (G1 Evacuation Pause)
[2792.221s][info][gc,task        ] GC(275) Using 8 workers of 8 for evacuation
[2792.366s][info][gc,phases      ] GC(275)   Pre Evacuate Collection Set: 0.24ms
[2792.366s][info][gc,phases      ] GC(275)   Merge Heap Roots: 0.55ms
[2792.366s][info][gc,phases      ] GC(275)   Evacuate Collection Set: 143.45ms
[2792.366s][info][gc,phases      ] GC(275)   Post Evacuate Collection Set: 1.02ms
[2792.366s][info][gc,phases      ] GC(275)   Other: 0.07ms
[2792.366s][info][gc,heap        ] GC(275) Eden regions: 572->0(571)
[2792.366s][info][gc,heap        ] GC(275) Survivor regions: 42->43(77)
[2792.366s][info][gc,heap        ] GC(275) Old regions: 222->229
[2792.366s][info][gc,heap        ] GC(275) Humongous regions: 33->33
[2792.366s][info][gc,metaspace   ] GC(275) Metaspace: 29977K(30144K)->29977K(30144K) NonClass: 29977K(30144K)->29977K(30144K) Class: 0K(0K)->0K(0K)
[2792.366s][info][gc             ] GC(275) Pause Young (Normal) (G1 Evacuation Pause) 6939M->2427M(8192M) 145.487ms
[2792.366s][info][gc,cpu         ] GC(275) User=1.15s Sys=0.00s Real=0.14s
..........[2801.865s][info][gc,start       ] GC(276) Pause Young (Normal) (G1 Evacuation Pause)
[2801.865s][info][gc,task        ] GC(276) Using 8 workers of 8 for evacuation
[2802.010s][info][gc,phases      ] GC(276)   Pre Evacuate Collection Set: 0.26ms
[2802.010s][info][gc,phases      ] GC(276)   Merge Heap Roots: 0.55ms
[2802.010s][info][gc,phases      ] GC(276)   Evacuate Collection Set: 143.07ms
[2802.010s][info][gc,phases      ] GC(276)   Post Evacuate Collection Set: 1.04ms
[2802.010s][info][gc,phases      ] GC(276)   Other: 0.07ms
[2802.010s][info][gc,heap        ] GC(276) Eden regions: 571->0(571)
[2802.010s][info][gc,heap        ] GC(276) Survivor regions: 43->43(77)
[2802.010s][info][gc,heap        ] GC(276) Old regions: 229->236
[2802.010s][info][gc,heap        ] GC(276) Humongous regions: 33->33
[2802.010s][info][gc,metaspace   ] GC(276) Metaspace: 29977K(30144K)->29977K(30144K) NonClass: 29977K(30144K)->29977K(30144K) Class: 0K(0K)->0K(0K)
[2802.010s][info][gc             ] GC(276) Pause Young (Normal) (G1 Evacuation Pause) 6995M->2483M(8192M) 145.132ms
[2802.010s][info][gc,cpu         ] GC(276) User=1.14s Sys=0.00s Real=0.15s
..........[2811.413s][info][gc,start       ] GC(277) Pause Young (Normal) (G1 Evacuation Pause)
[2811.413s][info][gc,task        ] GC(277) Using 8 workers of 8 for evacuation
[2811.560s][info][gc,phases      ] GC(277)   Pre Evacuate Collection Set: 0.27ms
[2811.560s][info][gc,phases      ] GC(277)   Merge Heap Roots: 0.65ms
[2811.560s][info][gc,phases      ] GC(277)   Evacuate Collection Set: 144.76ms
[2811.560s][info][gc,phases      ] GC(277)   Post Evacuate Collection Set: 1.06ms
[2811.560s][info][gc,phases      ] GC(277)   Other: 0.06ms
[2811.560s][info][gc,heap        ] GC(277) Eden regions: 571->0(571)
[2811.560s][info][gc,heap        ] GC(277) Survivor regions: 43->43(77)
[2811.560s][info][gc,heap        ] GC(277) Old regions: 236->243
[2811.560s][info][gc,heap        ] GC(277) Humongous regions: 33->33
[2811.560s][info][gc,metaspace   ] GC(277) Metaspace: 29977K(30144K)->29977K(30144K) NonClass: 29977K(30144K)->29977K(30144K) Class: 0K(0K)->0K(0K)
[2811.560s][info][gc             ] GC(277) Pause Young (Normal) (G1 Evacuation Pause) 7051M->2535M(8192M) 146.953ms
[2811.560s][info][gc,cpu         ] GC(277) User=1.16s Sys=0.00s Real=0.15s
.........[2821.001s][info][gc,start       ] GC(278) Pause Young (Normal) (G1 Evacuation Pause)
[2821.001s][info][gc,task        ] GC(278) Using 8 workers of 8 for evacuation
[2821.148s][info][gc,phases      ] GC(278)   Pre Evacuate Collection Set: 0.26ms
[2821.148s][info][gc,phases      ] GC(278)   Merge Heap Roots: 0.52ms
[2821.148s][info][gc,phases      ] GC(278)   Evacuate Collection Set: 144.94ms
[2821.148s][info][gc,phases      ] GC(278)   Post Evacuate Collection Set: 1.08ms
[2821.148s][info][gc,phases      ] GC(278)   Other: 0.08ms
[2821.148s][info][gc,heap        ] GC(278) Eden regions: 571->0(571)
[2821.148s][info][gc,heap        ] GC(278) Survivor regions: 43->43(77)
[2821.148s][info][gc,heap        ] GC(278) Old regions: 243->250
[2821.148s][info][gc,heap        ] GC(278) Humongous regions: 33->33
[2821.148s][info][gc,metaspace   ] GC(278) Metaspace: 29977K(30144K)->29977K(30144K) NonClass: 29977K(30144K)->29977K(30144K) Class: 0K(0K)->0K(0K)
[2821.148s][info][gc             ] GC(278) Pause Young (Normal) (G1 Evacuation Pause) 7103M->2591M(8192M) 147.009ms
[2821.148s][info][gc,cpu         ] GC(278) User=1.17s Sys=0.00s Real=0.15s
..........[2830.587s][info][gc,start       ] GC(279) Pause Young (Normal) (G1 Evacuation Pause)
[2830.587s][info][gc,task        ] GC(279) Using 8 workers of 8 for evacuation
[2830.735s][info][gc,phases      ] GC(279)   Pre Evacuate Collection Set: 0.27ms
[2830.735s][info][gc,phases      ] GC(279)   Merge Heap Roots: 0.59ms
[2830.735s][info][gc,phases      ] GC(279)   Evacuate Collection Set: 146.24ms
[2830.735s][info][gc,phases      ] GC(279)   Post Evacuate Collection Set: 1.06ms
[2830.735s][info][gc,phases      ] GC(279)   Other: 0.06ms
[2830.735s][info][gc,heap        ] GC(279) Eden regions: 571->0(571)
[2830.735s][info][gc,heap        ] GC(279) Survivor regions: 43->43(77)
[2830.735s][info][gc,heap        ] GC(279) Old regions: 250->257
[2830.735s][info][gc,heap        ] GC(279) Humongous regions: 33->33
[2830.735s][info][gc,metaspace   ] GC(279) Metaspace: 29977K(30144K)->29977K(30144K) NonClass: 29977K(30144K)->29977K(30144K) Class: 0K(0K)->0K(0K)
[2830.735s][info][gc             ] GC(279) Pause Young (Normal) (G1 Evacuation Pause) 7159M->2650M(8192M) 148.349ms
[2830.735s][info][gc,cpu         ] GC(279) User=1.17s Sys=0.00s Real=0.15s
.........[2840.194s][info][gc,start       ] GC(280) Pause Young (Normal) (G1 Evacuation Pause)
[2840.194s][info][gc,task        ] GC(280) Using 8 workers of 8 for evacuation
[2840.341s][info][gc,phases      ] GC(280)   Pre Evacuate Collection Set: 0.26ms
[2840.341s][info][gc,phases      ] GC(280)   Merge Heap Roots: 0.59ms
[2840.341s][info][gc,phases      ] GC(280)   Evacuate Collection Set: 145.45ms
[2840.341s][info][gc,phases      ] GC(280)   Post Evacuate Collection Set: 1.06ms
[2840.341s][info][gc,phases      ] GC(280)   Other: 0.06ms
[2840.341s][info][gc,heap        ] GC(280) Eden regions: 571->0(571)
[2840.341s][info][gc,heap        ] GC(280) Survivor regions: 43->43(77)
[2840.341s][info][gc,heap        ] GC(280) Old regions: 257->264
[2840.341s][info][gc,heap        ] GC(280) Humongous regions: 33->33
[2840.342s][info][gc,metaspace   ] GC(280) Metaspace: 29977K(30144K)->29977K(30144K) NonClass: 29977K(30144K)->29977K(30144K) Class: 0K(0K)->0K(0K)
[2840.342s][info][gc             ] GC(280) Pause Young (Normal) (G1 Evacuation Pause) 7218M->2703M(8192M) 147.563ms
[2840.342s][info][gc,cpu         ] GC(280) User=1.16s Sys=0.00s Real=0.15s
........ (rIR:aIR:PR = 4013:4013:4013) (tPR = 59370) [OK] 
  2847s: Performance info:
         Transaction,    Success,    Partial,     Failed,   Receipts, AvgBarcode, 
             Overall,     241275,          0,          0,     229194,      59.47, 
         Response times:
             Request,    Success,    Partial,     Failed,   SkipFail,     Probes,    Samples,      min,      p50,      p90,      p95,      p99,      max, 
       TotalPurchase,     229194,          0,          0,          0,     223544,     247952,      300,     2600,     4600,     5200,    24000,   209000,
     InStorePurchase,     120591,          0,          0,          0,     118245,     130879,      400,     2700,     4500,     5100,    25000,   209000,
      OnlinePurchase,      84495,          0,          0,          0,      82099,      91160,      300,     2500,     4600,     5200,    21000,   209000,
        InstPurchase,      24108,          0,          0,          0,      23200,      25913,      500,     2900,     4700,     5300,    29000,   208000,
          AssocOfCat,        242,          0,          0,          0,        180,        241,    19600,    30000,    35000,    40000,    53160,    55000,
      AssocOfProduct,       2415,          0,          0,          0,       2165,       2537,      600,     2800,     4900,     5600,    22000,   156000,
      BusinessReport,        612,          0,          0,          0,        510,        652,    19200,    32000,    40000,    47350,    60470,   208000,
          CustBuyBeh,       2416,          0,          0,          0,       2231,       2633,      200,     2400,     4500,     5200,    19500,   153000,
       ProductReturn,       6395,          0,          0,          0,       6056,       6931,      200,     2700,     4500,     5100,    28000,   154000,

  2847s: (30%)   IR =   4151 ..[2849.620s][info][gc,start       ] GC(281) Pause Young (Normal) (G1 Evacuation Pause)
[2849.620s][info][gc,task        ] GC(281) Using 8 workers of 8 for evacuation
[2849.767s][info][gc,phases      ] GC(281)   Pre Evacuate Collection Set: 0.25ms
[2849.767s][info][gc,phases      ] GC(281)   Merge Heap Roots: 0.57ms
[2849.767s][info][gc,phases      ] GC(281)   Evacuate Collection Set: 145.12ms
[2849.767s][info][gc,phases      ] GC(281)   Post Evacuate Collection Set: 1.03ms
[2849.767s][info][gc,phases      ] GC(281)   Other: 0.06ms
[2849.767s][info][gc,heap        ] GC(281) Eden regions: 571->0(571)
[2849.767s][info][gc,heap        ] GC(281) Survivor regions: 43->43(77)
[2849.767s][info][gc,heap        ] GC(281) Old regions: 264->271
[2849.767s][info][gc,heap        ] GC(281) Humongous regions: 33->33
[2849.767s][info][gc,metaspace   ] GC(281) Metaspace: 29977K(30144K)->29977K(30144K) NonClass: 29977K(30144K)->29977K(30144K) Class: 0K(0K)->0K(0K)
[2849.767s][info][gc             ] GC(281) Pause Young (Normal) (G1 Evacuation Pause) 7271M->2758M(8192M) 147.155ms
[2849.767s][info][gc,cpu         ] GC(281) User=1.17s Sys=0.00s Real=0.14s
....|.....[2858.964s][info][gc,start       ] GC(282) Pause Young (Normal) (G1 Evacuation Pause)
[2858.964s][info][gc,task        ] GC(282) Using 8 workers of 8 for evacuation
[2859.108s][info][gc,phases      ] GC(282)   Pre Evacuate Collection Set: 0.25ms
[2859.108s][info][gc,phases      ] GC(282)   Merge Heap Roots: 0.62ms
[2859.108s][info][gc,phases      ] GC(282)   Evacuate Collection Set: 141.93ms
[2859.108s][info][gc,phases      ] GC(282)   Post Evacuate Collection Set: 1.05ms
[2859.108s][info][gc,phases      ] GC(282)   Other: 0.06ms
[2859.108s][info][gc,heap        ] GC(282) Eden regions: 571->0(572)
[2859.108s][info][gc,heap        ] GC(282) Survivor regions: 43->42(77)
[2859.108s][info][gc,heap        ] GC(282) Old regions: 271->278
[2859.108s][info][gc,heap        ] GC(282) Humongous regions: 33->33
[2859.108s][info][gc,metaspace   ] GC(282) Metaspace: 29977K(30144K)->29977K(30144K) NonClass: 29977K(30144K)->29977K(30144K) Class: 0K(0K)->0K(0K)
[2859.108s][info][gc             ] GC(282) Pause Young (Normal) (G1 Evacuation Pause) 7326M->2806M(8192M) 144.076ms
[2859.108s][info][gc,cpu         ] GC(282) User=1.14s Sys=0.00s Real=0.15s
.........[2868.224s][info][gc,start       ] GC(283) Pause Young (Normal) (G1 Evacuation Pause)
[2868.224s][info][gc,task        ] GC(283) Using 8 workers of 8 for evacuation
[2868.370s][info][gc,phases      ] GC(283)   Pre Evacuate Collection Set: 0.26ms
[2868.370s][info][gc,phases      ] GC(283)   Merge Heap Roots: 0.62ms
[2868.370s][info][gc,phases      ] GC(283)   Evacuate Collection Set: 144.04ms
[2868.370s][info][gc,phases      ] GC(283)   Post Evacuate Collection Set: 1.06ms
[2868.370s][info][gc,phases      ] GC(283)   Other: 0.08ms
[2868.370s][info][gc,heap        ] GC(283) Eden regions: 572->0(570)
[2868.370s][info][gc,heap        ] GC(283) Survivor regions: 42->42(77)
[2868.370s][info][gc,heap        ] GC(283) Old regions: 278->285
[2868.370s][info][gc,heap        ] GC(283) Humongous regions: 33->33
[2868.370s][info][gc,metaspace   ] GC(283) Metaspace: 29977K(30144K)->29977K(30144K) NonClass: 29977K(30144K)->29977K(30144K) Class: 0K(0K)->0K(0K)
[2868.371s][info][gc             ] GC(283) Pause Young (Normal) (G1 Evacuation Pause) 7382M->2865M(8192M) 146.201ms
[2868.371s][info][gc,cpu         ] GC(283) User=1.16s Sys=0.00s Real=0.15s
..........[2877.469s][info][gc,start       ] GC(284) Pause Young (Normal) (G1 Evacuation Pause)
[2877.469s][info][gc,task        ] GC(284) Using 8 workers of 8 for evacuation
[2877.615s][info][gc,phases      ] GC(284)   Pre Evacuate Collection Set: 0.26ms
[2877.615s][info][gc,phases      ] GC(284)   Merge Heap Roots: 0.54ms
[2877.615s][info][gc,phases      ] GC(284)   Evacuate Collection Set: 144.05ms
[2877.615s][info][gc,phases      ] GC(284)   Post Evacuate Collection Set: 1.07ms
[2877.615s][info][gc,phases      ] GC(284)   Other: 0.06ms
[2877.615s][info][gc,heap        ] GC(284) Eden regions: 570->0(561)
[2877.615s][info][gc,heap        ] GC(284) Survivor regions: 42->43(77)
[2877.615s][info][gc,heap        ] GC(284) Old regions: 285->292
[2877.615s][info][gc,heap        ] GC(284) Humongous regions: 33->33
[2877.615s][info][gc,metaspace   ] GC(284) Metaspace: 29977K(30144K)->29977K(30144K) NonClass: 29977K(30144K)->29977K(30144K) Class: 0K(0K)->0K(0K)
[2877.615s][info][gc             ] GC(284) Pause Young (Normal) (G1 Evacuation Pause) 7425M->2929M(8192M) 146.131ms
[2877.615s][info][gc,cpu         ] GC(284) User=1.16s Sys=0.00s Real=0.14s
.........[2886.611s][info][gc,start       ] GC(285) Pause Young (Normal) (G1 Evacuation Pause)
[2886.611s][info][gc,task        ] GC(285) Using 8 workers of 8 for evacuation
[2886.758s][info][gc,phases      ] GC(285)   Pre Evacuate Collection Set: 0.27ms
[2886.758s][info][gc,phases      ] GC(285)   Merge Heap Roots: 0.62ms
[2886.758s][info][gc,phases      ] GC(285)   Evacuate Collection Set: 145.16ms
[2886.758s][info][gc,phases      ] GC(285)   Post Evacuate Collection Set: 1.08ms
[2886.758s][info][gc,phases      ] GC(285)   Other: 0.06ms
[2886.758s][info][gc,heap        ] GC(285) Eden regions: 561->0(554)
[2886.758s][info][gc,heap        ] GC(285) Survivor regions: 43->43(76)
[2886.758s][info][gc,heap        ] GC(285) Old regions: 292->299
[2886.758s][info][gc,heap        ] GC(285) Humongous regions: 33->33
[2886.758s][info][gc,metaspace   ] GC(285) Metaspace: 29977K(30144K)->29977K(30144K) NonClass: 29977K(30144K)->29977K(30144K) Class: 0K(0K)->0K(0K)
[2886.758s][info][gc             ] GC(285) Pause Young (Normal) (G1 Evacuation Pause) 7417M->2985M(8192M) 147.345ms
[2886.758s][info][gc,cpu         ] GC(285) User=1.17s Sys=0.00s Real=0.15s
.........[2895.513s][info][gc,start       ] GC(286) Pause Young (Normal) (G1 Evacuation Pause)
[2895.513s][info][gc,task        ] GC(286) Using 8 workers of 8 for evacuation
[2895.660s][info][gc,phases      ] GC(286)   Pre Evacuate Collection Set: 0.25ms
[2895.660s][info][gc,phases      ] GC(286)   Merge Heap Roots: 0.53ms
[2895.660s][info][gc,phases      ] GC(286)   Evacuate Collection Set: 144.81ms
[2895.660s][info][gc,phases      ] GC(286)   Post Evacuate Collection Set: 1.05ms
[2895.660s][info][gc,phases      ] GC(286)   Other: 0.07ms
[2895.660s][info][gc,heap        ] GC(286) Eden regions: 554->0(547)
[2895.660s][info][gc,heap        ] GC(286) Survivor regions: 43->43(75)
[2895.660s][info][gc,heap        ] GC(286) Old regions: 299->306
[2895.660s][info][gc,heap        ] GC(286) Humongous regions: 33->33
[2895.660s][info][gc,metaspace   ] GC(286) Metaspace: 29977K(30144K)->29977K(30144K) NonClass: 29977K(30144K)->29977K(30144K) Class: 0K(0K)->0K(0K)
[2895.660s][info][gc             ] GC(286) Pause Young (Normal) (G1 Evacuation Pause) 7417M->3039M(8192M) 146.828ms
[2895.660s][info][gc,cpu         ] GC(286) User=1.17s Sys=0.00s Real=0.15s
........[2904.354s][info][gc,start       ] GC(287) Pause Young (Normal) (G1 Evacuation Pause)
[2904.354s][info][gc,task        ] GC(287) Using 8 workers of 8 for evacuation
[2904.501s][info][gc,phases      ] GC(287)   Pre Evacuate Collection Set: 0.23ms
[2904.501s][info][gc,phases      ] GC(287)   Merge Heap Roots: 0.61ms
[2904.501s][info][gc,phases      ] GC(287)   Evacuate Collection Set: 144.59ms
[2904.501s][info][gc,phases      ] GC(287)   Post Evacuate Collection Set: 1.08ms
[2904.501s][info][gc,phases      ] GC(287)   Other: 0.06ms
[2904.501s][info][gc,heap        ] GC(287) Eden regions: 547->0(541)
[2904.501s][info][gc,heap        ] GC(287) Survivor regions: 43->42(74)
[2904.501s][info][gc,heap        ] GC(287) Old regions: 306->314
[2904.501s][info][gc,heap        ] GC(287) Humongous regions: 33->33
[2904.501s][info][gc,metaspace   ] GC(287) Metaspace: 29977K(30144K)->29977K(30144K) NonClass: 29977K(30144K)->29977K(30144K) Class: 0K(0K)->0K(0K)
[2904.501s][info][gc             ] GC(287) Pause Young (Normal) (G1 Evacuation Pause) 7415M->3097M(8192M) 146.703ms
[2904.501s][info][gc,cpu         ] GC(287) User=1.16s Sys=0.00s Real=0.15s
.........[2913.258s][info][gc,start       ] GC(288) Pause Young (Normal) (G1 Evacuation Pause)
[2913.258s][info][gc,task        ] GC(288) Using 8 workers of 8 for evacuation
[2913.401s][info][gc,phases      ] GC(288)   Pre Evacuate Collection Set: 0.24ms
[2913.401s][info][gc,phases      ] GC(288)   Merge Heap Roots: 0.53ms
[2913.401s][info][gc,phases      ] GC(288)   Evacuate Collection Set: 141.29ms
[2913.401s][info][gc,phases      ] GC(288)   Post Evacuate Collection Set: 1.03ms
[2913.401s][info][gc,phases      ] GC(288)   Other: 0.08ms
[2913.401s][info][gc,heap        ] GC(288) Eden regions: 541->0(534)
[2913.401s][info][gc,heap        ] GC(288) Survivor regions: 42->42(73)
[2913.401s][info][gc,heap        ] GC(288) Old regions: 314->321
[2913.401s][info][gc,heap        ] GC(288) Humongous regions: 33->33
[2913.401s][info][gc,metaspace   ] GC(288) Metaspace: 29977K(30144K)->29977K(30144K) NonClass: 29977K(30144K)->29977K(30144K) Class: 0K(0K)->0K(0K)
[2913.401s][info][gc             ] GC(288) Pause Young (Normal) (G1 Evacuation Pause) 7425M->3150M(8192M) 143.305ms
[2913.401s][info][gc,cpu         ] GC(288) User=1.13s Sys=0.00s Real=0.14s
. (rIR:aIR:PR = 4151:4151:4151) (tPR = 61414) [OK] 
  2913s: Performance info:
         Transaction,    Success,    Partial,     Failed,   Receipts, AvgBarcode, 
             Overall,     249336,          0,          0,     236892,      59.47, 
         Response times:
             Request,    Success,    Partial,     Failed,   SkipFail,     Probes,    Samples,      min,      p50,      p90,      p95,      p99,      max, 
       TotalPurchase,     236892,          0,          0,          0,     231510,     257096,      300,     2700,     4700,     5300,    26000,   238000,
     InStorePurchase,     124766,          0,          0,          0,     122456,     135585,      400,     2700,     4700,     5300,    26000,   237000,
      OnlinePurchase,      87180,          0,          0,          0,      84919,      94552,      300,     2700,     4800,     5400,    24000,   238000,
        InstPurchase,      24946,          0,          0,          0,      24135,      26959,      500,     2900,     4800,     5400,    27000,   206000,
          AssocOfCat,        248,          0,          0,          0,        194,        265,    22000,    30000,    39000,    45700,    67700,    72000,
      AssocOfProduct,       2493,          0,          0,          0,       2279,       2696,      700,     3300,     4900,     5600,    28000,   152000,
      BusinessReport,        618,          0,          0,          0,        508,        656,    24000,    32000,    41000,    48150,    79720,   183000,
          CustBuyBeh,       2496,          0,          0,          0,       2274,       2632,      200,     1600,     4200,     4900,    23340,   153000,
       ProductReturn,       6590,          0,          0,          0,       6293,       7285,      200,     3000,     4800,     5400,    25000,   154000,

  2913s: (31%)   IR =   4289 ......|..[2921.596s][info][gc,start       ] GC(289) Pause Young (Normal) (G1 Evacuation Pause)
[2921.597s][info][gc,task        ] GC(289) Using 8 workers of 8 for evacuation
[2921.742s][info][gc,phases      ] GC(289)   Pre Evacuate Collection Set: 0.28ms
[2921.742s][info][gc,phases      ] GC(289)   Merge Heap Roots: 0.56ms
[2921.742s][info][gc,phases      ] GC(289)   Evacuate Collection Set: 143.45ms
[2921.742s][info][gc,phases      ] GC(289)   Post Evacuate Collection Set: 1.03ms
[2921.742s][info][gc,phases      ] GC(289)   Other: 0.07ms
[2921.742s][info][gc,heap        ] GC(289) Eden regions: 534->0(526)
[2921.742s][info][gc,heap        ] GC(289) Survivor regions: 42->42(72)
[2921.742s][info][gc,heap        ] GC(289) Old regions: 321->329
[2921.742s][info][gc,heap        ] GC(289) Humongous regions: 33->33
[2921.742s][info][gc,metaspace   ] GC(289) Metaspace: 29977K(30144K)->29977K(30144K) NonClass: 29977K(30144K)->29977K(30144K) Class: 0K(0K)->0K(0K)
[2921.742s][info][gc             ] GC(289) Pause Young (Normal) (G1 Evacuation Pause) 7422M->3217M(8192M) 145.518ms
[2921.742s][info][gc,cpu         ] GC(289) User=1.15s Sys=0.00s Real=0.15s
........[2929.833s][info][gc,start       ] GC(290) Pause Young (Concurrent Start) (G1 Evacuation Pause)
[2929.833s][info][gc,task        ] GC(290) Using 8 workers of 8 for evacuation
[2929.976s][info][gc,phases      ] GC(290)   Pre Evacuate Collection Set: 0.28ms
[2929.976s][info][gc,phases      ] GC(290)   Merge Heap Roots: 0.54ms
[2929.976s][info][gc,phases      ] GC(290)   Evacuate Collection Set: 140.74ms
[2929.976s][info][gc,phases      ] GC(290)   Post Evacuate Collection Set: 0.99ms
[2929.976s][info][gc,phases      ] GC(290)   Other: 0.08ms
[2929.976s][info][gc,heap        ] GC(290) Eden regions: 526->0(520)
[2929.976s][info][gc,heap        ] GC(290) Survivor regions: 42->41(71)
[2929.976s][info][gc,heap        ] GC(290) Old regions: 329->337
[2929.976s][info][gc,heap        ] GC(290) Humongous regions: 33->33
[2929.976s][info][gc,metaspace   ] GC(290) Metaspace: 29977K(30144K)->29977K(30144K) NonClass: 29977K(30144K)->29977K(30144K) Class: 0K(0K)->0K(0K)
[2929.976s][info][gc             ] GC(290) Pause Young (Concurrent Start) (G1 Evacuation Pause) 7425M->3266M(8192M) 142.788ms
[2929.976s][info][gc             ] GC(291) Concurrent Mark Cycle
[2929.976s][info][gc,marking     ] GC(291) Concurrent Scan Root Regions
[2929.976s][info][gc,cpu         ] GC(290) User=1.13s Sys=0.00s Real=0.14s
[2930.154s][info][gc,marking     ] GC(291) Concurrent Scan Root Regions 178.707ms
[2930.155s][info][gc,marking     ] GC(291) Concurrent Mark
[2930.155s][info][gc,marking     ] GC(291) Concurrent Mark From Roots
[2930.155s][info][gc,task        ] GC(291) Using 2 workers of 2 for marking
.[2930.693s][info][gc,marking     ] GC(291) Concurrent Mark From Roots 538.815ms
[2930.693s][info][gc,marking     ] GC(291) Concurrent Preclean
[2930.694s][info][gc,marking     ] GC(291) Concurrent Preclean 0.138ms
[2930.694s][info][gc,start       ] GC(291) Pause Remark
[2930.696s][info][gc             ] GC(291) Pause Remark 3722M->3026M(8192M) 2.359ms
[2930.696s][info][gc,cpu         ] GC(291) User=0.01s Sys=0.00s Real=0.00s
[2930.696s][info][gc,marking     ] GC(291) Concurrent Mark 541.620ms
[2930.696s][info][gc,marking     ] GC(291) Concurrent Rebuild Remembered Sets and Scrub Regions
[2931.090s][info][gc,marking     ] GC(291) Concurrent Rebuild Remembered Sets and Scrub Regions 393.665ms
[2931.090s][info][gc,start       ] GC(291) Pause Cleanup
[2931.090s][info][gc             ] GC(291) Pause Cleanup 3239M->3239M(8192M) 0.303ms
[2931.090s][info][gc,cpu         ] GC(291) User=0.00s Sys=0.00s Real=0.00s
[2931.090s][info][gc,marking     ] GC(291) Concurrent Clear Claimed Marks
[2931.090s][info][gc,marking     ] GC(291) Concurrent Clear Claimed Marks 0.050ms
[2931.090s][info][gc,marking     ] GC(291) Concurrent Cleanup for Next Mark
[2931.099s][info][gc,marking     ] GC(291) Concurrent Cleanup for Next Mark 8.796ms
[2931.099s][info][gc             ] GC(291) Concurrent Mark Cycle 1123.559ms
.......[2937.990s][info][gc,start       ] GC(292) Pause Young (Prepare Mixed) (G1 Evacuation Pause)
[2937.990s][info][gc,task        ] GC(292) Using 8 workers of 8 for evacuation
[2938.131s][info][gc,phases      ] GC(292)   Pre Evacuate Collection Set: 0.25ms
[2938.131s][info][gc,phases      ] GC(292)   Merge Heap Roots: 0.76ms
[2938.131s][info][gc,phases      ] GC(292)   Evacuate Collection Set: 138.64ms
[2938.131s][info][gc,phases      ] GC(292)   Post Evacuate Collection Set: 1.12ms
[2938.131s][info][gc,phases      ] GC(292)   Other: 0.07ms
[2938.131s][info][gc,heap        ] GC(292) Eden regions: 520->0(573)
[2938.131s][info][gc,heap        ] GC(292) Survivor regions: 41->41(71)
[2938.131s][info][gc,heap        ] GC(292) Old regions: 250->257
[2938.131s][info][gc,heap        ] GC(292) Humongous regions: 33->33
[2938.131s][info][gc,metaspace   ] GC(292) Metaspace: 29977K(30144K)->29977K(30144K) NonClass: 29977K(30144K)->29977K(30144K) Class: 0K(0K)->0K(0K)
[2938.131s][info][gc             ] GC(292) Pause Young (Prepare Mixed) (G1 Evacuation Pause) 6730M->2635M(8192M) 140.977ms
[2938.131s][info][gc,cpu         ] GC(292) User=1.11s Sys=0.00s Real=0.14s
.........[2947.006s][info][gc,start       ] GC(293) Pause Young (Mixed) (G1 Evacuation Pause)
[2947.006s][info][gc,task        ] GC(293) Using 8 workers of 8 for evacuation
[2947.157s][info][gc,phases      ] GC(293)   Pre Evacuate Collection Set: 0.31ms
[2947.157s][info][gc,phases      ] GC(293)   Merge Heap Roots: 1.10ms
[2947.157s][info][gc,phases      ] GC(293)   Evacuate Collection Set: 148.34ms
[2947.157s][info][gc,phases      ] GC(293)   Post Evacuate Collection Set: 1.29ms
[2947.157s][info][gc,phases      ] GC(293)   Other: 0.08ms
[2947.157s][info][gc,heap        ] GC(293) Eden regions: 573->0(566)
[2947.157s][info][gc,heap        ] GC(293) Survivor regions: 41->48(77)
[2947.157s][info][gc,heap        ] GC(293) Old regions: 257->156
[2947.157s][info][gc,heap        ] GC(293) Humongous regions: 33->33
[2947.157s][info][gc,metaspace   ] GC(293) Metaspace: 29977K(30144K)->29977K(30144K) NonClass: 29977K(30144K)->29977K(30144K) Class: 0K(0K)->0K(0K)
[2947.157s][info][gc             ] GC(293) Pause Young (Mixed) (G1 Evacuation Pause) 7219M->1877M(8192M) 151.264ms
[2947.157s][info][gc,cpu         ] GC(293) User=1.20s Sys=0.00s Real=0.15s
.........[2955.832s][info][gc,start       ] GC(294) Pause Young (Mixed) (G1 Evacuation Pause)
[2955.832s][info][gc,task        ] GC(294) Using 8 workers of 8 for evacuation
[2956.001s][info][gc,phases      ] GC(294)   Pre Evacuate Collection Set: 0.29ms
[2956.002s][info][gc,phases      ] GC(294)   Merge Heap Roots: 1.02ms
[2956.002s][info][gc,phases      ] GC(294)   Evacuate Collection Set: 166.92ms
[2956.002s][info][gc,phases      ] GC(294)   Post Evacuate Collection Set: 1.07ms
[2956.002s][info][gc,phases      ] GC(294)   Other: 0.08ms
[2956.002s][info][gc,heap        ] GC(294) Eden regions: 566->0(571)
[2956.002s][info][gc,heap        ] GC(294) Survivor regions: 48->43(77)
[2956.002s][info][gc,heap        ] GC(294) Old regions: 156->140
[2956.002s][info][gc,heap        ] GC(294) Humongous regions: 33->33
[2956.002s][info][gc,metaspace   ] GC(294) Metaspace: 29977K(30144K)->29977K(30144K) NonClass: 29977K(30144K)->29977K(30144K) Class: 0K(0K)->0K(0K)
[2956.002s][info][gc             ] GC(294) Pause Young (Mixed) (G1 Evacuation Pause) 6405M->1705M(8192M) 169.517ms
[2956.002s][info][gc,cpu         ] GC(294) User=1.34s Sys=0.00s Real=0.17s
.........[2964.859s][info][gc,start       ] GC(295) Pause Young (Normal) (G1 Evacuation Pause)
[2964.859s][info][gc,task        ] GC(295) Using 8 workers of 8 for evacuation
[2965.004s][info][gc,phases      ] GC(295)   Pre Evacuate Collection Set: 0.25ms
[2965.004s][info][gc,phases      ] GC(295)   Merge Heap Roots: 0.55ms
[2965.004s][info][gc,phases      ] GC(295)   Evacuate Collection Set: 142.54ms
[2965.004s][info][gc,phases      ] GC(295)   Post Evacuate Collection Set: 1.03ms
[2965.004s][info][gc,phases      ] GC(295)   Other: 0.06ms
[2965.004s][info][gc,heap        ] GC(295) Eden regions: 571->0(572)
[2965.004s][info][gc,heap        ] GC(295) Survivor regions: 43->42(77)
[2965.004s][info][gc,heap        ] GC(295) Old regions: 140->147
[2965.004s][info][gc,heap        ] GC(295) Humongous regions: 33->33
[2965.004s][info][gc,metaspace   ] GC(295) Metaspace: 29977K(30144K)->29977K(30144K) NonClass: 29977K(30144K)->29977K(30144K) Class: 0K(0K)->0K(0K)
[2965.004s][info][gc             ] GC(295) Pause Young (Normal) (G1 Evacuation Pause) 6273M->1761M(8192M) 144.587ms
[2965.004s][info][gc,cpu         ] GC(295) User=1.15s Sys=0.00s Real=0.14s
.........[2973.829s][info][gc,start       ] GC(296) Pause Young (Normal) (G1 Evacuation Pause)
[2973.829s][info][gc,task        ] GC(296) Using 8 workers of 8 for evacuation
[2973.974s][info][gc,phases      ] GC(296)   Pre Evacuate Collection Set: 0.25ms
[2973.974s][info][gc,phases      ] GC(296)   Merge Heap Roots: 0.60ms
[2973.974s][info][gc,phases      ] GC(296)   Evacuate Collection Set: 143.20ms
[2973.974s][info][gc,phases      ] GC(296)   Post Evacuate Collection Set: 1.03ms
[2973.974s][info][gc,phases      ] GC(296)   Other: 0.06ms
[2973.974s][info][gc,heap        ] GC(296) Eden regions: 572->0(571)
[2973.974s][info][gc,heap        ] GC(296) Survivor regions: 42->43(77)
[2973.974s][info][gc,heap        ] GC(296) Old regions: 147->154
[2973.975s][info][gc,heap        ] GC(296) Humongous regions: 33->33
[2973.975s][info][gc,metaspace   ] GC(296) Metaspace: 29977K(30144K)->29977K(30144K) NonClass: 29977K(30144K)->29977K(30144K) Class: 0K(0K)->0K(0K)
[2973.975s][info][gc             ] GC(296) Pause Young (Normal) (G1 Evacuation Pause) 6337M->1820M(8192M) 145.272ms
[2973.975s][info][gc,cpu         ] GC(296) User=1.15s Sys=0.00s Real=0.14s
...... (rIR:aIR:PR = 4289:4288:4288) (tPR = 63496) [OK] 
  2979s: Performance info:
         Transaction,    Success,    Partial,     Failed,   Receipts, AvgBarcode, 
             Overall,     257395,          0,          0,     244517,      59.47, 
         Response times:
             Request,    Success,    Partial,     Failed,   SkipFail,     Probes,    Samples,      min,      p50,      p90,      p95,      p99,      max, 
       TotalPurchase,     244517,          0,          0,          0,     240662,     266684,      300,     2800,     4900,     5600,    23000,   177000,
     InStorePurchase,     128674,          0,          0,          0,     126931,     140484,      300,     2800,     4900,     5600,    23000,   177000,
      OnlinePurchase,      90073,          0,          0,          0,      88693,      98337,      300,     2900,     4900,     5600,    23000,   177000,
        InstPurchase,      25770,          0,          0,          0,      25038,      27863,      500,     2700,     5000,     5600,    19936,   177000,
          AssocOfCat,        256,          0,          0,          0,        193,        249,    19500,    32000,    40000,    48500,   184500,   197000,
      AssocOfProduct,       2581,          0,          0,          0,       2323,       2735,      500,     3200,     5100,     5700,    13676,   173000,
      BusinessReport,        643,          0,          0,          0,        550,        731,    21000,    33000,    45800,    54000,    68680,   206000,
          CustBuyBeh,       2574,          0,          0,          0,       2383,       2850,      200,     2500,     4500,     5200,    19929,   177000,
       ProductReturn,       6824,          0,          0,          0,       6452,       7293,      200,     2300,     4700,     5300,    22000,   177000,

  2979s: (32%)   IR =   4428 ...[2982.663s][info][gc,start       ] GC(297) Pause Young (Normal) (G1 Evacuation Pause)
[2982.663s][info][gc,task        ] GC(297) Using 8 workers of 8 for evacuation
[2982.807s][info][gc,phases      ] GC(297)   Pre Evacuate Collection Set: 0.25ms
[2982.807s][info][gc,phases      ] GC(297)   Merge Heap Roots: 0.56ms
[2982.807s][info][gc,phases      ] GC(297)   Evacuate Collection Set: 141.28ms
[2982.807s][info][gc,phases      ] GC(297)   Post Evacuate Collection Set: 1.09ms
[2982.807s][info][gc,phases      ] GC(297)   Other: 0.08ms
[2982.807s][info][gc,heap        ] GC(297) Eden regions: 571->0(572)
[2982.807s][info][gc,heap        ] GC(297) Survivor regions: 43->42(77)
[2982.807s][info][gc,heap        ] GC(297) Old regions: 154->161
[2982.807s][info][gc,heap        ] GC(297) Humongous regions: 33->33
[2982.807s][info][gc,metaspace   ] GC(297) Metaspace: 29977K(30144K)->29977K(30144K) NonClass: 29977K(30144K)->29977K(30144K) Class: 0K(0K)->0K(0K)
[2982.807s][info][gc             ] GC(297) Pause Young (Normal) (G1 Evacuation Pause) 6388M->1867M(8192M) 143.393ms
[2982.807s][info][gc,cpu         ] GC(297) User=1.13s Sys=0.00s Real=0.14s
...|.....[2991.424s][info][gc,start       ] GC(298) Pause Young (Normal) (G1 Evacuation Pause)
[2991.424s][info][gc,task        ] GC(298) Using 8 workers of 8 for evacuation
[2991.569s][info][gc,phases      ] GC(298)   Pre Evacuate Collection Set: 0.25ms
[2991.569s][info][gc,phases      ] GC(298)   Merge Heap Roots: 0.55ms
[2991.569s][info][gc,phases      ] GC(298)   Evacuate Collection Set: 143.28ms
[2991.569s][info][gc,phases      ] GC(298)   Post Evacuate Collection Set: 1.06ms
[2991.569s][info][gc,phases      ] GC(298)   Other: 0.07ms
[2991.569s][info][gc,heap        ] GC(298) Eden regions: 572->0(571)
[2991.569s][info][gc,heap        ] GC(298) Survivor regions: 42->43(77)
[2991.569s][info][gc,heap        ] GC(298) Old regions: 161->168
[2991.569s][info][gc,heap        ] GC(298) Humongous regions: 33->33
[2991.569s][info][gc,metaspace   ] GC(298) Metaspace: 29977K(30144K)->29977K(30144K) NonClass: 29977K(30144K)->29977K(30144K) Class: 0K(0K)->0K(0K)
[2991.569s][info][gc             ] GC(298) Pause Young (Normal) (G1 Evacuation Pause) 6443M->1930M(8192M) 145.352ms
[2991.569s][info][gc,cpu         ] GC(298) User=1.15s Sys=0.01s Real=0.15s
.........[3000.067s][info][gc,start       ] GC(299) Pause Young (Normal) (G1 Evacuation Pause)
[3000.068s][info][gc,task        ] GC(299) Using 8 workers of 8 for evacuation
[3000.212s][info][gc,phases      ] GC(299)   Pre Evacuate Collection Set: 0.25ms
[3000.212s][info][gc,phases      ] GC(299)   Merge Heap Roots: 0.55ms
[3000.212s][info][gc,phases      ] GC(299)   Evacuate Collection Set: 142.88ms
[3000.212s][info][gc,phases      ] GC(299)   Post Evacuate Collection Set: 1.11ms
[3000.212s][info][gc,phases      ] GC(299)   Other: 0.06ms
[3000.212s][info][gc,heap        ] GC(299) Eden regions: 571->0(572)
[3000.212s][info][gc,heap        ] GC(299) Survivor regions: 43->42(77)
[3000.212s][info][gc,heap        ] GC(299) Old regions: 168->175
[3000.212s][info][gc,heap        ] GC(299) Humongous regions: 33->33
[3000.212s][info][gc,metaspace   ] GC(299) Metaspace: 29977K(30144K)->29977K(30144K) NonClass: 29977K(30144K)->29977K(30144K) Class: 0K(0K)->0K(0K)
[3000.212s][info][gc             ] GC(299) Pause Young (Normal) (G1 Evacuation Pause) 6498M->1981M(8192M) 144.997ms
[3000.212s][info][gc,cpu         ] GC(299) User=1.15s Sys=0.00s Real=0.14s
.........[3008.770s][info][gc,start       ] GC(300) Pause Young (Normal) (G1 Evacuation Pause)
[3008.771s][info][gc,task        ] GC(300) Using 8 workers of 8 for evacuation
[3008.914s][info][gc,phases      ] GC(300)   Pre Evacuate Collection Set: 0.25ms
[3008.914s][info][gc,phases      ] GC(300)   Merge Heap Roots: 0.53ms
[3008.914s][info][gc,phases      ] GC(300)   Evacuate Collection Set: 142.00ms
[3008.914s][info][gc,phases      ] GC(300)   Post Evacuate Collection Set: 1.04ms
[3008.914s][info][gc,phases      ] GC(300)   Other: 0.06ms
[3008.914s][info][gc,heap        ] GC(300) Eden regions: 572->0(571)
[3008.914s][info][gc,heap        ] GC(300) Survivor regions: 42->43(77)
[3008.914s][info][gc,heap        ] GC(300) Old regions: 175->182
[3008.914s][info][gc,heap        ] GC(300) Humongous regions: 33->33
[3008.914s][info][gc,metaspace   ] GC(300) Metaspace: 29977K(30144K)->29977K(30144K) NonClass: 29977K(30144K)->29977K(30144K) Class: 0K(0K)->0K(0K)
[3008.915s][info][gc             ] GC(300) Pause Young (Normal) (G1 Evacuation Pause) 6557M->2041M(8192M) 144.020ms
[3008.915s][info][gc,cpu         ] GC(300) User=1.14s Sys=0.00s Real=0.14s
........[3017.511s][info][gc,start       ] GC(301) Pause Young (Normal) (G1 Evacuation Pause)
[3017.512s][info][gc,task        ] GC(301) Using 8 workers of 8 for evacuation
[3017.658s][info][gc,phases      ] GC(301)   Pre Evacuate Collection Set: 0.27ms
[3017.658s][info][gc,phases      ] GC(301)   Merge Heap Roots: 0.56ms
[3017.658s][info][gc,phases      ] GC(301)   Evacuate Collection Set: 144.93ms
[3017.658s][info][gc,phases      ] GC(301)   Post Evacuate Collection Set: 1.09ms
[3017.658s][info][gc,phases      ] GC(301)   Other: 0.07ms
[3017.658s][info][gc,heap        ] GC(301) Eden regions: 571->0(570)
[3017.658s][info][gc,heap        ] GC(301) Survivor regions: 43->44(77)
[3017.659s][info][gc,heap        ] GC(301) Old regions: 182->188
[3017.659s][info][gc,heap        ] GC(301) Humongous regions: 33->33
[3017.659s][info][gc,metaspace   ] GC(301) Metaspace: 29977K(30144K)->29977K(30144K) NonClass: 29977K(30144K)->29977K(30144K) Class: 0K(0K)->0K(0K)
[3017.659s][info][gc             ] GC(301) Pause Young (Normal) (G1 Evacuation Pause) 6609M->2103M(8192M) 147.039ms
[3017.659s][info][gc,cpu         ] GC(301) User=1.16s Sys=0.00s Real=0.15s
.........[3026.137s][info][gc,start       ] GC(302) Pause Young (Normal) (G1 Evacuation Pause)
[3026.137s][info][gc,task        ] GC(302) Using 8 workers of 8 for evacuation
[3026.283s][info][gc,phases      ] GC(302)   Pre Evacuate Collection Set: 0.25ms
[3026.283s][info][gc,phases      ] GC(302)   Merge Heap Roots: 0.58ms
[3026.283s][info][gc,phases      ] GC(302)   Evacuate Collection Set: 144.10ms
[3026.283s][info][gc,phases      ] GC(302)   Post Evacuate Collection Set: 1.05ms
[3026.283s][info][gc,phases      ] GC(302)   Other: 0.06ms
[3026.283s][info][gc,heap        ] GC(302) Eden regions: 570->0(571)
[3026.283s][info][gc,heap        ] GC(302) Survivor regions: 44->43(77)
[3026.283s][info][gc,heap        ] GC(302) Old regions: 188->195
[3026.283s][info][gc,heap        ] GC(302) Humongous regions: 33->33
[3026.283s][info][gc,metaspace   ] GC(302) Metaspace: 29977K(30144K)->29977K(30144K) NonClass: 29977K(30144K)->29977K(30144K) Class: 0K(0K)->0K(0K)
[3026.283s][info][gc             ] GC(302) Pause Young (Normal) (G1 Evacuation Pause) 6663M->2151M(8192M) 146.167ms
[3026.283s][info][gc,cpu         ] GC(302) User=1.16s Sys=0.00s Real=0.15s
.........[3034.856s][info][gc,start       ] GC(303) Pause Young (Normal) (G1 Evacuation Pause)
[3034.856s][info][gc,task        ] GC(303) Using 8 workers of 8 for evacuation
[3035.002s][info][gc,phases      ] GC(303)   Pre Evacuate Collection Set: 0.31ms
[3035.002s][info][gc,phases      ] GC(303)   Merge Heap Roots: 0.70ms
[3035.002s][info][gc,phases      ] GC(303)   Evacuate Collection Set: 143.17ms
[3035.002s][info][gc,phases      ] GC(303)   Post Evacuate Collection Set: 1.07ms
[3035.002s][info][gc,phases      ] GC(303)   Other: 0.07ms
[3035.002s][info][gc,heap        ] GC(303) Eden regions: 571->0(572)
[3035.002s][info][gc,heap        ] GC(303) Survivor regions: 43->42(77)
[3035.002s][info][gc,heap        ] GC(303) Old regions: 195->202
[3035.002s][info][gc,heap        ] GC(303) Humongous regions: 33->33
[3035.002s][info][gc,metaspace   ] GC(303) Metaspace: 29977K(30144K)->29977K(30144K) NonClass: 29977K(30144K)->29977K(30144K) Class: 0K(0K)->0K(0K)
[3035.002s][info][gc             ] GC(303) Pause Young (Normal) (G1 Evacuation Pause) 6719M->2203M(8192M) 145.461ms
[3035.002s][info][gc,cpu         ] GC(303) User=1.15s Sys=0.00s Real=0.15s
........[3043.537s][info][gc,start       ] GC(304) Pause Young (Normal) (G1 Evacuation Pause)
[3043.537s][info][gc,task        ] GC(304) Using 8 workers of 8 for evacuation
[3043.685s][info][gc,phases      ] GC(304)   Pre Evacuate Collection Set: 0.26ms
[3043.685s][info][gc,phases      ] GC(304)   Merge Heap Roots: 0.58ms
[3043.685s][info][gc,phases      ] GC(304)   Evacuate Collection Set: 145.65ms
[3043.685s][info][gc,phases      ] GC(304)   Post Evacuate Collection Set: 1.04ms
[3043.685s][info][gc,phases      ] GC(304)   Other: 0.07ms
[3043.685s][info][gc,heap        ] GC(304) Eden regions: 572->0(571)
[3043.685s][info][gc,heap        ] GC(304) Survivor regions: 42->43(77)
[3043.685s][info][gc,heap        ] GC(304) Old regions: 202->209
[3043.685s][info][gc,heap        ] GC(304) Humongous regions: 33->33
[3043.685s][info][gc,metaspace   ] GC(304) Metaspace: 29977K(30144K)->29977K(30144K) NonClass: 29977K(30144K)->29977K(30144K) Class: 0K(0K)->0K(0K)
[3043.685s][info][gc             ] GC(304) Pause Young (Normal) (G1 Evacuation Pause) 6779M->2267M(8192M) 147.721ms
[3043.685s][info][gc,cpu         ] GC(304) User=1.17s Sys=0.00s Real=0.15s
... (rIR:aIR:PR = 4428:4430:4430) (tPR = 65931) [OK] 
  3045s: Performance info:
         Transaction,    Success,    Partial,     Failed,   Receipts, AvgBarcode, 
             Overall,     265983,          0,          0,     252686,      59.48, 
         Response times:
             Request,    Success,    Partial,     Failed,   SkipFail,     Probes,    Samples,      min,      p50,      p90,      p95,      p99,      max, 
       TotalPurchase,     252686,          0,          0,          0,     247206,     274098,      300,     2900,     5000,     5700,    24000,   156000,
     InStorePurchase,     132984,          0,          0,          0,     130486,     144425,      400,     2800,     5000,     5700,    24000,   156000,
      OnlinePurchase,      93118,          0,          0,          0,      90967,     100935,      300,     3000,     5000,     5700,    25000,   156000,
        InstPurchase,      26584,          0,          0,          0,      25753,      28738,      500,     2900,     5000,     5700,    24000,   155000,
          AssocOfCat,        269,          0,          0,          0,        216,        310,    20000,    31000,    40000,    47000,    84350,   193000,
      AssocOfProduct,       2652,          0,          0,          0,       2392,       2853,      700,     2900,     5100,     5700,    22920,   153000,
      BusinessReport,        660,          0,          0,          0,        548,        699,    23000,    34000,    47000,    53000,    89000,   199000,
          CustBuyBeh,       2651,          0,          0,          0,       2459,       2904,      300,     3100,     5000,     5700,    34950,   154000,
       ProductReturn,       7065,          0,          0,          0,       6651,       7594,      200,     3000,     4900,     5600,    27000,   154000,

  3045s: (33%)   IR =   4566 .....|.[3052.119s][info][gc,start       ] GC(305) Pause Young (Normal) (G1 Evacuation Pause)
[3052.119s][info][gc,task        ] GC(305) Using 8 workers of 8 for evacuation
[3052.265s][info][gc,phases      ] GC(305)   Pre Evacuate Collection Set: 0.25ms
[3052.265s][info][gc,phases      ] GC(305)   Merge Heap Roots: 0.60ms
[3052.265s][info][gc,phases      ] GC(305)   Evacuate Collection Set: 143.68ms
[3052.265s][info][gc,phases      ] GC(305)   Post Evacuate Collection Set: 1.07ms
[3052.265s][info][gc,phases      ] GC(305)   Other: 0.06ms
[3052.265s][info][gc,heap        ] GC(305) Eden regions: 571->0(571)
[3052.265s][info][gc,heap        ] GC(305) Survivor regions: 43->43(77)
[3052.265s][info][gc,heap        ] GC(305) Old regions: 209->217
[3052.265s][info][gc,heap        ] GC(305) Humongous regions: 33->33
[3052.265s][info][gc,metaspace   ] GC(305) Metaspace: 29977K(30144K)->29977K(30144K) NonClass: 29977K(30144K)->29977K(30144K) Class: 0K(0K)->0K(0K)
[3052.265s][info][gc             ] GC(305) Pause Young (Normal) (G1 Evacuation Pause) 6835M->2321M(8192M) 145.807ms
[3052.265s][info][gc,cpu         ] GC(305) User=1.15s Sys=0.00s Real=0.14s
........[3060.497s][info][gc,start       ] GC(306) Pause Young (Normal) (G1 Evacuation Pause)
[3060.497s][info][gc,task        ] GC(306) Using 8 workers of 8 for evacuation
[3060.645s][info][gc,phases      ] GC(306)   Pre Evacuate Collection Set: 0.26ms
[3060.645s][info][gc,phases      ] GC(306)   Merge Heap Roots: 0.63ms
[3060.645s][info][gc,phases      ] GC(306)   Evacuate Collection Set: 145.94ms
[3060.645s][info][gc,phases      ] GC(306)   Post Evacuate Collection Set: 1.05ms
[3060.645s][info][gc,phases      ] GC(306)   Other: 0.06ms
[3060.645s][info][gc,heap        ] GC(306) Eden regions: 571->0(572)
[3060.645s][info][gc,heap        ] GC(306) Survivor regions: 43->42(77)
[3060.645s][info][gc,heap        ] GC(306) Old regions: 217->224
[3060.645s][info][gc,heap        ] GC(306) Humongous regions: 33->33
[3060.645s][info][gc,metaspace   ] GC(306) Metaspace: 29977K(30144K)->29977K(30144K) NonClass: 29977K(30144K)->29977K(30144K) Class: 0K(0K)->0K(0K)
[3060.645s][info][gc             ] GC(306) Pause Young (Normal) (G1 Evacuation Pause) 6889M->2373M(8192M) 148.077ms
[3060.645s][info][gc,cpu         ] GC(306) User=1.16s Sys=0.00s Real=0.15s
.........[3068.939s][info][gc,start       ] GC(307) Pause Young (Normal) (G1 Evacuation Pause)
[3068.939s][info][gc,task        ] GC(307) Using 8 workers of 8 for evacuation
[3069.086s][info][gc,phases      ] GC(307)   Pre Evacuate Collection Set: 0.27ms
[3069.086s][info][gc,phases      ] GC(307)   Merge Heap Roots: 0.56ms
[3069.086s][info][gc,phases      ] GC(307)   Evacuate Collection Set: 145.54ms
[3069.086s][info][gc,phases      ] GC(307)   Post Evacuate Collection Set: 1.02ms
[3069.086s][info][gc,phases      ] GC(307)   Other: 0.06ms
[3069.086s][info][gc,heap        ] GC(307) Eden regions: 572->0(571)
[3069.087s][info][gc,heap        ] GC(307) Survivor regions: 42->43(77)
[3069.087s][info][gc,heap        ] GC(307) Old regions: 224->231
[3069.087s][info][gc,heap        ] GC(307) Humongous regions: 33->33
[3069.087s][info][gc,metaspace   ] GC(307) Metaspace: 29977K(30144K)->29977K(30144K) NonClass: 29977K(30144K)->29977K(30144K) Class: 0K(0K)->0K(0K)
[3069.087s][info][gc             ] GC(307) Pause Young (Normal) (G1 Evacuation Pause) 6949M->2433M(8192M) 147.589ms
[3069.087s][info][gc,cpu         ] GC(307) User=1.17s Sys=0.00s Real=0.14s
........[3077.362s][info][gc,start       ] GC(308) Pause Young (Normal) (G1 Evacuation Pause)
[3077.362s][info][gc,task        ] GC(308) Using 8 workers of 8 for evacuation
[3077.507s][info][gc,phases      ] GC(308)   Pre Evacuate Collection Set: 0.24ms
[3077.507s][info][gc,phases      ] GC(308)   Merge Heap Roots: 0.55ms
[3077.507s][info][gc,phases      ] GC(308)   Evacuate Collection Set: 143.76ms
[3077.507s][info][gc,phases      ] GC(308)   Post Evacuate Collection Set: 1.05ms
[3077.507s][info][gc,phases      ] GC(308)   Other: 0.07ms
[3077.507s][info][gc,heap        ] GC(308) Eden regions: 571->0(571)
[3077.507s][info][gc,heap        ] GC(308) Survivor regions: 43->43(77)
[3077.507s][info][gc,heap        ] GC(308) Old regions: 231->238
[3077.507s][info][gc,heap        ] GC(308) Humongous regions: 33->33
[3077.507s][info][gc,metaspace   ] GC(308) Metaspace: 29977K(30144K)->29977K(30144K) NonClass: 29977K(30144K)->29977K(30144K) Class: 0K(0K)->0K(0K)
[3077.507s][info][gc             ] GC(308) Pause Young (Normal) (G1 Evacuation Pause) 7001M->2493M(8192M) 145.799ms
[3077.508s][info][gc,cpu         ] GC(308) User=1.15s Sys=0.00s Real=0.15s
.........[3085.780s][info][gc,start       ] GC(309) Pause Young (Normal) (G1 Evacuation Pause)
[3085.780s][info][gc,task        ] GC(309) Using 8 workers of 8 for evacuation
[3085.927s][info][gc,phases      ] GC(309)   Pre Evacuate Collection Set: 0.27ms
[3085.927s][info][gc,phases      ] GC(309)   Merge Heap Roots: 0.56ms
[3085.927s][info][gc,phases      ] GC(309)   Evacuate Collection Set: 145.19ms
[3085.927s][info][gc,phases      ] GC(309)   Post Evacuate Collection Set: 1.09ms
[3085.927s][info][gc,phases      ] GC(309)   Other: 0.06ms
[3085.927s][info][gc,heap        ] GC(309) Eden regions: 571->0(571)
[3085.927s][info][gc,heap        ] GC(309) Survivor regions: 43->43(77)
[3085.927s][info][gc,heap        ] GC(309) Old regions: 238->245
[3085.927s][info][gc,heap        ] GC(309) Humongous regions: 33->33
[3085.927s][info][gc,metaspace   ] GC(309) Metaspace: 29977K(30144K)->29977K(30144K) NonClass: 29977K(30144K)->29977K(30144K) Class: 0K(0K)->0K(0K)
[3085.927s][info][gc             ] GC(309) Pause Young (Normal) (G1 Evacuation Pause) 7061M->2545M(8192M) 147.293ms
[3085.928s][info][gc,cpu         ] GC(309) User=1.17s Sys=0.00s Real=0.15s
........[3094.226s][info][gc,start       ] GC(310) Pause Young (Normal) (G1 Evacuation Pause)
[3094.226s][info][gc,task        ] GC(310) Using 8 workers of 8 for evacuation
[3094.373s][info][gc,phases      ] GC(310)   Pre Evacuate Collection Set: 0.28ms
[3094.373s][info][gc,phases      ] GC(310)   Merge Heap Roots: 0.70ms
[3094.373s][info][gc,phases      ] GC(310)   Evacuate Collection Set: 144.17ms
[3094.373s][info][gc,phases      ] GC(310)   Post Evacuate Collection Set: 1.06ms
[3094.373s][info][gc,phases      ] GC(310)   Other: 0.07ms
[3094.373s][info][gc,heap        ] GC(310) Eden regions: 571->0(571)
[3094.373s][info][gc,heap        ] GC(310) Survivor regions: 43->43(77)
[3094.373s][info][gc,heap        ] GC(310) Old regions: 245->252
[3094.373s][info][gc,heap        ] GC(310) Humongous regions: 33->33
[3094.373s][info][gc,metaspace   ] GC(310) Metaspace: 29977K(30144K)->29977K(30144K) NonClass: 29977K(30144K)->29977K(30144K) Class: 0K(0K)->0K(0K)
[3094.373s][info][gc             ] GC(310) Pause Young (Normal) (G1 Evacuation Pause) 7113M->2605M(8192M) 146.424ms
[3094.373s][info][gc,cpu         ] GC(310) User=1.16s Sys=0.00s Real=0.15s
........[3102.637s][info][gc,start       ] GC(311) Pause Young (Normal) (G1 Evacuation Pause)
[3102.637s][info][gc,task        ] GC(311) Using 8 workers of 8 for evacuation
[3102.784s][info][gc,phases      ] GC(311)   Pre Evacuate Collection Set: 0.26ms
[3102.784s][info][gc,phases      ] GC(311)   Merge Heap Roots: 0.64ms
[3102.784s][info][gc,phases      ] GC(311)   Evacuate Collection Set: 145.53ms
[3102.784s][info][gc,phases      ] GC(311)   Post Evacuate Collection Set: 1.01ms
[3102.784s][info][gc,phases      ] GC(311)   Other: 0.07ms
[3102.784s][info][gc,heap        ] GC(311) Eden regions: 571->0(571)
[3102.784s][info][gc,heap        ] GC(311) Survivor regions: 43->43(77)
[3102.784s][info][gc,heap        ] GC(311) Old regions: 252->259
[3102.784s][info][gc,heap        ] GC(311) Humongous regions: 33->33
[3102.784s][info][gc,metaspace   ] GC(311) Metaspace: 29977K(30144K)->29977K(30144K) NonClass: 29977K(30144K)->29977K(30144K) Class: 0K(0K)->0K(0K)
[3102.784s][info][gc             ] GC(311) Pause Young (Normal) (G1 Evacuation Pause) 7173M->2661M(8192M) 147.674ms
[3102.784s][info][gc,cpu         ] GC(311) User=1.17s Sys=0.01s Real=0.15s
......... (rIR:aIR:PR = 4566:4566:4566) (tPR = 67642) [OK] 
  3110s: Performance info:
         Transaction,    Success,    Partial,     Failed,   Receipts, AvgBarcode, 
             Overall,     274192,          0,          0,     260481,      59.48, 
         Response times:
             Request,    Success,    Partial,     Failed,   SkipFail,     Probes,    Samples,      min,      p50,      p90,      p95,      p99,      max, 
       TotalPurchase,     260481,          0,          0,          0,     254858,     277788,      300,     3000,     5200,     5900,    31000,   215000,
     InStorePurchase,     137064,          0,          0,          0,     134455,     146134,      400,     2900,     5200,     5900,    30000,   215000,
      OnlinePurchase,      96015,          0,          0,          0,      93872,     102383,      300,     3100,     5200,     5900,    31000,   161000,
        InstPurchase,      27402,          0,          0,          0,      26531,      29271,      500,     2800,     5200,     5900,    32000,   162000,
          AssocOfCat,        273,          0,          0,          0,        200,        284,    21000,    32000,    41000,    49000,    90050,   177000,
      AssocOfProduct,       2744,          0,          0,          0,       2526,       2907,      500,     3100,     5300,     6100,    37000,   161000,
      BusinessReport,        690,          0,          0,          0,        615,        775,    23000,    34000,    46000,    54200,   101000,   204000,
          CustBuyBeh,       2733,          0,          0,          0,       2516,       2972,      200,     2400,     5100,     6035,    27000,   153000,
       ProductReturn,       7271,          0,          0,          0,       6885,       7789,      300,     3300,     5300,     5900,    35000,   153000,

  3110s: (34%)   IR =   4705 [3111.018s][info][gc,start       ] GC(312) Pause Young (Normal) (G1 Evacuation Pause)
[3111.018s][info][gc,task        ] GC(312) Using 8 workers of 8 for evacuation
[3111.163s][info][gc,phases      ] GC(312)   Pre Evacuate Collection Set: 0.26ms
[3111.163s][info][gc,phases      ] GC(312)   Merge Heap Roots: 0.62ms
[3111.163s][info][gc,phases      ] GC(312)   Evacuate Collection Set: 143.06ms
[3111.163s][info][gc,phases      ] GC(312)   Post Evacuate Collection Set: 1.08ms
[3111.163s][info][gc,phases      ] GC(312)   Other: 0.07ms
[3111.163s][info][gc,heap        ] GC(312) Eden regions: 571->0(572)
[3111.163s][info][gc,heap        ] GC(312) Survivor regions: 43->42(77)
[3111.163s][info][gc,heap        ] GC(312) Old regions: 259->265
[3111.163s][info][gc,heap        ] GC(312) Humongous regions: 33->33
[3111.163s][info][gc,metaspace   ] GC(312) Metaspace: 29977K(30144K)->29977K(30144K) NonClass: 29977K(30144K)->29977K(30144K) Class: 0K(0K)->0K(0K)
[3111.163s][info][gc             ] GC(312) Pause Young (Normal) (G1 Evacuation Pause) 7229M->2707M(8192M) 145.242ms
[3111.163s][info][gc,cpu         ] GC(312) User=1.15s Sys=0.00s Real=0.14s
.....|...[3119.177s][info][gc,start       ] GC(313) Pause Young (Normal) (G1 Evacuation Pause)
[3119.177s][info][gc,task        ] GC(313) Using 8 workers of 8 for evacuation
[3119.322s][info][gc,phases      ] GC(313)   Pre Evacuate Collection Set: 0.26ms
[3119.322s][info][gc,phases      ] GC(313)   Merge Heap Roots: 0.57ms
[3119.322s][info][gc,phases      ] GC(313)   Evacuate Collection Set: 142.97ms
[3119.322s][info][gc,phases      ] GC(313)   Post Evacuate Collection Set: 1.04ms
[3119.322s][info][gc,phases      ] GC(313)   Other: 0.06ms
[3119.322s][info][gc,heap        ] GC(313) Eden regions: 572->0(572)
[3119.322s][info][gc,heap        ] GC(313) Survivor regions: 42->42(77)
[3119.322s][info][gc,heap        ] GC(313) Old regions: 265->272
[3119.322s][info][gc,heap        ] GC(313) Humongous regions: 33->33
[3119.322s][info][gc,metaspace   ] GC(313) Metaspace: 29977K(30144K)->29977K(30144K) NonClass: 29977K(30144K)->29977K(30144K) Class: 0K(0K)->0K(0K)
[3119.322s][info][gc             ] GC(313) Pause Young (Normal) (G1 Evacuation Pause) 7283M->2763M(8192M) 145.022ms
[3119.322s][info][gc,cpu         ] GC(313) User=1.15s Sys=0.00s Real=0.15s
........[3127.377s][info][gc,start       ] GC(314) Pause Young (Normal) (G1 Evacuation Pause)
[3127.377s][info][gc,task        ] GC(314) Using 8 workers of 8 for evacuation
[3127.527s][info][gc,phases      ] GC(314)   Pre Evacuate Collection Set: 0.24ms
[3127.527s][info][gc,phases      ] GC(314)   Merge Heap Roots: 0.58ms
[3127.527s][info][gc,phases      ] GC(314)   Evacuate Collection Set: 147.92ms
[3127.527s][info][gc,phases      ] GC(314)   Post Evacuate Collection Set: 1.00ms
[3127.527s][info][gc,phases      ] GC(314)   Other: 0.06ms
[3127.527s][info][gc,heap        ] GC(314) Eden regions: 572->0(571)
[3127.527s][info][gc,heap        ] GC(314) Survivor regions: 42->43(77)
[3127.527s][info][gc,heap        ] GC(314) Old regions: 272->279
[3127.527s][info][gc,heap        ] GC(314) Humongous regions: 33->33
[3127.527s][info][gc,metaspace   ] GC(314) Metaspace: 29977K(30144K)->29977K(30144K) NonClass: 29977K(30144K)->29977K(30144K) Class: 0K(0K)->0K(0K)
[3127.527s][info][gc             ] GC(314) Pause Young (Normal) (G1 Evacuation Pause) 7339M->2822M(8192M) 149.951ms
[3127.527s][info][gc,cpu         ] GC(314) User=1.19s Sys=0.00s Real=0.15s
........[3135.564s][info][gc,start       ] GC(315) Pause Young (Normal) (G1 Evacuation Pause)
[3135.564s][info][gc,task        ] GC(315) Using 8 workers of 8 for evacuation
[3135.710s][info][gc,phases      ] GC(315)   Pre Evacuate Collection Set: 0.27ms
[3135.710s][info][gc,phases      ] GC(315)   Merge Heap Roots: 0.58ms
[3135.710s][info][gc,phases      ] GC(315)   Evacuate Collection Set: 144.40ms
[3135.710s][info][gc,phases      ] GC(315)   Post Evacuate Collection Set: 1.08ms
[3135.710s][info][gc,phases      ] GC(315)   Other: 0.08ms
[3135.710s][info][gc,heap        ] GC(315) Eden regions: 571->0(567)
[3135.710s][info][gc,heap        ] GC(315) Survivor regions: 43->43(77)
[3135.710s][info][gc,heap        ] GC(315) Old regions: 279->286
[3135.710s][info][gc,heap        ] GC(315) Humongous regions: 33->33
[3135.710s][info][gc,metaspace   ] GC(315) Metaspace: 29977K(30144K)->29977K(30144K) NonClass: 29977K(30144K)->29977K(30144K) Class: 0K(0K)->0K(0K)
[3135.710s][info][gc             ] GC(315) Pause Young (Normal) (G1 Evacuation Pause) 7390M->2883M(8192M) 146.534ms
[3135.710s][info][gc,cpu         ] GC(315) User=1.15s Sys=0.00s Real=0.15s
........[3143.621s][info][gc,start       ] GC(316) Pause Young (Normal) (G1 Evacuation Pause)
[3143.621s][info][gc,task        ] GC(316) Using 8 workers of 8 for evacuation
[3143.768s][info][gc,phases      ] GC(316)   Pre Evacuate Collection Set: 0.26ms
[3143.768s][info][gc,phases      ] GC(316)   Merge Heap Roots: 0.64ms
[3143.768s][info][gc,phases      ] GC(316)   Evacuate Collection Set: 144.30ms
[3143.768s][info][gc,phases      ] GC(316)   Post Evacuate Collection Set: 1.11ms
[3143.768s][info][gc,phases      ] GC(316)   Other: 0.07ms
[3143.768s][info][gc,heap        ] GC(316) Eden regions: 567->0(562)
[3143.768s][info][gc,heap        ] GC(316) Survivor regions: 43->42(77)
[3143.768s][info][gc,heap        ] GC(316) Old regions: 286->293
[3143.768s][info][gc,heap        ] GC(316) Humongous regions: 33->33
[3143.768s][info][gc,metaspace   ] GC(316) Metaspace: 29977K(30144K)->29977K(30144K) NonClass: 29977K(30144K)->29977K(30144K) Class: 0K(0K)->0K(0K)
[3143.768s][info][gc             ] GC(316) Pause Young (Normal) (G1 Evacuation Pause) 7419M->2931M(8192M) 146.508ms
[3143.768s][info][gc,cpu         ] GC(316) User=1.16s Sys=0.00s Real=0.15s
........[3151.659s][info][gc,start       ] GC(317) Pause Young (Normal) (G1 Evacuation Pause)
[3151.659s][info][gc,task        ] GC(317) Using 8 workers of 8 for evacuation
[3151.803s][info][gc,phases      ] GC(317)   Pre Evacuate Collection Set: 0.30ms
[3151.803s][info][gc,phases      ] GC(317)   Merge Heap Roots: 0.60ms
[3151.803s][info][gc,phases      ] GC(317)   Evacuate Collection Set: 141.64ms
[3151.803s][info][gc,phases      ] GC(317)   Post Evacuate Collection Set: 1.05ms
[3151.803s][info][gc,phases      ] GC(317)   Other: 0.06ms
[3151.803s][info][gc,heap        ] GC(317) Eden regions: 562->0(556)
[3151.803s][info][gc,heap        ] GC(317) Survivor regions: 42->41(76)
[3151.803s][info][gc,heap        ] GC(317) Old regions: 293->301
[3151.803s][info][gc,heap        ] GC(317) Humongous regions: 33->33
[3151.803s][info][gc,metaspace   ] GC(317) Metaspace: 29977K(30144K)->29977K(30144K) NonClass: 29977K(30144K)->29977K(30144K) Class: 0K(0K)->0K(0K)
[3151.803s][info][gc             ] GC(317) Pause Young (Normal) (G1 Evacuation Pause) 7427M->2977M(8192M) 143.811ms
[3151.803s][info][gc,cpu         ] GC(317) User=1.14s Sys=0.00s Real=0.14s
........[3159.597s][info][gc,start       ] GC(318) Pause Young (Normal) (G1 Evacuation Pause)
[3159.597s][info][gc,task        ] GC(318) Using 8 workers of 8 for evacuation
[3159.743s][info][gc,phases      ] GC(318)   Pre Evacuate Collection Set: 0.28ms
[3159.743s][info][gc,phases      ] GC(318)   Merge Heap Roots: 0.56ms
[3159.743s][info][gc,phases      ] GC(318)   Evacuate Collection Set: 143.55ms
[3159.743s][info][gc,phases      ] GC(318)   Post Evacuate Collection Set: 1.09ms
[3159.743s][info][gc,phases      ] GC(318)   Other: 0.06ms
[3159.743s][info][gc,heap        ] GC(318) Eden regions: 556->0(545)
[3159.743s][info][gc,heap        ] GC(318) Survivor regions: 41->43(75)
[3159.743s][info][gc,heap        ] GC(318) Old regions: 301->308
[3159.743s][info][gc,heap        ] GC(318) Humongous regions: 33->33
[3159.743s][info][gc,metaspace   ] GC(318) Metaspace: 29977K(30144K)->29977K(30144K) NonClass: 29977K(30144K)->29977K(30144K) Class: 0K(0K)->0K(0K)
[3159.743s][info][gc             ] GC(318) Pause Young (Normal) (G1 Evacuation Pause) 7425M->3050M(8192M) 145.679ms
[3159.743s][info][gc,cpu         ] GC(318) User=1.15s Sys=0.01s Real=0.14s
........[3167.435s][info][gc,start       ] GC(319) Pause Young (Normal) (G1 Evacuation Pause)
[3167.436s][info][gc,task        ] GC(319) Using 8 workers of 8 for evacuation
[3167.580s][info][gc,phases      ] GC(319)   Pre Evacuate Collection Set: 0.27ms
[3167.580s][info][gc,phases      ] GC(319)   Merge Heap Roots: 0.54ms
[3167.580s][info][gc,phases      ] GC(319)   Evacuate Collection Set: 142.77ms
[3167.580s][info][gc,phases      ] GC(319)   Post Evacuate Collection Set: 1.05ms
[3167.580s][info][gc,phases      ] GC(319)   Other: 0.07ms
[3167.580s][info][gc,heap        ] GC(319) Eden regions: 545->0(542)
[3167.580s][info][gc,heap        ] GC(319) Survivor regions: 43->41(74)
[3167.580s][info][gc,heap        ] GC(319) Old regions: 308->315
[3167.580s][info][gc,heap        ] GC(319) Humongous regions: 33->33
[3167.580s][info][gc,metaspace   ] GC(319) Metaspace: 29977K(30144K)->29977K(30144K) NonClass: 29977K(30144K)->29977K(30144K) Class: 0K(0K)->0K(0K)
[3167.580s][info][gc             ] GC(319) Pause Young (Normal) (G1 Evacuation Pause) 7410M->3097M(8192M) 144.820ms
[3167.580s][info][gc,cpu         ] GC(319) User=1.14s Sys=0.00s Real=0.15s
........[3175.150s][info][gc,start       ] GC(320) Pause Young (Concurrent Start) (G1 Evacuation Pause)
[3175.150s][info][gc,task        ] GC(320) Using 8 workers of 8 for evacuation
[3175.299s][info][gc,phases      ] GC(320)   Pre Evacuate Collection Set: 0.33ms
[3175.299s][info][gc,phases      ] GC(320)   Merge Heap Roots: 0.58ms
[3175.299s][info][gc,phases      ] GC(320)   Evacuate Collection Set: 147.33ms
[3175.299s][info][gc,phases      ] GC(320)   Post Evacuate Collection Set: 1.04ms
[3175.299s][info][gc,phases      ] GC(320)   Other: 0.12ms
[3175.299s][info][gc,heap        ] GC(320) Eden regions: 542->0(528)
[3175.299s][info][gc,heap        ] GC(320) Survivor regions: 41->44(73)
[3175.299s][info][gc,heap        ] GC(320) Old regions: 315->323
[3175.299s][info][gc,heap        ] GC(320) Humongous regions: 33->33
[3175.299s][info][gc,metaspace   ] GC(320) Metaspace: 29977K(30144K)->29977K(30144K) NonClass: 29977K(30144K)->29977K(30144K) Class: 0K(0K)->0K(0K)
[3175.299s][info][gc             ] GC(320) Pause Young (Concurrent Start) (G1 Evacuation Pause) 7433M->3178M(8192M) 149.545ms
[3175.299s][info][gc             ] GC(321) Concurrent Mark Cycle
[3175.299s][info][gc,marking     ] GC(321) Concurrent Scan Root Regions
[3175.300s][info][gc,cpu         ] GC(320) User=1.19s Sys=0.00s Real=0.15s
[3175.610s][info][gc,marking     ] GC(321) Concurrent Scan Root Regions 310.771ms
[3175.610s][info][gc,marking     ] GC(321) Concurrent Mark
[3175.610s][info][gc,marking     ] GC(321) Concurrent Mark From Roots
[3175.610s][info][gc,task        ] GC(321) Using 2 workers of 2 for marking
. (rIR:aIR:PR = 4705:4705:4705) (tPR = 69788) [OK] 
  3175s: Performance info:
         Transaction,    Success,    Partial,     Failed,   Receipts, AvgBarcode, 
             Overall,     282465,          0,          0,     268344,      59.47, 
         Response times:
             Request,    Success,    Partial,     Failed,   SkipFail,     Probes,    Samples,      min,      p50,      p90,      p95,      p99,      max, 
       TotalPurchase,     268344,          0,          0,          0,     263243,     286735,      400,     3000,     5400,     6200,    34000,   365000,
     InStorePurchase,     141235,          0,          0,          0,     138808,     150812,      400,     3000,     5300,     6200,    34000,   365000,
      OnlinePurchase,      98849,          0,          0,          0,      96918,     105575,      400,     3100,     5400,     6200,    34000,   365000,
        InstPurchase,      28260,          0,          0,          0,      27517,      30348,      400,     3000,     5400,     6200,    33000,   365000,
          AssocOfCat,        282,          0,          0,          0,        222,        301,    21000,    33000,    45000,    49900,   130240,   183000,
      AssocOfProduct,       2823,          0,          0,          0,       2602,       2993,      700,     3900,     5700,     6400,    34060,   158000,
      BusinessReport,        706,          0,          0,          0,        589,        738,    23000,    34000,    46000,    54000,   145520,   415000,
          CustBuyBeh,       2830,          0,          0,          0,       2622,       3001,      200,     3200,     5280,     6100,    37980,   153000,
       ProductReturn,       7480,          0,          0,          0,       7045,       7917,      200,     2900,     5300,     6200,    33820,   205000,

  3175s: (35%)   IR =   4843 [3176.133s][info][gc,marking     ] GC(321) Concurrent Mark From Roots 522.433ms
[3176.133s][info][gc,marking     ] GC(321) Concurrent Preclean
[3176.133s][info][gc,marking     ] GC(321) Concurrent Preclean 0.142ms
[3176.133s][info][gc,start       ] GC(321) Pause Remark
[3176.135s][info][gc             ] GC(321) Pause Remark 3745M->3105M(8192M) 1.763ms
[3176.135s][info][gc,cpu         ] GC(321) User=0.01s Sys=0.01s Real=0.00s
[3176.135s][info][gc,marking     ] GC(321) Concurrent Mark 524.594ms
[3176.135s][info][gc,marking     ] GC(321) Concurrent Rebuild Remembered Sets and Scrub Regions
[3176.483s][info][gc,marking     ] GC(321) Concurrent Rebuild Remembered Sets and Scrub Regions 347.982ms
[3176.483s][info][gc,start       ] GC(321) Pause Cleanup
[3176.483s][info][gc             ] GC(321) Pause Cleanup 3302M->3302M(8192M) 0.286ms
[3176.483s][info][gc,cpu         ] GC(321) User=0.00s Sys=0.00s Real=0.00s
[3176.483s][info][gc,marking     ] GC(321) Concurrent Clear Claimed Marks
[3176.483s][info][gc,marking     ] GC(321) Concurrent Clear Claimed Marks 0.042ms
[3176.483s][info][gc,marking     ] GC(321) Concurrent Cleanup for Next Mark
[3176.493s][info][gc,marking     ] GC(321) Concurrent Cleanup for Next Mark 9.198ms
[3176.493s][info][gc             ] GC(321) Concurrent Mark Cycle 1193.241ms
......[3182.522s][info][gc,start       ] GC(322) Pause Young (Prepare Mixed) (G1 Evacuation Pause)
[3182.522s][info][gc,task        ] GC(322) Using 8 workers of 8 for evacuation
[3182.667s][info][gc,phases      ] GC(322)   Pre Evacuate Collection Set: 0.26ms
[3182.667s][info][gc,phases      ] GC(322)   Merge Heap Roots: 0.81ms
[3182.667s][info][gc,phases      ] GC(322)   Evacuate Collection Set: 142.79ms
[3182.667s][info][gc,phases      ] GC(322)   Post Evacuate Collection Set: 1.09ms
[3182.667s][info][gc,phases      ] GC(322)   Other: 0.07ms
[3182.667s][info][gc,heap        ] GC(322) Eden regions: 528->0(572)
[3182.667s][info][gc,heap        ] GC(322) Survivor regions: 44->42(72)
[3182.667s][info][gc,heap        ] GC(322) Old regions: 243->250
[3182.667s][info][gc,heap        ] GC(322) Humongous regions: 33->33
[3182.667s][info][gc,metaspace   ] GC(322) Metaspace: 29977K(30144K)->29977K(30144K) NonClass: 29977K(30144K)->29977K(30144K) Class: 0K(0K)->0K(0K)
[3182.667s][info][gc             ] GC(322) Pause Young (Prepare Mixed) (G1 Evacuation Pause) 6762M->2582M(8192M) 145.167ms
[3182.667s][info][gc,cpu         ] GC(322) User=1.15s Sys=0.00s Real=0.14s
..|......[3190.522s][info][gc,start       ] GC(323) Pause Young (Mixed) (G1 Evacuation Pause)
[3190.522s][info][gc,task        ] GC(323) Using 8 workers of 8 for evacuation
[3190.674s][info][gc,phases      ] GC(323)   Pre Evacuate Collection Set: 0.30ms
[3190.674s][info][gc,phases      ] GC(323)   Merge Heap Roots: 0.93ms
[3190.674s][info][gc,phases      ] GC(323)   Evacuate Collection Set: 149.36ms
[3190.674s][info][gc,phases      ] GC(323)   Post Evacuate Collection Set: 1.24ms
[3190.674s][info][gc,phases      ] GC(323)   Other: 0.07ms
[3190.674s][info][gc,heap        ] GC(323) Eden regions: 572->0(571)
[3190.674s][info][gc,heap        ] GC(323) Survivor regions: 42->43(77)
[3190.674s][info][gc,heap        ] GC(323) Old regions: 250->155
[3190.674s][info][gc,heap        ] GC(323) Humongous regions: 33->33
[3190.674s][info][gc,metaspace   ] GC(323) Metaspace: 29977K(30144K)->29977K(30144K) NonClass: 29977K(30144K)->29977K(30144K) Class: 0K(0K)->0K(0K)
[3190.674s][info][gc             ] GC(323) Pause Young (Mixed) (G1 Evacuation Pause) 7158M->1831M(8192M) 152.036ms
[3190.674s][info][gc,cpu         ] GC(323) User=1.21s Sys=0.00s Real=0.15s
........[3198.348s][info][gc,start       ] GC(324) Pause Young (Mixed) (G1 Evacuation Pause)
[3198.348s][info][gc,task        ] GC(324) Using 8 workers of 8 for evacuation
[3198.498s][info][gc,phases      ] GC(324)   Pre Evacuate Collection Set: 0.27ms
[3198.498s][info][gc,phases      ] GC(324)   Merge Heap Roots: 0.76ms
[3198.498s][info][gc,phases      ] GC(324)   Evacuate Collection Set: 147.99ms
[3198.498s][info][gc,phases      ] GC(324)   Post Evacuate Collection Set: 1.07ms
[3198.498s][info][gc,phases      ] GC(324)   Other: 0.07ms
[3198.498s][info][gc,heap        ] GC(324) Eden regions: 571->0(572)
[3198.498s][info][gc,heap        ] GC(324) Survivor regions: 43->42(77)
[3198.498s][info][gc,heap        ] GC(324) Old regions: 155->143
[3198.498s][info][gc,heap        ] GC(324) Humongous regions: 33->33
[3198.498s][info][gc,metaspace   ] GC(324) Metaspace: 29977K(30144K)->29977K(30144K) NonClass: 29977K(30144K)->29977K(30144K) Class: 0K(0K)->0K(0K)
[3198.498s][info][gc             ] GC(324) Pause Young (Mixed) (G1 Evacuation Pause) 6399M->1725M(8192M) 150.283ms
[3198.498s][info][gc,cpu         ] GC(324) User=1.19s Sys=0.00s Real=0.15s
........[3206.291s][info][gc,start       ] GC(325) Pause Young (Normal) (G1 Evacuation Pause)
[3206.291s][info][gc,task        ] GC(325) Using 8 workers of 8 for evacuation
[3206.439s][info][gc,phases      ] GC(325)   Pre Evacuate Collection Set: 0.24ms
[3206.439s][info][gc,phases      ] GC(325)   Merge Heap Roots: 0.53ms
[3206.439s][info][gc,phases      ] GC(325)   Evacuate Collection Set: 146.14ms
[3206.439s][info][gc,phases      ] GC(325)   Post Evacuate Collection Set: 1.04ms
[3206.439s][info][gc,phases      ] GC(325)   Other: 0.06ms
[3206.439s][info][gc,heap        ] GC(325) Eden regions: 572->0(571)
[3206.439s][info][gc,heap        ] GC(325) Survivor regions: 42->43(77)
[3206.439s][info][gc,heap        ] GC(325) Old regions: 143->150
[3206.439s][info][gc,heap        ] GC(325) Humongous regions: 33->33
[3206.439s][info][gc,metaspace   ] GC(325) Metaspace: 29977K(30144K)->29977K(30144K) NonClass: 29977K(30144K)->29977K(30144K) Class: 0K(0K)->0K(0K)
[3206.439s][info][gc             ] GC(325) Pause Young (Normal) (G1 Evacuation Pause) 6301M->1786M(8192M) 148.143ms
[3206.439s][info][gc,cpu         ] GC(325) User=1.18s Sys=0.00s Real=0.15s
........[3214.251s][info][gc,start       ] GC(326) Pause Young (Normal) (G1 Evacuation Pause)
[3214.251s][info][gc,task        ] GC(326) Using 8 workers of 8 for evacuation
[3214.397s][info][gc,phases      ] GC(326)   Pre Evacuate Collection Set: 0.25ms
[3214.397s][info][gc,phases      ] GC(326)   Merge Heap Roots: 0.58ms
[3214.397s][info][gc,phases      ] GC(326)   Evacuate Collection Set: 143.36ms
[3214.397s][info][gc,phases      ] GC(326)   Post Evacuate Collection Set: 1.03ms
[3214.397s][info][gc,phases      ] GC(326)   Other: 0.06ms
[3214.397s][info][gc,heap        ] GC(326) Eden regions: 571->0(571)
[3214.397s][info][gc,heap        ] GC(326) Survivor regions: 43->43(77)
[3214.397s][info][gc,heap        ] GC(326) Old regions: 150->157
[3214.397s][info][gc,heap        ] GC(326) Humongous regions: 33->33
[3214.397s][info][gc,metaspace   ] GC(326) Metaspace: 29977K(30144K)->29977K(30144K) NonClass: 29977K(30144K)->29977K(30144K) Class: 0K(0K)->0K(0K)
[3214.397s][info][gc             ] GC(326) Pause Young (Normal) (G1 Evacuation Pause) 6354M->1842M(8192M) 145.417ms
[3214.397s][info][gc,cpu         ] GC(326) User=1.16s Sys=0.00s Real=0.14s
........[3222.131s][info][gc,start       ] GC(327) Pause Young (Normal) (G1 Evacuation Pause)
[3222.131s][info][gc,task        ] GC(327) Using 8 workers of 8 for evacuation
[3222.276s][info][gc,phases      ] GC(327)   Pre Evacuate Collection Set: 0.26ms
[3222.276s][info][gc,phases      ] GC(327)   Merge Heap Roots: 0.62ms
[3222.276s][info][gc,phases      ] GC(327)   Evacuate Collection Set: 143.23ms
[3222.276s][info][gc,phases      ] GC(327)   Post Evacuate Collection Set: 1.05ms
[3222.276s][info][gc,phases      ] GC(327)   Other: 0.07ms
[3222.276s][info][gc,heap        ] GC(327) Eden regions: 571->0(572)
[3222.276s][info][gc,heap        ] GC(327) Survivor regions: 43->42(77)
[3222.276s][info][gc,heap        ] GC(327) Old regions: 157->164
[3222.277s][info][gc,heap        ] GC(327) Humongous regions: 33->33
[3222.277s][info][gc,metaspace   ] GC(327) Metaspace: 29977K(30144K)->29977K(30144K) NonClass: 29977K(30144K)->29977K(30144K) Class: 0K(0K)->0K(0K)
[3222.277s][info][gc             ] GC(327) Pause Young (Normal) (G1 Evacuation Pause) 6410M->1895M(8192M) 145.379ms
[3222.277s][info][gc,cpu         ] GC(327) User=1.15s Sys=0.00s Real=0.14s
........[3230.151s][info][gc,start       ] GC(328) Pause Young (Normal) (G1 Evacuation Pause)
[3230.151s][info][gc,task        ] GC(328) Using 8 workers of 8 for evacuation
[3230.298s][info][gc,phases      ] GC(328)   Pre Evacuate Collection Set: 0.26ms
[3230.298s][info][gc,phases      ] GC(328)   Merge Heap Roots: 0.54ms
[3230.298s][info][gc,phases      ] GC(328)   Evacuate Collection Set: 144.28ms
[3230.298s][info][gc,phases      ] GC(328)   Post Evacuate Collection Set: 1.06ms
[3230.298s][info][gc,phases      ] GC(328)   Other: 0.07ms
[3230.298s][info][gc,heap        ] GC(328) Eden regions: 572->0(571)
[3230.298s][info][gc,heap        ] GC(328) Survivor regions: 42->43(77)
[3230.298s][info][gc,heap        ] GC(328) Old regions: 164->171
[3230.298s][info][gc,heap        ] GC(328) Humongous regions: 33->33
[3230.298s][info][gc,metaspace   ] GC(328) Metaspace: 29977K(30144K)->29977K(30144K) NonClass: 29977K(30144K)->29977K(30144K) Class: 0K(0K)->0K(0K)
[3230.298s][info][gc             ] GC(328) Pause Young (Normal) (G1 Evacuation Pause) 6471M->1955M(8192M) 146.350ms
[3230.298s][info][gc,cpu         ] GC(328) User=1.16s Sys=0.00s Real=0.15s
........[3237.990s][info][gc,start       ] GC(329) Pause Young (Normal) (G1 Evacuation Pause)
[3237.990s][info][gc,task        ] GC(329) Using 8 workers of 8 for evacuation
[3238.135s][info][gc,phases      ] GC(329)   Pre Evacuate Collection Set: 0.25ms
[3238.135s][info][gc,phases      ] GC(329)   Merge Heap Roots: 0.54ms
[3238.135s][info][gc,phases      ] GC(329)   Evacuate Collection Set: 143.01ms
[3238.135s][info][gc,phases      ] GC(329)   Post Evacuate Collection Set: 1.06ms
[3238.135s][info][gc,phases      ] GC(329)   Other: 0.06ms
[3238.135s][info][gc,heap        ] GC(329) Eden regions: 571->0(571)
[3238.135s][info][gc,heap        ] GC(329) Survivor regions: 43->43(77)
[3238.135s][info][gc,heap        ] GC(329) Old regions: 171->178
[3238.135s][info][gc,heap        ] GC(329) Humongous regions: 33->33
[3238.135s][info][gc,metaspace   ] GC(329) Metaspace: 29977K(30144K)->29977K(30144K) NonClass: 29977K(30144K)->29977K(30144K) Class: 0K(0K)->0K(0K)
[3238.135s][info][gc             ] GC(329) Pause Young (Normal) (G1 Evacuation Pause) 6523M->2011M(8192M) 145.090ms
[3238.135s][info][gc,cpu         ] GC(329) User=1.15s Sys=0.00s Real=0.14s
...... (rIR:aIR:PR = 4843:4845:4845) (tPR = 72108) [OK] 
  3243s: Performance info:
         Transaction,    Success,    Partial,     Failed,   Receipts, AvgBarcode, 
             Overall,     290843,          0,          0,     276283,      59.48, 
         Response times:
             Request,    Success,    Partial,     Failed,   SkipFail,     Probes,    Samples,      min,      p50,      p90,      p95,      p99,      max, 
       TotalPurchase,     276283,          0,          0,          0,     271007,     308467,      400,     3100,     5500,     6300,    35000,   268000,
     InStorePurchase,     145426,          0,          0,          0,     142629,     161673,      400,     3200,     5500,     6400,    34000,   268000,
      OnlinePurchase,     101754,          0,          0,          0,      99971,     114069,      400,     3100,     5500,     6300,    36000,   267000,
        InstPurchase,      29103,          0,          0,          0,      28407,      32725,      400,     3000,     5400,     6300,    33000,   267000,
          AssocOfCat,        287,          0,          0,          0,        233,        323,    21000,    32000,    40000,    47000,    78080,   181000,
      AssocOfProduct,       2915,          0,          0,          0,       2676,       3219,      600,     3500,     5900,     6800,    34000,   268000,
      BusinessReport,        732,          0,          0,          0,        642,        847,    25000,    35000,    47000,    53000,    90000,   214000,
          CustBuyBeh,       2914,          0,          0,          0,       2652,       3156,      200,     3200,     5430,     6300,    34430,   159000,
       ProductReturn,       7712,          0,          0,          0,       7223,       8534,      200,     3400,     5500,     6300,    34000,   157000,

  3243s: (36%)   IR =   4981 .[3245.887s][info][gc,start       ] GC(330) Pause Young (Normal) (G1 Evacuation Pause)
[3245.887s][info][gc,task        ] GC(330) Using 8 workers of 8 for evacuation
[3246.032s][info][gc,phases      ] GC(330)   Pre Evacuate Collection Set: 0.29ms
[3246.032s][info][gc,phases      ] GC(330)   Merge Heap Roots: 0.59ms
[3246.032s][info][gc,phases      ] GC(330)   Evacuate Collection Set: 143.40ms
[3246.032s][info][gc,phases      ] GC(330)   Post Evacuate Collection Set: 1.05ms
[3246.032s][info][gc,phases      ] GC(330)   Other: 0.06ms
[3246.032s][info][gc,heap        ] GC(330) Eden regions: 571->0(572)
[3246.032s][info][gc,heap        ] GC(330) Survivor regions: 43->42(77)
[3246.032s][info][gc,heap        ] GC(330) Old regions: 178->185
[3246.032s][info][gc,heap        ] GC(330) Humongous regions: 33->33
[3246.032s][info][gc,metaspace   ] GC(330) Metaspace: 29977K(30144K)->29977K(30144K) NonClass: 29977K(30144K)->29977K(30144K) Class: 0K(0K)->0K(0K)
[3246.032s][info][gc             ] GC(330) Pause Young (Normal) (G1 Evacuation Pause) 6579M->2062M(8192M) 145.534ms
[3246.032s][info][gc,cpu         ] GC(330) User=1.16s Sys=0.00s Real=0.15s
.....|...[3253.646s][info][gc,start       ] GC(331) Pause Young (Normal) (G1 Evacuation Pause)
[3253.646s][info][gc,task        ] GC(331) Using 8 workers of 8 for evacuation
[3253.792s][info][gc,phases      ] GC(331)   Pre Evacuate Collection Set: 0.25ms
[3253.792s][info][gc,phases      ] GC(331)   Merge Heap Roots: 0.55ms
[3253.792s][info][gc,phases      ] GC(331)   Evacuate Collection Set: 143.36ms
[3253.792s][info][gc,phases      ] GC(331)   Post Evacuate Collection Set: 1.05ms
[3253.792s][info][gc,phases      ] GC(331)   Other: 0.06ms
[3253.792s][info][gc,heap        ] GC(331) Eden regions: 572->0(572)
[3253.792s][info][gc,heap        ] GC(331) Survivor regions: 42->42(77)
[3253.792s][info][gc,heap        ] GC(331) Old regions: 185->192
[3253.792s][info][gc,heap        ] GC(331) Humongous regions: 33->33
[3253.792s][info][gc,metaspace   ] GC(331) Metaspace: 29977K(30144K)->29977K(30144K) NonClass: 29977K(30144K)->29977K(30144K) Class: 0K(0K)->0K(0K)
[3253.792s][info][gc             ] GC(331) Pause Young (Normal) (G1 Evacuation Pause) 6638M->2122M(8192M) 145.402ms
[3253.792s][info][gc,cpu         ] GC(331) User=1.16s Sys=0.00s Real=0.15s
........[3261.353s][info][gc,start       ] GC(332) Pause Young (Normal) (G1 Evacuation Pause)
[3261.353s][info][gc,task        ] GC(332) Using 8 workers of 8 for evacuation
[3261.501s][info][gc,phases      ] GC(332)   Pre Evacuate Collection Set: 0.30ms
[3261.501s][info][gc,phases      ] GC(332)   Merge Heap Roots: 0.66ms
[3261.501s][info][gc,phases      ] GC(332)   Evacuate Collection Set: 145.83ms
[3261.501s][info][gc,phases      ] GC(332)   Post Evacuate Collection Set: 1.05ms
[3261.501s][info][gc,phases      ] GC(332)   Other: 0.07ms
[3261.501s][info][gc,heap        ] GC(332) Eden regions: 572->0(571)
[3261.501s][info][gc,heap        ] GC(332) Survivor regions: 42->43(77)
[3261.501s][info][gc,heap        ] GC(332) Old regions: 192->199
[3261.501s][info][gc,heap        ] GC(332) Humongous regions: 33->33
[3261.501s][info][gc,metaspace   ] GC(332) Metaspace: 29977K(30144K)->29977K(30144K) NonClass: 29977K(30144K)->29977K(30144K) Class: 0K(0K)->0K(0K)
[3261.501s][info][gc             ] GC(332) Pause Young (Normal) (G1 Evacuation Pause) 6698M->2183M(8192M) 148.044ms
[3261.502s][info][gc,cpu         ] GC(332) User=1.18s Sys=0.00s Real=0.15s
........[3269.056s][info][gc,start       ] GC(333) Pause Young (Normal) (G1 Evacuation Pause)
[3269.056s][info][gc,task        ] GC(333) Using 8 workers of 8 for evacuation
[3269.202s][info][gc,phases      ] GC(333)   Pre Evacuate Collection Set: 0.25ms
[3269.202s][info][gc,phases      ] GC(333)   Merge Heap Roots: 0.55ms
[3269.202s][info][gc,phases      ] GC(333)   Evacuate Collection Set: 144.67ms
[3269.202s][info][gc,phases      ] GC(333)   Post Evacuate Collection Set: 1.06ms
[3269.202s][info][gc,phases      ] GC(333)   Other: 0.07ms
[3269.202s][info][gc,heap        ] GC(333) Eden regions: 571->0(571)
[3269.202s][info][gc,heap        ] GC(333) Survivor regions: 43->43(77)
[3269.202s][info][gc,heap        ] GC(333) Old regions: 199->206
[3269.202s][info][gc,heap        ] GC(333) Humongous regions: 33->33
[3269.202s][info][gc,metaspace   ] GC(333) Metaspace: 29977K(30144K)->29977K(30144K) NonClass: 29977K(30144K)->29977K(30144K) Class: 0K(0K)->0K(0K)
[3269.202s][info][gc             ] GC(333) Pause Young (Normal) (G1 Evacuation Pause) 6751M->2239M(8192M) 146.743ms
[3269.202s][info][gc,cpu         ] GC(333) User=1.16s Sys=0.00s Real=0.15s
.......[3276.812s][info][gc,start       ] GC(334) Pause Young (Normal) (G1 Evacuation Pause)
[3276.812s][info][gc,task        ] GC(334) Using 8 workers of 8 for evacuation
[3276.961s][info][gc,phases      ] GC(334)   Pre Evacuate Collection Set: 0.28ms
[3276.961s][info][gc,phases      ] GC(334)   Merge Heap Roots: 0.63ms
[3276.961s][info][gc,phases      ] GC(334)   Evacuate Collection Set: 146.72ms
[3276.961s][info][gc,phases      ] GC(334)   Post Evacuate Collection Set: 1.08ms
[3276.961s][info][gc,phases      ] GC(334)   Other: 0.06ms
[3276.961s][info][gc,heap        ] GC(334) Eden regions: 571->0(571)
[3276.961s][info][gc,heap        ] GC(334) Survivor regions: 43->43(77)
[3276.961s][info][gc,heap        ] GC(334) Old regions: 206->213
[3276.961s][info][gc,heap        ] GC(334) Humongous regions: 33->33
[3276.961s][info][gc,metaspace   ] GC(334) Metaspace: 29977K(30144K)->29977K(30144K) NonClass: 29977K(30144K)->29977K(30144K) Class: 0K(0K)->0K(0K)
[3276.961s][info][gc             ] GC(334) Pause Young (Normal) (G1 Evacuation Pause) 6807M->2294M(8192M) 148.904ms
[3276.961s][info][gc,cpu         ] GC(334) User=1.18s Sys=0.00s Real=0.15s
........[3284.495s][info][gc,start       ] GC(335) Pause Young (Normal) (G1 Evacuation Pause)
[3284.495s][info][gc,task        ] GC(335) Using 8 workers of 8 for evacuation
[3284.641s][info][gc,phases      ] GC(335)   Pre Evacuate Collection Set: 0.28ms
[3284.641s][info][gc,phases      ] GC(335)   Merge Heap Roots: 0.55ms
[3284.641s][info][gc,phases      ] GC(335)   Evacuate Collection Set: 143.73ms
[3284.641s][info][gc,phases      ] GC(335)   Post Evacuate Collection Set: 1.05ms
[3284.641s][info][gc,phases      ] GC(335)   Other: 0.06ms
[3284.641s][info][gc,heap        ] GC(335) Eden regions: 571->0(571)
[3284.641s][info][gc,heap        ] GC(335) Survivor regions: 43->43(77)
[3284.641s][info][gc,heap        ] GC(335) Old regions: 213->220
[3284.641s][info][gc,heap        ] GC(335) Humongous regions: 33->33
[3284.641s][info][gc,metaspace   ] GC(335) Metaspace: 29977K(30144K)->29977K(30144K) NonClass: 29977K(30144K)->29977K(30144K) Class: 0K(0K)->0K(0K)
[3284.641s][info][gc             ] GC(335) Pause Young (Normal) (G1 Evacuation Pause) 6862M->2350M(8192M) 145.810ms
[3284.641s][info][gc,cpu         ] GC(335) User=1.16s Sys=0.00s Real=0.15s
........[3292.295s][info][gc,start       ] GC(336) Pause Young (Normal) (G1 Evacuation Pause)
[3292.295s][info][gc,task        ] GC(336) Using 8 workers of 8 for evacuation
[3292.441s][info][gc,phases      ] GC(336)   Pre Evacuate Collection Set: 0.26ms
[3292.441s][info][gc,phases      ] GC(336)   Merge Heap Roots: 0.61ms
[3292.441s][info][gc,phases      ] GC(336)   Evacuate Collection Set: 143.72ms
[3292.441s][info][gc,phases      ] GC(336)   Post Evacuate Collection Set: 1.06ms
[3292.441s][info][gc,phases      ] GC(336)   Other: 0.07ms
[3292.441s][info][gc,heap        ] GC(336) Eden regions: 571->0(572)
[3292.441s][info][gc,heap        ] GC(336) Survivor regions: 43->42(77)
[3292.441s][info][gc,heap        ] GC(336) Old regions: 220->227
[3292.441s][info][gc,heap        ] GC(336) Humongous regions: 33->33
[3292.441s][info][gc,metaspace   ] GC(336) Metaspace: 29977K(30144K)->29977K(30144K) NonClass: 29977K(30144K)->29977K(30144K) Class: 0K(0K)->0K(0K)
[3292.441s][info][gc             ] GC(336) Pause Young (Normal) (G1 Evacuation Pause) 6918M->2402M(8192M) 145.839ms
[3292.441s][info][gc,cpu         ] GC(336) User=1.16s Sys=0.00s Real=0.15s
.......[3299.995s][info][gc,start       ] GC(337) Pause Young (Normal) (G1 Evacuation Pause)
[3299.995s][info][gc,task        ] GC(337) Using 8 workers of 8 for evacuation
[3300.141s][info][gc,phases      ] GC(337)   Pre Evacuate Collection Set: 0.25ms
[3300.141s][info][gc,phases      ] GC(337)   Merge Heap Roots: 0.56ms
[3300.141s][info][gc,phases      ] GC(337)   Evacuate Collection Set: 143.62ms
[3300.141s][info][gc,phases      ] GC(337)   Post Evacuate Collection Set: 1.02ms
[3300.141s][info][gc,phases      ] GC(337)   Other: 0.07ms
[3300.141s][info][gc,heap        ] GC(337) Eden regions: 572->0(571)
[3300.141s][info][gc,heap        ] GC(337) Survivor regions: 42->43(77)
[3300.141s][info][gc,heap        ] GC(337) Old regions: 227->234
[3300.141s][info][gc,heap        ] GC(337) Humongous regions: 33->33
[3300.141s][info][gc,metaspace   ] GC(337) Metaspace: 29977K(30144K)->29977K(30144K) NonClass: 29977K(30144K)->29977K(30144K) Class: 0K(0K)->0K(0K)
[3300.141s][info][gc             ] GC(337) Pause Young (Normal) (G1 Evacuation Pause) 6978M->2465M(8192M) 145.645ms
[3300.141s][info][gc,cpu         ] GC(337) User=1.16s Sys=0.00s Real=0.15s
........[3307.735s][info][gc,start       ] GC(338) Pause Young (Normal) (G1 Evacuation Pause)
[3307.735s][info][gc,task        ] GC(338) Using 8 workers of 8 for evacuation
[3307.883s][info][gc,phases      ] GC(338)   Pre Evacuate Collection Set: 0.26ms
[3307.883s][info][gc,phases      ] GC(338)   Merge Heap Roots: 0.56ms
[3307.883s][info][gc,phases      ] GC(338)   Evacuate Collection Set: 146.20ms
[3307.883s][info][gc,phases      ] GC(338)   Post Evacuate Collection Set: 1.04ms
[3307.883s][info][gc,phases      ] GC(338)   Other: 0.06ms
[3307.883s][info][gc,heap        ] GC(338) Eden regions: 571->0(570)
[3307.883s][info][gc,heap        ] GC(338) Survivor regions: 43->44(77)
[3307.883s][info][gc,heap        ] GC(338) Old regions: 234->241
[3307.883s][info][gc,heap        ] GC(338) Humongous regions: 33->33
[3307.883s][info][gc,metaspace   ] GC(338) Metaspace: 29977K(30144K)->29977K(30144K) NonClass: 29977K(30144K)->29977K(30144K) Class: 0K(0K)->0K(0K)
[3307.883s][info][gc             ] GC(338) Pause Young (Normal) (G1 Evacuation Pause) 7033M->2523M(8192M) 148.254ms
[3307.883s][info][gc,cpu         ] GC(338) User=1.17s Sys=0.00s Real=0.15s
... (rIR:aIR:PR = 4981:4980:4980) (tPR = 73937) [OK] 
  3310s: Performance info:
         Transaction,    Success,    Partial,     Failed,   Receipts, AvgBarcode, 
             Overall,     299388,          0,          0,     284427,      59.47, 
         Response times:
             Request,    Success,    Partial,     Failed,   SkipFail,     Probes,    Samples,      min,      p50,      p90,      p95,      p99,      max, 
       TotalPurchase,     284426,          0,          0,          0,     278809,     308375,      300,     3200,     5700,     6600,    33000,   162000,
     InStorePurchase,     149705,          0,          0,          0,     147099,     162394,      400,     3200,     5700,     6600,    32000,   162000,
      OnlinePurchase,     104777,          0,          0,          0,     102861,     113735,      300,     3300,     5700,     6700,    33000,   157000,
        InstPurchase,      29944,          0,          0,          0,      28849,      32246,      500,     3000,     5600,     6600,    35530,   156000,
          AssocOfCat,        303,          0,          0,          0,        230,        321,    21000,    33000,    42000,    47900,    58680,    78000,
      AssocOfProduct,       2985,          0,          0,          0,       2755,       3205,      700,     3400,     6140,     7100,    32940,   156000,
      BusinessReport,        751,          0,          0,          0,        618,        763,    26000,    36000,    50000,    57800,    98720,   204000,
          CustBuyBeh,       2995,          0,          0,          0,       2757,       3257,      200,     3500,     5700,     6600,    29420,   155000,
       ProductReturn,       7928,          0,          0,          0,       7510,       8602,      200,     3400,     5700,     6600,    31970,   156000,

  3310s: (37%)   IR =   5120 ....|.[3315.216s][info][gc,start       ] GC(339) Pause Young (Normal) (G1 Evacuation Pause)
[3315.216s][info][gc,task        ] GC(339) Using 8 workers of 8 for evacuation
[3315.361s][info][gc,phases      ] GC(339)   Pre Evacuate Collection Set: 0.26ms
[3315.361s][info][gc,phases      ] GC(339)   Merge Heap Roots: 0.54ms
[3315.361s][info][gc,phases      ] GC(339)   Evacuate Collection Set: 143.45ms
[3315.361s][info][gc,phases      ] GC(339)   Post Evacuate Collection Set: 1.04ms
[3315.361s][info][gc,phases      ] GC(339)   Other: 0.07ms
[3315.361s][info][gc,heap        ] GC(339) Eden regions: 570->0(571)
[3315.361s][info][gc,heap        ] GC(339) Survivor regions: 44->43(77)
[3315.361s][info][gc,heap        ] GC(339) Old regions: 241->248
[3315.361s][info][gc,heap        ] GC(339) Humongous regions: 33->33
[3315.361s][info][gc,metaspace   ] GC(339) Metaspace: 29977K(30144K)->29977K(30144K) NonClass: 29977K(30144K)->29977K(30144K) Class: 0K(0K)->0K(0K)
[3315.361s][info][gc             ] GC(339) Pause Young (Normal) (G1 Evacuation Pause) 7083M->2573M(8192M) 145.500ms
[3315.361s][info][gc,cpu         ] GC(339) User=1.15s Sys=0.00s Real=0.15s
.......[3322.812s][info][gc,start       ] GC(340) Pause Young (Normal) (G1 Evacuation Pause)
[3322.812s][info][gc,task        ] GC(340) Using 8 workers of 8 for evacuation
[3322.957s][info][gc,phases      ] GC(340)   Pre Evacuate Collection Set: 0.25ms
[3322.957s][info][gc,phases      ] GC(340)   Merge Heap Roots: 0.54ms
[3322.957s][info][gc,phases      ] GC(340)   Evacuate Collection Set: 143.45ms
[3322.957s][info][gc,phases      ] GC(340)   Post Evacuate Collection Set: 1.07ms
[3322.957s][info][gc,phases      ] GC(340)   Other: 0.07ms
[3322.957s][info][gc,heap        ] GC(340) Eden regions: 571->0(571)
[3322.957s][info][gc,heap        ] GC(340) Survivor regions: 43->43(77)
[3322.957s][info][gc,heap        ] GC(340) Old regions: 248->255
[3322.957s][info][gc,heap        ] GC(340) Humongous regions: 33->33
[3322.957s][info][gc,metaspace   ] GC(340) Metaspace: 29977K(30144K)->29977K(30144K) NonClass: 29977K(30144K)->29977K(30144K) Class: 0K(0K)->0K(0K)
[3322.957s][info][gc             ] GC(340) Pause Young (Normal) (G1 Evacuation Pause) 7141M->2630M(8192M) 145.518ms
[3322.957s][info][gc,cpu         ] GC(340) User=1.15s Sys=0.01s Real=0.15s
........[3330.269s][info][gc,start       ] GC(341) Pause Young (Normal) (G1 Evacuation Pause)
[3330.269s][info][gc,task        ] GC(341) Using 8 workers of 8 for evacuation
[3330.416s][info][gc,phases      ] GC(341)   Pre Evacuate Collection Set: 0.25ms
[3330.417s][info][gc,phases      ] GC(341)   Merge Heap Roots: 0.54ms
[3330.417s][info][gc,phases      ] GC(341)   Evacuate Collection Set: 145.68ms
[3330.417s][info][gc,phases      ] GC(341)   Post Evacuate Collection Set: 1.09ms
[3330.417s][info][gc,phases      ] GC(341)   Other: 0.07ms
[3330.417s][info][gc,heap        ] GC(341) Eden regions: 571->0(571)
[3330.417s][info][gc,heap        ] GC(341) Survivor regions: 43->43(77)
[3330.417s][info][gc,heap        ] GC(341) Old regions: 255->262
[3330.417s][info][gc,heap        ] GC(341) Humongous regions: 33->33
[3330.417s][info][gc,metaspace   ] GC(341) Metaspace: 29977K(30144K)->29977K(30144K) NonClass: 29977K(30144K)->29977K(30144K) Class: 0K(0K)->0K(0K)
[3330.417s][info][gc             ] GC(341) Pause Young (Normal) (G1 Evacuation Pause) 7198M->2691M(8192M) 147.769ms
[3330.417s][info][gc,cpu         ] GC(341) User=1.17s Sys=0.00s Real=0.14s
.......[3337.806s][info][gc,start       ] GC(342) Pause Young (Normal) (G1 Evacuation Pause)
[3337.806s][info][gc,task        ] GC(342) Using 8 workers of 8 for evacuation
[3337.951s][info][gc,phases      ] GC(342)   Pre Evacuate Collection Set: 0.28ms
[3337.951s][info][gc,phases      ] GC(342)   Merge Heap Roots: 0.62ms
[3337.951s][info][gc,phases      ] GC(342)   Evacuate Collection Set: 143.08ms
[3337.951s][info][gc,phases      ] GC(342)   Post Evacuate Collection Set: 1.08ms
[3337.951s][info][gc,phases      ] GC(342)   Other: 0.07ms
[3337.951s][info][gc,heap        ] GC(342) Eden regions: 571->0(572)
[3337.951s][info][gc,heap        ] GC(342) Survivor regions: 43->42(77)
[3337.951s][info][gc,heap        ] GC(342) Old regions: 262->269
[3337.951s][info][gc,heap        ] GC(342) Humongous regions: 33->33
[3337.951s][info][gc,metaspace   ] GC(342) Metaspace: 29977K(30144K)->29977K(30144K) NonClass: 29977K(30144K)->29977K(30144K) Class: 0K(0K)->0K(0K)
[3337.951s][info][gc             ] GC(342) Pause Young (Normal) (G1 Evacuation Pause) 7259M->2739M(8192M) 145.271ms
[3337.951s][info][gc,cpu         ] GC(342) User=1.15s Sys=0.00s Real=0.15s
........[3345.306s][info][gc,start       ] GC(343) Pause Young (Normal) (G1 Evacuation Pause)
[3345.306s][info][gc,task        ] GC(343) Using 8 workers of 8 for evacuation
[3345.453s][info][gc,phases      ] GC(343)   Pre Evacuate Collection Set: 0.29ms
[3345.453s][info][gc,phases      ] GC(343)   Merge Heap Roots: 0.57ms
[3345.453s][info][gc,phases      ] GC(343)   Evacuate Collection Set: 144.11ms
[3345.453s][info][gc,phases      ] GC(343)   Post Evacuate Collection Set: 1.09ms
[3345.453s][info][gc,phases      ] GC(343)   Other: 0.06ms
[3345.453s][info][gc,heap        ] GC(343) Eden regions: 572->0(571)
[3345.453s][info][gc,heap        ] GC(343) Survivor regions: 42->43(77)
[3345.453s][info][gc,heap        ] GC(343) Old regions: 269->276
[3345.453s][info][gc,heap        ] GC(343) Humongous regions: 33->33
[3345.453s][info][gc,metaspace   ] GC(343) Metaspace: 29977K(30144K)->29977K(30144K) NonClass: 29977K(30144K)->29977K(30144K) Class: 0K(0K)->0K(0K)
[3345.453s][info][gc             ] GC(343) Pause Young (Normal) (G1 Evacuation Pause) 7315M->2803M(8192M) 146.240ms
[3345.453s][info][gc,cpu         ] GC(343) User=1.16s Sys=0.00s Real=0.15s
.......[3352.846s][info][gc,start       ] GC(344) Pause Young (Normal) (G1 Evacuation Pause)
[3352.846s][info][gc,task        ] GC(344) Using 8 workers of 8 for evacuation
[3352.994s][info][gc,phases      ] GC(344)   Pre Evacuate Collection Set: 0.25ms
[3352.994s][info][gc,phases      ] GC(344)   Merge Heap Roots: 0.55ms
[3352.994s][info][gc,phases      ] GC(344)   Evacuate Collection Set: 146.09ms
[3352.994s][info][gc,phases      ] GC(344)   Post Evacuate Collection Set: 1.06ms
[3352.994s][info][gc,phases      ] GC(344)   Other: 0.08ms
[3352.994s][info][gc,heap        ] GC(344) Eden regions: 571->0(570)
[3352.994s][info][gc,heap        ] GC(344) Survivor regions: 43->43(77)
[3352.994s][info][gc,heap        ] GC(344) Old regions: 276->283
[3352.994s][info][gc,heap        ] GC(344) Humongous regions: 33->33
[3352.994s][info][gc,metaspace   ] GC(344) Metaspace: 29977K(30144K)->29977K(30144K) NonClass: 29977K(30144K)->29977K(30144K) Class: 0K(0K)->0K(0K)
[3352.994s][info][gc             ] GC(344) Pause Young (Normal) (G1 Evacuation Pause) 7371M->2858M(8192M) 148.180ms
[3352.994s][info][gc,cpu         ] GC(344) User=1.17s Sys=0.01s Real=0.15s
........[3360.340s][info][gc,start       ] GC(345) Pause Young (Normal) (G1 Evacuation Pause)
[3360.340s][info][gc,task        ] GC(345) Using 8 workers of 8 for evacuation
[3360.489s][info][gc,phases      ] GC(345)   Pre Evacuate Collection Set: 0.25ms
[3360.489s][info][gc,phases      ] GC(345)   Merge Heap Roots: 0.67ms
[3360.489s][info][gc,phases      ] GC(345)   Evacuate Collection Set: 147.60ms
[3360.489s][info][gc,phases      ] GC(345)   Post Evacuate Collection Set: 1.04ms
[3360.489s][info][gc,phases      ] GC(345)   Other: 0.07ms
[3360.489s][info][gc,heap        ] GC(345) Eden regions: 570->0(563)
[3360.489s][info][gc,heap        ] GC(345) Survivor regions: 43->43(77)
[3360.489s][info][gc,heap        ] GC(345) Old regions: 283->290
[3360.489s][info][gc,heap        ] GC(345) Humongous regions: 33->33
[3360.489s][info][gc,metaspace   ] GC(345) Metaspace: 29977K(30144K)->29977K(30144K) NonClass: 29977K(30144K)->29977K(30144K) Class: 0K(0K)->0K(0K)
[3360.489s][info][gc             ] GC(345) Pause Young (Normal) (G1 Evacuation Pause) 7418M->2915M(8192M) 149.760ms
[3360.489s][info][gc,cpu         ] GC(345) User=1.19s Sys=0.00s Real=0.15s
.......[3367.678s][info][gc,start       ] GC(346) Pause Young (Normal) (G1 Evacuation Pause)
[3367.678s][info][gc,task        ] GC(346) Using 8 workers of 8 for evacuation
[3367.821s][info][gc,phases      ] GC(346)   Pre Evacuate Collection Set: 0.25ms
[3367.821s][info][gc,phases      ] GC(346)   Merge Heap Roots: 0.57ms
[3367.821s][info][gc,phases      ] GC(346)   Evacuate Collection Set: 141.75ms
[3367.821s][info][gc,phases      ] GC(346)   Post Evacuate Collection Set: 1.04ms
[3367.821s][info][gc,phases      ] GC(346)   Other: 0.07ms
[3367.821s][info][gc,heap        ] GC(346) Eden regions: 563->0(558)
[3367.821s][info][gc,heap        ] GC(346) Survivor regions: 43->42(76)
[3367.821s][info][gc,heap        ] GC(346) Old regions: 290->297
[3367.821s][info][gc,heap        ] GC(346) Humongous regions: 33->33
[3367.821s][info][gc,metaspace   ] GC(346) Metaspace: 29977K(30144K)->29977K(30144K) NonClass: 29977K(30144K)->29977K(30144K) Class: 0K(0K)->0K(0K)
[3367.821s][info][gc             ] GC(346) Pause Young (Normal) (G1 Evacuation Pause) 7419M->2963M(8192M) 143.809ms
[3367.821s][info][gc,cpu         ] GC(346) User=1.13s Sys=0.01s Real=0.14s
....... (rIR:aIR:PR = 5120:5119:5119) (tPR = 75687) [OK] 
  3374s: Performance info:
         Transaction,    Success,    Partial,     Failed,   Receipts, AvgBarcode, 
             Overall,     307288,          0,          0,     291938,      59.47, 
         Response times:
             Request,    Success,    Partial,     Failed,   SkipFail,     Probes,    Samples,      min,      p50,      p90,      p95,      p99,      max, 
       TotalPurchase,     291938,          0,          0,          0,     286492,     306685,      300,     3300,     5800,     6600,    29000,   245000,
     InStorePurchase,     153682,          0,          0,          0,     150998,     161153,      300,     3200,     5700,     6600,    28000,   199000,
      OnlinePurchase,     107528,          0,          0,          0,     105727,     113258,      400,     3400,     5800,     6600,    30000,   245000,
        InstPurchase,      30728,          0,          0,          0,      29767,      32274,      500,     3200,     5800,     6600,    26000,   244000,
          AssocOfCat,        306,          0,          0,          0,        251,        331,    22000,    34000,    41800,    46800,    94480,   200000,
      AssocOfProduct,       3074,          0,          0,          0,       2838,       3242,      600,     3900,     6300,     7100,    27000,   152000,
      BusinessReport,        766,          0,          0,          0,        642,        769,    26000,    35000,    49000,    54000,    97300,   221000,
          CustBuyBeh,       3060,          0,          0,          0,       2841,       3238,      200,     3700,     6100,     7100,    34610,   156000,
       ProductReturn,       8144,          0,          0,          0,       7721,       8542,      200,     3500,     5900,     6800,    27000,   198000,

  3374s: (38%)   IR =   5258 [3375.071s][info][gc,start       ] GC(347) Pause Young (Normal) (G1 Evacuation Pause)
[3375.071s][info][gc,task        ] GC(347) Using 8 workers of 8 for evacuation
[3375.217s][info][gc,phases      ] GC(347)   Pre Evacuate Collection Set: 0.24ms
[3375.217s][info][gc,phases      ] GC(347)   Merge Heap Roots: 0.55ms
[3375.217s][info][gc,phases      ] GC(347)   Evacuate Collection Set: 143.54ms
[3375.217s][info][gc,phases      ] GC(347)   Post Evacuate Collection Set: 1.04ms
[3375.217s][info][gc,phases      ] GC(347)   Other: 0.06ms
[3375.217s][info][gc,heap        ] GC(347) Eden regions: 558->0(551)
[3375.217s][info][gc,heap        ] GC(347) Survivor regions: 42->42(75)
[3375.217s][info][gc,heap        ] GC(347) Old regions: 297->304
[3375.217s][info][gc,heap        ] GC(347) Humongous regions: 33->33
[3375.217s][info][gc,metaspace   ] GC(347) Metaspace: 29977K(30144K)->29977K(30144K) NonClass: 29977K(30144K)->29977K(30144K) Class: 0K(0K)->0K(0K)
[3375.217s][info][gc             ] GC(347) Pause Young (Normal) (G1 Evacuation Pause) 7427M->3015M(8192M) 145.561ms
[3375.217s][info][gc,cpu         ] GC(347) User=1.15s Sys=0.00s Real=0.14s
.....|..[3382.106s][info][gc,start       ] GC(348) Pause Young (Normal) (G1 Evacuation Pause)
[3382.106s][info][gc,task        ] GC(348) Using 8 workers of 8 for evacuation
[3382.251s][info][gc,phases      ] GC(348)   Pre Evacuate Collection Set: 0.23ms
[3382.251s][info][gc,phases      ] GC(348)   Merge Heap Roots: 0.55ms
[3382.251s][info][gc,phases      ] GC(348)   Evacuate Collection Set: 143.22ms
[3382.251s][info][gc,phases      ] GC(348)   Post Evacuate Collection Set: 1.05ms
[3382.251s][info][gc,phases      ] GC(348)   Other: 0.06ms
[3382.251s][info][gc,heap        ] GC(348) Eden regions: 551->0(544)
[3382.251s][info][gc,heap        ] GC(348) Survivor regions: 42->42(75)
[3382.251s][info][gc,heap        ] GC(348) Old regions: 304->311
[3382.251s][info][gc,heap        ] GC(348) Humongous regions: 33->33
[3382.251s][info][gc,metaspace   ] GC(348) Metaspace: 29977K(30144K)->29977K(30144K) NonClass: 29977K(30144K)->29977K(30144K) Class: 0K(0K)->0K(0K)
[3382.251s][info][gc             ] GC(348) Pause Young (Normal) (G1 Evacuation Pause) 7423M->3070M(8192M) 145.242ms
[3382.251s][info][gc,cpu         ] GC(348) User=1.15s Sys=0.00s Real=0.15s
.......[3389.125s][info][gc,start       ] GC(349) Pause Young (Normal) (G1 Evacuation Pause)
[3389.125s][info][gc,task        ] GC(349) Using 8 workers of 8 for evacuation
[3389.269s][info][gc,phases      ] GC(349)   Pre Evacuate Collection Set: 0.24ms
[3389.269s][info][gc,phases      ] GC(349)   Merge Heap Roots: 0.55ms
[3389.269s][info][gc,phases      ] GC(349)   Evacuate Collection Set: 142.64ms
[3389.269s][info][gc,phases      ] GC(349)   Post Evacuate Collection Set: 1.06ms
[3389.269s][info][gc,phases      ] GC(349)   Other: 0.07ms
[3389.269s][info][gc,heap        ] GC(349) Eden regions: 544->0(536)
[3389.269s][info][gc,heap        ] GC(349) Survivor regions: 42->42(74)
[3389.269s][info][gc,heap        ] GC(349) Old regions: 311->319
[3389.269s][info][gc,heap        ] GC(349) Humongous regions: 33->33
[3389.269s][info][gc,metaspace   ] GC(349) Metaspace: 29977K(30144K)->29977K(30144K) NonClass: 29977K(30144K)->29977K(30144K) Class: 0K(0K)->0K(0K)
[3389.269s][info][gc             ] GC(349) Pause Young (Normal) (G1 Evacuation Pause) 7422M->3130M(8192M) 144.708ms
[3389.269s][info][gc,cpu         ] GC(349) User=1.14s Sys=0.00s Real=0.15s
.......[3395.899s][info][gc,start       ] GC(350) Pause Young (Concurrent Start) (G1 Evacuation Pause)
[3395.899s][info][gc,task        ] GC(350) Using 8 workers of 8 for evacuation
[3396.041s][info][gc,phases      ] GC(350)   Pre Evacuate Collection Set: 0.31ms
[3396.041s][info][gc,phases      ] GC(350)   Merge Heap Roots: 0.51ms
[3396.041s][info][gc,phases      ] GC(350)   Evacuate Collection Set: 139.84ms
[3396.041s][info][gc,phases      ] GC(350)   Post Evacuate Collection Set: 1.01ms
[3396.041s][info][gc,phases      ] GC(350)   Other: 0.07ms
[3396.041s][info][gc,heap        ] GC(350) Eden regions: 536->0(531)
[3396.041s][info][gc,heap        ] GC(350) Survivor regions: 42->41(73)
[3396.041s][info][gc,heap        ] GC(350) Old regions: 319->326
[3396.041s][info][gc,heap        ] GC(350) Humongous regions: 33->33
[3396.041s][info][gc,metaspace   ] GC(350) Metaspace: 29977K(30144K)->29977K(30144K) NonClass: 29977K(30144K)->29977K(30144K) Class: 0K(0K)->0K(0K)
[3396.041s][info][gc             ] GC(350) Pause Young (Concurrent Start) (G1 Evacuation Pause) 7418M->3181M(8192M) 141.876ms
[3396.041s][info][gc             ] GC(351) Concurrent Mark Cycle
[3396.041s][info][gc,marking     ] GC(351) Concurrent Scan Root Regions
[3396.041s][info][gc,cpu         ] GC(350) User=1.12s Sys=0.00s Real=0.14s
.[3396.325s][info][gc,marking     ] GC(351) Concurrent Scan Root Regions 284.677ms
[3396.325s][info][gc,marking     ] GC(351) Concurrent Mark
[3396.325s][info][gc,marking     ] GC(351) Concurrent Mark From Roots
[3396.325s][info][gc,task        ] GC(351) Using 2 workers of 2 for marking
[3396.894s][info][gc,marking     ] GC(351) Concurrent Mark From Roots 568.225ms
[3396.894s][info][gc,marking     ] GC(351) Concurrent Preclean
[3396.894s][info][gc,marking     ] GC(351) Concurrent Preclean 0.130ms
[3396.894s][info][gc,start       ] GC(351) Pause Remark
[3396.896s][info][gc             ] GC(351) Pause Remark 3809M->3225M(8192M) 1.846ms
[3396.896s][info][gc,cpu         ] GC(351) User=0.01s Sys=0.00s Real=0.00s
[3396.896s][info][gc,marking     ] GC(351) Concurrent Mark 570.437ms
[3396.896s][info][gc,marking     ] GC(351) Concurrent Rebuild Remembered Sets and Scrub Regions
[3397.235s][info][gc,marking     ] GC(351) Concurrent Rebuild Remembered Sets and Scrub Regions 338.754ms
[3397.235s][info][gc,start       ] GC(351) Pause Cleanup
[3397.235s][info][gc             ] GC(351) Pause Cleanup 3425M->3425M(8192M) 0.249ms
[3397.235s][info][gc,cpu         ] GC(351) User=0.00s Sys=0.00s Real=0.00s
[3397.235s][info][gc,marking     ] GC(351) Concurrent Clear Claimed Marks
[3397.235s][info][gc,marking     ] GC(351) Concurrent Clear Claimed Marks 0.046ms
[3397.235s][info][gc,marking     ] GC(351) Concurrent Cleanup for Next Mark
[3397.242s][info][gc,marking     ] GC(351) Concurrent Cleanup for Next Mark 6.651ms
[3397.242s][info][gc             ] GC(351) Concurrent Mark Cycle 1201.139ms
......[3402.687s][info][gc,start       ] GC(352) Pause Young (Prepare Mixed) (G1 Evacuation Pause)
[3402.687s][info][gc,task        ] GC(352) Using 8 workers of 8 for evacuation
[3402.829s][info][gc,phases      ] GC(352)   Pre Evacuate Collection Set: 0.24ms
[3402.829s][info][gc,phases      ] GC(352)   Merge Heap Roots: 0.76ms
[3402.829s][info][gc,phases      ] GC(352)   Evacuate Collection Set: 139.73ms
[3402.829s][info][gc,phases      ] GC(352)   Post Evacuate Collection Set: 1.09ms
[3402.829s][info][gc,phases      ] GC(352)   Other: 0.07ms
[3402.829s][info][gc,heap        ] GC(352) Eden regions: 531->0(573)
[3402.829s][info][gc,heap        ] GC(352) Survivor regions: 41->41(72)
[3402.829s][info][gc,heap        ] GC(352) Old regions: 253->261
[3402.829s][info][gc,heap        ] GC(352) Humongous regions: 33->33
[3402.829s][info][gc,metaspace   ] GC(352) Metaspace: 29977K(30144K)->29977K(30144K) NonClass: 29977K(30144K)->29977K(30144K) Class: 0K(0K)->0K(0K)
[3402.829s][info][gc             ] GC(352) Pause Young (Prepare Mixed) (G1 Evacuation Pause) 6845M->2658M(8192M) 142.017ms
[3402.829s][info][gc,cpu         ] GC(352) User=1.12s Sys=0.00s Real=0.14s
.......[3410.020s][info][gc,start       ] GC(353) Pause Young (Mixed) (G1 Evacuation Pause)
[3410.020s][info][gc,task        ] GC(353) Using 8 workers of 8 for evacuation
[3410.170s][info][gc,phases      ] GC(353)   Pre Evacuate Collection Set: 0.28ms
[3410.170s][info][gc,phases      ] GC(353)   Merge Heap Roots: 0.86ms
[3410.170s][info][gc,phases      ] GC(353)   Evacuate Collection Set: 147.13ms
[3410.170s][info][gc,phases      ] GC(353)   Post Evacuate Collection Set: 1.28ms
[3410.170s][info][gc,phases      ] GC(353)   Other: 0.07ms
[3410.170s][info][gc,heap        ] GC(353) Eden regions: 573->0(566)
[3410.170s][info][gc,heap        ] GC(353) Survivor regions: 41->48(77)
[3410.170s][info][gc,heap        ] GC(353) Old regions: 261->159
[3410.170s][info][gc,heap        ] GC(353) Humongous regions: 33->33
[3410.170s][info][gc,metaspace   ] GC(353) Metaspace: 29977K(30144K)->29977K(30144K) NonClass: 29977K(30144K)->29977K(30144K) Class: 0K(0K)->0K(0K)
[3410.170s][info][gc             ] GC(353) Pause Young (Mixed) (G1 Evacuation Pause) 7242M->1903M(8192M) 149.788ms
[3410.170s][info][gc,cpu         ] GC(353) User=1.19s Sys=0.00s Real=0.15s
.......[3417.301s][info][gc,start       ] GC(354) Pause Young (Mixed) (G1 Evacuation Pause)
[3417.301s][info][gc,task        ] GC(354) Using 8 workers of 8 for evacuation
[3417.463s][info][gc,phases      ] GC(354)   Pre Evacuate Collection Set: 0.28ms
[3417.463s][info][gc,phases      ] GC(354)   Merge Heap Roots: 0.97ms
[3417.463s][info][gc,phases      ] GC(354)   Evacuate Collection Set: 158.49ms
[3417.463s][info][gc,phases      ] GC(354)   Post Evacuate Collection Set: 1.11ms
[3417.463s][info][gc,phases      ] GC(354)   Other: 0.57ms
[3417.463s][info][gc,heap        ] GC(354) Eden regions: 566->0(571)
[3417.463s][info][gc,heap        ] GC(354) Survivor regions: 48->43(77)
[3417.463s][info][gc,heap        ] GC(354) Old regions: 159->140
[3417.463s][info][gc,heap        ] GC(354) Humongous regions: 33->33
[3417.463s][info][gc,metaspace   ] GC(354) Metaspace: 29977K(30144K)->29977K(30144K) NonClass: 29977K(30144K)->29977K(30144K) Class: 0K(0K)->0K(0K)
[3417.463s][info][gc             ] GC(354) Pause Young (Mixed) (G1 Evacuation Pause) 6431M->1707M(8192M) 161.543ms
[3417.463s][info][gc,cpu         ] GC(354) User=1.28s Sys=0.00s Real=0.16s
........[3424.593s][info][gc,start       ] GC(355) Pause Young (Normal) (G1 Evacuation Pause)
[3424.593s][info][gc,task        ] GC(355) Using 8 workers of 8 for evacuation
[3424.740s][info][gc,phases      ] GC(355)   Pre Evacuate Collection Set: 0.27ms
[3424.740s][info][gc,phases      ] GC(355)   Merge Heap Roots: 0.57ms
[3424.740s][info][gc,phases      ] GC(355)   Evacuate Collection Set: 145.36ms
[3424.740s][info][gc,phases      ] GC(355)   Post Evacuate Collection Set: 1.07ms
[3424.740s][info][gc,phases      ] GC(355)   Other: 0.06ms
[3424.740s][info][gc,heap        ] GC(355) Eden regions: 571->0(571)
[3424.740s][info][gc,heap        ] GC(355) Survivor regions: 43->43(77)
[3424.740s][info][gc,heap        ] GC(355) Old regions: 140->147
[3424.740s][info][gc,heap        ] GC(355) Humongous regions: 33->33
[3424.740s][info][gc,metaspace   ] GC(355) Metaspace: 29977K(30144K)->29977K(30144K) NonClass: 29977K(30144K)->29977K(30144K) Class: 0K(0K)->0K(0K)
[3424.740s][info][gc             ] GC(355) Pause Young (Normal) (G1 Evacuation Pause) 6275M->1769M(8192M) 147.455ms
[3424.740s][info][gc,cpu         ] GC(355) User=1.17s Sys=0.00s Real=0.15s
.......[3431.869s][info][gc,start       ] GC(356) Pause Young (Normal) (G1 Evacuation Pause)
[3431.869s][info][gc,task        ] GC(356) Using 8 workers of 8 for evacuation
[3432.020s][info][gc,phases      ] GC(356)   Pre Evacuate Collection Set: 0.27ms
[3432.020s][info][gc,phases      ] GC(356)   Merge Heap Roots: 0.59ms
[3432.020s][info][gc,phases      ] GC(356)   Evacuate Collection Set: 149.47ms
[3432.020s][info][gc,phases      ] GC(356)   Post Evacuate Collection Set: 1.06ms
[3432.020s][info][gc,phases      ] GC(356)   Other: 0.06ms
[3432.020s][info][gc,heap        ] GC(356) Eden regions: 571->0(570)
[3432.020s][info][gc,heap        ] GC(356) Survivor regions: 43->44(77)
[3432.020s][info][gc,heap        ] GC(356) Old regions: 147->154
[3432.020s][info][gc,heap        ] GC(356) Humongous regions: 33->33
[3432.020s][info][gc,metaspace   ] GC(356) Metaspace: 29977K(30144K)->29977K(30144K) NonClass: 29977K(30144K)->29977K(30144K) Class: 0K(0K)->0K(0K)
[3432.020s][info][gc             ] GC(356) Pause Young (Normal) (G1 Evacuation Pause) 6337M->1829M(8192M) 151.608ms
[3432.020s][info][gc,cpu         ] GC(356) User=1.20s Sys=0.00s Real=0.15s
.......[3439.168s][info][gc,start       ] GC(357) Pause Young (Normal) (G1 Evacuation Pause)
[3439.169s][info][gc,task        ] GC(357) Using 8 workers of 8 for evacuation
[3439.314s][info][gc,phases      ] GC(357)   Pre Evacuate Collection Set: 0.25ms
[3439.314s][info][gc,phases      ] GC(357)   Merge Heap Roots: 0.56ms
[3439.314s][info][gc,phases      ] GC(357)   Evacuate Collection Set: 143.03ms
[3439.314s][info][gc,phases      ] GC(357)   Post Evacuate Collection Set: 1.09ms
[3439.314s][info][gc,phases      ] GC(357)   Other: 0.06ms
[3439.314s][info][gc,heap        ] GC(357) Eden regions: 570->0(571)
[3439.314s][info][gc,heap        ] GC(357) Survivor regions: 44->43(77)
[3439.314s][info][gc,heap        ] GC(357) Old regions: 154->161
[3439.314s][info][gc,heap        ] GC(357) Humongous regions: 33->33
[3439.314s][info][gc,metaspace   ] GC(357) Metaspace: 29977K(30144K)->29977K(30144K) NonClass: 29977K(30144K)->29977K(30144K) Class: 0K(0K)->0K(0K)
[3439.314s][info][gc             ] GC(357) Pause Young (Normal) (G1 Evacuation Pause) 6389M->1877M(8192M) 145.118ms
[3439.314s][info][gc,cpu         ] GC(357) User=1.15s Sys=0.00s Real=0.14s
. (rIR:aIR:PR = 5258:5257:5257) (tPR = 78126) [OK] 
  3439s: Performance info:
         Transaction,    Success,    Partial,     Failed,   Receipts, AvgBarcode, 
             Overall,     316331,          0,          0,     300482,      59.48, 
         Response times:
             Request,    Success,    Partial,     Failed,   SkipFail,     Probes,    Samples,      min,      p50,      p90,      p95,      p99,      max, 
       TotalPurchase,     300482,          0,          0,          0,     294190,     320818,      300,     3400,     6000,     7100,    40000,   281000,
     InStorePurchase,     158123,          0,          0,          0,     155203,     169204,      300,     3400,     6000,     7100,    40000,   281000,
      OnlinePurchase,     110724,          0,          0,          0,     108373,     117936,      300,     3400,     6100,     7100,    41000,   280000,
        InstPurchase,      31635,          0,          0,          0,      30614,      33678,      400,     3500,     6100,     7100,    38000,   280000,
          AssocOfCat,        316,          0,          0,          0,        244,        342,    23000,    32000,    39700,    58000,   100000,   151000,
      AssocOfProduct,       3163,          0,          0,          0,       2931,       3376,      900,     4200,     6600,     8100,    38000,   163000,
      BusinessReport,        796,          0,          0,          0,        707,        882,    19300,    36000,    51000,    58850,   156950,   225000,
          CustBuyBeh,       3160,          0,          0,          0,       3004,       3509,      300,     3400,     5800,     6600,    38000,   155000,
       ProductReturn,       8414,          0,          0,          0,       7952,       8837,      200,     3400,     6100,     7500,    39000,   158000,

  3439s: (39%)   IR =   5396 ......[3446.266s][info][gc,start       ] GC(358) Pause Young (Normal) (G1 Evacuation Pause)
[3446.266s][info][gc,task        ] GC(358) Using 8 workers of 8 for evacuation
[3446.413s][info][gc,phases      ] GC(358)   Pre Evacuate Collection Set: 0.27ms
[3446.413s][info][gc,phases      ] GC(358)   Merge Heap Roots: 0.53ms
[3446.413s][info][gc,phases      ] GC(358)   Evacuate Collection Set: 144.88ms
[3446.413s][info][gc,phases      ] GC(358)   Post Evacuate Collection Set: 1.05ms
[3446.413s][info][gc,phases      ] GC(358)   Other: 0.07ms
[3446.413s][info][gc,heap        ] GC(358) Eden regions: 571->0(572)
[3446.413s][info][gc,heap        ] GC(358) Survivor regions: 43->42(77)
[3446.413s][info][gc,heap        ] GC(358) Old regions: 161->168
[3446.413s][info][gc,heap        ] GC(358) Humongous regions: 33->33
[3446.413s][info][gc,metaspace   ] GC(358) Metaspace: 29977K(30144K)->29977K(30144K) NonClass: 29977K(30144K)->29977K(30144K) Class: 0K(0K)->0K(0K)
[3446.413s][info][gc             ] GC(358) Pause Young (Normal) (G1 Evacuation Pause) 6445M->1930M(8192M) 146.926ms
[3446.413s][info][gc,cpu         ] GC(358) User=1.16s Sys=0.00s Real=0.15s
.|......[3453.367s][info][gc,start       ] GC(359) Pause Young (Normal) (G1 Evacuation Pause)
[3453.367s][info][gc,task        ] GC(359) Using 8 workers of 8 for evacuation
[3453.513s][info][gc,phases      ] GC(359)   Pre Evacuate Collection Set: 0.27ms
[3453.513s][info][gc,phases      ] GC(359)   Merge Heap Roots: 0.62ms
[3453.513s][info][gc,phases      ] GC(359)   Evacuate Collection Set: 144.27ms
[3453.513s][info][gc,phases      ] GC(359)   Post Evacuate Collection Set: 1.17ms
[3453.513s][info][gc,phases      ] GC(359)   Other: 0.06ms
[3453.513s][info][gc,heap        ] GC(359) Eden regions: 572->0(572)
[3453.513s][info][gc,heap        ] GC(359) Survivor regions: 42->42(77)
[3453.513s][info][gc,heap        ] GC(359) Old regions: 168->175
[3453.513s][info][gc,heap        ] GC(359) Humongous regions: 33->33
[3453.513s][info][gc,metaspace   ] GC(359) Metaspace: 29977K(30144K)->29977K(30144K) NonClass: 29977K(30144K)->29977K(30144K) Class: 0K(0K)->0K(0K)
[3453.513s][info][gc             ] GC(359) Pause Young (Normal) (G1 Evacuation Pause) 6506M->1986M(8192M) 146.539ms
[3453.513s][info][gc,cpu         ] GC(359) User=1.16s Sys=0.00s Real=0.15s
.......[3460.523s][info][gc,start       ] GC(360) Pause Young (Normal) (G1 Evacuation Pause)
[3460.523s][info][gc,task        ] GC(360) Using 8 workers of 8 for evacuation
[3460.672s][info][gc,phases      ] GC(360)   Pre Evacuate Collection Set: 0.28ms
[3460.672s][info][gc,phases      ] GC(360)   Merge Heap Roots: 0.62ms
[3460.672s][info][gc,phases      ] GC(360)   Evacuate Collection Set: 146.93ms
[3460.672s][info][gc,phases      ] GC(360)   Post Evacuate Collection Set: 1.03ms
[3460.672s][info][gc,phases      ] GC(360)   Other: 0.07ms
[3460.672s][info][gc,heap        ] GC(360) Eden regions: 572->0(571)
[3460.672s][info][gc,heap        ] GC(360) Survivor regions: 42->43(77)
[3460.672s][info][gc,heap        ] GC(360) Old regions: 175->182
[3460.672s][info][gc,heap        ] GC(360) Humongous regions: 33->33
[3460.672s][info][gc,metaspace   ] GC(360) Metaspace: 29977K(30144K)->29977K(30144K) NonClass: 29977K(30144K)->29977K(30144K) Class: 0K(0K)->0K(0K)
[3460.672s][info][gc             ] GC(360) Pause Young (Normal) (G1 Evacuation Pause) 6562M->2050M(8192M) 149.058ms
[3460.672s][info][gc,cpu         ] GC(360) User=1.18s Sys=0.00s Real=0.15s
.......[3467.622s][info][gc,start       ] GC(361) Pause Young (Normal) (G1 Evacuation Pause)
[3467.622s][info][gc,task        ] GC(361) Using 8 workers of 8 for evacuation
[3467.770s][info][gc,phases      ] GC(361)   Pre Evacuate Collection Set: 0.28ms
[3467.771s][info][gc,phases      ] GC(361)   Merge Heap Roots: 0.57ms
[3467.771s][info][gc,phases      ] GC(361)   Evacuate Collection Set: 146.84ms
[3467.771s][info][gc,phases      ] GC(361)   Post Evacuate Collection Set: 1.04ms
[3467.771s][info][gc,phases      ] GC(361)   Other: 0.06ms
[3467.771s][info][gc,heap        ] GC(361) Eden regions: 571->0(570)
[3467.771s][info][gc,heap        ] GC(361) Survivor regions: 43->44(77)
[3467.771s][info][gc,heap        ] GC(361) Old regions: 182->189
[3467.771s][info][gc,heap        ] GC(361) Humongous regions: 33->33
[3467.771s][info][gc,metaspace   ] GC(361) Metaspace: 29977K(30144K)->29977K(30144K) NonClass: 29977K(30144K)->29977K(30144K) Class: 0K(0K)->0K(0K)
[3467.771s][info][gc             ] GC(361) Pause Young (Normal) (G1 Evacuation Pause) 6618M->2109M(8192M) 148.914ms
[3467.771s][info][gc,cpu         ] GC(361) User=1.18s Sys=0.00s Real=0.15s
.......[3474.759s][info][gc,start       ] GC(362) Pause Young (Normal) (G1 Evacuation Pause)
[3474.759s][info][gc,task        ] GC(362) Using 8 workers of 8 for evacuation
[3474.903s][info][gc,phases      ] GC(362)   Pre Evacuate Collection Set: 0.22ms
[3474.903s][info][gc,phases      ] GC(362)   Merge Heap Roots: 0.52ms
[3474.903s][info][gc,phases      ] GC(362)   Evacuate Collection Set: 142.63ms
[3474.903s][info][gc,phases      ] GC(362)   Post Evacuate Collection Set: 1.06ms
[3474.903s][info][gc,phases      ] GC(362)   Other: 0.08ms
[3474.903s][info][gc,heap        ] GC(362) Eden regions: 570->0(571)
[3474.903s][info][gc,heap        ] GC(362) Survivor regions: 44->43(77)
[3474.903s][info][gc,heap        ] GC(362) Old regions: 189->196
[3474.903s][info][gc,heap        ] GC(362) Humongous regions: 33->33
[3474.903s][info][gc,metaspace   ] GC(362) Metaspace: 29977K(30144K)->29977K(30144K) NonClass: 29977K(30144K)->29977K(30144K) Class: 0K(0K)->0K(0K)
[3474.903s][info][gc             ] GC(362) Pause Young (Normal) (G1 Evacuation Pause) 6669M->2158M(8192M) 144.637ms
[3474.904s][info][gc,cpu         ] GC(362) User=1.15s Sys=0.00s Real=0.14s
.......[3481.817s][info][gc,start       ] GC(363) Pause Young (Normal) (G1 Evacuation Pause)
[3481.817s][info][gc,task        ] GC(363) Using 8 workers of 8 for evacuation
[3481.964s][info][gc,phases      ] GC(363)   Pre Evacuate Collection Set: 0.24ms
[3481.964s][info][gc,phases      ] GC(363)   Merge Heap Roots: 0.51ms
[3481.964s][info][gc,phases      ] GC(363)   Evacuate Collection Set: 145.34ms
[3481.964s][info][gc,phases      ] GC(363)   Post Evacuate Collection Set: 1.02ms
[3481.964s][info][gc,phases      ] GC(363)   Other: 0.09ms
[3481.964s][info][gc,heap        ] GC(363) Eden regions: 571->0(571)
[3481.964s][info][gc,heap        ] GC(363) Survivor regions: 43->43(77)
[3481.964s][info][gc,heap        ] GC(363) Old regions: 196->203
[3481.964s][info][gc,heap        ] GC(363) Humongous regions: 33->33
[3481.964s][info][gc,metaspace   ] GC(363) Metaspace: 29977K(30144K)->29977K(30144K) NonClass: 29977K(30144K)->29977K(30144K) Class: 0K(0K)->0K(0K)
[3481.964s][info][gc             ] GC(363) Pause Young (Normal) (G1 Evacuation Pause) 6726M->2218M(8192M) 147.335ms
[3481.964s][info][gc,cpu         ] GC(363) User=1.17s Sys=0.00s Real=0.15s
.......[3488.973s][info][gc,start       ] GC(364) Pause Young (Normal) (G1 Evacuation Pause)
[3488.973s][info][gc,task        ] GC(364) Using 8 workers of 8 for evacuation
[3489.118s][info][gc,phases      ] GC(364)   Pre Evacuate Collection Set: 0.25ms
[3489.118s][info][gc,phases      ] GC(364)   Merge Heap Roots: 0.62ms
[3489.118s][info][gc,phases      ] GC(364)   Evacuate Collection Set: 142.70ms
[3489.118s][info][gc,phases      ] GC(364)   Post Evacuate Collection Set: 1.06ms
[3489.118s][info][gc,phases      ] GC(364)   Other: 0.06ms
[3489.118s][info][gc,heap        ] GC(364) Eden regions: 571->0(571)
[3489.118s][info][gc,heap        ] GC(364) Survivor regions: 43->43(77)
[3489.118s][info][gc,heap        ] GC(364) Old regions: 203->210
[3489.118s][info][gc,heap        ] GC(364) Humongous regions: 33->33
[3489.118s][info][gc,metaspace   ] GC(364) Metaspace: 29977K(30144K)->29977K(30144K) NonClass: 29977K(30144K)->29977K(30144K) Class: 0K(0K)->0K(0K)
[3489.118s][info][gc             ] GC(364) Pause Young (Normal) (G1 Evacuation Pause) 6786M->2271M(8192M) 144.824ms
[3489.118s][info][gc,cpu         ] GC(364) User=1.14s Sys=0.00s Real=0.15s
.......[3496.066s][info][gc,start       ] GC(365) Pause Young (Normal) (G1 Evacuation Pause)
[3496.066s][info][gc,task        ] GC(365) Using 8 workers of 8 for evacuation
[3496.213s][info][gc,phases      ] GC(365)   Pre Evacuate Collection Set: 0.27ms
[3496.213s][info][gc,phases      ] GC(365)   Merge Heap Roots: 0.58ms
[3496.213s][info][gc,phases      ] GC(365)   Evacuate Collection Set: 144.35ms
[3496.213s][info][gc,phases      ] GC(365)   Post Evacuate Collection Set: 1.08ms
[3496.213s][info][gc,phases      ] GC(365)   Other: 0.06ms
[3496.213s][info][gc,heap        ] GC(365) Eden regions: 571->0(572)
[3496.213s][info][gc,heap        ] GC(365) Survivor regions: 43->42(77)
[3496.213s][info][gc,heap        ] GC(365) Old regions: 210->217
[3496.213s][info][gc,heap        ] GC(365) Humongous regions: 33->33
[3496.213s][info][gc,metaspace   ] GC(365) Metaspace: 29977K(30144K)->29977K(30144K) NonClass: 29977K(30144K)->29977K(30144K) Class: 0K(0K)->0K(0K)
[3496.213s][info][gc             ] GC(365) Pause Young (Normal) (G1 Evacuation Pause) 6839M->2323M(8192M) 146.472ms
[3496.213s][info][gc,cpu         ] GC(365) User=1.16s Sys=0.00s Real=0.15s
.......[3503.211s][info][gc,start       ] GC(366) Pause Young (Normal) (G1 Evacuation Pause)
[3503.211s][info][gc,task        ] GC(366) Using 8 workers of 8 for evacuation
[3503.357s][info][gc,phases      ] GC(366)   Pre Evacuate Collection Set: 0.28ms
[3503.357s][info][gc,phases      ] GC(366)   Merge Heap Roots: 0.60ms
[3503.357s][info][gc,phases      ] GC(366)   Evacuate Collection Set: 143.89ms
[3503.357s][info][gc,phases      ] GC(366)   Post Evacuate Collection Set: 1.05ms
[3503.357s][info][gc,phases      ] GC(366)   Other: 0.06ms
[3503.357s][info][gc,heap        ] GC(366) Eden regions: 572->0(571)
[3503.357s][info][gc,heap        ] GC(366) Survivor regions: 42->43(77)
[3503.357s][info][gc,heap        ] GC(366) Old regions: 217->224
[3503.357s][info][gc,heap        ] GC(366) Humongous regions: 33->33
[3503.357s][info][gc,metaspace   ] GC(366) Metaspace: 29977K(30144K)->29977K(30144K) NonClass: 29977K(30144K)->29977K(30144K) Class: 0K(0K)->0K(0K)
[3503.357s][info][gc             ] GC(366) Pause Young (Normal) (G1 Evacuation Pause) 6899M->2386M(8192M) 146.017ms
[3503.357s][info][gc,cpu         ] GC(366) User=1.16s Sys=0.00s Real=0.14s
..... (rIR:aIR:PR = 5396:5397:5397) (tPR = 79999) [OK] 
  3507s: Performance info:
         Transaction,    Success,    Partial,     Failed,   Receipts, AvgBarcode, 
             Overall,     328261,          0,          0,     311836,      59.47, 
         Response times:
             Request,    Success,    Partial,     Failed,   SkipFail,     Probes,    Samples,      min,      p50,      p90,      p95,      p99,      max, 
       TotalPurchase,     311836,          0,          0,          0,     306242,     342750,      300,     3500,     6200,     7300,    48000,   258000,
     InStorePurchase,     164062,          0,          0,          0,     161574,     180442,      400,     3400,     6100,     7200,    49000,   218000,
      OnlinePurchase,     114932,          0,          0,          0,     112621,     125956,      300,     3500,     6200,     7300,    48000,   258000,
        InstPurchase,      32842,          0,          0,          0,      32047,      36352,      500,     3600,     6300,     7400,    45000,   218000,
          AssocOfCat,        327,          0,          0,          0,        242,        330,    22000,    34000,    41900,    51000,    64380,   193000,
      AssocOfProduct,       3277,          0,          0,          0,       3028,       3615,      800,     4100,     6840,     8100,    43360,   162000,
      BusinessReport,        821,          0,          0,          0,        703,        905,    26000,    36000,    50000,    57000,   174100,   222000,
          CustBuyBeh,       3294,          0,          0,          0,       3054,       3651,      600,     3500,     5900,     7000,    51480,   159000,
       ProductReturn,       8706,          0,          0,          0,       8363,       9616,      200,     3100,     5900,     7000,    49830,   160000,

  3507s: (40%)   IR =   5535 ..[3510.329s][info][gc,start       ] GC(367) Pause Young (Normal) (G1 Evacuation Pause)
[3510.329s][info][gc,task        ] GC(367) Using 8 workers of 8 for evacuation
[3510.477s][info][gc,phases      ] GC(367)   Pre Evacuate Collection Set: 0.25ms
[3510.477s][info][gc,phases      ] GC(367)   Merge Heap Roots: 0.55ms
[3510.477s][info][gc,phases      ] GC(367)   Evacuate Collection Set: 145.81ms
[3510.477s][info][gc,phases      ] GC(367)   Post Evacuate Collection Set: 1.03ms
[3510.477s][info][gc,phases      ] GC(367)   Other: 0.07ms
[3510.477s][info][gc,heap        ] GC(367) Eden regions: 571->0(571)
[3510.477s][info][gc,heap        ] GC(367) Survivor regions: 43->43(77)
[3510.477s][info][gc,heap        ] GC(367) Old regions: 224->231
[3510.477s][info][gc,heap        ] GC(367) Humongous regions: 33->33
[3510.477s][info][gc,metaspace   ] GC(367) Metaspace: 29977K(30144K)->29977K(30144K) NonClass: 29977K(30144K)->29977K(30144K) Class: 0K(0K)->0K(0K)
[3510.477s][info][gc             ] GC(367) Pause Young (Normal) (G1 Evacuation Pause) 6954M->2439M(8192M) 147.849ms
[3510.477s][info][gc,cpu         ] GC(367) User=1.17s Sys=0.00s Real=0.14s
....|...[3517.210s][info][gc,start       ] GC(368) Pause Young (Normal) (G1 Evacuation Pause)
[3517.210s][info][gc,task        ] GC(368) Using 8 workers of 8 for evacuation
[3517.358s][info][gc,phases      ] GC(368)   Pre Evacuate Collection Set: 0.24ms
[3517.358s][info][gc,phases      ] GC(368)   Merge Heap Roots: 0.54ms
[3517.358s][info][gc,phases      ] GC(368)   Evacuate Collection Set: 145.90ms
[3517.358s][info][gc,phases      ] GC(368)   Post Evacuate Collection Set: 1.11ms
[3517.358s][info][gc,phases      ] GC(368)   Other: 0.07ms
[3517.358s][info][gc,heap        ] GC(368) Eden regions: 571->0(570)
[3517.358s][info][gc,heap        ] GC(368) Survivor regions: 43->44(77)
[3517.358s][info][gc,heap        ] GC(368) Old regions: 231->238
[3517.358s][info][gc,heap        ] GC(368) Humongous regions: 33->33
[3517.358s][info][gc,metaspace   ] GC(368) Metaspace: 29977K(30144K)->29977K(30144K) NonClass: 29977K(30144K)->29977K(30144K) Class: 0K(0K)->0K(0K)
[3517.358s][info][gc             ] GC(368) Pause Young (Normal) (G1 Evacuation Pause) 7007M->2501M(8192M) 147.994ms
[3517.358s][info][gc,cpu         ] GC(368) User=1.17s Sys=0.00s Real=0.15s
.......[3524.088s][info][gc,start       ] GC(369) Pause Young (Normal) (G1 Evacuation Pause)
[3524.088s][info][gc,task        ] GC(369) Using 8 workers of 8 for evacuation
[3524.234s][info][gc,phases      ] GC(369)   Pre Evacuate Collection Set: 0.25ms
[3524.234s][info][gc,phases      ] GC(369)   Merge Heap Roots: 0.61ms
[3524.234s][info][gc,phases      ] GC(369)   Evacuate Collection Set: 143.81ms
[3524.234s][info][gc,phases      ] GC(369)   Post Evacuate Collection Set: 1.07ms
[3524.234s][info][gc,phases      ] GC(369)   Other: 0.06ms
[3524.234s][info][gc,heap        ] GC(369) Eden regions: 570->0(572)
[3524.234s][info][gc,heap        ] GC(369) Survivor regions: 44->42(77)
[3524.234s][info][gc,heap        ] GC(369) Old regions: 238->245
[3524.234s][info][gc,heap        ] GC(369) Humongous regions: 33->33
[3524.234s][info][gc,metaspace   ] GC(369) Metaspace: 29977K(30144K)->29977K(30144K) NonClass: 29977K(30144K)->29977K(30144K) Class: 0K(0K)->0K(0K)
[3524.234s][info][gc             ] GC(369) Pause Young (Normal) (G1 Evacuation Pause) 7061M->2546M(8192M) 145.931ms
[3524.234s][info][gc,cpu         ] GC(369) User=1.16s Sys=0.00s Real=0.14s
.......[3531.061s][info][gc,start       ] GC(370) Pause Young (Normal) (G1 Evacuation Pause)
[3531.061s][info][gc,task        ] GC(370) Using 8 workers of 8 for evacuation
[3531.206s][info][gc,phases      ] GC(370)   Pre Evacuate Collection Set: 0.23ms
[3531.206s][info][gc,phases      ] GC(370)   Merge Heap Roots: 0.52ms
[3531.206s][info][gc,phases      ] GC(370)   Evacuate Collection Set: 142.96ms
[3531.206s][info][gc,phases      ] GC(370)   Post Evacuate Collection Set: 1.08ms
[3531.206s][info][gc,phases      ] GC(370)   Other: 0.06ms
[3531.206s][info][gc,heap        ] GC(370) Eden regions: 572->0(571)
[3531.206s][info][gc,heap        ] GC(370) Survivor regions: 42->43(77)
[3531.206s][info][gc,heap        ] GC(370) Old regions: 245->252
[3531.206s][info][gc,heap        ] GC(370) Humongous regions: 33->33
[3531.206s][info][gc,metaspace   ] GC(370) Metaspace: 29977K(30144K)->29977K(30144K) NonClass: 29977K(30144K)->29977K(30144K) Class: 0K(0K)->0K(0K)
[3531.206s][info][gc             ] GC(370) Pause Young (Normal) (G1 Evacuation Pause) 7122M->2606M(8192M) 144.987ms
[3531.206s][info][gc,cpu         ] GC(370) User=1.15s Sys=0.00s Real=0.14s
.......[3537.995s][info][gc,start       ] GC(371) Pause Young (Normal) (G1 Evacuation Pause)
[3537.995s][info][gc,task        ] GC(371) Using 8 workers of 8 for evacuation
[3538.141s][info][gc,phases      ] GC(371)   Pre Evacuate Collection Set: 0.25ms
[3538.141s][info][gc,phases      ] GC(371)   Merge Heap Roots: 0.54ms
[3538.141s][info][gc,phases      ] GC(371)   Evacuate Collection Set: 144.13ms
[3538.141s][info][gc,phases      ] GC(371)   Post Evacuate Collection Set: 1.07ms
[3538.141s][info][gc,phases      ] GC(371)   Other: 0.07ms
[3538.141s][info][gc,heap        ] GC(371) Eden regions: 571->0(572)
[3538.141s][info][gc,heap        ] GC(371) Survivor regions: 43->42(77)
[3538.141s][info][gc,heap        ] GC(371) Old regions: 252->259
[3538.141s][info][gc,heap        ] GC(371) Humongous regions: 33->33
[3538.141s][info][gc,metaspace   ] GC(371) Metaspace: 29977K(30144K)->29977K(30144K) NonClass: 29977K(30144K)->29977K(30144K) Class: 0K(0K)->0K(0K)
[3538.141s][info][gc             ] GC(371) Pause Young (Normal) (G1 Evacuation Pause) 7174M->2658M(8192M) 146.188ms
[3538.141s][info][gc,cpu         ] GC(371) User=1.16s Sys=0.00s Real=0.15s
.......[3544.953s][info][gc,start       ] GC(372) Pause Young (Normal) (G1 Evacuation Pause)
[3544.953s][info][gc,task        ] GC(372) Using 8 workers of 8 for evacuation
[3545.099s][info][gc,phases      ] GC(372)   Pre Evacuate Collection Set: 0.24ms
[3545.099s][info][gc,phases      ] GC(372)   Merge Heap Roots: 0.54ms
[3545.099s][info][gc,phases      ] GC(372)   Evacuate Collection Set: 143.99ms
[3545.099s][info][gc,phases      ] GC(372)   Post Evacuate Collection Set: 1.02ms
[3545.099s][info][gc,phases      ] GC(372)   Other: 0.06ms
[3545.099s][info][gc,heap        ] GC(372) Eden regions: 572->0(571)
[3545.099s][info][gc,heap        ] GC(372) Survivor regions: 42->43(77)
[3545.099s][info][gc,heap        ] GC(372) Old regions: 259->266
[3545.099s][info][gc,heap        ] GC(372) Humongous regions: 33->33
[3545.099s][info][gc,metaspace   ] GC(372) Metaspace: 29977K(30144K)->29977K(30144K) NonClass: 29977K(30144K)->29977K(30144K) Class: 0K(0K)->0K(0K)
[3545.099s][info][gc             ] GC(372) Pause Young (Normal) (G1 Evacuation Pause) 7234M->2722M(8192M) 145.987ms
[3545.099s][info][gc,cpu         ] GC(372) User=1.16s Sys=0.00s Real=0.15s
.......[3551.908s][info][gc,start       ] GC(373) Pause Young (Normal) (G1 Evacuation Pause)
[3551.909s][info][gc,task        ] GC(373) Using 8 workers of 8 for evacuation
[3552.053s][info][gc,phases      ] GC(373)   Pre Evacuate Collection Set: 0.24ms
[3552.054s][info][gc,phases      ] GC(373)   Merge Heap Roots: 0.55ms
[3552.054s][info][gc,phases      ] GC(373)   Evacuate Collection Set: 143.08ms
[3552.054s][info][gc,phases      ] GC(373)   Post Evacuate Collection Set: 1.04ms
[3552.054s][info][gc,phases      ] GC(373)   Other: 0.06ms
[3552.054s][info][gc,heap        ] GC(373) Eden regions: 571->0(572)
[3552.054s][info][gc,heap        ] GC(373) Survivor regions: 43->42(77)
[3552.054s][info][gc,heap        ] GC(373) Old regions: 266->273
[3552.054s][info][gc,heap        ] GC(373) Humongous regions: 33->33
[3552.054s][info][gc,metaspace   ] GC(373) Metaspace: 29977K(30144K)->29977K(30144K) NonClass: 29977K(30144K)->29977K(30144K) Class: 0K(0K)->0K(0K)
[3552.054s][info][gc             ] GC(373) Pause Young (Normal) (G1 Evacuation Pause) 7290M->2770M(8192M) 145.100ms
[3552.054s][info][gc,cpu         ] GC(373) User=1.15s Sys=0.00s Real=0.14s
.......[3558.802s][info][gc,start       ] GC(374) Pause Young (Normal) (G1 Evacuation Pause)
[3558.802s][info][gc,task        ] GC(374) Using 8 workers of 8 for evacuation
[3558.947s][info][gc,phases      ] GC(374)   Pre Evacuate Collection Set: 0.28ms
[3558.947s][info][gc,phases      ] GC(374)   Merge Heap Roots: 0.63ms
[3558.947s][info][gc,phases      ] GC(374)   Evacuate Collection Set: 143.25ms
[3558.947s][info][gc,phases      ] GC(374)   Post Evacuate Collection Set: 1.07ms
[3558.947s][info][gc,phases      ] GC(374)   Other: 0.07ms
[3558.947s][info][gc,heap        ] GC(374) Eden regions: 572->0(572)
[3558.947s][info][gc,heap        ] GC(374) Survivor regions: 42->42(77)
[3558.947s][info][gc,heap        ] GC(374) Old regions: 273->280
[3558.947s][info][gc,heap        ] GC(374) Humongous regions: 33->33
[3558.947s][info][gc,metaspace   ] GC(374) Metaspace: 29977K(30144K)->29977K(30144K) NonClass: 29977K(30144K)->29977K(30144K) Class: 0K(0K)->0K(0K)
[3558.947s][info][gc             ] GC(374) Pause Young (Normal) (G1 Evacuation Pause) 7346M->2823M(8192M) 145.450ms
[3558.948s][info][gc,cpu         ] GC(374) User=1.15s Sys=0.00s Real=0.15s
.......[3565.801s][info][gc,start       ] GC(375) Pause Young (Normal) (G1 Evacuation Pause)
[3565.801s][info][gc,task        ] GC(375) Using 8 workers of 8 for evacuation
[3565.947s][info][gc,phases      ] GC(375)   Pre Evacuate Collection Set: 0.29ms
[3565.947s][info][gc,phases      ] GC(375)   Merge Heap Roots: 0.55ms
[3565.947s][info][gc,phases      ] GC(375)   Evacuate Collection Set: 144.06ms
[3565.947s][info][gc,phases      ] GC(375)   Post Evacuate Collection Set: 1.07ms
[3565.947s][info][gc,phases      ] GC(375)   Other: 0.06ms
[3565.947s][info][gc,heap        ] GC(375) Eden regions: 572->0(566)
[3565.947s][info][gc,heap        ] GC(375) Survivor regions: 42->43(77)
[3565.947s][info][gc,heap        ] GC(375) Old regions: 280->287
[3565.947s][info][gc,heap        ] GC(375) Humongous regions: 33->33
[3565.947s][info][gc,metaspace   ] GC(375) Metaspace: 29977K(30144K)->29977K(30144K) NonClass: 29977K(30144K)->29977K(30144K) Class: 0K(0K)->0K(0K)
[3565.947s][info][gc             ] GC(375) Pause Young (Normal) (G1 Evacuation Pause) 7399M->2887M(8192M) 146.146ms
[3565.947s][info][gc,cpu         ] GC(375) User=1.15s Sys=0.00s Real=0.14s
.......[3572.716s][info][gc,start       ] GC(376) Pause Young (Normal) (G1 Evacuation Pause)
[3572.717s][info][gc,task        ] GC(376) Using 8 workers of 8 for evacuation
[3572.863s][info][gc,phases      ] GC(376)   Pre Evacuate Collection Set: 0.25ms
[3572.863s][info][gc,phases      ] GC(376)   Merge Heap Roots: 0.56ms
[3572.863s][info][gc,phases      ] GC(376)   Evacuate Collection Set: 144.33ms
[3572.863s][info][gc,phases      ] GC(376)   Post Evacuate Collection Set: 1.06ms
[3572.863s][info][gc,phases      ] GC(376)   Other: 0.06ms
[3572.863s][info][gc,heap        ] GC(376) Eden regions: 566->0(561)
[3572.863s][info][gc,heap        ] GC(376) Survivor regions: 43->42(77)
[3572.863s][info][gc,heap        ] GC(376) Old regions: 287->294
[3572.863s][info][gc,heap        ] GC(376) Humongous regions: 33->33
[3572.863s][info][gc,metaspace   ] GC(376) Metaspace: 29977K(30144K)->29977K(30144K) NonClass: 29977K(30144K)->29977K(30144K) Class: 0K(0K)->0K(0K)
[3572.863s][info][gc             ] GC(376) Pause Young (Normal) (G1 Evacuation Pause) 7415M->2939M(8192M) 146.403ms
[3572.863s][info][gc,cpu         ] GC(376) User=1.16s Sys=0.00s Real=0.15s
. (rIR:aIR:PR = 5535:5535:5535) (tPR = 82451) [OK] 
  3573s: Performance info:
         Transaction,    Success,    Partial,     Failed,   Receipts, AvgBarcode, 
             Overall,     332275,          0,          0,     315656,      59.47, 
         Response times:
             Request,    Success,    Partial,     Failed,   SkipFail,     Probes,    Samples,      min,      p50,      p90,      p95,      p99,      max, 
       TotalPurchase,     315656,          0,          0,          0,     310336,     342649,      400,     3600,     6500,     7800,    48000,   236000,
     InStorePurchase,     166155,          0,          0,          0,     163434,     180137,      400,     3500,     6500,     7800,    47000,   235000,
      OnlinePurchase,     116249,          0,          0,          0,     114574,     126549,      400,     3700,     6500,     7800,    49000,   236000,
        InstPurchase,      33252,          0,          0,          0,      32328,      35963,      500,     3800,     6600,     7900,    50000,   235000,
          AssocOfCat,        331,          0,          0,          0,        242,        326,    21000,    33000,    43000,    49000,   190330,   207000,
      AssocOfProduct,       3333,          0,          0,          0,       3068,       3543,      800,     4400,     7000,     8500,    46000,   155000,
      BusinessReport,        828,          0,          0,          0,        714,        923,    27000,    35000,    49000,    54800,   113000,   210000,
          CustBuyBeh,       3317,          0,          0,          0,       3110,       3707,      200,     3900,     6400,     7800,    50000,   154000,
       ProductReturn,       8810,          0,          0,          0,       8313,       9482,      200,     3000,     6300,     7800,    44000,   191000,

  3573s: (41%)   IR =   5673 ....|.[3579.311s][info][gc,start       ] GC(377) Pause Young (Normal) (G1 Evacuation Pause)
[3579.311s][info][gc,task        ] GC(377) Using 8 workers of 8 for evacuation
[3579.460s][info][gc,phases      ] GC(377)   Pre Evacuate Collection Set: 0.28ms
[3579.460s][info][gc,phases      ] GC(377)   Merge Heap Roots: 0.61ms
[3579.460s][info][gc,phases      ] GC(377)   Evacuate Collection Set: 146.57ms
[3579.460s][info][gc,phases      ] GC(377)   Post Evacuate Collection Set: 1.10ms
[3579.460s][info][gc,phases      ] GC(377)   Other: 0.06ms
[3579.460s][info][gc,heap        ] GC(377) Eden regions: 561->0(551)
[3579.460s][info][gc,heap        ] GC(377) Survivor regions: 42->43(76)
[3579.460s][info][gc,heap        ] GC(377) Old regions: 294->302
[3579.460s][info][gc,heap        ] GC(377) Humongous regions: 33->33
[3579.460s][info][gc,metaspace   ] GC(377) Metaspace: 29977K(30144K)->29977K(30144K) NonClass: 29977K(30144K)->29977K(30144K) Class: 0K(0K)->0K(0K)
[3579.460s][info][gc             ] GC(377) Pause Young (Normal) (G1 Evacuation Pause) 7427M->3003M(8192M) 148.757ms
[3579.460s][info][gc,cpu         ] GC(377) User=1.17s Sys=0.00s Real=0.15s
.......[3585.808s][info][gc,start       ] GC(378) Pause Young (Normal) (G1 Evacuation Pause)
[3585.809s][info][gc,task        ] GC(378) Using 8 workers of 8 for evacuation
[3585.954s][info][gc,phases      ] GC(378)   Pre Evacuate Collection Set: 0.25ms
[3585.955s][info][gc,phases      ] GC(378)   Merge Heap Roots: 0.56ms
[3585.955s][info][gc,phases      ] GC(378)   Evacuate Collection Set: 144.07ms
[3585.955s][info][gc,phases      ] GC(378)   Post Evacuate Collection Set: 1.03ms
[3585.955s][info][gc,phases      ] GC(378)   Other: 0.06ms
[3585.955s][info][gc,heap        ] GC(378) Eden regions: 551->0(546)
[3585.955s][info][gc,heap        ] GC(378) Survivor regions: 43->42(75)
[3585.955s][info][gc,heap        ] GC(378) Old regions: 302->309
[3585.955s][info][gc,heap        ] GC(378) Humongous regions: 33->33
[3585.955s][info][gc,metaspace   ] GC(378) Metaspace: 29977K(30144K)->29977K(30144K) NonClass: 29977K(30144K)->29977K(30144K) Class: 0K(0K)->0K(0K)
[3585.955s][info][gc             ] GC(378) Pause Young (Normal) (G1 Evacuation Pause) 7411M->3059M(8192M) 146.105ms
[3585.955s][info][gc,cpu         ] GC(378) User=1.16s Sys=0.00s Real=0.14s
......[3592.256s][info][gc,start       ] GC(379) Pause Young (Normal) (G1 Evacuation Pause)
[3592.256s][info][gc,task        ] GC(379) Using 8 workers of 8 for evacuation
[3592.400s][info][gc,phases      ] GC(379)   Pre Evacuate Collection Set: 0.30ms
[3592.400s][info][gc,phases      ] GC(379)   Merge Heap Roots: 0.66ms
[3592.400s][info][gc,phases      ] GC(379)   Evacuate Collection Set: 141.42ms
[3592.400s][info][gc,phases      ] GC(379)   Post Evacuate Collection Set: 1.01ms
[3592.400s][info][gc,phases      ] GC(379)   Other: 0.07ms
[3592.400s][info][gc,heap        ] GC(379) Eden regions: 546->0(540)
[3592.400s][info][gc,heap        ] GC(379) Survivor regions: 42->41(74)
[3592.400s][info][gc,heap        ] GC(379) Old regions: 309->317
[3592.400s][info][gc,heap        ] GC(379) Humongous regions: 33->33
[3592.400s][info][gc,metaspace   ] GC(379) Metaspace: 29977K(30144K)->29977K(30144K) NonClass: 29977K(30144K)->29977K(30144K) Class: 0K(0K)->0K(0K)
[3592.400s][info][gc             ] GC(379) Pause Young (Normal) (G1 Evacuation Pause) 7427M->3110M(8192M) 143.603ms
[3592.400s][info][gc,cpu         ] GC(379) User=1.13s Sys=0.00s Real=0.15s
.......[3598.706s][info][gc,start       ] GC(380) Pause Young (Concurrent Start) (G1 Evacuation Pause)
[3598.706s][info][gc,task        ] GC(380) Using 8 workers of 8 for evacuation
[3598.847s][info][gc,phases      ] GC(380)   Pre Evacuate Collection Set: 0.29ms
[3598.847s][info][gc,phases      ] GC(380)   Merge Heap Roots: 0.59ms
[3598.847s][info][gc,phases      ] GC(380)   Evacuate Collection Set: 139.30ms
[3598.847s][info][gc,phases      ] GC(380)   Post Evacuate Collection Set: 1.04ms
[3598.847s][info][gc,phases      ] GC(380)   Other: 0.10ms
[3598.847s][info][gc,heap        ] GC(380) Eden regions: 540->0(533)
[3598.847s][info][gc,heap        ] GC(380) Survivor regions: 41->41(73)
[3598.847s][info][gc,heap        ] GC(380) Old regions: 317->324
[3598.847s][info][gc,heap        ] GC(380) Humongous regions: 33->33
[3598.847s][info][gc,metaspace   ] GC(380) Metaspace: 29977K(30144K)->29977K(30144K) NonClass: 29977K(30144K)->29977K(30144K) Class: 0K(0K)->0K(0K)
[3598.847s][info][gc             ] GC(380) Pause Young (Concurrent Start) (G1 Evacuation Pause) 7430M->3171M(8192M) 141.435ms
[3598.847s][info][gc             ] GC(381) Concurrent Mark Cycle
[3598.847s][info][gc,marking     ] GC(381) Concurrent Scan Root Regions
[3598.847s][info][gc,cpu         ] GC(380) User=1.12s Sys=0.00s Real=0.15s
[3599.122s][info][gc,marking     ] GC(381) Concurrent Scan Root Regions 274.616ms
[3599.122s][info][gc,marking     ] GC(381) Concurrent Mark
[3599.122s][info][gc,marking     ] GC(381) Concurrent Mark From Roots
[3599.122s][info][gc,task        ] GC(381) Using 2 workers of 2 for marking
.[3599.707s][info][gc,marking     ] GC(381) Concurrent Mark From Roots 584.939ms
[3599.707s][info][gc,marking     ] GC(381) Concurrent Preclean
[3599.707s][info][gc,marking     ] GC(381) Concurrent Preclean 0.124ms
[3599.707s][info][gc,start       ] GC(381) Pause Remark
[3599.709s][info][gc             ] GC(381) Pause Remark 3860M->3364M(8192M) 1.933ms
[3599.709s][info][gc,cpu         ] GC(381) User=0.01s Sys=0.00s Real=0.00s
[3599.709s][info][gc,marking     ] GC(381) Concurrent Mark 587.273ms
[3599.709s][info][gc,marking     ] GC(381) Concurrent Rebuild Remembered Sets and Scrub Regions
[3600.056s][info][gc,marking     ] GC(381) Concurrent Rebuild Remembered Sets and Scrub Regions 347.091ms
[3600.057s][info][gc,start       ] GC(381) Pause Cleanup
[3600.057s][info][gc             ] GC(381) Pause Cleanup 3592M->3592M(8192M) 0.293ms
[3600.057s][info][gc,cpu         ] GC(381) User=0.00s Sys=0.00s Real=0.00s
[3600.057s][info][gc,marking     ] GC(381) Concurrent Clear Claimed Marks
[3600.057s][info][gc,marking     ] GC(381) Concurrent Clear Claimed Marks 0.044ms
[3600.057s][info][gc,marking     ] GC(381) Concurrent Cleanup for Next Mark
[3600.066s][info][gc,marking     ] GC(381) Concurrent Cleanup for Next Mark 9.481ms
[3600.067s][info][gc             ] GC(381) Concurrent Mark Cycle 1219.239ms
.....[3604.996s][info][gc,start       ] GC(382) Pause Young (Prepare Mixed) (G1 Evacuation Pause)
[3604.996s][info][gc,task        ] GC(382) Using 8 workers of 8 for evacuation
[3605.139s][info][gc,phases      ] GC(382)   Pre Evacuate Collection Set: 0.26ms
[3605.139s][info][gc,phases      ] GC(382)   Merge Heap Roots: 0.71ms
[3605.139s][info][gc,phases      ] GC(382)   Evacuate Collection Set: 140.05ms
[3605.139s][info][gc,phases      ] GC(382)   Post Evacuate Collection Set: 1.12ms
[3605.139s][info][gc,phases      ] GC(382)   Other: 0.07ms
[3605.139s][info][gc,heap        ] GC(382) Eden regions: 533->0(573)
[3605.139s][info][gc,heap        ] GC(382) Survivor regions: 41->41(72)
[3605.139s][info][gc,heap        ] GC(382) Old regions: 262->270
[3605.139s][info][gc,heap        ] GC(382) Humongous regions: 33->33
[3605.139s][info][gc,metaspace   ] GC(382) Metaspace: 29977K(30144K)->29977K(30144K) NonClass: 29977K(30144K)->29977K(30144K) Class: 0K(0K)->0K(0K)
[3605.139s][info][gc             ] GC(382) Pause Young (Prepare Mixed) (G1 Evacuation Pause) 6939M->2730M(8192M) 142.367ms
[3605.139s][info][gc,cpu         ] GC(382) User=1.13s Sys=0.00s Real=0.15s
.......[3611.831s][info][gc,start       ] GC(383) Pause Young (Mixed) (G1 Evacuation Pause)
[3611.831s][info][gc,task        ] GC(383) Using 8 workers of 8 for evacuation
[3611.984s][info][gc,phases      ] GC(383)   Pre Evacuate Collection Set: 0.29ms
[3611.984s][info][gc,phases      ] GC(383)   Merge Heap Roots: 0.82ms
[3611.984s][info][gc,phases      ] GC(383)   Evacuate Collection Set: 150.50ms
[3611.984s][info][gc,phases      ] GC(383)   Post Evacuate Collection Set: 1.33ms
[3611.984s][info][gc,phases      ] GC(383)   Other: 0.08ms
[3611.984s][info][gc,heap        ] GC(383) Eden regions: 573->0(572)
[3611.984s][info][gc,heap        ] GC(383) Survivor regions: 41->42(77)
[3611.984s][info][gc,heap        ] GC(383) Old regions: 270->174
[3611.984s][info][gc,heap        ] GC(383) Humongous regions: 33->33
[3611.984s][info][gc,metaspace   ] GC(383) Metaspace: 29977K(30144K)->29977K(30144K) NonClass: 29977K(30144K)->29977K(30144K) Class: 0K(0K)->0K(0K)
[3611.984s][info][gc             ] GC(383) Pause Young (Mixed) (G1 Evacuation Pause) 7314M->1975M(8192M) 153.158ms
[3611.984s][info][gc,cpu         ] GC(383) User=1.21s Sys=0.00s Real=0.15s
.......[3618.614s][info][gc,start       ] GC(384) Pause Young (Mixed) (G1 Evacuation Pause)
[3618.614s][info][gc,task        ] GC(384) Using 8 workers of 8 for evacuation
[3618.775s][info][gc,phases      ] GC(384)   Pre Evacuate Collection Set: 0.31ms
[3618.775s][info][gc,phases      ] GC(384)   Merge Heap Roots: 1.02ms
[3618.775s][info][gc,phases      ] GC(384)   Evacuate Collection Set: 158.44ms
[3618.775s][info][gc,phases      ] GC(384)   Post Evacuate Collection Set: 1.09ms
[3618.775s][info][gc,phases      ] GC(384)   Other: 0.07ms
[3618.775s][info][gc,heap        ] GC(384) Eden regions: 572->0(570)
[3618.775s][info][gc,heap        ] GC(384) Survivor regions: 42->44(77)
[3618.775s][info][gc,heap        ] GC(384) Old regions: 174->142
[3618.775s][info][gc,heap        ] GC(384) Humongous regions: 33->33
[3618.775s][info][gc,metaspace   ] GC(384) Metaspace: 29977K(30144K)->29977K(30144K) NonClass: 29977K(30144K)->29977K(30144K) Class: 0K(0K)->0K(0K)
[3618.775s][info][gc             ] GC(384) Pause Young (Mixed) (G1 Evacuation Pause) 6551M->1730M(8192M) 161.071ms
[3618.775s][info][gc,cpu         ] GC(384) User=1.28s Sys=0.00s Real=0.16s
......[3625.422s][info][gc,start       ] GC(385) Pause Young (Normal) (G1 Evacuation Pause)
[3625.422s][info][gc,task        ] GC(385) Using 8 workers of 8 for evacuation
[3625.568s][info][gc,phases      ] GC(385)   Pre Evacuate Collection Set: 0.27ms
[3625.568s][info][gc,phases      ] GC(385)   Merge Heap Roots: 0.57ms
[3625.568s][info][gc,phases      ] GC(385)   Evacuate Collection Set: 144.73ms
[3625.568s][info][gc,phases      ] GC(385)   Post Evacuate Collection Set: 1.05ms
[3625.569s][info][gc,phases      ] GC(385)   Other: 0.07ms
[3625.569s][info][gc,heap        ] GC(385) Eden regions: 570->0(571)
[3625.569s][info][gc,heap        ] GC(385) Survivor regions: 44->43(77)
[3625.569s][info][gc,heap        ] GC(385) Old regions: 142->149
[3625.569s][info][gc,heap        ] GC(385) Humongous regions: 33->33
[3625.569s][info][gc,metaspace   ] GC(385) Metaspace: 29977K(30144K)->29977K(30144K) NonClass: 29977K(30144K)->29977K(30144K) Class: 0K(0K)->0K(0K)
[3625.569s][info][gc             ] GC(385) Pause Young (Normal) (G1 Evacuation Pause) 6290M->1780M(8192M) 146.827ms
[3625.569s][info][gc,cpu         ] GC(385) User=1.16s Sys=0.01s Real=0.15s
.......[3632.139s][info][gc,start       ] GC(386) Pause Young (Normal) (G1 Evacuation Pause)
[3632.139s][info][gc,task        ] GC(386) Using 8 workers of 8 for evacuation
[3632.285s][info][gc,phases      ] GC(386)   Pre Evacuate Collection Set: 0.26ms
[3632.285s][info][gc,phases      ] GC(386)   Merge Heap Roots: 0.55ms
[3632.285s][info][gc,phases      ] GC(386)   Evacuate Collection Set: 144.04ms
[3632.285s][info][gc,phases      ] GC(386)   Post Evacuate Collection Set: 1.08ms
[3632.285s][info][gc,phases      ] GC(386)   Other: 0.07ms
[3632.285s][info][gc,heap        ] GC(386) Eden regions: 571->0(571)
[3632.285s][info][gc,heap        ] GC(386) Survivor regions: 43->43(77)
[3632.285s][info][gc,heap        ] GC(386) Old regions: 149->156
[3632.285s][info][gc,heap        ] GC(386) Humongous regions: 33->33
[3632.285s][info][gc,metaspace   ] GC(386) Metaspace: 29977K(30144K)->29977K(30144K) NonClass: 29977K(30144K)->29977K(30144K) Class: 0K(0K)->0K(0K)
[3632.285s][info][gc             ] GC(386) Pause Young (Normal) (G1 Evacuation Pause) 6348M->1841M(8192M) 146.148ms
[3632.285s][info][gc,cpu         ] GC(386) User=1.16s Sys=0.00s Real=0.14s
...... (rIR:aIR:PR = 5673:5671:5671) (tPR = 84537) [OK] 
  3637s: Performance info:
         Transaction,    Success,    Partial,     Failed,   Receipts, AvgBarcode, 
             Overall,     340467,          0,          0,     323437,      59.47, 
         Response times:
             Request,    Success,    Partial,     Failed,   SkipFail,     Probes,    Samples,      min,      p50,      p90,      p95,      p99,      max, 
       TotalPurchase,     323437,          0,          0,          0,     317453,     340159,      300,     3700,     6600,     8100,    39000,   364000,
     InStorePurchase,     170200,          0,          0,          0,     167141,     178846,      300,     3700,     6600,     8100,    40000,   364000,
      OnlinePurchase,     119228,          0,          0,          0,     117167,     125498,      300,     3600,     6600,     8000,    39000,   364000,
        InstPurchase,      34009,          0,          0,          0,      33145,      35815,      400,     3700,     6700,     8100,    43000,   327000,
          AssocOfCat,        339,          0,          0,          0,        271,        372,    26000,    34500,    47700,    66000,   112540,   188000,
      AssocOfProduct,       3403,          0,          0,          0,       3168,       3568,      700,     3100,     6200,     7300,    42000,   155000,
      BusinessReport,        852,          0,          0,          0,        743,        909,    26000,    36000,    52000,    63000,   113900,   191000,
          CustBuyBeh,       3405,          0,          0,          0,       3174,       3614,      200,     2900,     6000,     7100,    37000,   326000,
       ProductReturn,       9031,          0,          0,          0,       8524,       9369,      200,     4100,     6700,     8200,    35300,   364000,

  3637s: (42%)   IR =   5812 .[3638.894s][info][gc,start       ] GC(387) Pause Young (Normal) (G1 Evacuation Pause)
[3638.894s][info][gc,task        ] GC(387) Using 8 workers of 8 for evacuation
[3639.043s][info][gc,phases      ] GC(387)   Pre Evacuate Collection Set: 0.25ms
[3639.043s][info][gc,phases      ] GC(387)   Merge Heap Roots: 0.56ms
[3639.043s][info][gc,phases      ] GC(387)   Evacuate Collection Set: 146.47ms
[3639.043s][info][gc,phases      ] GC(387)   Post Evacuate Collection Set: 1.07ms
[3639.043s][info][gc,phases      ] GC(387)   Other: 0.06ms
[3639.043s][info][gc,heap        ] GC(387) Eden regions: 571->0(571)
[3639.043s][info][gc,heap        ] GC(387) Survivor regions: 43->43(77)
[3639.043s][info][gc,heap        ] GC(387) Old regions: 156->163
[3639.043s][info][gc,heap        ] GC(387) Humongous regions: 33->33
[3639.043s][info][gc,metaspace   ] GC(387) Metaspace: 29977K(30144K)->29977K(30144K) NonClass: 29977K(30144K)->29977K(30144K) Class: 0K(0K)->0K(0K)
[3639.043s][info][gc             ] GC(387) Pause Young (Normal) (G1 Evacuation Pause) 6409M->1891M(8192M) 148.544ms
[3639.043s][info][gc,cpu         ] GC(387) User=1.18s Sys=0.00s Real=0.15s
...|...[3645.456s][info][gc,start       ] GC(388) Pause Young (Normal) (G1 Evacuation Pause)
[3645.456s][info][gc,task        ] GC(388) Using 8 workers of 8 for evacuation
[3645.609s][info][gc,phases      ] GC(388)   Pre Evacuate Collection Set: 0.25ms
[3645.609s][info][gc,phases      ] GC(388)   Merge Heap Roots: 0.53ms
[3645.609s][info][gc,phases      ] GC(388)   Evacuate Collection Set: 150.79ms
[3645.609s][info][gc,phases      ] GC(388)   Post Evacuate Collection Set: 1.11ms
[3645.609s][info][gc,phases      ] GC(388)   Other: 0.07ms
[3645.609s][info][gc,heap        ] GC(388) Eden regions: 571->0(570)
[3645.609s][info][gc,heap        ] GC(388) Survivor regions: 43->44(77)
[3645.609s][info][gc,heap        ] GC(388) Old regions: 163->170
[3645.609s][info][gc,heap        ] GC(388) Humongous regions: 33->33
[3645.609s][info][gc,metaspace   ] GC(388) Metaspace: 29977K(30144K)->29977K(30144K) NonClass: 29977K(30144K)->29977K(30144K) Class: 0K(0K)->0K(0K)
[3645.609s][info][gc             ] GC(388) Pause Young (Normal) (G1 Evacuation Pause) 6459M->1955M(8192M) 152.899ms
[3645.609s][info][gc,cpu         ] GC(388) User=1.21s Sys=0.00s Real=0.16s
.......[3652.100s][info][gc,start       ] GC(389) Pause Young (Normal) (G1 Evacuation Pause)
[3652.100s][info][gc,task        ] GC(389) Using 8 workers of 8 for evacuation
[3652.247s][info][gc,phases      ] GC(389)   Pre Evacuate Collection Set: 0.25ms
[3652.247s][info][gc,phases      ] GC(389)   Merge Heap Roots: 0.58ms
[3652.247s][info][gc,phases      ] GC(389)   Evacuate Collection Set: 144.42ms
[3652.247s][info][gc,phases      ] GC(389)   Post Evacuate Collection Set: 1.05ms
[3652.247s][info][gc,phases      ] GC(389)   Other: 0.06ms
[3652.247s][info][gc,heap        ] GC(389) Eden regions: 570->0(571)
[3652.247s][info][gc,heap        ] GC(389) Survivor regions: 44->43(77)
[3652.247s][info][gc,heap        ] GC(389) Old regions: 170->177
[3652.247s][info][gc,heap        ] GC(389) Humongous regions: 33->33
[3652.247s][info][gc,metaspace   ] GC(389) Metaspace: 29977K(30144K)->29977K(30144K) NonClass: 29977K(30144K)->29977K(30144K) Class: 0K(0K)->0K(0K)
[3652.247s][info][gc             ] GC(389) Pause Young (Normal) (G1 Evacuation Pause) 6515M->2005M(8192M) 146.497ms
[3652.247s][info][gc,cpu         ] GC(389) User=1.16s Sys=0.00s Real=0.14s
.......[3658.726s][info][gc,start       ] GC(390) Pause Young (Normal) (G1 Evacuation Pause)
[3658.726s][info][gc,task        ] GC(390) Using 8 workers of 8 for evacuation
[3658.872s][info][gc,phases      ] GC(390)   Pre Evacuate Collection Set: 0.26ms
[3658.872s][info][gc,phases      ] GC(390)   Merge Heap Roots: 0.67ms
[3658.872s][info][gc,phases      ] GC(390)   Evacuate Collection Set: 143.95ms
[3658.872s][info][gc,phases      ] GC(390)   Post Evacuate Collection Set: 1.08ms
[3658.872s][info][gc,phases      ] GC(390)   Other: 0.06ms
[3658.872s][info][gc,heap        ] GC(390) Eden regions: 571->0(572)
[3658.872s][info][gc,heap        ] GC(390) Survivor regions: 43->42(77)
[3658.872s][info][gc,heap        ] GC(390) Old regions: 177->184
[3658.872s][info][gc,heap        ] GC(390) Humongous regions: 33->33
[3658.872s][info][gc,metaspace   ] GC(390) Metaspace: 29977K(30144K)->29977K(30144K) NonClass: 29977K(30144K)->29977K(30144K) Class: 0K(0K)->0K(0K)
[3658.872s][info][gc             ] GC(390) Pause Young (Normal) (G1 Evacuation Pause) 6573M->2053M(8192M) 146.141ms
[3658.872s][info][gc,cpu         ] GC(390) User=1.15s Sys=0.00s Real=0.15s
......[3665.358s][info][gc,start       ] GC(391) Pause Young (Normal) (G1 Evacuation Pause)
[3665.358s][info][gc,task        ] GC(391) Using 8 workers of 8 for evacuation
[3665.507s][info][gc,phases      ] GC(391)   Pre Evacuate Collection Set: 0.25ms
[3665.507s][info][gc,phases      ] GC(391)   Merge Heap Roots: 0.55ms
[3665.507s][info][gc,phases      ] GC(391)   Evacuate Collection Set: 147.44ms
[3665.507s][info][gc,phases      ] GC(391)   Post Evacuate Collection Set: 1.05ms
[3665.507s][info][gc,phases      ] GC(391)   Other: 0.06ms
[3665.507s][info][gc,heap        ] GC(391) Eden regions: 572->0(571)
[3665.507s][info][gc,heap        ] GC(391) Survivor regions: 42->43(77)
[3665.507s][info][gc,heap        ] GC(391) Old regions: 184->191
[3665.507s][info][gc,heap        ] GC(391) Humongous regions: 33->33
[3665.507s][info][gc,metaspace   ] GC(391) Metaspace: 29977K(30144K)->29977K(30144K) NonClass: 29977K(30144K)->29977K(30144K) Class: 0K(0K)->0K(0K)
[3665.507s][info][gc             ] GC(391) Pause Young (Normal) (G1 Evacuation Pause) 6629M->2122M(8192M) 149.471ms
[3665.507s][info][gc,cpu         ] GC(391) User=1.19s Sys=0.00s Real=0.15s
.......[3671.900s][info][gc,start       ] GC(392) Pause Young (Normal) (G1 Evacuation Pause)
[3671.900s][info][gc,task        ] GC(392) Using 8 workers of 8 for evacuation
[3672.048s][info][gc,phases      ] GC(392)   Pre Evacuate Collection Set: 0.28ms
[3672.049s][info][gc,phases      ] GC(392)   Merge Heap Roots: 0.61ms
[3672.049s][info][gc,phases      ] GC(392)   Evacuate Collection Set: 146.15ms
[3672.049s][info][gc,phases      ] GC(392)   Post Evacuate Collection Set: 1.05ms
[3672.049s][info][gc,phases      ] GC(392)   Other: 0.06ms
[3672.049s][info][gc,heap        ] GC(392) Eden regions: 571->0(571)
[3672.049s][info][gc,heap        ] GC(392) Survivor regions: 43->43(77)
[3672.049s][info][gc,heap        ] GC(392) Old regions: 191->198
[3672.049s][info][gc,heap        ] GC(392) Humongous regions: 33->33
[3672.049s][info][gc,metaspace   ] GC(392) Metaspace: 29977K(30144K)->29977K(30144K) NonClass: 29977K(30144K)->29977K(30144K) Class: 0K(0K)->0K(0K)
[3672.049s][info][gc             ] GC(392) Pause Young (Normal) (G1 Evacuation Pause) 6690M->2174M(8192M) 148.284ms
[3672.049s][info][gc,cpu         ] GC(392) User=1.17s Sys=0.00s Real=0.15s
......[3678.481s][info][gc,start       ] GC(393) Pause Young (Normal) (G1 Evacuation Pause)
[3678.481s][info][gc,task        ] GC(393) Using 8 workers of 8 for evacuation
[3678.632s][info][gc,phases      ] GC(393)   Pre Evacuate Collection Set: 0.25ms
[3678.632s][info][gc,phases      ] GC(393)   Merge Heap Roots: 0.53ms
[3678.632s][info][gc,phases      ] GC(393)   Evacuate Collection Set: 149.15ms
[3678.632s][info][gc,phases      ] GC(393)   Post Evacuate Collection Set: 1.05ms
[3678.632s][info][gc,phases      ] GC(393)   Other: 0.06ms
[3678.632s][info][gc,heap        ] GC(393) Eden regions: 571->0(570)
[3678.632s][info][gc,heap        ] GC(393) Survivor regions: 43->44(77)
[3678.632s][info][gc,heap        ] GC(393) Old regions: 198->205
[3678.632s][info][gc,heap        ] GC(393) Humongous regions: 33->33
[3678.632s][info][gc,metaspace   ] GC(393) Metaspace: 29977K(30144K)->29977K(30144K) NonClass: 29977K(30144K)->29977K(30144K) Class: 0K(0K)->0K(0K)
[3678.632s][info][gc             ] GC(393) Pause Young (Normal) (G1 Evacuation Pause) 6742M->2239M(8192M) 151.169ms
[3678.632s][info][gc,cpu         ] GC(393) User=1.19s Sys=0.00s Real=0.15s
.......[3685.103s][info][gc,start       ] GC(394) Pause Young (Normal) (G1 Evacuation Pause)
[3685.103s][info][gc,task        ] GC(394) Using 8 workers of 8 for evacuation
[3685.252s][info][gc,phases      ] GC(394)   Pre Evacuate Collection Set: 0.24ms
[3685.252s][info][gc,phases      ] GC(394)   Merge Heap Roots: 0.53ms
[3685.252s][info][gc,phases      ] GC(394)   Evacuate Collection Set: 146.54ms
[3685.252s][info][gc,phases      ] GC(394)   Post Evacuate Collection Set: 1.01ms
[3685.252s][info][gc,phases      ] GC(394)   Other: 0.06ms
[3685.252s][info][gc,heap        ] GC(394) Eden regions: 570->0(571)
[3685.252s][info][gc,heap        ] GC(394) Survivor regions: 44->43(77)
[3685.252s][info][gc,heap        ] GC(394) Old regions: 205->212
[3685.252s][info][gc,heap        ] GC(394) Humongous regions: 33->33
[3685.252s][info][gc,metaspace   ] GC(394) Metaspace: 29977K(30144K)->29977K(30144K) NonClass: 29977K(30144K)->29977K(30144K) Class: 0K(0K)->0K(0K)
[3685.252s][info][gc             ] GC(394) Pause Young (Normal) (G1 Evacuation Pause) 6799M->2291M(8192M) 148.503ms
[3685.252s][info][gc,cpu         ] GC(394) User=1.18s Sys=0.00s Real=0.15s
......[3691.678s][info][gc,start       ] GC(395) Pause Young (Normal) (G1 Evacuation Pause)
[3691.678s][info][gc,task        ] GC(395) Using 8 workers of 8 for evacuation
[3691.826s][info][gc,phases      ] GC(395)   Pre Evacuate Collection Set: 0.27ms
[3691.826s][info][gc,phases      ] GC(395)   Merge Heap Roots: 0.56ms
[3691.826s][info][gc,phases      ] GC(395)   Evacuate Collection Set: 145.16ms
[3691.826s][info][gc,phases      ] GC(395)   Post Evacuate Collection Set: 1.02ms
[3691.826s][info][gc,phases      ] GC(395)   Other: 0.08ms
[3691.826s][info][gc,heap        ] GC(395) Eden regions: 571->0(571)
[3691.826s][info][gc,heap        ] GC(395) Survivor regions: 43->43(77)
[3691.826s][info][gc,heap        ] GC(395) Old regions: 212->220
[3691.826s][info][gc,heap        ] GC(395) Humongous regions: 33->33
[3691.826s][info][gc,metaspace   ] GC(395) Metaspace: 29977K(30144K)->29977K(30144K) NonClass: 29977K(30144K)->29977K(30144K) Class: 0K(0K)->0K(0K)
[3691.826s][info][gc             ] GC(395) Pause Young (Normal) (G1 Evacuation Pause) 6859M->2345M(8192M) 147.238ms
[3691.826s][info][gc,cpu         ] GC(395) User=1.16s Sys=0.00s Real=0.14s
.......[3698.277s][info][gc,start       ] GC(396) Pause Young (Normal) (G1 Evacuation Pause)
[3698.277s][info][gc,task        ] GC(396) Using 8 workers of 8 for evacuation
[3698.425s][info][gc,phases      ] GC(396)   Pre Evacuate Collection Set: 0.24ms
[3698.425s][info][gc,phases      ] GC(396)   Merge Heap Roots: 0.53ms
[3698.425s][info][gc,phases      ] GC(396)   Evacuate Collection Set: 145.38ms
[3698.425s][info][gc,phases      ] GC(396)   Post Evacuate Collection Set: 1.06ms
[3698.425s][info][gc,phases      ] GC(396)   Other: 0.06ms
[3698.425s][info][gc,heap        ] GC(396) Eden regions: 571->0(571)
[3698.425s][info][gc,heap        ] GC(396) Survivor regions: 43->43(77)
[3698.425s][info][gc,heap        ] GC(396) Old regions: 220->227
[3698.425s][info][gc,heap        ] GC(396) Humongous regions: 33->33
[3698.425s][info][gc,metaspace   ] GC(396) Metaspace: 29977K(30144K)->29977K(30144K) NonClass: 29977K(30144K)->29977K(30144K) Class: 0K(0K)->0K(0K)
[3698.425s][info][gc             ] GC(396) Pause Young (Normal) (G1 Evacuation Pause) 6913M->2405M(8192M) 147.400ms
[3698.425s][info][gc,cpu         ] GC(396) User=1.17s Sys=0.00s Real=0.14s
.... (rIR:aIR:PR = 5812:5813:5813) (tPR = 86815) [OK] 
  3701s: Performance info:
         Transaction,    Success,    Partial,     Failed,   Receipts, AvgBarcode, 
             Overall,     349673,          0,          0,     332172,      59.47, 
         Response times:
             Request,    Success,    Partial,     Failed,   SkipFail,     Probes,    Samples,      min,      p50,      p90,      p95,      p99,      max, 
       TotalPurchase,     332172,          0,          0,          0,     325944,     348197,      400,     3700,     6700,     8200,    51000,   252000,
     InStorePurchase,     174861,          0,          0,          0,     171848,     183071,      400,     3800,     6700,     8200,    52000,   251000,
      OnlinePurchase,     122351,          0,          0,          0,     120004,     128375,      400,     3900,     6800,     8300,    52000,   252000,
        InstPurchase,      34960,          0,          0,          0,      34092,      36751,      500,     3100,     6600,     7900,    49000,   248000,
          AssocOfCat,        350,          0,          0,          0,        269,        351,    22000,    34000,    48000,    54000,   170720,   203000,
      AssocOfProduct,       3492,          0,          0,          0,       3249,       3679,      700,     4800,     7200,     9000,    59000,   155000,
      BusinessReport,        877,          0,          0,          0,        772,        923,    27000,    37000,    53000,    75800,   195520,   227000,
          CustBuyBeh,       3504,          0,          0,          0,       3254,       3713,      200,     3700,     6700,     8400,    52000,   157000,
       ProductReturn,       9278,          0,          0,          0,       8790,       9591,      200,     3800,     6400,     7740,    54000,   160000,

  3701s: (43%)   IR =   5950 ..[3704.811s][info][gc,start       ] GC(397) Pause Young (Normal) (G1 Evacuation Pause)
[3704.811s][info][gc,task        ] GC(397) Using 8 workers of 8 for evacuation
[3704.960s][info][gc,phases      ] GC(397)   Pre Evacuate Collection Set: 0.24ms
[3704.960s][info][gc,phases      ] GC(397)   Merge Heap Roots: 0.54ms
[3704.960s][info][gc,phases      ] GC(397)   Evacuate Collection Set: 146.68ms
[3704.960s][info][gc,phases      ] GC(397)   Post Evacuate Collection Set: 1.07ms
[3704.960s][info][gc,phases      ] GC(397)   Other: 0.06ms
[3704.960s][info][gc,heap        ] GC(397) Eden regions: 571->0(571)
[3704.960s][info][gc,heap        ] GC(397) Survivor regions: 43->43(77)
[3704.960s][info][gc,heap        ] GC(397) Old regions: 227->234
[3704.960s][info][gc,heap        ] GC(397) Humongous regions: 33->33
[3704.960s][info][gc,metaspace   ] GC(397) Metaspace: 29977K(30144K)->29977K(30144K) NonClass: 29977K(30144K)->29977K(30144K) Class: 0K(0K)->0K(0K)
[3704.960s][info][gc             ] GC(397) Pause Young (Normal) (G1 Evacuation Pause) 6973M->2459M(8192M) 148.762ms
[3704.960s][info][gc,cpu         ] GC(397) User=1.17s Sys=0.00s Real=0.15s
.....|..[3711.208s][info][gc,start       ] GC(398) Pause Young (Normal) (G1 Evacuation Pause)
[3711.208s][info][gc,task        ] GC(398) Using 8 workers of 8 for evacuation
[3711.353s][info][gc,phases      ] GC(398)   Pre Evacuate Collection Set: 0.26ms
[3711.353s][info][gc,phases      ] GC(398)   Merge Heap Roots: 0.53ms
[3711.353s][info][gc,phases      ] GC(398)   Evacuate Collection Set: 143.10ms
[3711.353s][info][gc,phases      ] GC(398)   Post Evacuate Collection Set: 1.03ms
[3711.353s][info][gc,phases      ] GC(398)   Other: 0.06ms
[3711.353s][info][gc,heap        ] GC(398) Eden regions: 571->0(571)
[3711.353s][info][gc,heap        ] GC(398) Survivor regions: 43->43(77)
[3711.353s][info][gc,heap        ] GC(398) Old regions: 234->241
[3711.353s][info][gc,heap        ] GC(398) Humongous regions: 33->33
[3711.353s][info][gc,metaspace   ] GC(398) Metaspace: 29977K(30144K)->29977K(30144K) NonClass: 29977K(30144K)->29977K(30144K) Class: 0K(0K)->0K(0K)
[3711.353s][info][gc             ] GC(398) Pause Young (Normal) (G1 Evacuation Pause) 7027M->2518M(8192M) 145.103ms
[3711.353s][info][gc,cpu         ] GC(398) User=1.15s Sys=0.00s Real=0.14s
......[3717.721s][info][gc,start       ] GC(399) Pause Young (Normal) (G1 Evacuation Pause)
[3717.721s][info][gc,task        ] GC(399) Using 8 workers of 8 for evacuation
[3717.866s][info][gc,phases      ] GC(399)   Pre Evacuate Collection Set: 0.25ms
[3717.866s][info][gc,phases      ] GC(399)   Merge Heap Roots: 0.53ms
[3717.866s][info][gc,phases      ] GC(399)   Evacuate Collection Set: 142.43ms
[3717.866s][info][gc,phases      ] GC(399)   Post Evacuate Collection Set: 1.08ms
[3717.866s][info][gc,phases      ] GC(399)   Other: 0.06ms
[3717.866s][info][gc,heap        ] GC(399) Eden regions: 571->0(572)
[3717.866s][info][gc,heap        ] GC(399) Survivor regions: 43->42(77)
[3717.866s][info][gc,heap        ] GC(399) Old regions: 241->248
[3717.866s][info][gc,heap        ] GC(399) Humongous regions: 33->33
[3717.866s][info][gc,metaspace   ] GC(399) Metaspace: 29977K(30144K)->29977K(30144K) NonClass: 29977K(30144K)->29977K(30144K) Class: 0K(0K)->0K(0K)
[3717.866s][info][gc             ] GC(399) Pause Young (Normal) (G1 Evacuation Pause) 7086M->2567M(8192M) 144.476ms
[3717.866s][info][gc,cpu         ] GC(399) User=1.14s Sys=0.00s Real=0.14s
.......[3724.171s][info][gc,start       ] GC(400) Pause Young (Normal) (G1 Evacuation Pause)
[3724.171s][info][gc,task        ] GC(400) Using 8 workers of 8 for evacuation
[3724.317s][info][gc,phases      ] GC(400)   Pre Evacuate Collection Set: 0.27ms
[3724.317s][info][gc,phases      ] GC(400)   Merge Heap Roots: 0.59ms
[3724.317s][info][gc,phases      ] GC(400)   Evacuate Collection Set: 144.75ms
[3724.317s][info][gc,phases      ] GC(400)   Post Evacuate Collection Set: 1.05ms
[3724.317s][info][gc,phases      ] GC(400)   Other: 0.06ms
[3724.317s][info][gc,heap        ] GC(400) Eden regions: 572->0(571)
[3724.317s][info][gc,heap        ] GC(400) Survivor regions: 42->43(77)
[3724.317s][info][gc,heap        ] GC(400) Old regions: 248->255
[3724.317s][info][gc,heap        ] GC(400) Humongous regions: 33->33
[3724.317s][info][gc,metaspace   ] GC(400) Metaspace: 29977K(30144K)->29977K(30144K) NonClass: 29977K(30144K)->29977K(30144K) Class: 0K(0K)->0K(0K)
[3724.317s][info][gc             ] GC(400) Pause Young (Normal) (G1 Evacuation Pause) 7143M->2631M(8192M) 146.854ms
[3724.318s][info][gc,cpu         ] GC(400) User=1.16s Sys=0.00s Real=0.15s
......[3730.618s][info][gc,start       ] GC(401) Pause Young (Normal) (G1 Evacuation Pause)
[3730.618s][info][gc,task        ] GC(401) Using 8 workers of 8 for evacuation
[3730.768s][info][gc,phases      ] GC(401)   Pre Evacuate Collection Set: 0.26ms
[3730.768s][info][gc,phases      ] GC(401)   Merge Heap Roots: 0.69ms
[3730.768s][info][gc,phases      ] GC(401)   Evacuate Collection Set: 147.77ms
[3730.768s][info][gc,phases      ] GC(401)   Post Evacuate Collection Set: 1.05ms
[3730.768s][info][gc,phases      ] GC(401)   Other: 0.07ms
[3730.768s][info][gc,heap        ] GC(401) Eden regions: 571->0(571)
[3730.768s][info][gc,heap        ] GC(401) Survivor regions: 43->43(77)
[3730.768s][info][gc,heap        ] GC(401) Old regions: 255->262
[3730.768s][info][gc,heap        ] GC(401) Humongous regions: 33->33
[3730.768s][info][gc,metaspace   ] GC(401) Metaspace: 29977K(30144K)->29977K(30144K) NonClass: 29977K(30144K)->29977K(30144K) Class: 0K(0K)->0K(0K)
[3730.768s][info][gc             ] GC(401) Pause Young (Normal) (G1 Evacuation Pause) 7199M->2690M(8192M) 149.987ms
[3730.768s][info][gc,cpu         ] GC(401) User=1.19s Sys=0.00s Real=0.15s
.......[3737.056s][info][gc,start       ] GC(402) Pause Young (Normal) (G1 Evacuation Pause)
[3737.056s][info][gc,task        ] GC(402) Using 8 workers of 8 for evacuation
[3737.201s][info][gc,phases      ] GC(402)   Pre Evacuate Collection Set: 0.26ms
[3737.201s][info][gc,phases      ] GC(402)   Merge Heap Roots: 0.57ms
[3737.201s][info][gc,phases      ] GC(402)   Evacuate Collection Set: 142.29ms
[3737.201s][info][gc,phases      ] GC(402)   Post Evacuate Collection Set: 1.02ms
[3737.201s][info][gc,phases      ] GC(402)   Other: 0.06ms
[3737.201s][info][gc,heap        ] GC(402) Eden regions: 571->0(571)
[3737.201s][info][gc,heap        ] GC(402) Survivor regions: 43->43(77)
[3737.201s][info][gc,heap        ] GC(402) Old regions: 262->269
[3737.201s][info][gc,heap        ] GC(402) Humongous regions: 33->33
[3737.201s][info][gc,metaspace   ] GC(402) Metaspace: 29977K(30144K)->29977K(30144K) NonClass: 29977K(30144K)->29977K(30144K) Class: 0K(0K)->0K(0K)
[3737.201s][info][gc             ] GC(402) Pause Young (Normal) (G1 Evacuation Pause) 7258M->2741M(8192M) 144.329ms
[3737.201s][info][gc,cpu         ] GC(402) User=1.14s Sys=0.00s Real=0.15s
......[3743.546s][info][gc,start       ] GC(403) Pause Young (Normal) (G1 Evacuation Pause)
[3743.546s][info][gc,task        ] GC(403) Using 8 workers of 8 for evacuation
[3743.692s][info][gc,phases      ] GC(403)   Pre Evacuate Collection Set: 0.25ms
[3743.692s][info][gc,phases      ] GC(403)   Merge Heap Roots: 0.58ms
[3743.692s][info][gc,phases      ] GC(403)   Evacuate Collection Set: 144.21ms
[3743.692s][info][gc,phases      ] GC(403)   Post Evacuate Collection Set: 1.06ms
[3743.692s][info][gc,phases      ] GC(403)   Other: 0.06ms
[3743.692s][info][gc,heap        ] GC(403) Eden regions: 571->0(571)
[3743.692s][info][gc,heap        ] GC(403) Survivor regions: 43->43(77)
[3743.692s][info][gc,heap        ] GC(403) Old regions: 269->276
[3743.692s][info][gc,heap        ] GC(403) Humongous regions: 33->33
[3743.692s][info][gc,metaspace   ] GC(403) Metaspace: 29977K(30144K)->29977K(30144K) NonClass: 29977K(30144K)->29977K(30144K) Class: 0K(0K)->0K(0K)
[3743.692s][info][gc             ] GC(403) Pause Young (Normal) (G1 Evacuation Pause) 7309M->2797M(8192M) 146.291ms
[3743.692s][info][gc,cpu         ] GC(403) User=1.16s Sys=0.00s Real=0.15s
......[3749.926s][info][gc,start       ] GC(404) Pause Young (Normal) (G1 Evacuation Pause)
[3749.926s][info][gc,task        ] GC(404) Using 8 workers of 8 for evacuation
[3750.073s][info][gc,phases      ] GC(404)   Pre Evacuate Collection Set: 0.27ms
[3750.073s][info][gc,phases      ] GC(404)   Merge Heap Roots: 0.70ms
[3750.073s][info][gc,phases      ] GC(404)   Evacuate Collection Set: 144.80ms
[3750.073s][info][gc,phases      ] GC(404)   Post Evacuate Collection Set: 1.05ms
[3750.073s][info][gc,phases      ] GC(404)   Other: 0.09ms
[3750.073s][info][gc,heap        ] GC(404) Eden regions: 571->0(570)
[3750.073s][info][gc,heap        ] GC(404) Survivor regions: 43->43(77)
[3750.073s][info][gc,heap        ] GC(404) Old regions: 276->283
[3750.073s][info][gc,heap        ] GC(404) Humongous regions: 33->33
[3750.073s][info][gc,metaspace   ] GC(404) Metaspace: 29977K(30144K)->29977K(30144K) NonClass: 29977K(30144K)->29977K(30144K) Class: 0K(0K)->0K(0K)
[3750.073s][info][gc             ] GC(404) Pause Young (Normal) (G1 Evacuation Pause) 7365M->2859M(8192M) 147.091ms
[3750.073s][info][gc,cpu         ] GC(404) User=1.16s Sys=0.00s Real=0.15s
.......[3756.370s][info][gc,start       ] GC(405) Pause Young (Normal) (G1 Evacuation Pause)
[3756.370s][info][gc,task        ] GC(405) Using 8 workers of 8 for evacuation
[3756.520s][info][gc,phases      ] GC(405)   Pre Evacuate Collection Set: 0.24ms
[3756.520s][info][gc,phases      ] GC(405)   Merge Heap Roots: 0.59ms
[3756.520s][info][gc,phases      ] GC(405)   Evacuate Collection Set: 147.63ms
[3756.520s][info][gc,phases      ] GC(405)   Post Evacuate Collection Set: 1.05ms
[3756.520s][info][gc,phases      ] GC(405)   Other: 0.07ms
[3756.520s][info][gc,heap        ] GC(405) Eden regions: 570->0(560)
[3756.520s][info][gc,heap        ] GC(405) Survivor regions: 43->44(77)
[3756.520s][info][gc,heap        ] GC(405) Old regions: 283->291
[3756.520s][info][gc,heap        ] GC(405) Humongous regions: 33->33
[3756.520s][info][gc,metaspace   ] GC(405) Metaspace: 29977K(30144K)->29977K(30144K) NonClass: 29977K(30144K)->29977K(30144K) Class: 0K(0K)->0K(0K)
[3756.520s][info][gc             ] GC(405) Pause Young (Normal) (G1 Evacuation Pause) 7419M->2925M(8192M) 149.721ms
[3756.520s][info][gc,cpu         ] GC(405) User=1.19s Sys=0.00s Real=0.15s
......[3762.748s][info][gc,start       ] GC(406) Pause Young (Normal) (G1 Evacuation Pause)
[3762.748s][info][gc,task        ] GC(406) Using 8 workers of 8 for evacuation
[3762.892s][info][gc,phases      ] GC(406)   Pre Evacuate Collection Set: 0.26ms
[3762.892s][info][gc,phases      ] GC(406)   Merge Heap Roots: 0.54ms
[3762.892s][info][gc,phases      ] GC(406)   Evacuate Collection Set: 141.92ms
[3762.892s][info][gc,phases      ] GC(406)   Post Evacuate Collection Set: 1.05ms
[3762.892s][info][gc,phases      ] GC(406)   Other: 0.07ms
[3762.892s][info][gc,heap        ] GC(406) Eden regions: 560->0(557)
[3762.892s][info][gc,heap        ] GC(406) Survivor regions: 44->42(76)
[3762.892s][info][gc,heap        ] GC(406) Old regions: 291->298
[3762.892s][info][gc,heap        ] GC(406) Humongous regions: 33->33
[3762.892s][info][gc,metaspace   ] GC(406) Metaspace: 29977K(30144K)->29977K(30144K) NonClass: 29977K(30144K)->29977K(30144K) Class: 0K(0K)->0K(0K)
[3762.892s][info][gc             ] GC(406) Pause Young (Normal) (G1 Evacuation Pause) 7405M->2969M(8192M) 143.964ms
[3762.892s][info][gc,cpu         ] GC(406) User=1.14s Sys=0.00s Real=0.14s
......[3769.001s][info][gc,start       ] GC(407) Pause Young (Normal) (G1 Evacuation Pause)
[3769.001s][info][gc,task        ] GC(407) Using 8 workers of 8 for evacuation
[3769.145s][info][gc,phases      ] GC(407)   Pre Evacuate Collection Set: 0.24ms
[3769.145s][info][gc,phases      ] GC(407)   Merge Heap Roots: 0.54ms
[3769.145s][info][gc,phases      ] GC(407)   Evacuate Collection Set: 142.27ms
[3769.145s][info][gc,phases      ] GC(407)   Post Evacuate Collection Set: 1.04ms
[3769.145s][info][gc,phases      ] GC(407)   Other: 0.06ms
[3769.145s][info][gc,heap        ] GC(407) Eden regions: 557->0(552)
[3769.145s][info][gc,heap        ] GC(407) Survivor regions: 42->41(75)
[3769.145s][info][gc,heap        ] GC(407) Old regions: 298->305
[3769.145s][info][gc,heap        ] GC(407) Humongous regions: 33->33
[3769.145s][info][gc,metaspace   ] GC(407) Metaspace: 29977K(30144K)->29977K(30144K) NonClass: 29977K(30144K)->29977K(30144K) Class: 0K(0K)->0K(0K)
[3769.145s][info][gc             ] GC(407) Pause Young (Normal) (G1 Evacuation Pause) 7425M->3019M(8192M) 144.278ms
[3769.146s][info][gc,cpu         ] GC(407) User=1.14s Sys=0.00s Real=0.14s
. (rIR:aIR:PR = 5950:5936:5936) (tPR = 88020) [OK] 
  3769s: Performance info:
         Transaction,    Success,    Partial,     Failed,   Receipts, AvgBarcode, 
             Overall,     357187,          0,          0,     339330,      59.47, 
         Response times:
             Request,    Success,    Partial,     Failed,   SkipFail,     Probes,    Samples,      min,      p50,      p90,      p95,      p99,      max, 
       TotalPurchase,     339330,          0,          0,          0,     332971,     374193,      300,     3800,     6900,     8200,    41000,   305000,
     InStorePurchase,     178589,          0,          0,          0,     175502,     196967,      300,     3800,     6900,     8100,    40000,   304000,
      OnlinePurchase,     125047,          0,          0,          0,     122635,     137724,      300,     3900,     6900,     8200,    41000,   304000,
        InstPurchase,      35694,          0,          0,          0,      34834,      39502,      500,     3800,     6900,     8300,    44000,   305000,
          AssocOfCat,        360,          0,          0,          0,        276,        366,    25000,    35000,    47000,    54650,    79310,    93000,
      AssocOfProduct,       3568,          0,          0,          0,       3270,       3880,      500,     3000,     6900,     8100,    27380,   156000,
      BusinessReport,        896,          0,          0,          0,        780,        998,    26000,    37000,    53000,    62050,   130040,   214000,
          CustBuyBeh,       3566,          0,          0,          0,       3246,       3820,      200,     4000,     6600,     7900,    42790,   158000,
       ProductReturn,       9467,          0,          0,          0,       9039,      10552,      200,     3700,     6800,     8000,    39000,   158000,

  3769s: (44%)   IR =   6088 .....|[3775.105s][info][gc,start       ] GC(408) Pause Young (Normal) (G1 Evacuation Pause)
[3775.105s][info][gc,task        ] GC(408) Using 8 workers of 8 for evacuation
[3775.252s][info][gc,phases      ] GC(408)   Pre Evacuate Collection Set: 0.28ms
[3775.252s][info][gc,phases      ] GC(408)   Merge Heap Roots: 0.67ms
[3775.252s][info][gc,phases      ] GC(408)   Evacuate Collection Set: 144.47ms
[3775.252s][info][gc,phases      ] GC(408)   Post Evacuate Collection Set: 1.03ms
[3775.252s][info][gc,phases      ] GC(408)   Other: 0.07ms
[3775.252s][info][gc,heap        ] GC(408) Eden regions: 552->0(540)
[3775.252s][info][gc,heap        ] GC(408) Survivor regions: 41->43(75)
[3775.252s][info][gc,heap        ] GC(408) Old regions: 305->313
[3775.252s][info][gc,heap        ] GC(408) Humongous regions: 33->33
[3775.252s][info][gc,metaspace   ] GC(408) Metaspace: 29977K(30144K)->29977K(30144K) NonClass: 29977K(30144K)->29977K(30144K) Class: 0K(0K)->0K(0K)
[3775.252s][info][gc             ] GC(408) Pause Young (Normal) (G1 Evacuation Pause) 7435M->3090M(8192M) 146.670ms
[3775.252s][info][gc,cpu         ] GC(408) User=1.16s Sys=0.00s Real=0.15s
......[3781.055s][info][gc,start       ] GC(409) Pause Young (Concurrent Start) (G1 Evacuation Pause)
[3781.056s][info][gc,task        ] GC(409) Using 8 workers of 8 for evacuation
[3781.200s][info][gc,phases      ] GC(409)   Pre Evacuate Collection Set: 0.31ms
[3781.200s][info][gc,phases      ] GC(409)   Merge Heap Roots: 0.57ms
[3781.200s][info][gc,phases      ] GC(409)   Evacuate Collection Set: 142.22ms
[3781.200s][info][gc,phases      ] GC(409)   Post Evacuate Collection Set: 1.06ms
[3781.200s][info][gc,phases      ] GC(409)   Other: 0.10ms
[3781.200s][info][gc,heap        ] GC(409) Eden regions: 540->0(535)
[3781.200s][info][gc,heap        ] GC(409) Survivor regions: 43->42(73)
[3781.200s][info][gc,heap        ] GC(409) Old regions: 313->320
[3781.200s][info][gc,heap        ] GC(409) Humongous regions: 33->33
[3781.200s][info][gc,metaspace   ] GC(409) Metaspace: 29977K(30144K)->29977K(30144K) NonClass: 29977K(30144K)->29977K(30144K) Class: 0K(0K)->0K(0K)
[3781.200s][info][gc             ] GC(409) Pause Young (Concurrent Start) (G1 Evacuation Pause) 7410M->3143M(8192M) 144.385ms
[3781.200s][info][gc             ] GC(410) Concurrent Mark Cycle
[3781.200s][info][gc,marking     ] GC(410) Concurrent Scan Root Regions
[3781.200s][info][gc,cpu         ] GC(409) User=1.14s Sys=0.00s Real=0.15s
.[3781.484s][info][gc,marking     ] GC(410) Concurrent Scan Root Regions 284.216ms
[3781.484s][info][gc,marking     ] GC(410) Concurrent Mark
[3781.484s][info][gc,marking     ] GC(410) Concurrent Mark From Roots
[3781.484s][info][gc,task        ] GC(410) Using 2 workers of 2 for marking
[3782.074s][info][gc,marking     ] GC(410) Concurrent Mark From Roots 589.940ms
[3782.074s][info][gc,marking     ] GC(410) Concurrent Preclean
[3782.074s][info][gc,marking     ] GC(410) Concurrent Preclean 0.122ms
[3782.074s][info][gc,start       ] GC(410) Pause Remark
[3782.076s][info][gc             ] GC(410) Pause Remark 3875M->3347M(8192M) 1.897ms
[3782.076s][info][gc,cpu         ] GC(410) User=0.01s Sys=0.00s Real=0.00s
[3782.076s][info][gc,marking     ] GC(410) Concurrent Mark 592.225ms
[3782.076s][info][gc,marking     ] GC(410) Concurrent Rebuild Remembered Sets and Scrub Regions
.[3782.441s][info][gc,marking     ] GC(410) Concurrent Rebuild Remembered Sets and Scrub Regions 364.346ms
[3782.441s][info][gc,start       ] GC(410) Pause Cleanup
[3782.441s][info][gc             ] GC(410) Pause Cleanup 3608M->3608M(8192M) 0.283ms
[3782.441s][info][gc,cpu         ] GC(410) User=0.00s Sys=0.00s Real=0.00s
[3782.441s][info][gc,marking     ] GC(410) Concurrent Clear Claimed Marks
[3782.441s][info][gc,marking     ] GC(410) Concurrent Clear Claimed Marks 0.045ms
[3782.441s][info][gc,marking     ] GC(410) Concurrent Cleanup for Next Mark
[3782.454s][info][gc,marking     ] GC(410) Concurrent Cleanup for Next Mark 12.855ms
[3782.454s][info][gc             ] GC(410) Concurrent Mark Cycle 1254.367ms
....[3786.922s][info][gc,start       ] GC(411) Pause Young (Prepare Mixed) (G1 Evacuation Pause)
[3786.922s][info][gc,task        ] GC(411) Using 8 workers of 8 for evacuation
[3787.065s][info][gc,phases      ] GC(411)   Pre Evacuate Collection Set: 0.28ms
[3787.065s][info][gc,phases      ] GC(411)   Merge Heap Roots: 0.76ms
[3787.065s][info][gc,phases      ] GC(411)   Evacuate Collection Set: 140.64ms
[3787.065s][info][gc,phases      ] GC(411)   Post Evacuate Collection Set: 1.11ms
[3787.065s][info][gc,phases      ] GC(411)   Other: 0.06ms
[3787.065s][info][gc,heap        ] GC(411) Eden regions: 535->0(573)
[3787.065s][info][gc,heap        ] GC(411) Survivor regions: 42->41(73)
[3787.065s][info][gc,heap        ] GC(411) Old regions: 254->262
[3787.065s][info][gc,heap        ] GC(411) Humongous regions: 33->33
[3787.065s][info][gc,metaspace   ] GC(411) Metaspace: 29977K(30144K)->29977K(30144K) NonClass: 29977K(30144K)->29977K(30144K) Class: 0K(0K)->0K(0K)
[3787.065s][info][gc             ] GC(411) Pause Young (Prepare Mixed) (G1 Evacuation Pause) 6895M->2672M(8192M) 142.989ms
[3787.065s][info][gc,cpu         ] GC(411) User=1.13s Sys=0.00s Real=0.14s
......[3793.236s][info][gc,start       ] GC(412) Pause Young (Mixed) (G1 Evacuation Pause)
[3793.236s][info][gc,task        ] GC(412) Using 8 workers of 8 for evacuation
[3793.385s][info][gc,phases      ] GC(412)   Pre Evacuate Collection Set: 0.31ms
[3793.385s][info][gc,phases      ] GC(412)   Merge Heap Roots: 0.85ms
[3793.385s][info][gc,phases      ] GC(412)   Evacuate Collection Set: 146.34ms
[3793.385s][info][gc,phases      ] GC(412)   Post Evacuate Collection Set: 1.32ms
[3793.385s][info][gc,phases      ] GC(412)   Other: 0.08ms
[3793.385s][info][gc,heap        ] GC(412) Eden regions: 573->0(571)
[3793.385s][info][gc,heap        ] GC(412) Survivor regions: 41->43(77)
[3793.385s][info][gc,heap        ] GC(412) Old regions: 262->167
[3793.385s][info][gc,heap        ] GC(412) Humongous regions: 33->33
[3793.385s][info][gc,metaspace   ] GC(412) Metaspace: 29977K(30144K)->29977K(30144K) NonClass: 29977K(30144K)->29977K(30144K) Class: 0K(0K)->0K(0K)
[3793.385s][info][gc             ] GC(412) Pause Young (Mixed) (G1 Evacuation Pause) 7256M->1922M(8192M) 149.025ms
[3793.385s][info][gc,cpu         ] GC(412) User=1.17s Sys=0.00s Real=0.15s
.......[3799.554s][info][gc,start       ] GC(413) Pause Young (Mixed) (G1 Evacuation Pause)
[3799.554s][info][gc,task        ] GC(413) Using 8 workers of 8 for evacuation
[3799.711s][info][gc,phases      ] GC(413)   Pre Evacuate Collection Set: 0.26ms
[3799.711s][info][gc,phases      ] GC(413)   Merge Heap Roots: 0.84ms
[3799.711s][info][gc,phases      ] GC(413)   Evacuate Collection Set: 154.69ms
[3799.711s][info][gc,phases      ] GC(413)   Post Evacuate Collection Set: 1.07ms
[3799.711s][info][gc,phases      ] GC(413)   Other: 0.07ms
[3799.711s][info][gc,heap        ] GC(413) Eden regions: 571->0(571)
[3799.711s][info][gc,heap        ] GC(413) Survivor regions: 43->43(77)
[3799.711s][info][gc,heap        ] GC(413) Old regions: 167->143
[3799.711s][info][gc,heap        ] GC(413) Humongous regions: 33->33
[3799.711s][info][gc,metaspace   ] GC(413) Metaspace: 29977K(30144K)->29977K(30144K) NonClass: 29977K(30144K)->29977K(30144K) Class: 0K(0K)->0K(0K)
[3799.711s][info][gc             ] GC(413) Pause Young (Mixed) (G1 Evacuation Pause) 6490M->1737M(8192M) 157.073ms
[3799.711s][info][gc,cpu         ] GC(413) User=1.24s Sys=0.00s Real=0.16s
......[3805.858s][info][gc,start       ] GC(414) Pause Young (Normal) (G1 Evacuation Pause)
[3805.858s][info][gc,task        ] GC(414) Using 8 workers of 8 for evacuation
[3806.004s][info][gc,phases      ] GC(414)   Pre Evacuate Collection Set: 0.26ms
[3806.004s][info][gc,phases      ] GC(414)   Merge Heap Roots: 0.56ms
[3806.004s][info][gc,phases      ] GC(414)   Evacuate Collection Set: 143.52ms
[3806.004s][info][gc,phases      ] GC(414)   Post Evacuate Collection Set: 1.06ms
[3806.004s][info][gc,phases      ] GC(414)   Other: 0.07ms
[3806.004s][info][gc,heap        ] GC(414) Eden regions: 571->0(572)
[3806.004s][info][gc,heap        ] GC(414) Survivor regions: 43->42(77)
[3806.004s][info][gc,heap        ] GC(414) Old regions: 143->150
[3806.004s][info][gc,heap        ] GC(414) Humongous regions: 33->33
[3806.004s][info][gc,metaspace   ] GC(414) Metaspace: 29977K(30144K)->29977K(30144K) NonClass: 29977K(30144K)->29977K(30144K) Class: 0K(0K)->0K(0K)
[3806.004s][info][gc             ] GC(414) Pause Young (Normal) (G1 Evacuation Pause) 6305M->1783M(8192M) 145.619ms
[3806.004s][info][gc,cpu         ] GC(414) User=1.15s Sys=0.01s Real=0.14s
......[3812.190s][info][gc,start       ] GC(415) Pause Young (Normal) (G1 Evacuation Pause)
[3812.190s][info][gc,task        ] GC(415) Using 8 workers of 8 for evacuation
[3812.336s][info][gc,phases      ] GC(415)   Pre Evacuate Collection Set: 0.27ms
[3812.336s][info][gc,phases      ] GC(415)   Merge Heap Roots: 0.56ms
[3812.336s][info][gc,phases      ] GC(415)   Evacuate Collection Set: 144.20ms
[3812.336s][info][gc,phases      ] GC(415)   Post Evacuate Collection Set: 1.07ms
[3812.336s][info][gc,phases      ] GC(415)   Other: 0.07ms
[3812.336s][info][gc,heap        ] GC(415) Eden regions: 572->0(572)
[3812.336s][info][gc,heap        ] GC(415) Survivor regions: 42->42(77)
[3812.336s][info][gc,heap        ] GC(415) Old regions: 150->157
[3812.336s][info][gc,heap        ] GC(415) Humongous regions: 33->33
[3812.336s][info][gc,metaspace   ] GC(415) Metaspace: 29977K(30144K)->29977K(30144K) NonClass: 29977K(30144K)->29977K(30144K) Class: 0K(0K)->0K(0K)
[3812.336s][info][gc             ] GC(415) Pause Young (Normal) (G1 Evacuation Pause) 6359M->1842M(8192M) 146.290ms
[3812.336s][info][gc,cpu         ] GC(415) User=1.15s Sys=0.00s Real=0.14s
.......[3818.563s][info][gc,start       ] GC(416) Pause Young (Normal) (G1 Evacuation Pause)
[3818.563s][info][gc,task        ] GC(416) Using 8 workers of 8 for evacuation
[3818.710s][info][gc,phases      ] GC(416)   Pre Evacuate Collection Set: 0.25ms
[3818.710s][info][gc,phases      ] GC(416)   Merge Heap Roots: 0.54ms
[3818.710s][info][gc,phases      ] GC(416)   Evacuate Collection Set: 145.00ms
[3818.710s][info][gc,phases      ] GC(416)   Post Evacuate Collection Set: 1.05ms
[3818.710s][info][gc,phases      ] GC(416)   Other: 0.06ms
[3818.710s][info][gc,heap        ] GC(416) Eden regions: 572->0(571)
[3818.710s][info][gc,heap        ] GC(416) Survivor regions: 42->43(77)
[3818.710s][info][gc,heap        ] GC(416) Old regions: 157->164
[3818.710s][info][gc,heap        ] GC(416) Humongous regions: 33->33
[3818.710s][info][gc,metaspace   ] GC(416) Metaspace: 29977K(30144K)->29977K(30144K) NonClass: 29977K(30144K)->29977K(30144K) Class: 0K(0K)->0K(0K)
[3818.710s][info][gc             ] GC(416) Pause Young (Normal) (G1 Evacuation Pause) 6418M->1907M(8192M) 147.046ms
[3818.710s][info][gc,cpu         ] GC(416) User=1.16s Sys=0.00s Real=0.15s
......[3824.860s][info][gc,start       ] GC(417) Pause Young (Normal) (G1 Evacuation Pause)
[3824.860s][info][gc,task        ] GC(417) Using 8 workers of 8 for evacuation
[3825.005s][info][gc,phases      ] GC(417)   Pre Evacuate Collection Set: 0.25ms
[3825.005s][info][gc,phases      ] GC(417)   Merge Heap Roots: 0.54ms
[3825.005s][info][gc,phases      ] GC(417)   Evacuate Collection Set: 142.75ms
[3825.005s][info][gc,phases      ] GC(417)   Post Evacuate Collection Set: 1.05ms
[3825.005s][info][gc,phases      ] GC(417)   Other: 0.06ms
[3825.005s][info][gc,heap        ] GC(417) Eden regions: 571->0(572)
[3825.005s][info][gc,heap        ] GC(417) Survivor regions: 43->42(77)
[3825.005s][info][gc,heap        ] GC(417) Old regions: 164->172
[3825.005s][info][gc,heap        ] GC(417) Humongous regions: 33->33
[3825.005s][info][gc,metaspace   ] GC(417) Metaspace: 29977K(30144K)->29977K(30144K) NonClass: 29977K(30144K)->29977K(30144K) Class: 0K(0K)->0K(0K)
[3825.005s][info][gc             ] GC(417) Pause Young (Normal) (G1 Evacuation Pause) 6475M->1954M(8192M) 144.784ms
[3825.005s][info][gc,cpu         ] GC(417) User=1.14s Sys=0.00s Real=0.14s
......[3831.112s][info][gc,start       ] GC(418) Pause Young (Normal) (G1 Evacuation Pause)
[3831.112s][info][gc,task        ] GC(418) Using 8 workers of 8 for evacuation
[3831.262s][info][gc,phases      ] GC(418)   Pre Evacuate Collection Set: 0.28ms
[3831.262s][info][gc,phases      ] GC(418)   Merge Heap Roots: 0.57ms
[3831.262s][info][gc,phases      ] GC(418)   Evacuate Collection Set: 147.18ms
[3831.262s][info][gc,phases      ] GC(418)   Post Evacuate Collection Set: 1.08ms
[3831.262s][info][gc,phases      ] GC(418)   Other: 0.07ms
[3831.262s][info][gc,heap        ] GC(418) Eden regions: 572->0(571)
[3831.262s][info][gc,heap        ] GC(418) Survivor regions: 42->43(77)
[3831.262s][info][gc,heap        ] GC(418) Old regions: 172->179
[3831.262s][info][gc,heap        ] GC(418) Humongous regions: 33->33
[3831.262s][info][gc,metaspace   ] GC(418) Metaspace: 29977K(30144K)->29977K(30144K) NonClass: 29977K(30144K)->29977K(30144K) Class: 0K(0K)->0K(0K)
[3831.262s][info][gc             ] GC(418) Pause Young (Normal) (G1 Evacuation Pause) 6530M->2025M(8192M) 149.317ms
[3831.262s][info][gc,cpu         ] GC(418) User=1.18s Sys=0.00s Real=0.15s
.... (rIR:aIR:PR = 6088:6090:6090) (tPR = 90235) [OK] 
  3834s: Performance info:
         Transaction,    Success,    Partial,     Failed,   Receipts, AvgBarcode, 
             Overall,     366354,          0,          0,     348028,      59.48, 
         Response times:
             Request,    Success,    Partial,     Failed,   SkipFail,     Probes,    Samples,      min,      p50,      p90,      p95,      p99,      max, 
       TotalPurchase,     348026,          0,          0,          0,     340535,     371111,      300,     4000,     7200,     9000,    41000,   321000,
     InStorePurchase,     183172,          0,          0,          0,     179379,     195201,      300,     4000,     7200,     9000,    41000,   321000,
      OnlinePurchase,     128219,          0,          0,          0,     125592,     136840,      300,     3900,     7200,     8900,    42000,   271000,
        InstPurchase,      36635,          0,          0,          0,      35564,      39070,      400,     4100,     7400,     9200,    41000,   269000,
          AssocOfCat,        366,          0,          0,          0,        267,        338,    23000,    34500,    51000,    59050,   127930,   197000,
      AssocOfProduct,       3665,          0,          0,          0,       3399,       3940,      500,     3600,     7600,     9800,    43000,   270000,
      BusinessReport,        921,          0,          0,          0,        790,        973,    24000,    38000,    54000,    61000,   107000,   202000,
          CustBuyBeh,       3661,          0,          0,          0,       3331,       3769,      200,     2800,     6600,     8300,    39000,   266000,
       ProductReturn,       9714,          0,          0,          0,       9261,      10396,      200,     4000,     7000,     8500,    45000,   192000,

  3834s: (45%)   IR =   6227 ..[3837.333s][info][gc,start       ] GC(419) Pause Young (Normal) (G1 Evacuation Pause)
[3837.333s][info][gc,task        ] GC(419) Using 8 workers of 8 for evacuation
[3837.482s][info][gc,phases      ] GC(419)   Pre Evacuate Collection Set: 0.25ms
[3837.482s][info][gc,phases      ] GC(419)   Merge Heap Roots: 0.56ms
[3837.482s][info][gc,phases      ] GC(419)   Evacuate Collection Set: 146.87ms
[3837.482s][info][gc,phases      ] GC(419)   Post Evacuate Collection Set: 1.10ms
[3837.482s][info][gc,phases      ] GC(419)   Other: 0.06ms
[3837.482s][info][gc,heap        ] GC(419) Eden regions: 571->0(571)
[3837.482s][info][gc,heap        ] GC(419) Survivor regions: 43->43(77)
[3837.482s][info][gc,heap        ] GC(419) Old regions: 179->186
[3837.482s][info][gc,heap        ] GC(419) Humongous regions: 33->33
[3837.482s][info][gc,metaspace   ] GC(419) Metaspace: 29977K(30144K)->29977K(30144K) NonClass: 29977K(30144K)->29977K(30144K) Class: 0K(0K)->0K(0K)
[3837.482s][info][gc             ] GC(419) Pause Young (Normal) (G1 Evacuation Pause) 6593M->2081M(8192M) 148.970ms
[3837.482s][info][gc,cpu         ] GC(419) User=1.18s Sys=0.00s Real=0.15s
....|...[3843.592s][info][gc,start       ] GC(420) Pause Young (Normal) (G1 Evacuation Pause)
[3843.592s][info][gc,task        ] GC(420) Using 8 workers of 8 for evacuation
[3843.742s][info][gc,phases      ] GC(420)   Pre Evacuate Collection Set: 0.28ms
[3843.742s][info][gc,phases      ] GC(420)   Merge Heap Roots: 0.54ms
[3843.742s][info][gc,phases      ] GC(420)   Evacuate Collection Set: 147.96ms
[3843.742s][info][gc,phases      ] GC(420)   Post Evacuate Collection Set: 1.10ms
[3843.742s][info][gc,phases      ] GC(420)   Other: 0.07ms
[3843.742s][info][gc,heap        ] GC(420) Eden regions: 571->0(570)
[3843.742s][info][gc,heap        ] GC(420) Survivor regions: 43->44(77)
[3843.742s][info][gc,heap        ] GC(420) Old regions: 186->193
[3843.742s][info][gc,heap        ] GC(420) Humongous regions: 33->33
[3843.742s][info][gc,metaspace   ] GC(420) Metaspace: 29977K(30144K)->29977K(30144K) NonClass: 29977K(30144K)->29977K(30144K) Class: 0K(0K)->0K(0K)
[3843.742s][info][gc             ] GC(420) Pause Young (Normal) (G1 Evacuation Pause) 6649M->2146M(8192M) 150.063ms
[3843.742s][info][gc,cpu         ] GC(420) User=1.19s Sys=0.00s Real=0.15s
......[3849.623s][info][gc,start       ] GC(421) Pause Young (Normal) (G1 Evacuation Pause)
[3849.623s][info][gc,task        ] GC(421) Using 8 workers of 8 for evacuation
[3849.774s][info][gc,phases      ] GC(421)   Pre Evacuate Collection Set: 0.28ms
[3849.774s][info][gc,phases      ] GC(421)   Merge Heap Roots: 0.66ms
[3849.774s][info][gc,phases      ] GC(421)   Evacuate Collection Set: 148.38ms
[3849.774s][info][gc,phases      ] GC(421)   Post Evacuate Collection Set: 1.06ms
[3849.774s][info][gc,phases      ] GC(421)   Other: 0.06ms
[3849.774s][info][gc,heap        ] GC(421) Eden regions: 570->0(571)
[3849.774s][info][gc,heap        ] GC(421) Survivor regions: 44->43(77)
[3849.774s][info][gc,heap        ] GC(421) Old regions: 193->200
[3849.774s][info][gc,heap        ] GC(421) Humongous regions: 33->33
[3849.774s][info][gc,metaspace   ] GC(421) Metaspace: 29977K(30144K)->29977K(30144K) NonClass: 29977K(30144K)->29977K(30144K) Class: 0K(0K)->0K(0K)
[3849.774s][info][gc             ] GC(421) Pause Young (Normal) (G1 Evacuation Pause) 6706M->2195M(8192M) 150.579ms
[3849.774s][info][gc,cpu         ] GC(421) User=1.19s Sys=0.00s Real=0.15s
......[3855.822s][info][gc,start       ] GC(422) Pause Young (Normal) (G1 Evacuation Pause)
[3855.822s][info][gc,task        ] GC(422) Using 8 workers of 8 for evacuation
[3855.967s][info][gc,phases      ] GC(422)   Pre Evacuate Collection Set: 0.25ms
[3855.967s][info][gc,phases      ] GC(422)   Merge Heap Roots: 0.52ms
[3855.967s][info][gc,phases      ] GC(422)   Evacuate Collection Set: 143.05ms
[3855.967s][info][gc,phases      ] GC(422)   Post Evacuate Collection Set: 1.04ms
[3855.967s][info][gc,phases      ] GC(422)   Other: 0.06ms
[3855.967s][info][gc,heap        ] GC(422) Eden regions: 571->0(572)
[3855.967s][info][gc,heap        ] GC(422) Survivor regions: 43->42(77)
[3855.967s][info][gc,heap        ] GC(422) Old regions: 200->208
[3855.967s][info][gc,heap        ] GC(422) Humongous regions: 33->33
[3855.967s][info][gc,metaspace   ] GC(422) Metaspace: 29977K(30144K)->29977K(30144K) NonClass: 29977K(30144K)->29977K(30144K) Class: 0K(0K)->0K(0K)
[3855.967s][info][gc             ] GC(422) Pause Young (Normal) (G1 Evacuation Pause) 6763M->2246M(8192M) 145.073ms
[3855.967s][info][gc,cpu         ] GC(422) User=1.15s Sys=0.00s Real=0.14s
......[3861.933s][info][gc,start       ] GC(423) Pause Young (Normal) (G1 Evacuation Pause)
[3861.933s][info][gc,task        ] GC(423) Using 8 workers of 8 for evacuation
[3862.077s][info][gc,phases      ] GC(423)   Pre Evacuate Collection Set: 0.24ms
[3862.077s][info][gc,phases      ] GC(423)   Merge Heap Roots: 0.55ms
[3862.077s][info][gc,phases      ] GC(423)   Evacuate Collection Set: 141.79ms
[3862.077s][info][gc,phases      ] GC(423)   Post Evacuate Collection Set: 1.05ms
[3862.077s][info][gc,phases      ] GC(423)   Other: 0.06ms
[3862.077s][info][gc,heap        ] GC(423) Eden regions: 572->0(572)
[3862.077s][info][gc,heap        ] GC(423) Survivor regions: 42->42(77)
[3862.077s][info][gc,heap        ] GC(423) Old regions: 208->215
[3862.077s][info][gc,heap        ] GC(423) Humongous regions: 33->33
[3862.077s][info][gc,metaspace   ] GC(423) Metaspace: 29977K(30144K)->29977K(30144K) NonClass: 29977K(30144K)->29977K(30144K) Class: 0K(0K)->0K(0K)
[3862.077s][info][gc             ] GC(423) Pause Young (Normal) (G1 Evacuation Pause) 6822M->2302M(8192M) 143.826ms
[3862.077s][info][gc,cpu         ] GC(423) User=1.13s Sys=0.00s Real=0.14s
......[3868.106s][info][gc,start       ] GC(424) Pause Young (Normal) (G1 Evacuation Pause)
[3868.106s][info][gc,task        ] GC(424) Using 8 workers of 8 for evacuation
[3868.254s][info][gc,phases      ] GC(424)   Pre Evacuate Collection Set: 0.24ms
[3868.254s][info][gc,phases      ] GC(424)   Merge Heap Roots: 0.54ms
[3868.254s][info][gc,phases      ] GC(424)   Evacuate Collection Set: 146.51ms
[3868.254s][info][gc,phases      ] GC(424)   Post Evacuate Collection Set: 1.04ms
[3868.254s][info][gc,phases      ] GC(424)   Other: 0.06ms
[3868.254s][info][gc,heap        ] GC(424) Eden regions: 572->0(570)
[3868.254s][info][gc,heap        ] GC(424) Survivor regions: 42->44(77)
[3868.254s][info][gc,heap        ] GC(424) Old regions: 215->222
[3868.254s][info][gc,heap        ] GC(424) Humongous regions: 33->33
[3868.254s][info][gc,metaspace   ] GC(424) Metaspace: 29977K(30144K)->29977K(30144K) NonClass: 29977K(30144K)->29977K(30144K) Class: 0K(0K)->0K(0K)
[3868.254s][info][gc             ] GC(424) Pause Young (Normal) (G1 Evacuation Pause) 6878M->2371M(8192M) 148.534ms
[3868.254s][info][gc,cpu         ] GC(424) User=1.18s Sys=0.00s Real=0.15s
......[3874.306s][info][gc,start       ] GC(425) Pause Young (Normal) (G1 Evacuation Pause)
[3874.307s][info][gc,task        ] GC(425) Using 8 workers of 8 for evacuation
[3874.460s][info][gc,phases      ] GC(425)   Pre Evacuate Collection Set: 0.27ms
[3874.460s][info][gc,phases      ] GC(425)   Merge Heap Roots: 0.56ms
[3874.460s][info][gc,phases      ] GC(425)   Evacuate Collection Set: 151.26ms
[3874.460s][info][gc,phases      ] GC(425)   Post Evacuate Collection Set: 1.06ms
[3874.460s][info][gc,phases      ] GC(425)   Other: 0.07ms
[3874.460s][info][gc,heap        ] GC(425) Eden regions: 570->0(570)
[3874.460s][info][gc,heap        ] GC(425) Survivor regions: 44->44(77)
[3874.460s][info][gc,heap        ] GC(425) Old regions: 222->229
[3874.460s][info][gc,heap        ] GC(425) Humongous regions: 33->33
[3874.460s][info][gc,metaspace   ] GC(425) Metaspace: 29977K(30144K)->29977K(30144K) NonClass: 29977K(30144K)->29977K(30144K) Class: 0K(0K)->0K(0K)
[3874.460s][info][gc             ] GC(425) Pause Young (Normal) (G1 Evacuation Pause) 6931M->2427M(8192M) 153.367ms
[3874.460s][info][gc,cpu         ] GC(425) User=1.21s Sys=0.00s Real=0.16s
......[3880.403s][info][gc,start       ] GC(426) Pause Young (Normal) (G1 Evacuation Pause)
[3880.403s][info][gc,task        ] GC(426) Using 8 workers of 8 for evacuation
[3880.554s][info][gc,phases      ] GC(426)   Pre Evacuate Collection Set: 0.25ms
[3880.554s][info][gc,phases      ] GC(426)   Merge Heap Roots: 0.58ms
[3880.554s][info][gc,phases      ] GC(426)   Evacuate Collection Set: 148.72ms
[3880.554s][info][gc,phases      ] GC(426)   Post Evacuate Collection Set: 1.06ms
[3880.554s][info][gc,phases      ] GC(426)   Other: 0.08ms
[3880.554s][info][gc,heap        ] GC(426) Eden regions: 570->0(571)
[3880.554s][info][gc,heap        ] GC(426) Survivor regions: 44->43(77)
[3880.554s][info][gc,heap        ] GC(426) Old regions: 229->236
[3880.554s][info][gc,heap        ] GC(426) Humongous regions: 33->33
[3880.554s][info][gc,metaspace   ] GC(426) Metaspace: 29977K(30144K)->29977K(30144K) NonClass: 29977K(30144K)->29977K(30144K) Class: 0K(0K)->0K(0K)
[3880.554s][info][gc             ] GC(426) Pause Young (Normal) (G1 Evacuation Pause) 6987M->2481M(8192M) 150.837ms
[3880.554s][info][gc,cpu         ] GC(426) User=1.19s Sys=0.01s Real=0.15s
.......[3886.620s][info][gc,start       ] GC(427) Pause Young (Normal) (G1 Evacuation Pause)
[3886.621s][info][gc,task        ] GC(427) Using 8 workers of 8 for evacuation
[3886.769s][info][gc,phases      ] GC(427)   Pre Evacuate Collection Set: 0.27ms
[3886.769s][info][gc,phases      ] GC(427)   Merge Heap Roots: 0.56ms
[3886.769s][info][gc,phases      ] GC(427)   Evacuate Collection Set: 146.54ms
[3886.769s][info][gc,phases      ] GC(427)   Post Evacuate Collection Set: 1.02ms
[3886.769s][info][gc,phases      ] GC(427)   Other: 0.06ms
[3886.769s][info][gc,heap        ] GC(427) Eden regions: 571->0(571)
[3886.769s][info][gc,heap        ] GC(427) Survivor regions: 43->43(77)
[3886.769s][info][gc,heap        ] GC(427) Old regions: 236->243
[3886.769s][info][gc,heap        ] GC(427) Humongous regions: 33->33
[3886.769s][info][gc,metaspace   ] GC(427) Metaspace: 29977K(30144K)->29977K(30144K) NonClass: 29977K(30144K)->29977K(30144K) Class: 0K(0K)->0K(0K)
[3886.769s][info][gc             ] GC(427) Pause Young (Normal) (G1 Evacuation Pause) 7049M->2535M(8192M) 148.583ms
[3886.769s][info][gc,cpu         ] GC(427) User=1.18s Sys=0.00s Real=0.15s
......[3892.769s][info][gc,start       ] GC(428) Pause Young (Normal) (G1 Evacuation Pause)
[3892.769s][info][gc,task        ] GC(428) Using 8 workers of 8 for evacuation
[3892.916s][info][gc,phases      ] GC(428)   Pre Evacuate Collection Set: 0.25ms
[3892.916s][info][gc,phases      ] GC(428)   Merge Heap Roots: 0.56ms
[3892.916s][info][gc,phases      ] GC(428)   Evacuate Collection Set: 145.18ms
[3892.916s][info][gc,phases      ] GC(428)   Post Evacuate Collection Set: 1.06ms
[3892.916s][info][gc,phases      ] GC(428)   Other: 0.06ms
[3892.916s][info][gc,heap        ] GC(428) Eden regions: 571->0(571)
[3892.916s][info][gc,heap        ] GC(428) Survivor regions: 43->43(77)
[3892.916s][info][gc,heap        ] GC(428) Old regions: 243->250
[3892.916s][info][gc,heap        ] GC(428) Humongous regions: 33->33
[3892.916s][info][gc,metaspace   ] GC(428) Metaspace: 29977K(30144K)->29977K(30144K) NonClass: 29977K(30144K)->29977K(30144K) Class: 0K(0K)->0K(0K)
[3892.916s][info][gc             ] GC(428) Pause Young (Normal) (G1 Evacuation Pause) 7103M->2591M(8192M) 147.264ms
[3892.916s][info][gc,cpu         ] GC(428) User=1.16s Sys=0.01s Real=0.14s
......[3898.928s][info][gc,start       ] GC(429) Pause Young (Normal) (G1 Evacuation Pause)
[3898.928s][info][gc,task        ] GC(429) Using 8 workers of 8 for evacuation
[3899.076s][info][gc,phases      ] GC(429)   Pre Evacuate Collection Set: 0.24ms
[3899.076s][info][gc,phases      ] GC(429)   Merge Heap Roots: 0.53ms
[3899.076s][info][gc,phases      ] GC(429)   Evacuate Collection Set: 145.85ms
[3899.076s][info][gc,phases      ] GC(429)   Post Evacuate Collection Set: 1.07ms
[3899.076s][info][gc,phases      ] GC(429)   Other: 0.07ms
[3899.076s][info][gc,heap        ] GC(429) Eden regions: 571->0(571)
[3899.076s][info][gc,heap        ] GC(429) Survivor regions: 43->43(77)
[3899.076s][info][gc,heap        ] GC(429) Old regions: 250->258
[3899.076s][info][gc,heap        ] GC(429) Humongous regions: 33->33
[3899.076s][info][gc,metaspace   ] GC(429) Metaspace: 29977K(30144K)->29977K(30144K) NonClass: 29977K(30144K)->29977K(30144K) Class: 0K(0K)->0K(0K)
[3899.076s][info][gc             ] GC(429) Pause Young (Normal) (G1 Evacuation Pause) 7159M->2649M(8192M) 147.920ms
[3899.076s][info][gc,cpu         ] GC(429) User=1.17s Sys=0.00s Real=0.14s
.. (rIR:aIR:PR = 6227:6226:6226) (tPR = 92671) [OK] 
  3900s: Performance info:
         Transaction,    Success,    Partial,     Failed,   Receipts, AvgBarcode, 
             Overall,     374097,          0,          0,     355382,      59.47, 
         Response times:
             Request,    Success,    Partial,     Failed,   SkipFail,     Probes,    Samples,      min,      p50,      p90,      p95,      p99,      max, 
       TotalPurchase,     355384,          0,          0,          0,     348483,     384551,      300,     4100,     7500,     9400,    44000,   264000,
     InStorePurchase,     187024,          0,          0,          0,     183453,     202217,      300,     4100,     7500,     9400,    43000,   264000,
      OnlinePurchase,     130928,          0,          0,          0,     128430,     141676,      300,     4000,     7500,     9300,    46000,   203000,
        InstPurchase,      37432,          0,          0,          0,      36600,      40658,      400,     3900,     7500,     9300,    44000,   169000,
          AssocOfCat,        372,          0,          0,          0,        290,        396,    21000,    35500,    48300,    57150,   181600,   206000,
      AssocOfProduct,       3731,          0,          0,          0,       3449,       3970,      700,     4700,     8100,    10200,    46000,   183000,
      BusinessReport,        937,          0,          0,          0,        809,       1024,    25000,    37000,    54000,    66000,   184000,   224000,
          CustBuyBeh,       3744,          0,          0,          0,       3532,       4095,      300,     3900,     7000,     9020,    47000,   158000,
       ProductReturn,       9928,          0,          0,          0,       9457,      10601,      200,     4400,     7500,     9500,    46000,   202000,

  3900s: (46%)   IR =   6365 ....|[3905.003s][info][gc,start       ] GC(430) Pause Young (Normal) (G1 Evacuation Pause)
[3905.003s][info][gc,task        ] GC(430) Using 8 workers of 8 for evacuation
[3905.149s][info][gc,phases      ] GC(430)   Pre Evacuate Collection Set: 0.28ms
[3905.149s][info][gc,phases      ] GC(430)   Merge Heap Roots: 0.66ms
[3905.149s][info][gc,phases      ] GC(430)   Evacuate Collection Set: 144.35ms
[3905.149s][info][gc,phases      ] GC(430)   Post Evacuate Collection Set: 1.06ms
[3905.149s][info][gc,phases      ] GC(430)   Other: 0.07ms
[3905.149s][info][gc,heap        ] GC(430) Eden regions: 571->0(571)
[3905.149s][info][gc,heap        ] GC(430) Survivor regions: 43->43(77)
[3905.149s][info][gc,heap        ] GC(430) Old regions: 258->265
[3905.149s][info][gc,heap        ] GC(430) Humongous regions: 33->33
[3905.149s][info][gc,metaspace   ] GC(430) Metaspace: 29977K(30144K)->29977K(30144K) NonClass: 29977K(30144K)->29977K(30144K) Class: 0K(0K)->0K(0K)
[3905.149s][info][gc             ] GC(430) Pause Young (Normal) (G1 Evacuation Pause) 7217M->2706M(8192M) 146.548ms
[3905.149s][info][gc,cpu         ] GC(430) User=1.16s Sys=0.00s Real=0.15s
......[3911.075s][info][gc,start       ] GC(431) Pause Young (Normal) (G1 Evacuation Pause)
[3911.075s][info][gc,task        ] GC(431) Using 8 workers of 8 for evacuation
[3911.221s][info][gc,phases      ] GC(431)   Pre Evacuate Collection Set: 0.24ms
[3911.221s][info][gc,phases      ] GC(431)   Merge Heap Roots: 0.61ms
[3911.221s][info][gc,phases      ] GC(431)   Evacuate Collection Set: 143.58ms
[3911.221s][info][gc,phases      ] GC(431)   Post Evacuate Collection Set: 1.09ms
[3911.221s][info][gc,phases      ] GC(431)   Other: 0.08ms
[3911.221s][info][gc,heap        ] GC(431) Eden regions: 571->0(571)
[3911.221s][info][gc,heap        ] GC(431) Survivor regions: 43->43(77)
[3911.221s][info][gc,heap        ] GC(431) Old regions: 265->272
[3911.221s][info][gc,heap        ] GC(431) Humongous regions: 33->33
[3911.221s][info][gc,metaspace   ] GC(431) Metaspace: 29977K(30144K)->29977K(30144K) NonClass: 29977K(30144K)->29977K(30144K) Class: 0K(0K)->0K(0K)
[3911.221s][info][gc             ] GC(431) Pause Young (Normal) (G1 Evacuation Pause) 7274M->2761M(8192M) 145.729ms
[3911.221s][info][gc,cpu         ] GC(431) User=1.16s Sys=0.00s Real=0.15s
......[3917.068s][info][gc,start       ] GC(432) Pause Young (Normal) (G1 Evacuation Pause)
[3917.069s][info][gc,task        ] GC(432) Using 8 workers of 8 for evacuation
[3917.218s][info][gc,phases      ] GC(432)   Pre Evacuate Collection Set: 0.24ms
[3917.218s][info][gc,phases      ] GC(432)   Merge Heap Roots: 0.54ms
[3917.218s][info][gc,phases      ] GC(432)   Evacuate Collection Set: 147.21ms
[3917.218s][info][gc,phases      ] GC(432)   Post Evacuate Collection Set: 1.05ms
[3917.218s][info][gc,phases      ] GC(432)   Other: 0.06ms
[3917.218s][info][gc,heap        ] GC(432) Eden regions: 571->0(570)
[3917.218s][info][gc,heap        ] GC(432) Survivor regions: 43->44(77)
[3917.218s][info][gc,heap        ] GC(432) Old regions: 272->279
[3917.218s][info][gc,heap        ] GC(432) Humongous regions: 33->33
[3917.218s][info][gc,metaspace   ] GC(432) Metaspace: 29977K(30144K)->29977K(30144K) NonClass: 29977K(30144K)->29977K(30144K) Class: 0K(0K)->0K(0K)
[3917.218s][info][gc             ] GC(432) Pause Young (Normal) (G1 Evacuation Pause) 7329M->2825M(8192M) 149.231ms
[3917.218s][info][gc,cpu         ] GC(432) User=1.19s Sys=0.00s Real=0.15s
......[3923.073s][info][gc,start       ] GC(433) Pause Young (Normal) (G1 Evacuation Pause)
[3923.073s][info][gc,task        ] GC(433) Using 8 workers of 8 for evacuation
[3923.227s][info][gc,phases      ] GC(433)   Pre Evacuate Collection Set: 0.24ms
[3923.227s][info][gc,phases      ] GC(433)   Merge Heap Roots: 0.58ms
[3923.227s][info][gc,phases      ] GC(433)   Evacuate Collection Set: 151.62ms
[3923.227s][info][gc,phases      ] GC(433)   Post Evacuate Collection Set: 1.06ms
[3923.227s][info][gc,phases      ] GC(433)   Other: 0.07ms
[3923.227s][info][gc,heap        ] GC(433) Eden regions: 570->0(565)
[3923.227s][info][gc,heap        ] GC(433) Survivor regions: 44->44(77)
[3923.227s][info][gc,heap        ] GC(433) Old regions: 279->286
[3923.227s][info][gc,heap        ] GC(433) Humongous regions: 33->33
[3923.227s][info][gc,metaspace   ] GC(433) Metaspace: 29977K(30144K)->29977K(30144K) NonClass: 29977K(30144K)->29977K(30144K) Class: 0K(0K)->0K(0K)
[3923.227s][info][gc             ] GC(433) Pause Young (Normal) (G1 Evacuation Pause) 7385M->2882M(8192M) 153.699ms
[3923.227s][info][gc,cpu         ] GC(433) User=1.22s Sys=0.00s Real=0.15s
......[3929.054s][info][gc,start       ] GC(434) Pause Young (Normal) (G1 Evacuation Pause)
[3929.054s][info][gc,task        ] GC(434) Using 8 workers of 8 for evacuation
[3929.199s][info][gc,phases      ] GC(434)   Pre Evacuate Collection Set: 0.25ms
[3929.199s][info][gc,phases      ] GC(434)   Merge Heap Roots: 0.53ms
[3929.199s][info][gc,phases      ] GC(434)   Evacuate Collection Set: 142.87ms
[3929.199s][info][gc,phases      ] GC(434)   Post Evacuate Collection Set: 1.05ms
[3929.199s][info][gc,phases      ] GC(434)   Other: 0.06ms
[3929.199s][info][gc,heap        ] GC(434) Eden regions: 565->0(562)
[3929.199s][info][gc,heap        ] GC(434) Survivor regions: 44->42(77)
[3929.199s][info][gc,heap        ] GC(434) Old regions: 286->293
[3929.199s][info][gc,heap        ] GC(434) Humongous regions: 33->33
[3929.199s][info][gc,metaspace   ] GC(434) Metaspace: 29977K(30144K)->29977K(30144K) NonClass: 29977K(30144K)->29977K(30144K) Class: 0K(0K)->0K(0K)
[3929.199s][info][gc             ] GC(434) Pause Young (Normal) (G1 Evacuation Pause) 7402M->2922M(8192M) 144.910ms
[3929.199s][info][gc,cpu         ] GC(434) User=1.14s Sys=0.00s Real=0.15s
......[3934.983s][info][gc,start       ] GC(435) Pause Young (Normal) (G1 Evacuation Pause)
[3934.983s][info][gc,task        ] GC(435) Using 8 workers of 8 for evacuation
[3935.127s][info][gc,phases      ] GC(435)   Pre Evacuate Collection Set: 0.27ms
[3935.127s][info][gc,phases      ] GC(435)   Merge Heap Roots: 0.53ms
[3935.127s][info][gc,phases      ] GC(435)   Evacuate Collection Set: 141.84ms
[3935.127s][info][gc,phases      ] GC(435)   Post Evacuate Collection Set: 1.04ms
[3935.127s][info][gc,phases      ] GC(435)   Other: 0.06ms
[3935.127s][info][gc,heap        ] GC(435) Eden regions: 562->0(553)
[3935.127s][info][gc,heap        ] GC(435) Survivor regions: 42->43(76)
[3935.127s][info][gc,heap        ] GC(435) Old regions: 293->300
[3935.127s][info][gc,heap        ] GC(435) Humongous regions: 33->33
[3935.127s][info][gc,metaspace   ] GC(435) Metaspace: 29977K(30144K)->29977K(30144K) NonClass: 29977K(30144K)->29977K(30144K) Class: 0K(0K)->0K(0K)
[3935.127s][info][gc             ] GC(435) Pause Young (Normal) (G1 Evacuation Pause) 7418M->2987M(8192M) 143.872ms
[3935.127s][info][gc,cpu         ] GC(435) User=1.14s Sys=0.00s Real=0.14s
......[3940.816s][info][gc,start       ] GC(436) Pause Young (Normal) (G1 Evacuation Pause)
[3940.816s][info][gc,task        ] GC(436) Using 8 workers of 8 for evacuation
[3940.960s][info][gc,phases      ] GC(436)   Pre Evacuate Collection Set: 0.25ms
[3940.960s][info][gc,phases      ] GC(436)   Merge Heap Roots: 0.52ms
[3940.960s][info][gc,phases      ] GC(436)   Evacuate Collection Set: 141.75ms
[3940.960s][info][gc,phases      ] GC(436)   Post Evacuate Collection Set: 1.01ms
[3940.960s][info][gc,phases      ] GC(436)   Other: 0.06ms
[3940.960s][info][gc,heap        ] GC(436) Eden regions: 553->0(548)
[3940.960s][info][gc,heap        ] GC(436) Survivor regions: 43->42(75)
[3940.960s][info][gc,heap        ] GC(436) Old regions: 300->307
[3940.960s][info][gc,heap        ] GC(436) Humongous regions: 33->33
[3940.960s][info][gc,metaspace   ] GC(436) Metaspace: 29977K(30144K)->29977K(30144K) NonClass: 29977K(30144K)->29977K(30144K) Class: 0K(0K)->0K(0K)
[3940.960s][info][gc             ] GC(436) Pause Young (Normal) (G1 Evacuation Pause) 7411M->3041M(8192M) 143.719ms
[3940.960s][info][gc,cpu         ] GC(436) User=1.14s Sys=0.00s Real=0.15s
.....[3946.602s][info][gc,start       ] GC(437) Pause Young (Normal) (G1 Evacuation Pause)
[3946.602s][info][gc,task        ] GC(437) Using 8 workers of 8 for evacuation
[3946.753s][info][gc,phases      ] GC(437)   Pre Evacuate Collection Set: 0.26ms
[3946.753s][info][gc,phases      ] GC(437)   Merge Heap Roots: 0.58ms
[3946.753s][info][gc,phases      ] GC(437)   Evacuate Collection Set: 148.92ms
[3946.753s][info][gc,phases      ] GC(437)   Post Evacuate Collection Set: 0.99ms
[3946.753s][info][gc,phases      ] GC(437)   Other: 0.07ms
[3946.753s][info][gc,heap        ] GC(437) Eden regions: 548->0(538)
[3946.753s][info][gc,heap        ] GC(437) Survivor regions: 42->43(74)
[3946.753s][info][gc,heap        ] GC(437) Old regions: 307->315
[3946.753s][info][gc,heap        ] GC(437) Humongous regions: 33->33
[3946.753s][info][gc,metaspace   ] GC(437) Metaspace: 29977K(30144K)->29977K(30144K) NonClass: 29977K(30144K)->29977K(30144K) Class: 0K(0K)->0K(0K)
[3946.753s][info][gc             ] GC(437) Pause Young (Normal) (G1 Evacuation Pause) 7425M->3110M(8192M) 150.949ms
[3946.753s][info][gc,cpu         ] GC(437) User=1.19s Sys=0.00s Real=0.15s
......[3952.295s][info][gc,start       ] GC(438) Pause Young (Concurrent Start) (G1 Evacuation Pause)
[3952.295s][info][gc,task        ] GC(438) Using 8 workers of 8 for evacuation
[3952.443s][info][gc,phases      ] GC(438)   Pre Evacuate Collection Set: 0.31ms
[3952.443s][info][gc,phases      ] GC(438)   Merge Heap Roots: 0.54ms
[3952.443s][info][gc,phases      ] GC(438)   Evacuate Collection Set: 145.47ms
[3952.443s][info][gc,phases      ] GC(438)   Post Evacuate Collection Set: 1.04ms
[3952.443s][info][gc,phases      ] GC(438)   Other: 0.11ms
[3952.443s][info][gc,heap        ] GC(438) Eden regions: 538->0(530)
[3952.443s][info][gc,heap        ] GC(438) Survivor regions: 43->43(73)
[3952.443s][info][gc,heap        ] GC(438) Old regions: 315->323
[3952.443s][info][gc,heap        ] GC(438) Humongous regions: 33->33
[3952.443s][info][gc,metaspace   ] GC(438) Metaspace: 29977K(30144K)->29977K(30144K) NonClass: 29977K(30144K)->29977K(30144K) Class: 0K(0K)->0K(0K)
[3952.443s][info][gc             ] GC(438) Pause Young (Concurrent Start) (G1 Evacuation Pause) 7414M->3170M(8192M) 147.602ms
[3952.443s][info][gc             ] GC(439) Concurrent Mark Cycle
[3952.443s][info][gc,marking     ] GC(439) Concurrent Scan Root Regions
[3952.443s][info][gc,cpu         ] GC(438) User=1.17s Sys=0.00s Real=0.15s
[3952.761s][info][gc,marking     ] GC(439) Concurrent Scan Root Regions 317.657ms
[3952.761s][info][gc,marking     ] GC(439) Concurrent Mark
[3952.761s][info][gc,marking     ] GC(439) Concurrent Mark From Roots
[3952.761s][info][gc,task        ] GC(439) Using 2 workers of 2 for marking
.[3953.447s][info][gc,marking     ] GC(439) Concurrent Mark From Roots 685.888ms
[3953.447s][info][gc,marking     ] GC(439) Concurrent Preclean
[3953.447s][info][gc,marking     ] GC(439) Concurrent Preclean 0.132ms
[3953.447s][info][gc,start       ] GC(439) Pause Remark
[3953.449s][info][gc             ] GC(439) Pause Remark 4090M->3594M(8192M) 2.107ms
[3953.449s][info][gc,cpu         ] GC(439) User=0.01s Sys=0.00s Real=0.01s
[3953.449s][info][gc,marking     ] GC(439) Concurrent Mark 688.440ms
[3953.449s][info][gc,marking     ] GC(439) Concurrent Rebuild Remembered Sets and Scrub Regions
.[3953.882s][info][gc,marking     ] GC(439) Concurrent Rebuild Remembered Sets and Scrub Regions 432.475ms
[3953.882s][info][gc,start       ] GC(439) Pause Cleanup
[3953.882s][info][gc             ] GC(439) Pause Cleanup 3927M->3927M(8192M) 0.281ms
[3953.882s][info][gc,cpu         ] GC(439) User=0.01s Sys=0.00s Real=0.00s
[3953.882s][info][gc,marking     ] GC(439) Concurrent Clear Claimed Marks
[3953.882s][info][gc,marking     ] GC(439) Concurrent Clear Claimed Marks 0.055ms
[3953.882s][info][gc,marking     ] GC(439) Concurrent Cleanup for Next Mark
[3953.899s][info][gc,marking     ] GC(439) Concurrent Cleanup for Next Mark 16.950ms
[3953.899s][info][gc             ] GC(439) Concurrent Mark Cycle 1456.244ms
....[3957.829s][info][gc,start       ] GC(440) Pause Young (Prepare Mixed) (G1 Evacuation Pause)
[3957.829s][info][gc,task        ] GC(440) Using 8 workers of 8 for evacuation
[3957.972s][info][gc,phases      ] GC(440)   Pre Evacuate Collection Set: 0.27ms
[3957.972s][info][gc,phases      ] GC(440)   Merge Heap Roots: 0.80ms
[3957.972s][info][gc,phases      ] GC(440)   Evacuate Collection Set: 140.73ms
[3957.972s][info][gc,phases      ] GC(440)   Post Evacuate Collection Set: 1.14ms
[3957.972s][info][gc,phases      ] GC(440)   Other: 0.06ms
[3957.972s][info][gc,heap        ] GC(440) Eden regions: 530->0(574)
[3957.972s][info][gc,heap        ] GC(440) Survivor regions: 43->40(72)
[3957.972s][info][gc,heap        ] GC(440) Old regions: 261->268
[3957.972s][info][gc,heap        ] GC(440) Humongous regions: 33->33
[3957.972s][info][gc,metaspace   ] GC(440) Metaspace: 29977K(30144K)->29977K(30144K) NonClass: 29977K(30144K)->29977K(30144K) Class: 0K(0K)->0K(0K)
[3957.972s][info][gc             ] GC(440) Pause Young (Prepare Mixed) (G1 Evacuation Pause) 6914M->2714M(8192M) 143.122ms
[3957.973s][info][gc,cpu         ] GC(440) User=1.13s Sys=0.00s Real=0.14s
......[3963.939s][info][gc,start       ] GC(441) Pause Young (Mixed) (G1 Evacuation Pause)
[3963.939s][info][gc,task        ] GC(441) Using 8 workers of 8 for evacuation
[3964.088s][info][gc,phases      ] GC(441)   Pre Evacuate Collection Set: 0.31ms
[3964.088s][info][gc,phases      ] GC(441)   Merge Heap Roots: 0.80ms
[3964.088s][info][gc,phases      ] GC(441)   Evacuate Collection Set: 146.75ms
[3964.088s][info][gc,phases      ] GC(441)   Post Evacuate Collection Set: 1.26ms
[3964.089s][info][gc,phases      ] GC(441)   Other: 0.08ms
[3964.089s][info][gc,heap        ] GC(441) Eden regions: 574->0(572)
[3964.089s][info][gc,heap        ] GC(441) Survivor regions: 40->42(77)
[3964.089s][info][gc,heap        ] GC(441) Old regions: 268->173
[3964.089s][info][gc,heap        ] GC(441) Humongous regions: 33->33
[3964.089s][info][gc,metaspace   ] GC(441) Metaspace: 29977K(30144K)->29977K(30144K) NonClass: 29977K(30144K)->29977K(30144K) Class: 0K(0K)->0K(0K)
[3964.089s][info][gc             ] GC(441) Pause Young (Mixed) (G1 Evacuation Pause) 7306M->1965M(8192M) 149.331ms
[3964.089s][info][gc,cpu         ] GC(441) User=1.18s Sys=0.01s Real=0.15s
. (rIR:aIR:PR = 6365:6365:6365) (tPR = 94768) [OK] 
  3964s: Performance info:
         Transaction,    Success,    Partial,     Failed,   Receipts, AvgBarcode, 
             Overall,     382523,          0,          0,     363394,      59.48, 
         Response times:
             Request,    Success,    Partial,     Failed,   SkipFail,     Probes,    Samples,      min,      p50,      p90,      p95,      p99,      max, 
       TotalPurchase,     363394,          0,          0,          0,     356279,     380835,      300,     4200,     7800,    11100,    65000,   389000,
     InStorePurchase,     191241,          0,          0,          0,     187986,     200744,      300,     4200,     7900,    11200,    64000,   389000,
      OnlinePurchase,     133858,          0,          0,          0,     130839,     139894,      300,     4200,     7700,    10900,    66000,   389000,
        InstPurchase,      38295,          0,          0,          0,      37454,      40197,      500,     4300,     7900,    11210,    64000,   388000,
          AssocOfCat,        379,          0,          0,          0,        315,        387,    26000,    37000,    58000,    86200,   194960,   209000,
      AssocOfProduct,       3833,          0,          0,          0,       3522,       3940,      700,     5500,     8900,    12800,    57590,   237000,
      BusinessReport,        956,          0,          0,          0,        787,        950,    24000,    38000,    57000,    73000,   196430,   254000,
          CustBuyBeh,       3823,          0,          0,          0,       3543,       3958,      300,     3900,     7100,     9500,    63410,   152000,
       ProductReturn,      10138,          0,          0,          0,       9684,      10647,      200,     4200,     7600,    10500,    64000,   238000,

  3964s: (47%)   IR =   6503 ....[3969.815s][info][gc,start       ] GC(442) Pause Young (Mixed) (G1 Evacuation Pause)
[3969.815s][info][gc,task        ] GC(442) Using 8 workers of 8 for evacuation
[3969.974s][info][gc,phases      ] GC(442)   Pre Evacuate Collection Set: 0.28ms
[3969.974s][info][gc,phases      ] GC(442)   Merge Heap Roots: 0.89ms
[3969.974s][info][gc,phases      ] GC(442)   Evacuate Collection Set: 156.54ms
[3969.974s][info][gc,phases      ] GC(442)   Post Evacuate Collection Set: 1.10ms
[3969.974s][info][gc,phases      ] GC(442)   Other: 0.07ms
[3969.974s][info][gc,heap        ] GC(442) Eden regions: 572->0(571)
[3969.974s][info][gc,heap        ] GC(442) Survivor regions: 42->43(77)
[3969.974s][info][gc,heap        ] GC(442) Old regions: 173->144
[3969.974s][info][gc,heap        ] GC(442) Humongous regions: 33->33
[3969.974s][info][gc,metaspace   ] GC(442) Metaspace: 29977K(30144K)->29977K(30144K) NonClass: 29977K(30144K)->29977K(30144K) Class: 0K(0K)->0K(0K)
[3969.974s][info][gc             ] GC(442) Pause Young (Mixed) (G1 Evacuation Pause) 6541M->1741M(8192M) 159.011ms
[3969.974s][info][gc,cpu         ] GC(442) User=1.26s Sys=0.00s Real=0.16s
....|..[3975.797s][info][gc,start       ] GC(443) Pause Young (Normal) (G1 Evacuation Pause)
[3975.797s][info][gc,task        ] GC(443) Using 8 workers of 8 for evacuation
[3975.943s][info][gc,phases      ] GC(443)   Pre Evacuate Collection Set: 0.26ms
[3975.943s][info][gc,phases      ] GC(443)   Merge Heap Roots: 0.54ms
[3975.943s][info][gc,phases      ] GC(443)   Evacuate Collection Set: 144.20ms
[3975.943s][info][gc,phases      ] GC(443)   Post Evacuate Collection Set: 1.07ms
[3975.943s][info][gc,phases      ] GC(443)   Other: 0.06ms
[3975.943s][info][gc,heap        ] GC(443) Eden regions: 571->0(571)
[3975.943s][info][gc,heap        ] GC(443) Survivor regions: 43->43(77)
[3975.943s][info][gc,heap        ] GC(443) Old regions: 144->151
[3975.943s][info][gc,heap        ] GC(443) Humongous regions: 33->33
[3975.943s][info][gc,metaspace   ] GC(443) Metaspace: 29977K(30144K)->29977K(30144K) NonClass: 29977K(30144K)->29977K(30144K) Class: 0K(0K)->0K(0K)
[3975.943s][info][gc             ] GC(443) Pause Young (Normal) (G1 Evacuation Pause) 6309M->1795M(8192M) 146.271ms
[3975.943s][info][gc,cpu         ] GC(443) User=1.15s Sys=0.01s Real=0.15s
......[3981.686s][info][gc,start       ] GC(444) Pause Young (Normal) (G1 Evacuation Pause)
[3981.686s][info][gc,task        ] GC(444) Using 8 workers of 8 for evacuation
[3981.833s][info][gc,phases      ] GC(444)   Pre Evacuate Collection Set: 0.27ms
[3981.833s][info][gc,phases      ] GC(444)   Merge Heap Roots: 0.54ms
[3981.833s][info][gc,phases      ] GC(444)   Evacuate Collection Set: 145.10ms
[3981.833s][info][gc,phases      ] GC(444)   Post Evacuate Collection Set: 1.06ms
[3981.833s][info][gc,phases      ] GC(444)   Other: 0.07ms
[3981.833s][info][gc,heap        ] GC(444) Eden regions: 571->0(571)
[3981.833s][info][gc,heap        ] GC(444) Survivor regions: 43->43(77)
[3981.833s][info][gc,heap        ] GC(444) Old regions: 151->158
[3981.833s][info][gc,heap        ] GC(444) Humongous regions: 33->33
[3981.833s][info][gc,metaspace   ] GC(444) Metaspace: 29977K(30144K)->29977K(30144K) NonClass: 29977K(30144K)->29977K(30144K) Class: 0K(0K)->0K(0K)
[3981.833s][info][gc             ] GC(444) Pause Young (Normal) (G1 Evacuation Pause) 6363M->1850M(8192M) 147.171ms
[3981.833s][info][gc,cpu         ] GC(444) User=1.17s Sys=0.00s Real=0.15s
......[3987.582s][info][gc,start       ] GC(445) Pause Young (Normal) (G1 Evacuation Pause)
[3987.582s][info][gc,task        ] GC(445) Using 8 workers of 8 for evacuation
[3987.731s][info][gc,phases      ] GC(445)   Pre Evacuate Collection Set: 0.26ms
[3987.731s][info][gc,phases      ] GC(445)   Merge Heap Roots: 0.64ms
[3987.731s][info][gc,phases      ] GC(445)   Evacuate Collection Set: 146.77ms
[3987.731s][info][gc,phases      ] GC(445)   Post Evacuate Collection Set: 1.04ms
[3987.731s][info][gc,phases      ] GC(445)   Other: 0.07ms
[3987.731s][info][gc,heap        ] GC(445) Eden regions: 571->0(571)
[3987.731s][info][gc,heap        ] GC(445) Survivor regions: 43->43(77)
[3987.731s][info][gc,heap        ] GC(445) Old regions: 158->165
[3987.731s][info][gc,heap        ] GC(445) Humongous regions: 33->33
[3987.731s][info][gc,metaspace   ] GC(445) Metaspace: 29977K(30144K)->29977K(30144K) NonClass: 29977K(30144K)->29977K(30144K) Class: 0K(0K)->0K(0K)
[3987.731s][info][gc             ] GC(445) Pause Young (Normal) (G1 Evacuation Pause) 6418M->1906M(8192M) 148.910ms
[3987.731s][info][gc,cpu         ] GC(445) User=1.18s Sys=0.00s Real=0.15s
......[3993.437s][info][gc,start       ] GC(446) Pause Young (Normal) (G1 Evacuation Pause)
[3993.437s][info][gc,task        ] GC(446) Using 8 workers of 8 for evacuation
[3993.583s][info][gc,phases      ] GC(446)   Pre Evacuate Collection Set: 0.26ms
[3993.583s][info][gc,phases      ] GC(446)   Merge Heap Roots: 0.62ms
[3993.583s][info][gc,phases      ] GC(446)   Evacuate Collection Set: 144.22ms
[3993.583s][info][gc,phases      ] GC(446)   Post Evacuate Collection Set: 1.05ms
[3993.583s][info][gc,phases      ] GC(446)   Other: 0.07ms
[3993.583s][info][gc,heap        ] GC(446) Eden regions: 571->0(570)
[3993.583s][info][gc,heap        ] GC(446) Survivor regions: 43->44(77)
[3993.583s][info][gc,heap        ] GC(446) Old regions: 165->172
[3993.583s][info][gc,heap        ] GC(446) Humongous regions: 33->33
[3993.583s][info][gc,metaspace   ] GC(446) Metaspace: 29977K(30144K)->29977K(30144K) NonClass: 29977K(30144K)->29977K(30144K) Class: 0K(0K)->0K(0K)
[3993.583s][info][gc             ] GC(446) Pause Young (Normal) (G1 Evacuation Pause) 6474M->1971M(8192M) 146.351ms
[3993.583s][info][gc,cpu         ] GC(446) User=1.16s Sys=0.00s Real=0.15s
......[3999.391s][info][gc,start       ] GC(447) Pause Young (Normal) (G1 Evacuation Pause)
[3999.391s][info][gc,task        ] GC(447) Using 8 workers of 8 for evacuation
[3999.538s][info][gc,phases      ] GC(447)   Pre Evacuate Collection Set: 0.25ms
[3999.538s][info][gc,phases      ] GC(447)   Merge Heap Roots: 0.52ms
[3999.538s][info][gc,phases      ] GC(447)   Evacuate Collection Set: 145.19ms
[3999.538s][info][gc,phases      ] GC(447)   Post Evacuate Collection Set: 1.07ms
[3999.538s][info][gc,phases      ] GC(447)   Other: 0.07ms
[3999.538s][info][gc,heap        ] GC(447) Eden regions: 570->0(571)
[3999.538s][info][gc,heap        ] GC(447) Survivor regions: 44->43(77)
[3999.538s][info][gc,heap        ] GC(447) Old regions: 172->179
[3999.538s][info][gc,heap        ] GC(447) Humongous regions: 33->33
[3999.538s][info][gc,metaspace   ] GC(447) Metaspace: 29977K(30144K)->29977K(30144K) NonClass: 29977K(30144K)->29977K(30144K) Class: 0K(0K)->0K(0K)
[3999.538s][info][gc             ] GC(447) Pause Young (Normal) (G1 Evacuation Pause) 6531M->2025M(8192M) 147.234ms
[3999.538s][info][gc,cpu         ] GC(447) User=1.17s Sys=0.00s Real=0.15s
......[4005.242s][info][gc,start       ] GC(448) Pause Young (Normal) (G1 Evacuation Pause)
[4005.242s][info][gc,task        ] GC(448) Using 8 workers of 8 for evacuation
[4005.388s][info][gc,phases      ] GC(448)   Pre Evacuate Collection Set: 0.24ms
[4005.388s][info][gc,phases      ] GC(448)   Merge Heap Roots: 0.56ms
[4005.388s][info][gc,phases      ] GC(448)   Evacuate Collection Set: 143.71ms
[4005.388s][info][gc,phases      ] GC(448)   Post Evacuate Collection Set: 1.06ms
[4005.388s][info][gc,phases      ] GC(448)   Other: 0.06ms
[4005.388s][info][gc,heap        ] GC(448) Eden regions: 571->0(571)
[4005.388s][info][gc,heap        ] GC(448) Survivor regions: 43->43(77)
[4005.388s][info][gc,heap        ] GC(448) Old regions: 179->186
[4005.388s][info][gc,heap        ] GC(448) Humongous regions: 33->33
[4005.388s][info][gc,metaspace   ] GC(448) Metaspace: 29977K(30144K)->29977K(30144K) NonClass: 29977K(30144K)->29977K(30144K) Class: 0K(0K)->0K(0K)
[4005.388s][info][gc             ] GC(448) Pause Young (Normal) (G1 Evacuation Pause) 6593M->2078M(8192M) 145.771ms
[4005.388s][info][gc,cpu         ] GC(448) User=1.16s Sys=0.00s Real=0.15s
......[4011.151s][info][gc,start       ] GC(449) Pause Young (Normal) (G1 Evacuation Pause)
[4011.151s][info][gc,task        ] GC(449) Using 8 workers of 8 for evacuation
[4011.299s][info][gc,phases      ] GC(449)   Pre Evacuate Collection Set: 0.24ms
[4011.299s][info][gc,phases      ] GC(449)   Merge Heap Roots: 0.57ms
[4011.299s][info][gc,phases      ] GC(449)   Evacuate Collection Set: 146.01ms
[4011.299s][info][gc,phases      ] GC(449)   Post Evacuate Collection Set: 1.06ms
[4011.299s][info][gc,phases      ] GC(449)   Other: 0.06ms
[4011.299s][info][gc,heap        ] GC(449) Eden regions: 571->0(571)
[4011.299s][info][gc,heap        ] GC(449) Survivor regions: 43->43(77)
[4011.299s][info][gc,heap        ] GC(449) Old regions: 186->193
[4011.299s][info][gc,heap        ] GC(449) Humongous regions: 33->33
[4011.299s][info][gc,metaspace   ] GC(449) Metaspace: 29977K(30144K)->29977K(30144K) NonClass: 29977K(30144K)->29977K(30144K) Class: 0K(0K)->0K(0K)
[4011.299s][info][gc             ] GC(449) Pause Young (Normal) (G1 Evacuation Pause) 6646M->2134M(8192M) 148.080ms
[4011.300s][info][gc,cpu         ] GC(449) User=1.17s Sys=0.00s Real=0.15s
......[4017.088s][info][gc,start       ] GC(450) Pause Young (Normal) (G1 Evacuation Pause)
[4017.088s][info][gc,task        ] GC(450) Using 8 workers of 8 for evacuation
[4017.235s][info][gc,phases      ] GC(450)   Pre Evacuate Collection Set: 0.25ms
[4017.235s][info][gc,phases      ] GC(450)   Merge Heap Roots: 0.55ms
[4017.235s][info][gc,phases      ] GC(450)   Evacuate Collection Set: 144.59ms
[4017.235s][info][gc,phases      ] GC(450)   Post Evacuate Collection Set: 1.04ms
[4017.235s][info][gc,phases      ] GC(450)   Other: 0.06ms
[4017.235s][info][gc,heap        ] GC(450) Eden regions: 571->0(571)
[4017.235s][info][gc,heap        ] GC(450) Survivor regions: 43->43(77)
[4017.235s][info][gc,heap        ] GC(450) Old regions: 193->200
[4017.235s][info][gc,heap        ] GC(450) Humongous regions: 33->33
[4017.235s][info][gc,metaspace   ] GC(450) Metaspace: 29977K(30144K)->29977K(30144K) NonClass: 29977K(30144K)->29977K(30144K) Class: 0K(0K)->0K(0K)
[4017.235s][info][gc             ] GC(450) Pause Young (Normal) (G1 Evacuation Pause) 6702M->2189M(8192M) 146.644ms
[4017.235s][info][gc,cpu         ] GC(450) User=1.16s Sys=0.00s Real=0.14s
.....[4022.920s][info][gc,start       ] GC(451) Pause Young (Normal) (G1 Evacuation Pause)
[4022.920s][info][gc,task        ] GC(451) Using 8 workers of 8 for evacuation
[4023.069s][info][gc,phases      ] GC(451)   Pre Evacuate Collection Set: 0.25ms
[4023.069s][info][gc,phases      ] GC(451)   Merge Heap Roots: 0.56ms
[4023.069s][info][gc,phases      ] GC(451)   Evacuate Collection Set: 146.98ms
[4023.069s][info][gc,phases      ] GC(451)   Post Evacuate Collection Set: 1.05ms
[4023.069s][info][gc,phases      ] GC(451)   Other: 0.07ms
[4023.069s][info][gc,heap        ] GC(451) Eden regions: 571->0(571)
[4023.069s][info][gc,heap        ] GC(451) Survivor regions: 43->43(77)
[4023.069s][info][gc,heap        ] GC(451) Old regions: 200->207
[4023.069s][info][gc,heap        ] GC(451) Humongous regions: 33->33
[4023.069s][info][gc,metaspace   ] GC(451) Metaspace: 29977K(30144K)->29977K(30144K) NonClass: 29977K(30144K)->29977K(30144K) Class: 0K(0K)->0K(0K)
[4023.069s][info][gc             ] GC(451) Pause Young (Normal) (G1 Evacuation Pause) 6757M->2250M(8192M) 149.030ms
[4023.070s][info][gc,cpu         ] GC(451) User=1.18s Sys=0.00s Real=0.15s
......[4028.859s][info][gc,start       ] GC(452) Pause Young (Normal) (G1 Evacuation Pause)
[4028.859s][info][gc,task        ] GC(452) Using 8 workers of 8 for evacuation
[4029.005s][info][gc,phases      ] GC(452)   Pre Evacuate Collection Set: 0.25ms
[4029.006s][info][gc,phases      ] GC(452)   Merge Heap Roots: 0.54ms
[4029.006s][info][gc,phases      ] GC(452)   Evacuate Collection Set: 144.31ms
[4029.006s][info][gc,phases      ] GC(452)   Post Evacuate Collection Set: 1.08ms
[4029.006s][info][gc,phases      ] GC(452)   Other: 0.07ms
[4029.006s][info][gc,heap        ] GC(452) Eden regions: 571->0(571)
[4029.006s][info][gc,heap        ] GC(452) Survivor regions: 43->43(77)
[4029.006s][info][gc,heap        ] GC(452) Old regions: 207->214
[4029.006s][info][gc,heap        ] GC(452) Humongous regions: 33->33
[4029.006s][info][gc,metaspace   ] GC(452) Metaspace: 29977K(30144K)->29977K(30144K) NonClass: 29977K(30144K)->29977K(30144K) Class: 0K(0K)->0K(0K)
[4029.006s][info][gc             ] GC(452) Pause Young (Normal) (G1 Evacuation Pause) 6818M->2307M(8192M) 146.375ms
[4029.006s][info][gc,cpu         ] GC(452) User=1.16s Sys=0.00s Real=0.14s
..... (rIR:aIR:PR = 6503:6503:6503) (tPR = 96373) [OK] 
  4032s: Performance info:
         Transaction,    Success,    Partial,     Failed,   Receipts, AvgBarcode, 
             Overall,     390852,          0,          0,     371309,      59.48, 
         Response times:
             Request,    Success,    Partial,     Failed,   SkipFail,     Probes,    Samples,      min,      p50,      p90,      p95,      p99,      max, 
       TotalPurchase,     371309,          0,          0,          0,     360679,     411658,      300,     4200,     7800,    10100,    60000,   279000,
     InStorePurchase,     195446,          0,          0,          0,     190006,     216480,      400,     4300,     7800,    10100,    60000,   279000,
      OnlinePurchase,     136781,          0,          0,          0,     132782,     151633,      300,     4100,     7700,    10000,    61000,   278000,
        InstPurchase,      39082,          0,          0,          0,      37891,      43545,      500,     4400,     8000,    10500,    62000,   279000,
          AssocOfCat,        387,          0,          0,          0,        318,        431,    26000,    36000,    52000,    61000,   191840,   316000,
      AssocOfProduct,       3910,          0,          0,          0,       3698,       4370,      600,     5000,     8200,    10200,    61580,   177000,
      BusinessReport,        978,          0,          0,          0,        886,       1145,    27000,    39000,    57000,    76700,   174700,   223000,
          CustBuyBeh,       3907,          0,          0,          0,       3662,       4436,      300,     4600,     8000,    10415,    64000,   156000,
       ProductReturn,      10361,          0,          0,          0,       9925,      11681,      200,     4100,     7800,    10300,    57000,   230000,

  4033s: (48%)   IR =   6642 .[4034.688s][info][gc,start       ] GC(453) Pause Young (Normal) (G1 Evacuation Pause)
[4034.689s][info][gc,task        ] GC(453) Using 8 workers of 8 for evacuation
[4034.836s][info][gc,phases      ] GC(453)   Pre Evacuate Collection Set: 0.24ms
[4034.836s][info][gc,phases      ] GC(453)   Merge Heap Roots: 0.56ms
[4034.836s][info][gc,phases      ] GC(453)   Evacuate Collection Set: 145.49ms
[4034.836s][info][gc,phases      ] GC(453)   Post Evacuate Collection Set: 1.06ms
[4034.836s][info][gc,phases      ] GC(453)   Other: 0.06ms
[4034.836s][info][gc,heap        ] GC(453) Eden regions: 571->0(571)
[4034.836s][info][gc,heap        ] GC(453) Survivor regions: 43->43(77)
[4034.836s][info][gc,heap        ] GC(453) Old regions: 214->221
[4034.836s][info][gc,heap        ] GC(453) Humongous regions: 33->33
[4034.836s][info][gc,metaspace   ] GC(453) Metaspace: 29978K(30144K)->29978K(30144K) NonClass: 29978K(30144K)->29978K(30144K) Class: 0K(0K)->0K(0K)
[4034.836s][info][gc             ] GC(453) Pause Young (Normal) (G1 Evacuation Pause) 6875M->2363M(8192M) 147.544ms
[4034.836s][info][gc,cpu         ] GC(453) User=1.17s Sys=0.00s Real=0.14s
...|...[4040.482s][info][gc,start       ] GC(454) Pause Young (Normal) (G1 Evacuation Pause)
[4040.482s][info][gc,task        ] GC(454) Using 8 workers of 8 for evacuation
[4040.629s][info][gc,phases      ] GC(454)   Pre Evacuate Collection Set: 0.26ms
[4040.629s][info][gc,phases      ] GC(454)   Merge Heap Roots: 0.54ms
[4040.629s][info][gc,phases      ] GC(454)   Evacuate Collection Set: 144.64ms
[4040.629s][info][gc,phases      ] GC(454)   Post Evacuate Collection Set: 1.08ms
[4040.629s][info][gc,phases      ] GC(454)   Other: 0.06ms
[4040.629s][info][gc,heap        ] GC(454) Eden regions: 571->0(571)
[4040.629s][info][gc,heap        ] GC(454) Survivor regions: 43->43(77)
[4040.629s][info][gc,heap        ] GC(454) Old regions: 221->228
[4040.629s][info][gc,heap        ] GC(454) Humongous regions: 33->33
[4040.629s][info][gc,metaspace   ] GC(454) Metaspace: 29978K(30144K)->29978K(30144K) NonClass: 29978K(30144K)->29978K(30144K) Class: 0K(0K)->0K(0K)
[4040.629s][info][gc             ] GC(454) Pause Young (Normal) (G1 Evacuation Pause) 6931M->2419M(8192M) 146.710ms
[4040.629s][info][gc,cpu         ] GC(454) User=1.16s Sys=0.00s Real=0.15s
......[4046.231s][info][gc,start       ] GC(455) Pause Young (Normal) (G1 Evacuation Pause)
[4046.231s][info][gc,task        ] GC(455) Using 8 workers of 8 for evacuation
[4046.378s][info][gc,phases      ] GC(455)   Pre Evacuate Collection Set: 0.27ms
[4046.378s][info][gc,phases      ] GC(455)   Merge Heap Roots: 0.54ms
[4046.378s][info][gc,phases      ] GC(455)   Evacuate Collection Set: 145.08ms
[4046.378s][info][gc,phases      ] GC(455)   Post Evacuate Collection Set: 1.07ms
[4046.378s][info][gc,phases      ] GC(455)   Other: 0.06ms
[4046.378s][info][gc,heap        ] GC(455) Eden regions: 571->0(571)
[4046.378s][info][gc,heap        ] GC(455) Survivor regions: 43->43(77)
[4046.378s][info][gc,heap        ] GC(455) Old regions: 228->235
[4046.378s][info][gc,heap        ] GC(455) Humongous regions: 33->33
[4046.378s][info][gc,metaspace   ] GC(455) Metaspace: 29978K(30144K)->29978K(30144K) NonClass: 29978K(30144K)->29978K(30144K) Class: 0K(0K)->0K(0K)
[4046.378s][info][gc             ] GC(455) Pause Young (Normal) (G1 Evacuation Pause) 6987M->2471M(8192M) 147.158ms
[4046.378s][info][gc,cpu         ] GC(455) User=1.16s Sys=0.00s Real=0.15s
.....[4051.986s][info][gc,start       ] GC(456) Pause Young (Normal) (G1 Evacuation Pause)
[4051.986s][info][gc,task        ] GC(456) Using 8 workers of 8 for evacuation
[4052.132s][info][gc,phases      ] GC(456)   Pre Evacuate Collection Set: 0.26ms
[4052.132s][info][gc,phases      ] GC(456)   Merge Heap Roots: 0.55ms
[4052.132s][info][gc,phases      ] GC(456)   Evacuate Collection Set: 144.75ms
[4052.132s][info][gc,phases      ] GC(456)   Post Evacuate Collection Set: 1.08ms
[4052.132s][info][gc,phases      ] GC(456)   Other: 0.06ms
[4052.132s][info][gc,heap        ] GC(456) Eden regions: 571->0(572)
[4052.132s][info][gc,heap        ] GC(456) Survivor regions: 43->42(77)
[4052.132s][info][gc,heap        ] GC(456) Old regions: 235->242
[4052.132s][info][gc,heap        ] GC(456) Humongous regions: 33->33
[4052.132s][info][gc,metaspace   ] GC(456) Metaspace: 29978K(30144K)->29978K(30144K) NonClass: 29978K(30144K)->29978K(30144K) Class: 0K(0K)->0K(0K)
[4052.132s][info][gc             ] GC(456) Pause Young (Normal) (G1 Evacuation Pause) 7039M->2523M(8192M) 146.836ms
[4052.133s][info][gc,cpu         ] GC(456) User=1.16s Sys=0.00s Real=0.15s
......[4057.800s][info][gc,start       ] GC(457) Pause Young (Normal) (G1 Evacuation Pause)
[4057.800s][info][gc,task        ] GC(457) Using 8 workers of 8 for evacuation
[4057.945s][info][gc,phases      ] GC(457)   Pre Evacuate Collection Set: 0.25ms
[4057.945s][info][gc,phases      ] GC(457)   Merge Heap Roots: 0.55ms
[4057.945s][info][gc,phases      ] GC(457)   Evacuate Collection Set: 142.99ms
[4057.945s][info][gc,phases      ] GC(457)   Post Evacuate Collection Set: 1.10ms
[4057.945s][info][gc,phases      ] GC(457)   Other: 0.06ms
[4057.945s][info][gc,heap        ] GC(457) Eden regions: 572->0(571)
[4057.945s][info][gc,heap        ] GC(457) Survivor regions: 42->43(77)
[4057.945s][info][gc,heap        ] GC(457) Old regions: 242->249
[4057.945s][info][gc,heap        ] GC(457) Humongous regions: 33->33
[4057.945s][info][gc,metaspace   ] GC(457) Metaspace: 29978K(30144K)->29978K(30144K) NonClass: 29978K(30144K)->29978K(30144K) Class: 0K(0K)->0K(0K)
[4057.945s][info][gc             ] GC(457) Pause Young (Normal) (G1 Evacuation Pause) 7099M->2583M(8192M) 145.088ms
[4057.945s][info][gc,cpu         ] GC(457) User=1.15s Sys=0.00s Real=0.14s
......[4063.587s][info][gc,start       ] GC(458) Pause Young (Normal) (G1 Evacuation Pause)
[4063.587s][info][gc,task        ] GC(458) Using 8 workers of 8 for evacuation
[4063.735s][info][gc,phases      ] GC(458)   Pre Evacuate Collection Set: 0.27ms
[4063.735s][info][gc,phases      ] GC(458)   Merge Heap Roots: 0.62ms
[4063.735s][info][gc,phases      ] GC(458)   Evacuate Collection Set: 145.77ms
[4063.735s][info][gc,phases      ] GC(458)   Post Evacuate Collection Set: 1.05ms
[4063.735s][info][gc,phases      ] GC(458)   Other: 0.07ms
[4063.735s][info][gc,heap        ] GC(458) Eden regions: 571->0(571)
[4063.735s][info][gc,heap        ] GC(458) Survivor regions: 43->43(77)
[4063.735s][info][gc,heap        ] GC(458) Old regions: 249->257
[4063.735s][info][gc,heap        ] GC(458) Humongous regions: 33->33
[4063.735s][info][gc,metaspace   ] GC(458) Metaspace: 29978K(30144K)->29978K(30144K) NonClass: 29978K(30144K)->29978K(30144K) Class: 0K(0K)->0K(0K)
[4063.735s][info][gc             ] GC(458) Pause Young (Normal) (G1 Evacuation Pause) 7151M->2646M(8192M) 147.911ms
[4063.735s][info][gc,cpu         ] GC(458) User=1.17s Sys=0.01s Real=0.14s
......[4069.368s][info][gc,start       ] GC(459) Pause Young (Normal) (G1 Evacuation Pause)
[4069.368s][info][gc,task        ] GC(459) Using 8 workers of 8 for evacuation
[4069.517s][info][gc,phases      ] GC(459)   Pre Evacuate Collection Set: 0.28ms
[4069.517s][info][gc,phases      ] GC(459)   Merge Heap Roots: 0.61ms
[4069.517s][info][gc,phases      ] GC(459)   Evacuate Collection Set: 146.57ms
[4069.517s][info][gc,phases      ] GC(459)   Post Evacuate Collection Set: 1.07ms
[4069.517s][info][gc,phases      ] GC(459)   Other: 0.07ms
[4069.517s][info][gc,heap        ] GC(459) Eden regions: 571->0(571)
[4069.517s][info][gc,heap        ] GC(459) Survivor regions: 43->43(77)
[4069.517s][info][gc,heap        ] GC(459) Old regions: 257->264
[4069.517s][info][gc,heap        ] GC(459) Humongous regions: 33->33
[4069.517s][info][gc,metaspace   ] GC(459) Metaspace: 29978K(30144K)->29978K(30144K) NonClass: 29978K(30144K)->29978K(30144K) Class: 0K(0K)->0K(0K)
[4069.517s][info][gc             ] GC(459) Pause Young (Normal) (G1 Evacuation Pause) 7214M->2706M(8192M) 148.749ms
[4069.517s][info][gc,cpu         ] GC(459) User=1.17s Sys=0.00s Real=0.14s
.....[4075.142s][info][gc,start       ] GC(460) Pause Young (Normal) (G1 Evacuation Pause)
[4075.142s][info][gc,task        ] GC(460) Using 8 workers of 8 for evacuation
[4075.287s][info][gc,phases      ] GC(460)   Pre Evacuate Collection Set: 0.26ms
[4075.287s][info][gc,phases      ] GC(460)   Merge Heap Roots: 0.53ms
[4075.287s][info][gc,phases      ] GC(460)   Evacuate Collection Set: 143.28ms
[4075.287s][info][gc,phases      ] GC(460)   Post Evacuate Collection Set: 1.07ms
[4075.287s][info][gc,phases      ] GC(460)   Other: 0.07ms
[4075.287s][info][gc,heap        ] GC(460) Eden regions: 571->0(571)
[4075.287s][info][gc,heap        ] GC(460) Survivor regions: 43->43(77)
[4075.287s][info][gc,heap        ] GC(460) Old regions: 264->271
[4075.287s][info][gc,heap        ] GC(460) Humongous regions: 33->33
[4075.287s][info][gc,metaspace   ] GC(460) Metaspace: 29978K(30144K)->29978K(30144K) NonClass: 29978K(30144K)->29978K(30144K) Class: 0K(0K)->0K(0K)
[4075.287s][info][gc             ] GC(460) Pause Young (Normal) (G1 Evacuation Pause) 7274M->2762M(8192M) 145.337ms
[4075.287s][info][gc,cpu         ] GC(460) User=1.14s Sys=0.00s Real=0.15s
......[4080.978s][info][gc,start       ] GC(461) Pause Young (Normal) (G1 Evacuation Pause)
[4080.978s][info][gc,task        ] GC(461) Using 8 workers of 8 for evacuation
[4081.127s][info][gc,phases      ] GC(461)   Pre Evacuate Collection Set: 0.28ms
[4081.127s][info][gc,phases      ] GC(461)   Merge Heap Roots: 0.56ms
[4081.127s][info][gc,phases      ] GC(461)   Evacuate Collection Set: 146.72ms
[4081.127s][info][gc,phases      ] GC(461)   Post Evacuate Collection Set: 1.06ms
[4081.127s][info][gc,phases      ] GC(461)   Other: 0.08ms
[4081.127s][info][gc,heap        ] GC(461) Eden regions: 571->0(571)
[4081.127s][info][gc,heap        ] GC(461) Survivor regions: 43->43(77)
[4081.127s][info][gc,heap        ] GC(461) Old regions: 271->278
[4081.127s][info][gc,heap        ] GC(461) Humongous regions: 33->33
[4081.127s][info][gc,metaspace   ] GC(461) Metaspace: 29978K(30144K)->29978K(30144K) NonClass: 29978K(30144K)->29978K(30144K) Class: 0K(0K)->0K(0K)
[4081.127s][info][gc             ] GC(461) Pause Young (Normal) (G1 Evacuation Pause) 7330M->2819M(8192M) 148.833ms
[4081.127s][info][gc,cpu         ] GC(461) User=1.18s Sys=0.00s Real=0.15s
......[4086.715s][info][gc,start       ] GC(462) Pause Young (Normal) (G1 Evacuation Pause)
[4086.715s][info][gc,task        ] GC(462) Using 8 workers of 8 for evacuation
[4086.865s][info][gc,phases      ] GC(462)   Pre Evacuate Collection Set: 0.25ms
[4086.865s][info][gc,phases      ] GC(462)   Merge Heap Roots: 0.56ms
[4086.866s][info][gc,phases      ] GC(462)   Evacuate Collection Set: 148.78ms
[4086.866s][info][gc,phases      ] GC(462)   Post Evacuate Collection Set: 1.10ms
[4086.866s][info][gc,phases      ] GC(462)   Other: 0.06ms
[4086.866s][info][gc,heap        ] GC(462) Eden regions: 571->0(568)
[4086.866s][info][gc,heap        ] GC(462) Survivor regions: 43->43(77)
[4086.866s][info][gc,heap        ] GC(462) Old regions: 278->285
[4086.866s][info][gc,heap        ] GC(462) Humongous regions: 33->33
[4086.866s][info][gc,metaspace   ] GC(462) Metaspace: 29978K(30144K)->29978K(30144K) NonClass: 29978K(30144K)->29978K(30144K) Class: 0K(0K)->0K(0K)
[4086.866s][info][gc             ] GC(462) Pause Young (Normal) (G1 Evacuation Pause) 7387M->2875M(8192M) 150.882ms
[4086.866s][info][gc,cpu         ] GC(462) User=1.19s Sys=0.00s Real=0.15s
......[4092.493s][info][gc,start       ] GC(463) Pause Young (Normal) (G1 Evacuation Pause)
[4092.493s][info][gc,task        ] GC(463) Using 8 workers of 8 for evacuation
[4092.640s][info][gc,phases      ] GC(463)   Pre Evacuate Collection Set: 0.25ms
[4092.640s][info][gc,phases      ] GC(463)   Merge Heap Roots: 0.54ms
[4092.640s][info][gc,phases      ] GC(463)   Evacuate Collection Set: 144.65ms
[4092.640s][info][gc,phases      ] GC(463)   Post Evacuate Collection Set: 1.08ms
[4092.640s][info][gc,phases      ] GC(463)   Other: 0.07ms
[4092.640s][info][gc,heap        ] GC(463) Eden regions: 568->0(561)
[4092.640s][info][gc,heap        ] GC(463) Survivor regions: 43->43(77)
[4092.640s][info][gc,heap        ] GC(463) Old regions: 285->292
[4092.640s][info][gc,heap        ] GC(463) Humongous regions: 33->33
[4092.640s][info][gc,metaspace   ] GC(463) Metaspace: 29978K(30144K)->29978K(30144K) NonClass: 29978K(30144K)->29978K(30144K) Class: 0K(0K)->0K(0K)
[4092.640s][info][gc             ] GC(463) Pause Young (Normal) (G1 Evacuation Pause) 7419M->2931M(8192M) 146.719ms
[4092.640s][info][gc,cpu         ] GC(463) User=1.16s Sys=0.00s Real=0.15s
..... (rIR:aIR:PR = 6642:6637:6637) (tPR = 98033) [OK] 
  4097s: Performance info:
         Transaction,    Success,    Partial,     Failed,   Receipts, AvgBarcode, 
             Overall,     399132,          0,          0,     379139,      59.47, 
         Response times:
             Request,    Success,    Partial,     Failed,   SkipFail,     Probes,    Samples,      min,      p50,      p90,      p95,      p99,      max, 
       TotalPurchase,     379139,          0,          0,          0,     359331,     385190,      300,     4400,     8100,    10800,    60000,   284000,
     InStorePurchase,     199460,          0,          0,          0,     188944,     202292,      300,     4300,     8000,    10700,    60000,   284000,
      OnlinePurchase,     139782,          0,          0,          0,     132696,     142147,      300,     4300,     8100,    10800,    60000,   283000,
        InstPurchase,      39897,          0,          0,          0,      37691,      40751,      500,     4700,     8200,    11100,    61000,   282000,
          AssocOfCat,        404,          0,          0,          0,        328,        415,    23000,    36000,    52400,    58000,   106240,   188000,
      AssocOfProduct,       4000,          0,          0,          0,       3711,       4172,      700,     4700,     8200,    11200,    64000,   283000,
      BusinessReport,       1000,          0,          0,          0,        861,        998,    27000,    39000,    57000,    67050,   116100,   217000,
          CustBuyBeh,       4006,          0,          0,          0,       3710,       4179,      300,     4500,     7600,    10400,    63000,   157000,
       ProductReturn,      10585,          0,          0,          0,      10076,      10997,      300,     4500,     8000,    11300,    62000,   177000,

  4097s: (49%)   IR =   6780 [4098.164s][info][gc,start       ] GC(464) Pause Young (Normal) (G1 Evacuation Pause)
[4098.164s][info][gc,task        ] GC(464) Using 8 workers of 8 for evacuation
[4098.311s][info][gc,phases      ] GC(464)   Pre Evacuate Collection Set: 0.24ms
[4098.311s][info][gc,phases      ] GC(464)   Merge Heap Roots: 0.53ms
[4098.311s][info][gc,phases      ] GC(464)   Evacuate Collection Set: 145.42ms
[4098.311s][info][gc,phases      ] GC(464)   Post Evacuate Collection Set: 1.05ms
[4098.311s][info][gc,phases      ] GC(464)   Other: 0.06ms
[4098.311s][info][gc,heap        ] GC(464) Eden regions: 561->0(552)
[4098.311s][info][gc,heap        ] GC(464) Survivor regions: 43->44(76)
[4098.311s][info][gc,heap        ] GC(464) Old regions: 292->299
[4098.311s][info][gc,heap        ] GC(464) Humongous regions: 33->33
[4098.311s][info][gc,metaspace   ] GC(464) Metaspace: 29978K(30144K)->29978K(30144K) NonClass: 29978K(30144K)->29978K(30144K) Class: 0K(0K)->0K(0K)
[4098.311s][info][gc             ] GC(464) Pause Young (Normal) (G1 Evacuation Pause) 7419M->2991M(8192M) 147.442ms
[4098.311s][info][gc,cpu         ] GC(464) User=1.17s Sys=0.00s Real=0.15s
......[4103.573s][info][gc,start       ] GC(465) Pause Young (Normal) (G1 Evacuation Pause)
[4103.573s][info][gc,task        ] GC(465) Using 8 workers of 8 for evacuation
[4103.721s][info][gc,phases      ] GC(465)   Pre Evacuate Collection Set: 0.27ms
[4103.721s][info][gc,phases      ] GC(465)   Merge Heap Roots: 0.59ms
[4103.721s][info][gc,phases      ] GC(465)   Evacuate Collection Set: 146.18ms
[4103.721s][info][gc,phases      ] GC(465)   Post Evacuate Collection Set: 1.02ms
[4103.721s][info][gc,phases      ] GC(465)   Other: 0.06ms
[4103.721s][info][gc,heap        ] GC(465) Eden regions: 552->0(544)
[4103.721s][info][gc,heap        ] GC(465) Survivor regions: 44->44(75)
[4103.721s][info][gc,heap        ] GC(465) Old regions: 299->307
[4103.721s][info][gc,heap        ] GC(465) Humongous regions: 33->33
[4103.721s][info][gc,metaspace   ] GC(465) Metaspace: 29978K(30144K)->29978K(30144K) NonClass: 29978K(30144K)->29978K(30144K) Class: 0K(0K)->0K(0K)
[4103.721s][info][gc             ] GC(465) Pause Young (Normal) (G1 Evacuation Pause) 7407M->3053M(8192M) 148.257ms
[4103.721s][info][gc,cpu         ] GC(465) User=1.18s Sys=0.00s Real=0.15s
.....[4108.987s][info][gc,start       ] GC(466) Pause Young (Normal) (G1 Evacuation Pause)
[4108.987s][info][gc,task        ] GC(466) Using 8 workers of 8 for evacuation
[4109.132s][info][gc,phases      ] GC(466)   Pre Evacuate Collection Set: 0.28ms
[4109.132s][info][gc,phases      ] GC(466)   Merge Heap Roots: 0.63ms
[4109.132s][info][gc,phases      ] GC(466)   Evacuate Collection Set: 142.46ms
[4109.132s][info][gc,phases      ] GC(466)   Post Evacuate Collection Set: 1.05ms
[4109.132s][info][gc,phases      ] GC(466)   Other: 0.06ms
[4109.132s][info][gc,heap        ] GC(466) Eden regions: 544->0(540)
[4109.132s][info][gc,heap        ] GC(466) Survivor regions: 44->42(74)
[4109.132s][info][gc,heap        ] GC(466) Old regions: 307->315
[4109.132s][info][gc,heap        ] GC(466) Humongous regions: 33->33
[4109.132s][info][gc,metaspace   ] GC(466) Metaspace: 29978K(30144K)->29978K(30144K) NonClass: 29978K(30144K)->29978K(30144K) Class: 0K(0K)->0K(0K)
[4109.132s][info][gc             ] GC(466) Pause Young (Normal) (G1 Evacuation Pause) 7405M->3097M(8192M) 144.628ms
[4109.132s][info][gc,cpu         ] GC(466) User=1.15s Sys=0.00s Real=0.14s
.|....[4114.295s][info][gc,start       ] GC(467) Pause Young (Concurrent Start) (G1 Evacuation Pause)
[4114.295s][info][gc,task        ] GC(467) Using 8 workers of 8 for evacuation
[4114.439s][info][gc,phases      ] GC(467)   Pre Evacuate Collection Set: 0.30ms
[4114.439s][info][gc,phases      ] GC(467)   Merge Heap Roots: 0.52ms
[4114.439s][info][gc,phases      ] GC(467)   Evacuate Collection Set: 141.90ms
[4114.439s][info][gc,phases      ] GC(467)   Post Evacuate Collection Set: 1.03ms
[4114.439s][info][gc,phases      ] GC(467)   Other: 0.10ms
[4114.439s][info][gc,heap        ] GC(467) Eden regions: 540->0(535)
[4114.439s][info][gc,heap        ] GC(467) Survivor regions: 42->41(73)
[4114.439s][info][gc,heap        ] GC(467) Old regions: 315->322
[4114.439s][info][gc,heap        ] GC(467) Humongous regions: 33->33
[4114.439s][info][gc,metaspace   ] GC(467) Metaspace: 29981K(30144K)->29981K(30144K) NonClass: 29981K(30144K)->29981K(30144K) Class: 0K(0K)->0K(0K)
[4114.439s][info][gc             ] GC(467) Pause Young (Concurrent Start) (G1 Evacuation Pause) 7417M->3152M(8192M) 143.976ms
[4114.439s][info][gc,cpu         ] GC(467) User=1.14s Sys=0.00s Real=0.15s
[4114.439s][info][gc             ] GC(468) Concurrent Mark Cycle
[4114.439s][info][gc,marking     ] GC(468) Concurrent Scan Root Regions
.[4114.672s][info][gc,marking     ] GC(468) Concurrent Scan Root Regions 233.061ms
[4114.672s][info][gc,marking     ] GC(468) Concurrent Mark
[4114.672s][info][gc,marking     ] GC(468) Concurrent Mark From Roots
[4114.672s][info][gc,task        ] GC(468) Using 2 workers of 2 for marking
[4115.337s][info][gc,marking     ] GC(468) Concurrent Mark From Roots 665.024ms
[4115.337s][info][gc,marking     ] GC(468) Concurrent Preclean
[4115.337s][info][gc,marking     ] GC(468) Concurrent Preclean 0.131ms
[4115.338s][info][gc,start       ] GC(468) Pause Remark
[4115.340s][info][gc             ] GC(468) Pause Remark 3900M->3396M(8192M) 1.938ms
[4115.340s][info][gc,cpu         ] GC(468) User=0.02s Sys=0.00s Real=0.00s
[4115.340s][info][gc,marking     ] GC(468) Concurrent Mark 667.358ms
[4115.340s][info][gc,marking     ] GC(468) Concurrent Rebuild Remembered Sets and Scrub Regions
.[4115.769s][info][gc,marking     ] GC(468) Concurrent Rebuild Remembered Sets and Scrub Regions 429.117ms
[4115.769s][info][gc,start       ] GC(468) Pause Cleanup
[4115.769s][info][gc             ] GC(468) Pause Cleanup 3804M->3804M(8192M) 0.298ms
[4115.769s][info][gc,cpu         ] GC(468) User=0.00s Sys=0.00s Real=0.00s
[4115.769s][info][gc,marking     ] GC(468) Concurrent Clear Claimed Marks
[4115.769s][info][gc,marking     ] GC(468) Concurrent Clear Claimed Marks 0.045ms
[4115.769s][info][gc,marking     ] GC(468) Concurrent Cleanup for Next Mark
[4115.779s][info][gc,marking     ] GC(468) Concurrent Cleanup for Next Mark 9.218ms
[4115.779s][info][gc             ] GC(468) Concurrent Mark Cycle 1339.501ms
....[4119.642s][info][gc,start       ] GC(469) Pause Young (Prepare Mixed) (G1 Evacuation Pause)
[4119.642s][info][gc,task        ] GC(469) Using 8 workers of 8 for evacuation
[4119.785s][info][gc,phases      ] GC(469)   Pre Evacuate Collection Set: 0.25ms
[4119.785s][info][gc,phases      ] GC(469)   Merge Heap Roots: 0.77ms
[4119.785s][info][gc,phases      ] GC(469)   Evacuate Collection Set: 140.82ms
[4119.785s][info][gc,phases      ] GC(469)   Post Evacuate Collection Set: 1.15ms
[4119.785s][info][gc,phases      ] GC(469)   Other: 0.07ms
[4119.785s][info][gc,heap        ] GC(469) Eden regions: 535->0(573)
[4119.785s][info][gc,heap        ] GC(469) Survivor regions: 41->41(72)
[4119.785s][info][gc,heap        ] GC(469) Old regions: 259->266
[4119.785s][info][gc,heap        ] GC(469) Humongous regions: 33->33
[4119.785s][info][gc,metaspace   ] GC(469) Metaspace: 29981K(30144K)->29981K(30144K) NonClass: 29981K(30144K)->29981K(30144K) Class: 0K(0K)->0K(0K)
[4119.785s][info][gc             ] GC(469) Pause Young (Prepare Mixed) (G1 Evacuation Pause) 6928M->2702M(8192M) 143.173ms
[4119.785s][info][gc,cpu         ] GC(469) User=1.13s Sys=0.00s Real=0.14s
.....[4125.314s][info][gc,start       ] GC(470) Pause Young (Mixed) (G1 Evacuation Pause)
[4125.314s][info][gc,task        ] GC(470) Using 8 workers of 8 for evacuation
[4125.464s][info][gc,phases      ] GC(470)   Pre Evacuate Collection Set: 0.30ms
[4125.464s][info][gc,phases      ] GC(470)   Merge Heap Roots: 0.90ms
[4125.464s][info][gc,phases      ] GC(470)   Evacuate Collection Set: 147.70ms
[4125.464s][info][gc,phases      ] GC(470)   Post Evacuate Collection Set: 1.32ms
[4125.464s][info][gc,phases      ] GC(470)   Other: 0.08ms
[4125.464s][info][gc,heap        ] GC(470) Eden regions: 573->0(573)
[4125.464s][info][gc,heap        ] GC(470) Survivor regions: 41->41(77)
[4125.464s][info][gc,heap        ] GC(470) Old regions: 266->171
[4125.464s][info][gc,heap        ] GC(470) Humongous regions: 33->33
[4125.464s][info][gc,metaspace   ] GC(470) Metaspace: 29981K(30144K)->29981K(30144K) NonClass: 29981K(30144K)->29981K(30144K) Class: 0K(0K)->0K(0K)
[4125.464s][info][gc             ] GC(470) Pause Young (Mixed) (G1 Evacuation Pause) 7286M->1946M(8192M) 150.425ms
[4125.464s][info][gc,cpu         ] GC(470) User=1.19s Sys=0.00s Real=0.15s
......[4130.950s][info][gc,start       ] GC(471) Pause Young (Mixed) (G1 Evacuation Pause)
[4130.950s][info][gc,task        ] GC(471) Using 8 workers of 8 for evacuation
[4131.104s][info][gc,phases      ] GC(471)   Pre Evacuate Collection Set: 0.29ms
[4131.104s][info][gc,phases      ] GC(471)   Merge Heap Roots: 0.88ms
[4131.104s][info][gc,phases      ] GC(471)   Evacuate Collection Set: 152.04ms
[4131.104s][info][gc,phases      ] GC(471)   Post Evacuate Collection Set: 1.09ms
[4131.104s][info][gc,phases      ] GC(471)   Other: 0.07ms
[4131.104s][info][gc,heap        ] GC(471) Eden regions: 573->0(571)
[4131.104s][info][gc,heap        ] GC(471) Survivor regions: 41->43(77)
[4131.104s][info][gc,heap        ] GC(471) Old regions: 171->143
[4131.104s][info][gc,heap        ] GC(471) Humongous regions: 33->33
[4131.104s][info][gc,metaspace   ] GC(471) Metaspace: 29981K(30144K)->29981K(30144K) NonClass: 29981K(30144K)->29981K(30144K) Class: 0K(0K)->0K(0K)
[4131.105s][info][gc             ] GC(471) Pause Young (Mixed) (G1 Evacuation Pause) 6530M->1730M(8192M) 154.508ms
[4131.105s][info][gc,cpu         ] GC(471) User=1.22s Sys=0.00s Real=0.15s
......[4136.686s][info][gc,start       ] GC(472) Pause Young (Normal) (G1 Evacuation Pause)
[4136.686s][info][gc,task        ] GC(472) Using 8 workers of 8 for evacuation
[4136.836s][info][gc,phases      ] GC(472)   Pre Evacuate Collection Set: 0.25ms
[4136.836s][info][gc,phases      ] GC(472)   Merge Heap Roots: 0.61ms
[4136.836s][info][gc,phases      ] GC(472)   Evacuate Collection Set: 147.82ms
[4136.836s][info][gc,phases      ] GC(472)   Post Evacuate Collection Set: 1.06ms
[4136.836s][info][gc,phases      ] GC(472)   Other: 0.07ms
[4136.836s][info][gc,heap        ] GC(472) Eden regions: 571->0(571)
[4136.836s][info][gc,heap        ] GC(472) Survivor regions: 43->43(77)
[4136.836s][info][gc,heap        ] GC(472) Old regions: 143->150
[4136.836s][info][gc,heap        ] GC(472) Humongous regions: 33->33
[4136.836s][info][gc,metaspace   ] GC(472) Metaspace: 29981K(30144K)->29981K(30144K) NonClass: 29981K(30144K)->29981K(30144K) Class: 0K(0K)->0K(0K)
[4136.836s][info][gc             ] GC(472) Pause Young (Normal) (G1 Evacuation Pause) 6298M->1792M(8192M) 149.934ms
[4136.836s][info][gc,cpu         ] GC(472) User=1.19s Sys=0.00s Real=0.15s
.....[4142.277s][info][gc,start       ] GC(473) Pause Young (Normal) (G1 Evacuation Pause)
[4142.277s][info][gc,task        ] GC(473) Using 8 workers of 8 for evacuation
[4142.424s][info][gc,phases      ] GC(473)   Pre Evacuate Collection Set: 0.26ms
[4142.424s][info][gc,phases      ] GC(473)   Merge Heap Roots: 0.59ms
[4142.424s][info][gc,phases      ] GC(473)   Evacuate Collection Set: 144.65ms
[4142.424s][info][gc,phases      ] GC(473)   Post Evacuate Collection Set: 1.06ms
[4142.424s][info][gc,phases      ] GC(473)   Other: 0.06ms
[4142.424s][info][gc,heap        ] GC(473) Eden regions: 571->0(571)
[4142.424s][info][gc,heap        ] GC(473) Survivor regions: 43->43(77)
[4142.424s][info][gc,heap        ] GC(473) Old regions: 150->157
[4142.424s][info][gc,heap        ] GC(473) Humongous regions: 33->33
[4142.424s][info][gc,metaspace   ] GC(473) Metaspace: 29981K(30144K)->29981K(30144K) NonClass: 29981K(30144K)->29981K(30144K) Class: 0K(0K)->0K(0K)
[4142.424s][info][gc             ] GC(473) Pause Young (Normal) (G1 Evacuation Pause) 6360M->1845M(8192M) 146.771ms
[4142.424s][info][gc,cpu         ] GC(473) User=1.16s Sys=0.00s Real=0.14s
......[4147.971s][info][gc,start       ] GC(474) Pause Young (Normal) (G1 Evacuation Pause)
[4147.971s][info][gc,task        ] GC(474) Using 8 workers of 8 for evacuation
[4148.117s][info][gc,phases      ] GC(474)   Pre Evacuate Collection Set: 0.26ms
[4148.117s][info][gc,phases      ] GC(474)   Merge Heap Roots: 0.56ms
[4148.117s][info][gc,phases      ] GC(474)   Evacuate Collection Set: 144.02ms
[4148.117s][info][gc,phases      ] GC(474)   Post Evacuate Collection Set: 1.04ms
[4148.117s][info][gc,phases      ] GC(474)   Other: 0.06ms
[4148.117s][info][gc,heap        ] GC(474) Eden regions: 571->0(571)
[4148.117s][info][gc,heap        ] GC(474) Survivor regions: 43->43(77)
[4148.117s][info][gc,heap        ] GC(474) Old regions: 157->164
[4148.117s][info][gc,heap        ] GC(474) Humongous regions: 33->33
[4148.117s][info][gc,metaspace   ] GC(474) Metaspace: 29981K(30144K)->29981K(30144K) NonClass: 29981K(30144K)->29981K(30144K) Class: 0K(0K)->0K(0K)
[4148.117s][info][gc             ] GC(474) Pause Young (Normal) (G1 Evacuation Pause) 6413M->1901M(8192M) 146.071ms
[4148.117s][info][gc,cpu         ] GC(474) User=1.16s Sys=0.00s Real=0.15s
......[4153.582s][info][gc,start       ] GC(475) Pause Young (Normal) (G1 Evacuation Pause)
[4153.582s][info][gc,task        ] GC(475) Using 8 workers of 8 for evacuation
[4153.730s][info][gc,phases      ] GC(475)   Pre Evacuate Collection Set: 0.26ms
[4153.730s][info][gc,phases      ] GC(475)   Merge Heap Roots: 0.53ms
[4153.730s][info][gc,phases      ] GC(475)   Evacuate Collection Set: 146.42ms
[4153.730s][info][gc,phases      ] GC(475)   Post Evacuate Collection Set: 1.04ms
[4153.730s][info][gc,phases      ] GC(475)   Other: 0.08ms
[4153.730s][info][gc,heap        ] GC(475) Eden regions: 571->0(571)
[4153.730s][info][gc,heap        ] GC(475) Survivor regions: 43->43(77)
[4153.730s][info][gc,heap        ] GC(475) Old regions: 164->171
[4153.730s][info][gc,heap        ] GC(475) Humongous regions: 33->33
[4153.730s][info][gc,metaspace   ] GC(475) Metaspace: 29981K(30144K)->29981K(30144K) NonClass: 29981K(30144K)->29981K(30144K) Class: 0K(0K)->0K(0K)
[4153.730s][info][gc             ] GC(475) Pause Young (Normal) (G1 Evacuation Pause) 6469M->1962M(8192M) 148.452ms
[4153.730s][info][gc,cpu         ] GC(475) User=1.18s Sys=0.00s Real=0.15s
.....[4159.210s][info][gc,start       ] GC(476) Pause Young (Normal) (G1 Evacuation Pause)
[4159.210s][info][gc,task        ] GC(476) Using 8 workers of 8 for evacuation
[4159.359s][info][gc,phases      ] GC(476)   Pre Evacuate Collection Set: 0.26ms
[4159.359s][info][gc,phases      ] GC(476)   Merge Heap Roots: 0.58ms
[4159.359s][info][gc,phases      ] GC(476)   Evacuate Collection Set: 147.58ms
[4159.359s][info][gc,phases      ] GC(476)   Post Evacuate Collection Set: 1.07ms
[4159.359s][info][gc,phases      ] GC(476)   Other: 0.06ms
[4159.359s][info][gc,heap        ] GC(476) Eden regions: 571->0(570)
[4159.359s][info][gc,heap        ] GC(476) Survivor regions: 43->44(77)
[4159.359s][info][gc,heap        ] GC(476) Old regions: 171->179
[4159.359s][info][gc,heap        ] GC(476) Humongous regions: 33->33
[4159.359s][info][gc,metaspace   ] GC(476) Metaspace: 29981K(30144K)->29981K(30144K) NonClass: 29981K(30144K)->29981K(30144K) Class: 0K(0K)->0K(0K)
[4159.359s][info][gc             ] GC(476) Pause Young (Normal) (G1 Evacuation Pause) 6530M->2025M(8192M) 149.689ms
[4159.359s][info][gc,cpu         ] GC(476) User=1.18s Sys=0.00s Real=0.15s
......[4164.884s][info][gc,start       ] GC(477) Pause Young (Normal) (G1 Evacuation Pause)
[4164.884s][info][gc,task        ] GC(477) Using 8 workers of 8 for evacuation
[4165.035s][info][gc,phases      ] GC(477)   Pre Evacuate Collection Set: 0.27ms
[4165.035s][info][gc,phases      ] GC(477)   Merge Heap Roots: 0.55ms
[4165.035s][info][gc,phases      ] GC(477)   Evacuate Collection Set: 149.15ms
[4165.035s][info][gc,phases      ] GC(477)   Post Evacuate Collection Set: 1.06ms
[4165.035s][info][gc,phases      ] GC(477)   Other: 0.07ms
[4165.035s][info][gc,heap        ] GC(477) Eden regions: 570->0(570)
[4165.035s][info][gc,heap        ] GC(477) Survivor regions: 44->44(77)
[4165.035s][info][gc,heap        ] GC(477) Old regions: 179->186
[4165.035s][info][gc,heap        ] GC(477) Humongous regions: 33->33
[4165.035s][info][gc,metaspace   ] GC(477) Metaspace: 29981K(30144K)->29981K(30144K) NonClass: 29981K(30144K)->29981K(30144K) Class: 0K(0K)->0K(0K)
[4165.035s][info][gc             ] GC(477) Pause Young (Normal) (G1 Evacuation Pause) 6585M->2082M(8192M) 151.216ms
[4165.035s][info][gc,cpu         ] GC(477) User=1.20s Sys=0.00s Real=0.15s
..... (rIR:aIR:PR = 6780:6782:6782) (tPR = 100326) [OK] 
  4169s: Performance info:
         Transaction,    Success,    Partial,     Failed,   Receipts, AvgBarcode, 
             Overall,     407698,          0,          0,     387330,      59.47, 
         Response times:
             Request,    Success,    Partial,     Failed,   SkipFail,     Probes,    Samples,      min,      p50,      p90,      p95,      p99,      max, 
       TotalPurchase,     387335,          0,          0,          0,     359790,     435282,      300,     4500,     8400,    12300,    73000,   330000,
     InStorePurchase,     204194,          0,          0,          0,     189028,     228285,      300,     4600,     8400,    12200,    71000,   329000,
      OnlinePurchase,     142362,          0,          0,          0,     132351,     160157,      400,     4600,     8500,    12500,    77000,   330000,
        InstPurchase,      40779,          0,          0,          0,      38411,      46840,      400,     4400,     8400,    12400,    72000,   330000,
          AssocOfCat,        412,          0,          0,          0,        345,        505,    27000,    37000,    55000,    81200,   127000,   206000,
      AssocOfProduct,       4067,          0,          0,          0,       3851,       4912,      700,     5100,     8900,    12935,    70000,   329000,
      BusinessReport,       1025,          0,          0,          0,        915,       1245,    23000,    40000,    58000,    83700,   191160,   216000,
          CustBuyBeh,       4068,          0,          0,          0,       3830,       4872,      300,     4800,     8600,    12335,    71270,   286000,
       ProductReturn,      10799,          0,          0,          0,      10295,      12857,      200,     4400,     8400,    11300,    68000,   311000,

  4169s: (50%)   IR =   6918 [4170.524s][info][gc,start       ] GC(478) Pause Young (Normal) (G1 Evacuation Pause)
[4170.524s][info][gc,task        ] GC(478) Using 8 workers of 8 for evacuation
[4170.674s][info][gc,phases      ] GC(478)   Pre Evacuate Collection Set: 0.25ms
[4170.674s][info][gc,phases      ] GC(478)   Merge Heap Roots: 0.56ms
[4170.674s][info][gc,phases      ] GC(478)   Evacuate Collection Set: 147.65ms
[4170.674s][info][gc,phases      ] GC(478)   Post Evacuate Collection Set: 1.07ms
[4170.674s][info][gc,phases      ] GC(478)   Other: 0.06ms
[4170.674s][info][gc,heap        ] GC(478) Eden regions: 570->0(571)
[4170.674s][info][gc,heap        ] GC(478) Survivor regions: 44->43(77)
[4170.674s][info][gc,heap        ] GC(478) Old regions: 186->193
[4170.674s][info][gc,heap        ] GC(478) Humongous regions: 33->33
[4170.674s][info][gc,metaspace   ] GC(478) Metaspace: 29981K(30144K)->29981K(30144K) NonClass: 29981K(30144K)->29981K(30144K) Class: 0K(0K)->0K(0K)
[4170.674s][info][gc             ] GC(478) Pause Young (Normal) (G1 Evacuation Pause) 6642M->2135M(8192M) 149.734ms
[4170.674s][info][gc,cpu         ] GC(478) User=1.19s Sys=0.00s Real=0.15s
......[4176.038s][info][gc,start       ] GC(479) Pause Young (Normal) (G1 Evacuation Pause)
[4176.038s][info][gc,task        ] GC(479) Using 8 workers of 8 for evacuation
[4176.183s][info][gc,phases      ] GC(479)   Pre Evacuate Collection Set: 0.26ms
[4176.183s][info][gc,phases      ] GC(479)   Merge Heap Roots: 0.53ms
[4176.183s][info][gc,phases      ] GC(479)   Evacuate Collection Set: 142.72ms
[4176.183s][info][gc,phases      ] GC(479)   Post Evacuate Collection Set: 1.07ms
[4176.183s][info][gc,phases      ] GC(479)   Other: 0.06ms
[4176.183s][info][gc,heap        ] GC(479) Eden regions: 571->0(572)
[4176.183s][info][gc,heap        ] GC(479) Survivor regions: 43->42(77)
[4176.183s][info][gc,heap        ] GC(479) Old regions: 193->200
[4176.183s][info][gc,heap        ] GC(479) Humongous regions: 33->33
[4176.183s][info][gc,metaspace   ] GC(479) Metaspace: 29981K(30144K)->29981K(30144K) NonClass: 29981K(30144K)->29981K(30144K) Class: 0K(0K)->0K(0K)
[4176.183s][info][gc             ] GC(479) Pause Young (Normal) (G1 Evacuation Pause) 6703M->2185M(8192M) 144.778ms
[4176.183s][info][gc,cpu         ] GC(479) User=1.15s Sys=0.00s Real=0.14s
.....[4181.550s][info][gc,start       ] GC(480) Pause Young (Normal) (G1 Evacuation Pause)
[4181.550s][info][gc,task        ] GC(480) Using 8 workers of 8 for evacuation
[4181.700s][info][gc,phases      ] GC(480)   Pre Evacuate Collection Set: 0.25ms
[4181.700s][info][gc,phases      ] GC(480)   Merge Heap Roots: 0.61ms
[4181.700s][info][gc,phases      ] GC(480)   Evacuate Collection Set: 147.56ms
[4181.700s][info][gc,phases      ] GC(480)   Post Evacuate Collection Set: 1.04ms
[4181.700s][info][gc,phases      ] GC(480)   Other: 0.07ms
[4181.700s][info][gc,heap        ] GC(480) Eden regions: 572->0(571)
[4181.700s][info][gc,heap        ] GC(480) Survivor regions: 42->43(77)
[4181.700s][info][gc,heap        ] GC(480) Old regions: 200->207
[4181.700s][info][gc,heap        ] GC(480) Humongous regions: 33->33
[4181.700s][info][gc,metaspace   ] GC(480) Metaspace: 29981K(30144K)->29981K(30144K) NonClass: 29981K(30144K)->29981K(30144K) Class: 0K(0K)->0K(0K)
[4181.700s][info][gc             ] GC(480) Pause Young (Normal) (G1 Evacuation Pause) 6761M->2250M(8192M) 149.680ms
[4181.700s][info][gc,cpu         ] GC(480) User=1.18s Sys=0.00s Real=0.15s
......[4187.104s][info][gc,start       ] GC(481) Pause Young (Normal) (G1 Evacuation Pause)
[4187.104s][info][gc,task        ] GC(481) Using 8 workers of 8 for evacuation
[4187.249s][info][gc,phases      ] GC(481)   Pre Evacuate Collection Set: 0.25ms
[4187.249s][info][gc,phases      ] GC(481)   Merge Heap Roots: 0.56ms
[4187.249s][info][gc,phases      ] GC(481)   Evacuate Collection Set: 143.29ms
[4187.249s][info][gc,phases      ] GC(481)   Post Evacuate Collection Set: 1.04ms
[4187.249s][info][gc,phases      ] GC(481)   Other: 0.06ms
[4187.249s][info][gc,heap        ] GC(481) Eden regions: 571->0(571)
[4187.249s][info][gc,heap        ] GC(481) Survivor regions: 43->43(77)
[4187.249s][info][gc,heap        ] GC(481) Old regions: 207->214
[4187.249s][info][gc,heap        ] GC(481) Humongous regions: 33->33
[4187.249s][info][gc,metaspace   ] GC(481) Metaspace: 29981K(30144K)->29981K(30144K) NonClass: 29981K(30144K)->29981K(30144K) Class: 0K(0K)->0K(0K)
[4187.249s][info][gc             ] GC(481) Pause Young (Normal) (G1 Evacuation Pause) 6818M->2303M(8192M) 145.336ms
[4187.249s][info][gc,cpu         ] GC(481) User=1.15s Sys=0.00s Real=0.15s
.....[4192.656s][info][gc,start       ] GC(482) Pause Young (Normal) (G1 Evacuation Pause)
[4192.656s][info][gc,task        ] GC(482) Using 8 workers of 8 for evacuation
[4192.801s][info][gc,phases      ] GC(482)   Pre Evacuate Collection Set: 0.27ms
[4192.801s][info][gc,phases      ] GC(482)   Merge Heap Roots: 0.55ms
[4192.801s][info][gc,phases      ] GC(482)   Evacuate Collection Set: 142.91ms
[4192.801s][info][gc,phases      ] GC(482)   Post Evacuate Collection Set: 1.05ms
[4192.801s][info][gc,phases      ] GC(482)   Other: 0.06ms
[4192.801s][info][gc,heap        ] GC(482) Eden regions: 571->0(572)
[4192.801s][info][gc,heap        ] GC(482) Survivor regions: 43->42(77)
[4192.801s][info][gc,heap        ] GC(482) Old regions: 214->222
[4192.801s][info][gc,heap        ] GC(482) Humongous regions: 33->33
[4192.801s][info][gc,metaspace   ] GC(482) Metaspace: 29981K(30144K)->29981K(30144K) NonClass: 29981K(30144K)->29981K(30144K) Class: 0K(0K)->0K(0K)
[4192.801s][info][gc             ] GC(482) Pause Young (Normal) (G1 Evacuation Pause) 6871M->2357M(8192M) 144.985ms
[4192.801s][info][gc,cpu         ] GC(482) User=1.15s Sys=0.00s Real=0.15s
..|....[4198.249s][info][gc,start       ] GC(483) Pause Young (Normal) (G1 Evacuation Pause)
[4198.249s][info][gc,task        ] GC(483) Using 8 workers of 8 for evacuation
[4198.395s][info][gc,phases      ] GC(483)   Pre Evacuate Collection Set: 0.24ms
[4198.395s][info][gc,phases      ] GC(483)   Merge Heap Roots: 0.53ms
[4198.395s][info][gc,phases      ] GC(483)   Evacuate Collection Set: 144.68ms
[4198.395s][info][gc,phases      ] GC(483)   Post Evacuate Collection Set: 1.06ms
[4198.395s][info][gc,phases      ] GC(483)   Other: 0.07ms
[4198.395s][info][gc,heap        ] GC(483) Eden regions: 572->0(571)
[4198.395s][info][gc,heap        ] GC(483) Survivor regions: 42->43(77)
[4198.395s][info][gc,heap        ] GC(483) Old regions: 222->229
[4198.395s][info][gc,heap        ] GC(483) Humongous regions: 33->33
[4198.395s][info][gc,metaspace   ] GC(483) Metaspace: 29981K(30144K)->29981K(30144K) NonClass: 29981K(30144K)->29981K(30144K) Class: 0K(0K)->0K(0K)
[4198.395s][info][gc             ] GC(483) Pause Young (Normal) (G1 Evacuation Pause) 6933M->2421M(8192M) 146.718ms
[4198.395s][info][gc,cpu         ] GC(483) User=1.17s Sys=0.00s Real=0.14s
.....[4203.739s][info][gc,start       ] GC(484) Pause Young (Normal) (G1 Evacuation Pause)
[4203.739s][info][gc,task        ] GC(484) Using 8 workers of 8 for evacuation
[4203.884s][info][gc,phases      ] GC(484)   Pre Evacuate Collection Set: 0.25ms
[4203.884s][info][gc,phases      ] GC(484)   Merge Heap Roots: 0.57ms
[4203.884s][info][gc,phases      ] GC(484)   Evacuate Collection Set: 143.07ms
[4203.884s][info][gc,phases      ] GC(484)   Post Evacuate Collection Set: 1.08ms
[4203.884s][info][gc,phases      ] GC(484)   Other: 0.06ms
[4203.884s][info][gc,heap        ] GC(484) Eden regions: 571->0(572)
[4203.884s][info][gc,heap        ] GC(484) Survivor regions: 43->42(77)
[4203.884s][info][gc,heap        ] GC(484) Old regions: 229->236
[4203.884s][info][gc,heap        ] GC(484) Humongous regions: 33->33
[4203.884s][info][gc,metaspace   ] GC(484) Metaspace: 29981K(30144K)->29981K(30144K) NonClass: 29981K(30144K)->29981K(30144K) Class: 0K(0K)->0K(0K)
[4203.884s][info][gc             ] GC(484) Pause Young (Normal) (G1 Evacuation Pause) 6989M->2470M(8192M) 145.168ms
[4203.884s][info][gc,cpu         ] GC(484) User=1.15s Sys=0.01s Real=0.14s
......[4209.377s][info][gc,start       ] GC(485) Pause Young (Normal) (G1 Evacuation Pause)
[4209.377s][info][gc,task        ] GC(485) Using 8 workers of 8 for evacuation
[4209.527s][info][gc,phases      ] GC(485)   Pre Evacuate Collection Set: 0.29ms
[4209.527s][info][gc,phases      ] GC(485)   Merge Heap Roots: 0.67ms
[4209.527s][info][gc,phases      ] GC(485)   Evacuate Collection Set: 147.56ms
[4209.527s][info][gc,phases      ] GC(485)   Post Evacuate Collection Set: 1.07ms
[4209.527s][info][gc,phases      ] GC(485)   Other: 0.06ms
[4209.527s][info][gc,heap        ] GC(485) Eden regions: 572->0(571)
[4209.527s][info][gc,heap        ] GC(485) Survivor regions: 42->43(77)
[4209.527s][info][gc,heap        ] GC(485) Old regions: 236->243
[4209.527s][info][gc,heap        ] GC(485) Humongous regions: 33->33
[4209.527s][info][gc,metaspace   ] GC(485) Metaspace: 29981K(30144K)->29981K(30144K) NonClass: 29981K(30144K)->29981K(30144K) Class: 0K(0K)->0K(0K)
[4209.527s][info][gc             ] GC(485) Pause Young (Normal) (G1 Evacuation Pause) 7046M->2534M(8192M) 149.783ms
[4209.527s][info][gc,cpu         ] GC(485) User=1.19s Sys=0.00s Real=0.14s
.....[4214.892s][info][gc,start       ] GC(486) Pause Young (Normal) (G1 Evacuation Pause)
[4214.892s][info][gc,task        ] GC(486) Using 8 workers of 8 for evacuation
[4215.041s][info][gc,phases      ] GC(486)   Pre Evacuate Collection Set: 0.25ms
[4215.041s][info][gc,phases      ] GC(486)   Merge Heap Roots: 0.60ms
[4215.041s][info][gc,phases      ] GC(486)   Evacuate Collection Set: 147.32ms
[4215.041s][info][gc,phases      ] GC(486)   Post Evacuate Collection Set: 1.06ms
[4215.041s][info][gc,phases      ] GC(486)   Other: 0.07ms
[4215.041s][info][gc,heap        ] GC(486) Eden regions: 571->0(571)
[4215.041s][info][gc,heap        ] GC(486) Survivor regions: 43->43(77)
[4215.041s][info][gc,heap        ] GC(486) Old regions: 243->250
[4215.041s][info][gc,heap        ] GC(486) Humongous regions: 33->33
[4215.041s][info][gc,metaspace   ] GC(486) Metaspace: 29981K(30144K)->29981K(30144K) NonClass: 29981K(30144K)->29981K(30144K) Class: 0K(0K)->0K(0K)
[4215.041s][info][gc             ] GC(486) Pause Young (Normal) (G1 Evacuation Pause) 7102M->2595M(8192M) 149.434ms
[4215.041s][info][gc,cpu         ] GC(486) User=1.18s Sys=0.00s Real=0.15s
......[4220.467s][info][gc,start       ] GC(487) Pause Young (Normal) (G1 Evacuation Pause)
[4220.467s][info][gc,task        ] GC(487) Using 8 workers of 8 for evacuation
[4220.615s][info][gc,phases      ] GC(487)   Pre Evacuate Collection Set: 0.25ms
[4220.615s][info][gc,phases      ] GC(487)   Merge Heap Roots: 0.57ms
[4220.615s][info][gc,phases      ] GC(487)   Evacuate Collection Set: 145.29ms
[4220.615s][info][gc,phases      ] GC(487)   Post Evacuate Collection Set: 1.03ms
[4220.615s][info][gc,phases      ] GC(487)   Other: 0.06ms
[4220.615s][info][gc,heap        ] GC(487) Eden regions: 571->0(571)
[4220.615s][info][gc,heap        ] GC(487) Survivor regions: 43->43(77)
[4220.615s][info][gc,heap        ] GC(487) Old regions: 250->257
[4220.615s][info][gc,heap        ] GC(487) Humongous regions: 33->33
[4220.615s][info][gc,metaspace   ] GC(487) Metaspace: 29981K(30144K)->29981K(30144K) NonClass: 29981K(30144K)->29981K(30144K) Class: 0K(0K)->0K(0K)
[4220.615s][info][gc             ] GC(487) Pause Young (Normal) (G1 Evacuation Pause) 7163M->2651M(8192M) 147.361ms
[4220.615s][info][gc,cpu         ] GC(487) User=1.17s Sys=0.00s Real=0.14s
.....[4225.941s][info][gc,start       ] GC(488) Pause Young (Normal) (G1 Evacuation Pause)
[4225.942s][info][gc,task        ] GC(488) Using 8 workers of 8 for evacuation
[4226.087s][info][gc,phases      ] GC(488)   Pre Evacuate Collection Set: 0.25ms
[4226.087s][info][gc,phases      ] GC(488)   Merge Heap Roots: 0.56ms
[4226.087s][info][gc,phases      ] GC(488)   Evacuate Collection Set: 143.41ms
[4226.087s][info][gc,phases      ] GC(488)   Post Evacuate Collection Set: 1.08ms
[4226.087s][info][gc,phases      ] GC(488)   Other: 0.06ms
[4226.087s][info][gc,heap        ] GC(488) Eden regions: 571->0(571)
[4226.087s][info][gc,heap        ] GC(488) Survivor regions: 43->43(77)
[4226.087s][info][gc,heap        ] GC(488) Old regions: 257->264
[4226.087s][info][gc,heap        ] GC(488) Humongous regions: 33->33
[4226.087s][info][gc,metaspace   ] GC(488) Metaspace: 29981K(30144K)->29981K(30144K) NonClass: 29981K(30144K)->29981K(30144K) Class: 0K(0K)->0K(0K)
[4226.087s][info][gc             ] GC(488) Pause Young (Normal) (G1 Evacuation Pause) 7219M->2703M(8192M) 145.503ms
[4226.087s][info][gc,cpu         ] GC(488) User=1.15s Sys=0.00s Real=0.14s
......[4231.490s][info][gc,start       ] GC(489) Pause Young (Normal) (G1 Evacuation Pause)
[4231.490s][info][gc,task        ] GC(489) Using 8 workers of 8 for evacuation
[4231.641s][info][gc,phases      ] GC(489)   Pre Evacuate Collection Set: 0.28ms
[4231.641s][info][gc,phases      ] GC(489)   Merge Heap Roots: 0.58ms
[4231.641s][info][gc,phases      ] GC(489)   Evacuate Collection Set: 148.46ms
[4231.641s][info][gc,phases      ] GC(489)   Post Evacuate Collection Set: 1.12ms
[4231.641s][info][gc,phases      ] GC(489)   Other: 0.06ms
[4231.641s][info][gc,heap        ] GC(489) Eden regions: 571->0(571)
[4231.641s][info][gc,heap        ] GC(489) Survivor regions: 43->43(77)
[4231.641s][info][gc,heap        ] GC(489) Old regions: 264->271
[4231.641s][info][gc,heap        ] GC(489) Humongous regions: 33->33
[4231.641s][info][gc,metaspace   ] GC(489) Metaspace: 29981K(30144K)->29981K(30144K) NonClass: 29981K(30144K)->29981K(30144K) Class: 0K(0K)->0K(0K)
[4231.641s][info][gc             ] GC(489) Pause Young (Normal) (G1 Evacuation Pause) 7271M->2758M(8192M) 150.629ms
[4231.641s][info][gc,cpu         ] GC(489) User=1.19s Sys=0.00s Real=0.15s
.....[4237.021s][info][gc,start       ] GC(490) Pause Young (Normal) (G1 Evacuation Pause)
[4237.021s][info][gc,task        ] GC(490) Using 8 workers of 8 for evacuation
[4237.167s][info][gc,phases      ] GC(490)   Pre Evacuate Collection Set: 0.25ms
[4237.167s][info][gc,phases      ] GC(490)   Merge Heap Roots: 0.59ms
[4237.167s][info][gc,phases      ] GC(490)   Evacuate Collection Set: 144.77ms
[4237.167s][info][gc,phases      ] GC(490)   Post Evacuate Collection Set: 1.04ms
[4237.167s][info][gc,phases      ] GC(490)   Other: 0.07ms
[4237.167s][info][gc,heap        ] GC(490) Eden regions: 571->0(570)
[4237.167s][info][gc,heap        ] GC(490) Survivor regions: 43->44(77)
[4237.167s][info][gc,heap        ] GC(490) Old regions: 271->279
[4237.167s][info][gc,heap        ] GC(490) Humongous regions: 33->33
[4237.167s][info][gc,metaspace   ] GC(490) Metaspace: 29981K(30144K)->29981K(30144K) NonClass: 29981K(30144K)->29981K(30144K) Class: 0K(0K)->0K(0K)
[4237.167s][info][gc             ] GC(490) Pause Young (Normal) (G1 Evacuation Pause) 7326M->2825M(8192M) 146.895ms
[4237.168s][info][gc,cpu         ] GC(490) User=1.16s Sys=0.00s Real=0.15s
......[4242.588s][info][gc,start       ] GC(491) Pause Young (Normal) (G1 Evacuation Pause)
[4242.589s][info][gc,task        ] GC(491) Using 8 workers of 8 for evacuation
[4242.739s][info][gc,phases      ] GC(491)   Pre Evacuate Collection Set: 0.27ms
[4242.739s][info][gc,phases      ] GC(491)   Merge Heap Roots: 0.63ms
[4242.739s][info][gc,phases      ] GC(491)   Evacuate Collection Set: 148.60ms
[4242.739s][info][gc,phases      ] GC(491)   Post Evacuate Collection Set: 1.07ms
[4242.739s][info][gc,phases      ] GC(491)   Other: 0.08ms
[4242.739s][info][gc,heap        ] GC(491) Eden regions: 570->0(565)
[4242.739s][info][gc,heap        ] GC(491) Survivor regions: 44->44(77)
[4242.739s][info][gc,heap        ] GC(491) Old regions: 279->286
[4242.739s][info][gc,heap        ] GC(491) Humongous regions: 33->33
[4242.739s][info][gc,metaspace   ] GC(491) Metaspace: 29981K(30144K)->29981K(30144K) NonClass: 29981K(30144K)->29981K(30144K) Class: 0K(0K)->0K(0K)
[4242.739s][info][gc             ] GC(491) Pause Young (Normal) (G1 Evacuation Pause) 7385M->2881M(8192M) 150.799ms
[4242.739s][info][gc,cpu         ] GC(491) User=1.19s Sys=0.00s Real=0.15s
.....[4248.023s][info][gc,start       ] GC(492) Pause Young (Normal) (G1 Evacuation Pause)
[4248.023s][info][gc,task        ] GC(492) Using 8 workers of 8 for evacuation
[4248.171s][info][gc,phases      ] GC(492)   Pre Evacuate Collection Set: 0.27ms
[4248.171s][info][gc,phases      ] GC(492)   Merge Heap Roots: 0.57ms
[4248.171s][info][gc,phases      ] GC(492)   Evacuate Collection Set: 146.61ms
[4248.171s][info][gc,phases      ] GC(492)   Post Evacuate Collection Set: 1.05ms
[4248.171s][info][gc,phases      ] GC(492)   Other: 0.06ms
[4248.171s][info][gc,heap        ] GC(492) Eden regions: 565->0(560)
[4248.171s][info][gc,heap        ] GC(492) Survivor regions: 44->43(77)
[4248.171s][info][gc,heap        ] GC(492) Old regions: 286->293
[4248.171s][info][gc,heap        ] GC(492) Humongous regions: 33->33
[4248.171s][info][gc,metaspace   ] GC(492) Metaspace: 29981K(30144K)->29981K(30144K) NonClass: 29981K(30144K)->29981K(30144K) Class: 0K(0K)->0K(0K)
[4248.171s][info][gc             ] GC(492) Pause Young (Normal) (G1 Evacuation Pause) 7401M->2933M(8192M) 148.697ms
[4248.171s][info][gc,cpu         ] GC(492) User=1.18s Sys=0.00s Real=0.15s
......[4253.498s][info][gc,start       ] GC(493) Pause Young (Normal) (G1 Evacuation Pause)
[4253.498s][info][gc,task        ] GC(493) Using 8 workers of 8 for evacuation
[4253.645s][info][gc,phases      ] GC(493)   Pre Evacuate Collection Set: 0.25ms
[4253.645s][info][gc,phases      ] GC(493)   Merge Heap Roots: 0.57ms
[4253.645s][info][gc,phases      ] GC(493)   Evacuate Collection Set: 145.06ms
[4253.645s][info][gc,phases      ] GC(493)   Post Evacuate Collection Set: 1.06ms
[4253.645s][info][gc,phases      ] GC(493)   Other: 0.06ms
[4253.645s][info][gc,heap        ] GC(493) Eden regions: 560->0(553)
[4253.645s][info][gc,heap        ] GC(493) Survivor regions: 43->43(76)
[4253.645s][info][gc,heap        ] GC(493) Old regions: 293->300
[4253.645s][info][gc,heap        ] GC(493) Humongous regions: 33->33
[4253.645s][info][gc,metaspace   ] GC(493) Metaspace: 29981K(30144K)->29981K(30144K) NonClass: 29981K(30144K)->29981K(30144K) Class: 0K(0K)->0K(0K)
[4253.645s][info][gc             ] GC(493) Pause Young (Normal) (G1 Evacuation Pause) 7413M->2986M(8192M) 147.137ms
[4253.645s][info][gc,cpu         ] GC(493) User=1.16s Sys=0.00s Real=0.14s
. (rIR:aIR:PR = 6918:6912:6912) (tPR = 102353) [OK] 
  4254s: Performance info:
         Transaction,    Success,    Partial,     Failed,   Receipts, AvgBarcode, 
             Overall,     417331,          0,          0,     396467,      59.47, 
         Response times:
             Request,    Success,    Partial,     Failed,   SkipFail,     Probes,    Samples,      min,      p50,      p90,      p95,      p99,      max, 
       TotalPurchase,     396468,          0,          0,          0,     359548,     512262,      300,     4700,     8700,    13000,    66000,   325000,
     InStorePurchase,     208451,          0,          0,          0,     189582,     270237,      400,     4600,     8700,    13200,    65000,   325000,
      OnlinePurchase,     146180,          0,          0,          0,     131888,     187266,      300,     4700,     8700,    13000,    67000,   325000,
        InstPurchase,      41837,          0,          0,          0,      38078,      54759,      500,     4600,     8600,    12400,    67000,   325000,
          AssocOfCat,        423,          0,          0,          0,        345,        576,    22000,    38000,    56000,    70300,   188230,   204000,
      AssocOfProduct,       4182,          0,          0,          0,       3809,       5654,      600,     5600,     9000,    13225,    74000,   325000,
      BusinessReport,       1044,          0,          0,          0,        923,       1488,    24000,    40000,    58000,    69000,   113330,   214000,
          CustBuyBeh,       4177,          0,          0,          0,       3876,       5815,      200,     3700,     8600,    13400,    54840,   267000,
       ProductReturn,      11038,          0,          0,          0,       9350,      13588,      200,     5100,     8600,    13855,    74000,   267000,

  4254s: (51%)   IR =   7057 ....[4258.809s][info][gc,start       ] GC(494) Pause Young (Normal) (G1 Evacuation Pause)
[4258.809s][info][gc,task        ] GC(494) Using 8 workers of 8 for evacuation
[4258.953s][info][gc,phases      ] GC(494)   Pre Evacuate Collection Set: 0.25ms
[4258.953s][info][gc,phases      ] GC(494)   Merge Heap Roots: 0.57ms
[4258.953s][info][gc,phases      ] GC(494)   Evacuate Collection Set: 142.87ms
[4258.953s][info][gc,phases      ] GC(494)   Post Evacuate Collection Set: 1.07ms
[4258.953s][info][gc,phases      ] GC(494)   Other: 0.06ms
[4258.953s][info][gc,heap        ] GC(494) Eden regions: 553->0(548)
[4258.953s][info][gc,heap        ] GC(494) Survivor regions: 43->42(75)
[4258.953s][info][gc,heap        ] GC(494) Old regions: 300->307
[4258.953s][info][gc,heap        ] GC(494) Humongous regions: 33->33
[4258.953s][info][gc,metaspace   ] GC(494) Metaspace: 29984K(30144K)->29984K(30144K) NonClass: 29984K(30144K)->29984K(30144K) Class: 0K(0K)->0K(0K)
[4258.953s][info][gc             ] GC(494) Pause Young (Normal) (G1 Evacuation Pause) 7410M->3038M(8192M) 144.953ms
[4258.954s][info][gc,cpu         ] GC(494) User=1.15s Sys=0.00s Real=0.14s
.|....[4263.973s][info][gc,start       ] GC(495) Pause Young (Normal) (G1 Evacuation Pause)
[4263.973s][info][gc,task        ] GC(495) Using 8 workers of 8 for evacuation
[4264.125s][info][gc,phases      ] GC(495)   Pre Evacuate Collection Set: 0.28ms
[4264.125s][info][gc,phases      ] GC(495)   Merge Heap Roots: 0.58ms
[4264.125s][info][gc,phases      ] GC(495)   Evacuate Collection Set: 150.23ms
[4264.125s][info][gc,phases      ] GC(495)   Post Evacuate Collection Set: 1.09ms
[4264.125s][info][gc,phases      ] GC(495)   Other: 0.07ms
[4264.125s][info][gc,heap        ] GC(495) Eden regions: 548->0(536)
[4264.125s][info][gc,heap        ] GC(495) Survivor regions: 42->44(74)
[4264.125s][info][gc,heap        ] GC(495) Old regions: 307->315
[4264.125s][info][gc,heap        ] GC(495) Humongous regions: 33->33
[4264.125s][info][gc,metaspace   ] GC(495) Metaspace: 29984K(30144K)->29984K(30144K) NonClass: 29984K(30144K)->29984K(30144K) Class: 0K(0K)->0K(0K)
[4264.126s][info][gc             ] GC(495) Pause Young (Normal) (G1 Evacuation Pause) 7422M->3113M(8192M) 152.399ms
[4264.126s][info][gc,cpu         ] GC(495) User=1.21s Sys=0.00s Real=0.15s
.....[4269.121s][info][gc,start       ] GC(496) Pause Young (Concurrent Start) (G1 Evacuation Pause)
[4269.121s][info][gc,task        ] GC(496) Using 8 workers of 8 for evacuation
[4269.271s][info][gc,phases      ] GC(496)   Pre Evacuate Collection Set: 0.29ms
[4269.271s][info][gc,phases      ] GC(496)   Merge Heap Roots: 0.63ms
[4269.271s][info][gc,phases      ] GC(496)   Evacuate Collection Set: 148.29ms
[4269.271s][info][gc,phases      ] GC(496)   Post Evacuate Collection Set: 1.00ms
[4269.271s][info][gc,phases      ] GC(496)   Other: 0.10ms
[4269.271s][info][gc,heap        ] GC(496) Eden regions: 536->0(531)
[4269.271s][info][gc,heap        ] GC(496) Survivor regions: 44->43(73)
[4269.271s][info][gc,heap        ] GC(496) Old regions: 315->322
[4269.271s][info][gc,heap        ] GC(496) Humongous regions: 33->33
[4269.271s][info][gc,metaspace   ] GC(496) Metaspace: 29984K(30144K)->29984K(30144K) NonClass: 29984K(30144K)->29984K(30144K) Class: 0K(0K)->0K(0K)
[4269.272s][info][gc             ] GC(496) Pause Young (Concurrent Start) (G1 Evacuation Pause) 7401M->3166M(8192M) 150.467ms
[4269.272s][info][gc             ] GC(497) Concurrent Mark Cycle
[4269.272s][info][gc,marking     ] GC(497) Concurrent Scan Root Regions
[4269.272s][info][gc,cpu         ] GC(496) User=1.19s Sys=0.00s Real=0.15s
.[4269.572s][info][gc,marking     ] GC(497) Concurrent Scan Root Regions 300.706ms
[4269.572s][info][gc,marking     ] GC(497) Concurrent Mark
[4269.572s][info][gc,marking     ] GC(497) Concurrent Mark From Roots
[4269.572s][info][gc,task        ] GC(497) Using 2 workers of 2 for marking
.[4270.364s][info][gc,marking     ] GC(497) Concurrent Mark From Roots 791.626ms
[4270.364s][info][gc,marking     ] GC(497) Concurrent Preclean
[4270.364s][info][gc,marking     ] GC(497) Concurrent Preclean 0.133ms
[4270.364s][info][gc,start       ] GC(497) Pause Remark
[4270.366s][info][gc             ] GC(497) Pause Remark 4167M->3639M(8192M) 2.096ms
[4270.366s][info][gc,cpu         ] GC(497) User=0.01s Sys=0.00s Real=0.00s
[4270.366s][info][gc,marking     ] GC(497) Concurrent Mark 794.143ms
[4270.366s][info][gc,marking     ] GC(497) Concurrent Rebuild Remembered Sets and Scrub Regions
[4270.790s][info][gc,marking     ] GC(497) Concurrent Rebuild Remembered Sets and Scrub Regions 423.202ms
[4270.790s][info][gc,start       ] GC(497) Pause Cleanup
[4270.790s][info][gc             ] GC(497) Pause Cleanup 4026M->4026M(8192M) 0.294ms
[4270.790s][info][gc,cpu         ] GC(497) User=0.00s Sys=0.00s Real=0.00s
[4270.790s][info][gc,marking     ] GC(497) Concurrent Clear Claimed Marks
[4270.790s][info][gc,marking     ] GC(497) Concurrent Clear Claimed Marks 0.054ms
[4270.790s][info][gc,marking     ] GC(497) Concurrent Cleanup for Next Mark
[4270.800s][info][gc,marking     ] GC(497) Concurrent Cleanup for Next Mark 10.135ms
[4270.800s][info][gc             ] GC(497) Concurrent Mark Cycle 1528.913ms
...[4274.171s][info][gc,start       ] GC(498) Pause Young (Prepare Mixed) (G1 Evacuation Pause)
[4274.171s][info][gc,task        ] GC(498) Using 8 workers of 8 for evacuation
[4274.316s][info][gc,phases      ] GC(498)   Pre Evacuate Collection Set: 0.28ms
[4274.316s][info][gc,phases      ] GC(498)   Merge Heap Roots: 0.73ms
[4274.316s][info][gc,phases      ] GC(498)   Evacuate Collection Set: 143.09ms
[4274.316s][info][gc,phases      ] GC(498)   Post Evacuate Collection Set: 1.14ms
[4274.316s][info][gc,phases      ] GC(498)   Other: 0.07ms
[4274.316s][info][gc,heap        ] GC(498) Eden regions: 531->0(573)
[4274.316s][info][gc,heap        ] GC(498) Survivor regions: 43->41(72)
[4274.316s][info][gc,heap        ] GC(498) Old regions: 256->264
[4274.316s][info][gc,heap        ] GC(498) Humongous regions: 33->33
[4274.316s][info][gc,metaspace   ] GC(498) Metaspace: 29984K(30144K)->29984K(30144K) NonClass: 29984K(30144K)->29984K(30144K) Class: 0K(0K)->0K(0K)
[4274.316s][info][gc             ] GC(498) Pause Young (Prepare Mixed) (G1 Evacuation Pause) 6886M->2686M(8192M) 145.433ms
[4274.316s][info][gc,cpu         ] GC(498) User=1.15s Sys=0.00s Real=0.14s
......[4279.619s][info][gc,start       ] GC(499) Pause Young (Mixed) (G1 Evacuation Pause)
[4279.619s][info][gc,task        ] GC(499) Using 8 workers of 8 for evacuation
[4279.770s][info][gc,phases      ] GC(499)   Pre Evacuate Collection Set: 0.28ms
[4279.770s][info][gc,phases      ] GC(499)   Merge Heap Roots: 0.81ms
[4279.770s][info][gc,phases      ] GC(499)   Evacuate Collection Set: 149.07ms
[4279.770s][info][gc,phases      ] GC(499)   Post Evacuate Collection Set: 1.23ms
[4279.770s][info][gc,phases      ] GC(499)   Other: 0.08ms
[4279.770s][info][gc,heap        ] GC(499) Eden regions: 573->0(571)
[4279.770s][info][gc,heap        ] GC(499) Survivor regions: 41->43(77)
[4279.770s][info][gc,heap        ] GC(499) Old regions: 264->168
[4279.770s][info][gc,heap        ] GC(499) Humongous regions: 33->33
[4279.770s][info][gc,metaspace   ] GC(499) Metaspace: 29984K(30144K)->29984K(30144K) NonClass: 29984K(30144K)->29984K(30144K) Class: 0K(0K)->0K(0K)
[4279.770s][info][gc             ] GC(499) Pause Young (Mixed) (G1 Evacuation Pause) 7270M->1935M(8192M) 151.616ms
[4279.770s][info][gc,cpu         ] GC(499) User=1.19s Sys=0.00s Real=0.15s
.....[4285.026s][info][gc,start       ] GC(500) Pause Young (Mixed) (G1 Evacuation Pause)
[4285.026s][info][gc,task        ] GC(500) Using 8 workers of 8 for evacuation
[4285.178s][info][gc,phases      ] GC(500)   Pre Evacuate Collection Set: 0.28ms
[4285.178s][info][gc,phases      ] GC(500)   Merge Heap Roots: 0.94ms
[4285.178s][info][gc,phases      ] GC(500)   Evacuate Collection Set: 150.16ms
[4285.179s][info][gc,phases      ] GC(500)   Post Evacuate Collection Set: 1.08ms
[4285.179s][info][gc,phases      ] GC(500)   Other: 0.07ms
[4285.179s][info][gc,heap        ] GC(500) Eden regions: 571->0(571)
[4285.179s][info][gc,heap        ] GC(500) Survivor regions: 43->43(77)
[4285.179s][info][gc,heap        ] GC(500) Old regions: 168->143
[4285.179s][info][gc,heap        ] GC(500) Humongous regions: 33->33
[4285.179s][info][gc,metaspace   ] GC(500) Metaspace: 29984K(30144K)->29984K(30144K) NonClass: 29984K(30144K)->29984K(30144K) Class: 0K(0K)->0K(0K)
[4285.179s][info][gc             ] GC(500) Pause Young (Mixed) (G1 Evacuation Pause) 6503M->1733M(8192M) 152.670ms
[4285.179s][info][gc,cpu         ] GC(500) User=1.21s Sys=0.00s Real=0.16s
......[4290.462s][info][gc,start       ] GC(501) Pause Young (Normal) (G1 Evacuation Pause)
[4290.462s][info][gc,task        ] GC(501) Using 8 workers of 8 for evacuation
[4290.614s][info][gc,phases      ] GC(501)   Pre Evacuate Collection Set: 0.25ms
[4290.614s][info][gc,phases      ] GC(501)   Merge Heap Roots: 0.55ms
[4290.614s][info][gc,phases      ] GC(501)   Evacuate Collection Set: 150.02ms
[4290.614s][info][gc,phases      ] GC(501)   Post Evacuate Collection Set: 1.08ms
[4290.614s][info][gc,phases      ] GC(501)   Other: 0.06ms
[4290.614s][info][gc,heap        ] GC(501) Eden regions: 571->0(570)
[4290.614s][info][gc,heap        ] GC(501) Survivor regions: 43->44(77)
[4290.614s][info][gc,heap        ] GC(501) Old regions: 143->150
[4290.614s][info][gc,heap        ] GC(501) Humongous regions: 33->33
[4290.614s][info][gc,metaspace   ] GC(501) Metaspace: 29984K(30144K)->29984K(30144K) NonClass: 29984K(30144K)->29984K(30144K) Class: 0K(0K)->0K(0K)
[4290.614s][info][gc             ] GC(501) Pause Young (Normal) (G1 Evacuation Pause) 6301M->1800M(8192M) 152.079ms
[4290.614s][info][gc,cpu         ] GC(501) User=1.21s Sys=0.00s Real=0.15s
.....[4295.857s][info][gc,start       ] GC(502) Pause Young (Normal) (G1 Evacuation Pause)
[4295.857s][info][gc,task        ] GC(502) Using 8 workers of 8 for evacuation
[4296.002s][info][gc,phases      ] GC(502)   Pre Evacuate Collection Set: 0.26ms
[4296.002s][info][gc,phases      ] GC(502)   Merge Heap Roots: 0.56ms
[4296.002s][info][gc,phases      ] GC(502)   Evacuate Collection Set: 143.48ms
[4296.002s][info][gc,phases      ] GC(502)   Post Evacuate Collection Set: 1.06ms
[4296.002s][info][gc,phases      ] GC(502)   Other: 0.06ms
[4296.002s][info][gc,heap        ] GC(502) Eden regions: 570->0(573)
[4296.002s][info][gc,heap        ] GC(502) Survivor regions: 44->41(77)
[4296.002s][info][gc,heap        ] GC(502) Old regions: 150->157
[4296.002s][info][gc,heap        ] GC(502) Humongous regions: 33->33
[4296.002s][info][gc,metaspace   ] GC(502) Metaspace: 29984K(30144K)->29984K(30144K) NonClass: 29984K(30144K)->29984K(30144K) Class: 0K(0K)->0K(0K)
[4296.002s][info][gc             ] GC(502) Pause Young (Normal) (G1 Evacuation Pause) 6360M->1833M(8192M) 145.555ms
[4296.002s][info][gc,cpu         ] GC(502) User=1.15s Sys=0.01s Real=0.15s
......[4301.345s][info][gc,start       ] GC(503) Pause Young (Normal) (G1 Evacuation Pause)
[4301.345s][info][gc,task        ] GC(503) Using 8 workers of 8 for evacuation
[4301.493s][info][gc,phases      ] GC(503)   Pre Evacuate Collection Set: 0.27ms
[4301.493s][info][gc,phases      ] GC(503)   Merge Heap Roots: 0.57ms
[4301.493s][info][gc,phases      ] GC(503)   Evacuate Collection Set: 146.34ms
[4301.493s][info][gc,phases      ] GC(503)   Post Evacuate Collection Set: 1.05ms
[4301.493s][info][gc,phases      ] GC(503)   Other: 0.08ms
[4301.493s][info][gc,heap        ] GC(503) Eden regions: 573->0(571)
[4301.493s][info][gc,heap        ] GC(503) Survivor regions: 41->43(77)
[4301.493s][info][gc,heap        ] GC(503) Old regions: 157->164
[4301.493s][info][gc,heap        ] GC(503) Humongous regions: 33->33
[4301.493s][info][gc,metaspace   ] GC(503) Metaspace: 29984K(30144K)->29984K(30144K) NonClass: 29984K(30144K)->29984K(30144K) Class: 0K(0K)->0K(0K)
[4301.493s][info][gc             ] GC(503) Pause Young (Normal) (G1 Evacuation Pause) 6417M->1907M(8192M) 148.445ms
[4301.494s][info][gc,cpu         ] GC(503) User=1.17s Sys=0.00s Real=0.15s
.....[4306.754s][info][gc,start       ] GC(504) Pause Young (Normal) (G1 Evacuation Pause)
[4306.754s][info][gc,task        ] GC(504) Using 8 workers of 8 for evacuation
[4306.899s][info][gc,phases      ] GC(504)   Pre Evacuate Collection Set: 0.28ms
[4306.899s][info][gc,phases      ] GC(504)   Merge Heap Roots: 0.61ms
[4306.899s][info][gc,phases      ] GC(504)   Evacuate Collection Set: 142.49ms
[4306.899s][info][gc,phases      ] GC(504)   Post Evacuate Collection Set: 1.07ms
[4306.899s][info][gc,phases      ] GC(504)   Other: 0.07ms
[4306.899s][info][gc,heap        ] GC(504) Eden regions: 571->0(572)
[4306.899s][info][gc,heap        ] GC(504) Survivor regions: 43->42(77)
[4306.899s][info][gc,heap        ] GC(504) Old regions: 164->171
[4306.899s][info][gc,heap        ] GC(504) Humongous regions: 33->33
[4306.899s][info][gc,metaspace   ] GC(504) Metaspace: 29984K(30144K)->29984K(30144K) NonClass: 29984K(30144K)->29984K(30144K) Class: 0K(0K)->0K(0K)
[4306.899s][info][gc             ] GC(504) Pause Young (Normal) (G1 Evacuation Pause) 6475M->1955M(8192M) 144.656ms
[4306.899s][info][gc,cpu         ] GC(504) User=1.14s Sys=0.00s Real=0.15s
.....[4312.189s][info][gc,start       ] GC(505) Pause Young (Normal) (G1 Evacuation Pause)
[4312.189s][info][gc,task        ] GC(505) Using 8 workers of 8 for evacuation
[4312.335s][info][gc,phases      ] GC(505)   Pre Evacuate Collection Set: 0.25ms
[4312.335s][info][gc,phases      ] GC(505)   Merge Heap Roots: 0.55ms
[4312.335s][info][gc,phases      ] GC(505)   Evacuate Collection Set: 144.33ms
[4312.335s][info][gc,phases      ] GC(505)   Post Evacuate Collection Set: 1.06ms
[4312.335s][info][gc,phases      ] GC(505)   Other: 0.06ms
[4312.335s][info][gc,heap        ] GC(505) Eden regions: 572->0(571)
[4312.335s][info][gc,heap        ] GC(505) Survivor regions: 42->43(77)
[4312.335s][info][gc,heap        ] GC(505) Old regions: 171->178
[4312.335s][info][gc,heap        ] GC(505) Humongous regions: 33->33
[4312.335s][info][gc,metaspace   ] GC(505) Metaspace: 29984K(30144K)->29984K(30144K) NonClass: 29984K(30144K)->29984K(30144K) Class: 0K(0K)->0K(0K)
[4312.335s][info][gc             ] GC(505) Pause Young (Normal) (G1 Evacuation Pause) 6531M->2015M(8192M) 146.395ms
[4312.335s][info][gc,cpu         ] GC(505) User=1.16s Sys=0.00s Real=0.14s
......[4317.659s][info][gc,start       ] GC(506) Pause Young (Normal) (G1 Evacuation Pause)
[4317.659s][info][gc,task        ] GC(506) Using 8 workers of 8 for evacuation
[4317.809s][info][gc,phases      ] GC(506)   Pre Evacuate Collection Set: 0.24ms
[4317.809s][info][gc,phases      ] GC(506)   Merge Heap Roots: 0.55ms
[4317.809s][info][gc,phases      ] GC(506)   Evacuate Collection Set: 148.50ms
[4317.809s][info][gc,phases      ] GC(506)   Post Evacuate Collection Set: 1.08ms
[4317.809s][info][gc,phases      ] GC(506)   Other: 0.06ms
[4317.809s][info][gc,heap        ] GC(506) Eden regions: 571->0(571)
[4317.809s][info][gc,heap        ] GC(506) Survivor regions: 43->43(77)
[4317.809s][info][gc,heap        ] GC(506) Old regions: 178->185
[4317.809s][info][gc,heap        ] GC(506) Humongous regions: 33->33
[4317.809s][info][gc,metaspace   ] GC(506) Metaspace: 29984K(30144K)->29984K(30144K) NonClass: 29984K(30144K)->29984K(30144K) Class: 0K(0K)->0K(0K)
[4317.809s][info][gc             ] GC(506) Pause Young (Normal) (G1 Evacuation Pause) 6583M->2075M(8192M) 150.583ms
[4317.809s][info][gc,cpu         ] GC(506) User=1.19s Sys=0.00s Real=0.15s
.. (rIR:aIR:PR = 7057:7061:7061) (tPR = 104921) [OK] 
  4319s: Performance info:
         Transaction,    Success,    Partial,     Failed,   Receipts, AvgBarcode, 
             Overall,     423963,          0,          0,     402838,      59.48, 
         Response times:
             Request,    Success,    Partial,     Failed,   SkipFail,     Probes,    Samples,      min,      p50,      p90,      p95,      p99,      max, 
       TotalPurchase,     402838,          0,          0,          0,     358071,     390342,      300,     4900,     9300,    17100,    69000,   336000,
     InStorePurchase,     211526,          0,          0,          0,     188383,     205119,      300,     4800,     9300,    17000,    69000,   336000,
      OnlinePurchase,     148902,          0,          0,          0,     132207,     144152,      300,     4800,     9300,    17200,    69000,   336000,
        InstPurchase,      42410,          0,          0,          0,      37481,      41071,      400,     5000,     9200,    17700,    70000,   335000,
          AssocOfCat,        423,          0,          0,          0,        346,        449,    27000,    38000,    57000,    82000,   143000,   202000,
      AssocOfProduct,       4233,          0,          0,          0,       3949,       4562,      600,     4800,     8900,    14900,    61000,   333000,
      BusinessReport,       1059,          0,          0,          0,        933,       1108,    24000,    41000,    66000,   101550,   209730,   321000,
          CustBuyBeh,       4235,          0,          0,          0,       3997,       4666,      200,     4400,     9000,    15065,    71000,   333000,
       ProductReturn,      11175,          0,          0,          0,       9592,      10741,      200,     4500,     9400,    15500,    56000,   279000,

  4319s: (52%)   IR =   7195 ...[4323.055s][info][gc,start       ] GC(507) Pause Young (Normal) (G1 Evacuation Pause)
[4323.055s][info][gc,task        ] GC(507) Using 8 workers of 8 for evacuation
[4323.202s][info][gc,phases      ] GC(507)   Pre Evacuate Collection Set: 0.25ms
[4323.202s][info][gc,phases      ] GC(507)   Merge Heap Roots: 0.56ms
[4323.202s][info][gc,phases      ] GC(507)   Evacuate Collection Set: 145.49ms
[4323.202s][info][gc,phases      ] GC(507)   Post Evacuate Collection Set: 1.04ms
[4323.202s][info][gc,phases      ] GC(507)   Other: 0.06ms
[4323.202s][info][gc,heap        ] GC(507) Eden regions: 571->0(572)
[4323.202s][info][gc,heap        ] GC(507) Survivor regions: 43->42(77)
[4323.202s][info][gc,heap        ] GC(507) Old regions: 185->192
[4323.202s][info][gc,heap        ] GC(507) Humongous regions: 33->33
[4323.202s][info][gc,metaspace   ] GC(507) Metaspace: 29984K(30144K)->29984K(30144K) NonClass: 29984K(30144K)->29984K(30144K) Class: 0K(0K)->0K(0K)
[4323.203s][info][gc             ] GC(507) Pause Young (Normal) (G1 Evacuation Pause) 6643M->2123M(8192M) 147.531ms
[4323.203s][info][gc,cpu         ] GC(507) User=1.16s Sys=0.00s Real=0.15s
..|...[4328.359s][info][gc,start       ] GC(508) Pause Young (Normal) (G1 Evacuation Pause)
[4328.359s][info][gc,task        ] GC(508) Using 8 workers of 8 for evacuation
[4328.509s][info][gc,phases      ] GC(508)   Pre Evacuate Collection Set: 0.29ms
[4328.509s][info][gc,phases      ] GC(508)   Merge Heap Roots: 0.68ms
[4328.509s][info][gc,phases      ] GC(508)   Evacuate Collection Set: 148.62ms
[4328.509s][info][gc,phases      ] GC(508)   Post Evacuate Collection Set: 1.02ms
[4328.509s][info][gc,phases      ] GC(508)   Other: 0.06ms
[4328.509s][info][gc,heap        ] GC(508) Eden regions: 572->0(571)
[4328.509s][info][gc,heap        ] GC(508) Survivor regions: 42->43(77)
[4328.509s][info][gc,heap        ] GC(508) Old regions: 192->199
[4328.509s][info][gc,heap        ] GC(508) Humongous regions: 33->33
[4328.509s][info][gc,metaspace   ] GC(508) Metaspace: 29984K(30144K)->29984K(30144K) NonClass: 29984K(30144K)->29984K(30144K) Class: 0K(0K)->0K(0K)
[4328.509s][info][gc             ] GC(508) Pause Young (Normal) (G1 Evacuation Pause) 6699M->2186M(8192M) 150.816ms
[4328.509s][info][gc,cpu         ] GC(508) User=1.19s Sys=0.00s Real=0.15s
......[4333.695s][info][gc,start       ] GC(509) Pause Young (Normal) (G1 Evacuation Pause)
[4333.695s][info][gc,task        ] GC(509) Using 8 workers of 8 for evacuation
[4333.844s][info][gc,phases      ] GC(509)   Pre Evacuate Collection Set: 0.26ms
[4333.844s][info][gc,phases      ] GC(509)   Merge Heap Roots: 0.57ms
[4333.844s][info][gc,phases      ] GC(509)   Evacuate Collection Set: 147.43ms
[4333.844s][info][gc,phases      ] GC(509)   Post Evacuate Collection Set: 1.05ms
[4333.844s][info][gc,phases      ] GC(509)   Other: 0.08ms
[4333.844s][info][gc,heap        ] GC(509) Eden regions: 571->0(571)
[4333.844s][info][gc,heap        ] GC(509) Survivor regions: 43->43(77)
[4333.844s][info][gc,heap        ] GC(509) Old regions: 199->207
[4333.844s][info][gc,heap        ] GC(509) Humongous regions: 33->33
[4333.844s][info][gc,metaspace   ] GC(509) Metaspace: 29984K(30144K)->29984K(30144K) NonClass: 29984K(30144K)->29984K(30144K) Class: 0K(0K)->0K(0K)
[4333.844s][info][gc             ] GC(509) Pause Young (Normal) (G1 Evacuation Pause) 6754M->2245M(8192M) 149.516ms
[4333.844s][info][gc,cpu         ] GC(509) User=1.18s Sys=0.00s Real=0.15s
.....[4339.011s][info][gc,start       ] GC(510) Pause Young (Normal) (G1 Evacuation Pause)
[4339.011s][info][gc,task        ] GC(510) Using 8 workers of 8 for evacuation
[4339.162s][info][gc,phases      ] GC(510)   Pre Evacuate Collection Set: 0.26ms
[4339.162s][info][gc,phases      ] GC(510)   Merge Heap Roots: 0.55ms
[4339.162s][info][gc,phases      ] GC(510)   Evacuate Collection Set: 149.02ms
[4339.162s][info][gc,phases      ] GC(510)   Post Evacuate Collection Set: 1.05ms
[4339.162s][info][gc,phases      ] GC(510)   Other: 0.06ms
[4339.162s][info][gc,heap        ] GC(510) Eden regions: 571->0(571)
[4339.162s][info][gc,heap        ] GC(510) Survivor regions: 43->43(77)
[4339.162s][info][gc,heap        ] GC(510) Old regions: 207->214
[4339.162s][info][gc,heap        ] GC(510) Humongous regions: 33->33
[4339.162s][info][gc,metaspace   ] GC(510) Metaspace: 29984K(30144K)->29984K(30144K) NonClass: 29984K(30144K)->29984K(30144K) Class: 0K(0K)->0K(0K)
[4339.162s][info][gc             ] GC(510) Pause Young (Normal) (G1 Evacuation Pause) 6813M->2299M(8192M) 151.068ms
[4339.162s][info][gc,cpu         ] GC(510) User=1.20s Sys=0.00s Real=0.15s
.....[4344.369s][info][gc,start       ] GC(511) Pause Young (Normal) (G1 Evacuation Pause)
[4344.369s][info][gc,task        ] GC(511) Using 8 workers of 8 for evacuation
[4344.517s][info][gc,phases      ] GC(511)   Pre Evacuate Collection Set: 0.24ms
[4344.517s][info][gc,phases      ] GC(511)   Merge Heap Roots: 0.57ms
[4344.517s][info][gc,phases      ] GC(511)   Evacuate Collection Set: 145.69ms
[4344.517s][info][gc,phases      ] GC(511)   Post Evacuate Collection Set: 1.13ms
[4344.517s][info][gc,phases      ] GC(511)   Other: 0.07ms
[4344.517s][info][gc,heap        ] GC(511) Eden regions: 571->0(571)
[4344.517s][info][gc,heap        ] GC(511) Survivor regions: 43->43(77)
[4344.517s][info][gc,heap        ] GC(511) Old regions: 214->221
[4344.517s][info][gc,heap        ] GC(511) Humongous regions: 33->33
[4344.517s][info][gc,metaspace   ] GC(511) Metaspace: 29984K(30144K)->29984K(30144K) NonClass: 29984K(30144K)->29984K(30144K) Class: 0K(0K)->0K(0K)
[4344.517s][info][gc             ] GC(511) Pause Young (Normal) (G1 Evacuation Pause) 6867M->2361M(8192M) 147.837ms
[4344.517s][info][gc,cpu         ] GC(511) User=1.17s Sys=0.00s Real=0.14s
......[4349.664s][info][gc,start       ] GC(512) Pause Young (Normal) (G1 Evacuation Pause)
[4349.664s][info][gc,task        ] GC(512) Using 8 workers of 8 for evacuation
[4349.811s][info][gc,phases      ] GC(512)   Pre Evacuate Collection Set: 0.25ms
[4349.811s][info][gc,phases      ] GC(512)   Merge Heap Roots: 0.57ms
[4349.811s][info][gc,phases      ] GC(512)   Evacuate Collection Set: 145.03ms
[4349.811s][info][gc,phases      ] GC(512)   Post Evacuate Collection Set: 1.07ms
[4349.811s][info][gc,phases      ] GC(512)   Other: 0.08ms
[4349.811s][info][gc,heap        ] GC(512) Eden regions: 571->0(572)
[4349.811s][info][gc,heap        ] GC(512) Survivor regions: 43->42(77)
[4349.811s][info][gc,heap        ] GC(512) Old regions: 221->228
[4349.811s][info][gc,heap        ] GC(512) Humongous regions: 33->33
[4349.811s][info][gc,metaspace   ] GC(512) Metaspace: 29984K(30144K)->29984K(30144K) NonClass: 29984K(30144K)->29984K(30144K) Class: 0K(0K)->0K(0K)
[4349.811s][info][gc             ] GC(512) Pause Young (Normal) (G1 Evacuation Pause) 6929M->2407M(8192M) 147.122ms
[4349.811s][info][gc,cpu         ] GC(512) User=1.16s Sys=0.00s Real=0.15s
.....[4355.024s][info][gc,start       ] GC(513) Pause Young (Normal) (G1 Evacuation Pause)
[4355.024s][info][gc,task        ] GC(513) Using 8 workers of 8 for evacuation
[4355.173s][info][gc,phases      ] GC(513)   Pre Evacuate Collection Set: 0.26ms
[4355.173s][info][gc,phases      ] GC(513)   Merge Heap Roots: 0.63ms
[4355.173s][info][gc,phases      ] GC(513)   Evacuate Collection Set: 146.80ms
[4355.173s][info][gc,phases      ] GC(513)   Post Evacuate Collection Set: 1.04ms
[4355.173s][info][gc,phases      ] GC(513)   Other: 0.06ms
[4355.173s][info][gc,heap        ] GC(513) Eden regions: 572->0(571)
[4355.173s][info][gc,heap        ] GC(513) Survivor regions: 42->43(77)
[4355.173s][info][gc,heap        ] GC(513) Old regions: 228->235
[4355.173s][info][gc,heap        ] GC(513) Humongous regions: 33->33
[4355.173s][info][gc,metaspace   ] GC(513) Metaspace: 29984K(30144K)->29984K(30144K) NonClass: 29984K(30144K)->29984K(30144K) Class: 0K(0K)->0K(0K)
[4355.173s][info][gc             ] GC(513) Pause Young (Normal) (G1 Evacuation Pause) 6983M->2473M(8192M) 148.929ms
[4355.173s][info][gc,cpu         ] GC(513) User=1.18s Sys=0.00s Real=0.15s
.....[4360.336s][info][gc,start       ] GC(514) Pause Young (Normal) (G1 Evacuation Pause)
[4360.336s][info][gc,task        ] GC(514) Using 8 workers of 8 for evacuation
[4360.487s][info][gc,phases      ] GC(514)   Pre Evacuate Collection Set: 0.27ms
[4360.487s][info][gc,phases      ] GC(514)   Merge Heap Roots: 0.57ms
[4360.487s][info][gc,phases      ] GC(514)   Evacuate Collection Set: 148.53ms
[4360.487s][info][gc,phases      ] GC(514)   Post Evacuate Collection Set: 1.08ms
[4360.487s][info][gc,phases      ] GC(514)   Other: 0.06ms
[4360.487s][info][gc,heap        ] GC(514) Eden regions: 571->0(571)
[4360.487s][info][gc,heap        ] GC(514) Survivor regions: 43->43(77)
[4360.487s][info][gc,heap        ] GC(514) Old regions: 235->242
[4360.487s][info][gc,heap        ] GC(514) Humongous regions: 33->33
[4360.487s][info][gc,metaspace   ] GC(514) Metaspace: 29984K(30144K)->29984K(30144K) NonClass: 29984K(30144K)->29984K(30144K) Class: 0K(0K)->0K(0K)
[4360.487s][info][gc             ] GC(514) Pause Young (Normal) (G1 Evacuation Pause) 7041M->2530M(8192M) 150.654ms
[4360.487s][info][gc,cpu         ] GC(514) User=1.19s Sys=0.00s Real=0.15s
......[4365.633s][info][gc,start       ] GC(515) Pause Young (Normal) (G1 Evacuation Pause)
[4365.633s][info][gc,task        ] GC(515) Using 8 workers of 8 for evacuation
[4365.785s][info][gc,phases      ] GC(515)   Pre Evacuate Collection Set: 0.26ms
[4365.785s][info][gc,phases      ] GC(515)   Merge Heap Roots: 0.57ms
[4365.785s][info][gc,phases      ] GC(515)   Evacuate Collection Set: 150.79ms
[4365.785s][info][gc,phases      ] GC(515)   Post Evacuate Collection Set: 1.07ms
[4365.786s][info][gc,phases      ] GC(515)   Other: 0.07ms
[4365.786s][info][gc,heap        ] GC(515) Eden regions: 571->0(570)
[4365.786s][info][gc,heap        ] GC(515) Survivor regions: 43->44(77)
[4365.786s][info][gc,heap        ] GC(515) Old regions: 242->249
[4365.786s][info][gc,heap        ] GC(515) Humongous regions: 33->33
[4365.786s][info][gc,metaspace   ] GC(515) Metaspace: 29984K(30144K)->29984K(30144K) NonClass: 29984K(30144K)->29984K(30144K) Class: 0K(0K)->0K(0K)
[4365.786s][info][gc             ] GC(515) Pause Young (Normal) (G1 Evacuation Pause) 7098M->2595M(8192M) 152.901ms
[4365.786s][info][gc,cpu         ] GC(515) User=1.21s Sys=0.00s Real=0.15s
.....[4370.991s][info][gc,start       ] GC(516) Pause Young (Normal) (G1 Evacuation Pause)
[4370.991s][info][gc,task        ] GC(516) Using 8 workers of 8 for evacuation
[4371.141s][info][gc,phases      ] GC(516)   Pre Evacuate Collection Set: 0.25ms
[4371.141s][info][gc,phases      ] GC(516)   Merge Heap Roots: 0.57ms
[4371.141s][info][gc,phases      ] GC(516)   Evacuate Collection Set: 148.19ms
[4371.141s][info][gc,phases      ] GC(516)   Post Evacuate Collection Set: 1.08ms
[4371.141s][info][gc,phases      ] GC(516)   Other: 0.06ms
[4371.141s][info][gc,heap        ] GC(516) Eden regions: 570->0(571)
[4371.141s][info][gc,heap        ] GC(516) Survivor regions: 44->43(77)
[4371.141s][info][gc,heap        ] GC(516) Old regions: 249->257
[4371.141s][info][gc,heap        ] GC(516) Humongous regions: 33->33
[4371.141s][info][gc,metaspace   ] GC(516) Metaspace: 29984K(30144K)->29984K(30144K) NonClass: 29984K(30144K)->29984K(30144K) Class: 0K(0K)->0K(0K)
[4371.142s][info][gc             ] GC(516) Pause Young (Normal) (G1 Evacuation Pause) 7155M->2643M(8192M) 150.296ms
[4371.142s][info][gc,cpu         ] GC(516) User=1.19s Sys=0.00s Real=0.15s
.....[4376.310s][info][gc,start       ] GC(517) Pause Young (Normal) (G1 Evacuation Pause)
[4376.310s][info][gc,task        ] GC(517) Using 8 workers of 8 for evacuation
[4376.460s][info][gc,phases      ] GC(517)   Pre Evacuate Collection Set: 0.25ms
[4376.460s][info][gc,phases      ] GC(517)   Merge Heap Roots: 0.57ms
[4376.460s][info][gc,phases      ] GC(517)   Evacuate Collection Set: 148.54ms
[4376.460s][info][gc,phases      ] GC(517)   Post Evacuate Collection Set: 1.07ms
[4376.460s][info][gc,phases      ] GC(517)   Other: 0.07ms
[4376.460s][info][gc,heap        ] GC(517) Eden regions: 571->0(571)
[4376.460s][info][gc,heap        ] GC(517) Survivor regions: 43->43(77)
[4376.460s][info][gc,heap        ] GC(517) Old regions: 257->264
[4376.460s][info][gc,heap        ] GC(517) Humongous regions: 33->33
[4376.460s][info][gc,metaspace   ] GC(517) Metaspace: 29984K(30144K)->29984K(30144K) NonClass: 29984K(30144K)->29984K(30144K) Class: 0K(0K)->0K(0K)
[4376.460s][info][gc             ] GC(517) Pause Young (Normal) (G1 Evacuation Pause) 7211M->2705M(8192M) 150.631ms
[4376.460s][info][gc,cpu         ] GC(517) User=1.20s Sys=0.00s Real=0.15s
......[4381.582s][info][gc,start       ] GC(518) Pause Young (Normal) (G1 Evacuation Pause)
[4381.582s][info][gc,task        ] GC(518) Using 8 workers of 8 for evacuation
[4381.731s][info][gc,phases      ] GC(518)   Pre Evacuate Collection Set: 0.27ms
[4381.731s][info][gc,phases      ] GC(518)   Merge Heap Roots: 0.58ms
[4381.731s][info][gc,phases      ] GC(518)   Evacuate Collection Set: 146.37ms
[4381.731s][info][gc,phases      ] GC(518)   Post Evacuate Collection Set: 1.09ms
[4381.731s][info][gc,phases      ] GC(518)   Other: 0.08ms
[4381.731s][info][gc,heap        ] GC(518) Eden regions: 571->0(571)
[4381.731s][info][gc,heap        ] GC(518) Survivor regions: 43->43(77)
[4381.731s][info][gc,heap        ] GC(518) Old regions: 264->271
[4381.731s][info][gc,heap        ] GC(518) Humongous regions: 33->33
[4381.731s][info][gc,metaspace   ] GC(518) Metaspace: 29984K(30144K)->29984K(30144K) NonClass: 29984K(30144K)->29984K(30144K) Class: 0K(0K)->0K(0K)
[4381.731s][info][gc             ] GC(518) Pause Young (Normal) (G1 Evacuation Pause) 7273M->2762M(8192M) 148.515ms
[4381.731s][info][gc,cpu         ] GC(518) User=1.17s Sys=0.00s Real=0.15s
... (rIR:aIR:PR = 7195:7216:7216) (tPR = 106762) [OK] 
  4384s: Performance info:
         Transaction,    Success,    Partial,     Failed,   Receipts, AvgBarcode, 
             Overall,     433683,          0,          0,     412074,      59.47, 
         Response times:
             Request,    Success,    Partial,     Failed,   SkipFail,     Probes,    Samples,      min,      p50,      p90,      p95,      p99,      max, 
       TotalPurchase,     412073,          0,          0,          0,     360098,     392982,      300,     5000,     9300,    14200,    69000,   361000,
     InStorePurchase,     217060,          0,          0,          0,     189079,     206159,      300,     5000,     9300,    13200,    66000,   361000,
      OnlinePurchase,     151724,          0,          0,          0,     132725,     144835,      400,     4900,     9300,    15600,    71000,   360000,
        InstPurchase,      43289,          0,          0,          0,      38294,      41988,      400,     5100,     9500,    16100,    70000,   360000,
          AssocOfCat,        434,          0,          0,          0,        368,        490,    24000,    39000,    57000,    68450,   143230,   202000,
      AssocOfProduct,       4333,          0,          0,          0,       4017,       4631,      600,     5300,     9200,    13580,    76000,   194000,
      BusinessReport,       1082,          0,          0,          0,        915,       1102,    26000,    42000,    62000,    95850,   198970,   228000,
          CustBuyBeh,       4329,          0,          0,          0,       4099,       4686,      600,     5400,     9200,    20475,    80000,   179000,
       ProductReturn,      11432,          0,          0,          0,       9585,      10675,      200,     4800,     9000,    15220,    70240,   193000,

  4384s: (53%)   IR =   7334 ..[4386.936s][info][gc,start       ] GC(519) Pause Young (Normal) (G1 Evacuation Pause)
[4386.936s][info][gc,task        ] GC(519) Using 8 workers of 8 for evacuation
[4387.084s][info][gc,phases      ] GC(519)   Pre Evacuate Collection Set: 0.27ms
[4387.084s][info][gc,phases      ] GC(519)   Merge Heap Roots: 0.57ms
[4387.084s][info][gc,phases      ] GC(519)   Evacuate Collection Set: 146.05ms
[4387.084s][info][gc,phases      ] GC(519)   Post Evacuate Collection Set: 1.07ms
[4387.084s][info][gc,phases      ] GC(519)   Other: 0.07ms
[4387.084s][info][gc,heap        ] GC(519) Eden regions: 571->0(572)
[4387.084s][info][gc,heap        ] GC(519) Survivor regions: 43->42(77)
[4387.084s][info][gc,heap        ] GC(519) Old regions: 271->278
[4387.084s][info][gc,heap        ] GC(519) Humongous regions: 33->33
[4387.084s][info][gc,metaspace   ] GC(519) Metaspace: 29984K(30144K)->29984K(30144K) NonClass: 29984K(30144K)->29984K(30144K) Class: 0K(0K)->0K(0K)
[4387.084s][info][gc             ] GC(519) Pause Young (Normal) (G1 Evacuation Pause) 7330M->2811M(8192M) 148.145ms
[4387.084s][info][gc,cpu         ] GC(519) User=1.17s Sys=0.00s Real=0.15s
...|..[4392.150s][info][gc,start       ] GC(520) Pause Young (Normal) (G1 Evacuation Pause)
[4392.150s][info][gc,task        ] GC(520) Using 8 workers of 8 for evacuation
[4392.296s][info][gc,phases      ] GC(520)   Pre Evacuate Collection Set: 0.26ms
[4392.296s][info][gc,phases      ] GC(520)   Merge Heap Roots: 0.56ms
[4392.296s][info][gc,phases      ] GC(520)   Evacuate Collection Set: 143.55ms
[4392.296s][info][gc,phases      ] GC(520)   Post Evacuate Collection Set: 1.08ms
[4392.296s][info][gc,phases      ] GC(520)   Other: 0.06ms
[4392.296s][info][gc,heap        ] GC(520) Eden regions: 572->0(568)
[4392.296s][info][gc,heap        ] GC(520) Survivor regions: 42->43(77)
[4392.296s][info][gc,heap        ] GC(520) Old regions: 278->285
[4392.296s][info][gc,heap        ] GC(520) Humongous regions: 33->33
[4392.296s][info][gc,metaspace   ] GC(520) Metaspace: 29984K(30144K)->29984K(30144K) NonClass: 29984K(30144K)->29984K(30144K) Class: 0K(0K)->0K(0K)
[4392.296s][info][gc             ] GC(520) Pause Young (Normal) (G1 Evacuation Pause) 7387M->2871M(8192M) 145.646ms
[4392.296s][info][gc,cpu         ] GC(520) User=1.16s Sys=0.00s Real=0.14s
.....[4397.336s][info][gc,start       ] GC(521) Pause Young (Normal) (G1 Evacuation Pause)
[4397.336s][info][gc,task        ] GC(521) Using 8 workers of 8 for evacuation
[4397.486s][info][gc,phases      ] GC(521)   Pre Evacuate Collection Set: 0.26ms
[4397.486s][info][gc,phases      ] GC(521)   Merge Heap Roots: 0.57ms
[4397.486s][info][gc,phases      ] GC(521)   Evacuate Collection Set: 148.20ms
[4397.486s][info][gc,phases      ] GC(521)   Post Evacuate Collection Set: 1.06ms
[4397.486s][info][gc,phases      ] GC(521)   Other: 0.08ms
[4397.486s][info][gc,heap        ] GC(521) Eden regions: 568->0(559)
[4397.486s][info][gc,heap        ] GC(521) Survivor regions: 43->44(77)
[4397.486s][info][gc,heap        ] GC(521) Old regions: 285->292
[4397.486s][info][gc,heap        ] GC(521) Humongous regions: 33->33
[4397.486s][info][gc,metaspace   ] GC(521) Metaspace: 29984K(30144K)->29984K(30144K) NonClass: 29984K(30144K)->29984K(30144K) Class: 0K(0K)->0K(0K)
[4397.486s][info][gc             ] GC(521) Pause Young (Normal) (G1 Evacuation Pause) 7415M->2935M(8192M) 150.328ms
[4397.486s][info][gc,cpu         ] GC(521) User=1.19s Sys=0.00s Real=0.15s
.....[4402.458s][info][gc,start       ] GC(522) Pause Young (Normal) (G1 Evacuation Pause)
[4402.458s][info][gc,task        ] GC(522) Using 8 workers of 8 for evacuation
[4402.610s][info][gc,phases      ] GC(522)   Pre Evacuate Collection Set: 0.26ms
[4402.610s][info][gc,phases      ] GC(522)   Merge Heap Roots: 0.55ms
[4402.610s][info][gc,phases      ] GC(522)   Evacuate Collection Set: 149.98ms
[4402.610s][info][gc,phases      ] GC(522)   Post Evacuate Collection Set: 1.03ms
[4402.610s][info][gc,phases      ] GC(522)   Other: 0.06ms
[4402.610s][info][gc,heap        ] GC(522) Eden regions: 559->0(553)
[4402.610s][info][gc,heap        ] GC(522) Survivor regions: 44->43(76)
[4402.610s][info][gc,heap        ] GC(522) Old regions: 292->300
[4402.610s][info][gc,heap        ] GC(522) Humongous regions: 33->33
[4402.610s][info][gc,metaspace   ] GC(522) Metaspace: 29984K(30144K)->29984K(30144K) NonClass: 29984K(30144K)->29984K(30144K) Class: 0K(0K)->0K(0K)
[4402.610s][info][gc             ] GC(522) Pause Young (Normal) (G1 Evacuation Pause) 7407M->2991M(8192M) 152.021ms
[4402.610s][info][gc,cpu         ] GC(522) User=1.20s Sys=0.00s Real=0.15s
.....[4407.572s][info][gc,start       ] GC(523) Pause Young (Normal) (G1 Evacuation Pause)
[4407.572s][info][gc,task        ] GC(523) Using 8 workers of 8 for evacuation
[4407.723s][info][gc,phases      ] GC(523)   Pre Evacuate Collection Set: 0.25ms
[4407.724s][info][gc,phases      ] GC(523)   Merge Heap Roots: 0.58ms
[4407.724s][info][gc,phases      ] GC(523)   Evacuate Collection Set: 149.86ms
[4407.724s][info][gc,phases      ] GC(523)   Post Evacuate Collection Set: 1.02ms
[4407.724s][info][gc,phases      ] GC(523)   Other: 0.06ms
[4407.724s][info][gc,heap        ] GC(523) Eden regions: 553->0(543)
[4407.724s][info][gc,heap        ] GC(523) Survivor regions: 43->44(75)
[4407.724s][info][gc,heap        ] GC(523) Old regions: 300->308
[4407.724s][info][gc,heap        ] GC(523) Humongous regions: 33->33
[4407.724s][info][gc,metaspace   ] GC(523) Metaspace: 29984K(30144K)->29984K(30144K) NonClass: 29984K(30144K)->29984K(30144K) Class: 0K(0K)->0K(0K)
[4407.724s][info][gc             ] GC(523) Pause Young (Normal) (G1 Evacuation Pause) 7415M->3057M(8192M) 152.667ms
[4407.724s][info][gc,cpu         ] GC(523) User=1.20s Sys=0.00s Real=0.15s
.....[4412.423s][info][gc,start       ] GC(524) Pause Young (Concurrent Start) (G1 Evacuation Pause)
[4412.423s][info][gc,task        ] GC(524) Using 8 workers of 8 for evacuation
[4412.570s][info][gc,phases      ] GC(524)   Pre Evacuate Collection Set: 0.32ms
[4412.570s][info][gc,phases      ] GC(524)   Merge Heap Roots: 0.59ms
[4412.570s][info][gc,phases      ] GC(524)   Evacuate Collection Set: 144.81ms
[4412.570s][info][gc,phases      ] GC(524)   Post Evacuate Collection Set: 1.03ms
[4412.570s][info][gc,phases      ] GC(524)   Other: 0.09ms
[4412.570s][info][gc,heap        ] GC(524) Eden regions: 543->0(540)
[4412.570s][info][gc,heap        ] GC(524) Survivor regions: 44->42(74)
[4412.570s][info][gc,heap        ] GC(524) Old regions: 308->315
[4412.570s][info][gc,heap        ] GC(524) Humongous regions: 33->33
[4412.570s][info][gc,metaspace   ] GC(524) Metaspace: 29984K(30144K)->29984K(30144K) NonClass: 29984K(30144K)->29984K(30144K) Class: 0K(0K)->0K(0K)
[4412.570s][info][gc             ] GC(524) Pause Young (Concurrent Start) (G1 Evacuation Pause) 7401M->3106M(8192M) 146.973ms
[4412.570s][info][gc             ] GC(525) Concurrent Mark Cycle
[4412.570s][info][gc,marking     ] GC(525) Concurrent Scan Root Regions
[4412.570s][info][gc,cpu         ] GC(524) User=1.16s Sys=0.00s Real=0.15s
.[4412.967s][info][gc,marking     ] GC(525) Concurrent Scan Root Regions 397.506ms
[4412.967s][info][gc,marking     ] GC(525) Concurrent Mark
[4412.967s][info][gc,marking     ] GC(525) Concurrent Mark From Roots
[4412.967s][info][gc,task        ] GC(525) Using 2 workers of 2 for marking
[4413.667s][info][gc,marking     ] GC(525) Concurrent Mark From Roots 699.907ms
[4413.667s][info][gc,marking     ] GC(525) Concurrent Preclean
[4413.667s][info][gc,marking     ] GC(525) Concurrent Preclean 0.112ms
[4413.667s][info][gc,start       ] GC(525) Pause Remark
[4413.670s][info][gc             ] GC(525) Pause Remark 4201M->3721M(8192M) 2.104ms
[4413.670s][info][gc,cpu         ] GC(525) User=0.02s Sys=0.00s Real=0.00s
[4413.670s][info][gc,marking     ] GC(525) Concurrent Mark 702.409ms
[4413.670s][info][gc,marking     ] GC(525) Concurrent Rebuild Remembered Sets and Scrub Regions
.[4414.063s][info][gc,marking     ] GC(525) Concurrent Rebuild Remembered Sets and Scrub Regions 393.560ms
[4414.063s][info][gc,start       ] GC(525) Pause Cleanup
[4414.064s][info][gc             ] GC(525) Pause Cleanup 4063M->4063M(8192M) 0.263ms
[4414.064s][info][gc,cpu         ] GC(525) User=0.00s Sys=0.00s Real=0.00s
[4414.064s][info][gc,marking     ] GC(525) Concurrent Clear Claimed Marks
[4414.064s][info][gc,marking     ] GC(525) Concurrent Clear Claimed Marks 0.053ms
[4414.064s][info][gc,marking     ] GC(525) Concurrent Cleanup for Next Mark
[4414.074s][info][gc,marking     ] GC(525) Concurrent Cleanup for Next Mark 10.305ms
[4414.074s][info][gc             ] GC(525) Concurrent Mark Cycle 1504.534ms
...[4417.411s][info][gc,start       ] GC(526) Pause Young (Prepare Mixed) (G1 Evacuation Pause)
[4417.411s][info][gc,task        ] GC(526) Using 8 workers of 8 for evacuation
[4417.564s][info][gc,phases      ] GC(526)   Pre Evacuate Collection Set: 0.25ms
[4417.564s][info][gc,phases      ] GC(526)   Merge Heap Roots: 0.83ms
[4417.564s][info][gc,phases      ] GC(526)   Evacuate Collection Set: 149.95ms
[4417.564s][info][gc,phases      ] GC(526)   Post Evacuate Collection Set: 1.12ms
[4417.564s][info][gc,phases      ] GC(526)   Other: 0.07ms
[4417.564s][info][gc,heap        ] GC(526) Eden regions: 540->0(571)
[4417.564s][info][gc,heap        ] GC(526) Survivor regions: 42->43(73)
[4417.564s][info][gc,heap        ] GC(526) Old regions: 255->263
[4417.564s][info][gc,heap        ] GC(526) Humongous regions: 33->33
[4417.564s][info][gc,metaspace   ] GC(526) Metaspace: 29984K(30144K)->29984K(30144K) NonClass: 29984K(30144K)->29984K(30144K) Class: 0K(0K)->0K(0K)
[4417.564s][info][gc             ] GC(526) Pause Young (Prepare Mixed) (G1 Evacuation Pause) 6946M->2694M(8192M) 152.348ms
[4417.564s][info][gc,cpu         ] GC(526) User=1.20s Sys=0.00s Real=0.15s
.....[4422.585s][info][gc,start       ] GC(527) Pause Young (Mixed) (G1 Evacuation Pause)
[4422.585s][info][gc,task        ] GC(527) Using 8 workers of 8 for evacuation
[4422.736s][info][gc,phases      ] GC(527)   Pre Evacuate Collection Set: 0.26ms
[4422.736s][info][gc,phases      ] GC(527)   Merge Heap Roots: 0.80ms
[4422.736s][info][gc,phases      ] GC(527)   Evacuate Collection Set: 149.14ms
[4422.736s][info][gc,phases      ] GC(527)   Post Evacuate Collection Set: 1.26ms
[4422.736s][info][gc,phases      ] GC(527)   Other: 0.07ms
[4422.736s][info][gc,heap        ] GC(527) Eden regions: 571->0(570)
[4422.736s][info][gc,heap        ] GC(527) Survivor regions: 43->44(77)
[4422.736s][info][gc,heap        ] GC(527) Old regions: 263->168
[4422.736s][info][gc,heap        ] GC(527) Humongous regions: 33->33
[4422.736s][info][gc,metaspace   ] GC(527) Metaspace: 29984K(30144K)->29984K(30144K) NonClass: 29984K(30144K)->29984K(30144K) Class: 0K(0K)->0K(0K)
[4422.736s][info][gc             ] GC(527) Pause Young (Mixed) (G1 Evacuation Pause) 7262M->1938M(8192M) 151.700ms
[4422.736s][info][gc,cpu         ] GC(527) User=1.20s Sys=0.00s Real=0.15s
......[4427.816s][info][gc,start       ] GC(528) Pause Young (Mixed) (G1 Evacuation Pause)
[4427.816s][info][gc,task        ] GC(528) Using 8 workers of 8 for evacuation
[4427.968s][info][gc,phases      ] GC(528)   Pre Evacuate Collection Set: 0.28ms
[4427.968s][info][gc,phases      ] GC(528)   Merge Heap Roots: 0.95ms
[4427.968s][info][gc,phases      ] GC(528)   Evacuate Collection Set: 149.68ms
[4427.968s][info][gc,phases      ] GC(528)   Post Evacuate Collection Set: 1.09ms
[4427.968s][info][gc,phases      ] GC(528)   Other: 0.07ms
[4427.968s][info][gc,heap        ] GC(528) Eden regions: 570->0(573)
[4427.968s][info][gc,heap        ] GC(528) Survivor regions: 44->41(77)
[4427.968s][info][gc,heap        ] GC(528) Old regions: 168->143
[4427.968s][info][gc,heap        ] GC(528) Humongous regions: 33->33
[4427.968s][info][gc,metaspace   ] GC(528) Metaspace: 29984K(30144K)->29984K(30144K) NonClass: 29984K(30144K)->29984K(30144K) Class: 0K(0K)->0K(0K)
[4427.968s][info][gc             ] GC(528) Pause Young (Mixed) (G1 Evacuation Pause) 6498M->1723M(8192M) 152.210ms
[4427.968s][info][gc,cpu         ] GC(528) User=1.21s Sys=0.00s Real=0.16s
.....[4433.053s][info][gc,start       ] GC(529) Pause Young (Normal) (G1 Evacuation Pause)
[4433.053s][info][gc,task        ] GC(529) Using 8 workers of 8 for evacuation
[4433.198s][info][gc,phases      ] GC(529)   Pre Evacuate Collection Set: 0.24ms
[4433.199s][info][gc,phases      ] GC(529)   Merge Heap Roots: 0.58ms
[4433.199s][info][gc,phases      ] GC(529)   Evacuate Collection Set: 143.06ms
[4433.199s][info][gc,phases      ] GC(529)   Post Evacuate Collection Set: 1.06ms
[4433.199s][info][gc,phases      ] GC(529)   Other: 0.07ms
[4433.199s][info][gc,heap        ] GC(529) Eden regions: 573->0(571)
[4433.199s][info][gc,heap        ] GC(529) Survivor regions: 41->43(77)
[4433.199s][info][gc,heap        ] GC(529) Old regions: 143->151
[4433.199s][info][gc,heap        ] GC(529) Humongous regions: 33->33
[4433.199s][info][gc,metaspace   ] GC(529) Metaspace: 29984K(30144K)->29984K(30144K) NonClass: 29984K(30144K)->29984K(30144K) Class: 0K(0K)->0K(0K)
[4433.199s][info][gc             ] GC(529) Pause Young (Normal) (G1 Evacuation Pause) 6307M->1793M(8192M) 145.142ms
[4433.199s][info][gc,cpu         ] GC(529) User=1.15s Sys=0.00s Real=0.15s
.....[4438.327s][info][gc,start       ] GC(530) Pause Young (Normal) (G1 Evacuation Pause)
[4438.327s][info][gc,task        ] GC(530) Using 8 workers of 8 for evacuation
[4438.478s][info][gc,phases      ] GC(530)   Pre Evacuate Collection Set: 0.27ms
[4438.478s][info][gc,phases      ] GC(530)   Merge Heap Roots: 0.61ms
[4438.478s][info][gc,phases      ] GC(530)   Evacuate Collection Set: 149.07ms
[4438.478s][info][gc,phases      ] GC(530)   Post Evacuate Collection Set: 1.05ms
[4438.478s][info][gc,phases      ] GC(530)   Other: 0.06ms
[4438.478s][info][gc,heap        ] GC(530) Eden regions: 571->0(570)
[4438.478s][info][gc,heap        ] GC(530) Survivor regions: 43->44(77)
[4438.478s][info][gc,heap        ] GC(530) Old regions: 151->157
[4438.478s][info][gc,heap        ] GC(530) Humongous regions: 33->33
[4438.478s][info][gc,metaspace   ] GC(530) Metaspace: 29984K(30144K)->29984K(30144K) NonClass: 29984K(30144K)->29984K(30144K) Class: 0K(0K)->0K(0K)
[4438.478s][info][gc             ] GC(530) Pause Young (Normal) (G1 Evacuation Pause) 6361M->1855M(8192M) 151.196ms
[4438.478s][info][gc,cpu         ] GC(530) User=1.20s Sys=0.00s Real=0.16s
.....[4443.563s][info][gc,start       ] GC(531) Pause Young (Normal) (G1 Evacuation Pause)
[4443.563s][info][gc,task        ] GC(531) Using 8 workers of 8 for evacuation
[4443.715s][info][gc,phases      ] GC(531)   Pre Evacuate Collection Set: 0.28ms
[4443.715s][info][gc,phases      ] GC(531)   Merge Heap Roots: 0.57ms
[4443.715s][info][gc,phases      ] GC(531)   Evacuate Collection Set: 150.04ms
[4443.715s][info][gc,phases      ] GC(531)   Post Evacuate Collection Set: 1.07ms
[4443.715s][info][gc,phases      ] GC(531)   Other: 0.08ms
[4443.715s][info][gc,heap        ] GC(531) Eden regions: 570->0(571)
[4443.715s][info][gc,heap        ] GC(531) Survivor regions: 44->43(77)
[4443.715s][info][gc,heap        ] GC(531) Old regions: 157->164
[4443.715s][info][gc,heap        ] GC(531) Humongous regions: 33->33
[4443.715s][info][gc,metaspace   ] GC(531) Metaspace: 29984K(30144K)->29984K(30144K) NonClass: 29984K(30144K)->29984K(30144K) Class: 0K(0K)->0K(0K)
[4443.715s][info][gc             ] GC(531) Pause Young (Normal) (G1 Evacuation Pause) 6415M->1906M(8192M) 152.196ms
[4443.715s][info][gc,cpu         ] GC(531) User=1.21s Sys=0.00s Real=0.15s
......[4448.835s][info][gc,start       ] GC(532) Pause Young (Normal) (G1 Evacuation Pause)
[4448.835s][info][gc,task        ] GC(532) Using 8 workers of 8 for evacuation
[4448.980s][info][gc,phases      ] GC(532)   Pre Evacuate Collection Set: 0.28ms
[4448.980s][info][gc,phases      ] GC(532)   Merge Heap Roots: 0.65ms
[4448.980s][info][gc,phases      ] GC(532)   Evacuate Collection Set: 142.59ms
[4448.980s][info][gc,phases      ] GC(532)   Post Evacuate Collection Set: 1.07ms
[4448.980s][info][gc,phases      ] GC(532)   Other: 0.06ms
[4448.980s][info][gc,heap        ] GC(532) Eden regions: 571->0(572)
[4448.980s][info][gc,heap        ] GC(532) Survivor regions: 43->42(77)
[4448.980s][info][gc,heap        ] GC(532) Old regions: 164->172
[4448.980s][info][gc,heap        ] GC(532) Humongous regions: 33->33
[4448.980s][info][gc,metaspace   ] GC(532) Metaspace: 29984K(30144K)->29984K(30144K) NonClass: 29984K(30144K)->29984K(30144K) Class: 0K(0K)->0K(0K)
[4448.980s][info][gc             ] GC(532) Pause Young (Normal) (G1 Evacuation Pause) 6474M->1958M(8192M) 144.786ms
[4448.980s][info][gc,cpu         ] GC(532) User=1.15s Sys=0.00s Real=0.15s
. (rIR:aIR:PR = 7334:7331:7331) (tPR = 109228) [OK] 
  4449s: Performance info:
         Transaction,    Success,    Partial,     Failed,   Receipts, AvgBarcode, 
             Overall,     440899,          0,          0,     418811,      59.48, 
         Response times:
             Request,    Success,    Partial,     Failed,   SkipFail,     Probes,    Samples,      min,      p50,      p90,      p95,      p99,      max, 
       TotalPurchase,     418813,          0,          0,          0,     357615,     392576,      400,     5100,    10100,    21000,    74000,   547000,
     InStorePurchase,     220562,          0,          0,          0,     187894,     206184,      400,     5100,    10100,    23000,    73000,   547000,
      OnlinePurchase,     154479,          0,          0,          0,     131677,     144438,      400,     5000,    10100,    19200,    86000,   547000,
        InstPurchase,      43772,          0,          0,          0,      38044,      41954,      500,     5300,    10100,    24000,    77000,   547000,
          AssocOfCat,        438,          0,          0,          0,        371,        501,    28000,    40000,    60000,   102000,   162680,   227000,
      AssocOfProduct,       4414,          0,          0,          0,       4099,       4661,      700,     5300,     9500,    23900,    93000,   548000,
      BusinessReport,       1107,          0,          0,          0,        962,       1129,    30000,    43000,    67000,    99500,   206000,   227000,
          CustBuyBeh,       4395,          0,          0,          0,       4101,       4672,      200,     5400,     9700,    17400,    84000,   173000,
       ProductReturn,      11734,          0,          0,          0,      10058,      11160,      200,     5600,    10000,    26000,   101390,   327000,

  4449s: (54%)   IR =   7472 ....|[4454.048s][info][gc,start       ] GC(533) Pause Young (Normal) (G1 Evacuation Pause)
[4454.048s][info][gc,task        ] GC(533) Using 8 workers of 8 for evacuation
[4454.198s][info][gc,phases      ] GC(533)   Pre Evacuate Collection Set: 0.25ms
[4454.198s][info][gc,phases      ] GC(533)   Merge Heap Roots: 0.57ms
[4454.198s][info][gc,phases      ] GC(533)   Evacuate Collection Set: 147.68ms
[4454.198s][info][gc,phases      ] GC(533)   Post Evacuate Collection Set: 1.12ms
[4454.198s][info][gc,phases      ] GC(533)   Other: 0.06ms
[4454.198s][info][gc,heap        ] GC(533) Eden regions: 572->0(571)
[4454.198s][info][gc,heap        ] GC(533) Survivor regions: 42->43(77)
[4454.198s][info][gc,heap        ] GC(533) Old regions: 172->179
[4454.198s][info][gc,heap        ] GC(533) Humongous regions: 33->33
[4454.198s][info][gc,metaspace   ] GC(533) Metaspace: 29984K(30144K)->29984K(30144K) NonClass: 29984K(30144K)->29984K(30144K) Class: 0K(0K)->0K(0K)
[4454.198s][info][gc             ] GC(533) Pause Young (Normal) (G1 Evacuation Pause) 6534M->2025M(8192M) 149.834ms
[4454.198s][info][gc,cpu         ] GC(533) User=1.19s Sys=0.00s Real=0.15s
.....[4459.162s][info][gc,start       ] GC(534) Pause Young (Normal) (G1 Evacuation Pause)
[4459.162s][info][gc,task        ] GC(534) Using 8 workers of 8 for evacuation
[4459.309s][info][gc,phases      ] GC(534)   Pre Evacuate Collection Set: 0.26ms
[4459.309s][info][gc,phases      ] GC(534)   Merge Heap Roots: 0.65ms
[4459.309s][info][gc,phases      ] GC(534)   Evacuate Collection Set: 144.49ms
[4459.309s][info][gc,phases      ] GC(534)   Post Evacuate Collection Set: 1.06ms
[4459.309s][info][gc,phases      ] GC(534)   Other: 0.08ms
[4459.309s][info][gc,heap        ] GC(534) Eden regions: 571->0(572)
[4459.309s][info][gc,heap        ] GC(534) Survivor regions: 43->42(77)
[4459.309s][info][gc,heap        ] GC(534) Old regions: 179->186
[4459.309s][info][gc,heap        ] GC(534) Humongous regions: 33->33
[4459.309s][info][gc,metaspace   ] GC(534) Metaspace: 29984K(30144K)->29984K(30144K) NonClass: 29984K(30144K)->29984K(30144K) Class: 0K(0K)->0K(0K)
[4459.309s][info][gc             ] GC(534) Pause Young (Normal) (G1 Evacuation Pause) 6593M->2073M(8192M) 146.668ms
[4459.309s][info][gc,cpu         ] GC(534) User=1.16s Sys=0.00s Real=0.15s
.....[4464.331s][info][gc,start       ] GC(535) Pause Young (Normal) (G1 Evacuation Pause)
[4464.331s][info][gc,task        ] GC(535) Using 8 workers of 8 for evacuation
[4464.478s][info][gc,phases      ] GC(535)   Pre Evacuate Collection Set: 0.25ms
[4464.478s][info][gc,phases      ] GC(535)   Merge Heap Roots: 0.56ms
[4464.478s][info][gc,phases      ] GC(535)   Evacuate Collection Set: 144.67ms
[4464.478s][info][gc,phases      ] GC(535)   Post Evacuate Collection Set: 1.05ms
[4464.478s][info][gc,phases      ] GC(535)   Other: 0.06ms
[4464.478s][info][gc,heap        ] GC(535) Eden regions: 572->0(570)
[4464.478s][info][gc,heap        ] GC(535) Survivor regions: 42->44(77)
[4464.478s][info][gc,heap        ] GC(535) Old regions: 186->193
[4464.478s][info][gc,heap        ] GC(535) Humongous regions: 33->33
[4464.478s][info][gc,metaspace   ] GC(535) Metaspace: 29984K(30144K)->29984K(30144K) NonClass: 29984K(30144K)->29984K(30144K) Class: 0K(0K)->0K(0K)
[4464.478s][info][gc             ] GC(535) Pause Young (Normal) (G1 Evacuation Pause) 6649M->2141M(8192M) 146.721ms
[4464.478s][info][gc,cpu         ] GC(535) User=1.17s Sys=0.00s Real=0.15s
.....[4469.417s][info][gc,start       ] GC(536) Pause Young (Normal) (G1 Evacuation Pause)
[4469.417s][info][gc,task        ] GC(536) Using 8 workers of 8 for evacuation
[4469.566s][info][gc,phases      ] GC(536)   Pre Evacuate Collection Set: 0.27ms
[4469.566s][info][gc,phases      ] GC(536)   Merge Heap Roots: 0.61ms
[4469.566s][info][gc,phases      ] GC(536)   Evacuate Collection Set: 146.46ms
[4469.566s][info][gc,phases      ] GC(536)   Post Evacuate Collection Set: 1.06ms
[4469.566s][info][gc,phases      ] GC(536)   Other: 0.07ms
[4469.566s][info][gc,heap        ] GC(536) Eden regions: 570->0(571)
[4469.566s][info][gc,heap        ] GC(536) Survivor regions: 44->43(77)
[4469.566s][info][gc,heap        ] GC(536) Old regions: 193->200
[4469.566s][info][gc,heap        ] GC(536) Humongous regions: 33->33
[4469.566s][info][gc,metaspace   ] GC(536) Metaspace: 29984K(30144K)->29984K(30144K) NonClass: 29984K(30144K)->29984K(30144K) Class: 0K(0K)->0K(0K)
[4469.566s][info][gc             ] GC(536) Pause Young (Normal) (G1 Evacuation Pause) 6701M->2195M(8192M) 148.614ms
[4469.566s][info][gc,cpu         ] GC(536) User=1.18s Sys=0.00s Real=0.14s
.....[4474.545s][info][gc,start       ] GC(537) Pause Young (Normal) (G1 Evacuation Pause)
[4474.545s][info][gc,task        ] GC(537) Using 8 workers of 8 for evacuation
[4474.697s][info][gc,phases      ] GC(537)   Pre Evacuate Collection Set: 0.24ms
[4474.697s][info][gc,phases      ] GC(537)   Merge Heap Roots: 0.57ms
[4474.697s][info][gc,phases      ] GC(537)   Evacuate Collection Set: 149.81ms
[4474.697s][info][gc,phases      ] GC(537)   Post Evacuate Collection Set: 1.06ms
[4474.697s][info][gc,phases      ] GC(537)   Other: 0.06ms
[4474.697s][info][gc,heap        ] GC(537) Eden regions: 571->0(570)
[4474.697s][info][gc,heap        ] GC(537) Survivor regions: 43->44(77)
[4474.697s][info][gc,heap        ] GC(537) Old regions: 200->208
[4474.697s][info][gc,heap        ] GC(537) Humongous regions: 33->33
[4474.697s][info][gc,metaspace   ] GC(537) Metaspace: 29985K(30144K)->29985K(30144K) NonClass: 29985K(30144K)->29985K(30144K) Class: 0K(0K)->0K(0K)
[4474.697s][info][gc             ] GC(537) Pause Young (Normal) (G1 Evacuation Pause) 6763M->2257M(8192M) 151.872ms
[4474.697s][info][gc,cpu         ] GC(537) User=1.20s Sys=0.00s Real=0.16s
.....[4479.673s][info][gc,start       ] GC(538) Pause Young (Normal) (G1 Evacuation Pause)
[4479.673s][info][gc,task        ] GC(538) Using 8 workers of 8 for evacuation
[4479.818s][info][gc,phases      ] GC(538)   Pre Evacuate Collection Set: 0.27ms
[4479.818s][info][gc,phases      ] GC(538)   Merge Heap Roots: 0.71ms
[4479.818s][info][gc,phases      ] GC(538)   Evacuate Collection Set: 143.50ms
[4479.818s][info][gc,phases      ] GC(538)   Post Evacuate Collection Set: 1.06ms
[4479.818s][info][gc,phases      ] GC(538)   Other: 0.08ms
[4479.818s][info][gc,heap        ] GC(538) Eden regions: 570->0(571)
[4479.818s][info][gc,heap        ] GC(538) Survivor regions: 44->43(77)
[4479.818s][info][gc,heap        ] GC(538) Old regions: 208->215
[4479.818s][info][gc,heap        ] GC(538) Humongous regions: 33->33
[4479.818s][info][gc,metaspace   ] GC(538) Metaspace: 29985K(30144K)->29985K(30144K) NonClass: 29985K(30144K)->29985K(30144K) Class: 0K(0K)->0K(0K)
[4479.818s][info][gc             ] GC(538) Pause Young (Normal) (G1 Evacuation Pause) 6817M->2309M(8192M) 145.772ms
[4479.818s][info][gc,cpu         ] GC(538) User=1.15s Sys=0.00s Real=0.15s
.....[4484.781s][info][gc,start       ] GC(539) Pause Young (Normal) (G1 Evacuation Pause)
[4484.781s][info][gc,task        ] GC(539) Using 8 workers of 8 for evacuation
[4484.927s][info][gc,phases      ] GC(539)   Pre Evacuate Collection Set: 0.25ms
[4484.928s][info][gc,phases      ] GC(539)   Merge Heap Roots: 0.55ms
[4484.928s][info][gc,phases      ] GC(539)   Evacuate Collection Set: 144.62ms
[4484.928s][info][gc,phases      ] GC(539)   Post Evacuate Collection Set: 1.07ms
[4484.928s][info][gc,phases      ] GC(539)   Other: 0.06ms
[4484.928s][info][gc,heap        ] GC(539) Eden regions: 571->0(571)
[4484.928s][info][gc,heap        ] GC(539) Survivor regions: 43->43(77)
[4484.928s][info][gc,heap        ] GC(539) Old regions: 215->222
[4484.928s][info][gc,heap        ] GC(539) Humongous regions: 33->33
[4484.928s][info][gc,metaspace   ] GC(539) Metaspace: 29985K(30144K)->29985K(30144K) NonClass: 29985K(30144K)->29985K(30144K) Class: 0K(0K)->0K(0K)
[4484.928s][info][gc             ] GC(539) Pause Young (Normal) (G1 Evacuation Pause) 6877M->2365M(8192M) 146.681ms
[4484.928s][info][gc,cpu         ] GC(539) User=1.16s Sys=0.00s Real=0.15s
.....[4489.911s][info][gc,start       ] GC(540) Pause Young (Normal) (G1 Evacuation Pause)
[4489.911s][info][gc,task        ] GC(540) Using 8 workers of 8 for evacuation
[4490.058s][info][gc,phases      ] GC(540)   Pre Evacuate Collection Set: 0.25ms
[4490.058s][info][gc,phases      ] GC(540)   Merge Heap Roots: 0.56ms
[4490.058s][info][gc,phases      ] GC(540)   Evacuate Collection Set: 144.52ms
[4490.058s][info][gc,phases      ] GC(540)   Post Evacuate Collection Set: 1.05ms
[4490.058s][info][gc,phases      ] GC(540)   Other: 0.06ms
[4490.058s][info][gc,heap        ] GC(540) Eden regions: 571->0(572)
[4490.058s][info][gc,heap        ] GC(540) Survivor regions: 43->42(77)
[4490.058s][info][gc,heap        ] GC(540) Old regions: 222->229
[4490.058s][info][gc,heap        ] GC(540) Humongous regions: 33->33
[4490.058s][info][gc,metaspace   ] GC(540) Metaspace: 29985K(30144K)->29985K(30144K) NonClass: 29985K(30144K)->29985K(30144K) Class: 0K(0K)->0K(0K)
[4490.058s][info][gc             ] GC(540) Pause Young (Normal) (G1 Evacuation Pause) 6933M->2415M(8192M) 146.577ms
[4490.058s][info][gc,cpu         ] GC(540) User=1.16s Sys=0.00s Real=0.15s
.....[4494.999s][info][gc,start       ] GC(541) Pause Young (Normal) (G1 Evacuation Pause)
[4494.999s][info][gc,task        ] GC(541) Using 8 workers of 8 for evacuation
[4495.153s][info][gc,phases      ] GC(541)   Pre Evacuate Collection Set: 0.27ms
[4495.153s][info][gc,phases      ] GC(541)   Merge Heap Roots: 0.56ms
[4495.153s][info][gc,phases      ] GC(541)   Evacuate Collection Set: 151.97ms
[4495.153s][info][gc,phases      ] GC(541)   Post Evacuate Collection Set: 1.06ms
[4495.153s][info][gc,phases      ] GC(541)   Other: 0.06ms
[4495.153s][info][gc,heap        ] GC(541) Eden regions: 572->0(571)
[4495.153s][info][gc,heap        ] GC(541) Survivor regions: 42->43(77)
[4495.153s][info][gc,heap        ] GC(541) Old regions: 229->236
[4495.153s][info][gc,heap        ] GC(541) Humongous regions: 33->33
[4495.153s][info][gc,metaspace   ] GC(541) Metaspace: 29985K(30144K)->29985K(30144K) NonClass: 29985K(30144K)->29985K(30144K) Class: 0K(0K)->0K(0K)
[4495.153s][info][gc             ] GC(541) Pause Young (Normal) (G1 Evacuation Pause) 6991M->2474M(8192M) 154.056ms
[4495.153s][info][gc,cpu         ] GC(541) User=1.22s Sys=0.00s Real=0.15s
......[4500.199s][info][gc,start       ] GC(542) Pause Young (Normal) (G1 Evacuation Pause)
[4500.199s][info][gc,task        ] GC(542) Using 8 workers of 8 for evacuation
[4500.347s][info][gc,phases      ] GC(542)   Pre Evacuate Collection Set: 0.27ms
[4500.347s][info][gc,phases      ] GC(542)   Merge Heap Roots: 0.55ms
[4500.347s][info][gc,phases      ] GC(542)   Evacuate Collection Set: 145.50ms
[4500.347s][info][gc,phases      ] GC(542)   Post Evacuate Collection Set: 1.10ms
[4500.347s][info][gc,phases      ] GC(542)   Other: 0.06ms
[4500.347s][info][gc,heap        ] GC(542) Eden regions: 571->0(570)
[4500.347s][info][gc,heap        ] GC(542) Survivor regions: 43->44(77)
[4500.347s][info][gc,heap        ] GC(542) Old regions: 236->243
[4500.347s][info][gc,heap        ] GC(542) Humongous regions: 33->33
[4500.347s][info][gc,metaspace   ] GC(542) Metaspace: 29985K(30144K)->29985K(30144K) NonClass: 29985K(30144K)->29985K(30144K) Class: 0K(0K)->0K(0K)
[4500.347s][info][gc             ] GC(542) Pause Young (Normal) (G1 Evacuation Pause) 7042M->2541M(8192M) 147.613ms
[4500.347s][info][gc,cpu         ] GC(542) User=1.17s Sys=0.00s Real=0.14s
.....[4505.290s][info][gc,start       ] GC(543) Pause Young (Normal) (G1 Evacuation Pause)
[4505.290s][info][gc,task        ] GC(543) Using 8 workers of 8 for evacuation
[4505.436s][info][gc,phases      ] GC(543)   Pre Evacuate Collection Set: 0.26ms
[4505.436s][info][gc,phases      ] GC(543)   Merge Heap Roots: 0.57ms
[4505.436s][info][gc,phases      ] GC(543)   Evacuate Collection Set: 144.49ms
[4505.436s][info][gc,phases      ] GC(543)   Post Evacuate Collection Set: 1.05ms
[4505.436s][info][gc,phases      ] GC(543)   Other: 0.06ms
[4505.436s][info][gc,heap        ] GC(543) Eden regions: 570->0(572)
[4505.436s][info][gc,heap        ] GC(543) Survivor regions: 44->42(77)
[4505.436s][info][gc,heap        ] GC(543) Old regions: 243->250
[4505.436s][info][gc,heap        ] GC(543) Humongous regions: 33->33
[4505.436s][info][gc,metaspace   ] GC(543) Metaspace: 29985K(30144K)->29985K(30144K) NonClass: 29985K(30144K)->29985K(30144K) Class: 0K(0K)->0K(0K)
[4505.436s][info][gc             ] GC(543) Pause Young (Normal) (G1 Evacuation Pause) 7101M->2587M(8192M) 146.572ms
[4505.436s][info][gc,cpu         ] GC(543) User=1.16s Sys=0.00s Real=0.14s
.....[4510.483s][info][gc,start       ] GC(544) Pause Young (Normal) (G1 Evacuation Pause)
[4510.483s][info][gc,task        ] GC(544) Using 8 workers of 8 for evacuation
[4510.631s][info][gc,phases      ] GC(544)   Pre Evacuate Collection Set: 0.26ms
[4510.631s][info][gc,phases      ] GC(544)   Merge Heap Roots: 0.56ms
[4510.631s][info][gc,phases      ] GC(544)   Evacuate Collection Set: 146.09ms
[4510.631s][info][gc,phases      ] GC(544)   Post Evacuate Collection Set: 1.06ms
[4510.631s][info][gc,phases      ] GC(544)   Other: 0.06ms
[4510.631s][info][gc,heap        ] GC(544) Eden regions: 572->0(571)
[4510.631s][info][gc,heap        ] GC(544) Survivor regions: 42->43(77)
[4510.631s][info][gc,heap        ] GC(544) Old regions: 250->257
[4510.631s][info][gc,heap        ] GC(544) Humongous regions: 33->33
[4510.631s][info][gc,metaspace   ] GC(544) Metaspace: 29985K(30144K)->29985K(30144K) NonClass: 29985K(30144K)->29985K(30144K) Class: 0K(0K)->0K(0K)
[4510.631s][info][gc             ] GC(544) Pause Young (Normal) (G1 Evacuation Pause) 7163M->2651M(8192M) 148.162ms
[4510.631s][info][gc,cpu         ] GC(544) User=1.17s Sys=0.00s Real=0.15s
.... (rIR:aIR:PR = 7472:7469:7469) (tPR = 110838) [OK] 
  4514s: Performance info:
         Transaction,    Success,    Partial,     Failed,   Receipts, AvgBarcode, 
             Overall,     450610,          0,          0,     428112,      59.48, 
         Response times:
             Request,    Success,    Partial,     Failed,   SkipFail,     Probes,    Samples,      min,      p50,      p90,      p95,      p99,      max, 
       TotalPurchase,     428112,          0,          0,          0,     361509,     387141,      300,     5100,    10000,    19400,    75000,   371000,
     InStorePurchase,     225252,          0,          0,          0,     190404,     204057,      400,     5000,     9900,    19700,    75000,   371000,
      OnlinePurchase,     157605,          0,          0,          0,     133092,     142261,      300,     5200,    10000,    19600,    76000,   371000,
        InstPurchase,      45255,          0,          0,          0,      38013,      40823,      400,     4900,    10160,    17600,    72000,   370000,
          AssocOfCat,        450,          0,          0,          0,        369,        460,    30000,    41000,    58000,    67950,   163890,   335000,
      AssocOfProduct,       4512,          0,          0,          0,       4300,       4893,     1000,     5300,     9800,    15430,    72000,   371000,
      BusinessReport,       1124,          0,          0,          0,        963,       1132,    29000,    43000,    65000,    99350,   188020,   228000,
          CustBuyBeh,       4515,          0,          0,          0,       4222,       4756,      200,     4300,    10000,    16130,    66000,   310000,
       ProductReturn,      11897,          0,          0,          0,      10278,      11427,      300,     4700,     9700,    17260,    79000,   358000,

  4514s: (55%)   IR =   7610 .[4515.575s][info][gc,start       ] GC(545) Pause Young (Normal) (G1 Evacuation Pause)
[4515.575s][info][gc,task        ] GC(545) Using 8 workers of 8 for evacuation
[4515.723s][info][gc,phases      ] GC(545)   Pre Evacuate Collection Set: 0.26ms
[4515.723s][info][gc,phases      ] GC(545)   Merge Heap Roots: 0.58ms
[4515.723s][info][gc,phases      ] GC(545)   Evacuate Collection Set: 146.02ms
[4515.723s][info][gc,phases      ] GC(545)   Post Evacuate Collection Set: 1.05ms
[4515.723s][info][gc,phases      ] GC(545)   Other: 0.06ms
[4515.723s][info][gc,heap        ] GC(545) Eden regions: 571->0(571)
[4515.723s][info][gc,heap        ] GC(545) Survivor regions: 43->43(77)
[4515.723s][info][gc,heap        ] GC(545) Old regions: 257->264
[4515.723s][info][gc,heap        ] GC(545) Humongous regions: 33->33
[4515.723s][info][gc,metaspace   ] GC(545) Metaspace: 29985K(30144K)->29985K(30144K) NonClass: 29985K(30144K)->29985K(30144K) Class: 0K(0K)->0K(0K)
[4515.723s][info][gc             ] GC(545) Pause Young (Normal) (G1 Evacuation Pause) 7219M->2707M(8192M) 148.116ms
[4515.723s][info][gc,cpu         ] GC(545) User=1.17s Sys=0.00s Real=0.15s
.....|[4520.662s][info][gc,start       ] GC(546) Pause Young (Normal) (G1 Evacuation Pause)
[4520.662s][info][gc,task        ] GC(546) Using 8 workers of 8 for evacuation
[4520.808s][info][gc,phases      ] GC(546)   Pre Evacuate Collection Set: 0.26ms
[4520.808s][info][gc,phases      ] GC(546)   Merge Heap Roots: 0.55ms
[4520.808s][info][gc,phases      ] GC(546)   Evacuate Collection Set: 143.47ms
[4520.808s][info][gc,phases      ] GC(546)   Post Evacuate Collection Set: 1.11ms
[4520.808s][info][gc,phases      ] GC(546)   Other: 0.07ms
[4520.808s][info][gc,heap        ] GC(546) Eden regions: 571->0(571)
[4520.808s][info][gc,heap        ] GC(546) Survivor regions: 43->43(77)
[4520.808s][info][gc,heap        ] GC(546) Old regions: 264->272
[4520.808s][info][gc,heap        ] GC(546) Humongous regions: 33->33
[4520.808s][info][gc,metaspace   ] GC(546) Metaspace: 29985K(30144K)->29985K(30144K) NonClass: 29985K(30144K)->29985K(30144K) Class: 0K(0K)->0K(0K)
[4520.808s][info][gc             ] GC(546) Pause Young (Normal) (G1 Evacuation Pause) 7275M->2765M(8192M) 145.595ms
[4520.808s][info][gc,cpu         ] GC(546) User=1.15s Sys=0.00s Real=0.15s
.....[4525.670s][info][gc,start       ] GC(547) Pause Young (Normal) (G1 Evacuation Pause)
[4525.670s][info][gc,task        ] GC(547) Using 8 workers of 8 for evacuation
[4525.813s][info][gc,phases      ] GC(547)   Pre Evacuate Collection Set: 0.25ms
[4525.813s][info][gc,phases      ] GC(547)   Merge Heap Roots: 0.56ms
[4525.813s][info][gc,phases      ] GC(547)   Evacuate Collection Set: 141.48ms
[4525.813s][info][gc,phases      ] GC(547)   Post Evacuate Collection Set: 1.08ms
[4525.813s][info][gc,phases      ] GC(547)   Other: 0.06ms
[4525.813s][info][gc,heap        ] GC(547) Eden regions: 571->0(572)
[4525.813s][info][gc,heap        ] GC(547) Survivor regions: 43->42(77)
[4525.813s][info][gc,heap        ] GC(547) Old regions: 272->279
[4525.813s][info][gc,heap        ] GC(547) Humongous regions: 33->33
[4525.813s][info][gc,metaspace   ] GC(547) Metaspace: 29985K(30144K)->29985K(30144K) NonClass: 29985K(30144K)->29985K(30144K) Class: 0K(0K)->0K(0K)
[4525.813s][info][gc             ] GC(547) Pause Young (Normal) (G1 Evacuation Pause) 7333M->2810M(8192M) 143.567ms
[4525.813s][info][gc,cpu         ] GC(547) User=1.14s Sys=0.00s Real=0.14s
.....[4530.665s][info][gc,start       ] GC(548) Pause Young (Normal) (G1 Evacuation Pause)
[4530.665s][info][gc,task        ] GC(548) Using 8 workers of 8 for evacuation
[4530.814s][info][gc,phases      ] GC(548)   Pre Evacuate Collection Set: 0.24ms
[4530.814s][info][gc,phases      ] GC(548)   Merge Heap Roots: 0.56ms
[4530.814s][info][gc,phases      ] GC(548)   Evacuate Collection Set: 146.72ms
[4530.814s][info][gc,phases      ] GC(548)   Post Evacuate Collection Set: 1.04ms
[4530.814s][info][gc,phases      ] GC(548)   Other: 0.06ms
[4530.814s][info][gc,heap        ] GC(548) Eden regions: 572->0(567)
[4530.814s][info][gc,heap        ] GC(548) Survivor regions: 42->43(77)
[4530.814s][info][gc,heap        ] GC(548) Old regions: 279->286
[4530.814s][info][gc,heap        ] GC(548) Humongous regions: 33->33
[4530.814s][info][gc,metaspace   ] GC(548) Metaspace: 29985K(30144K)->29985K(30144K) NonClass: 29985K(30144K)->29985K(30144K) Class: 0K(0K)->0K(0K)
[4530.814s][info][gc             ] GC(548) Pause Young (Normal) (G1 Evacuation Pause) 7386M->2879M(8192M) 148.755ms
[4530.814s][info][gc,cpu         ] GC(548) User=1.17s Sys=0.01s Real=0.15s
.....[4535.699s][info][gc,start       ] GC(549) Pause Young (Normal) (G1 Evacuation Pause)
[4535.699s][info][gc,task        ] GC(549) Using 8 workers of 8 for evacuation
[4535.847s][info][gc,phases      ] GC(549)   Pre Evacuate Collection Set: 0.28ms
[4535.847s][info][gc,phases      ] GC(549)   Merge Heap Roots: 0.57ms
[4535.847s][info][gc,phases      ] GC(549)   Evacuate Collection Set: 145.55ms
[4535.847s][info][gc,phases      ] GC(549)   Post Evacuate Collection Set: 1.07ms
[4535.847s][info][gc,phases      ] GC(549)   Other: 0.06ms
[4535.847s][info][gc,heap        ] GC(549) Eden regions: 567->0(560)
[4535.847s][info][gc,heap        ] GC(549) Survivor regions: 43->43(77)
[4535.847s][info][gc,heap        ] GC(549) Old regions: 286->293
[4535.847s][info][gc,heap        ] GC(549) Humongous regions: 33->33
[4535.847s][info][gc,metaspace   ] GC(549) Metaspace: 29985K(30144K)->29985K(30144K) NonClass: 29985K(30144K)->29985K(30144K) Class: 0K(0K)->0K(0K)
[4535.847s][info][gc             ] GC(549) Pause Young (Normal) (G1 Evacuation Pause) 7415M->2933M(8192M) 147.670ms
[4535.847s][info][gc,cpu         ] GC(549) User=1.17s Sys=0.00s Real=0.14s
.....[4540.684s][info][gc,start       ] GC(550) Pause Young (Normal) (G1 Evacuation Pause)
[4540.684s][info][gc,task        ] GC(550) Using 8 workers of 8 for evacuation
[4540.835s][info][gc,phases      ] GC(550)   Pre Evacuate Collection Set: 0.25ms
[4540.835s][info][gc,phases      ] GC(550)   Merge Heap Roots: 0.56ms
[4540.835s][info][gc,phases      ] GC(550)   Evacuate Collection Set: 148.49ms
[4540.835s][info][gc,phases      ] GC(550)   Post Evacuate Collection Set: 1.06ms
[4540.835s][info][gc,phases      ] GC(550)   Other: 0.06ms
[4540.835s][info][gc,heap        ] GC(550) Eden regions: 560->0(553)
[4540.835s][info][gc,heap        ] GC(550) Survivor regions: 43->43(76)
[4540.835s][info][gc,heap        ] GC(550) Old regions: 293->300
[4540.835s][info][gc,heap        ] GC(550) Humongous regions: 33->33
[4540.835s][info][gc,metaspace   ] GC(550) Metaspace: 29985K(30144K)->29985K(30144K) NonClass: 29985K(30144K)->29985K(30144K) Class: 0K(0K)->0K(0K)
[4540.835s][info][gc             ] GC(550) Pause Young (Normal) (G1 Evacuation Pause) 7413M->2995M(8192M) 150.556ms
[4540.835s][info][gc,cpu         ] GC(550) User=1.19s Sys=0.00s Real=0.15s
.....[4545.642s][info][gc,start       ] GC(551) Pause Young (Normal) (G1 Evacuation Pause)
[4545.642s][info][gc,task        ] GC(551) Using 8 workers of 8 for evacuation
[4545.792s][info][gc,phases      ] GC(551)   Pre Evacuate Collection Set: 0.26ms
[4545.792s][info][gc,phases      ] GC(551)   Merge Heap Roots: 0.55ms
[4545.792s][info][gc,phases      ] GC(551)   Evacuate Collection Set: 147.65ms
[4545.792s][info][gc,phases      ] GC(551)   Post Evacuate Collection Set: 1.06ms
[4545.792s][info][gc,phases      ] GC(551)   Other: 0.06ms
[4545.792s][info][gc,heap        ] GC(551) Eden regions: 553->0(543)
[4545.792s][info][gc,heap        ] GC(551) Survivor regions: 43->44(75)
[4545.792s][info][gc,heap        ] GC(551) Old regions: 300->308
[4545.792s][info][gc,heap        ] GC(551) Humongous regions: 33->33
[4545.792s][info][gc,metaspace   ] GC(551) Metaspace: 29985K(30144K)->29985K(30144K) NonClass: 29985K(30144K)->29985K(30144K) Class: 0K(0K)->0K(0K)
[4545.792s][info][gc             ] GC(551) Pause Young (Normal) (G1 Evacuation Pause) 7419M->3059M(8192M) 149.742ms
[4545.792s][info][gc,cpu         ] GC(551) User=1.19s Sys=0.00s Real=0.15s
.....[4550.457s][info][gc,start       ] GC(552) Pause Young (Concurrent Start) (G1 Evacuation Pause)
[4550.458s][info][gc,task        ] GC(552) Using 8 workers of 8 for evacuation
[4550.605s][info][gc,phases      ] GC(552)   Pre Evacuate Collection Set: 0.29ms
[4550.605s][info][gc,phases      ] GC(552)   Merge Heap Roots: 0.53ms
[4550.605s][info][gc,phases      ] GC(552)   Evacuate Collection Set: 145.25ms
[4550.605s][info][gc,phases      ] GC(552)   Post Evacuate Collection Set: 1.02ms
[4550.605s][info][gc,phases      ] GC(552)   Other: 0.11ms
[4550.605s][info][gc,heap        ] GC(552) Eden regions: 543->0(538)
[4550.605s][info][gc,heap        ] GC(552) Survivor regions: 44->43(74)
[4550.605s][info][gc,heap        ] GC(552) Old regions: 308->315
[4550.605s][info][gc,heap        ] GC(552) Humongous regions: 33->33
[4550.605s][info][gc,metaspace   ] GC(552) Metaspace: 29985K(30144K)->29985K(30144K) NonClass: 29985K(30144K)->29985K(30144K) Class: 0K(0K)->0K(0K)
[4550.605s][info][gc             ] GC(552) Pause Young (Concurrent Start) (G1 Evacuation Pause) 7403M->3111M(8192M) 147.322ms
[4550.605s][info][gc             ] GC(553) Concurrent Mark Cycle
[4550.605s][info][gc,marking     ] GC(553) Concurrent Scan Root Regions
[4550.605s][info][gc,cpu         ] GC(552) User=1.17s Sys=0.00s Real=0.14s
[4550.880s][info][gc,marking     ] GC(553) Concurrent Scan Root Regions 275.586ms
[4550.880s][info][gc,marking     ] GC(553) Concurrent Mark
[4550.880s][info][gc,marking     ] GC(553) Concurrent Mark From Roots
[4550.880s][info][gc,task        ] GC(553) Using 2 workers of 2 for marking
.[4551.764s][info][gc,marking     ] GC(553) Concurrent Mark From Roots 883.617ms
[4551.764s][info][gc,marking     ] GC(553) Concurrent Preclean
[4551.764s][info][gc,marking     ] GC(553) Concurrent Preclean 0.120ms
[4551.764s][info][gc,start       ] GC(553) Pause Remark
[4551.767s][info][gc             ] GC(553) Pause Remark 4284M->3748M(8192M) 2.354ms
[4551.767s][info][gc,cpu         ] GC(553) User=0.01s Sys=0.00s Real=0.00s
[4551.767s][info][gc,marking     ] GC(553) Concurrent Mark 886.375ms
[4551.767s][info][gc,marking     ] GC(553) Concurrent Rebuild Remembered Sets and Scrub Regions
[4552.211s][info][gc,marking     ] GC(553) Concurrent Rebuild Remembered Sets and Scrub Regions 443.664ms
[4552.211s][info][gc,start       ] GC(553) Pause Cleanup
[4552.211s][info][gc             ] GC(553) Pause Cleanup 4143M->4143M(8192M) 0.297ms
[4552.211s][info][gc,cpu         ] GC(553) User=0.01s Sys=0.00s Real=0.00s
[4552.211s][info][gc,marking     ] GC(553) Concurrent Clear Claimed Marks
[4552.211s][info][gc,marking     ] GC(553) Concurrent Clear Claimed Marks 0.065ms
[4552.211s][info][gc,marking     ] GC(553) Concurrent Cleanup for Next Mark
[4552.221s][info][gc,marking     ] GC(553) Concurrent Cleanup for Next Mark 9.814ms
[4552.221s][info][gc             ] GC(553) Concurrent Mark Cycle 1616.220ms
...[4555.188s][info][gc,start       ] GC(554) Pause Young (Prepare Mixed) (G1 Evacuation Pause)
[4555.188s][info][gc,task        ] GC(554) Using 8 workers of 8 for evacuation
[4555.332s][info][gc,phases      ] GC(554)   Pre Evacuate Collection Set: 0.26ms
[4555.332s][info][gc,phases      ] GC(554)   Merge Heap Roots: 0.74ms
[4555.332s][info][gc,phases      ] GC(554)   Evacuate Collection Set: 141.22ms
[4555.332s][info][gc,phases      ] GC(554)   Post Evacuate Collection Set: 1.17ms
[4555.332s][info][gc,phases      ] GC(554)   Other: 0.07ms
[4555.332s][info][gc,heap        ] GC(554) Eden regions: 538->0(574)
[4555.332s][info][gc,heap        ] GC(554) Survivor regions: 43->40(73)
[4555.332s][info][gc,heap        ] GC(554) Old regions: 248->256
[4555.332s][info][gc,heap        ] GC(554) Humongous regions: 33->33
[4555.332s][info][gc,metaspace   ] GC(554) Metaspace: 29985K(30144K)->29985K(30144K) NonClass: 29985K(30144K)->29985K(30144K) Class: 0K(0K)->0K(0K)
[4555.332s][info][gc             ] GC(554) Pause Young (Prepare Mixed) (G1 Evacuation Pause) 6879M->2617M(8192M) 143.600ms
[4555.332s][info][gc,cpu         ] GC(554) User=1.14s Sys=0.00s Real=0.14s
.....[4560.298s][info][gc,start       ] GC(555) Pause Young (Mixed) (G1 Evacuation Pause)
[4560.298s][info][gc,task        ] GC(555) Using 8 workers of 8 for evacuation
[4560.451s][info][gc,phases      ] GC(555)   Pre Evacuate Collection Set: 0.29ms
[4560.451s][info][gc,phases      ] GC(555)   Merge Heap Roots: 0.84ms
[4560.451s][info][gc,phases      ] GC(555)   Evacuate Collection Set: 149.77ms
[4560.451s][info][gc,phases      ] GC(555)   Post Evacuate Collection Set: 1.30ms
[4560.451s][info][gc,phases      ] GC(555)   Other: 0.08ms
[4560.451s][info][gc,heap        ] GC(555) Eden regions: 574->0(571)
[4560.451s][info][gc,heap        ] GC(555) Survivor regions: 40->43(77)
[4560.451s][info][gc,heap        ] GC(555) Old regions: 256->161
[4560.451s][info][gc,heap        ] GC(555) Humongous regions: 33->33
[4560.451s][info][gc,metaspace   ] GC(555) Metaspace: 29985K(30144K)->29985K(30144K) NonClass: 29985K(30144K)->29985K(30144K) Class: 0K(0K)->0K(0K)
[4560.451s][info][gc             ] GC(555) Pause Young (Mixed) (G1 Evacuation Pause) 7209M->1879M(8192M) 152.410ms
[4560.451s][info][gc,cpu         ] GC(555) User=1.21s Sys=0.00s Real=0.15s
.....[4565.315s][info][gc,start       ] GC(556) Pause Young (Mixed) (G1 Evacuation Pause)
[4565.315s][info][gc,task        ] GC(556) Using 8 workers of 8 for evacuation
[4565.468s][info][gc,phases      ] GC(556)   Pre Evacuate Collection Set: 0.29ms
[4565.468s][info][gc,phases      ] GC(556)   Merge Heap Roots: 0.86ms
[4565.468s][info][gc,phases      ] GC(556)   Evacuate Collection Set: 150.10ms
[4565.468s][info][gc,phases      ] GC(556)   Post Evacuate Collection Set: 1.09ms
[4565.468s][info][gc,phases      ] GC(556)   Other: 0.08ms
[4565.468s][info][gc,heap        ] GC(556) Eden regions: 571->0(571)
[4565.468s][info][gc,heap        ] GC(556) Survivor regions: 43->43(77)
[4565.468s][info][gc,heap        ] GC(556) Old regions: 161->143
[4565.468s][info][gc,heap        ] GC(556) Humongous regions: 33->33
[4565.468s][info][gc,metaspace   ] GC(556) Metaspace: 29985K(30144K)->29985K(30144K) NonClass: 29985K(30144K)->29985K(30144K) Class: 0K(0K)->0K(0K)
[4565.468s][info][gc             ] GC(556) Pause Young (Mixed) (G1 Evacuation Pause) 6447M->1730M(8192M) 152.549ms
[4565.468s][info][gc,cpu         ] GC(556) User=1.21s Sys=0.00s Real=0.16s
.....[4570.367s][info][gc,start       ] GC(557) Pause Young (Normal) (G1 Evacuation Pause)
[4570.367s][info][gc,task        ] GC(557) Using 8 workers of 8 for evacuation
[4570.516s][info][gc,phases      ] GC(557)   Pre Evacuate Collection Set: 0.26ms
[4570.516s][info][gc,phases      ] GC(557)   Merge Heap Roots: 0.55ms
[4570.516s][info][gc,phases      ] GC(557)   Evacuate Collection Set: 147.02ms
[4570.516s][info][gc,phases      ] GC(557)   Post Evacuate Collection Set: 1.07ms
[4570.516s][info][gc,phases      ] GC(557)   Other: 0.06ms
[4570.516s][info][gc,heap        ] GC(557) Eden regions: 571->0(571)
[4570.516s][info][gc,heap        ] GC(557) Survivor regions: 43->43(77)
[4570.516s][info][gc,heap        ] GC(557) Old regions: 143->150
[4570.516s][info][gc,heap        ] GC(557) Humongous regions: 33->33
[4570.516s][info][gc,metaspace   ] GC(557) Metaspace: 29985K(30144K)->29985K(30144K) NonClass: 29985K(30144K)->29985K(30144K) Class: 0K(0K)->0K(0K)
[4570.516s][info][gc             ] GC(557) Pause Young (Normal) (G1 Evacuation Pause) 6298M->1792M(8192M) 149.100ms
[4570.516s][info][gc,cpu         ] GC(557) User=1.18s Sys=0.00s Real=0.15s
.....[4575.467s][info][gc,start       ] GC(558) Pause Young (Normal) (G1 Evacuation Pause)
[4575.467s][info][gc,task        ] GC(558) Using 8 workers of 8 for evacuation
[4575.617s][info][gc,phases      ] GC(558)   Pre Evacuate Collection Set: 0.28ms
[4575.617s][info][gc,phases      ] GC(558)   Merge Heap Roots: 0.56ms
[4575.617s][info][gc,phases      ] GC(558)   Evacuate Collection Set: 147.88ms
[4575.617s][info][gc,phases      ] GC(558)   Post Evacuate Collection Set: 1.05ms
[4575.617s][info][gc,phases      ] GC(558)   Other: 0.06ms
[4575.617s][info][gc,heap        ] GC(558) Eden regions: 571->0(571)
[4575.617s][info][gc,heap        ] GC(558) Survivor regions: 43->43(77)
[4575.617s][info][gc,heap        ] GC(558) Old regions: 150->157
[4575.617s][info][gc,heap        ] GC(558) Humongous regions: 33->33
[4575.617s][info][gc,metaspace   ] GC(558) Metaspace: 29985K(30144K)->29985K(30144K) NonClass: 29985K(30144K)->29985K(30144K) Class: 0K(0K)->0K(0K)
[4575.617s][info][gc             ] GC(558) Pause Young (Normal) (G1 Evacuation Pause) 6360M->1849M(8192M) 149.956ms
[4575.617s][info][gc,cpu         ] GC(558) User=1.19s Sys=0.00s Real=0.15s
.....[4580.579s][info][gc,start       ] GC(559) Pause Young (Normal) (G1 Evacuation Pause)
[4580.579s][info][gc,task        ] GC(559) Using 8 workers of 8 for evacuation
[4580.729s][info][gc,phases      ] GC(559)   Pre Evacuate Collection Set: 0.25ms
[4580.729s][info][gc,phases      ] GC(559)   Merge Heap Roots: 0.54ms
[4580.729s][info][gc,phases      ] GC(559)   Evacuate Collection Set: 148.38ms
[4580.729s][info][gc,phases      ] GC(559)   Post Evacuate Collection Set: 1.02ms
[4580.729s][info][gc,phases      ] GC(559)   Other: 0.06ms
[4580.729s][info][gc,heap        ] GC(559) Eden regions: 571->0(571)
[4580.729s][info][gc,heap        ] GC(559) Survivor regions: 43->43(77)
[4580.729s][info][gc,heap        ] GC(559) Old regions: 157->164
[4580.729s][info][gc,heap        ] GC(559) Humongous regions: 33->33
[4580.729s][info][gc,metaspace   ] GC(559) Metaspace: 29985K(30144K)->29985K(30144K) NonClass: 29985K(30144K)->29985K(30144K) Class: 0K(0K)->0K(0K)
[4580.729s][info][gc             ] GC(559) Pause Young (Normal) (G1 Evacuation Pause) 6417M->1906M(8192M) 150.384ms
[4580.729s][info][gc,cpu         ] GC(559) User=1.19s Sys=0.00s Real=0.15s
. (rIR:aIR:PR = 7610:7552:7549) (tPR = 111582) [OK] 
  4580s: Performance info:
         Transaction,    Success,    Partial,     Failed,   Receipts, AvgBarcode, 
             Overall,     456593,          0,          0,     433690,      59.48, 
         Response times:
             Request,    Success,    Partial,     Failed,   SkipFail,     Probes,    Samples,      min,      p50,      p90,      p95,      p99,      max, 
       TotalPurchase,     433859,          0,          0,          0,     361333,     398250,      300,     5200,    11000,    27000,    90000,   424000,
     InStorePurchase,     229019,          0,          0,          0,     190501,     209640,      300,     5200,    11100,    26000,    88000,   424000,
      OnlinePurchase,     158515,          0,          0,          0,     133469,     146839,      300,     5200,    11000,    28000,    91000,   423000,
        InstPurchase,      46325,          0,          0,          0,      37363,      41771,      400,     5000,    10900,    28000,    92000,   360000,
          AssocOfCat,        463,          0,          0,          0,        363,        486,    26000,    41000,    63300,    91000,   199520,   237000,
      AssocOfProduct,       4591,          0,          0,          0,       4294,       5002,      400,     5400,    11400,    28000,    86970,   353000,
      BusinessReport,       1147,          0,          0,          0,        991,       1259,    27000,    45000,    73000,   101000,   191000,   229000,
          CustBuyBeh,       4598,          0,          0,          0,       4262,       4986,      200,     5500,    11600,    26000,   101390,   274000,
       ProductReturn,      12108,          0,          0,          0,       9286,      10635,      200,     5100,    10600,    26200,    83000,   325000,

  4580s: (56%)   IR =   7749 ....[4585.629s][info][gc,start       ] GC(560) Pause Young (Normal) (G1 Evacuation Pause)
[4585.629s][info][gc,task        ] GC(560) Using 8 workers of 8 for evacuation
[4585.781s][info][gc,phases      ] GC(560)   Pre Evacuate Collection Set: 0.26ms
[4585.781s][info][gc,phases      ] GC(560)   Merge Heap Roots: 0.64ms
[4585.781s][info][gc,phases      ] GC(560)   Evacuate Collection Set: 149.80ms
[4585.781s][info][gc,phases      ] GC(560)   Post Evacuate Collection Set: 1.04ms
[4585.781s][info][gc,phases      ] GC(560)   Other: 0.07ms
[4585.781s][info][gc,heap        ] GC(560) Eden regions: 571->0(570)
[4585.781s][info][gc,heap        ] GC(560) Survivor regions: 43->44(77)
[4585.781s][info][gc,heap        ] GC(560) Old regions: 164->171
[4585.781s][info][gc,heap        ] GC(560) Humongous regions: 33->33
[4585.781s][info][gc,metaspace   ] GC(560) Metaspace: 29985K(30144K)->29985K(30144K) NonClass: 29985K(30144K)->29985K(30144K) Class: 0K(0K)->0K(0K)
[4585.781s][info][gc             ] GC(560) Pause Young (Normal) (G1 Evacuation Pause) 6474M->1967M(8192M) 151.939ms
[4585.781s][info][gc,cpu         ] GC(560) User=1.20s Sys=0.00s Real=0.15s
....|.[4590.560s][info][gc,start       ] GC(561) Pause Young (Normal) (G1 Evacuation Pause)
[4590.560s][info][gc,task        ] GC(561) Using 8 workers of 8 for evacuation
[4590.711s][info][gc,phases      ] GC(561)   Pre Evacuate Collection Set: 0.27ms
[4590.711s][info][gc,phases      ] GC(561)   Merge Heap Roots: 0.62ms
[4590.711s][info][gc,phases      ] GC(561)   Evacuate Collection Set: 148.28ms
[4590.711s][info][gc,phases      ] GC(561)   Post Evacuate Collection Set: 1.07ms
[4590.711s][info][gc,phases      ] GC(561)   Other: 0.06ms
[4590.711s][info][gc,heap        ] GC(561) Eden regions: 570->0(571)
[4590.711s][info][gc,heap        ] GC(561) Survivor regions: 44->43(77)
[4590.711s][info][gc,heap        ] GC(561) Old regions: 171->179
[4590.711s][info][gc,heap        ] GC(561) Humongous regions: 33->33
[4590.711s][info][gc,metaspace   ] GC(561) Metaspace: 29985K(30144K)->29985K(30144K) NonClass: 29985K(30144K)->29985K(30144K) Class: 0K(0K)->0K(0K)
[4590.711s][info][gc             ] GC(561) Pause Young (Normal) (G1 Evacuation Pause) 6527M->2023M(8192M) 150.446ms
[4590.711s][info][gc,cpu         ] GC(561) User=1.19s Sys=0.00s Real=0.15s
.....[4595.525s][info][gc,start       ] GC(562) Pause Young (Normal) (G1 Evacuation Pause)
[4595.525s][info][gc,task        ] GC(562) Using 8 workers of 8 for evacuation
[4595.674s][info][gc,phases      ] GC(562)   Pre Evacuate Collection Set: 0.26ms
[4595.674s][info][gc,phases      ] GC(562)   Merge Heap Roots: 0.67ms
[4595.674s][info][gc,phases      ] GC(562)   Evacuate Collection Set: 147.52ms
[4595.674s][info][gc,phases      ] GC(562)   Post Evacuate Collection Set: 1.05ms
[4595.674s][info][gc,phases      ] GC(562)   Other: 0.06ms
[4595.674s][info][gc,heap        ] GC(562) Eden regions: 571->0(570)
[4595.674s][info][gc,heap        ] GC(562) Survivor regions: 43->44(77)
[4595.674s][info][gc,heap        ] GC(562) Old regions: 179->186
[4595.674s][info][gc,heap        ] GC(562) Humongous regions: 33->33
[4595.674s][info][gc,metaspace   ] GC(562) Metaspace: 29985K(30144K)->29985K(30144K) NonClass: 29985K(30144K)->29985K(30144K) Class: 0K(0K)->0K(0K)
[4595.674s][info][gc             ] GC(562) Pause Young (Normal) (G1 Evacuation Pause) 6591M->2085M(8192M) 149.680ms
[4595.674s][info][gc,cpu         ] GC(562) User=1.18s Sys=0.01s Real=0.15s
.....[4600.495s][info][gc,start       ] GC(563) Pause Young (Normal) (G1 Evacuation Pause)
[4600.495s][info][gc,task        ] GC(563) Using 8 workers of 8 for evacuation
[4600.642s][info][gc,phases      ] GC(563)   Pre Evacuate Collection Set: 0.25ms
[4600.642s][info][gc,phases      ] GC(563)   Merge Heap Roots: 0.56ms
[4600.642s][info][gc,phases      ] GC(563)   Evacuate Collection Set: 145.35ms
[4600.642s][info][gc,phases      ] GC(563)   Post Evacuate Collection Set: 1.05ms
[4600.642s][info][gc,phases      ] GC(563)   Other: 0.07ms
[4600.642s][info][gc,heap        ] GC(563) Eden regions: 570->0(570)
[4600.642s][info][gc,heap        ] GC(563) Survivor regions: 44->44(77)
[4600.642s][info][gc,heap        ] GC(563) Old regions: 186->193
[4600.642s][info][gc,heap        ] GC(563) Humongous regions: 33->33
[4600.642s][info][gc,metaspace   ] GC(563) Metaspace: 29985K(30144K)->29985K(30144K) NonClass: 29985K(30144K)->29985K(30144K) Class: 0K(0K)->0K(0K)
[4600.642s][info][gc             ] GC(563) Pause Young (Normal) (G1 Evacuation Pause) 6645M->2143M(8192M) 147.409ms
[4600.642s][info][gc,cpu         ] GC(563) User=1.17s Sys=0.00s Real=0.15s
.....[4605.407s][info][gc,start       ] GC(564) Pause Young (Normal) (G1 Evacuation Pause)
[4605.407s][info][gc,task        ] GC(564) Using 8 workers of 8 for evacuation
[4605.557s][info][gc,phases      ] GC(564)   Pre Evacuate Collection Set: 0.24ms
[4605.557s][info][gc,phases      ] GC(564)   Merge Heap Roots: 0.56ms
[4605.557s][info][gc,phases      ] GC(564)   Evacuate Collection Set: 148.51ms
[4605.557s][info][gc,phases      ] GC(564)   Post Evacuate Collection Set: 1.05ms
[4605.557s][info][gc,phases      ] GC(564)   Other: 0.06ms
[4605.557s][info][gc,heap        ] GC(564) Eden regions: 570->0(571)
[4605.557s][info][gc,heap        ] GC(564) Survivor regions: 44->43(77)
[4605.557s][info][gc,heap        ] GC(564) Old regions: 193->201
[4605.557s][info][gc,heap        ] GC(564) Humongous regions: 33->33
[4605.557s][info][gc,metaspace   ] GC(564) Metaspace: 29985K(30144K)->29985K(30144K) NonClass: 29985K(30144K)->29985K(30144K) Class: 0K(0K)->0K(0K)
[4605.557s][info][gc             ] GC(564) Pause Young (Normal) (G1 Evacuation Pause) 6703M->2198M(8192M) 150.543ms
[4605.557s][info][gc,cpu         ] GC(564) User=1.19s Sys=0.00s Real=0.16s
.....[4610.362s][info][gc,start       ] GC(565) Pause Young (Normal) (G1 Evacuation Pause)
[4610.362s][info][gc,task        ] GC(565) Using 8 workers of 8 for evacuation
[4610.510s][info][gc,phases      ] GC(565)   Pre Evacuate Collection Set: 0.25ms
[4610.510s][info][gc,phases      ] GC(565)   Merge Heap Roots: 0.56ms
[4610.510s][info][gc,phases      ] GC(565)   Evacuate Collection Set: 146.21ms
[4610.510s][info][gc,phases      ] GC(565)   Post Evacuate Collection Set: 1.09ms
[4610.510s][info][gc,phases      ] GC(565)   Other: 0.06ms
[4610.510s][info][gc,heap        ] GC(565) Eden regions: 571->0(570)
[4610.510s][info][gc,heap        ] GC(565) Survivor regions: 43->44(77)
[4610.510s][info][gc,heap        ] GC(565) Old regions: 201->208
[4610.510s][info][gc,heap        ] GC(565) Humongous regions: 33->33
[4610.510s][info][gc,metaspace   ] GC(565) Metaspace: 29985K(30144K)->29985K(30144K) NonClass: 29985K(30144K)->29985K(30144K) Class: 0K(0K)->0K(0K)
[4610.510s][info][gc             ] GC(565) Pause Young (Normal) (G1 Evacuation Pause) 6766M->2259M(8192M) 148.292ms
[4610.510s][info][gc,cpu         ] GC(565) User=1.18s Sys=0.00s Real=0.15s
.....[4615.319s][info][gc,start       ] GC(566) Pause Young (Normal) (G1 Evacuation Pause)
[4615.319s][info][gc,task        ] GC(566) Using 8 workers of 8 for evacuation
[4615.469s][info][gc,phases      ] GC(566)   Pre Evacuate Collection Set: 0.26ms
[4615.469s][info][gc,phases      ] GC(566)   Merge Heap Roots: 0.57ms
[4615.469s][info][gc,phases      ] GC(566)   Evacuate Collection Set: 147.64ms
[4615.469s][info][gc,phases      ] GC(566)   Post Evacuate Collection Set: 1.07ms
[4615.469s][info][gc,phases      ] GC(566)   Other: 0.06ms
[4615.469s][info][gc,heap        ] GC(566) Eden regions: 570->0(570)
[4615.469s][info][gc,heap        ] GC(566) Survivor regions: 44->44(77)
[4615.469s][info][gc,heap        ] GC(566) Old regions: 208->215
[4615.469s][info][gc,heap        ] GC(566) Humongous regions: 33->33
[4615.469s][info][gc,metaspace   ] GC(566) Metaspace: 29985K(30144K)->29985K(30144K) NonClass: 29985K(30144K)->29985K(30144K) Class: 0K(0K)->0K(0K)
[4615.469s][info][gc             ] GC(566) Pause Young (Normal) (G1 Evacuation Pause) 6819M->2317M(8192M) 149.751ms
[4615.469s][info][gc,cpu         ] GC(566) User=1.18s Sys=0.01s Real=0.15s
.....[4620.313s][info][gc,start       ] GC(567) Pause Young (Normal) (G1 Evacuation Pause)
[4620.313s][info][gc,task        ] GC(567) Using 8 workers of 8 for evacuation
[4620.463s][info][gc,phases      ] GC(567)   Pre Evacuate Collection Set: 0.25ms
[4620.463s][info][gc,phases      ] GC(567)   Merge Heap Roots: 0.57ms
[4620.463s][info][gc,phases      ] GC(567)   Evacuate Collection Set: 148.07ms
[4620.463s][info][gc,phases      ] GC(567)   Post Evacuate Collection Set: 1.06ms
[4620.463s][info][gc,phases      ] GC(567)   Other: 0.07ms
[4620.463s][info][gc,heap        ] GC(567) Eden regions: 570->0(571)
[4620.463s][info][gc,heap        ] GC(567) Survivor regions: 44->43(77)
[4620.463s][info][gc,heap        ] GC(567) Old regions: 215->222
[4620.463s][info][gc,heap        ] GC(567) Humongous regions: 33->33
[4620.463s][info][gc,metaspace   ] GC(567) Metaspace: 29985K(30144K)->29985K(30144K) NonClass: 29985K(30144K)->29985K(30144K) Class: 0K(0K)->0K(0K)
[4620.463s][info][gc             ] GC(567) Pause Young (Normal) (G1 Evacuation Pause) 6877M->2370M(8192M) 150.166ms
[4620.463s][info][gc,cpu         ] GC(567) User=1.19s Sys=0.00s Real=0.15s
.....[4625.194s][info][gc,start       ] GC(568) Pause Young (Normal) (G1 Evacuation Pause)
[4625.194s][info][gc,task        ] GC(568) Using 8 workers of 8 for evacuation
[4625.343s][info][gc,phases      ] GC(568)   Pre Evacuate Collection Set: 0.27ms
[4625.343s][info][gc,phases      ] GC(568)   Merge Heap Roots: 0.73ms
[4625.343s][info][gc,phases      ] GC(568)   Evacuate Collection Set: 145.94ms
[4625.343s][info][gc,phases      ] GC(568)   Post Evacuate Collection Set: 1.05ms
[4625.343s][info][gc,phases      ] GC(568)   Other: 0.06ms
[4625.343s][info][gc,heap        ] GC(568) Eden regions: 571->0(571)
[4625.343s][info][gc,heap        ] GC(568) Survivor regions: 43->43(77)
[4625.343s][info][gc,heap        ] GC(568) Old regions: 222->229
[4625.343s][info][gc,heap        ] GC(568) Humongous regions: 33->33
[4625.343s][info][gc,metaspace   ] GC(568) Metaspace: 29985K(30144K)->29985K(30144K) NonClass: 29985K(30144K)->29985K(30144K) Class: 0K(0K)->0K(0K)
[4625.343s][info][gc             ] GC(568) Pause Young (Normal) (G1 Evacuation Pause) 6938M->2426M(8192M) 148.223ms
[4625.343s][info][gc,cpu         ] GC(568) User=1.17s Sys=0.00s Real=0.15s
.....[4630.127s][info][gc,start       ] GC(569) Pause Young (Normal) (G1 Evacuation Pause)
[4630.127s][info][gc,task        ] GC(569) Using 8 workers of 8 for evacuation
[4630.275s][info][gc,phases      ] GC(569)   Pre Evacuate Collection Set: 0.26ms
[4630.275s][info][gc,phases      ] GC(569)   Merge Heap Roots: 0.57ms
[4630.275s][info][gc,phases      ] GC(569)   Evacuate Collection Set: 146.45ms
[4630.275s][info][gc,phases      ] GC(569)   Post Evacuate Collection Set: 1.08ms
[4630.275s][info][gc,phases      ] GC(569)   Other: 0.07ms
[4630.275s][info][gc,heap        ] GC(569) Eden regions: 571->0(571)
[4630.275s][info][gc,heap        ] GC(569) Survivor regions: 43->43(77)
[4630.275s][info][gc,heap        ] GC(569) Old regions: 229->236
[4630.275s][info][gc,heap        ] GC(569) Humongous regions: 33->33
[4630.275s][info][gc,metaspace   ] GC(569) Metaspace: 29985K(30144K)->29985K(30144K) NonClass: 29985K(30144K)->29985K(30144K) Class: 0K(0K)->0K(0K)
[4630.275s][info][gc             ] GC(569) Pause Young (Normal) (G1 Evacuation Pause) 6994M->2479M(8192M) 148.546ms
[4630.275s][info][gc,cpu         ] GC(569) User=1.18s Sys=0.00s Real=0.15s
.....[4635.103s][info][gc,start       ] GC(570) Pause Young (Normal) (G1 Evacuation Pause)
[4635.103s][info][gc,task        ] GC(570) Using 8 workers of 8 for evacuation
[4635.249s][info][gc,phases      ] GC(570)   Pre Evacuate Collection Set: 0.26ms
[4635.249s][info][gc,phases      ] GC(570)   Merge Heap Roots: 0.55ms
[4635.249s][info][gc,phases      ] GC(570)   Evacuate Collection Set: 143.86ms
[4635.249s][info][gc,phases      ] GC(570)   Post Evacuate Collection Set: 1.04ms
[4635.249s][info][gc,phases      ] GC(570)   Other: 0.06ms
[4635.249s][info][gc,heap        ] GC(570) Eden regions: 571->0(571)
[4635.249s][info][gc,heap        ] GC(570) Survivor regions: 43->43(77)
[4635.249s][info][gc,heap        ] GC(570) Old regions: 236->243
[4635.249s][info][gc,heap        ] GC(570) Humongous regions: 33->33
[4635.249s][info][gc,metaspace   ] GC(570) Metaspace: 29985K(30144K)->29985K(30144K) NonClass: 29985K(30144K)->29985K(30144K) Class: 0K(0K)->0K(0K)
[4635.249s][info][gc             ] GC(570) Pause Young (Normal) (G1 Evacuation Pause) 7047M->2535M(8192M) 145.899ms
[4635.249s][info][gc,cpu         ] GC(570) User=1.16s Sys=0.00s Real=0.15s
.....[4640.029s][info][gc,start       ] GC(571) Pause Young (Normal) (G1 Evacuation Pause)
[4640.029s][info][gc,task        ] GC(571) Using 8 workers of 8 for evacuation
[4640.182s][info][gc,phases      ] GC(571)   Pre Evacuate Collection Set: 0.24ms
[4640.182s][info][gc,phases      ] GC(571)   Merge Heap Roots: 0.56ms
[4640.182s][info][gc,phases      ] GC(571)   Evacuate Collection Set: 150.65ms
[4640.182s][info][gc,phases      ] GC(571)   Post Evacuate Collection Set: 1.04ms
[4640.182s][info][gc,phases      ] GC(571)   Other: 0.06ms
[4640.182s][info][gc,heap        ] GC(571) Eden regions: 571->0(569)
[4640.182s][info][gc,heap        ] GC(571) Survivor regions: 43->45(77)
[4640.182s][info][gc,heap        ] GC(571) Old regions: 243->250
[4640.182s][info][gc,heap        ] GC(571) Humongous regions: 33->33
[4640.182s][info][gc,metaspace   ] GC(571) Metaspace: 29985K(30144K)->29985K(30144K) NonClass: 29985K(30144K)->29985K(30144K) Class: 0K(0K)->0K(0K)
[4640.182s][info][gc             ] GC(571) Pause Young (Normal) (G1 Evacuation Pause) 7103M->2607M(8192M) 152.676ms
[4640.182s][info][gc,cpu         ] GC(571) User=1.20s Sys=0.00s Real=0.15s
.....[4645.051s][info][gc,start       ] GC(572) Pause Young (Normal) (G1 Evacuation Pause)
[4645.051s][info][gc,task        ] GC(572) Using 8 workers of 8 for evacuation
[4645.200s][info][gc,phases      ] GC(572)   Pre Evacuate Collection Set: 0.24ms
[4645.200s][info][gc,phases      ] GC(572)   Merge Heap Roots: 0.65ms
[4645.200s][info][gc,phases      ] GC(572)   Evacuate Collection Set: 146.80ms
[4645.200s][info][gc,phases      ] GC(572)   Post Evacuate Collection Set: 1.06ms
[4645.200s][info][gc,phases      ] GC(572)   Other: 0.07ms
[4645.200s][info][gc,heap        ] GC(572) Eden regions: 569->0(571)
[4645.200s][info][gc,heap        ] GC(572) Survivor regions: 45->43(77)
[4645.200s][info][gc,heap        ] GC(572) Old regions: 250->257
[4645.200s][info][gc,heap        ] GC(572) Humongous regions: 33->33
[4645.200s][info][gc,metaspace   ] GC(572) Metaspace: 29985K(30144K)->29985K(30144K) NonClass: 29985K(30144K)->29985K(30144K) Class: 0K(0K)->0K(0K)
[4645.200s][info][gc             ] GC(572) Pause Young (Normal) (G1 Evacuation Pause) 7159M->2651M(8192M) 148.959ms
[4645.200s][info][gc,cpu         ] GC(572) User=1.18s Sys=0.00s Real=0.15s
.... (rIR:aIR:PR = 7749:7736:7736) (tPR = 114742) [OK] 
  4648s: Performance info:
         Transaction,    Success,    Partial,     Failed,   Receipts, AvgBarcode, 
             Overall,     464445,          0,          0,     441273,      59.47, 
         Response times:
             Request,    Success,    Partial,     Failed,   SkipFail,     Probes,    Samples,      min,      p50,      p90,      p95,      p99,      max, 
       TotalPurchase,     441273,          0,          0,          0,     361335,     410437,      300,     5300,    10700,    27000,    84000,   393000,
     InStorePurchase,     231980,          0,          0,          0,     190308,     215947,      400,     5200,    10600,    26000,    83000,   393000,
      OnlinePurchase,     162660,          0,          0,          0,     132882,     150785,      300,     5300,    10600,    27000,    85000,   393000,
        InstPurchase,      46633,          0,          0,          0,      38145,      43705,      500,     5400,    11100,    28000,    83000,   390000,
          AssocOfCat,        467,          0,          0,          0,        377,        523,    24000,    40000,    63000,    75000,   114760,   215000,
      AssocOfProduct,       4655,          0,          0,          0,       4345,       5144,      600,     6200,    11350,    25750,    83550,   392000,
      BusinessReport,       1157,          0,          0,          0,       1017,       1298,    29000,    45000,    67100,   107150,   191090,   227000,
          CustBuyBeh,       4652,          0,          0,          0,       4339,       5185,      600,     5500,    10800,    26700,    80140,   352000,
       ProductReturn,      12241,          0,          0,          0,       9479,      11098,      300,     5200,    10800,    31050,    98000,   323000,

  4648s: (57%)   IR =   7887 [4650.028s][info][gc,start       ] GC(573) Pause Young (Normal) (G1 Evacuation Pause)
[4650.028s][info][gc,task        ] GC(573) Using 8 workers of 8 for evacuation
[4650.175s][info][gc,phases      ] GC(573)   Pre Evacuate Collection Set: 0.26ms
[4650.175s][info][gc,phases      ] GC(573)   Merge Heap Roots: 0.61ms
[4650.175s][info][gc,phases      ] GC(573)   Evacuate Collection Set: 145.11ms
[4650.175s][info][gc,phases      ] GC(573)   Post Evacuate Collection Set: 1.06ms
[4650.175s][info][gc,phases      ] GC(573)   Other: 0.07ms
[4650.175s][info][gc,heap        ] GC(573) Eden regions: 571->0(572)
[4650.175s][info][gc,heap        ] GC(573) Survivor regions: 43->42(77)
[4650.175s][info][gc,heap        ] GC(573) Old regions: 257->264
[4650.175s][info][gc,heap        ] GC(573) Humongous regions: 33->33
[4650.175s][info][gc,metaspace   ] GC(573) Metaspace: 29985K(30144K)->29985K(30144K) NonClass: 29985K(30144K)->29985K(30144K) Class: 0K(0K)->0K(0K)
[4650.175s][info][gc             ] GC(573) Pause Young (Normal) (G1 Evacuation Pause) 7219M->2698M(8192M) 147.262ms
[4650.175s][info][gc,cpu         ] GC(573) User=1.16s Sys=0.00s Real=0.14s
.....[4654.860s][info][gc,start       ] GC(574) Pause Young (Normal) (G1 Evacuation Pause)
[4654.860s][info][gc,task        ] GC(574) Using 8 workers of 8 for evacuation
[4655.007s][info][gc,phases      ] GC(574)   Pre Evacuate Collection Set: 0.28ms
[4655.007s][info][gc,phases      ] GC(574)   Merge Heap Roots: 0.56ms
[4655.007s][info][gc,phases      ] GC(574)   Evacuate Collection Set: 145.51ms
[4655.007s][info][gc,phases      ] GC(574)   Post Evacuate Collection Set: 1.12ms
[4655.007s][info][gc,phases      ] GC(574)   Other: 0.07ms
[4655.007s][info][gc,heap        ] GC(574) Eden regions: 572->0(571)
[4655.007s][info][gc,heap        ] GC(574) Survivor regions: 42->43(77)
[4655.007s][info][gc,heap        ] GC(574) Old regions: 264->271
[4655.007s][info][gc,heap        ] GC(574) Humongous regions: 33->33
[4655.007s][info][gc,metaspace   ] GC(574) Metaspace: 29985K(30144K)->29985K(30144K) NonClass: 29985K(30144K)->29985K(30144K) Class: 0K(0K)->0K(0K)
[4655.007s][info][gc             ] GC(574) Pause Young (Normal) (G1 Evacuation Pause) 7274M->2761M(8192M) 147.689ms
[4655.008s][info][gc,cpu         ] GC(574) User=1.17s Sys=0.00s Real=0.15s
.....[4659.677s][info][gc,start       ] GC(575) Pause Young (Normal) (G1 Evacuation Pause)
[4659.677s][info][gc,task        ] GC(575) Using 8 workers of 8 for evacuation
[4659.828s][info][gc,phases      ] GC(575)   Pre Evacuate Collection Set: 0.26ms
[4659.828s][info][gc,phases      ] GC(575)   Merge Heap Roots: 0.56ms
[4659.828s][info][gc,phases      ] GC(575)   Evacuate Collection Set: 148.54ms
[4659.828s][info][gc,phases      ] GC(575)   Post Evacuate Collection Set: 1.07ms
[4659.828s][info][gc,phases      ] GC(575)   Other: 0.06ms
[4659.828s][info][gc,heap        ] GC(575) Eden regions: 571->0(571)
[4659.828s][info][gc,heap        ] GC(575) Survivor regions: 43->43(77)
[4659.828s][info][gc,heap        ] GC(575) Old regions: 271->278
[4659.828s][info][gc,heap        ] GC(575) Humongous regions: 33->33
[4659.828s][info][gc,metaspace   ] GC(575) Metaspace: 29985K(30144K)->29985K(30144K) NonClass: 29985K(30144K)->29985K(30144K) Class: 0K(0K)->0K(0K)
[4659.828s][info][gc             ] GC(575) Pause Young (Normal) (G1 Evacuation Pause) 7329M->2819M(8192M) 150.618ms
[4659.828s][info][gc,cpu         ] GC(575) User=1.19s Sys=0.00s Real=0.16s
.....[4664.514s][info][gc,start       ] GC(576) Pause Young (Normal) (G1 Evacuation Pause)
[4664.514s][info][gc,task        ] GC(576) Using 8 workers of 8 for evacuation
[4664.663s][info][gc,phases      ] GC(576)   Pre Evacuate Collection Set: 0.25ms
[4664.663s][info][gc,phases      ] GC(576)   Merge Heap Roots: 0.57ms
[4664.663s][info][gc,phases      ] GC(576)   Evacuate Collection Set: 147.70ms
[4664.663s][info][gc,phases      ] GC(576)   Post Evacuate Collection Set: 1.13ms
[4664.663s][info][gc,phases      ] GC(576)   Other: 0.06ms
[4664.663s][info][gc,heap        ] GC(576) Eden regions: 571->0(565)
[4664.663s][info][gc,heap        ] GC(576) Survivor regions: 43->44(77)
[4664.663s][info][gc,heap        ] GC(576) Old regions: 278->286
[4664.663s][info][gc,heap        ] GC(576) Humongous regions: 33->33
[4664.663s][info][gc,metaspace   ] GC(576) Metaspace: 29985K(30144K)->29985K(30144K) NonClass: 29985K(30144K)->29985K(30144K) Class: 0K(0K)->0K(0K)
[4664.663s][info][gc             ] GC(576) Pause Young (Normal) (G1 Evacuation Pause) 7387M->2881M(8192M) 149.822ms
[4664.663s][info][gc,cpu         ] GC(576) User=1.19s Sys=0.00s Real=0.15s
.....|[4669.387s][info][gc,start       ] GC(577) Pause Young (Normal) (G1 Evacuation Pause)
[4669.387s][info][gc,task        ] GC(577) Using 8 workers of 8 for evacuation
[4669.539s][info][gc,phases      ] GC(577)   Pre Evacuate Collection Set: 0.25ms
[4669.539s][info][gc,phases      ] GC(577)   Merge Heap Roots: 0.65ms
[4669.539s][info][gc,phases      ] GC(577)   Evacuate Collection Set: 149.90ms
[4669.539s][info][gc,phases      ] GC(577)   Post Evacuate Collection Set: 1.08ms
[4669.539s][info][gc,phases      ] GC(577)   Other: 0.07ms
[4669.539s][info][gc,heap        ] GC(577) Eden regions: 565->0(558)
[4669.539s][info][gc,heap        ] GC(577) Survivor regions: 44->44(77)
[4669.539s][info][gc,heap        ] GC(577) Old regions: 286->293
[4669.539s][info][gc,heap        ] GC(577) Humongous regions: 33->33
[4669.539s][info][gc,metaspace   ] GC(577) Metaspace: 29985K(30144K)->29985K(30144K) NonClass: 29985K(30144K)->29985K(30144K) Class: 0K(0K)->0K(0K)
[4669.539s][info][gc             ] GC(577) Pause Young (Normal) (G1 Evacuation Pause) 7401M->2937M(8192M) 152.093ms
[4669.539s][info][gc,cpu         ] GC(577) User=1.21s Sys=0.00s Real=0.15s
....[4674.085s][info][gc,start       ] GC(578) Pause Young (Normal) (G1 Evacuation Pause)
[4674.085s][info][gc,task        ] GC(578) Using 8 workers of 8 for evacuation
[4674.238s][info][gc,phases      ] GC(578)   Pre Evacuate Collection Set: 0.24ms
[4674.238s][info][gc,phases      ] GC(578)   Merge Heap Roots: 0.55ms
[4674.238s][info][gc,phases      ] GC(578)   Evacuate Collection Set: 150.66ms
[4674.238s][info][gc,phases      ] GC(578)   Post Evacuate Collection Set: 1.08ms
[4674.238s][info][gc,phases      ] GC(578)   Other: 0.07ms
[4674.238s][info][gc,heap        ] GC(578) Eden regions: 558->0(551)
[4674.238s][info][gc,heap        ] GC(578) Survivor regions: 44->44(76)
[4674.238s][info][gc,heap        ] GC(578) Old regions: 293->300
[4674.238s][info][gc,heap        ] GC(578) Humongous regions: 33->33
[4674.238s][info][gc,metaspace   ] GC(578) Metaspace: 29985K(30144K)->29985K(30144K) NonClass: 29985K(30144K)->29985K(30144K) Class: 0K(0K)->0K(0K)
[4674.238s][info][gc             ] GC(578) Pause Young (Normal) (G1 Evacuation Pause) 7401M->2998M(8192M) 152.737ms
[4674.238s][info][gc,cpu         ] GC(578) User=1.21s Sys=0.01s Real=0.16s
.....[4678.699s][info][gc,start       ] GC(579) Pause Young (Normal) (G1 Evacuation Pause)
[4678.699s][info][gc,task        ] GC(579) Using 8 workers of 8 for evacuation
[4678.850s][info][gc,phases      ] GC(579)   Pre Evacuate Collection Set: 0.25ms
[4678.850s][info][gc,phases      ] GC(579)   Merge Heap Roots: 0.57ms
[4678.850s][info][gc,phases      ] GC(579)   Evacuate Collection Set: 148.64ms
[4678.850s][info][gc,phases      ] GC(579)   Post Evacuate Collection Set: 1.04ms
[4678.850s][info][gc,phases      ] GC(579)   Other: 0.06ms
[4678.850s][info][gc,heap        ] GC(579) Eden regions: 551->0(546)
[4678.850s][info][gc,heap        ] GC(579) Survivor regions: 44->43(75)
[4678.850s][info][gc,heap        ] GC(579) Old regions: 300->307
[4678.850s][info][gc,heap        ] GC(579) Humongous regions: 33->33
[4678.850s][info][gc,metaspace   ] GC(579) Metaspace: 29985K(30144K)->29985K(30144K) NonClass: 29985K(30144K)->29985K(30144K) Class: 0K(0K)->0K(0K)
[4678.850s][info][gc             ] GC(579) Pause Young (Normal) (G1 Evacuation Pause) 7406M->3045M(8192M) 150.685ms
[4678.850s][info][gc,cpu         ] GC(579) User=1.20s Sys=0.00s Real=0.15s
.....[4683.356s][info][gc,start       ] GC(580) Pause Young (Concurrent Start) (G1 Evacuation Pause)
[4683.356s][info][gc,task        ] GC(580) Using 8 workers of 8 for evacuation
[4683.501s][info][gc,phases      ] GC(580)   Pre Evacuate Collection Set: 0.30ms
[4683.501s][info][gc,phases      ] GC(580)   Merge Heap Roots: 0.54ms
[4683.501s][info][gc,phases      ] GC(580)   Evacuate Collection Set: 142.94ms
[4683.501s][info][gc,phases      ] GC(580)   Post Evacuate Collection Set: 1.03ms
[4683.501s][info][gc,phases      ] GC(580)   Other: 0.10ms
[4683.501s][info][gc,heap        ] GC(580) Eden regions: 546->0(539)
[4683.501s][info][gc,heap        ] GC(580) Survivor regions: 43->43(74)
[4683.501s][info][gc,heap        ] GC(580) Old regions: 307->314
[4683.501s][info][gc,heap        ] GC(580) Humongous regions: 33->33
[4683.501s][info][gc,metaspace   ] GC(580) Metaspace: 29985K(30144K)->29985K(30144K) NonClass: 29985K(30144K)->29985K(30144K) Class: 0K(0K)->0K(0K)
[4683.501s][info][gc             ] GC(580) Pause Young (Concurrent Start) (G1 Evacuation Pause) 7413M->3103M(8192M) 145.037ms
[4683.501s][info][gc             ] GC(581) Concurrent Mark Cycle
[4683.501s][info][gc,marking     ] GC(581) Concurrent Scan Root Regions
[4683.501s][info][gc,cpu         ] GC(580) User=1.15s Sys=0.00s Real=0.15s
[4683.781s][info][gc,marking     ] GC(581) Concurrent Scan Root Regions 280.243ms
[4683.781s][info][gc,marking     ] GC(581) Concurrent Mark
[4683.781s][info][gc,marking     ] GC(581) Concurrent Mark From Roots
[4683.781s][info][gc,task        ] GC(581) Using 2 workers of 2 for marking
.[4684.655s][info][gc,marking     ] GC(581) Concurrent Mark From Roots 874.007ms
[4684.655s][info][gc,marking     ] GC(581) Concurrent Preclean
[4684.655s][info][gc,marking     ] GC(581) Concurrent Preclean 0.159ms
[4684.656s][info][gc,start       ] GC(581) Pause Remark
[4684.658s][info][gc             ] GC(581) Pause Remark 4295M->3799M(8192M) 2.254ms
[4684.658s][info][gc,cpu         ] GC(581) User=0.01s Sys=0.00s Real=0.01s
[4684.658s][info][gc,marking     ] GC(581) Concurrent Mark 876.817ms
[4684.658s][info][gc,marking     ] GC(581) Concurrent Rebuild Remembered Sets and Scrub Regions
[4685.101s][info][gc,marking     ] GC(581) Concurrent Rebuild Remembered Sets and Scrub Regions 442.911ms
[4685.101s][info][gc,start       ] GC(581) Pause Cleanup
[4685.101s][info][gc             ] GC(581) Pause Cleanup 4228M->4228M(8192M) 0.282ms
[4685.101s][info][gc,cpu         ] GC(581) User=0.00s Sys=0.00s Real=0.00s
[4685.101s][info][gc,marking     ] GC(581) Concurrent Clear Claimed Marks
[4685.101s][info][gc,marking     ] GC(581) Concurrent Clear Claimed Marks 0.046ms
[4685.101s][info][gc,marking     ] GC(581) Concurrent Cleanup for Next Mark
[4685.114s][info][gc,marking     ] GC(581) Concurrent Cleanup for Next Mark 13.047ms
[4685.115s][info][gc             ] GC(581) Concurrent Mark Cycle 1613.708ms
...[4688.020s][info][gc,start       ] GC(582) Pause Young (Prepare Mixed) (G1 Evacuation Pause)
[4688.020s][info][gc,task        ] GC(582) Using 8 workers of 8 for evacuation
[4688.164s][info][gc,phases      ] GC(582)   Pre Evacuate Collection Set: 0.27ms
[4688.164s][info][gc,phases      ] GC(582)   Merge Heap Roots: 0.76ms
[4688.164s][info][gc,phases      ] GC(582)   Evacuate Collection Set: 141.72ms
[4688.164s][info][gc,phases      ] GC(582)   Post Evacuate Collection Set: 1.14ms
[4688.164s][info][gc,phases      ] GC(582)   Other: 0.06ms
[4688.164s][info][gc,heap        ] GC(582) Eden regions: 539->0(572)
[4688.164s][info][gc,heap        ] GC(582) Survivor regions: 43->42(73)
[4688.164s][info][gc,heap        ] GC(582) Old regions: 252->260
[4688.164s][info][gc,heap        ] GC(582) Humongous regions: 33->33
[4688.164s][info][gc,metaspace   ] GC(582) Metaspace: 29985K(30144K)->29985K(30144K) NonClass: 29985K(30144K)->29985K(30144K) Class: 0K(0K)->0K(0K)
[4688.164s][info][gc             ] GC(582) Pause Young (Prepare Mixed) (G1 Evacuation Pause) 6919M->2662M(8192M) 144.079ms
[4688.164s][info][gc,cpu         ] GC(582) User=1.14s Sys=0.01s Real=0.14s
.....[4692.969s][info][gc,start       ] GC(583) Pause Young (Mixed) (G1 Evacuation Pause)
[4692.969s][info][gc,task        ] GC(583) Using 8 workers of 8 for evacuation
[4693.121s][info][gc,phases      ] GC(583)   Pre Evacuate Collection Set: 0.28ms
[4693.121s][info][gc,phases      ] GC(583)   Merge Heap Roots: 0.89ms
[4693.121s][info][gc,phases      ] GC(583)   Evacuate Collection Set: 149.30ms
[4693.121s][info][gc,phases      ] GC(583)   Post Evacuate Collection Set: 1.35ms
[4693.121s][info][gc,phases      ] GC(583)   Other: 0.07ms
[4693.121s][info][gc,heap        ] GC(583) Eden regions: 572->0(572)
[4693.121s][info][gc,heap        ] GC(583) Survivor regions: 42->42(77)
[4693.121s][info][gc,heap        ] GC(583) Old regions: 260->165
[4693.121s][info][gc,heap        ] GC(583) Humongous regions: 33->33
[4693.121s][info][gc,metaspace   ] GC(583) Metaspace: 29985K(30144K)->29985K(30144K) NonClass: 29985K(30144K)->29985K(30144K) Class: 0K(0K)->0K(0K)
[4693.121s][info][gc             ] GC(583) Pause Young (Mixed) (G1 Evacuation Pause) 7238M->1901M(8192M) 152.041ms
[4693.121s][info][gc,cpu         ] GC(583) User=1.20s Sys=0.00s Real=0.15s
.....[4697.841s][info][gc,start       ] GC(584) Pause Young (Mixed) (G1 Evacuation Pause)
[4697.841s][info][gc,task        ] GC(584) Using 8 workers of 8 for evacuation
[4698.000s][info][gc,phases      ] GC(584)   Pre Evacuate Collection Set: 0.25ms
[4698.000s][info][gc,phases      ] GC(584)   Merge Heap Roots: 0.98ms
[4698.000s][info][gc,phases      ] GC(584)   Evacuate Collection Set: 156.86ms
[4698.000s][info][gc,phases      ] GC(584)   Post Evacuate Collection Set: 1.12ms
[4698.000s][info][gc,phases      ] GC(584)   Other: 0.07ms
[4698.000s][info][gc,heap        ] GC(584) Eden regions: 572->0(572)
[4698.001s][info][gc,heap        ] GC(584) Survivor regions: 42->42(77)
[4698.001s][info][gc,heap        ] GC(584) Old regions: 165->143
[4698.001s][info][gc,heap        ] GC(584) Humongous regions: 33->33
[4698.001s][info][gc,metaspace   ] GC(584) Metaspace: 29985K(30144K)->29985K(30144K) NonClass: 29985K(30144K)->29985K(30144K) Class: 0K(0K)->0K(0K)
[4698.001s][info][gc             ] GC(584) Pause Young (Mixed) (G1 Evacuation Pause) 6477M->1721M(8192M) 159.416ms
[4698.001s][info][gc,cpu         ] GC(584) User=1.26s Sys=0.00s Real=0.16s
.....[4702.761s][info][gc,start       ] GC(585) Pause Young (Normal) (G1 Evacuation Pause)
[4702.761s][info][gc,task        ] GC(585) Using 8 workers of 8 for evacuation
[4702.906s][info][gc,phases      ] GC(585)   Pre Evacuate Collection Set: 0.25ms
[4702.906s][info][gc,phases      ] GC(585)   Merge Heap Roots: 0.56ms
[4702.906s][info][gc,phases      ] GC(585)   Evacuate Collection Set: 142.60ms
[4702.906s][info][gc,phases      ] GC(585)   Post Evacuate Collection Set: 1.05ms
[4702.906s][info][gc,phases      ] GC(585)   Other: 0.06ms
[4702.906s][info][gc,heap        ] GC(585) Eden regions: 572->0(571)
[4702.906s][info][gc,heap        ] GC(585) Survivor regions: 42->43(77)
[4702.906s][info][gc,heap        ] GC(585) Old regions: 143->150
[4702.906s][info][gc,heap        ] GC(585) Humongous regions: 33->33
[4702.906s][info][gc,metaspace   ] GC(585) Metaspace: 29985K(30144K)->29985K(30144K) NonClass: 29985K(30144K)->29985K(30144K) Class: 0K(0K)->0K(0K)
[4702.906s][info][gc             ] GC(585) Pause Young (Normal) (G1 Evacuation Pause) 6297M->1788M(8192M) 144.642ms
[4702.906s][info][gc,cpu         ] GC(585) User=1.14s Sys=0.00s Real=0.14s
.....[4707.620s][info][gc,start       ] GC(586) Pause Young (Normal) (G1 Evacuation Pause)
[4707.620s][info][gc,task        ] GC(586) Using 8 workers of 8 for evacuation
[4707.768s][info][gc,phases      ] GC(586)   Pre Evacuate Collection Set: 0.25ms
[4707.768s][info][gc,phases      ] GC(586)   Merge Heap Roots: 0.60ms
[4707.768s][info][gc,phases      ] GC(586)   Evacuate Collection Set: 145.52ms
[4707.768s][info][gc,phases      ] GC(586)   Post Evacuate Collection Set: 1.07ms
[4707.768s][info][gc,phases      ] GC(586)   Other: 0.07ms
[4707.768s][info][gc,heap        ] GC(586) Eden regions: 571->0(571)
[4707.768s][info][gc,heap        ] GC(586) Survivor regions: 43->43(77)
[4707.768s][info][gc,heap        ] GC(586) Old regions: 150->157
[4707.768s][info][gc,heap        ] GC(586) Humongous regions: 33->33
[4707.768s][info][gc,metaspace   ] GC(586) Metaspace: 29985K(30144K)->29985K(30144K) NonClass: 29985K(30144K)->29985K(30144K) Class: 0K(0K)->0K(0K)
[4707.768s][info][gc             ] GC(586) Pause Young (Normal) (G1 Evacuation Pause) 6356M->1845M(8192M) 147.658ms
[4707.768s][info][gc,cpu         ] GC(586) User=1.17s Sys=0.01s Real=0.15s
.....[4712.448s][info][gc,start       ] GC(587) Pause Young (Normal) (G1 Evacuation Pause)
[4712.449s][info][gc,task        ] GC(587) Using 8 workers of 8 for evacuation
[4712.597s][info][gc,phases      ] GC(587)   Pre Evacuate Collection Set: 0.28ms
[4712.597s][info][gc,phases      ] GC(587)   Merge Heap Roots: 0.56ms
[4712.597s][info][gc,phases      ] GC(587)   Evacuate Collection Set: 146.19ms
[4712.597s][info][gc,phases      ] GC(587)   Post Evacuate Collection Set: 1.06ms
[4712.597s][info][gc,phases      ] GC(587)   Other: 0.06ms
[4712.597s][info][gc,heap        ] GC(587) Eden regions: 571->0(571)
[4712.597s][info][gc,heap        ] GC(587) Survivor regions: 43->43(77)
[4712.597s][info][gc,heap        ] GC(587) Old regions: 157->164
[4712.597s][info][gc,heap        ] GC(587) Humongous regions: 33->33
[4712.597s][info][gc,metaspace   ] GC(587) Metaspace: 29985K(30144K)->29985K(30144K) NonClass: 29985K(30144K)->29985K(30144K) Class: 0K(0K)->0K(0K)
[4712.597s][info][gc             ] GC(587) Pause Young (Normal) (G1 Evacuation Pause) 6413M->1901M(8192M) 148.290ms
[4712.597s][info][gc,cpu         ] GC(587) User=1.17s Sys=0.00s Real=0.14s
.....[4717.281s][info][gc,start       ] GC(588) Pause Young (Normal) (G1 Evacuation Pause)
[4717.281s][info][gc,task        ] GC(588) Using 8 workers of 8 for evacuation
[4717.432s][info][gc,phases      ] GC(588)   Pre Evacuate Collection Set: 0.27ms
[4717.432s][info][gc,phases      ] GC(588)   Merge Heap Roots: 0.60ms
[4717.432s][info][gc,phases      ] GC(588)   Evacuate Collection Set: 148.73ms
[4717.432s][info][gc,phases      ] GC(588)   Post Evacuate Collection Set: 1.06ms
[4717.432s][info][gc,phases      ] GC(588)   Other: 0.06ms
[4717.432s][info][gc,heap        ] GC(588) Eden regions: 571->0(571)
[4717.432s][info][gc,heap        ] GC(588) Survivor regions: 43->43(77)
[4717.432s][info][gc,heap        ] GC(588) Old regions: 164->171
[4717.432s][info][gc,heap        ] GC(588) Humongous regions: 33->33
[4717.432s][info][gc,metaspace   ] GC(588) Metaspace: 29985K(30144K)->29985K(30144K) NonClass: 29985K(30144K)->29985K(30144K) Class: 0K(0K)->0K(0K)
[4717.432s][info][gc             ] GC(588) Pause Young (Normal) (G1 Evacuation Pause) 6469M->1963M(8192M) 150.854ms
[4717.432s][info][gc,cpu         ] GC(588) User=1.19s Sys=0.00s Real=0.15s
....[4722.158s][info][gc,start       ] GC(589) Pause Young (Normal) (G1 Evacuation Pause)
[4722.158s][info][gc,task        ] GC(589) Using 8 workers of 8 for evacuation
[4722.308s][info][gc,phases      ] GC(589)   Pre Evacuate Collection Set: 0.25ms
[4722.308s][info][gc,phases      ] GC(589)   Merge Heap Roots: 0.61ms
[4722.308s][info][gc,phases      ] GC(589)   Evacuate Collection Set: 147.83ms
[4722.308s][info][gc,phases      ] GC(589)   Post Evacuate Collection Set: 1.05ms
[4722.308s][info][gc,phases      ] GC(589)   Other: 0.06ms
[4722.308s][info][gc,heap        ] GC(589) Eden regions: 571->0(570)
[4722.308s][info][gc,heap        ] GC(589) Survivor regions: 43->44(77)
[4722.308s][info][gc,heap        ] GC(589) Old regions: 171->179
[4722.308s][info][gc,heap        ] GC(589) Humongous regions: 33->33
[4722.308s][info][gc,metaspace   ] GC(589) Metaspace: 29985K(30144K)->29985K(30144K) NonClass: 29985K(30144K)->29985K(30144K) Class: 0K(0K)->0K(0K)
[4722.308s][info][gc             ] GC(589) Pause Young (Normal) (G1 Evacuation Pause) 6531M->2026M(8192M) 149.934ms
[4722.308s][info][gc,cpu         ] GC(589) User=1.19s Sys=0.00s Real=0.15s
.....[4727.014s][info][gc,start       ] GC(590) Pause Young (Normal) (G1 Evacuation Pause)
[4727.014s][info][gc,task        ] GC(590) Using 8 workers of 8 for evacuation
[4727.161s][info][gc,phases      ] GC(590)   Pre Evacuate Collection Set: 0.26ms
[4727.161s][info][gc,phases      ] GC(590)   Merge Heap Roots: 0.57ms
[4727.161s][info][gc,phases      ] GC(590)   Evacuate Collection Set: 144.70ms
[4727.161s][info][gc,phases      ] GC(590)   Post Evacuate Collection Set: 1.06ms
[4727.161s][info][gc,phases      ] GC(590)   Other: 0.06ms
[4727.161s][info][gc,heap        ] GC(590) Eden regions: 570->0(571)
[4727.161s][info][gc,heap        ] GC(590) Survivor regions: 44->43(77)
[4727.161s][info][gc,heap        ] GC(590) Old regions: 179->186
[4727.161s][info][gc,heap        ] GC(590) Humongous regions: 33->33
[4727.161s][info][gc,metaspace   ] GC(590) Metaspace: 29985K(30144K)->29985K(30144K) NonClass: 29985K(30144K)->29985K(30144K) Class: 0K(0K)->0K(0K)
[4727.161s][info][gc             ] GC(590) Pause Young (Normal) (G1 Evacuation Pause) 6586M->2077M(8192M) 146.787ms
[4727.161s][info][gc,cpu         ] GC(590) User=1.16s Sys=0.00s Real=0.15s
... (rIR:aIR:PR = 7887:7890:7889) (tPR = 116540) [OK] 
  4729s: Performance info:
         Transaction,    Success,    Partial,     Failed,   Receipts, AvgBarcode, 
             Overall,     474342,          0,          0,     450537,      59.47, 
         Response times:
             Request,    Success,    Partial,     Failed,   SkipFail,     Probes,    Samples,      min,      p50,      p90,      p95,      p99,      max, 
       TotalPurchase,     450546,          0,          0,          0,     358320,     483063,      300,     5300,    11700,    30000,    85000,   462000,
     InStorePurchase,     237805,          0,          0,          0,     188916,     254038,      400,     5400,    11700,    30000,    85000,   462000,
      OnlinePurchase,     165291,          0,          0,          0,     131912,     178154,      300,     5300,    11600,    30000,    85000,   462000,
        InstPurchase,      47450,          0,          0,          0,      37492,      50871,      400,     5200,    11700,    28000,    79000,   457000,
          AssocOfCat,        475,          0,          0,          0,        383,        627,    28000,    42000,    69200,   107400,   193440,   216000,
      AssocOfProduct,       4740,          0,          0,          0,       4460,       6254,      800,     5400,    12200,    31000,    85000,   244000,
      BusinessReport,       1185,          0,          0,          0,       1055,       1560,    29000,    48000,    76900,   101000,   188950,   231000,
          CustBuyBeh,       4741,          0,          0,          0,       4438,       6282,      300,     5000,    11770,    34000,    87340,   278000,
       ProductReturn,      12692,          0,          0,          0,       9753,      13384,      200,     5600,    11800,    27000,    87000,   301000,

  4729s: (58%)   IR =   8025 ..[4731.822s][info][gc,start       ] GC(591) Pause Young (Normal) (G1 Evacuation Pause)
[4731.822s][info][gc,task        ] GC(591) Using 8 workers of 8 for evacuation
[4731.978s][info][gc,phases      ] GC(591)   Pre Evacuate Collection Set: 0.26ms
[4731.978s][info][gc,phases      ] GC(591)   Merge Heap Roots: 0.58ms
[4731.978s][info][gc,phases      ] GC(591)   Evacuate Collection Set: 153.57ms
[4731.978s][info][gc,phases      ] GC(591)   Post Evacuate Collection Set: 1.07ms
[4731.978s][info][gc,phases      ] GC(591)   Other: 0.07ms
[4731.978s][info][gc,heap        ] GC(591) Eden regions: 571->0(570)
[4731.978s][info][gc,heap        ] GC(591) Survivor regions: 43->44(77)
[4731.978s][info][gc,heap        ] GC(591) Old regions: 186->193
[4731.978s][info][gc,heap        ] GC(591) Humongous regions: 33->33
[4731.978s][info][gc,metaspace   ] GC(591) Metaspace: 29985K(30144K)->29985K(30144K) NonClass: 29985K(30144K)->29985K(30144K) Class: 0K(0K)->0K(0K)
[4731.978s][info][gc             ] GC(591) Pause Young (Normal) (G1 Evacuation Pause) 6645M->2141M(8192M) 155.681ms
[4731.978s][info][gc,cpu         ] GC(591) User=1.23s Sys=0.00s Real=0.16s
.....|[4736.618s][info][gc,start       ] GC(592) Pause Young (Normal) (G1 Evacuation Pause)
[4736.618s][info][gc,task        ] GC(592) Using 8 workers of 8 for evacuation
[4736.771s][info][gc,phases      ] GC(592)   Pre Evacuate Collection Set: 0.25ms
[4736.772s][info][gc,phases      ] GC(592)   Merge Heap Roots: 0.57ms
[4736.772s][info][gc,phases      ] GC(592)   Evacuate Collection Set: 151.48ms
[4736.772s][info][gc,phases      ] GC(592)   Post Evacuate Collection Set: 1.08ms
[4736.772s][info][gc,phases      ] GC(592)   Other: 0.07ms
[4736.772s][info][gc,heap        ] GC(592) Eden regions: 570->0(570)
[4736.772s][info][gc,heap        ] GC(592) Survivor regions: 44->44(77)
[4736.772s][info][gc,heap        ] GC(592) Old regions: 193->200
[4736.772s][info][gc,heap        ] GC(592) Humongous regions: 33->33
[4736.772s][info][gc,metaspace   ] GC(592) Metaspace: 29985K(30144K)->29985K(30144K) NonClass: 29985K(30144K)->29985K(30144K) Class: 0K(0K)->0K(0K)
[4736.772s][info][gc             ] GC(592) Pause Young (Normal) (G1 Evacuation Pause) 6701M->2201M(8192M) 153.583ms
[4736.772s][info][gc,cpu         ] GC(592) User=1.21s Sys=0.00s Real=0.15s
....[4741.352s][info][gc,start       ] GC(593) Pause Young (Normal) (G1 Evacuation Pause)
[4741.352s][info][gc,task        ] GC(593) Using 8 workers of 8 for evacuation
[4741.501s][info][gc,phases      ] GC(593)   Pre Evacuate Collection Set: 0.27ms
[4741.501s][info][gc,phases      ] GC(593)   Merge Heap Roots: 0.59ms
[4741.501s][info][gc,phases      ] GC(593)   Evacuate Collection Set: 146.85ms
[4741.501s][info][gc,phases      ] GC(593)   Post Evacuate Collection Set: 1.07ms
[4741.501s][info][gc,phases      ] GC(593)   Other: 0.07ms
[4741.501s][info][gc,heap        ] GC(593) Eden regions: 570->0(571)
[4741.501s][info][gc,heap        ] GC(593) Survivor regions: 44->43(77)
[4741.501s][info][gc,heap        ] GC(593) Old regions: 200->207
[4741.501s][info][gc,heap        ] GC(593) Humongous regions: 33->33
[4741.501s][info][gc,metaspace   ] GC(593) Metaspace: 29985K(30144K)->29985K(30144K) NonClass: 29985K(30144K)->29985K(30144K) Class: 0K(0K)->0K(0K)
[4741.501s][info][gc             ] GC(593) Pause Young (Normal) (G1 Evacuation Pause) 6761M->2247M(8192M) 148.994ms
[4741.501s][info][gc,cpu         ] GC(593) User=1.18s Sys=0.00s Real=0.15s
.....[4746.177s][info][gc,start       ] GC(594) Pause Young (Normal) (G1 Evacuation Pause)
[4746.178s][info][gc,task        ] GC(594) Using 8 workers of 8 for evacuation
[4746.330s][info][gc,phases      ] GC(594)   Pre Evacuate Collection Set: 0.30ms
[4746.330s][info][gc,phases      ] GC(594)   Merge Heap Roots: 0.65ms
[4746.330s][info][gc,phases      ] GC(594)   Evacuate Collection Set: 150.46ms
[4746.330s][info][gc,phases      ] GC(594)   Post Evacuate Collection Set: 1.08ms
[4746.330s][info][gc,phases      ] GC(594)   Other: 0.06ms
[4746.330s][info][gc,heap        ] GC(594) Eden regions: 571->0(571)
[4746.330s][info][gc,heap        ] GC(594) Survivor regions: 43->43(77)
[4746.330s][info][gc,heap        ] GC(594) Old regions: 207->215
[4746.330s][info][gc,heap        ] GC(594) Humongous regions: 33->33
[4746.330s][info][gc,metaspace   ] GC(594) Metaspace: 29985K(30144K)->29985K(30144K) NonClass: 29985K(30144K)->29985K(30144K) Class: 0K(0K)->0K(0K)
[4746.330s][info][gc             ] GC(594) Pause Young (Normal) (G1 Evacuation Pause) 6815M->2309M(8192M) 152.702ms
[4746.330s][info][gc,cpu         ] GC(594) User=1.20s Sys=0.00s Real=0.15s
.....[4751.029s][info][gc,start       ] GC(595) Pause Young (Normal) (G1 Evacuation Pause)
[4751.029s][info][gc,task        ] GC(595) Using 8 workers of 8 for evacuation
[4751.177s][info][gc,phases      ] GC(595)   Pre Evacuate Collection Set: 0.24ms
[4751.177s][info][gc,phases      ] GC(595)   Merge Heap Roots: 0.60ms
[4751.177s][info][gc,phases      ] GC(595)   Evacuate Collection Set: 145.38ms
[4751.177s][info][gc,phases      ] GC(595)   Post Evacuate Collection Set: 1.06ms
[4751.177s][info][gc,phases      ] GC(595)   Other: 0.07ms
[4751.177s][info][gc,heap        ] GC(595) Eden regions: 571->0(572)
[4751.177s][info][gc,heap        ] GC(595) Survivor regions: 43->42(77)
[4751.177s][info][gc,heap        ] GC(595) Old regions: 215->221
[4751.177s][info][gc,heap        ] GC(595) Humongous regions: 33->33
[4751.177s][info][gc,metaspace   ] GC(595) Metaspace: 29985K(30144K)->29985K(30144K) NonClass: 29985K(30144K)->29985K(30144K) Class: 0K(0K)->0K(0K)
[4751.177s][info][gc             ] GC(595) Pause Young (Normal) (G1 Evacuation Pause) 6877M->2355M(8192M) 147.478ms
[4751.177s][info][gc,cpu         ] GC(595) User=1.17s Sys=0.00s Real=0.14s
.....[4755.720s][info][gc,start       ] GC(596) Pause Young (Normal) (G1 Evacuation Pause)
[4755.720s][info][gc,task        ] GC(596) Using 8 workers of 8 for evacuation
[4755.864s][info][gc,phases      ] GC(596)   Pre Evacuate Collection Set: 0.25ms
[4755.864s][info][gc,phases      ] GC(596)   Merge Heap Roots: 0.53ms
[4755.864s][info][gc,phases      ] GC(596)   Evacuate Collection Set: 142.27ms
[4755.864s][info][gc,phases      ] GC(596)   Post Evacuate Collection Set: 1.08ms
[4755.864s][info][gc,phases      ] GC(596)   Other: 0.07ms
[4755.864s][info][gc,heap        ] GC(596) Eden regions: 572->0(571)
[4755.864s][info][gc,heap        ] GC(596) Survivor regions: 42->43(77)
[4755.864s][info][gc,heap        ] GC(596) Old regions: 221->229
[4755.864s][info][gc,heap        ] GC(596) Humongous regions: 33->33
[4755.864s][info][gc,metaspace   ] GC(596) Metaspace: 29985K(30144K)->29985K(30144K) NonClass: 29985K(30144K)->29985K(30144K) Class: 0K(0K)->0K(0K)
[4755.864s][info][gc             ] GC(596) Pause Young (Normal) (G1 Evacuation Pause) 6931M->2417M(8192M) 144.362ms
[4755.864s][info][gc,cpu         ] GC(596) User=1.14s Sys=0.00s Real=0.14s
....[4760.471s][info][gc,start       ] GC(597) Pause Young (Normal) (G1 Evacuation Pause)
[4760.471s][info][gc,task        ] GC(597) Using 8 workers of 8 for evacuation
[4760.619s][info][gc,phases      ] GC(597)   Pre Evacuate Collection Set: 0.24ms
[4760.619s][info][gc,phases      ] GC(597)   Merge Heap Roots: 0.57ms
[4760.619s][info][gc,phases      ] GC(597)   Evacuate Collection Set: 145.57ms
[4760.619s][info][gc,phases      ] GC(597)   Post Evacuate Collection Set: 1.07ms
[4760.619s][info][gc,phases      ] GC(597)   Other: 0.06ms
[4760.619s][info][gc,heap        ] GC(597) Eden regions: 571->0(570)
[4760.619s][info][gc,heap        ] GC(597) Survivor regions: 43->44(77)
[4760.619s][info][gc,heap        ] GC(597) Old regions: 229->236
[4760.619s][info][gc,heap        ] GC(597) Humongous regions: 33->33
[4760.619s][info][gc,metaspace   ] GC(597) Metaspace: 29985K(30144K)->29985K(30144K) NonClass: 29985K(30144K)->29985K(30144K) Class: 0K(0K)->0K(0K)
[4760.619s][info][gc             ] GC(597) Pause Young (Normal) (G1 Evacuation Pause) 6985M->2481M(8192M) 147.642ms
[4760.619s][info][gc,cpu         ] GC(597) User=1.17s Sys=0.00s Real=0.15s
.....[4765.159s][info][gc,start       ] GC(598) Pause Young (Normal) (G1 Evacuation Pause)
[4765.159s][info][gc,task        ] GC(598) Using 8 workers of 8 for evacuation
[4765.309s][info][gc,phases      ] GC(598)   Pre Evacuate Collection Set: 0.25ms
[4765.309s][info][gc,phases      ] GC(598)   Merge Heap Roots: 0.57ms
[4765.309s][info][gc,phases      ] GC(598)   Evacuate Collection Set: 148.41ms
[4765.309s][info][gc,phases      ] GC(598)   Post Evacuate Collection Set: 1.07ms
[4765.309s][info][gc,phases      ] GC(598)   Other: 0.07ms
[4765.309s][info][gc,heap        ] GC(598) Eden regions: 570->0(571)
[4765.309s][info][gc,heap        ] GC(598) Survivor regions: 44->43(77)
[4765.309s][info][gc,heap        ] GC(598) Old regions: 236->243
[4765.309s][info][gc,heap        ] GC(598) Humongous regions: 33->33
[4765.309s][info][gc,metaspace   ] GC(598) Metaspace: 29985K(30144K)->29985K(30144K) NonClass: 29985K(30144K)->29985K(30144K) Class: 0K(0K)->0K(0K)
[4765.309s][info][gc             ] GC(598) Pause Young (Normal) (G1 Evacuation Pause) 7041M->2534M(8192M) 150.488ms
[4765.309s][info][gc,cpu         ] GC(598) User=1.19s Sys=0.00s Real=0.15s
.....[4769.953s][info][gc,start       ] GC(599) Pause Young (Normal) (G1 Evacuation Pause)
[4769.953s][info][gc,task        ] GC(599) Using 8 workers of 8 for evacuation
[4770.100s][info][gc,phases      ] GC(599)   Pre Evacuate Collection Set: 0.25ms
[4770.100s][info][gc,phases      ] GC(599)   Merge Heap Roots: 0.57ms
[4770.100s][info][gc,phases      ] GC(599)   Evacuate Collection Set: 144.22ms
[4770.100s][info][gc,phases      ] GC(599)   Post Evacuate Collection Set: 1.08ms
[4770.100s][info][gc,phases      ] GC(599)   Other: 0.06ms
[4770.100s][info][gc,heap        ] GC(599) Eden regions: 571->0(571)
[4770.100s][info][gc,heap        ] GC(599) Survivor regions: 43->43(77)
[4770.100s][info][gc,heap        ] GC(599) Old regions: 243->250
[4770.100s][info][gc,heap        ] GC(599) Humongous regions: 33->33
[4770.100s][info][gc,metaspace   ] GC(599) Metaspace: 29985K(30144K)->29985K(30144K) NonClass: 29985K(30144K)->29985K(30144K) Class: 0K(0K)->0K(0K)
[4770.100s][info][gc             ] GC(599) Pause Young (Normal) (G1 Evacuation Pause) 7102M->2586M(8192M) 146.315ms
[4770.100s][info][gc,cpu         ] GC(599) User=1.15s Sys=0.00s Real=0.15s
.....[4774.723s][info][gc,start       ] GC(600) Pause Young (Normal) (G1 Evacuation Pause)
[4774.723s][info][gc,task        ] GC(600) Using 8 workers of 8 for evacuation
[4774.875s][info][gc,phases      ] GC(600)   Pre Evacuate Collection Set: 0.28ms
[4774.875s][info][gc,phases      ] GC(600)   Merge Heap Roots: 0.57ms
[4774.875s][info][gc,phases      ] GC(600)   Evacuate Collection Set: 149.99ms
[4774.875s][info][gc,phases      ] GC(600)   Post Evacuate Collection Set: 1.08ms
[4774.875s][info][gc,phases      ] GC(600)   Other: 0.06ms
[4774.875s][info][gc,heap        ] GC(600) Eden regions: 571->0(570)
[4774.875s][info][gc,heap        ] GC(600) Survivor regions: 43->44(77)
[4774.875s][info][gc,heap        ] GC(600) Old regions: 250->257
[4774.875s][info][gc,heap        ] GC(600) Humongous regions: 33->33
[4774.875s][info][gc,metaspace   ] GC(600) Metaspace: 29985K(30144K)->29985K(30144K) NonClass: 29985K(30144K)->29985K(30144K) Class: 0K(0K)->0K(0K)
[4774.875s][info][gc             ] GC(600) Pause Young (Normal) (G1 Evacuation Pause) 7154M->2650M(8192M) 152.132ms
[4774.875s][info][gc,cpu         ] GC(600) User=1.20s Sys=0.00s Real=0.15s
....[4779.473s][info][gc,start       ] GC(601) Pause Young (Normal) (G1 Evacuation Pause)
[4779.473s][info][gc,task        ] GC(601) Using 8 workers of 8 for evacuation
[4779.625s][info][gc,phases      ] GC(601)   Pre Evacuate Collection Set: 0.24ms
[4779.625s][info][gc,phases      ] GC(601)   Merge Heap Roots: 0.56ms
[4779.625s][info][gc,phases      ] GC(601)   Evacuate Collection Set: 149.35ms
[4779.625s][info][gc,phases      ] GC(601)   Post Evacuate Collection Set: 1.10ms
[4779.625s][info][gc,phases      ] GC(601)   Other: 0.06ms
[4779.625s][info][gc,heap        ] GC(601) Eden regions: 570->0(570)
[4779.625s][info][gc,heap        ] GC(601) Survivor regions: 44->44(77)
[4779.625s][info][gc,heap        ] GC(601) Old regions: 257->264
[4779.625s][info][gc,heap        ] GC(601) Humongous regions: 33->33
[4779.625s][info][gc,metaspace   ] GC(601) Metaspace: 29985K(30144K)->29985K(30144K) NonClass: 29985K(30144K)->29985K(30144K) Class: 0K(0K)->0K(0K)
[4779.625s][info][gc             ] GC(601) Pause Young (Normal) (G1 Evacuation Pause) 7210M->2706M(8192M) 151.438ms
[4779.625s][info][gc,cpu         ] GC(601) User=1.20s Sys=0.00s Real=0.15s
.....[4784.183s][info][gc,start       ] GC(602) Pause Young (Normal) (G1 Evacuation Pause)
[4784.183s][info][gc,task        ] GC(602) Using 8 workers of 8 for evacuation
[4784.330s][info][gc,phases      ] GC(602)   Pre Evacuate Collection Set: 0.28ms
[4784.330s][info][gc,phases      ] GC(602)   Merge Heap Roots: 0.59ms
[4784.330s][info][gc,phases      ] GC(602)   Evacuate Collection Set: 144.10ms
[4784.330s][info][gc,phases      ] GC(602)   Post Evacuate Collection Set: 1.10ms
[4784.330s][info][gc,phases      ] GC(602)   Other: 0.07ms
[4784.330s][info][gc,heap        ] GC(602) Eden regions: 570->0(572)
[4784.330s][info][gc,heap        ] GC(602) Survivor regions: 44->42(77)
[4784.330s][info][gc,heap        ] GC(602) Old regions: 264->271
[4784.330s][info][gc,heap        ] GC(602) Humongous regions: 33->33
[4784.330s][info][gc,metaspace   ] GC(602) Metaspace: 29985K(30144K)->29985K(30144K) NonClass: 29985K(30144K)->29985K(30144K) Class: 0K(0K)->0K(0K)
[4784.330s][info][gc             ] GC(602) Pause Young (Normal) (G1 Evacuation Pause) 7266M->2749M(8192M) 146.278ms
[4784.330s][info][gc,cpu         ] GC(602) User=1.16s Sys=0.00s Real=0.15s
.....[4788.999s][info][gc,start       ] GC(603) Pause Young (Normal) (G1 Evacuation Pause)
[4788.999s][info][gc,task        ] GC(603) Using 8 workers of 8 for evacuation
[4789.148s][info][gc,phases      ] GC(603)   Pre Evacuate Collection Set: 0.27ms
[4789.148s][info][gc,phases      ] GC(603)   Merge Heap Roots: 0.53ms
[4789.148s][info][gc,phases      ] GC(603)   Evacuate Collection Set: 147.15ms
[4789.148s][info][gc,phases      ] GC(603)   Post Evacuate Collection Set: 1.07ms
[4789.148s][info][gc,phases      ] GC(603)   Other: 0.06ms
[4789.148s][info][gc,heap        ] GC(603) Eden regions: 572->0(570)
[4789.148s][info][gc,heap        ] GC(603) Survivor regions: 42->44(77)
[4789.148s][info][gc,heap        ] GC(603) Old regions: 271->278
[4789.148s][info][gc,heap        ] GC(603) Humongous regions: 33->33
[4789.148s][info][gc,metaspace   ] GC(603) Metaspace: 29985K(30144K)->29985K(30144K) NonClass: 29985K(30144K)->29985K(30144K) Class: 0K(0K)->0K(0K)
[4789.148s][info][gc             ] GC(603) Pause Young (Normal) (G1 Evacuation Pause) 7325M->2823M(8192M) 149.233ms
[4789.148s][info][gc,cpu         ] GC(603) User=1.18s Sys=0.01s Real=0.15s
.....[4793.775s][info][gc,start       ] GC(604) Pause Young (Normal) (G1 Evacuation Pause)
[4793.775s][info][gc,task        ] GC(604) Using 8 workers of 8 for evacuation
[4793.924s][info][gc,phases      ] GC(604)   Pre Evacuate Collection Set: 0.26ms
[4793.924s][info][gc,phases      ] GC(604)   Merge Heap Roots: 0.56ms
[4793.924s][info][gc,phases      ] GC(604)   Evacuate Collection Set: 146.43ms
[4793.924s][info][gc,phases      ] GC(604)   Post Evacuate Collection Set: 1.03ms
[4793.924s][info][gc,phases      ] GC(604)   Other: 0.07ms
[4793.924s][info][gc,heap        ] GC(604) Eden regions: 570->0(568)
[4793.924s][info][gc,heap        ] GC(604) Survivor regions: 44->43(77)
[4793.924s][info][gc,heap        ] GC(604) Old regions: 278->285
[4793.924s][info][gc,heap        ] GC(604) Humongous regions: 33->33
[4793.924s][info][gc,metaspace   ] GC(604) Metaspace: 29985K(30144K)->29985K(30144K) NonClass: 29985K(30144K)->29985K(30144K) Class: 0K(0K)->0K(0K)
[4793.924s][info][gc             ] GC(604) Pause Young (Normal) (G1 Evacuation Pause) 7383M->2871M(8192M) 148.478ms
[4793.924s][info][gc,cpu         ] GC(604) User=1.18s Sys=0.01s Real=0.15s
... (rIR:aIR:PR = 8025:8041:8043) (tPR = 118845) [OK] 
  4796s: Performance info:
         Transaction,    Success,    Partial,     Failed,   Receipts, AvgBarcode, 
             Overall,     484345,          0,          0,     460222,      59.47, 
         Response times:
             Request,    Success,    Partial,     Failed,   SkipFail,     Probes,    Samples,      min,      p50,      p90,      p95,      p99,      max, 
       TotalPurchase,     460204,          0,          0,          0,     360283,     403856,      300,     5400,    11600,    27000,    72000,   441000,
     InStorePurchase,     242037,          0,          0,          0,     189721,     212195,      300,     5400,    11600,    28000,    73000,   441000,
      OnlinePurchase,     169503,          0,          0,          0,     133036,     149223,      300,     5400,    11500,    27000,    71000,   439000,
        InstPurchase,      48664,          0,          0,          0,      37526,      42438,      400,     5500,    11600,    26000,    73000,   435000,
          AssocOfCat,        483,          0,          0,          0,        409,        523,    30000,    43000,    66000,   103000,   190280,   209000,
      AssocOfProduct,       4855,          0,          0,          0,       3456,       4111,      500,     5900,    11800,    30400,    83880,   220000,
      BusinessReport,       1210,          0,          0,          0,       1067,       1319,    28000,    48000,    75000,   122000,   203800,   222000,
          CustBuyBeh,       4815,          0,          0,          0,       3373,       3996,      300,     5600,    11800,    27000,    78030,   436000,
       ProductReturn,      12698,          0,          0,          0,       9928,      11493,      300,     5700,    11500,    27000,    75000,   423000,

  4796s: (59%)   IR =   8164 .[4798.486s][info][gc,start       ] GC(605) Pause Young (Normal) (G1 Evacuation Pause)
[4798.486s][info][gc,task        ] GC(605) Using 8 workers of 8 for evacuation
[4798.635s][info][gc,phases      ] GC(605)   Pre Evacuate Collection Set: 0.28ms
[4798.635s][info][gc,phases      ] GC(605)   Merge Heap Roots: 0.60ms
[4798.635s][info][gc,phases      ] GC(605)   Evacuate Collection Set: 146.92ms
[4798.635s][info][gc,phases      ] GC(605)   Post Evacuate Collection Set: 1.06ms
[4798.635s][info][gc,phases      ] GC(605)   Other: 0.07ms
[4798.635s][info][gc,heap        ] GC(605) Eden regions: 568->0(560)
[4798.635s][info][gc,heap        ] GC(605) Survivor regions: 43->43(77)
[4798.635s][info][gc,heap        ] GC(605) Old regions: 285->293
[4798.635s][info][gc,heap        ] GC(605) Humongous regions: 33->33
[4798.635s][info][gc,metaspace   ] GC(605) Metaspace: 29985K(30144K)->29985K(30144K) NonClass: 29985K(30144K)->29985K(30144K) Class: 0K(0K)->0K(0K)
[4798.635s][info][gc             ] GC(605) Pause Young (Normal) (G1 Evacuation Pause) 7415M->2935M(8192M) 149.075ms
[4798.635s][info][gc,cpu         ] GC(605) User=1.18s Sys=0.00s Real=0.15s
....|.[4803.079s][info][gc,start       ] GC(606) Pause Young (Normal) (G1 Evacuation Pause)
[4803.079s][info][gc,task        ] GC(606) Using 8 workers of 8 for evacuation
[4803.225s][info][gc,phases      ] GC(606)   Pre Evacuate Collection Set: 0.28ms
[4803.225s][info][gc,phases      ] GC(606)   Merge Heap Roots: 0.57ms
[4803.225s][info][gc,phases      ] GC(606)   Evacuate Collection Set: 143.66ms
[4803.225s][info][gc,phases      ] GC(606)   Post Evacuate Collection Set: 1.09ms
[4803.225s][info][gc,phases      ] GC(606)   Other: 0.06ms
[4803.225s][info][gc,heap        ] GC(606) Eden regions: 560->0(553)
[4803.225s][info][gc,heap        ] GC(606) Survivor regions: 43->43(76)
[4803.225s][info][gc,heap        ] GC(606) Old regions: 293->300
[4803.225s][info][gc,heap        ] GC(606) Humongous regions: 33->33
[4803.225s][info][gc,metaspace   ] GC(606) Metaspace: 29985K(30144K)->29985K(30144K) NonClass: 29985K(30144K)->29985K(30144K) Class: 0K(0K)->0K(0K)
[4803.225s][info][gc             ] GC(606) Pause Young (Normal) (G1 Evacuation Pause) 7415M->2989M(8192M) 145.783ms
[4803.225s][info][gc,cpu         ] GC(606) User=1.15s Sys=0.00s Real=0.14s
....[4807.589s][info][gc,start       ] GC(607) Pause Young (Normal) (G1 Evacuation Pause)
[4807.589s][info][gc,task        ] GC(607) Using 8 workers of 8 for evacuation
[4807.736s][info][gc,phases      ] GC(607)   Pre Evacuate Collection Set: 0.27ms
[4807.736s][info][gc,phases      ] GC(607)   Merge Heap Roots: 0.57ms
[4807.736s][info][gc,phases      ] GC(607)   Evacuate Collection Set: 145.12ms
[4807.736s][info][gc,phases      ] GC(607)   Post Evacuate Collection Set: 1.10ms
[4807.736s][info][gc,phases      ] GC(607)   Other: 0.06ms
[4807.736s][info][gc,heap        ] GC(607) Eden regions: 553->0(543)
[4807.736s][info][gc,heap        ] GC(607) Survivor regions: 43->44(75)
[4807.736s][info][gc,heap        ] GC(607) Old regions: 300->308
[4807.736s][info][gc,heap        ] GC(607) Humongous regions: 33->33
[4807.736s][info][gc,metaspace   ] GC(607) Metaspace: 29985K(30144K)->29985K(30144K) NonClass: 29985K(30144K)->29985K(30144K) Class: 0K(0K)->0K(0K)
[4807.736s][info][gc             ] GC(607) Pause Young (Normal) (G1 Evacuation Pause) 7413M->3058M(8192M) 147.280ms
[4807.736s][info][gc,cpu         ] GC(607) User=1.17s Sys=0.00s Real=0.14s
.....[4811.991s][info][gc,start       ] GC(608) Pause Young (Concurrent Start) (G1 Evacuation Pause)
[4811.991s][info][gc,task        ] GC(608) Using 8 workers of 8 for evacuation
[4812.141s][info][gc,phases      ] GC(608)   Pre Evacuate Collection Set: 0.29ms
[4812.141s][info][gc,phases      ] GC(608)   Merge Heap Roots: 0.64ms
[4812.141s][info][gc,phases      ] GC(608)   Evacuate Collection Set: 148.49ms
[4812.141s][info][gc,phases      ] GC(608)   Post Evacuate Collection Set: 1.04ms
[4812.141s][info][gc,phases      ] GC(608)   Other: 0.10ms
[4812.141s][info][gc,heap        ] GC(608) Eden regions: 543->0(538)
[4812.141s][info][gc,heap        ] GC(608) Survivor regions: 44->43(74)
[4812.141s][info][gc,heap        ] GC(608) Old regions: 308->315
[4812.141s][info][gc,heap        ] GC(608) Humongous regions: 33->33
[4812.141s][info][gc,metaspace   ] GC(608) Metaspace: 29985K(30144K)->29985K(30144K) NonClass: 29985K(30144K)->29985K(30144K) Class: 0K(0K)->0K(0K)
[4812.141s][info][gc             ] GC(608) Pause Young (Concurrent Start) (G1 Evacuation Pause) 7402M->3115M(8192M) 150.704ms
[4812.141s][info][gc             ] GC(609) Concurrent Mark Cycle
[4812.141s][info][gc,marking     ] GC(609) Concurrent Scan Root Regions
[4812.141s][info][gc,cpu         ] GC(608) User=1.19s Sys=0.00s Real=0.15s
[4812.444s][info][gc,marking     ] GC(609) Concurrent Scan Root Regions 302.539ms
[4812.444s][info][gc,marking     ] GC(609) Concurrent Mark
[4812.444s][info][gc,marking     ] GC(609) Concurrent Mark From Roots
[4812.444s][info][gc,task        ] GC(609) Using 2 workers of 2 for marking
.[4813.285s][info][gc,marking     ] GC(609) Concurrent Mark From Roots 841.270ms
[4813.285s][info][gc,marking     ] GC(609) Concurrent Preclean
[4813.285s][info][gc,marking     ] GC(609) Concurrent Preclean 0.168ms
[4813.286s][info][gc,start       ] GC(609) Pause Remark
[4813.287s][info][gc             ] GC(609) Pause Remark 4356M->3820M(8192M) 1.693ms
[4813.287s][info][gc,cpu         ] GC(609) User=0.01s Sys=0.00s Real=0.01s
[4813.287s][info][gc,marking     ] GC(609) Concurrent Mark 843.454ms
[4813.287s][info][gc,marking     ] GC(609) Concurrent Rebuild Remembered Sets and Scrub Regions
.[4813.821s][info][gc,marking     ] GC(609) Concurrent Rebuild Remembered Sets and Scrub Regions 534.095ms
[4813.822s][info][gc,start       ] GC(609) Pause Cleanup
[4813.822s][info][gc             ] GC(609) Pause Cleanup 4407M->4407M(8192M) 0.290ms
[4813.822s][info][gc,cpu         ] GC(609) User=0.00s Sys=0.00s Real=0.00s
[4813.822s][info][gc,marking     ] GC(609) Concurrent Clear Claimed Marks
[4813.822s][info][gc,marking     ] GC(609) Concurrent Clear Claimed Marks 0.039ms
[4813.822s][info][gc,marking     ] GC(609) Concurrent Cleanup for Next Mark
[4813.831s][info][gc,marking     ] GC(609) Concurrent Cleanup for Next Mark 9.241ms
[4813.831s][info][gc             ] GC(609) Concurrent Mark Cycle 1690.018ms
..[4816.437s][info][gc,start       ] GC(610) Pause Young (Prepare Mixed) (G1 Evacuation Pause)
[4816.437s][info][gc,task        ] GC(610) Using 8 workers of 8 for evacuation
[4816.587s][info][gc,phases      ] GC(610)   Pre Evacuate Collection Set: 0.26ms
[4816.587s][info][gc,phases      ] GC(610)   Merge Heap Roots: 0.74ms
[4816.587s][info][gc,phases      ] GC(610)   Evacuate Collection Set: 147.30ms
[4816.587s][info][gc,phases      ] GC(610)   Post Evacuate Collection Set: 1.14ms
[4816.587s][info][gc,phases      ] GC(610)   Other: 0.06ms
[4816.587s][info][gc,heap        ] GC(610) Eden regions: 538->0(571)
[4816.587s][info][gc,heap        ] GC(610) Survivor regions: 43->43(73)
[4816.587s][info][gc,heap        ] GC(610) Old regions: 248->256
[4816.587s][info][gc,heap        ] GC(610) Humongous regions: 33->33
[4816.587s][info][gc,metaspace   ] GC(610) Metaspace: 29985K(30144K)->29985K(30144K) NonClass: 29985K(30144K)->29985K(30144K) Class: 0K(0K)->0K(0K)
[4816.587s][info][gc             ] GC(610) Pause Young (Prepare Mixed) (G1 Evacuation Pause) 6883M->2641M(8192M) 149.632ms
[4816.587s][info][gc,cpu         ] GC(610) User=1.19s Sys=0.00s Real=0.15s
.....[4821.095s][info][gc,start       ] GC(611) Pause Young (Mixed) (G1 Evacuation Pause)
[4821.095s][info][gc,task        ] GC(611) Using 8 workers of 8 for evacuation
[4821.249s][info][gc,phases      ] GC(611)   Pre Evacuate Collection Set: 0.28ms
[4821.249s][info][gc,phases      ] GC(611)   Merge Heap Roots: 0.82ms
[4821.249s][info][gc,phases      ] GC(611)   Evacuate Collection Set: 151.08ms
[4821.249s][info][gc,phases      ] GC(611)   Post Evacuate Collection Set: 1.33ms
[4821.249s][info][gc,phases      ] GC(611)   Other: 0.08ms
[4821.249s][info][gc,heap        ] GC(611) Eden regions: 571->0(572)
[4821.249s][info][gc,heap        ] GC(611) Survivor regions: 43->42(77)
[4821.249s][info][gc,heap        ] GC(611) Old regions: 256->161
[4821.249s][info][gc,heap        ] GC(611) Humongous regions: 33->33
[4821.249s][info][gc,metaspace   ] GC(611) Metaspace: 29985K(30144K)->29985K(30144K) NonClass: 29985K(30144K)->29985K(30144K) Class: 0K(0K)->0K(0K)
[4821.249s][info][gc             ] GC(611) Pause Young (Mixed) (G1 Evacuation Pause) 7209M->1868M(8192M) 153.733ms
[4821.249s][info][gc,cpu         ] GC(611) User=1.21s Sys=0.01s Real=0.16s
.....[4825.789s][info][gc,start       ] GC(612) Pause Young (Mixed) (G1 Evacuation Pause)
[4825.789s][info][gc,task        ] GC(612) Using 8 workers of 8 for evacuation
[4825.941s][info][gc,phases      ] GC(612)   Pre Evacuate Collection Set: 0.26ms
[4825.941s][info][gc,phases      ] GC(612)   Merge Heap Roots: 0.88ms
[4825.941s][info][gc,phases      ] GC(612)   Evacuate Collection Set: 149.52ms
[4825.941s][info][gc,phases      ] GC(612)   Post Evacuate Collection Set: 1.12ms
[4825.941s][info][gc,phases      ] GC(612)   Other: 0.07ms
[4825.941s][info][gc,heap        ] GC(612) Eden regions: 572->0(571)
[4825.941s][info][gc,heap        ] GC(612) Survivor regions: 42->43(77)
[4825.941s][info][gc,heap        ] GC(612) Old regions: 161->144
[4825.941s][info][gc,heap        ] GC(612) Humongous regions: 33->33
[4825.941s][info][gc,metaspace   ] GC(612) Metaspace: 29985K(30144K)->29985K(30144K) NonClass: 29985K(30144K)->29985K(30144K) Class: 0K(0K)->0K(0K)
[4825.941s][info][gc             ] GC(612) Pause Young (Mixed) (G1 Evacuation Pause) 6444M->1737M(8192M) 152.003ms
[4825.941s][info][gc,cpu         ] GC(612) User=1.20s Sys=0.00s Real=0.15s
....[4830.467s][info][gc,start       ] GC(613) Pause Young (Normal) (G1 Evacuation Pause)
[4830.467s][info][gc,task        ] GC(613) Using 8 workers of 8 for evacuation
[4830.618s][info][gc,phases      ] GC(613)   Pre Evacuate Collection Set: 0.25ms
[4830.618s][info][gc,phases      ] GC(613)   Merge Heap Roots: 0.63ms
[4830.618s][info][gc,phases      ] GC(613)   Evacuate Collection Set: 148.15ms
[4830.618s][info][gc,phases      ] GC(613)   Post Evacuate Collection Set: 1.04ms
[4830.618s][info][gc,phases      ] GC(613)   Other: 0.07ms
[4830.618s][info][gc,heap        ] GC(613) Eden regions: 571->0(570)
[4830.618s][info][gc,heap        ] GC(613) Survivor regions: 43->44(77)
[4830.618s][info][gc,heap        ] GC(613) Old regions: 144->151
[4830.618s][info][gc,heap        ] GC(613) Humongous regions: 33->33
[4830.618s][info][gc,metaspace   ] GC(613) Metaspace: 29985K(30144K)->29985K(30144K) NonClass: 29985K(30144K)->29985K(30144K) Class: 0K(0K)->0K(0K)
[4830.618s][info][gc             ] GC(613) Pause Young (Normal) (G1 Evacuation Pause) 6305M->1806M(8192M) 150.272ms
[4830.618s][info][gc,cpu         ] GC(613) User=1.19s Sys=0.00s Real=0.15s
.....[4835.176s][info][gc,start       ] GC(614) Pause Young (Normal) (G1 Evacuation Pause)
[4835.176s][info][gc,task        ] GC(614) Using 8 workers of 8 for evacuation
[4835.328s][info][gc,phases      ] GC(614)   Pre Evacuate Collection Set: 0.28ms
[4835.328s][info][gc,phases      ] GC(614)   Merge Heap Roots: 0.69ms
[4835.328s][info][gc,phases      ] GC(614)   Evacuate Collection Set: 149.48ms
[4835.328s][info][gc,phases      ] GC(614)   Post Evacuate Collection Set: 1.04ms
[4835.328s][info][gc,phases      ] GC(614)   Other: 0.07ms
[4835.328s][info][gc,heap        ] GC(614) Eden regions: 570->0(570)
[4835.328s][info][gc,heap        ] GC(614) Survivor regions: 44->44(77)
[4835.328s][info][gc,heap        ] GC(614) Old regions: 151->158
[4835.328s][info][gc,heap        ] GC(614) Humongous regions: 33->33
[4835.328s][info][gc,metaspace   ] GC(614) Metaspace: 29985K(30144K)->29985K(30144K) NonClass: 29985K(30144K)->29985K(30144K) Class: 0K(0K)->0K(0K)
[4835.328s][info][gc             ] GC(614) Pause Young (Normal) (G1 Evacuation Pause) 6366M->1865M(8192M) 151.688ms
[4835.328s][info][gc,cpu         ] GC(614) User=1.20s Sys=0.00s Real=0.16s
.....[4839.870s][info][gc,start       ] GC(615) Pause Young (Normal) (G1 Evacuation Pause)
[4839.870s][info][gc,task        ] GC(615) Using 8 workers of 8 for evacuation
[4840.016s][info][gc,phases      ] GC(615)   Pre Evacuate Collection Set: 0.27ms
[4840.016s][info][gc,phases      ] GC(615)   Merge Heap Roots: 0.55ms
[4840.016s][info][gc,phases      ] GC(615)   Evacuate Collection Set: 143.86ms
[4840.016s][info][gc,phases      ] GC(615)   Post Evacuate Collection Set: 1.05ms
[4840.016s][info][gc,phases      ] GC(615)   Other: 0.06ms
[4840.016s][info][gc,heap        ] GC(615) Eden regions: 570->0(572)
[4840.016s][info][gc,heap        ] GC(615) Survivor regions: 44->42(77)
[4840.016s][info][gc,heap        ] GC(615) Old regions: 158->165
[4840.016s][info][gc,heap        ] GC(615) Humongous regions: 33->33
[4840.016s][info][gc,metaspace   ] GC(615) Metaspace: 29985K(30144K)->29985K(30144K) NonClass: 29985K(30144K)->29985K(30144K) Class: 0K(0K)->0K(0K)
[4840.016s][info][gc             ] GC(615) Pause Young (Normal) (G1 Evacuation Pause) 6425M->1905M(8192M) 145.936ms
[4840.016s][info][gc,cpu         ] GC(615) User=1.16s Sys=0.00s Real=0.14s
....[4844.617s][info][gc,start       ] GC(616) Pause Young (Normal) (G1 Evacuation Pause)
[4844.617s][info][gc,task        ] GC(616) Using 8 workers of 8 for evacuation
[4844.768s][info][gc,phases      ] GC(616)   Pre Evacuate Collection Set: 0.28ms
[4844.768s][info][gc,phases      ] GC(616)   Merge Heap Roots: 0.53ms
[4844.768s][info][gc,phases      ] GC(616)   Evacuate Collection Set: 148.68ms
[4844.768s][info][gc,phases      ] GC(616)   Post Evacuate Collection Set: 1.07ms
[4844.768s][info][gc,phases      ] GC(616)   Other: 0.06ms
[4844.768s][info][gc,heap        ] GC(616) Eden regions: 572->0(570)
[4844.768s][info][gc,heap        ] GC(616) Survivor regions: 42->44(77)
[4844.768s][info][gc,heap        ] GC(616) Old regions: 165->172
[4844.768s][info][gc,heap        ] GC(616) Humongous regions: 33->33
[4844.768s][info][gc,metaspace   ] GC(616) Metaspace: 29985K(30144K)->29985K(30144K) NonClass: 29985K(30144K)->29985K(30144K) Class: 0K(0K)->0K(0K)
[4844.768s][info][gc             ] GC(616) Pause Young (Normal) (G1 Evacuation Pause) 6481M->1975M(8192M) 150.760ms
[4844.768s][info][gc,cpu         ] GC(616) User=1.19s Sys=0.00s Real=0.16s
.....[4849.252s][info][gc,start       ] GC(617) Pause Young (Normal) (G1 Evacuation Pause)
[4849.252s][info][gc,task        ] GC(617) Using 8 workers of 8 for evacuation
[4849.401s][info][gc,phases      ] GC(617)   Pre Evacuate Collection Set: 0.23ms
[4849.401s][info][gc,phases      ] GC(617)   Merge Heap Roots: 0.56ms
[4849.401s][info][gc,phases      ] GC(617)   Evacuate Collection Set: 147.42ms
[4849.401s][info][gc,phases      ] GC(617)   Post Evacuate Collection Set: 1.02ms
[4849.401s][info][gc,phases      ] GC(617)   Other: 0.06ms
[4849.401s][info][gc,heap        ] GC(617) Eden regions: 570->0(571)
[4849.401s][info][gc,heap        ] GC(617) Survivor regions: 44->43(77)
[4849.401s][info][gc,heap        ] GC(617) Old regions: 172->180
[4849.401s][info][gc,heap        ] GC(617) Humongous regions: 33->33
[4849.401s][info][gc,metaspace   ] GC(617) Metaspace: 29985K(30144K)->29985K(30144K) NonClass: 29985K(30144K)->29985K(30144K) Class: 0K(0K)->0K(0K)
[4849.401s][info][gc             ] GC(617) Pause Young (Normal) (G1 Evacuation Pause) 6535M->2029M(8192M) 149.408ms
[4849.401s][info][gc,cpu         ] GC(617) User=1.18s Sys=0.00s Real=0.15s
.....[4853.824s][info][gc,start       ] GC(618) Pause Young (Normal) (G1 Evacuation Pause)
[4853.824s][info][gc,task        ] GC(618) Using 8 workers of 8 for evacuation
[4853.968s][info][gc,phases      ] GC(618)   Pre Evacuate Collection Set: 0.27ms
[4853.968s][info][gc,phases      ] GC(618)   Merge Heap Roots: 0.55ms
[4853.968s][info][gc,phases      ] GC(618)   Evacuate Collection Set: 142.63ms
[4853.968s][info][gc,phases      ] GC(618)   Post Evacuate Collection Set: 1.07ms
[4853.968s][info][gc,phases      ] GC(618)   Other: 0.06ms
[4853.968s][info][gc,heap        ] GC(618) Eden regions: 571->0(572)
[4853.968s][info][gc,heap        ] GC(618) Survivor regions: 43->42(77)
[4853.968s][info][gc,heap        ] GC(618) Old regions: 180->187
[4853.968s][info][gc,heap        ] GC(618) Humongous regions: 33->33
[4853.968s][info][gc,metaspace   ] GC(618) Metaspace: 29985K(30144K)->29985K(30144K) NonClass: 29985K(30144K)->29985K(30144K) Class: 0K(0K)->0K(0K)
[4853.968s][info][gc             ] GC(618) Pause Young (Normal) (G1 Evacuation Pause) 6597M->2079M(8192M) 144.739ms
[4853.968s][info][gc,cpu         ] GC(618) User=1.14s Sys=0.00s Real=0.15s
....[4858.509s][info][gc,start       ] GC(619) Pause Young (Normal) (G1 Evacuation Pause)
[4858.509s][info][gc,task        ] GC(619) Using 8 workers of 8 for evacuation
[4858.660s][info][gc,phases      ] GC(619)   Pre Evacuate Collection Set: 0.25ms
[4858.660s][info][gc,phases      ] GC(619)   Merge Heap Roots: 0.54ms
[4858.660s][info][gc,phases      ] GC(619)   Evacuate Collection Set: 149.56ms
[4858.660s][info][gc,phases      ] GC(619)   Post Evacuate Collection Set: 1.09ms
[4858.660s][info][gc,phases      ] GC(619)   Other: 0.06ms
[4858.660s][info][gc,heap        ] GC(619) Eden regions: 572->0(570)
[4858.660s][info][gc,heap        ] GC(619) Survivor regions: 42->44(77)
[4858.660s][info][gc,heap        ] GC(619) Old regions: 187->194
[4858.660s][info][gc,heap        ] GC(619) Humongous regions: 33->33
[4858.660s][info][gc,metaspace   ] GC(619) Metaspace: 29985K(30144K)->29985K(30144K) NonClass: 29985K(30144K)->29985K(30144K) Class: 0K(0K)->0K(0K)
[4858.660s][info][gc             ] GC(619) Pause Young (Normal) (G1 Evacuation Pause) 6655M->2147M(8192M) 151.634ms
[4858.661s][info][gc,cpu         ] GC(619) User=1.20s Sys=0.00s Real=0.15s
.... (rIR:aIR:PR = 8164:8204:8203) (tPR = 123046) [OK] 
  4861s: Performance info:
         Transaction,    Success,    Partial,     Failed,   Receipts, AvgBarcode, 
             Overall,     492438,          0,          0,     467867,      59.48, 
         Response times:
             Request,    Success,    Partial,     Failed,   SkipFail,     Probes,    Samples,      min,      p50,      p90,      p95,      p99,      max, 
       TotalPurchase,     467911,          0,          0,          0,     359437,     391851,      300,     5500,    12500,    37000,    93000,   368000,
     InStorePurchase,     245517,          0,          0,          0,     188382,     205543,      300,     5500,    12600,    38000,    93000,   366000,
      OnlinePurchase,     173673,          0,          0,          0,     132711,     144368,      400,     5500,    12500,    36000,    93000,   368000,
        InstPurchase,      48721,          0,          0,          0,      38344,      41940,      500,     5300,    12500,    37000,    91000,   368000,
          AssocOfCat,        489,          0,          0,          0,        407,        522,    29000,    41000,    65700,    80000,   155160,   220000,
      AssocOfProduct,       4869,          0,          0,          0,       3445,       3979,      700,     5500,    13100,    29000,    79400,   179000,
      BusinessReport,       1224,          0,          0,          0,       1087,       1316,    30000,    47500,    72000,    95150,   197980,   276000,
          CustBuyBeh,       4895,          0,          0,          0,       3472,       4005,      200,     5300,    11900,    39000,    91940,   365000,
       ProductReturn,      13099,          0,          0,          0,      10190,      11383,      200,     5400,    12900,    34000,    92160,   289000,

  4861s: (60%)   IR =   8302 .[4863.227s][info][gc,start       ] GC(620) Pause Young (Normal) (G1 Evacuation Pause)
[4863.227s][info][gc,task        ] GC(620) Using 8 workers of 8 for evacuation
[4863.375s][info][gc,phases      ] GC(620)   Pre Evacuate Collection Set: 0.24ms
[4863.375s][info][gc,phases      ] GC(620)   Merge Heap Roots: 0.64ms
[4863.375s][info][gc,phases      ] GC(620)   Evacuate Collection Set: 146.68ms
[4863.375s][info][gc,phases      ] GC(620)   Post Evacuate Collection Set: 1.05ms
[4863.375s][info][gc,phases      ] GC(620)   Other: 0.08ms
[4863.375s][info][gc,heap        ] GC(620) Eden regions: 570->0(571)
[4863.375s][info][gc,heap        ] GC(620) Survivor regions: 44->43(77)
[4863.375s][info][gc,heap        ] GC(620) Old regions: 194->201
[4863.375s][info][gc,heap        ] GC(620) Humongous regions: 33->33
[4863.375s][info][gc,metaspace   ] GC(620) Metaspace: 29985K(30144K)->29985K(30144K) NonClass: 29985K(30144K)->29985K(30144K) Class: 0K(0K)->0K(0K)
[4863.375s][info][gc             ] GC(620) Pause Young (Normal) (G1 Evacuation Pause) 6707M->2198M(8192M) 148.817ms
[4863.375s][info][gc,cpu         ] GC(620) User=1.17s Sys=0.00s Real=0.15s
.....[4867.960s][info][gc,start       ] GC(621) Pause Young (Normal) (G1 Evacuation Pause)
[4867.960s][info][gc,task        ] GC(621) Using 8 workers of 8 for evacuation
[4868.110s][info][gc,phases      ] GC(621)   Pre Evacuate Collection Set: 0.25ms
[4868.110s][info][gc,phases      ] GC(621)   Merge Heap Roots: 0.58ms
[4868.110s][info][gc,phases      ] GC(621)   Evacuate Collection Set: 148.15ms
[4868.110s][info][gc,phases      ] GC(621)   Post Evacuate Collection Set: 1.04ms
[4868.110s][info][gc,phases      ] GC(621)   Other: 0.06ms
[4868.110s][info][gc,heap        ] GC(621) Eden regions: 571->0(570)
[4868.110s][info][gc,heap        ] GC(621) Survivor regions: 43->44(77)
[4868.110s][info][gc,heap        ] GC(621) Old regions: 201->208
[4868.110s][info][gc,heap        ] GC(621) Humongous regions: 33->33
[4868.110s][info][gc,metaspace   ] GC(621) Metaspace: 29985K(30144K)->29985K(30144K) NonClass: 29985K(30144K)->29985K(30144K) Class: 0K(0K)->0K(0K)
[4868.110s][info][gc             ] GC(621) Pause Young (Normal) (G1 Evacuation Pause) 6766M->2263M(8192M) 150.229ms
[4868.110s][info][gc,cpu         ] GC(621) User=1.19s Sys=0.00s Real=0.15s
...|.[4872.451s][info][gc,start       ] GC(622) Pause Young (Normal) (G1 Evacuation Pause)
[4872.451s][info][gc,task        ] GC(622) Using 8 workers of 8 for evacuation
[4872.600s][info][gc,phases      ] GC(622)   Pre Evacuate Collection Set: 0.25ms
[4872.600s][info][gc,phases      ] GC(622)   Merge Heap Roots: 0.54ms
[4872.600s][info][gc,phases      ] GC(622)   Evacuate Collection Set: 147.59ms
[4872.600s][info][gc,phases      ] GC(622)   Post Evacuate Collection Set: 1.08ms
[4872.601s][info][gc,phases      ] GC(622)   Other: 0.06ms
[4872.601s][info][gc,heap        ] GC(622) Eden regions: 570->0(571)
[4872.601s][info][gc,heap        ] GC(622) Survivor regions: 44->43(77)
[4872.601s][info][gc,heap        ] GC(622) Old regions: 208->215
[4872.601s][info][gc,heap        ] GC(622) Humongous regions: 33->33
[4872.601s][info][gc,metaspace   ] GC(622) Metaspace: 29985K(30144K)->29985K(30144K) NonClass: 29985K(30144K)->29985K(30144K) Class: 0K(0K)->0K(0K)
[4872.601s][info][gc             ] GC(622) Pause Young (Normal) (G1 Evacuation Pause) 6823M->2314M(8192M) 149.629ms
[4872.601s][info][gc,cpu         ] GC(622) User=1.18s Sys=0.00s Real=0.15s
.....[4877.018s][info][gc,start       ] GC(623) Pause Young (Normal) (G1 Evacuation Pause)
[4877.018s][info][gc,task        ] GC(623) Using 8 workers of 8 for evacuation
[4877.166s][info][gc,phases      ] GC(623)   Pre Evacuate Collection Set: 0.26ms
[4877.166s][info][gc,phases      ] GC(623)   Merge Heap Roots: 0.56ms
[4877.166s][info][gc,phases      ] GC(623)   Evacuate Collection Set: 145.93ms
[4877.166s][info][gc,phases      ] GC(623)   Post Evacuate Collection Set: 1.11ms
[4877.166s][info][gc,phases      ] GC(623)   Other: 0.06ms
[4877.166s][info][gc,heap        ] GC(623) Eden regions: 571->0(570)
[4877.166s][info][gc,heap        ] GC(623) Survivor regions: 43->44(77)
[4877.166s][info][gc,heap        ] GC(623) Old regions: 215->222
[4877.166s][info][gc,heap        ] GC(623) Humongous regions: 33->33
[4877.166s][info][gc,metaspace   ] GC(623) Metaspace: 29985K(30144K)->29985K(30144K) NonClass: 29985K(30144K)->29985K(30144K) Class: 0K(0K)->0K(0K)
[4877.166s][info][gc             ] GC(623) Pause Young (Normal) (G1 Evacuation Pause) 6882M->2374M(8192M) 148.059ms
[4877.166s][info][gc,cpu         ] GC(623) User=1.17s Sys=0.00s Real=0.14s
....[4881.683s][info][gc,start       ] GC(624) Pause Young (Normal) (G1 Evacuation Pause)
[4881.683s][info][gc,task        ] GC(624) Using 8 workers of 8 for evacuation
[4881.829s][info][gc,phases      ] GC(624)   Pre Evacuate Collection Set: 0.28ms
[4881.829s][info][gc,phases      ] GC(624)   Merge Heap Roots: 0.66ms
[4881.829s][info][gc,phases      ] GC(624)   Evacuate Collection Set: 144.14ms
[4881.829s][info][gc,phases      ] GC(624)   Post Evacuate Collection Set: 1.05ms
[4881.829s][info][gc,phases      ] GC(624)   Other: 0.06ms
[4881.829s][info][gc,heap        ] GC(624) Eden regions: 570->0(571)
[4881.829s][info][gc,heap        ] GC(624) Survivor regions: 44->43(77)
[4881.829s][info][gc,heap        ] GC(624) Old regions: 222->229
[4881.829s][info][gc,heap        ] GC(624) Humongous regions: 33->33
[4881.829s][info][gc,metaspace   ] GC(624) Metaspace: 29985K(30144K)->29985K(30144K) NonClass: 29985K(30144K)->29985K(30144K) Class: 0K(0K)->0K(0K)
[4881.829s][info][gc             ] GC(624) Pause Young (Normal) (G1 Evacuation Pause) 6934M->2423M(8192M) 146.332ms
[4881.829s][info][gc,cpu         ] GC(624) User=1.15s Sys=0.00s Real=0.15s
.....[4886.395s][info][gc,start       ] GC(625) Pause Young (Normal) (G1 Evacuation Pause)
[4886.395s][info][gc,task        ] GC(625) Using 8 workers of 8 for evacuation
[4886.545s][info][gc,phases      ] GC(625)   Pre Evacuate Collection Set: 0.24ms
[4886.545s][info][gc,phases      ] GC(625)   Merge Heap Roots: 0.55ms
[4886.545s][info][gc,phases      ] GC(625)   Evacuate Collection Set: 147.89ms
[4886.545s][info][gc,phases      ] GC(625)   Post Evacuate Collection Set: 1.05ms
[4886.545s][info][gc,phases      ] GC(625)   Other: 0.07ms
[4886.545s][info][gc,heap        ] GC(625) Eden regions: 571->0(571)
[4886.545s][info][gc,heap        ] GC(625) Survivor regions: 43->43(77)
[4886.545s][info][gc,heap        ] GC(625) Old regions: 229->236
[4886.545s][info][gc,heap        ] GC(625) Humongous regions: 33->33
[4886.545s][info][gc,metaspace   ] GC(625) Metaspace: 29985K(30144K)->29985K(30144K) NonClass: 29985K(30144K)->29985K(30144K) Class: 0K(0K)->0K(0K)
[4886.545s][info][gc             ] GC(625) Pause Young (Normal) (G1 Evacuation Pause) 6991M->2483M(8192M) 149.928ms
[4886.545s][info][gc,cpu         ] GC(625) User=1.19s Sys=0.00s Real=0.15s
.....[4890.944s][info][gc,start       ] GC(626) Pause Young (Normal) (G1 Evacuation Pause)
[4890.944s][info][gc,task        ] GC(626) Using 8 workers of 8 for evacuation
[4891.098s][info][gc,phases      ] GC(626)   Pre Evacuate Collection Set: 0.26ms
[4891.098s][info][gc,phases      ] GC(626)   Merge Heap Roots: 0.55ms
[4891.098s][info][gc,phases      ] GC(626)   Evacuate Collection Set: 151.24ms
[4891.098s][info][gc,phases      ] GC(626)   Post Evacuate Collection Set: 1.07ms
[4891.098s][info][gc,phases      ] GC(626)   Other: 0.07ms
[4891.098s][info][gc,heap        ] GC(626) Eden regions: 571->0(570)
[4891.098s][info][gc,heap        ] GC(626) Survivor regions: 43->44(77)
[4891.098s][info][gc,heap        ] GC(626) Old regions: 236->244
[4891.098s][info][gc,heap        ] GC(626) Humongous regions: 33->33
[4891.098s][info][gc,metaspace   ] GC(626) Metaspace: 29985K(30144K)->29985K(30144K) NonClass: 29985K(30144K)->29985K(30144K) Class: 0K(0K)->0K(0K)
[4891.098s][info][gc             ] GC(626) Pause Young (Normal) (G1 Evacuation Pause) 7051M->2547M(8192M) 153.330ms
[4891.098s][info][gc,cpu         ] GC(626) User=1.21s Sys=0.00s Real=0.16s
....[4895.680s][info][gc,start       ] GC(627) Pause Young (Normal) (G1 Evacuation Pause)
[4895.680s][info][gc,task        ] GC(627) Using 8 workers of 8 for evacuation
[4895.825s][info][gc,phases      ] GC(627)   Pre Evacuate Collection Set: 0.25ms
[4895.825s][info][gc,phases      ] GC(627)   Merge Heap Roots: 0.54ms
[4895.825s][info][gc,phases      ] GC(627)   Evacuate Collection Set: 143.41ms
[4895.825s][info][gc,phases      ] GC(627)   Post Evacuate Collection Set: 1.05ms
[4895.825s][info][gc,phases      ] GC(627)   Other: 0.06ms
[4895.825s][info][gc,heap        ] GC(627) Eden regions: 570->0(571)
[4895.825s][info][gc,heap        ] GC(627) Survivor regions: 44->43(77)
[4895.825s][info][gc,heap        ] GC(627) Old regions: 244->251
[4895.825s][info][gc,heap        ] GC(627) Humongous regions: 33->33
[4895.825s][info][gc,metaspace   ] GC(627) Metaspace: 29985K(30144K)->29985K(30144K) NonClass: 29985K(30144K)->29985K(30144K) Class: 0K(0K)->0K(0K)
[4895.825s][info][gc             ] GC(627) Pause Young (Normal) (G1 Evacuation Pause) 7107M->2602M(8192M) 145.450ms
[4895.825s][info][gc,cpu         ] GC(627) User=1.15s Sys=0.00s Real=0.14s
.....[4900.294s][info][gc,start       ] GC(628) Pause Young (Normal) (G1 Evacuation Pause)
[4900.294s][info][gc,task        ] GC(628) Using 8 workers of 8 for evacuation
[4900.449s][info][gc,phases      ] GC(628)   Pre Evacuate Collection Set: 0.24ms
[4900.449s][info][gc,phases      ] GC(628)   Merge Heap Roots: 0.57ms
[4900.449s][info][gc,phases      ] GC(628)   Evacuate Collection Set: 152.62ms
[4900.449s][info][gc,phases      ] GC(628)   Post Evacuate Collection Set: 1.05ms
[4900.449s][info][gc,phases      ] GC(628)   Other: 0.06ms
[4900.449s][info][gc,heap        ] GC(628) Eden regions: 571->0(570)
[4900.449s][info][gc,heap        ] GC(628) Survivor regions: 43->44(77)
[4900.449s][info][gc,heap        ] GC(628) Old regions: 251->259
[4900.449s][info][gc,heap        ] GC(628) Humongous regions: 33->33
[4900.449s][info][gc,metaspace   ] GC(628) Metaspace: 29985K(30144K)->29985K(30144K) NonClass: 29985K(30144K)->29985K(30144K) Class: 0K(0K)->0K(0K)
[4900.449s][info][gc             ] GC(628) Pause Young (Normal) (G1 Evacuation Pause) 7170M->2667M(8192M) 154.702ms
[4900.449s][info][gc,cpu         ] GC(628) User=1.23s Sys=0.00s Real=0.16s
....[4904.870s][info][gc,start       ] GC(629) Pause Young (Normal) (G1 Evacuation Pause)
[4904.870s][info][gc,task        ] GC(629) Using 8 workers of 8 for evacuation
[4905.017s][info][gc,phases      ] GC(629)   Pre Evacuate Collection Set: 0.28ms
[4905.017s][info][gc,phases      ] GC(629)   Merge Heap Roots: 0.58ms
[4905.017s][info][gc,phases      ] GC(629)   Evacuate Collection Set: 145.49ms
[4905.017s][info][gc,phases      ] GC(629)   Post Evacuate Collection Set: 1.08ms
[4905.017s][info][gc,phases      ] GC(629)   Other: 0.07ms
[4905.017s][info][gc,heap        ] GC(629) Eden regions: 570->0(571)
[4905.017s][info][gc,heap        ] GC(629) Survivor regions: 44->43(77)
[4905.018s][info][gc,heap        ] GC(629) Old regions: 259->266
[4905.018s][info][gc,heap        ] GC(629) Humongous regions: 33->33
[4905.018s][info][gc,metaspace   ] GC(629) Metaspace: 29985K(30144K)->29985K(30144K) NonClass: 29985K(30144K)->29985K(30144K) Class: 0K(0K)->0K(0K)
[4905.018s][info][gc             ] GC(629) Pause Young (Normal) (G1 Evacuation Pause) 7227M->2719M(8192M) 147.641ms
[4905.018s][info][gc,cpu         ] GC(629) User=1.17s Sys=0.00s Real=0.15s
.....[4909.562s][info][gc,start       ] GC(630) Pause Young (Normal) (G1 Evacuation Pause)
[4909.562s][info][gc,task        ] GC(630) Using 8 workers of 8 for evacuation
[4909.711s][info][gc,phases      ] GC(630)   Pre Evacuate Collection Set: 0.27ms
[4909.711s][info][gc,phases      ] GC(630)   Merge Heap Roots: 0.55ms
[4909.711s][info][gc,phases      ] GC(630)   Evacuate Collection Set: 146.80ms
[4909.711s][info][gc,phases      ] GC(630)   Post Evacuate Collection Set: 1.07ms
[4909.711s][info][gc,phases      ] GC(630)   Other: 0.06ms
[4909.711s][info][gc,heap        ] GC(630) Eden regions: 571->0(570)
[4909.711s][info][gc,heap        ] GC(630) Survivor regions: 43->44(77)
[4909.711s][info][gc,heap        ] GC(630) Old regions: 266->273
[4909.711s][info][gc,heap        ] GC(630) Humongous regions: 33->33
[4909.711s][info][gc,metaspace   ] GC(630) Metaspace: 29985K(30144K)->29985K(30144K) NonClass: 29985K(30144K)->29985K(30144K) Class: 0K(0K)->0K(0K)
[4909.711s][info][gc             ] GC(630) Pause Young (Normal) (G1 Evacuation Pause) 7287M->2779M(8192M) 148.875ms
[4909.711s][info][gc,cpu         ] GC(630) User=1.18s Sys=0.00s Real=0.15s
.....[4914.120s][info][gc,start       ] GC(631) Pause Young (Normal) (G1 Evacuation Pause)
[4914.120s][info][gc,task        ] GC(631) Using 8 workers of 8 for evacuation
[4914.269s][info][gc,phases      ] GC(631)   Pre Evacuate Collection Set: 0.25ms
[4914.269s][info][gc,phases      ] GC(631)   Merge Heap Roots: 0.57ms
[4914.269s][info][gc,phases      ] GC(631)   Evacuate Collection Set: 147.13ms
[4914.269s][info][gc,phases      ] GC(631)   Post Evacuate Collection Set: 1.07ms
[4914.269s][info][gc,phases      ] GC(631)   Other: 0.06ms
[4914.269s][info][gc,heap        ] GC(631) Eden regions: 570->0(571)
[4914.269s][info][gc,heap        ] GC(631) Survivor regions: 44->43(77)
[4914.269s][info][gc,heap        ] GC(631) Old regions: 273->280
[4914.269s][info][gc,heap        ] GC(631) Humongous regions: 33->33
[4914.269s][info][gc,metaspace   ] GC(631) Metaspace: 29985K(30144K)->29985K(30144K) NonClass: 29985K(30144K)->29985K(30144K) Class: 0K(0K)->0K(0K)
[4914.269s][info][gc             ] GC(631) Pause Young (Normal) (G1 Evacuation Pause) 7339M->2834M(8192M) 149.211ms
[4914.269s][info][gc,cpu         ] GC(631) User=1.17s Sys=0.00s Real=0.15s
....[4918.724s][info][gc,start       ] GC(632) Pause Young (Normal) (G1 Evacuation Pause)
[4918.724s][info][gc,task        ] GC(632) Using 8 workers of 8 for evacuation
[4918.876s][info][gc,phases      ] GC(632)   Pre Evacuate Collection Set: 0.24ms
[4918.876s][info][gc,phases      ] GC(632)   Merge Heap Roots: 0.56ms
[4918.876s][info][gc,phases      ] GC(632)   Evacuate Collection Set: 150.51ms
[4918.876s][info][gc,phases      ] GC(632)   Post Evacuate Collection Set: 1.05ms
[4918.876s][info][gc,phases      ] GC(632)   Other: 0.07ms
[4918.876s][info][gc,heap        ] GC(632) Eden regions: 571->0(565)
[4918.876s][info][gc,heap        ] GC(632) Survivor regions: 43->43(77)
[4918.876s][info][gc,heap        ] GC(632) Old regions: 280->288
[4918.876s][info][gc,heap        ] GC(632) Humongous regions: 33->33
[4918.876s][info][gc,metaspace   ] GC(632) Metaspace: 29985K(30144K)->29985K(30144K) NonClass: 29985K(30144K)->29985K(30144K) Class: 0K(0K)->0K(0K)
[4918.876s][info][gc             ] GC(632) Pause Young (Normal) (G1 Evacuation Pause) 7402M->2894M(8192M) 152.573ms
[4918.876s][info][gc,cpu         ] GC(632) User=1.21s Sys=0.00s Real=0.15s
.....[4923.377s][info][gc,start       ] GC(633) Pause Young (Normal) (G1 Evacuation Pause)
[4923.377s][info][gc,task        ] GC(633) Using 8 workers of 8 for evacuation
[4923.527s][info][gc,phases      ] GC(633)   Pre Evacuate Collection Set: 0.27ms
[4923.527s][info][gc,phases      ] GC(633)   Merge Heap Roots: 0.56ms
[4923.527s][info][gc,phases      ] GC(633)   Evacuate Collection Set: 147.83ms
[4923.527s][info][gc,phases      ] GC(633)   Post Evacuate Collection Set: 1.03ms
[4923.527s][info][gc,phases      ] GC(633)   Other: 0.07ms
[4923.527s][info][gc,heap        ] GC(633) Eden regions: 565->0(558)
[4923.527s][info][gc,heap        ] GC(633) Survivor regions: 43->43(76)
[4923.527s][info][gc,heap        ] GC(633) Old regions: 288->295
[4923.527s][info][gc,heap        ] GC(633) Humongous regions: 33->33
[4923.527s][info][gc,metaspace   ] GC(633) Metaspace: 29985K(30144K)->29985K(30144K) NonClass: 29985K(30144K)->29985K(30144K) Class: 0K(0K)->0K(0K)
[4923.527s][info][gc             ] GC(633) Pause Young (Normal) (G1 Evacuation Pause) 7414M->2953M(8192M) 149.883ms
[4923.527s][info][gc,cpu         ] GC(633) User=1.19s Sys=0.00s Real=0.14s
....[4927.863s][info][gc,start       ] GC(634) Pause Young (Normal) (G1 Evacuation Pause)
[4927.863s][info][gc,task        ] GC(634) Using 8 workers of 8 for evacuation
[4928.011s][info][gc,phases      ] GC(634)   Pre Evacuate Collection Set: 0.24ms
[4928.011s][info][gc,phases      ] GC(634)   Merge Heap Roots: 0.58ms
[4928.011s][info][gc,phases      ] GC(634)   Evacuate Collection Set: 146.58ms
[4928.011s][info][gc,phases      ] GC(634)   Post Evacuate Collection Set: 1.08ms
[4928.011s][info][gc,phases      ] GC(634)   Other: 0.06ms
[4928.011s][info][gc,heap        ] GC(634) Eden regions: 558->0(550)
[4928.011s][info][gc,heap        ] GC(634) Survivor regions: 43->43(76)
[4928.011s][info][gc,heap        ] GC(634) Old regions: 295->303
[4928.011s][info][gc,heap        ] GC(634) Humongous regions: 33->33
[4928.011s][info][gc,metaspace   ] GC(634) Metaspace: 29985K(30144K)->29985K(30144K) NonClass: 29985K(30144K)->29985K(30144K) Class: 0K(0K)->0K(0K)
[4928.011s][info][gc             ] GC(634) Pause Young (Normal) (G1 Evacuation Pause) 7417M->3013M(8192M) 148.675ms
[4928.011s][info][gc,cpu         ] GC(634) User=1.18s Sys=0.00s Real=0.15s
.... (rIR:aIR:PR = 8302:8265:8265) (tPR = 123034) [OK] 
  4930s: Performance info:
         Transaction,    Success,    Partial,     Failed,   Receipts, AvgBarcode, 
             Overall,     497258,          0,          0,     472184,      59.47, 
         Response times:
             Request,    Success,    Partial,     Failed,   SkipFail,     Probes,    Samples,      min,      p50,      p90,      p95,      p99,      max, 
       TotalPurchase,     472184,          0,          0,          0,     357989,     416705,      300,     5400,    12500,    33000,    92000,   438000,
     InStorePurchase,     247305,          0,          0,          0,     188124,     218660,      300,     5400,    12500,    32000,    92000,   438000,
      OnlinePurchase,     175175,          0,          0,          0,     131766,     153525,      400,     5500,    12500,    34000,    91000,   437000,
        InstPurchase,      49704,          0,          0,          0,      38099,      44520,      400,     5500,    12700,    35000,   104000,   419000,
          AssocOfCat,        501,          0,          0,          0,        417,        565,    27000,    42000,    68000,    98800,   205680,   212000,
      AssocOfProduct,       5019,          0,          0,          0,       3483,       4239,      700,     6500,    14200,    46000,   101600,   233000,
      BusinessReport,       1251,          0,          0,          0,       1106,       1393,    27000,    47000,    73000,   112000,   211060,   225000,
          CustBuyBeh,       5051,          0,          0,          0,       3499,       4340,      300,     4600,    11600,    41000,    92000,   173000,
       ProductReturn,      13252,          0,          0,          0,       9275,      11119,      200,     5400,    12600,    35000,    86800,   436000,

  4930s: (61%)   IR =   8441 .[4932.372s][info][gc,start       ] GC(635) Pause Young (Normal) (G1 Evacuation Pause)
[4932.372s][info][gc,task        ] GC(635) Using 8 workers of 8 for evacuation
[4932.523s][info][gc,phases      ] GC(635)   Pre Evacuate Collection Set: 0.24ms
[4932.523s][info][gc,phases      ] GC(635)   Merge Heap Roots: 0.57ms
[4932.523s][info][gc,phases      ] GC(635)   Evacuate Collection Set: 149.41ms
[4932.523s][info][gc,phases      ] GC(635)   Post Evacuate Collection Set: 1.10ms
[4932.523s][info][gc,phases      ] GC(635)   Other: 0.06ms
[4932.523s][info][gc,heap        ] GC(635) Eden regions: 550->0(543)
[4932.523s][info][gc,heap        ] GC(635) Survivor regions: 43->43(75)
[4932.523s][info][gc,heap        ] GC(635) Old regions: 303->310
[4932.523s][info][gc,heap        ] GC(635) Humongous regions: 33->33
[4932.523s][info][gc,metaspace   ] GC(635) Metaspace: 29985K(30144K)->29985K(30144K) NonClass: 29985K(30144K)->29985K(30144K) Class: 0K(0K)->0K(0K)
[4932.523s][info][gc             ] GC(635) Pause Young (Normal) (G1 Evacuation Pause) 7413M->3074M(8192M) 151.504ms
[4932.523s][info][gc,cpu         ] GC(635) User=1.20s Sys=0.01s Real=0.15s
....[4936.628s][info][gc,start       ] GC(636) Pause Young (Concurrent Start) (G1 Evacuation Pause)
[4936.628s][info][gc,task        ] GC(636) Using 8 workers of 8 for evacuation
[4936.779s][info][gc,phases      ] GC(636)   Pre Evacuate Collection Set: 0.29ms
[4936.779s][info][gc,phases      ] GC(636)   Merge Heap Roots: 0.55ms
[4936.779s][info][gc,phases      ] GC(636)   Evacuate Collection Set: 149.62ms
[4936.779s][info][gc,phases      ] GC(636)   Post Evacuate Collection Set: 1.06ms
[4936.779s][info][gc,phases      ] GC(636)   Other: 0.10ms
[4936.779s][info][gc,heap        ] GC(636) Eden regions: 543->0(533)
[4936.779s][info][gc,heap        ] GC(636) Survivor regions: 43->44(74)
[4936.779s][info][gc,heap        ] GC(636) Old regions: 310->318
[4936.779s][info][gc,heap        ] GC(636) Humongous regions: 33->33
[4936.779s][info][gc,metaspace   ] GC(636) Metaspace: 29985K(30144K)->29985K(30144K) NonClass: 29985K(30144K)->29985K(30144K) Class: 0K(0K)->0K(0K)
[4936.779s][info][gc             ] GC(636) Pause Young (Concurrent Start) (G1 Evacuation Pause) 7418M->3137M(8192M) 151.753ms
[4936.779s][info][gc             ] GC(637) Concurrent Mark Cycle
[4936.779s][info][gc,marking     ] GC(637) Concurrent Scan Root Regions
[4936.779s][info][gc,cpu         ] GC(636) User=1.20s Sys=0.00s Real=0.15s
[4937.041s][info][gc,marking     ] GC(637) Concurrent Scan Root Regions 261.780ms
[4937.041s][info][gc,marking     ] GC(637) Concurrent Mark
[4937.041s][info][gc,marking     ] GC(637) Concurrent Mark From Roots
[4937.041s][info][gc,task        ] GC(637) Using 2 workers of 2 for marking
.[4938.002s][info][gc,marking     ] GC(637) Concurrent Mark From Roots 960.797ms
[4938.002s][info][gc,marking     ] GC(637) Concurrent Preclean
[4938.002s][info][gc,marking     ] GC(637) Concurrent Preclean 0.111ms
[4938.002s][info][gc,start       ] GC(637) Pause Remark
[4938.005s][info][gc             ] GC(637) Pause Remark 4525M->4013M(8192M) 3.017ms
[4938.006s][info][gc,cpu         ] GC(637) User=0.02s Sys=0.00s Real=0.00s
[4938.006s][info][gc,marking     ] GC(637) Concurrent Mark 964.276ms
[4938.006s][info][gc,marking     ] GC(637) Concurrent Rebuild Remembered Sets and Scrub Regions
.[4938.451s][info][gc,marking     ] GC(637) Concurrent Rebuild Remembered Sets and Scrub Regions 445.141ms
[4938.451s][info][gc,start       ] GC(637) Pause Cleanup
[4938.451s][info][gc             ] GC(637) Pause Cleanup 4457M->4457M(8192M) 0.294ms
[4938.451s][info][gc,cpu         ] GC(637) User=0.00s Sys=0.00s Real=0.00s
[4938.451s][info][gc,marking     ] GC(637) Concurrent Clear Claimed Marks
[4938.451s][info][gc,marking     ] GC(637) Concurrent Clear Claimed Marks 0.053ms
[4938.451s][info][gc,marking     ] GC(637) Concurrent Cleanup for Next Mark
[4938.462s][info][gc,marking     ] GC(637) Concurrent Cleanup for Next Mark 10.581ms
[4938.462s][info][gc             ] GC(637) Concurrent Mark Cycle 1682.579ms
..[4940.857s][info][gc,start       ] GC(638) Pause Young (Prepare Mixed) (G1 Evacuation Pause)
[4940.857s][info][gc,task        ] GC(638) Using 8 workers of 8 for evacuation
[4941.005s][info][gc,phases      ] GC(638)   Pre Evacuate Collection Set: 0.27ms
[4941.005s][info][gc,phases      ] GC(638)   Merge Heap Roots: 0.75ms
[4941.005s][info][gc,phases      ] GC(638)   Evacuate Collection Set: 145.65ms
[4941.005s][info][gc,phases      ] GC(638)   Post Evacuate Collection Set: 1.15ms
[4941.005s][info][gc,phases      ] GC(638)   Other: 0.07ms
[4941.005s][info][gc,heap        ] GC(638) Eden regions: 533->0(571)
[4941.005s][info][gc,heap        ] GC(638) Survivor regions: 44->43(73)
[4941.005s][info][gc,heap        ] GC(638) Old regions: 254->261
[4941.005s][info][gc,heap        ] GC(638) Humongous regions: 33->33
[4941.005s][info][gc,metaspace   ] GC(638) Metaspace: 29986K(30144K)->29986K(30144K) NonClass: 29986K(30144K)->29986K(30144K) Class: 0K(0K)->0K(0K)
[4941.005s][info][gc             ] GC(638) Pause Young (Prepare Mixed) (G1 Evacuation Pause) 6889M->2682M(8192M) 148.017ms
[4941.005s][info][gc,cpu         ] GC(638) User=1.18s Sys=0.00s Real=0.15s
..|...[4945.465s][info][gc,start       ] GC(639) Pause Young (Mixed) (G1 Evacuation Pause)
[4945.465s][info][gc,task        ] GC(639) Using 8 workers of 8 for evacuation
[4945.616s][info][gc,phases      ] GC(639)   Pre Evacuate Collection Set: 0.30ms
[4945.616s][info][gc,phases      ] GC(639)   Merge Heap Roots: 0.82ms
[4945.616s][info][gc,phases      ] GC(639)   Evacuate Collection Set: 148.98ms
[4945.616s][info][gc,phases      ] GC(639)   Post Evacuate Collection Set: 1.27ms
[4945.616s][info][gc,phases      ] GC(639)   Other: 0.08ms
[4945.616s][info][gc,heap        ] GC(639) Eden regions: 571->0(572)
[4945.616s][info][gc,heap        ] GC(639) Survivor regions: 43->42(77)
[4945.616s][info][gc,heap        ] GC(639) Old regions: 261->166
[4945.616s][info][gc,heap        ] GC(639) Humongous regions: 33->33
[4945.616s][info][gc,metaspace   ] GC(639) Metaspace: 29986K(30144K)->29986K(30144K) NonClass: 29986K(30144K)->29986K(30144K) Class: 0K(0K)->0K(0K)
[4945.616s][info][gc             ] GC(639) Pause Young (Mixed) (G1 Evacuation Pause) 7250M->1915M(8192M) 151.575ms
[4945.616s][info][gc,cpu         ] GC(639) User=1.20s Sys=0.00s Real=0.15s
....[4950.038s][info][gc,start       ] GC(640) Pause Young (Mixed) (G1 Evacuation Pause)
[4950.038s][info][gc,task        ] GC(640) Using 8 workers of 8 for evacuation
[4950.191s][info][gc,phases      ] GC(640)   Pre Evacuate Collection Set: 0.26ms
[4950.191s][info][gc,phases      ] GC(640)   Merge Heap Roots: 0.90ms
[4950.191s][info][gc,phases      ] GC(640)   Evacuate Collection Set: 150.99ms
[4950.191s][info][gc,phases      ] GC(640)   Post Evacuate Collection Set: 1.09ms
[4950.191s][info][gc,phases      ] GC(640)   Other: 0.07ms
[4950.191s][info][gc,heap        ] GC(640) Eden regions: 572->0(572)
[4950.191s][info][gc,heap        ] GC(640) Survivor regions: 42->42(77)
[4950.191s][info][gc,heap        ] GC(640) Old regions: 166->143
[4950.191s][info][gc,heap        ] GC(640) Humongous regions: 33->33
[4950.191s][info][gc,metaspace   ] GC(640) Metaspace: 29986K(30144K)->29986K(30144K) NonClass: 29986K(30144K)->29986K(30144K) Class: 0K(0K)->0K(0K)
[4950.191s][info][gc             ] GC(640) Pause Young (Mixed) (G1 Evacuation Pause) 6491M->1728M(8192M) 153.449ms
[4950.191s][info][gc,cpu         ] GC(640) User=1.21s Sys=0.00s Real=0.15s
.....[4954.513s][info][gc,start       ] GC(641) Pause Young (Normal) (G1 Evacuation Pause)
[4954.513s][info][gc,task        ] GC(641) Using 8 workers of 8 for evacuation
[4954.660s][info][gc,phases      ] GC(641)   Pre Evacuate Collection Set: 0.26ms
[4954.660s][info][gc,phases      ] GC(641)   Merge Heap Roots: 0.52ms
[4954.660s][info][gc,phases      ] GC(641)   Evacuate Collection Set: 145.42ms
[4954.660s][info][gc,phases      ] GC(641)   Post Evacuate Collection Set: 1.08ms
[4954.660s][info][gc,phases      ] GC(641)   Other: 0.06ms
[4954.660s][info][gc,heap        ] GC(641) Eden regions: 572->0(570)
[4954.660s][info][gc,heap        ] GC(641) Survivor regions: 42->44(77)
[4954.660s][info][gc,heap        ] GC(641) Old regions: 143->150
[4954.660s][info][gc,heap        ] GC(641) Humongous regions: 33->33
[4954.660s][info][gc,metaspace   ] GC(641) Metaspace: 29986K(30144K)->29986K(30144K) NonClass: 29986K(30144K)->29986K(30144K) Class: 0K(0K)->0K(0K)
[4954.660s][info][gc             ] GC(641) Pause Young (Normal) (G1 Evacuation Pause) 6304M->1798M(8192M) 147.479ms
[4954.660s][info][gc,cpu         ] GC(641) User=1.17s Sys=0.00s Real=0.15s
....[4959.122s][info][gc,start       ] GC(642) Pause Young (Normal) (G1 Evacuation Pause)
[4959.122s][info][gc,task        ] GC(642) Using 8 workers of 8 for evacuation
[4959.271s][info][gc,phases      ] GC(642)   Pre Evacuate Collection Set: 0.28ms
[4959.271s][info][gc,phases      ] GC(642)   Merge Heap Roots: 0.56ms
[4959.271s][info][gc,phases      ] GC(642)   Evacuate Collection Set: 147.32ms
[4959.271s][info][gc,phases      ] GC(642)   Post Evacuate Collection Set: 1.06ms
[4959.271s][info][gc,phases      ] GC(642)   Other: 0.06ms
[4959.272s][info][gc,heap        ] GC(642) Eden regions: 570->0(570)
[4959.272s][info][gc,heap        ] GC(642) Survivor regions: 44->44(77)
[4959.272s][info][gc,heap        ] GC(642) Old regions: 150->157
[4959.272s][info][gc,heap        ] GC(642) Humongous regions: 33->33
[4959.272s][info][gc,metaspace   ] GC(642) Metaspace: 29986K(30144K)->29986K(30144K) NonClass: 29986K(30144K)->29986K(30144K) Class: 0K(0K)->0K(0K)
[4959.272s][info][gc             ] GC(642) Pause Young (Normal) (G1 Evacuation Pause) 6358M->1853M(8192M) 149.417ms
[4959.272s][info][gc,cpu         ] GC(642) User=1.18s Sys=0.00s Real=0.15s
.....[4963.632s][info][gc,start       ] GC(643) Pause Young (Normal) (G1 Evacuation Pause)
[4963.632s][info][gc,task        ] GC(643) Using 8 workers of 8 for evacuation
[4963.789s][info][gc,phases      ] GC(643)   Pre Evacuate Collection Set: 0.24ms
[4963.789s][info][gc,phases      ] GC(643)   Merge Heap Roots: 0.56ms
[4963.789s][info][gc,phases      ] GC(643)   Evacuate Collection Set: 154.74ms
[4963.789s][info][gc,phases      ] GC(643)   Post Evacuate Collection Set: 1.05ms
[4963.789s][info][gc,phases      ] GC(643)   Other: 0.06ms
[4963.789s][info][gc,heap        ] GC(643) Eden regions: 570->0(569)
[4963.789s][info][gc,heap        ] GC(643) Survivor regions: 44->45(77)
[4963.789s][info][gc,heap        ] GC(643) Old regions: 157->164
[4963.789s][info][gc,heap        ] GC(643) Humongous regions: 33->33
[4963.789s][info][gc,metaspace   ] GC(643) Metaspace: 29986K(30144K)->29986K(30144K) NonClass: 29986K(30144K)->29986K(30144K) Class: 0K(0K)->0K(0K)
[4963.789s][info][gc             ] GC(643) Pause Young (Normal) (G1 Evacuation Pause) 6413M->1923M(8192M) 156.769ms
[4963.789s][info][gc,cpu         ] GC(643) User=1.24s Sys=0.00s Real=0.16s
....[4968.210s][info][gc,start       ] GC(644) Pause Young (Normal) (G1 Evacuation Pause)
[4968.210s][info][gc,task        ] GC(644) Using 8 workers of 8 for evacuation
[4968.358s][info][gc,phases      ] GC(644)   Pre Evacuate Collection Set: 0.24ms
[4968.358s][info][gc,phases      ] GC(644)   Merge Heap Roots: 0.57ms
[4968.358s][info][gc,phases      ] GC(644)   Evacuate Collection Set: 146.82ms
[4968.358s][info][gc,phases      ] GC(644)   Post Evacuate Collection Set: 1.06ms
[4968.358s][info][gc,phases      ] GC(644)   Other: 0.08ms
[4968.358s][info][gc,heap        ] GC(644) Eden regions: 569->0(571)
[4968.358s][info][gc,heap        ] GC(644) Survivor regions: 45->43(77)
[4968.358s][info][gc,heap        ] GC(644) Old regions: 164->172
[4968.358s][info][gc,heap        ] GC(644) Humongous regions: 33->33
[4968.358s][info][gc,metaspace   ] GC(644) Metaspace: 29986K(30144K)->29986K(30144K) NonClass: 29986K(30144K)->29986K(30144K) Class: 0K(0K)->0K(0K)
[4968.358s][info][gc             ] GC(644) Pause Young (Normal) (G1 Evacuation Pause) 6475M->1965M(8192M) 148.903ms
[4968.359s][info][gc,cpu         ] GC(644) User=1.18s Sys=0.00s Real=0.15s
.....[4972.837s][info][gc,start       ] GC(645) Pause Young (Normal) (G1 Evacuation Pause)
[4972.837s][info][gc,task        ] GC(645) Using 8 workers of 8 for evacuation
[4972.983s][info][gc,phases      ] GC(645)   Pre Evacuate Collection Set: 0.25ms
[4972.983s][info][gc,phases      ] GC(645)   Merge Heap Roots: 0.55ms
[4972.983s][info][gc,phases      ] GC(645)   Evacuate Collection Set: 144.41ms
[4972.983s][info][gc,phases      ] GC(645)   Post Evacuate Collection Set: 1.06ms
[4972.983s][info][gc,phases      ] GC(645)   Other: 0.06ms
[4972.983s][info][gc,heap        ] GC(645) Eden regions: 571->0(571)
[4972.983s][info][gc,heap        ] GC(645) Survivor regions: 43->43(77)
[4972.983s][info][gc,heap        ] GC(645) Old regions: 172->179
[4972.983s][info][gc,heap        ] GC(645) Humongous regions: 33->33
[4972.983s][info][gc,metaspace   ] GC(645) Metaspace: 29986K(30144K)->29986K(30144K) NonClass: 29986K(30144K)->29986K(30144K) Class: 0K(0K)->0K(0K)
[4972.983s][info][gc             ] GC(645) Pause Young (Normal) (G1 Evacuation Pause) 6533M->2019M(8192M) 146.482ms
[4972.984s][info][gc,cpu         ] GC(645) User=1.16s Sys=0.00s Real=0.15s
....[4977.362s][info][gc,start       ] GC(646) Pause Young (Normal) (G1 Evacuation Pause)
[4977.363s][info][gc,task        ] GC(646) Using 8 workers of 8 for evacuation
[4977.512s][info][gc,phases      ] GC(646)   Pre Evacuate Collection Set: 0.24ms
[4977.512s][info][gc,phases      ] GC(646)   Merge Heap Roots: 0.56ms
[4977.512s][info][gc,phases      ] GC(646)   Evacuate Collection Set: 147.88ms
[4977.512s][info][gc,phases      ] GC(646)   Post Evacuate Collection Set: 1.08ms
[4977.512s][info][gc,phases      ] GC(646)   Other: 0.06ms
[4977.512s][info][gc,heap        ] GC(646) Eden regions: 571->0(571)
[4977.512s][info][gc,heap        ] GC(646) Survivor regions: 43->43(77)
[4977.512s][info][gc,heap        ] GC(646) Old regions: 179->186
[4977.512s][info][gc,heap        ] GC(646) Humongous regions: 33->33
[4977.512s][info][gc,metaspace   ] GC(646) Metaspace: 29986K(30144K)->29986K(30144K) NonClass: 29986K(30144K)->29986K(30144K) Class: 0K(0K)->0K(0K)
[4977.512s][info][gc             ] GC(646) Pause Young (Normal) (G1 Evacuation Pause) 6587M->2082M(8192M) 149.955ms
[4977.512s][info][gc,cpu         ] GC(646) User=1.19s Sys=0.00s Real=0.15s
.....[4981.898s][info][gc,start       ] GC(647) Pause Young (Normal) (G1 Evacuation Pause)
[4981.898s][info][gc,task        ] GC(647) Using 8 workers of 8 for evacuation
[4982.050s][info][gc,phases      ] GC(647)   Pre Evacuate Collection Set: 0.24ms
[4982.050s][info][gc,phases      ] GC(647)   Merge Heap Roots: 0.56ms
[4982.050s][info][gc,phases      ] GC(647)   Evacuate Collection Set: 149.34ms
[4982.050s][info][gc,phases      ] GC(647)   Post Evacuate Collection Set: 1.08ms
[4982.050s][info][gc,phases      ] GC(647)   Other: 0.08ms
[4982.050s][info][gc,heap        ] GC(647) Eden regions: 571->0(570)
[4982.050s][info][gc,heap        ] GC(647) Survivor regions: 43->44(77)
[4982.050s][info][gc,heap        ] GC(647) Old regions: 186->193
[4982.050s][info][gc,heap        ] GC(647) Humongous regions: 33->33
[4982.050s][info][gc,metaspace   ] GC(647) Metaspace: 29986K(30144K)->29986K(30144K) NonClass: 29986K(30144K)->29986K(30144K) Class: 0K(0K)->0K(0K)
[4982.050s][info][gc             ] GC(647) Pause Young (Normal) (G1 Evacuation Pause) 6650M->2143M(8192M) 151.432ms
[4982.050s][info][gc,cpu         ] GC(647) User=1.20s Sys=0.01s Real=0.15s
....[4986.453s][info][gc,start       ] GC(648) Pause Young (Normal) (G1 Evacuation Pause)
[4986.453s][info][gc,task        ] GC(648) Using 8 workers of 8 for evacuation
[4986.601s][info][gc,phases      ] GC(648)   Pre Evacuate Collection Set: 0.26ms
[4986.601s][info][gc,phases      ] GC(648)   Merge Heap Roots: 0.56ms
[4986.601s][info][gc,phases      ] GC(648)   Evacuate Collection Set: 146.30ms
[4986.601s][info][gc,phases      ] GC(648)   Post Evacuate Collection Set: 1.08ms
[4986.601s][info][gc,phases      ] GC(648)   Other: 0.06ms
[4986.601s][info][gc,heap        ] GC(648) Eden regions: 570->0(571)
[4986.601s][info][gc,heap        ] GC(648) Survivor regions: 44->43(77)
[4986.601s][info][gc,heap        ] GC(648) Old regions: 193->201
[4986.601s][info][gc,heap        ] GC(648) Humongous regions: 33->33
[4986.601s][info][gc,metaspace   ] GC(648) Metaspace: 29986K(30144K)->29986K(30144K) NonClass: 29986K(30144K)->29986K(30144K) Class: 0K(0K)->0K(0K)
[4986.601s][info][gc             ] GC(648) Pause Young (Normal) (G1 Evacuation Pause) 6703M->2197M(8192M) 148.401ms
[4986.601s][info][gc,cpu         ] GC(648) User=1.17s Sys=0.00s Real=0.15s
.....[4990.965s][info][gc,start       ] GC(649) Pause Young (Normal) (G1 Evacuation Pause)
[4990.965s][info][gc,task        ] GC(649) Using 8 workers of 8 for evacuation
[4991.111s][info][gc,phases      ] GC(649)   Pre Evacuate Collection Set: 0.25ms
[4991.111s][info][gc,phases      ] GC(649)   Merge Heap Roots: 0.56ms
[4991.111s][info][gc,phases      ] GC(649)   Evacuate Collection Set: 144.79ms
[4991.111s][info][gc,phases      ] GC(649)   Post Evacuate Collection Set: 1.06ms
[4991.112s][info][gc,phases      ] GC(649)   Other: 0.06ms
[4991.112s][info][gc,heap        ] GC(649) Eden regions: 571->0(571)
[4991.112s][info][gc,heap        ] GC(649) Survivor regions: 43->43(77)
[4991.112s][info][gc,heap        ] GC(649) Old regions: 201->208
[4991.112s][info][gc,heap        ] GC(649) Humongous regions: 33->33
[4991.112s][info][gc,metaspace   ] GC(649) Metaspace: 29986K(30144K)->29986K(30144K) NonClass: 29986K(30144K)->29986K(30144K) Class: 0K(0K)->0K(0K)
[4991.112s][info][gc             ] GC(649) Pause Young (Normal) (G1 Evacuation Pause) 6765M->2250M(8192M) 146.839ms
[4991.112s][info][gc,cpu         ] GC(649) User=1.17s Sys=0.00s Real=0.15s
....[4995.554s][info][gc,start       ] GC(650) Pause Young (Normal) (G1 Evacuation Pause)
[4995.554s][info][gc,task        ] GC(650) Using 8 workers of 8 for evacuation
[4995.706s][info][gc,phases      ] GC(650)   Pre Evacuate Collection Set: 0.25ms
[4995.706s][info][gc,phases      ] GC(650)   Merge Heap Roots: 0.56ms
[4995.706s][info][gc,phases      ] GC(650)   Evacuate Collection Set: 149.83ms
[4995.706s][info][gc,phases      ] GC(650)   Post Evacuate Collection Set: 1.05ms
[4995.706s][info][gc,phases      ] GC(650)   Other: 0.06ms
[4995.706s][info][gc,heap        ] GC(650) Eden regions: 571->0(571)
[4995.706s][info][gc,heap        ] GC(650) Survivor regions: 43->43(77)
[4995.706s][info][gc,heap        ] GC(650) Old regions: 208->215
[4995.706s][info][gc,heap        ] GC(650) Humongous regions: 33->33
[4995.706s][info][gc,metaspace   ] GC(650) Metaspace: 29986K(30144K)->29986K(30144K) NonClass: 29986K(30144K)->29986K(30144K) Class: 0K(0K)->0K(0K)
[4995.706s][info][gc             ] GC(650) Pause Young (Normal) (G1 Evacuation Pause) 6818M->2311M(8192M) 151.906ms
[4995.706s][info][gc,cpu         ] GC(650) User=1.20s Sys=0.00s Real=0.15s
.....[5000.061s][info][gc,start       ] GC(651) Pause Young (Normal) (G1 Evacuation Pause)
[5000.061s][info][gc,task        ] GC(651) Using 8 workers of 8 for evacuation
[5000.211s][info][gc,phases      ] GC(651)   Pre Evacuate Collection Set: 0.30ms
[5000.211s][info][gc,phases      ] GC(651)   Merge Heap Roots: 0.67ms
[5000.211s][info][gc,phases      ] GC(651)   Evacuate Collection Set: 147.54ms
[5000.211s][info][gc,phases      ] GC(651)   Post Evacuate Collection Set: 1.04ms
[5000.211s][info][gc,phases      ] GC(651)   Other: 0.06ms
[5000.211s][info][gc,heap        ] GC(651) Eden regions: 571->0(570)
[5000.211s][info][gc,heap        ] GC(651) Survivor regions: 43->44(77)
[5000.211s][info][gc,heap        ] GC(651) Old regions: 215->222
[5000.211s][info][gc,heap        ] GC(651) Humongous regions: 33->33
[5000.211s][info][gc,metaspace   ] GC(651) Metaspace: 29986K(30144K)->29986K(30144K) NonClass: 29986K(30144K)->29986K(30144K) Class: 0K(0K)->0K(0K)
[5000.211s][info][gc             ] GC(651) Pause Young (Normal) (G1 Evacuation Pause) 6879M->2371M(8192M) 149.758ms
[5000.211s][info][gc,cpu         ] GC(651) User=1.19s Sys=0.00s Real=0.15s
... (rIR:aIR:PR = 8441:8410:8410) (tPR = 125181) [OK] 
  5002s: Performance info:
         Transaction,    Success,    Partial,     Failed,   Receipts, AvgBarcode, 
             Overall,     509327,          0,          0,     483807,      59.48, 
         Response times:
             Request,    Success,    Partial,     Failed,   SkipFail,     Probes,    Samples,      min,      p50,      p90,      p95,      p99,      max, 
       TotalPurchase,     483815,          0,          0,          0,     361078,     430143,      300,     5800,    14700,    40000,   109000,   581000,
     InStorePurchase,     253366,          0,          0,          0,     189702,     225545,      300,     5700,    14700,    41000,   106000,   580000,
      OnlinePurchase,     179023,          0,          0,          0,     133560,     159128,      400,     5900,    14800,    40000,   110000,   581000,
        InstPurchase,      51426,          0,          0,          0,      37816,      45470,      500,     6000,    14900,    40000,   112000,   514000,
          AssocOfCat,        508,          0,          0,          0,        420,        581,    27000,    46000,    76800,   137900,   208360,   324000,
      AssocOfProduct,       5109,          0,          0,          0,       3651,       4575,      800,     6300,    14700,    39200,   106480,   398000,
      BusinessReport,       1272,          0,          0,          0,       1140,       1527,    25000,    49000,    79000,   125000,   220720,   300000,
          CustBuyBeh,       5107,          0,          0,          0,       3653,       4524,      700,     6400,    14650,    46000,   128000,   412000,
       ProductReturn,      13551,          0,          0,          0,       9352,      11507,      200,     5000,    14300,    37000,   104000,   515000,

  5002s: (62%)   IR =   8579 .[5004.495s][info][gc,start       ] GC(652) Pause Young (Normal) (G1 Evacuation Pause)
[5004.495s][info][gc,task        ] GC(652) Using 8 workers of 8 for evacuation
[5004.645s][info][gc,phases      ] GC(652)   Pre Evacuate Collection Set: 0.24ms
[5004.645s][info][gc,phases      ] GC(652)   Merge Heap Roots: 0.55ms
[5004.645s][info][gc,phases      ] GC(652)   Evacuate Collection Set: 147.95ms
[5004.645s][info][gc,phases      ] GC(652)   Post Evacuate Collection Set: 1.11ms
[5004.645s][info][gc,phases      ] GC(652)   Other: 0.06ms
[5004.645s][info][gc,heap        ] GC(652) Eden regions: 570->0(571)
[5004.645s][info][gc,heap        ] GC(652) Survivor regions: 44->43(77)
[5004.645s][info][gc,heap        ] GC(652) Old regions: 222->229
[5004.645s][info][gc,heap        ] GC(652) Humongous regions: 33->33
[5004.645s][info][gc,metaspace   ] GC(652) Metaspace: 29987K(30144K)->29987K(30144K) NonClass: 29987K(30144K)->29987K(30144K) Class: 0K(0K)->0K(0K)
[5004.645s][info][gc             ] GC(652) Pause Young (Normal) (G1 Evacuation Pause) 6931M->2423M(8192M) 150.041ms
[5004.645s][info][gc,cpu         ] GC(652) User=1.18s Sys=0.00s Real=0.15s
....|.[5008.967s][info][gc,start       ] GC(653) Pause Young (Normal) (G1 Evacuation Pause)
[5008.967s][info][gc,task        ] GC(653) Using 8 workers of 8 for evacuation
[5009.112s][info][gc,phases      ] GC(653)   Pre Evacuate Collection Set: 0.28ms
[5009.112s][info][gc,phases      ] GC(653)   Merge Heap Roots: 0.57ms
[5009.112s][info][gc,phases      ] GC(653)   Evacuate Collection Set: 143.82ms
[5009.112s][info][gc,phases      ] GC(653)   Post Evacuate Collection Set: 1.09ms
[5009.112s][info][gc,phases      ] GC(653)   Other: 0.06ms
[5009.112s][info][gc,heap        ] GC(653) Eden regions: 571->0(571)
[5009.112s][info][gc,heap        ] GC(653) Survivor regions: 43->43(77)
[5009.112s][info][gc,heap        ] GC(653) Old regions: 229->236
[5009.112s][info][gc,heap        ] GC(653) Humongous regions: 33->33
[5009.112s][info][gc,metaspace   ] GC(653) Metaspace: 29987K(30144K)->29987K(30144K) NonClass: 29987K(30144K)->29987K(30144K) Class: 0K(0K)->0K(0K)
[5009.113s][info][gc             ] GC(653) Pause Young (Normal) (G1 Evacuation Pause) 6991M->2479M(8192M) 145.949ms
[5009.113s][info][gc,cpu         ] GC(653) User=1.15s Sys=0.00s Real=0.15s
....[5013.415s][info][gc,start       ] GC(654) Pause Young (Normal) (G1 Evacuation Pause)
[5013.415s][info][gc,task        ] GC(654) Using 8 workers of 8 for evacuation
[5013.562s][info][gc,phases      ] GC(654)   Pre Evacuate Collection Set: 0.26ms
[5013.562s][info][gc,phases      ] GC(654)   Merge Heap Roots: 0.54ms
[5013.562s][info][gc,phases      ] GC(654)   Evacuate Collection Set: 144.82ms
[5013.562s][info][gc,phases      ] GC(654)   Post Evacuate Collection Set: 1.04ms
[5013.562s][info][gc,phases      ] GC(654)   Other: 0.07ms
[5013.562s][info][gc,heap        ] GC(654) Eden regions: 571->0(571)
[5013.562s][info][gc,heap        ] GC(654) Survivor regions: 43->43(77)
[5013.562s][info][gc,heap        ] GC(654) Old regions: 236->244
[5013.562s][info][gc,heap        ] GC(654) Humongous regions: 33->33
[5013.562s][info][gc,metaspace   ] GC(654) Metaspace: 29987K(30144K)->29987K(30144K) NonClass: 29987K(30144K)->29987K(30144K) Class: 0K(0K)->0K(0K)
[5013.562s][info][gc             ] GC(654) Pause Young (Normal) (G1 Evacuation Pause) 7047M->2543M(8192M) 146.865ms
[5013.562s][info][gc,cpu         ] GC(654) User=1.16s Sys=0.00s Real=0.15s
.....[5018.015s][info][gc,start       ] GC(655) Pause Young (Normal) (G1 Evacuation Pause)
[5018.015s][info][gc,task        ] GC(655) Using 8 workers of 8 for evacuation
[5018.164s][info][gc,phases      ] GC(655)   Pre Evacuate Collection Set: 0.25ms
[5018.164s][info][gc,phases      ] GC(655)   Merge Heap Roots: 0.56ms
[5018.165s][info][gc,phases      ] GC(655)   Evacuate Collection Set: 147.26ms
[5018.165s][info][gc,phases      ] GC(655)   Post Evacuate Collection Set: 1.07ms
[5018.165s][info][gc,phases      ] GC(655)   Other: 0.06ms
[5018.165s][info][gc,heap        ] GC(655) Eden regions: 571->0(570)
[5018.165s][info][gc,heap        ] GC(655) Survivor regions: 43->44(77)
[5018.165s][info][gc,heap        ] GC(655) Old regions: 244->251
[5018.165s][info][gc,heap        ] GC(655) Humongous regions: 33->33
[5018.165s][info][gc,metaspace   ] GC(655) Metaspace: 29987K(30144K)->29987K(30144K) NonClass: 29987K(30144K)->29987K(30144K) Class: 0K(0K)->0K(0K)
[5018.165s][info][gc             ] GC(655) Pause Young (Normal) (G1 Evacuation Pause) 7111M->2605M(8192M) 149.334ms
[5018.165s][info][gc,cpu         ] GC(655) User=1.19s Sys=0.00s Real=0.15s
....[5022.527s][info][gc,start       ] GC(656) Pause Young (Normal) (G1 Evacuation Pause)
[5022.527s][info][gc,task        ] GC(656) Using 8 workers of 8 for evacuation
[5022.678s][info][gc,phases      ] GC(656)   Pre Evacuate Collection Set: 0.25ms
[5022.678s][info][gc,phases      ] GC(656)   Merge Heap Roots: 0.58ms
[5022.678s][info][gc,phases      ] GC(656)   Evacuate Collection Set: 148.26ms
[5022.678s][info][gc,phases      ] GC(656)   Post Evacuate Collection Set: 1.08ms
[5022.678s][info][gc,phases      ] GC(656)   Other: 0.07ms
[5022.678s][info][gc,heap        ] GC(656) Eden regions: 570->0(571)
[5022.678s][info][gc,heap        ] GC(656) Survivor regions: 44->43(77)
[5022.678s][info][gc,heap        ] GC(656) Old regions: 251->258
[5022.678s][info][gc,heap        ] GC(656) Humongous regions: 33->33
[5022.678s][info][gc,metaspace   ] GC(656) Metaspace: 29987K(30144K)->29987K(30144K) NonClass: 29987K(30144K)->29987K(30144K) Class: 0K(0K)->0K(0K)
[5022.678s][info][gc             ] GC(656) Pause Young (Normal) (G1 Evacuation Pause) 7165M->2657M(8192M) 150.372ms
[5022.678s][info][gc,cpu         ] GC(656) User=1.19s Sys=0.00s Real=0.15s
.....[5027.042s][info][gc,start       ] GC(657) Pause Young (Normal) (G1 Evacuation Pause)
[5027.042s][info][gc,task        ] GC(657) Using 8 workers of 8 for evacuation
[5027.189s][info][gc,phases      ] GC(657)   Pre Evacuate Collection Set: 0.25ms
[5027.190s][info][gc,phases      ] GC(657)   Merge Heap Roots: 0.59ms
[5027.190s][info][gc,phases      ] GC(657)   Evacuate Collection Set: 145.15ms
[5027.190s][info][gc,phases      ] GC(657)   Post Evacuate Collection Set: 1.03ms
[5027.190s][info][gc,phases      ] GC(657)   Other: 0.06ms
[5027.190s][info][gc,heap        ] GC(657) Eden regions: 571->0(571)
[5027.190s][info][gc,heap        ] GC(657) Survivor regions: 43->43(77)
[5027.190s][info][gc,heap        ] GC(657) Old regions: 258->265
[5027.190s][info][gc,heap        ] GC(657) Humongous regions: 33->33
[5027.190s][info][gc,metaspace   ] GC(657) Metaspace: 29987K(30144K)->29987K(30144K) NonClass: 29987K(30144K)->29987K(30144K) Class: 0K(0K)->0K(0K)
[5027.190s][info][gc             ] GC(657) Pause Young (Normal) (G1 Evacuation Pause) 7225M->2709M(8192M) 147.232ms
[5027.190s][info][gc,cpu         ] GC(657) User=1.16s Sys=0.00s Real=0.15s
....[5031.470s][info][gc,start       ] GC(658) Pause Young (Normal) (G1 Evacuation Pause)
[5031.470s][info][gc,task        ] GC(658) Using 8 workers of 8 for evacuation
[5031.620s][info][gc,phases      ] GC(658)   Pre Evacuate Collection Set: 0.24ms
[5031.620s][info][gc,phases      ] GC(658)   Merge Heap Roots: 0.54ms
[5031.620s][info][gc,phases      ] GC(658)   Evacuate Collection Set: 147.47ms
[5031.620s][info][gc,phases      ] GC(658)   Post Evacuate Collection Set: 1.07ms
[5031.620s][info][gc,phases      ] GC(658)   Other: 0.07ms
[5031.620s][info][gc,heap        ] GC(658) Eden regions: 571->0(570)
[5031.620s][info][gc,heap        ] GC(658) Survivor regions: 43->44(77)
[5031.620s][info][gc,heap        ] GC(658) Old regions: 265->272
[5031.620s][info][gc,heap        ] GC(658) Humongous regions: 33->33
[5031.620s][info][gc,metaspace   ] GC(658) Metaspace: 29987K(30144K)->29987K(30144K) NonClass: 29987K(30144K)->29987K(30144K) Class: 0K(0K)->0K(0K)
[5031.620s][info][gc             ] GC(658) Pause Young (Normal) (G1 Evacuation Pause) 7277M->2774M(8192M) 149.516ms
[5031.620s][info][gc,cpu         ] GC(658) User=1.19s Sys=0.00s Real=0.15s
.....[5036.002s][info][gc,start       ] GC(659) Pause Young (Normal) (G1 Evacuation Pause)
[5036.002s][info][gc,task        ] GC(659) Using 8 workers of 8 for evacuation
[5036.147s][info][gc,phases      ] GC(659)   Pre Evacuate Collection Set: 0.25ms
[5036.147s][info][gc,phases      ] GC(659)   Merge Heap Roots: 0.56ms
[5036.147s][info][gc,phases      ] GC(659)   Evacuate Collection Set: 143.31ms
[5036.147s][info][gc,phases      ] GC(659)   Post Evacuate Collection Set: 1.10ms
[5036.147s][info][gc,phases      ] GC(659)   Other: 0.07ms
[5036.147s][info][gc,heap        ] GC(659) Eden regions: 570->0(571)
[5036.147s][info][gc,heap        ] GC(659) Survivor regions: 44->43(77)
[5036.147s][info][gc,heap        ] GC(659) Old regions: 272->279
[5036.147s][info][gc,heap        ] GC(659) Humongous regions: 33->33
[5036.147s][info][gc,metaspace   ] GC(659) Metaspace: 29987K(30144K)->29987K(30144K) NonClass: 29987K(30144K)->29987K(30144K) Class: 0K(0K)->0K(0K)
[5036.148s][info][gc             ] GC(659) Pause Young (Normal) (G1 Evacuation Pause) 7334M->2822M(8192M) 145.436ms
[5036.148s][info][gc,cpu         ] GC(659) User=1.15s Sys=0.00s Real=0.15s
....[5040.452s][info][gc,start       ] GC(660) Pause Young (Normal) (G1 Evacuation Pause)
[5040.452s][info][gc,task        ] GC(660) Using 8 workers of 8 for evacuation
[5040.599s][info][gc,phases      ] GC(660)   Pre Evacuate Collection Set: 0.28ms
[5040.599s][info][gc,phases      ] GC(660)   Merge Heap Roots: 0.58ms
[5040.599s][info][gc,phases      ] GC(660)   Evacuate Collection Set: 145.40ms
[5040.599s][info][gc,phases      ] GC(660)   Post Evacuate Collection Set: 1.09ms
[5040.599s][info][gc,phases      ] GC(660)   Other: 0.07ms
[5040.599s][info][gc,heap        ] GC(660) Eden regions: 571->0(567)
[5040.599s][info][gc,heap        ] GC(660) Survivor regions: 43->43(77)
[5040.599s][info][gc,heap        ] GC(660) Old regions: 279->286
[5040.599s][info][gc,heap        ] GC(660) Humongous regions: 33->33
[5040.599s][info][gc,metaspace   ] GC(660) Metaspace: 29987K(30144K)->29987K(30144K) NonClass: 29987K(30144K)->29987K(30144K) Class: 0K(0K)->0K(0K)
[5040.599s][info][gc             ] GC(660) Pause Young (Normal) (G1 Evacuation Pause) 7390M->2883M(8192M) 147.568ms
[5040.599s][info][gc,cpu         ] GC(660) User=1.16s Sys=0.00s Real=0.15s
.....[5044.941s][info][gc,start       ] GC(661) Pause Young (Normal) (G1 Evacuation Pause)
[5044.941s][info][gc,task        ] GC(661) Using 8 workers of 8 for evacuation
[5045.090s][info][gc,phases      ] GC(661)   Pre Evacuate Collection Set: 0.25ms
[5045.090s][info][gc,phases      ] GC(661)   Merge Heap Roots: 0.57ms
[5045.090s][info][gc,phases      ] GC(661)   Evacuate Collection Set: 146.93ms
[5045.090s][info][gc,phases      ] GC(661)   Post Evacuate Collection Set: 1.05ms
[5045.090s][info][gc,phases      ] GC(661)   Other: 0.07ms
[5045.090s][info][gc,heap        ] GC(661) Eden regions: 567->0(560)
[5045.090s][info][gc,heap        ] GC(661) Survivor regions: 43->43(77)
[5045.090s][info][gc,heap        ] GC(661) Old regions: 286->293
[5045.090s][info][gc,heap        ] GC(661) Humongous regions: 33->33
[5045.090s][info][gc,metaspace   ] GC(661) Metaspace: 29987K(30144K)->29987K(30144K) NonClass: 29987K(30144K)->29987K(30144K) Class: 0K(0K)->0K(0K)
[5045.090s][info][gc             ] GC(661) Pause Young (Normal) (G1 Evacuation Pause) 7419M->2939M(8192M) 148.987ms
[5045.090s][info][gc,cpu         ] GC(661) User=1.18s Sys=0.00s Real=0.15s
....[5049.310s][info][gc,start       ] GC(662) Pause Young (Normal) (G1 Evacuation Pause)
[5049.310s][info][gc,task        ] GC(662) Using 8 workers of 8 for evacuation
[5049.458s][info][gc,phases      ] GC(662)   Pre Evacuate Collection Set: 0.24ms
[5049.458s][info][gc,phases      ] GC(662)   Merge Heap Roots: 0.54ms
[5049.458s][info][gc,phases      ] GC(662)   Evacuate Collection Set: 146.46ms
[5049.458s][info][gc,phases      ] GC(662)   Post Evacuate Collection Set: 1.07ms
[5049.458s][info][gc,phases      ] GC(662)   Other: 0.06ms
[5049.458s][info][gc,heap        ] GC(662) Eden regions: 560->0(552)
[5049.458s][info][gc,heap        ] GC(662) Survivor regions: 43->43(76)
[5049.458s][info][gc,heap        ] GC(662) Old regions: 293->301
[5049.458s][info][gc,heap        ] GC(662) Humongous regions: 33->33
[5049.458s][info][gc,metaspace   ] GC(662) Metaspace: 29987K(30144K)->29987K(30144K) NonClass: 29987K(30144K)->29987K(30144K) Class: 0K(0K)->0K(0K)
[5049.458s][info][gc             ] GC(662) Pause Young (Normal) (G1 Evacuation Pause) 7419M->2997M(8192M) 148.506ms
[5049.458s][info][gc,cpu         ] GC(662) User=1.18s Sys=0.00s Real=0.15s
....[5053.670s][info][gc,start       ] GC(663) Pause Young (Normal) (G1 Evacuation Pause)
[5053.670s][info][gc,task        ] GC(663) Using 8 workers of 8 for evacuation
[5053.823s][info][gc,phases      ] GC(663)   Pre Evacuate Collection Set: 0.27ms
[5053.823s][info][gc,phases      ] GC(663)   Merge Heap Roots: 0.57ms
[5053.823s][info][gc,phases      ] GC(663)   Evacuate Collection Set: 151.16ms
[5053.823s][info][gc,phases      ] GC(663)   Post Evacuate Collection Set: 1.04ms
[5053.823s][info][gc,phases      ] GC(663)   Other: 0.06ms
[5053.823s][info][gc,heap        ] GC(663) Eden regions: 552->0(543)
[5053.823s][info][gc,heap        ] GC(663) Survivor regions: 43->44(75)
[5053.823s][info][gc,heap        ] GC(663) Old regions: 301->308
[5053.823s][info][gc,heap        ] GC(663) Humongous regions: 33->33
[5053.823s][info][gc,metaspace   ] GC(663) Metaspace: 29987K(30144K)->29987K(30144K) NonClass: 29987K(30144K)->29987K(30144K) Class: 0K(0K)->0K(0K)
[5053.823s][info][gc             ] GC(663) Pause Young (Normal) (G1 Evacuation Pause) 7413M->3061M(8192M) 153.248ms
[5053.823s][info][gc,cpu         ] GC(663) User=1.21s Sys=0.00s Real=0.15s
.....[5057.980s][info][gc,start       ] GC(664) Pause Young (Concurrent Start) (G1 Evacuation Pause)
[5057.980s][info][gc,task        ] GC(664) Using 8 workers of 8 for evacuation
[5058.126s][info][gc,phases      ] GC(664)   Pre Evacuate Collection Set: 0.29ms
[5058.126s][info][gc,phases      ] GC(664)   Merge Heap Roots: 0.55ms
[5058.126s][info][gc,phases      ] GC(664)   Evacuate Collection Set: 143.62ms
[5058.126s][info][gc,phases      ] GC(664)   Post Evacuate Collection Set: 1.04ms
[5058.126s][info][gc,phases      ] GC(664)   Other: 0.10ms
[5058.126s][info][gc,heap        ] GC(664) Eden regions: 543->0(540)
[5058.126s][info][gc,heap        ] GC(664) Survivor regions: 44->42(74)
[5058.126s][info][gc,heap        ] GC(664) Old regions: 308->315
[5058.126s][info][gc,heap        ] GC(664) Humongous regions: 33->33
[5058.126s][info][gc,metaspace   ] GC(664) Metaspace: 29987K(30144K)->29987K(30144K) NonClass: 29987K(30144K)->29987K(30144K) Class: 0K(0K)->0K(0K)
[5058.126s][info][gc             ] GC(664) Pause Young (Concurrent Start) (G1 Evacuation Pause) 7405M->3107M(8192M) 145.730ms
[5058.126s][info][gc             ] GC(665) Concurrent Mark Cycle
[5058.126s][info][gc,marking     ] GC(665) Concurrent Scan Root Regions
[5058.126s][info][gc,cpu         ] GC(664) User=1.16s Sys=0.00s Real=0.14s
[5058.438s][info][gc,marking     ] GC(665) Concurrent Scan Root Regions 311.568ms
[5058.438s][info][gc,marking     ] GC(665) Concurrent Mark
[5058.438s][info][gc,marking     ] GC(665) Concurrent Mark From Roots
[5058.438s][info][gc,task        ] GC(665) Using 2 workers of 2 for marking
.[5059.432s][info][gc,marking     ] GC(665) Concurrent Mark From Roots 994.536ms
[5059.432s][info][gc,marking     ] GC(665) Concurrent Preclean
[5059.433s][info][gc,marking     ] GC(665) Concurrent Preclean 0.107ms
[5059.433s][info][gc,start       ] GC(665) Pause Remark
[5059.435s][info][gc             ] GC(665) Pause Remark 4560M->4048M(8192M) 2.359ms
[5059.435s][info][gc,cpu         ] GC(665) User=0.02s Sys=0.00s Real=0.00s
[5059.435s][info][gc,marking     ] GC(665) Concurrent Mark 997.296ms
[5059.435s][info][gc,marking     ] GC(665) Concurrent Rebuild Remembered Sets and Scrub Regions
.[5059.981s][info][gc,marking     ] GC(665) Concurrent Rebuild Remembered Sets and Scrub Regions 546.114ms
[5059.981s][info][gc,start       ] GC(665) Pause Cleanup
[5059.982s][info][gc             ] GC(665) Pause Cleanup 4668M->4668M(8192M) 0.293ms
[5059.982s][info][gc,cpu         ] GC(665) User=0.00s Sys=0.00s Real=0.00s
[5059.982s][info][gc,marking     ] GC(665) Concurrent Clear Claimed Marks
[5059.982s][info][gc,marking     ] GC(665) Concurrent Clear Claimed Marks 0.047ms
[5059.982s][info][gc,marking     ] GC(665) Concurrent Cleanup for Next Mark
[5059.992s][info][gc,marking     ] GC(665) Concurrent Cleanup for Next Mark 9.713ms
[5059.992s][info][gc             ] GC(665) Concurrent Mark Cycle 1865.538ms
..[5062.168s][info][gc,start       ] GC(666) Pause Young (Prepare Mixed) (G1 Evacuation Pause)
[5062.168s][info][gc,task        ] GC(666) Using 8 workers of 8 for evacuation
[5062.314s][info][gc,phases      ] GC(666)   Pre Evacuate Collection Set: 0.28ms
[5062.314s][info][gc,phases      ] GC(666)   Merge Heap Roots: 0.74ms
[5062.314s][info][gc,phases      ] GC(666)   Evacuate Collection Set: 143.44ms
[5062.314s][info][gc,phases      ] GC(666)   Post Evacuate Collection Set: 1.15ms
[5062.314s][info][gc,phases      ] GC(666)   Other: 0.06ms
[5062.314s][info][gc,heap        ] GC(666) Eden regions: 540->0(572)
[5062.314s][info][gc,heap        ] GC(666) Survivor regions: 42->42(73)
[5062.314s][info][gc,heap        ] GC(666) Old regions: 251->259
[5062.314s][info][gc,heap        ] GC(666) Humongous regions: 33->33
[5062.314s][info][gc,metaspace   ] GC(666) Metaspace: 29987K(30144K)->29987K(30144K) NonClass: 29987K(30144K)->29987K(30144K) Class: 0K(0K)->0K(0K)
[5062.314s][info][gc             ] GC(666) Pause Young (Prepare Mixed) (G1 Evacuation Pause) 6915M->2654M(8192M) 145.822ms
[5062.314s][info][gc,cpu         ] GC(666) User=1.16s Sys=0.00s Real=0.14s
....[5066.617s][info][gc,start       ] GC(667) Pause Young (Mixed) (G1 Evacuation Pause)
[5066.617s][info][gc,task        ] GC(667) Using 8 workers of 8 for evacuation
[5066.769s][info][gc,phases      ] GC(667)   Pre Evacuate Collection Set: 0.29ms
[5066.769s][info][gc,phases      ] GC(667)   Merge Heap Roots: 0.81ms
[5066.769s][info][gc,phases      ] GC(667)   Evacuate Collection Set: 149.56ms
[5066.769s][info][gc,phases      ] GC(667)   Post Evacuate Collection Set: 1.24ms
[5066.769s][info][gc,phases      ] GC(667)   Other: 0.07ms
[5066.769s][info][gc,heap        ] GC(667) Eden regions: 572->0(572)
[5066.769s][info][gc,heap        ] GC(667) Survivor regions: 42->42(77)
[5066.769s][info][gc,heap        ] GC(667) Old regions: 259->164
[5066.769s][info][gc,heap        ] GC(667) Humongous regions: 33->33
[5066.769s][info][gc,metaspace   ] GC(667) Metaspace: 29987K(30144K)->29987K(30144K) NonClass: 29987K(30144K)->29987K(30144K) Class: 0K(0K)->0K(0K)
[5066.770s][info][gc             ] GC(667) Pause Young (Mixed) (G1 Evacuation Pause) 7230M->1896M(8192M) 152.104ms
[5066.770s][info][gc,cpu         ] GC(667) User=1.20s Sys=0.00s Real=0.15s
.. (rIR:aIR:PR = 8579:8525:8526) (tPR = 125897) [OK] 
  5067s: Performance info:
         Transaction,    Success,    Partial,     Failed,   Receipts, AvgBarcode, 
             Overall,     511879,          0,          0,     486181,      59.47, 
         Response times:
             Request,    Success,    Partial,     Failed,   SkipFail,     Probes,    Samples,      min,      p50,      p90,      p95,      p99,      max, 
       TotalPurchase,     486160,          0,          0,          0,     358895,     391560,      300,     6000,    15500,    43000,   106000,  1300000,
     InStorePurchase,     256732,          0,          0,          0,     188616,     205571,      400,     5900,    15600,    42000,   105000,  1300000,
      OnlinePurchase,     177933,          0,          0,          0,     131985,     143870,      300,     6100,    15400,    43000,   106000,  1300000,
        InstPurchase,      51495,          0,          0,          0,      38294,      42119,      500,     6000,    15600,    42000,   113000,  1300000,
          AssocOfCat,        517,          0,          0,          0,        438,        564,    28000,    47000,    77500,   120750,   195450,   229000,
      AssocOfProduct,       5152,          0,          0,          0,       3629,       4118,      500,     5900,    16110,    40000,   115620,   402000,
      BusinessReport,       1287,          0,          0,          0,       1152,       1363,    31000,    51000,    79000,   114800,   211720,   285000,
          CustBuyBeh,       5157,          0,          0,          0,       3719,       4291,      400,     5500,    15200,    44000,   109160,   317000,
       ProductReturn,      13547,          0,          0,          0,       9545,      10650,      200,     6000,    15600,    44000,   104490,   237000,

  5067s: (63%)   IR =   8717 ...[5071.081s][info][gc,start       ] GC(668) Pause Young (Mixed) (G1 Evacuation Pause)
[5071.081s][info][gc,task        ] GC(668) Using 8 workers of 8 for evacuation
[5071.237s][info][gc,phases      ] GC(668)   Pre Evacuate Collection Set: 0.30ms
[5071.237s][info][gc,phases      ] GC(668)   Merge Heap Roots: 0.89ms
[5071.237s][info][gc,phases      ] GC(668)   Evacuate Collection Set: 153.51ms
[5071.237s][info][gc,phases      ] GC(668)   Post Evacuate Collection Set: 1.13ms
[5071.237s][info][gc,phases      ] GC(668)   Other: 0.07ms
[5071.237s][info][gc,heap        ] GC(668) Eden regions: 572->0(571)
[5071.237s][info][gc,heap        ] GC(668) Survivor regions: 42->43(77)
[5071.237s][info][gc,heap        ] GC(668) Old regions: 164->143
[5071.237s][info][gc,heap        ] GC(668) Humongous regions: 33->33
[5071.237s][info][gc,metaspace   ] GC(668) Metaspace: 29987K(30144K)->29987K(30144K) NonClass: 29987K(30144K)->29987K(30144K) Class: 0K(0K)->0K(0K)
[5071.237s][info][gc             ] GC(668) Pause Young (Mixed) (G1 Evacuation Pause) 6472M->1737M(8192M) 156.042ms
[5071.237s][info][gc,cpu         ] GC(668) User=1.23s Sys=0.00s Real=0.15s
....[5075.376s][info][gc,start       ] GC(669) Pause Young (Normal) (G1 Evacuation Pause)
[5075.376s][info][gc,task        ] GC(669) Using 8 workers of 8 for evacuation
[5075.527s][info][gc,phases      ] GC(669)   Pre Evacuate Collection Set: 0.27ms
[5075.527s][info][gc,phases      ] GC(669)   Merge Heap Roots: 0.56ms
[5075.527s][info][gc,phases      ] GC(669)   Evacuate Collection Set: 149.43ms
[5075.527s][info][gc,phases      ] GC(669)   Post Evacuate Collection Set: 1.13ms
[5075.527s][info][gc,phases      ] GC(669)   Other: 0.07ms
[5075.527s][info][gc,heap        ] GC(669) Eden regions: 571->0(570)
[5075.527s][info][gc,heap        ] GC(669) Survivor regions: 43->44(77)
[5075.527s][info][gc,heap        ] GC(669) Old regions: 143->150
[5075.527s][info][gc,heap        ] GC(669) Humongous regions: 33->33
[5075.527s][info][gc,metaspace   ] GC(669) Metaspace: 29987K(30144K)->29987K(30144K) NonClass: 29987K(30144K)->29987K(30144K) Class: 0K(0K)->0K(0K)
[5075.527s][info][gc             ] GC(669) Pause Young (Normal) (G1 Evacuation Pause) 6305M->1799M(8192M) 151.606ms
[5075.527s][info][gc,cpu         ] GC(669) User=1.20s Sys=0.00s Real=0.16s
....[5079.738s][info][gc,start       ] GC(670) Pause Young (Normal) (G1 Evacuation Pause)
[5079.738s][info][gc,task        ] GC(670) Using 8 workers of 8 for evacuation
[5079.887s][info][gc,phases      ] GC(670)   Pre Evacuate Collection Set: 0.28ms
[5079.887s][info][gc,phases      ] GC(670)   Merge Heap Roots: 0.56ms
[5079.887s][info][gc,phases      ] GC(670)   Evacuate Collection Set: 146.89ms
[5079.887s][info][gc,phases      ] GC(670)   Post Evacuate Collection Set: 1.04ms
[5079.887s][info][gc,phases      ] GC(670)   Other: 0.06ms
[5079.887s][info][gc,heap        ] GC(670) Eden regions: 570->0(571)
[5079.887s][info][gc,heap        ] GC(670) Survivor regions: 44->43(77)
[5079.887s][info][gc,heap        ] GC(670) Old regions: 150->158
[5079.887s][info][gc,heap        ] GC(670) Humongous regions: 33->33
[5079.887s][info][gc,metaspace   ] GC(670) Metaspace: 29987K(30144K)->29987K(30144K) NonClass: 29987K(30144K)->29987K(30144K) Class: 0K(0K)->0K(0K)
[5079.887s][info][gc             ] GC(670) Pause Young (Normal) (G1 Evacuation Pause) 6359M->1853M(8192M) 148.966ms
[5079.887s][info][gc,cpu         ] GC(670) User=1.18s Sys=0.00s Real=0.15s
.....[5084.225s][info][gc,start       ] GC(671) Pause Young (Normal) (G1 Evacuation Pause)
[5084.225s][info][gc,task        ] GC(671) Using 8 workers of 8 for evacuation
[5084.374s][info][gc,phases      ] GC(671)   Pre Evacuate Collection Set: 0.26ms
[5084.374s][info][gc,phases      ] GC(671)   Merge Heap Roots: 0.59ms
[5084.374s][info][gc,phases      ] GC(671)   Evacuate Collection Set: 147.30ms
[5084.374s][info][gc,phases      ] GC(671)   Post Evacuate Collection Set: 1.07ms
[5084.374s][info][gc,phases      ] GC(671)   Other: 0.07ms
[5084.374s][info][gc,heap        ] GC(671) Eden regions: 571->0(570)
[5084.374s][info][gc,heap        ] GC(671) Survivor regions: 43->44(77)
[5084.374s][info][gc,heap        ] GC(671) Old regions: 158->165
[5084.374s][info][gc,heap        ] GC(671) Humongous regions: 33->33
[5084.374s][info][gc,metaspace   ] GC(671) Metaspace: 29987K(30144K)->29987K(30144K) NonClass: 29987K(30144K)->29987K(30144K) Class: 0K(0K)->0K(0K)
[5084.374s][info][gc             ] GC(671) Pause Young (Normal) (G1 Evacuation Pause) 6421M->1917M(8192M) 149.429ms
[5084.374s][info][gc,cpu         ] GC(671) User=1.19s Sys=0.00s Real=0.15s
.|...[5088.550s][info][gc,start       ] GC(672) Pause Young (Normal) (G1 Evacuation Pause)
[5088.550s][info][gc,task        ] GC(672) Using 8 workers of 8 for evacuation
[5088.700s][info][gc,phases      ] GC(672)   Pre Evacuate Collection Set: 0.26ms
[5088.700s][info][gc,phases      ] GC(672)   Merge Heap Roots: 0.56ms
[5088.700s][info][gc,phases      ] GC(672)   Evacuate Collection Set: 148.04ms
[5088.700s][info][gc,phases      ] GC(672)   Post Evacuate Collection Set: 1.05ms
[5088.700s][info][gc,phases      ] GC(672)   Other: 0.07ms
[5088.700s][info][gc,heap        ] GC(672) Eden regions: 570->0(570)
[5088.700s][info][gc,heap        ] GC(672) Survivor regions: 44->44(77)
[5088.700s][info][gc,heap        ] GC(672) Old regions: 165->172
[5088.700s][info][gc,heap        ] GC(672) Humongous regions: 33->33
[5088.700s][info][gc,metaspace   ] GC(672) Metaspace: 29987K(30144K)->29987K(30144K) NonClass: 29987K(30144K)->29987K(30144K) Class: 0K(0K)->0K(0K)
[5088.700s][info][gc             ] GC(672) Pause Young (Normal) (G1 Evacuation Pause) 6477M->1978M(8192M) 150.118ms
[5088.701s][info][gc,cpu         ] GC(672) User=1.18s Sys=0.00s Real=0.15s
.....[5093.051s][info][gc,start       ] GC(673) Pause Young (Normal) (G1 Evacuation Pause)
[5093.051s][info][gc,task        ] GC(673) Using 8 workers of 8 for evacuation
[5093.202s][info][gc,phases      ] GC(673)   Pre Evacuate Collection Set: 0.27ms
[5093.202s][info][gc,phases      ] GC(673)   Merge Heap Roots: 0.56ms
[5093.202s][info][gc,phases      ] GC(673)   Evacuate Collection Set: 149.62ms
[5093.202s][info][gc,phases      ] GC(673)   Post Evacuate Collection Set: 1.08ms
[5093.202s][info][gc,phases      ] GC(673)   Other: 0.06ms
[5093.202s][info][gc,heap        ] GC(673) Eden regions: 570->0(570)
[5093.202s][info][gc,heap        ] GC(673) Survivor regions: 44->44(77)
[5093.202s][info][gc,heap        ] GC(673) Old regions: 172->179
[5093.202s][info][gc,heap        ] GC(673) Humongous regions: 33->33
[5093.202s][info][gc,metaspace   ] GC(673) Metaspace: 29987K(30144K)->29987K(30144K) NonClass: 29987K(30144K)->29987K(30144K) Class: 0K(0K)->0K(0K)
[5093.202s][info][gc             ] GC(673) Pause Young (Normal) (G1 Evacuation Pause) 6538M->2030M(8192M) 151.715ms
[5093.202s][info][gc,cpu         ] GC(673) User=1.20s Sys=0.00s Real=0.15s
....[5097.406s][info][gc,start       ] GC(674) Pause Young (Normal) (G1 Evacuation Pause)
[5097.406s][info][gc,task        ] GC(674) Using 8 workers of 8 for evacuation
[5097.557s][info][gc,phases      ] GC(674)   Pre Evacuate Collection Set: 0.27ms
[5097.557s][info][gc,phases      ] GC(674)   Merge Heap Roots: 0.58ms
[5097.557s][info][gc,phases      ] GC(674)   Evacuate Collection Set: 149.39ms
[5097.557s][info][gc,phases      ] GC(674)   Post Evacuate Collection Set: 1.06ms
[5097.557s][info][gc,phases      ] GC(674)   Other: 0.06ms
[5097.557s][info][gc,heap        ] GC(674) Eden regions: 570->0(570)
[5097.557s][info][gc,heap        ] GC(674) Survivor regions: 44->44(77)
[5097.557s][info][gc,heap        ] GC(674) Old regions: 179->186
[5097.557s][info][gc,heap        ] GC(674) Humongous regions: 33->33
[5097.557s][info][gc,metaspace   ] GC(674) Metaspace: 29987K(30144K)->29987K(30144K) NonClass: 29987K(30144K)->29987K(30144K) Class: 0K(0K)->0K(0K)
[5097.557s][info][gc             ] GC(674) Pause Young (Normal) (G1 Evacuation Pause) 6590M->2087M(8192M) 151.505ms
[5097.557s][info][gc,cpu         ] GC(674) User=1.20s Sys=0.00s Real=0.15s
....[5101.798s][info][gc,start       ] GC(675) Pause Young (Normal) (G1 Evacuation Pause)
[5101.798s][info][gc,task        ] GC(675) Using 8 workers of 8 for evacuation
[5101.947s][info][gc,phases      ] GC(675)   Pre Evacuate Collection Set: 0.24ms
[5101.947s][info][gc,phases      ] GC(675)   Merge Heap Roots: 0.53ms
[5101.947s][info][gc,phases      ] GC(675)   Evacuate Collection Set: 147.28ms
[5101.947s][info][gc,phases      ] GC(675)   Post Evacuate Collection Set: 1.07ms
[5101.947s][info][gc,phases      ] GC(675)   Other: 0.08ms
[5101.947s][info][gc,heap        ] GC(675) Eden regions: 570->0(571)
[5101.947s][info][gc,heap        ] GC(675) Survivor regions: 44->43(77)
[5101.947s][info][gc,heap        ] GC(675) Old regions: 186->194
[5101.947s][info][gc,heap        ] GC(675) Humongous regions: 33->33
[5101.947s][info][gc,metaspace   ] GC(675) Metaspace: 29987K(30144K)->29987K(30144K) NonClass: 29987K(30144K)->29987K(30144K) Class: 0K(0K)->0K(0K)
[5101.947s][info][gc             ] GC(675) Pause Young (Normal) (G1 Evacuation Pause) 6647M->2142M(8192M) 149.313ms
[5101.948s][info][gc,cpu         ] GC(675) User=1.18s Sys=0.00s Real=0.15s
.....[5106.226s][info][gc,start       ] GC(676) Pause Young (Normal) (G1 Evacuation Pause)
[5106.226s][info][gc,task        ] GC(676) Using 8 workers of 8 for evacuation
[5106.373s][info][gc,phases      ] GC(676)   Pre Evacuate Collection Set: 0.27ms
[5106.373s][info][gc,phases      ] GC(676)   Merge Heap Roots: 0.53ms
[5106.373s][info][gc,phases      ] GC(676)   Evacuate Collection Set: 145.59ms
[5106.373s][info][gc,phases      ] GC(676)   Post Evacuate Collection Set: 1.08ms
[5106.373s][info][gc,phases      ] GC(676)   Other: 0.06ms
[5106.373s][info][gc,heap        ] GC(676) Eden regions: 571->0(570)
[5106.373s][info][gc,heap        ] GC(676) Survivor regions: 43->44(77)
[5106.373s][info][gc,heap        ] GC(676) Old regions: 194->201
[5106.373s][info][gc,heap        ] GC(676) Humongous regions: 33->33
[5106.373s][info][gc,metaspace   ] GC(676) Metaspace: 29987K(30144K)->29987K(30144K) NonClass: 29987K(30144K)->29987K(30144K) Class: 0K(0K)->0K(0K)
[5106.373s][info][gc             ] GC(676) Pause Young (Normal) (G1 Evacuation Pause) 6710M->2202M(8192M) 147.650ms
[5106.373s][info][gc,cpu         ] GC(676) User=1.17s Sys=0.00s Real=0.15s
....[5110.547s][info][gc,start       ] GC(677) Pause Young (Normal) (G1 Evacuation Pause)
[5110.547s][info][gc,task        ] GC(677) Using 8 workers of 8 for evacuation
[5110.700s][info][gc,phases      ] GC(677)   Pre Evacuate Collection Set: 0.25ms
[5110.700s][info][gc,phases      ] GC(677)   Merge Heap Roots: 0.54ms
[5110.700s][info][gc,phases      ] GC(677)   Evacuate Collection Set: 150.48ms
[5110.700s][info][gc,phases      ] GC(677)   Post Evacuate Collection Set: 1.09ms
[5110.700s][info][gc,phases      ] GC(677)   Other: 0.06ms
[5110.700s][info][gc,heap        ] GC(677) Eden regions: 570->0(570)
[5110.700s][info][gc,heap        ] GC(677) Survivor regions: 44->44(77)
[5110.700s][info][gc,heap        ] GC(677) Old regions: 201->208
[5110.700s][info][gc,heap        ] GC(677) Humongous regions: 33->33
[5110.700s][info][gc,metaspace   ] GC(677) Metaspace: 29987K(30144K)->29987K(30144K) NonClass: 29987K(30144K)->29987K(30144K) Class: 0K(0K)->0K(0K)
[5110.700s][info][gc             ] GC(677) Pause Young (Normal) (G1 Evacuation Pause) 6762M->2261M(8192M) 152.562ms
[5110.700s][info][gc,cpu         ] GC(677) User=1.21s Sys=0.00s Real=0.16s
....[5114.901s][info][gc,start       ] GC(678) Pause Young (Normal) (G1 Evacuation Pause)
[5114.901s][info][gc,task        ] GC(678) Using 8 workers of 8 for evacuation
[5115.050s][info][gc,phases      ] GC(678)   Pre Evacuate Collection Set: 0.25ms
[5115.050s][info][gc,phases      ] GC(678)   Merge Heap Roots: 0.57ms
[5115.050s][info][gc,phases      ] GC(678)   Evacuate Collection Set: 146.41ms
[5115.050s][info][gc,phases      ] GC(678)   Post Evacuate Collection Set: 1.06ms
[5115.050s][info][gc,phases      ] GC(678)   Other: 0.06ms
[5115.050s][info][gc,heap        ] GC(678) Eden regions: 570->0(571)
[5115.050s][info][gc,heap        ] GC(678) Survivor regions: 44->43(77)
[5115.050s][info][gc,heap        ] GC(678) Old regions: 208->215
[5115.050s][info][gc,heap        ] GC(678) Humongous regions: 33->33
[5115.050s][info][gc,metaspace   ] GC(678) Metaspace: 29987K(30144K)->29987K(30144K) NonClass: 29987K(30144K)->29987K(30144K) Class: 0K(0K)->0K(0K)
[5115.050s][info][gc             ] GC(678) Pause Young (Normal) (G1 Evacuation Pause) 6821M->2315M(8192M) 148.492ms
[5115.050s][info][gc,cpu         ] GC(678) User=1.17s Sys=0.00s Real=0.15s
.....[5119.270s][info][gc,start       ] GC(679) Pause Young (Normal) (G1 Evacuation Pause)
[5119.270s][info][gc,task        ] GC(679) Using 8 workers of 8 for evacuation
[5119.422s][info][gc,phases      ] GC(679)   Pre Evacuate Collection Set: 0.24ms
[5119.422s][info][gc,phases      ] GC(679)   Merge Heap Roots: 0.56ms
[5119.422s][info][gc,phases      ] GC(679)   Evacuate Collection Set: 149.25ms
[5119.422s][info][gc,phases      ] GC(679)   Post Evacuate Collection Set: 1.11ms
[5119.422s][info][gc,phases      ] GC(679)   Other: 0.06ms
[5119.422s][info][gc,heap        ] GC(679) Eden regions: 571->0(570)
[5119.422s][info][gc,heap        ] GC(679) Survivor regions: 43->44(77)
[5119.422s][info][gc,heap        ] GC(679) Old regions: 215->222
[5119.422s][info][gc,heap        ] GC(679) Humongous regions: 33->33
[5119.422s][info][gc,metaspace   ] GC(679) Metaspace: 29987K(30144K)->29987K(30144K) NonClass: 29987K(30144K)->29987K(30144K) Class: 0K(0K)->0K(0K)
[5119.422s][info][gc             ] GC(679) Pause Young (Normal) (G1 Evacuation Pause) 6883M->2375M(8192M) 151.379ms
[5119.422s][info][gc,cpu         ] GC(679) User=1.20s Sys=0.00s Real=0.15s
....[5123.582s][info][gc,start       ] GC(680) Pause Young (Normal) (G1 Evacuation Pause)
[5123.582s][info][gc,task        ] GC(680) Using 8 workers of 8 for evacuation
[5123.735s][info][gc,phases      ] GC(680)   Pre Evacuate Collection Set: 0.27ms
[5123.735s][info][gc,phases      ] GC(680)   Merge Heap Roots: 0.52ms
[5123.735s][info][gc,phases      ] GC(680)   Evacuate Collection Set: 150.47ms
[5123.735s][info][gc,phases      ] GC(680)   Post Evacuate Collection Set: 1.08ms
[5123.735s][info][gc,phases      ] GC(680)   Other: 0.06ms
[5123.735s][info][gc,heap        ] GC(680) Eden regions: 570->0(571)
[5123.735s][info][gc,heap        ] GC(680) Survivor regions: 44->43(77)
[5123.735s][info][gc,heap        ] GC(680) Old regions: 222->229
[5123.735s][info][gc,heap        ] GC(680) Humongous regions: 33->33
[5123.735s][info][gc,metaspace   ] GC(680) Metaspace: 29987K(30144K)->29987K(30144K) NonClass: 29987K(30144K)->29987K(30144K) Class: 0K(0K)->0K(0K)
[5123.735s][info][gc             ] GC(680) Pause Young (Normal) (G1 Evacuation Pause) 6935M->2427M(8192M) 152.545ms
[5123.735s][info][gc,cpu         ] GC(680) User=1.21s Sys=0.00s Real=0.15s
....[5127.834s][info][gc,start       ] GC(681) Pause Young (Normal) (G1 Evacuation Pause)
[5127.834s][info][gc,task        ] GC(681) Using 8 workers of 8 for evacuation
[5127.983s][info][gc,phases      ] GC(681)   Pre Evacuate Collection Set: 0.24ms
[5127.983s][info][gc,phases      ] GC(681)   Merge Heap Roots: 0.59ms
[5127.983s][info][gc,phases      ] GC(681)   Evacuate Collection Set: 146.39ms
[5127.983s][info][gc,phases      ] GC(681)   Post Evacuate Collection Set: 1.09ms
[5127.983s][info][gc,phases      ] GC(681)   Other: 0.06ms
[5127.983s][info][gc,heap        ] GC(681) Eden regions: 571->0(571)
[5127.983s][info][gc,heap        ] GC(681) Survivor regions: 43->43(77)
[5127.983s][info][gc,heap        ] GC(681) Old regions: 229->237
[5127.983s][info][gc,heap        ] GC(681) Humongous regions: 33->33
[5127.983s][info][gc,metaspace   ] GC(681) Metaspace: 29987K(30144K)->29987K(30144K) NonClass: 29987K(30144K)->29987K(30144K) Class: 0K(0K)->0K(0K)
[5127.983s][info][gc             ] GC(681) Pause Young (Normal) (G1 Evacuation Pause) 6995M->2485M(8192M) 148.506ms
[5127.983s][info][gc,cpu         ] GC(681) User=1.18s Sys=0.00s Real=0.15s
.....[5132.255s][info][gc,start       ] GC(682) Pause Young (Normal) (G1 Evacuation Pause)
[5132.255s][info][gc,task        ] GC(682) Using 8 workers of 8 for evacuation
[5132.405s][info][gc,phases      ] GC(682)   Pre Evacuate Collection Set: 0.26ms
[5132.405s][info][gc,phases      ] GC(682)   Merge Heap Roots: 0.68ms
[5132.405s][info][gc,phases      ] GC(682)   Evacuate Collection Set: 147.36ms
[5132.405s][info][gc,phases      ] GC(682)   Post Evacuate Collection Set: 1.08ms
[5132.405s][info][gc,phases      ] GC(682)   Other: 0.06ms
[5132.405s][info][gc,heap        ] GC(682) Eden regions: 571->0(570)
[5132.405s][info][gc,heap        ] GC(682) Survivor regions: 43->44(77)
[5132.405s][info][gc,heap        ] GC(682) Old regions: 237->244
[5132.405s][info][gc,heap        ] GC(682) Humongous regions: 33->33
[5132.405s][info][gc,metaspace   ] GC(682) Metaspace: 29987K(30144K)->29987K(30144K) NonClass: 29987K(30144K)->29987K(30144K) Class: 0K(0K)->0K(0K)
[5132.405s][info][gc             ] GC(682) Pause Young (Normal) (G1 Evacuation Pause) 7053M->2546M(8192M) 149.569ms
[5132.405s][info][gc,cpu         ] GC(682) User=1.18s Sys=0.00s Real=0.15s
....[5136.645s][info][gc,start       ] GC(683) Pause Young (Normal) (G1 Evacuation Pause)
[5136.645s][info][gc,task        ] GC(683) Using 8 workers of 8 for evacuation
[5136.792s][info][gc,phases      ] GC(683)   Pre Evacuate Collection Set: 0.25ms
[5136.793s][info][gc,phases      ] GC(683)   Merge Heap Roots: 0.54ms
[5136.793s][info][gc,phases      ] GC(683)   Evacuate Collection Set: 145.69ms
[5136.793s][info][gc,phases      ] GC(683)   Post Evacuate Collection Set: 1.08ms
[5136.793s][info][gc,phases      ] GC(683)   Other: 0.07ms
[5136.793s][info][gc,heap        ] GC(683) Eden regions: 570->0(571)
[5136.793s][info][gc,heap        ] GC(683) Survivor regions: 44->43(77)
[5136.793s][info][gc,heap        ] GC(683) Old regions: 244->251
[5136.793s][info][gc,heap        ] GC(683) Humongous regions: 33->33
[5136.793s][info][gc,metaspace   ] GC(683) Metaspace: 29987K(30144K)->29987K(30144K) NonClass: 29987K(30144K)->29987K(30144K) Class: 0K(0K)->0K(0K)
[5136.793s][info][gc             ] GC(683) Pause Young (Normal) (G1 Evacuation Pause) 7106M->2595M(8192M) 147.753ms
[5136.793s][info][gc,cpu         ] GC(683) User=1.17s Sys=0.00s Real=0.15s
....[5141.001s][info][gc,start       ] GC(684) Pause Young (Normal) (G1 Evacuation Pause)
[5141.001s][info][gc,task        ] GC(684) Using 8 workers of 8 for evacuation
[5141.151s][info][gc,phases      ] GC(684)   Pre Evacuate Collection Set: 0.24ms
[5141.151s][info][gc,phases      ] GC(684)   Merge Heap Roots: 0.55ms
[5141.151s][info][gc,phases      ] GC(684)   Evacuate Collection Set: 148.23ms
[5141.151s][info][gc,phases      ] GC(684)   Post Evacuate Collection Set: 1.10ms
[5141.151s][info][gc,phases      ] GC(684)   Other: 0.07ms
[5141.151s][info][gc,heap        ] GC(684) Eden regions: 571->0(571)
[5141.151s][info][gc,heap        ] GC(684) Survivor regions: 43->43(77)
[5141.151s][info][gc,heap        ] GC(684) Old regions: 251->258
[5141.151s][info][gc,heap        ] GC(684) Humongous regions: 33->33
[5141.151s][info][gc,metaspace   ] GC(684) Metaspace: 29987K(30144K)->29987K(30144K) NonClass: 29987K(30144K)->29987K(30144K) Class: 0K(0K)->0K(0K)
[5141.151s][info][gc             ] GC(684) Pause Young (Normal) (G1 Evacuation Pause) 7163M->2658M(8192M) 150.349ms
[5141.151s][info][gc,cpu         ] GC(684) User=1.19s Sys=0.00s Real=0.15s
..... (rIR:aIR:PR = 8717:8767:8767) (tPR = 130623) [OK] 
  5145s: Performance info:
         Transaction,    Success,    Partial,     Failed,   Receipts, AvgBarcode, 
             Overall,     527736,          0,          0,     501501,      59.48, 
         Response times:
             Request,    Success,    Partial,     Failed,   SkipFail,     Probes,    Samples,      min,      p50,      p90,      p95,      p99,      max, 
       TotalPurchase,     501512,          0,          0,          0,     360169,     467062,      300,     5800,    14800,    42000,    94000,   522000,
     InStorePurchase,     263056,          0,          0,          0,     189644,     245383,      300,     5800,    14700,    42000,    94000,   522000,
      OnlinePurchase,     186044,          0,          0,          0,     132433,     171932,      300,     5900,    14800,    41000,    95670,   521000,
        InstPurchase,      52412,          0,          0,          0,      38092,      49747,      500,     5800,    14900,    42000,    91000,   518000,
          AssocOfCat,        528,          0,          0,          0,        436,        680,    28000,    46000,    75000,   105950,   193380,   304000,
      AssocOfProduct,       5300,          0,          0,          0,       3804,       5138,      700,     6000,    15100,    45000,    88610,   396000,
      BusinessReport,       1313,          0,          0,          0,       1176,       1665,    27000,    51000,    79000,   116000,   202340,   249000,
          CustBuyBeh,       5255,          0,          0,          0,       3709,       5109,      300,     5400,    14000,    48000,    95000,   358000,
       ProductReturn,      13840,          0,          0,          0,       9870,      13171,      200,     5400,    13900,    37000,    96000,   391000,

  5145s: (64%)   IR =   8856 [5145.399s][info][gc,start       ] GC(685) Pause Young (Normal) (G1 Evacuation Pause)
[5145.399s][info][gc,task        ] GC(685) Using 8 workers of 8 for evacuation
[5145.546s][info][gc,phases      ] GC(685)   Pre Evacuate Collection Set: 0.25ms
[5145.546s][info][gc,phases      ] GC(685)   Merge Heap Roots: 0.57ms
[5145.546s][info][gc,phases      ] GC(685)   Evacuate Collection Set: 145.68ms
[5145.546s][info][gc,phases      ] GC(685)   Post Evacuate Collection Set: 1.09ms
[5145.546s][info][gc,phases      ] GC(685)   Other: 0.07ms
[5145.546s][info][gc,heap        ] GC(685) Eden regions: 571->0(571)
[5145.546s][info][gc,heap        ] GC(685) Survivor regions: 43->43(77)
[5145.546s][info][gc,heap        ] GC(685) Old regions: 258->265
[5145.546s][info][gc,heap        ] GC(685) Humongous regions: 33->33
[5145.546s][info][gc,metaspace   ] GC(685) Metaspace: 29987K(30144K)->29987K(30144K) NonClass: 29987K(30144K)->29987K(30144K) Class: 0K(0K)->0K(0K)
[5145.546s][info][gc             ] GC(685) Pause Young (Normal) (G1 Evacuation Pause) 7226M->2714M(8192M) 147.809ms
[5145.546s][info][gc,cpu         ] GC(685) User=1.17s Sys=0.00s Real=0.14s
....[5149.790s][info][gc,start       ] GC(686) Pause Young (Normal) (G1 Evacuation Pause)
[5149.790s][info][gc,task        ] GC(686) Using 8 workers of 8 for evacuation
[5149.937s][info][gc,phases      ] GC(686)   Pre Evacuate Collection Set: 0.25ms
[5149.937s][info][gc,phases      ] GC(686)   Merge Heap Roots: 0.55ms
[5149.937s][info][gc,phases      ] GC(686)   Evacuate Collection Set: 145.59ms
[5149.937s][info][gc,phases      ] GC(686)   Post Evacuate Collection Set: 1.12ms
[5149.937s][info][gc,phases      ] GC(686)   Other: 0.06ms
[5149.937s][info][gc,heap        ] GC(686) Eden regions: 571->0(571)
[5149.937s][info][gc,heap        ] GC(686) Survivor regions: 43->43(77)
[5149.937s][info][gc,heap        ] GC(686) Old regions: 265->273
[5149.937s][info][gc,heap        ] GC(686) Humongous regions: 33->33
[5149.937s][info][gc,metaspace   ] GC(686) Metaspace: 29987K(30144K)->29987K(30144K) NonClass: 29987K(30144K)->29987K(30144K) Class: 0K(0K)->0K(0K)
[5149.937s][info][gc             ] GC(686) Pause Young (Normal) (G1 Evacuation Pause) 7282M->2769M(8192M) 147.706ms
[5149.937s][info][gc,cpu         ] GC(686) User=1.17s Sys=0.00s Real=0.15s
....[5154.134s][info][gc,start       ] GC(687) Pause Young (Normal) (G1 Evacuation Pause)
[5154.134s][info][gc,task        ] GC(687) Using 8 workers of 8 for evacuation
[5154.286s][info][gc,phases      ] GC(687)   Pre Evacuate Collection Set: 0.26ms
[5154.286s][info][gc,phases      ] GC(687)   Merge Heap Roots: 0.54ms
[5154.286s][info][gc,phases      ] GC(687)   Evacuate Collection Set: 149.86ms
[5154.286s][info][gc,phases      ] GC(687)   Post Evacuate Collection Set: 1.03ms
[5154.286s][info][gc,phases      ] GC(687)   Other: 0.06ms
[5154.286s][info][gc,heap        ] GC(687) Eden regions: 571->0(571)
[5154.286s][info][gc,heap        ] GC(687) Survivor regions: 43->43(77)
[5154.286s][info][gc,heap        ] GC(687) Old regions: 273->280
[5154.286s][info][gc,heap        ] GC(687) Humongous regions: 33->33
[5154.286s][info][gc,metaspace   ] GC(687) Metaspace: 29987K(30144K)->29987K(30144K) NonClass: 29987K(30144K)->29987K(30144K) Class: 0K(0K)->0K(0K)
[5154.286s][info][gc             ] GC(687) Pause Young (Normal) (G1 Evacuation Pause) 7337M->2834M(8192M) 151.886ms
[5154.286s][info][gc,cpu         ] GC(687) User=1.20s Sys=0.00s Real=0.15s
.....[5158.482s][info][gc,start       ] GC(688) Pause Young (Normal) (G1 Evacuation Pause)
[5158.482s][info][gc,task        ] GC(688) Using 8 workers of 8 for evacuation
[5158.635s][info][gc,phases      ] GC(688)   Pre Evacuate Collection Set: 0.28ms
[5158.635s][info][gc,phases      ] GC(688)   Merge Heap Roots: 0.66ms
[5158.635s][info][gc,phases      ] GC(688)   Evacuate Collection Set: 150.56ms
[5158.635s][info][gc,phases      ] GC(688)   Post Evacuate Collection Set: 1.07ms
[5158.635s][info][gc,phases      ] GC(688)   Other: 0.06ms
[5158.635s][info][gc,heap        ] GC(688) Eden regions: 571->0(564)
[5158.635s][info][gc,heap        ] GC(688) Survivor regions: 43->44(77)
[5158.635s][info][gc,heap        ] GC(688) Old regions: 280->287
[5158.635s][info][gc,heap        ] GC(688) Humongous regions: 33->33
[5158.635s][info][gc,metaspace   ] GC(688) Metaspace: 29987K(30144K)->29987K(30144K) NonClass: 29987K(30144K)->29987K(30144K) Class: 0K(0K)->0K(0K)
[5158.635s][info][gc             ] GC(688) Pause Young (Normal) (G1 Evacuation Pause) 7402M->2899M(8192M) 152.780ms
[5158.635s][info][gc,cpu         ] GC(688) User=1.21s Sys=0.00s Real=0.15s
....[5162.780s][info][gc,start       ] GC(689) Pause Young (Normal) (G1 Evacuation Pause)
[5162.780s][info][gc,task        ] GC(689) Using 8 workers of 8 for evacuation
[5162.931s][info][gc,phases      ] GC(689)   Pre Evacuate Collection Set: 0.27ms
[5162.931s][info][gc,phases      ] GC(689)   Merge Heap Roots: 0.55ms
[5162.931s][info][gc,phases      ] GC(689)   Evacuate Collection Set: 148.94ms
[5162.931s][info][gc,phases      ] GC(689)   Post Evacuate Collection Set: 1.04ms
[5162.931s][info][gc,phases      ] GC(689)   Other: 0.08ms
[5162.931s][info][gc,heap        ] GC(689) Eden regions: 564->0(558)
[5162.931s][info][gc,heap        ] GC(689) Survivor regions: 44->43(76)
[5162.931s][info][gc,heap        ] GC(689) Old regions: 287->295
[5162.931s][info][gc,heap        ] GC(689) Humongous regions: 33->33
[5162.931s][info][gc,metaspace   ] GC(689) Metaspace: 29987K(30144K)->29987K(30144K) NonClass: 29987K(30144K)->29987K(30144K) Class: 0K(0K)->0K(0K)
[5162.931s][info][gc             ] GC(689) Pause Young (Normal) (G1 Evacuation Pause) 7411M->2949M(8192M) 151.002ms
[5162.931s][info][gc,cpu         ] GC(689) User=1.19s Sys=0.00s Real=0.15s
....[5167.165s][info][gc,start       ] GC(690) Pause Young (Normal) (G1 Evacuation Pause)
[5167.165s][info][gc,task        ] GC(690) Using 8 workers of 8 for evacuation
[5167.316s][info][gc,phases      ] GC(690)   Pre Evacuate Collection Set: 0.27ms
[5167.316s][info][gc,phases      ] GC(690)   Merge Heap Roots: 0.55ms
[5167.316s][info][gc,phases      ] GC(690)   Evacuate Collection Set: 149.19ms
[5167.316s][info][gc,phases      ] GC(690)   Post Evacuate Collection Set: 1.00ms
[5167.316s][info][gc,phases      ] GC(690)   Other: 0.08ms
[5167.316s][info][gc,heap        ] GC(690) Eden regions: 558->0(551)
[5167.316s][info][gc,heap        ] GC(690) Survivor regions: 43->43(76)
[5167.316s][info][gc,heap        ] GC(690) Old regions: 295->302
[5167.316s][info][gc,heap        ] GC(690) Humongous regions: 33->33
[5167.316s][info][gc,metaspace   ] GC(690) Metaspace: 29987K(30144K)->29987K(30144K) NonClass: 29987K(30144K)->29987K(30144K) Class: 0K(0K)->0K(0K)
[5167.316s][info][gc             ] GC(690) Pause Young (Normal) (G1 Evacuation Pause) 7413M->3009M(8192M) 151.218ms
[5167.316s][info][gc,cpu         ] GC(690) User=1.20s Sys=0.00s Real=0.15s
.....[5171.357s][info][gc,start       ] GC(691) Pause Young (Normal) (G1 Evacuation Pause)
[5171.357s][info][gc,task        ] GC(691) Using 8 workers of 8 for evacuation
[5171.512s][info][gc,phases      ] GC(691)   Pre Evacuate Collection Set: 0.27ms
[5171.512s][info][gc,phases      ] GC(691)   Merge Heap Roots: 0.56ms
[5171.512s][info][gc,phases      ] GC(691)   Evacuate Collection Set: 152.54ms
[5171.512s][info][gc,phases      ] GC(691)   Post Evacuate Collection Set: 1.01ms
[5171.512s][info][gc,phases      ] GC(691)   Other: 0.07ms
[5171.512s][info][gc,heap        ] GC(691) Eden regions: 551->0(542)
[5171.512s][info][gc,heap        ] GC(691) Survivor regions: 43->44(75)
[5171.512s][info][gc,heap        ] GC(691) Old regions: 302->309
[5171.512s][info][gc,heap        ] GC(691) Humongous regions: 33->33
[5171.512s][info][gc,metaspace   ] GC(691) Metaspace: 29987K(30144K)->29987K(30144K) NonClass: 29987K(30144K)->29987K(30144K) Class: 0K(0K)->0K(0K)
[5171.512s][info][gc             ] GC(691) Pause Young (Normal) (G1 Evacuation Pause) 7417M->3075M(8192M) 154.575ms
[5171.512s][info][gc,cpu         ] GC(691) User=1.23s Sys=0.00s Real=0.15s
.|...[5175.473s][info][gc,start       ] GC(692) Pause Young (Concurrent Start) (G1 Evacuation Pause)
[5175.473s][info][gc,task        ] GC(692) Using 8 workers of 8 for evacuation
[5175.619s][info][gc,phases      ] GC(692)   Pre Evacuate Collection Set: 0.34ms
[5175.619s][info][gc,phases      ] GC(692)   Merge Heap Roots: 0.61ms
[5175.619s][info][gc,phases      ] GC(692)   Evacuate Collection Set: 143.44ms
[5175.619s][info][gc,phases      ] GC(692)   Post Evacuate Collection Set: 1.02ms
[5175.619s][info][gc,phases      ] GC(692)   Other: 0.11ms
[5175.619s][info][gc,heap        ] GC(692) Eden regions: 542->0(538)
[5175.619s][info][gc,heap        ] GC(692) Survivor regions: 44->42(74)
[5175.619s][info][gc,heap        ] GC(692) Old regions: 309->317
[5175.619s][info][gc,heap        ] GC(692) Humongous regions: 33->33
[5175.619s][info][gc,metaspace   ] GC(692) Metaspace: 29987K(30144K)->29987K(30144K) NonClass: 29987K(30144K)->29987K(30144K) Class: 0K(0K)->0K(0K)
[5175.619s][info][gc             ] GC(692) Pause Young (Concurrent Start) (G1 Evacuation Pause) 7411M->3119M(8192M) 145.641ms
[5175.619s][info][gc             ] GC(693) Concurrent Mark Cycle
[5175.619s][info][gc,marking     ] GC(693) Concurrent Scan Root Regions
[5175.619s][info][gc,cpu         ] GC(692) User=1.15s Sys=0.00s Real=0.15s
[5175.894s][info][gc,marking     ] GC(693) Concurrent Scan Root Regions 274.995ms
[5175.894s][info][gc,marking     ] GC(693) Concurrent Mark
[5175.894s][info][gc,marking     ] GC(693) Concurrent Mark From Roots
[5175.894s][info][gc,task        ] GC(693) Using 2 workers of 2 for marking
.[5176.810s][info][gc,marking     ] GC(693) Concurrent Mark From Roots 916.368ms
[5176.810s][info][gc,marking     ] GC(693) Concurrent Preclean
[5176.810s][info][gc,marking     ] GC(693) Concurrent Preclean 0.173ms
[5176.811s][info][gc,start       ] GC(693) Pause Remark
[5176.813s][info][gc             ] GC(693) Pause Remark 4407M->3911M(8192M) 2.491ms
[5176.813s][info][gc,cpu         ] GC(693) User=0.02s Sys=0.00s Real=0.00s
[5176.813s][info][gc,marking     ] GC(693) Concurrent Mark 919.365ms
[5176.813s][info][gc,marking     ] GC(693) Concurrent Rebuild Remembered Sets and Scrub Regions
.[5177.526s][info][gc,marking     ] GC(693) Concurrent Rebuild Remembered Sets and Scrub Regions 712.796ms
[5177.526s][info][gc,start       ] GC(693) Pause Cleanup
[5177.526s][info][gc             ] GC(693) Pause Cleanup 4815M->4815M(8192M) 0.307ms
[5177.526s][info][gc,cpu         ] GC(693) User=0.00s Sys=0.00s Real=0.00s
[5177.527s][info][gc,marking     ] GC(693) Concurrent Clear Claimed Marks
[5177.527s][info][gc,marking     ] GC(693) Concurrent Clear Claimed Marks 0.046ms
[5177.527s][info][gc,marking     ] GC(693) Concurrent Cleanup for Next Mark
[5177.536s][info][gc,marking     ] GC(693) Concurrent Cleanup for Next Mark 9.299ms
[5177.536s][info][gc             ] GC(693) Concurrent Mark Cycle 1917.270ms
..[5179.540s][info][gc,start       ] GC(694) Pause Young (Prepare Mixed) (G1 Evacuation Pause)
[5179.540s][info][gc,task        ] GC(694) Using 8 workers of 8 for evacuation
[5179.686s][info][gc,phases      ] GC(694)   Pre Evacuate Collection Set: 0.25ms
[5179.686s][info][gc,phases      ] GC(694)   Merge Heap Roots: 0.76ms
[5179.686s][info][gc,phases      ] GC(694)   Evacuate Collection Set: 143.05ms
[5179.686s][info][gc,phases      ] GC(694)   Post Evacuate Collection Set: 1.14ms
[5179.686s][info][gc,phases      ] GC(694)   Other: 0.07ms
[5179.686s][info][gc,heap        ] GC(694) Eden regions: 538->0(573)
[5179.686s][info][gc,heap        ] GC(694) Survivor regions: 42->41(73)
[5179.686s][info][gc,heap        ] GC(694) Old regions: 255->262
[5179.686s][info][gc,heap        ] GC(694) Humongous regions: 33->33
[5179.686s][info][gc,metaspace   ] GC(694) Metaspace: 29987K(30144K)->29987K(30144K) NonClass: 29987K(30144K)->29987K(30144K) Class: 0K(0K)->0K(0K)
[5179.686s][info][gc             ] GC(694) Pause Young (Prepare Mixed) (G1 Evacuation Pause) 6927M->2675M(8192M) 145.402ms
[5179.686s][info][gc,cpu         ] GC(694) User=1.15s Sys=0.00s Real=0.14s
....[5183.936s][info][gc,start       ] GC(695) Pause Young (Mixed) (G1 Evacuation Pause)
[5183.936s][info][gc,task        ] GC(695) Using 8 workers of 8 for evacuation
[5184.091s][info][gc,phases      ] GC(695)   Pre Evacuate Collection Set: 0.31ms
[5184.091s][info][gc,phases      ] GC(695)   Merge Heap Roots: 0.96ms
[5184.091s][info][gc,phases      ] GC(695)   Evacuate Collection Set: 152.36ms
[5184.091s][info][gc,phases      ] GC(695)   Post Evacuate Collection Set: 1.28ms
[5184.091s][info][gc,phases      ] GC(695)   Other: 0.07ms
[5184.091s][info][gc,heap        ] GC(695) Eden regions: 573->0(571)
[5184.091s][info][gc,heap        ] GC(695) Survivor regions: 41->43(77)
[5184.091s][info][gc,heap        ] GC(695) Old regions: 262->167
[5184.091s][info][gc,heap        ] GC(695) Humongous regions: 33->33
[5184.091s][info][gc,metaspace   ] GC(695) Metaspace: 29987K(30144K)->29987K(30144K) NonClass: 29987K(30144K)->29987K(30144K) Class: 0K(0K)->0K(0K)
[5184.091s][info][gc             ] GC(695) Pause Young (Mixed) (G1 Evacuation Pause) 7259M->1927M(8192M) 155.124ms
[5184.091s][info][gc,cpu         ] GC(695) User=1.23s Sys=0.00s Real=0.16s
....[5188.151s][info][gc,start       ] GC(696) Pause Young (Mixed) (G1 Evacuation Pause)
[5188.151s][info][gc,task        ] GC(696) Using 8 workers of 8 for evacuation
[5188.308s][info][gc,phases      ] GC(696)   Pre Evacuate Collection Set: 0.31ms
[5188.308s][info][gc,phases      ] GC(696)   Merge Heap Roots: 0.99ms
[5188.308s][info][gc,phases      ] GC(696)   Evacuate Collection Set: 154.59ms
[5188.308s][info][gc,phases      ] GC(696)   Post Evacuate Collection Set: 1.10ms
[5188.308s][info][gc,phases      ] GC(696)   Other: 0.07ms
[5188.308s][info][gc,heap        ] GC(696) Eden regions: 571->0(571)
[5188.308s][info][gc,heap        ] GC(696) Survivor regions: 43->43(77)
[5188.308s][info][gc,heap        ] GC(696) Old regions: 167->143
[5188.308s][info][gc,heap        ] GC(696) Humongous regions: 33->33
[5188.308s][info][gc,metaspace   ] GC(696) Metaspace: 29987K(30144K)->29987K(30144K) NonClass: 29987K(30144K)->29987K(30144K) Class: 0K(0K)->0K(0K)
[5188.308s][info][gc             ] GC(696) Pause Young (Mixed) (G1 Evacuation Pause) 6495M->1734M(8192M) 157.186ms
[5188.308s][info][gc,cpu         ] GC(696) User=1.22s Sys=0.00s Real=0.16s
.....[5192.504s][info][gc,start       ] GC(697) Pause Young (Normal) (G1 Evacuation Pause)
[5192.504s][info][gc,task        ] GC(697) Using 8 workers of 8 for evacuation
[5192.657s][info][gc,phases      ] GC(697)   Pre Evacuate Collection Set: 0.25ms
[5192.657s][info][gc,phases      ] GC(697)   Merge Heap Roots: 0.59ms
[5192.657s][info][gc,phases      ] GC(697)   Evacuate Collection Set: 150.83ms
[5192.657s][info][gc,phases      ] GC(697)   Post Evacuate Collection Set: 1.10ms
[5192.657s][info][gc,phases      ] GC(697)   Other: 0.06ms
[5192.657s][info][gc,heap        ] GC(697) Eden regions: 571->0(569)
[5192.657s][info][gc,heap        ] GC(697) Survivor regions: 43->45(77)
[5192.657s][info][gc,heap        ] GC(697) Old regions: 143->150
[5192.657s][info][gc,heap        ] GC(697) Humongous regions: 33->33
[5192.657s][info][gc,metaspace   ] GC(697) Metaspace: 29987K(30144K)->29987K(30144K) NonClass: 29987K(30144K)->29987K(30144K) Class: 0K(0K)->0K(0K)
[5192.657s][info][gc             ] GC(697) Pause Young (Normal) (G1 Evacuation Pause) 6302M->1804M(8192M) 152.966ms
[5192.657s][info][gc,cpu         ] GC(697) User=1.21s Sys=0.00s Real=0.16s
....[5196.843s][info][gc,start       ] GC(698) Pause Young (Normal) (G1 Evacuation Pause)
[5196.843s][info][gc,task        ] GC(698) Using 8 workers of 8 for evacuation
[5196.992s][info][gc,phases      ] GC(698)   Pre Evacuate Collection Set: 0.28ms
[5196.992s][info][gc,phases      ] GC(698)   Merge Heap Roots: 0.59ms
[5196.992s][info][gc,phases      ] GC(698)   Evacuate Collection Set: 146.66ms
[5196.992s][info][gc,phases      ] GC(698)   Post Evacuate Collection Set: 1.05ms
[5196.992s][info][gc,phases      ] GC(698)   Other: 0.08ms
[5196.992s][info][gc,heap        ] GC(698) Eden regions: 569->0(571)
[5196.992s][info][gc,heap        ] GC(698) Survivor regions: 45->43(77)
[5196.992s][info][gc,heap        ] GC(698) Old regions: 150->157
[5196.992s][info][gc,heap        ] GC(698) Humongous regions: 33->33
[5196.992s][info][gc,metaspace   ] GC(698) Metaspace: 29987K(30144K)->29987K(30144K) NonClass: 29987K(30144K)->29987K(30144K) Class: 0K(0K)->0K(0K)
[5196.992s][info][gc             ] GC(698) Pause Young (Normal) (G1 Evacuation Pause) 6356M->1849M(8192M) 148.794ms
[5196.992s][info][gc,cpu         ] GC(698) User=1.18s Sys=0.00s Real=0.15s
....[5201.156s][info][gc,start       ] GC(699) Pause Young (Normal) (G1 Evacuation Pause)
[5201.156s][info][gc,task        ] GC(699) Using 8 workers of 8 for evacuation
[5201.303s][info][gc,phases      ] GC(699)   Pre Evacuate Collection Set: 0.29ms
[5201.303s][info][gc,phases      ] GC(699)   Merge Heap Roots: 0.56ms
[5201.303s][info][gc,phases      ] GC(699)   Evacuate Collection Set: 144.74ms
[5201.303s][info][gc,phases      ] GC(699)   Post Evacuate Collection Set: 1.05ms
[5201.303s][info][gc,phases      ] GC(699)   Other: 0.06ms
[5201.303s][info][gc,heap        ] GC(699) Eden regions: 571->0(571)
[5201.303s][info][gc,heap        ] GC(699) Survivor regions: 43->43(77)
[5201.303s][info][gc,heap        ] GC(699) Old regions: 157->164
[5201.303s][info][gc,heap        ] GC(699) Humongous regions: 33->33
[5201.303s][info][gc,metaspace   ] GC(699) Metaspace: 29987K(30144K)->29987K(30144K) NonClass: 29987K(30144K)->29987K(30144K) Class: 0K(0K)->0K(0K)
[5201.303s][info][gc             ] GC(699) Pause Young (Normal) (G1 Evacuation Pause) 6417M->1902M(8192M) 146.842ms
[5201.303s][info][gc,cpu         ] GC(699) User=1.16s Sys=0.00s Real=0.15s
.....[5205.519s][info][gc,start       ] GC(700) Pause Young (Normal) (G1 Evacuation Pause)
[5205.519s][info][gc,task        ] GC(700) Using 8 workers of 8 for evacuation
[5205.669s][info][gc,phases      ] GC(700)   Pre Evacuate Collection Set: 0.26ms
[5205.669s][info][gc,phases      ] GC(700)   Merge Heap Roots: 0.65ms
[5205.669s][info][gc,phases      ] GC(700)   Evacuate Collection Set: 147.67ms
[5205.669s][info][gc,phases      ] GC(700)   Post Evacuate Collection Set: 1.02ms
[5205.669s][info][gc,phases      ] GC(700)   Other: 0.06ms
[5205.669s][info][gc,heap        ] GC(700) Eden regions: 571->0(570)
[5205.669s][info][gc,heap        ] GC(700) Survivor regions: 43->44(77)
[5205.669s][info][gc,heap        ] GC(700) Old regions: 164->172
[5205.669s][info][gc,heap        ] GC(700) Humongous regions: 33->33
[5205.669s][info][gc,metaspace   ] GC(700) Metaspace: 29987K(30144K)->29987K(30144K) NonClass: 29987K(30144K)->29987K(30144K) Class: 0K(0K)->0K(0K)
[5205.669s][info][gc             ] GC(700) Pause Young (Normal) (G1 Evacuation Pause) 6470M->1970M(8192M) 149.794ms
[5205.669s][info][gc,cpu         ] GC(700) User=1.19s Sys=0.00s Real=0.15s
....[5209.951s][info][gc,start       ] GC(701) Pause Young (Normal) (G1 Evacuation Pause)
[5209.951s][info][gc,task        ] GC(701) Using 8 workers of 8 for evacuation
[5210.101s][info][gc,phases      ] GC(701)   Pre Evacuate Collection Set: 0.26ms
[5210.101s][info][gc,phases      ] GC(701)   Merge Heap Roots: 0.60ms
[5210.101s][info][gc,phases      ] GC(701)   Evacuate Collection Set: 147.57ms
[5210.101s][info][gc,phases      ] GC(701)   Post Evacuate Collection Set: 1.05ms
[5210.101s][info][gc,phases      ] GC(701)   Other: 0.06ms
[5210.101s][info][gc,heap        ] GC(701) Eden regions: 570->0(570)
[5210.101s][info][gc,heap        ] GC(701) Survivor regions: 44->44(77)
[5210.101s][info][gc,heap        ] GC(701) Old regions: 172->179
[5210.101s][info][gc,heap        ] GC(701) Humongous regions: 33->33
[5210.101s][info][gc,metaspace   ] GC(701) Metaspace: 29987K(30144K)->29987K(30144K) NonClass: 29987K(30144K)->29987K(30144K) Class: 0K(0K)->0K(0K)
[5210.101s][info][gc             ] GC(701) Pause Young (Normal) (G1 Evacuation Pause) 6530M->2029M(8192M) 149.659ms
[5210.101s][info][gc,cpu         ] GC(701) User=1.19s Sys=0.00s Real=0.15s
....[5214.282s][info][gc,start       ] GC(702) Pause Young (Normal) (G1 Evacuation Pause)
[5214.282s][info][gc,task        ] GC(702) Using 8 workers of 8 for evacuation
[5214.429s][info][gc,phases      ] GC(702)   Pre Evacuate Collection Set: 0.25ms
[5214.429s][info][gc,phases      ] GC(702)   Merge Heap Roots: 0.56ms
[5214.429s][info][gc,phases      ] GC(702)   Evacuate Collection Set: 144.63ms
[5214.429s][info][gc,phases      ] GC(702)   Post Evacuate Collection Set: 1.04ms
[5214.429s][info][gc,phases      ] GC(702)   Other: 0.07ms
[5214.429s][info][gc,heap        ] GC(702) Eden regions: 570->0(571)
[5214.429s][info][gc,heap        ] GC(702) Survivor regions: 44->43(77)
[5214.429s][info][gc,heap        ] GC(702) Old regions: 179->186
[5214.429s][info][gc,heap        ] GC(702) Humongous regions: 33->33
[5214.429s][info][gc,metaspace   ] GC(702) Metaspace: 29987K(30144K)->29987K(30144K) NonClass: 29987K(30144K)->29987K(30144K) Class: 0K(0K)->0K(0K)
[5214.429s][info][gc             ] GC(702) Pause Young (Normal) (G1 Evacuation Pause) 6589M->2082M(8192M) 146.706ms
[5214.429s][info][gc,cpu         ] GC(702) User=1.16s Sys=0.00s Real=0.15s
.....[5218.608s][info][gc,start       ] GC(703) Pause Young (Normal) (G1 Evacuation Pause)
[5218.608s][info][gc,task        ] GC(703) Using 8 workers of 8 for evacuation
[5218.758s][info][gc,phases      ] GC(703)   Pre Evacuate Collection Set: 0.25ms
[5218.758s][info][gc,phases      ] GC(703)   Merge Heap Roots: 0.63ms
[5218.758s][info][gc,phases      ] GC(703)   Evacuate Collection Set: 147.75ms
[5218.758s][info][gc,phases      ] GC(703)   Post Evacuate Collection Set: 1.03ms
[5218.758s][info][gc,phases      ] GC(703)   Other: 0.06ms
[5218.758s][info][gc,heap        ] GC(703) Eden regions: 571->0(571)
[5218.758s][info][gc,heap        ] GC(703) Survivor regions: 43->43(77)
[5218.758s][info][gc,heap        ] GC(703) Old regions: 186->193
[5218.758s][info][gc,heap        ] GC(703) Humongous regions: 33->33
[5218.758s][info][gc,metaspace   ] GC(703) Metaspace: 29987K(30144K)->29987K(30144K) NonClass: 29987K(30144K)->29987K(30144K) Class: 0K(0K)->0K(0K)
[5218.758s][info][gc             ] GC(703) Pause Young (Normal) (G1 Evacuation Pause) 6650M->2139M(8192M) 149.852ms
[5218.758s][info][gc,cpu         ] GC(703) User=1.19s Sys=0.00s Real=0.15s
....[5223.035s][info][gc,start       ] GC(704) Pause Young (Normal) (G1 Evacuation Pause)
[5223.035s][info][gc,task        ] GC(704) Using 8 workers of 8 for evacuation
[5223.183s][info][gc,phases      ] GC(704)   Pre Evacuate Collection Set: 0.25ms
[5223.183s][info][gc,phases      ] GC(704)   Merge Heap Roots: 0.67ms
[5223.183s][info][gc,phases      ] GC(704)   Evacuate Collection Set: 146.10ms
[5223.183s][info][gc,phases      ] GC(704)   Post Evacuate Collection Set: 1.06ms
[5223.183s][info][gc,phases      ] GC(704)   Other: 0.07ms
[5223.183s][info][gc,heap        ] GC(704) Eden regions: 571->0(571)
[5223.183s][info][gc,heap        ] GC(704) Survivor regions: 43->43(77)
[5223.183s][info][gc,heap        ] GC(704) Old regions: 193->200
[5223.183s][info][gc,heap        ] GC(704) Humongous regions: 33->33
[5223.183s][info][gc,metaspace   ] GC(704) Metaspace: 29987K(30144K)->29987K(30144K) NonClass: 29987K(30144K)->29987K(30144K) Class: 0K(0K)->0K(0K)
[5223.183s][info][gc             ] GC(704) Pause Young (Normal) (G1 Evacuation Pause) 6707M->2191M(8192M) 148.279ms
[5223.183s][info][gc,cpu         ] GC(704) User=1.18s Sys=0.00s Real=0.15s
....[5227.420s][info][gc,start       ] GC(705) Pause Young (Normal) (G1 Evacuation Pause)
[5227.420s][info][gc,task        ] GC(705) Using 8 workers of 8 for evacuation
[5227.569s][info][gc,phases      ] GC(705)   Pre Evacuate Collection Set: 0.25ms
[5227.569s][info][gc,phases      ] GC(705)   Merge Heap Roots: 0.64ms
[5227.569s][info][gc,phases      ] GC(705)   Evacuate Collection Set: 146.29ms
[5227.569s][info][gc,phases      ] GC(705)   Post Evacuate Collection Set: 1.04ms
[5227.569s][info][gc,phases      ] GC(705)   Other: 0.07ms
[5227.569s][info][gc,heap        ] GC(705) Eden regions: 571->0(570)
[5227.569s][info][gc,heap        ] GC(705) Survivor regions: 43->44(77)
[5227.569s][info][gc,heap        ] GC(705) Old regions: 200->207
[5227.569s][info][gc,heap        ] GC(705) Humongous regions: 33->33
[5227.569s][info][gc,metaspace   ] GC(705) Metaspace: 29987K(30144K)->29987K(30144K) NonClass: 29987K(30144K)->29987K(30144K) Class: 0K(0K)->0K(0K)
[5227.569s][info][gc             ] GC(705) Pause Young (Normal) (G1 Evacuation Pause) 6759M->2255M(8192M) 148.434ms
[5227.569s][info][gc,cpu         ] GC(705) User=1.17s Sys=0.00s Real=0.15s
.....[5231.687s][info][gc,start       ] GC(706) Pause Young (Normal) (G1 Evacuation Pause)
[5231.687s][info][gc,task        ] GC(706) Using 8 workers of 8 for evacuation
[5231.834s][info][gc,phases      ] GC(706)   Pre Evacuate Collection Set: 0.25ms
[5231.834s][info][gc,phases      ] GC(706)   Merge Heap Roots: 0.55ms
[5231.834s][info][gc,phases      ] GC(706)   Evacuate Collection Set: 145.05ms
[5231.834s][info][gc,phases      ] GC(706)   Post Evacuate Collection Set: 1.07ms
[5231.834s][info][gc,phases      ] GC(706)   Other: 0.06ms
[5231.834s][info][gc,heap        ] GC(706) Eden regions: 570->0(571)
[5231.834s][info][gc,heap        ] GC(706) Survivor regions: 44->43(77)
[5231.834s][info][gc,heap        ] GC(706) Old regions: 207->215
[5231.834s][info][gc,heap        ] GC(706) Humongous regions: 33->33
[5231.834s][info][gc,metaspace   ] GC(706) Metaspace: 29987K(30144K)->29987K(30144K) NonClass: 29987K(30144K)->29987K(30144K) Class: 0K(0K)->0K(0K)
[5231.834s][info][gc             ] GC(706) Pause Young (Normal) (G1 Evacuation Pause) 6815M->2305M(8192M) 147.113ms
[5231.835s][info][gc,cpu         ] GC(706) User=1.16s Sys=0.00s Real=0.14s
. (rIR:aIR:PR = 8856:8802:8802) (tPR = 131154) [OK] 
  5232s: Performance info:
         Transaction,    Success,    Partial,     Failed,   Receipts, AvgBarcode, 
             Overall,     530458,          0,          0,     503794,      59.48, 
         Response times:
             Request,    Success,    Partial,     Failed,   SkipFail,     Probes,    Samples,      min,      p50,      p90,      p95,      p99,      max, 
       TotalPurchase,     503790,          0,          0,          0,     360609,     527903,      300,     6000,    18500,    62000,   118000,  1700000,
     InStorePurchase,     264390,          0,          0,          0,     189376,     276815,      300,     6000,    18600,    62000,   116000,  1700000,
      OnlinePurchase,     186599,          0,          0,          0,     133224,     195276,      300,     6000,    18200,    61000,   121000,  1700000,
        InstPurchase,      52801,          0,          0,          0,      38009,      55812,      400,     6200,    18700,    60000,   119000,   593000,
          AssocOfCat,        537,          0,          0,          0,        447,        760,    27000,    46000,    80000,   124000,   202000,   398000,
      AssocOfProduct,       5332,          0,          0,          0,       3814,       5954,      600,     6700,    19250,    62000,   120000,   205000,
      BusinessReport,       1338,          0,          0,          0,       1176,       1916,    27000,    52000,    86000,   136000,   210000,   322000,
          CustBuyBeh,       5387,          0,          0,          0,       3818,       5952,      200,     5700,    19270,    59000,   109470,   473000,
       ProductReturn,      14070,          0,          0,          0,      10002,      15068,      200,     5800,    19200,    63000,   126310,   389000,

  5232s: (65%)   IR =   8994 ...[5236.040s][info][gc,start       ] GC(707) Pause Young (Normal) (G1 Evacuation Pause)
[5236.040s][info][gc,task        ] GC(707) Using 8 workers of 8 for evacuation
[5236.196s][info][gc,phases      ] GC(707)   Pre Evacuate Collection Set: 0.27ms
[5236.196s][info][gc,phases      ] GC(707)   Merge Heap Roots: 0.55ms
[5236.196s][info][gc,phases      ] GC(707)   Evacuate Collection Set: 153.59ms
[5236.196s][info][gc,phases      ] GC(707)   Post Evacuate Collection Set: 1.08ms
[5236.196s][info][gc,phases      ] GC(707)   Other: 0.06ms
[5236.196s][info][gc,heap        ] GC(707) Eden regions: 571->0(570)
[5236.196s][info][gc,heap        ] GC(707) Survivor regions: 43->44(77)
[5236.196s][info][gc,heap        ] GC(707) Old regions: 215->222
[5236.196s][info][gc,heap        ] GC(707) Humongous regions: 33->33
[5236.196s][info][gc,metaspace   ] GC(707) Metaspace: 29987K(30144K)->29987K(30144K) NonClass: 29987K(30144K)->29987K(30144K) Class: 0K(0K)->0K(0K)
[5236.196s][info][gc             ] GC(707) Pause Young (Normal) (G1 Evacuation Pause) 6873M->2374M(8192M) 155.690ms
[5236.196s][info][gc,cpu         ] GC(707) User=1.24s Sys=0.00s Real=0.15s
....[5240.441s][info][gc,start       ] GC(708) Pause Young (Normal) (G1 Evacuation Pause)
[5240.441s][info][gc,task        ] GC(708) Using 8 workers of 8 for evacuation
[5240.591s][info][gc,phases      ] GC(708)   Pre Evacuate Collection Set: 0.24ms
[5240.591s][info][gc,phases      ] GC(708)   Merge Heap Roots: 0.56ms
[5240.591s][info][gc,phases      ] GC(708)   Evacuate Collection Set: 148.47ms
[5240.591s][info][gc,phases      ] GC(708)   Post Evacuate Collection Set: 1.05ms
[5240.591s][info][gc,phases      ] GC(708)   Other: 0.07ms
[5240.591s][info][gc,heap        ] GC(708) Eden regions: 570->0(571)
[5240.591s][info][gc,heap        ] GC(708) Survivor regions: 44->43(77)
[5240.591s][info][gc,heap        ] GC(708) Old regions: 222->229
[5240.591s][info][gc,heap        ] GC(708) Humongous regions: 33->33
[5240.591s][info][gc,metaspace   ] GC(708) Metaspace: 29987K(30144K)->29987K(30144K) NonClass: 29987K(30144K)->29987K(30144K) Class: 0K(0K)->0K(0K)
[5240.591s][info][gc             ] GC(708) Pause Young (Normal) (G1 Evacuation Pause) 6934M->2425M(8192M) 150.512ms
[5240.591s][info][gc,cpu         ] GC(708) User=1.20s Sys=0.00s Real=0.15s
.....[5244.734s][info][gc,start       ] GC(709) Pause Young (Normal) (G1 Evacuation Pause)
[5244.734s][info][gc,task        ] GC(709) Using 8 workers of 8 for evacuation
[5244.882s][info][gc,phases      ] GC(709)   Pre Evacuate Collection Set: 0.28ms
[5244.882s][info][gc,phases      ] GC(709)   Merge Heap Roots: 0.58ms
[5244.882s][info][gc,phases      ] GC(709)   Evacuate Collection Set: 146.58ms
[5244.882s][info][gc,phases      ] GC(709)   Post Evacuate Collection Set: 1.03ms
[5244.882s][info][gc,phases      ] GC(709)   Other: 0.07ms
[5244.882s][info][gc,heap        ] GC(709) Eden regions: 571->0(571)
[5244.882s][info][gc,heap        ] GC(709) Survivor regions: 43->43(77)
[5244.882s][info][gc,heap        ] GC(709) Old regions: 229->236
[5244.882s][info][gc,heap        ] GC(709) Humongous regions: 33->33
[5244.882s][info][gc,metaspace   ] GC(709) Metaspace: 29987K(30144K)->29987K(30144K) NonClass: 29987K(30144K)->29987K(30144K) Class: 0K(0K)->0K(0K)
[5244.882s][info][gc             ] GC(709) Pause Young (Normal) (G1 Evacuation Pause) 6993M->2479M(8192M) 148.674ms
[5244.882s][info][gc,cpu         ] GC(709) User=1.17s Sys=0.00s Real=0.15s
....[5248.980s][info][gc,start       ] GC(710) Pause Young (Normal) (G1 Evacuation Pause)
[5248.981s][info][gc,task        ] GC(710) Using 8 workers of 8 for evacuation
[5249.132s][info][gc,phases      ] GC(710)   Pre Evacuate Collection Set: 0.26ms
[5249.132s][info][gc,phases      ] GC(710)   Merge Heap Roots: 0.57ms
[5249.132s][info][gc,phases      ] GC(710)   Evacuate Collection Set: 149.79ms
[5249.132s][info][gc,phases      ] GC(710)   Post Evacuate Collection Set: 1.06ms
[5249.132s][info][gc,phases      ] GC(710)   Other: 0.06ms
[5249.132s][info][gc,heap        ] GC(710) Eden regions: 571->0(571)
[5249.132s][info][gc,heap        ] GC(710) Survivor regions: 43->43(77)
[5249.132s][info][gc,heap        ] GC(710) Old regions: 236->243
[5249.132s][info][gc,heap        ] GC(710) Humongous regions: 33->33
[5249.132s][info][gc,metaspace   ] GC(710) Metaspace: 29987K(30144K)->29987K(30144K) NonClass: 29987K(30144K)->29987K(30144K) Class: 0K(0K)->0K(0K)
[5249.132s][info][gc             ] GC(710) Pause Young (Normal) (G1 Evacuation Pause) 7047M->2535M(8192M) 151.879ms
[5249.132s][info][gc,cpu         ] GC(710) User=1.20s Sys=0.00s Real=0.15s
....[5253.292s][info][gc,start       ] GC(711) Pause Young (Normal) (G1 Evacuation Pause)
[5253.292s][info][gc,task        ] GC(711) Using 8 workers of 8 for evacuation
[5253.444s][info][gc,phases      ] GC(711)   Pre Evacuate Collection Set: 0.25ms
[5253.444s][info][gc,phases      ] GC(711)   Merge Heap Roots: 0.53ms
[5253.444s][info][gc,phases      ] GC(711)   Evacuate Collection Set: 149.91ms
[5253.444s][info][gc,phases      ] GC(711)   Post Evacuate Collection Set: 1.07ms
[5253.444s][info][gc,phases      ] GC(711)   Other: 0.06ms
[5253.444s][info][gc,heap        ] GC(711) Eden regions: 571->0(570)
[5253.444s][info][gc,heap        ] GC(711) Survivor regions: 43->44(77)
[5253.444s][info][gc,heap        ] GC(711) Old regions: 243->251
[5253.444s][info][gc,heap        ] GC(711) Humongous regions: 33->33
[5253.444s][info][gc,metaspace   ] GC(711) Metaspace: 29987K(30144K)->29987K(30144K) NonClass: 29987K(30144K)->29987K(30144K) Class: 0K(0K)->0K(0K)
[5253.444s][info][gc             ] GC(711) Pause Young (Normal) (G1 Evacuation Pause) 7103M->2602M(8192M) 151.983ms
[5253.444s][info][gc,cpu         ] GC(711) User=1.21s Sys=0.00s Real=0.15s
....[5257.540s][info][gc,start       ] GC(712) Pause Young (Normal) (G1 Evacuation Pause)
[5257.540s][info][gc,task        ] GC(712) Using 8 workers of 8 for evacuation
[5257.689s][info][gc,phases      ] GC(712)   Pre Evacuate Collection Set: 0.28ms
[5257.689s][info][gc,phases      ] GC(712)   Merge Heap Roots: 0.64ms
[5257.689s][info][gc,phases      ] GC(712)   Evacuate Collection Set: 146.74ms
[5257.689s][info][gc,phases      ] GC(712)   Post Evacuate Collection Set: 1.04ms
[5257.689s][info][gc,phases      ] GC(712)   Other: 0.07ms
[5257.689s][info][gc,heap        ] GC(712) Eden regions: 570->0(571)
[5257.689s][info][gc,heap        ] GC(712) Survivor regions: 44->43(77)
[5257.689s][info][gc,heap        ] GC(712) Old regions: 251->258
[5257.689s][info][gc,heap        ] GC(712) Humongous regions: 33->33
[5257.689s][info][gc,metaspace   ] GC(712) Metaspace: 29987K(30144K)->29987K(30144K) NonClass: 29987K(30144K)->29987K(30144K) Class: 0K(0K)->0K(0K)
[5257.689s][info][gc             ] GC(712) Pause Young (Normal) (G1 Evacuation Pause) 7162M->2654M(8192M) 148.896ms
[5257.689s][info][gc,cpu         ] GC(712) User=1.18s Sys=0.00s Real=0.15s
....|.[5261.872s][info][gc,start       ] GC(713) Pause Young (Normal) (G1 Evacuation Pause)
[5261.872s][info][gc,task        ] GC(713) Using 8 workers of 8 for evacuation
[5262.025s][info][gc,phases      ] GC(713)   Pre Evacuate Collection Set: 0.28ms
[5262.025s][info][gc,phases      ] GC(713)   Merge Heap Roots: 0.59ms
[5262.025s][info][gc,phases      ] GC(713)   Evacuate Collection Set: 151.39ms
[5262.025s][info][gc,phases      ] GC(713)   Post Evacuate Collection Set: 1.11ms
[5262.025s][info][gc,phases      ] GC(713)   Other: 0.06ms
[5262.025s][info][gc,heap        ] GC(713) Eden regions: 571->0(570)
[5262.025s][info][gc,heap        ] GC(713) Survivor regions: 43->44(77)
[5262.025s][info][gc,heap        ] GC(713) Old regions: 258->265
[5262.025s][info][gc,heap        ] GC(713) Humongous regions: 33->33
[5262.025s][info][gc,metaspace   ] GC(713) Metaspace: 29987K(30144K)->29987K(30144K) NonClass: 29987K(30144K)->29987K(30144K) Class: 0K(0K)->0K(0K)
[5262.025s][info][gc             ] GC(713) Pause Young (Normal) (G1 Evacuation Pause) 7222M->2717M(8192M) 153.580ms
[5262.025s][info][gc,cpu         ] GC(713) User=1.22s Sys=0.00s Real=0.15s
....[5266.169s][info][gc,start       ] GC(714) Pause Young (Normal) (G1 Evacuation Pause)
[5266.169s][info][gc,task        ] GC(714) Using 8 workers of 8 for evacuation
[5266.316s][info][gc,phases      ] GC(714)   Pre Evacuate Collection Set: 0.25ms
[5266.316s][info][gc,phases      ] GC(714)   Merge Heap Roots: 0.57ms
[5266.316s][info][gc,phases      ] GC(714)   Evacuate Collection Set: 145.01ms
[5266.316s][info][gc,phases      ] GC(714)   Post Evacuate Collection Set: 1.08ms
[5266.316s][info][gc,phases      ] GC(714)   Other: 0.06ms
[5266.316s][info][gc,heap        ] GC(714) Eden regions: 570->0(571)
[5266.316s][info][gc,heap        ] GC(714) Survivor regions: 44->43(77)
[5266.316s][info][gc,heap        ] GC(714) Old regions: 265->272
[5266.316s][info][gc,heap        ] GC(714) Humongous regions: 33->33
[5266.316s][info][gc,metaspace   ] GC(714) Metaspace: 29987K(30144K)->29987K(30144K) NonClass: 29987K(30144K)->29987K(30144K) Class: 0K(0K)->0K(0K)
[5266.316s][info][gc             ] GC(714) Pause Young (Normal) (G1 Evacuation Pause) 7277M->2765M(8192M) 147.117ms
[5266.316s][info][gc,cpu         ] GC(714) User=1.16s Sys=0.00s Real=0.14s
....[5270.437s][info][gc,start       ] GC(715) Pause Young (Normal) (G1 Evacuation Pause)
[5270.437s][info][gc,task        ] GC(715) Using 8 workers of 8 for evacuation
[5270.585s][info][gc,phases      ] GC(715)   Pre Evacuate Collection Set: 0.27ms
[5270.585s][info][gc,phases      ] GC(715)   Merge Heap Roots: 0.56ms
[5270.585s][info][gc,phases      ] GC(715)   Evacuate Collection Set: 145.64ms
[5270.585s][info][gc,phases      ] GC(715)   Post Evacuate Collection Set: 1.11ms
[5270.585s][info][gc,phases      ] GC(715)   Other: 0.06ms
[5270.585s][info][gc,heap        ] GC(715) Eden regions: 571->0(571)
[5270.585s][info][gc,heap        ] GC(715) Survivor regions: 43->43(77)
[5270.585s][info][gc,heap        ] GC(715) Old regions: 272->279
[5270.585s][info][gc,heap        ] GC(715) Humongous regions: 33->33
[5270.585s][info][gc,metaspace   ] GC(715) Metaspace: 29987K(30144K)->29987K(30144K) NonClass: 29987K(30144K)->29987K(30144K) Class: 0K(0K)->0K(0K)
[5270.585s][info][gc             ] GC(715) Pause Young (Normal) (G1 Evacuation Pause) 7333M->2825M(8192M) 147.779ms
[5270.585s][info][gc,cpu         ] GC(715) User=1.17s Sys=0.00s Real=0.14s
.....[5274.800s][info][gc,start       ] GC(716) Pause Young (Normal) (G1 Evacuation Pause)
[5274.800s][info][gc,task        ] GC(716) Using 8 workers of 8 for evacuation
[5274.947s][info][gc,phases      ] GC(716)   Pre Evacuate Collection Set: 0.26ms
[5274.947s][info][gc,phases      ] GC(716)   Merge Heap Roots: 0.68ms
[5274.947s][info][gc,phases      ] GC(716)   Evacuate Collection Set: 144.76ms
[5274.947s][info][gc,phases      ] GC(716)   Post Evacuate Collection Set: 1.07ms
[5274.947s][info][gc,phases      ] GC(716)   Other: 0.07ms
[5274.947s][info][gc,heap        ] GC(716) Eden regions: 571->0(567)
[5274.947s][info][gc,heap        ] GC(716) Survivor regions: 43->43(77)
[5274.947s][info][gc,heap        ] GC(716) Old regions: 279->286
[5274.947s][info][gc,heap        ] GC(716) Humongous regions: 33->33
[5274.947s][info][gc,metaspace   ] GC(716) Metaspace: 29987K(30144K)->29987K(30144K) NonClass: 29987K(30144K)->29987K(30144K) Class: 0K(0K)->0K(0K)
[5274.947s][info][gc             ] GC(716) Pause Young (Normal) (G1 Evacuation Pause) 7393M->2883M(8192M) 146.988ms
[5274.947s][info][gc,cpu         ] GC(716) User=1.16s Sys=0.00s Real=0.14s
....[5279.072s][info][gc,start       ] GC(717) Pause Young (Normal) (G1 Evacuation Pause)
[5279.072s][info][gc,task        ] GC(717) Using 8 workers of 8 for evacuation
[5279.218s][info][gc,phases      ] GC(717)   Pre Evacuate Collection Set: 0.27ms
[5279.218s][info][gc,phases      ] GC(717)   Merge Heap Roots: 0.56ms
[5279.218s][info][gc,phases      ] GC(717)   Evacuate Collection Set: 144.16ms
[5279.218s][info][gc,phases      ] GC(717)   Post Evacuate Collection Set: 1.05ms
[5279.218s][info][gc,phases      ] GC(717)   Other: 0.07ms
[5279.218s][info][gc,heap        ] GC(717) Eden regions: 567->0(560)
[5279.218s][info][gc,heap        ] GC(717) Survivor regions: 43->43(77)
[5279.218s][info][gc,heap        ] GC(717) Old regions: 286->293
[5279.218s][info][gc,heap        ] GC(717) Humongous regions: 33->33
[5279.218s][info][gc,metaspace   ] GC(717) Metaspace: 29987K(30144K)->29987K(30144K) NonClass: 29987K(30144K)->29987K(30144K) Class: 0K(0K)->0K(0K)
[5279.218s][info][gc             ] GC(717) Pause Young (Normal) (G1 Evacuation Pause) 7419M->2935M(8192M) 146.237ms
[5279.218s][info][gc,cpu         ] GC(717) User=1.15s Sys=0.00s Real=0.15s
....[5283.180s][info][gc,start       ] GC(718) Pause Young (Normal) (G1 Evacuation Pause)
[5283.180s][info][gc,task        ] GC(718) Using 8 workers of 8 for evacuation
[5283.326s][info][gc,phases      ] GC(718)   Pre Evacuate Collection Set: 0.27ms
[5283.326s][info][gc,phases      ] GC(718)   Merge Heap Roots: 0.56ms
[5283.326s][info][gc,phases      ] GC(718)   Evacuate Collection Set: 144.17ms
[5283.326s][info][gc,phases      ] GC(718)   Post Evacuate Collection Set: 1.07ms
[5283.326s][info][gc,phases      ] GC(718)   Other: 0.07ms
[5283.326s][info][gc,heap        ] GC(718) Eden regions: 560->0(554)
[5283.326s][info][gc,heap        ] GC(718) Survivor regions: 43->42(76)
[5283.326s][info][gc,heap        ] GC(718) Old regions: 293->301
[5283.326s][info][gc,heap        ] GC(718) Humongous regions: 33->33
[5283.326s][info][gc,metaspace   ] GC(718) Metaspace: 29987K(30144K)->29987K(30144K) NonClass: 29987K(30144K)->29987K(30144K) Class: 0K(0K)->0K(0K)
[5283.326s][info][gc             ] GC(718) Pause Young (Normal) (G1 Evacuation Pause) 7415M->2985M(8192M) 146.282ms
[5283.326s][info][gc,cpu         ] GC(718) User=1.16s Sys=0.01s Real=0.14s
....[5287.430s][info][gc,start       ] GC(719) Pause Young (Normal) (G1 Evacuation Pause)
[5287.430s][info][gc,task        ] GC(719) Using 8 workers of 8 for evacuation
[5287.581s][info][gc,phases      ] GC(719)   Pre Evacuate Collection Set: 0.25ms
[5287.581s][info][gc,phases      ] GC(719)   Merge Heap Roots: 0.57ms
[5287.581s][info][gc,phases      ] GC(719)   Evacuate Collection Set: 149.66ms
[5287.581s][info][gc,phases      ] GC(719)   Post Evacuate Collection Set: 1.03ms
[5287.581s][info][gc,phases      ] GC(719)   Other: 0.06ms
[5287.581s][info][gc,heap        ] GC(719) Eden regions: 554->0(545)
[5287.581s][info][gc,heap        ] GC(719) Survivor regions: 42->43(75)
[5287.582s][info][gc,heap        ] GC(719) Old regions: 301->308
[5287.582s][info][gc,heap        ] GC(719) Humongous regions: 33->33
[5287.582s][info][gc,metaspace   ] GC(719) Metaspace: 29987K(30144K)->29987K(30144K) NonClass: 29987K(30144K)->29987K(30144K) Class: 0K(0K)->0K(0K)
[5287.582s][info][gc             ] GC(719) Pause Young (Normal) (G1 Evacuation Pause) 7417M->3055M(8192M) 151.682ms
[5287.582s][info][gc,cpu         ] GC(719) User=1.20s Sys=0.00s Real=0.15s
....[5291.489s][info][gc,start       ] GC(720) Pause Young (Concurrent Start) (G1 Evacuation Pause)
[5291.489s][info][gc,task        ] GC(720) Using 8 workers of 8 for evacuation
[5291.641s][info][gc,phases      ] GC(720)   Pre Evacuate Collection Set: 0.29ms
[5291.641s][info][gc,phases      ] GC(720)   Merge Heap Roots: 0.56ms
[5291.641s][info][gc,phases      ] GC(720)   Evacuate Collection Set: 150.49ms
[5291.641s][info][gc,phases      ] GC(720)   Post Evacuate Collection Set: 1.02ms
[5291.641s][info][gc,phases      ] GC(720)   Other: 0.10ms
[5291.641s][info][gc,heap        ] GC(720) Eden regions: 545->0(535)
[5291.641s][info][gc,heap        ] GC(720) Survivor regions: 43->44(74)
[5291.641s][info][gc,heap        ] GC(720) Old regions: 308->316
[5291.641s][info][gc,heap        ] GC(720) Humongous regions: 33->33
[5291.641s][info][gc,metaspace   ] GC(720) Metaspace: 29987K(30144K)->29987K(30144K) NonClass: 29987K(30144K)->29987K(30144K) Class: 0K(0K)->0K(0K)
[5291.641s][info][gc             ] GC(720) Pause Young (Concurrent Start) (G1 Evacuation Pause) 7415M->3125M(8192M) 152.604ms
[5291.641s][info][gc             ] GC(721) Concurrent Mark Cycle
[5291.641s][info][gc,marking     ] GC(721) Concurrent Scan Root Regions
[5291.641s][info][gc,cpu         ] GC(720) User=1.20s Sys=0.01s Real=0.15s
.[5291.926s][info][gc,marking     ] GC(721) Concurrent Scan Root Regions 284.140ms
[5291.926s][info][gc,marking     ] GC(721) Concurrent Mark
[5291.926s][info][gc,marking     ] GC(721) Concurrent Mark From Roots
[5291.926s][info][gc,task        ] GC(721) Using 2 workers of 2 for marking
.[5293.091s][info][gc,marking     ] GC(721) Concurrent Mark From Roots 1165.771ms
[5293.092s][info][gc,marking     ] GC(721) Concurrent Preclean
[5293.092s][info][gc,marking     ] GC(721) Concurrent Preclean 0.142ms
[5293.092s][info][gc,start       ] GC(721) Pause Remark
[5293.095s][info][gc             ] GC(721) Pause Remark 4782M->4278M(8192M) 2.987ms
[5293.095s][info][gc,cpu         ] GC(721) User=0.02s Sys=0.00s Real=0.00s
[5293.095s][info][gc,marking     ] GC(721) Concurrent Mark 1169.229ms
[5293.095s][info][gc,marking     ] GC(721) Concurrent Rebuild Remembered Sets and Scrub Regions
[5293.642s][info][gc,marking     ] GC(721) Concurrent Rebuild Remembered Sets and Scrub Regions 547.241ms
[5293.642s][info][gc,start       ] GC(721) Pause Cleanup
[5293.643s][info][gc             ] GC(721) Pause Cleanup 4874M->4874M(8192M) 0.278ms
[5293.643s][info][gc,cpu         ] GC(721) User=0.00s Sys=0.00s Real=0.00s
[5293.643s][info][gc,marking     ] GC(721) Concurrent Clear Claimed Marks
[5293.643s][info][gc,marking     ] GC(721) Concurrent Clear Claimed Marks 0.047ms
[5293.643s][info][gc,marking     ] GC(721) Concurrent Cleanup for Next Mark
[5293.655s][info][gc,marking     ] GC(721) Concurrent Cleanup for Next Mark 12.691ms
[5293.655s][info][gc             ] GC(721) Concurrent Mark Cycle 2014.022ms
..[5295.445s][info][gc,start       ] GC(722) Pause Young (Prepare Mixed) (G1 Evacuation Pause)
[5295.445s][info][gc,task        ] GC(722) Using 8 workers of 8 for evacuation
[5295.592s][info][gc,phases      ] GC(722)   Pre Evacuate Collection Set: 0.26ms
[5295.592s][info][gc,phases      ] GC(722)   Merge Heap Roots: 0.78ms
[5295.592s][info][gc,phases      ] GC(722)   Evacuate Collection Set: 144.46ms
[5295.592s][info][gc,phases      ] GC(722)   Post Evacuate Collection Set: 1.14ms
[5295.592s][info][gc,phases      ] GC(722)   Other: 0.06ms
[5295.592s][info][gc,heap        ] GC(722) Eden regions: 535->0(572)
[5295.592s][info][gc,heap        ] GC(722) Survivor regions: 44->42(73)
[5295.592s][info][gc,heap        ] GC(722) Old regions: 253->261
[5295.592s][info][gc,heap        ] GC(722) Humongous regions: 33->33
[5295.592s][info][gc,metaspace   ] GC(722) Metaspace: 29987K(30144K)->29987K(30144K) NonClass: 29987K(30144K)->29987K(30144K) Class: 0K(0K)->0K(0K)
[5295.592s][info][gc             ] GC(722) Pause Young (Prepare Mixed) (G1 Evacuation Pause) 6901M->2670M(8192M) 146.829ms
[5295.592s][info][gc,cpu         ] GC(722) User=1.16s Sys=0.00s Real=0.15s
....[5299.708s][info][gc,start       ] GC(723) Pause Young (Mixed) (G1 Evacuation Pause)
[5299.708s][info][gc,task        ] GC(723) Using 8 workers of 8 for evacuation
[5299.860s][info][gc,phases      ] GC(723)   Pre Evacuate Collection Set: 0.30ms
[5299.860s][info][gc,phases      ] GC(723)   Merge Heap Roots: 0.77ms
[5299.860s][info][gc,phases      ] GC(723)   Evacuate Collection Set: 149.75ms
[5299.860s][info][gc,phases      ] GC(723)   Post Evacuate Collection Set: 1.25ms
[5299.860s][info][gc,phases      ] GC(723)   Other: 0.07ms
[5299.860s][info][gc,heap        ] GC(723) Eden regions: 572->0(571)
[5299.860s][info][gc,heap        ] GC(723) Survivor regions: 42->43(77)
[5299.860s][info][gc,heap        ] GC(723) Old regions: 261->165
[5299.860s][info][gc,heap        ] GC(723) Humongous regions: 33->33
[5299.860s][info][gc,metaspace   ] GC(723) Metaspace: 29987K(30144K)->29987K(30144K) NonClass: 29987K(30144K)->29987K(30144K) Class: 0K(0K)->0K(0K)
[5299.860s][info][gc             ] GC(723) Pause Young (Mixed) (G1 Evacuation Pause) 7246M->1911M(8192M) 152.275ms
[5299.860s][info][gc,cpu         ] GC(723) User=1.20s Sys=0.00s Real=0.15s
.....[5304.016s][info][gc,start       ] GC(724) Pause Young (Mixed) (G1 Evacuation Pause)
[5304.016s][info][gc,task        ] GC(724) Using 8 workers of 8 for evacuation
[5304.170s][info][gc,phases      ] GC(724)   Pre Evacuate Collection Set: 0.27ms
[5304.170s][info][gc,phases      ] GC(724)   Merge Heap Roots: 0.96ms
[5304.170s][info][gc,phases      ] GC(724)   Evacuate Collection Set: 151.81ms
[5304.170s][info][gc,phases      ] GC(724)   Post Evacuate Collection Set: 1.04ms
[5304.170s][info][gc,phases      ] GC(724)   Other: 0.07ms
[5304.170s][info][gc,heap        ] GC(724) Eden regions: 571->0(572)
[5304.170s][info][gc,heap        ] GC(724) Survivor regions: 43->42(77)
[5304.170s][info][gc,heap        ] GC(724) Old regions: 165->144
[5304.170s][info][gc,heap        ] GC(724) Humongous regions: 33->33
[5304.170s][info][gc,metaspace   ] GC(724) Metaspace: 29987K(30144K)->29987K(30144K) NonClass: 29987K(30144K)->29987K(30144K) Class: 0K(0K)->0K(0K)
[5304.170s][info][gc             ] GC(724) Pause Young (Mixed) (G1 Evacuation Pause) 6479M->1733M(8192M) 154.311ms
[5304.170s][info][gc,cpu         ] GC(724) User=1.22s Sys=0.00s Real=0.16s
....[5308.233s][info][gc,start       ] GC(725) Pause Young (Normal) (G1 Evacuation Pause)
[5308.233s][info][gc,task        ] GC(725) Using 8 workers of 8 for evacuation
[5308.380s][info][gc,phases      ] GC(725)   Pre Evacuate Collection Set: 0.25ms
[5308.380s][info][gc,phases      ] GC(725)   Merge Heap Roots: 0.55ms
[5308.380s][info][gc,phases      ] GC(725)   Evacuate Collection Set: 144.32ms
[5308.380s][info][gc,phases      ] GC(725)   Post Evacuate Collection Set: 1.07ms
[5308.380s][info][gc,phases      ] GC(725)   Other: 0.07ms
[5308.380s][info][gc,heap        ] GC(725) Eden regions: 572->0(571)
[5308.380s][info][gc,heap        ] GC(725) Survivor regions: 42->43(77)
[5308.380s][info][gc,heap        ] GC(725) Old regions: 144->151
[5308.380s][info][gc,heap        ] GC(725) Humongous regions: 33->33
[5308.380s][info][gc,metaspace   ] GC(725) Metaspace: 29987K(30144K)->29987K(30144K) NonClass: 29987K(30144K)->29987K(30144K) Class: 0K(0K)->0K(0K)
[5308.380s][info][gc             ] GC(725) Pause Young (Normal) (G1 Evacuation Pause) 6309M->1799M(8192M) 146.391ms
[5308.380s][info][gc,cpu         ] GC(725) User=1.16s Sys=0.00s Real=0.15s
....[5312.359s][info][gc,start       ] GC(726) Pause Young (Normal) (G1 Evacuation Pause)
[5312.359s][info][gc,task        ] GC(726) Using 8 workers of 8 for evacuation
[5312.505s][info][gc,phases      ] GC(726)   Pre Evacuate Collection Set: 0.24ms
[5312.505s][info][gc,phases      ] GC(726)   Merge Heap Roots: 0.54ms
[5312.505s][info][gc,phases      ] GC(726)   Evacuate Collection Set: 144.95ms
[5312.505s][info][gc,phases      ] GC(726)   Post Evacuate Collection Set: 1.06ms
[5312.505s][info][gc,phases      ] GC(726)   Other: 0.06ms
[5312.505s][info][gc,heap        ] GC(726) Eden regions: 571->0(570)
[5312.505s][info][gc,heap        ] GC(726) Survivor regions: 43->44(77)
[5312.505s][info][gc,heap        ] GC(726) Old regions: 151->158
[5312.505s][info][gc,heap        ] GC(726) Humongous regions: 33->33
[5312.505s][info][gc,metaspace   ] GC(726) Metaspace: 29987K(30144K)->29987K(30144K) NonClass: 29987K(30144K)->29987K(30144K) Class: 0K(0K)->0K(0K)
[5312.506s][info][gc             ] GC(726) Pause Young (Normal) (G1 Evacuation Pause) 6367M->1861M(8192M) 146.979ms
[5312.506s][info][gc,cpu         ] GC(726) User=1.16s Sys=0.00s Real=0.14s
....[5316.629s][info][gc,start       ] GC(727) Pause Young (Normal) (G1 Evacuation Pause)
[5316.629s][info][gc,task        ] GC(727) Using 8 workers of 8 for evacuation
[5316.780s][info][gc,phases      ] GC(727)   Pre Evacuate Collection Set: 0.26ms
[5316.780s][info][gc,phases      ] GC(727)   Merge Heap Roots: 0.56ms
[5316.780s][info][gc,phases      ] GC(727)   Evacuate Collection Set: 148.87ms
[5316.780s][info][gc,phases      ] GC(727)   Post Evacuate Collection Set: 1.05ms
[5316.780s][info][gc,phases      ] GC(727)   Other: 0.06ms
[5316.780s][info][gc,heap        ] GC(727) Eden regions: 570->0(571)
[5316.780s][info][gc,heap        ] GC(727) Survivor regions: 44->43(77)
[5316.780s][info][gc,heap        ] GC(727) Old regions: 158->165
[5316.780s][info][gc,heap        ] GC(727) Humongous regions: 33->33
[5316.780s][info][gc,metaspace   ] GC(727) Metaspace: 29987K(30144K)->29987K(30144K) NonClass: 29987K(30144K)->29987K(30144K) Class: 0K(0K)->0K(0K)
[5316.780s][info][gc             ] GC(727) Pause Young (Normal) (G1 Evacuation Pause) 6421M->1913M(8192M) 150.934ms
[5316.780s][info][gc,cpu         ] GC(727) User=1.20s Sys=0.00s Real=0.15s
.....[5320.930s][info][gc,start       ] GC(728) Pause Young (Normal) (G1 Evacuation Pause)
[5320.930s][info][gc,task        ] GC(728) Using 8 workers of 8 for evacuation
[5321.080s][info][gc,phases      ] GC(728)   Pre Evacuate Collection Set: 0.27ms
[5321.080s][info][gc,phases      ] GC(728)   Merge Heap Roots: 0.54ms
[5321.080s][info][gc,phases      ] GC(728)   Evacuate Collection Set: 147.20ms
[5321.080s][info][gc,phases      ] GC(728)   Post Evacuate Collection Set: 1.09ms
[5321.080s][info][gc,phases      ] GC(728)   Other: 0.07ms
[5321.080s][info][gc,heap        ] GC(728) Eden regions: 571->0(571)
[5321.080s][info][gc,heap        ] GC(728) Survivor regions: 43->43(77)
[5321.080s][info][gc,heap        ] GC(728) Old regions: 165->172
[5321.080s][info][gc,heap        ] GC(728) Humongous regions: 33->33
[5321.080s][info][gc,metaspace   ] GC(728) Metaspace: 29987K(30144K)->29987K(30144K) NonClass: 29987K(30144K)->29987K(30144K) Class: 0K(0K)->0K(0K)
[5321.080s][info][gc             ] GC(728) Pause Young (Normal) (G1 Evacuation Pause) 6481M->1971M(8192M) 149.319ms
[5321.080s][info][gc,cpu         ] GC(728) User=1.18s Sys=0.00s Real=0.15s
 (rIR:aIR:PR = 8994:8983:8985) (tPR = 132482) [OK] 
  5321s: Performance info:
         Transaction,    Success,    Partial,     Failed,   Receipts, AvgBarcode, 
             Overall,     540570,          0,          0,     513457,      59.47, 
         Response times:
             Request,    Success,    Partial,     Failed,   SkipFail,     Probes,    Samples,      min,      p50,      p90,      p95,      p99,      max, 
       TotalPurchase,     513367,          0,          0,          0,     359426,     534146,      300,     6200,    18400,    54000,   111000,   820000,
     InStorePurchase,     271898,          0,          0,          0,     188871,     280317,      300,     6200,    18300,    53000,   111000,   820000,
      OnlinePurchase,     187115,          0,          0,          0,     132005,     196232,      300,     6100,    18100,    52000,   111000,   810000,
        InstPurchase,      54354,          0,          0,          0,      38550,      57597,      500,     6500,    19300,    59000,   115000,   780000,
          AssocOfCat,        540,          0,          0,          0,        447,        777,    27000,    48000,    72200,   113000,   199440,   216000,
      AssocOfProduct,       5371,          0,          0,          0,       3933,       6175,      700,     6300,    18400,    52200,   102240,   215000,
      BusinessReport,       1353,          0,          0,          0,       1195,       1909,    31000,    52000,    84000,   116500,   204300,   431000,
          CustBuyBeh,       5427,          0,          0,          0,       3908,       6116,      100,     4500,    15830,    48000,   105660,   386000,
       ProductReturn,      14403,          0,          0,          0,      10247,      15555,      200,     6400,    17900,    60000,   120000,   630000,

  5321s: (66%)   IR =   9132 ....[5325.300s][info][gc,start       ] GC(729) Pause Young (Normal) (G1 Evacuation Pause)
[5325.300s][info][gc,task        ] GC(729) Using 8 workers of 8 for evacuation
[5325.447s][info][gc,phases      ] GC(729)   Pre Evacuate Collection Set: 0.24ms
[5325.447s][info][gc,phases      ] GC(729)   Merge Heap Roots: 0.54ms
[5325.447s][info][gc,phases      ] GC(729)   Evacuate Collection Set: 144.77ms
[5325.447s][info][gc,phases      ] GC(729)   Post Evacuate Collection Set: 1.11ms
[5325.447s][info][gc,phases      ] GC(729)   Other: 0.06ms
[5325.447s][info][gc,heap        ] GC(729) Eden regions: 571->0(571)
[5325.447s][info][gc,heap        ] GC(729) Survivor regions: 43->43(77)
[5325.447s][info][gc,heap        ] GC(729) Old regions: 172->180
[5325.447s][info][gc,heap        ] GC(729) Humongous regions: 33->33
[5325.447s][info][gc,metaspace   ] GC(729) Metaspace: 29987K(30144K)->29987K(30144K) NonClass: 29987K(30144K)->29987K(30144K) Class: 0K(0K)->0K(0K)
[5325.447s][info][gc             ] GC(729) Pause Young (Normal) (G1 Evacuation Pause) 6539M->2025M(8192M) 146.861ms
[5325.447s][info][gc,cpu         ] GC(729) User=1.17s Sys=0.00s Real=0.14s
....[5329.555s][info][gc,start       ] GC(730) Pause Young (Normal) (G1 Evacuation Pause)
[5329.555s][info][gc,task        ] GC(730) Using 8 workers of 8 for evacuation
[5329.703s][info][gc,phases      ] GC(730)   Pre Evacuate Collection Set: 0.28ms
[5329.704s][info][gc,phases      ] GC(730)   Merge Heap Roots: 0.51ms
[5329.704s][info][gc,phases      ] GC(730)   Evacuate Collection Set: 146.51ms
[5329.704s][info][gc,phases      ] GC(730)   Post Evacuate Collection Set: 1.08ms
[5329.704s][info][gc,phases      ] GC(730)   Other: 0.06ms
[5329.704s][info][gc,heap        ] GC(730) Eden regions: 571->0(570)
[5329.704s][info][gc,heap        ] GC(730) Survivor regions: 43->44(77)
[5329.704s][info][gc,heap        ] GC(730) Old regions: 180->186
[5329.704s][info][gc,heap        ] GC(730) Humongous regions: 33->33
[5329.704s][info][gc,metaspace   ] GC(730) Metaspace: 29987K(30144K)->29987K(30144K) NonClass: 29987K(30144K)->29987K(30144K) Class: 0K(0K)->0K(0K)
[5329.704s][info][gc             ] GC(730) Pause Young (Normal) (G1 Evacuation Pause) 6593M->2087M(8192M) 148.589ms
[5329.704s][info][gc,cpu         ] GC(730) User=1.18s Sys=0.00s Real=0.15s
....[5333.726s][info][gc,start       ] GC(731) Pause Young (Normal) (G1 Evacuation Pause)
[5333.726s][info][gc,task        ] GC(731) Using 8 workers of 8 for evacuation
[5333.873s][info][gc,phases      ] GC(731)   Pre Evacuate Collection Set: 0.26ms
[5333.873s][info][gc,phases      ] GC(731)   Merge Heap Roots: 0.56ms
[5333.874s][info][gc,phases      ] GC(731)   Evacuate Collection Set: 145.07ms
[5333.874s][info][gc,phases      ] GC(731)   Post Evacuate Collection Set: 1.05ms
[5333.874s][info][gc,phases      ] GC(731)   Other: 0.06ms
[5333.874s][info][gc,heap        ] GC(731) Eden regions: 570->0(571)
[5333.874s][info][gc,heap        ] GC(731) Survivor regions: 44->43(77)
[5333.874s][info][gc,heap        ] GC(731) Old regions: 186->193
[5333.874s][info][gc,heap        ] GC(731) Humongous regions: 33->33
[5333.874s][info][gc,metaspace   ] GC(731) Metaspace: 29987K(30144K)->29987K(30144K) NonClass: 29987K(30144K)->29987K(30144K) Class: 0K(0K)->0K(0K)
[5333.874s][info][gc             ] GC(731) Pause Young (Normal) (G1 Evacuation Pause) 6647M->2135M(8192M) 147.126ms
[5333.874s][info][gc,cpu         ] GC(731) User=1.16s Sys=0.00s Real=0.15s
....[5337.912s][info][gc,start       ] GC(732) Pause Young (Normal) (G1 Evacuation Pause)
[5337.912s][info][gc,task        ] GC(732) Using 8 workers of 8 for evacuation
[5338.061s][info][gc,phases      ] GC(732)   Pre Evacuate Collection Set: 0.24ms
[5338.061s][info][gc,phases      ] GC(732)   Merge Heap Roots: 0.55ms
[5338.061s][info][gc,phases      ] GC(732)   Evacuate Collection Set: 147.71ms
[5338.061s][info][gc,phases      ] GC(732)   Post Evacuate Collection Set: 1.05ms
[5338.061s][info][gc,phases      ] GC(732)   Other: 0.06ms
[5338.061s][info][gc,heap        ] GC(732) Eden regions: 571->0(570)
[5338.061s][info][gc,heap        ] GC(732) Survivor regions: 43->44(77)
[5338.061s][info][gc,heap        ] GC(732) Old regions: 193->201
[5338.061s][info][gc,heap        ] GC(732) Humongous regions: 33->33
[5338.061s][info][gc,metaspace   ] GC(732) Metaspace: 29987K(30144K)->29987K(30144K) NonClass: 29987K(30144K)->29987K(30144K) Class: 0K(0K)->0K(0K)
[5338.061s][info][gc             ] GC(732) Pause Young (Normal) (G1 Evacuation Pause) 6703M->2203M(8192M) 149.741ms
[5338.061s][info][gc,cpu         ] GC(732) User=1.19s Sys=0.00s Real=0.15s
....|[5342.125s][info][gc,start       ] GC(733) Pause Young (Normal) (G1 Evacuation Pause)
[5342.125s][info][gc,task        ] GC(733) Using 8 workers of 8 for evacuation
[5342.277s][info][gc,phases      ] GC(733)   Pre Evacuate Collection Set: 0.24ms
[5342.277s][info][gc,phases      ] GC(733)   Merge Heap Roots: 0.56ms
[5342.277s][info][gc,phases      ] GC(733)   Evacuate Collection Set: 149.61ms
[5342.277s][info][gc,phases      ] GC(733)   Post Evacuate Collection Set: 1.08ms
[5342.277s][info][gc,phases      ] GC(733)   Other: 0.08ms
[5342.277s][info][gc,heap        ] GC(733) Eden regions: 570->0(570)
[5342.277s][info][gc,heap        ] GC(733) Survivor regions: 44->44(77)
[5342.277s][info][gc,heap        ] GC(733) Old regions: 201->208
[5342.277s][info][gc,heap        ] GC(733) Humongous regions: 33->33
[5342.277s][info][gc,metaspace   ] GC(733) Metaspace: 29987K(30144K)->29987K(30144K) NonClass: 29987K(30144K)->29987K(30144K) Class: 0K(0K)->0K(0K)
[5342.277s][info][gc             ] GC(733) Pause Young (Normal) (G1 Evacuation Pause) 6763M->2267M(8192M) 151.711ms
[5342.277s][info][gc,cpu         ] GC(733) User=1.20s Sys=0.00s Real=0.15s
.....[5346.296s][info][gc,start       ] GC(734) Pause Young (Normal) (G1 Evacuation Pause)
[5346.296s][info][gc,task        ] GC(734) Using 8 workers of 8 for evacuation
[5346.443s][info][gc,phases      ] GC(734)   Pre Evacuate Collection Set: 0.29ms
[5346.443s][info][gc,phases      ] GC(734)   Merge Heap Roots: 0.64ms
[5346.443s][info][gc,phases      ] GC(734)   Evacuate Collection Set: 145.09ms
[5346.443s][info][gc,phases      ] GC(734)   Post Evacuate Collection Set: 1.07ms
[5346.443s][info][gc,phases      ] GC(734)   Other: 0.06ms
[5346.443s][info][gc,heap        ] GC(734) Eden regions: 570->0(571)
[5346.443s][info][gc,heap        ] GC(734) Survivor regions: 44->43(77)
[5346.443s][info][gc,heap        ] GC(734) Old regions: 208->215
[5346.443s][info][gc,heap        ] GC(734) Humongous regions: 33->33
[5346.443s][info][gc,metaspace   ] GC(734) Metaspace: 29987K(30144K)->29987K(30144K) NonClass: 29987K(30144K)->29987K(30144K) Class: 0K(0K)->0K(0K)
[5346.443s][info][gc             ] GC(734) Pause Young (Normal) (G1 Evacuation Pause) 6827M->2311M(8192M) 147.284ms
[5346.443s][info][gc,cpu         ] GC(734) User=1.16s Sys=0.00s Real=0.15s
....[5350.560s][info][gc,start       ] GC(735) Pause Young (Normal) (G1 Evacuation Pause)
[5350.560s][info][gc,task        ] GC(735) Using 8 workers of 8 for evacuation
[5350.708s][info][gc,phases      ] GC(735)   Pre Evacuate Collection Set: 0.24ms
[5350.708s][info][gc,phases      ] GC(735)   Merge Heap Roots: 0.55ms
[5350.708s][info][gc,phases      ] GC(735)   Evacuate Collection Set: 146.06ms
[5350.708s][info][gc,phases      ] GC(735)   Post Evacuate Collection Set: 1.05ms
[5350.708s][info][gc,phases      ] GC(735)   Other: 0.07ms
[5350.708s][info][gc,heap        ] GC(735) Eden regions: 571->0(571)
[5350.708s][info][gc,heap        ] GC(735) Survivor regions: 43->43(77)
[5350.708s][info][gc,heap        ] GC(735) Old regions: 215->223
[5350.708s][info][gc,heap        ] GC(735) Humongous regions: 33->33
[5350.708s][info][gc,metaspace   ] GC(735) Metaspace: 29987K(30144K)->29987K(30144K) NonClass: 29987K(30144K)->29987K(30144K) Class: 0K(0K)->0K(0K)
[5350.708s][info][gc             ] GC(735) Pause Young (Normal) (G1 Evacuation Pause) 6879M->2373M(8192M) 148.095ms
[5350.708s][info][gc,cpu         ] GC(735) User=1.17s Sys=0.00s Real=0.15s
....[5354.659s][info][gc,start       ] GC(736) Pause Young (Normal) (G1 Evacuation Pause)
[5354.659s][info][gc,task        ] GC(736) Using 8 workers of 8 for evacuation
[5354.805s][info][gc,phases      ] GC(736)   Pre Evacuate Collection Set: 0.25ms
[5354.805s][info][gc,phases      ] GC(736)   Merge Heap Roots: 0.53ms
[5354.805s][info][gc,phases      ] GC(736)   Evacuate Collection Set: 144.81ms
[5354.805s][info][gc,phases      ] GC(736)   Post Evacuate Collection Set: 1.03ms
[5354.805s][info][gc,phases      ] GC(736)   Other: 0.06ms
[5354.805s][info][gc,heap        ] GC(736) Eden regions: 571->0(571)
[5354.805s][info][gc,heap        ] GC(736) Survivor regions: 43->43(77)
[5354.805s][info][gc,heap        ] GC(736) Old regions: 223->230
[5354.805s][info][gc,heap        ] GC(736) Humongous regions: 33->33
[5354.805s][info][gc,metaspace   ] GC(736) Metaspace: 29987K(30144K)->29987K(30144K) NonClass: 29987K(30144K)->29987K(30144K) Class: 0K(0K)->0K(0K)
[5354.805s][info][gc             ] GC(736) Pause Young (Normal) (G1 Evacuation Pause) 6941M->2430M(8192M) 146.807ms
[5354.805s][info][gc,cpu         ] GC(736) User=1.16s Sys=0.00s Real=0.14s
....[5358.972s][info][gc,start       ] GC(737) Pause Young (Normal) (G1 Evacuation Pause)
[5358.972s][info][gc,task        ] GC(737) Using 8 workers of 8 for evacuation
[5359.120s][info][gc,phases      ] GC(737)   Pre Evacuate Collection Set: 0.27ms
[5359.120s][info][gc,phases      ] GC(737)   Merge Heap Roots: 0.55ms
[5359.120s][info][gc,phases      ] GC(737)   Evacuate Collection Set: 146.55ms
[5359.120s][info][gc,phases      ] GC(737)   Post Evacuate Collection Set: 1.08ms
[5359.120s][info][gc,phases      ] GC(737)   Other: 0.07ms
[5359.120s][info][gc,heap        ] GC(737) Eden regions: 571->0(571)
[5359.120s][info][gc,heap        ] GC(737) Survivor regions: 43->43(77)
[5359.120s][info][gc,heap        ] GC(737) Old regions: 230->237
[5359.120s][info][gc,heap        ] GC(737) Humongous regions: 33->33
[5359.120s][info][gc,metaspace   ] GC(737) Metaspace: 29987K(30144K)->29987K(30144K) NonClass: 29987K(30144K)->29987K(30144K) Class: 0K(0K)->0K(0K)
[5359.120s][info][gc             ] GC(737) Pause Young (Normal) (G1 Evacuation Pause) 6998M->2487M(8192M) 148.666ms
[5359.120s][info][gc,cpu         ] GC(737) User=1.17s Sys=0.01s Real=0.15s
....[5363.120s][info][gc,start       ] GC(738) Pause Young (Normal) (G1 Evacuation Pause)
[5363.120s][info][gc,task        ] GC(738) Using 8 workers of 8 for evacuation
[5363.266s][info][gc,phases      ] GC(738)   Pre Evacuate Collection Set: 0.27ms
[5363.266s][info][gc,phases      ] GC(738)   Merge Heap Roots: 0.62ms
[5363.266s][info][gc,phases      ] GC(738)   Evacuate Collection Set: 144.50ms
[5363.266s][info][gc,phases      ] GC(738)   Post Evacuate Collection Set: 1.07ms
[5363.266s][info][gc,phases      ] GC(738)   Other: 0.06ms
[5363.266s][info][gc,heap        ] GC(738) Eden regions: 571->0(571)
[5363.266s][info][gc,heap        ] GC(738) Survivor regions: 43->43(77)
[5363.266s][info][gc,heap        ] GC(738) Old regions: 237->244
[5363.266s][info][gc,heap        ] GC(738) Humongous regions: 33->33
[5363.266s][info][gc,metaspace   ] GC(738) Metaspace: 29987K(30144K)->29987K(30144K) NonClass: 29987K(30144K)->29987K(30144K) Class: 0K(0K)->0K(0K)
[5363.267s][info][gc             ] GC(738) Pause Young (Normal) (G1 Evacuation Pause) 7055M->2545M(8192M) 146.631ms
[5363.267s][info][gc,cpu         ] GC(738) User=1.16s Sys=0.00s Real=0.14s
.....[5367.347s][info][gc,start       ] GC(739) Pause Young (Normal) (G1 Evacuation Pause)
[5367.347s][info][gc,task        ] GC(739) Using 8 workers of 8 for evacuation
[5367.496s][info][gc,phases      ] GC(739)   Pre Evacuate Collection Set: 0.27ms
[5367.496s][info][gc,phases      ] GC(739)   Merge Heap Roots: 0.54ms
[5367.496s][info][gc,phases      ] GC(739)   Evacuate Collection Set: 147.08ms
[5367.496s][info][gc,phases      ] GC(739)   Post Evacuate Collection Set: 1.08ms
[5367.496s][info][gc,phases      ] GC(739)   Other: 0.06ms
[5367.496s][info][gc,heap        ] GC(739) Eden regions: 571->0(571)
[5367.496s][info][gc,heap        ] GC(739) Survivor regions: 43->43(77)
[5367.496s][info][gc,heap        ] GC(739) Old regions: 244->251
[5367.496s][info][gc,heap        ] GC(739) Humongous regions: 33->33
[5367.496s][info][gc,metaspace   ] GC(739) Metaspace: 29987K(30144K)->29987K(30144K) NonClass: 29987K(30144K)->29987K(30144K) Class: 0K(0K)->0K(0K)
[5367.496s][info][gc             ] GC(739) Pause Young (Normal) (G1 Evacuation Pause) 7113M->2602M(8192M) 149.160ms
[5367.496s][info][gc,cpu         ] GC(739) User=1.18s Sys=0.00s Real=0.14s
....[5371.467s][info][gc,start       ] GC(740) Pause Young (Normal) (G1 Evacuation Pause)
[5371.467s][info][gc,task        ] GC(740) Using 8 workers of 8 for evacuation
[5371.618s][info][gc,phases      ] GC(740)   Pre Evacuate Collection Set: 0.24ms
[5371.618s][info][gc,phases      ] GC(740)   Merge Heap Roots: 0.63ms
[5371.618s][info][gc,phases      ] GC(740)   Evacuate Collection Set: 149.50ms
[5371.618s][info][gc,phases      ] GC(740)   Post Evacuate Collection Set: 1.07ms
[5371.618s][info][gc,phases      ] GC(740)   Other: 0.06ms
[5371.618s][info][gc,heap        ] GC(740) Eden regions: 571->0(570)
[5371.618s][info][gc,heap        ] GC(740) Survivor regions: 43->44(77)
[5371.618s][info][gc,heap        ] GC(740) Old regions: 251->259
[5371.618s][info][gc,heap        ] GC(740) Humongous regions: 33->33
[5371.618s][info][gc,metaspace   ] GC(740) Metaspace: 29987K(30144K)->29987K(30144K) NonClass: 29987K(30144K)->29987K(30144K) Class: 0K(0K)->0K(0K)
[5371.618s][info][gc             ] GC(740) Pause Young (Normal) (G1 Evacuation Pause) 7170M->2666M(8192M) 151.643ms
[5371.618s][info][gc,cpu         ] GC(740) User=1.20s Sys=0.00s Real=0.16s
....[5375.705s][info][gc,start       ] GC(741) Pause Young (Normal) (G1 Evacuation Pause)
[5375.705s][info][gc,task        ] GC(741) Using 8 workers of 8 for evacuation
[5375.851s][info][gc,phases      ] GC(741)   Pre Evacuate Collection Set: 0.27ms
[5375.851s][info][gc,phases      ] GC(741)   Merge Heap Roots: 0.56ms
[5375.851s][info][gc,phases      ] GC(741)   Evacuate Collection Set: 144.16ms
[5375.851s][info][gc,phases      ] GC(741)   Post Evacuate Collection Set: 1.10ms
[5375.851s][info][gc,phases      ] GC(741)   Other: 0.07ms
[5375.851s][info][gc,heap        ] GC(741) Eden regions: 570->0(571)
[5375.851s][info][gc,heap        ] GC(741) Survivor regions: 44->43(77)
[5375.851s][info][gc,heap        ] GC(741) Old regions: 259->266
[5375.851s][info][gc,heap        ] GC(741) Humongous regions: 33->33
[5375.851s][info][gc,metaspace   ] GC(741) Metaspace: 29987K(30144K)->29987K(30144K) NonClass: 29987K(30144K)->29987K(30144K) Class: 0K(0K)->0K(0K)
[5375.851s][info][gc             ] GC(741) Pause Young (Normal) (G1 Evacuation Pause) 7226M->2717M(8192M) 146.298ms
[5375.851s][info][gc,cpu         ] GC(741) User=1.15s Sys=0.00s Real=0.15s
....[5379.894s][info][gc,start       ] GC(742) Pause Young (Normal) (G1 Evacuation Pause)
[5379.894s][info][gc,task        ] GC(742) Using 8 workers of 8 for evacuation
[5380.042s][info][gc,phases      ] GC(742)   Pre Evacuate Collection Set: 0.25ms
[5380.042s][info][gc,phases      ] GC(742)   Merge Heap Roots: 0.56ms
[5380.042s][info][gc,phases      ] GC(742)   Evacuate Collection Set: 146.03ms
[5380.042s][info][gc,phases      ] GC(742)   Post Evacuate Collection Set: 1.06ms
[5380.042s][info][gc,phases      ] GC(742)   Other: 0.07ms
[5380.042s][info][gc,heap        ] GC(742) Eden regions: 571->0(571)
[5380.042s][info][gc,heap        ] GC(742) Survivor regions: 43->43(77)
[5380.042s][info][gc,heap        ] GC(742) Old regions: 266->273
[5380.042s][info][gc,heap        ] GC(742) Humongous regions: 33->33
[5380.042s][info][gc,metaspace   ] GC(742) Metaspace: 29987K(30144K)->29987K(30144K) NonClass: 29987K(30144K)->29987K(30144K) Class: 0K(0K)->0K(0K)
[5380.042s][info][gc             ] GC(742) Pause Young (Normal) (G1 Evacuation Pause) 7285M->2777M(8192M) 148.094ms
[5380.042s][info][gc,cpu         ] GC(742) User=1.17s Sys=0.00s Real=0.15s
....[5384.123s][info][gc,start       ] GC(743) Pause Young (Normal) (G1 Evacuation Pause)
[5384.123s][info][gc,task        ] GC(743) Using 8 workers of 8 for evacuation
[5384.272s][info][gc,phases      ] GC(743)   Pre Evacuate Collection Set: 0.25ms
[5384.272s][info][gc,phases      ] GC(743)   Merge Heap Roots: 0.56ms
[5384.272s][info][gc,phases      ] GC(743)   Evacuate Collection Set: 147.27ms
[5384.272s][info][gc,phases      ] GC(743)   Post Evacuate Collection Set: 1.03ms
[5384.272s][info][gc,phases      ] GC(743)   Other: 0.06ms
[5384.272s][info][gc,heap        ] GC(743) Eden regions: 571->0(570)
[5384.272s][info][gc,heap        ] GC(743) Survivor regions: 43->44(77)
[5384.272s][info][gc,heap        ] GC(743) Old regions: 273->280
[5384.272s][info][gc,heap        ] GC(743) Humongous regions: 33->33
[5384.272s][info][gc,metaspace   ] GC(743) Metaspace: 29987K(30144K)->29987K(30144K) NonClass: 29987K(30144K)->29987K(30144K) Class: 0K(0K)->0K(0K)
[5384.272s][info][gc             ] GC(743) Pause Young (Normal) (G1 Evacuation Pause) 7345M->2839M(8192M) 149.286ms
[5384.272s][info][gc,cpu         ] GC(743) User=1.18s Sys=0.00s Real=0.15s
.....[5388.420s][info][gc,start       ] GC(744) Pause Young (Normal) (G1 Evacuation Pause)
[5388.420s][info][gc,task        ] GC(744) Using 8 workers of 8 for evacuation
[5388.570s][info][gc,phases      ] GC(744)   Pre Evacuate Collection Set: 0.24ms
[5388.570s][info][gc,phases      ] GC(744)   Merge Heap Roots: 0.56ms
[5388.570s][info][gc,phases      ] GC(744)   Evacuate Collection Set: 147.20ms
[5388.570s][info][gc,phases      ] GC(744)   Post Evacuate Collection Set: 1.05ms
[5388.570s][info][gc,phases      ] GC(744)   Other: 0.07ms
[5388.570s][info][gc,heap        ] GC(744) Eden regions: 570->0(565)
[5388.570s][info][gc,heap        ] GC(744) Survivor regions: 44->43(77)
[5388.570s][info][gc,heap        ] GC(744) Old regions: 280->288
[5388.570s][info][gc,heap        ] GC(744) Humongous regions: 33->33
[5388.570s][info][gc,metaspace   ] GC(744) Metaspace: 29987K(30144K)->29987K(30144K) NonClass: 29987K(30144K)->29987K(30144K) Class: 0K(0K)->0K(0K)
[5388.570s][info][gc             ] GC(744) Pause Young (Normal) (G1 Evacuation Pause) 7399M->2895M(8192M) 149.290ms
[5388.570s][info][gc,cpu         ] GC(744) User=1.18s Sys=0.00s Real=0.15s
....[5392.626s][info][gc,start       ] GC(745) Pause Young (Normal) (G1 Evacuation Pause)
[5392.626s][info][gc,task        ] GC(745) Using 8 workers of 8 for evacuation
[5392.775s][info][gc,phases      ] GC(745)   Pre Evacuate Collection Set: 0.23ms
[5392.775s][info][gc,phases      ] GC(745)   Merge Heap Roots: 0.56ms
[5392.775s][info][gc,phases      ] GC(745)   Evacuate Collection Set: 147.65ms
[5392.775s][info][gc,phases      ] GC(745)   Post Evacuate Collection Set: 1.04ms
[5392.775s][info][gc,phases      ] GC(745)   Other: 0.08ms
[5392.775s][info][gc,heap        ] GC(745) Eden regions: 565->0(556)
[5392.775s][info][gc,heap        ] GC(745) Survivor regions: 43->44(76)
[5392.775s][info][gc,heap        ] GC(745) Old regions: 288->295
[5392.775s][info][gc,heap        ] GC(745) Humongous regions: 33->33
[5392.775s][info][gc,metaspace   ] GC(745) Metaspace: 29987K(30144K)->29987K(30144K) NonClass: 29987K(30144K)->29987K(30144K) Class: 0K(0K)->0K(0K)
[5392.775s][info][gc             ] GC(745) Pause Young (Normal) (G1 Evacuation Pause) 7415M->2957M(8192M) 149.675ms
[5392.775s][info][gc,cpu         ] GC(745) User=1.19s Sys=0.00s Real=0.15s
....[5396.810s][info][gc,start       ] GC(746) Pause Young (Normal) (G1 Evacuation Pause)
[5396.810s][info][gc,task        ] GC(746) Using 8 workers of 8 for evacuation
[5396.957s][info][gc,phases      ] GC(746)   Pre Evacuate Collection Set: 0.25ms
[5396.957s][info][gc,phases      ] GC(746)   Merge Heap Roots: 0.64ms
[5396.957s][info][gc,phases      ] GC(746)   Evacuate Collection Set: 144.41ms
[5396.957s][info][gc,phases      ] GC(746)   Post Evacuate Collection Set: 1.03ms
[5396.957s][info][gc,phases      ] GC(746)   Other: 0.06ms
[5396.957s][info][gc,heap        ] GC(746) Eden regions: 556->0(551)
[5396.957s][info][gc,heap        ] GC(746) Survivor regions: 44->43(75)
[5396.957s][info][gc,heap        ] GC(746) Old regions: 295->302
[5396.957s][info][gc,heap        ] GC(746) Humongous regions: 33->33
[5396.957s][info][gc,metaspace   ] GC(746) Metaspace: 29987K(30144K)->29987K(30144K) NonClass: 29987K(30144K)->29987K(30144K) Class: 0K(0K)->0K(0K)
[5396.957s][info][gc             ] GC(746) Pause Young (Normal) (G1 Evacuation Pause) 7405M->3006M(8192M) 146.526ms
[5396.957s][info][gc,cpu         ] GC(746) User=1.16s Sys=0.00s Real=0.14s
....[5400.939s][info][gc,start       ] GC(747) Pause Young (Normal) (G1 Evacuation Pause)
[5400.939s][info][gc,task        ] GC(747) Using 8 workers of 8 for evacuation
[5401.083s][info][gc,phases      ] GC(747)   Pre Evacuate Collection Set: 0.24ms
[5401.083s][info][gc,phases      ] GC(747)   Merge Heap Roots: 0.52ms
[5401.083s][info][gc,phases      ] GC(747)   Evacuate Collection Set: 142.59ms
[5401.083s][info][gc,phases      ] GC(747)   Post Evacuate Collection Set: 1.01ms
[5401.083s][info][gc,phases      ] GC(747)   Other: 0.06ms
[5401.083s][info][gc,heap        ] GC(747) Eden regions: 551->0(545)
[5401.083s][info][gc,heap        ] GC(747) Survivor regions: 43->42(75)
[5401.083s][info][gc,heap        ] GC(747) Old regions: 302->310
[5401.083s][info][gc,heap        ] GC(747) Humongous regions: 33->33
[5401.083s][info][gc,metaspace   ] GC(747) Metaspace: 29987K(30144K)->29987K(30144K) NonClass: 29987K(30144K)->29987K(30144K) Class: 0K(0K)->0K(0K)
[5401.083s][info][gc             ] GC(747) Pause Young (Normal) (G1 Evacuation Pause) 7414M->3063M(8192M) 144.533ms
[5401.083s][info][gc,cpu         ] GC(747) User=1.14s Sys=0.00s Real=0.14s
. (rIR:aIR:PR = 9132:9082:9076) (tPR = 133817) [OK] 
  5401s: Performance info:
         Transaction,    Success,    Partial,     Failed,   Receipts, AvgBarcode, 
             Overall,     545730,          0,          0,     518375,      59.48, 
         Response times:
             Request,    Success,    Partial,     Failed,   SkipFail,     Probes,    Samples,      min,      p50,      p90,      p95,      p99,      max, 
       TotalPurchase,     518698,          0,          0,          0,     359971,     483991,      300,     6000,    17200,    44000,    98000,   620000,
     InStorePurchase,     274080,          0,          0,          0,     188545,     253346,      300,     6000,    17100,    44000,    98000,   620000,
      OnlinePurchase,     189692,          0,          0,          0,     133327,     179149,      300,     6100,    17400,    45000,    98000,   620000,
        InstPurchase,      54926,          0,          0,          0,      38099,      51496,      400,     6200,    17100,    44000,    96000,   453000,
          AssocOfCat,        550,          0,          0,          0,        458,        731,    25000,    49000,    77000,   118600,   189080,   204000,
      AssocOfProduct,       5513,          0,          0,          0,       3944,       5597,      600,     5600,    16800,    38000,    98000,   480000,
      BusinessReport,       1370,          0,          0,          0,       1193,       1788,    29000,    53000,    87100,   125000,   194110,   242000,
          CustBuyBeh,       5490,          0,          0,          0,       3941,       5550,      500,     6500,    18180,    42000,    84000,   620000,
       ProductReturn,      14480,          0,          0,          0,       9296,      12839,      200,     5800,    17100,    43000,    88000,   477000,

  5401s: (67%)   IR =   9271 ...[5404.980s][info][gc,start       ] GC(748) Pause Young (Concurrent Start) (G1 Evacuation Pause)
[5404.980s][info][gc,task        ] GC(748) Using 8 workers of 8 for evacuation
[5405.125s][info][gc,phases      ] GC(748)   Pre Evacuate Collection Set: 0.31ms
[5405.125s][info][gc,phases      ] GC(748)   Merge Heap Roots: 0.53ms
[5405.125s][info][gc,phases      ] GC(748)   Evacuate Collection Set: 142.90ms
[5405.125s][info][gc,phases      ] GC(748)   Post Evacuate Collection Set: 1.04ms
[5405.125s][info][gc,phases      ] GC(748)   Other: 0.09ms
[5405.125s][info][gc,heap        ] GC(748) Eden regions: 545->0(538)
[5405.125s][info][gc,heap        ] GC(748) Survivor regions: 42->42(74)
[5405.125s][info][gc,heap        ] GC(748) Old regions: 310->317
[5405.125s][info][gc,heap        ] GC(748) Humongous regions: 33->33
[5405.125s][info][gc,metaspace   ] GC(748) Metaspace: 29987K(30144K)->29987K(30144K) NonClass: 29987K(30144K)->29987K(30144K) Class: 0K(0K)->0K(0K)
[5405.125s][info][gc             ] GC(748) Pause Young (Concurrent Start) (G1 Evacuation Pause) 7423M->3118M(8192M) 145.002ms
[5405.125s][info][gc,cpu         ] GC(748) User=1.15s Sys=0.00s Real=0.14s
[5405.125s][info][gc             ] GC(749) Concurrent Mark Cycle
[5405.125s][info][gc,marking     ] GC(749) Concurrent Scan Root Regions
[5405.388s][info][gc,marking     ] GC(749) Concurrent Scan Root Regions 263.391ms
[5405.388s][info][gc,marking     ] GC(749) Concurrent Mark
[5405.388s][info][gc,marking     ] GC(749) Concurrent Mark From Roots
[5405.388s][info][gc,task        ] GC(749) Using 2 workers of 2 for marking
.[5406.429s][info][gc,marking     ] GC(749) Concurrent Mark From Roots 1040.209ms
[5406.429s][info][gc,marking     ] GC(749) Concurrent Preclean
[5406.429s][info][gc,marking     ] GC(749) Concurrent Preclean 0.144ms
[5406.429s][info][gc,start       ] GC(749) Pause Remark
[5406.431s][info][gc             ] GC(749) Pause Remark 4626M->4138M(8192M) 2.173ms
[5406.431s][info][gc,cpu         ] GC(749) User=0.02s Sys=0.00s Real=0.00s
[5406.432s][info][gc,marking     ] GC(749) Concurrent Mark 1043.205ms
[5406.432s][info][gc,marking     ] GC(749) Concurrent Rebuild Remembered Sets and Scrub Regions
.[5407.020s][info][gc,marking     ] GC(749) Concurrent Rebuild Remembered Sets and Scrub Regions 588.665ms
[5407.020s][info][gc,start       ] GC(749) Pause Cleanup
[5407.021s][info][gc             ] GC(749) Pause Cleanup 4836M->4836M(8192M) 0.264ms
[5407.021s][info][gc,cpu         ] GC(749) User=0.00s Sys=0.00s Real=0.00s
[5407.021s][info][gc,marking     ] GC(749) Concurrent Clear Claimed Marks
[5407.021s][info][gc,marking     ] GC(749) Concurrent Clear Claimed Marks 0.053ms
[5407.021s][info][gc,marking     ] GC(749) Concurrent Cleanup for Next Mark
[5407.033s][info][gc,marking     ] GC(749) Concurrent Cleanup for Next Mark 11.817ms
[5407.033s][info][gc             ] GC(749) Concurrent Mark Cycle 1907.819ms
..[5408.981s][info][gc,start       ] GC(750) Pause Young (Prepare Mixed) (G1 Evacuation Pause)
[5408.981s][info][gc,task        ] GC(750) Using 8 workers of 8 for evacuation
[5409.128s][info][gc,phases      ] GC(750)   Pre Evacuate Collection Set: 0.27ms
[5409.128s][info][gc,phases      ] GC(750)   Merge Heap Roots: 0.71ms
[5409.128s][info][gc,phases      ] GC(750)   Evacuate Collection Set: 145.19ms
[5409.128s][info][gc,phases      ] GC(750)   Post Evacuate Collection Set: 1.17ms
[5409.128s][info][gc,phases      ] GC(750)   Other: 0.07ms
[5409.128s][info][gc,heap        ] GC(750) Eden regions: 538->0(571)
[5409.128s][info][gc,heap        ] GC(750) Survivor regions: 42->43(73)
[5409.128s][info][gc,heap        ] GC(750) Old regions: 256->264
[5409.128s][info][gc,heap        ] GC(750) Humongous regions: 33->33
[5409.128s][info][gc,metaspace   ] GC(750) Metaspace: 29987K(30144K)->29987K(30144K) NonClass: 29987K(30144K)->29987K(30144K) Class: 0K(0K)->0K(0K)
[5409.128s][info][gc             ] GC(750) Pause Young (Prepare Mixed) (G1 Evacuation Pause) 6934M->2698M(8192M) 147.547ms
[5409.128s][info][gc,cpu         ] GC(750) User=1.16s Sys=0.00s Real=0.15s
....[5413.116s][info][gc,start       ] GC(751) Pause Young (Mixed) (G1 Evacuation Pause)
[5413.116s][info][gc,task        ] GC(751) Using 8 workers of 8 for evacuation
[5413.269s][info][gc,phases      ] GC(751)   Pre Evacuate Collection Set: 0.27ms
[5413.269s][info][gc,phases      ] GC(751)   Merge Heap Roots: 0.76ms
[5413.269s][info][gc,phases      ] GC(751)   Evacuate Collection Set: 149.98ms
[5413.269s][info][gc,phases      ] GC(751)   Post Evacuate Collection Set: 1.28ms
[5413.269s][info][gc,phases      ] GC(751)   Other: 0.07ms
[5413.269s][info][gc,heap        ] GC(751) Eden regions: 571->0(572)
[5413.269s][info][gc,heap        ] GC(751) Survivor regions: 43->42(77)
[5413.269s][info][gc,heap        ] GC(751) Old regions: 264->169
[5413.269s][info][gc,heap        ] GC(751) Humongous regions: 33->33
[5413.269s][info][gc,metaspace   ] GC(751) Metaspace: 29987K(30144K)->29987K(30144K) NonClass: 29987K(30144K)->29987K(30144K) Class: 0K(0K)->0K(0K)
[5413.269s][info][gc             ] GC(751) Pause Young (Mixed) (G1 Evacuation Pause) 7266M->1934M(8192M) 152.489ms
[5413.269s][info][gc,cpu         ] GC(751) User=1.20s Sys=0.00s Real=0.16s
....[5417.217s][info][gc,start       ] GC(752) Pause Young (Mixed) (G1 Evacuation Pause)
[5417.217s][info][gc,task        ] GC(752) Using 8 workers of 8 for evacuation
[5417.374s][info][gc,phases      ] GC(752)   Pre Evacuate Collection Set: 0.27ms
[5417.374s][info][gc,phases      ] GC(752)   Merge Heap Roots: 0.91ms
[5417.374s][info][gc,phases      ] GC(752)   Evacuate Collection Set: 154.34ms
[5417.374s][info][gc,phases      ] GC(752)   Post Evacuate Collection Set: 1.12ms
[5417.374s][info][gc,phases      ] GC(752)   Other: 0.07ms
[5417.374s][info][gc,heap        ] GC(752) Eden regions: 572->0(572)
[5417.374s][info][gc,heap        ] GC(752) Survivor regions: 42->42(77)
[5417.374s][info][gc,heap        ] GC(752) Old regions: 169->143
[5417.374s][info][gc,heap        ] GC(752) Humongous regions: 33->33
[5417.374s][info][gc,metaspace   ] GC(752) Metaspace: 29987K(30144K)->29987K(30144K) NonClass: 29987K(30144K)->29987K(30144K) Class: 0K(0K)->0K(0K)
[5417.374s][info][gc             ] GC(752) Pause Young (Mixed) (G1 Evacuation Pause) 6510M->1722M(8192M) 156.840ms
[5417.374s][info][gc,cpu         ] GC(752) User=1.24s Sys=0.00s Real=0.16s
....|[5421.433s][info][gc,start       ] GC(753) Pause Young (Normal) (G1 Evacuation Pause)
[5421.433s][info][gc,task        ] GC(753) Using 8 workers of 8 for evacuation
[5421.584s][info][gc,phases      ] GC(753)   Pre Evacuate Collection Set: 0.25ms
[5421.584s][info][gc,phases      ] GC(753)   Merge Heap Roots: 0.52ms
[5421.584s][info][gc,phases      ] GC(753)   Evacuate Collection Set: 148.99ms
[5421.584s][info][gc,phases      ] GC(753)   Post Evacuate Collection Set: 1.02ms
[5421.584s][info][gc,phases      ] GC(753)   Other: 0.06ms
[5421.584s][info][gc,heap        ] GC(753) Eden regions: 572->0(570)
[5421.584s][info][gc,heap        ] GC(753) Survivor regions: 42->44(77)
[5421.584s][info][gc,heap        ] GC(753) Old regions: 143->150
[5421.584s][info][gc,heap        ] GC(753) Humongous regions: 33->33
[5421.584s][info][gc,metaspace   ] GC(753) Metaspace: 29987K(30144K)->29987K(30144K) NonClass: 29987K(30144K)->29987K(30144K) Class: 0K(0K)->0K(0K)
[5421.584s][info][gc             ] GC(753) Pause Young (Normal) (G1 Evacuation Pause) 6298M->1795M(8192M) 150.988ms
[5421.584s][info][gc,cpu         ] GC(753) User=1.19s Sys=0.01s Real=0.15s
....[5425.406s][info][gc,start       ] GC(754) Pause Young (Normal) (G1 Evacuation Pause)
[5425.406s][info][gc,task        ] GC(754) Using 8 workers of 8 for evacuation
[5425.556s][info][gc,phases      ] GC(754)   Pre Evacuate Collection Set: 0.24ms
[5425.556s][info][gc,phases      ] GC(754)   Merge Heap Roots: 0.53ms
[5425.556s][info][gc,phases      ] GC(754)   Evacuate Collection Set: 148.41ms
[5425.556s][info][gc,phases      ] GC(754)   Post Evacuate Collection Set: 1.05ms
[5425.556s][info][gc,phases      ] GC(754)   Other: 0.06ms
[5425.556s][info][gc,heap        ] GC(754) Eden regions: 570->0(570)
[5425.556s][info][gc,heap        ] GC(754) Survivor regions: 44->44(77)
[5425.556s][info][gc,heap        ] GC(754) Old regions: 150->157
[5425.556s][info][gc,heap        ] GC(754) Humongous regions: 33->33
[5425.556s][info][gc,metaspace   ] GC(754) Metaspace: 29987K(30144K)->29987K(30144K) NonClass: 29987K(30144K)->29987K(30144K) Class: 0K(0K)->0K(0K)
[5425.556s][info][gc             ] GC(754) Pause Young (Normal) (G1 Evacuation Pause) 6355M->1850M(8192M) 150.435ms
[5425.556s][info][gc,cpu         ] GC(754) User=1.19s Sys=0.00s Real=0.15s
....[5429.415s][info][gc,start       ] GC(755) Pause Young (Normal) (G1 Evacuation Pause)
[5429.416s][info][gc,task        ] GC(755) Using 8 workers of 8 for evacuation
[5429.563s][info][gc,phases      ] GC(755)   Pre Evacuate Collection Set: 0.25ms
[5429.563s][info][gc,phases      ] GC(755)   Merge Heap Roots: 0.52ms
[5429.563s][info][gc,phases      ] GC(755)   Evacuate Collection Set: 145.78ms
[5429.563s][info][gc,phases      ] GC(755)   Post Evacuate Collection Set: 1.08ms
[5429.563s][info][gc,phases      ] GC(755)   Other: 0.06ms
[5429.563s][info][gc,heap        ] GC(755) Eden regions: 570->0(572)
[5429.563s][info][gc,heap        ] GC(755) Survivor regions: 44->42(77)
[5429.563s][info][gc,heap        ] GC(755) Old regions: 157->164
[5429.563s][info][gc,heap        ] GC(755) Humongous regions: 33->33
[5429.563s][info][gc,metaspace   ] GC(755) Metaspace: 29987K(30144K)->29987K(30144K) NonClass: 29987K(30144K)->29987K(30144K) Class: 0K(0K)->0K(0K)
[5429.563s][info][gc             ] GC(755) Pause Young (Normal) (G1 Evacuation Pause) 6410M->1898M(8192M) 147.827ms
[5429.563s][info][gc,cpu         ] GC(755) User=1.17s Sys=0.00s Real=0.15s
.....[5433.642s][info][gc,start       ] GC(756) Pause Young (Normal) (G1 Evacuation Pause)
[5433.642s][info][gc,task        ] GC(756) Using 8 workers of 8 for evacuation
[5433.786s][info][gc,phases      ] GC(756)   Pre Evacuate Collection Set: 0.24ms
[5433.786s][info][gc,phases      ] GC(756)   Merge Heap Roots: 0.60ms
[5433.786s][info][gc,phases      ] GC(756)   Evacuate Collection Set: 142.55ms
[5433.786s][info][gc,phases      ] GC(756)   Post Evacuate Collection Set: 1.07ms
[5433.786s][info][gc,phases      ] GC(756)   Other: 0.06ms
[5433.786s][info][gc,heap        ] GC(756) Eden regions: 572->0(571)
[5433.786s][info][gc,heap        ] GC(756) Survivor regions: 42->43(77)
[5433.786s][info][gc,heap        ] GC(756) Old regions: 164->171
[5433.786s][info][gc,heap        ] GC(756) Humongous regions: 33->33
[5433.786s][info][gc,metaspace   ] GC(756) Metaspace: 29987K(30144K)->29987K(30144K) NonClass: 29987K(30144K)->29987K(30144K) Class: 0K(0K)->0K(0K)
[5433.786s][info][gc             ] GC(756) Pause Young (Normal) (G1 Evacuation Pause) 6474M->1957M(8192M) 144.672ms
[5433.786s][info][gc,cpu         ] GC(756) User=1.14s Sys=0.00s Real=0.14s
....[5437.771s][info][gc,start       ] GC(757) Pause Young (Normal) (G1 Evacuation Pause)
[5437.771s][info][gc,task        ] GC(757) Using 8 workers of 8 for evacuation
[5437.915s][info][gc,phases      ] GC(757)   Pre Evacuate Collection Set: 0.25ms
[5437.915s][info][gc,phases      ] GC(757)   Merge Heap Roots: 0.53ms
[5437.915s][info][gc,phases      ] GC(757)   Evacuate Collection Set: 142.03ms
[5437.915s][info][gc,phases      ] GC(757)   Post Evacuate Collection Set: 1.07ms
[5437.915s][info][gc,phases      ] GC(757)   Other: 0.06ms
[5437.915s][info][gc,heap        ] GC(757) Eden regions: 571->0(571)
[5437.915s][info][gc,heap        ] GC(757) Survivor regions: 43->43(77)
[5437.915s][info][gc,heap        ] GC(757) Old regions: 171->178
[5437.915s][info][gc,heap        ] GC(757) Humongous regions: 33->33
[5437.915s][info][gc,metaspace   ] GC(757) Metaspace: 29987K(30144K)->29987K(30144K) NonClass: 29987K(30144K)->29987K(30144K) Class: 0K(0K)->0K(0K)
[5437.915s][info][gc             ] GC(757) Pause Young (Normal) (G1 Evacuation Pause) 6525M->2013M(8192M) 144.087ms
[5437.915s][info][gc,cpu         ] GC(757) User=1.14s Sys=0.00s Real=0.14s
....[5441.931s][info][gc,start       ] GC(758) Pause Young (Normal) (G1 Evacuation Pause)
[5441.931s][info][gc,task        ] GC(758) Using 8 workers of 8 for evacuation
[5442.080s][info][gc,phases      ] GC(758)   Pre Evacuate Collection Set: 0.26ms
[5442.080s][info][gc,phases      ] GC(758)   Merge Heap Roots: 0.62ms
[5442.080s][info][gc,phases      ] GC(758)   Evacuate Collection Set: 147.53ms
[5442.080s][info][gc,phases      ] GC(758)   Post Evacuate Collection Set: 1.04ms
[5442.080s][info][gc,phases      ] GC(758)   Other: 0.07ms
[5442.080s][info][gc,heap        ] GC(758) Eden regions: 571->0(570)
[5442.080s][info][gc,heap        ] GC(758) Survivor regions: 43->44(77)
[5442.080s][info][gc,heap        ] GC(758) Old regions: 178->185
[5442.080s][info][gc,heap        ] GC(758) Humongous regions: 33->33
[5442.080s][info][gc,metaspace   ] GC(758) Metaspace: 29987K(30144K)->29987K(30144K) NonClass: 29987K(30144K)->29987K(30144K) Class: 0K(0K)->0K(0K)
[5442.080s][info][gc             ] GC(758) Pause Young (Normal) (G1 Evacuation Pause) 6581M->2079M(8192M) 149.652ms
[5442.081s][info][gc,cpu         ] GC(758) User=1.18s Sys=0.00s Real=0.15s
....[5445.995s][info][gc,start       ] GC(759) Pause Young (Normal) (G1 Evacuation Pause)
[5445.995s][info][gc,task        ] GC(759) Using 8 workers of 8 for evacuation
[5446.142s][info][gc,phases      ] GC(759)   Pre Evacuate Collection Set: 0.25ms
[5446.142s][info][gc,phases      ] GC(759)   Merge Heap Roots: 0.61ms
[5446.142s][info][gc,phases      ] GC(759)   Evacuate Collection Set: 145.08ms
[5446.142s][info][gc,phases      ] GC(759)   Post Evacuate Collection Set: 1.07ms
[5446.142s][info][gc,phases      ] GC(759)   Other: 0.06ms
[5446.142s][info][gc,heap        ] GC(759) Eden regions: 570->0(571)
[5446.142s][info][gc,heap        ] GC(759) Survivor regions: 44->43(77)
[5446.142s][info][gc,heap        ] GC(759) Old regions: 185->192
[5446.142s][info][gc,heap        ] GC(759) Humongous regions: 33->33
[5446.142s][info][gc,metaspace   ] GC(759) Metaspace: 29987K(30144K)->29987K(30144K) NonClass: 29987K(30144K)->29987K(30144K) Class: 0K(0K)->0K(0K)
[5446.142s][info][gc             ] GC(759) Pause Young (Normal) (G1 Evacuation Pause) 6639M->2131M(8192M) 147.205ms
[5446.143s][info][gc,cpu         ] GC(759) User=1.17s Sys=0.00s Real=0.15s
....[5450.098s][info][gc,start       ] GC(760) Pause Young (Normal) (G1 Evacuation Pause)
[5450.098s][info][gc,task        ] GC(760) Using 8 workers of 8 for evacuation
[5450.244s][info][gc,phases      ] GC(760)   Pre Evacuate Collection Set: 0.29ms
[5450.244s][info][gc,phases      ] GC(760)   Merge Heap Roots: 0.66ms
[5450.244s][info][gc,phases      ] GC(760)   Evacuate Collection Set: 144.69ms
[5450.244s][info][gc,phases      ] GC(760)   Post Evacuate Collection Set: 1.06ms
[5450.244s][info][gc,phases      ] GC(760)   Other: 0.07ms
[5450.244s][info][gc,heap        ] GC(760) Eden regions: 571->0(572)
[5450.244s][info][gc,heap        ] GC(760) Survivor regions: 43->42(77)
[5450.244s][info][gc,heap        ] GC(760) Old regions: 192->200
[5450.244s][info][gc,heap        ] GC(760) Humongous regions: 33->33
[5450.244s][info][gc,metaspace   ] GC(760) Metaspace: 29987K(30144K)->29987K(30144K) NonClass: 29987K(30144K)->29987K(30144K) Class: 0K(0K)->0K(0K)
[5450.244s][info][gc             ] GC(760) Pause Young (Normal) (G1 Evacuation Pause) 6699M->2181M(8192M) 146.913ms
[5450.245s][info][gc,cpu         ] GC(760) User=1.17s Sys=0.00s Real=0.14s
....[5454.226s][info][gc,start       ] GC(761) Pause Young (Normal) (G1 Evacuation Pause)
[5454.226s][info][gc,task        ] GC(761) Using 8 workers of 8 for evacuation
[5454.373s][info][gc,phases      ] GC(761)   Pre Evacuate Collection Set: 0.25ms
[5454.373s][info][gc,phases      ] GC(761)   Merge Heap Roots: 0.55ms
[5454.373s][info][gc,phases      ] GC(761)   Evacuate Collection Set: 144.30ms
[5454.373s][info][gc,phases      ] GC(761)   Post Evacuate Collection Set: 1.09ms
[5454.373s][info][gc,phases      ] GC(761)   Other: 0.06ms
[5454.373s][info][gc,heap        ] GC(761) Eden regions: 572->0(571)
[5454.373s][info][gc,heap        ] GC(761) Survivor regions: 42->43(77)
[5454.373s][info][gc,heap        ] GC(761) Old regions: 200->207
[5454.373s][info][gc,heap        ] GC(761) Humongous regions: 33->33
[5454.373s][info][gc,metaspace   ] GC(761) Metaspace: 29987K(30144K)->29987K(30144K) NonClass: 29987K(30144K)->29987K(30144K) Class: 0K(0K)->0K(0K)
[5454.373s][info][gc             ] GC(761) Pause Young (Normal) (G1 Evacuation Pause) 6757M->2241M(8192M) 146.377ms
[5454.373s][info][gc,cpu         ] GC(761) User=1.15s Sys=0.00s Real=0.15s
....[5458.234s][info][gc,start       ] GC(762) Pause Young (Normal) (G1 Evacuation Pause)
[5458.234s][info][gc,task        ] GC(762) Using 8 workers of 8 for evacuation
[5458.382s][info][gc,phases      ] GC(762)   Pre Evacuate Collection Set: 0.24ms
[5458.382s][info][gc,phases      ] GC(762)   Merge Heap Roots: 0.55ms
[5458.382s][info][gc,phases      ] GC(762)   Evacuate Collection Set: 146.17ms
[5458.382s][info][gc,phases      ] GC(762)   Post Evacuate Collection Set: 1.06ms
[5458.382s][info][gc,phases      ] GC(762)   Other: 0.06ms
[5458.382s][info][gc,heap        ] GC(762) Eden regions: 571->0(571)
[5458.382s][info][gc,heap        ] GC(762) Survivor regions: 43->43(77)
[5458.382s][info][gc,heap        ] GC(762) Old regions: 207->214
[5458.382s][info][gc,heap        ] GC(762) Humongous regions: 33->33
[5458.382s][info][gc,metaspace   ] GC(762) Metaspace: 29987K(30144K)->29987K(30144K) NonClass: 29987K(30144K)->29987K(30144K) Class: 0K(0K)->0K(0K)
[5458.382s][info][gc             ] GC(762) Pause Young (Normal) (G1 Evacuation Pause) 6809M->2301M(8192M) 148.213ms
[5458.382s][info][gc,cpu         ] GC(762) User=1.18s Sys=0.00s Real=0.15s
....[5462.319s][info][gc,start       ] GC(763) Pause Young (Normal) (G1 Evacuation Pause)
[5462.319s][info][gc,task        ] GC(763) Using 8 workers of 8 for evacuation
[5462.470s][info][gc,phases      ] GC(763)   Pre Evacuate Collection Set: 0.27ms
[5462.470s][info][gc,phases      ] GC(763)   Merge Heap Roots: 0.54ms
[5462.470s][info][gc,phases      ] GC(763)   Evacuate Collection Set: 148.98ms
[5462.470s][info][gc,phases      ] GC(763)   Post Evacuate Collection Set: 1.08ms
[5462.470s][info][gc,phases      ] GC(763)   Other: 0.08ms
[5462.470s][info][gc,heap        ] GC(763) Eden regions: 571->0(570)
[5462.470s][info][gc,heap        ] GC(763) Survivor regions: 43->44(77)
[5462.470s][info][gc,heap        ] GC(763) Old regions: 214->221
[5462.470s][info][gc,heap        ] GC(763) Humongous regions: 33->33
[5462.470s][info][gc,metaspace   ] GC(763) Metaspace: 29987K(30144K)->29987K(30144K) NonClass: 29987K(30144K)->29987K(30144K) Class: 0K(0K)->0K(0K)
[5462.470s][info][gc             ] GC(763) Pause Young (Normal) (G1 Evacuation Pause) 6869M->2365M(8192M) 151.075ms
[5462.470s][info][gc,cpu         ] GC(763) User=1.19s Sys=0.00s Real=0.15s
....[5466.590s][info][gc,start       ] GC(764) Pause Young (Normal) (G1 Evacuation Pause)
[5466.590s][info][gc,task        ] GC(764) Using 8 workers of 8 for evacuation
[5466.738s][info][gc,phases      ] GC(764)   Pre Evacuate Collection Set: 0.26ms
[5466.738s][info][gc,phases      ] GC(764)   Merge Heap Roots: 0.55ms
[5466.738s][info][gc,phases      ] GC(764)   Evacuate Collection Set: 146.02ms
[5466.738s][info][gc,phases      ] GC(764)   Post Evacuate Collection Set: 1.05ms
[5466.738s][info][gc,phases      ] GC(764)   Other: 0.06ms
[5466.738s][info][gc,heap        ] GC(764) Eden regions: 570->0(570)
[5466.738s][info][gc,heap        ] GC(764) Survivor regions: 44->44(77)
[5466.738s][info][gc,heap        ] GC(764) Old regions: 221->228
[5466.738s][info][gc,heap        ] GC(764) Humongous regions: 33->33
[5466.738s][info][gc,metaspace   ] GC(764) Metaspace: 29987K(30144K)->29987K(30144K) NonClass: 29987K(30144K)->29987K(30144K) Class: 0K(0K)->0K(0K)
[5466.738s][info][gc             ] GC(764) Pause Young (Normal) (G1 Evacuation Pause) 6925M->2419M(8192M) 148.079ms
[5466.738s][info][gc,cpu         ] GC(764) User=1.18s Sys=0.00s Real=0.15s
....[5470.677s][info][gc,start       ] GC(765) Pause Young (Normal) (G1 Evacuation Pause)
[5470.677s][info][gc,task        ] GC(765) Using 8 workers of 8 for evacuation
[5470.822s][info][gc,phases      ] GC(765)   Pre Evacuate Collection Set: 0.22ms
[5470.822s][info][gc,phases      ] GC(765)   Merge Heap Roots: 0.54ms
[5470.822s][info][gc,phases      ] GC(765)   Evacuate Collection Set: 142.92ms
[5470.822s][info][gc,phases      ] GC(765)   Post Evacuate Collection Set: 1.07ms
[5470.822s][info][gc,phases      ] GC(765)   Other: 0.07ms
[5470.822s][info][gc,heap        ] GC(765) Eden regions: 570->0(571)
[5470.822s][info][gc,heap        ] GC(765) Survivor regions: 44->43(77)
[5470.822s][info][gc,heap        ] GC(765) Old regions: 228->235
[5470.822s][info][gc,heap        ] GC(765) Humongous regions: 33->33
[5470.822s][info][gc,metaspace   ] GC(765) Metaspace: 29987K(30144K)->29987K(30144K) NonClass: 29987K(30144K)->29987K(30144K) Class: 0K(0K)->0K(0K)
[5470.822s][info][gc             ] GC(765) Pause Young (Normal) (G1 Evacuation Pause) 6979M->2469M(8192M) 144.943ms
[5470.822s][info][gc,cpu         ] GC(765) User=1.15s Sys=0.00s Real=0.15s
....[5474.765s][info][gc,start       ] GC(766) Pause Young (Normal) (G1 Evacuation Pause)
[5474.766s][info][gc,task        ] GC(766) Using 8 workers of 8 for evacuation
[5474.912s][info][gc,phases      ] GC(766)   Pre Evacuate Collection Set: 0.27ms
[5474.913s][info][gc,phases      ] GC(766)   Merge Heap Roots: 0.57ms
[5474.913s][info][gc,phases      ] GC(766)   Evacuate Collection Set: 145.03ms
[5474.913s][info][gc,phases      ] GC(766)   Post Evacuate Collection Set: 1.07ms
[5474.913s][info][gc,phases      ] GC(766)   Other: 0.06ms
[5474.913s][info][gc,heap        ] GC(766) Eden regions: 571->0(571)
[5474.913s][info][gc,heap        ] GC(766) Survivor regions: 43->43(77)
[5474.913s][info][gc,heap        ] GC(766) Old regions: 235->242
[5474.913s][info][gc,heap        ] GC(766) Humongous regions: 33->33
[5474.913s][info][gc,metaspace   ] GC(766) Metaspace: 29987K(30144K)->29987K(30144K) NonClass: 29987K(30144K)->29987K(30144K) Class: 0K(0K)->0K(0K)
[5474.913s][info][gc             ] GC(766) Pause Young (Normal) (G1 Evacuation Pause) 7037M->2531M(8192M) 147.125ms
[5474.913s][info][gc,cpu         ] GC(766) User=1.16s Sys=0.00s Real=0.15s
....[5478.782s][info][gc,start       ] GC(767) Pause Young (Normal) (G1 Evacuation Pause)
[5478.782s][info][gc,task        ] GC(767) Using 8 workers of 8 for evacuation
[5478.934s][info][gc,phases      ] GC(767)   Pre Evacuate Collection Set: 0.22ms
[5478.934s][info][gc,phases      ] GC(767)   Merge Heap Roots: 0.51ms
[5478.934s][info][gc,phases      ] GC(767)   Evacuate Collection Set: 149.62ms
[5478.934s][info][gc,phases      ] GC(767)   Post Evacuate Collection Set: 1.06ms
[5478.934s][info][gc,phases      ] GC(767)   Other: 0.06ms
[5478.934s][info][gc,heap        ] GC(767) Eden regions: 571->0(570)
[5478.934s][info][gc,heap        ] GC(767) Survivor regions: 43->44(77)
[5478.934s][info][gc,heap        ] GC(767) Old regions: 242->249
[5478.934s][info][gc,heap        ] GC(767) Humongous regions: 33->33
[5478.934s][info][gc,metaspace   ] GC(767) Metaspace: 29987K(30144K)->29987K(30144K) NonClass: 29987K(30144K)->29987K(30144K) Class: 0K(0K)->0K(0K)
[5478.934s][info][gc             ] GC(767) Pause Young (Normal) (G1 Evacuation Pause) 7099M->2595M(8192M) 151.629ms
[5478.934s][info][gc,cpu         ] GC(767) User=1.19s Sys=0.01s Real=0.15s
... (rIR:aIR:PR = 9271:9354:9354) (tPR = 138252) [OK] 
  5480s: Performance info:
         Transaction,    Success,    Partial,     Failed,   Receipts, AvgBarcode, 
             Overall,     565267,          0,          0,     537352,      59.47, 
         Response times:
             Request,    Success,    Partial,     Failed,   SkipFail,     Probes,    Samples,      min,      p50,      p90,      p95,      p99,      max, 
       TotalPurchase,     537352,          0,          0,          0,     360500,     479462,      300,     6300,    19700,    50000,   126000,   840000,
     InStorePurchase,     283843,          0,          0,          0,     190366,     253040,      300,     6200,    21000,    50000,   129000,   840000,
      OnlinePurchase,     197105,          0,          0,          0,     132325,     175640,      300,     6200,    19300,    48000,   119000,   840000,
        InstPurchase,      56404,          0,          0,          0,      37809,      50782,      400,     6500,    19700,    50000,   123000,   467000,
          AssocOfCat,        562,          0,          0,          0,        475,        785,    27000,    48000,    75000,   110000,   196140,   232000,
      AssocOfProduct,       5585,          0,          0,          0,       4153,       5780,      700,     6400,    23900,    57000,   141000,   384000,
      BusinessReport,       1397,          0,          0,          0,       1253,       1839,    32000,    54000,    86000,   120000,   204600,   316000,
          CustBuyBeh,       5629,          0,          0,          0,       4028,       5651,      100,     5600,    17980,    45000,   127480,   375000,
       ProductReturn,      14742,          0,          0,          0,       9494,      13063,      200,     5900,    19560,    49000,   121360,   387000,

  5480s: (68%)   IR =   9409 .[5482.868s][info][gc,start       ] GC(768) Pause Young (Normal) (G1 Evacuation Pause)
[5482.868s][info][gc,task        ] GC(768) Using 8 workers of 8 for evacuation
[5483.014s][info][gc,phases      ] GC(768)   Pre Evacuate Collection Set: 0.28ms
[5483.014s][info][gc,phases      ] GC(768)   Merge Heap Roots: 0.62ms
[5483.014s][info][gc,phases      ] GC(768)   Evacuate Collection Set: 143.65ms
[5483.014s][info][gc,phases      ] GC(768)   Post Evacuate Collection Set: 1.07ms
[5483.014s][info][gc,phases      ] GC(768)   Other: 0.07ms
[5483.014s][info][gc,heap        ] GC(768) Eden regions: 570->0(571)
[5483.014s][info][gc,heap        ] GC(768) Survivor regions: 44->43(77)
[5483.014s][info][gc,heap        ] GC(768) Old regions: 249->256
[5483.014s][info][gc,heap        ] GC(768) Humongous regions: 33->33
[5483.014s][info][gc,metaspace   ] GC(768) Metaspace: 29987K(30144K)->29987K(30144K) NonClass: 29987K(30144K)->29987K(30144K) Class: 0K(0K)->0K(0K)
[5483.014s][info][gc             ] GC(768) Pause Young (Normal) (G1 Evacuation Pause) 7155M->2639M(8192M) 145.838ms
[5483.014s][info][gc,cpu         ] GC(768) User=1.15s Sys=0.00s Real=0.14s
....[5486.939s][info][gc,start       ] GC(769) Pause Young (Normal) (G1 Evacuation Pause)
[5486.939s][info][gc,task        ] GC(769) Using 8 workers of 8 for evacuation
[5487.085s][info][gc,phases      ] GC(769)   Pre Evacuate Collection Set: 0.24ms
[5487.085s][info][gc,phases      ] GC(769)   Merge Heap Roots: 0.57ms
[5487.085s][info][gc,phases      ] GC(769)   Evacuate Collection Set: 144.85ms
[5487.085s][info][gc,phases      ] GC(769)   Post Evacuate Collection Set: 1.05ms
[5487.085s][info][gc,phases      ] GC(769)   Other: 0.06ms
[5487.085s][info][gc,heap        ] GC(769) Eden regions: 571->0(571)
[5487.086s][info][gc,heap        ] GC(769) Survivor regions: 43->43(77)
[5487.086s][info][gc,heap        ] GC(769) Old regions: 256->263
[5487.086s][info][gc,heap        ] GC(769) Humongous regions: 33->33
[5487.086s][info][gc,metaspace   ] GC(769) Metaspace: 29987K(30144K)->29987K(30144K) NonClass: 29987K(30144K)->29987K(30144K) Class: 0K(0K)->0K(0K)
[5487.086s][info][gc             ] GC(769) Pause Young (Normal) (G1 Evacuation Pause) 7207M->2699M(8192M) 146.921ms
[5487.086s][info][gc,cpu         ] GC(769) User=1.16s Sys=0.00s Real=0.14s
....[5491.066s][info][gc,start       ] GC(770) Pause Young (Normal) (G1 Evacuation Pause)
[5491.066s][info][gc,task        ] GC(770) Using 8 workers of 8 for evacuation
[5491.213s][info][gc,phases      ] GC(770)   Pre Evacuate Collection Set: 0.28ms
[5491.213s][info][gc,phases      ] GC(770)   Merge Heap Roots: 0.56ms
[5491.213s][info][gc,phases      ] GC(770)   Evacuate Collection Set: 144.84ms
[5491.213s][info][gc,phases      ] GC(770)   Post Evacuate Collection Set: 1.05ms
[5491.213s][info][gc,phases      ] GC(770)   Other: 0.06ms
[5491.213s][info][gc,heap        ] GC(770) Eden regions: 571->0(571)
[5491.213s][info][gc,heap        ] GC(770) Survivor regions: 43->43(77)
[5491.213s][info][gc,heap        ] GC(770) Old regions: 263->270
[5491.213s][info][gc,heap        ] GC(770) Humongous regions: 33->33
[5491.213s][info][gc,metaspace   ] GC(770) Metaspace: 29987K(30144K)->29987K(30144K) NonClass: 29987K(30144K)->29987K(30144K) Class: 0K(0K)->0K(0K)
[5491.213s][info][gc             ] GC(770) Pause Young (Normal) (G1 Evacuation Pause) 7267M->2755M(8192M) 146.918ms
[5491.213s][info][gc,cpu         ] GC(770) User=1.16s Sys=0.00s Real=0.15s
...|.[5495.213s][info][gc,start       ] GC(771) Pause Young (Normal) (G1 Evacuation Pause)
[5495.213s][info][gc,task        ] GC(771) Using 8 workers of 8 for evacuation
[5495.362s][info][gc,phases      ] GC(771)   Pre Evacuate Collection Set: 0.27ms
[5495.362s][info][gc,phases      ] GC(771)   Merge Heap Roots: 0.53ms
[5495.362s][info][gc,phases      ] GC(771)   Evacuate Collection Set: 147.60ms
[5495.362s][info][gc,phases      ] GC(771)   Post Evacuate Collection Set: 1.07ms
[5495.362s][info][gc,phases      ] GC(771)   Other: 0.06ms
[5495.362s][info][gc,heap        ] GC(771) Eden regions: 571->0(571)
[5495.362s][info][gc,heap        ] GC(771) Survivor regions: 43->43(77)
[5495.362s][info][gc,heap        ] GC(771) Old regions: 270->278
[5495.362s][info][gc,heap        ] GC(771) Humongous regions: 33->33
[5495.362s][info][gc,metaspace   ] GC(771) Metaspace: 29987K(30144K)->29987K(30144K) NonClass: 29987K(30144K)->29987K(30144K) Class: 0K(0K)->0K(0K)
[5495.363s][info][gc             ] GC(771) Pause Young (Normal) (G1 Evacuation Pause) 7323M->2815M(8192M) 149.667ms
[5495.363s][info][gc,cpu         ] GC(771) User=1.19s Sys=0.00s Real=0.15s
....[5499.362s][info][gc,start       ] GC(772) Pause Young (Normal) (G1 Evacuation Pause)
[5499.362s][info][gc,task        ] GC(772) Using 8 workers of 8 for evacuation
[5499.513s][info][gc,phases      ] GC(772)   Pre Evacuate Collection Set: 0.26ms
[5499.513s][info][gc,phases      ] GC(772)   Merge Heap Roots: 0.55ms
[5499.513s][info][gc,phases      ] GC(772)   Evacuate Collection Set: 149.09ms
[5499.513s][info][gc,phases      ] GC(772)   Post Evacuate Collection Set: 1.09ms
[5499.513s][info][gc,phases      ] GC(772)   Other: 0.06ms
[5499.513s][info][gc,heap        ] GC(772) Eden regions: 571->0(568)
[5499.513s][info][gc,heap        ] GC(772) Survivor regions: 43->43(77)
[5499.513s][info][gc,heap        ] GC(772) Old regions: 278->285
[5499.513s][info][gc,heap        ] GC(772) Humongous regions: 33->33
[5499.513s][info][gc,metaspace   ] GC(772) Metaspace: 29987K(30144K)->29987K(30144K) NonClass: 29987K(30144K)->29987K(30144K) Class: 0K(0K)->0K(0K)
[5499.513s][info][gc             ] GC(772) Pause Young (Normal) (G1 Evacuation Pause) 7383M->2873M(8192M) 151.190ms
[5499.513s][info][gc,cpu         ] GC(772) User=1.20s Sys=0.00s Real=0.15s
....[5503.268s][info][gc,start       ] GC(773) Pause Young (Normal) (G1 Evacuation Pause)
[5503.268s][info][gc,task        ] GC(773) Using 8 workers of 8 for evacuation
[5503.414s][info][gc,phases      ] GC(773)   Pre Evacuate Collection Set: 0.26ms
[5503.414s][info][gc,phases      ] GC(773)   Merge Heap Roots: 0.59ms
[5503.414s][info][gc,phases      ] GC(773)   Evacuate Collection Set: 144.55ms
[5503.414s][info][gc,phases      ] GC(773)   Post Evacuate Collection Set: 1.05ms
[5503.414s][info][gc,phases      ] GC(773)   Other: 0.07ms
[5503.414s][info][gc,heap        ] GC(773) Eden regions: 568->0(561)
[5503.414s][info][gc,heap        ] GC(773) Survivor regions: 43->43(77)
[5503.414s][info][gc,heap        ] GC(773) Old regions: 285->292
[5503.414s][info][gc,heap        ] GC(773) Humongous regions: 33->33
[5503.414s][info][gc,metaspace   ] GC(773) Metaspace: 29987K(30144K)->29987K(30144K) NonClass: 29987K(30144K)->29987K(30144K) Class: 0K(0K)->0K(0K)
[5503.414s][info][gc             ] GC(773) Pause Young (Normal) (G1 Evacuation Pause) 7417M->2925M(8192M) 146.652ms
[5503.415s][info][gc,cpu         ] GC(773) User=1.16s Sys=0.00s Real=0.14s
....[5507.251s][info][gc,start       ] GC(774) Pause Young (Normal) (G1 Evacuation Pause)
[5507.251s][info][gc,task        ] GC(774) Using 8 workers of 8 for evacuation
[5507.402s][info][gc,phases      ] GC(774)   Pre Evacuate Collection Set: 0.24ms
[5507.402s][info][gc,phases      ] GC(774)   Merge Heap Roots: 0.55ms
[5507.402s][info][gc,phases      ] GC(774)   Evacuate Collection Set: 148.73ms
[5507.402s][info][gc,phases      ] GC(774)   Post Evacuate Collection Set: 1.03ms
[5507.402s][info][gc,phases      ] GC(774)   Other: 0.06ms
[5507.402s][info][gc,heap        ] GC(774) Eden regions: 561->0(551)
[5507.402s][info][gc,heap        ] GC(774) Survivor regions: 43->44(76)
[5507.402s][info][gc,heap        ] GC(774) Old regions: 292->300
[5507.402s][info][gc,heap        ] GC(774) Humongous regions: 33->33
[5507.402s][info][gc,metaspace   ] GC(774) Metaspace: 29987K(30144K)->29987K(30144K) NonClass: 29987K(30144K)->29987K(30144K) Class: 0K(0K)->0K(0K)
[5507.402s][info][gc             ] GC(774) Pause Young (Normal) (G1 Evacuation Pause) 7413M->2993M(8192M) 150.738ms
[5507.402s][info][gc,cpu         ] GC(774) User=1.18s Sys=0.00s Real=0.15s
....[5511.197s][info][gc,start       ] GC(775) Pause Young (Normal) (G1 Evacuation Pause)
[5511.197s][info][gc,task        ] GC(775) Using 8 workers of 8 for evacuation
[5511.342s][info][gc,phases      ] GC(775)   Pre Evacuate Collection Set: 0.24ms
[5511.342s][info][gc,phases      ] GC(775)   Merge Heap Roots: 0.57ms
[5511.342s][info][gc,phases      ] GC(775)   Evacuate Collection Set: 143.72ms
[5511.342s][info][gc,phases      ] GC(775)   Post Evacuate Collection Set: 1.02ms
[5511.342s][info][gc,phases      ] GC(775)   Other: 0.06ms
[5511.342s][info][gc,heap        ] GC(775) Eden regions: 551->0(546)
[5511.342s][info][gc,heap        ] GC(775) Survivor regions: 44->43(75)
[5511.342s][info][gc,heap        ] GC(775) Old regions: 300->307
[5511.342s][info][gc,heap        ] GC(775) Humongous regions: 33->33
[5511.342s][info][gc,metaspace   ] GC(775) Metaspace: 29987K(30144K)->29987K(30144K) NonClass: 29987K(30144K)->29987K(30144K) Class: 0K(0K)->0K(0K)
[5511.342s][info][gc             ] GC(775) Pause Young (Normal) (G1 Evacuation Pause) 7401M->3049M(8192M) 145.756ms
[5511.342s][info][gc,cpu         ] GC(775) User=1.16s Sys=0.00s Real=0.15s
....[5515.103s][info][gc,start       ] GC(776) Pause Young (Concurrent Start) (G1 Evacuation Pause)
[5515.103s][info][gc,task        ] GC(776) Using 8 workers of 8 for evacuation
[5515.250s][info][gc,phases      ] GC(776)   Pre Evacuate Collection Set: 0.30ms
[5515.250s][info][gc,phases      ] GC(776)   Merge Heap Roots: 0.56ms
[5515.250s][info][gc,phases      ] GC(776)   Evacuate Collection Set: 145.85ms
[5515.250s][info][gc,phases      ] GC(776)   Post Evacuate Collection Set: 1.04ms
[5515.250s][info][gc,phases      ] GC(776)   Other: 0.10ms
[5515.250s][info][gc,heap        ] GC(776) Eden regions: 546->0(538)
[5515.250s][info][gc,heap        ] GC(776) Survivor regions: 43->43(74)
[5515.250s][info][gc,heap        ] GC(776) Old regions: 307->315
[5515.250s][info][gc,heap        ] GC(776) Humongous regions: 33->33
[5515.251s][info][gc,metaspace   ] GC(776) Metaspace: 29987K(30144K)->29987K(30144K) NonClass: 29987K(30144K)->29987K(30144K) Class: 0K(0K)->0K(0K)
[5515.251s][info][gc             ] GC(776) Pause Young (Concurrent Start) (G1 Evacuation Pause) 7417M->3109M(8192M) 147.987ms
[5515.251s][info][gc             ] GC(777) Concurrent Mark Cycle
[5515.251s][info][gc,marking     ] GC(777) Concurrent Scan Root Regions
[5515.251s][info][gc,cpu         ] GC(776) User=1.18s Sys=0.00s Real=0.15s
[5515.489s][info][gc,marking     ] GC(777) Concurrent Scan Root Regions 238.039ms
[5515.489s][info][gc,marking     ] GC(777) Concurrent Mark
[5515.489s][info][gc,marking     ] GC(777) Concurrent Mark From Roots
[5515.489s][info][gc,task        ] GC(777) Using 2 workers of 2 for marking
..[5516.806s][info][gc,marking     ] GC(777) Concurrent Mark From Roots 1317.727ms
[5516.806s][info][gc,marking     ] GC(777) Concurrent Preclean
[5516.806s][info][gc,marking     ] GC(777) Concurrent Preclean 0.061ms
[5516.807s][info][gc,start       ] GC(777) Pause Remark
[5516.810s][info][gc             ] GC(777) Pause Remark 4906M->4378M(8192M) 3.457ms
[5516.810s][info][gc,cpu         ] GC(777) User=0.02s Sys=0.00s Real=0.01s
[5516.810s][info][gc,marking     ] GC(777) Concurrent Mark 1321.577ms
[5516.810s][info][gc,marking     ] GC(777) Concurrent Rebuild Remembered Sets and Scrub Regions
[5517.486s][info][gc,marking     ] GC(777) Concurrent Rebuild Remembered Sets and Scrub Regions 675.659ms
[5517.486s][info][gc,start       ] GC(777) Pause Cleanup
[5517.486s][info][gc             ] GC(777) Pause Cleanup 5222M->5222M(8192M) 0.301ms
[5517.486s][info][gc,cpu         ] GC(777) User=0.00s Sys=0.00s Real=0.00s
[5517.486s][info][gc,marking     ] GC(777) Concurrent Clear Claimed Marks
[5517.487s][info][gc,marking     ] GC(777) Concurrent Clear Claimed Marks 0.055ms
[5517.487s][info][gc,marking     ] GC(777) Concurrent Cleanup for Next Mark
[5517.497s][info][gc,marking     ] GC(777) Concurrent Cleanup for Next Mark 10.225ms
[5517.497s][info][gc             ] GC(777) Concurrent Mark Cycle 2246.313ms
..[5518.903s][info][gc,start       ] GC(778) Pause Young (Prepare Mixed) (G1 Evacuation Pause)
[5518.903s][info][gc,task        ] GC(778) Using 8 workers of 8 for evacuation
[5519.056s][info][gc,phases      ] GC(778)   Pre Evacuate Collection Set: 0.25ms
[5519.056s][info][gc,phases      ] GC(778)   Merge Heap Roots: 0.84ms
[5519.056s][info][gc,phases      ] GC(778)   Evacuate Collection Set: 150.15ms
[5519.056s][info][gc,phases      ] GC(778)   Post Evacuate Collection Set: 1.13ms
[5519.056s][info][gc,phases      ] GC(778)   Other: 0.06ms
[5519.056s][info][gc,heap        ] GC(778) Eden regions: 538->0(570)
[5519.056s][info][gc,heap        ] GC(778) Survivor regions: 43->44(73)
[5519.056s][info][gc,heap        ] GC(778) Old regions: 249->256
[5519.056s][info][gc,heap        ] GC(778) Humongous regions: 33->33
[5519.056s][info][gc,metaspace   ] GC(778) Metaspace: 29987K(30144K)->29987K(30144K) NonClass: 29987K(30144K)->29987K(30144K) Class: 0K(0K)->0K(0K)
[5519.056s][info][gc             ] GC(778) Pause Young (Prepare Mixed) (G1 Evacuation Pause) 6885M->2645M(8192M) 152.569ms
[5519.056s][info][gc,cpu         ] GC(778) User=1.21s Sys=0.00s Real=0.15s
....[5523.087s][info][gc,start       ] GC(779) Pause Young (Mixed) (G1 Evacuation Pause)
[5523.087s][info][gc,task        ] GC(779) Using 8 workers of 8 for evacuation
[5523.247s][info][gc,phases      ] GC(779)   Pre Evacuate Collection Set: 0.29ms
[5523.247s][info][gc,phases      ] GC(779)   Merge Heap Roots: 0.81ms
[5523.247s][info][gc,phases      ] GC(779)   Evacuate Collection Set: 157.16ms
[5523.247s][info][gc,phases      ] GC(779)   Post Evacuate Collection Set: 1.29ms
[5523.247s][info][gc,phases      ] GC(779)   Other: 0.09ms
[5523.247s][info][gc,heap        ] GC(779) Eden regions: 570->0(571)
[5523.247s][info][gc,heap        ] GC(779) Survivor regions: 44->43(77)
[5523.247s][info][gc,heap        ] GC(779) Old regions: 256->161
[5523.247s][info][gc,heap        ] GC(779) Humongous regions: 33->33
[5523.247s][info][gc,metaspace   ] GC(779) Metaspace: 29987K(30144K)->29987K(30144K) NonClass: 29987K(30144K)->29987K(30144K) Class: 0K(0K)->0K(0K)
[5523.247s][info][gc             ] GC(779) Pause Young (Mixed) (G1 Evacuation Pause) 7205M->1882M(8192M) 159.784ms
[5523.247s][info][gc,cpu         ] GC(779) User=1.26s Sys=0.00s Real=0.16s
....[5527.055s][info][gc,start       ] GC(780) Pause Young (Mixed) (G1 Evacuation Pause)
[5527.055s][info][gc,task        ] GC(780) Using 8 workers of 8 for evacuation
[5527.212s][info][gc,phases      ] GC(780)   Pre Evacuate Collection Set: 0.26ms
[5527.212s][info][gc,phases      ] GC(780)   Merge Heap Roots: 0.80ms
[5527.212s][info][gc,phases      ] GC(780)   Evacuate Collection Set: 154.41ms
[5527.212s][info][gc,phases      ] GC(780)   Post Evacuate Collection Set: 1.05ms
[5527.212s][info][gc,phases      ] GC(780)   Other: 0.06ms
[5527.212s][info][gc,heap        ] GC(780) Eden regions: 571->0(570)
[5527.212s][info][gc,heap        ] GC(780) Survivor regions: 43->44(77)
[5527.212s][info][gc,heap        ] GC(780) Old regions: 161->143
[5527.212s][info][gc,heap        ] GC(780) Humongous regions: 33->33
[5527.212s][info][gc,metaspace   ] GC(780) Metaspace: 29987K(30144K)->29987K(30144K) NonClass: 29987K(30144K)->29987K(30144K) Class: 0K(0K)->0K(0K)
[5527.212s][info][gc             ] GC(780) Pause Young (Mixed) (G1 Evacuation Pause) 6450M->1743M(8192M) 156.712ms
[5527.212s][info][gc,cpu         ] GC(780) User=1.24s Sys=0.00s Real=0.16s
....[5531.167s][info][gc,start       ] GC(781) Pause Young (Normal) (G1 Evacuation Pause)
[5531.167s][info][gc,task        ] GC(781) Using 8 workers of 8 for evacuation
[5531.318s][info][gc,phases      ] GC(781)   Pre Evacuate Collection Set: 0.24ms
[5531.318s][info][gc,phases      ] GC(781)   Merge Heap Roots: 0.63ms
[5531.318s][info][gc,phases      ] GC(781)   Evacuate Collection Set: 148.95ms
[5531.318s][info][gc,phases      ] GC(781)   Post Evacuate Collection Set: 1.02ms
[5531.318s][info][gc,phases      ] GC(781)   Other: 0.06ms
[5531.318s][info][gc,heap        ] GC(781) Eden regions: 570->0(570)
[5531.318s][info][gc,heap        ] GC(781) Survivor regions: 44->44(77)
[5531.318s][info][gc,heap        ] GC(781) Old regions: 143->150
[5531.318s][info][gc,heap        ] GC(781) Humongous regions: 33->33
[5531.318s][info][gc,metaspace   ] GC(781) Metaspace: 29987K(30144K)->29987K(30144K) NonClass: 29987K(30144K)->29987K(30144K) Class: 0K(0K)->0K(0K)
[5531.318s][info][gc             ] GC(781) Pause Young (Normal) (G1 Evacuation Pause) 6303M->1799M(8192M) 151.030ms
[5531.318s][info][gc,cpu         ] GC(781) User=1.20s Sys=0.00s Real=0.16s
....[5535.219s][info][gc,start       ] GC(782) Pause Young (Normal) (G1 Evacuation Pause)
[5535.219s][info][gc,task        ] GC(782) Using 8 workers of 8 for evacuation
[5535.375s][info][gc,phases      ] GC(782)   Pre Evacuate Collection Set: 0.26ms
[5535.375s][info][gc,phases      ] GC(782)   Merge Heap Roots: 0.62ms
[5535.375s][info][gc,phases      ] GC(782)   Evacuate Collection Set: 153.26ms
[5535.375s][info][gc,phases      ] GC(782)   Post Evacuate Collection Set: 1.03ms
[5535.375s][info][gc,phases      ] GC(782)   Other: 0.08ms
[5535.375s][info][gc,heap        ] GC(782) Eden regions: 570->0(570)
[5535.375s][info][gc,heap        ] GC(782) Survivor regions: 44->44(77)
[5535.375s][info][gc,heap        ] GC(782) Old regions: 150->157
[5535.375s][info][gc,heap        ] GC(782) Humongous regions: 33->33
[5535.375s][info][gc,metaspace   ] GC(782) Metaspace: 29987K(30144K)->29987K(30144K) NonClass: 29987K(30144K)->29987K(30144K) Class: 0K(0K)->0K(0K)
[5535.375s][info][gc             ] GC(782) Pause Young (Normal) (G1 Evacuation Pause) 6359M->1855M(8192M) 155.390ms
[5535.375s][info][gc,cpu         ] GC(782) User=1.23s Sys=0.00s Real=0.15s
....[5539.299s][info][gc,start       ] GC(783) Pause Young (Normal) (G1 Evacuation Pause)
[5539.299s][info][gc,task        ] GC(783) Using 8 workers of 8 for evacuation
[5539.448s][info][gc,phases      ] GC(783)   Pre Evacuate Collection Set: 0.23ms
[5539.448s][info][gc,phases      ] GC(783)   Merge Heap Roots: 0.51ms
[5539.448s][info][gc,phases      ] GC(783)   Evacuate Collection Set: 147.27ms
[5539.448s][info][gc,phases      ] GC(783)   Post Evacuate Collection Set: 1.02ms
[5539.448s][info][gc,phases      ] GC(783)   Other: 0.06ms
[5539.448s][info][gc,heap        ] GC(783) Eden regions: 570->0(571)
[5539.448s][info][gc,heap        ] GC(783) Survivor regions: 44->43(77)
[5539.448s][info][gc,heap        ] GC(783) Old regions: 157->164
[5539.448s][info][gc,heap        ] GC(783) Humongous regions: 33->33
[5539.448s][info][gc,metaspace   ] GC(783) Metaspace: 29987K(30144K)->29987K(30144K) NonClass: 29987K(30144K)->29987K(30144K) Class: 0K(0K)->0K(0K)
[5539.448s][info][gc             ] GC(783) Pause Young (Normal) (G1 Evacuation Pause) 6415M->1907M(8192M) 149.224ms
[5539.448s][info][gc,cpu         ] GC(783) User=1.18s Sys=0.00s Real=0.15s
....[5543.286s][info][gc,start       ] GC(784) Pause Young (Normal) (G1 Evacuation Pause)
[5543.286s][info][gc,task        ] GC(784) Using 8 workers of 8 for evacuation
[5543.435s][info][gc,phases      ] GC(784)   Pre Evacuate Collection Set: 0.25ms
[5543.435s][info][gc,phases      ] GC(784)   Merge Heap Roots: 0.55ms
[5543.435s][info][gc,phases      ] GC(784)   Evacuate Collection Set: 146.87ms
[5543.435s][info][gc,phases      ] GC(784)   Post Evacuate Collection Set: 1.02ms
[5543.435s][info][gc,phases      ] GC(784)   Other: 0.06ms
[5543.435s][info][gc,heap        ] GC(784) Eden regions: 571->0(571)
[5543.435s][info][gc,heap        ] GC(784) Survivor regions: 43->43(77)
[5543.435s][info][gc,heap        ] GC(784) Old regions: 164->171
[5543.435s][info][gc,heap        ] GC(784) Humongous regions: 33->33
[5543.435s][info][gc,metaspace   ] GC(784) Metaspace: 29987K(30144K)->29987K(30144K) NonClass: 29987K(30144K)->29987K(30144K) Class: 0K(0K)->0K(0K)
[5543.435s][info][gc             ] GC(784) Pause Young (Normal) (G1 Evacuation Pause) 6475M->1963M(8192M) 148.886ms
[5543.435s][info][gc,cpu         ] GC(784) User=1.18s Sys=0.00s Real=0.15s
....[5547.382s][info][gc,start       ] GC(785) Pause Young (Normal) (G1 Evacuation Pause)
[5547.382s][info][gc,task        ] GC(785) Using 8 workers of 8 for evacuation
[5547.532s][info][gc,phases      ] GC(785)   Pre Evacuate Collection Set: 0.26ms
[5547.532s][info][gc,phases      ] GC(785)   Merge Heap Roots: 0.58ms
[5547.532s][info][gc,phases      ] GC(785)   Evacuate Collection Set: 148.61ms
[5547.532s][info][gc,phases      ] GC(785)   Post Evacuate Collection Set: 1.03ms
[5547.532s][info][gc,phases      ] GC(785)   Other: 0.06ms
[5547.532s][info][gc,heap        ] GC(785) Eden regions: 571->0(570)
[5547.532s][info][gc,heap        ] GC(785) Survivor regions: 43->44(77)
[5547.532s][info][gc,heap        ] GC(785) Old regions: 171->178
[5547.532s][info][gc,heap        ] GC(785) Humongous regions: 33->33
[5547.532s][info][gc,metaspace   ] GC(785) Metaspace: 29987K(30144K)->29987K(30144K) NonClass: 29987K(30144K)->29987K(30144K) Class: 0K(0K)->0K(0K)
[5547.532s][info][gc             ] GC(785) Pause Young (Normal) (G1 Evacuation Pause) 6531M->2023M(8192M) 150.666ms
[5547.533s][info][gc,cpu         ] GC(785) User=1.19s Sys=0.00s Real=0.15s
....[5551.469s][info][gc,start       ] GC(786) Pause Young (Normal) (G1 Evacuation Pause)
[5551.469s][info][gc,task        ] GC(786) Using 8 workers of 8 for evacuation
[5551.617s][info][gc,phases      ] GC(786)   Pre Evacuate Collection Set: 0.23ms
[5551.617s][info][gc,phases      ] GC(786)   Merge Heap Roots: 0.55ms
[5551.617s][info][gc,phases      ] GC(786)   Evacuate Collection Set: 146.35ms
[5551.617s][info][gc,phases      ] GC(786)   Post Evacuate Collection Set: 1.04ms
[5551.617s][info][gc,phases      ] GC(786)   Other: 0.06ms
[5551.617s][info][gc,heap        ] GC(786) Eden regions: 570->0(571)
[5551.617s][info][gc,heap        ] GC(786) Survivor regions: 44->43(77)
[5551.617s][info][gc,heap        ] GC(786) Old regions: 178->185
[5551.617s][info][gc,heap        ] GC(786) Humongous regions: 33->33
[5551.617s][info][gc,metaspace   ] GC(786) Metaspace: 29987K(30144K)->29987K(30144K) NonClass: 29987K(30144K)->29987K(30144K) Class: 0K(0K)->0K(0K)
[5551.617s][info][gc             ] GC(786) Pause Young (Normal) (G1 Evacuation Pause) 6583M->2075M(8192M) 148.376ms
[5551.617s][info][gc,cpu         ] GC(786) User=1.18s Sys=0.00s Real=0.14s
... (rIR:aIR:PR = 9409:9420:9421) (tPR = 139993) [OK] 
  5553s: Performance info:
         Transaction,    Success,    Partial,     Failed,   Receipts, AvgBarcode, 
             Overall,     569077,          0,          0,     540570,      59.48, 
         Response times:
             Request,    Success,    Partial,     Failed,   SkipFail,     Probes,    Samples,      min,      p50,      p90,      p95,      p99,      max, 
       TotalPurchase,     540532,          0,          0,          0,     361384,     437314,      300,     6300,    25000,    61000,   140000,  1100000,
     InStorePurchase,     284944,          0,          0,          0,     189884,     229428,      300,     6200,    25000,    62000,   138000,  1100000,
      OnlinePurchase,     198914,          0,          0,          0,     133707,     161769,      300,     6400,    26000,    62000,   142000,  1100000,
        InstPurchase,      56674,          0,          0,          0,      37793,      46117,      500,     6400,    23000,    57000,   141000,  1100000,
          AssocOfCat,        570,          0,          0,          0,        467,        678,    30000,    50000,    72000,   106000,   196210,   277000,
      AssocOfProduct,       5703,          0,          0,          0,       4113,       5269,      500,     6800,    27000,    62000,   125300,   577000,
      BusinessReport,       1422,          0,          0,          0,       1245,       1665,    32000,    55000,    91400,   128000,   221340,  1100000,
          CustBuyBeh,       5647,          0,          0,          0,       4112,       5281,      200,     6700,    21000,    59000,   158000,  1100000,
       ProductReturn,      15128,          0,          0,          0,       9785,      12169,      200,     6300,    29000,    66000,   135300,  1100000,

  5553s: (69%)   IR =   9548 .[5555.604s][info][gc,start       ] GC(787) Pause Young (Normal) (G1 Evacuation Pause)
[5555.604s][info][gc,task        ] GC(787) Using 8 workers of 8 for evacuation
[5555.758s][info][gc,phases      ] GC(787)   Pre Evacuate Collection Set: 0.23ms
[5555.758s][info][gc,phases      ] GC(787)   Merge Heap Roots: 0.53ms
[5555.758s][info][gc,phases      ] GC(787)   Evacuate Collection Set: 151.26ms
[5555.758s][info][gc,phases      ] GC(787)   Post Evacuate Collection Set: 1.07ms
[5555.758s][info][gc,phases      ] GC(787)   Other: 0.06ms
[5555.758s][info][gc,heap        ] GC(787) Eden regions: 571->0(571)
[5555.758s][info][gc,heap        ] GC(787) Survivor regions: 43->43(77)
[5555.758s][info][gc,heap        ] GC(787) Old regions: 185->193
[5555.758s][info][gc,heap        ] GC(787) Humongous regions: 33->33
[5555.758s][info][gc,metaspace   ] GC(787) Metaspace: 29987K(30144K)->29987K(30144K) NonClass: 29987K(30144K)->29987K(30144K) Class: 0K(0K)->0K(0K)
[5555.758s][info][gc             ] GC(787) Pause Young (Normal) (G1 Evacuation Pause) 6643M->2134M(8192M) 153.291ms
[5555.758s][info][gc,cpu         ] GC(787) User=1.21s Sys=0.00s Real=0.16s
....[5559.582s][info][gc,start       ] GC(788) Pause Young (Normal) (G1 Evacuation Pause)
[5559.582s][info][gc,task        ] GC(788) Using 8 workers of 8 for evacuation
[5559.731s][info][gc,phases      ] GC(788)   Pre Evacuate Collection Set: 0.23ms
[5559.731s][info][gc,phases      ] GC(788)   Merge Heap Roots: 0.55ms
[5559.731s][info][gc,phases      ] GC(788)   Evacuate Collection Set: 146.89ms
[5559.731s][info][gc,phases      ] GC(788)   Post Evacuate Collection Set: 1.04ms
[5559.731s][info][gc,phases      ] GC(788)   Other: 0.06ms
[5559.731s][info][gc,heap        ] GC(788) Eden regions: 571->0(571)
[5559.731s][info][gc,heap        ] GC(788) Survivor regions: 43->43(77)
[5559.731s][info][gc,heap        ] GC(788) Old regions: 193->200
[5559.731s][info][gc,heap        ] GC(788) Humongous regions: 33->33
[5559.731s][info][gc,metaspace   ] GC(788) Metaspace: 29987K(30144K)->29987K(30144K) NonClass: 29987K(30144K)->29987K(30144K) Class: 0K(0K)->0K(0K)
[5559.731s][info][gc             ] GC(788) Pause Young (Normal) (G1 Evacuation Pause) 6702M->2187M(8192M) 148.927ms
[5559.731s][info][gc,cpu         ] GC(788) User=1.18s Sys=0.00s Real=0.15s
....|[5563.530s][info][gc,start       ] GC(789) Pause Young (Normal) (G1 Evacuation Pause)
[5563.530s][info][gc,task        ] GC(789) Using 8 workers of 8 for evacuation
[5563.681s][info][gc,phases      ] GC(789)   Pre Evacuate Collection Set: 0.24ms
[5563.681s][info][gc,phases      ] GC(789)   Merge Heap Roots: 0.53ms
[5563.681s][info][gc,phases      ] GC(789)   Evacuate Collection Set: 149.46ms
[5563.681s][info][gc,phases      ] GC(789)   Post Evacuate Collection Set: 1.06ms
[5563.681s][info][gc,phases      ] GC(789)   Other: 0.07ms
[5563.681s][info][gc,heap        ] GC(789) Eden regions: 571->0(570)
[5563.681s][info][gc,heap        ] GC(789) Survivor regions: 43->44(77)
[5563.681s][info][gc,heap        ] GC(789) Old regions: 200->207
[5563.681s][info][gc,heap        ] GC(789) Humongous regions: 33->33
[5563.681s][info][gc,metaspace   ] GC(789) Metaspace: 29987K(30144K)->29987K(30144K) NonClass: 29987K(30144K)->29987K(30144K) Class: 0K(0K)->0K(0K)
[5563.682s][info][gc             ] GC(789) Pause Young (Normal) (G1 Evacuation Pause) 6755M->2253M(8192M) 151.496ms
[5563.682s][info][gc,cpu         ] GC(789) User=1.20s Sys=0.00s Real=0.15s
....[5567.522s][info][gc,start       ] GC(790) Pause Young (Normal) (G1 Evacuation Pause)
[5567.522s][info][gc,task        ] GC(790) Using 8 workers of 8 for evacuation
[5567.675s][info][gc,phases      ] GC(790)   Pre Evacuate Collection Set: 0.24ms
[5567.675s][info][gc,phases      ] GC(790)   Merge Heap Roots: 0.52ms
[5567.675s][info][gc,phases      ] GC(790)   Evacuate Collection Set: 151.36ms
[5567.675s][info][gc,phases      ] GC(790)   Post Evacuate Collection Set: 1.04ms
[5567.675s][info][gc,phases      ] GC(790)   Other: 0.06ms
[5567.675s][info][gc,heap        ] GC(790) Eden regions: 570->0(570)
[5567.675s][info][gc,heap        ] GC(790) Survivor regions: 44->44(77)
[5567.675s][info][gc,heap        ] GC(790) Old regions: 207->214
[5567.675s][info][gc,heap        ] GC(790) Humongous regions: 33->33
[5567.675s][info][gc,metaspace   ] GC(790) Metaspace: 29987K(30144K)->29987K(30144K) NonClass: 29987K(30144K)->29987K(30144K) Class: 0K(0K)->0K(0K)
[5567.675s][info][gc             ] GC(790) Pause Young (Normal) (G1 Evacuation Pause) 6813M->2310M(8192M) 153.358ms
[5567.675s][info][gc,cpu         ] GC(790) User=1.21s Sys=0.00s Real=0.15s
....[5571.503s][info][gc,start       ] GC(791) Pause Young (Normal) (G1 Evacuation Pause)
[5571.503s][info][gc,task        ] GC(791) Using 8 workers of 8 for evacuation
[5571.654s][info][gc,phases      ] GC(791)   Pre Evacuate Collection Set: 0.27ms
[5571.654s][info][gc,phases      ] GC(791)   Merge Heap Roots: 0.52ms
[5571.654s][info][gc,phases      ] GC(791)   Evacuate Collection Set: 148.86ms
[5571.654s][info][gc,phases      ] GC(791)   Post Evacuate Collection Set: 1.02ms
[5571.654s][info][gc,phases      ] GC(791)   Other: 0.06ms
[5571.654s][info][gc,heap        ] GC(791) Eden regions: 570->0(570)
[5571.654s][info][gc,heap        ] GC(791) Survivor regions: 44->44(77)
[5571.654s][info][gc,heap        ] GC(791) Old regions: 214->221
[5571.654s][info][gc,heap        ] GC(791) Humongous regions: 33->33
[5571.654s][info][gc,metaspace   ] GC(791) Metaspace: 29987K(30144K)->29987K(30144K) NonClass: 29987K(30144K)->29987K(30144K) Class: 0K(0K)->0K(0K)
[5571.654s][info][gc             ] GC(791) Pause Young (Normal) (G1 Evacuation Pause) 6870M->2367M(8192M) 150.867ms
[5571.654s][info][gc,cpu         ] GC(791) User=1.19s Sys=0.01s Real=0.15s
....[5575.611s][info][gc,start       ] GC(792) Pause Young (Normal) (G1 Evacuation Pause)
[5575.611s][info][gc,task        ] GC(792) Using 8 workers of 8 for evacuation
[5575.762s][info][gc,phases      ] GC(792)   Pre Evacuate Collection Set: 0.25ms
[5575.762s][info][gc,phases      ] GC(792)   Merge Heap Roots: 0.53ms
[5575.762s][info][gc,phases      ] GC(792)   Evacuate Collection Set: 148.79ms
[5575.762s][info][gc,phases      ] GC(792)   Post Evacuate Collection Set: 1.03ms
[5575.762s][info][gc,phases      ] GC(792)   Other: 0.06ms
[5575.762s][info][gc,heap        ] GC(792) Eden regions: 570->0(571)
[5575.762s][info][gc,heap        ] GC(792) Survivor regions: 44->43(77)
[5575.762s][info][gc,heap        ] GC(792) Old regions: 221->229
[5575.762s][info][gc,heap        ] GC(792) Humongous regions: 33->33
[5575.762s][info][gc,metaspace   ] GC(792) Metaspace: 29987K(30144K)->29987K(30144K) NonClass: 29987K(30144K)->29987K(30144K) Class: 0K(0K)->0K(0K)
[5575.762s][info][gc             ] GC(792) Pause Young (Normal) (G1 Evacuation Pause) 6927M->2425M(8192M) 150.793ms
[5575.762s][info][gc,cpu         ] GC(792) User=1.19s Sys=0.00s Real=0.15s
....[5579.617s][info][gc,start       ] GC(793) Pause Young (Normal) (G1 Evacuation Pause)
[5579.617s][info][gc,task        ] GC(793) Using 8 workers of 8 for evacuation
[5579.771s][info][gc,phases      ] GC(793)   Pre Evacuate Collection Set: 0.26ms
[5579.771s][info][gc,phases      ] GC(793)   Merge Heap Roots: 0.67ms
[5579.771s][info][gc,phases      ] GC(793)   Evacuate Collection Set: 152.37ms
[5579.771s][info][gc,phases      ] GC(793)   Post Evacuate Collection Set: 1.06ms
[5579.771s][info][gc,phases      ] GC(793)   Other: 0.06ms
[5579.771s][info][gc,heap        ] GC(793) Eden regions: 571->0(570)
[5579.771s][info][gc,heap        ] GC(793) Survivor regions: 43->44(77)
[5579.771s][info][gc,heap        ] GC(793) Old regions: 229->236
[5579.771s][info][gc,heap        ] GC(793) Humongous regions: 33->33
[5579.771s][info][gc,metaspace   ] GC(793) Metaspace: 29987K(30144K)->29987K(30144K) NonClass: 29987K(30144K)->29987K(30144K) Class: 0K(0K)->0K(0K)
[5579.771s][info][gc             ] GC(793) Pause Young (Normal) (G1 Evacuation Pause) 6993M->2491M(8192M) 154.542ms
[5579.771s][info][gc,cpu         ] GC(793) User=1.22s Sys=0.00s Real=0.16s
....[5583.465s][info][gc,start       ] GC(794) Pause Young (Normal) (G1 Evacuation Pause)
[5583.465s][info][gc,task        ] GC(794) Using 8 workers of 8 for evacuation
[5583.614s][info][gc,phases      ] GC(794)   Pre Evacuate Collection Set: 0.25ms
[5583.614s][info][gc,phases      ] GC(794)   Merge Heap Roots: 0.60ms
[5583.614s][info][gc,phases      ] GC(794)   Evacuate Collection Set: 146.66ms
[5583.614s][info][gc,phases      ] GC(794)   Post Evacuate Collection Set: 1.04ms
[5583.614s][info][gc,phases      ] GC(794)   Other: 0.07ms
[5583.614s][info][gc,heap        ] GC(794) Eden regions: 570->0(570)
[5583.614s][info][gc,heap        ] GC(794) Survivor regions: 44->44(77)
[5583.614s][info][gc,heap        ] GC(794) Old regions: 236->244
[5583.614s][info][gc,heap        ] GC(794) Humongous regions: 33->33
[5583.614s][info][gc,metaspace   ] GC(794) Metaspace: 29987K(30144K)->29987K(30144K) NonClass: 29987K(30144K)->29987K(30144K) Class: 0K(0K)->0K(0K)
[5583.614s][info][gc             ] GC(794) Pause Young (Normal) (G1 Evacuation Pause) 7051M->2545M(8192M) 148.756ms
[5583.614s][info][gc,cpu         ] GC(794) User=1.18s Sys=0.00s Real=0.15s
....[5587.536s][info][gc,start       ] GC(795) Pause Young (Normal) (G1 Evacuation Pause)
[5587.536s][info][gc,task        ] GC(795) Using 8 workers of 8 for evacuation
[5587.686s][info][gc,phases      ] GC(795)   Pre Evacuate Collection Set: 0.24ms
[5587.686s][info][gc,phases      ] GC(795)   Merge Heap Roots: 0.54ms
[5587.686s][info][gc,phases      ] GC(795)   Evacuate Collection Set: 147.32ms
[5587.686s][info][gc,phases      ] GC(795)   Post Evacuate Collection Set: 1.04ms
[5587.686s][info][gc,phases      ] GC(795)   Other: 0.06ms
[5587.686s][info][gc,heap        ] GC(795) Eden regions: 570->0(570)
[5587.686s][info][gc,heap        ] GC(795) Survivor regions: 44->44(77)
[5587.686s][info][gc,heap        ] GC(795) Old regions: 244->251
[5587.686s][info][gc,heap        ] GC(795) Humongous regions: 33->33
[5587.686s][info][gc,metaspace   ] GC(795) Metaspace: 29987K(30144K)->29987K(30144K) NonClass: 29987K(30144K)->29987K(30144K) Class: 0K(0K)->0K(0K)
[5587.686s][info][gc             ] GC(795) Pause Young (Normal) (G1 Evacuation Pause) 7105M->2602M(8192M) 149.341ms
[5587.686s][info][gc,cpu         ] GC(795) User=1.18s Sys=0.01s Real=0.15s
....[5591.451s][info][gc,start       ] GC(796) Pause Young (Normal) (G1 Evacuation Pause)
[5591.451s][info][gc,task        ] GC(796) Using 8 workers of 8 for evacuation
[5591.600s][info][gc,phases      ] GC(796)   Pre Evacuate Collection Set: 0.23ms
[5591.600s][info][gc,phases      ] GC(796)   Merge Heap Roots: 0.52ms
[5591.600s][info][gc,phases      ] GC(796)   Evacuate Collection Set: 146.84ms
[5591.600s][info][gc,phases      ] GC(796)   Post Evacuate Collection Set: 1.04ms
[5591.600s][info][gc,phases      ] GC(796)   Other: 0.06ms
[5591.600s][info][gc,heap        ] GC(796) Eden regions: 570->0(570)
[5591.600s][info][gc,heap        ] GC(796) Survivor regions: 44->44(77)
[5591.600s][info][gc,heap        ] GC(796) Old regions: 251->258
[5591.600s][info][gc,heap        ] GC(796) Humongous regions: 33->33
[5591.600s][info][gc,metaspace   ] GC(796) Metaspace: 29987K(30144K)->29987K(30144K) NonClass: 29987K(30144K)->29987K(30144K) Class: 0K(0K)->0K(0K)
[5591.600s][info][gc             ] GC(796) Pause Young (Normal) (G1 Evacuation Pause) 7162M->2663M(8192M) 148.826ms
[5591.600s][info][gc,cpu         ] GC(796) User=1.18s Sys=0.00s Real=0.15s
....[5595.641s][info][gc,start       ] GC(797) Pause Young (Normal) (G1 Evacuation Pause)
[5595.641s][info][gc,task        ] GC(797) Using 8 workers of 8 for evacuation
[5595.790s][info][gc,phases      ] GC(797)   Pre Evacuate Collection Set: 0.26ms
[5595.790s][info][gc,phases      ] GC(797)   Merge Heap Roots: 0.53ms
[5595.790s][info][gc,phases      ] GC(797)   Evacuate Collection Set: 147.14ms
[5595.790s][info][gc,phases      ] GC(797)   Post Evacuate Collection Set: 1.05ms
[5595.790s][info][gc,phases      ] GC(797)   Other: 0.07ms
[5595.790s][info][gc,heap        ] GC(797) Eden regions: 570->0(571)
[5595.790s][info][gc,heap        ] GC(797) Survivor regions: 44->43(77)
[5595.790s][info][gc,heap        ] GC(797) Old regions: 258->265
[5595.790s][info][gc,heap        ] GC(797) Humongous regions: 33->33
[5595.790s][info][gc,metaspace   ] GC(797) Metaspace: 29987K(30144K)->29987K(30144K) NonClass: 29987K(30144K)->29987K(30144K) Class: 0K(0K)->0K(0K)
[5595.790s][info][gc             ] GC(797) Pause Young (Normal) (G1 Evacuation Pause) 7223M->2710M(8192M) 149.185ms
[5595.791s][info][gc,cpu         ] GC(797) User=1.19s Sys=0.00s Real=0.15s
....[5599.662s][info][gc,start       ] GC(798) Pause Young (Normal) (G1 Evacuation Pause)
[5599.663s][info][gc,task        ] GC(798) Using 8 workers of 8 for evacuation
[5599.808s][info][gc,phases      ] GC(798)   Pre Evacuate Collection Set: 0.26ms
[5599.808s][info][gc,phases      ] GC(798)   Merge Heap Roots: 0.58ms
[5599.808s][info][gc,phases      ] GC(798)   Evacuate Collection Set: 143.25ms
[5599.808s][info][gc,phases      ] GC(798)   Post Evacuate Collection Set: 1.02ms
[5599.808s][info][gc,phases      ] GC(798)   Other: 0.06ms
[5599.808s][info][gc,heap        ] GC(798) Eden regions: 571->0(572)
[5599.808s][info][gc,heap        ] GC(798) Survivor regions: 43->42(77)
[5599.808s][info][gc,heap        ] GC(798) Old regions: 265->272
[5599.808s][info][gc,heap        ] GC(798) Humongous regions: 33->33
[5599.808s][info][gc,metaspace   ] GC(798) Metaspace: 29987K(30144K)->29987K(30144K) NonClass: 29987K(30144K)->29987K(30144K) Class: 0K(0K)->0K(0K)
[5599.808s][info][gc             ] GC(798) Pause Young (Normal) (G1 Evacuation Pause) 7278M->2758M(8192M) 145.308ms
[5599.808s][info][gc,cpu         ] GC(798) User=1.15s Sys=0.00s Real=0.15s
....[5603.809s][info][gc,start       ] GC(799) Pause Young (Normal) (G1 Evacuation Pause)
[5603.809s][info][gc,task        ] GC(799) Using 8 workers of 8 for evacuation
[5603.955s][info][gc,phases      ] GC(799)   Pre Evacuate Collection Set: 0.26ms
[5603.955s][info][gc,phases      ] GC(799)   Merge Heap Roots: 0.54ms
[5603.955s][info][gc,phases      ] GC(799)   Evacuate Collection Set: 143.57ms
[5603.955s][info][gc,phases      ] GC(799)   Post Evacuate Collection Set: 1.04ms
[5603.955s][info][gc,phases      ] GC(799)   Other: 0.07ms
[5603.955s][info][gc,heap        ] GC(799) Eden regions: 572->0(572)
[5603.955s][info][gc,heap        ] GC(799) Survivor regions: 42->42(77)
[5603.955s][info][gc,heap        ] GC(799) Old regions: 272->279
[5603.955s][info][gc,heap        ] GC(799) Humongous regions: 33->33
[5603.955s][info][gc,metaspace   ] GC(799) Metaspace: 29987K(30144K)->29987K(30144K) NonClass: 29987K(30144K)->29987K(30144K) Class: 0K(0K)->0K(0K)
[5603.955s][info][gc             ] GC(799) Pause Young (Normal) (G1 Evacuation Pause) 7334M->2815M(8192M) 145.620ms
[5603.955s][info][gc,cpu         ] GC(799) User=1.15s Sys=0.00s Real=0.14s
....[5607.870s][info][gc,start       ] GC(800) Pause Young (Normal) (G1 Evacuation Pause)
[5607.870s][info][gc,task        ] GC(800) Using 8 workers of 8 for evacuation
[5608.016s][info][gc,phases      ] GC(800)   Pre Evacuate Collection Set: 0.29ms
[5608.016s][info][gc,phases      ] GC(800)   Merge Heap Roots: 0.59ms
[5608.016s][info][gc,phases      ] GC(800)   Evacuate Collection Set: 144.12ms
[5608.016s][info][gc,phases      ] GC(800)   Post Evacuate Collection Set: 1.03ms
[5608.016s][info][gc,phases      ] GC(800)   Other: 0.07ms
[5608.016s][info][gc,heap        ] GC(800) Eden regions: 572->0(567)
[5608.016s][info][gc,heap        ] GC(800) Survivor regions: 42->43(77)
[5608.016s][info][gc,heap        ] GC(800) Old regions: 279->286
[5608.016s][info][gc,heap        ] GC(800) Humongous regions: 33->33
[5608.016s][info][gc,metaspace   ] GC(800) Metaspace: 29987K(30144K)->29987K(30144K) NonClass: 29987K(30144K)->29987K(30144K) Class: 0K(0K)->0K(0K)
[5608.016s][info][gc             ] GC(800) Pause Young (Normal) (G1 Evacuation Pause) 7391M->2874M(8192M) 146.239ms
[5608.016s][info][gc,cpu         ] GC(800) User=1.15s Sys=0.00s Real=0.14s
....[5611.801s][info][gc,start       ] GC(801) Pause Young (Normal) (G1 Evacuation Pause)
[5611.801s][info][gc,task        ] GC(801) Using 8 workers of 8 for evacuation
[5611.947s][info][gc,phases      ] GC(801)   Pre Evacuate Collection Set: 0.23ms
[5611.947s][info][gc,phases      ] GC(801)   Merge Heap Roots: 0.58ms
[5611.947s][info][gc,phases      ] GC(801)   Evacuate Collection Set: 144.05ms
[5611.947s][info][gc,phases      ] GC(801)   Post Evacuate Collection Set: 1.04ms
[5611.947s][info][gc,phases      ] GC(801)   Other: 0.07ms
[5611.947s][info][gc,heap        ] GC(801) Eden regions: 567->0(560)
[5611.947s][info][gc,heap        ] GC(801) Survivor regions: 43->43(77)
[5611.947s][info][gc,heap        ] GC(801) Old regions: 286->293
[5611.947s][info][gc,heap        ] GC(801) Humongous regions: 33->33
[5611.947s][info][gc,metaspace   ] GC(801) Metaspace: 29987K(30144K)->29987K(30144K) NonClass: 29987K(30144K)->29987K(30144K) Class: 0K(0K)->0K(0K)
[5611.947s][info][gc             ] GC(801) Pause Young (Normal) (G1 Evacuation Pause) 7410M->2930M(8192M) 146.107ms
[5611.947s][info][gc,cpu         ] GC(801) User=1.15s Sys=0.00s Real=0.15s
....[5615.724s][info][gc,start       ] GC(802) Pause Young (Normal) (G1 Evacuation Pause)
[5615.724s][info][gc,task        ] GC(802) Using 8 workers of 8 for evacuation
[5615.877s][info][gc,phases      ] GC(802)   Pre Evacuate Collection Set: 0.25ms
[5615.877s][info][gc,phases      ] GC(802)   Merge Heap Roots: 0.64ms
[5615.877s][info][gc,phases      ] GC(802)   Evacuate Collection Set: 150.74ms
[5615.877s][info][gc,phases      ] GC(802)   Post Evacuate Collection Set: 1.05ms
[5615.877s][info][gc,phases      ] GC(802)   Other: 0.06ms
[5615.877s][info][gc,heap        ] GC(802) Eden regions: 560->0(553)
[5615.877s][info][gc,heap        ] GC(802) Survivor regions: 43->43(76)
[5615.877s][info][gc,heap        ] GC(802) Old regions: 293->300
[5615.877s][info][gc,heap        ] GC(802) Humongous regions: 33->33
[5615.877s][info][gc,metaspace   ] GC(802) Metaspace: 29987K(30144K)->29987K(30144K) NonClass: 29987K(30144K)->29987K(30144K) Class: 0K(0K)->0K(0K)
[5615.877s][info][gc             ] GC(802) Pause Young (Normal) (G1 Evacuation Pause) 7410M->2993M(8192M) 152.887ms
[5615.877s][info][gc,cpu         ] GC(802) User=1.21s Sys=0.00s Real=0.16s
....[5619.699s][info][gc,start       ] GC(803) Pause Young (Normal) (G1 Evacuation Pause)
[5619.699s][info][gc,task        ] GC(803) Using 8 workers of 8 for evacuation
[5619.848s][info][gc,phases      ] GC(803)   Pre Evacuate Collection Set: 0.26ms
[5619.848s][info][gc,phases      ] GC(803)   Merge Heap Roots: 0.62ms
[5619.848s][info][gc,phases      ] GC(803)   Evacuate Collection Set: 146.78ms
[5619.848s][info][gc,phases      ] GC(803)   Post Evacuate Collection Set: 1.02ms
[5619.848s][info][gc,phases      ] GC(803)   Other: 0.06ms
[5619.848s][info][gc,heap        ] GC(803) Eden regions: 553->0(545)
[5619.848s][info][gc,heap        ] GC(803) Survivor regions: 43->43(75)
[5619.848s][info][gc,heap        ] GC(803) Old regions: 300->308
[5619.848s][info][gc,heap        ] GC(803) Humongous regions: 33->33
[5619.848s][info][gc,metaspace   ] GC(803) Metaspace: 29987K(30144K)->29987K(30144K) NonClass: 29987K(30144K)->29987K(30144K) Class: 0K(0K)->0K(0K)
[5619.848s][info][gc             ] GC(803) Pause Young (Normal) (G1 Evacuation Pause) 7417M->3049M(8192M) 148.872ms
[5619.848s][info][gc,cpu         ] GC(803) User=1.18s Sys=0.00s Real=0.15s
.... (rIR:aIR:PR = 9548:9525:9527) (tPR = 141949) [OK] 
  5622s: Performance info:
         Transaction,    Success,    Partial,     Failed,   Receipts, AvgBarcode, 
             Overall,     573746,          0,          0,     544890,      59.47, 
         Response times:
             Request,    Success,    Partial,     Failed,   SkipFail,     Probes,    Samples,      min,      p50,      p90,      p95,      p99,      max, 
       TotalPurchase,     544822,          0,          0,          0,     356277,     417064,      300,     6100,    17100,    38000,    88000,   377000,
     InStorePurchase,     285205,          0,          0,          0,     187362,     219341,      300,     6100,    16900,    39000,    91000,   377000,
      OnlinePurchase,     202542,          0,          0,          0,     130578,     153128,      300,     6100,    17200,    36000,    83000,   374000,
        InstPurchase,      57075,          0,          0,          0,      38337,      44595,      500,     6300,    17100,    38000,    86000,   376000,
          AssocOfCat,        573,          0,          0,          0,        487,        657,    27000,    50000,    74000,    90100,   155300,   239000,
      AssocOfProduct,       5722,          0,          0,          0,       4194,       4998,      800,     6100,    16000,    35000,    81000,   319000,
      BusinessReport,       1435,          0,          0,          0,       1259,       1560,    29000,    53000,    76000,    96950,   202780,   231000,
          CustBuyBeh,       5744,          0,          0,          0,       4246,       5134,      200,     4700,    16100,    35000,    78650,   308000,
       ProductReturn,      15357,          0,          0,          0,       9951,      11881,      200,     5700,    16400,    35000,    90000,   375000,

  5622s: (70%)   IR =   9686 [5623.460s][info][gc,start       ] GC(804) Pause Young (Concurrent Start) (G1 Evacuation Pause)
[5623.460s][info][gc,task        ] GC(804) Using 8 workers of 8 for evacuation
[5623.613s][info][gc,phases      ] GC(804)   Pre Evacuate Collection Set: 0.27ms
[5623.613s][info][gc,phases      ] GC(804)   Merge Heap Roots: 0.55ms
[5623.613s][info][gc,phases      ] GC(804)   Evacuate Collection Set: 151.14ms
[5623.613s][info][gc,phases      ] GC(804)   Post Evacuate Collection Set: 1.08ms
[5623.613s][info][gc,phases      ] GC(804)   Other: 0.08ms
[5623.613s][info][gc,heap        ] GC(804) Eden regions: 545->0(536)
[5623.613s][info][gc,heap        ] GC(804) Survivor regions: 43->44(74)
[5623.613s][info][gc,heap        ] GC(804) Old regions: 308->315
[5623.613s][info][gc,heap        ] GC(804) Humongous regions: 33->33
[5623.613s][info][gc,metaspace   ] GC(804) Metaspace: 29989K(30144K)->29989K(30144K) NonClass: 29989K(30144K)->29989K(30144K) Class: 0K(0K)->0K(0K)
[5623.613s][info][gc             ] GC(804) Pause Young (Concurrent Start) (G1 Evacuation Pause) 7409M->3116M(8192M) 153.273ms
[5623.613s][info][gc             ] GC(805) Concurrent Mark Cycle
[5623.613s][info][gc,marking     ] GC(805) Concurrent Scan Root Regions
[5623.613s][info][gc,cpu         ] GC(804) User=1.22s Sys=0.00s Real=0.15s
[5623.889s][info][gc,marking     ] GC(805) Concurrent Scan Root Regions 275.396ms
[5623.889s][info][gc,marking     ] GC(805) Concurrent Mark
[5623.889s][info][gc,marking     ] GC(805) Concurrent Mark From Roots
[5623.889s][info][gc,task        ] GC(805) Using 2 workers of 2 for marking
.[5625.036s][info][gc,marking     ] GC(805) Concurrent Mark From Roots 1147.528ms
[5625.036s][info][gc,marking     ] GC(805) Concurrent Preclean
[5625.036s][info][gc,marking     ] GC(805) Concurrent Preclean 0.132ms
[5625.036s][info][gc,start       ] GC(805) Pause Remark
[5625.039s][info][gc             ] GC(805) Pause Remark 4768M->4200M(8192M) 2.596ms
[5625.039s][info][gc,cpu         ] GC(805) User=0.02s Sys=0.00s Real=0.01s
[5625.039s][info][gc,marking     ] GC(805) Concurrent Mark 1150.579ms
[5625.039s][info][gc,marking     ] GC(805) Concurrent Rebuild Remembered Sets and Scrub Regions
.[5625.779s][info][gc,marking     ] GC(805) Concurrent Rebuild Remembered Sets and Scrub Regions 739.443ms
[5625.779s][info][gc,start       ] GC(805) Pause Cleanup
[5625.779s][info][gc             ] GC(805) Pause Cleanup 5216M->5216M(8192M) 0.248ms
[5625.779s][info][gc,cpu         ] GC(805) User=0.00s Sys=0.00s Real=0.00s
[5625.779s][info][gc,marking     ] GC(805) Concurrent Clear Claimed Marks
[5625.779s][info][gc,marking     ] GC(805) Concurrent Clear Claimed Marks 0.050ms
[5625.779s][info][gc,marking     ] GC(805) Concurrent Cleanup for Next Mark
[5625.791s][info][gc,marking     ] GC(805) Concurrent Cleanup for Next Mark 12.043ms
[5625.791s][info][gc             ] GC(805) Concurrent Mark Cycle 2178.151ms
..[5627.246s][info][gc,start       ] GC(806) Pause Young (Prepare Mixed) (G1 Evacuation Pause)
[5627.246s][info][gc,task        ] GC(806) Using 8 workers of 8 for evacuation
[5627.394s][info][gc,phases      ] GC(806)   Pre Evacuate Collection Set: 0.26ms
[5627.394s][info][gc,phases      ] GC(806)   Merge Heap Roots: 0.90ms
[5627.394s][info][gc,phases      ] GC(806)   Evacuate Collection Set: 146.32ms
[5627.394s][info][gc,phases      ] GC(806)   Post Evacuate Collection Set: 1.08ms
[5627.394s][info][gc,phases      ] GC(806)   Other: 0.06ms
[5627.394s][info][gc,heap        ] GC(806) Eden regions: 536->0(572)
[5627.394s][info][gc,heap        ] GC(806) Survivor regions: 44->42(73)
[5627.394s][info][gc,heap        ] GC(806) Old regions: 244->251
[5627.394s][info][gc,heap        ] GC(806) Humongous regions: 33->33
[5627.394s][info][gc,metaspace   ] GC(806) Metaspace: 29991K(30144K)->29991K(30144K) NonClass: 29991K(30144K)->29991K(30144K) Class: 0K(0K)->0K(0K)
[5627.394s][info][gc             ] GC(806) Pause Young (Prepare Mixed) (G1 Evacuation Pause) 6836M->2591M(8192M) 148.753ms
[5627.394s][info][gc,cpu         ] GC(806) User=1.17s Sys=0.00s Real=0.15s
....[5631.232s][info][gc,start       ] GC(807) Pause Young (Mixed) (G1 Evacuation Pause)
[5631.232s][info][gc,task        ] GC(807) Using 8 workers of 8 for evacuation
[5631.387s][info][gc,phases      ] GC(807)   Pre Evacuate Collection Set: 0.30ms
[5631.387s][info][gc,phases      ] GC(807)   Merge Heap Roots: 0.85ms
[5631.387s][info][gc,phases      ] GC(807)   Evacuate Collection Set: 152.48ms
[5631.387s][info][gc,phases      ] GC(807)   Post Evacuate Collection Set: 1.31ms
[5631.387s][info][gc,phases      ] GC(807)   Other: 0.08ms
[5631.387s][info][gc,heap        ] GC(807) Eden regions: 572->0(572)
[5631.387s][info][gc,heap        ] GC(807) Survivor regions: 42->42(77)
[5631.387s][info][gc,heap        ] GC(807) Old regions: 251->157
[5631.387s][info][gc,heap        ] GC(807) Humongous regions: 33->33
[5631.387s][info][gc,metaspace   ] GC(807) Metaspace: 29991K(30144K)->29991K(30144K) NonClass: 29991K(30144K)->29991K(30144K) Class: 0K(0K)->0K(0K)
[5631.387s][info][gc             ] GC(807) Pause Young (Mixed) (G1 Evacuation Pause) 7167M->1838M(8192M) 155.156ms
[5631.387s][info][gc,cpu         ] GC(807) User=1.23s Sys=0.00s Real=0.15s
....[5635.243s][info][gc,start       ] GC(808) Pause Young (Mixed) (G1 Evacuation Pause)
[5635.243s][info][gc,task        ] GC(808) Using 8 workers of 8 for evacuation
[5635.408s][info][gc,phases      ] GC(808)   Pre Evacuate Collection Set: 0.25ms
[5635.408s][info][gc,phases      ] GC(808)   Merge Heap Roots: 0.79ms
[5635.408s][info][gc,phases      ] GC(808)   Evacuate Collection Set: 163.01ms
[5635.408s][info][gc,phases      ] GC(808)   Post Evacuate Collection Set: 1.07ms
[5635.408s][info][gc,phases      ] GC(808)   Other: 0.06ms
[5635.408s][info][gc,heap        ] GC(808) Eden regions: 572->0(569)
[5635.408s][info][gc,heap        ] GC(808) Survivor regions: 42->45(77)
[5635.408s][info][gc,heap        ] GC(808) Old regions: 157->143
[5635.408s][info][gc,heap        ] GC(808) Humongous regions: 33->33
[5635.408s][info][gc,metaspace   ] GC(808) Metaspace: 29991K(30144K)->29991K(30144K) NonClass: 29991K(30144K)->29991K(30144K) Class: 0K(0K)->0K(0K)
[5635.408s][info][gc             ] GC(808) Pause Young (Mixed) (G1 Evacuation Pause) 6414M->1751M(8192M) 165.318ms
[5635.408s][info][gc,cpu         ] GC(808) User=1.31s Sys=0.00s Real=0.17s
..|.[5639.081s][info][gc,start       ] GC(809) Pause Young (Normal) (G1 Evacuation Pause)
[5639.081s][info][gc,task        ] GC(809) Using 8 workers of 8 for evacuation
[5639.234s][info][gc,phases      ] GC(809)   Pre Evacuate Collection Set: 0.27ms
[5639.234s][info][gc,phases      ] GC(809)   Merge Heap Roots: 0.64ms
[5639.234s][info][gc,phases      ] GC(809)   Evacuate Collection Set: 150.55ms
[5639.234s][info][gc,phases      ] GC(809)   Post Evacuate Collection Set: 1.00ms
[5639.234s][info][gc,phases      ] GC(809)   Other: 0.06ms
[5639.234s][info][gc,heap        ] GC(809) Eden regions: 569->0(571)
[5639.234s][info][gc,heap        ] GC(809) Survivor regions: 45->43(77)
[5639.234s][info][gc,heap        ] GC(809) Old regions: 143->151
[5639.234s][info][gc,heap        ] GC(809) Humongous regions: 33->33
[5639.234s][info][gc,metaspace   ] GC(809) Metaspace: 29991K(30144K)->29991K(30144K) NonClass: 29991K(30144K)->29991K(30144K) Class: 0K(0K)->0K(0K)
[5639.234s][info][gc             ] GC(809) Pause Young (Normal) (G1 Evacuation Pause) 6303M->1797M(8192M) 152.667ms
[5639.234s][info][gc,cpu         ] GC(809) User=1.21s Sys=0.00s Real=0.15s
.....[5643.249s][info][gc,start       ] GC(810) Pause Young (Normal) (G1 Evacuation Pause)
[5643.249s][info][gc,task        ] GC(810) Using 8 workers of 8 for evacuation
[5643.396s][info][gc,phases      ] GC(810)   Pre Evacuate Collection Set: 0.24ms
[5643.396s][info][gc,phases      ] GC(810)   Merge Heap Roots: 0.58ms
[5643.396s][info][gc,phases      ] GC(810)   Evacuate Collection Set: 145.36ms
[5643.396s][info][gc,phases      ] GC(810)   Post Evacuate Collection Set: 1.06ms
[5643.396s][info][gc,phases      ] GC(810)   Other: 0.09ms
[5643.397s][info][gc,heap        ] GC(810) Eden regions: 571->0(571)
[5643.397s][info][gc,heap        ] GC(810) Survivor regions: 43->43(77)
[5643.397s][info][gc,heap        ] GC(810) Old regions: 151->158
[5643.397s][info][gc,heap        ] GC(810) Humongous regions: 33->33
[5643.397s][info][gc,metaspace   ] GC(810) Metaspace: 29991K(30144K)->29991K(30144K) NonClass: 29991K(30144K)->29991K(30144K) Class: 0K(0K)->0K(0K)
[5643.397s][info][gc             ] GC(810) Pause Young (Normal) (G1 Evacuation Pause) 6365M->1849M(8192M) 147.469ms
[5643.397s][info][gc,cpu         ] GC(810) User=1.17s Sys=0.00s Real=0.14s
...[5647.200s][info][gc,start       ] GC(811) Pause Young (Normal) (G1 Evacuation Pause)
[5647.200s][info][gc,task        ] GC(811) Using 8 workers of 8 for evacuation
[5647.350s][info][gc,phases      ] GC(811)   Pre Evacuate Collection Set: 0.24ms
[5647.350s][info][gc,phases      ] GC(811)   Merge Heap Roots: 0.55ms
[5647.350s][info][gc,phases      ] GC(811)   Evacuate Collection Set: 147.75ms
[5647.350s][info][gc,phases      ] GC(811)   Post Evacuate Collection Set: 1.01ms
[5647.350s][info][gc,phases      ] GC(811)   Other: 0.08ms
[5647.350s][info][gc,heap        ] GC(811) Eden regions: 571->0(571)
[5647.350s][info][gc,heap        ] GC(811) Survivor regions: 43->43(77)
[5647.350s][info][gc,heap        ] GC(811) Old regions: 158->164
[5647.350s][info][gc,heap        ] GC(811) Humongous regions: 33->33
[5647.350s][info][gc,metaspace   ] GC(811) Metaspace: 29991K(30144K)->29991K(30144K) NonClass: 29991K(30144K)->29991K(30144K) Class: 0K(0K)->0K(0K)
[5647.350s][info][gc             ] GC(811) Pause Young (Normal) (G1 Evacuation Pause) 6417M->1903M(8192M) 149.760ms
[5647.350s][info][gc,cpu         ] GC(811) User=1.18s Sys=0.00s Real=0.15s
....[5651.207s][info][gc,start       ] GC(812) Pause Young (Normal) (G1 Evacuation Pause)
[5651.207s][info][gc,task        ] GC(812) Using 8 workers of 8 for evacuation
[5651.361s][info][gc,phases      ] GC(812)   Pre Evacuate Collection Set: 0.22ms
[5651.361s][info][gc,phases      ] GC(812)   Merge Heap Roots: 0.58ms
[5651.361s][info][gc,phases      ] GC(812)   Evacuate Collection Set: 152.12ms
[5651.361s][info][gc,phases      ] GC(812)   Post Evacuate Collection Set: 1.03ms
[5651.361s][info][gc,phases      ] GC(812)   Other: 0.06ms
[5651.361s][info][gc,heap        ] GC(812) Eden regions: 571->0(571)
[5651.361s][info][gc,heap        ] GC(812) Survivor regions: 43->43(77)
[5651.361s][info][gc,heap        ] GC(812) Old regions: 164->172
[5651.361s][info][gc,heap        ] GC(812) Humongous regions: 33->33
[5651.361s][info][gc,metaspace   ] GC(812) Metaspace: 29991K(30144K)->29991K(30144K) NonClass: 29991K(30144K)->29991K(30144K) Class: 0K(0K)->0K(0K)
[5651.361s][info][gc             ] GC(812) Pause Young (Normal) (G1 Evacuation Pause) 6471M->1965M(8192M) 154.137ms
[5651.361s][info][gc,cpu         ] GC(812) User=1.22s Sys=0.00s Real=0.15s
....[5655.127s][info][gc,start       ] GC(813) Pause Young (Normal) (G1 Evacuation Pause)
[5655.127s][info][gc,task        ] GC(813) Using 8 workers of 8 for evacuation
[5655.279s][info][gc,phases      ] GC(813)   Pre Evacuate Collection Set: 0.26ms
[5655.279s][info][gc,phases      ] GC(813)   Merge Heap Roots: 0.54ms
[5655.279s][info][gc,phases      ] GC(813)   Evacuate Collection Set: 150.29ms
[5655.279s][info][gc,phases      ] GC(813)   Post Evacuate Collection Set: 1.06ms
[5655.279s][info][gc,phases      ] GC(813)   Other: 0.07ms
[5655.279s][info][gc,heap        ] GC(813) Eden regions: 571->0(570)
[5655.279s][info][gc,heap        ] GC(813) Survivor regions: 43->44(77)
[5655.279s][info][gc,heap        ] GC(813) Old regions: 172->179
[5655.279s][info][gc,heap        ] GC(813) Humongous regions: 33->33
[5655.279s][info][gc,metaspace   ] GC(813) Metaspace: 29991K(30144K)->29991K(30144K) NonClass: 29991K(30144K)->29991K(30144K) Class: 0K(0K)->0K(0K)
[5655.280s][info][gc             ] GC(813) Pause Young (Normal) (G1 Evacuation Pause) 6533M->2027M(8192M) 152.355ms
[5655.280s][info][gc,cpu         ] GC(813) User=1.21s Sys=0.00s Real=0.15s
....[5659.062s][info][gc,start       ] GC(814) Pause Young (Normal) (G1 Evacuation Pause)
[5659.062s][info][gc,task        ] GC(814) Using 8 workers of 8 for evacuation
[5659.212s][info][gc,phases      ] GC(814)   Pre Evacuate Collection Set: 0.23ms
[5659.212s][info][gc,phases      ] GC(814)   Merge Heap Roots: 0.52ms
[5659.212s][info][gc,phases      ] GC(814)   Evacuate Collection Set: 147.78ms
[5659.212s][info][gc,phases      ] GC(814)   Post Evacuate Collection Set: 1.05ms
[5659.212s][info][gc,phases      ] GC(814)   Other: 0.06ms
[5659.212s][info][gc,heap        ] GC(814) Eden regions: 570->0(570)
[5659.212s][info][gc,heap        ] GC(814) Survivor regions: 44->44(77)
[5659.212s][info][gc,heap        ] GC(814) Old regions: 179->186
[5659.212s][info][gc,heap        ] GC(814) Humongous regions: 33->33
[5659.212s][info][gc,metaspace   ] GC(814) Metaspace: 29991K(30144K)->29991K(30144K) NonClass: 29991K(30144K)->29991K(30144K) Class: 0K(0K)->0K(0K)
[5659.212s][info][gc             ] GC(814) Pause Young (Normal) (G1 Evacuation Pause) 6587M->2086M(8192M) 149.797ms
[5659.212s][info][gc,cpu         ] GC(814) User=1.19s Sys=0.00s Real=0.15s
....[5663.120s][info][gc,start       ] GC(815) Pause Young (Normal) (G1 Evacuation Pause)
[5663.120s][info][gc,task        ] GC(815) Using 8 workers of 8 for evacuation
[5663.268s][info][gc,phases      ] GC(815)   Pre Evacuate Collection Set: 0.24ms
[5663.268s][info][gc,phases      ] GC(815)   Merge Heap Roots: 0.52ms
[5663.268s][info][gc,phases      ] GC(815)   Evacuate Collection Set: 146.84ms
[5663.268s][info][gc,phases      ] GC(815)   Post Evacuate Collection Set: 1.02ms
[5663.268s][info][gc,phases      ] GC(815)   Other: 0.06ms
[5663.268s][info][gc,heap        ] GC(815) Eden regions: 570->0(571)
[5663.268s][info][gc,heap        ] GC(815) Survivor regions: 44->43(77)
[5663.268s][info][gc,heap        ] GC(815) Old regions: 186->193
[5663.268s][info][gc,heap        ] GC(815) Humongous regions: 33->33
[5663.268s][info][gc,metaspace   ] GC(815) Metaspace: 29991K(30144K)->29991K(30144K) NonClass: 29991K(30144K)->29991K(30144K) Class: 0K(0K)->0K(0K)
[5663.268s][info][gc             ] GC(815) Pause Young (Normal) (G1 Evacuation Pause) 6646M->2139M(8192M) 148.804ms
[5663.269s][info][gc,cpu         ] GC(815) User=1.18s Sys=0.00s Real=0.15s
....[5667.018s][info][gc,start       ] GC(816) Pause Young (Normal) (G1 Evacuation Pause)
[5667.018s][info][gc,task        ] GC(816) Using 8 workers of 8 for evacuation
[5667.168s][info][gc,phases      ] GC(816)   Pre Evacuate Collection Set: 0.25ms
[5667.168s][info][gc,phases      ] GC(816)   Merge Heap Roots: 0.55ms
[5667.168s][info][gc,phases      ] GC(816)   Evacuate Collection Set: 147.72ms
[5667.168s][info][gc,phases      ] GC(816)   Post Evacuate Collection Set: 1.04ms
[5667.168s][info][gc,phases      ] GC(816)   Other: 0.06ms
[5667.168s][info][gc,heap        ] GC(816) Eden regions: 571->0(571)
[5667.168s][info][gc,heap        ] GC(816) Survivor regions: 43->43(77)
[5667.168s][info][gc,heap        ] GC(816) Old regions: 193->201
[5667.168s][info][gc,heap        ] GC(816) Humongous regions: 33->33
[5667.168s][info][gc,metaspace   ] GC(816) Metaspace: 29991K(30144K)->29991K(30144K) NonClass: 29991K(30144K)->29991K(30144K) Class: 0K(0K)->0K(0K)
[5667.168s][info][gc             ] GC(816) Pause Young (Normal) (G1 Evacuation Pause) 6707M->2197M(8192M) 149.747ms
[5667.168s][info][gc,cpu         ] GC(816) User=1.18s Sys=0.00s Real=0.15s
....[5670.955s][info][gc,start       ] GC(817) Pause Young (Normal) (G1 Evacuation Pause)
[5670.955s][info][gc,task        ] GC(817) Using 8 workers of 8 for evacuation
[5671.102s][info][gc,phases      ] GC(817)   Pre Evacuate Collection Set: 0.27ms
[5671.102s][info][gc,phases      ] GC(817)   Merge Heap Roots: 0.53ms
[5671.102s][info][gc,phases      ] GC(817)   Evacuate Collection Set: 145.14ms
[5671.102s][info][gc,phases      ] GC(817)   Post Evacuate Collection Set: 1.02ms
[5671.102s][info][gc,phases      ] GC(817)   Other: 0.06ms
[5671.102s][info][gc,heap        ] GC(817) Eden regions: 571->0(572)
[5671.102s][info][gc,heap        ] GC(817) Survivor regions: 43->42(77)
[5671.102s][info][gc,heap        ] GC(817) Old regions: 201->208
[5671.102s][info][gc,heap        ] GC(817) Humongous regions: 33->33
[5671.102s][info][gc,metaspace   ] GC(817) Metaspace: 29991K(30144K)->29991K(30144K) NonClass: 29991K(30144K)->29991K(30144K) Class: 0K(0K)->0K(0K)
[5671.102s][info][gc             ] GC(817) Pause Young (Normal) (G1 Evacuation Pause) 6765M->2246M(8192M) 147.157ms
[5671.102s][info][gc,cpu         ] GC(817) User=1.16s Sys=0.00s Real=0.15s
....[5674.885s][info][gc,start       ] GC(818) Pause Young (Normal) (G1 Evacuation Pause)
[5674.885s][info][gc,task        ] GC(818) Using 8 workers of 8 for evacuation
[5675.034s][info][gc,phases      ] GC(818)   Pre Evacuate Collection Set: 0.27ms
[5675.034s][info][gc,phases      ] GC(818)   Merge Heap Roots: 0.52ms
[5675.034s][info][gc,phases      ] GC(818)   Evacuate Collection Set: 147.13ms
[5675.034s][info][gc,phases      ] GC(818)   Post Evacuate Collection Set: 1.02ms
[5675.034s][info][gc,phases      ] GC(818)   Other: 0.07ms
[5675.034s][info][gc,heap        ] GC(818) Eden regions: 572->0(570)
[5675.034s][info][gc,heap        ] GC(818) Survivor regions: 42->44(77)
[5675.034s][info][gc,heap        ] GC(818) Old regions: 208->215
[5675.034s][info][gc,heap        ] GC(818) Humongous regions: 33->33
[5675.034s][info][gc,metaspace   ] GC(818) Metaspace: 29991K(30144K)->29991K(30144K) NonClass: 29991K(30144K)->29991K(30144K) Class: 0K(0K)->0K(0K)
[5675.034s][info][gc             ] GC(818) Pause Young (Normal) (G1 Evacuation Pause) 6822M->2313M(8192M) 149.146ms
[5675.034s][info][gc,cpu         ] GC(818) User=1.18s Sys=0.00s Real=0.15s
....[5678.895s][info][gc,start       ] GC(819) Pause Young (Normal) (G1 Evacuation Pause)
[5678.895s][info][gc,task        ] GC(819) Using 8 workers of 8 for evacuation
[5679.041s][info][gc,phases      ] GC(819)   Pre Evacuate Collection Set: 0.27ms
[5679.041s][info][gc,phases      ] GC(819)   Merge Heap Roots: 0.53ms
[5679.041s][info][gc,phases      ] GC(819)   Evacuate Collection Set: 144.26ms
[5679.041s][info][gc,phases      ] GC(819)   Post Evacuate Collection Set: 1.05ms
[5679.041s][info][gc,phases      ] GC(819)   Other: 0.06ms
[5679.041s][info][gc,heap        ] GC(819) Eden regions: 570->0(571)
[5679.041s][info][gc,heap        ] GC(819) Survivor regions: 44->43(77)
[5679.041s][info][gc,heap        ] GC(819) Old regions: 215->222
[5679.041s][info][gc,heap        ] GC(819) Humongous regions: 33->33
[5679.041s][info][gc,metaspace   ] GC(819) Metaspace: 29991K(30144K)->29991K(30144K) NonClass: 29991K(30144K)->29991K(30144K) Class: 0K(0K)->0K(0K)
[5679.041s][info][gc             ] GC(819) Pause Young (Normal) (G1 Evacuation Pause) 6873M->2366M(8192M) 146.316ms
[5679.041s][info][gc,cpu         ] GC(819) User=1.16s Sys=0.00s Real=0.15s
....[5682.829s][info][gc,start       ] GC(820) Pause Young (Normal) (G1 Evacuation Pause)
[5682.829s][info][gc,task        ] GC(820) Using 8 workers of 8 for evacuation
[5682.978s][info][gc,phases      ] GC(820)   Pre Evacuate Collection Set: 0.27ms
[5682.978s][info][gc,phases      ] GC(820)   Merge Heap Roots: 0.63ms
[5682.978s][info][gc,phases      ] GC(820)   Evacuate Collection Set: 147.00ms
[5682.978s][info][gc,phases      ] GC(820)   Post Evacuate Collection Set: 1.03ms
[5682.978s][info][gc,phases      ] GC(820)   Other: 0.06ms
[5682.978s][info][gc,heap        ] GC(820) Eden regions: 571->0(571)
[5682.978s][info][gc,heap        ] GC(820) Survivor regions: 43->43(77)
[5682.978s][info][gc,heap        ] GC(820) Old regions: 222->229
[5682.978s][info][gc,heap        ] GC(820) Humongous regions: 33->33
[5682.978s][info][gc,metaspace   ] GC(820) Metaspace: 29991K(30144K)->29991K(30144K) NonClass: 29991K(30144K)->29991K(30144K) Class: 0K(0K)->0K(0K)
[5682.978s][info][gc             ] GC(820) Pause Young (Normal) (G1 Evacuation Pause) 6934M->2425M(8192M) 149.131ms
[5682.978s][info][gc,cpu         ] GC(820) User=1.18s Sys=0.00s Real=0.15s
....[5686.845s][info][gc,start       ] GC(821) Pause Young (Normal) (G1 Evacuation Pause)
[5686.845s][info][gc,task        ] GC(821) Using 8 workers of 8 for evacuation
[5686.994s][info][gc,phases      ] GC(821)   Pre Evacuate Collection Set: 0.26ms
[5686.994s][info][gc,phases      ] GC(821)   Merge Heap Roots: 0.55ms
[5686.994s][info][gc,phases      ] GC(821)   Evacuate Collection Set: 147.67ms
[5686.994s][info][gc,phases      ] GC(821)   Post Evacuate Collection Set: 1.03ms
[5686.994s][info][gc,phases      ] GC(821)   Other: 0.06ms
[5686.994s][info][gc,heap        ] GC(821) Eden regions: 571->0(570)
[5686.994s][info][gc,heap        ] GC(821) Survivor regions: 43->44(77)
[5686.994s][info][gc,heap        ] GC(821) Old regions: 229->236
[5686.994s][info][gc,heap        ] GC(821) Humongous regions: 33->33
[5686.994s][info][gc,metaspace   ] GC(821) Metaspace: 29991K(30144K)->29991K(30144K) NonClass: 29991K(30144K)->29991K(30144K) Class: 0K(0K)->0K(0K)
[5686.994s][info][gc             ] GC(821) Pause Young (Normal) (G1 Evacuation Pause) 6993M->2486M(8192M) 149.708ms
[5686.994s][info][gc,cpu         ] GC(821) User=1.18s Sys=0.00s Real=0.15s
....[5690.729s][info][gc,start       ] GC(822) Pause Young (Normal) (G1 Evacuation Pause)
[5690.730s][info][gc,task        ] GC(822) Using 8 workers of 8 for evacuation
[5690.874s][info][gc,phases      ] GC(822)   Pre Evacuate Collection Set: 0.24ms
[5690.874s][info][gc,phases      ] GC(822)   Merge Heap Roots: 0.51ms
[5690.874s][info][gc,phases      ] GC(822)   Evacuate Collection Set: 142.67ms
[5690.874s][info][gc,phases      ] GC(822)   Post Evacuate Collection Set: 1.07ms
[5690.874s][info][gc,phases      ] GC(822)   Other: 0.06ms
[5690.874s][info][gc,heap        ] GC(822) Eden regions: 570->0(571)
[5690.874s][info][gc,heap        ] GC(822) Survivor regions: 44->43(77)
[5690.874s][info][gc,heap        ] GC(822) Old regions: 236->243
[5690.874s][info][gc,heap        ] GC(822) Humongous regions: 33->33
[5690.874s][info][gc,metaspace   ] GC(822) Metaspace: 29991K(30144K)->29991K(30144K) NonClass: 29991K(30144K)->29991K(30144K) Class: 0K(0K)->0K(0K)
[5690.874s][info][gc             ] GC(822) Pause Young (Normal) (G1 Evacuation Pause) 7046M->2534M(8192M) 144.693ms
[5690.874s][info][gc,cpu         ] GC(822) User=1.14s Sys=0.00s Real=0.14s
....[5694.630s][info][gc,start       ] GC(823) Pause Young (Normal) (G1 Evacuation Pause)
[5694.630s][info][gc,task        ] GC(823) Using 8 workers of 8 for evacuation
[5694.781s][info][gc,phases      ] GC(823)   Pre Evacuate Collection Set: 0.24ms
[5694.781s][info][gc,phases      ] GC(823)   Merge Heap Roots: 0.56ms
[5694.781s][info][gc,phases      ] GC(823)   Evacuate Collection Set: 148.64ms
[5694.781s][info][gc,phases      ] GC(823)   Post Evacuate Collection Set: 1.02ms
[5694.781s][info][gc,phases      ] GC(823)   Other: 0.06ms
[5694.781s][info][gc,heap        ] GC(823) Eden regions: 571->0(570)
[5694.781s][info][gc,heap        ] GC(823) Survivor regions: 43->44(77)
[5694.781s][info][gc,heap        ] GC(823) Old regions: 243->250
[5694.781s][info][gc,heap        ] GC(823) Humongous regions: 33->33
[5694.781s][info][gc,metaspace   ] GC(823) Metaspace: 29991K(30144K)->29991K(30144K) NonClass: 29991K(30144K)->29991K(30144K) Class: 0K(0K)->0K(0K)
[5694.781s][info][gc             ] GC(823) Pause Young (Normal) (G1 Evacuation Pause) 7102M->2599M(8192M) 150.649ms
[5694.781s][info][gc,cpu         ] GC(823) User=1.20s Sys=0.00s Real=0.15s
... (rIR:aIR:PR = 9686:9679:9677) (tPR = 143551) [OK] 
  5697s: Performance info:
         Transaction,    Success,    Partial,     Failed,   Receipts, AvgBarcode, 
             Overall,     582893,          0,          0,     553661,      59.48, 
         Response times:
             Request,    Success,    Partial,     Failed,   SkipFail,     Probes,    Samples,      min,      p50,      p90,      p95,      p99,      max, 
       TotalPurchase,     553703,          0,          0,          0,     357355,     448070,      300,     6700,    36000,    76000,   135000,  1600000,
     InStorePurchase,     291461,          0,          0,          0,     187538,     234620,      300,     6600,    36000,    77000,   136000,  1600000,
      OnlinePurchase,     203389,          0,          0,          0,     132070,     165637,      300,     6700,    36000,    76000,   135000,  1600000,
        InstPurchase,      58853,          0,          0,          0,      37747,      47813,      500,     6800,    36000,    76000,   134000,  1600000,
          AssocOfCat,        584,          0,          0,          0,        488,        702,    30000,    52000,    87000,   127700,   224940,   278000,
      AssocOfProduct,       5845,          0,          0,          0,       4329,       5707,      800,     7000,    32000,    71600,   134920,  1600000,
      BusinessReport,       1457,          0,          0,          0,       1278,       1722,    27000,    56000,   110700,   151850,   224000,   300000,
          CustBuyBeh,       5804,          0,          0,          0,       4279,       5610,      400,     7300,    32000,    66000,   137000,   526000,
       ProductReturn,      15578,          0,          0,          0,       9994,      12939,      200,     6400,    38000,    81000,   137000,   584000,

  5697s: (71%)   IR =   9824 .[5698.619s][info][gc,start       ] GC(824) Pause Young (Normal) (G1 Evacuation Pause)
[5698.619s][info][gc,task        ] GC(824) Using 8 workers of 8 for evacuation
[5698.768s][info][gc,phases      ] GC(824)   Pre Evacuate Collection Set: 0.25ms
[5698.768s][info][gc,phases      ] GC(824)   Merge Heap Roots: 0.53ms
[5698.768s][info][gc,phases      ] GC(824)   Evacuate Collection Set: 147.19ms
[5698.768s][info][gc,phases      ] GC(824)   Post Evacuate Collection Set: 1.11ms
[5698.769s][info][gc,phases      ] GC(824)   Other: 0.06ms
[5698.769s][info][gc,heap        ] GC(824) Eden regions: 570->0(571)
[5698.769s][info][gc,heap        ] GC(824) Survivor regions: 44->43(77)
[5698.769s][info][gc,heap        ] GC(824) Old regions: 250->257
[5698.769s][info][gc,heap        ] GC(824) Humongous regions: 33->33
[5698.769s][info][gc,metaspace   ] GC(824) Metaspace: 29991K(30144K)->29991K(30144K) NonClass: 29991K(30144K)->29991K(30144K) Class: 0K(0K)->0K(0K)
[5698.769s][info][gc             ] GC(824) Pause Young (Normal) (G1 Evacuation Pause) 7159M->2651M(8192M) 149.281ms
[5698.769s][info][gc,cpu         ] GC(824) User=1.18s Sys=0.00s Real=0.15s
...[5702.489s][info][gc,start       ] GC(825) Pause Young (Normal) (G1 Evacuation Pause)
[5702.489s][info][gc,task        ] GC(825) Using 8 workers of 8 for evacuation
[5702.645s][info][gc,phases      ] GC(825)   Pre Evacuate Collection Set: 0.22ms
[5702.645s][info][gc,phases      ] GC(825)   Merge Heap Roots: 0.53ms
[5702.645s][info][gc,phases      ] GC(825)   Evacuate Collection Set: 153.66ms
[5702.645s][info][gc,phases      ] GC(825)   Post Evacuate Collection Set: 1.04ms
[5702.645s][info][gc,phases      ] GC(825)   Other: 0.08ms
[5702.645s][info][gc,heap        ] GC(825) Eden regions: 571->0(570)
[5702.645s][info][gc,heap        ] GC(825) Survivor regions: 43->44(77)
[5702.645s][info][gc,heap        ] GC(825) Old regions: 257->265
[5702.645s][info][gc,heap        ] GC(825) Humongous regions: 33->33
[5702.645s][info][gc,metaspace   ] GC(825) Metaspace: 29991K(30144K)->29991K(30144K) NonClass: 29991K(30144K)->29991K(30144K) Class: 0K(0K)->0K(0K)
[5702.645s][info][gc             ] GC(825) Pause Young (Normal) (G1 Evacuation Pause) 7219M->2715M(8192M) 155.651ms
[5702.645s][info][gc,cpu         ] GC(825) User=1.24s Sys=0.00s Real=0.15s
....[5706.356s][info][gc,start       ] GC(826) Pause Young (Normal) (G1 Evacuation Pause)
[5706.356s][info][gc,task        ] GC(826) Using 8 workers of 8 for evacuation
[5706.506s][info][gc,phases      ] GC(826)   Pre Evacuate Collection Set: 0.27ms
[5706.506s][info][gc,phases      ] GC(826)   Merge Heap Roots: 0.70ms
[5706.506s][info][gc,phases      ] GC(826)   Evacuate Collection Set: 147.82ms
[5706.506s][info][gc,phases      ] GC(826)   Post Evacuate Collection Set: 1.05ms
[5706.506s][info][gc,phases      ] GC(826)   Other: 0.07ms
[5706.506s][info][gc,heap        ] GC(826) Eden regions: 570->0(571)
[5706.506s][info][gc,heap        ] GC(826) Survivor regions: 44->43(77)
[5706.506s][info][gc,heap        ] GC(826) Old regions: 265->272
[5706.506s][info][gc,heap        ] GC(826) Humongous regions: 33->33
[5706.506s][info][gc,metaspace   ] GC(826) Metaspace: 29991K(30144K)->29991K(30144K) NonClass: 29991K(30144K)->29991K(30144K) Class: 0K(0K)->0K(0K)
[5706.506s][info][gc             ] GC(826) Pause Young (Normal) (G1 Evacuation Pause) 7275M->2770M(8192M) 150.064ms
[5706.506s][info][gc,cpu         ] GC(826) User=1.18s Sys=0.00s Real=0.15s
....|[5710.273s][info][gc,start       ] GC(827) Pause Young (Normal) (G1 Evacuation Pause)
[5710.273s][info][gc,task        ] GC(827) Using 8 workers of 8 for evacuation
[5710.422s][info][gc,phases      ] GC(827)   Pre Evacuate Collection Set: 0.24ms
[5710.422s][info][gc,phases      ] GC(827)   Merge Heap Roots: 0.59ms
[5710.422s][info][gc,phases      ] GC(827)   Evacuate Collection Set: 146.14ms
[5710.422s][info][gc,phases      ] GC(827)   Post Evacuate Collection Set: 1.05ms
[5710.422s][info][gc,phases      ] GC(827)   Other: 0.07ms
[5710.422s][info][gc,heap        ] GC(827) Eden regions: 571->0(571)
[5710.422s][info][gc,heap        ] GC(827) Survivor regions: 43->43(77)
[5710.422s][info][gc,heap        ] GC(827) Old regions: 272->279
[5710.422s][info][gc,heap        ] GC(827) Humongous regions: 33->33
[5710.422s][info][gc,metaspace   ] GC(827) Metaspace: 29991K(30144K)->29991K(30144K) NonClass: 29991K(30144K)->29991K(30144K) Class: 0K(0K)->0K(0K)
[5710.422s][info][gc             ] GC(827) Pause Young (Normal) (G1 Evacuation Pause) 7338M->2827M(8192M) 148.225ms
[5710.422s][info][gc,cpu         ] GC(827) User=1.17s Sys=0.00s Real=0.15s
....[5714.160s][info][gc,start       ] GC(828) Pause Young (Normal) (G1 Evacuation Pause)
[5714.161s][info][gc,task        ] GC(828) Using 8 workers of 8 for evacuation
[5714.313s][info][gc,phases      ] GC(828)   Pre Evacuate Collection Set: 0.24ms
[5714.313s][info][gc,phases      ] GC(828)   Merge Heap Roots: 0.58ms
[5714.313s][info][gc,phases      ] GC(828)   Evacuate Collection Set: 150.33ms
[5714.313s][info][gc,phases      ] GC(828)   Post Evacuate Collection Set: 1.07ms
[5714.313s][info][gc,phases      ] GC(828)   Other: 0.07ms
[5714.313s][info][gc,heap        ] GC(828) Eden regions: 571->0(565)
[5714.313s][info][gc,heap        ] GC(828) Survivor regions: 43->44(77)
[5714.313s][info][gc,heap        ] GC(828) Old regions: 279->286
[5714.313s][info][gc,heap        ] GC(828) Humongous regions: 33->33
[5714.313s][info][gc,metaspace   ] GC(828) Metaspace: 29991K(30144K)->29991K(30144K) NonClass: 29991K(30144K)->29991K(30144K) Class: 0K(0K)->0K(0K)
[5714.313s][info][gc             ] GC(828) Pause Young (Normal) (G1 Evacuation Pause) 7395M->2887M(8192M) 152.423ms
[5714.313s][info][gc,cpu         ] GC(828) User=1.21s Sys=0.00s Real=0.15s
....[5718.027s][info][gc,start       ] GC(829) Pause Young (Normal) (G1 Evacuation Pause)
[5718.027s][info][gc,task        ] GC(829) Using 8 workers of 8 for evacuation
[5718.175s][info][gc,phases      ] GC(829)   Pre Evacuate Collection Set: 0.26ms
[5718.175s][info][gc,phases      ] GC(829)   Merge Heap Roots: 0.52ms
[5718.175s][info][gc,phases      ] GC(829)   Evacuate Collection Set: 146.50ms
[5718.175s][info][gc,phases      ] GC(829)   Post Evacuate Collection Set: 1.04ms
[5718.175s][info][gc,phases      ] GC(829)   Other: 0.06ms
[5718.175s][info][gc,heap        ] GC(829) Eden regions: 565->0(560)
[5718.175s][info][gc,heap        ] GC(829) Survivor regions: 44->43(77)
[5718.175s][info][gc,heap        ] GC(829) Old regions: 286->293
[5718.175s][info][gc,heap        ] GC(829) Humongous regions: 33->33
[5718.175s][info][gc,metaspace   ] GC(829) Metaspace: 29991K(30144K)->29991K(30144K) NonClass: 29991K(30144K)->29991K(30144K) Class: 0K(0K)->0K(0K)
[5718.175s][info][gc             ] GC(829) Pause Young (Normal) (G1 Evacuation Pause) 7407M->2939M(8192M) 148.504ms
[5718.175s][info][gc,cpu         ] GC(829) User=1.18s Sys=0.00s Real=0.15s
....[5721.892s][info][gc,start       ] GC(830) Pause Young (Normal) (G1 Evacuation Pause)
[5721.892s][info][gc,task        ] GC(830) Using 8 workers of 8 for evacuation
[5722.048s][info][gc,phases      ] GC(830)   Pre Evacuate Collection Set: 0.23ms
[5722.048s][info][gc,phases      ] GC(830)   Merge Heap Roots: 0.54ms
[5722.048s][info][gc,phases      ] GC(830)   Evacuate Collection Set: 153.63ms
[5722.048s][info][gc,phases      ] GC(830)   Post Evacuate Collection Set: 1.05ms
[5722.048s][info][gc,phases      ] GC(830)   Other: 0.06ms
[5722.048s][info][gc,heap        ] GC(830) Eden regions: 560->0(550)
[5722.048s][info][gc,heap        ] GC(830) Survivor regions: 43->44(76)
[5722.048s][info][gc,heap        ] GC(830) Old regions: 293->301
[5722.048s][info][gc,heap        ] GC(830) Humongous regions: 33->33
[5722.048s][info][gc,metaspace   ] GC(830) Metaspace: 29991K(30144K)->29991K(30144K) NonClass: 29991K(30144K)->29991K(30144K) Class: 0K(0K)->0K(0K)
[5722.048s][info][gc             ] GC(830) Pause Young (Normal) (G1 Evacuation Pause) 7419M->3005M(8192M) 155.641ms
[5722.048s][info][gc,cpu         ] GC(830) User=1.23s Sys=0.00s Real=0.16s
...[5725.606s][info][gc,start       ] GC(831) Pause Young (Normal) (G1 Evacuation Pause)
[5725.606s][info][gc,task        ] GC(831) Using 8 workers of 8 for evacuation
[5725.754s][info][gc,phases      ] GC(831)   Pre Evacuate Collection Set: 0.25ms
[5725.754s][info][gc,phases      ] GC(831)   Merge Heap Roots: 0.53ms
[5725.754s][info][gc,phases      ] GC(831)   Evacuate Collection Set: 145.99ms
[5725.754s][info][gc,phases      ] GC(831)   Post Evacuate Collection Set: 1.00ms
[5725.754s][info][gc,phases      ] GC(831)   Other: 0.06ms
[5725.754s][info][gc,heap        ] GC(831) Eden regions: 550->0(545)
[5725.754s][info][gc,heap        ] GC(831) Survivor regions: 44->43(75)
[5725.754s][info][gc,heap        ] GC(831) Old regions: 301->308
[5725.754s][info][gc,heap        ] GC(831) Humongous regions: 33->33
[5725.754s][info][gc,metaspace   ] GC(831) Metaspace: 29991K(30144K)->29991K(30144K) NonClass: 29991K(30144K)->29991K(30144K) Class: 0K(0K)->0K(0K)
[5725.754s][info][gc             ] GC(831) Pause Young (Normal) (G1 Evacuation Pause) 7405M->3059M(8192M) 147.963ms
[5725.754s][info][gc,cpu         ] GC(831) User=1.17s Sys=0.01s Real=0.15s
....[5729.334s][info][gc,start       ] GC(832) Pause Young (Concurrent Start) (G1 Evacuation Pause)
[5729.334s][info][gc,task        ] GC(832) Using 8 workers of 8 for evacuation
[5729.484s][info][gc,phases      ] GC(832)   Pre Evacuate Collection Set: 0.27ms
[5729.484s][info][gc,phases      ] GC(832)   Merge Heap Roots: 0.58ms
[5729.484s][info][gc,phases      ] GC(832)   Evacuate Collection Set: 147.54ms
[5729.484s][info][gc,phases      ] GC(832)   Post Evacuate Collection Set: 1.03ms
[5729.484s][info][gc,phases      ] GC(832)   Other: 0.09ms
[5729.484s][info][gc,heap        ] GC(832) Eden regions: 545->0(537)
[5729.484s][info][gc,heap        ] GC(832) Survivor regions: 43->43(74)
[5729.484s][info][gc,heap        ] GC(832) Old regions: 308->316
[5729.484s][info][gc,heap        ] GC(832) Humongous regions: 33->33
[5729.484s][info][gc,metaspace   ] GC(832) Metaspace: 29991K(30144K)->29991K(30144K) NonClass: 29991K(30144K)->29991K(30144K) Class: 0K(0K)->0K(0K)
[5729.484s][info][gc             ] GC(832) Pause Young (Concurrent Start) (G1 Evacuation Pause) 7419M->3113M(8192M) 149.653ms
[5729.484s][info][gc             ] GC(833) Concurrent Mark Cycle
[5729.484s][info][gc,marking     ] GC(833) Concurrent Scan Root Regions
[5729.484s][info][gc,cpu         ] GC(832) User=1.19s Sys=0.00s Real=0.15s
[5729.707s][info][gc,marking     ] GC(833) Concurrent Scan Root Regions 222.942ms
[5729.707s][info][gc,marking     ] GC(833) Concurrent Mark
[5729.707s][info][gc,marking     ] GC(833) Concurrent Mark From Roots
[5729.707s][info][gc,task        ] GC(833) Using 2 workers of 2 for marking
.[5730.713s][info][gc,marking     ] GC(833) Concurrent Mark From Roots 1006.044ms
[5730.713s][info][gc,marking     ] GC(833) Concurrent Preclean
[5730.713s][info][gc,marking     ] GC(833) Concurrent Preclean 0.126ms
[5730.713s][info][gc,start       ] GC(833) Pause Remark
[5730.716s][info][gc             ] GC(833) Pause Remark 4465M->3969M(8192M) 2.791ms
[5730.716s][info][gc,cpu         ] GC(833) User=0.02s Sys=0.00s Real=0.00s
[5730.716s][info][gc,marking     ] GC(833) Concurrent Mark 1009.278ms
[5730.716s][info][gc,marking     ] GC(833) Concurrent Rebuild Remembered Sets and Scrub Regions
.[5731.448s][info][gc,marking     ] GC(833) Concurrent Rebuild Remembered Sets and Scrub Regions 732.136ms
[5731.448s][info][gc,start       ] GC(833) Pause Cleanup
[5731.449s][info][gc             ] GC(833) Pause Cleanup 4977M->4977M(8192M) 0.258ms
[5731.449s][info][gc,cpu         ] GC(833) User=0.00s Sys=0.00s Real=0.00s
[5731.449s][info][gc,marking     ] GC(833) Concurrent Clear Claimed Marks
[5731.449s][info][gc,marking     ] GC(833) Concurrent Clear Claimed Marks 0.040ms
[5731.449s][info][gc,marking     ] GC(833) Concurrent Cleanup for Next Mark
[5731.460s][info][gc,marking     ] GC(833) Concurrent Cleanup for Next Mark 10.993ms
[5731.460s][info][gc             ] GC(833) Concurrent Mark Cycle 1976.045ms
..[5733.100s][info][gc,start       ] GC(834) Pause Young (Prepare Mixed) (G1 Evacuation Pause)
[5733.100s][info][gc,task        ] GC(834) Using 8 workers of 8 for evacuation
[5733.247s][info][gc,phases      ] GC(834)   Pre Evacuate Collection Set: 0.25ms
[5733.247s][info][gc,phases      ] GC(834)   Merge Heap Roots: 0.74ms
[5733.247s][info][gc,phases      ] GC(834)   Evacuate Collection Set: 144.87ms
[5733.247s][info][gc,phases      ] GC(834)   Post Evacuate Collection Set: 1.12ms
[5733.247s][info][gc,phases      ] GC(834)   Other: 0.06ms
[5733.247s][info][gc,heap        ] GC(834) Eden regions: 537->0(572)
[5733.247s][info][gc,heap        ] GC(834) Survivor regions: 43->42(73)
[5733.247s][info][gc,heap        ] GC(834) Old regions: 254->261
[5733.247s][info][gc,heap        ] GC(834) Humongous regions: 33->33
[5733.247s][info][gc,metaspace   ] GC(834) Metaspace: 29991K(30144K)->29991K(30144K) NonClass: 29991K(30144K)->29991K(30144K) Class: 0K(0K)->0K(0K)
[5733.247s][info][gc             ] GC(834) Pause Young (Prepare Mixed) (G1 Evacuation Pause) 6913M->2671M(8192M) 147.166ms
[5733.247s][info][gc,cpu         ] GC(834) User=1.17s Sys=0.00s Real=0.14s
....[5737.184s][info][gc,start       ] GC(835) Pause Young (Mixed) (G1 Evacuation Pause)
[5737.184s][info][gc,task        ] GC(835) Using 8 workers of 8 for evacuation
[5737.340s][info][gc,phases      ] GC(835)   Pre Evacuate Collection Set: 0.29ms
[5737.340s][info][gc,phases      ] GC(835)   Merge Heap Roots: 0.77ms
[5737.340s][info][gc,phases      ] GC(835)   Evacuate Collection Set: 153.56ms
[5737.340s][info][gc,phases      ] GC(835)   Post Evacuate Collection Set: 1.24ms
[5737.340s][info][gc,phases      ] GC(835)   Other: 0.08ms
[5737.340s][info][gc,heap        ] GC(835) Eden regions: 572->0(572)
[5737.340s][info][gc,heap        ] GC(835) Survivor regions: 42->42(77)
[5737.340s][info][gc,heap        ] GC(835) Old regions: 261->167
[5737.340s][info][gc,heap        ] GC(835) Humongous regions: 33->33
[5737.340s][info][gc,metaspace   ] GC(835) Metaspace: 29991K(30144K)->29991K(30144K) NonClass: 29991K(30144K)->29991K(30144K) Class: 0K(0K)->0K(0K)
[5737.340s][info][gc             ] GC(835) Pause Young (Mixed) (G1 Evacuation Pause) 7247M->1917M(8192M) 156.072ms
[5737.340s][info][gc,cpu         ] GC(835) User=1.23s Sys=0.00s Real=0.16s
....[5741.031s][info][gc,start       ] GC(836) Pause Young (Mixed) (G1 Evacuation Pause)
[5741.031s][info][gc,task        ] GC(836) Using 8 workers of 8 for evacuation
[5741.188s][info][gc,phases      ] GC(836)   Pre Evacuate Collection Set: 0.25ms
[5741.188s][info][gc,phases      ] GC(836)   Merge Heap Roots: 0.90ms
[5741.188s][info][gc,phases      ] GC(836)   Evacuate Collection Set: 154.71ms
[5741.188s][info][gc,phases      ] GC(836)   Post Evacuate Collection Set: 1.07ms
[5741.188s][info][gc,phases      ] GC(836)   Other: 0.07ms
[5741.188s][info][gc,heap        ] GC(836) Eden regions: 572->0(571)
[5741.188s][info][gc,heap        ] GC(836) Survivor regions: 42->43(77)
[5741.188s][info][gc,heap        ] GC(836) Old regions: 167->143
[5741.188s][info][gc,heap        ] GC(836) Humongous regions: 33->33
[5741.188s][info][gc,metaspace   ] GC(836) Metaspace: 29991K(30144K)->29991K(30144K) NonClass: 29991K(30144K)->29991K(30144K) Class: 0K(0K)->0K(0K)
[5741.188s][info][gc             ] GC(836) Pause Young (Mixed) (G1 Evacuation Pause) 6493M->1737M(8192M) 157.130ms
[5741.188s][info][gc,cpu         ] GC(836) User=1.25s Sys=0.00s Real=0.16s
....[5744.958s][info][gc,start       ] GC(837) Pause Young (Normal) (G1 Evacuation Pause)
[5744.958s][info][gc,task        ] GC(837) Using 8 workers of 8 for evacuation
[5745.113s][info][gc,phases      ] GC(837)   Pre Evacuate Collection Set: 0.23ms
[5745.113s][info][gc,phases      ] GC(837)   Merge Heap Roots: 0.51ms
[5745.113s][info][gc,phases      ] GC(837)   Evacuate Collection Set: 153.00ms
[5745.113s][info][gc,phases      ] GC(837)   Post Evacuate Collection Set: 1.02ms
[5745.113s][info][gc,phases      ] GC(837)   Other: 0.06ms
[5745.113s][info][gc,heap        ] GC(837) Eden regions: 571->0(570)
[5745.113s][info][gc,heap        ] GC(837) Survivor regions: 43->44(77)
[5745.113s][info][gc,heap        ] GC(837) Old regions: 143->150
[5745.113s][info][gc,heap        ] GC(837) Humongous regions: 33->33
[5745.113s][info][gc,metaspace   ] GC(837) Metaspace: 29991K(30144K)->29991K(30144K) NonClass: 29991K(30144K)->29991K(30144K) Class: 0K(0K)->0K(0K)
[5745.113s][info][gc             ] GC(837) Pause Young (Normal) (G1 Evacuation Pause) 6305M->1799M(8192M) 154.963ms
[5745.113s][info][gc,cpu         ] GC(837) User=1.22s Sys=0.00s Real=0.15s
...[5748.755s][info][gc,start       ] GC(838) Pause Young (Normal) (G1 Evacuation Pause)
[5748.755s][info][gc,task        ] GC(838) Using 8 workers of 8 for evacuation
[5748.903s][info][gc,phases      ] GC(838)   Pre Evacuate Collection Set: 0.23ms
[5748.903s][info][gc,phases      ] GC(838)   Merge Heap Roots: 0.51ms
[5748.903s][info][gc,phases      ] GC(838)   Evacuate Collection Set: 146.73ms
[5748.903s][info][gc,phases      ] GC(838)   Post Evacuate Collection Set: 1.03ms
[5748.903s][info][gc,phases      ] GC(838)   Other: 0.06ms
[5748.903s][info][gc,heap        ] GC(838) Eden regions: 570->0(571)
[5748.903s][info][gc,heap        ] GC(838) Survivor regions: 44->43(77)
[5748.903s][info][gc,heap        ] GC(838) Old regions: 150->158
[5748.903s][info][gc,heap        ] GC(838) Humongous regions: 33->33
[5748.903s][info][gc,metaspace   ] GC(838) Metaspace: 29991K(30144K)->29991K(30144K) NonClass: 29991K(30144K)->29991K(30144K) Class: 0K(0K)->0K(0K)
[5748.903s][info][gc             ] GC(838) Pause Young (Normal) (G1 Evacuation Pause) 6359M->1849M(8192M) 148.682ms
[5748.903s][info][gc,cpu         ] GC(838) User=1.18s Sys=0.00s Real=0.15s
....[5752.784s][info][gc,start       ] GC(839) Pause Young (Normal) (G1 Evacuation Pause)
[5752.784s][info][gc,task        ] GC(839) Using 8 workers of 8 for evacuation
[5752.939s][info][gc,phases      ] GC(839)   Pre Evacuate Collection Set: 0.23ms
[5752.939s][info][gc,phases      ] GC(839)   Merge Heap Roots: 0.54ms
[5752.939s][info][gc,phases      ] GC(839)   Evacuate Collection Set: 152.34ms
[5752.939s][info][gc,phases      ] GC(839)   Post Evacuate Collection Set: 1.05ms
[5752.939s][info][gc,phases      ] GC(839)   Other: 0.06ms
[5752.939s][info][gc,heap        ] GC(839) Eden regions: 571->0(571)
[5752.939s][info][gc,heap        ] GC(839) Survivor regions: 43->43(77)
[5752.939s][info][gc,heap        ] GC(839) Old regions: 158->165
[5752.939s][info][gc,heap        ] GC(839) Humongous regions: 33->33
[5752.939s][info][gc,metaspace   ] GC(839) Metaspace: 29991K(30144K)->29991K(30144K) NonClass: 29991K(30144K)->29991K(30144K) Class: 0K(0K)->0K(0K)
[5752.939s][info][gc             ] GC(839) Pause Young (Normal) (G1 Evacuation Pause) 6417M->1909M(8192M) 154.354ms
[5752.939s][info][gc,cpu         ] GC(839) User=1.23s Sys=0.00s Real=0.16s
....[5756.718s][info][gc,start       ] GC(840) Pause Young (Normal) (G1 Evacuation Pause)
[5756.718s][info][gc,task        ] GC(840) Using 8 workers of 8 for evacuation
[5756.868s][info][gc,phases      ] GC(840)   Pre Evacuate Collection Set: 0.25ms
[5756.868s][info][gc,phases      ] GC(840)   Merge Heap Roots: 0.53ms
[5756.868s][info][gc,phases      ] GC(840)   Evacuate Collection Set: 148.04ms
[5756.868s][info][gc,phases      ] GC(840)   Post Evacuate Collection Set: 1.04ms
[5756.868s][info][gc,phases      ] GC(840)   Other: 0.06ms
[5756.868s][info][gc,heap        ] GC(840) Eden regions: 571->0(571)
[5756.868s][info][gc,heap        ] GC(840) Survivor regions: 43->43(77)
[5756.868s][info][gc,heap        ] GC(840) Old regions: 165->171
[5756.868s][info][gc,heap        ] GC(840) Humongous regions: 33->33
[5756.868s][info][gc,metaspace   ] GC(840) Metaspace: 29991K(30144K)->29991K(30144K) NonClass: 29991K(30144K)->29991K(30144K) Class: 0K(0K)->0K(0K)
[5756.868s][info][gc             ] GC(840) Pause Young (Normal) (G1 Evacuation Pause) 6477M->1963M(8192M) 150.049ms
[5756.868s][info][gc,cpu         ] GC(840) User=1.19s Sys=0.00s Real=0.15s
....[5760.542s][info][gc,start       ] GC(841) Pause Young (Normal) (G1 Evacuation Pause)
[5760.542s][info][gc,task        ] GC(841) Using 8 workers of 8 for evacuation
[5760.695s][info][gc,phases      ] GC(841)   Pre Evacuate Collection Set: 0.22ms
[5760.695s][info][gc,phases      ] GC(841)   Merge Heap Roots: 0.55ms
[5760.695s][info][gc,phases      ] GC(841)   Evacuate Collection Set: 150.62ms
[5760.695s][info][gc,phases      ] GC(841)   Post Evacuate Collection Set: 1.01ms
[5760.695s][info][gc,phases      ] GC(841)   Other: 0.06ms
[5760.695s][info][gc,heap        ] GC(841) Eden regions: 571->0(570)
[5760.695s][info][gc,heap        ] GC(841) Survivor regions: 43->44(77)
[5760.695s][info][gc,heap        ] GC(841) Old regions: 171->179
[5760.695s][info][gc,heap        ] GC(841) Humongous regions: 33->33
[5760.695s][info][gc,metaspace   ] GC(841) Metaspace: 29991K(30144K)->29991K(30144K) NonClass: 29991K(30144K)->29991K(30144K) Class: 0K(0K)->0K(0K)
[5760.695s][info][gc             ] GC(841) Pause Young (Normal) (G1 Evacuation Pause) 6531M->2029M(8192M) 152.592ms
[5760.695s][info][gc,cpu         ] GC(841) User=1.21s Sys=0.00s Real=0.15s
....[5764.304s][info][gc,start       ] GC(842) Pause Young (Normal) (G1 Evacuation Pause)
[5764.304s][info][gc,task        ] GC(842) Using 8 workers of 8 for evacuation
[5764.462s][info][gc,phases      ] GC(842)   Pre Evacuate Collection Set: 0.22ms
[5764.462s][info][gc,phases      ] GC(842)   Merge Heap Roots: 0.52ms
[5764.462s][info][gc,phases      ] GC(842)   Evacuate Collection Set: 155.68ms
[5764.462s][info][gc,phases      ] GC(842)   Post Evacuate Collection Set: 1.04ms
[5764.462s][info][gc,phases      ] GC(842)   Other: 0.07ms
[5764.462s][info][gc,heap        ] GC(842) Eden regions: 570->0(569)
[5764.462s][info][gc,heap        ] GC(842) Survivor regions: 44->45(77)
[5764.462s][info][gc,heap        ] GC(842) Old regions: 179->186
[5764.462s][info][gc,heap        ] GC(842) Humongous regions: 33->33
[5764.462s][info][gc,metaspace   ] GC(842) Metaspace: 29991K(30144K)->29991K(30144K) NonClass: 29991K(30144K)->29991K(30144K) Class: 0K(0K)->0K(0K)
[5764.462s][info][gc             ] GC(842) Pause Young (Normal) (G1 Evacuation Pause) 6589M->2090M(8192M) 157.664ms
[5764.462s][info][gc,cpu         ] GC(842) User=1.24s Sys=0.00s Real=0.16s
....[5768.106s][info][gc,start       ] GC(843) Pause Young (Normal) (G1 Evacuation Pause)
[5768.106s][info][gc,task        ] GC(843) Using 8 workers of 8 for evacuation
[5768.253s][info][gc,phases      ] GC(843)   Pre Evacuate Collection Set: 0.23ms
[5768.253s][info][gc,phases      ] GC(843)   Merge Heap Roots: 0.54ms
[5768.253s][info][gc,phases      ] GC(843)   Evacuate Collection Set: 144.78ms
[5768.253s][info][gc,phases      ] GC(843)   Post Evacuate Collection Set: 1.04ms
[5768.253s][info][gc,phases      ] GC(843)   Other: 0.06ms
[5768.253s][info][gc,heap        ] GC(843) Eden regions: 569->0(570)
[5768.253s][info][gc,heap        ] GC(843) Survivor regions: 45->44(77)
[5768.253s][info][gc,heap        ] GC(843) Old regions: 186->192
[5768.253s][info][gc,heap        ] GC(843) Humongous regions: 33->33
[5768.253s][info][gc,metaspace   ] GC(843) Metaspace: 29991K(30144K)->29991K(30144K) NonClass: 29991K(30144K)->29991K(30144K) Class: 0K(0K)->0K(0K)
[5768.253s][info][gc             ] GC(843) Pause Young (Normal) (G1 Evacuation Pause) 6642M->2135M(8192M) 146.784ms
[5768.253s][info][gc,cpu         ] GC(843) User=1.17s Sys=0.00s Real=0.15s
.. (rIR:aIR:PR = 9824:9839:9841) (tPR = 144525) [OK] 
  5769s: Performance info:
         Transaction,    Success,    Partial,     Failed,   Receipts, AvgBarcode, 
             Overall,     593375,          0,          0,     563418,      59.47, 
         Response times:
             Request,    Success,    Partial,     Failed,   SkipFail,     Probes,    Samples,      min,      p50,      p90,      p95,      p99,      max, 
       TotalPurchase,     563296,          0,          0,          0,     360079,     437139,      300,     6800,    35000,    71000,   116000,  1700000,
     InStorePurchase,     298678,          0,          0,          0,     189176,     229756,      300,     6900,    36000,    70000,   115000,  1700000,
      OnlinePurchase,     205061,          0,          0,          0,     133153,     161319,      300,     6600,    34000,    71000,   114000,  1700000,
        InstPurchase,      59557,          0,          0,          0,      37750,      46064,      400,     6900,    37000,    74000,   122000,  1700000,
          AssocOfCat,        591,          0,          0,          0,        489,        725,    30000,    52000,    90000,   134700,   205220,   228000,
      AssocOfProduct,       5899,          0,          0,          0,       4356,       5517,      700,     7100,    35000,    73000,   117640,   464000,
      BusinessReport,       1486,          0,          0,          0,       1333,       1767,    30000,    58000,    95000,   141000,   217320,   478000,
          CustBuyBeh,       5851,          0,          0,          0,       4407,       5610,      300,     7000,    33000,    74000,   118890,   415000,
       ProductReturn,      16125,          0,          0,          0,       9190,      11541,      200,     6200,    33000,    73000,   117000,   700000,

  5769s: (72%)   IR =   9963 .[5771.993s][info][gc,start       ] GC(844) Pause Young (Normal) (G1 Evacuation Pause)
[5771.994s][info][gc,task        ] GC(844) Using 8 workers of 8 for evacuation
[5772.144s][info][gc,phases      ] GC(844)   Pre Evacuate Collection Set: 0.24ms
[5772.144s][info][gc,phases      ] GC(844)   Merge Heap Roots: 0.53ms
[5772.144s][info][gc,phases      ] GC(844)   Evacuate Collection Set: 148.62ms
[5772.144s][info][gc,phases      ] GC(844)   Post Evacuate Collection Set: 1.11ms
[5772.144s][info][gc,phases      ] GC(844)   Other: 0.06ms
[5772.144s][info][gc,heap        ] GC(844) Eden regions: 570->0(570)
[5772.144s][info][gc,heap        ] GC(844) Survivor regions: 44->44(77)
[5772.144s][info][gc,heap        ] GC(844) Old regions: 192->200
[5772.144s][info][gc,heap        ] GC(844) Humongous regions: 33->33
[5772.144s][info][gc,metaspace   ] GC(844) Metaspace: 29991K(30144K)->29991K(30144K) NonClass: 29991K(30144K)->29991K(30144K) Class: 0K(0K)->0K(0K)
[5772.144s][info][gc             ] GC(844) Pause Young (Normal) (G1 Evacuation Pause) 6695M->2194M(8192M) 150.694ms
[5772.144s][info][gc,cpu         ] GC(844) User=1.19s Sys=0.00s Real=0.15s
....[5775.855s][info][gc,start       ] GC(845) Pause Young (Normal) (G1 Evacuation Pause)
[5775.855s][info][gc,task        ] GC(845) Using 8 workers of 8 for evacuation
[5776.006s][info][gc,phases      ] GC(845)   Pre Evacuate Collection Set: 0.23ms
[5776.006s][info][gc,phases      ] GC(845)   Merge Heap Roots: 0.53ms
[5776.006s][info][gc,phases      ] GC(845)   Evacuate Collection Set: 149.28ms
[5776.006s][info][gc,phases      ] GC(845)   Post Evacuate Collection Set: 1.04ms
[5776.006s][info][gc,phases      ] GC(845)   Other: 0.06ms
[5776.006s][info][gc,heap        ] GC(845) Eden regions: 570->0(570)
[5776.006s][info][gc,heap        ] GC(845) Survivor regions: 44->44(77)
[5776.006s][info][gc,heap        ] GC(845) Old regions: 200->207
[5776.006s][info][gc,heap        ] GC(845) Humongous regions: 33->33
[5776.006s][info][gc,metaspace   ] GC(845) Metaspace: 29991K(30144K)->29991K(30144K) NonClass: 29991K(30144K)->29991K(30144K) Class: 0K(0K)->0K(0K)
[5776.006s][info][gc             ] GC(845) Pause Young (Normal) (G1 Evacuation Pause) 6754M->2253M(8192M) 151.282ms
[5776.006s][info][gc,cpu         ] GC(845) User=1.20s Sys=0.00s Real=0.15s
....[5779.701s][info][gc,start       ] GC(846) Pause Young (Normal) (G1 Evacuation Pause)
[5779.701s][info][gc,task        ] GC(846) Using 8 workers of 8 for evacuation
[5779.846s][info][gc,phases      ] GC(846)   Pre Evacuate Collection Set: 0.26ms
[5779.846s][info][gc,phases      ] GC(846)   Merge Heap Roots: 0.53ms
[5779.846s][info][gc,phases      ] GC(846)   Evacuate Collection Set: 143.02ms
[5779.846s][info][gc,phases      ] GC(846)   Post Evacuate Collection Set: 1.06ms
[5779.846s][info][gc,phases      ] GC(846)   Other: 0.08ms
[5779.846s][info][gc,heap        ] GC(846) Eden regions: 570->0(573)
[5779.846s][info][gc,heap        ] GC(846) Survivor regions: 44->41(77)
[5779.846s][info][gc,heap        ] GC(846) Old regions: 207->214
[5779.846s][info][gc,heap        ] GC(846) Humongous regions: 33->33
[5779.846s][info][gc,metaspace   ] GC(846) Metaspace: 29991K(30144K)->29991K(30144K) NonClass: 29991K(30144K)->29991K(30144K) Class: 0K(0K)->0K(0K)
[5779.846s][info][gc             ] GC(846) Pause Young (Normal) (G1 Evacuation Pause) 6813M->2289M(8192M) 145.089ms
[5779.846s][info][gc,cpu         ] GC(846) User=1.15s Sys=0.00s Real=0.14s
....[5783.735s][info][gc,start       ] GC(847) Pause Young (Normal) (G1 Evacuation Pause)
[5783.735s][info][gc,task        ] GC(847) Using 8 workers of 8 for evacuation
[5783.885s][info][gc,phases      ] GC(847)   Pre Evacuate Collection Set: 0.23ms
[5783.885s][info][gc,phases      ] GC(847)   Merge Heap Roots: 0.50ms
[5783.885s][info][gc,phases      ] GC(847)   Evacuate Collection Set: 147.73ms
[5783.885s][info][gc,phases      ] GC(847)   Post Evacuate Collection Set: 1.04ms
[5783.885s][info][gc,phases      ] GC(847)   Other: 0.06ms
[5783.885s][info][gc,heap        ] GC(847) Eden regions: 573->0(571)
[5783.885s][info][gc,heap        ] GC(847) Survivor regions: 41->43(77)
[5783.885s][info][gc,heap        ] GC(847) Old regions: 214->221
[5783.885s][info][gc,heap        ] GC(847) Humongous regions: 33->33
[5783.885s][info][gc,metaspace   ] GC(847) Metaspace: 29991K(30144K)->29991K(30144K) NonClass: 29991K(30144K)->29991K(30144K) Class: 0K(0K)->0K(0K)
[5783.885s][info][gc             ] GC(847) Pause Young (Normal) (G1 Evacuation Pause) 6873M->2361M(8192M) 149.688ms
[5783.885s][info][gc,cpu         ] GC(847) User=1.18s Sys=0.00s Real=0.15s
....|[5787.405s][info][gc,start       ] GC(848) Pause Young (Normal) (G1 Evacuation Pause)
[5787.405s][info][gc,task        ] GC(848) Using 8 workers of 8 for evacuation
[5787.556s][info][gc,phases      ] GC(848)   Pre Evacuate Collection Set: 0.25ms
[5787.556s][info][gc,phases      ] GC(848)   Merge Heap Roots: 0.54ms
[5787.556s][info][gc,phases      ] GC(848)   Evacuate Collection Set: 149.22ms
[5787.556s][info][gc,phases      ] GC(848)   Post Evacuate Collection Set: 1.02ms
[5787.556s][info][gc,phases      ] GC(848)   Other: 0.06ms
[5787.556s][info][gc,heap        ] GC(848) Eden regions: 571->0(570)
[5787.556s][info][gc,heap        ] GC(848) Survivor regions: 43->44(77)
[5787.556s][info][gc,heap        ] GC(848) Old regions: 221->228
[5787.556s][info][gc,heap        ] GC(848) Humongous regions: 33->33
[5787.556s][info][gc,metaspace   ] GC(848) Metaspace: 29991K(30144K)->29991K(30144K) NonClass: 29991K(30144K)->29991K(30144K) Class: 0K(0K)->0K(0K)
[5787.556s][info][gc             ] GC(848) Pause Young (Normal) (G1 Evacuation Pause) 6929M->2422M(8192M) 151.218ms
[5787.556s][info][gc,cpu         ] GC(848) User=1.20s Sys=0.00s Real=0.15s
....[5791.411s][info][gc,start       ] GC(849) Pause Young (Normal) (G1 Evacuation Pause)
[5791.411s][info][gc,task        ] GC(849) Using 8 workers of 8 for evacuation
[5791.563s][info][gc,phases      ] GC(849)   Pre Evacuate Collection Set: 0.25ms
[5791.563s][info][gc,phases      ] GC(849)   Merge Heap Roots: 0.55ms
[5791.563s][info][gc,phases      ] GC(849)   Evacuate Collection Set: 150.05ms
[5791.563s][info][gc,phases      ] GC(849)   Post Evacuate Collection Set: 1.02ms
[5791.563s][info][gc,phases      ] GC(849)   Other: 0.06ms
[5791.563s][info][gc,heap        ] GC(849) Eden regions: 570->0(571)
[5791.563s][info][gc,heap        ] GC(849) Survivor regions: 44->43(77)
[5791.563s][info][gc,heap        ] GC(849) Old regions: 228->235
[5791.563s][info][gc,heap        ] GC(849) Humongous regions: 33->33
[5791.563s][info][gc,metaspace   ] GC(849) Metaspace: 29991K(30144K)->29991K(30144K) NonClass: 29991K(30144K)->29991K(30144K) Class: 0K(0K)->0K(0K)
[5791.563s][info][gc             ] GC(849) Pause Young (Normal) (G1 Evacuation Pause) 6982M->2475M(8192M) 152.061ms
[5791.563s][info][gc,cpu         ] GC(849) User=1.21s Sys=0.01s Real=0.15s
....[5795.317s][info][gc,start       ] GC(850) Pause Young (Normal) (G1 Evacuation Pause)
[5795.318s][info][gc,task        ] GC(850) Using 8 workers of 8 for evacuation
[5795.472s][info][gc,phases      ] GC(850)   Pre Evacuate Collection Set: 0.23ms
[5795.472s][info][gc,phases      ] GC(850)   Merge Heap Roots: 0.58ms
[5795.472s][info][gc,phases      ] GC(850)   Evacuate Collection Set: 152.73ms
[5795.472s][info][gc,phases      ] GC(850)   Post Evacuate Collection Set: 1.05ms
[5795.472s][info][gc,phases      ] GC(850)   Other: 0.06ms
[5795.472s][info][gc,heap        ] GC(850) Eden regions: 571->0(570)
[5795.472s][info][gc,heap        ] GC(850) Survivor regions: 43->44(77)
[5795.472s][info][gc,heap        ] GC(850) Old regions: 235->242
[5795.472s][info][gc,heap        ] GC(850) Humongous regions: 33->33
[5795.472s][info][gc,metaspace   ] GC(850) Metaspace: 29991K(30144K)->29991K(30144K) NonClass: 29991K(30144K)->29991K(30144K) Class: 0K(0K)->0K(0K)
[5795.472s][info][gc             ] GC(850) Pause Young (Normal) (G1 Evacuation Pause) 7043M->2539M(8192M) 154.783ms
[5795.472s][info][gc,cpu         ] GC(850) User=1.22s Sys=0.00s Real=0.15s
....[5799.254s][info][gc,start       ] GC(851) Pause Young (Normal) (G1 Evacuation Pause)
[5799.254s][info][gc,task        ] GC(851) Using 8 workers of 8 for evacuation
[5799.402s][info][gc,phases      ] GC(851)   Pre Evacuate Collection Set: 0.23ms
[5799.403s][info][gc,phases      ] GC(851)   Merge Heap Roots: 0.61ms
[5799.403s][info][gc,phases      ] GC(851)   Evacuate Collection Set: 146.35ms
[5799.403s][info][gc,phases      ] GC(851)   Post Evacuate Collection Set: 1.04ms
[5799.403s][info][gc,phases      ] GC(851)   Other: 0.06ms
[5799.403s][info][gc,heap        ] GC(851) Eden regions: 570->0(571)
[5799.403s][info][gc,heap        ] GC(851) Survivor regions: 44->43(77)
[5799.403s][info][gc,heap        ] GC(851) Old regions: 242->250
[5799.403s][info][gc,heap        ] GC(851) Humongous regions: 33->33
[5799.403s][info][gc,metaspace   ] GC(851) Metaspace: 29991K(30144K)->29991K(30144K) NonClass: 29991K(30144K)->29991K(30144K) Class: 0K(0K)->0K(0K)
[5799.403s][info][gc             ] GC(851) Pause Young (Normal) (G1 Evacuation Pause) 7099M->2587M(8192M) 148.423ms
[5799.403s][info][gc,cpu         ] GC(851) User=1.17s Sys=0.00s Real=0.15s
...[5803.029s][info][gc,start       ] GC(852) Pause Young (Normal) (G1 Evacuation Pause)
[5803.029s][info][gc,task        ] GC(852) Using 8 workers of 8 for evacuation
[5803.178s][info][gc,phases      ] GC(852)   Pre Evacuate Collection Set: 0.23ms
[5803.178s][info][gc,phases      ] GC(852)   Merge Heap Roots: 0.51ms
[5803.178s][info][gc,phases      ] GC(852)   Evacuate Collection Set: 147.23ms
[5803.178s][info][gc,phases      ] GC(852)   Post Evacuate Collection Set: 1.02ms
[5803.178s][info][gc,phases      ] GC(852)   Other: 0.06ms
[5803.178s][info][gc,heap        ] GC(852) Eden regions: 571->0(571)
[5803.178s][info][gc,heap        ] GC(852) Survivor regions: 43->43(77)
[5803.178s][info][gc,heap        ] GC(852) Old regions: 250->257
[5803.178s][info][gc,heap        ] GC(852) Humongous regions: 33->33
[5803.178s][info][gc,metaspace   ] GC(852) Metaspace: 29991K(30144K)->29991K(30144K) NonClass: 29991K(30144K)->29991K(30144K) Class: 0K(0K)->0K(0K)
[5803.178s][info][gc             ] GC(852) Pause Young (Normal) (G1 Evacuation Pause) 7155M->2644M(8192M) 149.187ms
[5803.178s][info][gc,cpu         ] GC(852) User=1.18s Sys=0.00s Real=0.15s
....[5806.978s][info][gc,start       ] GC(853) Pause Young (Normal) (G1 Evacuation Pause)
[5806.978s][info][gc,task        ] GC(853) Using 8 workers of 8 for evacuation
[5807.129s][info][gc,phases      ] GC(853)   Pre Evacuate Collection Set: 0.24ms
[5807.129s][info][gc,phases      ] GC(853)   Merge Heap Roots: 0.54ms
[5807.129s][info][gc,phases      ] GC(853)   Evacuate Collection Set: 148.67ms
[5807.129s][info][gc,phases      ] GC(853)   Post Evacuate Collection Set: 1.04ms
[5807.129s][info][gc,phases      ] GC(853)   Other: 0.06ms
[5807.129s][info][gc,heap        ] GC(853) Eden regions: 571->0(571)
[5807.129s][info][gc,heap        ] GC(853) Survivor regions: 43->43(77)
[5807.129s][info][gc,heap        ] GC(853) Old regions: 257->264
[5807.129s][info][gc,heap        ] GC(853) Humongous regions: 33->33
[5807.129s][info][gc,metaspace   ] GC(853) Metaspace: 29991K(30144K)->29991K(30144K) NonClass: 29991K(30144K)->29991K(30144K) Class: 0K(0K)->0K(0K)
[5807.129s][info][gc             ] GC(853) Pause Young (Normal) (G1 Evacuation Pause) 7212M->2703M(8192M) 150.704ms
[5807.129s][info][gc,cpu         ] GC(853) User=1.20s Sys=0.00s Real=0.15s
....[5810.810s][info][gc,start       ] GC(854) Pause Young (Normal) (G1 Evacuation Pause)
[5810.810s][info][gc,task        ] GC(854) Using 8 workers of 8 for evacuation
[5810.962s][info][gc,phases      ] GC(854)   Pre Evacuate Collection Set: 0.24ms
[5810.962s][info][gc,phases      ] GC(854)   Merge Heap Roots: 0.54ms
[5810.962s][info][gc,phases      ] GC(854)   Evacuate Collection Set: 149.53ms
[5810.962s][info][gc,phases      ] GC(854)   Post Evacuate Collection Set: 1.07ms
[5810.962s][info][gc,phases      ] GC(854)   Other: 0.06ms
[5810.962s][info][gc,heap        ] GC(854) Eden regions: 571->0(570)
[5810.962s][info][gc,heap        ] GC(854) Survivor regions: 43->44(77)
[5810.962s][info][gc,heap        ] GC(854) Old regions: 264->271
[5810.962s][info][gc,heap        ] GC(854) Humongous regions: 33->33
[5810.962s][info][gc,metaspace   ] GC(854) Metaspace: 29991K(30144K)->29991K(30144K) NonClass: 29991K(30144K)->29991K(30144K) Class: 0K(0K)->0K(0K)
[5810.962s][info][gc             ] GC(854) Pause Young (Normal) (G1 Evacuation Pause) 7271M->2765M(8192M) 151.573ms
[5810.962s][info][gc,cpu         ] GC(854) User=1.20s Sys=0.00s Real=0.15s
....[5814.740s][info][gc,start       ] GC(855) Pause Young (Normal) (G1 Evacuation Pause)
[5814.740s][info][gc,task        ] GC(855) Using 8 workers of 8 for evacuation
[5814.889s][info][gc,phases      ] GC(855)   Pre Evacuate Collection Set: 0.23ms
[5814.889s][info][gc,phases      ] GC(855)   Merge Heap Roots: 0.52ms
[5814.889s][info][gc,phases      ] GC(855)   Evacuate Collection Set: 146.45ms
[5814.889s][info][gc,phases      ] GC(855)   Post Evacuate Collection Set: 1.04ms
[5814.889s][info][gc,phases      ] GC(855)   Other: 0.06ms
[5814.889s][info][gc,heap        ] GC(855) Eden regions: 570->0(571)
[5814.889s][info][gc,heap        ] GC(855) Survivor regions: 44->43(77)
[5814.889s][info][gc,heap        ] GC(855) Old regions: 271->278
[5814.889s][info][gc,heap        ] GC(855) Humongous regions: 33->33
[5814.889s][info][gc,metaspace   ] GC(855) Metaspace: 29991K(30144K)->29991K(30144K) NonClass: 29991K(30144K)->29991K(30144K) Class: 0K(0K)->0K(0K)
[5814.889s][info][gc             ] GC(855) Pause Young (Normal) (G1 Evacuation Pause) 7325M->2819M(8192M) 148.432ms
[5814.889s][info][gc,cpu         ] GC(855) User=1.17s Sys=0.00s Real=0.15s
....[5818.622s][info][gc,start       ] GC(856) Pause Young (Normal) (G1 Evacuation Pause)
[5818.622s][info][gc,task        ] GC(856) Using 8 workers of 8 for evacuation
[5818.775s][info][gc,phases      ] GC(856)   Pre Evacuate Collection Set: 0.24ms
[5818.775s][info][gc,phases      ] GC(856)   Merge Heap Roots: 0.55ms
[5818.775s][info][gc,phases      ] GC(856)   Evacuate Collection Set: 150.88ms
[5818.775s][info][gc,phases      ] GC(856)   Post Evacuate Collection Set: 1.03ms
[5818.775s][info][gc,phases      ] GC(856)   Other: 0.07ms
[5818.775s][info][gc,heap        ] GC(856) Eden regions: 571->0(566)
[5818.775s][info][gc,heap        ] GC(856) Survivor regions: 43->44(77)
[5818.775s][info][gc,heap        ] GC(856) Old regions: 278->285
[5818.775s][info][gc,heap        ] GC(856) Humongous regions: 33->33
[5818.775s][info][gc,metaspace   ] GC(856) Metaspace: 29991K(30144K)->29991K(30144K) NonClass: 29991K(30144K)->29991K(30144K) Class: 0K(0K)->0K(0K)
[5818.775s][info][gc             ] GC(856) Pause Young (Normal) (G1 Evacuation Pause) 7387M->2879M(8192M) 152.916ms
[5818.775s][info][gc,cpu         ] GC(856) User=1.21s Sys=0.01s Real=0.15s
....[5822.404s][info][gc,start       ] GC(857) Pause Young (Normal) (G1 Evacuation Pause)
[5822.404s][info][gc,task        ] GC(857) Using 8 workers of 8 for evacuation
[5822.559s][info][gc,phases      ] GC(857)   Pre Evacuate Collection Set: 0.22ms
[5822.559s][info][gc,phases      ] GC(857)   Merge Heap Roots: 0.54ms
[5822.559s][info][gc,phases      ] GC(857)   Evacuate Collection Set: 153.37ms
[5822.559s][info][gc,phases      ] GC(857)   Post Evacuate Collection Set: 1.07ms
[5822.559s][info][gc,phases      ] GC(857)   Other: 0.07ms
[5822.559s][info][gc,heap        ] GC(857) Eden regions: 566->0(556)
[5822.559s][info][gc,heap        ] GC(857) Survivor regions: 44->45(77)
[5822.559s][info][gc,heap        ] GC(857) Old regions: 285->293
[5822.559s][info][gc,heap        ] GC(857) Humongous regions: 33->33
[5822.559s][info][gc,metaspace   ] GC(857) Metaspace: 29991K(30144K)->29991K(30144K) NonClass: 29991K(30144K)->29991K(30144K) Class: 0K(0K)->0K(0K)
[5822.559s][info][gc             ] GC(857) Pause Young (Normal) (G1 Evacuation Pause) 7407M->2945M(8192M) 155.400ms
[5822.559s][info][gc,cpu         ] GC(857) User=1.23s Sys=0.00s Real=0.16s
...[5826.096s][info][gc,start       ] GC(858) Pause Young (Normal) (G1 Evacuation Pause)
[5826.096s][info][gc,task        ] GC(858) Using 8 workers of 8 for evacuation
[5826.246s][info][gc,phases      ] GC(858)   Pre Evacuate Collection Set: 0.24ms
[5826.246s][info][gc,phases      ] GC(858)   Merge Heap Roots: 0.54ms
[5826.246s][info][gc,phases      ] GC(858)   Evacuate Collection Set: 148.01ms
[5826.246s][info][gc,phases      ] GC(858)   Post Evacuate Collection Set: 1.07ms
[5826.246s][info][gc,phases      ] GC(858)   Other: 0.06ms
[5826.246s][info][gc,heap        ] GC(858) Eden regions: 556->0(553)
[5826.246s][info][gc,heap        ] GC(858) Survivor regions: 45->43(76)
[5826.246s][info][gc,heap        ] GC(858) Old regions: 293->300
[5826.246s][info][gc,heap        ] GC(858) Humongous regions: 33->33
[5826.246s][info][gc,metaspace   ] GC(858) Metaspace: 29991K(30144K)->29991K(30144K) NonClass: 29991K(30144K)->29991K(30144K) Class: 0K(0K)->0K(0K)
[5826.246s][info][gc             ] GC(858) Pause Young (Normal) (G1 Evacuation Pause) 7393M->2985M(8192M) 150.058ms
[5826.246s][info][gc,cpu         ] GC(858) User=1.19s Sys=0.00s Real=0.15s
....[5829.822s][info][gc,start       ] GC(859) Pause Young (Normal) (G1 Evacuation Pause)
[5829.822s][info][gc,task        ] GC(859) Using 8 workers of 8 for evacuation
[5829.970s][info][gc,phases      ] GC(859)   Pre Evacuate Collection Set: 0.23ms
[5829.970s][info][gc,phases      ] GC(859)   Merge Heap Roots: 0.52ms
[5829.970s][info][gc,phases      ] GC(859)   Evacuate Collection Set: 145.64ms
[5829.970s][info][gc,phases      ] GC(859)   Post Evacuate Collection Set: 1.03ms
[5829.970s][info][gc,phases      ] GC(859)   Other: 0.06ms
[5829.970s][info][gc,heap        ] GC(859) Eden regions: 553->0(548)
[5829.970s][info][gc,heap        ] GC(859) Survivor regions: 43->42(75)
[5829.970s][info][gc,heap        ] GC(859) Old regions: 300->307
[5829.970s][info][gc,heap        ] GC(859) Humongous regions: 33->33
[5829.970s][info][gc,metaspace   ] GC(859) Metaspace: 29991K(30144K)->29991K(30144K) NonClass: 29991K(30144K)->29991K(30144K) Class: 0K(0K)->0K(0K)
[5829.970s][info][gc             ] GC(859) Pause Young (Normal) (G1 Evacuation Pause) 7409M->3041M(8192M) 147.614ms
[5829.970s][info][gc,cpu         ] GC(859) User=1.17s Sys=0.00s Real=0.15s
....[5833.548s][info][gc,start       ] GC(860) Pause Young (Concurrent Start) (G1 Evacuation Pause)
[5833.548s][info][gc,task        ] GC(860) Using 8 workers of 8 for evacuation
[5833.698s][info][gc,phases      ] GC(860)   Pre Evacuate Collection Set: 0.30ms
[5833.698s][info][gc,phases      ] GC(860)   Merge Heap Roots: 0.61ms
[5833.698s][info][gc,phases      ] GC(860)   Evacuate Collection Set: 148.22ms
[5833.698s][info][gc,phases      ] GC(860)   Post Evacuate Collection Set: 1.06ms
[5833.698s][info][gc,phases      ] GC(860)   Other: 0.10ms
[5833.698s][info][gc,heap        ] GC(860) Eden regions: 548->0(539)
[5833.698s][info][gc,heap        ] GC(860) Survivor regions: 42->43(74)
[5833.698s][info][gc,heap        ] GC(860) Old regions: 307->314
[5833.698s][info][gc,heap        ] GC(860) Humongous regions: 33->33
[5833.698s][info][gc,metaspace   ] GC(860) Metaspace: 29991K(30144K)->29991K(30144K) NonClass: 29991K(30144K)->29991K(30144K) Class: 0K(0K)->0K(0K)
[5833.698s][info][gc             ] GC(860) Pause Young (Concurrent Start) (G1 Evacuation Pause) 7425M->3107M(8192M) 150.426ms
[5833.698s][info][gc             ] GC(861) Concurrent Mark Cycle
[5833.698s][info][gc,marking     ] GC(861) Concurrent Scan Root Regions
[5833.698s][info][gc,cpu         ] GC(860) User=1.20s Sys=0.00s Real=0.15s
[5833.932s][info][gc,marking     ] GC(861) Concurrent Scan Root Regions 233.789ms
[5833.932s][info][gc,marking     ] GC(861) Concurrent Mark
[5833.932s][info][gc,marking     ] GC(861) Concurrent Mark From Roots
[5833.932s][info][gc,task        ] GC(861) Using 2 workers of 2 for marking
.[5834.978s][info][gc,marking     ] GC(861) Concurrent Mark From Roots 1046.317ms
[5834.978s][info][gc,marking     ] GC(861) Concurrent Preclean
[5834.979s][info][gc,marking     ] GC(861) Concurrent Preclean 0.120ms
[5834.979s][info][gc,start       ] GC(861) Pause Remark
[5834.981s][info][gc             ] GC(861) Pause Remark 4536M->3984M(8192M) 2.434ms
[5834.981s][info][gc,cpu         ] GC(861) User=0.01s Sys=0.00s Real=0.00s
[5834.981s][info][gc,marking     ] GC(861) Concurrent Mark 1049.173ms
[5834.981s][info][gc,marking     ] GC(861) Concurrent Rebuild Remembered Sets and Scrub Regions
.[5835.831s][info][gc,marking     ] GC(861) Concurrent Rebuild Remembered Sets and Scrub Regions 849.489ms
[5835.831s][info][gc,start       ] GC(861) Pause Cleanup
[5835.831s][info][gc             ] GC(861) Pause Cleanup 5199M->5199M(8192M) 0.264ms
[5835.831s][info][gc,cpu         ] GC(861) User=0.00s Sys=0.00s Real=0.00s
[5835.831s][info][gc,marking     ] GC(861) Concurrent Clear Claimed Marks
[5835.831s][info][gc,marking     ] GC(861) Concurrent Clear Claimed Marks 0.039ms
[5835.831s][info][gc,marking     ] GC(861) Concurrent Cleanup for Next Mark
[5835.842s][info][gc,marking     ] GC(861) Concurrent Cleanup for Next Mark 10.553ms
[5835.842s][info][gc             ] GC(861) Concurrent Mark Cycle 2143.694ms
..[5837.255s][info][gc,start       ] GC(862) Pause Young (Prepare Mixed) (G1 Evacuation Pause)
[5837.255s][info][gc,task        ] GC(862) Using 8 workers of 8 for evacuation
[5837.406s][info][gc,phases      ] GC(862)   Pre Evacuate Collection Set: 0.23ms
[5837.406s][info][gc,phases      ] GC(862)   Merge Heap Roots: 0.76ms
[5837.406s][info][gc,phases      ] GC(862)   Evacuate Collection Set: 148.08ms
[5837.406s][info][gc,phases      ] GC(862)   Post Evacuate Collection Set: 1.11ms
[5837.406s][info][gc,phases      ] GC(862)   Other: 0.06ms
[5837.406s][info][gc,heap        ] GC(862) Eden regions: 539->0(572)
[5837.406s][info][gc,heap        ] GC(862) Survivor regions: 43->42(73)
[5837.406s][info][gc,heap        ] GC(862) Old regions: 245->253
[5837.406s][info][gc,heap        ] GC(862) Humongous regions: 33->33
[5837.406s][info][gc,metaspace   ] GC(862) Metaspace: 29991K(30144K)->29991K(30144K) NonClass: 29991K(30144K)->29991K(30144K) Class: 0K(0K)->0K(0K)
[5837.406s][info][gc             ] GC(862) Pause Young (Prepare Mixed) (G1 Evacuation Pause) 6867M->2608M(8192M) 150.366ms
[5837.406s][info][gc,cpu         ] GC(862) User=1.19s Sys=0.00s Real=0.15s
...[5841.167s][info][gc,start       ] GC(863) Pause Young (Mixed) (G1 Evacuation Pause)
[5841.167s][info][gc,task        ] GC(863) Using 8 workers of 8 for evacuation
[5841.322s][info][gc,phases      ] GC(863)   Pre Evacuate Collection Set: 0.30ms
[5841.322s][info][gc,phases      ] GC(863)   Merge Heap Roots: 0.80ms
[5841.322s][info][gc,phases      ] GC(863)   Evacuate Collection Set: 152.49ms
[5841.322s][info][gc,phases      ] GC(863)   Post Evacuate Collection Set: 1.27ms
[5841.322s][info][gc,phases      ] GC(863)   Other: 0.09ms
[5841.322s][info][gc,heap        ] GC(863) Eden regions: 572->0(572)
[5841.322s][info][gc,heap        ] GC(863) Survivor regions: 42->42(77)
[5841.322s][info][gc,heap        ] GC(863) Old regions: 253->158
[5841.322s][info][gc,heap        ] GC(863) Humongous regions: 33->33
[5841.322s][info][gc,metaspace   ] GC(863) Metaspace: 29991K(30144K)->29991K(30144K) NonClass: 29991K(30144K)->29991K(30144K) Class: 0K(0K)->0K(0K)
[5841.322s][info][gc             ] GC(863) Pause Young (Mixed) (G1 Evacuation Pause) 7184M->1850M(8192M) 155.086ms
[5841.322s][info][gc,cpu         ] GC(863) User=1.23s Sys=0.01s Real=0.16s
....[5844.921s][info][gc,start       ] GC(864) Pause Young (Mixed) (G1 Evacuation Pause)
[5844.921s][info][gc,task        ] GC(864) Using 8 workers of 8 for evacuation
[5845.082s][info][gc,phases      ] GC(864)   Pre Evacuate Collection Set: 0.25ms
[5845.082s][info][gc,phases      ] GC(864)   Merge Heap Roots: 0.82ms
[5845.082s][info][gc,phases      ] GC(864)   Evacuate Collection Set: 158.22ms
[5845.082s][info][gc,phases      ] GC(864)   Post Evacuate Collection Set: 1.07ms
[5845.082s][info][gc,phases      ] GC(864)   Other: 0.06ms
[5845.082s][info][gc,heap        ] GC(864) Eden regions: 572->0(571)
[5845.082s][info][gc,heap        ] GC(864) Survivor regions: 42->43(77)
[5845.082s][info][gc,heap        ] GC(864) Old regions: 158->144
[5845.082s][info][gc,heap        ] GC(864) Humongous regions: 33->33
[5845.082s][info][gc,metaspace   ] GC(864) Metaspace: 29991K(30144K)->29991K(30144K) NonClass: 29991K(30144K)->29991K(30144K) Class: 0K(0K)->0K(0K)
[5845.082s][info][gc             ] GC(864) Pause Young (Mixed) (G1 Evacuation Pause) 6426M->1741M(8192M) 160.554ms
[5845.082s][info][gc,cpu         ] GC(864) User=1.27s Sys=0.00s Real=0.16s
... (rIR:aIR:PR = 9963:9895:9896) (tPR = 146494) [OK] 
  5847s: Performance info:
         Transaction,    Success,    Partial,     Failed,   Receipts, AvgBarcode, 
             Overall,     595519,          0,          0,     565224,      59.48, 
         Response times:
             Request,    Success,    Partial,     Failed,   SkipFail,     Probes,    Samples,      min,      p50,      p90,      p95,      p99,      max, 
       TotalPurchase,     565209,          0,          0,          0,     358054,     466080,      300,     7000,    43000,    90000,   140000,  2300000,
     InStorePurchase,     297516,          0,          0,          0,     187662,     244062,      300,     6900,    44000,    91000,   140000,  2100000,
      OnlinePurchase,     208059,          0,          0,          0,     132189,     171810,      300,     7100,    42000,    89000,   140000,  2300000,
        InstPurchase,      59634,          0,          0,          0,      38203,      50208,      500,     7300,    41000,    87000,   137000,  1600000,
          AssocOfCat,        601,          0,          0,          0,        491,        762,    29000,    54000,   139000,   169000,   213370,   760000,
      AssocOfProduct,       5938,          0,          0,          0,       4447,       6135,      800,     7600,    44400,    92000,   142000,   760000,
      BusinessReport,       1497,          0,          0,          0,       1308,       1852,    29000,    57000,   106000,   158000,   226470,   299000,
          CustBuyBeh,       6031,          0,          0,          0,       4449,       6043,      200,     7300,    40000,    88000,   143000,  1600000,
       ProductReturn,      16181,          0,          0,          0,       9357,      12551,      400,     6800,    44000,    92000,   135480,  2300000,

  5847s: (73%)   IR =  10101 .[5848.756s][info][gc,start       ] GC(865) Pause Young (Normal) (G1 Evacuation Pause)
[5848.756s][info][gc,task        ] GC(865) Using 8 workers of 8 for evacuation
[5848.908s][info][gc,phases      ] GC(865)   Pre Evacuate Collection Set: 0.27ms
[5848.908s][info][gc,phases      ] GC(865)   Merge Heap Roots: 0.61ms
[5848.908s][info][gc,phases      ] GC(865)   Evacuate Collection Set: 150.44ms
[5848.908s][info][gc,phases      ] GC(865)   Post Evacuate Collection Set: 1.03ms
[5848.909s][info][gc,phases      ] GC(865)   Other: 0.06ms
[5848.909s][info][gc,heap        ] GC(865) Eden regions: 571->0(571)
[5848.909s][info][gc,heap        ] GC(865) Survivor regions: 43->43(77)
[5848.909s][info][gc,heap        ] GC(865) Old regions: 144->151
[5848.909s][info][gc,heap        ] GC(865) Humongous regions: 33->33
[5848.909s][info][gc,metaspace   ] GC(865) Metaspace: 29991K(30144K)->29991K(30144K) NonClass: 29991K(30144K)->29991K(30144K) Class: 0K(0K)->0K(0K)
[5848.909s][info][gc             ] GC(865) Pause Young (Normal) (G1 Evacuation Pause) 6309M->1797M(8192M) 152.553ms
[5848.909s][info][gc,cpu         ] GC(865) User=1.21s Sys=0.00s Real=0.16s
....[5852.465s][info][gc,start       ] GC(866) Pause Young (Normal) (G1 Evacuation Pause)
[5852.465s][info][gc,task        ] GC(866) Using 8 workers of 8 for evacuation
[5852.615s][info][gc,phases      ] GC(866)   Pre Evacuate Collection Set: 0.24ms
[5852.615s][info][gc,phases      ] GC(866)   Merge Heap Roots: 0.52ms
[5852.615s][info][gc,phases      ] GC(866)   Evacuate Collection Set: 147.56ms
[5852.615s][info][gc,phases      ] GC(866)   Post Evacuate Collection Set: 1.04ms
[5852.615s][info][gc,phases      ] GC(866)   Other: 0.07ms
[5852.615s][info][gc,heap        ] GC(866) Eden regions: 571->0(570)
[5852.615s][info][gc,heap        ] GC(866) Survivor regions: 43->44(77)
[5852.615s][info][gc,heap        ] GC(866) Old regions: 151->158
[5852.615s][info][gc,heap        ] GC(866) Humongous regions: 33->33
[5852.615s][info][gc,metaspace   ] GC(866) Metaspace: 29991K(30144K)->29991K(30144K) NonClass: 29991K(30144K)->29991K(30144K) Class: 0K(0K)->0K(0K)
[5852.615s][info][gc             ] GC(866) Pause Young (Normal) (G1 Evacuation Pause) 6365M->1862M(8192M) 149.557ms
[5852.615s][info][gc,cpu         ] GC(866) User=1.18s Sys=0.01s Real=0.15s
...[5856.253s][info][gc,start       ] GC(867) Pause Young (Normal) (G1 Evacuation Pause)
[5856.253s][info][gc,task        ] GC(867) Using 8 workers of 8 for evacuation
[5856.402s][info][gc,phases      ] GC(867)   Pre Evacuate Collection Set: 0.24ms
[5856.402s][info][gc,phases      ] GC(867)   Merge Heap Roots: 0.55ms
[5856.402s][info][gc,phases      ] GC(867)   Evacuate Collection Set: 147.15ms
[5856.402s][info][gc,phases      ] GC(867)   Post Evacuate Collection Set: 1.01ms
[5856.402s][info][gc,phases      ] GC(867)   Other: 0.06ms
[5856.402s][info][gc,heap        ] GC(867) Eden regions: 570->0(572)
[5856.402s][info][gc,heap        ] GC(867) Survivor regions: 44->42(77)
[5856.402s][info][gc,heap        ] GC(867) Old regions: 158->165
[5856.402s][info][gc,heap        ] GC(867) Humongous regions: 33->33
[5856.402s][info][gc,metaspace   ] GC(867) Metaspace: 29991K(30144K)->29991K(30144K) NonClass: 29991K(30144K)->29991K(30144K) Class: 0K(0K)->0K(0K)
[5856.402s][info][gc             ] GC(867) Pause Young (Normal) (G1 Evacuation Pause) 6422M->1903M(8192M) 149.143ms
[5856.403s][info][gc,cpu         ] GC(867) User=1.19s Sys=0.00s Real=0.15s
....[5860.080s][info][gc,start       ] GC(868) Pause Young (Normal) (G1 Evacuation Pause)
[5860.080s][info][gc,task        ] GC(868) Using 8 workers of 8 for evacuation
[5860.236s][info][gc,phases      ] GC(868)   Pre Evacuate Collection Set: 0.23ms
[5860.236s][info][gc,phases      ] GC(868)   Merge Heap Roots: 0.56ms
[5860.236s][info][gc,phases      ] GC(868)   Evacuate Collection Set: 153.82ms
[5860.236s][info][gc,phases      ] GC(868)   Post Evacuate Collection Set: 1.04ms
[5860.236s][info][gc,phases      ] GC(868)   Other: 0.06ms
[5860.236s][info][gc,heap        ] GC(868) Eden regions: 572->0(570)
[5860.236s][info][gc,heap        ] GC(868) Survivor regions: 42->44(77)
[5860.236s][info][gc,heap        ] GC(868) Old regions: 165->172
[5860.236s][info][gc,heap        ] GC(868) Humongous regions: 33->33
[5860.236s][info][gc,metaspace   ] GC(868) Metaspace: 29991K(30144K)->29991K(30144K) NonClass: 29991K(30144K)->29991K(30144K) Class: 0K(0K)->0K(0K)
[5860.236s][info][gc             ] GC(868) Pause Young (Normal) (G1 Evacuation Pause) 6479M->1978M(8192M) 155.847ms
[5860.236s][info][gc,cpu         ] GC(868) User=1.23s Sys=0.00s Real=0.15s
..|..[5863.769s][info][gc,start       ] GC(869) Pause Young (Normal) (G1 Evacuation Pause)
[5863.770s][info][gc,task        ] GC(869) Using 8 workers of 8 for evacuation
[5863.918s][info][gc,phases      ] GC(869)   Pre Evacuate Collection Set: 0.25ms
[5863.918s][info][gc,phases      ] GC(869)   Merge Heap Roots: 0.64ms
[5863.918s][info][gc,phases      ] GC(869)   Evacuate Collection Set: 146.64ms
[5863.918s][info][gc,phases      ] GC(869)   Post Evacuate Collection Set: 1.07ms
[5863.918s][info][gc,phases      ] GC(869)   Other: 0.07ms
[5863.918s][info][gc,heap        ] GC(869) Eden regions: 570->0(571)
[5863.918s][info][gc,heap        ] GC(869) Survivor regions: 44->43(77)
[5863.918s][info][gc,heap        ] GC(869) Old regions: 172->179
[5863.918s][info][gc,heap        ] GC(869) Humongous regions: 33->33
[5863.918s][info][gc,metaspace   ] GC(869) Metaspace: 29991K(30144K)->29991K(30144K) NonClass: 29991K(30144K)->29991K(30144K) Class: 0K(0K)->0K(0K)
[5863.918s][info][gc             ] GC(869) Pause Young (Normal) (G1 Evacuation Pause) 6538M->2022M(8192M) 148.800ms
[5863.918s][info][gc,cpu         ] GC(869) User=1.18s Sys=0.00s Real=0.15s
....[5867.503s][info][gc,start       ] GC(870) Pause Young (Normal) (G1 Evacuation Pause)
[5867.503s][info][gc,task        ] GC(870) Using 8 workers of 8 for evacuation
[5867.654s][info][gc,phases      ] GC(870)   Pre Evacuate Collection Set: 0.24ms
[5867.654s][info][gc,phases      ] GC(870)   Merge Heap Roots: 0.53ms
[5867.654s][info][gc,phases      ] GC(870)   Evacuate Collection Set: 149.25ms
[5867.654s][info][gc,phases      ] GC(870)   Post Evacuate Collection Set: 1.10ms
[5867.654s][info][gc,phases      ] GC(870)   Other: 0.07ms
[5867.654s][info][gc,heap        ] GC(870) Eden regions: 571->0(570)
[5867.654s][info][gc,heap        ] GC(870) Survivor regions: 43->44(77)
[5867.654s][info][gc,heap        ] GC(870) Old regions: 179->186
[5867.654s][info][gc,heap        ] GC(870) Humongous regions: 33->33
[5867.654s][info][gc,metaspace   ] GC(870) Metaspace: 29991K(30144K)->29991K(30144K) NonClass: 29991K(30144K)->29991K(30144K) Class: 0K(0K)->0K(0K)
[5867.654s][info][gc             ] GC(870) Pause Young (Normal) (G1 Evacuation Pause) 6590M->2091M(8192M) 151.323ms
[5867.654s][info][gc,cpu         ] GC(870) User=1.20s Sys=0.00s Real=0.15s
...[5871.316s][info][gc,start       ] GC(871) Pause Young (Normal) (G1 Evacuation Pause)
[5871.316s][info][gc,task        ] GC(871) Using 8 workers of 8 for evacuation
[5871.472s][info][gc,phases      ] GC(871)   Pre Evacuate Collection Set: 0.24ms
[5871.472s][info][gc,phases      ] GC(871)   Merge Heap Roots: 0.55ms
[5871.472s][info][gc,phases      ] GC(871)   Evacuate Collection Set: 153.93ms
[5871.472s][info][gc,phases      ] GC(871)   Post Evacuate Collection Set: 1.02ms
[5871.472s][info][gc,phases      ] GC(871)   Other: 0.07ms
[5871.472s][info][gc,heap        ] GC(871) Eden regions: 570->0(570)
[5871.472s][info][gc,heap        ] GC(871) Survivor regions: 44->44(77)
[5871.472s][info][gc,heap        ] GC(871) Old regions: 186->194
[5871.472s][info][gc,heap        ] GC(871) Humongous regions: 33->33
[5871.472s][info][gc,metaspace   ] GC(871) Metaspace: 29991K(30144K)->29991K(30144K) NonClass: 29991K(30144K)->29991K(30144K) Class: 0K(0K)->0K(0K)
[5871.472s][info][gc             ] GC(871) Pause Young (Normal) (G1 Evacuation Pause) 6651M->2145M(8192M) 155.941ms
[5871.472s][info][gc,cpu         ] GC(871) User=1.24s Sys=0.00s Real=0.16s
....[5875.224s][info][gc,start       ] GC(872) Pause Young (Normal) (G1 Evacuation Pause)
[5875.224s][info][gc,task        ] GC(872) Using 8 workers of 8 for evacuation
[5875.374s][info][gc,phases      ] GC(872)   Pre Evacuate Collection Set: 0.23ms
[5875.374s][info][gc,phases      ] GC(872)   Merge Heap Roots: 0.61ms
[5875.374s][info][gc,phases      ] GC(872)   Evacuate Collection Set: 147.60ms
[5875.374s][info][gc,phases      ] GC(872)   Post Evacuate Collection Set: 1.07ms
[5875.374s][info][gc,phases      ] GC(872)   Other: 0.06ms
[5875.374s][info][gc,heap        ] GC(872) Eden regions: 570->0(570)
[5875.374s][info][gc,heap        ] GC(872) Survivor regions: 44->44(77)
[5875.374s][info][gc,heap        ] GC(872) Old regions: 194->201
[5875.374s][info][gc,heap        ] GC(872) Humongous regions: 33->33
[5875.374s][info][gc,metaspace   ] GC(872) Metaspace: 29991K(30144K)->29991K(30144K) NonClass: 29991K(30144K)->29991K(30144K) Class: 0K(0K)->0K(0K)
[5875.374s][info][gc             ] GC(872) Pause Young (Normal) (G1 Evacuation Pause) 6705M->2203M(8192M) 149.712ms
[5875.374s][info][gc,cpu         ] GC(872) User=1.18s Sys=0.00s Real=0.15s
....[5879.076s][info][gc,start       ] GC(873) Pause Young (Normal) (G1 Evacuation Pause)
[5879.076s][info][gc,task        ] GC(873) Using 8 workers of 8 for evacuation
[5879.226s][info][gc,phases      ] GC(873)   Pre Evacuate Collection Set: 0.27ms
[5879.226s][info][gc,phases      ] GC(873)   Merge Heap Roots: 0.65ms
[5879.226s][info][gc,phases      ] GC(873)   Evacuate Collection Set: 147.70ms
[5879.226s][info][gc,phases      ] GC(873)   Post Evacuate Collection Set: 1.02ms
[5879.226s][info][gc,phases      ] GC(873)   Other: 0.06ms
[5879.226s][info][gc,heap        ] GC(873) Eden regions: 570->0(571)
[5879.226s][info][gc,heap        ] GC(873) Survivor regions: 44->43(77)
[5879.226s][info][gc,heap        ] GC(873) Old regions: 201->208
[5879.226s][info][gc,heap        ] GC(873) Humongous regions: 33->33
[5879.226s][info][gc,metaspace   ] GC(873) Metaspace: 29991K(30144K)->29991K(30144K) NonClass: 29991K(30144K)->29991K(30144K) Class: 0K(0K)->0K(0K)
[5879.226s][info][gc             ] GC(873) Pause Young (Normal) (G1 Evacuation Pause) 6763M->2259M(8192M) 149.818ms
[5879.226s][info][gc,cpu         ] GC(873) User=1.18s Sys=0.00s Real=0.15s
....[5882.830s][info][gc,start       ] GC(874) Pause Young (Normal) (G1 Evacuation Pause)
[5882.830s][info][gc,task        ] GC(874) Using 8 workers of 8 for evacuation
[5882.980s][info][gc,phases      ] GC(874)   Pre Evacuate Collection Set: 0.23ms
[5882.980s][info][gc,phases      ] GC(874)   Merge Heap Roots: 0.53ms
[5882.980s][info][gc,phases      ] GC(874)   Evacuate Collection Set: 147.46ms
[5882.980s][info][gc,phases      ] GC(874)   Post Evacuate Collection Set: 1.07ms
[5882.980s][info][gc,phases      ] GC(874)   Other: 0.07ms
[5882.980s][info][gc,heap        ] GC(874) Eden regions: 571->0(571)
[5882.980s][info][gc,heap        ] GC(874) Survivor regions: 43->43(77)
[5882.980s][info][gc,heap        ] GC(874) Old regions: 208->215
[5882.980s][info][gc,heap        ] GC(874) Humongous regions: 33->33
[5882.980s][info][gc,metaspace   ] GC(874) Metaspace: 29991K(30144K)->29991K(30144K) NonClass: 29991K(30144K)->29991K(30144K) Class: 0K(0K)->0K(0K)
[5882.980s][info][gc             ] GC(874) Pause Young (Normal) (G1 Evacuation Pause) 6827M->2311M(8192M) 149.505ms
[5882.980s][info][gc,cpu         ] GC(874) User=1.19s Sys=0.00s Real=0.15s
....[5886.664s][info][gc,start       ] GC(875) Pause Young (Normal) (G1 Evacuation Pause)
[5886.664s][info][gc,task        ] GC(875) Using 8 workers of 8 for evacuation
[5886.812s][info][gc,phases      ] GC(875)   Pre Evacuate Collection Set: 0.26ms
[5886.812s][info][gc,phases      ] GC(875)   Merge Heap Roots: 0.53ms
[5886.812s][info][gc,phases      ] GC(875)   Evacuate Collection Set: 145.90ms
[5886.812s][info][gc,phases      ] GC(875)   Post Evacuate Collection Set: 1.08ms
[5886.812s][info][gc,phases      ] GC(875)   Other: 0.06ms
[5886.812s][info][gc,heap        ] GC(875) Eden regions: 571->0(571)
[5886.812s][info][gc,heap        ] GC(875) Survivor regions: 43->43(77)
[5886.812s][info][gc,heap        ] GC(875) Old regions: 215->222
[5886.812s][info][gc,heap        ] GC(875) Humongous regions: 33->33
[5886.812s][info][gc,metaspace   ] GC(875) Metaspace: 29991K(30144K)->29991K(30144K) NonClass: 29991K(30144K)->29991K(30144K) Class: 0K(0K)->0K(0K)
[5886.812s][info][gc             ] GC(875) Pause Young (Normal) (G1 Evacuation Pause) 6879M->2367M(8192M) 147.959ms
[5886.812s][info][gc,cpu         ] GC(875) User=1.17s Sys=0.00s Real=0.15s
...[5890.472s][info][gc,start       ] GC(876) Pause Young (Normal) (G1 Evacuation Pause)
[5890.472s][info][gc,task        ] GC(876) Using 8 workers of 8 for evacuation
[5890.625s][info][gc,phases      ] GC(876)   Pre Evacuate Collection Set: 0.23ms
[5890.625s][info][gc,phases      ] GC(876)   Merge Heap Roots: 0.53ms
[5890.625s][info][gc,phases      ] GC(876)   Evacuate Collection Set: 150.36ms
[5890.625s][info][gc,phases      ] GC(876)   Post Evacuate Collection Set: 1.06ms
[5890.625s][info][gc,phases      ] GC(876)   Other: 0.06ms
[5890.625s][info][gc,heap        ] GC(876) Eden regions: 571->0(569)
[5890.625s][info][gc,heap        ] GC(876) Survivor regions: 43->45(77)
[5890.625s][info][gc,heap        ] GC(876) Old regions: 222->230
[5890.625s][info][gc,heap        ] GC(876) Humongous regions: 33->33
[5890.625s][info][gc,metaspace   ] GC(876) Metaspace: 29991K(30144K)->29991K(30144K) NonClass: 29991K(30144K)->29991K(30144K) Class: 0K(0K)->0K(0K)
[5890.625s][info][gc             ] GC(876) Pause Young (Normal) (G1 Evacuation Pause) 6935M->2442M(8192M) 152.380ms
[5890.625s][info][gc,cpu         ] GC(876) User=1.21s Sys=0.00s Real=0.15s
....[5894.407s][info][gc,start       ] GC(877) Pause Young (Normal) (G1 Evacuation Pause)
[5894.407s][info][gc,task        ] GC(877) Using 8 workers of 8 for evacuation
[5894.559s][info][gc,phases      ] GC(877)   Pre Evacuate Collection Set: 0.24ms
[5894.559s][info][gc,phases      ] GC(877)   Merge Heap Roots: 0.54ms
[5894.559s][info][gc,phases      ] GC(877)   Evacuate Collection Set: 150.59ms
[5894.559s][info][gc,phases      ] GC(877)   Post Evacuate Collection Set: 1.06ms
[5894.559s][info][gc,phases      ] GC(877)   Other: 0.06ms
[5894.559s][info][gc,heap        ] GC(877) Eden regions: 569->0(570)
[5894.559s][info][gc,heap        ] GC(877) Survivor regions: 45->44(77)
[5894.559s][info][gc,heap        ] GC(877) Old regions: 230->237
[5894.559s][info][gc,heap        ] GC(877) Humongous regions: 33->33
[5894.559s][info][gc,metaspace   ] GC(877) Metaspace: 29991K(30144K)->29991K(30144K) NonClass: 29991K(30144K)->29991K(30144K) Class: 0K(0K)->0K(0K)
[5894.559s][info][gc             ] GC(877) Pause Young (Normal) (G1 Evacuation Pause) 6994M->2491M(8192M) 152.610ms
[5894.559s][info][gc,cpu         ] GC(877) User=1.20s Sys=0.01s Real=0.16s
....[5898.146s][info][gc,start       ] GC(878) Pause Young (Normal) (G1 Evacuation Pause)
[5898.146s][info][gc,task        ] GC(878) Using 8 workers of 8 for evacuation
[5898.298s][info][gc,phases      ] GC(878)   Pre Evacuate Collection Set: 0.23ms
[5898.298s][info][gc,phases      ] GC(878)   Merge Heap Roots: 0.54ms
[5898.298s][info][gc,phases      ] GC(878)   Evacuate Collection Set: 150.14ms
[5898.298s][info][gc,phases      ] GC(878)   Post Evacuate Collection Set: 1.08ms
[5898.298s][info][gc,phases      ] GC(878)   Other: 0.06ms
[5898.298s][info][gc,heap        ] GC(878) Eden regions: 570->0(571)
[5898.298s][info][gc,heap        ] GC(878) Survivor regions: 44->43(77)
[5898.298s][info][gc,heap        ] GC(878) Old regions: 237->244
[5898.298s][info][gc,heap        ] GC(878) Humongous regions: 33->33
[5898.298s][info][gc,metaspace   ] GC(878) Metaspace: 29991K(30144K)->29991K(30144K) NonClass: 29991K(30144K)->29991K(30144K) Class: 0K(0K)->0K(0K)
[5898.298s][info][gc             ] GC(878) Pause Young (Normal) (G1 Evacuation Pause) 7051M->2545M(8192M) 152.188ms
[5898.298s][info][gc,cpu         ] GC(878) User=1.20s Sys=0.00s Real=0.16s
....[5901.872s][info][gc,start       ] GC(879) Pause Young (Normal) (G1 Evacuation Pause)
[5901.872s][info][gc,task        ] GC(879) Using 8 workers of 8 for evacuation
[5902.019s][info][gc,phases      ] GC(879)   Pre Evacuate Collection Set: 0.26ms
[5902.019s][info][gc,phases      ] GC(879)   Merge Heap Roots: 0.59ms
[5902.019s][info][gc,phases      ] GC(879)   Evacuate Collection Set: 144.99ms
[5902.019s][info][gc,phases      ] GC(879)   Post Evacuate Collection Set: 1.04ms
[5902.019s][info][gc,phases      ] GC(879)   Other: 0.07ms
[5902.019s][info][gc,heap        ] GC(879) Eden regions: 571->0(571)
[5902.019s][info][gc,heap        ] GC(879) Survivor regions: 43->43(77)
[5902.019s][info][gc,heap        ] GC(879) Old regions: 244->251
[5902.019s][info][gc,heap        ] GC(879) Humongous regions: 33->33
[5902.019s][info][gc,metaspace   ] GC(879) Metaspace: 29991K(30144K)->29991K(30144K) NonClass: 29991K(30144K)->29991K(30144K) Class: 0K(0K)->0K(0K)
[5902.019s][info][gc             ] GC(879) Pause Young (Normal) (G1 Evacuation Pause) 7113M->2597M(8192M) 147.079ms
[5902.019s][info][gc,cpu         ] GC(879) User=1.16s Sys=0.00s Real=0.15s
...[5905.575s][info][gc,start       ] GC(880) Pause Young (Normal) (G1 Evacuation Pause)
[5905.576s][info][gc,task        ] GC(880) Using 8 workers of 8 for evacuation
[5905.730s][info][gc,phases      ] GC(880)   Pre Evacuate Collection Set: 0.23ms
[5905.730s][info][gc,phases      ] GC(880)   Merge Heap Roots: 0.55ms
[5905.730s][info][gc,phases      ] GC(880)   Evacuate Collection Set: 152.19ms
[5905.730s][info][gc,phases      ] GC(880)   Post Evacuate Collection Set: 1.06ms
[5905.730s][info][gc,phases      ] GC(880)   Other: 0.06ms
[5905.730s][info][gc,heap        ] GC(880) Eden regions: 571->0(570)
[5905.730s][info][gc,heap        ] GC(880) Survivor regions: 43->44(77)
[5905.730s][info][gc,heap        ] GC(880) Old regions: 251->258
[5905.730s][info][gc,heap        ] GC(880) Humongous regions: 33->33
[5905.730s][info][gc,metaspace   ] GC(880) Metaspace: 29991K(30144K)->29991K(30144K) NonClass: 29991K(30144K)->29991K(30144K) Class: 0K(0K)->0K(0K)
[5905.730s][info][gc             ] GC(880) Pause Young (Normal) (G1 Evacuation Pause) 7165M->2667M(8192M) 154.988ms
[5905.730s][info][gc,cpu         ] GC(880) User=1.22s Sys=0.00s Real=0.16s
....[5909.343s][info][gc,start       ] GC(881) Pause Young (Normal) (G1 Evacuation Pause)
[5909.343s][info][gc,task        ] GC(881) Using 8 workers of 8 for evacuation
[5909.498s][info][gc,phases      ] GC(881)   Pre Evacuate Collection Set: 0.28ms
[5909.498s][info][gc,phases      ] GC(881)   Merge Heap Roots: 0.67ms
[5909.498s][info][gc,phases      ] GC(881)   Evacuate Collection Set: 152.92ms
[5909.498s][info][gc,phases      ] GC(881)   Post Evacuate Collection Set: 1.06ms
[5909.498s][info][gc,phases      ] GC(881)   Other: 0.07ms
[5909.498s][info][gc,heap        ] GC(881) Eden regions: 570->0(570)
[5909.498s][info][gc,heap        ] GC(881) Survivor regions: 44->44(77)
[5909.498s][info][gc,heap        ] GC(881) Old regions: 258->265
[5909.498s][info][gc,heap        ] GC(881) Humongous regions: 33->33
[5909.498s][info][gc,metaspace   ] GC(881) Metaspace: 29991K(30144K)->29991K(30144K) NonClass: 29991K(30144K)->29991K(30144K) Class: 0K(0K)->0K(0K)
[5909.498s][info][gc             ] GC(881) Pause Young (Normal) (G1 Evacuation Pause) 7227M->2723M(8192M) 155.150ms
[5909.498s][info][gc,cpu         ] GC(881) User=1.23s Sys=0.00s Real=0.16s
....[5913.131s][info][gc,start       ] GC(882) Pause Young (Normal) (G1 Evacuation Pause)
[5913.131s][info][gc,task        ] GC(882) Using 8 workers of 8 for evacuation
[5913.282s][info][gc,phases      ] GC(882)   Pre Evacuate Collection Set: 0.22ms
[5913.282s][info][gc,phases      ] GC(882)   Merge Heap Roots: 0.53ms
[5913.282s][info][gc,phases      ] GC(882)   Evacuate Collection Set: 149.31ms
[5913.282s][info][gc,phases      ] GC(882)   Post Evacuate Collection Set: 1.04ms
[5913.282s][info][gc,phases      ] GC(882)   Other: 0.06ms
[5913.282s][info][gc,heap        ] GC(882) Eden regions: 570->0(570)
[5913.282s][info][gc,heap        ] GC(882) Survivor regions: 44->44(77)
[5913.282s][info][gc,heap        ] GC(882) Old regions: 265->272
[5913.282s][info][gc,heap        ] GC(882) Humongous regions: 33->33
[5913.282s][info][gc,metaspace   ] GC(882) Metaspace: 29991K(30144K)->29991K(30144K) NonClass: 29991K(30144K)->29991K(30144K) Class: 0K(0K)->0K(0K)
[5913.282s][info][gc             ] GC(882) Pause Young (Normal) (G1 Evacuation Pause) 7283M->2775M(8192M) 151.307ms
[5913.282s][info][gc,cpu         ] GC(882) User=1.20s Sys=0.00s Real=0.15s
....[5916.818s][info][gc,start       ] GC(883) Pause Young (Normal) (G1 Evacuation Pause)
[5916.818s][info][gc,task        ] GC(883) Using 8 workers of 8 for evacuation
[5916.969s][info][gc,phases      ] GC(883)   Pre Evacuate Collection Set: 0.23ms
[5916.969s][info][gc,phases      ] GC(883)   Merge Heap Roots: 0.55ms
[5916.969s][info][gc,phases      ] GC(883)   Evacuate Collection Set: 149.94ms
[5916.969s][info][gc,phases      ] GC(883)   Post Evacuate Collection Set: 1.03ms
[5916.969s][info][gc,phases      ] GC(883)   Other: 0.06ms
[5916.969s][info][gc,heap        ] GC(883) Eden regions: 570->0(571)
[5916.969s][info][gc,heap        ] GC(883) Survivor regions: 44->43(77)
[5916.969s][info][gc,heap        ] GC(883) Old regions: 272->280
[5916.969s][info][gc,heap        ] GC(883) Humongous regions: 33->33
[5916.969s][info][gc,metaspace   ] GC(883) Metaspace: 29991K(30144K)->29991K(30144K) NonClass: 29991K(30144K)->29991K(30144K) Class: 0K(0K)->0K(0K)
[5916.969s][info][gc             ] GC(883) Pause Young (Normal) (G1 Evacuation Pause) 7335M->2830M(8192M) 151.957ms
[5916.970s][info][gc,cpu         ] GC(883) User=1.20s Sys=0.00s Real=0.15s
...[5920.505s][info][gc,start       ] GC(884) Pause Young (Normal) (G1 Evacuation Pause)
[5920.505s][info][gc,task        ] GC(884) Using 8 workers of 8 for evacuation
[5920.660s][info][gc,phases      ] GC(884)   Pre Evacuate Collection Set: 0.24ms
[5920.660s][info][gc,phases      ] GC(884)   Merge Heap Roots: 0.53ms
[5920.660s][info][gc,phases      ] GC(884)   Evacuate Collection Set: 152.83ms
[5920.660s][info][gc,phases      ] GC(884)   Post Evacuate Collection Set: 1.03ms
[5920.660s][info][gc,phases      ] GC(884)   Other: 0.06ms
[5920.660s][info][gc,heap        ] GC(884) Eden regions: 571->0(564)
[5920.660s][info][gc,heap        ] GC(884) Survivor regions: 43->44(77)
[5920.660s][info][gc,heap        ] GC(884) Old regions: 280->287
[5920.660s][info][gc,heap        ] GC(884) Humongous regions: 33->33
[5920.660s][info][gc,metaspace   ] GC(884) Metaspace: 29991K(30144K)->29991K(30144K) NonClass: 29991K(30144K)->29991K(30144K) Class: 0K(0K)->0K(0K)
[5920.660s][info][gc             ] GC(884) Pause Young (Normal) (G1 Evacuation Pause) 7398M->2893M(8192M) 154.824ms
[5920.660s][info][gc,cpu         ] GC(884) User=1.22s Sys=0.01s Real=0.16s
.. (rIR:aIR:PR = 10101:10130:10130) (tPR = 151460) [OK] 
  5921s: Performance info:
         Transaction,    Success,    Partial,     Failed,   Receipts, AvgBarcode, 
             Overall,     610767,          0,          0,     580440,      59.47, 
         Response times:
             Request,    Success,    Partial,     Failed,   SkipFail,     Probes,    Samples,      min,      p50,      p90,      p95,      p99,      max, 
       TotalPurchase,     580444,          0,          0,          0,     358722,     449016,      300,     7000,    26000,    59000,   118000,   690000,
     InStorePurchase,     303315,          0,          0,          0,     188791,     236205,      300,     7100,    26000,    58000,   122000,   690000,
      OnlinePurchase,     215628,          0,          0,          0,     132112,     165111,      300,     6900,    27000,    60000,   114000,   690000,
        InstPurchase,      61501,          0,          0,          0,      37819,      47700,      400,     7100,    25000,    57000,   116000,   543000,
          AssocOfCat,        600,          0,          0,          0,        512,        752,    29000,    55000,    88700,   125350,   200470,   244000,
      AssocOfProduct,       6190,          0,          0,          0,       3465,       4619,      700,     7400,    24000,    56000,   119800,   510000,
      BusinessReport,       1523,          0,          0,          0,       1373,       1853,    29000,    58000,    86000,   113000,   206460,   272000,
          CustBuyBeh,       6111,          0,          0,          0,       3400,       4462,      300,     6800,    28000,    57000,   113000,   544000,
       ProductReturn,      15903,          0,          0,          0,       9677,      12362,      200,     7000,    23000,    52000,   111000,   543000,

  5921s: (74%)   IR =  10239 ..[5924.294s][info][gc,start       ] GC(885) Pause Young (Normal) (G1 Evacuation Pause)
[5924.294s][info][gc,task        ] GC(885) Using 8 workers of 8 for evacuation
[5924.451s][info][gc,phases      ] GC(885)   Pre Evacuate Collection Set: 0.25ms
[5924.452s][info][gc,phases      ] GC(885)   Merge Heap Roots: 0.62ms
[5924.452s][info][gc,phases      ] GC(885)   Evacuate Collection Set: 155.74ms
[5924.452s][info][gc,phases      ] GC(885)   Post Evacuate Collection Set: 1.04ms
[5924.452s][info][gc,phases      ] GC(885)   Other: 0.06ms
[5924.452s][info][gc,heap        ] GC(885) Eden regions: 564->0(555)
[5924.452s][info][gc,heap        ] GC(885) Survivor regions: 44->45(76)
[5924.452s][info][gc,heap        ] GC(885) Old regions: 287->294
[5924.452s][info][gc,heap        ] GC(885) Humongous regions: 33->33
[5924.452s][info][gc,metaspace   ] GC(885) Metaspace: 29991K(30144K)->29991K(30144K) NonClass: 29991K(30144K)->29991K(30144K) Class: 0K(0K)->0K(0K)
[5924.452s][info][gc             ] GC(885) Pause Young (Normal) (G1 Evacuation Pause) 7405M->2953M(8192M) 157.854ms
[5924.452s][info][gc,cpu         ] GC(885) User=1.25s Sys=0.00s Real=0.16s
....[5928.030s][info][gc,start       ] GC(886) Pause Young (Normal) (G1 Evacuation Pause)
[5928.030s][info][gc,task        ] GC(886) Using 8 workers of 8 for evacuation
[5928.185s][info][gc,phases      ] GC(886)   Pre Evacuate Collection Set: 0.25ms
[5928.185s][info][gc,phases      ] GC(886)   Merge Heap Roots: 0.52ms
[5928.185s][info][gc,phases      ] GC(886)   Evacuate Collection Set: 153.71ms
[5928.186s][info][gc,phases      ] GC(886)   Post Evacuate Collection Set: 1.05ms
[5928.186s][info][gc,phases      ] GC(886)   Other: 0.06ms
[5928.186s][info][gc,heap        ] GC(886) Eden regions: 555->0(550)
[5928.186s][info][gc,heap        ] GC(886) Survivor regions: 45->44(75)
[5928.186s][info][gc,heap        ] GC(886) Old regions: 294->301
[5928.186s][info][gc,heap        ] GC(886) Humongous regions: 33->33
[5928.186s][info][gc,metaspace   ] GC(886) Metaspace: 29991K(30144K)->29991K(30144K) NonClass: 29991K(30144K)->29991K(30144K) Class: 0K(0K)->0K(0K)
[5928.186s][info][gc             ] GC(886) Pause Young (Normal) (G1 Evacuation Pause) 7393M->3006M(8192M) 155.719ms
[5928.186s][info][gc,cpu         ] GC(886) User=1.23s Sys=0.00s Real=0.15s
.|..[5931.539s][info][gc,start       ] GC(887) Pause Young (Normal) (G1 Evacuation Pause)
[5931.539s][info][gc,task        ] GC(887) Using 8 workers of 8 for evacuation
[5931.692s][info][gc,phases      ] GC(887)   Pre Evacuate Collection Set: 0.26ms
[5931.692s][info][gc,phases      ] GC(887)   Merge Heap Roots: 0.53ms
[5931.692s][info][gc,phases      ] GC(887)   Evacuate Collection Set: 150.69ms
[5931.692s][info][gc,phases      ] GC(887)   Post Evacuate Collection Set: 1.01ms
[5931.692s][info][gc,phases      ] GC(887)   Other: 0.08ms
[5931.692s][info][gc,heap        ] GC(887) Eden regions: 550->0(545)
[5931.692s][info][gc,heap        ] GC(887) Survivor regions: 44->43(75)
[5931.692s][info][gc,heap        ] GC(887) Old regions: 301->308
[5931.692s][info][gc,heap        ] GC(887) Humongous regions: 33->33
[5931.692s][info][gc,metaspace   ] GC(887) Metaspace: 29991K(30144K)->29991K(30144K) NonClass: 29991K(30144K)->29991K(30144K) Class: 0K(0K)->0K(0K)
[5931.692s][info][gc             ] GC(887) Pause Young (Normal) (G1 Evacuation Pause) 7406M->3055M(8192M) 152.678ms
[5931.692s][info][gc,cpu         ] GC(887) User=1.21s Sys=0.00s Real=0.15s
....[5935.083s][info][gc,start       ] GC(888) Pause Young (Concurrent Start) (G1 Evacuation Pause)
[5935.083s][info][gc,task        ] GC(888) Using 8 workers of 8 for evacuation
[5935.233s][info][gc,phases      ] GC(888)   Pre Evacuate Collection Set: 0.25ms
[5935.233s][info][gc,phases      ] GC(888)   Merge Heap Roots: 0.54ms
[5935.233s][info][gc,phases      ] GC(888)   Evacuate Collection Set: 147.77ms
[5935.233s][info][gc,phases      ] GC(888)   Post Evacuate Collection Set: 1.01ms
[5935.233s][info][gc,phases      ] GC(888)   Other: 0.09ms
[5935.233s][info][gc,heap        ] GC(888) Eden regions: 545->0(537)
[5935.233s][info][gc,heap        ] GC(888) Survivor regions: 43->43(74)
[5935.233s][info][gc,heap        ] GC(888) Old regions: 308->316
[5935.233s][info][gc,heap        ] GC(888) Humongous regions: 33->33
[5935.233s][info][gc,metaspace   ] GC(888) Metaspace: 29991K(30144K)->29991K(30144K) NonClass: 29991K(30144K)->29991K(30144K) Class: 0K(0K)->0K(0K)
[5935.233s][info][gc             ] GC(888) Pause Young (Concurrent Start) (G1 Evacuation Pause) 7415M->3117M(8192M) 149.775ms
[5935.233s][info][gc             ] GC(889) Concurrent Mark Cycle
[5935.233s][info][gc,marking     ] GC(889) Concurrent Scan Root Regions
[5935.233s][info][gc,cpu         ] GC(888) User=1.19s Sys=0.00s Real=0.15s
[5935.766s][info][gc,marking     ] GC(889) Concurrent Scan Root Regions 533.556ms
[5935.766s][info][gc,marking     ] GC(889) Concurrent Mark
[5935.766s][info][gc,marking     ] GC(889) Concurrent Mark From Roots
[5935.766s][info][gc,task        ] GC(889) Using 2 workers of 2 for marking
..[5937.102s][info][gc,marking     ] GC(889) Concurrent Mark From Roots 1335.690ms
[5937.102s][info][gc,marking     ] GC(889) Concurrent Preclean
[5937.102s][info][gc,marking     ] GC(889) Concurrent Preclean 0.157ms
[5937.103s][info][gc,start       ] GC(889) Pause Remark
[5937.106s][info][gc             ] GC(889) Pause Remark 5363M->4843M(8192M) 3.260ms
[5937.106s][info][gc,cpu         ] GC(889) User=0.02s Sys=0.00s Real=0.00s
[5937.106s][info][gc,marking     ] GC(889) Concurrent Mark 1339.568ms
[5937.106s][info][gc,marking     ] GC(889) Concurrent Rebuild Remembered Sets and Scrub Regions
[5937.713s][info][gc,marking     ] GC(889) Concurrent Rebuild Remembered Sets and Scrub Regions 607.395ms
[5937.714s][info][gc,start       ] GC(889) Pause Cleanup
[5937.714s][info][gc             ] GC(889) Pause Cleanup 5605M->5605M(8192M) 0.233ms
[5937.714s][info][gc,cpu         ] GC(889) User=0.00s Sys=0.00s Real=0.00s
[5937.714s][info][gc,marking     ] GC(889) Concurrent Clear Claimed Marks
[5937.714s][info][gc,marking     ] GC(889) Concurrent Clear Claimed Marks 0.049ms
[5937.714s][info][gc,marking     ] GC(889) Concurrent Cleanup for Next Mark
[5937.724s][info][gc,marking     ] GC(889) Concurrent Cleanup for Next Mark 9.885ms
[5937.724s][info][gc             ] GC(889) Concurrent Mark Cycle 2491.110ms
.[5938.602s][info][gc,start       ] GC(890) Pause Young (Prepare Mixed) (G1 Evacuation Pause)
[5938.602s][info][gc,task        ] GC(890) Using 8 workers of 8 for evacuation
[5938.749s][info][gc,phases      ] GC(890)   Pre Evacuate Collection Set: 0.25ms
[5938.749s][info][gc,phases      ] GC(890)   Merge Heap Roots: 0.77ms
[5938.750s][info][gc,phases      ] GC(890)   Evacuate Collection Set: 145.37ms
[5938.750s][info][gc,phases      ] GC(890)   Post Evacuate Collection Set: 1.11ms
[5938.750s][info][gc,phases      ] GC(890)   Other: 0.07ms
[5938.750s][info][gc,heap        ] GC(890) Eden regions: 537->0(572)
[5938.750s][info][gc,heap        ] GC(890) Survivor regions: 43->42(73)
[5938.750s][info][gc,heap        ] GC(890) Old regions: 251->259
[5938.750s][info][gc,heap        ] GC(890) Humongous regions: 33->33
[5938.750s][info][gc,metaspace   ] GC(890) Metaspace: 29991K(30144K)->29991K(30144K) NonClass: 29991K(30144K)->29991K(30144K) Class: 0K(0K)->0K(0K)
[5938.750s][info][gc             ] GC(890) Pause Young (Prepare Mixed) (G1 Evacuation Pause) 6893M->2652M(8192M) 147.704ms
[5938.750s][info][gc,cpu         ] GC(890) User=1.17s Sys=0.00s Real=0.15s
....[5942.398s][info][gc,start       ] GC(891) Pause Young (Mixed) (G1 Evacuation Pause)
[5942.398s][info][gc,task        ] GC(891) Using 8 workers of 8 for evacuation
[5942.553s][info][gc,phases      ] GC(891)   Pre Evacuate Collection Set: 0.29ms
[5942.553s][info][gc,phases      ] GC(891)   Merge Heap Roots: 0.79ms
[5942.553s][info][gc,phases      ] GC(891)   Evacuate Collection Set: 152.20ms
[5942.553s][info][gc,phases      ] GC(891)   Post Evacuate Collection Set: 1.26ms
[5942.553s][info][gc,phases      ] GC(891)   Other: 0.10ms
[5942.553s][info][gc,heap        ] GC(891) Eden regions: 572->0(571)
[5942.553s][info][gc,heap        ] GC(891) Survivor regions: 42->43(77)
[5942.553s][info][gc,heap        ] GC(891) Old regions: 259->164
[5942.553s][info][gc,heap        ] GC(891) Humongous regions: 33->33
[5942.553s][info][gc,metaspace   ] GC(891) Metaspace: 29991K(30144K)->29991K(30144K) NonClass: 29991K(30144K)->29991K(30144K) Class: 0K(0K)->0K(0K)
[5942.553s][info][gc             ] GC(891) Pause Young (Mixed) (G1 Evacuation Pause) 7228M->1900M(8192M) 154.780ms
[5942.553s][info][gc,cpu         ] GC(891) User=1.23s Sys=0.01s Real=0.15s
....[5945.971s][info][gc,start       ] GC(892) Pause Young (Mixed) (G1 Evacuation Pause)
[5945.971s][info][gc,task        ] GC(892) Using 8 workers of 8 for evacuation
[5946.129s][info][gc,phases      ] GC(892)   Pre Evacuate Collection Set: 0.25ms
[5946.129s][info][gc,phases      ] GC(892)   Merge Heap Roots: 0.85ms
[5946.129s][info][gc,phases      ] GC(892)   Evacuate Collection Set: 155.72ms
[5946.129s][info][gc,phases      ] GC(892)   Post Evacuate Collection Set: 1.07ms
[5946.129s][info][gc,phases      ] GC(892)   Other: 0.07ms
[5946.129s][info][gc,heap        ] GC(892) Eden regions: 571->0(571)
[5946.129s][info][gc,heap        ] GC(892) Survivor regions: 43->43(77)
[5946.129s][info][gc,heap        ] GC(892) Old regions: 164->144
[5946.129s][info][gc,heap        ] GC(892) Humongous regions: 33->33
[5946.129s][info][gc,metaspace   ] GC(892) Metaspace: 29991K(30144K)->29991K(30144K) NonClass: 29991K(30144K)->29991K(30144K) Class: 0K(0K)->0K(0K)
[5946.129s][info][gc             ] GC(892) Pause Young (Mixed) (G1 Evacuation Pause) 6468M->1744M(8192M) 158.092ms
[5946.129s][info][gc,cpu         ] GC(892) User=1.25s Sys=0.01s Real=0.16s
...[5949.730s][info][gc,start       ] GC(893) Pause Young (Normal) (G1 Evacuation Pause)
[5949.730s][info][gc,task        ] GC(893) Using 8 workers of 8 for evacuation
[5949.881s][info][gc,phases      ] GC(893)   Pre Evacuate Collection Set: 0.23ms
[5949.881s][info][gc,phases      ] GC(893)   Merge Heap Roots: 0.53ms
[5949.881s][info][gc,phases      ] GC(893)   Evacuate Collection Set: 148.24ms
[5949.881s][info][gc,phases      ] GC(893)   Post Evacuate Collection Set: 1.03ms
[5949.881s][info][gc,phases      ] GC(893)   Other: 0.06ms
[5949.881s][info][gc,heap        ] GC(893) Eden regions: 571->0(571)
[5949.881s][info][gc,heap        ] GC(893) Survivor regions: 43->43(77)
[5949.881s][info][gc,heap        ] GC(893) Old regions: 144->151
[5949.881s][info][gc,heap        ] GC(893) Humongous regions: 33->33
[5949.881s][info][gc,metaspace   ] GC(893) Metaspace: 29991K(30144K)->29991K(30144K) NonClass: 29991K(30144K)->29991K(30144K) Class: 0K(0K)->0K(0K)
[5949.881s][info][gc             ] GC(893) Pause Young (Normal) (G1 Evacuation Pause) 6312M->1799M(8192M) 150.224ms
[5949.881s][info][gc,cpu         ] GC(893) User=1.19s Sys=0.00s Real=0.15s
....[5953.511s][info][gc,start       ] GC(894) Pause Young (Normal) (G1 Evacuation Pause)
[5953.511s][info][gc,task        ] GC(894) Using 8 workers of 8 for evacuation
[5953.672s][info][gc,phases      ] GC(894)   Pre Evacuate Collection Set: 0.24ms
[5953.672s][info][gc,phases      ] GC(894)   Merge Heap Roots: 0.52ms
[5953.672s][info][gc,phases      ] GC(894)   Evacuate Collection Set: 159.48ms
[5953.672s][info][gc,phases      ] GC(894)   Post Evacuate Collection Set: 1.03ms
[5953.672s][info][gc,phases      ] GC(894)   Other: 0.06ms
[5953.672s][info][gc,heap        ] GC(894) Eden regions: 571->0(568)
[5953.672s][info][gc,heap        ] GC(894) Survivor regions: 43->46(77)
[5953.672s][info][gc,heap        ] GC(894) Old regions: 151->158
[5953.672s][info][gc,heap        ] GC(894) Humongous regions: 33->33
[5953.672s][info][gc,metaspace   ] GC(894) Metaspace: 29991K(30144K)->29991K(30144K) NonClass: 29991K(30144K)->29991K(30144K) Class: 0K(0K)->0K(0K)
[5953.672s][info][gc             ] GC(894) Pause Young (Normal) (G1 Evacuation Pause) 6367M->1883M(8192M) 161.477ms
[5953.672s][info][gc,cpu         ] GC(894) User=1.27s Sys=0.00s Real=0.16s
....[5957.273s][info][gc,start       ] GC(895) Pause Young (Normal) (G1 Evacuation Pause)
[5957.273s][info][gc,task        ] GC(895) Using 8 workers of 8 for evacuation
[5957.423s][info][gc,phases      ] GC(895)   Pre Evacuate Collection Set: 0.24ms
[5957.423s][info][gc,phases      ] GC(895)   Merge Heap Roots: 0.55ms
[5957.423s][info][gc,phases      ] GC(895)   Evacuate Collection Set: 148.00ms
[5957.423s][info][gc,phases      ] GC(895)   Post Evacuate Collection Set: 1.06ms
[5957.423s][info][gc,phases      ] GC(895)   Other: 0.06ms
[5957.423s][info][gc,heap        ] GC(895) Eden regions: 568->0(572)
[5957.423s][info][gc,heap        ] GC(895) Survivor regions: 46->42(77)
[5957.423s][info][gc,heap        ] GC(895) Old regions: 158->165
[5957.423s][info][gc,heap        ] GC(895) Humongous regions: 33->33
[5957.423s][info][gc,metaspace   ] GC(895) Metaspace: 29991K(30144K)->29991K(30144K) NonClass: 29991K(30144K)->29991K(30144K) Class: 0K(0K)->0K(0K)
[5957.423s][info][gc             ] GC(895) Pause Young (Normal) (G1 Evacuation Pause) 6427M->1907M(8192M) 150.051ms
[5957.423s][info][gc,cpu         ] GC(895) User=1.19s Sys=0.00s Real=0.15s
....[5961.041s][info][gc,start       ] GC(896) Pause Young (Normal) (G1 Evacuation Pause)
[5961.041s][info][gc,task        ] GC(896) Using 8 workers of 8 for evacuation
[5961.192s][info][gc,phases      ] GC(896)   Pre Evacuate Collection Set: 0.23ms
[5961.192s][info][gc,phases      ] GC(896)   Merge Heap Roots: 0.53ms
[5961.192s][info][gc,phases      ] GC(896)   Evacuate Collection Set: 149.17ms
[5961.192s][info][gc,phases      ] GC(896)   Post Evacuate Collection Set: 1.03ms
[5961.192s][info][gc,phases      ] GC(896)   Other: 0.06ms
[5961.192s][info][gc,heap        ] GC(896) Eden regions: 572->0(570)
[5961.192s][info][gc,heap        ] GC(896) Survivor regions: 42->44(77)
[5961.192s][info][gc,heap        ] GC(896) Old regions: 165->173
[5961.192s][info][gc,heap        ] GC(896) Humongous regions: 33->33
[5961.192s][info][gc,metaspace   ] GC(896) Metaspace: 29991K(30144K)->29991K(30144K) NonClass: 29991K(30144K)->29991K(30144K) Class: 0K(0K)->0K(0K)
[5961.192s][info][gc             ] GC(896) Pause Young (Normal) (G1 Evacuation Pause) 6483M->1977M(8192M) 151.151ms
[5961.192s][info][gc,cpu         ] GC(896) User=1.20s Sys=0.00s Real=0.15s
...[5964.734s][info][gc,start       ] GC(897) Pause Young (Normal) (G1 Evacuation Pause)
[5964.734s][info][gc,task        ] GC(897) Using 8 workers of 8 for evacuation
[5964.880s][info][gc,phases      ] GC(897)   Pre Evacuate Collection Set: 0.27ms
[5964.880s][info][gc,phases      ] GC(897)   Merge Heap Roots: 0.50ms
[5964.880s][info][gc,phases      ] GC(897)   Evacuate Collection Set: 143.78ms
[5964.880s][info][gc,phases      ] GC(897)   Post Evacuate Collection Set: 1.02ms
[5964.880s][info][gc,phases      ] GC(897)   Other: 0.07ms
[5964.880s][info][gc,heap        ] GC(897) Eden regions: 570->0(571)
[5964.880s][info][gc,heap        ] GC(897) Survivor regions: 44->43(77)
[5964.880s][info][gc,heap        ] GC(897) Old regions: 173->180
[5964.880s][info][gc,heap        ] GC(897) Humongous regions: 33->33
[5964.880s][info][gc,metaspace   ] GC(897) Metaspace: 29991K(30144K)->29991K(30144K) NonClass: 29991K(30144K)->29991K(30144K) Class: 0K(0K)->0K(0K)
[5964.880s][info][gc             ] GC(897) Pause Young (Normal) (G1 Evacuation Pause) 6537M->2025M(8192M) 145.767ms
[5964.880s][info][gc,cpu         ] GC(897) User=1.16s Sys=0.00s Real=0.15s
....[5968.577s][info][gc,start       ] GC(898) Pause Young (Normal) (G1 Evacuation Pause)
[5968.577s][info][gc,task        ] GC(898) Using 8 workers of 8 for evacuation
[5968.727s][info][gc,phases      ] GC(898)   Pre Evacuate Collection Set: 0.24ms
[5968.727s][info][gc,phases      ] GC(898)   Merge Heap Roots: 0.53ms
[5968.727s][info][gc,phases      ] GC(898)   Evacuate Collection Set: 148.47ms
[5968.727s][info][gc,phases      ] GC(898)   Post Evacuate Collection Set: 1.03ms
[5968.727s][info][gc,phases      ] GC(898)   Other: 0.07ms
[5968.727s][info][gc,heap        ] GC(898) Eden regions: 571->0(570)
[5968.727s][info][gc,heap        ] GC(898) Survivor regions: 43->44(77)
[5968.727s][info][gc,heap        ] GC(898) Old regions: 180->187
[5968.727s][info][gc,heap        ] GC(898) Humongous regions: 33->33
[5968.727s][info][gc,metaspace   ] GC(898) Metaspace: 29991K(30144K)->29991K(30144K) NonClass: 29991K(30144K)->29991K(30144K) Class: 0K(0K)->0K(0K)
[5968.727s][info][gc             ] GC(898) Pause Young (Normal) (G1 Evacuation Pause) 6593M->2090M(8192M) 150.479ms
[5968.727s][info][gc,cpu         ] GC(898) User=1.19s Sys=0.01s Real=0.16s
....[5972.271s][info][gc,start       ] GC(899) Pause Young (Normal) (G1 Evacuation Pause)
[5972.271s][info][gc,task        ] GC(899) Using 8 workers of 8 for evacuation
[5972.422s][info][gc,phases      ] GC(899)   Pre Evacuate Collection Set: 0.26ms
[5972.422s][info][gc,phases      ] GC(899)   Merge Heap Roots: 0.54ms
[5972.422s][info][gc,phases      ] GC(899)   Evacuate Collection Set: 148.98ms
[5972.422s][info][gc,phases      ] GC(899)   Post Evacuate Collection Set: 1.03ms
[5972.422s][info][gc,phases      ] GC(899)   Other: 0.06ms
[5972.422s][info][gc,heap        ] GC(899) Eden regions: 570->0(570)
[5972.422s][info][gc,heap        ] GC(899) Survivor regions: 44->44(77)
[5972.422s][info][gc,heap        ] GC(899) Old regions: 187->194
[5972.422s][info][gc,heap        ] GC(899) Humongous regions: 33->33
[5972.422s][info][gc,metaspace   ] GC(899) Metaspace: 29991K(30144K)->29991K(30144K) NonClass: 29991K(30144K)->29991K(30144K) Class: 0K(0K)->0K(0K)
[5972.422s][info][gc             ] GC(899) Pause Young (Normal) (G1 Evacuation Pause) 6650M->2150M(8192M) 151.000ms
[5972.422s][info][gc,cpu         ] GC(899) User=1.19s Sys=0.00s Real=0.15s
....[5976.001s][info][gc,start       ] GC(900) Pause Young (Normal) (G1 Evacuation Pause)
[5976.001s][info][gc,task        ] GC(900) Using 8 workers of 8 for evacuation
[5976.153s][info][gc,phases      ] GC(900)   Pre Evacuate Collection Set: 0.24ms
[5976.153s][info][gc,phases      ] GC(900)   Merge Heap Roots: 0.56ms
[5976.153s][info][gc,phases      ] GC(900)   Evacuate Collection Set: 150.74ms
[5976.153s][info][gc,phases      ] GC(900)   Post Evacuate Collection Set: 1.07ms
[5976.154s][info][gc,phases      ] GC(900)   Other: 0.06ms
[5976.154s][info][gc,heap        ] GC(900) Eden regions: 570->0(571)
[5976.154s][info][gc,heap        ] GC(900) Survivor regions: 44->43(77)
[5976.154s][info][gc,heap        ] GC(900) Old regions: 194->202
[5976.154s][info][gc,heap        ] GC(900) Humongous regions: 33->33
[5976.154s][info][gc,metaspace   ] GC(900) Metaspace: 29991K(30144K)->29991K(30144K) NonClass: 29991K(30144K)->29991K(30144K) Class: 0K(0K)->0K(0K)
[5976.154s][info][gc             ] GC(900) Pause Young (Normal) (G1 Evacuation Pause) 6710M->2202M(8192M) 152.800ms
[5976.154s][info][gc,cpu         ] GC(900) User=1.21s Sys=0.00s Real=0.15s
...[5979.832s][info][gc,start       ] GC(901) Pause Young (Normal) (G1 Evacuation Pause)
[5979.832s][info][gc,task        ] GC(901) Using 8 workers of 8 for evacuation
[5979.984s][info][gc,phases      ] GC(901)   Pre Evacuate Collection Set: 0.24ms
[5979.984s][info][gc,phases      ] GC(901)   Merge Heap Roots: 0.54ms
[5979.984s][info][gc,phases      ] GC(901)   Evacuate Collection Set: 149.87ms
[5979.984s][info][gc,phases      ] GC(901)   Post Evacuate Collection Set: 1.04ms
[5979.984s][info][gc,phases      ] GC(901)   Other: 0.06ms
[5979.984s][info][gc,heap        ] GC(901) Eden regions: 571->0(570)
[5979.984s][info][gc,heap        ] GC(901) Survivor regions: 43->44(77)
[5979.984s][info][gc,heap        ] GC(901) Old regions: 202->209
[5979.984s][info][gc,heap        ] GC(901) Humongous regions: 33->33
[5979.984s][info][gc,metaspace   ] GC(901) Metaspace: 29991K(30144K)->29991K(30144K) NonClass: 29991K(30144K)->29991K(30144K) Class: 0K(0K)->0K(0K)
[5979.984s][info][gc             ] GC(901) Pause Young (Normal) (G1 Evacuation Pause) 6770M->2265M(8192M) 151.878ms
[5979.984s][info][gc,cpu         ] GC(901) User=1.20s Sys=0.00s Real=0.15s
....[5983.439s][info][gc,start       ] GC(902) Pause Young (Normal) (G1 Evacuation Pause)
[5983.439s][info][gc,task        ] GC(902) Using 8 workers of 8 for evacuation
[5983.593s][info][gc,phases      ] GC(902)   Pre Evacuate Collection Set: 0.29ms
[5983.593s][info][gc,phases      ] GC(902)   Merge Heap Roots: 0.53ms
[5983.593s][info][gc,phases      ] GC(902)   Evacuate Collection Set: 152.20ms
[5983.593s][info][gc,phases      ] GC(902)   Post Evacuate Collection Set: 1.06ms
[5983.593s][info][gc,phases      ] GC(902)   Other: 0.06ms
[5983.593s][info][gc,heap        ] GC(902) Eden regions: 570->0(570)
[5983.593s][info][gc,heap        ] GC(902) Survivor regions: 44->44(77)
[5983.593s][info][gc,heap        ] GC(902) Old regions: 209->216
[5983.593s][info][gc,heap        ] GC(902) Humongous regions: 33->33
[5983.593s][info][gc,metaspace   ] GC(902) Metaspace: 29991K(30144K)->29991K(30144K) NonClass: 29991K(30144K)->29991K(30144K) Class: 0K(0K)->0K(0K)
[5983.593s][info][gc             ] GC(902) Pause Young (Normal) (G1 Evacuation Pause) 6825M->2326M(8192M) 154.287ms
[5983.593s][info][gc,cpu         ] GC(902) User=1.22s Sys=0.00s Real=0.15s
....[5987.049s][info][gc,start       ] GC(903) Pause Young (Normal) (G1 Evacuation Pause)
[5987.049s][info][gc,task        ] GC(903) Using 8 workers of 8 for evacuation
[5987.200s][info][gc,phases      ] GC(903)   Pre Evacuate Collection Set: 0.22ms
[5987.200s][info][gc,phases      ] GC(903)   Merge Heap Roots: 0.54ms
[5987.200s][info][gc,phases      ] GC(903)   Evacuate Collection Set: 149.24ms
[5987.200s][info][gc,phases      ] GC(903)   Post Evacuate Collection Set: 1.00ms
[5987.200s][info][gc,phases      ] GC(903)   Other: 0.06ms
[5987.200s][info][gc,heap        ] GC(903) Eden regions: 570->0(571)
[5987.200s][info][gc,heap        ] GC(903) Survivor regions: 44->43(77)
[5987.200s][info][gc,heap        ] GC(903) Old regions: 216->223
[5987.200s][info][gc,heap        ] GC(903) Humongous regions: 33->33
[5987.200s][info][gc,metaspace   ] GC(903) Metaspace: 29991K(30144K)->29991K(30144K) NonClass: 29991K(30144K)->29991K(30144K) Class: 0K(0K)->0K(0K)
[5987.200s][info][gc             ] GC(903) Pause Young (Normal) (G1 Evacuation Pause) 6886M->2369M(8192M) 151.189ms
[5987.200s][info][gc,cpu         ] GC(903) User=1.20s Sys=0.00s Real=0.15s
.. (rIR:aIR:PR = 10239:10285:10285) (tPR = 155765) [OK] 
  5988s: Performance info:
         Transaction,    Success,    Partial,     Failed,   Receipts, AvgBarcode, 
             Overall,     618668,          0,          0,     587623,      59.48, 
         Response times:
             Request,    Success,    Partial,     Failed,   SkipFail,     Probes,    Samples,      min,      p50,      p90,      p95,      p99,      max, 
       TotalPurchase,     587624,          0,          0,          0,     356600,     404610,      300,     7400,    50000,    86000,   148000,  2700000,
     InStorePurchase,     306041,          0,          0,          0,     188356,     213258,      300,     7500,    50000,    88000,   150000,  2700000,
      OnlinePurchase,     220481,          0,          0,          0,     130865,     148492,      300,     7400,    49000,    85000,   145000,  2700000,
        InstPurchase,      61102,          0,          0,          0,      37379,      42860,      400,     7200,    48000,    85000,   146000,   680000,
          AssocOfCat,        618,          0,          0,          0,        546,        703,    32000,    54000,   104600,   142800,   211880,   250000,
      AssocOfProduct,       6106,          0,          0,          0,       3434,       4089,      700,     8200,    52000,    87000,   158000,   397000,
      BusinessReport,       1539,          0,          0,          0,       1386,       1706,    29000,    59000,   122300,   165650,   232000,   442000,
          CustBuyBeh,       6173,          0,          0,          0,       3511,       4170,      200,     5800,    43000,    82000,   164290,   640000,
       ProductReturn,      16609,          0,          0,          0,       9733,      11165,      300,     7800,    52400,    89000,   153000,   391000,

  5988s: (75%)   IR =  10378 .[5990.740s][info][gc,start       ] GC(904) Pause Young (Normal) (G1 Evacuation Pause)
[5990.741s][info][gc,task        ] GC(904) Using 8 workers of 8 for evacuation
[5990.892s][info][gc,phases      ] GC(904)   Pre Evacuate Collection Set: 0.26ms
[5990.892s][info][gc,phases      ] GC(904)   Merge Heap Roots: 0.55ms
[5990.892s][info][gc,phases      ] GC(904)   Evacuate Collection Set: 149.14ms
[5990.892s][info][gc,phases      ] GC(904)   Post Evacuate Collection Set: 1.02ms
[5990.892s][info][gc,phases      ] GC(904)   Other: 0.06ms
[5990.892s][info][gc,heap        ] GC(904) Eden regions: 571->0(571)
[5990.892s][info][gc,heap        ] GC(904) Survivor regions: 43->43(77)
[5990.892s][info][gc,heap        ] GC(904) Old regions: 223->230
[5990.892s][info][gc,heap        ] GC(904) Humongous regions: 33->33
[5990.892s][info][gc,metaspace   ] GC(904) Metaspace: 29991K(30144K)->29991K(30144K) NonClass: 29991K(30144K)->29991K(30144K) Class: 0K(0K)->0K(0K)
[5990.892s][info][gc             ] GC(904) Pause Young (Normal) (G1 Evacuation Pause) 6937M->2429M(8192M) 151.173ms
[5990.892s][info][gc,cpu         ] GC(904) User=1.19s Sys=0.00s Real=0.15s
....[5994.440s][info][gc,start       ] GC(905) Pause Young (Normal) (G1 Evacuation Pause)
[5994.440s][info][gc,task        ] GC(905) Using 8 workers of 8 for evacuation
[5994.596s][info][gc,phases      ] GC(905)   Pre Evacuate Collection Set: 0.23ms
[5994.596s][info][gc,phases      ] GC(905)   Merge Heap Roots: 0.56ms
[5994.596s][info][gc,phases      ] GC(905)   Evacuate Collection Set: 153.99ms
[5994.596s][info][gc,phases      ] GC(905)   Post Evacuate Collection Set: 1.05ms
[5994.596s][info][gc,phases      ] GC(905)   Other: 0.07ms
[5994.596s][info][gc,heap        ] GC(905) Eden regions: 571->0(570)
[5994.596s][info][gc,heap        ] GC(905) Survivor regions: 43->44(77)
[5994.596s][info][gc,heap        ] GC(905) Old regions: 230->237
[5994.596s][info][gc,heap        ] GC(905) Humongous regions: 33->33
[5994.596s][info][gc,metaspace   ] GC(905) Metaspace: 29991K(30144K)->29991K(30144K) NonClass: 29991K(30144K)->29991K(30144K) Class: 0K(0K)->0K(0K)
[5994.596s][info][gc             ] GC(905) Pause Young (Normal) (G1 Evacuation Pause) 6997M->2491M(8192M) 156.026ms
[5994.596s][info][gc,cpu         ] GC(905) User=1.23s Sys=0.00s Real=0.15s
...[5998.057s][info][gc,start       ] GC(906) Pause Young (Normal) (G1 Evacuation Pause)
[5998.057s][info][gc,task        ] GC(906) Using 8 workers of 8 for evacuation
[5998.209s][info][gc,phases      ] GC(906)   Pre Evacuate Collection Set: 0.25ms
[5998.209s][info][gc,phases      ] GC(906)   Merge Heap Roots: 0.52ms
[5998.209s][info][gc,phases      ] GC(906)   Evacuate Collection Set: 150.08ms
[5998.209s][info][gc,phases      ] GC(906)   Post Evacuate Collection Set: 1.04ms
[5998.209s][info][gc,phases      ] GC(906)   Other: 0.07ms
[5998.209s][info][gc,heap        ] GC(906) Eden regions: 570->0(570)
[5998.209s][info][gc,heap        ] GC(906) Survivor regions: 44->44(77)
[5998.209s][info][gc,heap        ] GC(906) Old regions: 237->244
[5998.209s][info][gc,heap        ] GC(906) Humongous regions: 33->33
[5998.209s][info][gc,metaspace   ] GC(906) Metaspace: 29991K(30144K)->29991K(30144K) NonClass: 29991K(30144K)->29991K(30144K) Class: 0K(0K)->0K(0K)
[5998.209s][info][gc             ] GC(906) Pause Young (Normal) (G1 Evacuation Pause) 7051M->2547M(8192M) 152.099ms
[5998.209s][info][gc,cpu         ] GC(906) User=1.21s Sys=0.00s Real=0.16s
....[6001.711s][info][gc,start       ] GC(907) Pause Young (Normal) (G1 Evacuation Pause)
[6001.711s][info][gc,task        ] GC(907) Using 8 workers of 8 for evacuation
[6001.860s][info][gc,phases      ] GC(907)   Pre Evacuate Collection Set: 0.24ms
[6001.860s][info][gc,phases      ] GC(907)   Merge Heap Roots: 0.53ms
[6001.860s][info][gc,phases      ] GC(907)   Evacuate Collection Set: 146.69ms
[6001.860s][info][gc,phases      ] GC(907)   Post Evacuate Collection Set: 1.04ms
[6001.860s][info][gc,phases      ] GC(907)   Other: 0.06ms
[6001.860s][info][gc,heap        ] GC(907) Eden regions: 570->0(570)
[6001.860s][info][gc,heap        ] GC(907) Survivor regions: 44->44(77)
[6001.860s][info][gc,heap        ] GC(907) Old regions: 244->251
[6001.860s][info][gc,heap        ] GC(907) Humongous regions: 33->33
[6001.860s][info][gc,metaspace   ] GC(907) Metaspace: 29991K(30144K)->29991K(30144K) NonClass: 29991K(30144K)->29991K(30144K) Class: 0K(0K)->0K(0K)
[6001.860s][info][gc             ] GC(907) Pause Young (Normal) (G1 Evacuation Pause) 7107M->2602M(8192M) 148.681ms
[6001.860s][info][gc,cpu         ] GC(907) User=1.18s Sys=0.00s Real=0.15s
....[6005.322s][info][gc,start       ] GC(908) Pause Young (Normal) (G1 Evacuation Pause)
[6005.322s][info][gc,task        ] GC(908) Using 8 workers of 8 for evacuation
[6005.479s][info][gc,phases      ] GC(908)   Pre Evacuate Collection Set: 0.24ms
[6005.479s][info][gc,phases      ] GC(908)   Merge Heap Roots: 0.64ms
[6005.479s][info][gc,phases      ] GC(908)   Evacuate Collection Set: 155.20ms
[6005.479s][info][gc,phases      ] GC(908)   Post Evacuate Collection Set: 1.05ms
[6005.479s][info][gc,phases      ] GC(908)   Other: 0.06ms
[6005.479s][info][gc,heap        ] GC(908) Eden regions: 570->0(569)
[6005.479s][info][gc,heap        ] GC(908) Survivor regions: 44->45(77)
[6005.479s][info][gc,heap        ] GC(908) Old regions: 251->258
[6005.479s][info][gc,heap        ] GC(908) Humongous regions: 33->33
[6005.479s][info][gc,metaspace   ] GC(908) Metaspace: 29991K(30144K)->29991K(30144K) NonClass: 29991K(30144K)->29991K(30144K) Class: 0K(0K)->0K(0K)
[6005.479s][info][gc             ] GC(908) Pause Young (Normal) (G1 Evacuation Pause) 7162M->2667M(8192M) 157.339ms
[6005.479s][info][gc,cpu         ] GC(908) User=1.25s Sys=0.00s Real=0.16s
...[6008.937s][info][gc,start       ] GC(909) Pause Young (Normal) (G1 Evacuation Pause)
[6008.938s][info][gc,task        ] GC(909) Using 8 workers of 8 for evacuation
[6009.088s][info][gc,phases      ] GC(909)   Pre Evacuate Collection Set: 0.27ms
[6009.088s][info][gc,phases      ] GC(909)   Merge Heap Roots: 0.56ms
[6009.088s][info][gc,phases      ] GC(909)   Evacuate Collection Set: 148.73ms
[6009.088s][info][gc,phases      ] GC(909)   Post Evacuate Collection Set: 1.02ms
[6009.088s][info][gc,phases      ] GC(909)   Other: 0.06ms
[6009.088s][info][gc,heap        ] GC(909) Eden regions: 569->0(571)
[6009.088s][info][gc,heap        ] GC(909) Survivor regions: 45->43(77)
[6009.088s][info][gc,heap        ] GC(909) Old regions: 258->265
[6009.088s][info][gc,heap        ] GC(909) Humongous regions: 33->33
[6009.088s][info][gc,metaspace   ] GC(909) Metaspace: 29991K(30144K)->29991K(30144K) NonClass: 29991K(30144K)->29991K(30144K) Class: 0K(0K)->0K(0K)
[6009.088s][info][gc             ] GC(909) Pause Young (Normal) (G1 Evacuation Pause) 7219M->2714M(8192M) 150.774ms
[6009.088s][info][gc,cpu         ] GC(909) User=1.19s Sys=0.01s Real=0.15s
....[6012.688s][info][gc,start       ] GC(910) Pause Young (Normal) (G1 Evacuation Pause)
[6012.688s][info][gc,task        ] GC(910) Using 8 workers of 8 for evacuation
[6012.836s][info][gc,phases      ] GC(910)   Pre Evacuate Collection Set: 0.27ms
[6012.836s][info][gc,phases      ] GC(910)   Merge Heap Roots: 0.56ms
[6012.836s][info][gc,phases      ] GC(910)   Evacuate Collection Set: 145.89ms
[6012.836s][info][gc,phases      ] GC(910)   Post Evacuate Collection Set: 1.03ms
[6012.836s][info][gc,phases      ] GC(910)   Other: 0.06ms
[6012.836s][info][gc,heap        ] GC(910) Eden regions: 571->0(572)
[6012.836s][info][gc,heap        ] GC(910) Survivor regions: 43->42(77)
[6012.836s][info][gc,heap        ] GC(910) Old regions: 265->272
[6012.836s][info][gc,heap        ] GC(910) Humongous regions: 33->33
[6012.836s][info][gc,metaspace   ] GC(910) Metaspace: 29991K(30144K)->29991K(30144K) NonClass: 29991K(30144K)->29991K(30144K) Class: 0K(0K)->0K(0K)
[6012.836s][info][gc             ] GC(910) Pause Young (Normal) (G1 Evacuation Pause) 7282M->2763M(8192M) 147.939ms
[6012.836s][info][gc,cpu         ] GC(910) User=1.17s Sys=0.00s Real=0.14s
....[6016.298s][info][gc,start       ] GC(911) Pause Young (Normal) (G1 Evacuation Pause)
[6016.298s][info][gc,task        ] GC(911) Using 8 workers of 8 for evacuation
[6016.452s][info][gc,phases      ] GC(911)   Pre Evacuate Collection Set: 0.26ms
[6016.452s][info][gc,phases      ] GC(911)   Merge Heap Roots: 0.56ms
[6016.452s][info][gc,phases      ] GC(911)   Evacuate Collection Set: 151.64ms
[6016.452s][info][gc,phases      ] GC(911)   Post Evacuate Collection Set: 1.05ms
[6016.452s][info][gc,phases      ] GC(911)   Other: 0.06ms
[6016.452s][info][gc,heap        ] GC(911) Eden regions: 572->0(570)
[6016.452s][info][gc,heap        ] GC(911) Survivor regions: 42->44(77)
[6016.452s][info][gc,heap        ] GC(911) Old regions: 272->280
[6016.452s][info][gc,heap        ] GC(911) Humongous regions: 33->33
[6016.452s][info][gc,metaspace   ] GC(911) Metaspace: 29991K(30144K)->29991K(30144K) NonClass: 29991K(30144K)->29991K(30144K) Class: 0K(0K)->0K(0K)
[6016.452s][info][gc             ] GC(911) Pause Young (Normal) (G1 Evacuation Pause) 7339M->2837M(8192M) 153.710ms
[6016.452s][info][gc,cpu         ] GC(911) User=1.22s Sys=0.00s Real=0.15s
... (rIR:aIR:PR = 10378:10503:10502) (tPR = 157328) [IR is over limit] [PR is over limit] 
  6019s: Performance info:
         Transaction,    Success,    Partial,     Failed,   Receipts, AvgBarcode, 
             Overall,     210163,          0,          0,     199740,      59.47, 
         Response times:
             Request,    Success,    Partial,     Failed,   SkipFail,     Probes,    Samples,      min,      p50,      p90,      p95,      p99,      max, 
       TotalPurchase,     199759,          0,          0,          0,     119181,     178357,      300,     7200,    31000,    70000,   135000,   610000,
     InStorePurchase,     105515,          0,          0,          0,      62489,      93450,      300,     7200,    30000,    70000,   135000,   610000,
      OnlinePurchase,      74239,          0,          0,          0,      43870,      65642,      300,     7200,    33000,    71000,   134000,   610000,
        InstPurchase,      20005,          0,          0,          0,      12822,      19265,      400,     7100,    29000,    70000,   140000,   596000,
          AssocOfCat,        209,          0,          0,          0,        174,        299,    34000,    55000,   129000,   158000,   206000,   249000,
      AssocOfProduct,       2075,          0,          0,          0,       1189,       1834,      600,     7000,    29000,    57250,   111000,   165000,
      BusinessReport,        520,          0,          0,          0,        476,        773,    33000,    60000,   103600,   136000,   218780,   519000,
          CustBuyBeh,       2134,          0,          0,          0,       1193,       1842,      200,     6700,    26000,    71000,   143000,   413000,
       ProductReturn,       5477,          0,          0,          0,       3396,       5185,      200,     7000,    30000,    65000,   124140,   257000,

  6019s: 
  6019s: Failed, 9 overall retries left, retrying 1 of 1
  6019s: (75%)   IR =  10378 [6019.965s][info][gc,start       ] GC(912) Pause Young (Normal) (G1 Evacuation Pause)
[6019.965s][info][gc,task        ] GC(912) Using 8 workers of 8 for evacuation
[6020.118s][info][gc,phases      ] GC(912)   Pre Evacuate Collection Set: 0.24ms
[6020.118s][info][gc,phases      ] GC(912)   Merge Heap Roots: 0.60ms
[6020.118s][info][gc,phases      ] GC(912)   Evacuate Collection Set: 150.71ms
[6020.118s][info][gc,phases      ] GC(912)   Post Evacuate Collection Set: 1.07ms
[6020.118s][info][gc,phases      ] GC(912)   Other: 0.06ms
[6020.118s][info][gc,heap        ] GC(912) Eden regions: 570->0(566)
[6020.118s][info][gc,heap        ] GC(912) Survivor regions: 44->43(77)
[6020.118s][info][gc,heap        ] GC(912) Old regions: 280->287
[6020.118s][info][gc,heap        ] GC(912) Humongous regions: 33->33
[6020.118s][info][gc,metaspace   ] GC(912) Metaspace: 29991K(30144K)->29991K(30144K) NonClass: 29991K(30144K)->29991K(30144K) Class: 0K(0K)->0K(0K)
[6020.118s][info][gc             ] GC(912) Pause Young (Normal) (G1 Evacuation Pause) 7397M->2890M(8192M) 152.815ms
[6020.118s][info][gc,cpu         ] GC(912) User=1.21s Sys=0.00s Real=0.16s
....[6023.658s][info][gc,start       ] GC(913) Pause Young (Normal) (G1 Evacuation Pause)
[6023.658s][info][gc,task        ] GC(913) Using 8 workers of 8 for evacuation
[6023.807s][info][gc,phases      ] GC(913)   Pre Evacuate Collection Set: 0.24ms
[6023.807s][info][gc,phases      ] GC(913)   Merge Heap Roots: 0.53ms
[6023.807s][info][gc,phases      ] GC(913)   Evacuate Collection Set: 147.40ms
[6023.807s][info][gc,phases      ] GC(913)   Post Evacuate Collection Set: 1.11ms
[6023.807s][info][gc,phases      ] GC(913)   Other: 0.07ms
[6023.808s][info][gc,heap        ] GC(913) Eden regions: 566->0(556)
[6023.808s][info][gc,heap        ] GC(913) Survivor regions: 43->44(77)
[6023.808s][info][gc,heap        ] GC(913) Old regions: 287->295
[6023.808s][info][gc,heap        ] GC(913) Humongous regions: 33->33
[6023.808s][info][gc,metaspace   ] GC(913) Metaspace: 29991K(30144K)->29991K(30144K) NonClass: 29991K(30144K)->29991K(30144K) Class: 0K(0K)->0K(0K)
[6023.808s][info][gc             ] GC(913) Pause Young (Normal) (G1 Evacuation Pause) 7418M->2953M(8192M) 149.488ms
[6023.808s][info][gc,cpu         ] GC(913) User=1.18s Sys=0.00s Real=0.15s
...[6027.202s][info][gc,start       ] GC(914) Pause Young (Normal) (G1 Evacuation Pause)
[6027.202s][info][gc,task        ] GC(914) Using 8 workers of 8 for evacuation
[6027.349s][info][gc,phases      ] GC(914)   Pre Evacuate Collection Set: 0.23ms
[6027.349s][info][gc,phases      ] GC(914)   Merge Heap Roots: 0.52ms
[6027.349s][info][gc,phases      ] GC(914)   Evacuate Collection Set: 145.31ms
[6027.349s][info][gc,phases      ] GC(914)   Post Evacuate Collection Set: 1.04ms
[6027.349s][info][gc,phases      ] GC(914)   Other: 0.06ms
[6027.349s][info][gc,heap        ] GC(914) Eden regions: 556->0(551)
[6027.349s][info][gc,heap        ] GC(914) Survivor regions: 44->43(75)
[6027.349s][info][gc,heap        ] GC(914) Old regions: 295->302
[6027.349s][info][gc,heap        ] GC(914) Humongous regions: 33->33
[6027.349s][info][gc,metaspace   ] GC(914) Metaspace: 29991K(30144K)->29991K(30144K) NonClass: 29991K(30144K)->29991K(30144K) Class: 0K(0K)->0K(0K)
[6027.349s][info][gc             ] GC(914) Pause Young (Normal) (G1 Evacuation Pause) 7401M->3001M(8192M) 147.290ms
[6027.349s][info][gc,cpu         ] GC(914) User=1.16s Sys=0.00s Real=0.15s
....[6030.730s][info][gc,start       ] GC(915) Pause Young (Concurrent Start) (G1 Evacuation Pause)
[6030.730s][info][gc,task        ] GC(915) Using 8 workers of 8 for evacuation
[6030.880s][info][gc,phases      ] GC(915)   Pre Evacuate Collection Set: 0.27ms
[6030.880s][info][gc,phases      ] GC(915)   Merge Heap Roots: 0.52ms
[6030.880s][info][gc,phases      ] GC(915)   Evacuate Collection Set: 148.58ms
[6030.880s][info][gc,phases      ] GC(915)   Post Evacuate Collection Set: 1.00ms
[6030.880s][info][gc,phases      ] GC(915)   Other: 0.10ms
[6030.880s][info][gc,heap        ] GC(915) Eden regions: 551->0(544)
[6030.880s][info][gc,heap        ] GC(915) Survivor regions: 43->43(75)
[6030.880s][info][gc,heap        ] GC(915) Old regions: 302->309
[6030.880s][info][gc,heap        ] GC(915) Humongous regions: 33->33
[6030.880s][info][gc,metaspace   ] GC(915) Metaspace: 29991K(30144K)->29991K(30144K) NonClass: 29991K(30144K)->29991K(30144K) Class: 0K(0K)->0K(0K)
[6030.880s][info][gc             ] GC(915) Pause Young (Concurrent Start) (G1 Evacuation Pause) 7409M->3065M(8192M) 150.603ms
[6030.880s][info][gc             ] GC(916) Concurrent Mark Cycle
[6030.880s][info][gc,marking     ] GC(916) Concurrent Scan Root Regions
[6030.880s][info][gc,cpu         ] GC(915) User=1.20s Sys=0.00s Real=0.15s
[6031.231s][info][gc,marking     ] GC(916) Concurrent Scan Root Regions 350.191ms
[6031.231s][info][gc,marking     ] GC(916) Concurrent Mark
[6031.231s][info][gc,marking     ] GC(916) Concurrent Mark From Roots
[6031.231s][info][gc,task        ] GC(916) Using 2 workers of 2 for marking
..[6032.371s][info][gc,marking     ] GC(916) Concurrent Mark From Roots 1140.820ms
[6032.371s][info][gc,marking     ] GC(916) Concurrent Preclean
[6032.372s][info][gc,marking     ] GC(916) Concurrent Preclean 0.120ms
[6032.372s][info][gc,start       ] GC(916) Pause Remark
[6032.375s][info][gc             ] GC(916) Pause Remark 4785M->4281M(8192M) 2.926ms
[6032.375s][info][gc,cpu         ] GC(916) User=0.02s Sys=0.00s Real=0.00s
[6032.375s][info][gc,marking     ] GC(916) Concurrent Mark 1144.145ms
[6032.375s][info][gc,marking     ] GC(916) Concurrent Rebuild Remembered Sets and Scrub Regions
[6033.046s][info][gc,marking     ] GC(916) Concurrent Rebuild Remembered Sets and Scrub Regions 671.432ms
[6033.046s][info][gc,start       ] GC(916) Pause Cleanup
[6033.047s][info][gc             ] GC(916) Pause Cleanup 5137M->5137M(8192M) 0.252ms
[6033.047s][info][gc,cpu         ] GC(916) User=0.00s Sys=0.00s Real=0.00s
[6033.047s][info][gc,marking     ] GC(916) Concurrent Clear Claimed Marks
[6033.047s][info][gc,marking     ] GC(916) Concurrent Clear Claimed Marks 0.048ms
[6033.047s][info][gc,marking     ] GC(916) Concurrent Cleanup for Next Mark
[6033.068s][info][gc,marking     ] GC(916) Concurrent Cleanup for Next Mark 21.062ms
[6033.068s][info][gc             ] GC(916) Concurrent Mark Cycle 2187.563ms
.|[6034.339s][info][gc,start       ] GC(917) Pause Young (Prepare Mixed) (G1 Evacuation Pause)
[6034.339s][info][gc,task        ] GC(917) Using 8 workers of 8 for evacuation
[6034.485s][info][gc,phases      ] GC(917)   Pre Evacuate Collection Set: 0.24ms
[6034.485s][info][gc,phases      ] GC(917)   Merge Heap Roots: 0.73ms
[6034.485s][info][gc,phases      ] GC(917)   Evacuate Collection Set: 143.92ms
[6034.485s][info][gc,phases      ] GC(917)   Post Evacuate Collection Set: 1.09ms
[6034.485s][info][gc,phases      ] GC(917)   Other: 0.07ms
[6034.485s][info][gc,heap        ] GC(917) Eden regions: 544->0(572)
[6034.485s][info][gc,heap        ] GC(917) Survivor regions: 43->42(74)
[6034.485s][info][gc,heap        ] GC(917) Old regions: 246->253
[6034.485s][info][gc,heap        ] GC(917) Humongous regions: 33->33
[6034.485s][info][gc,metaspace   ] GC(917) Metaspace: 29991K(30144K)->29991K(30144K) NonClass: 29991K(30144K)->29991K(30144K) Class: 0K(0K)->0K(0K)
[6034.485s][info][gc             ] GC(917) Pause Young (Prepare Mixed) (G1 Evacuation Pause) 6913M->2611M(8192M) 146.190ms
[6034.485s][info][gc,cpu         ] GC(917) User=1.15s Sys=0.00s Real=0.14s
....[6037.991s][info][gc,start       ] GC(918) Pause Young (Mixed) (G1 Evacuation Pause)
[6037.991s][info][gc,task        ] GC(918) Using 8 workers of 8 for evacuation
[6038.148s][info][gc,phases      ] GC(918)   Pre Evacuate Collection Set: 0.26ms
[6038.148s][info][gc,phases      ] GC(918)   Merge Heap Roots: 0.83ms
[6038.148s][info][gc,phases      ] GC(918)   Evacuate Collection Set: 155.11ms
[6038.149s][info][gc,phases      ] GC(918)   Post Evacuate Collection Set: 1.23ms
[6038.149s][info][gc,phases      ] GC(918)   Other: 0.08ms
[6038.149s][info][gc,heap        ] GC(918) Eden regions: 572->0(571)
[6038.149s][info][gc,heap        ] GC(918) Survivor regions: 42->43(77)
[6038.149s][info][gc,heap        ] GC(918) Old regions: 253->159
[6038.149s][info][gc,heap        ] GC(918) Humongous regions: 33->33
[6038.149s][info][gc,metaspace   ] GC(918) Metaspace: 29991K(30144K)->29991K(30144K) NonClass: 29991K(30144K)->29991K(30144K) Class: 0K(0K)->0K(0K)
[6038.149s][info][gc             ] GC(918) Pause Young (Mixed) (G1 Evacuation Pause) 7187M->1858M(8192M) 157.642ms
[6038.149s][info][gc,cpu         ] GC(918) User=1.25s Sys=0.00s Real=0.16s
....[6041.649s][info][gc,start       ] GC(919) Pause Young (Mixed) (G1 Evacuation Pause)
[6041.649s][info][gc,task        ] GC(919) Using 8 workers of 8 for evacuation
[6041.803s][info][gc,phases      ] GC(919)   Pre Evacuate Collection Set: 0.28ms
[6041.803s][info][gc,phases      ] GC(919)   Merge Heap Roots: 0.81ms
[6041.803s][info][gc,phases      ] GC(919)   Evacuate Collection Set: 152.22ms
[6041.803s][info][gc,phases      ] GC(919)   Post Evacuate Collection Set: 1.06ms
[6041.803s][info][gc,phases      ] GC(919)   Other: 0.07ms
[6041.803s][info][gc,heap        ] GC(919) Eden regions: 571->0(572)
[6041.803s][info][gc,heap        ] GC(919) Survivor regions: 43->42(77)
[6041.803s][info][gc,heap        ] GC(919) Old regions: 159->143
[6041.803s][info][gc,heap        ] GC(919) Humongous regions: 33->33
[6041.803s][info][gc,metaspace   ] GC(919) Metaspace: 29991K(30144K)->29991K(30144K) NonClass: 29991K(30144K)->29991K(30144K) Class: 0K(0K)->0K(0K)
[6041.803s][info][gc             ] GC(919) Pause Young (Mixed) (G1 Evacuation Pause) 6426M->1727M(8192M) 154.566ms
[6041.803s][info][gc,cpu         ] GC(919) User=1.22s Sys=0.00s Real=0.15s
...[6045.360s][info][gc,start       ] GC(920) Pause Young (Normal) (G1 Evacuation Pause)
[6045.360s][info][gc,task        ] GC(920) Using 8 workers of 8 for evacuation
[6045.509s][info][gc,phases      ] GC(920)   Pre Evacuate Collection Set: 0.23ms
[6045.509s][info][gc,phases      ] GC(920)   Merge Heap Roots: 0.53ms
[6045.509s][info][gc,phases      ] GC(920)   Evacuate Collection Set: 147.03ms
[6045.509s][info][gc,phases      ] GC(920)   Post Evacuate Collection Set: 1.08ms
[6045.509s][info][gc,phases      ] GC(920)   Other: 0.06ms
[6045.509s][info][gc,heap        ] GC(920) Eden regions: 572->0(571)
[6045.509s][info][gc,heap        ] GC(920) Survivor regions: 42->43(77)
[6045.509s][info][gc,heap        ] GC(920) Old regions: 143->150
[6045.509s][info][gc,heap        ] GC(920) Humongous regions: 33->33
[6045.509s][info][gc,metaspace   ] GC(920) Metaspace: 29991K(30144K)->29991K(30144K) NonClass: 29991K(30144K)->29991K(30144K) Class: 0K(0K)->0K(0K)
[6045.509s][info][gc             ] GC(920) Pause Young (Normal) (G1 Evacuation Pause) 6303M->1793M(8192M) 149.068ms
[6045.509s][info][gc,cpu         ] GC(920) User=1.17s Sys=0.00s Real=0.15s
....[6048.967s][info][gc,start       ] GC(921) Pause Young (Normal) (G1 Evacuation Pause)
[6048.968s][info][gc,task        ] GC(921) Using 8 workers of 8 for evacuation
[6049.119s][info][gc,phases      ] GC(921)   Pre Evacuate Collection Set: 0.24ms
[6049.119s][info][gc,phases      ] GC(921)   Merge Heap Roots: 0.52ms
[6049.119s][info][gc,phases      ] GC(921)   Evacuate Collection Set: 149.70ms
[6049.119s][info][gc,phases      ] GC(921)   Post Evacuate Collection Set: 1.01ms
[6049.119s][info][gc,phases      ] GC(921)   Other: 0.06ms
[6049.119s][info][gc,heap        ] GC(921) Eden regions: 571->0(570)
[6049.119s][info][gc,heap        ] GC(921) Survivor regions: 43->44(77)
[6049.119s][info][gc,heap        ] GC(921) Old regions: 150->157
[6049.119s][info][gc,heap        ] GC(921) Humongous regions: 33->33
[6049.119s][info][gc,metaspace   ] GC(921) Metaspace: 29991K(30144K)->29991K(30144K) NonClass: 29991K(30144K)->29991K(30144K) Class: 0K(0K)->0K(0K)
[6049.119s][info][gc             ] GC(921) Pause Young (Normal) (G1 Evacuation Pause) 6361M->1854M(8192M) 151.673ms
[6049.119s][info][gc,cpu         ] GC(921) User=1.20s Sys=0.00s Real=0.15s
....[6052.671s][info][gc,start       ] GC(922) Pause Young (Normal) (G1 Evacuation Pause)
[6052.671s][info][gc,task        ] GC(922) Using 8 workers of 8 for evacuation
[6052.828s][info][gc,phases      ] GC(922)   Pre Evacuate Collection Set: 0.24ms
[6052.828s][info][gc,phases      ] GC(922)   Merge Heap Roots: 0.58ms
[6052.828s][info][gc,phases      ] GC(922)   Evacuate Collection Set: 155.04ms
[6052.828s][info][gc,phases      ] GC(922)   Post Evacuate Collection Set: 1.05ms
[6052.828s][info][gc,phases      ] GC(922)   Other: 0.06ms
[6052.829s][info][gc,heap        ] GC(922) Eden regions: 570->0(569)
[6052.829s][info][gc,heap        ] GC(922) Survivor regions: 44->45(77)
[6052.829s][info][gc,heap        ] GC(922) Old regions: 157->165
[6052.829s][info][gc,heap        ] GC(922) Humongous regions: 33->33
[6052.829s][info][gc,metaspace   ] GC(922) Metaspace: 29991K(30144K)->29991K(30144K) NonClass: 29991K(30144K)->29991K(30144K) Class: 0K(0K)->0K(0K)
[6052.829s][info][gc             ] GC(922) Pause Young (Normal) (G1 Evacuation Pause) 6414M->1925M(8192M) 157.100ms
[6052.829s][info][gc,cpu         ] GC(922) User=1.25s Sys=0.00s Real=0.16s
...[6056.374s][info][gc,start       ] GC(923) Pause Young (Normal) (G1 Evacuation Pause)
[6056.374s][info][gc,task        ] GC(923) Using 8 workers of 8 for evacuation
[6056.530s][info][gc,phases      ] GC(923)   Pre Evacuate Collection Set: 0.22ms
[6056.530s][info][gc,phases      ] GC(923)   Merge Heap Roots: 0.53ms
[6056.530s][info][gc,phases      ] GC(923)   Evacuate Collection Set: 154.14ms
[6056.530s][info][gc,phases      ] GC(923)   Post Evacuate Collection Set: 1.02ms
[6056.530s][info][gc,phases      ] GC(923)   Other: 0.08ms
[6056.530s][info][gc,heap        ] GC(923) Eden regions: 569->0(570)
[6056.530s][info][gc,heap        ] GC(923) Survivor regions: 45->44(77)
[6056.530s][info][gc,heap        ] GC(923) Old regions: 165->172
[6056.530s][info][gc,heap        ] GC(923) Humongous regions: 33->33
[6056.530s][info][gc,metaspace   ] GC(923) Metaspace: 29991K(30144K)->29991K(30144K) NonClass: 29991K(30144K)->29991K(30144K) Class: 0K(0K)->0K(0K)
[6056.530s][info][gc             ] GC(923) Pause Young (Normal) (G1 Evacuation Pause) 6477M->1975M(8192M) 156.153ms
[6056.530s][info][gc,cpu         ] GC(923) User=1.23s Sys=0.00s Real=0.16s
....[6060.011s][info][gc,start       ] GC(924) Pause Young (Normal) (G1 Evacuation Pause)
[6060.011s][info][gc,task        ] GC(924) Using 8 workers of 8 for evacuation
[6060.159s][info][gc,phases      ] GC(924)   Pre Evacuate Collection Set: 0.25ms
[6060.160s][info][gc,phases      ] GC(924)   Merge Heap Roots: 0.54ms
[6060.160s][info][gc,phases      ] GC(924)   Evacuate Collection Set: 146.89ms
[6060.160s][info][gc,phases      ] GC(924)   Post Evacuate Collection Set: 1.04ms
[6060.160s][info][gc,phases      ] GC(924)   Other: 0.07ms
[6060.160s][info][gc,heap        ] GC(924) Eden regions: 570->0(572)
[6060.160s][info][gc,heap        ] GC(924) Survivor regions: 44->42(77)
[6060.160s][info][gc,heap        ] GC(924) Old regions: 172->179
[6060.160s][info][gc,heap        ] GC(924) Humongous regions: 33->33
[6060.160s][info][gc,metaspace   ] GC(924) Metaspace: 29991K(30144K)->29991K(30144K) NonClass: 29991K(30144K)->29991K(30144K) Class: 0K(0K)->0K(0K)
[6060.160s][info][gc             ] GC(924) Pause Young (Normal) (G1 Evacuation Pause) 6535M->2014M(8192M) 148.931ms
[6060.160s][info][gc,cpu         ] GC(924) User=1.18s Sys=0.00s Real=0.15s
....[6063.709s][info][gc,start       ] GC(925) Pause Young (Normal) (G1 Evacuation Pause)
[6063.709s][info][gc,task        ] GC(925) Using 8 workers of 8 for evacuation
[6063.866s][info][gc,phases      ] GC(925)   Pre Evacuate Collection Set: 0.26ms
[6063.866s][info][gc,phases      ] GC(925)   Merge Heap Roots: 0.56ms
[6063.866s][info][gc,phases      ] GC(925)   Evacuate Collection Set: 154.66ms
[6063.866s][info][gc,phases      ] GC(925)   Post Evacuate Collection Set: 1.04ms
[6063.866s][info][gc,phases      ] GC(925)   Other: 0.08ms
[6063.866s][info][gc,heap        ] GC(925) Eden regions: 572->0(570)
[6063.866s][info][gc,heap        ] GC(925) Survivor regions: 42->44(77)
[6063.866s][info][gc,heap        ] GC(925) Old regions: 179->186
[6063.866s][info][gc,heap        ] GC(925) Humongous regions: 33->33
[6063.866s][info][gc,metaspace   ] GC(925) Metaspace: 29991K(30144K)->29991K(30144K) NonClass: 29991K(30144K)->29991K(30144K) Class: 0K(0K)->0K(0K)
[6063.866s][info][gc             ] GC(925) Pause Young (Normal) (G1 Evacuation Pause) 6590M->2090M(8192M) 156.745ms
[6063.866s][info][gc,cpu         ] GC(925) User=1.24s Sys=0.00s Real=0.15s
...[6067.265s][info][gc,start       ] GC(926) Pause Young (Normal) (G1 Evacuation Pause)
[6067.265s][info][gc,task        ] GC(926) Using 8 workers of 8 for evacuation
[6067.414s][info][gc,phases      ] GC(926)   Pre Evacuate Collection Set: 0.24ms
[6067.414s][info][gc,phases      ] GC(926)   Merge Heap Roots: 0.54ms
[6067.414s][info][gc,phases      ] GC(926)   Evacuate Collection Set: 147.13ms
[6067.414s][info][gc,phases      ] GC(926)   Post Evacuate Collection Set: 1.05ms
[6067.414s][info][gc,phases      ] GC(926)   Other: 0.07ms
[6067.414s][info][gc,heap        ] GC(926) Eden regions: 570->0(571)
[6067.414s][info][gc,heap        ] GC(926) Survivor regions: 44->43(77)
[6067.414s][info][gc,heap        ] GC(926) Old regions: 186->193
[6067.414s][info][gc,heap        ] GC(926) Humongous regions: 33->33
[6067.414s][info][gc,metaspace   ] GC(926) Metaspace: 29991K(30144K)->29991K(30144K) NonClass: 29991K(30144K)->29991K(30144K) Class: 0K(0K)->0K(0K)
[6067.414s][info][gc             ] GC(926) Pause Young (Normal) (G1 Evacuation Pause) 6650M->2134M(8192M) 149.182ms
[6067.414s][info][gc,cpu         ] GC(926) User=1.18s Sys=0.00s Real=0.15s
....[6071.023s][info][gc,start       ] GC(927) Pause Young (Normal) (G1 Evacuation Pause)
[6071.023s][info][gc,task        ] GC(927) Using 8 workers of 8 for evacuation
[6071.181s][info][gc,phases      ] GC(927)   Pre Evacuate Collection Set: 0.23ms
[6071.182s][info][gc,phases      ] GC(927)   Merge Heap Roots: 0.57ms
[6071.182s][info][gc,phases      ] GC(927)   Evacuate Collection Set: 156.82ms
[6071.182s][info][gc,phases      ] GC(927)   Post Evacuate Collection Set: 1.05ms
[6071.182s][info][gc,phases      ] GC(927)   Other: 0.07ms
[6071.182s][info][gc,heap        ] GC(927) Eden regions: 571->0(570)
[6071.182s][info][gc,heap        ] GC(927) Survivor regions: 43->44(77)
[6071.182s][info][gc,heap        ] GC(927) Old regions: 193->200
[6071.182s][info][gc,heap        ] GC(927) Humongous regions: 33->33
[6071.182s][info][gc,metaspace   ] GC(927) Metaspace: 29991K(30144K)->29991K(30144K) NonClass: 29991K(30144K)->29991K(30144K) Class: 0K(0K)->0K(0K)
[6071.182s][info][gc             ] GC(927) Pause Young (Normal) (G1 Evacuation Pause) 6702M->2203M(8192M) 158.870ms
[6071.182s][info][gc,cpu         ] GC(927) User=1.25s Sys=0.00s Real=0.16s
....[6074.838s][info][gc,start       ] GC(928) Pause Young (Normal) (G1 Evacuation Pause)
[6074.838s][info][gc,task        ] GC(928) Using 8 workers of 8 for evacuation
[6074.987s][info][gc,phases      ] GC(928)   Pre Evacuate Collection Set: 0.26ms
[6074.987s][info][gc,phases      ] GC(928)   Merge Heap Roots: 0.52ms
[6074.987s][info][gc,phases      ] GC(928)   Evacuate Collection Set: 146.92ms
[6074.987s][info][gc,phases      ] GC(928)   Post Evacuate Collection Set: 1.07ms
[6074.987s][info][gc,phases      ] GC(928)   Other: 0.07ms
[6074.987s][info][gc,heap        ] GC(928) Eden regions: 570->0(571)
[6074.987s][info][gc,heap        ] GC(928) Survivor regions: 44->43(77)
[6074.987s][info][gc,heap        ] GC(928) Old regions: 200->208
[6074.987s][info][gc,heap        ] GC(928) Humongous regions: 33->33
[6074.987s][info][gc,metaspace   ] GC(928) Metaspace: 29991K(30144K)->29991K(30144K) NonClass: 29991K(30144K)->29991K(30144K) Class: 0K(0K)->0K(0K)
[6074.987s][info][gc             ] GC(928) Pause Young (Normal) (G1 Evacuation Pause) 6763M->2254M(8192M) 148.983ms
[6074.987s][info][gc,cpu         ] GC(928) User=1.17s Sys=0.00s Real=0.15s
....[6078.591s][info][gc,start       ] GC(929) Pause Young (Normal) (G1 Evacuation Pause)
[6078.591s][info][gc,task        ] GC(929) Using 8 workers of 8 for evacuation
[6078.748s][info][gc,phases      ] GC(929)   Pre Evacuate Collection Set: 0.26ms
[6078.748s][info][gc,phases      ] GC(929)   Merge Heap Roots: 0.63ms
[6078.748s][info][gc,phases      ] GC(929)   Evacuate Collection Set: 154.87ms
[6078.748s][info][gc,phases      ] GC(929)   Post Evacuate Collection Set: 1.02ms
[6078.748s][info][gc,phases      ] GC(929)   Other: 0.06ms
[6078.748s][info][gc,heap        ] GC(929) Eden regions: 571->0(569)
[6078.748s][info][gc,heap        ] GC(929) Survivor regions: 43->45(77)
[6078.748s][info][gc,heap        ] GC(929) Old regions: 208->215
[6078.748s][info][gc,heap        ] GC(929) Humongous regions: 33->33
[6078.748s][info][gc,metaspace   ] GC(929) Metaspace: 29991K(30144K)->29991K(30144K) NonClass: 29991K(30144K)->29991K(30144K) Class: 0K(0K)->0K(0K)
[6078.748s][info][gc             ] GC(929) Pause Young (Normal) (G1 Evacuation Pause) 6822M->2329M(8192M) 156.981ms
[6078.748s][info][gc,cpu         ] GC(929) User=1.24s Sys=0.00s Real=0.16s
...[6082.340s][info][gc,start       ] GC(930) Pause Young (Normal) (G1 Evacuation Pause)
[6082.340s][info][gc,task        ] GC(930) Using 8 workers of 8 for evacuation
[6082.492s][info][gc,phases      ] GC(930)   Pre Evacuate Collection Set: 0.26ms
[6082.492s][info][gc,phases      ] GC(930)   Merge Heap Roots: 0.53ms
[6082.492s][info][gc,phases      ] GC(930)   Evacuate Collection Set: 149.87ms
[6082.492s][info][gc,phases      ] GC(930)   Post Evacuate Collection Set: 1.04ms
[6082.492s][info][gc,phases      ] GC(930)   Other: 0.06ms
[6082.492s][info][gc,heap        ] GC(930) Eden regions: 569->0(570)
[6082.492s][info][gc,heap        ] GC(930) Survivor regions: 45->44(77)
[6082.492s][info][gc,heap        ] GC(930) Old regions: 215->222
[6082.492s][info][gc,heap        ] GC(930) Humongous regions: 33->33
[6082.492s][info][gc,metaspace   ] GC(930) Metaspace: 29991K(30144K)->29991K(30144K) NonClass: 29991K(30144K)->29991K(30144K) Class: 0K(0K)->0K(0K)
[6082.492s][info][gc             ] GC(930) Pause Young (Normal) (G1 Evacuation Pause) 6881M->2375M(8192M) 151.907ms
[6082.492s][info][gc,cpu         ] GC(930) User=1.20s Sys=0.00s Real=0.15s
....[6085.951s][info][gc,start       ] GC(931) Pause Young (Normal) (G1 Evacuation Pause)
[6085.951s][info][gc,task        ] GC(931) Using 8 workers of 8 for evacuation
[6086.101s][info][gc,phases      ] GC(931)   Pre Evacuate Collection Set: 0.24ms
[6086.101s][info][gc,phases      ] GC(931)   Merge Heap Roots: 0.54ms
[6086.101s][info][gc,phases      ] GC(931)   Evacuate Collection Set: 147.30ms
[6086.101s][info][gc,phases      ] GC(931)   Post Evacuate Collection Set: 1.04ms
[6086.101s][info][gc,phases      ] GC(931)   Other: 0.08ms
[6086.101s][info][gc,heap        ] GC(931) Eden regions: 570->0(571)
[6086.101s][info][gc,heap        ] GC(931) Survivor regions: 44->43(77)
[6086.101s][info][gc,heap        ] GC(931) Old regions: 222->229
[6086.101s][info][gc,heap        ] GC(931) Humongous regions: 33->33
[6086.101s][info][gc,metaspace   ] GC(931) Metaspace: 29991K(30144K)->29991K(30144K) NonClass: 29991K(30144K)->29991K(30144K) Class: 0K(0K)->0K(0K)
[6086.101s][info][gc             ] GC(931) Pause Young (Normal) (G1 Evacuation Pause) 6935M->2426M(8192M) 149.337ms
[6086.101s][info][gc,cpu         ] GC(931) User=1.18s Sys=0.00s Real=0.15s
....[6089.662s][info][gc,start       ] GC(932) Pause Young (Normal) (G1 Evacuation Pause)
[6089.662s][info][gc,task        ] GC(932) Using 8 workers of 8 for evacuation
[6089.816s][info][gc,phases      ] GC(932)   Pre Evacuate Collection Set: 0.26ms
[6089.816s][info][gc,phases      ] GC(932)   Merge Heap Roots: 0.53ms
[6089.816s][info][gc,phases      ] GC(932)   Evacuate Collection Set: 151.37ms
[6089.816s][info][gc,phases      ] GC(932)   Post Evacuate Collection Set: 1.03ms
[6089.816s][info][gc,phases      ] GC(932)   Other: 0.06ms
[6089.816s][info][gc,heap        ] GC(932) Eden regions: 571->0(571)
[6089.816s][info][gc,heap        ] GC(932) Survivor regions: 43->43(77)
[6089.816s][info][gc,heap        ] GC(932) Old regions: 229->236
[6089.816s][info][gc,heap        ] GC(932) Humongous regions: 33->33
[6089.816s][info][gc,metaspace   ] GC(932) Metaspace: 29991K(30144K)->29991K(30144K) NonClass: 29991K(30144K)->29991K(30144K) Class: 0K(0K)->0K(0K)
[6089.816s][info][gc             ] GC(932) Pause Young (Normal) (G1 Evacuation Pause) 6994M->2481M(8192M) 153.393ms
[6089.816s][info][gc,cpu         ] GC(932) User=1.21s Sys=0.00s Real=0.15s
...[6093.191s][info][gc,start       ] GC(933) Pause Young (Normal) (G1 Evacuation Pause)
[6093.191s][info][gc,task        ] GC(933) Using 8 workers of 8 for evacuation
[6093.344s][info][gc,phases      ] GC(933)   Pre Evacuate Collection Set: 0.26ms
[6093.344s][info][gc,phases      ] GC(933)   Merge Heap Roots: 0.52ms
[6093.344s][info][gc,phases      ] GC(933)   Evacuate Collection Set: 151.01ms
[6093.344s][info][gc,phases      ] GC(933)   Post Evacuate Collection Set: 1.12ms
[6093.344s][info][gc,phases      ] GC(933)   Other: 0.06ms
[6093.344s][info][gc,heap        ] GC(933) Eden regions: 571->0(570)
[6093.344s][info][gc,heap        ] GC(933) Survivor regions: 43->44(77)
[6093.344s][info][gc,heap        ] GC(933) Old regions: 236->243
[6093.344s][info][gc,heap        ] GC(933) Humongous regions: 33->33
[6093.344s][info][gc,metaspace   ] GC(933) Metaspace: 29991K(30144K)->29991K(30144K) NonClass: 29991K(30144K)->29991K(30144K) Class: 0K(0K)->0K(0K)
[6093.344s][info][gc             ] GC(933) Pause Young (Normal) (G1 Evacuation Pause) 7049M->2543M(8192M) 153.094ms
[6093.344s][info][gc,cpu         ] GC(933) User=1.22s Sys=0.00s Real=0.15s
. (rIR:aIR:PR = 10378:10422:10427) (tPR = 154824) [OK] 
  6093s: Performance info:
         Transaction,    Success,    Partial,     Failed,   Receipts, AvgBarcode, 
             Overall,     627724,          0,          0,     596513,      59.47, 
         Response times:
             Request,    Success,    Partial,     Failed,   SkipFail,     Probes,    Samples,      min,      p50,      p90,      p95,      p99,      max, 
       TotalPurchase,     596336,          0,          0,          0,     358699,     448045,      300,     7600,    48000,    98000,   154000,  2600000,
     InStorePurchase,     313355,          0,          0,          0,     188016,     234554,      400,     7600,    48000,    98000,   156000,  2600000,
      OnlinePurchase,     220263,          0,          0,          0,     132442,     165234,      300,     7600,    48000,    97000,   152000,  2500000,
        InstPurchase,      62718,          0,          0,          0,      38241,      48257,      500,     8000,    47000,    97000,   153000,  2500000,
          AssocOfCat,        625,          0,          0,          0,        515,        765,    27000,    56000,   108400,   175100,   234680,   348000,
      AssocOfProduct,       6170,          0,          0,          0,       3552,       4641,      600,     7600,    52000,   103000,   157580,   278000,
      BusinessReport,       1562,          0,          0,          0,       1409,       1955,    29000,    60000,   115000,   175200,   241440,   760000,
          CustBuyBeh,       6274,          0,          0,          0,       3551,       4646,      300,     8200,    46300,   101000,   147000,   281000,
       ProductReturn,      16489,          0,          0,          0,      10026,      12853,      200,     7800,    43000,    95000,   162000,  2600000,

  6093s: (76%)   IR =  10516 ...[6096.938s][info][gc,start       ] GC(934) Pause Young (Normal) (G1 Evacuation Pause)
[6096.938s][info][gc,task        ] GC(934) Using 8 workers of 8 for evacuation
[6097.085s][info][gc,phases      ] GC(934)   Pre Evacuate Collection Set: 0.27ms
[6097.085s][info][gc,phases      ] GC(934)   Merge Heap Roots: 0.58ms
[6097.085s][info][gc,phases      ] GC(934)   Evacuate Collection Set: 144.63ms
[6097.085s][info][gc,phases      ] GC(934)   Post Evacuate Collection Set: 1.06ms
[6097.085s][info][gc,phases      ] GC(934)   Other: 0.07ms
[6097.085s][info][gc,heap        ] GC(934) Eden regions: 570->0(572)
[6097.085s][info][gc,heap        ] GC(934) Survivor regions: 44->42(77)
[6097.085s][info][gc,heap        ] GC(934) Old regions: 243->251
[6097.085s][info][gc,heap        ] GC(934) Humongous regions: 33->33
[6097.085s][info][gc,metaspace   ] GC(934) Metaspace: 29991K(30144K)->29991K(30144K) NonClass: 29991K(30144K)->29991K(30144K) Class: 0K(0K)->0K(0K)
[6097.085s][info][gc             ] GC(934) Pause Young (Normal) (G1 Evacuation Pause) 7103M->2589M(8192M) 146.740ms
[6097.085s][info][gc,cpu         ] GC(934) User=1.17s Sys=0.00s Real=0.14s
...[6100.469s][info][gc,start       ] GC(935) Pause Young (Normal) (G1 Evacuation Pause)
[6100.469s][info][gc,task        ] GC(935) Using 8 workers of 8 for evacuation
[6100.620s][info][gc,phases      ] GC(935)   Pre Evacuate Collection Set: 0.27ms
[6100.620s][info][gc,phases      ] GC(935)   Merge Heap Roots: 0.51ms
[6100.620s][info][gc,phases      ] GC(935)   Evacuate Collection Set: 148.69ms
[6100.620s][info][gc,phases      ] GC(935)   Post Evacuate Collection Set: 1.04ms
[6100.620s][info][gc,phases      ] GC(935)   Other: 0.06ms
[6100.620s][info][gc,heap        ] GC(935) Eden regions: 572->0(570)
[6100.620s][info][gc,heap        ] GC(935) Survivor regions: 42->44(77)
[6100.620s][info][gc,heap        ] GC(935) Old regions: 251->258
[6100.620s][info][gc,heap        ] GC(935) Humongous regions: 33->33
[6100.620s][info][gc,metaspace   ] GC(935) Metaspace: 29991K(30144K)->29991K(30144K) NonClass: 29991K(30144K)->29991K(30144K) Class: 0K(0K)->0K(0K)
[6100.620s][info][gc             ] GC(935) Pause Young (Normal) (G1 Evacuation Pause) 7165M->2658M(8192M) 150.701ms
[6100.620s][info][gc,cpu         ] GC(935) User=1.20s Sys=0.01s Real=0.15s
....[6104.112s][info][gc,start       ] GC(936) Pause Young (Normal) (G1 Evacuation Pause)
[6104.112s][info][gc,task        ] GC(936) Using 8 workers of 8 for evacuation
[6104.266s][info][gc,phases      ] GC(936)   Pre Evacuate Collection Set: 0.25ms
[6104.266s][info][gc,phases      ] GC(936)   Merge Heap Roots: 0.65ms
[6104.266s][info][gc,phases      ] GC(936)   Evacuate Collection Set: 151.34ms
[6104.266s][info][gc,phases      ] GC(936)   Post Evacuate Collection Set: 1.07ms
[6104.266s][info][gc,phases      ] GC(936)   Other: 0.06ms
[6104.266s][info][gc,heap        ] GC(936) Eden regions: 570->0(570)
[6104.266s][info][gc,heap        ] GC(936) Survivor regions: 44->44(77)
[6104.266s][info][gc,heap        ] GC(936) Old regions: 258->265
[6104.266s][info][gc,heap        ] GC(936) Humongous regions: 33->33
[6104.266s][info][gc,metaspace   ] GC(936) Metaspace: 29991K(30144K)->29991K(30144K) NonClass: 29991K(30144K)->29991K(30144K) Class: 0K(0K)->0K(0K)
[6104.266s][info][gc             ] GC(936) Pause Young (Normal) (G1 Evacuation Pause) 7218M->2715M(8192M) 153.543ms
[6104.266s][info][gc,cpu         ] GC(936) User=1.21s Sys=0.00s Real=0.15s
...|[6107.772s][info][gc,start       ] GC(937) Pause Young (Normal) (G1 Evacuation Pause)
[6107.772s][info][gc,task        ] GC(937) Using 8 workers of 8 for evacuation
[6107.922s][info][gc,phases      ] GC(937)   Pre Evacuate Collection Set: 0.26ms
[6107.922s][info][gc,phases      ] GC(937)   Merge Heap Roots: 0.53ms
[6107.922s][info][gc,phases      ] GC(937)   Evacuate Collection Set: 148.41ms
[6107.922s][info][gc,phases      ] GC(937)   Post Evacuate Collection Set: 1.05ms
[6107.922s][info][gc,phases      ] GC(937)   Other: 0.06ms
[6107.922s][info][gc,heap        ] GC(937) Eden regions: 570->0(571)
[6107.922s][info][gc,heap        ] GC(937) Survivor regions: 44->43(77)
[6107.922s][info][gc,heap        ] GC(937) Old regions: 265->272
[6107.922s][info][gc,heap        ] GC(937) Humongous regions: 33->33
[6107.922s][info][gc,metaspace   ] GC(937) Metaspace: 29991K(30144K)->29991K(30144K) NonClass: 29991K(30144K)->29991K(30144K) Class: 0K(0K)->0K(0K)
[6107.922s][info][gc             ] GC(937) Pause Young (Normal) (G1 Evacuation Pause) 7275M->2771M(8192M) 150.440ms
[6107.922s][info][gc,cpu         ] GC(937) User=1.19s Sys=0.00s Real=0.15s
....[6111.429s][info][gc,start       ] GC(938) Pause Young (Normal) (G1 Evacuation Pause)
[6111.429s][info][gc,task        ] GC(938) Using 8 workers of 8 for evacuation
[6111.582s][info][gc,phases      ] GC(938)   Pre Evacuate Collection Set: 0.24ms
[6111.582s][info][gc,phases      ] GC(938)   Merge Heap Roots: 0.53ms
[6111.582s][info][gc,phases      ] GC(938)   Evacuate Collection Set: 151.74ms
[6111.582s][info][gc,phases      ] GC(938)   Post Evacuate Collection Set: 1.04ms
[6111.582s][info][gc,phases      ] GC(938)   Other: 0.06ms
[6111.582s][info][gc,heap        ] GC(938) Eden regions: 571->0(570)
[6111.582s][info][gc,heap        ] GC(938) Survivor regions: 43->44(77)
[6111.582s][info][gc,heap        ] GC(938) Old regions: 272->279
[6111.582s][info][gc,heap        ] GC(938) Humongous regions: 33->33
[6111.582s][info][gc,metaspace   ] GC(938) Metaspace: 29991K(30144K)->29991K(30144K) NonClass: 29991K(30144K)->29991K(30144K) Class: 0K(0K)->0K(0K)
[6111.582s][info][gc             ] GC(938) Pause Young (Normal) (G1 Evacuation Pause) 7339M->2831M(8192M) 153.729ms
[6111.582s][info][gc,cpu         ] GC(938) User=1.21s Sys=0.00s Real=0.15s
....[6115.122s][info][gc,start       ] GC(939) Pause Young (Normal) (G1 Evacuation Pause)
[6115.122s][info][gc,task        ] GC(939) Using 8 workers of 8 for evacuation
[6115.275s][info][gc,phases      ] GC(939)   Pre Evacuate Collection Set: 0.25ms
[6115.275s][info][gc,phases      ] GC(939)   Merge Heap Roots: 0.52ms
[6115.275s][info][gc,phases      ] GC(939)   Evacuate Collection Set: 150.90ms
[6115.275s][info][gc,phases      ] GC(939)   Post Evacuate Collection Set: 1.02ms
[6115.275s][info][gc,phases      ] GC(939)   Other: 0.06ms
[6115.275s][info][gc,heap        ] GC(939) Eden regions: 570->0(564)
[6115.275s][info][gc,heap        ] GC(939) Survivor regions: 44->44(77)
[6115.275s][info][gc,heap        ] GC(939) Old regions: 279->287
[6115.275s][info][gc,heap        ] GC(939) Humongous regions: 33->33
[6115.275s][info][gc,metaspace   ] GC(939) Metaspace: 29991K(30144K)->29991K(30144K) NonClass: 29991K(30144K)->29991K(30144K) Class: 0K(0K)->0K(0K)
[6115.275s][info][gc             ] GC(939) Pause Young (Normal) (G1 Evacuation Pause) 7391M->2891M(8192M) 152.893ms
[6115.275s][info][gc,cpu         ] GC(939) User=1.21s Sys=0.00s Real=0.15s
...[6118.578s][info][gc,start       ] GC(940) Pause Young (Normal) (G1 Evacuation Pause)
[6118.578s][info][gc,task        ] GC(940) Using 8 workers of 8 for evacuation
[6118.730s][info][gc,phases      ] GC(940)   Pre Evacuate Collection Set: 0.24ms
[6118.730s][info][gc,phases      ] GC(940)   Merge Heap Roots: 0.54ms
[6118.730s][info][gc,phases      ] GC(940)   Evacuate Collection Set: 149.65ms
[6118.730s][info][gc,phases      ] GC(940)   Post Evacuate Collection Set: 1.05ms
[6118.730s][info][gc,phases      ] GC(940)   Other: 0.07ms
[6118.730s][info][gc,heap        ] GC(940) Eden regions: 564->0(559)
[6118.730s][info][gc,heap        ] GC(940) Survivor regions: 44->43(76)
[6118.730s][info][gc,heap        ] GC(940) Old regions: 287->294
[6118.730s][info][gc,heap        ] GC(940) Humongous regions: 33->33
[6118.730s][info][gc,metaspace   ] GC(940) Metaspace: 29991K(30144K)->29991K(30144K) NonClass: 29991K(30144K)->29991K(30144K) Class: 0K(0K)->0K(0K)
[6118.730s][info][gc             ] GC(940) Pause Young (Normal) (G1 Evacuation Pause) 7403M->2947M(8192M) 151.671ms
[6118.730s][info][gc,cpu         ] GC(940) User=1.20s Sys=0.00s Real=0.15s
....[6122.163s][info][gc,start       ] GC(941) Pause Young (Normal) (G1 Evacuation Pause)
[6122.163s][info][gc,task        ] GC(941) Using 8 workers of 8 for evacuation
[6122.311s][info][gc,phases      ] GC(941)   Pre Evacuate Collection Set: 0.25ms
[6122.311s][info][gc,phases      ] GC(941)   Merge Heap Roots: 0.53ms
[6122.311s][info][gc,phases      ] GC(941)   Evacuate Collection Set: 146.55ms
[6122.311s][info][gc,phases      ] GC(941)   Post Evacuate Collection Set: 1.02ms
[6122.311s][info][gc,phases      ] GC(941)   Other: 0.07ms
[6122.311s][info][gc,heap        ] GC(941) Eden regions: 559->0(551)
[6122.311s][info][gc,heap        ] GC(941) Survivor regions: 43->43(76)
[6122.311s][info][gc,heap        ] GC(941) Old regions: 294->302
[6122.311s][info][gc,heap        ] GC(941) Humongous regions: 33->33
[6122.311s][info][gc,metaspace   ] GC(941) Metaspace: 29991K(30144K)->29991K(30144K) NonClass: 29991K(30144K)->29991K(30144K) Class: 0K(0K)->0K(0K)
[6122.311s][info][gc             ] GC(941) Pause Young (Normal) (G1 Evacuation Pause) 7419M->3007M(8192M) 148.546ms
[6122.311s][info][gc,cpu         ] GC(941) User=1.17s Sys=0.00s Real=0.15s
...[6125.630s][info][gc,start       ] GC(942) Pause Young (Concurrent Start) (G1 Evacuation Pause)
[6125.630s][info][gc,task        ] GC(942) Using 8 workers of 8 for evacuation
[6125.781s][info][gc,phases      ] GC(942)   Pre Evacuate Collection Set: 0.29ms
[6125.781s][info][gc,phases      ] GC(942)   Merge Heap Roots: 0.53ms
[6125.781s][info][gc,phases      ] GC(942)   Evacuate Collection Set: 149.49ms
[6125.781s][info][gc,phases      ] GC(942)   Post Evacuate Collection Set: 1.02ms
[6125.781s][info][gc,phases      ] GC(942)   Other: 0.09ms
[6125.781s][info][gc,heap        ] GC(942) Eden regions: 551->0(542)
[6125.781s][info][gc,heap        ] GC(942) Survivor regions: 43->44(75)
[6125.781s][info][gc,heap        ] GC(942) Old regions: 302->309
[6125.781s][info][gc,heap        ] GC(942) Humongous regions: 33->33
[6125.781s][info][gc,metaspace   ] GC(942) Metaspace: 29991K(30144K)->29991K(30144K) NonClass: 29991K(30144K)->29991K(30144K) Class: 0K(0K)->0K(0K)
[6125.781s][info][gc             ] GC(942) Pause Young (Concurrent Start) (G1 Evacuation Pause) 7415M->3071M(8192M) 151.552ms
[6125.781s][info][gc             ] GC(943) Concurrent Mark Cycle
[6125.781s][info][gc,marking     ] GC(943) Concurrent Scan Root Regions
[6125.782s][info][gc,cpu         ] GC(942) User=1.20s Sys=0.00s Real=0.15s
.[6126.025s][info][gc,marking     ] GC(943) Concurrent Scan Root Regions 243.410ms
[6126.025s][info][gc,marking     ] GC(943) Concurrent Mark
[6126.025s][info][gc,marking     ] GC(943) Concurrent Mark From Roots
[6126.025s][info][gc,task        ] GC(943) Using 2 workers of 2 for marking
.[6126.981s][info][gc,marking     ] GC(943) Concurrent Mark From Roots 955.716ms
[6126.981s][info][gc,marking     ] GC(943) Concurrent Preclean
[6126.981s][info][gc,marking     ] GC(943) Concurrent Preclean 0.131ms
[6126.981s][info][gc,start       ] GC(943) Pause Remark
[6126.983s][info][gc             ] GC(943) Pause Remark 4405M->3853M(8192M) 2.418ms
[6126.983s][info][gc,cpu         ] GC(943) User=0.01s Sys=0.00s Real=0.00s
[6126.984s][info][gc,marking     ] GC(943) Concurrent Mark 958.555ms
[6126.984s][info][gc,marking     ] GC(943) Concurrent Rebuild Remembered Sets and Scrub Regions
[6127.701s][info][gc,marking     ] GC(943) Concurrent Rebuild Remembered Sets and Scrub Regions 717.457ms
[6127.701s][info][gc,start       ] GC(943) Pause Cleanup
[6127.701s][info][gc             ] GC(943) Pause Cleanup 4796M->4796M(8192M) 0.263ms
[6127.701s][info][gc,cpu         ] GC(943) User=0.00s Sys=0.00s Real=0.00s
[6127.702s][info][gc,marking     ] GC(943) Concurrent Clear Claimed Marks
[6127.702s][info][gc,marking     ] GC(943) Concurrent Clear Claimed Marks 0.042ms
[6127.702s][info][gc,marking     ] GC(943) Concurrent Cleanup for Next Mark
[6127.712s][info][gc,marking     ] GC(943) Concurrent Cleanup for Next Mark 10.059ms
[6127.712s][info][gc             ] GC(943) Concurrent Mark Cycle 1930.199ms
..[6129.075s][info][gc,start       ] GC(944) Pause Young (Prepare Mixed) (G1 Evacuation Pause)
[6129.075s][info][gc,task        ] GC(944) Using 8 workers of 8 for evacuation
[6129.230s][info][gc,phases      ] GC(944)   Pre Evacuate Collection Set: 0.26ms
[6129.230s][info][gc,phases      ] GC(944)   Merge Heap Roots: 0.76ms
[6129.230s][info][gc,phases      ] GC(944)   Evacuate Collection Set: 152.46ms
[6129.230s][info][gc,phases      ] GC(944)   Post Evacuate Collection Set: 1.14ms
[6129.230s][info][gc,phases      ] GC(944)   Other: 0.07ms
[6129.230s][info][gc,heap        ] GC(944) Eden regions: 542->0(571)
[6129.230s][info][gc,heap        ] GC(944) Survivor regions: 44->43(74)
[6129.230s][info][gc,heap        ] GC(944) Old regions: 240->248
[6129.230s][info][gc,heap        ] GC(944) Humongous regions: 33->33
[6129.230s][info][gc,metaspace   ] GC(944) Metaspace: 29991K(30144K)->29991K(30144K) NonClass: 29991K(30144K)->29991K(30144K) Class: 0K(0K)->0K(0K)
[6129.230s][info][gc             ] GC(944) Pause Young (Prepare Mixed) (G1 Evacuation Pause) 6855M->2575M(8192M) 154.837ms
[6129.230s][info][gc,cpu         ] GC(944) User=1.22s Sys=0.00s Real=0.16s
...[6132.678s][info][gc,start       ] GC(945) Pause Young (Mixed) (G1 Evacuation Pause)
[6132.678s][info][gc,task        ] GC(945) Using 8 workers of 8 for evacuation
[6132.834s][info][gc,phases      ] GC(945)   Pre Evacuate Collection Set: 0.27ms
[6132.834s][info][gc,phases      ] GC(945)   Merge Heap Roots: 0.86ms
[6132.834s][info][gc,phases      ] GC(945)   Evacuate Collection Set: 153.08ms
[6132.834s][info][gc,phases      ] GC(945)   Post Evacuate Collection Set: 1.29ms
[6132.834s][info][gc,phases      ] GC(945)   Other: 0.08ms
[6132.834s][info][gc,heap        ] GC(945) Eden regions: 571->0(572)
[6132.834s][info][gc,heap        ] GC(945) Survivor regions: 43->42(77)
[6132.834s][info][gc,heap        ] GC(945) Old regions: 248->153
[6132.834s][info][gc,heap        ] GC(945) Humongous regions: 33->33
[6132.834s][info][gc,metaspace   ] GC(945) Metaspace: 29991K(30144K)->29991K(30144K) NonClass: 29991K(30144K)->29991K(30144K) Class: 0K(0K)->0K(0K)
[6132.834s][info][gc             ] GC(945) Pause Young (Mixed) (G1 Evacuation Pause) 7143M->1810M(8192M) 155.691ms
[6132.834s][info][gc,cpu         ] GC(945) User=1.23s Sys=0.00s Real=0.15s
....[6136.246s][info][gc,start       ] GC(946) Pause Young (Mixed) (G1 Evacuation Pause)
[6136.246s][info][gc,task        ] GC(946) Using 8 workers of 8 for evacuation
[6136.406s][info][gc,phases      ] GC(946)   Pre Evacuate Collection Set: 0.24ms
[6136.406s][info][gc,phases      ] GC(946)   Merge Heap Roots: 0.84ms
[6136.406s][info][gc,phases      ] GC(946)   Evacuate Collection Set: 157.69ms
[6136.406s][info][gc,phases      ] GC(946)   Post Evacuate Collection Set: 1.06ms
[6136.406s][info][gc,phases      ] GC(946)   Other: 0.06ms
[6136.406s][info][gc,heap        ] GC(946) Eden regions: 572->0(571)
[6136.406s][info][gc,heap        ] GC(946) Survivor regions: 42->43(77)
[6136.406s][info][gc,heap        ] GC(946) Old regions: 153->144
[6136.406s][info][gc,heap        ] GC(946) Humongous regions: 33->33
[6136.406s][info][gc,metaspace   ] GC(946) Metaspace: 29991K(30144K)->29991K(30144K) NonClass: 29991K(30144K)->29991K(30144K) Class: 0K(0K)->0K(0K)
[6136.406s][info][gc             ] GC(946) Pause Young (Mixed) (G1 Evacuation Pause) 6386M->1739M(8192M) 160.037ms
[6136.406s][info][gc,cpu         ] GC(946) User=1.27s Sys=0.00s Real=0.16s
...[6139.848s][info][gc,start       ] GC(947) Pause Young (Normal) (G1 Evacuation Pause)
[6139.848s][info][gc,task        ] GC(947) Using 8 workers of 8 for evacuation
[6139.998s][info][gc,phases      ] GC(947)   Pre Evacuate Collection Set: 0.23ms
[6139.998s][info][gc,phases      ] GC(947)   Merge Heap Roots: 0.51ms
[6139.998s][info][gc,phases      ] GC(947)   Evacuate Collection Set: 147.72ms
[6139.998s][info][gc,phases      ] GC(947)   Post Evacuate Collection Set: 1.02ms
[6139.998s][info][gc,phases      ] GC(947)   Other: 0.06ms
[6139.998s][info][gc,heap        ] GC(947) Eden regions: 571->0(571)
[6139.998s][info][gc,heap        ] GC(947) Survivor regions: 43->43(77)
[6139.998s][info][gc,heap        ] GC(947) Old regions: 144->151
[6139.998s][info][gc,heap        ] GC(947) Humongous regions: 33->33
[6139.998s][info][gc,metaspace   ] GC(947) Metaspace: 29991K(30144K)->29991K(30144K) NonClass: 29991K(30144K)->29991K(30144K) Class: 0K(0K)->0K(0K)
[6139.998s][info][gc             ] GC(947) Pause Young (Normal) (G1 Evacuation Pause) 6307M->1796M(8192M) 149.680ms
[6139.998s][info][gc,cpu         ] GC(947) User=1.19s Sys=0.00s Real=0.15s
....[6143.578s][info][gc,start       ] GC(948) Pause Young (Normal) (G1 Evacuation Pause)
[6143.578s][info][gc,task        ] GC(948) Using 8 workers of 8 for evacuation
[6143.731s][info][gc,phases      ] GC(948)   Pre Evacuate Collection Set: 0.23ms
[6143.731s][info][gc,phases      ] GC(948)   Merge Heap Roots: 0.51ms
[6143.731s][info][gc,phases      ] GC(948)   Evacuate Collection Set: 150.90ms
[6143.731s][info][gc,phases      ] GC(948)   Post Evacuate Collection Set: 1.05ms
[6143.731s][info][gc,phases      ] GC(948)   Other: 0.06ms
[6143.731s][info][gc,heap        ] GC(948) Eden regions: 571->0(570)
[6143.731s][info][gc,heap        ] GC(948) Survivor regions: 43->44(77)
[6143.731s][info][gc,heap        ] GC(948) Old regions: 151->158
[6143.731s][info][gc,heap        ] GC(948) Humongous regions: 33->33
[6143.731s][info][gc,metaspace   ] GC(948) Metaspace: 29991K(30144K)->29991K(30144K) NonClass: 29991K(30144K)->29991K(30144K) Class: 0K(0K)->0K(0K)
[6143.731s][info][gc             ] GC(948) Pause Young (Normal) (G1 Evacuation Pause) 6364M->1861M(8192M) 152.880ms
[6143.731s][info][gc,cpu         ] GC(948) User=1.21s Sys=0.00s Real=0.15s
....[6147.226s][info][gc,start       ] GC(949) Pause Young (Normal) (G1 Evacuation Pause)
[6147.226s][info][gc,task        ] GC(949) Using 8 workers of 8 for evacuation
[6147.373s][info][gc,phases      ] GC(949)   Pre Evacuate Collection Set: 0.23ms
[6147.373s][info][gc,phases      ] GC(949)   Merge Heap Roots: 0.51ms
[6147.373s][info][gc,phases      ] GC(949)   Evacuate Collection Set: 144.91ms
[6147.373s][info][gc,phases      ] GC(949)   Post Evacuate Collection Set: 1.03ms
[6147.373s][info][gc,phases      ] GC(949)   Other: 0.07ms
[6147.373s][info][gc,heap        ] GC(949) Eden regions: 570->0(571)
[6147.373s][info][gc,heap        ] GC(949) Survivor regions: 44->43(77)
[6147.373s][info][gc,heap        ] GC(949) Old regions: 158->165
[6147.373s][info][gc,heap        ] GC(949) Humongous regions: 33->33
[6147.373s][info][gc,metaspace   ] GC(949) Metaspace: 29991K(30144K)->29991K(30144K) NonClass: 29991K(30144K)->29991K(30144K) Class: 0K(0K)->0K(0K)
[6147.373s][info][gc             ] GC(949) Pause Young (Normal) (G1 Evacuation Pause) 6421M->1914M(8192M) 146.902ms
[6147.373s][info][gc,cpu         ] GC(949) User=1.16s Sys=0.00s Real=0.15s
...[6150.914s][info][gc,start       ] GC(950) Pause Young (Normal) (G1 Evacuation Pause)
[6150.915s][info][gc,task        ] GC(950) Using 8 workers of 8 for evacuation
[6151.062s][info][gc,phases      ] GC(950)   Pre Evacuate Collection Set: 0.27ms
[6151.062s][info][gc,phases      ] GC(950)   Merge Heap Roots: 0.52ms
[6151.062s][info][gc,phases      ] GC(950)   Evacuate Collection Set: 145.83ms
[6151.062s][info][gc,phases      ] GC(950)   Post Evacuate Collection Set: 1.03ms
[6151.062s][info][gc,phases      ] GC(950)   Other: 0.06ms
[6151.062s][info][gc,heap        ] GC(950) Eden regions: 571->0(572)
[6151.062s][info][gc,heap        ] GC(950) Survivor regions: 43->42(77)
[6151.062s][info][gc,heap        ] GC(950) Old regions: 165->172
[6151.062s][info][gc,heap        ] GC(950) Humongous regions: 33->33
[6151.062s][info][gc,metaspace   ] GC(950) Metaspace: 29991K(30144K)->29991K(30144K) NonClass: 29991K(30144K)->29991K(30144K) Class: 0K(0K)->0K(0K)
[6151.062s][info][gc             ] GC(950) Pause Young (Normal) (G1 Evacuation Pause) 6482M->1963M(8192M) 147.834ms
[6151.062s][info][gc,cpu         ] GC(950) User=1.17s Sys=0.00s Real=0.15s
....[6154.435s][info][gc,start       ] GC(951) Pause Young (Normal) (G1 Evacuation Pause)
[6154.435s][info][gc,task        ] GC(951) Using 8 workers of 8 for evacuation
[6154.587s][info][gc,phases      ] GC(951)   Pre Evacuate Collection Set: 0.27ms
[6154.587s][info][gc,phases      ] GC(951)   Merge Heap Roots: 0.56ms
[6154.587s][info][gc,phases      ] GC(951)   Evacuate Collection Set: 149.29ms
[6154.587s][info][gc,phases      ] GC(951)   Post Evacuate Collection Set: 1.09ms
[6154.587s][info][gc,phases      ] GC(951)   Other: 0.07ms
[6154.587s][info][gc,heap        ] GC(951) Eden regions: 572->0(570)
[6154.587s][info][gc,heap        ] GC(951) Survivor regions: 42->44(77)
[6154.587s][info][gc,heap        ] GC(951) Old regions: 172->180
[6154.587s][info][gc,heap        ] GC(951) Humongous regions: 33->33
[6154.587s][info][gc,metaspace   ] GC(951) Metaspace: 29991K(30144K)->29991K(30144K) NonClass: 29991K(30144K)->29991K(30144K) Class: 0K(0K)->0K(0K)
[6154.587s][info][gc             ] GC(951) Pause Young (Normal) (G1 Evacuation Pause) 6539M->2034M(8192M) 151.448ms
[6154.587s][info][gc,cpu         ] GC(951) User=1.17s Sys=0.00s Real=0.15s
...[6158.072s][info][gc,start       ] GC(952) Pause Young (Normal) (G1 Evacuation Pause)
[6158.072s][info][gc,task        ] GC(952) Using 8 workers of 8 for evacuation
[6158.223s][info][gc,phases      ] GC(952)   Pre Evacuate Collection Set: 0.25ms
[6158.223s][info][gc,phases      ] GC(952)   Merge Heap Roots: 0.58ms
[6158.223s][info][gc,phases      ] GC(952)   Evacuate Collection Set: 148.31ms
[6158.223s][info][gc,phases      ] GC(952)   Post Evacuate Collection Set: 1.05ms
[6158.223s][info][gc,phases      ] GC(952)   Other: 0.06ms
[6158.223s][info][gc,heap        ] GC(952) Eden regions: 570->0(571)
[6158.223s][info][gc,heap        ] GC(952) Survivor regions: 44->43(77)
[6158.223s][info][gc,heap        ] GC(952) Old regions: 180->187
[6158.223s][info][gc,heap        ] GC(952) Humongous regions: 33->33
[6158.223s][info][gc,metaspace   ] GC(952) Metaspace: 29991K(30144K)->29991K(30144K) NonClass: 29991K(30144K)->29991K(30144K) Class: 0K(0K)->0K(0K)
[6158.223s][info][gc             ] GC(952) Pause Young (Normal) (G1 Evacuation Pause) 6594M->2085M(8192M) 150.375ms
[6158.223s][info][gc,cpu         ] GC(952) User=1.19s Sys=0.00s Real=0.15s
....[6161.676s][info][gc,start       ] GC(953) Pause Young (Normal) (G1 Evacuation Pause)
[6161.676s][info][gc,task        ] GC(953) Using 8 workers of 8 for evacuation
[6161.823s][info][gc,phases      ] GC(953)   Pre Evacuate Collection Set: 0.23ms
[6161.823s][info][gc,phases      ] GC(953)   Merge Heap Roots: 0.57ms
[6161.823s][info][gc,phases      ] GC(953)   Evacuate Collection Set: 145.92ms
[6161.823s][info][gc,phases      ] GC(953)   Post Evacuate Collection Set: 1.03ms
[6161.823s][info][gc,phases      ] GC(953)   Other: 0.06ms
[6161.823s][info][gc,heap        ] GC(953) Eden regions: 571->0(572)
[6161.823s][info][gc,heap        ] GC(953) Survivor regions: 43->42(77)
[6161.823s][info][gc,heap        ] GC(953) Old regions: 187->194
[6161.823s][info][gc,heap        ] GC(953) Humongous regions: 33->33
[6161.823s][info][gc,metaspace   ] GC(953) Metaspace: 29991K(30144K)->29991K(30144K) NonClass: 29991K(30144K)->29991K(30144K) Class: 0K(0K)->0K(0K)
[6161.823s][info][gc             ] GC(953) Pause Young (Normal) (G1 Evacuation Pause) 6653M->2134M(8192M) 147.947ms
[6161.823s][info][gc,cpu         ] GC(953) User=1.17s Sys=0.00s Real=0.15s
....[6165.446s][info][gc,start       ] GC(954) Pause Young (Normal) (G1 Evacuation Pause)
[6165.446s][info][gc,task        ] GC(954) Using 8 workers of 8 for evacuation
[6165.596s][info][gc,phases      ] GC(954)   Pre Evacuate Collection Set: 0.24ms
[6165.596s][info][gc,phases      ] GC(954)   Merge Heap Roots: 0.53ms
[6165.596s][info][gc,phases      ] GC(954)   Evacuate Collection Set: 147.45ms
[6165.596s][info][gc,phases      ] GC(954)   Post Evacuate Collection Set: 1.04ms
[6165.596s][info][gc,phases      ] GC(954)   Other: 0.06ms
[6165.596s][info][gc,heap        ] GC(954) Eden regions: 572->0(571)
[6165.596s][info][gc,heap        ] GC(954) Survivor regions: 42->43(77)
[6165.596s][info][gc,heap        ] GC(954) Old regions: 194->201
[6165.596s][info][gc,heap        ] GC(954) Humongous regions: 33->33
[6165.596s][info][gc,metaspace   ] GC(954) Metaspace: 29991K(30144K)->29991K(30144K) NonClass: 29991K(30144K)->29991K(30144K) Class: 0K(0K)->0K(0K)
[6165.596s][info][gc             ] GC(954) Pause Young (Normal) (G1 Evacuation Pause) 6710M->2198M(8192M) 149.449ms
[6165.596s][info][gc,cpu         ] GC(954) User=1.18s Sys=0.00s Real=0.15s
.. (rIR:aIR:PR = 10516:10578:10577) (tPR = 156283) [OK] 
  6167s: Performance info:
         Transaction,    Success,    Partial,     Failed,   Receipts, AvgBarcode, 
             Overall,     639031,          0,          0,     606997,      59.47, 
         Response times:
             Request,    Success,    Partial,     Failed,   SkipFail,     Probes,    Samples,      min,      p50,      p90,      p95,      p99,      max, 
       TotalPurchase,     607067,          0,          0,          0,     358799,     442612,      300,     7900,    46000,    84000,   147000,  2200000,
     InStorePurchase,     318743,          0,          0,          0,     189079,     233095,      300,     7900,    46000,    83000,   147000,  2200000,
      OnlinePurchase,     224533,          0,          0,          0,     131725,     162465,      300,     7900,    45000,    85000,   146000,  2200000,
        InstPurchase,      63791,          0,          0,          0,      37995,      47052,      500,     8200,    46000,    83350,   148000,  2000000,
          AssocOfCat,        639,          0,          0,          0,        550,        775,    25000,    55000,   103400,   154200,   207000,   435000,
      AssocOfProduct,       6394,          0,          0,          0,       3644,       4705,      700,     8900,    42000,    76000,   124000,   198000,
      BusinessReport,       1590,          0,          0,          0,       1423,       1867,    28000,    61000,   101000,   133000,   223000,   551000,
          CustBuyBeh,       6330,          0,          0,          0,       3618,       4732,      200,     6600,    50000,    91000,   146670,   376000,
       ProductReturn,      17112,          0,          0,          0,      10161,      12736,      200,     7800,    45000,    82000,   142630,  2000000,

  6167s: (77%)   IR =  10654 .[6168.997s][info][gc,start       ] GC(955) Pause Young (Normal) (G1 Evacuation Pause)
[6168.997s][info][gc,task        ] GC(955) Using 8 workers of 8 for evacuation
[6169.145s][info][gc,phases      ] GC(955)   Pre Evacuate Collection Set: 0.24ms
[6169.145s][info][gc,phases      ] GC(955)   Merge Heap Roots: 0.53ms
[6169.145s][info][gc,phases      ] GC(955)   Evacuate Collection Set: 145.60ms
[6169.145s][info][gc,phases      ] GC(955)   Post Evacuate Collection Set: 1.09ms
[6169.145s][info][gc,phases      ] GC(955)   Other: 0.06ms
[6169.145s][info][gc,heap        ] GC(955) Eden regions: 571->0(572)
[6169.145s][info][gc,heap        ] GC(955) Survivor regions: 43->42(77)
[6169.145s][info][gc,heap        ] GC(955) Old regions: 201->208
[6169.145s][info][gc,heap        ] GC(955) Humongous regions: 33->33
[6169.145s][info][gc,metaspace   ] GC(955) Metaspace: 29991K(30144K)->29991K(30144K) NonClass: 29991K(30144K)->29991K(30144K) Class: 0K(0K)->0K(0K)
[6169.145s][info][gc             ] GC(955) Pause Young (Normal) (G1 Evacuation Pause) 6766M->2249M(8192M) 147.672ms
[6169.145s][info][gc,cpu         ] GC(955) User=1.17s Sys=0.00s Real=0.15s
....[6172.658s][info][gc,start       ] GC(956) Pause Young (Normal) (G1 Evacuation Pause)
[6172.658s][info][gc,task        ] GC(956) Using 8 workers of 8 for evacuation
[6172.803s][info][gc,phases      ] GC(956)   Pre Evacuate Collection Set: 0.26ms
[6172.803s][info][gc,phases      ] GC(956)   Merge Heap Roots: 0.60ms
[6172.803s][info][gc,phases      ] GC(956)   Evacuate Collection Set: 143.76ms
[6172.803s][info][gc,phases      ] GC(956)   Post Evacuate Collection Set: 1.05ms
[6172.803s][info][gc,phases      ] GC(956)   Other: 0.06ms
[6172.803s][info][gc,heap        ] GC(956) Eden regions: 572->0(571)
[6172.803s][info][gc,heap        ] GC(956) Survivor regions: 42->43(77)
[6172.803s][info][gc,heap        ] GC(956) Old regions: 208->215
[6172.803s][info][gc,heap        ] GC(956) Humongous regions: 33->33
[6172.803s][info][gc,metaspace   ] GC(956) Metaspace: 29991K(30144K)->29991K(30144K) NonClass: 29991K(30144K)->29991K(30144K) Class: 0K(0K)->0K(0K)
[6172.803s][info][gc             ] GC(956) Pause Young (Normal) (G1 Evacuation Pause) 6825M->2310M(8192M) 145.851ms
[6172.803s][info][gc,cpu         ] GC(956) User=1.15s Sys=0.00s Real=0.14s
...[6176.182s][info][gc,start       ] GC(957) Pause Young (Normal) (G1 Evacuation Pause)
[6176.182s][info][gc,task        ] GC(957) Using 8 workers of 8 for evacuation
[6176.336s][info][gc,phases      ] GC(957)   Pre Evacuate Collection Set: 0.23ms
[6176.336s][info][gc,phases      ] GC(957)   Merge Heap Roots: 0.55ms
[6176.336s][info][gc,phases      ] GC(957)   Evacuate Collection Set: 152.04ms
[6176.336s][info][gc,phases      ] GC(957)   Post Evacuate Collection Set: 1.02ms
[6176.336s][info][gc,phases      ] GC(957)   Other: 0.06ms
[6176.336s][info][gc,heap        ] GC(957) Eden regions: 571->0(570)
[6176.336s][info][gc,heap        ] GC(957) Survivor regions: 43->44(77)
[6176.336s][info][gc,heap        ] GC(957) Old regions: 215->223
[6176.336s][info][gc,heap        ] GC(957) Humongous regions: 33->33
[6176.336s][info][gc,metaspace   ] GC(957) Metaspace: 29991K(30144K)->29991K(30144K) NonClass: 29991K(30144K)->29991K(30144K) Class: 0K(0K)->0K(0K)
[6176.336s][info][gc             ] GC(957) Pause Young (Normal) (G1 Evacuation Pause) 6878M->2379M(8192M) 154.032ms
[6176.336s][info][gc,cpu         ] GC(957) User=1.22s Sys=0.00s Real=0.15s
..|..[6179.752s][info][gc,start       ] GC(958) Pause Young (Normal) (G1 Evacuation Pause)
[6179.752s][info][gc,task        ] GC(958) Using 8 workers of 8 for evacuation
[6179.903s][info][gc,phases      ] GC(958)   Pre Evacuate Collection Set: 0.22ms
[6179.903s][info][gc,phases      ] GC(958)   Merge Heap Roots: 0.53ms
[6179.903s][info][gc,phases      ] GC(958)   Evacuate Collection Set: 149.28ms
[6179.903s][info][gc,phases      ] GC(958)   Post Evacuate Collection Set: 1.05ms
[6179.903s][info][gc,phases      ] GC(958)   Other: 0.06ms
[6179.903s][info][gc,heap        ] GC(958) Eden regions: 570->0(570)
[6179.903s][info][gc,heap        ] GC(958) Survivor regions: 44->44(77)
[6179.903s][info][gc,heap        ] GC(958) Old regions: 223->230
[6179.903s][info][gc,heap        ] GC(958) Humongous regions: 33->33
[6179.903s][info][gc,metaspace   ] GC(958) Metaspace: 29991K(30144K)->29991K(30144K) NonClass: 29991K(30144K)->29991K(30144K) Class: 0K(0K)->0K(0K)
[6179.903s][info][gc             ] GC(958) Pause Young (Normal) (G1 Evacuation Pause) 6939M->2435M(8192M) 151.273ms
[6179.903s][info][gc,cpu         ] GC(958) User=1.20s Sys=0.01s Real=0.15s
...[6183.371s][info][gc,start       ] GC(959) Pause Young (Normal) (G1 Evacuation Pause)
[6183.371s][info][gc,task        ] GC(959) Using 8 workers of 8 for evacuation
[6183.530s][info][gc,phases      ] GC(959)   Pre Evacuate Collection Set: 0.22ms
[6183.530s][info][gc,phases      ] GC(959)   Merge Heap Roots: 0.54ms
[6183.530s][info][gc,phases      ] GC(959)   Evacuate Collection Set: 157.40ms
[6183.530s][info][gc,phases      ] GC(959)   Post Evacuate Collection Set: 1.04ms
[6183.530s][info][gc,phases      ] GC(959)   Other: 0.07ms
[6183.530s][info][gc,heap        ] GC(959) Eden regions: 570->0(568)
[6183.530s][info][gc,heap        ] GC(959) Survivor regions: 44->46(77)
[6183.530s][info][gc,heap        ] GC(959) Old regions: 230->237
[6183.530s][info][gc,heap        ] GC(959) Humongous regions: 33->33
[6183.530s][info][gc,metaspace   ] GC(959) Metaspace: 29991K(30144K)->29991K(30144K) NonClass: 29991K(30144K)->29991K(30144K) Class: 0K(0K)->0K(0K)
[6183.530s][info][gc             ] GC(959) Pause Young (Normal) (G1 Evacuation Pause) 6995M->2510M(8192M) 159.416ms
[6183.530s][info][gc,cpu         ] GC(959) User=1.26s Sys=0.00s Real=0.16s
....[6186.946s][info][gc,start       ] GC(960) Pause Young (Normal) (G1 Evacuation Pause)
[6186.946s][info][gc,task        ] GC(960) Using 8 workers of 8 for evacuation
[6187.092s][info][gc,phases      ] GC(960)   Pre Evacuate Collection Set: 0.26ms
[6187.092s][info][gc,phases      ] GC(960)   Merge Heap Roots: 0.61ms
[6187.092s][info][gc,phases      ] GC(960)   Evacuate Collection Set: 144.30ms
[6187.092s][info][gc,phases      ] GC(960)   Post Evacuate Collection Set: 1.03ms
[6187.092s][info][gc,phases      ] GC(960)   Other: 0.07ms
[6187.092s][info][gc,heap        ] GC(960) Eden regions: 568->0(571)
[6187.092s][info][gc,heap        ] GC(960) Survivor regions: 46->43(77)
[6187.092s][info][gc,heap        ] GC(960) Old regions: 237->244
[6187.092s][info][gc,heap        ] GC(960) Humongous regions: 33->33
[6187.092s][info][gc,metaspace   ] GC(960) Metaspace: 29991K(30144K)->29991K(30144K) NonClass: 29991K(30144K)->29991K(30144K) Class: 0K(0K)->0K(0K)
[6187.092s][info][gc             ] GC(960) Pause Young (Normal) (G1 Evacuation Pause) 7054M->2541M(8192M) 146.413ms
[6187.092s][info][gc,cpu         ] GC(960) User=1.16s Sys=0.00s Real=0.15s
....[6190.567s][info][gc,start       ] GC(961) Pause Young (Normal) (G1 Evacuation Pause)
[6190.567s][info][gc,task        ] GC(961) Using 8 workers of 8 for evacuation
[6190.716s][info][gc,phases      ] GC(961)   Pre Evacuate Collection Set: 0.23ms
[6190.716s][info][gc,phases      ] GC(961)   Merge Heap Roots: 0.53ms
[6190.716s][info][gc,phases      ] GC(961)   Evacuate Collection Set: 147.54ms
[6190.716s][info][gc,phases      ] GC(961)   Post Evacuate Collection Set: 1.05ms
[6190.716s][info][gc,phases      ] GC(961)   Other: 0.06ms
[6190.716s][info][gc,heap        ] GC(961) Eden regions: 571->0(570)
[6190.716s][info][gc,heap        ] GC(961) Survivor regions: 43->44(77)
[6190.716s][info][gc,heap        ] GC(961) Old regions: 244->251
[6190.716s][info][gc,heap        ] GC(961) Humongous regions: 33->33
[6190.716s][info][gc,metaspace   ] GC(961) Metaspace: 29991K(30144K)->29991K(30144K) NonClass: 29991K(30144K)->29991K(30144K) Class: 0K(0K)->0K(0K)
[6190.716s][info][gc             ] GC(961) Pause Young (Normal) (G1 Evacuation Pause) 7109M->2610M(8192M) 149.548ms
[6190.716s][info][gc,cpu         ] GC(961) User=1.18s Sys=0.00s Real=0.15s
...[6194.250s][info][gc,start       ] GC(962) Pause Young (Normal) (G1 Evacuation Pause)
[6194.250s][info][gc,task        ] GC(962) Using 8 workers of 8 for evacuation
[6194.403s][info][gc,phases      ] GC(962)   Pre Evacuate Collection Set: 0.22ms
[6194.403s][info][gc,phases      ] GC(962)   Merge Heap Roots: 0.53ms
[6194.403s][info][gc,phases      ] GC(962)   Evacuate Collection Set: 150.32ms
[6194.403s][info][gc,phases      ] GC(962)   Post Evacuate Collection Set: 1.03ms
[6194.403s][info][gc,phases      ] GC(962)   Other: 0.06ms
[6194.403s][info][gc,heap        ] GC(962) Eden regions: 570->0(571)
[6194.403s][info][gc,heap        ] GC(962) Survivor regions: 44->43(77)
[6194.403s][info][gc,heap        ] GC(962) Old regions: 251->259
[6194.403s][info][gc,heap        ] GC(962) Humongous regions: 33->33
[6194.403s][info][gc,metaspace   ] GC(962) Metaspace: 29991K(30144K)->29991K(30144K) NonClass: 29991K(30144K)->29991K(30144K) Class: 0K(0K)->0K(0K)
[6194.403s][info][gc             ] GC(962) Pause Young (Normal) (G1 Evacuation Pause) 7170M->2662M(8192M) 152.300ms
[6194.403s][info][gc,cpu         ] GC(962) User=1.21s Sys=0.00s Real=0.15s
....[6197.865s][info][gc,start       ] GC(963) Pause Young (Normal) (G1 Evacuation Pause)
[6197.865s][info][gc,task        ] GC(963) Using 8 workers of 8 for evacuation
[6198.012s][info][gc,phases      ] GC(963)   Pre Evacuate Collection Set: 0.26ms
[6198.012s][info][gc,phases      ] GC(963)   Merge Heap Roots: 0.69ms
[6198.012s][info][gc,phases      ] GC(963)   Evacuate Collection Set: 145.00ms
[6198.012s][info][gc,phases      ] GC(963)   Post Evacuate Collection Set: 1.07ms
[6198.012s][info][gc,phases      ] GC(963)   Other: 0.07ms
[6198.012s][info][gc,heap        ] GC(963) Eden regions: 571->0(571)
[6198.012s][info][gc,heap        ] GC(963) Survivor regions: 43->43(77)
[6198.012s][info][gc,heap        ] GC(963) Old regions: 259->266
[6198.012s][info][gc,heap        ] GC(963) Humongous regions: 33->33
[6198.012s][info][gc,metaspace   ] GC(963) Metaspace: 29991K(30144K)->29991K(30144K) NonClass: 29991K(30144K)->29991K(30144K) Class: 0K(0K)->0K(0K)
[6198.012s][info][gc             ] GC(963) Pause Young (Normal) (G1 Evacuation Pause) 7230M->2715M(8192M) 147.239ms
[6198.012s][info][gc,cpu         ] GC(963) User=1.16s Sys=0.00s Real=0.15s
...[6201.481s][info][gc,start       ] GC(964) Pause Young (Normal) (G1 Evacuation Pause)
[6201.481s][info][gc,task        ] GC(964) Using 8 workers of 8 for evacuation
[6201.637s][info][gc,phases      ] GC(964)   Pre Evacuate Collection Set: 0.25ms
[6201.637s][info][gc,phases      ] GC(964)   Merge Heap Roots: 0.55ms
[6201.637s][info][gc,phases      ] GC(964)   Evacuate Collection Set: 154.00ms
[6201.637s][info][gc,phases      ] GC(964)   Post Evacuate Collection Set: 1.07ms
[6201.637s][info][gc,phases      ] GC(964)   Other: 0.08ms
[6201.637s][info][gc,heap        ] GC(964) Eden regions: 571->0(568)
[6201.637s][info][gc,heap        ] GC(964) Survivor regions: 43->46(77)
[6201.637s][info][gc,heap        ] GC(964) Old regions: 266->273
[6201.637s][info][gc,heap        ] GC(964) Humongous regions: 33->33
[6201.637s][info][gc,metaspace   ] GC(964) Metaspace: 29991K(30144K)->29991K(30144K) NonClass: 29991K(30144K)->29991K(30144K) Class: 0K(0K)->0K(0K)
[6201.637s][info][gc             ] GC(964) Pause Young (Normal) (G1 Evacuation Pause) 7283M->2799M(8192M) 156.074ms
[6201.637s][info][gc,cpu         ] GC(964) User=1.23s Sys=0.00s Real=0.15s
....[6204.949s][info][gc,start       ] GC(965) Pause Young (Normal) (G1 Evacuation Pause)
[6204.949s][info][gc,task        ] GC(965) Using 8 workers of 8 for evacuation
[6205.103s][info][gc,phases      ] GC(965)   Pre Evacuate Collection Set: 0.22ms
[6205.103s][info][gc,phases      ] GC(965)   Merge Heap Roots: 0.57ms
[6205.103s][info][gc,phases      ] GC(965)   Evacuate Collection Set: 151.73ms
[6205.103s][info][gc,phases      ] GC(965)   Post Evacuate Collection Set: 1.04ms
[6205.103s][info][gc,phases      ] GC(965)   Other: 0.06ms
[6205.103s][info][gc,heap        ] GC(965) Eden regions: 568->0(570)
[6205.103s][info][gc,heap        ] GC(965) Survivor regions: 46->44(77)
[6205.103s][info][gc,heap        ] GC(965) Old regions: 273->281
[6205.103s][info][gc,heap        ] GC(965) Humongous regions: 33->33
[6205.103s][info][gc,metaspace   ] GC(965) Metaspace: 29991K(30144K)->29991K(30144K) NonClass: 29991K(30144K)->29991K(30144K) Class: 0K(0K)->0K(0K)
[6205.103s][info][gc             ] GC(965) Pause Young (Normal) (G1 Evacuation Pause) 7343M->2846M(8192M) 153.751ms
[6205.103s][info][gc,cpu         ] GC(965) User=1.22s Sys=0.00s Real=0.15s
...[6208.566s][info][gc,start       ] GC(966) Pause Young (Normal) (G1 Evacuation Pause)
[6208.566s][info][gc,task        ] GC(966) Using 8 workers of 8 for evacuation
[6208.721s][info][gc,phases      ] GC(966)   Pre Evacuate Collection Set: 0.24ms
[6208.721s][info][gc,phases      ] GC(966)   Merge Heap Roots: 0.54ms
[6208.721s][info][gc,phases      ] GC(966)   Evacuate Collection Set: 153.15ms
[6208.721s][info][gc,phases      ] GC(966)   Post Evacuate Collection Set: 1.02ms
[6208.721s][info][gc,phases      ] GC(966)   Other: 0.07ms
[6208.721s][info][gc,heap        ] GC(966) Eden regions: 570->0(563)
[6208.721s][info][gc,heap        ] GC(966) Survivor regions: 44->44(77)
[6208.721s][info][gc,heap        ] GC(966) Old regions: 281->288
[6208.721s][info][gc,heap        ] GC(966) Humongous regions: 33->33
[6208.721s][info][gc,metaspace   ] GC(966) Metaspace: 29991K(30144K)->29991K(30144K) NonClass: 29991K(30144K)->29991K(30144K) Class: 0K(0K)->0K(0K)
[6208.721s][info][gc             ] GC(966) Pause Young (Normal) (G1 Evacuation Pause) 7406M->2899M(8192M) 155.143ms
[6208.721s][info][gc,cpu         ] GC(966) User=1.23s Sys=0.00s Real=0.16s
....[6212.040s][info][gc,start       ] GC(967) Pause Young (Normal) (G1 Evacuation Pause)
[6212.040s][info][gc,task        ] GC(967) Using 8 workers of 8 for evacuation
[6212.189s][info][gc,phases      ] GC(967)   Pre Evacuate Collection Set: 0.23ms
[6212.189s][info][gc,phases      ] GC(967)   Merge Heap Roots: 0.53ms
[6212.189s][info][gc,phases      ] GC(967)   Evacuate Collection Set: 147.28ms
[6212.189s][info][gc,phases      ] GC(967)   Post Evacuate Collection Set: 1.02ms
[6212.189s][info][gc,phases      ] GC(967)   Other: 0.07ms
[6212.189s][info][gc,heap        ] GC(967) Eden regions: 563->0(555)
[6212.189s][info][gc,heap        ] GC(967) Survivor regions: 44->44(76)
[6212.189s][info][gc,heap        ] GC(967) Old regions: 288->296
[6212.189s][info][gc,heap        ] GC(967) Humongous regions: 33->33
[6212.189s][info][gc,metaspace   ] GC(967) Metaspace: 29991K(30144K)->29991K(30144K) NonClass: 29991K(30144K)->29991K(30144K) Class: 0K(0K)->0K(0K)
[6212.189s][info][gc             ] GC(967) Pause Young (Normal) (G1 Evacuation Pause) 7403M->2961M(8192M) 149.254ms
[6212.189s][info][gc,cpu         ] GC(967) User=1.19s Sys=0.00s Real=0.15s
...[6215.576s][info][gc,start       ] GC(968) Pause Young (Normal) (G1 Evacuation Pause)
[6215.576s][info][gc,task        ] GC(968) Using 8 workers of 8 for evacuation
[6215.732s][info][gc,phases      ] GC(968)   Pre Evacuate Collection Set: 0.27ms
[6215.732s][info][gc,phases      ] GC(968)   Merge Heap Roots: 0.60ms
[6215.732s][info][gc,phases      ] GC(968)   Evacuate Collection Set: 153.57ms
[6215.732s][info][gc,phases      ] GC(968)   Post Evacuate Collection Set: 1.00ms
[6215.732s][info][gc,phases      ] GC(968)   Other: 0.06ms
[6215.732s][info][gc,heap        ] GC(968) Eden regions: 555->0(548)
[6215.732s][info][gc,heap        ] GC(968) Survivor regions: 44->44(75)
[6215.732s][info][gc,heap        ] GC(968) Old regions: 296->303
[6215.732s][info][gc,heap        ] GC(968) Humongous regions: 33->33
[6215.732s][info][gc,metaspace   ] GC(968) Metaspace: 29991K(30144K)->29991K(30144K) NonClass: 29991K(30144K)->29991K(30144K) Class: 0K(0K)->0K(0K)
[6215.732s][info][gc             ] GC(968) Pause Young (Normal) (G1 Evacuation Pause) 7401M->3024M(8192M) 155.640ms
[6215.732s][info][gc,cpu         ] GC(968) User=1.24s Sys=0.00s Real=0.16s
....[6219.168s][info][gc,start       ] GC(969) Pause Young (Concurrent Start) (G1 Evacuation Pause)
[6219.168s][info][gc,task        ] GC(969) Using 8 workers of 8 for evacuation
[6219.315s][info][gc,phases      ] GC(969)   Pre Evacuate Collection Set: 0.30ms
[6219.315s][info][gc,phases      ] GC(969)   Merge Heap Roots: 0.53ms
[6219.315s][info][gc,phases      ] GC(969)   Evacuate Collection Set: 144.64ms
[6219.315s][info][gc,phases      ] GC(969)   Post Evacuate Collection Set: 1.01ms
[6219.315s][info][gc,phases      ] GC(969)   Other: 0.10ms
[6219.315s][info][gc,heap        ] GC(969) Eden regions: 548->0(545)
[6219.315s][info][gc,heap        ] GC(969) Survivor regions: 44->42(74)
[6219.315s][info][gc,heap        ] GC(969) Old regions: 303->310
[6219.315s][info][gc,heap        ] GC(969) Humongous regions: 33->33
[6219.315s][info][gc,metaspace   ] GC(969) Metaspace: 29991K(30144K)->29991K(30144K) NonClass: 29991K(30144K)->29991K(30144K) Class: 0K(0K)->0K(0K)
[6219.315s][info][gc             ] GC(969) Pause Young (Concurrent Start) (G1 Evacuation Pause) 7408M->3066M(8192M) 146.727ms
[6219.315s][info][gc             ] GC(970) Concurrent Mark Cycle
[6219.315s][info][gc,marking     ] GC(970) Concurrent Scan Root Regions
[6219.315s][info][gc,cpu         ] GC(969) User=1.16s Sys=0.00s Real=0.14s
[6219.570s][info][gc,marking     ] GC(970) Concurrent Scan Root Regions 254.715ms
[6219.570s][info][gc,marking     ] GC(970) Concurrent Mark
[6219.570s][info][gc,marking     ] GC(970) Concurrent Mark From Roots
[6219.570s][info][gc,task        ] GC(970) Using 2 workers of 2 for marking
..[6220.866s][info][gc,marking     ] GC(970) Concurrent Mark From Roots 1295.717ms
[6220.866s][info][gc,marking     ] GC(970) Concurrent Preclean
[6220.866s][info][gc,marking     ] GC(970) Concurrent Preclean 0.131ms
[6220.866s][info][gc,start       ] GC(970) Pause Remark
[6220.869s][info][gc             ] GC(970) Pause Remark 4899M->4435M(8192M) 2.680ms
[6220.869s][info][gc,cpu         ] GC(970) User=0.02s Sys=0.00s Real=0.01s
[6220.869s][info][gc,marking     ] GC(970) Concurrent Mark 1298.837ms
[6220.869s][info][gc,marking     ] GC(970) Concurrent Rebuild Remembered Sets and Scrub Regions
.[6221.773s][info][gc,marking     ] GC(970) Concurrent Rebuild Remembered Sets and Scrub Regions 904.095ms
[6221.773s][info][gc,start       ] GC(970) Pause Cleanup
[6221.773s][info][gc             ] GC(970) Pause Cleanup 5742M->5742M(8192M) 0.240ms
[6221.773s][info][gc,cpu         ] GC(970) User=0.00s Sys=0.00s Real=0.00s
[6221.773s][info][gc,marking     ] GC(970) Concurrent Clear Claimed Marks
[6221.773s][info][gc,marking     ] GC(970) Concurrent Clear Claimed Marks 0.046ms
[6221.773s][info][gc,marking     ] GC(970) Concurrent Cleanup for Next Mark
[6221.788s][info][gc,marking     ] GC(970) Concurrent Cleanup for Next Mark 14.756ms
[6221.788s][info][gc             ] GC(970) Concurrent Mark Cycle 2473.124ms
[6222.519s][info][gc,start       ] GC(971) Pause Young (Prepare Mixed) (G1 Evacuation Pause)
[6222.519s][info][gc,task        ] GC(971) Using 8 workers of 8 for evacuation
[6222.679s][info][gc,phases      ] GC(971)   Pre Evacuate Collection Set: 0.23ms
[6222.679s][info][gc,phases      ] GC(971)   Merge Heap Roots: 0.76ms
[6222.679s][info][gc,phases      ] GC(971)   Evacuate Collection Set: 157.52ms
[6222.679s][info][gc,phases      ] GC(971)   Post Evacuate Collection Set: 1.12ms
[6222.679s][info][gc,phases      ] GC(971)   Other: 0.06ms
[6222.679s][info][gc,heap        ] GC(971) Eden regions: 545->0(569)
[6222.679s][info][gc,heap        ] GC(971) Survivor regions: 42->45(74)
[6222.679s][info][gc,heap        ] GC(971) Old regions: 252->260
[6222.679s][info][gc,heap        ] GC(971) Humongous regions: 33->33
[6222.679s][info][gc,metaspace   ] GC(971) Metaspace: 29991K(30144K)->29991K(30144K) NonClass: 29991K(30144K)->29991K(30144K) Class: 0K(0K)->0K(0K)
[6222.679s][info][gc             ] GC(971) Pause Young (Prepare Mixed) (G1 Evacuation Pause) 6962M->2687M(8192M) 159.816ms
[6222.679s][info][gc,cpu         ] GC(971) User=1.27s Sys=0.00s Real=0.16s
....[6226.023s][info][gc,start       ] GC(972) Pause Young (Mixed) (G1 Evacuation Pause)
[6226.023s][info][gc,task        ] GC(972) Using 8 workers of 8 for evacuation
[6226.179s][info][gc,phases      ] GC(972)   Pre Evacuate Collection Set: 0.27ms
[6226.179s][info][gc,phases      ] GC(972)   Merge Heap Roots: 0.81ms
[6226.179s][info][gc,phases      ] GC(972)   Evacuate Collection Set: 153.29ms
[6226.179s][info][gc,phases      ] GC(972)   Post Evacuate Collection Set: 1.26ms
[6226.179s][info][gc,phases      ] GC(972)   Other: 0.08ms
[6226.179s][info][gc,heap        ] GC(972) Eden regions: 569->0(571)
[6226.179s][info][gc,heap        ] GC(972) Survivor regions: 45->43(77)
[6226.179s][info][gc,heap        ] GC(972) Old regions: 260->166
[6226.179s][info][gc,heap        ] GC(972) Humongous regions: 33->33
[6226.179s][info][gc,metaspace   ] GC(972) Metaspace: 29991K(30144K)->29991K(30144K) NonClass: 29991K(30144K)->29991K(30144K) Class: 0K(0K)->0K(0K)
[6226.179s][info][gc             ] GC(972) Pause Young (Mixed) (G1 Evacuation Pause) 7239M->1917M(8192M) 155.848ms
[6226.179s][info][gc,cpu         ] GC(972) User=1.23s Sys=0.00s Real=0.16s
...[6229.698s][info][gc,start       ] GC(973) Pause Young (Mixed) (G1 Evacuation Pause)
[6229.698s][info][gc,task        ] GC(973) Using 8 workers of 8 for evacuation
[6229.853s][info][gc,phases      ] GC(973)   Pre Evacuate Collection Set: 0.25ms
[6229.853s][info][gc,phases      ] GC(973)   Merge Heap Roots: 0.79ms
[6229.853s][info][gc,phases      ] GC(973)   Evacuate Collection Set: 152.56ms
[6229.853s][info][gc,phases      ] GC(973)   Post Evacuate Collection Set: 1.10ms
[6229.853s][info][gc,phases      ] GC(973)   Other: 0.07ms
[6229.853s][info][gc,heap        ] GC(973) Eden regions: 571->0(572)
[6229.853s][info][gc,heap        ] GC(973) Survivor regions: 43->42(77)
[6229.853s][info][gc,heap        ] GC(973) Old regions: 166->144
[6229.853s][info][gc,heap        ] GC(973) Humongous regions: 33->33
[6229.853s][info][gc,metaspace   ] GC(973) Metaspace: 29991K(30144K)->29991K(30144K) NonClass: 29991K(30144K)->29991K(30144K) Class: 0K(0K)->0K(0K)
[6229.853s][info][gc             ] GC(973) Pause Young (Mixed) (G1 Evacuation Pause) 6485M->1736M(8192M) 154.894ms
[6229.853s][info][gc,cpu         ] GC(973) User=1.22s Sys=0.00s Real=0.15s
....[6233.315s][info][gc,start       ] GC(974) Pause Young (Normal) (G1 Evacuation Pause)
[6233.315s][info][gc,task        ] GC(974) Using 8 workers of 8 for evacuation
[6233.464s][info][gc,phases      ] GC(974)   Pre Evacuate Collection Set: 0.24ms
[6233.464s][info][gc,phases      ] GC(974)   Merge Heap Roots: 0.57ms
[6233.464s][info][gc,phases      ] GC(974)   Evacuate Collection Set: 147.19ms
[6233.464s][info][gc,phases      ] GC(974)   Post Evacuate Collection Set: 1.03ms
[6233.464s][info][gc,phases      ] GC(974)   Other: 0.07ms
[6233.464s][info][gc,heap        ] GC(974) Eden regions: 572->0(571)
[6233.464s][info][gc,heap        ] GC(974) Survivor regions: 42->43(77)
[6233.464s][info][gc,heap        ] GC(974) Old regions: 144->151
[6233.464s][info][gc,heap        ] GC(974) Humongous regions: 33->33
[6233.464s][info][gc,metaspace   ] GC(974) Metaspace: 29991K(30144K)->29991K(30144K) NonClass: 29991K(30144K)->29991K(30144K) Class: 0K(0K)->0K(0K)
[6233.464s][info][gc             ] GC(974) Pause Young (Normal) (G1 Evacuation Pause) 6312M->1796M(8192M) 149.233ms
[6233.464s][info][gc,cpu         ] GC(974) User=1.18s Sys=0.00s Real=0.15s
....[6236.869s][info][gc,start       ] GC(975) Pause Young (Normal) (G1 Evacuation Pause)
[6236.869s][info][gc,task        ] GC(975) Using 8 workers of 8 for evacuation
[6237.017s][info][gc,phases      ] GC(975)   Pre Evacuate Collection Set: 0.27ms
[6237.017s][info][gc,phases      ] GC(975)   Merge Heap Roots: 0.52ms
[6237.017s][info][gc,phases      ] GC(975)   Evacuate Collection Set: 146.13ms
[6237.017s][info][gc,phases      ] GC(975)   Post Evacuate Collection Set: 1.04ms
[6237.017s][info][gc,phases      ] GC(975)   Other: 0.07ms
[6237.017s][info][gc,heap        ] GC(975) Eden regions: 571->0(570)
[6237.017s][info][gc,heap        ] GC(975) Survivor regions: 43->44(77)
[6237.017s][info][gc,heap        ] GC(975) Old regions: 151->158
[6237.017s][info][gc,heap        ] GC(975) Humongous regions: 33->33
[6237.017s][info][gc,metaspace   ] GC(975) Metaspace: 29991K(30144K)->29991K(30144K) NonClass: 29991K(30144K)->29991K(30144K) Class: 0K(0K)->0K(0K)
[6237.017s][info][gc             ] GC(975) Pause Young (Normal) (G1 Evacuation Pause) 6364M->1861M(8192M) 148.158ms
[6237.017s][info][gc,cpu         ] GC(975) User=1.18s Sys=0.00s Real=0.14s
. (rIR:aIR:PR = 10654:10648:10651) (tPR = 157460) [OK] 
  6237s: Performance info:
         Transaction,    Success,    Partial,     Failed,   Receipts, AvgBarcode, 
             Overall,     643512,          0,          0,     611187,      59.48, 
         Response times:
             Request,    Success,    Partial,     Failed,   SkipFail,     Probes,    Samples,      min,      p50,      p90,      p95,      p99,      max, 
       TotalPurchase,     611045,          0,          0,          0,     359014,     423293,      300,     7800,    62000,   100000,   195000,  2000000,
     InStorePurchase,     322356,          0,          0,          0,     189165,     222524,      300,     7800,    62000,   100000,   194000,  2000000,
      OnlinePurchase,     223829,          0,          0,          0,     132113,     156001,      300,     7800,    62000,   101000,   198000,  2000000,
        InstPurchase,      64860,          0,          0,          0,      37736,      44768,      400,     7900,    62000,   100000,   191000,  1300000,
          AssocOfCat,        651,          0,          0,          0,        552,        761,    32000,    59000,   137800,   181000,   255000,   299000,
      AssocOfProduct,       6370,          0,          0,          0,       3708,       4558,      800,     8700,    61000,    97000,   195000,   564000,
      BusinessReport,       1605,          0,          0,          0,       1434,       1836,    32000,    64000,   141300,   206000,   272630,   458000,
          CustBuyBeh,       6407,          0,          0,          0,       3781,       4735,      400,     7800,    70000,   103200,   192640,   850000,
       ProductReturn,      17225,          0,          0,          0,       9205,      11183,      200,     7600,    58000,    95000,   188000,  1100000,

  6237s: (78%)   IR =  10793 ..[6240.539s][info][gc,start       ] GC(976) Pause Young (Normal) (G1 Evacuation Pause)
[6240.539s][info][gc,task        ] GC(976) Using 8 workers of 8 for evacuation
[6240.691s][info][gc,phases      ] GC(976)   Pre Evacuate Collection Set: 0.23ms
[6240.691s][info][gc,phases      ] GC(976)   Merge Heap Roots: 0.54ms
[6240.691s][info][gc,phases      ] GC(976)   Evacuate Collection Set: 150.49ms
[6240.691s][info][gc,phases      ] GC(976)   Post Evacuate Collection Set: 1.04ms
[6240.691s][info][gc,phases      ] GC(976)   Other: 0.07ms
[6240.691s][info][gc,heap        ] GC(976) Eden regions: 570->0(570)
[6240.691s][info][gc,heap        ] GC(976) Survivor regions: 44->44(77)
[6240.691s][info][gc,heap        ] GC(976) Old regions: 158->165
[6240.691s][info][gc,heap        ] GC(976) Humongous regions: 33->33
[6240.691s][info][gc,metaspace   ] GC(976) Metaspace: 29991K(30144K)->29991K(30144K) NonClass: 29991K(30144K)->29991K(30144K) Class: 0K(0K)->0K(0K)
[6240.691s][info][gc             ] GC(976) Pause Young (Normal) (G1 Evacuation Pause) 6421M->1922M(8192M) 152.485ms
[6240.691s][info][gc,cpu         ] GC(976) User=1.21s Sys=0.00s Real=0.15s
....[6244.092s][info][gc,start       ] GC(977) Pause Young (Normal) (G1 Evacuation Pause)
[6244.092s][info][gc,task        ] GC(977) Using 8 workers of 8 for evacuation
[6244.241s][info][gc,phases      ] GC(977)   Pre Evacuate Collection Set: 0.23ms
[6244.241s][info][gc,phases      ] GC(977)   Merge Heap Roots: 0.52ms
[6244.241s][info][gc,phases      ] GC(977)   Evacuate Collection Set: 147.37ms
[6244.241s][info][gc,phases      ] GC(977)   Post Evacuate Collection Set: 1.08ms
[6244.241s][info][gc,phases      ] GC(977)   Other: 0.06ms
[6244.241s][info][gc,heap        ] GC(977) Eden regions: 570->0(572)
[6244.241s][info][gc,heap        ] GC(977) Survivor regions: 44->42(77)
[6244.241s][info][gc,heap        ] GC(977) Old regions: 165->172
[6244.241s][info][gc,heap        ] GC(977) Humongous regions: 33->33
[6244.241s][info][gc,metaspace   ] GC(977) Metaspace: 29991K(30144K)->29991K(30144K) NonClass: 29991K(30144K)->29991K(30144K) Class: 0K(0K)->0K(0K)
[6244.241s][info][gc             ] GC(977) Pause Young (Normal) (G1 Evacuation Pause) 6482M->1963M(8192M) 149.391ms
[6244.241s][info][gc,cpu         ] GC(977) User=1.18s Sys=0.00s Real=0.15s
.|..[6247.666s][info][gc,start       ] GC(978) Pause Young (Normal) (G1 Evacuation Pause)
[6247.666s][info][gc,task        ] GC(978) Using 8 workers of 8 for evacuation
[6247.816s][info][gc,phases      ] GC(978)   Pre Evacuate Collection Set: 0.24ms
[6247.816s][info][gc,phases      ] GC(978)   Merge Heap Roots: 0.55ms
[6247.816s][info][gc,phases      ] GC(978)   Evacuate Collection Set: 148.17ms
[6247.816s][info][gc,phases      ] GC(978)   Post Evacuate Collection Set: 1.05ms
[6247.816s][info][gc,phases      ] GC(978)   Other: 0.06ms
[6247.816s][info][gc,heap        ] GC(978) Eden regions: 572->0(571)
[6247.816s][info][gc,heap        ] GC(978) Survivor regions: 42->43(77)
[6247.816s][info][gc,heap        ] GC(978) Old regions: 172->180
[6247.816s][info][gc,heap        ] GC(978) Humongous regions: 33->33
[6247.816s][info][gc,metaspace   ] GC(978) Metaspace: 29991K(30144K)->29991K(30144K) NonClass: 29991K(30144K)->29991K(30144K) Class: 0K(0K)->0K(0K)
[6247.816s][info][gc             ] GC(978) Pause Young (Normal) (G1 Evacuation Pause) 6539M->2029M(8192M) 150.232ms
[6247.816s][info][gc,cpu         ] GC(978) User=1.19s Sys=0.00s Real=0.15s
....[6251.275s][info][gc,start       ] GC(979) Pause Young (Normal) (G1 Evacuation Pause)
[6251.275s][info][gc,task        ] GC(979) Using 8 workers of 8 for evacuation
[6251.427s][info][gc,phases      ] GC(979)   Pre Evacuate Collection Set: 0.23ms
[6251.427s][info][gc,phases      ] GC(979)   Merge Heap Roots: 0.54ms
[6251.427s][info][gc,phases      ] GC(979)   Evacuate Collection Set: 150.77ms
[6251.427s][info][gc,phases      ] GC(979)   Post Evacuate Collection Set: 1.06ms
[6251.427s][info][gc,phases      ] GC(979)   Other: 0.06ms
[6251.427s][info][gc,heap        ] GC(979) Eden regions: 571->0(570)
[6251.427s][info][gc,heap        ] GC(979) Survivor regions: 43->44(77)
[6251.427s][info][gc,heap        ] GC(979) Old regions: 180->187
[6251.427s][info][gc,heap        ] GC(979) Humongous regions: 33->33
[6251.427s][info][gc,metaspace   ] GC(979) Metaspace: 29991K(30144K)->29991K(30144K) NonClass: 29991K(30144K)->29991K(30144K) Class: 0K(0K)->0K(0K)
[6251.427s][info][gc             ] GC(979) Pause Young (Normal) (G1 Evacuation Pause) 6597M->2089M(8192M) 152.804ms
[6251.427s][info][gc,cpu         ] GC(979) User=1.21s Sys=0.00s Real=0.16s
...[6254.799s][info][gc,start       ] GC(980) Pause Young (Normal) (G1 Evacuation Pause)
[6254.799s][info][gc,task        ] GC(980) Using 8 workers of 8 for evacuation
[6254.952s][info][gc,phases      ] GC(980)   Pre Evacuate Collection Set: 0.23ms
[6254.952s][info][gc,phases      ] GC(980)   Merge Heap Roots: 0.60ms
[6254.952s][info][gc,phases      ] GC(980)   Evacuate Collection Set: 151.34ms
[6254.952s][info][gc,phases      ] GC(980)   Post Evacuate Collection Set: 1.05ms
[6254.952s][info][gc,phases      ] GC(980)   Other: 0.06ms
[6254.952s][info][gc,heap        ] GC(980) Eden regions: 570->0(570)
[6254.952s][info][gc,heap        ] GC(980) Survivor regions: 44->44(77)
[6254.952s][info][gc,heap        ] GC(980) Old regions: 187->194
[6254.952s][info][gc,heap        ] GC(980) Humongous regions: 33->33
[6254.952s][info][gc,metaspace   ] GC(980) Metaspace: 29991K(30144K)->29991K(30144K) NonClass: 29991K(30144K)->29991K(30144K) Class: 0K(0K)->0K(0K)
[6254.952s][info][gc             ] GC(980) Pause Young (Normal) (G1 Evacuation Pause) 6649M->2147M(8192M) 153.412ms
[6254.952s][info][gc,cpu         ] GC(980) User=1.22s Sys=0.00s Real=0.15s
....[6258.389s][info][gc,start       ] GC(981) Pause Young (Normal) (G1 Evacuation Pause)
[6258.389s][info][gc,task        ] GC(981) Using 8 workers of 8 for evacuation
[6258.541s][info][gc,phases      ] GC(981)   Pre Evacuate Collection Set: 0.24ms
[6258.541s][info][gc,phases      ] GC(981)   Merge Heap Roots: 0.54ms
[6258.541s][info][gc,phases      ] GC(981)   Evacuate Collection Set: 150.41ms
[6258.541s][info][gc,phases      ] GC(981)   Post Evacuate Collection Set: 1.02ms
[6258.541s][info][gc,phases      ] GC(981)   Other: 0.06ms
[6258.541s][info][gc,heap        ] GC(981) Eden regions: 570->0(569)
[6258.541s][info][gc,heap        ] GC(981) Survivor regions: 44->45(77)
[6258.541s][info][gc,heap        ] GC(981) Old regions: 194->201
[6258.541s][info][gc,heap        ] GC(981) Humongous regions: 33->33
[6258.541s][info][gc,metaspace   ] GC(981) Metaspace: 29991K(30144K)->29991K(30144K) NonClass: 29991K(30144K)->29991K(30144K) Class: 0K(0K)->0K(0K)
[6258.541s][info][gc             ] GC(981) Pause Young (Normal) (G1 Evacuation Pause) 6707M->2211M(8192M) 152.423ms
[6258.541s][info][gc,cpu         ] GC(981) User=1.20s Sys=0.00s Real=0.15s
...[6261.978s][info][gc,start       ] GC(982) Pause Young (Normal) (G1 Evacuation Pause)
[6261.978s][info][gc,task        ] GC(982) Using 8 workers of 8 for evacuation
[6262.134s][info][gc,phases      ] GC(982)   Pre Evacuate Collection Set: 0.24ms
[6262.134s][info][gc,phases      ] GC(982)   Merge Heap Roots: 0.52ms
[6262.134s][info][gc,phases      ] GC(982)   Evacuate Collection Set: 153.85ms
[6262.134s][info][gc,phases      ] GC(982)   Post Evacuate Collection Set: 1.04ms
[6262.134s][info][gc,phases      ] GC(982)   Other: 0.06ms
[6262.134s][info][gc,heap        ] GC(982) Eden regions: 569->0(570)
[6262.134s][info][gc,heap        ] GC(982) Survivor regions: 45->44(77)
[6262.134s][info][gc,heap        ] GC(982) Old regions: 201->208
[6262.134s][info][gc,heap        ] GC(982) Humongous regions: 33->33
[6262.134s][info][gc,metaspace   ] GC(982) Metaspace: 29991K(30144K)->29991K(30144K) NonClass: 29991K(30144K)->29991K(30144K) Class: 0K(0K)->0K(0K)
[6262.134s][info][gc             ] GC(982) Pause Young (Normal) (G1 Evacuation Pause) 6763M->2267M(8192M) 155.849ms
[6262.134s][info][gc,cpu         ] GC(982) User=1.23s Sys=0.00s Real=0.15s
....[6265.589s][info][gc,start       ] GC(983) Pause Young (Normal) (G1 Evacuation Pause)
[6265.589s][info][gc,task        ] GC(983) Using 8 workers of 8 for evacuation
[6265.744s][info][gc,phases      ] GC(983)   Pre Evacuate Collection Set: 0.22ms
[6265.744s][info][gc,phases      ] GC(983)   Merge Heap Roots: 0.52ms
[6265.744s][info][gc,phases      ] GC(983)   Evacuate Collection Set: 152.65ms
[6265.744s][info][gc,phases      ] GC(983)   Post Evacuate Collection Set: 1.03ms
[6265.744s][info][gc,phases      ] GC(983)   Other: 0.06ms
[6265.744s][info][gc,heap        ] GC(983) Eden regions: 570->0(570)
[6265.744s][info][gc,heap        ] GC(983) Survivor regions: 44->44(77)
[6265.744s][info][gc,heap        ] GC(983) Old regions: 208->216
[6265.744s][info][gc,heap        ] GC(983) Humongous regions: 33->33
[6265.744s][info][gc,metaspace   ] GC(983) Metaspace: 29991K(30144K)->29991K(30144K) NonClass: 29991K(30144K)->29991K(30144K) Class: 0K(0K)->0K(0K)
[6265.744s][info][gc             ] GC(983) Pause Young (Normal) (G1 Evacuation Pause) 6827M->2325M(8192M) 154.613ms
[6265.744s][info][gc,cpu         ] GC(983) User=1.23s Sys=0.00s Real=0.15s
...[6269.045s][info][gc,start       ] GC(984) Pause Young (Normal) (G1 Evacuation Pause)
[6269.045s][info][gc,task        ] GC(984) Using 8 workers of 8 for evacuation
[6269.197s][info][gc,phases      ] GC(984)   Pre Evacuate Collection Set: 0.26ms
[6269.197s][info][gc,phases      ] GC(984)   Merge Heap Roots: 0.52ms
[6269.197s][info][gc,phases      ] GC(984)   Evacuate Collection Set: 150.03ms
[6269.197s][info][gc,phases      ] GC(984)   Post Evacuate Collection Set: 1.04ms
[6269.197s][info][gc,phases      ] GC(984)   Other: 0.10ms
[6269.197s][info][gc,heap        ] GC(984) Eden regions: 570->0(570)
[6269.197s][info][gc,heap        ] GC(984) Survivor regions: 44->44(77)
[6269.197s][info][gc,heap        ] GC(984) Old regions: 216->223
[6269.197s][info][gc,heap        ] GC(984) Humongous regions: 33->33
[6269.197s][info][gc,metaspace   ] GC(984) Metaspace: 29991K(30144K)->29991K(30144K) NonClass: 29991K(30144K)->29991K(30144K) Class: 0K(0K)->0K(0K)
[6269.197s][info][gc             ] GC(984) Pause Young (Normal) (G1 Evacuation Pause) 6885M->2382M(8192M) 152.074ms
[6269.197s][info][gc,cpu         ] GC(984) User=1.21s Sys=0.00s Real=0.15s
....[6272.524s][info][gc,start       ] GC(985) Pause Young (Normal) (G1 Evacuation Pause)
[6272.524s][info][gc,task        ] GC(985) Using 8 workers of 8 for evacuation
[6272.682s][info][gc,phases      ] GC(985)   Pre Evacuate Collection Set: 0.26ms
[6272.682s][info][gc,phases      ] GC(985)   Merge Heap Roots: 0.52ms
[6272.682s][info][gc,phases      ] GC(985)   Evacuate Collection Set: 155.79ms
[6272.682s][info][gc,phases      ] GC(985)   Post Evacuate Collection Set: 1.03ms
[6272.682s][info][gc,phases      ] GC(985)   Other: 0.06ms
[6272.682s][info][gc,heap        ] GC(985) Eden regions: 570->0(569)
[6272.682s][info][gc,heap        ] GC(985) Survivor regions: 44->45(77)
[6272.682s][info][gc,heap        ] GC(985) Old regions: 223->230
[6272.682s][info][gc,heap        ] GC(985) Humongous regions: 33->33
[6272.682s][info][gc,metaspace   ] GC(985) Metaspace: 29991K(30144K)->29991K(30144K) NonClass: 29991K(30144K)->29991K(30144K) Class: 0K(0K)->0K(0K)
[6272.682s][info][gc             ] GC(985) Pause Young (Normal) (G1 Evacuation Pause) 6942M->2449M(8192M) 157.798ms
[6272.682s][info][gc,cpu         ] GC(985) User=1.25s Sys=0.00s Real=0.16s
...[6276.084s][info][gc,start       ] GC(986) Pause Young (Normal) (G1 Evacuation Pause)
[6276.084s][info][gc,task        ] GC(986) Using 8 workers of 8 for evacuation
[6276.236s][info][gc,phases      ] GC(986)   Pre Evacuate Collection Set: 0.24ms
[6276.236s][info][gc,phases      ] GC(986)   Merge Heap Roots: 0.53ms
[6276.236s][info][gc,phases      ] GC(986)   Evacuate Collection Set: 149.55ms
[6276.236s][info][gc,phases      ] GC(986)   Post Evacuate Collection Set: 1.04ms
[6276.236s][info][gc,phases      ] GC(986)   Other: 0.06ms
[6276.236s][info][gc,heap        ] GC(986) Eden regions: 569->0(571)
[6276.236s][info][gc,heap        ] GC(986) Survivor regions: 45->43(77)
[6276.236s][info][gc,heap        ] GC(986) Old regions: 230->237
[6276.236s][info][gc,heap        ] GC(986) Humongous regions: 33->33
[6276.236s][info][gc,metaspace   ] GC(986) Metaspace: 29991K(30144K)->29991K(30144K) NonClass: 29991K(30144K)->29991K(30144K) Class: 0K(0K)->0K(0K)
[6276.236s][info][gc             ] GC(986) Pause Young (Normal) (G1 Evacuation Pause) 7001M->2489M(8192M) 151.552ms
[6276.236s][info][gc,cpu         ] GC(986) User=1.20s Sys=0.00s Real=0.15s
....[6279.718s][info][gc,start       ] GC(987) Pause Young (Normal) (G1 Evacuation Pause)
[6279.718s][info][gc,task        ] GC(987) Using 8 workers of 8 for evacuation
[6279.866s][info][gc,phases      ] GC(987)   Pre Evacuate Collection Set: 0.24ms
[6279.866s][info][gc,phases      ] GC(987)   Merge Heap Roots: 0.52ms
[6279.866s][info][gc,phases      ] GC(987)   Evacuate Collection Set: 145.73ms
[6279.866s][info][gc,phases      ] GC(987)   Post Evacuate Collection Set: 1.05ms
[6279.866s][info][gc,phases      ] GC(987)   Other: 0.06ms
[6279.866s][info][gc,heap        ] GC(987) Eden regions: 571->0(571)
[6279.866s][info][gc,heap        ] GC(987) Survivor regions: 43->43(77)
[6279.866s][info][gc,heap        ] GC(987) Old regions: 237->244
[6279.866s][info][gc,heap        ] GC(987) Humongous regions: 33->33
[6279.866s][info][gc,metaspace   ] GC(987) Metaspace: 29991K(30144K)->29991K(30144K) NonClass: 29991K(30144K)->29991K(30144K) Class: 0K(0K)->0K(0K)
[6279.866s][info][gc             ] GC(987) Pause Young (Normal) (G1 Evacuation Pause) 7057M->2542M(8192M) 147.731ms
[6279.866s][info][gc,cpu         ] GC(987) User=1.17s Sys=0.00s Real=0.14s
....[6283.380s][info][gc,start       ] GC(988) Pause Young (Normal) (G1 Evacuation Pause)
[6283.380s][info][gc,task        ] GC(988) Using 8 workers of 8 for evacuation
[6283.528s][info][gc,phases      ] GC(988)   Pre Evacuate Collection Set: 0.24ms
[6283.528s][info][gc,phases      ] GC(988)   Merge Heap Roots: 0.55ms
[6283.528s][info][gc,phases      ] GC(988)   Evacuate Collection Set: 145.86ms
[6283.528s][info][gc,phases      ] GC(988)   Post Evacuate Collection Set: 1.02ms
[6283.528s][info][gc,phases      ] GC(988)   Other: 0.06ms
[6283.528s][info][gc,heap        ] GC(988) Eden regions: 571->0(571)
[6283.528s][info][gc,heap        ] GC(988) Survivor regions: 43->43(77)
[6283.528s][info][gc,heap        ] GC(988) Old regions: 244->252
[6283.528s][info][gc,heap        ] GC(988) Humongous regions: 33->33
[6283.528s][info][gc,metaspace   ] GC(988) Metaspace: 29991K(30144K)->29991K(30144K) NonClass: 29991K(30144K)->29991K(30144K) Class: 0K(0K)->0K(0K)
[6283.528s][info][gc             ] GC(988) Pause Young (Normal) (G1 Evacuation Pause) 7110M->2606M(8192M) 147.870ms
[6283.528s][info][gc,cpu         ] GC(988) User=1.17s Sys=0.00s Real=0.15s
...[6286.948s][info][gc,start       ] GC(989) Pause Young (Normal) (G1 Evacuation Pause)
[6286.948s][info][gc,task        ] GC(989) Using 8 workers of 8 for evacuation
[6287.099s][info][gc,phases      ] GC(989)   Pre Evacuate Collection Set: 0.23ms
[6287.099s][info][gc,phases      ] GC(989)   Merge Heap Roots: 0.54ms
[6287.099s][info][gc,phases      ] GC(989)   Evacuate Collection Set: 148.74ms
[6287.099s][info][gc,phases      ] GC(989)   Post Evacuate Collection Set: 1.03ms
[6287.099s][info][gc,phases      ] GC(989)   Other: 0.07ms
[6287.099s][info][gc,heap        ] GC(989) Eden regions: 571->0(571)
[6287.099s][info][gc,heap        ] GC(989) Survivor regions: 43->43(77)
[6287.099s][info][gc,heap        ] GC(989) Old regions: 252->259
[6287.099s][info][gc,heap        ] GC(989) Humongous regions: 33->33
[6287.099s][info][gc,metaspace   ] GC(989) Metaspace: 29991K(30144K)->29991K(30144K) NonClass: 29991K(30144K)->29991K(30144K) Class: 0K(0K)->0K(0K)
[6287.099s][info][gc             ] GC(989) Pause Young (Normal) (G1 Evacuation Pause) 7174M->2663M(8192M) 150.744ms
[6287.099s][info][gc,cpu         ] GC(989) User=1.20s Sys=0.00s Real=0.15s
....[6290.458s][info][gc,start       ] GC(990) Pause Young (Normal) (G1 Evacuation Pause)
[6290.458s][info][gc,task        ] GC(990) Using 8 workers of 8 for evacuation
[6290.610s][info][gc,phases      ] GC(990)   Pre Evacuate Collection Set: 0.23ms
[6290.610s][info][gc,phases      ] GC(990)   Merge Heap Roots: 0.54ms
[6290.610s][info][gc,phases      ] GC(990)   Evacuate Collection Set: 150.12ms
[6290.610s][info][gc,phases      ] GC(990)   Post Evacuate Collection Set: 1.03ms
[6290.610s][info][gc,phases      ] GC(990)   Other: 0.06ms
[6290.610s][info][gc,heap        ] GC(990) Eden regions: 571->0(571)
[6290.610s][info][gc,heap        ] GC(990) Survivor regions: 43->43(77)
[6290.610s][info][gc,heap        ] GC(990) Old regions: 259->266
[6290.610s][info][gc,heap        ] GC(990) Humongous regions: 33->33
[6290.610s][info][gc,metaspace   ] GC(990) Metaspace: 29991K(30144K)->29991K(30144K) NonClass: 29991K(30144K)->29991K(30144K) Class: 0K(0K)->0K(0K)
[6290.610s][info][gc             ] GC(990) Pause Young (Normal) (G1 Evacuation Pause) 7231M->2718M(8192M) 152.113ms
[6290.610s][info][gc,cpu         ] GC(990) User=1.21s Sys=0.00s Real=0.15s
...[6293.955s][info][gc,start       ] GC(991) Pause Young (Normal) (G1 Evacuation Pause)
[6293.955s][info][gc,task        ] GC(991) Using 8 workers of 8 for evacuation
[6294.101s][info][gc,phases      ] GC(991)   Pre Evacuate Collection Set: 0.24ms
[6294.101s][info][gc,phases      ] GC(991)   Merge Heap Roots: 0.54ms
[6294.101s][info][gc,phases      ] GC(991)   Evacuate Collection Set: 144.30ms
[6294.101s][info][gc,phases      ] GC(991)   Post Evacuate Collection Set: 1.05ms
[6294.101s][info][gc,phases      ] GC(991)   Other: 0.06ms
[6294.101s][info][gc,heap        ] GC(991) Eden regions: 571->0(572)
[6294.101s][info][gc,heap        ] GC(991) Survivor regions: 43->42(77)
[6294.101s][info][gc,heap        ] GC(991) Old regions: 266->273
[6294.101s][info][gc,heap        ] GC(991) Humongous regions: 33->33
[6294.101s][info][gc,metaspace   ] GC(991) Metaspace: 29991K(30144K)->29991K(30144K) NonClass: 29991K(30144K)->29991K(30144K) Class: 0K(0K)->0K(0K)
[6294.101s][info][gc             ] GC(991) Pause Young (Normal) (G1 Evacuation Pause) 7286M->2767M(8192M) 146.326ms
[6294.101s][info][gc,cpu         ] GC(991) User=1.16s Sys=0.00s Real=0.15s
....[6297.458s][info][gc,start       ] GC(992) Pause Young (Normal) (G1 Evacuation Pause)
[6297.458s][info][gc,task        ] GC(992) Using 8 workers of 8 for evacuation
[6297.613s][info][gc,phases      ] GC(992)   Pre Evacuate Collection Set: 0.24ms
[6297.613s][info][gc,phases      ] GC(992)   Merge Heap Roots: 0.57ms
[6297.613s][info][gc,phases      ] GC(992)   Evacuate Collection Set: 153.12ms
[6297.613s][info][gc,phases      ] GC(992)   Post Evacuate Collection Set: 1.06ms
[6297.613s][info][gc,phases      ] GC(992)   Other: 0.06ms
[6297.613s][info][gc,heap        ] GC(992) Eden regions: 572->0(570)
[6297.613s][info][gc,heap        ] GC(992) Survivor regions: 42->44(77)
[6297.613s][info][gc,heap        ] GC(992) Old regions: 273->280
[6297.613s][info][gc,heap        ] GC(992) Humongous regions: 33->33
[6297.613s][info][gc,metaspace   ] GC(992) Metaspace: 29991K(30144K)->29991K(30144K) NonClass: 29991K(30144K)->29991K(30144K) Class: 0K(0K)->0K(0K)
[6297.613s][info][gc             ] GC(992) Pause Young (Normal) (G1 Evacuation Pause) 7343M->2843M(8192M) 155.184ms
[6297.613s][info][gc,cpu         ] GC(992) User=1.23s Sys=0.00s Real=0.15s
...[6301.132s][info][gc,start       ] GC(993) Pause Young (Normal) (G1 Evacuation Pause)
[6301.132s][info][gc,task        ] GC(993) Using 8 workers of 8 for evacuation
[6301.288s][info][gc,phases      ] GC(993)   Pre Evacuate Collection Set: 0.23ms
[6301.288s][info][gc,phases      ] GC(993)   Merge Heap Roots: 0.52ms
[6301.288s][info][gc,phases      ] GC(993)   Evacuate Collection Set: 154.19ms
[6301.288s][info][gc,phases      ] GC(993)   Post Evacuate Collection Set: 1.06ms
[6301.288s][info][gc,phases      ] GC(993)   Other: 0.07ms
[6301.288s][info][gc,heap        ] GC(993) Eden regions: 570->0(565)
[6301.288s][info][gc,heap        ] GC(993) Survivor regions: 44->43(77)
[6301.288s][info][gc,heap        ] GC(993) Old regions: 280->288
[6301.288s][info][gc,heap        ] GC(993) Humongous regions: 33->33
[6301.288s][info][gc,metaspace   ] GC(993) Metaspace: 29991K(30144K)->29991K(30144K) NonClass: 29991K(30144K)->29991K(30144K) Class: 0K(0K)->0K(0K)
[6301.288s][info][gc             ] GC(993) Pause Young (Normal) (G1 Evacuation Pause) 7403M->2894M(8192M) 156.199ms
[6301.288s][info][gc,cpu         ] GC(993) User=1.23s Sys=0.00s Real=0.16s
....[6304.567s][info][gc,start       ] GC(994) Pause Young (Normal) (G1 Evacuation Pause)
[6304.567s][info][gc,task        ] GC(994) Using 8 workers of 8 for evacuation
[6304.722s][info][gc,phases      ] GC(994)   Pre Evacuate Collection Set: 0.25ms
[6304.722s][info][gc,phases      ] GC(994)   Merge Heap Roots: 0.52ms
[6304.722s][info][gc,phases      ] GC(994)   Evacuate Collection Set: 153.16ms
[6304.722s][info][gc,phases      ] GC(994)   Post Evacuate Collection Set: 1.05ms
[6304.722s][info][gc,phases      ] GC(994)   Other: 0.06ms
[6304.722s][info][gc,heap        ] GC(994) Eden regions: 565->0(556)
[6304.722s][info][gc,heap        ] GC(994) Survivor regions: 43->44(76)
[6304.722s][info][gc,heap        ] GC(994) Old regions: 288->295
[6304.722s][info][gc,heap        ] GC(994) Humongous regions: 33->33
[6304.722s][info][gc,metaspace   ] GC(994) Metaspace: 29991K(30144K)->29991K(30144K) NonClass: 29991K(30144K)->29991K(30144K) Class: 0K(0K)->0K(0K)
[6304.722s][info][gc             ] GC(994) Pause Young (Normal) (G1 Evacuation Pause) 7414M->2962M(8192M) 155.191ms
[6304.722s][info][gc,cpu         ] GC(994) User=1.22s Sys=0.00s Real=0.16s
. (rIR:aIR:PR = 10793:10767:10764) (tPR = 159627) [OK] 
  6305s: Performance info:
         Transaction,    Success,    Partial,     Failed,   Receipts, AvgBarcode, 
             Overall,     648990,          0,          0,     616363,      59.47, 
         Response times:
             Request,    Success,    Partial,     Failed,   SkipFail,     Probes,    Samples,      min,      p50,      p90,      p95,      p99,      max, 
       TotalPurchase,     616455,          0,          0,          0,     360214,     406008,      300,     7900,    41000,    77000,   134000,   620000,
     InStorePurchase,     323333,          0,          0,          0,     189251,     212904,      300,     8000,    41000,    76000,   133000,   620000,
      OnlinePurchase,     227918,          0,          0,          0,     132653,     149467,      300,     7800,    41000,    76000,   135000,   620000,
        InstPurchase,      65204,          0,          0,          0,      38310,      43637,      500,     8100,    43000,    81000,   136000,   462000,
          AssocOfCat,        650,          0,          0,          0,        535,        701,    31000,    55000,    98800,   148900,   210900,   239000,
      AssocOfProduct,       6485,          0,          0,          0,       3708,       4374,      400,     8700,    37000,    72000,   131000,   202000,
      BusinessReport,       1625,          0,          0,          0,       1418,       1706,    32000,    63000,   114000,   146950,   213930,   258000,
          CustBuyBeh,       6516,          0,          0,          0,       3792,       4453,      200,     7800,    39000,    69300,   140460,   620000,
       ProductReturn,      17439,          0,          0,          0,       9469,      11002,      200,     7100,    40000,    74000,   146000,   620000,

  6305s: (79%)   IR =  10931 ..[6308.023s][info][gc,start       ] GC(995) Pause Young (Normal) (G1 Evacuation Pause)
[6308.023s][info][gc,task        ] GC(995) Using 8 workers of 8 for evacuation
[6308.179s][info][gc,phases      ] GC(995)   Pre Evacuate Collection Set: 0.22ms
[6308.179s][info][gc,phases      ] GC(995)   Merge Heap Roots: 0.52ms
[6308.179s][info][gc,phases      ] GC(995)   Evacuate Collection Set: 153.51ms
[6308.179s][info][gc,phases      ] GC(995)   Post Evacuate Collection Set: 1.01ms
[6308.179s][info][gc,phases      ] GC(995)   Other: 0.06ms
[6308.179s][info][gc,heap        ] GC(995) Eden regions: 556->0(550)
[6308.179s][info][gc,heap        ] GC(995) Survivor regions: 44->43(75)
[6308.179s][info][gc,heap        ] GC(995) Old regions: 295->303
[6308.179s][info][gc,heap        ] GC(995) Humongous regions: 33->33
[6308.179s][info][gc,metaspace   ] GC(995) Metaspace: 29991K(30144K)->29991K(30144K) NonClass: 29991K(30144K)->29991K(30144K) Class: 0K(0K)->0K(0K)
[6308.179s][info][gc             ] GC(995) Pause Young (Normal) (G1 Evacuation Pause) 7410M->3013M(8192M) 155.457ms
[6308.179s][info][gc,cpu         ] GC(995) User=1.24s Sys=0.00s Real=0.16s
...[6311.214s][info][gc,start       ] GC(996) Pause Young (Concurrent Start) (G1 Evacuation Pause)
[6311.214s][info][gc,task        ] GC(996) Using 8 workers of 8 for evacuation
[6311.364s][info][gc,phases      ] GC(996)   Pre Evacuate Collection Set: 0.26ms
[6311.364s][info][gc,phases      ] GC(996)   Merge Heap Roots: 0.51ms
[6311.364s][info][gc,phases      ] GC(996)   Evacuate Collection Set: 147.85ms
[6311.364s][info][gc,phases      ] GC(996)   Post Evacuate Collection Set: 1.05ms
[6311.364s][info][gc,phases      ] GC(996)   Other: 0.08ms
[6311.364s][info][gc,heap        ] GC(996) Eden regions: 550->0(543)
[6311.364s][info][gc,heap        ] GC(996) Survivor regions: 43->43(75)
[6311.364s][info][gc,heap        ] GC(996) Old regions: 303->310
[6311.364s][info][gc,heap        ] GC(996) Humongous regions: 33->33
[6311.364s][info][gc,metaspace   ] GC(996) Metaspace: 29991K(30144K)->29991K(30144K) NonClass: 29991K(30144K)->29991K(30144K) Class: 0K(0K)->0K(0K)
[6311.364s][info][gc             ] GC(996) Pause Young (Concurrent Start) (G1 Evacuation Pause) 7413M->3072M(8192M) 149.866ms
[6311.364s][info][gc             ] GC(997) Concurrent Mark Cycle
[6311.364s][info][gc,marking     ] GC(997) Concurrent Scan Root Regions
[6311.364s][info][gc,cpu         ] GC(996) User=1.18s Sys=0.00s Real=0.15s
.[6311.729s][info][gc,marking     ] GC(997) Concurrent Scan Root Regions 365.208ms
[6311.729s][info][gc,marking     ] GC(997) Concurrent Mark
[6311.729s][info][gc,marking     ] GC(997) Concurrent Mark From Roots
[6311.729s][info][gc,task        ] GC(997) Using 2 workers of 2 for marking
.[6312.843s][info][gc,marking     ] GC(997) Concurrent Mark From Roots 1114.369ms
[6312.843s][info][gc,marking     ] GC(997) Concurrent Preclean
[6312.844s][info][gc,marking     ] GC(997) Concurrent Preclean 0.147ms
[6312.844s][info][gc,start       ] GC(997) Pause Remark
[6312.847s][info][gc             ] GC(997) Pause Remark 4758M->4254M(8192M) 2.964ms
[6312.847s][info][gc,cpu         ] GC(997) User=0.03s Sys=0.00s Real=0.00s
[6312.847s][info][gc,marking     ] GC(997) Concurrent Mark 1117.819ms
[6312.847s][info][gc,marking     ] GC(997) Concurrent Rebuild Remembered Sets and Scrub Regions
.[6313.620s][info][gc,marking     ] GC(997) Concurrent Rebuild Remembered Sets and Scrub Regions 772.783ms
[6313.620s][info][gc,start       ] GC(997) Pause Cleanup
[6313.620s][info][gc             ] GC(997) Pause Cleanup 5376M->5376M(8192M) 0.256ms
[6313.620s][info][gc,cpu         ] GC(997) User=0.00s Sys=0.00s Real=0.00s
[6313.620s][info][gc,marking     ] GC(997) Concurrent Clear Claimed Marks
[6313.620s][info][gc,marking     ] GC(997) Concurrent Clear Claimed Marks 0.049ms
[6313.620s][info][gc,marking     ] GC(997) Concurrent Cleanup for Next Mark
[6313.631s][info][gc,marking     ] GC(997) Concurrent Cleanup for Next Mark 10.322ms
[6313.631s][info][gc             ] GC(997) Concurrent Mark Cycle 2266.888ms
.[6314.624s][info][gc,start       ] GC(998) Pause Young (Prepare Mixed) (G1 Evacuation Pause)
[6314.624s][info][gc,task        ] GC(998) Using 8 workers of 8 for evacuation
[6314.781s][info][gc,phases      ] GC(998)   Pre Evacuate Collection Set: 0.23ms
[6314.781s][info][gc,phases      ] GC(998)   Merge Heap Roots: 0.77ms
[6314.781s][info][gc,phases      ] GC(998)   Evacuate Collection Set: 154.55ms
[6314.781s][info][gc,phases      ] GC(998)   Post Evacuate Collection Set: 1.10ms
[6314.781s][info][gc,phases      ] GC(998)   Other: 0.06ms
[6314.781s][info][gc,heap        ] GC(998) Eden regions: 543->0(570)
[6314.781s][info][gc,heap        ] GC(998) Survivor regions: 43->44(74)
[6314.781s][info][gc,heap        ] GC(998) Old regions: 247->254
[6314.781s][info][gc,heap        ] GC(998) Humongous regions: 33->33
[6314.781s][info][gc,metaspace   ] GC(998) Metaspace: 29991K(30144K)->29991K(30144K) NonClass: 29991K(30144K)->29991K(30144K) Class: 0K(0K)->0K(0K)
[6314.781s][info][gc             ] GC(998) Pause Young (Prepare Mixed) (G1 Evacuation Pause) 6912M->2633M(8192M) 156.852ms
[6314.781s][info][gc,cpu         ] GC(998) User=1.24s Sys=0.00s Real=0.16s
...[6318.181s][info][gc,start       ] GC(999) Pause Young (Mixed) (G1 Evacuation Pause)
[6318.181s][info][gc,task        ] GC(999) Using 8 workers of 8 for evacuation
[6318.338s][info][gc,phases      ] GC(999)   Pre Evacuate Collection Set: 0.27ms
[6318.338s][info][gc,phases      ] GC(999)   Merge Heap Roots: 0.83ms
[6318.338s][info][gc,phases      ] GC(999)   Evacuate Collection Set: 154.53ms
[6318.338s][info][gc,phases      ] GC(999)   Post Evacuate Collection Set: 1.29ms
[6318.338s][info][gc,phases      ] GC(999)   Other: 0.08ms
[6318.338s][info][gc,heap        ] GC(999) Eden regions: 570->0(571)
[6318.338s][info][gc,heap        ] GC(999) Survivor regions: 44->43(77)
[6318.338s][info][gc,heap        ] GC(999) Old regions: 254->159
[6318.338s][info][gc,heap        ] GC(999) Humongous regions: 33->33
[6318.338s][info][gc,metaspace   ] GC(999) Metaspace: 29991K(30144K)->29991K(30144K) NonClass: 29991K(30144K)->29991K(30144K) Class: 0K(0K)->0K(0K)
[6318.338s][info][gc             ] GC(999) Pause Young (Mixed) (G1 Evacuation Pause) 7193M->1861M(8192M) 157.124ms
[6318.338s][info][gc,cpu         ] GC(999) User=1.24s Sys=0.00s Real=0.16s
....[6321.650s][info][gc,start       ] GC(1000) Pause Young (Mixed) (G1 Evacuation Pause)
[6321.650s][info][gc,task        ] GC(1000) Using 8 workers of 8 for evacuation
[6321.810s][info][gc,phases      ] GC(1000)   Pre Evacuate Collection Set: 0.27ms
[6321.810s][info][gc,phases      ] GC(1000)   Merge Heap Roots: 0.95ms
[6321.810s][info][gc,phases      ] GC(1000)   Evacuate Collection Set: 157.66ms
[6321.810s][info][gc,phases      ] GC(1000)   Post Evacuate Collection Set: 1.09ms
[6321.810s][info][gc,phases      ] GC(1000)   Other: 0.07ms
[6321.810s][info][gc,heap        ] GC(1000) Eden regions: 571->0(571)
[6321.810s][info][gc,heap        ] GC(1000) Survivor regions: 43->43(77)
[6321.810s][info][gc,heap        ] GC(1000) Old regions: 159->143
[6321.810s][info][gc,heap        ] GC(1000) Humongous regions: 33->33
[6321.810s][info][gc,metaspace   ] GC(1000) Metaspace: 29991K(30144K)->29991K(30144K) NonClass: 29991K(30144K)->29991K(30144K) Class: 0K(0K)->0K(0K)
[6321.810s][info][gc             ] GC(1000) Pause Young (Mixed) (G1 Evacuation Pause) 6429M->1734M(8192M) 160.183ms
[6321.810s][info][gc,cpu         ] GC(1000) User=1.26s Sys=0.00s Real=0.16s
..|.[6325.268s][info][gc,start       ] GC(1001) Pause Young (Normal) (G1 Evacuation Pause)
[6325.268s][info][gc,task        ] GC(1001) Using 8 workers of 8 for evacuation
[6325.420s][info][gc,phases      ] GC(1001)   Pre Evacuate Collection Set: 0.23ms
[6325.420s][info][gc,phases      ] GC(1001)   Merge Heap Roots: 0.52ms
[6325.420s][info][gc,phases      ] GC(1001)   Evacuate Collection Set: 150.71ms
[6325.420s][info][gc,phases      ] GC(1001)   Post Evacuate Collection Set: 1.05ms
[6325.420s][info][gc,phases      ] GC(1001)   Other: 0.06ms
[6325.420s][info][gc,heap        ] GC(1001) Eden regions: 571->0(571)
[6325.420s][info][gc,heap        ] GC(1001) Survivor regions: 43->43(77)
[6325.420s][info][gc,heap        ] GC(1001) Old regions: 143->150
[6325.420s][info][gc,heap        ] GC(1001) Humongous regions: 33->33
[6325.420s][info][gc,metaspace   ] GC(1001) Metaspace: 29991K(30144K)->29991K(30144K) NonClass: 29991K(30144K)->29991K(30144K) Class: 0K(0K)->0K(0K)
[6325.420s][info][gc             ] GC(1001) Pause Young (Normal) (G1 Evacuation Pause) 6302M->1791M(8192M) 152.702ms
[6325.420s][info][gc,cpu         ] GC(1001) User=1.21s Sys=0.00s Real=0.15s
....[6328.775s][info][gc,start       ] GC(1002) Pause Young (Normal) (G1 Evacuation Pause)
[6328.775s][info][gc,task        ] GC(1002) Using 8 workers of 8 for evacuation
[6328.925s][info][gc,phases      ] GC(1002)   Pre Evacuate Collection Set: 0.25ms
[6328.925s][info][gc,phases      ] GC(1002)   Merge Heap Roots: 0.58ms
[6328.925s][info][gc,phases      ] GC(1002)   Evacuate Collection Set: 147.74ms
[6328.925s][info][gc,phases      ] GC(1002)   Post Evacuate Collection Set: 1.07ms
[6328.925s][info][gc,phases      ] GC(1002)   Other: 0.06ms
[6328.925s][info][gc,heap        ] GC(1002) Eden regions: 571->0(571)
[6328.925s][info][gc,heap        ] GC(1002) Survivor regions: 43->43(77)
[6328.925s][info][gc,heap        ] GC(1002) Old regions: 150->157
[6328.925s][info][gc,heap        ] GC(1002) Humongous regions: 33->33
[6328.925s][info][gc,metaspace   ] GC(1002) Metaspace: 29991K(30144K)->29991K(30144K) NonClass: 29991K(30144K)->29991K(30144K) Class: 0K(0K)->0K(0K)
[6328.925s][info][gc             ] GC(1002) Pause Young (Normal) (G1 Evacuation Pause) 6359M->1846M(8192M) 149.837ms
[6328.925s][info][gc,cpu         ] GC(1002) User=1.18s Sys=0.01s Real=0.15s
...[6332.281s][info][gc,start       ] GC(1003) Pause Young (Normal) (G1 Evacuation Pause)
[6332.281s][info][gc,task        ] GC(1003) Using 8 workers of 8 for evacuation
[6332.438s][info][gc,phases      ] GC(1003)   Pre Evacuate Collection Set: 0.23ms
[6332.438s][info][gc,phases      ] GC(1003)   Merge Heap Roots: 0.53ms
[6332.438s][info][gc,phases      ] GC(1003)   Evacuate Collection Set: 154.80ms
[6332.438s][info][gc,phases      ] GC(1003)   Post Evacuate Collection Set: 1.05ms
[6332.438s][info][gc,phases      ] GC(1003)   Other: 0.06ms
[6332.438s][info][gc,heap        ] GC(1003) Eden regions: 571->0(570)
[6332.438s][info][gc,heap        ] GC(1003) Survivor regions: 43->44(77)
[6332.438s][info][gc,heap        ] GC(1003) Old regions: 157->165
[6332.438s][info][gc,heap        ] GC(1003) Humongous regions: 33->33
[6332.438s][info][gc,metaspace   ] GC(1003) Metaspace: 29991K(30144K)->29991K(30144K) NonClass: 29991K(30144K)->29991K(30144K) Class: 0K(0K)->0K(0K)
[6332.438s][info][gc             ] GC(1003) Pause Young (Normal) (G1 Evacuation Pause) 6414M->1917M(8192M) 156.806ms
[6332.438s][info][gc,cpu         ] GC(1003) User=1.24s Sys=0.00s Real=0.16s
....[6335.730s][info][gc,start       ] GC(1004) Pause Young (Normal) (G1 Evacuation Pause)
[6335.730s][info][gc,task        ] GC(1004) Using 8 workers of 8 for evacuation
[6335.881s][info][gc,phases      ] GC(1004)   Pre Evacuate Collection Set: 0.25ms
[6335.881s][info][gc,phases      ] GC(1004)   Merge Heap Roots: 0.53ms
[6335.881s][info][gc,phases      ] GC(1004)   Evacuate Collection Set: 148.63ms
[6335.881s][info][gc,phases      ] GC(1004)   Post Evacuate Collection Set: 1.05ms
[6335.881s][info][gc,phases      ] GC(1004)   Other: 0.07ms
[6335.881s][info][gc,heap        ] GC(1004) Eden regions: 570->0(571)
[6335.881s][info][gc,heap        ] GC(1004) Survivor regions: 44->43(77)
[6335.881s][info][gc,heap        ] GC(1004) Old regions: 165->172
[6335.881s][info][gc,heap        ] GC(1004) Humongous regions: 33->33
[6335.881s][info][gc,metaspace   ] GC(1004) Metaspace: 29991K(30144K)->29991K(30144K) NonClass: 29991K(30144K)->29991K(30144K) Class: 0K(0K)->0K(0K)
[6335.881s][info][gc             ] GC(1004) Pause Young (Normal) (G1 Evacuation Pause) 6477M->1966M(8192M) 150.666ms
[6335.881s][info][gc,cpu         ] GC(1004) User=1.19s Sys=0.01s Real=0.15s
...[6339.348s][info][gc,start       ] GC(1005) Pause Young (Normal) (G1 Evacuation Pause)
[6339.349s][info][gc,task        ] GC(1005) Using 8 workers of 8 for evacuation
[6339.509s][info][gc,phases      ] GC(1005)   Pre Evacuate Collection Set: 0.24ms
[6339.509s][info][gc,phases      ] GC(1005)   Merge Heap Roots: 0.58ms
[6339.509s][info][gc,phases      ] GC(1005)   Evacuate Collection Set: 158.39ms
[6339.509s][info][gc,phases      ] GC(1005)   Post Evacuate Collection Set: 1.04ms
[6339.509s][info][gc,phases      ] GC(1005)   Other: 0.06ms
[6339.509s][info][gc,heap        ] GC(1005) Eden regions: 571->0(569)
[6339.509s][info][gc,heap        ] GC(1005) Survivor regions: 43->45(77)
[6339.509s][info][gc,heap        ] GC(1005) Old regions: 172->179
[6339.509s][info][gc,heap        ] GC(1005) Humongous regions: 33->33
[6339.509s][info][gc,metaspace   ] GC(1005) Metaspace: 29991K(30144K)->29991K(30144K) NonClass: 29991K(30144K)->29991K(30144K) Class: 0K(0K)->0K(0K)
[6339.509s][info][gc             ] GC(1005) Pause Young (Normal) (G1 Evacuation Pause) 6534M->2042M(8192M) 160.435ms
[6339.509s][info][gc,cpu         ] GC(1005) User=1.27s Sys=0.00s Real=0.16s
....[6342.809s][info][gc,start       ] GC(1006) Pause Young (Normal) (G1 Evacuation Pause)
[6342.809s][info][gc,task        ] GC(1006) Using 8 workers of 8 for evacuation
[6342.956s][info][gc,phases      ] GC(1006)   Pre Evacuate Collection Set: 0.23ms
[6342.956s][info][gc,phases      ] GC(1006)   Merge Heap Roots: 0.52ms
[6342.956s][info][gc,phases      ] GC(1006)   Evacuate Collection Set: 144.89ms
[6342.956s][info][gc,phases      ] GC(1006)   Post Evacuate Collection Set: 1.02ms
[6342.956s][info][gc,phases      ] GC(1006)   Other: 0.06ms
[6342.956s][info][gc,heap        ] GC(1006) Eden regions: 569->0(573)
[6342.956s][info][gc,heap        ] GC(1006) Survivor regions: 45->41(77)
[6342.956s][info][gc,heap        ] GC(1006) Old regions: 179->187
[6342.956s][info][gc,heap        ] GC(1006) Humongous regions: 33->33
[6342.956s][info][gc,metaspace   ] GC(1006) Metaspace: 29991K(30144K)->29991K(30144K) NonClass: 29991K(30144K)->29991K(30144K) Class: 0K(0K)->0K(0K)
[6342.956s][info][gc             ] GC(1006) Pause Young (Normal) (G1 Evacuation Pause) 6594M->2070M(8192M) 146.851ms
[6342.956s][info][gc,cpu         ] GC(1006) User=1.16s Sys=0.00s Real=0.14s
...[6346.310s][info][gc,start       ] GC(1007) Pause Young (Normal) (G1 Evacuation Pause)
[6346.310s][info][gc,task        ] GC(1007) Using 8 workers of 8 for evacuation
[6346.460s][info][gc,phases      ] GC(1007)   Pre Evacuate Collection Set: 0.22ms
[6346.460s][info][gc,phases      ] GC(1007)   Merge Heap Roots: 0.52ms
[6346.460s][info][gc,phases      ] GC(1007)   Evacuate Collection Set: 148.26ms
[6346.460s][info][gc,phases      ] GC(1007)   Post Evacuate Collection Set: 1.05ms
[6346.460s][info][gc,phases      ] GC(1007)   Other: 0.06ms
[6346.461s][info][gc,heap        ] GC(1007) Eden regions: 573->0(571)
[6346.461s][info][gc,heap        ] GC(1007) Survivor regions: 41->43(77)
[6346.461s][info][gc,heap        ] GC(1007) Old regions: 187->194
[6346.461s][info][gc,heap        ] GC(1007) Humongous regions: 33->33
[6346.461s][info][gc,metaspace   ] GC(1007) Metaspace: 29991K(30144K)->29991K(30144K) NonClass: 29991K(30144K)->29991K(30144K) Class: 0K(0K)->0K(0K)
[6346.461s][info][gc             ] GC(1007) Pause Young (Normal) (G1 Evacuation Pause) 6654M->2144M(8192M) 150.266ms
[6346.461s][info][gc,cpu         ] GC(1007) User=1.19s Sys=0.00s Real=0.15s
....[6349.903s][info][gc,start       ] GC(1008) Pause Young (Normal) (G1 Evacuation Pause)
[6349.903s][info][gc,task        ] GC(1008) Using 8 workers of 8 for evacuation
[6350.052s][info][gc,phases      ] GC(1008)   Pre Evacuate Collection Set: 0.24ms
[6350.052s][info][gc,phases      ] GC(1008)   Merge Heap Roots: 0.53ms
[6350.052s][info][gc,phases      ] GC(1008)   Evacuate Collection Set: 147.79ms
[6350.052s][info][gc,phases      ] GC(1008)   Post Evacuate Collection Set: 1.05ms
[6350.052s][info][gc,phases      ] GC(1008)   Other: 0.07ms
[6350.052s][info][gc,heap        ] GC(1008) Eden regions: 571->0(572)
[6350.052s][info][gc,heap        ] GC(1008) Survivor regions: 43->42(77)
[6350.052s][info][gc,heap        ] GC(1008) Old regions: 194->201
[6350.052s][info][gc,heap        ] GC(1008) Humongous regions: 33->33
[6350.052s][info][gc,metaspace   ] GC(1008) Metaspace: 29991K(30144K)->29991K(30144K) NonClass: 29991K(30144K)->29991K(30144K) Class: 0K(0K)->0K(0K)
[6350.052s][info][gc             ] GC(1008) Pause Young (Normal) (G1 Evacuation Pause) 6712M->2194M(8192M) 149.801ms
[6350.052s][info][gc,cpu         ] GC(1008) User=1.19s Sys=0.00s Real=0.15s
...[6353.284s][info][gc,start       ] GC(1009) Pause Young (Normal) (G1 Evacuation Pause)
[6353.284s][info][gc,task        ] GC(1009) Using 8 workers of 8 for evacuation
[6353.434s][info][gc,phases      ] GC(1009)   Pre Evacuate Collection Set: 0.25ms
[6353.434s][info][gc,phases      ] GC(1009)   Merge Heap Roots: 0.52ms
[6353.434s][info][gc,phases      ] GC(1009)   Evacuate Collection Set: 147.93ms
[6353.434s][info][gc,phases      ] GC(1009)   Post Evacuate Collection Set: 1.04ms
[6353.434s][info][gc,phases      ] GC(1009)   Other: 0.06ms
[6353.434s][info][gc,heap        ] GC(1009) Eden regions: 572->0(571)
[6353.434s][info][gc,heap        ] GC(1009) Survivor regions: 42->43(77)
[6353.434s][info][gc,heap        ] GC(1009) Old regions: 201->208
[6353.434s][info][gc,heap        ] GC(1009) Humongous regions: 33->33
[6353.434s][info][gc,metaspace   ] GC(1009) Metaspace: 29991K(30144K)->29991K(30144K) NonClass: 29991K(30144K)->29991K(30144K) Class: 0K(0K)->0K(0K)
[6353.434s][info][gc             ] GC(1009) Pause Young (Normal) (G1 Evacuation Pause) 6770M->2259M(8192M) 149.930ms
[6353.434s][info][gc,cpu         ] GC(1009) User=1.18s Sys=0.01s Real=0.15s
....[6356.881s][info][gc,start       ] GC(1010) Pause Young (Normal) (G1 Evacuation Pause)
[6356.881s][info][gc,task        ] GC(1010) Using 8 workers of 8 for evacuation
[6357.030s][info][gc,phases      ] GC(1010)   Pre Evacuate Collection Set: 0.24ms
[6357.030s][info][gc,phases      ] GC(1010)   Merge Heap Roots: 0.53ms
[6357.030s][info][gc,phases      ] GC(1010)   Evacuate Collection Set: 146.82ms
[6357.030s][info][gc,phases      ] GC(1010)   Post Evacuate Collection Set: 1.06ms
[6357.030s][info][gc,phases      ] GC(1010)   Other: 0.06ms
[6357.030s][info][gc,heap        ] GC(1010) Eden regions: 571->0(572)
[6357.030s][info][gc,heap        ] GC(1010) Survivor regions: 43->42(77)
[6357.030s][info][gc,heap        ] GC(1010) Old regions: 208->216
[6357.030s][info][gc,heap        ] GC(1010) Humongous regions: 33->33
[6357.030s][info][gc,metaspace   ] GC(1010) Metaspace: 29991K(30144K)->29991K(30144K) NonClass: 29991K(30144K)->29991K(30144K) Class: 0K(0K)->0K(0K)
[6357.030s][info][gc             ] GC(1010) Pause Young (Normal) (G1 Evacuation Pause) 6827M->2311M(8192M) 148.846ms
[6357.030s][info][gc,cpu         ] GC(1010) User=1.18s Sys=0.00s Real=0.15s
...[6360.324s][info][gc,start       ] GC(1011) Pause Young (Normal) (G1 Evacuation Pause)
[6360.324s][info][gc,task        ] GC(1011) Using 8 workers of 8 for evacuation
[6360.478s][info][gc,phases      ] GC(1011)   Pre Evacuate Collection Set: 0.26ms
[6360.478s][info][gc,phases      ] GC(1011)   Merge Heap Roots: 0.53ms
[6360.478s][info][gc,phases      ] GC(1011)   Evacuate Collection Set: 151.59ms
[6360.478s][info][gc,phases      ] GC(1011)   Post Evacuate Collection Set: 1.03ms
[6360.478s][info][gc,phases      ] GC(1011)   Other: 0.06ms
[6360.478s][info][gc,heap        ] GC(1011) Eden regions: 572->0(570)
[6360.478s][info][gc,heap        ] GC(1011) Survivor regions: 42->44(77)
[6360.478s][info][gc,heap        ] GC(1011) Old regions: 216->223
[6360.478s][info][gc,heap        ] GC(1011) Humongous regions: 33->33
[6360.478s][info][gc,metaspace   ] GC(1011) Metaspace: 29991K(30144K)->29991K(30144K) NonClass: 29991K(30144K)->29991K(30144K) Class: 0K(0K)->0K(0K)
[6360.478s][info][gc             ] GC(1011) Pause Young (Normal) (G1 Evacuation Pause) 6887M->2383M(8192M) 153.614ms
[6360.478s][info][gc,cpu         ] GC(1011) User=1.22s Sys=0.00s Real=0.16s
....[6363.834s][info][gc,start       ] GC(1012) Pause Young (Normal) (G1 Evacuation Pause)
[6363.834s][info][gc,task        ] GC(1012) Using 8 workers of 8 for evacuation
[6363.985s][info][gc,phases      ] GC(1012)   Pre Evacuate Collection Set: 0.22ms
[6363.985s][info][gc,phases      ] GC(1012)   Merge Heap Roots: 0.52ms
[6363.985s][info][gc,phases      ] GC(1012)   Evacuate Collection Set: 149.07ms
[6363.985s][info][gc,phases      ] GC(1012)   Post Evacuate Collection Set: 1.05ms
[6363.985s][info][gc,phases      ] GC(1012)   Other: 0.06ms
[6363.985s][info][gc,heap        ] GC(1012) Eden regions: 570->0(571)
[6363.985s][info][gc,heap        ] GC(1012) Survivor regions: 44->43(77)
[6363.985s][info][gc,heap        ] GC(1012) Old regions: 223->230
[6363.985s][info][gc,heap        ] GC(1012) Humongous regions: 33->33
[6363.985s][info][gc,metaspace   ] GC(1012) Metaspace: 29991K(30144K)->29991K(30144K) NonClass: 29991K(30144K)->29991K(30144K) Class: 0K(0K)->0K(0K)
[6363.985s][info][gc             ] GC(1012) Pause Young (Normal) (G1 Evacuation Pause) 6943M->2433M(8192M) 151.059ms
[6363.985s][info][gc,cpu         ] GC(1012) User=1.20s Sys=0.00s Real=0.15s
...[6367.427s][info][gc,start       ] GC(1013) Pause Young (Normal) (G1 Evacuation Pause)
[6367.427s][info][gc,task        ] GC(1013) Using 8 workers of 8 for evacuation
[6367.577s][info][gc,phases      ] GC(1013)   Pre Evacuate Collection Set: 0.26ms
[6367.577s][info][gc,phases      ] GC(1013)   Merge Heap Roots: 0.56ms
[6367.577s][info][gc,phases      ] GC(1013)   Evacuate Collection Set: 147.52ms
[6367.577s][info][gc,phases      ] GC(1013)   Post Evacuate Collection Set: 1.06ms
[6367.577s][info][gc,phases      ] GC(1013)   Other: 0.06ms
[6367.577s][info][gc,heap        ] GC(1013) Eden regions: 571->0(571)
[6367.577s][info][gc,heap        ] GC(1013) Survivor regions: 43->43(77)
[6367.577s][info][gc,heap        ] GC(1013) Old regions: 230->237
[6367.577s][info][gc,heap        ] GC(1013) Humongous regions: 33->33
[6367.577s][info][gc,metaspace   ] GC(1013) Metaspace: 29991K(30144K)->29991K(30144K) NonClass: 29991K(30144K)->29991K(30144K) Class: 0K(0K)->0K(0K)
[6367.577s][info][gc             ] GC(1013) Pause Young (Normal) (G1 Evacuation Pause) 7001M->2490M(8192M) 149.585ms
[6367.577s][info][gc,cpu         ] GC(1013) User=1.18s Sys=0.00s Real=0.14s
....[6370.976s][info][gc,start       ] GC(1014) Pause Young (Normal) (G1 Evacuation Pause)
[6370.977s][info][gc,task        ] GC(1014) Using 8 workers of 8 for evacuation
[6371.125s][info][gc,phases      ] GC(1014)   Pre Evacuate Collection Set: 0.24ms
[6371.125s][info][gc,phases      ] GC(1014)   Merge Heap Roots: 0.55ms
[6371.125s][info][gc,phases      ] GC(1014)   Evacuate Collection Set: 146.29ms
[6371.125s][info][gc,phases      ] GC(1014)   Post Evacuate Collection Set: 1.06ms
[6371.125s][info][gc,phases      ] GC(1014)   Other: 0.06ms
[6371.125s][info][gc,heap        ] GC(1014) Eden regions: 571->0(571)
[6371.125s][info][gc,heap        ] GC(1014) Survivor regions: 43->43(77)
[6371.125s][info][gc,heap        ] GC(1014) Old regions: 237->244
[6371.125s][info][gc,heap        ] GC(1014) Humongous regions: 33->33
[6371.125s][info][gc,metaspace   ] GC(1014) Metaspace: 29991K(30144K)->29991K(30144K) NonClass: 29991K(30144K)->29991K(30144K) Class: 0K(0K)->0K(0K)
[6371.125s][info][gc             ] GC(1014) Pause Young (Normal) (G1 Evacuation Pause) 7058M->2543M(8192M) 148.344ms
[6371.125s][info][gc,cpu         ] GC(1014) User=1.18s Sys=0.00s Real=0.15s
...[6374.540s][info][gc,start       ] GC(1015) Pause Young (Normal) (G1 Evacuation Pause)
[6374.540s][info][gc,task        ] GC(1015) Using 8 workers of 8 for evacuation
[6374.690s][info][gc,phases      ] GC(1015)   Pre Evacuate Collection Set: 0.24ms
[6374.690s][info][gc,phases      ] GC(1015)   Merge Heap Roots: 0.54ms
[6374.690s][info][gc,phases      ] GC(1015)   Evacuate Collection Set: 147.52ms
[6374.690s][info][gc,phases      ] GC(1015)   Post Evacuate Collection Set: 1.05ms
[6374.690s][info][gc,phases      ] GC(1015)   Other: 0.06ms
[6374.690s][info][gc,heap        ] GC(1015) Eden regions: 571->0(571)
[6374.690s][info][gc,heap        ] GC(1015) Survivor regions: 43->43(77)
[6374.690s][info][gc,heap        ] GC(1015) Old regions: 244->251
[6374.690s][info][gc,heap        ] GC(1015) Humongous regions: 33->33
[6374.690s][info][gc,metaspace   ] GC(1015) Metaspace: 29991K(30144K)->29991K(30144K) NonClass: 29991K(30144K)->29991K(30144K) Class: 0K(0K)->0K(0K)
[6374.690s][info][gc             ] GC(1015) Pause Young (Normal) (G1 Evacuation Pause) 7111M->2603M(8192M) 149.533ms
[6374.690s][info][gc,cpu         ] GC(1015) User=1.18s Sys=0.00s Real=0.15s
....[6378.245s][info][gc,start       ] GC(1016) Pause Young (Normal) (G1 Evacuation Pause)
[6378.245s][info][gc,task        ] GC(1016) Using 8 workers of 8 for evacuation
[6378.397s][info][gc,phases      ] GC(1016)   Pre Evacuate Collection Set: 0.26ms
[6378.397s][info][gc,phases      ] GC(1016)   Merge Heap Roots: 0.56ms
[6378.397s][info][gc,phases      ] GC(1016)   Evacuate Collection Set: 150.32ms
[6378.397s][info][gc,phases      ] GC(1016)   Post Evacuate Collection Set: 1.04ms
[6378.397s][info][gc,phases      ] GC(1016)   Other: 0.06ms
[6378.397s][info][gc,heap        ] GC(1016) Eden regions: 571->0(571)
[6378.397s][info][gc,heap        ] GC(1016) Survivor regions: 43->43(77)
[6378.397s][info][gc,heap        ] GC(1016) Old regions: 251->259
[6378.397s][info][gc,heap        ] GC(1016) Humongous regions: 33->33
[6378.397s][info][gc,metaspace   ] GC(1016) Metaspace: 29991K(30144K)->29991K(30144K) NonClass: 29991K(30144K)->29991K(30144K) Class: 0K(0K)->0K(0K)
[6378.397s][info][gc             ] GC(1016) Pause Young (Normal) (G1 Evacuation Pause) 7171M->2665M(8192M) 152.367ms
[6378.397s][info][gc,cpu         ] GC(1016) User=1.21s Sys=0.00s Real=0.15s
...[6381.614s][info][gc,start       ] GC(1017) Pause Young (Normal) (G1 Evacuation Pause)
[6381.614s][info][gc,task        ] GC(1017) Using 8 workers of 8 for evacuation
[6381.768s][info][gc,phases      ] GC(1017)   Pre Evacuate Collection Set: 0.24ms
[6381.768s][info][gc,phases      ] GC(1017)   Merge Heap Roots: 0.57ms
[6381.768s][info][gc,phases      ] GC(1017)   Evacuate Collection Set: 152.30ms
[6381.768s][info][gc,phases      ] GC(1017)   Post Evacuate Collection Set: 1.04ms
[6381.768s][info][gc,phases      ] GC(1017)   Other: 0.06ms
[6381.768s][info][gc,heap        ] GC(1017) Eden regions: 571->0(570)
[6381.768s][info][gc,heap        ] GC(1017) Survivor regions: 43->44(77)
[6381.768s][info][gc,heap        ] GC(1017) Old regions: 259->266
[6381.768s][info][gc,heap        ] GC(1017) Humongous regions: 33->33
[6381.768s][info][gc,metaspace   ] GC(1017) Metaspace: 29991K(30144K)->29991K(30144K) NonClass: 29991K(30144K)->29991K(30144K) Class: 0K(0K)->0K(0K)
[6381.768s][info][gc             ] GC(1017) Pause Young (Normal) (G1 Evacuation Pause) 7233M->2725M(8192M) 154.330ms
[6381.768s][info][gc,cpu         ] GC(1017) User=1.22s Sys=0.00s Real=0.16s
... (rIR:aIR:PR = 10931:10865:10867) (tPR = 161170) [OK] 
  6383s: Performance info:
         Transaction,    Success,    Partial,     Failed,   Receipts, AvgBarcode, 
             Overall,     656002,          0,          0,     623129,      59.48, 
         Response times:
             Request,    Success,    Partial,     Failed,   SkipFail,     Probes,    Samples,      min,      p50,      p90,      p95,      p99,      max, 
       TotalPurchase,     623027,          0,          0,          0,     357385,     471916,      300,     8200,    59000,    96000,   164000,  2000000,
     InStorePurchase,     327897,          0,          0,          0,     187964,     247539,      300,     8200,    59000,    95000,   166000,  2000000,
      OnlinePurchase,     228942,          0,          0,          0,     131199,     173301,      300,     8300,    60000,    97000,   163000,  2000000,
        InstPurchase,      66188,          0,          0,          0,      38222,      51076,      400,     8100,    58000,    94000,   157000,   820000,
          AssocOfCat,        666,          0,          0,          0,        567,        826,    27000,    60500,   125000,   178950,   260300,   501000,
      AssocOfProduct,       6691,          0,          0,          0,       3834,       5345,      600,     8800,    62000,    96000,   160540,   740000,
      BusinessReport,       1653,          0,          0,          0,       1477,       2150,    32000,    66000,   133000,   179000,   231000,   524000,
          CustBuyBeh,       6505,          0,          0,          0,       3886,       5366,      100,     7300,    64000,    99000,   197000,  1300000,
       ProductReturn,      17298,          0,          0,          0,       9804,      13214,      200,     8100,    60000,    98000,   175000,  2000000,

  6383s: (80%)   IR =  11070 .[6385.178s][info][gc,start       ] GC(1018) Pause Young (Normal) (G1 Evacuation Pause)
[6385.178s][info][gc,task        ] GC(1018) Using 8 workers of 8 for evacuation
[6385.332s][info][gc,phases      ] GC(1018)   Pre Evacuate Collection Set: 0.24ms
[6385.332s][info][gc,phases      ] GC(1018)   Merge Heap Roots: 0.56ms
[6385.332s][info][gc,phases      ] GC(1018)   Evacuate Collection Set: 151.98ms
[6385.332s][info][gc,phases      ] GC(1018)   Post Evacuate Collection Set: 1.07ms
[6385.332s][info][gc,phases      ] GC(1018)   Other: 0.06ms
[6385.332s][info][gc,heap        ] GC(1018) Eden regions: 570->0(571)
[6385.332s][info][gc,heap        ] GC(1018) Survivor regions: 44->43(77)
[6385.332s][info][gc,heap        ] GC(1018) Old regions: 266->273
[6385.332s][info][gc,heap        ] GC(1018) Humongous regions: 33->33
[6385.332s][info][gc,metaspace   ] GC(1018) Metaspace: 29991K(30144K)->29991K(30144K) NonClass: 29991K(30144K)->29991K(30144K) Class: 0K(0K)->0K(0K)
[6385.332s][info][gc             ] GC(1018) Pause Young (Normal) (G1 Evacuation Pause) 7285M->2778M(8192M) 154.045ms
[6385.332s][info][gc,cpu         ] GC(1018) User=1.22s Sys=0.00s Real=0.15s
...[6388.544s][info][gc,start       ] GC(1019) Pause Young (Normal) (G1 Evacuation Pause)
[6388.544s][info][gc,task        ] GC(1019) Using 8 workers of 8 for evacuation
[6388.696s][info][gc,phases      ] GC(1019)   Pre Evacuate Collection Set: 0.21ms
[6388.696s][info][gc,phases      ] GC(1019)   Merge Heap Roots: 0.56ms
[6388.696s][info][gc,phases      ] GC(1019)   Evacuate Collection Set: 150.08ms
[6388.696s][info][gc,phases      ] GC(1019)   Post Evacuate Collection Set: 1.04ms
[6388.696s][info][gc,phases      ] GC(1019)   Other: 0.06ms
[6388.696s][info][gc,heap        ] GC(1019) Eden regions: 571->0(571)
[6388.696s][info][gc,heap        ] GC(1019) Survivor regions: 43->43(77)
[6388.696s][info][gc,heap        ] GC(1019) Old regions: 273->280
[6388.696s][info][gc,heap        ] GC(1019) Humongous regions: 33->33
[6388.696s][info][gc,metaspace   ] GC(1019) Metaspace: 29991K(30144K)->29991K(30144K) NonClass: 29991K(30144K)->29991K(30144K) Class: 0K(0K)->0K(0K)
[6388.696s][info][gc             ] GC(1019) Pause Young (Normal) (G1 Evacuation Pause) 7346M->2835M(8192M) 152.108ms
[6388.696s][info][gc,cpu         ] GC(1019) User=1.21s Sys=0.00s Real=0.15s
.|...[6391.981s][info][gc,start       ] GC(1020) Pause Young (Normal) (G1 Evacuation Pause)
[6391.981s][info][gc,task        ] GC(1020) Using 8 workers of 8 for evacuation
[6392.132s][info][gc,phases      ] GC(1020)   Pre Evacuate Collection Set: 0.23ms
[6392.132s][info][gc,phases      ] GC(1020)   Merge Heap Roots: 0.54ms
[6392.132s][info][gc,phases      ] GC(1020)   Evacuate Collection Set: 149.16ms
[6392.132s][info][gc,phases      ] GC(1020)   Post Evacuate Collection Set: 1.04ms
[6392.132s][info][gc,phases      ] GC(1020)   Other: 0.08ms
[6392.132s][info][gc,heap        ] GC(1020) Eden regions: 571->0(566)
[6392.133s][info][gc,heap        ] GC(1020) Survivor regions: 43->43(77)
[6392.133s][info][gc,heap        ] GC(1020) Old regions: 280->287
[6392.133s][info][gc,heap        ] GC(1020) Humongous regions: 33->33
[6392.133s][info][gc,metaspace   ] GC(1020) Metaspace: 29991K(30144K)->29991K(30144K) NonClass: 29991K(30144K)->29991K(30144K) Class: 0K(0K)->0K(0K)
[6392.133s][info][gc             ] GC(1020) Pause Young (Normal) (G1 Evacuation Pause) 7403M->2891M(8192M) 151.180ms
[6392.133s][info][gc,cpu         ] GC(1020) User=1.20s Sys=0.00s Real=0.15s
...[6395.531s][info][gc,start       ] GC(1021) Pause Young (Normal) (G1 Evacuation Pause)
[6395.531s][info][gc,task        ] GC(1021) Using 8 workers of 8 for evacuation
[6395.681s][info][gc,phases      ] GC(1021)   Pre Evacuate Collection Set: 0.26ms
[6395.681s][info][gc,phases      ] GC(1021)   Merge Heap Roots: 0.52ms
[6395.681s][info][gc,phases      ] GC(1021)   Evacuate Collection Set: 148.20ms
[6395.681s][info][gc,phases      ] GC(1021)   Post Evacuate Collection Set: 1.06ms
[6395.681s][info][gc,phases      ] GC(1021)   Other: 0.06ms
[6395.681s][info][gc,heap        ] GC(1021) Eden regions: 566->0(557)
[6395.681s][info][gc,heap        ] GC(1021) Survivor regions: 43->44(77)
[6395.681s][info][gc,heap        ] GC(1021) Old regions: 287->294
[6395.681s][info][gc,heap        ] GC(1021) Humongous regions: 33->33
[6395.681s][info][gc,metaspace   ] GC(1021) Metaspace: 29991K(30144K)->29991K(30144K) NonClass: 29991K(30144K)->29991K(30144K) Class: 0K(0K)->0K(0K)
[6395.681s][info][gc             ] GC(1021) Pause Young (Normal) (G1 Evacuation Pause) 7419M->2951M(8192M) 150.230ms
[6395.681s][info][gc,cpu         ] GC(1021) User=1.18s Sys=0.00s Real=0.15s
...[6398.840s][info][gc,start       ] GC(1022) Pause Young (Normal) (G1 Evacuation Pause)
[6398.840s][info][gc,task        ] GC(1022) Using 8 workers of 8 for evacuation
[6398.991s][info][gc,phases      ] GC(1022)   Pre Evacuate Collection Set: 0.23ms
[6398.991s][info][gc,phases      ] GC(1022)   Merge Heap Roots: 0.52ms
[6398.991s][info][gc,phases      ] GC(1022)   Evacuate Collection Set: 149.15ms
[6398.991s][info][gc,phases      ] GC(1022)   Post Evacuate Collection Set: 1.05ms
[6398.991s][info][gc,phases      ] GC(1022)   Other: 0.06ms
[6398.991s][info][gc,heap        ] GC(1022) Eden regions: 557->0(551)
[6398.991s][info][gc,heap        ] GC(1022) Survivor regions: 44->43(76)
[6398.991s][info][gc,heap        ] GC(1022) Old regions: 294->302
[6398.991s][info][gc,heap        ] GC(1022) Humongous regions: 33->33
[6398.991s][info][gc,metaspace   ] GC(1022) Metaspace: 29991K(30144K)->29991K(30144K) NonClass: 29991K(30144K)->29991K(30144K) Class: 0K(0K)->0K(0K)
[6398.991s][info][gc             ] GC(1022) Pause Young (Normal) (G1 Evacuation Pause) 7407M->3009M(8192M) 151.184ms
[6398.991s][info][gc,cpu         ] GC(1022) User=1.20s Sys=0.00s Real=0.15s
....[6402.173s][info][gc,start       ] GC(1023) Pause Young (Normal) (G1 Evacuation Pause)
[6402.173s][info][gc,task        ] GC(1023) Using 8 workers of 8 for evacuation
[6402.323s][info][gc,phases      ] GC(1023)   Pre Evacuate Collection Set: 0.22ms
[6402.323s][info][gc,phases      ] GC(1023)   Merge Heap Roots: 0.54ms
[6402.323s][info][gc,phases      ] GC(1023)   Evacuate Collection Set: 148.82ms
[6402.323s][info][gc,phases      ] GC(1023)   Post Evacuate Collection Set: 1.02ms
[6402.323s][info][gc,phases      ] GC(1023)   Other: 0.06ms
[6402.323s][info][gc,heap        ] GC(1023) Eden regions: 551->0(543)
[6402.323s][info][gc,heap        ] GC(1023) Survivor regions: 43->43(75)
[6402.323s][info][gc,heap        ] GC(1023) Old regions: 302->310
[6402.323s][info][gc,heap        ] GC(1023) Humongous regions: 33->33
[6402.323s][info][gc,metaspace   ] GC(1023) Metaspace: 29991K(30144K)->29991K(30144K) NonClass: 29991K(30144K)->29991K(30144K) Class: 0K(0K)->0K(0K)
[6402.323s][info][gc             ] GC(1023) Pause Young (Normal) (G1 Evacuation Pause) 7417M->3069M(8192M) 150.821ms
[6402.324s][info][gc,cpu         ] GC(1023) User=1.20s Sys=0.00s Real=0.15s
...[6405.448s][info][gc,start       ] GC(1024) Pause Young (Concurrent Start) (G1 Evacuation Pause)
[6405.448s][info][gc,task        ] GC(1024) Using 8 workers of 8 for evacuation
[6405.600s][info][gc,phases      ] GC(1024)   Pre Evacuate Collection Set: 0.30ms
[6405.600s][info][gc,phases      ] GC(1024)   Merge Heap Roots: 0.53ms
[6405.600s][info][gc,phases      ] GC(1024)   Evacuate Collection Set: 149.99ms
[6405.600s][info][gc,phases      ] GC(1024)   Post Evacuate Collection Set: 1.01ms
[6405.600s][info][gc,phases      ] GC(1024)   Other: 0.10ms
[6405.600s][info][gc,heap        ] GC(1024) Eden regions: 543->0(534)
[6405.600s][info][gc,heap        ] GC(1024) Survivor regions: 43->44(74)
[6405.600s][info][gc,heap        ] GC(1024) Old regions: 310->317
[6405.600s][info][gc,heap        ] GC(1024) Humongous regions: 33->33
[6405.600s][info][gc,metaspace   ] GC(1024) Metaspace: 29991K(30144K)->29991K(30144K) NonClass: 29991K(30144K)->29991K(30144K) Class: 0K(0K)->0K(0K)
[6405.600s][info][gc             ] GC(1024) Pause Young (Concurrent Start) (G1 Evacuation Pause) 7413M->3133M(8192M) 152.059ms
[6405.600s][info][gc             ] GC(1025) Concurrent Mark Cycle
[6405.600s][info][gc,marking     ] GC(1025) Concurrent Scan Root Regions
[6405.600s][info][gc,cpu         ] GC(1024) User=1.21s Sys=0.00s Real=0.15s
.[6406.076s][info][gc,marking     ] GC(1025) Concurrent Scan Root Regions 476.414ms
[6406.076s][info][gc,marking     ] GC(1025) Concurrent Mark
[6406.076s][info][gc,marking     ] GC(1025) Concurrent Mark From Roots
[6406.076s][info][gc,task        ] GC(1025) Using 2 workers of 2 for marking
.[6407.225s][info][gc,marking     ] GC(1025) Concurrent Mark From Roots 1148.529ms
[6407.225s][info][gc,marking     ] GC(1025) Concurrent Preclean
[6407.225s][info][gc,marking     ] GC(1025) Concurrent Preclean 0.131ms
[6407.225s][info][gc,start       ] GC(1025) Pause Remark
[6407.227s][info][gc             ] GC(1025) Pause Remark 4961M->4409M(8192M) 2.287ms
[6407.227s][info][gc,cpu         ] GC(1025) User=0.02s Sys=0.00s Real=0.01s
[6407.228s][info][gc,marking     ] GC(1025) Concurrent Mark 1151.326ms
[6407.228s][info][gc,marking     ] GC(1025) Concurrent Rebuild Remembered Sets and Scrub Regions
[6407.905s][info][gc,marking     ] GC(1025) Concurrent Rebuild Remembered Sets and Scrub Regions 677.359ms
[6407.905s][info][gc,start       ] GC(1025) Pause Cleanup
[6407.905s][info][gc             ] GC(1025) Pause Cleanup 5258M->5258M(8192M) 0.239ms
[6407.905s][info][gc,cpu         ] GC(1025) User=0.00s Sys=0.00s Real=0.00s
[6407.905s][info][gc,marking     ] GC(1025) Concurrent Clear Claimed Marks
[6407.905s][info][gc,marking     ] GC(1025) Concurrent Clear Claimed Marks 0.047ms
[6407.905s][info][gc,marking     ] GC(1025) Concurrent Cleanup for Next Mark
[6407.920s][info][gc,marking     ] GC(1025) Concurrent Cleanup for Next Mark 14.422ms
[6407.920s][info][gc             ] GC(1025) Concurrent Mark Cycle 2320.186ms
.[6408.824s][info][gc,start       ] GC(1026) Pause Young (Prepare Mixed) (G1 Evacuation Pause)
[6408.824s][info][gc,task        ] GC(1026) Using 8 workers of 8 for evacuation
[6408.976s][info][gc,phases      ] GC(1026)   Pre Evacuate Collection Set: 0.21ms
[6408.976s][info][gc,phases      ] GC(1026)   Merge Heap Roots: 0.73ms
[6408.976s][info][gc,phases      ] GC(1026)   Evacuate Collection Set: 150.27ms
[6408.976s][info][gc,phases      ] GC(1026)   Post Evacuate Collection Set: 1.09ms
[6408.976s][info][gc,phases      ] GC(1026)   Other: 0.06ms
[6408.976s][info][gc,heap        ] GC(1026) Eden regions: 534->0(572)
[6408.976s][info][gc,heap        ] GC(1026) Survivor regions: 44->42(73)
[6408.976s][info][gc,heap        ] GC(1026) Old regions: 248->256
[6408.976s][info][gc,heap        ] GC(1026) Humongous regions: 33->33
[6408.976s][info][gc,metaspace   ] GC(1026) Metaspace: 29991K(30144K)->29991K(30144K) NonClass: 29991K(30144K)->29991K(30144K) Class: 0K(0K)->0K(0K)
[6408.976s][info][gc             ] GC(1026) Pause Young (Prepare Mixed) (G1 Evacuation Pause) 6853M->2630M(8192M) 152.498ms
[6408.976s][info][gc,cpu         ] GC(1026) User=1.20s Sys=0.00s Real=0.15s
....[6412.251s][info][gc,start       ] GC(1027) Pause Young (Mixed) (G1 Evacuation Pause)
[6412.251s][info][gc,task        ] GC(1027) Using 8 workers of 8 for evacuation
[6412.405s][info][gc,phases      ] GC(1027)   Pre Evacuate Collection Set: 0.30ms
[6412.405s][info][gc,phases      ] GC(1027)   Merge Heap Roots: 0.81ms
[6412.405s][info][gc,phases      ] GC(1027)   Evacuate Collection Set: 151.53ms
[6412.405s][info][gc,phases      ] GC(1027)   Post Evacuate Collection Set: 1.26ms
[6412.405s][info][gc,phases      ] GC(1027)   Other: 0.07ms
[6412.405s][info][gc,heap        ] GC(1027) Eden regions: 572->0(571)
[6412.405s][info][gc,heap        ] GC(1027) Survivor regions: 42->43(77)
[6412.405s][info][gc,heap        ] GC(1027) Old regions: 256->161
[6412.405s][info][gc,heap        ] GC(1027) Humongous regions: 33->33
[6412.405s][info][gc,metaspace   ] GC(1027) Metaspace: 29991K(30144K)->29991K(30144K) NonClass: 29991K(30144K)->29991K(30144K) Class: 0K(0K)->0K(0K)
[6412.405s][info][gc             ] GC(1027) Pause Young (Mixed) (G1 Evacuation Pause) 7206M->1876M(8192M) 154.093ms
[6412.405s][info][gc,cpu         ] GC(1027) User=1.22s Sys=0.01s Real=0.15s
...[6415.663s][info][gc,start       ] GC(1028) Pause Young (Mixed) (G1 Evacuation Pause)
[6415.663s][info][gc,task        ] GC(1028) Using 8 workers of 8 for evacuation
[6415.820s][info][gc,phases      ] GC(1028)   Pre Evacuate Collection Set: 0.24ms
[6415.820s][info][gc,phases      ] GC(1028)   Merge Heap Roots: 0.81ms
[6415.820s][info][gc,phases      ] GC(1028)   Evacuate Collection Set: 154.67ms
[6415.820s][info][gc,phases      ] GC(1028)   Post Evacuate Collection Set: 1.09ms
[6415.820s][info][gc,phases      ] GC(1028)   Other: 0.06ms
[6415.820s][info][gc,heap        ] GC(1028) Eden regions: 571->0(571)
[6415.820s][info][gc,heap        ] GC(1028) Survivor regions: 43->43(77)
[6415.820s][info][gc,heap        ] GC(1028) Old regions: 161->143
[6415.820s][info][gc,heap        ] GC(1028) Humongous regions: 33->33
[6415.820s][info][gc,metaspace   ] GC(1028) Metaspace: 29991K(30144K)->29991K(30144K) NonClass: 29991K(30144K)->29991K(30144K) Class: 0K(0K)->0K(0K)
[6415.820s][info][gc             ] GC(1028) Pause Young (Mixed) (G1 Evacuation Pause) 6444M->1739M(8192M) 157.005ms
[6415.820s][info][gc,cpu         ] GC(1028) User=1.25s Sys=0.00s Real=0.16s
....[6419.154s][info][gc,start       ] GC(1029) Pause Young (Normal) (G1 Evacuation Pause)
[6419.154s][info][gc,task        ] GC(1029) Using 8 workers of 8 for evacuation
[6419.306s][info][gc,phases      ] GC(1029)   Pre Evacuate Collection Set: 0.23ms
[6419.306s][info][gc,phases      ] GC(1029)   Merge Heap Roots: 0.52ms
[6419.306s][info][gc,phases      ] GC(1029)   Evacuate Collection Set: 150.40ms
[6419.306s][info][gc,phases      ] GC(1029)   Post Evacuate Collection Set: 1.05ms
[6419.306s][info][gc,phases      ] GC(1029)   Other: 0.06ms
[6419.306s][info][gc,heap        ] GC(1029) Eden regions: 571->0(571)
[6419.306s][info][gc,heap        ] GC(1029) Survivor regions: 43->43(77)
[6419.306s][info][gc,heap        ] GC(1029) Old regions: 143->151
[6419.306s][info][gc,heap        ] GC(1029) Humongous regions: 33->33
[6419.306s][info][gc,metaspace   ] GC(1029) Metaspace: 29991K(30144K)->29991K(30144K) NonClass: 29991K(30144K)->29991K(30144K) Class: 0K(0K)->0K(0K)
[6419.306s][info][gc             ] GC(1029) Pause Young (Normal) (G1 Evacuation Pause) 6307M->1797M(8192M) 152.407ms
[6419.306s][info][gc,cpu         ] GC(1029) User=1.20s Sys=0.00s Real=0.15s
...[6422.607s][info][gc,start       ] GC(1030) Pause Young (Normal) (G1 Evacuation Pause)
[6422.607s][info][gc,task        ] GC(1030) Using 8 workers of 8 for evacuation
[6422.760s][info][gc,phases      ] GC(1030)   Pre Evacuate Collection Set: 0.23ms
[6422.760s][info][gc,phases      ] GC(1030)   Merge Heap Roots: 0.52ms
[6422.760s][info][gc,phases      ] GC(1030)   Evacuate Collection Set: 150.42ms
[6422.760s][info][gc,phases      ] GC(1030)   Post Evacuate Collection Set: 1.00ms
[6422.760s][info][gc,phases      ] GC(1030)   Other: 0.09ms
[6422.760s][info][gc,heap        ] GC(1030) Eden regions: 571->0(570)
[6422.760s][info][gc,heap        ] GC(1030) Survivor regions: 43->44(77)
[6422.760s][info][gc,heap        ] GC(1030) Old regions: 151->158
[6422.760s][info][gc,heap        ] GC(1030) Humongous regions: 33->33
[6422.760s][info][gc,metaspace   ] GC(1030) Metaspace: 29991K(30144K)->29991K(30144K) NonClass: 29991K(30144K)->29991K(30144K) Class: 0K(0K)->0K(0K)
[6422.760s][info][gc             ] GC(1030) Pause Young (Normal) (G1 Evacuation Pause) 6365M->1861M(8192M) 152.402ms
[6422.760s][info][gc,cpu         ] GC(1030) User=1.20s Sys=0.00s Real=0.15s
....[6426.087s][info][gc,start       ] GC(1031) Pause Young (Normal) (G1 Evacuation Pause)
[6426.087s][info][gc,task        ] GC(1031) Using 8 workers of 8 for evacuation
[6426.235s][info][gc,phases      ] GC(1031)   Pre Evacuate Collection Set: 0.24ms
[6426.235s][info][gc,phases      ] GC(1031)   Merge Heap Roots: 0.54ms
[6426.235s][info][gc,phases      ] GC(1031)   Evacuate Collection Set: 145.61ms
[6426.235s][info][gc,phases      ] GC(1031)   Post Evacuate Collection Set: 1.00ms
[6426.235s][info][gc,phases      ] GC(1031)   Other: 0.06ms
[6426.235s][info][gc,heap        ] GC(1031) Eden regions: 570->0(571)
[6426.235s][info][gc,heap        ] GC(1031) Survivor regions: 44->43(77)
[6426.235s][info][gc,heap        ] GC(1031) Old regions: 158->165
[6426.235s][info][gc,heap        ] GC(1031) Humongous regions: 33->33
[6426.235s][info][gc,metaspace   ] GC(1031) Metaspace: 29991K(30144K)->29991K(30144K) NonClass: 29991K(30144K)->29991K(30144K) Class: 0K(0K)->0K(0K)
[6426.235s][info][gc             ] GC(1031) Pause Young (Normal) (G1 Evacuation Pause) 6421M->1914M(8192M) 147.574ms
[6426.235s][info][gc,cpu         ] GC(1031) User=1.17s Sys=0.00s Real=0.14s
...[6429.596s][info][gc,start       ] GC(1032) Pause Young (Normal) (G1 Evacuation Pause)
[6429.597s][info][gc,task        ] GC(1032) Using 8 workers of 8 for evacuation
[6429.751s][info][gc,phases      ] GC(1032)   Pre Evacuate Collection Set: 0.23ms
[6429.751s][info][gc,phases      ] GC(1032)   Merge Heap Roots: 0.52ms
[6429.751s][info][gc,phases      ] GC(1032)   Evacuate Collection Set: 152.96ms
[6429.751s][info][gc,phases      ] GC(1032)   Post Evacuate Collection Set: 1.07ms
[6429.751s][info][gc,phases      ] GC(1032)   Other: 0.06ms
[6429.751s][info][gc,heap        ] GC(1032) Eden regions: 571->0(570)
[6429.751s][info][gc,heap        ] GC(1032) Survivor regions: 43->44(77)
[6429.751s][info][gc,heap        ] GC(1032) Old regions: 165->172
[6429.751s][info][gc,heap        ] GC(1032) Humongous regions: 33->33
[6429.751s][info][gc,metaspace   ] GC(1032) Metaspace: 29991K(30144K)->29991K(30144K) NonClass: 29991K(30144K)->29991K(30144K) Class: 0K(0K)->0K(0K)
[6429.751s][info][gc             ] GC(1032) Pause Young (Normal) (G1 Evacuation Pause) 6482M->1979M(8192M) 154.975ms
[6429.752s][info][gc,cpu         ] GC(1032) User=1.23s Sys=0.00s Real=0.16s
....[6433.071s][info][gc,start       ] GC(1033) Pause Young (Normal) (G1 Evacuation Pause)
[6433.071s][info][gc,task        ] GC(1033) Using 8 workers of 8 for evacuation
[6433.224s][info][gc,phases      ] GC(1033)   Pre Evacuate Collection Set: 0.25ms
[6433.224s][info][gc,phases      ] GC(1033)   Merge Heap Roots: 0.54ms
[6433.224s][info][gc,phases      ] GC(1033)   Evacuate Collection Set: 150.74ms
[6433.224s][info][gc,phases      ] GC(1033)   Post Evacuate Collection Set: 1.03ms
[6433.224s][info][gc,phases      ] GC(1033)   Other: 0.06ms
[6433.224s][info][gc,heap        ] GC(1033) Eden regions: 570->0(570)
[6433.224s][info][gc,heap        ] GC(1033) Survivor regions: 44->44(77)
[6433.224s][info][gc,heap        ] GC(1033) Old regions: 172->180
[6433.224s][info][gc,heap        ] GC(1033) Humongous regions: 33->33
[6433.224s][info][gc,metaspace   ] GC(1033) Metaspace: 29991K(30144K)->29991K(30144K) NonClass: 29991K(30144K)->29991K(30144K) Class: 0K(0K)->0K(0K)
[6433.224s][info][gc             ] GC(1033) Pause Young (Normal) (G1 Evacuation Pause) 6539M->2033M(8192M) 152.765ms
[6433.224s][info][gc,cpu         ] GC(1033) User=1.21s Sys=0.00s Real=0.15s
...[6436.536s][info][gc,start       ] GC(1034) Pause Young (Normal) (G1 Evacuation Pause)
[6436.536s][info][gc,task        ] GC(1034) Using 8 workers of 8 for evacuation
[6436.687s][info][gc,phases      ] GC(1034)   Pre Evacuate Collection Set: 0.24ms
[6436.687s][info][gc,phases      ] GC(1034)   Merge Heap Roots: 0.58ms
[6436.687s][info][gc,phases      ] GC(1034)   Evacuate Collection Set: 148.69ms
[6436.687s][info][gc,phases      ] GC(1034)   Post Evacuate Collection Set: 1.04ms
[6436.687s][info][gc,phases      ] GC(1034)   Other: 0.06ms
[6436.687s][info][gc,heap        ] GC(1034) Eden regions: 570->0(571)
[6436.687s][info][gc,heap        ] GC(1034) Survivor regions: 44->43(77)
[6436.687s][info][gc,heap        ] GC(1034) Old regions: 180->186
[6436.687s][info][gc,heap        ] GC(1034) Humongous regions: 33->33
[6436.687s][info][gc,metaspace   ] GC(1034) Metaspace: 29991K(30144K)->29991K(30144K) NonClass: 29991K(30144K)->29991K(30144K) Class: 0K(0K)->0K(0K)
[6436.687s][info][gc             ] GC(1034) Pause Young (Normal) (G1 Evacuation Pause) 6593M->2083M(8192M) 150.776ms
[6436.687s][info][gc,cpu         ] GC(1034) User=1.19s Sys=0.00s Real=0.16s
....[6440.022s][info][gc,start       ] GC(1035) Pause Young (Normal) (G1 Evacuation Pause)
[6440.022s][info][gc,task        ] GC(1035) Using 8 workers of 8 for evacuation
[6440.170s][info][gc,phases      ] GC(1035)   Pre Evacuate Collection Set: 0.23ms
[6440.170s][info][gc,phases      ] GC(1035)   Merge Heap Roots: 0.52ms
[6440.170s][info][gc,phases      ] GC(1035)   Evacuate Collection Set: 146.84ms
[6440.170s][info][gc,phases      ] GC(1035)   Post Evacuate Collection Set: 1.08ms
[6440.170s][info][gc,phases      ] GC(1035)   Other: 0.06ms
[6440.170s][info][gc,heap        ] GC(1035) Eden regions: 571->0(571)
[6440.170s][info][gc,heap        ] GC(1035) Survivor regions: 43->43(77)
[6440.170s][info][gc,heap        ] GC(1035) Old regions: 186->194
[6440.170s][info][gc,heap        ] GC(1035) Humongous regions: 33->33
[6440.170s][info][gc,metaspace   ] GC(1035) Metaspace: 29991K(30144K)->29991K(30144K) NonClass: 29991K(30144K)->29991K(30144K) Class: 0K(0K)->0K(0K)
[6440.170s][info][gc             ] GC(1035) Pause Young (Normal) (G1 Evacuation Pause) 6651M->2141M(8192M) 148.857ms
[6440.171s][info][gc,cpu         ] GC(1035) User=1.17s Sys=0.00s Real=0.15s
...[6443.465s][info][gc,start       ] GC(1036) Pause Young (Normal) (G1 Evacuation Pause)
[6443.465s][info][gc,task        ] GC(1036) Using 8 workers of 8 for evacuation
[6443.614s][info][gc,phases      ] GC(1036)   Pre Evacuate Collection Set: 0.22ms
[6443.614s][info][gc,phases      ] GC(1036)   Merge Heap Roots: 0.52ms
[6443.614s][info][gc,phases      ] GC(1036)   Evacuate Collection Set: 146.88ms
[6443.614s][info][gc,phases      ] GC(1036)   Post Evacuate Collection Set: 1.04ms
[6443.614s][info][gc,phases      ] GC(1036)   Other: 0.06ms
[6443.614s][info][gc,heap        ] GC(1036) Eden regions: 571->0(570)
[6443.614s][info][gc,heap        ] GC(1036) Survivor regions: 43->44(77)
[6443.614s][info][gc,heap        ] GC(1036) Old regions: 194->201
[6443.614s][info][gc,heap        ] GC(1036) Humongous regions: 33->33
[6443.614s][info][gc,metaspace   ] GC(1036) Metaspace: 29991K(30144K)->29991K(30144K) NonClass: 29991K(30144K)->29991K(30144K) Class: 0K(0K)->0K(0K)
[6443.614s][info][gc             ] GC(1036) Pause Young (Normal) (G1 Evacuation Pause) 6709M->2202M(8192M) 148.870ms
[6443.614s][info][gc,cpu         ] GC(1036) User=1.18s Sys=0.00s Real=0.15s
...[6446.909s][info][gc,start       ] GC(1037) Pause Young (Normal) (G1 Evacuation Pause)
[6446.909s][info][gc,task        ] GC(1037) Using 8 workers of 8 for evacuation
[6447.058s][info][gc,phases      ] GC(1037)   Pre Evacuate Collection Set: 0.23ms
[6447.058s][info][gc,phases      ] GC(1037)   Merge Heap Roots: 0.52ms
[6447.058s][info][gc,phases      ] GC(1037)   Evacuate Collection Set: 147.49ms
[6447.058s][info][gc,phases      ] GC(1037)   Post Evacuate Collection Set: 1.08ms
[6447.058s][info][gc,phases      ] GC(1037)   Other: 0.06ms
[6447.058s][info][gc,heap        ] GC(1037) Eden regions: 570->0(571)
[6447.058s][info][gc,heap        ] GC(1037) Survivor regions: 44->43(77)
[6447.058s][info][gc,heap        ] GC(1037) Old regions: 201->208
[6447.058s][info][gc,heap        ] GC(1037) Humongous regions: 33->33
[6447.058s][info][gc,metaspace   ] GC(1037) Metaspace: 29991K(30144K)->29991K(30144K) NonClass: 29991K(30144K)->29991K(30144K) Class: 0K(0K)->0K(0K)
[6447.058s][info][gc             ] GC(1037) Pause Young (Normal) (G1 Evacuation Pause) 6762M->2253M(8192M) 149.533ms
[6447.058s][info][gc,cpu         ] GC(1037) User=1.18s Sys=0.00s Real=0.15s
... (rIR:aIR:PR = 11070:11027:11036) (tPR = 163685) [OK] 
  6449s: Performance info:
         Transaction,    Success,    Partial,     Failed,   Receipts, AvgBarcode, 
             Overall,     663499,          0,          0,     630523,      59.48, 
         Response times:
             Request,    Success,    Partial,     Failed,   SkipFail,     Probes,    Samples,      min,      p50,      p90,      p95,      p99,      max, 
       TotalPurchase,     630059,          0,          0,          0,     355807,     392355,      300,     9100,    67000,   102000,   178000,  2500000,
     InStorePurchase,     333276,          0,          0,          0,     187460,     206665,      300,     9100,    67000,   102000,   176000,  2500000,
      OnlinePurchase,     232006,          0,          0,          0,     131121,     144424,      300,     9100,    66000,   103000,   178750,  1900000,
        InstPurchase,      64777,          0,          0,          0,      37226,      41266,      500,     9000,    66000,   104000,   183000,  2500000,
          AssocOfCat,        667,          0,          0,          0,        571,        737,    31000,    63000,   139200,   187200,   275740,   554000,
      AssocOfProduct,       6580,          0,          0,          0,       3956,       4657,      800,     9700,    71000,   105000,   186840,   575000,
      BusinessReport,       1667,          0,          0,          0,       1506,       1787,    32000,    66000,   140000,   186000,   305080,   569000,
          CustBuyBeh,       6625,          0,          0,          0,       3908,       4503,      300,     9500,    65000,   102000,   190000,   670000,
       ProductReturn,      17388,          0,          0,          0,       9845,      11055,      200,     9400,    68000,   101000,   186000,   640000,

  6449s: (81%)   IR =  11208 .[6450.481s][info][gc,start       ] GC(1038) Pause Young (Normal) (G1 Evacuation Pause)
[6450.481s][info][gc,task        ] GC(1038) Using 8 workers of 8 for evacuation
[6450.631s][info][gc,phases      ] GC(1038)   Pre Evacuate Collection Set: 0.22ms
[6450.631s][info][gc,phases      ] GC(1038)   Merge Heap Roots: 0.53ms
[6450.631s][info][gc,phases      ] GC(1038)   Evacuate Collection Set: 148.18ms
[6450.631s][info][gc,phases      ] GC(1038)   Post Evacuate Collection Set: 1.02ms
[6450.631s][info][gc,phases      ] GC(1038)   Other: 0.06ms
[6450.631s][info][gc,heap        ] GC(1038) Eden regions: 571->0(571)
[6450.632s][info][gc,heap        ] GC(1038) Survivor regions: 43->43(77)
[6450.632s][info][gc,heap        ] GC(1038) Old regions: 208->215
[6450.632s][info][gc,heap        ] GC(1038) Humongous regions: 33->33
[6450.632s][info][gc,metaspace   ] GC(1038) Metaspace: 29991K(30144K)->29991K(30144K) NonClass: 29991K(30144K)->29991K(30144K) Class: 0K(0K)->0K(0K)
[6450.632s][info][gc             ] GC(1038) Pause Young (Normal) (G1 Evacuation Pause) 6821M->2315M(8192M) 150.130ms
[6450.632s][info][gc,cpu         ] GC(1038) User=1.19s Sys=0.00s Real=0.15s
...[6453.853s][info][gc,start       ] GC(1039) Pause Young (Normal) (G1 Evacuation Pause)
[6453.853s][info][gc,task        ] GC(1039) Using 8 workers of 8 for evacuation
[6454.001s][info][gc,phases      ] GC(1039)   Pre Evacuate Collection Set: 0.22ms
[6454.001s][info][gc,phases      ] GC(1039)   Merge Heap Roots: 0.53ms
[6454.001s][info][gc,phases      ] GC(1039)   Evacuate Collection Set: 146.20ms
[6454.001s][info][gc,phases      ] GC(1039)   Post Evacuate Collection Set: 1.04ms
[6454.001s][info][gc,phases      ] GC(1039)   Other: 0.07ms
[6454.001s][info][gc,heap        ] GC(1039) Eden regions: 571->0(571)
[6454.001s][info][gc,heap        ] GC(1039) Survivor regions: 43->43(77)
[6454.001s][info][gc,heap        ] GC(1039) Old regions: 215->222
[6454.001s][info][gc,heap        ] GC(1039) Humongous regions: 33->33
[6454.001s][info][gc,metaspace   ] GC(1039) Metaspace: 29991K(30144K)->29991K(30144K) NonClass: 29991K(30144K)->29991K(30144K) Class: 0K(0K)->0K(0K)
[6454.001s][info][gc             ] GC(1039) Pause Young (Normal) (G1 Evacuation Pause) 6883M->2367M(8192M) 148.194ms
[6454.001s][info][gc,cpu         ] GC(1039) User=1.18s Sys=0.00s Real=0.15s
....|[6457.319s][info][gc,start       ] GC(1040) Pause Young (Normal) (G1 Evacuation Pause)
[6457.319s][info][gc,task        ] GC(1040) Using 8 workers of 8 for evacuation
[6457.470s][info][gc,phases      ] GC(1040)   Pre Evacuate Collection Set: 0.26ms
[6457.470s][info][gc,phases      ] GC(1040)   Merge Heap Roots: 0.55ms
[6457.470s][info][gc,phases      ] GC(1040)   Evacuate Collection Set: 149.26ms
[6457.470s][info][gc,phases      ] GC(1040)   Post Evacuate Collection Set: 1.06ms
[6457.470s][info][gc,phases      ] GC(1040)   Other: 0.06ms
[6457.470s][info][gc,heap        ] GC(1040) Eden regions: 571->0(571)
[6457.470s][info][gc,heap        ] GC(1040) Survivor regions: 43->43(77)
[6457.470s][info][gc,heap        ] GC(1040) Old regions: 222->229
[6457.470s][info][gc,heap        ] GC(1040) Humongous regions: 33->33
[6457.470s][info][gc,metaspace   ] GC(1040) Metaspace: 29991K(30144K)->29991K(30144K) NonClass: 29991K(30144K)->29991K(30144K) Class: 0K(0K)->0K(0K)
[6457.470s][info][gc             ] GC(1040) Pause Young (Normal) (G1 Evacuation Pause) 6935M->2427M(8192M) 151.327ms
[6457.470s][info][gc,cpu         ] GC(1040) User=1.20s Sys=0.00s Real=0.15s
...[6460.634s][info][gc,start       ] GC(1041) Pause Young (Normal) (G1 Evacuation Pause)
[6460.634s][info][gc,task        ] GC(1041) Using 8 workers of 8 for evacuation
[6460.788s][info][gc,phases      ] GC(1041)   Pre Evacuate Collection Set: 0.24ms
[6460.788s][info][gc,phases      ] GC(1041)   Merge Heap Roots: 0.53ms
[6460.788s][info][gc,phases      ] GC(1041)   Evacuate Collection Set: 151.85ms
[6460.788s][info][gc,phases      ] GC(1041)   Post Evacuate Collection Set: 1.06ms
[6460.788s][info][gc,phases      ] GC(1041)   Other: 0.06ms
[6460.788s][info][gc,heap        ] GC(1041) Eden regions: 571->0(570)
[6460.788s][info][gc,heap        ] GC(1041) Survivor regions: 43->44(77)
[6460.788s][info][gc,heap        ] GC(1041) Old regions: 229->237
[6460.788s][info][gc,heap        ] GC(1041) Humongous regions: 33->33
[6460.788s][info][gc,metaspace   ] GC(1041) Metaspace: 29991K(30144K)->29991K(30144K) NonClass: 29991K(30144K)->29991K(30144K) Class: 0K(0K)->0K(0K)
[6460.788s][info][gc             ] GC(1041) Pause Young (Normal) (G1 Evacuation Pause) 6995M->2494M(8192M) 153.858ms
[6460.788s][info][gc,cpu         ] GC(1041) User=1.21s Sys=0.00s Real=0.16s
...[6464.046s][info][gc,start       ] GC(1042) Pause Young (Normal) (G1 Evacuation Pause)
[6464.046s][info][gc,task        ] GC(1042) Using 8 workers of 8 for evacuation
[6464.196s][info][gc,phases      ] GC(1042)   Pre Evacuate Collection Set: 0.24ms
[6464.196s][info][gc,phases      ] GC(1042)   Merge Heap Roots: 0.56ms
[6464.196s][info][gc,phases      ] GC(1042)   Evacuate Collection Set: 147.72ms
[6464.196s][info][gc,phases      ] GC(1042)   Post Evacuate Collection Set: 1.07ms
[6464.196s][info][gc,phases      ] GC(1042)   Other: 0.06ms
[6464.196s][info][gc,heap        ] GC(1042) Eden regions: 570->0(571)
[6464.196s][info][gc,heap        ] GC(1042) Survivor regions: 44->43(77)
[6464.196s][info][gc,heap        ] GC(1042) Old regions: 237->244
[6464.196s][info][gc,heap        ] GC(1042) Humongous regions: 33->33
[6464.196s][info][gc,metaspace   ] GC(1042) Metaspace: 29991K(30144K)->29991K(30144K) NonClass: 29991K(30144K)->29991K(30144K) Class: 0K(0K)->0K(0K)
[6464.196s][info][gc             ] GC(1042) Pause Young (Normal) (G1 Evacuation Pause) 7054M->2539M(8192M) 149.804ms
[6464.196s][info][gc,cpu         ] GC(1042) User=1.19s Sys=0.00s Real=0.15s
....[6467.551s][info][gc,start       ] GC(1043) Pause Young (Normal) (G1 Evacuation Pause)
[6467.551s][info][gc,task        ] GC(1043) Using 8 workers of 8 for evacuation
[6467.707s][info][gc,phases      ] GC(1043)   Pre Evacuate Collection Set: 0.23ms
[6467.707s][info][gc,phases      ] GC(1043)   Merge Heap Roots: 0.52ms
[6467.707s][info][gc,phases      ] GC(1043)   Evacuate Collection Set: 153.88ms
[6467.707s][info][gc,phases      ] GC(1043)   Post Evacuate Collection Set: 1.01ms
[6467.707s][info][gc,phases      ] GC(1043)   Other: 0.06ms
[6467.707s][info][gc,heap        ] GC(1043) Eden regions: 571->0(569)
[6467.707s][info][gc,heap        ] GC(1043) Survivor regions: 43->45(77)
[6467.707s][info][gc,heap        ] GC(1043) Old regions: 244->251
[6467.707s][info][gc,heap        ] GC(1043) Humongous regions: 33->33
[6467.707s][info][gc,metaspace   ] GC(1043) Metaspace: 29991K(30144K)->29991K(30144K) NonClass: 29991K(30144K)->29991K(30144K) Class: 0K(0K)->0K(0K)
[6467.707s][info][gc             ] GC(1043) Pause Young (Normal) (G1 Evacuation Pause) 7107M->2613M(8192M) 155.822ms
[6467.707s][info][gc,cpu         ] GC(1043) User=1.24s Sys=0.00s Real=0.15s
...[6471.044s][info][gc,start       ] GC(1044) Pause Young (Normal) (G1 Evacuation Pause)
[6471.044s][info][gc,task        ] GC(1044) Using 8 workers of 8 for evacuation
[6471.197s][info][gc,phases      ] GC(1044)   Pre Evacuate Collection Set: 0.23ms
[6471.197s][info][gc,phases      ] GC(1044)   Merge Heap Roots: 0.54ms
[6471.197s][info][gc,phases      ] GC(1044)   Evacuate Collection Set: 150.25ms
[6471.197s][info][gc,phases      ] GC(1044)   Post Evacuate Collection Set: 1.03ms
[6471.197s][info][gc,phases      ] GC(1044)   Other: 0.06ms
[6471.197s][info][gc,heap        ] GC(1044) Eden regions: 569->0(570)
[6471.197s][info][gc,heap        ] GC(1044) Survivor regions: 45->44(77)
[6471.197s][info][gc,heap        ] GC(1044) Old regions: 251->258
[6471.197s][info][gc,heap        ] GC(1044) Humongous regions: 33->33
[6471.197s][info][gc,metaspace   ] GC(1044) Metaspace: 29991K(30144K)->29991K(30144K) NonClass: 29991K(30144K)->29991K(30144K) Class: 0K(0K)->0K(0K)
[6471.197s][info][gc             ] GC(1044) Pause Young (Normal) (G1 Evacuation Pause) 7165M->2663M(8192M) 152.257ms
[6471.197s][info][gc,cpu         ] GC(1044) User=1.20s Sys=0.00s Real=0.15s
....[6474.578s][info][gc,start       ] GC(1045) Pause Young (Normal) (G1 Evacuation Pause)
[6474.578s][info][gc,task        ] GC(1045) Using 8 workers of 8 for evacuation
[6474.730s][info][gc,phases      ] GC(1045)   Pre Evacuate Collection Set: 0.22ms
[6474.730s][info][gc,phases      ] GC(1045)   Merge Heap Roots: 0.53ms
[6474.730s][info][gc,phases      ] GC(1045)   Evacuate Collection Set: 150.26ms
[6474.730s][info][gc,phases      ] GC(1045)   Post Evacuate Collection Set: 1.02ms
[6474.730s][info][gc,phases      ] GC(1045)   Other: 0.06ms
[6474.730s][info][gc,heap        ] GC(1045) Eden regions: 570->0(570)
[6474.730s][info][gc,heap        ] GC(1045) Survivor regions: 44->44(77)
[6474.730s][info][gc,heap        ] GC(1045) Old regions: 258->266
[6474.730s][info][gc,heap        ] GC(1045) Humongous regions: 33->33
[6474.730s][info][gc,metaspace   ] GC(1045) Metaspace: 29991K(30144K)->29991K(30144K) NonClass: 29991K(30144K)->29991K(30144K) Class: 0K(0K)->0K(0K)
[6474.730s][info][gc             ] GC(1045) Pause Young (Normal) (G1 Evacuation Pause) 7223M->2725M(8192M) 152.213ms
[6474.730s][info][gc,cpu         ] GC(1045) User=1.20s Sys=0.00s Real=0.15s
...[6478.102s][info][gc,start       ] GC(1046) Pause Young (Normal) (G1 Evacuation Pause)
[6478.102s][info][gc,task        ] GC(1046) Using 8 workers of 8 for evacuation
[6478.257s][info][gc,phases      ] GC(1046)   Pre Evacuate Collection Set: 0.21ms
[6478.257s][info][gc,phases      ] GC(1046)   Merge Heap Roots: 0.53ms
[6478.257s][info][gc,phases      ] GC(1046)   Evacuate Collection Set: 153.39ms
[6478.257s][info][gc,phases      ] GC(1046)   Post Evacuate Collection Set: 1.02ms
[6478.257s][info][gc,phases      ] GC(1046)   Other: 0.06ms
[6478.257s][info][gc,heap        ] GC(1046) Eden regions: 570->0(570)
[6478.257s][info][gc,heap        ] GC(1046) Survivor regions: 44->44(77)
[6478.257s][info][gc,heap        ] GC(1046) Old regions: 266->273
[6478.257s][info][gc,heap        ] GC(1046) Humongous regions: 33->33
[6478.257s][info][gc,metaspace   ] GC(1046) Metaspace: 29991K(30144K)->29991K(30144K) NonClass: 29991K(30144K)->29991K(30144K) Class: 0K(0K)->0K(0K)
[6478.258s][info][gc             ] GC(1046) Pause Young (Normal) (G1 Evacuation Pause) 7285M->2783M(8192M) 155.348ms
[6478.258s][info][gc,cpu         ] GC(1046) User=1.23s Sys=0.00s Real=0.16s
....[6481.574s][info][gc,start       ] GC(1047) Pause Young (Normal) (G1 Evacuation Pause)
[6481.574s][info][gc,task        ] GC(1047) Using 8 workers of 8 for evacuation
[6481.726s][info][gc,phases      ] GC(1047)   Pre Evacuate Collection Set: 0.26ms
[6481.726s][info][gc,phases      ] GC(1047)   Merge Heap Roots: 0.59ms
[6481.726s][info][gc,phases      ] GC(1047)   Evacuate Collection Set: 149.51ms
[6481.726s][info][gc,phases      ] GC(1047)   Post Evacuate Collection Set: 1.06ms
[6481.726s][info][gc,phases      ] GC(1047)   Other: 0.06ms
[6481.726s][info][gc,heap        ] GC(1047) Eden regions: 570->0(570)
[6481.726s][info][gc,heap        ] GC(1047) Survivor regions: 44->44(77)
[6481.726s][info][gc,heap        ] GC(1047) Old regions: 273->281
[6481.726s][info][gc,heap        ] GC(1047) Humongous regions: 33->33
[6481.726s][info][gc,metaspace   ] GC(1047) Metaspace: 29991K(30144K)->29991K(30144K) NonClass: 29991K(30144K)->29991K(30144K) Class: 0K(0K)->0K(0K)
[6481.726s][info][gc             ] GC(1047) Pause Young (Normal) (G1 Evacuation Pause) 7343M->2841M(8192M) 151.600ms
[6481.726s][info][gc,cpu         ] GC(1047) User=1.19s Sys=0.00s Real=0.15s
...[6484.980s][info][gc,start       ] GC(1048) Pause Young (Normal) (G1 Evacuation Pause)
[6484.980s][info][gc,task        ] GC(1048) Using 8 workers of 8 for evacuation
[6485.133s][info][gc,phases      ] GC(1048)   Pre Evacuate Collection Set: 0.23ms
[6485.133s][info][gc,phases      ] GC(1048)   Merge Heap Roots: 0.53ms
[6485.133s][info][gc,phases      ] GC(1048)   Evacuate Collection Set: 151.13ms
[6485.133s][info][gc,phases      ] GC(1048)   Post Evacuate Collection Set: 1.08ms
[6485.133s][info][gc,phases      ] GC(1048)   Other: 0.06ms
[6485.133s][info][gc,heap        ] GC(1048) Eden regions: 570->0(563)
[6485.133s][info][gc,heap        ] GC(1048) Survivor regions: 44->44(77)
[6485.133s][info][gc,heap        ] GC(1048) Old regions: 281->288
[6485.133s][info][gc,heap        ] GC(1048) Humongous regions: 33->33
[6485.133s][info][gc,metaspace   ] GC(1048) Metaspace: 29991K(30144K)->29991K(30144K) NonClass: 29991K(30144K)->29991K(30144K) Class: 0K(0K)->0K(0K)
[6485.133s][info][gc             ] GC(1048) Pause Young (Normal) (G1 Evacuation Pause) 7401M->2899M(8192M) 153.158ms
[6485.133s][info][gc,cpu         ] GC(1048) User=1.21s Sys=0.00s Real=0.15s
....[6488.449s][info][gc,start       ] GC(1049) Pause Young (Normal) (G1 Evacuation Pause)
[6488.449s][info][gc,task        ] GC(1049) Using 8 workers of 8 for evacuation
[6488.607s][info][gc,phases      ] GC(1049)   Pre Evacuate Collection Set: 0.23ms
[6488.607s][info][gc,phases      ] GC(1049)   Merge Heap Roots: 0.53ms
[6488.607s][info][gc,phases      ] GC(1049)   Evacuate Collection Set: 156.48ms
[6488.607s][info][gc,phases      ] GC(1049)   Post Evacuate Collection Set: 1.05ms
[6488.607s][info][gc,phases      ] GC(1049)   Other: 0.06ms
[6488.607s][info][gc,heap        ] GC(1049) Eden regions: 563->0(556)
[6488.607s][info][gc,heap        ] GC(1049) Survivor regions: 44->44(76)
[6488.607s][info][gc,heap        ] GC(1049) Old regions: 288->295
[6488.607s][info][gc,heap        ] GC(1049) Humongous regions: 33->33
[6488.607s][info][gc,metaspace   ] GC(1049) Metaspace: 29991K(30144K)->29991K(30144K) NonClass: 29991K(30144K)->29991K(30144K) Class: 0K(0K)->0K(0K)
[6488.607s][info][gc             ] GC(1049) Pause Young (Normal) (G1 Evacuation Pause) 7403M->2958M(8192M) 158.498ms
[6488.607s][info][gc,cpu         ] GC(1049) User=1.25s Sys=0.00s Real=0.16s
...[6491.742s][info][gc,start       ] GC(1050) Pause Young (Normal) (G1 Evacuation Pause)
[6491.742s][info][gc,task        ] GC(1050) Using 8 workers of 8 for evacuation
[6491.892s][info][gc,phases      ] GC(1050)   Pre Evacuate Collection Set: 0.23ms
[6491.892s][info][gc,phases      ] GC(1050)   Merge Heap Roots: 0.51ms
[6491.892s][info][gc,phases      ] GC(1050)   Evacuate Collection Set: 148.09ms
[6491.892s][info][gc,phases      ] GC(1050)   Post Evacuate Collection Set: 1.03ms
[6491.892s][info][gc,phases      ] GC(1050)   Other: 0.07ms
[6491.892s][info][gc,heap        ] GC(1050) Eden regions: 556->0(550)
[6491.892s][info][gc,heap        ] GC(1050) Survivor regions: 44->43(75)
[6491.892s][info][gc,heap        ] GC(1050) Old regions: 295->303
[6491.892s][info][gc,heap        ] GC(1050) Humongous regions: 33->33
[6491.892s][info][gc,metaspace   ] GC(1050) Metaspace: 29991K(30144K)->29991K(30144K) NonClass: 29991K(30144K)->29991K(30144K) Class: 0K(0K)->0K(0K)
[6491.892s][info][gc             ] GC(1050) Pause Young (Normal) (G1 Evacuation Pause) 7406M->3014M(8192M) 150.067ms
[6491.892s][info][gc,cpu         ] GC(1050) User=1.19s Sys=0.00s Real=0.15s
...[6495.071s][info][gc,start       ] GC(1051) Pause Young (Concurrent Start) (G1 Evacuation Pause)
[6495.071s][info][gc,task        ] GC(1051) Using 8 workers of 8 for evacuation
[6495.222s][info][gc,phases      ] GC(1051)   Pre Evacuate Collection Set: 0.28ms
[6495.222s][info][gc,phases      ] GC(1051)   Merge Heap Roots: 0.52ms
[6495.222s][info][gc,phases      ] GC(1051)   Evacuate Collection Set: 148.43ms
[6495.222s][info][gc,phases      ] GC(1051)   Post Evacuate Collection Set: 1.03ms
[6495.222s][info][gc,phases      ] GC(1051)   Other: 0.08ms
[6495.222s][info][gc,heap        ] GC(1051) Eden regions: 550->0(543)
[6495.222s][info][gc,heap        ] GC(1051) Survivor regions: 43->43(75)
[6495.222s][info][gc,heap        ] GC(1051) Old regions: 303->310
[6495.222s][info][gc,heap        ] GC(1051) Humongous regions: 33->33
[6495.222s][info][gc,metaspace   ] GC(1051) Metaspace: 29991K(30144K)->29991K(30144K) NonClass: 29991K(30144K)->29991K(30144K) Class: 0K(0K)->0K(0K)
[6495.222s][info][gc             ] GC(1051) Pause Young (Concurrent Start) (G1 Evacuation Pause) 7414M->3070M(8192M) 150.480ms
[6495.222s][info][gc             ] GC(1052) Concurrent Mark Cycle
[6495.222s][info][gc,marking     ] GC(1052) Concurrent Scan Root Regions
[6495.222s][info][gc,cpu         ] GC(1051) User=1.19s Sys=0.00s Real=0.15s
.[6495.456s][info][gc,marking     ] GC(1052) Concurrent Scan Root Regions 234.500ms
[6495.456s][info][gc,marking     ] GC(1052) Concurrent Mark
[6495.456s][info][gc,marking     ] GC(1052) Concurrent Mark From Roots
[6495.456s][info][gc,task        ] GC(1052) Using 2 workers of 2 for marking
.[6496.551s][info][gc,marking     ] GC(1052) Concurrent Mark From Roots 1094.880ms
[6496.551s][info][gc,marking     ] GC(1052) Concurrent Preclean
[6496.552s][info][gc,marking     ] GC(1052) Concurrent Preclean 0.141ms
[6496.552s][info][gc,start       ] GC(1052) Pause Remark
[6496.554s][info][gc             ] GC(1052) Pause Remark 4550M->4014M(8192M) 2.298ms
[6496.554s][info][gc,cpu         ] GC(1052) User=0.01s Sys=0.00s Real=0.00s
[6496.554s][info][gc,marking     ] GC(1052) Concurrent Mark 1097.642ms
[6496.554s][info][gc,marking     ] GC(1052) Concurrent Rebuild Remembered Sets and Scrub Regions
.[6497.346s][info][gc,marking     ] GC(1052) Concurrent Rebuild Remembered Sets and Scrub Regions 792.082ms
[6497.346s][info][gc,start       ] GC(1052) Pause Cleanup
[6497.347s][info][gc             ] GC(1052) Pause Cleanup 5102M->5102M(8192M) 0.235ms
[6497.347s][info][gc,cpu         ] GC(1052) User=0.01s Sys=0.00s Real=0.00s
[6497.347s][info][gc,marking     ] GC(1052) Concurrent Clear Claimed Marks
[6497.347s][info][gc,marking     ] GC(1052) Concurrent Clear Claimed Marks 0.065ms
[6497.347s][info][gc,marking     ] GC(1052) Concurrent Cleanup for Next Mark
[6497.363s][info][gc,marking     ] GC(1052) Concurrent Cleanup for Next Mark 15.861ms
[6497.363s][info][gc             ] GC(1052) Concurrent Mark Cycle 2140.775ms
.[6498.384s][info][gc,start       ] GC(1053) Pause Young (Prepare Mixed) (G1 Evacuation Pause)
[6498.384s][info][gc,task        ] GC(1053) Using 8 workers of 8 for evacuation
[6498.537s][info][gc,phases      ] GC(1053)   Pre Evacuate Collection Set: 0.25ms
[6498.537s][info][gc,phases      ] GC(1053)   Merge Heap Roots: 0.72ms
[6498.537s][info][gc,phases      ] GC(1053)   Evacuate Collection Set: 150.90ms
[6498.537s][info][gc,phases      ] GC(1053)   Post Evacuate Collection Set: 1.14ms
[6498.537s][info][gc,phases      ] GC(1053)   Other: 0.07ms
[6498.537s][info][gc,heap        ] GC(1053) Eden regions: 543->0(570)
[6498.537s][info][gc,heap        ] GC(1053) Survivor regions: 43->44(74)
[6498.537s][info][gc,heap        ] GC(1053) Old regions: 243->251
[6498.537s][info][gc,heap        ] GC(1053) Humongous regions: 33->33
[6498.537s][info][gc,metaspace   ] GC(1053) Metaspace: 29991K(30144K)->29991K(30144K) NonClass: 29991K(30144K)->29991K(30144K) Class: 0K(0K)->0K(0K)
[6498.537s][info][gc             ] GC(1053) Pause Young (Prepare Mixed) (G1 Evacuation Pause) 6878M->2606M(8192M) 153.199ms
[6498.537s][info][gc,cpu         ] GC(1053) User=1.21s Sys=0.00s Real=0.15s
...[6501.782s][info][gc,start       ] GC(1054) Pause Young (Mixed) (G1 Evacuation Pause)
[6501.782s][info][gc,task        ] GC(1054) Using 8 workers of 8 for evacuation
[6501.938s][info][gc,phases      ] GC(1054)   Pre Evacuate Collection Set: 0.26ms
[6501.938s][info][gc,phases      ] GC(1054)   Merge Heap Roots: 0.81ms
[6501.938s][info][gc,phases      ] GC(1054)   Evacuate Collection Set: 153.63ms
[6501.938s][info][gc,phases      ] GC(1054)   Post Evacuate Collection Set: 1.28ms
[6501.938s][info][gc,phases      ] GC(1054)   Other: 0.08ms
[6501.938s][info][gc,heap        ] GC(1054) Eden regions: 570->0(571)
[6501.938s][info][gc,heap        ] GC(1054) Survivor regions: 44->43(77)
[6501.938s][info][gc,heap        ] GC(1054) Old regions: 251->156
[6501.938s][info][gc,heap        ] GC(1054) Humongous regions: 33->33
[6501.938s][info][gc,metaspace   ] GC(1054) Metaspace: 29991K(30144K)->29991K(30144K) NonClass: 29991K(30144K)->29991K(30144K) Class: 0K(0K)->0K(0K)
[6501.938s][info][gc             ] GC(1054) Pause Young (Mixed) (G1 Evacuation Pause) 7166M->1837M(8192M) 156.196ms
[6501.938s][info][gc,cpu         ] GC(1054) User=1.24s Sys=0.00s Real=0.16s
....[6505.320s][info][gc,start       ] GC(1055) Pause Young (Mixed) (G1 Evacuation Pause)
[6505.320s][info][gc,task        ] GC(1055) Using 8 workers of 8 for evacuation
[6505.479s][info][gc,phases      ] GC(1055)   Pre Evacuate Collection Set: 0.25ms
[6505.479s][info][gc,phases      ] GC(1055)   Merge Heap Roots: 0.76ms
[6505.479s][info][gc,phases      ] GC(1055)   Evacuate Collection Set: 156.77ms
[6505.479s][info][gc,phases      ] GC(1055)   Post Evacuate Collection Set: 1.11ms
[6505.479s][info][gc,phases      ] GC(1055)   Other: 0.07ms
[6505.479s][info][gc,heap        ] GC(1055) Eden regions: 571->0(571)
[6505.479s][info][gc,heap        ] GC(1055) Survivor regions: 43->43(77)
[6505.479s][info][gc,heap        ] GC(1055) Old regions: 156->144
[6505.479s][info][gc,heap        ] GC(1055) Humongous regions: 33->33
[6505.479s][info][gc,metaspace   ] GC(1055) Metaspace: 29991K(30144K)->29991K(30144K) NonClass: 29991K(30144K)->29991K(30144K) Class: 0K(0K)->0K(0K)
[6505.479s][info][gc             ] GC(1055) Pause Young (Mixed) (G1 Evacuation Pause) 6405M->1744M(8192M) 159.103ms
[6505.479s][info][gc,cpu         ] GC(1055) User=1.26s Sys=0.00s Real=0.16s
...[6508.837s][info][gc,start       ] GC(1056) Pause Young (Normal) (G1 Evacuation Pause)
[6508.837s][info][gc,task        ] GC(1056) Using 8 workers of 8 for evacuation
[6508.987s][info][gc,phases      ] GC(1056)   Pre Evacuate Collection Set: 0.24ms
[6508.988s][info][gc,phases      ] GC(1056)   Merge Heap Roots: 0.51ms
[6508.988s][info][gc,phases      ] GC(1056)   Evacuate Collection Set: 148.45ms
[6508.988s][info][gc,phases      ] GC(1056)   Post Evacuate Collection Set: 1.01ms
[6508.988s][info][gc,phases      ] GC(1056)   Other: 0.06ms
[6508.988s][info][gc,heap        ] GC(1056) Eden regions: 571->0(571)
[6508.988s][info][gc,heap        ] GC(1056) Survivor regions: 43->43(77)
[6508.988s][info][gc,heap        ] GC(1056) Old regions: 144->151
[6508.988s][info][gc,heap        ] GC(1056) Humongous regions: 33->33
[6508.988s][info][gc,metaspace   ] GC(1056) Metaspace: 29991K(30144K)->29991K(30144K) NonClass: 29991K(30144K)->29991K(30144K) Class: 0K(0K)->0K(0K)
[6508.988s][info][gc             ] GC(1056) Pause Young (Normal) (G1 Evacuation Pause) 6312M->1798M(8192M) 150.407ms
[6508.988s][info][gc,cpu         ] GC(1056) User=1.19s Sys=0.00s Real=0.15s
...[6512.125s][info][gc,start       ] GC(1057) Pause Young (Normal) (G1 Evacuation Pause)
[6512.125s][info][gc,task        ] GC(1057) Using 8 workers of 8 for evacuation
[6512.280s][info][gc,phases      ] GC(1057)   Pre Evacuate Collection Set: 0.24ms
[6512.280s][info][gc,phases      ] GC(1057)   Merge Heap Roots: 0.55ms
[6512.280s][info][gc,phases      ] GC(1057)   Evacuate Collection Set: 153.38ms
[6512.280s][info][gc,phases      ] GC(1057)   Post Evacuate Collection Set: 1.04ms
[6512.280s][info][gc,phases      ] GC(1057)   Other: 0.07ms
[6512.280s][info][gc,heap        ] GC(1057) Eden regions: 571->0(570)
[6512.280s][info][gc,heap        ] GC(1057) Survivor regions: 43->44(77)
[6512.280s][info][gc,heap        ] GC(1057) Old regions: 151->159
[6512.280s][info][gc,heap        ] GC(1057) Humongous regions: 33->33
[6512.280s][info][gc,metaspace   ] GC(1057) Metaspace: 29991K(30144K)->29991K(30144K) NonClass: 29991K(30144K)->29991K(30144K) Class: 0K(0K)->0K(0K)
[6512.280s][info][gc             ] GC(1057) Pause Young (Normal) (G1 Evacuation Pause) 6366M->1865M(8192M) 155.413ms
[6512.280s][info][gc,cpu         ] GC(1057) User=1.23s Sys=0.00s Real=0.16s
....[6515.560s][info][gc,start       ] GC(1058) Pause Young (Normal) (G1 Evacuation Pause)
[6515.560s][info][gc,task        ] GC(1058) Using 8 workers of 8 for evacuation
[6515.711s][info][gc,phases      ] GC(1058)   Pre Evacuate Collection Set: 0.23ms
[6515.711s][info][gc,phases      ] GC(1058)   Merge Heap Roots: 0.53ms
[6515.711s][info][gc,phases      ] GC(1058)   Evacuate Collection Set: 149.47ms
[6515.711s][info][gc,phases      ] GC(1058)   Post Evacuate Collection Set: 1.03ms
[6515.711s][info][gc,phases      ] GC(1058)   Other: 0.08ms
[6515.711s][info][gc,heap        ] GC(1058) Eden regions: 570->0(570)
[6515.711s][info][gc,heap        ] GC(1058) Survivor regions: 44->44(77)
[6515.711s][info][gc,heap        ] GC(1058) Old regions: 159->165
[6515.711s][info][gc,heap        ] GC(1058) Humongous regions: 33->33
[6515.711s][info][gc,metaspace   ] GC(1058) Metaspace: 29991K(30144K)->29991K(30144K) NonClass: 29991K(30144K)->29991K(30144K) Class: 0K(0K)->0K(0K)
[6515.711s][info][gc             ] GC(1058) Pause Young (Normal) (G1 Evacuation Pause) 6425M->1923M(8192M) 151.475ms
[6515.711s][info][gc,cpu         ] GC(1058) User=1.20s Sys=0.00s Real=0.15s
...[6518.927s][info][gc,start       ] GC(1059) Pause Young (Normal) (G1 Evacuation Pause)
[6518.927s][info][gc,task        ] GC(1059) Using 8 workers of 8 for evacuation
[6519.081s][info][gc,phases      ] GC(1059)   Pre Evacuate Collection Set: 0.26ms
[6519.081s][info][gc,phases      ] GC(1059)   Merge Heap Roots: 0.55ms
[6519.081s][info][gc,phases      ] GC(1059)   Evacuate Collection Set: 152.10ms
[6519.081s][info][gc,phases      ] GC(1059)   Post Evacuate Collection Set: 1.03ms
[6519.081s][info][gc,phases      ] GC(1059)   Other: 0.06ms
[6519.081s][info][gc,heap        ] GC(1059) Eden regions: 570->0(570)
[6519.081s][info][gc,heap        ] GC(1059) Survivor regions: 44->44(77)
[6519.081s][info][gc,heap        ] GC(1059) Old regions: 165->173
[6519.081s][info][gc,heap        ] GC(1059) Humongous regions: 33->33
[6519.081s][info][gc,metaspace   ] GC(1059) Metaspace: 29991K(30144K)->29991K(30144K) NonClass: 29991K(30144K)->29991K(30144K) Class: 0K(0K)->0K(0K)
[6519.081s][info][gc             ] GC(1059) Pause Young (Normal) (G1 Evacuation Pause) 6483M->1981M(8192M) 154.151ms
[6519.081s][info][gc,cpu         ] GC(1059) User=1.22s Sys=0.00s Real=0.16s
....[6522.346s][info][gc,start       ] GC(1060) Pause Young (Normal) (G1 Evacuation Pause)
[6522.346s][info][gc,task        ] GC(1060) Using 8 workers of 8 for evacuation
[6522.498s][info][gc,phases      ] GC(1060)   Pre Evacuate Collection Set: 0.23ms
[6522.498s][info][gc,phases      ] GC(1060)   Merge Heap Roots: 0.52ms
[6522.498s][info][gc,phases      ] GC(1060)   Evacuate Collection Set: 150.09ms
[6522.498s][info][gc,phases      ] GC(1060)   Post Evacuate Collection Set: 1.05ms
[6522.498s][info][gc,phases      ] GC(1060)   Other: 0.06ms
[6522.498s][info][gc,heap        ] GC(1060) Eden regions: 570->0(570)
[6522.498s][info][gc,heap        ] GC(1060) Survivor regions: 44->44(77)
[6522.498s][info][gc,heap        ] GC(1060) Old regions: 173->180
[6522.498s][info][gc,heap        ] GC(1060) Humongous regions: 33->33
[6522.498s][info][gc,metaspace   ] GC(1060) Metaspace: 29991K(30144K)->29991K(30144K) NonClass: 29991K(30144K)->29991K(30144K) Class: 0K(0K)->0K(0K)
[6522.498s][info][gc             ] GC(1060) Pause Young (Normal) (G1 Evacuation Pause) 6541M->2034M(8192M) 152.070ms
[6522.499s][info][gc,cpu         ] GC(1060) User=1.21s Sys=0.00s Real=0.16s
. (rIR:aIR:PR = 11208:11097:11097) (tPR = 166147) [OK] 
  6523s: Performance info:
         Transaction,    Success,    Partial,     Failed,   Receipts, AvgBarcode, 
             Overall,     732856,          0,          0,     695865,      59.48, 
         Response times:
             Request,    Success,    Partial,     Failed,   SkipFail,     Probes,    Samples,      min,      p50,      p90,      p95,      p99,      max, 
       TotalPurchase,     695798,          0,          0,          0,     390144,     444337,      300,     8800,    63000,    92000,   167000,  2100000,
     InStorePurchase,     363472,          0,          0,          0,     204844,     233684,      300,     8800,    63000,    93000,   165000,  2100000,
      OnlinePurchase,     258404,          0,          0,          0,     144212,     163933,      300,     8800,    63000,    91000,   167660,  2100000,
        InstPurchase,      73922,          0,          0,          0,      41088,      46720,      400,     8900,    63000,    93000,   168000,  2100000,
          AssocOfCat,        730,          0,          0,          0,        611,        826,    31000,    61500,   117000,   161950,   265000,   532000,
      AssocOfProduct,       7381,          0,          0,          0,       4333,       5143,     1000,     8500,    66000,    93000,   163560,   534000,
      BusinessReport,       1853,          0,          0,          0,       1678,       2076,    31000,    68000,   140600,   177300,   237230,   660000,
          CustBuyBeh,       7426,          0,          0,          0,       4443,       5231,      200,     8000,    59000,    90000,   170000,   598000,
       ProductReturn,      19660,          0,          0,          0,      10990,      12839,      200,     8700,    61000,    94000,   163000,   553000,

  6523s: (82%)   IR =  11346 ..[6525.755s][info][gc,start       ] GC(1061) Pause Young (Normal) (G1 Evacuation Pause)
[6525.755s][info][gc,task        ] GC(1061) Using 8 workers of 8 for evacuation
[6525.908s][info][gc,phases      ] GC(1061)   Pre Evacuate Collection Set: 0.24ms
[6525.908s][info][gc,phases      ] GC(1061)   Merge Heap Roots: 0.61ms
[6525.908s][info][gc,phases      ] GC(1061)   Evacuate Collection Set: 151.11ms
[6525.908s][info][gc,phases      ] GC(1061)   Post Evacuate Collection Set: 1.05ms
[6525.908s][info][gc,phases      ] GC(1061)   Other: 0.07ms
[6525.908s][info][gc,heap        ] GC(1061) Eden regions: 570->0(570)
[6525.908s][info][gc,heap        ] GC(1061) Survivor regions: 44->44(77)
[6525.908s][info][gc,heap        ] GC(1061) Old regions: 180->187
[6525.908s][info][gc,heap        ] GC(1061) Humongous regions: 33->33
[6525.908s][info][gc,metaspace   ] GC(1061) Metaspace: 29991K(30144K)->29991K(30144K) NonClass: 29991K(30144K)->29991K(30144K) Class: 0K(0K)->0K(0K)
[6525.908s][info][gc             ] GC(1061) Pause Young (Normal) (G1 Evacuation Pause) 6594M->2094M(8192M) 153.220ms
[6525.908s][info][gc,cpu         ] GC(1061) User=1.21s Sys=0.00s Real=0.16s
...[6529.027s][info][gc,start       ] GC(1062) Pause Young (Normal) (G1 Evacuation Pause)
[6529.028s][info][gc,task        ] GC(1062) Using 8 workers of 8 for evacuation
[6529.181s][info][gc,phases      ] GC(1062)   Pre Evacuate Collection Set: 0.25ms
[6529.181s][info][gc,phases      ] GC(1062)   Merge Heap Roots: 0.52ms
[6529.181s][info][gc,phases      ] GC(1062)   Evacuate Collection Set: 151.27ms
[6529.181s][info][gc,phases      ] GC(1062)   Post Evacuate Collection Set: 1.09ms
[6529.181s][info][gc,phases      ] GC(1062)   Other: 0.06ms
[6529.181s][info][gc,heap        ] GC(1062) Eden regions: 570->0(570)
[6529.181s][info][gc,heap        ] GC(1062) Survivor regions: 44->44(77)
[6529.181s][info][gc,heap        ] GC(1062) Old regions: 187->194
[6529.181s][info][gc,heap        ] GC(1062) Humongous regions: 33->33
[6529.181s][info][gc,metaspace   ] GC(1062) Metaspace: 29991K(30144K)->29991K(30144K) NonClass: 29991K(30144K)->29991K(30144K) Class: 0K(0K)->0K(0K)
[6529.181s][info][gc             ] GC(1062) Pause Young (Normal) (G1 Evacuation Pause) 6654M->2150M(8192M) 153.325ms
[6529.181s][info][gc,cpu         ] GC(1062) User=1.22s Sys=0.00s Real=0.15s
...[6532.440s][info][gc,start       ] GC(1063) Pause Young (Normal) (G1 Evacuation Pause)
[6532.440s][info][gc,task        ] GC(1063) Using 8 workers of 8 for evacuation
[6532.595s][info][gc,phases      ] GC(1063)   Pre Evacuate Collection Set: 0.22ms
[6532.595s][info][gc,phases      ] GC(1063)   Merge Heap Roots: 0.52ms
[6532.595s][info][gc,phases      ] GC(1063)   Evacuate Collection Set: 153.07ms
[6532.595s][info][gc,phases      ] GC(1063)   Post Evacuate Collection Set: 1.04ms
[6532.595s][info][gc,phases      ] GC(1063)   Other: 0.06ms
[6532.595s][info][gc,heap        ] GC(1063) Eden regions: 570->0(570)
[6532.595s][info][gc,heap        ] GC(1063) Survivor regions: 44->44(77)
[6532.595s][info][gc,heap        ] GC(1063) Old regions: 194->202
[6532.595s][info][gc,heap        ] GC(1063) Humongous regions: 33->33
[6532.595s][info][gc,metaspace   ] GC(1063) Metaspace: 29991K(30144K)->29991K(30144K) NonClass: 29991K(30144K)->29991K(30144K) Class: 0K(0K)->0K(0K)
[6532.595s][info][gc             ] GC(1063) Pause Young (Normal) (G1 Evacuation Pause) 6710M->2213M(8192M) 155.046ms
[6532.596s][info][gc,cpu         ] GC(1063) User=1.23s Sys=0.00s Real=0.15s
....|[6535.736s][info][gc,start       ] GC(1064) Pause Young (Normal) (G1 Evacuation Pause)
[6535.736s][info][gc,task        ] GC(1064) Using 8 workers of 8 for evacuation
[6535.883s][info][gc,phases      ] GC(1064)   Pre Evacuate Collection Set: 0.23ms
[6535.883s][info][gc,phases      ] GC(1064)   Merge Heap Roots: 0.60ms
[6535.883s][info][gc,phases      ] GC(1064)   Evacuate Collection Set: 145.42ms
[6535.883s][info][gc,phases      ] GC(1064)   Post Evacuate Collection Set: 1.04ms
[6535.883s][info][gc,phases      ] GC(1064)   Other: 0.06ms
[6535.883s][info][gc,heap        ] GC(1064) Eden regions: 570->0(572)
[6535.883s][info][gc,heap        ] GC(1064) Survivor regions: 44->42(77)
[6535.883s][info][gc,heap        ] GC(1064) Old regions: 202->209
[6535.883s][info][gc,heap        ] GC(1064) Humongous regions: 33->33
[6535.883s][info][gc,metaspace   ] GC(1064) Metaspace: 29991K(30144K)->29991K(30144K) NonClass: 29991K(30144K)->29991K(30144K) Class: 0K(0K)->0K(0K)
[6535.883s][info][gc             ] GC(1064) Pause Young (Normal) (G1 Evacuation Pause) 6773M->2255M(8192M) 147.472ms
[6535.883s][info][gc,cpu         ] GC(1064) User=1.16s Sys=0.00s Real=0.15s
...[6539.143s][info][gc,start       ] GC(1065) Pause Young (Normal) (G1 Evacuation Pause)
[6539.143s][info][gc,task        ] GC(1065) Using 8 workers of 8 for evacuation
[6539.292s][info][gc,phases      ] GC(1065)   Pre Evacuate Collection Set: 0.27ms
[6539.292s][info][gc,phases      ] GC(1065)   Merge Heap Roots: 0.54ms
[6539.292s][info][gc,phases      ] GC(1065)   Evacuate Collection Set: 146.85ms
[6539.292s][info][gc,phases      ] GC(1065)   Post Evacuate Collection Set: 1.06ms
[6539.292s][info][gc,phases      ] GC(1065)   Other: 0.07ms
[6539.292s][info][gc,heap        ] GC(1065) Eden regions: 572->0(571)
[6539.292s][info][gc,heap        ] GC(1065) Survivor regions: 42->43(77)
[6539.292s][info][gc,heap        ] GC(1065) Old regions: 209->216
[6539.292s][info][gc,heap        ] GC(1065) Humongous regions: 33->33
[6539.292s][info][gc,metaspace   ] GC(1065) Metaspace: 29991K(30144K)->29991K(30144K) NonClass: 29991K(30144K)->29991K(30144K) Class: 0K(0K)->0K(0K)
[6539.292s][info][gc             ] GC(1065) Pause Young (Normal) (G1 Evacuation Pause) 6831M->2318M(8192M) 148.918ms
[6539.292s][info][gc,cpu         ] GC(1065) User=1.18s Sys=0.00s Real=0.15s
....[6542.618s][info][gc,start       ] GC(1066) Pause Young (Normal) (G1 Evacuation Pause)
[6542.618s][info][gc,task        ] GC(1066) Using 8 workers of 8 for evacuation
[6542.777s][info][gc,phases      ] GC(1066)   Pre Evacuate Collection Set: 0.24ms
[6542.777s][info][gc,phases      ] GC(1066)   Merge Heap Roots: 0.52ms
[6542.777s][info][gc,phases      ] GC(1066)   Evacuate Collection Set: 156.76ms
[6542.777s][info][gc,phases      ] GC(1066)   Post Evacuate Collection Set: 1.05ms
[6542.777s][info][gc,phases      ] GC(1066)   Other: 0.07ms
[6542.777s][info][gc,heap        ] GC(1066) Eden regions: 571->0(568)
[6542.777s][info][gc,heap        ] GC(1066) Survivor regions: 43->46(77)
[6542.777s][info][gc,heap        ] GC(1066) Old regions: 216->223
[6542.777s][info][gc,heap        ] GC(1066) Humongous regions: 33->33
[6542.777s][info][gc,metaspace   ] GC(1066) Metaspace: 29991K(30144K)->29991K(30144K) NonClass: 29991K(30144K)->29991K(30144K) Class: 0K(0K)->0K(0K)
[6542.777s][info][gc             ] GC(1066) Pause Young (Normal) (G1 Evacuation Pause) 6886M->2394M(8192M) 158.756ms
[6542.777s][info][gc,cpu         ] GC(1066) User=1.25s Sys=0.01s Real=0.15s
...[6545.976s][info][gc,start       ] GC(1067) Pause Young (Normal) (G1 Evacuation Pause)
[6545.977s][info][gc,task        ] GC(1067) Using 8 workers of 8 for evacuation
[6546.128s][info][gc,phases      ] GC(1067)   Pre Evacuate Collection Set: 0.24ms
[6546.128s][info][gc,phases      ] GC(1067)   Merge Heap Roots: 0.56ms
[6546.128s][info][gc,phases      ] GC(1067)   Evacuate Collection Set: 149.55ms
[6546.128s][info][gc,phases      ] GC(1067)   Post Evacuate Collection Set: 1.05ms
[6546.128s][info][gc,phases      ] GC(1067)   Other: 0.06ms
[6546.128s][info][gc,heap        ] GC(1067) Eden regions: 568->0(571)
[6546.128s][info][gc,heap        ] GC(1067) Survivor regions: 46->43(77)
[6546.128s][info][gc,heap        ] GC(1067) Old regions: 223->230
[6546.128s][info][gc,heap        ] GC(1067) Humongous regions: 33->33
[6546.128s][info][gc,metaspace   ] GC(1067) Metaspace: 29991K(30144K)->29991K(30144K) NonClass: 29991K(30144K)->29991K(30144K) Class: 0K(0K)->0K(0K)
[6546.128s][info][gc             ] GC(1067) Pause Young (Normal) (G1 Evacuation Pause) 6938M->2435M(8192M) 151.584ms
[6546.128s][info][gc,cpu         ] GC(1067) User=1.20s Sys=0.00s Real=0.16s
...[6549.396s][info][gc,start       ] GC(1068) Pause Young (Normal) (G1 Evacuation Pause)
[6549.396s][info][gc,task        ] GC(1068) Using 8 workers of 8 for evacuation
[6549.549s][info][gc,phases      ] GC(1068)   Pre Evacuate Collection Set: 0.23ms
[6549.549s][info][gc,phases      ] GC(1068)   Merge Heap Roots: 0.54ms
[6549.549s][info][gc,phases      ] GC(1068)   Evacuate Collection Set: 151.05ms
[6549.549s][info][gc,phases      ] GC(1068)   Post Evacuate Collection Set: 1.04ms
[6549.549s][info][gc,phases      ] GC(1068)   Other: 0.06ms
[6549.549s][info][gc,heap        ] GC(1068) Eden regions: 571->0(570)
[6549.549s][info][gc,heap        ] GC(1068) Survivor regions: 43->44(77)
[6549.549s][info][gc,heap        ] GC(1068) Old regions: 230->238
[6549.549s][info][gc,heap        ] GC(1068) Humongous regions: 33->33
[6549.549s][info][gc,metaspace   ] GC(1068) Metaspace: 29991K(30144K)->29991K(30144K) NonClass: 29991K(30144K)->29991K(30144K) Class: 0K(0K)->0K(0K)
[6549.549s][info][gc             ] GC(1068) Pause Young (Normal) (G1 Evacuation Pause) 7003M->2502M(8192M) 153.067ms
[6549.549s][info][gc,cpu         ] GC(1068) User=1.22s Sys=0.00s Real=0.16s
....[6552.763s][info][gc,start       ] GC(1069) Pause Young (Normal) (G1 Evacuation Pause)
[6552.763s][info][gc,task        ] GC(1069) Using 8 workers of 8 for evacuation
[6552.911s][info][gc,phases      ] GC(1069)   Pre Evacuate Collection Set: 0.24ms
[6552.911s][info][gc,phases      ] GC(1069)   Merge Heap Roots: 0.52ms
[6552.911s][info][gc,phases      ] GC(1069)   Evacuate Collection Set: 146.38ms
[6552.911s][info][gc,phases      ] GC(1069)   Post Evacuate Collection Set: 1.01ms
[6552.911s][info][gc,phases      ] GC(1069)   Other: 0.06ms
[6552.911s][info][gc,heap        ] GC(1069) Eden regions: 570->0(571)
[6552.911s][info][gc,heap        ] GC(1069) Survivor regions: 44->43(77)
[6552.911s][info][gc,heap        ] GC(1069) Old regions: 238->245
[6552.911s][info][gc,heap        ] GC(1069) Humongous regions: 33->33
[6552.911s][info][gc,metaspace   ] GC(1069) Metaspace: 29991K(30144K)->29991K(30144K) NonClass: 29991K(30144K)->29991K(30144K) Class: 0K(0K)->0K(0K)
[6552.911s][info][gc             ] GC(1069) Pause Young (Normal) (G1 Evacuation Pause) 7062M->2550M(8192M) 148.343ms
[6552.911s][info][gc,cpu         ] GC(1069) User=1.17s Sys=0.00s Real=0.15s
...[6556.088s][info][gc,start       ] GC(1070) Pause Young (Normal) (G1 Evacuation Pause)
[6556.088s][info][gc,task        ] GC(1070) Using 8 workers of 8 for evacuation
[6556.240s][info][gc,phases      ] GC(1070)   Pre Evacuate Collection Set: 0.22ms
[6556.240s][info][gc,phases      ] GC(1070)   Merge Heap Roots: 0.52ms
[6556.240s][info][gc,phases      ] GC(1070)   Evacuate Collection Set: 149.70ms
[6556.240s][info][gc,phases      ] GC(1070)   Post Evacuate Collection Set: 1.04ms
[6556.240s][info][gc,phases      ] GC(1070)   Other: 0.07ms
[6556.240s][info][gc,heap        ] GC(1070) Eden regions: 571->0(570)
[6556.240s][info][gc,heap        ] GC(1070) Survivor regions: 43->44(77)
[6556.240s][info][gc,heap        ] GC(1070) Old regions: 245->252
[6556.240s][info][gc,heap        ] GC(1070) Humongous regions: 33->33
[6556.240s][info][gc,metaspace   ] GC(1070) Metaspace: 29991K(30144K)->29991K(30144K) NonClass: 29991K(30144K)->29991K(30144K) Class: 0K(0K)->0K(0K)
[6556.240s][info][gc             ] GC(1070) Pause Young (Normal) (G1 Evacuation Pause) 7118M->2611M(8192M) 151.716ms
[6556.240s][info][gc,cpu         ] GC(1070) User=1.20s Sys=0.00s Real=0.15s
...[6559.419s][info][gc,start       ] GC(1071) Pause Young (Normal) (G1 Evacuation Pause)
[6559.419s][info][gc,task        ] GC(1071) Using 8 workers of 8 for evacuation
[6559.571s][info][gc,phases      ] GC(1071)   Pre Evacuate Collection Set: 0.23ms
[6559.571s][info][gc,phases      ] GC(1071)   Merge Heap Roots: 0.53ms
[6559.572s][info][gc,phases      ] GC(1071)   Evacuate Collection Set: 150.40ms
[6559.572s][info][gc,phases      ] GC(1071)   Post Evacuate Collection Set: 1.03ms
[6559.572s][info][gc,phases      ] GC(1071)   Other: 0.06ms
[6559.572s][info][gc,heap        ] GC(1071) Eden regions: 570->0(570)
[6559.572s][info][gc,heap        ] GC(1071) Survivor regions: 44->44(77)
[6559.572s][info][gc,heap        ] GC(1071) Old regions: 252->259
[6559.572s][info][gc,heap        ] GC(1071) Humongous regions: 33->33
[6559.572s][info][gc,metaspace   ] GC(1071) Metaspace: 29991K(30144K)->29991K(30144K) NonClass: 29991K(30144K)->29991K(30144K) Class: 0K(0K)->0K(0K)
[6559.572s][info][gc             ] GC(1071) Pause Young (Normal) (G1 Evacuation Pause) 7171M->2675M(8192M) 152.364ms
[6559.572s][info][gc,cpu         ] GC(1071) User=1.21s Sys=0.01s Real=0.15s
....[6562.983s][info][gc,start       ] GC(1072) Pause Young (Normal) (G1 Evacuation Pause)
[6562.983s][info][gc,task        ] GC(1072) Using 8 workers of 8 for evacuation
[6563.133s][info][gc,phases      ] GC(1072)   Pre Evacuate Collection Set: 0.24ms
[6563.133s][info][gc,phases      ] GC(1072)   Merge Heap Roots: 0.52ms
[6563.133s][info][gc,phases      ] GC(1072)   Evacuate Collection Set: 148.38ms
[6563.133s][info][gc,phases      ] GC(1072)   Post Evacuate Collection Set: 1.07ms
[6563.133s][info][gc,phases      ] GC(1072)   Other: 0.07ms
[6563.133s][info][gc,heap        ] GC(1072) Eden regions: 570->0(571)
[6563.133s][info][gc,heap        ] GC(1072) Survivor regions: 44->43(77)
[6563.133s][info][gc,heap        ] GC(1072) Old regions: 259->266
[6563.133s][info][gc,heap        ] GC(1072) Humongous regions: 33->33
[6563.133s][info][gc,metaspace   ] GC(1072) Metaspace: 29991K(30144K)->29991K(30144K) NonClass: 29991K(30144K)->29991K(30144K) Class: 0K(0K)->0K(0K)
[6563.133s][info][gc             ] GC(1072) Pause Young (Normal) (G1 Evacuation Pause) 7235M->2723M(8192M) 150.412ms
[6563.133s][info][gc,cpu         ] GC(1072) User=1.19s Sys=0.00s Real=0.15s
...[6566.326s][info][gc,start       ] GC(1073) Pause Young (Normal) (G1 Evacuation Pause)
[6566.326s][info][gc,task        ] GC(1073) Using 8 workers of 8 for evacuation
[6566.475s][info][gc,phases      ] GC(1073)   Pre Evacuate Collection Set: 0.24ms
[6566.475s][info][gc,phases      ] GC(1073)   Merge Heap Roots: 0.52ms
[6566.475s][info][gc,phases      ] GC(1073)   Evacuate Collection Set: 147.85ms
[6566.475s][info][gc,phases      ] GC(1073)   Post Evacuate Collection Set: 1.09ms
[6566.475s][info][gc,phases      ] GC(1073)   Other: 0.06ms
[6566.475s][info][gc,heap        ] GC(1073) Eden regions: 571->0(570)
[6566.475s][info][gc,heap        ] GC(1073) Survivor regions: 43->44(77)
[6566.476s][info][gc,heap        ] GC(1073) Old regions: 266->274
[6566.476s][info][gc,heap        ] GC(1073) Humongous regions: 33->33
[6566.476s][info][gc,metaspace   ] GC(1073) Metaspace: 29991K(30144K)->29991K(30144K) NonClass: 29991K(30144K)->29991K(30144K) Class: 0K(0K)->0K(0K)
[6566.476s][info][gc             ] GC(1073) Pause Young (Normal) (G1 Evacuation Pause) 7291M->2785M(8192M) 149.893ms
[6566.476s][info][gc,cpu         ] GC(1073) User=1.18s Sys=0.00s Real=0.15s
....[6569.711s][info][gc,start       ] GC(1074) Pause Young (Normal) (G1 Evacuation Pause)
[6569.711s][info][gc,task        ] GC(1074) Using 8 workers of 8 for evacuation
[6569.862s][info][gc,phases      ] GC(1074)   Pre Evacuate Collection Set: 0.24ms
[6569.862s][info][gc,phases      ] GC(1074)   Merge Heap Roots: 0.54ms
[6569.862s][info][gc,phases      ] GC(1074)   Evacuate Collection Set: 148.77ms
[6569.862s][info][gc,phases      ] GC(1074)   Post Evacuate Collection Set: 1.04ms
[6569.862s][info][gc,phases      ] GC(1074)   Other: 0.06ms
[6569.862s][info][gc,heap        ] GC(1074) Eden regions: 570->0(570)
[6569.862s][info][gc,heap        ] GC(1074) Survivor regions: 44->44(77)
[6569.862s][info][gc,heap        ] GC(1074) Old regions: 274->281
[6569.862s][info][gc,heap        ] GC(1074) Humongous regions: 33->33
[6569.862s][info][gc,metaspace   ] GC(1074) Metaspace: 29991K(30144K)->29991K(30144K) NonClass: 29991K(30144K)->29991K(30144K) Class: 0K(0K)->0K(0K)
[6569.862s][info][gc             ] GC(1074) Pause Young (Normal) (G1 Evacuation Pause) 7345M->2841M(8192M) 150.776ms
[6569.862s][info][gc,cpu         ] GC(1074) User=1.19s Sys=0.00s Real=0.15s
...[6573.145s][info][gc,start       ] GC(1075) Pause Young (Normal) (G1 Evacuation Pause)
[6573.145s][info][gc,task        ] GC(1075) Using 8 workers of 8 for evacuation
[6573.295s][info][gc,phases      ] GC(1075)   Pre Evacuate Collection Set: 0.27ms
[6573.295s][info][gc,phases      ] GC(1075)   Merge Heap Roots: 0.56ms
[6573.295s][info][gc,phases      ] GC(1075)   Evacuate Collection Set: 147.81ms
[6573.295s][info][gc,phases      ] GC(1075)   Post Evacuate Collection Set: 1.03ms
[6573.295s][info][gc,phases      ] GC(1075)   Other: 0.06ms
[6573.295s][info][gc,heap        ] GC(1075) Eden regions: 570->0(565)
[6573.295s][info][gc,heap        ] GC(1075) Survivor regions: 44->43(77)
[6573.295s][info][gc,heap        ] GC(1075) Old regions: 281->288
[6573.295s][info][gc,heap        ] GC(1075) Humongous regions: 33->33
[6573.295s][info][gc,metaspace   ] GC(1075) Metaspace: 29991K(30144K)->29991K(30144K) NonClass: 29991K(30144K)->29991K(30144K) Class: 0K(0K)->0K(0K)
[6573.295s][info][gc             ] GC(1075) Pause Young (Normal) (G1 Evacuation Pause) 7401M->2889M(8192M) 149.912ms
[6573.295s][info][gc,cpu         ] GC(1075) User=1.19s Sys=0.00s Real=0.15s
...[6576.560s][info][gc,start       ] GC(1076) Pause Young (Normal) (G1 Evacuation Pause)
[6576.560s][info][gc,task        ] GC(1076) Using 8 workers of 8 for evacuation
[6576.710s][info][gc,phases      ] GC(1076)   Pre Evacuate Collection Set: 0.26ms
[6576.710s][info][gc,phases      ] GC(1076)   Merge Heap Roots: 0.56ms
[6576.710s][info][gc,phases      ] GC(1076)   Evacuate Collection Set: 148.22ms
[6576.710s][info][gc,phases      ] GC(1076)   Post Evacuate Collection Set: 1.02ms
[6576.710s][info][gc,phases      ] GC(1076)   Other: 0.07ms
[6576.710s][info][gc,heap        ] GC(1076) Eden regions: 565->0(558)
[6576.710s][info][gc,heap        ] GC(1076) Survivor regions: 43->43(76)
[6576.710s][info][gc,heap        ] GC(1076) Old regions: 288->295
[6576.710s][info][gc,heap        ] GC(1076) Humongous regions: 33->33
[6576.710s][info][gc,metaspace   ] GC(1076) Metaspace: 29991K(30144K)->29991K(30144K) NonClass: 29991K(30144K)->29991K(30144K) Class: 0K(0K)->0K(0K)
[6576.710s][info][gc             ] GC(1076) Pause Young (Normal) (G1 Evacuation Pause) 7409M->2950M(8192M) 150.247ms
[6576.710s][info][gc,cpu         ] GC(1076) User=1.19s Sys=0.00s Real=0.15s
....[6579.847s][info][gc,start       ] GC(1077) Pause Young (Normal) (G1 Evacuation Pause)
[6579.847s][info][gc,task        ] GC(1077) Using 8 workers of 8 for evacuation
[6579.996s][info][gc,phases      ] GC(1077)   Pre Evacuate Collection Set: 0.22ms
[6579.996s][info][gc,phases      ] GC(1077)   Merge Heap Roots: 0.54ms
[6579.996s][info][gc,phases      ] GC(1077)   Evacuate Collection Set: 147.79ms
[6579.996s][info][gc,phases      ] GC(1077)   Post Evacuate Collection Set: 1.03ms
[6579.996s][info][gc,phases      ] GC(1077)   Other: 0.06ms
[6579.996s][info][gc,heap        ] GC(1077) Eden regions: 558->0(553)
[6579.996s][info][gc,heap        ] GC(1077) Survivor regions: 43->42(76)
[6579.996s][info][gc,heap        ] GC(1077) Old regions: 295->302
[6579.996s][info][gc,heap        ] GC(1077) Humongous regions: 33->33
[6579.996s][info][gc,metaspace   ] GC(1077) Metaspace: 29991K(30144K)->29991K(30144K) NonClass: 29991K(30144K)->29991K(30144K) Class: 0K(0K)->0K(0K)
[6579.996s][info][gc             ] GC(1077) Pause Young (Normal) (G1 Evacuation Pause) 7414M->3003M(8192M) 149.777ms
[6579.997s][info][gc,cpu         ] GC(1077) User=1.19s Sys=0.00s Real=0.15s
...[6583.154s][info][gc,start       ] GC(1078) Pause Young (Concurrent Start) (G1 Evacuation Pause)
[6583.154s][info][gc,task        ] GC(1078) Using 8 workers of 8 for evacuation
[6583.306s][info][gc,phases      ] GC(1078)   Pre Evacuate Collection Set: 0.28ms
[6583.306s][info][gc,phases      ] GC(1078)   Merge Heap Roots: 0.53ms
[6583.306s][info][gc,phases      ] GC(1078)   Evacuate Collection Set: 149.38ms
[6583.306s][info][gc,phases      ] GC(1078)   Post Evacuate Collection Set: 1.01ms
[6583.306s][info][gc,phases      ] GC(1078)   Other: 0.09ms
[6583.306s][info][gc,heap        ] GC(1078) Eden regions: 553->0(541)
[6583.306s][info][gc,heap        ] GC(1078) Survivor regions: 42->44(75)
[6583.306s][info][gc,heap        ] GC(1078) Old regions: 302->310
[6583.306s][info][gc,heap        ] GC(1078) Humongous regions: 33->33
[6583.306s][info][gc,metaspace   ] GC(1078) Metaspace: 29991K(30144K)->29991K(30144K) NonClass: 29991K(30144K)->29991K(30144K) Class: 0K(0K)->0K(0K)
[6583.306s][info][gc             ] GC(1078) Pause Young (Concurrent Start) (G1 Evacuation Pause) 7427M->3074M(8192M) 151.427ms
[6583.306s][info][gc             ] GC(1079) Concurrent Mark Cycle
[6583.306s][info][gc,marking     ] GC(1079) Concurrent Scan Root Regions
[6583.306s][info][gc,cpu         ] GC(1078) User=1.20s Sys=0.00s Real=0.15s
[6583.555s][info][gc,marking     ] GC(1079) Concurrent Scan Root Regions 249.070ms
[6583.555s][info][gc,marking     ] GC(1079) Concurrent Mark
[6583.555s][info][gc,marking     ] GC(1079) Concurrent Mark From Roots
[6583.555s][info][gc,task        ] GC(1079) Using 2 workers of 2 for marking
..[6584.849s][info][gc,marking     ] GC(1079) Concurrent Mark From Roots 1293.845ms
[6584.849s][info][gc,marking     ] GC(1079) Concurrent Preclean
[6584.849s][info][gc,marking     ] GC(1079) Concurrent Preclean 0.099ms
[6584.849s][info][gc,start       ] GC(1079) Pause Remark
[6584.852s][info][gc             ] GC(1079) Pause Remark 4902M->4398M(8192M) 2.641ms
[6584.852s][info][gc,cpu         ] GC(1079) User=0.02s Sys=0.01s Real=0.00s
[6584.852s][info][gc,marking     ] GC(1079) Concurrent Mark 1296.899ms
[6584.852s][info][gc,marking     ] GC(1079) Concurrent Rebuild Remembered Sets and Scrub Regions
[6585.512s][info][gc,marking     ] GC(1079) Concurrent Rebuild Remembered Sets and Scrub Regions 660.572ms
[6585.513s][info][gc,start       ] GC(1079) Pause Cleanup
[6585.513s][info][gc             ] GC(1079) Pause Cleanup 5243M->5243M(8192M) 0.278ms
[6585.513s][info][gc,cpu         ] GC(1079) User=0.00s Sys=0.00s Real=0.00s
[6585.513s][info][gc,marking     ] GC(1079) Concurrent Clear Claimed Marks
[6585.513s][info][gc,marking     ] GC(1079) Concurrent Clear Claimed Marks 0.046ms
[6585.513s][info][gc,marking     ] GC(1079) Concurrent Cleanup for Next Mark
[6585.524s][info][gc,marking     ] GC(1079) Concurrent Cleanup for Next Mark 10.608ms
[6585.524s][info][gc             ] GC(1079) Concurrent Mark Cycle 2217.917ms
.[6586.551s][info][gc,start       ] GC(1080) Pause Young (Prepare Mixed) (G1 Evacuation Pause)
[6586.551s][info][gc,task        ] GC(1080) Using 8 workers of 8 for evacuation
[6586.704s][info][gc,phases      ] GC(1080)   Pre Evacuate Collection Set: 0.22ms
[6586.704s][info][gc,phases      ] GC(1080)   Merge Heap Roots: 0.72ms
[6586.704s][info][gc,phases      ] GC(1080)   Evacuate Collection Set: 150.09ms
[6586.704s][info][gc,phases      ] GC(1080)   Post Evacuate Collection Set: 1.16ms
[6586.704s][info][gc,phases      ] GC(1080)   Other: 0.06ms
[6586.704s][info][gc,heap        ] GC(1080) Eden regions: 541->0(570)
[6586.704s][info][gc,heap        ] GC(1080) Survivor regions: 44->44(74)
[6586.704s][info][gc,heap        ] GC(1080) Old regions: 247->254
[6586.704s][info][gc,heap        ] GC(1080) Humongous regions: 33->33
[6586.704s][info][gc,metaspace   ] GC(1080) Metaspace: 29991K(30144K)->29991K(30144K) NonClass: 29991K(30144K)->29991K(30144K) Class: 0K(0K)->0K(0K)
[6586.704s][info][gc             ] GC(1080) Pause Young (Prepare Mixed) (G1 Evacuation Pause) 6898M->2634M(8192M) 152.381ms
[6586.704s][info][gc,cpu         ] GC(1080) User=1.20s Sys=0.00s Real=0.15s
....[6589.738s][info][gc,start       ] GC(1081) Pause Young (Mixed) (G1 Evacuation Pause)
[6589.738s][info][gc,task        ] GC(1081) Using 8 workers of 8 for evacuation
[6589.892s][info][gc,phases      ] GC(1081)   Pre Evacuate Collection Set: 0.29ms
[6589.892s][info][gc,phases      ] GC(1081)   Merge Heap Roots: 0.78ms
[6589.892s][info][gc,phases      ] GC(1081)   Evacuate Collection Set: 151.71ms
[6589.892s][info][gc,phases      ] GC(1081)   Post Evacuate Collection Set: 1.28ms
[6589.892s][info][gc,phases      ] GC(1081)   Other: 0.07ms
[6589.892s][info][gc,heap        ] GC(1081) Eden regions: 570->0(572)
[6589.892s][info][gc,heap        ] GC(1081) Survivor regions: 44->42(77)
[6589.892s][info][gc,heap        ] GC(1081) Old regions: 254->159
[6589.892s][info][gc,heap        ] GC(1081) Humongous regions: 33->33
[6589.892s][info][gc,metaspace   ] GC(1081) Metaspace: 29991K(30144K)->29991K(30144K) NonClass: 29991K(30144K)->29991K(30144K) Class: 0K(0K)->0K(0K)
[6589.892s][info][gc             ] GC(1081) Pause Young (Mixed) (G1 Evacuation Pause) 7194M->1859M(8192M) 154.276ms
[6589.892s][info][gc,cpu         ] GC(1081) User=1.22s Sys=0.00s Real=0.15s
...[6593.157s][info][gc,start       ] GC(1082) Pause Young (Mixed) (G1 Evacuation Pause)
[6593.157s][info][gc,task        ] GC(1082) Using 8 workers of 8 for evacuation
[6593.315s][info][gc,phases      ] GC(1082)   Pre Evacuate Collection Set: 0.24ms
[6593.315s][info][gc,phases      ] GC(1082)   Merge Heap Roots: 0.78ms
[6593.315s][info][gc,phases      ] GC(1082)   Evacuate Collection Set: 155.24ms
[6593.315s][info][gc,phases      ] GC(1082)   Post Evacuate Collection Set: 1.06ms
[6593.315s][info][gc,phases      ] GC(1082)   Other: 0.06ms
[6593.315s][info][gc,heap        ] GC(1082) Eden regions: 572->0(570)
[6593.315s][info][gc,heap        ] GC(1082) Survivor regions: 42->44(77)
[6593.315s][info][gc,heap        ] GC(1082) Old regions: 159->144
[6593.315s][info][gc,heap        ] GC(1082) Humongous regions: 33->33
[6593.315s][info][gc,metaspace   ] GC(1082) Metaspace: 29991K(30144K)->29991K(30144K) NonClass: 29991K(30144K)->29991K(30144K) Class: 0K(0K)->0K(0K)
[6593.315s][info][gc             ] GC(1082) Pause Young (Mixed) (G1 Evacuation Pause) 6435M->1749M(8192M) 157.538ms
[6593.315s][info][gc,cpu         ] GC(1082) User=1.25s Sys=0.00s Real=0.15s
... (rIR:aIR:PR = 11346:11267:11266) (tPR = 167838) [OK] 
  6595s: Performance info:
         Transaction,    Success,    Partial,     Failed,   Receipts, AvgBarcode, 
             Overall,     677329,          0,          0,     643171,      59.47, 
         Response times:
             Request,    Success,    Partial,     Failed,   SkipFail,     Probes,    Samples,      min,      p50,      p90,      p95,      p99,      max, 
       TotalPurchase,     643236,          0,          0,          0,     356532,     434856,      300,    10100,    74000,   128000,   194000,  3600000,
     InStorePurchase,     335890,          0,          0,          0,     187203,     228044,      300,    10100,    75000,   130000,   194000,  3600000,
      OnlinePurchase,     239206,          0,          0,          0,     131619,     160537,      300,    10100,    74000,   126000,   193000,  3600000,
        InstPurchase,      68140,          0,          0,          0,      37710,      46275,      400,    10000,    73000,   126000,   197000,  3600000,
          AssocOfCat,        683,          0,          0,          0,        573,        826,    32000,    63000,   124300,   172650,   244190,   478000,
      AssocOfProduct,       6876,          0,          0,          0,       4074,       5228,      800,    11000,    75000,   123000,   195000,   552000,
      BusinessReport,       1700,          0,          0,          0,       1525,       2011,    33000,    72000,   156000,   217000,   288880,  1000000,
          CustBuyBeh,       6803,          0,          0,          0,       4110,       5267,      200,    10100,    74000,   133000,   200000,   920000,
       ProductReturn,      18127,          0,          0,          0,       9050,      11449,      200,    10000,    72000,   122000,   188500,   940000,

  6595s: (83%)   IR =  11485 [6596.468s][info][gc,start       ] GC(1083) Pause Young (Normal) (G1 Evacuation Pause)
[6596.468s][info][gc,task        ] GC(1083) Using 8 workers of 8 for evacuation
[6596.620s][info][gc,phases      ] GC(1083)   Pre Evacuate Collection Set: 0.24ms
[6596.620s][info][gc,phases      ] GC(1083)   Merge Heap Roots: 0.52ms
[6596.620s][info][gc,phases      ] GC(1083)   Evacuate Collection Set: 150.17ms
[6596.620s][info][gc,phases      ] GC(1083)   Post Evacuate Collection Set: 1.12ms
[6596.620s][info][gc,phases      ] GC(1083)   Other: 0.06ms
[6596.620s][info][gc,heap        ] GC(1083) Eden regions: 570->0(570)
[6596.620s][info][gc,heap        ] GC(1083) Survivor regions: 44->44(77)
[6596.620s][info][gc,heap        ] GC(1083) Old regions: 144->151
[6596.620s][info][gc,heap        ] GC(1083) Humongous regions: 33->33
[6596.620s][info][gc,metaspace   ] GC(1083) Metaspace: 29991K(30144K)->29991K(30144K) NonClass: 29991K(30144K)->29991K(30144K) Class: 0K(0K)->0K(0K)
[6596.620s][info][gc             ] GC(1083) Pause Young (Normal) (G1 Evacuation Pause) 6309M->1804M(8192M) 152.246ms
[6596.620s][info][gc,cpu         ] GC(1083) User=1.20s Sys=0.00s Real=0.15s
...[6599.806s][info][gc,start       ] GC(1084) Pause Young (Normal) (G1 Evacuation Pause)
[6599.806s][info][gc,task        ] GC(1084) Using 8 workers of 8 for evacuation
[6599.954s][info][gc,phases      ] GC(1084)   Pre Evacuate Collection Set: 0.28ms
[6599.954s][info][gc,phases      ] GC(1084)   Merge Heap Roots: 0.63ms
[6599.954s][info][gc,phases      ] GC(1084)   Evacuate Collection Set: 145.92ms
[6599.954s][info][gc,phases      ] GC(1084)   Post Evacuate Collection Set: 1.06ms
[6599.954s][info][gc,phases      ] GC(1084)   Other: 0.88ms
[6599.954s][info][gc,heap        ] GC(1084) Eden regions: 570->0(572)
[6599.954s][info][gc,heap        ] GC(1084) Survivor regions: 44->42(77)
[6599.954s][info][gc,heap        ] GC(1084) Old regions: 151->158
[6599.954s][info][gc,heap        ] GC(1084) Humongous regions: 33->33
[6599.954s][info][gc,metaspace   ] GC(1084) Metaspace: 29991K(30144K)->29991K(30144K) NonClass: 29991K(30144K)->29991K(30144K) Class: 0K(0K)->0K(0K)
[6599.954s][info][gc             ] GC(1084) Pause Young (Normal) (G1 Evacuation Pause) 6364M->1850M(8192M) 148.918ms
[6599.955s][info][gc,cpu         ] GC(1084) User=1.17s Sys=0.00s Real=0.15s
....[6603.159s][info][gc,start       ] GC(1085) Pause Young (Normal) (G1 Evacuation Pause)
[6603.159s][info][gc,task        ] GC(1085) Using 8 workers of 8 for evacuation
[6603.308s][info][gc,phases      ] GC(1085)   Pre Evacuate Collection Set: 0.23ms
[6603.308s][info][gc,phases      ] GC(1085)   Merge Heap Roots: 0.52ms
[6603.308s][info][gc,phases      ] GC(1085)   Evacuate Collection Set: 146.52ms
[6603.308s][info][gc,phases      ] GC(1085)   Post Evacuate Collection Set: 1.05ms
[6603.308s][info][gc,phases      ] GC(1085)   Other: 0.09ms
[6603.308s][info][gc,heap        ] GC(1085) Eden regions: 572->0(571)
[6603.308s][info][gc,heap        ] GC(1085) Survivor regions: 42->43(77)
[6603.308s][info][gc,heap        ] GC(1085) Old regions: 158->165
[6603.308s][info][gc,heap        ] GC(1085) Humongous regions: 33->33
[6603.308s][info][gc,metaspace   ] GC(1085) Metaspace: 29991K(30144K)->29991K(30144K) NonClass: 29991K(30144K)->29991K(30144K) Class: 0K(0K)->0K(0K)
[6603.308s][info][gc             ] GC(1085) Pause Young (Normal) (G1 Evacuation Pause) 6426M->1915M(8192M) 148.535ms
[6603.308s][info][gc,cpu         ] GC(1085) User=1.17s Sys=0.00s Real=0.15s
...[6606.465s][info][gc,start       ] GC(1086) Pause Young (Normal) (G1 Evacuation Pause)
[6606.465s][info][gc,task        ] GC(1086) Using 8 workers of 8 for evacuation
[6606.619s][info][gc,phases      ] GC(1086)   Pre Evacuate Collection Set: 0.22ms
[6606.619s][info][gc,phases      ] GC(1086)   Merge Heap Roots: 0.52ms
[6606.619s][info][gc,phases      ] GC(1086)   Evacuate Collection Set: 152.35ms
[6606.619s][info][gc,phases      ] GC(1086)   Post Evacuate Collection Set: 1.03ms
[6606.619s][info][gc,phases      ] GC(1086)   Other: 0.06ms
[6606.619s][info][gc,heap        ] GC(1086) Eden regions: 571->0(569)
[6606.619s][info][gc,heap        ] GC(1086) Survivor regions: 43->45(77)
[6606.619s][info][gc,heap        ] GC(1086) Old regions: 165->173
[6606.619s][info][gc,heap        ] GC(1086) Humongous regions: 33->33
[6606.619s][info][gc,metaspace   ] GC(1086) Metaspace: 29991K(30144K)->29991K(30144K) NonClass: 29991K(30144K)->29991K(30144K) Class: 0K(0K)->0K(0K)
[6606.619s][info][gc             ] GC(1086) Pause Young (Normal) (G1 Evacuation Pause) 6483M->1986M(8192M) 154.311ms
[6606.619s][info][gc,cpu         ] GC(1086) User=1.22s Sys=0.00s Real=0.16s
...[6609.793s][info][gc,start       ] GC(1087) Pause Young (Normal) (G1 Evacuation Pause)
[6609.793s][info][gc,task        ] GC(1087) Using 8 workers of 8 for evacuation
[6609.942s][info][gc,phases      ] GC(1087)   Pre Evacuate Collection Set: 0.24ms
[6609.942s][info][gc,phases      ] GC(1087)   Merge Heap Roots: 0.55ms
[6609.942s][info][gc,phases      ] GC(1087)   Evacuate Collection Set: 146.60ms
[6609.942s][info][gc,phases      ] GC(1087)   Post Evacuate Collection Set: 1.07ms
[6609.942s][info][gc,phases      ] GC(1087)   Other: 0.07ms
[6609.942s][info][gc,heap        ] GC(1087) Eden regions: 569->0(571)
[6609.942s][info][gc,heap        ] GC(1087) Survivor regions: 45->43(77)
[6609.942s][info][gc,heap        ] GC(1087) Old regions: 173->180
[6609.942s][info][gc,heap        ] GC(1087) Humongous regions: 33->33
[6609.942s][info][gc,metaspace   ] GC(1087) Metaspace: 29991K(30144K)->29991K(30144K) NonClass: 29991K(30144K)->29991K(30144K) Class: 0K(0K)->0K(0K)
[6609.942s][info][gc             ] GC(1087) Pause Young (Normal) (G1 Evacuation Pause) 6538M->2030M(8192M) 148.670ms
[6609.942s][info][gc,cpu         ] GC(1087) User=1.18s Sys=0.00s Real=0.15s
....[6613.037s][info][gc,start       ] GC(1088) Pause Young (Normal) (G1 Evacuation Pause)
[6613.037s][info][gc,task        ] GC(1088) Using 8 workers of 8 for evacuation
[6613.188s][info][gc,phases      ] GC(1088)   Pre Evacuate Collection Set: 0.22ms
[6613.188s][info][gc,phases      ] GC(1088)   Merge Heap Roots: 0.53ms
[6613.188s][info][gc,phases      ] GC(1088)   Evacuate Collection Set: 149.03ms
[6613.188s][info][gc,phases      ] GC(1088)   Post Evacuate Collection Set: 1.03ms
[6613.188s][info][gc,phases      ] GC(1088)   Other: 0.07ms
[6613.188s][info][gc,heap        ] GC(1088) Eden regions: 571->0(570)
[6613.188s][info][gc,heap        ] GC(1088) Survivor regions: 43->44(77)
[6613.188s][info][gc,heap        ] GC(1088) Old regions: 180->187
[6613.188s][info][gc,heap        ] GC(1088) Humongous regions: 33->33
[6613.188s][info][gc,metaspace   ] GC(1088) Metaspace: 29991K(30144K)->29991K(30144K) NonClass: 29991K(30144K)->29991K(30144K) Class: 0K(0K)->0K(0K)
[6613.188s][info][gc             ] GC(1088) Pause Young (Normal) (G1 Evacuation Pause) 6598M->2094M(8192M) 151.019ms
[6613.188s][info][gc,cpu         ] GC(1088) User=1.19s Sys=0.00s Real=0.15s
...[6616.320s][info][gc,start       ] GC(1089) Pause Young (Normal) (G1 Evacuation Pause)
[6616.320s][info][gc,task        ] GC(1089) Using 8 workers of 8 for evacuation
[6616.472s][info][gc,phases      ] GC(1089)   Pre Evacuate Collection Set: 0.20ms
[6616.472s][info][gc,phases      ] GC(1089)   Merge Heap Roots: 0.51ms
[6616.472s][info][gc,phases      ] GC(1089)   Evacuate Collection Set: 149.61ms
[6616.472s][info][gc,phases      ] GC(1089)   Post Evacuate Collection Set: 1.08ms
[6616.472s][info][gc,phases      ] GC(1089)   Other: 0.06ms
[6616.472s][info][gc,heap        ] GC(1089) Eden regions: 570->0(570)
[6616.472s][info][gc,heap        ] GC(1089) Survivor regions: 44->44(77)
[6616.472s][info][gc,heap        ] GC(1089) Old regions: 187->194
[6616.472s][info][gc,heap        ] GC(1089) Humongous regions: 33->33
[6616.472s][info][gc,metaspace   ] GC(1089) Metaspace: 29991K(30144K)->29991K(30144K) NonClass: 29991K(30144K)->29991K(30144K) Class: 0K(0K)->0K(0K)
[6616.472s][info][gc             ] GC(1089) Pause Young (Normal) (G1 Evacuation Pause) 6654M->2149M(8192M) 151.596ms
[6616.472s][info][gc,cpu         ] GC(1089) User=1.19s Sys=0.00s Real=0.15s
...[6619.708s][info][gc,start       ] GC(1090) Pause Young (Normal) (G1 Evacuation Pause)
[6619.708s][info][gc,task        ] GC(1090) Using 8 workers of 8 for evacuation
[6619.852s][info][gc,phases      ] GC(1090)   Pre Evacuate Collection Set: 0.24ms
[6619.852s][info][gc,phases      ] GC(1090)   Merge Heap Roots: 0.53ms
[6619.852s][info][gc,phases      ] GC(1090)   Evacuate Collection Set: 142.88ms
[6619.852s][info][gc,phases      ] GC(1090)   Post Evacuate Collection Set: 1.03ms
[6619.852s][info][gc,phases      ] GC(1090)   Other: 0.06ms
[6619.852s][info][gc,heap        ] GC(1090) Eden regions: 570->0(572)
[6619.852s][info][gc,heap        ] GC(1090) Survivor regions: 44->42(77)
[6619.852s][info][gc,heap        ] GC(1090) Old regions: 194->201
[6619.852s][info][gc,heap        ] GC(1090) Humongous regions: 33->33
[6619.852s][info][gc,metaspace   ] GC(1090) Metaspace: 29991K(30144K)->29991K(30144K) NonClass: 29991K(30144K)->29991K(30144K) Class: 0K(0K)->0K(0K)
[6619.852s][info][gc             ] GC(1090) Pause Young (Normal) (G1 Evacuation Pause) 6709M->2195M(8192M) 144.860ms
[6619.853s][info][gc,cpu         ] GC(1090) User=1.15s Sys=0.00s Real=0.14s
....[6623.044s][info][gc,start       ] GC(1091) Pause Young (Normal) (G1 Evacuation Pause)
[6623.044s][info][gc,task        ] GC(1091) Using 8 workers of 8 for evacuation
[6623.193s][info][gc,phases      ] GC(1091)   Pre Evacuate Collection Set: 0.23ms
[6623.193s][info][gc,phases      ] GC(1091)   Merge Heap Roots: 0.55ms
[6623.193s][info][gc,phases      ] GC(1091)   Evacuate Collection Set: 147.00ms
[6623.193s][info][gc,phases      ] GC(1091)   Post Evacuate Collection Set: 1.04ms
[6623.193s][info][gc,phases      ] GC(1091)   Other: 0.08ms
[6623.193s][info][gc,heap        ] GC(1091) Eden regions: 572->0(570)
[6623.193s][info][gc,heap        ] GC(1091) Survivor regions: 42->44(77)
[6623.193s][info][gc,heap        ] GC(1091) Old regions: 201->208
[6623.193s][info][gc,heap        ] GC(1091) Humongous regions: 33->33
[6623.193s][info][gc,metaspace   ] GC(1091) Metaspace: 29991K(30144K)->29991K(30144K) NonClass: 29991K(30144K)->29991K(30144K) Class: 0K(0K)->0K(0K)
[6623.193s][info][gc             ] GC(1091) Pause Young (Normal) (G1 Evacuation Pause) 6771M->2263M(8192M) 149.030ms
[6623.193s][info][gc,cpu         ] GC(1091) User=1.19s Sys=0.00s Real=0.15s
..|.[6626.378s][info][gc,start       ] GC(1092) Pause Young (Normal) (G1 Evacuation Pause)
[6626.378s][info][gc,task        ] GC(1092) Using 8 workers of 8 for evacuation
[6626.529s][info][gc,phases      ] GC(1092)   Pre Evacuate Collection Set: 0.23ms
[6626.529s][info][gc,phases      ] GC(1092)   Merge Heap Roots: 0.59ms
[6626.529s][info][gc,phases      ] GC(1092)   Evacuate Collection Set: 148.80ms
[6626.529s][info][gc,phases      ] GC(1092)   Post Evacuate Collection Set: 1.07ms
[6626.529s][info][gc,phases      ] GC(1092)   Other: 0.06ms
[6626.529s][info][gc,heap        ] GC(1092) Eden regions: 570->0(571)
[6626.529s][info][gc,heap        ] GC(1092) Survivor regions: 44->43(77)
[6626.529s][info][gc,heap        ] GC(1092) Old regions: 208->216
[6626.529s][info][gc,heap        ] GC(1092) Humongous regions: 33->33
[6626.529s][info][gc,metaspace   ] GC(1092) Metaspace: 29991K(30144K)->29991K(30144K) NonClass: 29991K(30144K)->29991K(30144K) Class: 0K(0K)->0K(0K)
[6626.529s][info][gc             ] GC(1092) Pause Young (Normal) (G1 Evacuation Pause) 6823M->2317M(8192M) 150.888ms
[6626.529s][info][gc,cpu         ] GC(1092) User=1.19s Sys=0.00s Real=0.15s
...[6629.770s][info][gc,start       ] GC(1093) Pause Young (Normal) (G1 Evacuation Pause)
[6629.770s][info][gc,task        ] GC(1093) Using 8 workers of 8 for evacuation
[6629.915s][info][gc,phases      ] GC(1093)   Pre Evacuate Collection Set: 0.27ms
[6629.915s][info][gc,phases      ] GC(1093)   Merge Heap Roots: 0.52ms
[6629.915s][info][gc,phases      ] GC(1093)   Evacuate Collection Set: 143.35ms
[6629.915s][info][gc,phases      ] GC(1093)   Post Evacuate Collection Set: 1.01ms
[6629.915s][info][gc,phases      ] GC(1093)   Other: 0.07ms
[6629.915s][info][gc,heap        ] GC(1093) Eden regions: 571->0(572)
[6629.915s][info][gc,heap        ] GC(1093) Survivor regions: 43->42(77)
[6629.915s][info][gc,heap        ] GC(1093) Old regions: 216->223
[6629.915s][info][gc,heap        ] GC(1093) Humongous regions: 33->33
[6629.915s][info][gc,metaspace   ] GC(1093) Metaspace: 29991K(30144K)->29991K(30144K) NonClass: 29991K(30144K)->29991K(30144K) Class: 0K(0K)->0K(0K)
[6629.915s][info][gc             ] GC(1093) Pause Young (Normal) (G1 Evacuation Pause) 6885M->2366M(8192M) 145.348ms
[6629.915s][info][gc,cpu         ] GC(1093) User=1.15s Sys=0.00s Real=0.14s
....[6633.209s][info][gc,start       ] GC(1094) Pause Young (Normal) (G1 Evacuation Pause)
[6633.209s][info][gc,task        ] GC(1094) Using 8 workers of 8 for evacuation
[6633.358s][info][gc,phases      ] GC(1094)   Pre Evacuate Collection Set: 0.25ms
[6633.358s][info][gc,phases      ] GC(1094)   Merge Heap Roots: 0.53ms
[6633.358s][info][gc,phases      ] GC(1094)   Evacuate Collection Set: 146.76ms
[6633.358s][info][gc,phases      ] GC(1094)   Post Evacuate Collection Set: 1.04ms
[6633.358s][info][gc,phases      ] GC(1094)   Other: 0.06ms
[6633.358s][info][gc,heap        ] GC(1094) Eden regions: 572->0(571)
[6633.358s][info][gc,heap        ] GC(1094) Survivor regions: 42->43(77)
[6633.358s][info][gc,heap        ] GC(1094) Old regions: 223->230
[6633.358s][info][gc,heap        ] GC(1094) Humongous regions: 33->33
[6633.358s][info][gc,metaspace   ] GC(1094) Metaspace: 29991K(30144K)->29991K(30144K) NonClass: 29991K(30144K)->29991K(30144K) Class: 0K(0K)->0K(0K)
[6633.358s][info][gc             ] GC(1094) Pause Young (Normal) (G1 Evacuation Pause) 6942M->2427M(8192M) 148.773ms
[6633.358s][info][gc,cpu         ] GC(1094) User=1.18s Sys=0.00s Real=0.15s
...[6636.575s][info][gc,start       ] GC(1095) Pause Young (Normal) (G1 Evacuation Pause)
[6636.575s][info][gc,task        ] GC(1095) Using 8 workers of 8 for evacuation
[6636.731s][info][gc,phases      ] GC(1095)   Pre Evacuate Collection Set: 0.23ms
[6636.731s][info][gc,phases      ] GC(1095)   Merge Heap Roots: 0.55ms
[6636.731s][info][gc,phases      ] GC(1095)   Evacuate Collection Set: 153.46ms
[6636.731s][info][gc,phases      ] GC(1095)   Post Evacuate Collection Set: 1.05ms
[6636.731s][info][gc,phases      ] GC(1095)   Other: 0.06ms
[6636.731s][info][gc,heap        ] GC(1095) Eden regions: 571->0(570)
[6636.731s][info][gc,heap        ] GC(1095) Survivor regions: 43->44(77)
[6636.731s][info][gc,heap        ] GC(1095) Old regions: 230->237
[6636.731s][info][gc,heap        ] GC(1095) Humongous regions: 33->33
[6636.731s][info][gc,metaspace   ] GC(1095) Metaspace: 29991K(30144K)->29991K(30144K) NonClass: 29991K(30144K)->29991K(30144K) Class: 0K(0K)->0K(0K)
[6636.731s][info][gc             ] GC(1095) Pause Young (Normal) (G1 Evacuation Pause) 6995M->2493M(8192M) 155.485ms
[6636.731s][info][gc,cpu         ] GC(1095) User=1.24s Sys=0.00s Real=0.16s
...[6639.856s][info][gc,start       ] GC(1096) Pause Young (Normal) (G1 Evacuation Pause)
[6639.856s][info][gc,task        ] GC(1096) Using 8 workers of 8 for evacuation
[6640.008s][info][gc,phases      ] GC(1096)   Pre Evacuate Collection Set: 0.23ms
[6640.008s][info][gc,phases      ] GC(1096)   Merge Heap Roots: 0.53ms
[6640.008s][info][gc,phases      ] GC(1096)   Evacuate Collection Set: 149.87ms
[6640.008s][info][gc,phases      ] GC(1096)   Post Evacuate Collection Set: 1.03ms
[6640.008s][info][gc,phases      ] GC(1096)   Other: 0.06ms
[6640.008s][info][gc,heap        ] GC(1096) Eden regions: 570->0(571)
[6640.008s][info][gc,heap        ] GC(1096) Survivor regions: 44->43(77)
[6640.008s][info][gc,heap        ] GC(1096) Old regions: 237->244
[6640.008s][info][gc,heap        ] GC(1096) Humongous regions: 33->33
[6640.008s][info][gc,metaspace   ] GC(1096) Metaspace: 29991K(30144K)->29991K(30144K) NonClass: 29991K(30144K)->29991K(30144K) Class: 0K(0K)->0K(0K)
[6640.008s][info][gc             ] GC(1096) Pause Young (Normal) (G1 Evacuation Pause) 7053M->2547M(8192M) 151.842ms
[6640.008s][info][gc,cpu         ] GC(1096) User=1.20s Sys=0.00s Real=0.16s
....[6643.118s][info][gc,start       ] GC(1097) Pause Young (Normal) (G1 Evacuation Pause)
[6643.118s][info][gc,task        ] GC(1097) Using 8 workers of 8 for evacuation
[6643.269s][info][gc,phases      ] GC(1097)   Pre Evacuate Collection Set: 0.23ms
[6643.269s][info][gc,phases      ] GC(1097)   Merge Heap Roots: 0.56ms
[6643.269s][info][gc,phases      ] GC(1097)   Evacuate Collection Set: 148.60ms
[6643.269s][info][gc,phases      ] GC(1097)   Post Evacuate Collection Set: 1.02ms
[6643.269s][info][gc,phases      ] GC(1097)   Other: 0.06ms
[6643.269s][info][gc,heap        ] GC(1097) Eden regions: 571->0(571)
[6643.269s][info][gc,heap        ] GC(1097) Survivor regions: 43->43(77)
[6643.269s][info][gc,heap        ] GC(1097) Old regions: 244->252
[6643.269s][info][gc,heap        ] GC(1097) Humongous regions: 33->33
[6643.269s][info][gc,metaspace   ] GC(1097) Metaspace: 29991K(30144K)->29991K(30144K) NonClass: 29991K(30144K)->29991K(30144K) Class: 0K(0K)->0K(0K)
[6643.269s][info][gc             ] GC(1097) Pause Young (Normal) (G1 Evacuation Pause) 7115M->2606M(8192M) 150.602ms
[6643.269s][info][gc,cpu         ] GC(1097) User=1.19s Sys=0.00s Real=0.15s
...[6646.500s][info][gc,start       ] GC(1098) Pause Young (Normal) (G1 Evacuation Pause)
[6646.500s][info][gc,task        ] GC(1098) Using 8 workers of 8 for evacuation
[6646.658s][info][gc,phases      ] GC(1098)   Pre Evacuate Collection Set: 0.24ms
[6646.658s][info][gc,phases      ] GC(1098)   Merge Heap Roots: 0.55ms
[6646.658s][info][gc,phases      ] GC(1098)   Evacuate Collection Set: 155.34ms
[6646.658s][info][gc,phases      ] GC(1098)   Post Evacuate Collection Set: 1.07ms
[6646.658s][info][gc,phases      ] GC(1098)   Other: 0.07ms
[6646.658s][info][gc,heap        ] GC(1098) Eden regions: 571->0(570)
[6646.658s][info][gc,heap        ] GC(1098) Survivor regions: 43->44(77)
[6646.658s][info][gc,heap        ] GC(1098) Old regions: 252->259
[6646.658s][info][gc,heap        ] GC(1098) Humongous regions: 33->33
[6646.658s][info][gc,metaspace   ] GC(1098) Metaspace: 29991K(30144K)->29991K(30144K) NonClass: 29991K(30144K)->29991K(30144K) Class: 0K(0K)->0K(0K)
[6646.658s][info][gc             ] GC(1098) Pause Young (Normal) (G1 Evacuation Pause) 7174M->2673M(8192M) 157.386ms
[6646.658s][info][gc,cpu         ] GC(1098) User=1.25s Sys=0.00s Real=0.16s
...[6649.942s][info][gc,start       ] GC(1099) Pause Young (Normal) (G1 Evacuation Pause)
[6649.942s][info][gc,task        ] GC(1099) Using 8 workers of 8 for evacuation
[6650.095s][info][gc,phases      ] GC(1099)   Pre Evacuate Collection Set: 0.24ms
[6650.095s][info][gc,phases      ] GC(1099)   Merge Heap Roots: 0.55ms
[6650.095s][info][gc,phases      ] GC(1099)   Evacuate Collection Set: 150.85ms
[6650.095s][info][gc,phases      ] GC(1099)   Post Evacuate Collection Set: 1.04ms
[6650.095s][info][gc,phases      ] GC(1099)   Other: 0.06ms
[6650.095s][info][gc,heap        ] GC(1099) Eden regions: 570->0(571)
[6650.095s][info][gc,heap        ] GC(1099) Survivor regions: 44->43(77)
[6650.095s][info][gc,heap        ] GC(1099) Old regions: 259->266
[6650.095s][info][gc,heap        ] GC(1099) Humongous regions: 33->33
[6650.095s][info][gc,metaspace   ] GC(1099) Metaspace: 29991K(30144K)->29991K(30144K) NonClass: 29991K(30144K)->29991K(30144K) Class: 0K(0K)->0K(0K)
[6650.095s][info][gc             ] GC(1099) Pause Young (Normal) (G1 Evacuation Pause) 7233M->2723M(8192M) 152.874ms
[6650.095s][info][gc,cpu         ] GC(1099) User=1.21s Sys=0.00s Real=0.15s
....[6653.367s][info][gc,start       ] GC(1100) Pause Young (Normal) (G1 Evacuation Pause)
[6653.367s][info][gc,task        ] GC(1100) Using 8 workers of 8 for evacuation
[6653.517s][info][gc,phases      ] GC(1100)   Pre Evacuate Collection Set: 0.24ms
[6653.517s][info][gc,phases      ] GC(1100)   Merge Heap Roots: 0.54ms
[6653.517s][info][gc,phases      ] GC(1100)   Evacuate Collection Set: 147.97ms
[6653.517s][info][gc,phases      ] GC(1100)   Post Evacuate Collection Set: 1.04ms
[6653.517s][info][gc,phases      ] GC(1100)   Other: 0.07ms
[6653.517s][info][gc,heap        ] GC(1100) Eden regions: 571->0(570)
[6653.517s][info][gc,heap        ] GC(1100) Survivor regions: 43->44(77)
[6653.517s][info][gc,heap        ] GC(1100) Old regions: 266->273
[6653.517s][info][gc,heap        ] GC(1100) Humongous regions: 33->33
[6653.517s][info][gc,metaspace   ] GC(1100) Metaspace: 29991K(30144K)->29991K(30144K) NonClass: 29991K(30144K)->29991K(30144K) Class: 0K(0K)->0K(0K)
[6653.517s][info][gc             ] GC(1100) Pause Young (Normal) (G1 Evacuation Pause) 7291M->2783M(8192M) 149.990ms
[6653.517s][info][gc,cpu         ] GC(1100) User=1.19s Sys=0.00s Real=0.15s
...[6656.646s][info][gc,start       ] GC(1101) Pause Young (Normal) (G1 Evacuation Pause)
[6656.646s][info][gc,task        ] GC(1101) Using 8 workers of 8 for evacuation
[6656.806s][info][gc,phases      ] GC(1101)   Pre Evacuate Collection Set: 0.22ms
[6656.806s][info][gc,phases      ] GC(1101)   Merge Heap Roots: 0.52ms
[6656.806s][info][gc,phases      ] GC(1101)   Evacuate Collection Set: 158.45ms
[6656.806s][info][gc,phases      ] GC(1101)   Post Evacuate Collection Set: 1.08ms
[6656.806s][info][gc,phases      ] GC(1101)   Other: 0.06ms
[6656.806s][info][gc,heap        ] GC(1101) Eden regions: 570->0(566)
[6656.806s][info][gc,heap        ] GC(1101) Survivor regions: 44->46(77)
[6656.806s][info][gc,heap        ] GC(1101) Old regions: 273->281
[6656.807s][info][gc,heap        ] GC(1101) Humongous regions: 33->33
[6656.807s][info][gc,metaspace   ] GC(1101) Metaspace: 29991K(30144K)->29991K(30144K) NonClass: 29991K(30144K)->29991K(30144K) Class: 0K(0K)->0K(0K)
[6656.807s][info][gc             ] GC(1101) Pause Young (Normal) (G1 Evacuation Pause) 7343M->2861M(8192M) 160.462ms
[6656.807s][info][gc,cpu         ] GC(1101) User=1.27s Sys=0.00s Real=0.16s
...[6659.860s][info][gc,start       ] GC(1102) Pause Young (Normal) (G1 Evacuation Pause)
[6659.860s][info][gc,task        ] GC(1102) Using 8 workers of 8 for evacuation
[6660.012s][info][gc,phases      ] GC(1102)   Pre Evacuate Collection Set: 0.22ms
[6660.012s][info][gc,phases      ] GC(1102)   Merge Heap Roots: 0.54ms
[6660.012s][info][gc,phases      ] GC(1102)   Evacuate Collection Set: 149.55ms
[6660.012s][info][gc,phases      ] GC(1102)   Post Evacuate Collection Set: 1.06ms
[6660.012s][info][gc,phases      ] GC(1102)   Other: 0.06ms
[6660.012s][info][gc,heap        ] GC(1102) Eden regions: 566->0(563)
[6660.012s][info][gc,heap        ] GC(1102) Survivor regions: 46->44(77)
[6660.012s][info][gc,heap        ] GC(1102) Old regions: 281->288
[6660.012s][info][gc,heap        ] GC(1102) Humongous regions: 33->33
[6660.012s][info][gc,metaspace   ] GC(1102) Metaspace: 29991K(30144K)->29991K(30144K) NonClass: 29991K(30144K)->29991K(30144K) Class: 0K(0K)->0K(0K)
[6660.012s][info][gc             ] GC(1102) Pause Young (Normal) (G1 Evacuation Pause) 7389M->2899M(8192M) 151.549ms
[6660.012s][info][gc,cpu         ] GC(1102) User=1.20s Sys=0.00s Real=0.15s
....[6663.147s][info][gc,start       ] GC(1103) Pause Young (Normal) (G1 Evacuation Pause)
[6663.147s][info][gc,task        ] GC(1103) Using 8 workers of 8 for evacuation
[6663.297s][info][gc,phases      ] GC(1103)   Pre Evacuate Collection Set: 0.23ms
[6663.297s][info][gc,phases      ] GC(1103)   Merge Heap Roots: 0.53ms
[6663.297s][info][gc,phases      ] GC(1103)   Evacuate Collection Set: 148.02ms
[6663.297s][info][gc,phases      ] GC(1103)   Post Evacuate Collection Set: 1.07ms
[6663.297s][info][gc,phases      ] GC(1103)   Other: 0.06ms
[6663.297s][info][gc,heap        ] GC(1103) Eden regions: 563->0(556)
[6663.297s][info][gc,heap        ] GC(1103) Survivor regions: 44->44(76)
[6663.297s][info][gc,heap        ] GC(1103) Old regions: 288->295
[6663.297s][info][gc,heap        ] GC(1103) Humongous regions: 33->33
[6663.297s][info][gc,metaspace   ] GC(1103) Metaspace: 29991K(30144K)->29991K(30144K) NonClass: 29991K(30144K)->29991K(30144K) Class: 0K(0K)->0K(0K)
[6663.297s][info][gc             ] GC(1103) Pause Young (Normal) (G1 Evacuation Pause) 7403M->2954M(8192M) 150.049ms
[6663.297s][info][gc,cpu         ] GC(1103) User=1.19s Sys=0.00s Real=0.15s
...[6666.454s][info][gc,start       ] GC(1104) Pause Young (Normal) (G1 Evacuation Pause)
[6666.454s][info][gc,task        ] GC(1104) Using 8 workers of 8 for evacuation
[6666.607s][info][gc,phases      ] GC(1104)   Pre Evacuate Collection Set: 0.23ms
[6666.607s][info][gc,phases      ] GC(1104)   Merge Heap Roots: 0.54ms
[6666.607s][info][gc,phases      ] GC(1104)   Evacuate Collection Set: 150.77ms
[6666.607s][info][gc,phases      ] GC(1104)   Post Evacuate Collection Set: 1.04ms
[6666.607s][info][gc,phases      ] GC(1104)   Other: 0.06ms
[6666.607s][info][gc,heap        ] GC(1104) Eden regions: 556->0(549)
[6666.607s][info][gc,heap        ] GC(1104) Survivor regions: 44->44(75)
[6666.607s][info][gc,heap        ] GC(1104) Old regions: 295->302
[6666.607s][info][gc,heap        ] GC(1104) Humongous regions: 33->33
[6666.607s][info][gc,metaspace   ] GC(1104) Metaspace: 29991K(30144K)->29991K(30144K) NonClass: 29991K(30144K)->29991K(30144K) Class: 0K(0K)->0K(0K)
[6666.607s][info][gc             ] GC(1104) Pause Young (Normal) (G1 Evacuation Pause) 7402M->3010M(8192M) 152.775ms
[6666.607s][info][gc,cpu         ] GC(1104) User=1.21s Sys=0.00s Real=0.15s
...[6669.674s][info][gc,start       ] GC(1105) Pause Young (Concurrent Start) (G1 Evacuation Pause)
[6669.674s][info][gc,task        ] GC(1105) Using 8 workers of 8 for evacuation
[6669.823s][info][gc,phases      ] GC(1105)   Pre Evacuate Collection Set: 0.27ms
[6669.823s][info][gc,phases      ] GC(1105)   Merge Heap Roots: 0.54ms
[6669.823s][info][gc,phases      ] GC(1105)   Evacuate Collection Set: 147.24ms
[6669.823s][info][gc,phases      ] GC(1105)   Post Evacuate Collection Set: 1.03ms
[6669.823s][info][gc,phases      ] GC(1105)   Other: 0.11ms
[6669.823s][info][gc,heap        ] GC(1105) Eden regions: 549->0(544)
[6669.823s][info][gc,heap        ] GC(1105) Survivor regions: 44->43(75)
[6669.823s][info][gc,heap        ] GC(1105) Old regions: 302->309
[6669.823s][info][gc,heap        ] GC(1105) Humongous regions: 33->33
[6669.823s][info][gc,metaspace   ] GC(1105) Metaspace: 29991K(30144K)->29991K(30144K) NonClass: 29991K(30144K)->29991K(30144K) Class: 0K(0K)->0K(0K)
[6669.823s][info][gc             ] GC(1105) Pause Young (Concurrent Start) (G1 Evacuation Pause) 7402M->3063M(8192M) 149.314ms
[6669.823s][info][gc             ] GC(1106) Concurrent Mark Cycle
[6669.823s][info][gc,marking     ] GC(1106) Concurrent Scan Root Regions
[6669.823s][info][gc,cpu         ] GC(1105) User=1.19s Sys=0.00s Real=0.15s
.[6670.126s][info][gc,marking     ] GC(1106) Concurrent Scan Root Regions 302.830ms
[6670.126s][info][gc,marking     ] GC(1106) Concurrent Mark
[6670.126s][info][gc,marking     ] GC(1106) Concurrent Mark From Roots
[6670.126s][info][gc,task        ] GC(1106) Using 2 workers of 2 for marking
.[6671.297s][info][gc,marking     ] GC(1106) Concurrent Mark From Roots 1171.189ms
[6671.297s][info][gc,marking     ] GC(1106) Concurrent Preclean
[6671.297s][info][gc,marking     ] GC(1106) Concurrent Preclean 0.140ms
[6671.297s][info][gc,start       ] GC(1106) Pause Remark
[6671.299s][info][gc             ] GC(1106) Pause Remark 4832M->4424M(8192M) 1.315ms
[6671.299s][info][gc,cpu         ] GC(1106) User=0.00s Sys=0.01s Real=0.00s
[6671.299s][info][gc,marking     ] GC(1106) Concurrent Mark 1172.950ms
[6671.299s][info][gc,marking     ] GC(1106) Concurrent Rebuild Remembered Sets and Scrub Regions
[6672.100s][info][gc,marking     ] GC(1106) Concurrent Rebuild Remembered Sets and Scrub Regions 801.201ms
[6672.100s][info][gc,start       ] GC(1106) Pause Cleanup
[6672.101s][info][gc             ] GC(1106) Pause Cleanup 5467M->5467M(8192M) 0.263ms
[6672.101s][info][gc,cpu         ] GC(1106) User=0.00s Sys=0.00s Real=0.00s
[6672.101s][info][gc,marking     ] GC(1106) Concurrent Clear Claimed Marks
[6672.101s][info][gc,marking     ] GC(1106) Concurrent Clear Claimed Marks 0.045ms
[6672.101s][info][gc,marking     ] GC(1106) Concurrent Cleanup for Next Mark
[6672.111s][info][gc,marking     ] GC(1106) Concurrent Cleanup for Next Mark 10.227ms
[6672.111s][info][gc             ] GC(1106) Concurrent Mark Cycle 2287.892ms
.[6673.034s][info][gc,start       ] GC(1107) Pause Young (Prepare Mixed) (G1 Evacuation Pause)
[6673.034s][info][gc,task        ] GC(1107) Using 8 workers of 8 for evacuation
[6673.184s][info][gc,phases      ] GC(1107)   Pre Evacuate Collection Set: 0.24ms
[6673.184s][info][gc,phases      ] GC(1107)   Merge Heap Roots: 0.75ms
[6673.184s][info][gc,phases      ] GC(1107)   Evacuate Collection Set: 147.72ms
[6673.184s][info][gc,phases      ] GC(1107)   Post Evacuate Collection Set: 1.14ms
[6673.184s][info][gc,phases      ] GC(1107)   Other: 0.07ms
[6673.184s][info][gc,heap        ] GC(1107) Eden regions: 544->0(571)
[6673.184s][info][gc,heap        ] GC(1107) Survivor regions: 43->43(74)
[6673.184s][info][gc,heap        ] GC(1107) Old regions: 258->266
[6673.184s][info][gc,heap        ] GC(1107) Humongous regions: 33->33
[6673.184s][info][gc,metaspace   ] GC(1107) Metaspace: 29993K(30144K)->29993K(30144K) NonClass: 29993K(30144K)->29993K(30144K) Class: 0K(0K)->0K(0K)
[6673.184s][info][gc             ] GC(1107) Pause Young (Prepare Mixed) (G1 Evacuation Pause) 7007M->2716M(8192M) 150.058ms
[6673.184s][info][gc,cpu         ] GC(1107) User=1.19s Sys=0.00s Real=0.15s
...[6676.181s][info][gc,start       ] GC(1108) Pause Young (Mixed) (G1 Evacuation Pause)
[6676.181s][info][gc,task        ] GC(1108) Using 8 workers of 8 for evacuation
[6676.340s][info][gc,phases      ] GC(1108)   Pre Evacuate Collection Set: 0.26ms
[6676.340s][info][gc,phases      ] GC(1108)   Merge Heap Roots: 0.74ms
[6676.340s][info][gc,phases      ] GC(1108)   Evacuate Collection Set: 156.88ms
[6676.340s][info][gc,phases      ] GC(1108)   Post Evacuate Collection Set: 1.32ms
[6676.340s][info][gc,phases      ] GC(1108)   Other: 0.08ms
[6676.340s][info][gc,heap        ] GC(1108) Eden regions: 571->0(570)
[6676.340s][info][gc,heap        ] GC(1108) Survivor regions: 43->44(77)
[6676.340s][info][gc,heap        ] GC(1108) Old regions: 266->171
[6676.340s][info][gc,heap        ] GC(1108) Humongous regions: 33->33
[6676.340s][info][gc,metaspace   ] GC(1108) Metaspace: 29993K(30144K)->29993K(30144K) NonClass: 29993K(30144K)->29993K(30144K) Class: 0K(0K)->0K(0K)
[6676.340s][info][gc             ] GC(1108) Pause Young (Mixed) (G1 Evacuation Pause) 7284M->1962M(8192M) 159.413ms
[6676.341s][info][gc,cpu         ] GC(1108) User=1.25s Sys=0.00s Real=0.16s
....[6679.444s][info][gc,start       ] GC(1109) Pause Young (Mixed) (G1 Evacuation Pause)
[6679.444s][info][gc,task        ] GC(1109) Using 8 workers of 8 for evacuation
[6679.604s][info][gc,phases      ] GC(1109)   Pre Evacuate Collection Set: 0.24ms
[6679.604s][info][gc,phases      ] GC(1109)   Merge Heap Roots: 0.88ms
[6679.604s][info][gc,phases      ] GC(1109)   Evacuate Collection Set: 157.37ms
[6679.604s][info][gc,phases      ] GC(1109)   Post Evacuate Collection Set: 1.07ms
[6679.604s][info][gc,phases      ] GC(1109)   Other: 0.06ms
[6679.604s][info][gc,heap        ] GC(1109) Eden regions: 570->0(571)
[6679.604s][info][gc,heap        ] GC(1109) Survivor regions: 44->43(77)
[6679.604s][info][gc,heap        ] GC(1109) Old regions: 171->144
[6679.604s][info][gc,heap        ] GC(1109) Humongous regions: 33->33
[6679.604s][info][gc,metaspace   ] GC(1109) Metaspace: 29993K(30144K)->29993K(30144K) NonClass: 29993K(30144K)->29993K(30144K) Class: 0K(0K)->0K(0K)
[6679.604s][info][gc             ] GC(1109) Pause Young (Mixed) (G1 Evacuation Pause) 6522M->1742M(8192M) 159.755ms
[6679.604s][info][gc,cpu         ] GC(1109) User=1.27s Sys=0.00s Real=0.16s
...[6682.779s][info][gc,start       ] GC(1110) Pause Young (Normal) (G1 Evacuation Pause)
[6682.779s][info][gc,task        ] GC(1110) Using 8 workers of 8 for evacuation
[6682.935s][info][gc,phases      ] GC(1110)   Pre Evacuate Collection Set: 0.22ms
[6682.935s][info][gc,phases      ] GC(1110)   Merge Heap Roots: 0.61ms
[6682.935s][info][gc,phases      ] GC(1110)   Evacuate Collection Set: 153.61ms
[6682.935s][info][gc,phases      ] GC(1110)   Post Evacuate Collection Set: 1.01ms
[6682.935s][info][gc,phases      ] GC(1110)   Other: 0.06ms
[6682.935s][info][gc,heap        ] GC(1110) Eden regions: 571->0(569)
[6682.935s][info][gc,heap        ] GC(1110) Survivor regions: 43->45(77)
[6682.935s][info][gc,heap        ] GC(1110) Old regions: 144->151
[6682.935s][info][gc,heap        ] GC(1110) Humongous regions: 33->33
[6682.935s][info][gc,metaspace   ] GC(1110) Metaspace: 29993K(30144K)->29993K(30144K) NonClass: 29993K(30144K)->29993K(30144K) Class: 0K(0K)->0K(0K)
[6682.935s][info][gc             ] GC(1110) Pause Young (Normal) (G1 Evacuation Pause) 6310M->1809M(8192M) 155.638ms
[6682.935s][info][gc,cpu         ] GC(1110) User=1.23s Sys=0.00s Real=0.15s
... (rIR:aIR:PR = 11485:11474:11475) (tPR = 171034) [OK] 
  6685s: Performance info:
         Transaction,    Success,    Partial,     Failed,   Receipts, AvgBarcode, 
             Overall,     692860,          0,          0,     658191,      59.48, 
         Response times:
             Request,    Success,    Partial,     Failed,   SkipFail,     Probes,    Samples,      min,      p50,      p90,      p95,      p99,      max, 
       TotalPurchase,     658186,          0,          0,          0,     355585,     541563,      300,     9900,    66000,   100000,   215000,  1600000,
     InStorePurchase,     346459,          0,          0,          0,     187257,     284552,      300,     9900,    66000,   100000,   209000,  1600000,
      OnlinePurchase,     243345,          0,          0,          0,     130887,     199316,      300,     9900,    66000,   102000,   231000,  1600000,
        InstPurchase,      68382,          0,          0,          0,      37441,      57695,      400,    10000,    67000,   100000,   198040,  1600000,
          AssocOfCat,        690,          0,          0,          0,        575,       1046,    33000,    66000,   134300,   168650,   252000,   337000,
      AssocOfProduct,       6918,          0,          0,          0,       4120,       6603,      700,    10600,    75000,   102000,   197960,   640000,
      BusinessReport,       1738,          0,          0,          0,       1533,       2472,    31000,    70000,   141000,   179000,   253810,   513000,
          CustBuyBeh,       7028,          0,          0,          0,       4196,       6522,      200,     9200,    65000,   101000,   189770,  1300000,
       ProductReturn,      18271,          0,          0,          0,       9356,      14687,      200,     9500,    65000,    98000,   197120,  1600000,

  6685s: (84%)   IR =  11623 [6686.035s][info][gc,start       ] GC(1111) Pause Young (Normal) (G1 Evacuation Pause)
[6686.035s][info][gc,task        ] GC(1111) Using 8 workers of 8 for evacuation
[6686.188s][info][gc,phases      ] GC(1111)   Pre Evacuate Collection Set: 0.26ms
[6686.188s][info][gc,phases      ] GC(1111)   Merge Heap Roots: 0.58ms
[6686.188s][info][gc,phases      ] GC(1111)   Evacuate Collection Set: 151.09ms
[6686.188s][info][gc,phases      ] GC(1111)   Post Evacuate Collection Set: 1.04ms
[6686.188s][info][gc,phases      ] GC(1111)   Other: 0.07ms
[6686.188s][info][gc,heap        ] GC(1111) Eden regions: 569->0(570)
[6686.188s][info][gc,heap        ] GC(1111) Survivor regions: 45->44(77)
[6686.188s][info][gc,heap        ] GC(1111) Old regions: 151->158
[6686.188s][info][gc,heap        ] GC(1111) Humongous regions: 33->33
[6686.188s][info][gc,metaspace   ] GC(1111) Metaspace: 29993K(30144K)->29993K(30144K) NonClass: 29993K(30144K)->29993K(30144K) Class: 0K(0K)->0K(0K)
[6686.188s][info][gc             ] GC(1111) Pause Young (Normal) (G1 Evacuation Pause) 6361M->1861M(8192M) 153.171ms
[6686.188s][info][gc,cpu         ] GC(1111) User=1.21s Sys=0.00s Real=0.16s
...[6689.292s][info][gc,start       ] GC(1112) Pause Young (Normal) (G1 Evacuation Pause)
[6689.292s][info][gc,task        ] GC(1112) Using 8 workers of 8 for evacuation
[6689.447s][info][gc,phases      ] GC(1112)   Pre Evacuate Collection Set: 0.21ms
[6689.447s][info][gc,phases      ] GC(1112)   Merge Heap Roots: 0.52ms
[6689.447s][info][gc,phases      ] GC(1112)   Evacuate Collection Set: 152.50ms
[6689.447s][info][gc,phases      ] GC(1112)   Post Evacuate Collection Set: 1.08ms
[6689.447s][info][gc,phases      ] GC(1112)   Other: 0.06ms
[6689.447s][info][gc,heap        ] GC(1112) Eden regions: 570->0(569)
[6689.447s][info][gc,heap        ] GC(1112) Survivor regions: 44->45(77)
[6689.447s][info][gc,heap        ] GC(1112) Old regions: 158->166
[6689.447s][info][gc,heap        ] GC(1112) Humongous regions: 33->33
[6689.447s][info][gc,metaspace   ] GC(1112) Metaspace: 29994K(30144K)->29994K(30144K) NonClass: 29994K(30144K)->29994K(30144K) Class: 0K(0K)->0K(0K)
[6689.447s][info][gc             ] GC(1112) Pause Young (Normal) (G1 Evacuation Pause) 6421M->1929M(8192M) 154.499ms
[6689.447s][info][gc,cpu         ] GC(1112) User=1.23s Sys=0.00s Real=0.15s
....|[6692.636s][info][gc,start       ] GC(1113) Pause Young (Normal) (G1 Evacuation Pause)
[6692.636s][info][gc,task        ] GC(1113) Using 8 workers of 8 for evacuation
[6692.791s][info][gc,phases      ] GC(1113)   Pre Evacuate Collection Set: 0.24ms
[6692.791s][info][gc,phases      ] GC(1113)   Merge Heap Roots: 0.51ms
[6692.791s][info][gc,phases      ] GC(1113)   Evacuate Collection Set: 153.43ms
[6692.791s][info][gc,phases      ] GC(1113)   Post Evacuate Collection Set: 1.04ms
[6692.791s][info][gc,phases      ] GC(1113)   Other: 0.06ms
[6692.791s][info][gc,heap        ] GC(1113) Eden regions: 569->0(569)
[6692.791s][info][gc,heap        ] GC(1113) Survivor regions: 45->45(77)
[6692.791s][info][gc,heap        ] GC(1113) Old regions: 166->173
[6692.791s][info][gc,heap        ] GC(1113) Humongous regions: 33->33
[6692.791s][info][gc,metaspace   ] GC(1113) Metaspace: 29994K(30144K)->29994K(30144K) NonClass: 29994K(30144K)->29994K(30144K) Class: 0K(0K)->0K(0K)
[6692.791s][info][gc             ] GC(1113) Pause Young (Normal) (G1 Evacuation Pause) 6481M->1994M(8192M) 155.452ms
[6692.791s][info][gc,cpu         ] GC(1113) User=1.23s Sys=0.00s Real=0.16s
...[6695.908s][info][gc,start       ] GC(1114) Pause Young (Normal) (G1 Evacuation Pause)
[6695.908s][info][gc,task        ] GC(1114) Using 8 workers of 8 for evacuation
[6696.061s][info][gc,phases      ] GC(1114)   Pre Evacuate Collection Set: 0.26ms
[6696.061s][info][gc,phases      ] GC(1114)   Merge Heap Roots: 0.52ms
[6696.061s][info][gc,phases      ] GC(1114)   Evacuate Collection Set: 151.53ms
[6696.061s][info][gc,phases      ] GC(1114)   Post Evacuate Collection Set: 1.05ms
[6696.061s][info][gc,phases      ] GC(1114)   Other: 0.06ms
[6696.061s][info][gc,heap        ] GC(1114) Eden regions: 569->0(570)
[6696.061s][info][gc,heap        ] GC(1114) Survivor regions: 45->44(77)
[6696.061s][info][gc,heap        ] GC(1114) Old regions: 173->180
[6696.061s][info][gc,heap        ] GC(1114) Humongous regions: 33->33
[6696.061s][info][gc,metaspace   ] GC(1114) Metaspace: 29994K(30144K)->29994K(30144K) NonClass: 29994K(30144K)->29994K(30144K) Class: 0K(0K)->0K(0K)
[6696.061s][info][gc             ] GC(1114) Pause Young (Normal) (G1 Evacuation Pause) 6546M->2043M(8192M) 153.552ms
[6696.062s][info][gc,cpu         ] GC(1114) User=1.22s Sys=0.00s Real=0.15s
...[6699.171s][info][gc,start       ] GC(1115) Pause Young (Normal) (G1 Evacuation Pause)
[6699.171s][info][gc,task        ] GC(1115) Using 8 workers of 8 for evacuation
[6699.324s][info][gc,phases      ] GC(1115)   Pre Evacuate Collection Set: 0.26ms
[6699.324s][info][gc,phases      ] GC(1115)   Merge Heap Roots: 0.53ms
[6699.324s][info][gc,phases      ] GC(1115)   Evacuate Collection Set: 150.68ms
[6699.324s][info][gc,phases      ] GC(1115)   Post Evacuate Collection Set: 1.08ms
[6699.324s][info][gc,phases      ] GC(1115)   Other: 0.08ms
[6699.324s][info][gc,heap        ] GC(1115) Eden regions: 570->0(570)
[6699.324s][info][gc,heap        ] GC(1115) Survivor regions: 44->44(77)
[6699.324s][info][gc,heap        ] GC(1115) Old regions: 180->187
[6699.324s][info][gc,heap        ] GC(1115) Humongous regions: 33->33
[6699.324s][info][gc,metaspace   ] GC(1115) Metaspace: 29994K(30144K)->29994K(30144K) NonClass: 29994K(30144K)->29994K(30144K) Class: 0K(0K)->0K(0K)
[6699.324s][info][gc             ] GC(1115) Pause Young (Normal) (G1 Evacuation Pause) 6603M->2099M(8192M) 152.746ms
[6699.324s][info][gc,cpu         ] GC(1115) User=1.21s Sys=0.00s Real=0.15s
...[6702.503s][info][gc,start       ] GC(1116) Pause Young (Normal) (G1 Evacuation Pause)
[6702.503s][info][gc,task        ] GC(1116) Using 8 workers of 8 for evacuation
[6702.657s][info][gc,phases      ] GC(1116)   Pre Evacuate Collection Set: 0.24ms
[6702.657s][info][gc,phases      ] GC(1116)   Merge Heap Roots: 0.56ms
[6702.657s][info][gc,phases      ] GC(1116)   Evacuate Collection Set: 152.62ms
[6702.657s][info][gc,phases      ] GC(1116)   Post Evacuate Collection Set: 1.04ms
[6702.657s][info][gc,phases      ] GC(1116)   Other: 0.06ms
[6702.658s][info][gc,heap        ] GC(1116) Eden regions: 570->0(570)
[6702.658s][info][gc,heap        ] GC(1116) Survivor regions: 44->44(77)
[6702.658s][info][gc,heap        ] GC(1116) Old regions: 187->194
[6702.658s][info][gc,heap        ] GC(1116) Humongous regions: 33->33
[6702.658s][info][gc,metaspace   ] GC(1116) Metaspace: 29994K(30144K)->29994K(30144K) NonClass: 29994K(30144K)->29994K(30144K) Class: 0K(0K)->0K(0K)
[6702.658s][info][gc             ] GC(1116) Pause Young (Normal) (G1 Evacuation Pause) 6659M->2155M(8192M) 154.655ms
[6702.658s][info][gc,cpu         ] GC(1116) User=1.23s Sys=0.00s Real=0.16s
....[6705.896s][info][gc,start       ] GC(1117) Pause Young (Normal) (G1 Evacuation Pause)
[6705.896s][info][gc,task        ] GC(1117) Using 8 workers of 8 for evacuation
[6706.046s][info][gc,phases      ] GC(1117)   Pre Evacuate Collection Set: 0.26ms
[6706.046s][info][gc,phases      ] GC(1117)   Merge Heap Roots: 0.54ms
[6706.046s][info][gc,phases      ] GC(1117)   Evacuate Collection Set: 147.61ms
[6706.046s][info][gc,phases      ] GC(1117)   Post Evacuate Collection Set: 1.10ms
[6706.046s][info][gc,phases      ] GC(1117)   Other: 0.06ms
[6706.046s][info][gc,heap        ] GC(1117) Eden regions: 570->0(571)
[6706.046s][info][gc,heap        ] GC(1117) Survivor regions: 44->43(77)
[6706.046s][info][gc,heap        ] GC(1117) Old regions: 194->202
[6706.046s][info][gc,heap        ] GC(1117) Humongous regions: 33->33
[6706.046s][info][gc,metaspace   ] GC(1117) Metaspace: 29994K(30144K)->29994K(30144K) NonClass: 29994K(30144K)->29994K(30144K) Class: 0K(0K)->0K(0K)
[6706.046s][info][gc             ] GC(1117) Pause Young (Normal) (G1 Evacuation Pause) 6715M->2209M(8192M) 149.719ms
[6706.046s][info][gc,cpu         ] GC(1117) User=1.18s Sys=0.00s Real=0.15s
...[6709.184s][info][gc,start       ] GC(1118) Pause Young (Normal) (G1 Evacuation Pause)
[6709.184s][info][gc,task        ] GC(1118) Using 8 workers of 8 for evacuation
[6709.332s][info][gc,phases      ] GC(1118)   Pre Evacuate Collection Set: 0.23ms
[6709.332s][info][gc,phases      ] GC(1118)   Merge Heap Roots: 0.52ms
[6709.332s][info][gc,phases      ] GC(1118)   Evacuate Collection Set: 145.92ms
[6709.332s][info][gc,phases      ] GC(1118)   Post Evacuate Collection Set: 1.07ms
[6709.332s][info][gc,phases      ] GC(1118)   Other: 0.06ms
[6709.332s][info][gc,heap        ] GC(1118) Eden regions: 571->0(571)
[6709.332s][info][gc,heap        ] GC(1118) Survivor regions: 43->43(77)
[6709.332s][info][gc,heap        ] GC(1118) Old regions: 202->209
[6709.332s][info][gc,heap        ] GC(1118) Humongous regions: 33->33
[6709.332s][info][gc,metaspace   ] GC(1118) Metaspace: 29994K(30144K)->29994K(30144K) NonClass: 29994K(30144K)->29994K(30144K) Class: 0K(0K)->0K(0K)
[6709.332s][info][gc             ] GC(1118) Pause Young (Normal) (G1 Evacuation Pause) 6777M->2262M(8192M) 147.925ms
[6709.332s][info][gc,cpu         ] GC(1118) User=1.17s Sys=0.00s Real=0.15s
...[6712.451s][info][gc,start       ] GC(1119) Pause Young (Normal) (G1 Evacuation Pause)
[6712.451s][info][gc,task        ] GC(1119) Using 8 workers of 8 for evacuation
[6712.602s][info][gc,phases      ] GC(1119)   Pre Evacuate Collection Set: 0.25ms
[6712.602s][info][gc,phases      ] GC(1119)   Merge Heap Roots: 0.55ms
[6712.602s][info][gc,phases      ] GC(1119)   Evacuate Collection Set: 148.82ms
[6712.602s][info][gc,phases      ] GC(1119)   Post Evacuate Collection Set: 1.04ms
[6712.602s][info][gc,phases      ] GC(1119)   Other: 0.06ms
[6712.602s][info][gc,heap        ] GC(1119) Eden regions: 571->0(570)
[6712.602s][info][gc,heap        ] GC(1119) Survivor regions: 43->44(77)
[6712.602s][info][gc,heap        ] GC(1119) Old regions: 209->216
[6712.602s][info][gc,heap        ] GC(1119) Humongous regions: 33->33
[6712.602s][info][gc,metaspace   ] GC(1119) Metaspace: 29994K(30144K)->29994K(30144K) NonClass: 29994K(30144K)->29994K(30144K) Class: 0K(0K)->0K(0K)
[6712.602s][info][gc             ] GC(1119) Pause Young (Normal) (G1 Evacuation Pause) 6830M->2326M(8192M) 150.842ms
[6712.602s][info][gc,cpu         ] GC(1119) User=1.19s Sys=0.00s Real=0.15s
....[6715.741s][info][gc,start       ] GC(1120) Pause Young (Normal) (G1 Evacuation Pause)
[6715.741s][info][gc,task        ] GC(1120) Using 8 workers of 8 for evacuation
[6715.894s][info][gc,phases      ] GC(1120)   Pre Evacuate Collection Set: 0.22ms
[6715.894s][info][gc,phases      ] GC(1120)   Merge Heap Roots: 0.59ms
[6715.894s][info][gc,phases      ] GC(1120)   Evacuate Collection Set: 150.97ms
[6715.894s][info][gc,phases      ] GC(1120)   Post Evacuate Collection Set: 1.08ms
[6715.894s][info][gc,phases      ] GC(1120)   Other: 0.06ms
[6715.894s][info][gc,heap        ] GC(1120) Eden regions: 570->0(570)
[6715.894s][info][gc,heap        ] GC(1120) Survivor regions: 44->44(77)
[6715.894s][info][gc,heap        ] GC(1120) Old regions: 216->224
[6715.894s][info][gc,heap        ] GC(1120) Humongous regions: 33->33
[6715.894s][info][gc,metaspace   ] GC(1120) Metaspace: 29994K(30144K)->29994K(30144K) NonClass: 29994K(30144K)->29994K(30144K) Class: 0K(0K)->0K(0K)
[6715.894s][info][gc             ] GC(1120) Pause Young (Normal) (G1 Evacuation Pause) 6886M->2390M(8192M) 153.076ms
[6715.894s][info][gc,cpu         ] GC(1120) User=1.20s Sys=0.00s Real=0.15s
...[6718.972s][info][gc,start       ] GC(1121) Pause Young (Normal) (G1 Evacuation Pause)
[6718.972s][info][gc,task        ] GC(1121) Using 8 workers of 8 for evacuation
[6719.120s][info][gc,phases      ] GC(1121)   Pre Evacuate Collection Set: 0.27ms
[6719.120s][info][gc,phases      ] GC(1121)   Merge Heap Roots: 0.55ms
[6719.120s][info][gc,phases      ] GC(1121)   Evacuate Collection Set: 146.64ms
[6719.120s][info][gc,phases      ] GC(1121)   Post Evacuate Collection Set: 1.03ms
[6719.120s][info][gc,phases      ] GC(1121)   Other: 0.06ms
[6719.120s][info][gc,heap        ] GC(1121) Eden regions: 570->0(572)
[6719.120s][info][gc,heap        ] GC(1121) Survivor regions: 44->42(77)
[6719.120s][info][gc,heap        ] GC(1121) Old regions: 224->231
[6719.120s][info][gc,heap        ] GC(1121) Humongous regions: 33->33
[6719.120s][info][gc,metaspace   ] GC(1121) Metaspace: 29994K(30144K)->29994K(30144K) NonClass: 29994K(30144K)->29994K(30144K) Class: 0K(0K)->0K(0K)
[6719.120s][info][gc             ] GC(1121) Pause Young (Normal) (G1 Evacuation Pause) 6950M->2431M(8192M) 148.683ms
[6719.120s][info][gc,cpu         ] GC(1121) User=1.18s Sys=0.00s Real=0.15s
...[6722.292s][info][gc,start       ] GC(1122) Pause Young (Normal) (G1 Evacuation Pause)
[6722.292s][info][gc,task        ] GC(1122) Using 8 workers of 8 for evacuation
[6722.449s][info][gc,phases      ] GC(1122)   Pre Evacuate Collection Set: 0.24ms
[6722.449s][info][gc,phases      ] GC(1122)   Merge Heap Roots: 0.62ms
[6722.449s][info][gc,phases      ] GC(1122)   Evacuate Collection Set: 155.37ms
[6722.449s][info][gc,phases      ] GC(1122)   Post Evacuate Collection Set: 1.06ms
[6722.449s][info][gc,phases      ] GC(1122)   Other: 0.06ms
[6722.449s][info][gc,heap        ] GC(1122) Eden regions: 572->0(570)
[6722.449s][info][gc,heap        ] GC(1122) Survivor regions: 42->44(77)
[6722.449s][info][gc,heap        ] GC(1122) Old regions: 231->238
[6722.449s][info][gc,heap        ] GC(1122) Humongous regions: 33->33
[6722.449s][info][gc,metaspace   ] GC(1122) Metaspace: 29994K(30144K)->29994K(30144K) NonClass: 29994K(30144K)->29994K(30144K) Class: 0K(0K)->0K(0K)
[6722.449s][info][gc             ] GC(1122) Pause Young (Normal) (G1 Evacuation Pause) 7007M->2507M(8192M) 157.481ms
[6722.449s][info][gc,cpu         ] GC(1122) User=1.24s Sys=0.00s Real=0.16s
...[6725.610s][info][gc,start       ] GC(1123) Pause Young (Normal) (G1 Evacuation Pause)
[6725.610s][info][gc,task        ] GC(1123) Using 8 workers of 8 for evacuation
[6725.762s][info][gc,phases      ] GC(1123)   Pre Evacuate Collection Set: 0.24ms
[6725.762s][info][gc,phases      ] GC(1123)   Merge Heap Roots: 0.53ms
[6725.762s][info][gc,phases      ] GC(1123)   Evacuate Collection Set: 150.25ms
[6725.762s][info][gc,phases      ] GC(1123)   Post Evacuate Collection Set: 1.03ms
[6725.762s][info][gc,phases      ] GC(1123)   Other: 0.06ms
[6725.762s][info][gc,heap        ] GC(1123) Eden regions: 570->0(570)
[6725.762s][info][gc,heap        ] GC(1123) Survivor regions: 44->44(77)
[6725.762s][info][gc,heap        ] GC(1123) Old regions: 238->245
[6725.762s][info][gc,heap        ] GC(1123) Humongous regions: 33->33
[6725.762s][info][gc,metaspace   ] GC(1123) Metaspace: 29994K(30144K)->29994K(30144K) NonClass: 29994K(30144K)->29994K(30144K) Class: 0K(0K)->0K(0K)
[6725.762s][info][gc             ] GC(1123) Pause Young (Normal) (G1 Evacuation Pause) 7067M->2563M(8192M) 152.260ms
[6725.762s][info][gc,cpu         ] GC(1123) User=1.21s Sys=0.00s Real=0.15s
....[6728.819s][info][gc,start       ] GC(1124) Pause Young (Normal) (G1 Evacuation Pause)
[6728.819s][info][gc,task        ] GC(1124) Using 8 workers of 8 for evacuation
[6728.969s][info][gc,phases      ] GC(1124)   Pre Evacuate Collection Set: 0.27ms
[6728.969s][info][gc,phases      ] GC(1124)   Merge Heap Roots: 0.54ms
[6728.969s][info][gc,phases      ] GC(1124)   Evacuate Collection Set: 147.78ms
[6728.969s][info][gc,phases      ] GC(1124)   Post Evacuate Collection Set: 1.09ms
[6728.969s][info][gc,phases      ] GC(1124)   Other: 0.06ms
[6728.969s][info][gc,heap        ] GC(1124) Eden regions: 570->0(571)
[6728.969s][info][gc,heap        ] GC(1124) Survivor regions: 44->43(77)
[6728.969s][info][gc,heap        ] GC(1124) Old regions: 245->252
[6728.969s][info][gc,heap        ] GC(1124) Humongous regions: 33->33
[6728.969s][info][gc,metaspace   ] GC(1124) Metaspace: 29994K(30144K)->29994K(30144K) NonClass: 29994K(30144K)->29994K(30144K) Class: 0K(0K)->0K(0K)
[6728.969s][info][gc             ] GC(1124) Pause Young (Normal) (G1 Evacuation Pause) 7123M->2607M(8192M) 149.881ms
[6728.969s][info][gc,cpu         ] GC(1124) User=1.18s Sys=0.00s Real=0.15s
...[6732.086s][info][gc,start       ] GC(1125) Pause Young (Normal) (G1 Evacuation Pause)
[6732.086s][info][gc,task        ] GC(1125) Using 8 workers of 8 for evacuation
[6732.242s][info][gc,phases      ] GC(1125)   Pre Evacuate Collection Set: 0.25ms
[6732.242s][info][gc,phases      ] GC(1125)   Merge Heap Roots: 0.52ms
[6732.242s][info][gc,phases      ] GC(1125)   Evacuate Collection Set: 154.55ms
[6732.242s][info][gc,phases      ] GC(1125)   Post Evacuate Collection Set: 1.06ms
[6732.242s][info][gc,phases      ] GC(1125)   Other: 0.06ms
[6732.242s][info][gc,heap        ] GC(1125) Eden regions: 571->0(569)
[6732.242s][info][gc,heap        ] GC(1125) Survivor regions: 43->45(77)
[6732.242s][info][gc,heap        ] GC(1125) Old regions: 252->260
[6732.242s][info][gc,heap        ] GC(1125) Humongous regions: 33->33
[6732.242s][info][gc,metaspace   ] GC(1125) Metaspace: 29994K(30144K)->29994K(30144K) NonClass: 29994K(30144K)->29994K(30144K) Class: 0K(0K)->0K(0K)
[6732.242s][info][gc             ] GC(1125) Pause Young (Normal) (G1 Evacuation Pause) 7175M->2683M(8192M) 156.567ms
[6732.242s][info][gc,cpu         ] GC(1125) User=1.24s Sys=0.00s Real=0.16s
...[6735.477s][info][gc,start       ] GC(1126) Pause Young (Normal) (G1 Evacuation Pause)
[6735.477s][info][gc,task        ] GC(1126) Using 8 workers of 8 for evacuation
[6735.630s][info][gc,phases      ] GC(1126)   Pre Evacuate Collection Set: 0.24ms
[6735.630s][info][gc,phases      ] GC(1126)   Merge Heap Roots: 0.54ms
[6735.630s][info][gc,phases      ] GC(1126)   Evacuate Collection Set: 150.99ms
[6735.630s][info][gc,phases      ] GC(1126)   Post Evacuate Collection Set: 1.04ms
[6735.630s][info][gc,phases      ] GC(1126)   Other: 0.06ms
[6735.630s][info][gc,heap        ] GC(1126) Eden regions: 569->0(570)
[6735.630s][info][gc,heap        ] GC(1126) Survivor regions: 45->44(77)
[6735.630s][info][gc,heap        ] GC(1126) Old regions: 260->267
[6735.630s][info][gc,heap        ] GC(1126) Humongous regions: 33->33
[6735.630s][info][gc,metaspace   ] GC(1126) Metaspace: 29994K(30144K)->29994K(30144K) NonClass: 29994K(30144K)->29994K(30144K) Class: 0K(0K)->0K(0K)
[6735.630s][info][gc             ] GC(1126) Pause Young (Normal) (G1 Evacuation Pause) 7235M->2734M(8192M) 152.999ms
[6735.630s][info][gc,cpu         ] GC(1126) User=1.22s Sys=0.00s Real=0.16s
....[6738.781s][info][gc,start       ] GC(1127) Pause Young (Normal) (G1 Evacuation Pause)
[6738.781s][info][gc,task        ] GC(1127) Using 8 workers of 8 for evacuation
[6738.927s][info][gc,phases      ] GC(1127)   Pre Evacuate Collection Set: 0.25ms
[6738.927s][info][gc,phases      ] GC(1127)   Merge Heap Roots: 0.58ms
[6738.927s][info][gc,phases      ] GC(1127)   Evacuate Collection Set: 144.26ms
[6738.927s][info][gc,phases      ] GC(1127)   Post Evacuate Collection Set: 1.03ms
[6738.927s][info][gc,phases      ] GC(1127)   Other: 0.06ms
[6738.927s][info][gc,heap        ] GC(1127) Eden regions: 570->0(572)
[6738.927s][info][gc,heap        ] GC(1127) Survivor regions: 44->42(77)
[6738.927s][info][gc,heap        ] GC(1127) Old regions: 267->274
[6738.927s][info][gc,heap        ] GC(1127) Humongous regions: 33->33
[6738.927s][info][gc,metaspace   ] GC(1127) Metaspace: 29994K(30144K)->29994K(30144K) NonClass: 29994K(30144K)->29994K(30144K) Class: 0K(0K)->0K(0K)
[6738.927s][info][gc             ] GC(1127) Pause Young (Normal) (G1 Evacuation Pause) 7294M->2779M(8192M) 146.311ms
[6738.927s][info][gc,cpu         ] GC(1127) User=1.16s Sys=0.00s Real=0.14s
...[6742.036s][info][gc,start       ] GC(1128) Pause Young (Normal) (G1 Evacuation Pause)
[6742.036s][info][gc,task        ] GC(1128) Using 8 workers of 8 for evacuation
[6742.187s][info][gc,phases      ] GC(1128)   Pre Evacuate Collection Set: 0.25ms
[6742.187s][info][gc,phases      ] GC(1128)   Merge Heap Roots: 0.52ms
[6742.187s][info][gc,phases      ] GC(1128)   Evacuate Collection Set: 148.38ms
[6742.187s][info][gc,phases      ] GC(1128)   Post Evacuate Collection Set: 1.04ms
[6742.187s][info][gc,phases      ] GC(1128)   Other: 0.06ms
[6742.187s][info][gc,heap        ] GC(1128) Eden regions: 572->0(570)
[6742.187s][info][gc,heap        ] GC(1128) Survivor regions: 42->44(77)
[6742.187s][info][gc,heap        ] GC(1128) Old regions: 274->281
[6742.187s][info][gc,heap        ] GC(1128) Humongous regions: 33->33
[6742.187s][info][gc,metaspace   ] GC(1128) Metaspace: 29994K(30144K)->29994K(30144K) NonClass: 29994K(30144K)->29994K(30144K) Class: 0K(0K)->0K(0K)
[6742.187s][info][gc             ] GC(1128) Pause Young (Normal) (G1 Evacuation Pause) 7355M->2847M(8192M) 150.382ms
[6742.187s][info][gc,cpu         ] GC(1128) User=1.19s Sys=0.00s Real=0.15s
...[6745.428s][info][gc,start       ] GC(1129) Pause Young (Normal) (G1 Evacuation Pause)
[6745.428s][info][gc,task        ] GC(1129) Using 8 workers of 8 for evacuation
[6745.578s][info][gc,phases      ] GC(1129)   Pre Evacuate Collection Set: 0.28ms
[6745.578s][info][gc,phases      ] GC(1129)   Merge Heap Roots: 0.61ms
[6745.578s][info][gc,phases      ] GC(1129)   Evacuate Collection Set: 147.49ms
[6745.578s][info][gc,phases      ] GC(1129)   Post Evacuate Collection Set: 1.05ms
[6745.578s][info][gc,phases      ] GC(1129)   Other: 0.06ms
[6745.578s][info][gc,heap        ] GC(1129) Eden regions: 570->0(562)
[6745.578s][info][gc,heap        ] GC(1129) Survivor regions: 44->44(77)
[6745.578s][info][gc,heap        ] GC(1129) Old regions: 281->289
[6745.578s][info][gc,heap        ] GC(1129) Humongous regions: 33->33
[6745.578s][info][gc,metaspace   ] GC(1129) Metaspace: 29994K(30144K)->29994K(30144K) NonClass: 29994K(30144K)->29994K(30144K) Class: 0K(0K)->0K(0K)
[6745.578s][info][gc             ] GC(1129) Pause Young (Normal) (G1 Evacuation Pause) 7407M->2905M(8192M) 149.612ms
[6745.578s][info][gc,cpu         ] GC(1129) User=1.19s Sys=0.00s Real=0.15s
...[6748.668s][info][gc,start       ] GC(1130) Pause Young (Normal) (G1 Evacuation Pause)
[6748.668s][info][gc,task        ] GC(1130) Using 8 workers of 8 for evacuation
[6748.823s][info][gc,phases      ] GC(1130)   Pre Evacuate Collection Set: 0.24ms
[6748.823s][info][gc,phases      ] GC(1130)   Merge Heap Roots: 0.53ms
[6748.823s][info][gc,phases      ] GC(1130)   Evacuate Collection Set: 152.34ms
[6748.823s][info][gc,phases      ] GC(1130)   Post Evacuate Collection Set: 1.02ms
[6748.823s][info][gc,phases      ] GC(1130)   Other: 0.06ms
[6748.823s][info][gc,heap        ] GC(1130) Eden regions: 562->0(557)
[6748.823s][info][gc,heap        ] GC(1130) Survivor regions: 44->43(76)
[6748.823s][info][gc,heap        ] GC(1130) Old regions: 289->296
[6748.823s][info][gc,heap        ] GC(1130) Humongous regions: 33->33
[6748.823s][info][gc,metaspace   ] GC(1130) Metaspace: 29994K(30144K)->29994K(30144K) NonClass: 29994K(30144K)->29994K(30144K) Class: 0K(0K)->0K(0K)
[6748.823s][info][gc             ] GC(1130) Pause Young (Normal) (G1 Evacuation Pause) 7401M->2959M(8192M) 154.319ms
[6748.823s][info][gc,cpu         ] GC(1130) User=1.22s Sys=0.00s Real=0.15s
....[6752.030s][info][gc,start       ] GC(1131) Pause Young (Normal) (G1 Evacuation Pause)
[6752.030s][info][gc,task        ] GC(1131) Using 8 workers of 8 for evacuation
[6752.184s][info][gc,phases      ] GC(1131)   Pre Evacuate Collection Set: 0.23ms
[6752.184s][info][gc,phases      ] GC(1131)   Merge Heap Roots: 0.54ms
[6752.184s][info][gc,phases      ] GC(1131)   Evacuate Collection Set: 151.95ms
[6752.184s][info][gc,phases      ] GC(1131)   Post Evacuate Collection Set: 1.02ms
[6752.184s][info][gc,phases      ] GC(1131)   Other: 0.08ms
[6752.184s][info][gc,heap        ] GC(1131) Eden regions: 557->0(552)
[6752.184s][info][gc,heap        ] GC(1131) Survivor regions: 43->42(75)
[6752.184s][info][gc,heap        ] GC(1131) Old regions: 296->303
[6752.184s][info][gc,heap        ] GC(1131) Humongous regions: 33->33
[6752.184s][info][gc,metaspace   ] GC(1131) Metaspace: 29994K(30144K)->29994K(30144K) NonClass: 29994K(30144K)->29994K(30144K) Class: 0K(0K)->0K(0K)
[6752.184s][info][gc             ] GC(1131) Pause Young (Normal) (G1 Evacuation Pause) 7415M->3011M(8192M) 153.947ms
[6752.184s][info][gc,cpu         ] GC(1131) User=1.23s Sys=0.00s Real=0.15s
. (rIR:aIR:PR = 11623:11596:11586) (tPR = 172257) [OK] 
  6752s: Performance info:
         Transaction,    Success,    Partial,     Failed,   Receipts, AvgBarcode, 
             Overall,     698286,          0,          0,     663174,      59.48, 
         Response times:
             Request,    Success,    Partial,     Failed,   SkipFail,     Probes,    Samples,      min,      p50,      p90,      p95,      p99,      max, 
       TotalPurchase,     663806,          0,          0,          0,     354803,     405027,      300,    10500,    66000,    97000,   168000,  1000000,
     InStorePurchase,     348572,          0,          0,          0,     186602,     213507,      300,    10400,    66000,    96000,   170000,  1000000,
      OnlinePurchase,     245537,          0,          0,          0,     130987,     148943,      300,    10400,    66000,    98000,   165000,  1000000,
        InstPurchase,      69697,          0,          0,          0,      37214,      42577,      400,    10600,    65000,    97000,   163000,   760000,
          AssocOfCat,        702,          0,          0,          0,        581,        742,    34000,    68000,   130000,   172850,   229710,   523000,
      AssocOfProduct,       7127,          0,          0,          0,       4255,       5069,      500,    10100,    70000,    99000,   172300,   549000,
      BusinessReport,       1746,          0,          0,          0,       1538,       1858,    31000,    70000,   128100,   161000,   257000,  1000000,
          CustBuyBeh,       7022,          0,          0,          0,       4252,       5093,      700,    10000,    66000,    97000,   161120,   750000,
       ProductReturn,      18544,          0,          0,          0,       9525,      11208,      200,     9800,    67000,    98000,   177000,   820000,

  6752s: (85%)   IR =  11761 ..[6755.280s][info][gc,start       ] GC(1132) Pause Young (Concurrent Start) (G1 Evacuation Pause)
[6755.280s][info][gc,task        ] GC(1132) Using 8 workers of 8 for evacuation
[6755.436s][info][gc,phases      ] GC(1132)   Pre Evacuate Collection Set: 0.26ms
[6755.436s][info][gc,phases      ] GC(1132)   Merge Heap Roots: 0.55ms
[6755.436s][info][gc,phases      ] GC(1132)   Evacuate Collection Set: 153.99ms
[6755.436s][info][gc,phases      ] GC(1132)   Post Evacuate Collection Set: 1.02ms
[6755.436s][info][gc,phases      ] GC(1132)   Other: 0.08ms
[6755.436s][info][gc,heap        ] GC(1132) Eden regions: 552->0(540)
[6755.436s][info][gc,heap        ] GC(1132) Survivor regions: 42->44(75)
[6755.436s][info][gc,heap        ] GC(1132) Old regions: 303->311
[6755.436s][info][gc,heap        ] GC(1132) Humongous regions: 33->33
[6755.436s][info][gc,metaspace   ] GC(1132) Metaspace: 29994K(30144K)->29994K(30144K) NonClass: 29994K(30144K)->29994K(30144K) Class: 0K(0K)->0K(0K)
[6755.436s][info][gc             ] GC(1132) Pause Young (Concurrent Start) (G1 Evacuation Pause) 7427M->3089M(8192M) 156.057ms
[6755.436s][info][gc             ] GC(1133) Concurrent Mark Cycle
[6755.436s][info][gc,marking     ] GC(1133) Concurrent Scan Root Regions
[6755.436s][info][gc,cpu         ] GC(1132) User=1.24s Sys=0.00s Real=0.15s
[6755.779s][info][gc,marking     ] GC(1133) Concurrent Scan Root Regions 342.669ms
[6755.779s][info][gc,marking     ] GC(1133) Concurrent Mark
[6755.779s][info][gc,marking     ] GC(1133) Concurrent Mark From Roots
[6755.779s][info][gc,task        ] GC(1133) Using 2 workers of 2 for marking
.[6756.887s][info][gc,marking     ] GC(1133) Concurrent Mark From Roots 1107.774ms
[6756.887s][info][gc,marking     ] GC(1133) Concurrent Preclean
[6756.887s][info][gc,marking     ] GC(1133) Concurrent Preclean 0.089ms
[6756.887s][info][gc,start       ] GC(1133) Pause Remark
[6756.889s][info][gc             ] GC(1133) Pause Remark 4697M->4153M(8192M) 2.313ms
[6756.889s][info][gc,cpu         ] GC(1133) User=0.01s Sys=0.00s Real=0.01s
[6756.889s][info][gc,marking     ] GC(1133) Concurrent Mark 1110.480ms
[6756.889s][info][gc,marking     ] GC(1133) Concurrent Rebuild Remembered Sets and Scrub Regions
.[6757.620s][info][gc,marking     ] GC(1133) Concurrent Rebuild Remembered Sets and Scrub Regions 730.907ms
[6757.621s][info][gc,start       ] GC(1133) Pause Cleanup
[6757.621s][info][gc             ] GC(1133) Pause Cleanup 5138M->5138M(8192M) 0.250ms
[6757.621s][info][gc,cpu         ] GC(1133) User=0.00s Sys=0.00s Real=0.00s
[6757.621s][info][gc,marking     ] GC(1133) Concurrent Clear Claimed Marks
[6757.621s][info][gc,marking     ] GC(1133) Concurrent Clear Claimed Marks 0.040ms
[6757.621s][info][gc,marking     ] GC(1133) Concurrent Cleanup for Next Mark
[6757.633s][info][gc,marking     ] GC(1133) Concurrent Cleanup for Next Mark 11.923ms
[6757.633s][info][gc             ] GC(1133) Concurrent Mark Cycle 2196.652ms
.[6758.695s][info][gc,start       ] GC(1134) Pause Young (Prepare Mixed) (G1 Evacuation Pause)
[6758.696s][info][gc,task        ] GC(1134) Using 8 workers of 8 for evacuation
[6758.852s][info][gc,phases      ] GC(1134)   Pre Evacuate Collection Set: 0.23ms
[6758.852s][info][gc,phases      ] GC(1134)   Merge Heap Roots: 0.76ms
[6758.852s][info][gc,phases      ] GC(1134)   Evacuate Collection Set: 153.77ms
[6758.852s][info][gc,phases      ] GC(1134)   Post Evacuate Collection Set: 1.14ms
[6758.852s][info][gc,phases      ] GC(1134)   Other: 0.07ms
[6758.852s][info][gc,heap        ] GC(1134) Eden regions: 540->0(570)
[6758.852s][info][gc,heap        ] GC(1134) Survivor regions: 44->44(73)
[6758.852s][info][gc,heap        ] GC(1134) Old regions: 243->251
[6758.852s][info][gc,heap        ] GC(1134) Humongous regions: 33->33
[6758.852s][info][gc,metaspace   ] GC(1134) Metaspace: 29994K(30144K)->29994K(30144K) NonClass: 29994K(30144K)->29994K(30144K) Class: 0K(0K)->0K(0K)
[6758.852s][info][gc             ] GC(1134) Pause Young (Prepare Mixed) (G1 Evacuation Pause) 6865M->2601M(8192M) 156.102ms
[6758.852s][info][gc,cpu         ] GC(1134) User=1.24s Sys=0.00s Real=0.16s
...[6761.618s][info][gc,start       ] GC(1135) Pause Young (Mixed) (G1 Evacuation Pause)
[6761.618s][info][gc,task        ] GC(1135) Using 8 workers of 8 for evacuation
[6761.782s][info][gc,phases      ] GC(1135)   Pre Evacuate Collection Set: 0.24ms
[6761.782s][info][gc,phases      ] GC(1135)   Merge Heap Roots: 0.80ms
[6761.782s][info][gc,phases      ] GC(1135)   Evacuate Collection Set: 162.28ms
[6761.782s][info][gc,phases      ] GC(1135)   Post Evacuate Collection Set: 1.28ms
[6761.782s][info][gc,phases      ] GC(1135)   Other: 0.08ms
[6761.782s][info][gc,heap        ] GC(1135) Eden regions: 570->0(569)
[6761.782s][info][gc,heap        ] GC(1135) Survivor regions: 44->45(77)
[6761.782s][info][gc,heap        ] GC(1135) Old regions: 251->156
[6761.782s][info][gc,heap        ] GC(1135) Humongous regions: 33->33
[6761.782s][info][gc,metaspace   ] GC(1135) Metaspace: 29994K(30144K)->29994K(30144K) NonClass: 29994K(30144K)->29994K(30144K) Class: 0K(0K)->0K(0K)
[6761.782s][info][gc             ] GC(1135) Pause Young (Mixed) (G1 Evacuation Pause) 7161M->1856M(8192M) 164.799ms
[6761.782s][info][gc,cpu         ] GC(1135) User=1.30s Sys=0.01s Real=0.16s
...[6764.775s][info][gc,start       ] GC(1136) Pause Young (Mixed) (G1 Evacuation Pause)
[6764.775s][info][gc,task        ] GC(1136) Using 8 workers of 8 for evacuation
[6764.932s][info][gc,phases      ] GC(1136)   Pre Evacuate Collection Set: 0.28ms
[6764.932s][info][gc,phases      ] GC(1136)   Merge Heap Roots: 0.84ms
[6764.932s][info][gc,phases      ] GC(1136)   Evacuate Collection Set: 154.41ms
[6764.932s][info][gc,phases      ] GC(1136)   Post Evacuate Collection Set: 1.07ms
[6764.932s][info][gc,phases      ] GC(1136)   Other: 0.07ms
[6764.932s][info][gc,heap        ] GC(1136) Eden regions: 569->0(572)
[6764.932s][info][gc,heap        ] GC(1136) Survivor regions: 45->42(77)
[6764.932s][info][gc,heap        ] GC(1136) Old regions: 156->144
[6764.932s][info][gc,heap        ] GC(1136) Humongous regions: 33->33
[6764.932s][info][gc,metaspace   ] GC(1136) Metaspace: 29994K(30144K)->29994K(30144K) NonClass: 29994K(30144K)->29994K(30144K) Class: 0K(0K)->0K(0K)
[6764.932s][info][gc             ] GC(1136) Pause Young (Mixed) (G1 Evacuation Pause) 6408M->1735M(8192M) 156.796ms
[6764.932s][info][gc,cpu         ] GC(1136) User=1.24s Sys=0.00s Real=0.16s
.|..[6767.981s][info][gc,start       ] GC(1137) Pause Young (Normal) (G1 Evacuation Pause)
[6767.982s][info][gc,task        ] GC(1137) Using 8 workers of 8 for evacuation
[6768.134s][info][gc,phases      ] GC(1137)   Pre Evacuate Collection Set: 0.23ms
[6768.134s][info][gc,phases      ] GC(1137)   Merge Heap Roots: 0.51ms
[6768.134s][info][gc,phases      ] GC(1137)   Evacuate Collection Set: 150.87ms
[6768.134s][info][gc,phases      ] GC(1137)   Post Evacuate Collection Set: 1.06ms
[6768.134s][info][gc,phases      ] GC(1137)   Other: 0.06ms
[6768.134s][info][gc,heap        ] GC(1137) Eden regions: 572->0(571)
[6768.134s][info][gc,heap        ] GC(1137) Survivor regions: 42->43(77)
[6768.134s][info][gc,heap        ] GC(1137) Old regions: 144->152
[6768.134s][info][gc,heap        ] GC(1137) Humongous regions: 33->33
[6768.134s][info][gc,metaspace   ] GC(1137) Metaspace: 29994K(30144K)->29994K(30144K) NonClass: 29994K(30144K)->29994K(30144K) Class: 0K(0K)->0K(0K)
[6768.134s][info][gc             ] GC(1137) Pause Young (Normal) (G1 Evacuation Pause) 6311M->1805M(8192M) 152.848ms
[6768.134s][info][gc,cpu         ] GC(1137) User=1.21s Sys=0.01s Real=0.15s
....[6771.383s][info][gc,start       ] GC(1138) Pause Young (Normal) (G1 Evacuation Pause)
[6771.383s][info][gc,task        ] GC(1138) Using 8 workers of 8 for evacuation
[6771.534s][info][gc,phases      ] GC(1138)   Pre Evacuate Collection Set: 0.26ms
[6771.534s][info][gc,phases      ] GC(1138)   Merge Heap Roots: 0.58ms
[6771.534s][info][gc,phases      ] GC(1138)   Evacuate Collection Set: 149.27ms
[6771.534s][info][gc,phases      ] GC(1138)   Post Evacuate Collection Set: 1.02ms
[6771.534s][info][gc,phases      ] GC(1138)   Other: 0.07ms
[6771.534s][info][gc,heap        ] GC(1138) Eden regions: 571->0(570)
[6771.534s][info][gc,heap        ] GC(1138) Survivor regions: 43->44(77)
[6771.534s][info][gc,heap        ] GC(1138) Old regions: 152->159
[6771.534s][info][gc,heap        ] GC(1138) Humongous regions: 33->33
[6771.534s][info][gc,metaspace   ] GC(1138) Metaspace: 29994K(30144K)->29994K(30144K) NonClass: 29994K(30144K)->29994K(30144K) Class: 0K(0K)->0K(0K)
[6771.534s][info][gc             ] GC(1138) Pause Young (Normal) (G1 Evacuation Pause) 6373M->1869M(8192M) 151.351ms
[6771.534s][info][gc,cpu         ] GC(1138) User=1.20s Sys=0.00s Real=0.15s
...[6774.694s][info][gc,start       ] GC(1139) Pause Young (Normal) (G1 Evacuation Pause)
[6774.694s][info][gc,task        ] GC(1139) Using 8 workers of 8 for evacuation
[6774.855s][info][gc,phases      ] GC(1139)   Pre Evacuate Collection Set: 0.23ms
[6774.855s][info][gc,phases      ] GC(1139)   Merge Heap Roots: 0.57ms
[6774.855s][info][gc,phases      ] GC(1139)   Evacuate Collection Set: 159.50ms
[6774.855s][info][gc,phases      ] GC(1139)   Post Evacuate Collection Set: 1.06ms
[6774.855s][info][gc,phases      ] GC(1139)   Other: 0.06ms
[6774.855s][info][gc,heap        ] GC(1139) Eden regions: 570->0(569)
[6774.855s][info][gc,heap        ] GC(1139) Survivor regions: 44->45(77)
[6774.855s][info][gc,heap        ] GC(1139) Old regions: 159->166
[6774.855s][info][gc,heap        ] GC(1139) Humongous regions: 33->33
[6774.855s][info][gc,metaspace   ] GC(1139) Metaspace: 29994K(30144K)->29994K(30144K) NonClass: 29994K(30144K)->29994K(30144K) Class: 0K(0K)->0K(0K)
[6774.855s][info][gc             ] GC(1139) Pause Young (Normal) (G1 Evacuation Pause) 6429M->1937M(8192M) 161.567ms
[6774.855s][info][gc,cpu         ] GC(1139) User=1.28s Sys=0.00s Real=0.16s
...[6777.834s][info][gc,start       ] GC(1140) Pause Young (Normal) (G1 Evacuation Pause)
[6777.834s][info][gc,task        ] GC(1140) Using 8 workers of 8 for evacuation
[6777.991s][info][gc,phases      ] GC(1140)   Pre Evacuate Collection Set: 0.24ms
[6777.991s][info][gc,phases      ] GC(1140)   Merge Heap Roots: 0.52ms
[6777.991s][info][gc,phases      ] GC(1140)   Evacuate Collection Set: 155.44ms
[6777.991s][info][gc,phases      ] GC(1140)   Post Evacuate Collection Set: 1.09ms
[6777.991s][info][gc,phases      ] GC(1140)   Other: 0.06ms
[6777.991s][info][gc,heap        ] GC(1140) Eden regions: 569->0(570)
[6777.991s][info][gc,heap        ] GC(1140) Survivor regions: 45->44(77)
[6777.991s][info][gc,heap        ] GC(1140) Old regions: 166->174
[6777.991s][info][gc,heap        ] GC(1140) Humongous regions: 33->33
[6777.991s][info][gc,metaspace   ] GC(1140) Metaspace: 29994K(30144K)->29994K(30144K) NonClass: 29994K(30144K)->29994K(30144K) Class: 0K(0K)->0K(0K)
[6777.991s][info][gc             ] GC(1140) Pause Young (Normal) (G1 Evacuation Pause) 6489M->1989M(8192M) 157.477ms
[6777.991s][info][gc,cpu         ] GC(1140) User=1.25s Sys=0.00s Real=0.16s
....[6781.160s][info][gc,start       ] GC(1141) Pause Young (Normal) (G1 Evacuation Pause)
[6781.160s][info][gc,task        ] GC(1141) Using 8 workers of 8 for evacuation
[6781.312s][info][gc,phases      ] GC(1141)   Pre Evacuate Collection Set: 0.23ms
[6781.312s][info][gc,phases      ] GC(1141)   Merge Heap Roots: 0.60ms
[6781.312s][info][gc,phases      ] GC(1141)   Evacuate Collection Set: 150.03ms
[6781.312s][info][gc,phases      ] GC(1141)   Post Evacuate Collection Set: 1.07ms
[6781.312s][info][gc,phases      ] GC(1141)   Other: 0.07ms
[6781.312s][info][gc,heap        ] GC(1141) Eden regions: 570->0(571)
[6781.312s][info][gc,heap        ] GC(1141) Survivor regions: 44->43(77)
[6781.312s][info][gc,heap        ] GC(1141) Old regions: 174->181
[6781.312s][info][gc,heap        ] GC(1141) Humongous regions: 33->33
[6781.313s][info][gc,metaspace   ] GC(1141) Metaspace: 29994K(30144K)->29994K(30144K) NonClass: 29994K(30144K)->29994K(30144K) Class: 0K(0K)->0K(0K)
[6781.313s][info][gc             ] GC(1141) Pause Young (Normal) (G1 Evacuation Pause) 6549M->2038M(8192M) 152.146ms
[6781.313s][info][gc,cpu         ] GC(1141) User=1.20s Sys=0.00s Real=0.15s
...[6784.522s][info][gc,start       ] GC(1142) Pause Young (Normal) (G1 Evacuation Pause)
[6784.522s][info][gc,task        ] GC(1142) Using 8 workers of 8 for evacuation
[6784.676s][info][gc,phases      ] GC(1142)   Pre Evacuate Collection Set: 0.25ms
[6784.676s][info][gc,phases      ] GC(1142)   Merge Heap Roots: 0.63ms
[6784.676s][info][gc,phases      ] GC(1142)   Evacuate Collection Set: 151.56ms
[6784.676s][info][gc,phases      ] GC(1142)   Post Evacuate Collection Set: 1.06ms
[6784.676s][info][gc,phases      ] GC(1142)   Other: 0.06ms
[6784.676s][info][gc,heap        ] GC(1142) Eden regions: 571->0(570)
[6784.676s][info][gc,heap        ] GC(1142) Survivor regions: 43->44(77)
[6784.676s][info][gc,heap        ] GC(1142) Old regions: 181->188
[6784.676s][info][gc,heap        ] GC(1142) Humongous regions: 33->33
[6784.676s][info][gc,metaspace   ] GC(1142) Metaspace: 29994K(30144K)->29994K(30144K) NonClass: 29994K(30144K)->29994K(30144K) Class: 0K(0K)->0K(0K)
[6784.676s][info][gc             ] GC(1142) Pause Young (Normal) (G1 Evacuation Pause) 6606M->2105M(8192M) 153.674ms
[6784.676s][info][gc,cpu         ] GC(1142) User=1.21s Sys=0.00s Real=0.15s
...[6787.770s][info][gc,start       ] GC(1143) Pause Young (Normal) (G1 Evacuation Pause)
[6787.770s][info][gc,task        ] GC(1143) Using 8 workers of 8 for evacuation
[6787.918s][info][gc,phases      ] GC(1143)   Pre Evacuate Collection Set: 0.25ms
[6787.918s][info][gc,phases      ] GC(1143)   Merge Heap Roots: 0.53ms
[6787.918s][info][gc,phases      ] GC(1143)   Evacuate Collection Set: 146.09ms
[6787.918s][info][gc,phases      ] GC(1143)   Post Evacuate Collection Set: 1.02ms
[6787.918s][info][gc,phases      ] GC(1143)   Other: 0.06ms
[6787.918s][info][gc,heap        ] GC(1143) Eden regions: 570->0(571)
[6787.918s][info][gc,heap        ] GC(1143) Survivor regions: 44->43(77)
[6787.918s][info][gc,heap        ] GC(1143) Old regions: 188->195
[6787.918s][info][gc,heap        ] GC(1143) Humongous regions: 33->33
[6787.918s][info][gc,metaspace   ] GC(1143) Metaspace: 29994K(30144K)->29994K(30144K) NonClass: 29994K(30144K)->29994K(30144K) Class: 0K(0K)->0K(0K)
[6787.918s][info][gc             ] GC(1143) Pause Young (Normal) (G1 Evacuation Pause) 6665M->2154M(8192M) 148.079ms
[6787.918s][info][gc,cpu         ] GC(1143) User=1.17s Sys=0.00s Real=0.15s
...[6791.059s][info][gc,start       ] GC(1144) Pause Young (Normal) (G1 Evacuation Pause)
[6791.059s][info][gc,task        ] GC(1144) Using 8 workers of 8 for evacuation
[6791.215s][info][gc,phases      ] GC(1144)   Pre Evacuate Collection Set: 0.26ms
[6791.215s][info][gc,phases      ] GC(1144)   Merge Heap Roots: 0.55ms
[6791.215s][info][gc,phases      ] GC(1144)   Evacuate Collection Set: 154.00ms
[6791.215s][info][gc,phases      ] GC(1144)   Post Evacuate Collection Set: 1.05ms
[6791.215s][info][gc,phases      ] GC(1144)   Other: 0.06ms
[6791.215s][info][gc,heap        ] GC(1144) Eden regions: 571->0(570)
[6791.215s][info][gc,heap        ] GC(1144) Survivor regions: 43->44(77)
[6791.215s][info][gc,heap        ] GC(1144) Old regions: 195->202
[6791.215s][info][gc,heap        ] GC(1144) Humongous regions: 33->33
[6791.215s][info][gc,metaspace   ] GC(1144) Metaspace: 29994K(30144K)->29994K(30144K) NonClass: 29994K(30144K)->29994K(30144K) Class: 0K(0K)->0K(0K)
[6791.215s][info][gc             ] GC(1144) Pause Young (Normal) (G1 Evacuation Pause) 6722M->2219M(8192M) 156.066ms
[6791.215s][info][gc,cpu         ] GC(1144) User=1.24s Sys=0.00s Real=0.15s
....[6794.327s][info][gc,start       ] GC(1145) Pause Young (Normal) (G1 Evacuation Pause)
[6794.327s][info][gc,task        ] GC(1145) Using 8 workers of 8 for evacuation
[6794.477s][info][gc,phases      ] GC(1145)   Pre Evacuate Collection Set: 0.26ms
[6794.477s][info][gc,phases      ] GC(1145)   Merge Heap Roots: 0.52ms
[6794.477s][info][gc,phases      ] GC(1145)   Evacuate Collection Set: 148.68ms
[6794.477s][info][gc,phases      ] GC(1145)   Post Evacuate Collection Set: 1.03ms
[6794.477s][info][gc,phases      ] GC(1145)   Other: 0.07ms
[6794.477s][info][gc,heap        ] GC(1145) Eden regions: 570->0(570)
[6794.477s][info][gc,heap        ] GC(1145) Survivor regions: 44->44(77)
[6794.477s][info][gc,heap        ] GC(1145) Old regions: 202->210
[6794.477s][info][gc,heap        ] GC(1145) Humongous regions: 33->33
[6794.477s][info][gc,metaspace   ] GC(1145) Metaspace: 29994K(30144K)->29994K(30144K) NonClass: 29994K(30144K)->29994K(30144K) Class: 0K(0K)->0K(0K)
[6794.477s][info][gc             ] GC(1145) Pause Young (Normal) (G1 Evacuation Pause) 6779M->2273M(8192M) 150.689ms
[6794.477s][info][gc,cpu         ] GC(1145) User=1.19s Sys=0.00s Real=0.16s
...[6797.550s][info][gc,start       ] GC(1146) Pause Young (Normal) (G1 Evacuation Pause)
[6797.550s][info][gc,task        ] GC(1146) Using 8 workers of 8 for evacuation
[6797.702s][info][gc,phases      ] GC(1146)   Pre Evacuate Collection Set: 0.24ms
[6797.702s][info][gc,phases      ] GC(1146)   Merge Heap Roots: 0.52ms
[6797.702s][info][gc,phases      ] GC(1146)   Evacuate Collection Set: 150.59ms
[6797.702s][info][gc,phases      ] GC(1146)   Post Evacuate Collection Set: 1.03ms
[6797.703s][info][gc,phases      ] GC(1146)   Other: 0.06ms
[6797.703s][info][gc,heap        ] GC(1146) Eden regions: 570->0(570)
[6797.703s][info][gc,heap        ] GC(1146) Survivor regions: 44->44(77)
[6797.703s][info][gc,heap        ] GC(1146) Old regions: 210->217
[6797.703s][info][gc,heap        ] GC(1146) Humongous regions: 33->33
[6797.703s][info][gc,metaspace   ] GC(1146) Metaspace: 29994K(30144K)->29994K(30144K) NonClass: 29994K(30144K)->29994K(30144K) Class: 0K(0K)->0K(0K)
[6797.703s][info][gc             ] GC(1146) Pause Young (Normal) (G1 Evacuation Pause) 6833M->2334M(8192M) 152.592ms
[6797.703s][info][gc,cpu         ] GC(1146) User=1.21s Sys=0.00s Real=0.15s
...[6800.679s][info][gc,start       ] GC(1147) Pause Young (Normal) (G1 Evacuation Pause)
[6800.679s][info][gc,task        ] GC(1147) Using 8 workers of 8 for evacuation
[6800.830s][info][gc,phases      ] GC(1147)   Pre Evacuate Collection Set: 0.23ms
[6800.830s][info][gc,phases      ] GC(1147)   Merge Heap Roots: 0.56ms
[6800.830s][info][gc,phases      ] GC(1147)   Evacuate Collection Set: 149.48ms
[6800.830s][info][gc,phases      ] GC(1147)   Post Evacuate Collection Set: 1.03ms
[6800.830s][info][gc,phases      ] GC(1147)   Other: 0.06ms
[6800.830s][info][gc,heap        ] GC(1147) Eden regions: 570->0(571)
[6800.830s][info][gc,heap        ] GC(1147) Survivor regions: 44->43(77)
[6800.830s][info][gc,heap        ] GC(1147) Old regions: 217->224
[6800.830s][info][gc,heap        ] GC(1147) Humongous regions: 33->33
[6800.830s][info][gc,metaspace   ] GC(1147) Metaspace: 29994K(30144K)->29994K(30144K) NonClass: 29994K(30144K)->29994K(30144K) Class: 0K(0K)->0K(0K)
[6800.830s][info][gc             ] GC(1147) Pause Young (Normal) (G1 Evacuation Pause) 6894M->2385M(8192M) 151.490ms
[6800.830s][info][gc,cpu         ] GC(1147) User=1.20s Sys=0.00s Real=0.15s
...[6803.946s][info][gc,start       ] GC(1148) Pause Young (Normal) (G1 Evacuation Pause)
[6803.946s][info][gc,task        ] GC(1148) Using 8 workers of 8 for evacuation
[6804.097s][info][gc,phases      ] GC(1148)   Pre Evacuate Collection Set: 0.27ms
[6804.097s][info][gc,phases      ] GC(1148)   Merge Heap Roots: 0.56ms
[6804.097s][info][gc,phases      ] GC(1148)   Evacuate Collection Set: 149.32ms
[6804.097s][info][gc,phases      ] GC(1148)   Post Evacuate Collection Set: 1.05ms
[6804.097s][info][gc,phases      ] GC(1148)   Other: 0.06ms
[6804.097s][info][gc,heap        ] GC(1148) Eden regions: 571->0(571)
[6804.097s][info][gc,heap        ] GC(1148) Survivor regions: 43->43(77)
[6804.097s][info][gc,heap        ] GC(1148) Old regions: 224->231
[6804.097s][info][gc,heap        ] GC(1148) Humongous regions: 33->33
[6804.097s][info][gc,metaspace   ] GC(1148) Metaspace: 29994K(30144K)->29994K(30144K) NonClass: 29994K(30144K)->29994K(30144K) Class: 0K(0K)->0K(0K)
[6804.097s][info][gc             ] GC(1148) Pause Young (Normal) (G1 Evacuation Pause) 6953M->2441M(8192M) 151.409ms
[6804.097s][info][gc,cpu         ] GC(1148) User=1.20s Sys=0.00s Real=0.16s
....[6807.297s][info][gc,start       ] GC(1149) Pause Young (Normal) (G1 Evacuation Pause)
[6807.297s][info][gc,task        ] GC(1149) Using 8 workers of 8 for evacuation
[6807.453s][info][gc,phases      ] GC(1149)   Pre Evacuate Collection Set: 0.26ms
[6807.453s][info][gc,phases      ] GC(1149)   Merge Heap Roots: 0.62ms
[6807.453s][info][gc,phases      ] GC(1149)   Evacuate Collection Set: 153.97ms
[6807.453s][info][gc,phases      ] GC(1149)   Post Evacuate Collection Set: 1.08ms
[6807.453s][info][gc,phases      ] GC(1149)   Other: 0.06ms
[6807.453s][info][gc,heap        ] GC(1149) Eden regions: 571->0(569)
[6807.453s][info][gc,heap        ] GC(1149) Survivor regions: 43->45(77)
[6807.453s][info][gc,heap        ] GC(1149) Old regions: 231->239
[6807.453s][info][gc,heap        ] GC(1149) Humongous regions: 33->33
[6807.453s][info][gc,metaspace   ] GC(1149) Metaspace: 29994K(30144K)->29994K(30144K) NonClass: 29994K(30144K)->29994K(30144K) Class: 0K(0K)->0K(0K)
[6807.453s][info][gc             ] GC(1149) Pause Young (Normal) (G1 Evacuation Pause) 7009M->2513M(8192M) 156.113ms
[6807.453s][info][gc,cpu         ] GC(1149) User=1.23s Sys=0.00s Real=0.16s
...[6810.595s][info][gc,start       ] GC(1150) Pause Young (Normal) (G1 Evacuation Pause)
[6810.595s][info][gc,task        ] GC(1150) Using 8 workers of 8 for evacuation
[6810.748s][info][gc,phases      ] GC(1150)   Pre Evacuate Collection Set: 0.24ms
[6810.748s][info][gc,phases      ] GC(1150)   Merge Heap Roots: 0.55ms
[6810.748s][info][gc,phases      ] GC(1150)   Evacuate Collection Set: 150.68ms
[6810.748s][info][gc,phases      ] GC(1150)   Post Evacuate Collection Set: 1.02ms
[6810.748s][info][gc,phases      ] GC(1150)   Other: 0.06ms
[6810.748s][info][gc,heap        ] GC(1150) Eden regions: 569->0(571)
[6810.748s][info][gc,heap        ] GC(1150) Survivor regions: 45->43(77)
[6810.748s][info][gc,heap        ] GC(1150) Old regions: 239->246
[6810.748s][info][gc,heap        ] GC(1150) Humongous regions: 33->33
[6810.748s][info][gc,metaspace   ] GC(1150) Metaspace: 29994K(30144K)->29994K(30144K) NonClass: 29994K(30144K)->29994K(30144K) Class: 0K(0K)->0K(0K)
[6810.748s][info][gc             ] GC(1150) Pause Young (Normal) (G1 Evacuation Pause) 7065M->2558M(8192M) 152.694ms
[6810.748s][info][gc,cpu         ] GC(1150) User=1.21s Sys=0.00s Real=0.16s
...[6813.931s][info][gc,start       ] GC(1151) Pause Young (Normal) (G1 Evacuation Pause)
[6813.931s][info][gc,task        ] GC(1151) Using 8 workers of 8 for evacuation
[6814.086s][info][gc,phases      ] GC(1151)   Pre Evacuate Collection Set: 0.23ms
[6814.086s][info][gc,phases      ] GC(1151)   Merge Heap Roots: 0.59ms
[6814.086s][info][gc,phases      ] GC(1151)   Evacuate Collection Set: 153.32ms
[6814.086s][info][gc,phases      ] GC(1151)   Post Evacuate Collection Set: 1.04ms
[6814.086s][info][gc,phases      ] GC(1151)   Other: 0.06ms
[6814.086s][info][gc,heap        ] GC(1151) Eden regions: 571->0(569)
[6814.086s][info][gc,heap        ] GC(1151) Survivor regions: 43->45(77)
[6814.086s][info][gc,heap        ] GC(1151) Old regions: 246->253
[6814.086s][info][gc,heap        ] GC(1151) Humongous regions: 33->33
[6814.086s][info][gc,metaspace   ] GC(1151) Metaspace: 29994K(30144K)->29994K(30144K) NonClass: 29994K(30144K)->29994K(30144K) Class: 0K(0K)->0K(0K)
[6814.086s][info][gc             ] GC(1151) Pause Young (Normal) (G1 Evacuation Pause) 7126M->2627M(8192M) 155.381ms
[6814.087s][info][gc,cpu         ] GC(1151) User=1.23s Sys=0.00s Real=0.15s
...[6817.051s][info][gc,start       ] GC(1152) Pause Young (Normal) (G1 Evacuation Pause)
[6817.051s][info][gc,task        ] GC(1152) Using 8 workers of 8 for evacuation
[6817.203s][info][gc,phases      ] GC(1152)   Pre Evacuate Collection Set: 0.23ms
[6817.203s][info][gc,phases      ] GC(1152)   Merge Heap Roots: 0.54ms
[6817.203s][info][gc,phases      ] GC(1152)   Evacuate Collection Set: 149.32ms
[6817.203s][info][gc,phases      ] GC(1152)   Post Evacuate Collection Set: 1.03ms
[6817.203s][info][gc,phases      ] GC(1152)   Other: 0.06ms
[6817.203s][info][gc,heap        ] GC(1152) Eden regions: 569->0(571)
[6817.203s][info][gc,heap        ] GC(1152) Survivor regions: 45->43(77)
[6817.203s][info][gc,heap        ] GC(1152) Old regions: 253->260
[6817.203s][info][gc,heap        ] GC(1152) Humongous regions: 33->33
[6817.203s][info][gc,metaspace   ] GC(1152) Metaspace: 29994K(30144K)->29994K(30144K) NonClass: 29994K(30144K)->29994K(30144K) Class: 0K(0K)->0K(0K)
[6817.203s][info][gc             ] GC(1152) Pause Young (Normal) (G1 Evacuation Pause) 7179M->2670M(8192M) 151.315ms
[6817.203s][info][gc,cpu         ] GC(1152) User=1.20s Sys=0.00s Real=0.15s
....[6820.335s][info][gc,start       ] GC(1153) Pause Young (Normal) (G1 Evacuation Pause)
[6820.335s][info][gc,task        ] GC(1153) Using 8 workers of 8 for evacuation
[6820.487s][info][gc,phases      ] GC(1153)   Pre Evacuate Collection Set: 0.26ms
[6820.487s][info][gc,phases      ] GC(1153)   Merge Heap Roots: 0.53ms
[6820.487s][info][gc,phases      ] GC(1153)   Evacuate Collection Set: 150.02ms
[6820.487s][info][gc,phases      ] GC(1153)   Post Evacuate Collection Set: 1.04ms
[6820.487s][info][gc,phases      ] GC(1153)   Other: 0.06ms
[6820.487s][info][gc,heap        ] GC(1153) Eden regions: 571->0(570)
[6820.487s][info][gc,heap        ] GC(1153) Survivor regions: 43->44(77)
[6820.487s][info][gc,heap        ] GC(1153) Old regions: 260->267
[6820.487s][info][gc,heap        ] GC(1153) Humongous regions: 33->33
[6820.487s][info][gc,metaspace   ] GC(1153) Metaspace: 29994K(30144K)->29994K(30144K) NonClass: 29994K(30144K)->29994K(30144K) Class: 0K(0K)->0K(0K)
[6820.487s][info][gc             ] GC(1153) Pause Young (Normal) (G1 Evacuation Pause) 7238M->2734M(8192M) 152.038ms
[6820.487s][info][gc,cpu         ] GC(1153) User=1.20s Sys=0.00s Real=0.16s
...[6823.618s][info][gc,start       ] GC(1154) Pause Young (Normal) (G1 Evacuation Pause)
[6823.619s][info][gc,task        ] GC(1154) Using 8 workers of 8 for evacuation
[6823.769s][info][gc,phases      ] GC(1154)   Pre Evacuate Collection Set: 0.23ms
[6823.769s][info][gc,phases      ] GC(1154)   Merge Heap Roots: 0.59ms
[6823.769s][info][gc,phases      ] GC(1154)   Evacuate Collection Set: 148.30ms
[6823.769s][info][gc,phases      ] GC(1154)   Post Evacuate Collection Set: 1.06ms
[6823.769s][info][gc,phases      ] GC(1154)   Other: 0.06ms
[6823.769s][info][gc,heap        ] GC(1154) Eden regions: 570->0(571)
[6823.769s][info][gc,heap        ] GC(1154) Survivor regions: 44->43(77)
[6823.769s][info][gc,heap        ] GC(1154) Old regions: 267->274
[6823.769s][info][gc,heap        ] GC(1154) Humongous regions: 33->33
[6823.769s][info][gc,metaspace   ] GC(1154) Metaspace: 29994K(30144K)->29994K(30144K) NonClass: 29994K(30144K)->29994K(30144K) Class: 0K(0K)->0K(0K)
[6823.769s][info][gc             ] GC(1154) Pause Young (Normal) (G1 Evacuation Pause) 7294M->2787M(8192M) 150.366ms
[6823.769s][info][gc,cpu         ] GC(1154) User=1.19s Sys=0.00s Real=0.15s
.. (rIR:aIR:PR = 11761:11723:11732) (tPR = 173462) [OK] 
  6825s: Performance info:
         Transaction,    Success,    Partial,     Failed,   Receipts, AvgBarcode, 
             Overall,     705836,          0,          0,     670439,      59.48, 
         Response times:
             Request,    Success,    Partial,     Failed,   SkipFail,     Probes,    Samples,      min,      p50,      p90,      p95,      p99,      max, 
       TotalPurchase,     669895,          0,          0,          0,     356018,     435374,      300,    12900,   122000,   190000,   339000,  3600000,
     InStorePurchase,     354225,          0,          0,          0,     186668,     228160,      300,    12900,   125000,   192000,   329000,  3600000,
      OnlinePurchase,     244417,          0,          0,          0,     131304,     160524,      300,    12900,   119000,   188000,   329000,  3600000,
        InstPurchase,      71253,          0,          0,          0,      38046,      46690,      400,    12700,   116000,   192450,   366000,  3600000,
          AssocOfCat,        712,          0,          0,          0,        596,        827,    32000,    68000,   187200,   246600,   452760,  3200000,
      AssocOfProduct,       7057,          0,          0,          0,       4389,       5595,      300,    12700,   123000,   195000,   332280,  2300000,
      BusinessReport,       1780,          0,          0,          0,       1584,       2066,    35000,    77000,   206000,   258000,   391980,   562000,
          CustBuyBeh,       7095,          0,          0,          0,       4348,       5512,      500,    12650,   116000,   193000,   295000,   780000,
       ProductReturn,      18711,          0,          0,          0,       9801,      12228,      300,    13500,   123000,   194000,   312710,  2200000,

  6825s: (86%)   IR =  11900 .[6826.733s][info][gc,start       ] GC(1155) Pause Young (Normal) (G1 Evacuation Pause)
[6826.733s][info][gc,task        ] GC(1155) Using 8 workers of 8 for evacuation
[6826.883s][info][gc,phases      ] GC(1155)   Pre Evacuate Collection Set: 0.23ms
[6826.883s][info][gc,phases      ] GC(1155)   Merge Heap Roots: 0.55ms
[6826.883s][info][gc,phases      ] GC(1155)   Evacuate Collection Set: 148.50ms
[6826.883s][info][gc,phases      ] GC(1155)   Post Evacuate Collection Set: 1.07ms
[6826.883s][info][gc,phases      ] GC(1155)   Other: 0.06ms
[6826.883s][info][gc,heap        ] GC(1155) Eden regions: 571->0(571)
[6826.883s][info][gc,heap        ] GC(1155) Survivor regions: 43->43(77)
[6826.883s][info][gc,heap        ] GC(1155) Old regions: 274->282
[6826.883s][info][gc,heap        ] GC(1155) Humongous regions: 33->33
[6826.883s][info][gc,metaspace   ] GC(1155) Metaspace: 29994K(30144K)->29994K(30144K) NonClass: 29994K(30144K)->29994K(30144K) Class: 0K(0K)->0K(0K)
[6826.883s][info][gc             ] GC(1155) Pause Young (Normal) (G1 Evacuation Pause) 7355M->2846M(8192M) 150.562ms
[6826.883s][info][gc,cpu         ] GC(1155) User=1.19s Sys=0.00s Real=0.15s
...[6829.874s][info][gc,start       ] GC(1156) Pause Young (Normal) (G1 Evacuation Pause)
[6829.874s][info][gc,task        ] GC(1156) Using 8 workers of 8 for evacuation
[6830.022s][info][gc,phases      ] GC(1156)   Pre Evacuate Collection Set: 0.24ms
[6830.022s][info][gc,phases      ] GC(1156)   Merge Heap Roots: 0.53ms
[6830.022s][info][gc,phases      ] GC(1156)   Evacuate Collection Set: 145.92ms
[6830.022s][info][gc,phases      ] GC(1156)   Post Evacuate Collection Set: 1.12ms
[6830.022s][info][gc,phases      ] GC(1156)   Other: 0.07ms
[6830.022s][info][gc,heap        ] GC(1156) Eden regions: 571->0(564)
[6830.022s][info][gc,heap        ] GC(1156) Survivor regions: 43->43(77)
[6830.022s][info][gc,heap        ] GC(1156) Old regions: 282->289
[6830.022s][info][gc,heap        ] GC(1156) Humongous regions: 33->33
[6830.022s][info][gc,metaspace   ] GC(1156) Metaspace: 29994K(30144K)->29994K(30144K) NonClass: 29994K(30144K)->29994K(30144K) Class: 0K(0K)->0K(0K)
[6830.022s][info][gc             ] GC(1156) Pause Young (Normal) (G1 Evacuation Pause) 7414M->2906M(8192M) 148.003ms
[6830.022s][info][gc,cpu         ] GC(1156) User=1.17s Sys=0.00s Real=0.15s
...[6833.045s][info][gc,start       ] GC(1157) Pause Young (Normal) (G1 Evacuation Pause)
[6833.045s][info][gc,task        ] GC(1157) Using 8 workers of 8 for evacuation
[6833.197s][info][gc,phases      ] GC(1157)   Pre Evacuate Collection Set: 0.23ms
[6833.197s][info][gc,phases      ] GC(1157)   Merge Heap Roots: 0.56ms
[6833.197s][info][gc,phases      ] GC(1157)   Evacuate Collection Set: 150.32ms
[6833.197s][info][gc,phases      ] GC(1157)   Post Evacuate Collection Set: 1.03ms
[6833.197s][info][gc,phases      ] GC(1157)   Other: 0.06ms
[6833.197s][info][gc,heap        ] GC(1157) Eden regions: 564->0(557)
[6833.197s][info][gc,heap        ] GC(1157) Survivor regions: 43->43(76)
[6833.197s][info][gc,heap        ] GC(1157) Old regions: 289->296
[6833.197s][info][gc,heap        ] GC(1157) Humongous regions: 33->33
[6833.197s][info][gc,metaspace   ] GC(1157) Metaspace: 29994K(30144K)->29994K(30144K) NonClass: 29994K(30144K)->29994K(30144K) Class: 0K(0K)->0K(0K)
[6833.197s][info][gc             ] GC(1157) Pause Young (Normal) (G1 Evacuation Pause) 7418M->2963M(8192M) 152.334ms
[6833.197s][info][gc,cpu         ] GC(1157) User=1.21s Sys=0.00s Real=0.15s
...[6836.232s][info][gc,start       ] GC(1158) Pause Young (Normal) (G1 Evacuation Pause)
[6836.232s][info][gc,task        ] GC(1158) Using 8 workers of 8 for evacuation
[6836.384s][info][gc,phases      ] GC(1158)   Pre Evacuate Collection Set: 0.23ms
[6836.384s][info][gc,phases      ] GC(1158)   Merge Heap Roots: 0.51ms
[6836.384s][info][gc,phases      ] GC(1158)   Evacuate Collection Set: 149.68ms
[6836.384s][info][gc,phases      ] GC(1158)   Post Evacuate Collection Set: 1.03ms
[6836.384s][info][gc,phases      ] GC(1158)   Other: 0.06ms
[6836.384s][info][gc,heap        ] GC(1158) Eden regions: 557->0(547)
[6836.384s][info][gc,heap        ] GC(1158) Survivor regions: 43->44(75)
[6836.384s][info][gc,heap        ] GC(1158) Old regions: 296->304
[6836.385s][info][gc,heap        ] GC(1158) Humongous regions: 33->33
[6836.385s][info][gc,metaspace   ] GC(1158) Metaspace: 29994K(30144K)->29994K(30144K) NonClass: 29994K(30144K)->29994K(30144K) Class: 0K(0K)->0K(0K)
[6836.385s][info][gc             ] GC(1158) Pause Young (Normal) (G1 Evacuation Pause) 7419M->3029M(8192M) 152.406ms
[6836.385s][info][gc,cpu         ] GC(1158) User=1.21s Sys=0.00s Real=0.15s
...[6839.264s][info][gc,start       ] GC(1159) Pause Young (Concurrent Start) (G1 Evacuation Pause)
[6839.264s][info][gc,task        ] GC(1159) Using 8 workers of 8 for evacuation
[6839.411s][info][gc,phases      ] GC(1159)   Pre Evacuate Collection Set: 0.27ms
[6839.411s][info][gc,phases      ] GC(1159)   Merge Heap Roots: 0.54ms
[6839.411s][info][gc,phases      ] GC(1159)   Evacuate Collection Set: 145.30ms
[6839.411s][info][gc,phases      ] GC(1159)   Post Evacuate Collection Set: 0.99ms
[6839.411s][info][gc,phases      ] GC(1159)   Other: 0.09ms
[6839.411s][info][gc,heap        ] GC(1159) Eden regions: 547->0(544)
[6839.411s][info][gc,heap        ] GC(1159) Survivor regions: 44->42(74)
[6839.411s][info][gc,heap        ] GC(1159) Old regions: 304->311
[6839.411s][info][gc,heap        ] GC(1159) Humongous regions: 33->33
[6839.411s][info][gc,metaspace   ] GC(1159) Metaspace: 29994K(30144K)->29994K(30144K) NonClass: 29994K(30144K)->29994K(30144K) Class: 0K(0K)->0K(0K)
[6839.411s][info][gc             ] GC(1159) Pause Young (Concurrent Start) (G1 Evacuation Pause) 7405M->3075M(8192M) 147.327ms
[6839.411s][info][gc             ] GC(1160) Concurrent Mark Cycle
[6839.411s][info][gc,marking     ] GC(1160) Concurrent Scan Root Regions
[6839.411s][info][gc,cpu         ] GC(1159) User=1.16s Sys=0.00s Real=0.15s
.[6839.639s][info][gc,marking     ] GC(1160) Concurrent Scan Root Regions 227.479ms
[6839.639s][info][gc,marking     ] GC(1160) Concurrent Mark
[6839.639s][info][gc,marking     ] GC(1160) Concurrent Mark From Roots
[6839.639s][info][gc,task        ] GC(1160) Using 2 workers of 2 for marking
.[6840.736s][info][gc,marking     ] GC(1160) Concurrent Mark From Roots 1097.467ms
[6840.736s][info][gc,marking     ] GC(1160) Concurrent Preclean
[6840.736s][info][gc,marking     ] GC(1160) Concurrent Preclean 0.097ms
[6840.736s][info][gc,start       ] GC(1160) Pause Remark
[6840.739s][info][gc             ] GC(1160) Pause Remark 4504M->3976M(8192M) 2.547ms
[6840.739s][info][gc,cpu         ] GC(1160) User=0.02s Sys=0.00s Real=0.01s
[6840.739s][info][gc,marking     ] GC(1160) Concurrent Mark 1100.420ms
[6840.739s][info][gc,marking     ] GC(1160) Concurrent Rebuild Remembered Sets and Scrub Regions
.[6841.494s][info][gc,marking     ] GC(1160) Concurrent Rebuild Remembered Sets and Scrub Regions 754.503ms
[6841.494s][info][gc,start       ] GC(1160) Pause Cleanup
[6841.494s][info][gc             ] GC(1160) Pause Cleanup 4959M->4959M(8192M) 0.235ms
[6841.494s][info][gc,cpu         ] GC(1160) User=0.00s Sys=0.00s Real=0.00s
[6841.494s][info][gc,marking     ] GC(1160) Concurrent Clear Claimed Marks
[6841.494s][info][gc,marking     ] GC(1160) Concurrent Clear Claimed Marks 0.041ms
[6841.494s][info][gc,marking     ] GC(1160) Concurrent Cleanup for Next Mark
[6841.504s][info][gc,marking     ] GC(1160) Concurrent Cleanup for Next Mark 9.912ms
[6841.504s][info][gc             ] GC(1160) Concurrent Mark Cycle 2092.979ms
.[6842.647s][info][gc,start       ] GC(1161) Pause Young (Prepare Mixed) (G1 Evacuation Pause)
[6842.647s][info][gc,task        ] GC(1161) Using 8 workers of 8 for evacuation
[6842.799s][info][gc,phases      ] GC(1161)   Pre Evacuate Collection Set: 0.23ms
[6842.799s][info][gc,phases      ] GC(1161)   Merge Heap Roots: 0.75ms
[6842.799s][info][gc,phases      ] GC(1161)   Evacuate Collection Set: 150.05ms
[6842.799s][info][gc,phases      ] GC(1161)   Post Evacuate Collection Set: 1.15ms
[6842.799s][info][gc,phases      ] GC(1161)   Other: 0.08ms
[6842.799s][info][gc,heap        ] GC(1161) Eden regions: 544->0(570)
[6842.799s][info][gc,heap        ] GC(1161) Survivor regions: 42->44(74)
[6842.799s][info][gc,heap        ] GC(1161) Old regions: 245->253
[6842.799s][info][gc,heap        ] GC(1161) Humongous regions: 33->33
[6842.799s][info][gc,metaspace   ] GC(1161) Metaspace: 29994K(30144K)->29994K(30144K) NonClass: 29994K(30144K)->29994K(30144K) Class: 0K(0K)->0K(0K)
[6842.799s][info][gc             ] GC(1161) Pause Young (Prepare Mixed) (G1 Evacuation Pause) 6899M->2619M(8192M) 152.385ms
[6842.799s][info][gc,cpu         ] GC(1161) User=1.21s Sys=0.00s Real=0.16s
...[6845.680s][info][gc,start       ] GC(1162) Pause Young (Mixed) (G1 Evacuation Pause)
[6845.680s][info][gc,task        ] GC(1162) Using 8 workers of 8 for evacuation
[6845.837s][info][gc,phases      ] GC(1162)   Pre Evacuate Collection Set: 0.27ms
[6845.837s][info][gc,phases      ] GC(1162)   Merge Heap Roots: 0.88ms
[6845.837s][info][gc,phases      ] GC(1162)   Evacuate Collection Set: 154.64ms
[6845.837s][info][gc,phases      ] GC(1162)   Post Evacuate Collection Set: 1.32ms
[6845.837s][info][gc,phases      ] GC(1162)   Other: 0.07ms
[6845.838s][info][gc,heap        ] GC(1162) Eden regions: 570->0(571)
[6845.838s][info][gc,heap        ] GC(1162) Survivor regions: 44->43(77)
[6845.838s][info][gc,heap        ] GC(1162) Old regions: 253->158
[6845.838s][info][gc,heap        ] GC(1162) Humongous regions: 33->33
[6845.838s][info][gc,metaspace   ] GC(1162) Metaspace: 29994K(30144K)->29994K(30144K) NonClass: 29994K(30144K)->29994K(30144K) Class: 0K(0K)->0K(0K)
[6845.838s][info][gc             ] GC(1162) Pause Young (Mixed) (G1 Evacuation Pause) 7179M->1858M(8192M) 157.307ms
[6845.838s][info][gc,cpu         ] GC(1162) User=1.24s Sys=0.00s Real=0.16s
.|..[6848.902s][info][gc,start       ] GC(1163) Pause Young (Mixed) (G1 Evacuation Pause)
[6848.902s][info][gc,task        ] GC(1163) Using 8 workers of 8 for evacuation
[6849.062s][info][gc,phases      ] GC(1163)   Pre Evacuate Collection Set: 0.25ms
[6849.062s][info][gc,phases      ] GC(1163)   Merge Heap Roots: 0.79ms
[6849.062s][info][gc,phases      ] GC(1163)   Evacuate Collection Set: 157.56ms
[6849.062s][info][gc,phases      ] GC(1163)   Post Evacuate Collection Set: 1.06ms
[6849.062s][info][gc,phases      ] GC(1163)   Other: 0.07ms
[6849.062s][info][gc,heap        ] GC(1163) Eden regions: 571->0(572)
[6849.062s][info][gc,heap        ] GC(1163) Survivor regions: 43->42(77)
[6849.062s][info][gc,heap        ] GC(1163) Old regions: 158->144
[6849.062s][info][gc,heap        ] GC(1163) Humongous regions: 33->33
[6849.062s][info][gc,metaspace   ] GC(1163) Metaspace: 29994K(30144K)->29994K(30144K) NonClass: 29994K(30144K)->29994K(30144K) Class: 0K(0K)->0K(0K)
[6849.062s][info][gc             ] GC(1163) Pause Young (Mixed) (G1 Evacuation Pause) 6426M->1734M(8192M) 159.853ms
[6849.062s][info][gc,cpu         ] GC(1163) User=1.27s Sys=0.00s Real=0.16s
...[6852.231s][info][gc,start       ] GC(1164) Pause Young (Normal) (G1 Evacuation Pause)
[6852.231s][info][gc,task        ] GC(1164) Using 8 workers of 8 for evacuation
[6852.382s][info][gc,phases      ] GC(1164)   Pre Evacuate Collection Set: 0.23ms
[6852.382s][info][gc,phases      ] GC(1164)   Merge Heap Roots: 0.52ms
[6852.382s][info][gc,phases      ] GC(1164)   Evacuate Collection Set: 149.61ms
[6852.382s][info][gc,phases      ] GC(1164)   Post Evacuate Collection Set: 1.02ms
[6852.382s][info][gc,phases      ] GC(1164)   Other: 0.07ms
[6852.382s][info][gc,heap        ] GC(1164) Eden regions: 572->0(570)
[6852.382s][info][gc,heap        ] GC(1164) Survivor regions: 42->44(77)
[6852.382s][info][gc,heap        ] GC(1164) Old regions: 144->151
[6852.382s][info][gc,heap        ] GC(1164) Humongous regions: 33->33
[6852.382s][info][gc,metaspace   ] GC(1164) Metaspace: 29994K(30144K)->29994K(30144K) NonClass: 29994K(30144K)->29994K(30144K) Class: 0K(0K)->0K(0K)
[6852.382s][info][gc             ] GC(1164) Pause Young (Normal) (G1 Evacuation Pause) 6310M->1804M(8192M) 151.576ms
[6852.382s][info][gc,cpu         ] GC(1164) User=1.20s Sys=0.01s Real=0.15s
....[6855.455s][info][gc,start       ] GC(1165) Pause Young (Normal) (G1 Evacuation Pause)
[6855.455s][info][gc,task        ] GC(1165) Using 8 workers of 8 for evacuation
[6855.605s][info][gc,phases      ] GC(1165)   Pre Evacuate Collection Set: 0.24ms
[6855.605s][info][gc,phases      ] GC(1165)   Merge Heap Roots: 0.51ms
[6855.605s][info][gc,phases      ] GC(1165)   Evacuate Collection Set: 148.60ms
[6855.605s][info][gc,phases      ] GC(1165)   Post Evacuate Collection Set: 1.02ms
[6855.605s][info][gc,phases      ] GC(1165)   Other: 0.07ms
[6855.605s][info][gc,heap        ] GC(1165) Eden regions: 570->0(570)
[6855.605s][info][gc,heap        ] GC(1165) Survivor regions: 44->44(77)
[6855.605s][info][gc,heap        ] GC(1165) Old regions: 151->158
[6855.605s][info][gc,heap        ] GC(1165) Humongous regions: 33->33
[6855.605s][info][gc,metaspace   ] GC(1165) Metaspace: 29994K(30144K)->29994K(30144K) NonClass: 29994K(30144K)->29994K(30144K) Class: 0K(0K)->0K(0K)
[6855.606s][info][gc             ] GC(1165) Pause Young (Normal) (G1 Evacuation Pause) 6364M->1861M(8192M) 150.572ms
[6855.606s][info][gc,cpu         ] GC(1165) User=1.19s Sys=0.00s Real=0.15s
...[6858.609s][info][gc,start       ] GC(1166) Pause Young (Normal) (G1 Evacuation Pause)
[6858.609s][info][gc,task        ] GC(1166) Using 8 workers of 8 for evacuation
[6858.766s][info][gc,phases      ] GC(1166)   Pre Evacuate Collection Set: 0.20ms
[6858.766s][info][gc,phases      ] GC(1166)   Merge Heap Roots: 0.54ms
[6858.766s][info][gc,phases      ] GC(1166)   Evacuate Collection Set: 155.39ms
[6858.767s][info][gc,phases      ] GC(1166)   Post Evacuate Collection Set: 1.03ms
[6858.767s][info][gc,phases      ] GC(1166)   Other: 0.06ms
[6858.767s][info][gc,heap        ] GC(1166) Eden regions: 570->0(568)
[6858.767s][info][gc,heap        ] GC(1166) Survivor regions: 44->46(77)
[6858.767s][info][gc,heap        ] GC(1166) Old regions: 158->165
[6858.767s][info][gc,heap        ] GC(1166) Humongous regions: 33->33
[6858.767s][info][gc,metaspace   ] GC(1166) Metaspace: 29994K(30144K)->29994K(30144K) NonClass: 29994K(30144K)->29994K(30144K) Class: 0K(0K)->0K(0K)
[6858.767s][info][gc             ] GC(1166) Pause Young (Normal) (G1 Evacuation Pause) 6421M->1931M(8192M) 157.358ms
[6858.767s][info][gc,cpu         ] GC(1166) User=1.25s Sys=0.00s Real=0.15s
...[6861.749s][info][gc,start       ] GC(1167) Pause Young (Normal) (G1 Evacuation Pause)
[6861.749s][info][gc,task        ] GC(1167) Using 8 workers of 8 for evacuation
[6861.896s][info][gc,phases      ] GC(1167)   Pre Evacuate Collection Set: 0.23ms
[6861.896s][info][gc,phases      ] GC(1167)   Merge Heap Roots: 0.52ms
[6861.896s][info][gc,phases      ] GC(1167)   Evacuate Collection Set: 145.31ms
[6861.896s][info][gc,phases      ] GC(1167)   Post Evacuate Collection Set: 1.08ms
[6861.896s][info][gc,phases      ] GC(1167)   Other: 0.06ms
[6861.897s][info][gc,heap        ] GC(1167) Eden regions: 568->0(571)
[6861.897s][info][gc,heap        ] GC(1167) Survivor regions: 46->43(77)
[6861.897s][info][gc,heap        ] GC(1167) Old regions: 165->172
[6861.897s][info][gc,heap        ] GC(1167) Humongous regions: 33->33
[6861.897s][info][gc,metaspace   ] GC(1167) Metaspace: 29994K(30144K)->29994K(30144K) NonClass: 29994K(30144K)->29994K(30144K) Class: 0K(0K)->0K(0K)
[6861.897s][info][gc             ] GC(1167) Pause Young (Normal) (G1 Evacuation Pause) 6475M->1969M(8192M) 147.337ms
[6861.897s][info][gc,cpu         ] GC(1167) User=1.16s Sys=0.00s Real=0.14s
...[6864.958s][info][gc,start       ] GC(1168) Pause Young (Normal) (G1 Evacuation Pause)
[6864.958s][info][gc,task        ] GC(1168) Using 8 workers of 8 for evacuation
[6865.110s][info][gc,phases      ] GC(1168)   Pre Evacuate Collection Set: 0.24ms
[6865.110s][info][gc,phases      ] GC(1168)   Merge Heap Roots: 0.51ms
[6865.110s][info][gc,phases      ] GC(1168)   Evacuate Collection Set: 150.15ms
[6865.110s][info][gc,phases      ] GC(1168)   Post Evacuate Collection Set: 1.03ms
[6865.110s][info][gc,phases      ] GC(1168)   Other: 0.06ms
[6865.110s][info][gc,heap        ] GC(1168) Eden regions: 571->0(571)
[6865.110s][info][gc,heap        ] GC(1168) Survivor regions: 43->43(77)
[6865.110s][info][gc,heap        ] GC(1168) Old regions: 172->179
[6865.110s][info][gc,heap        ] GC(1168) Humongous regions: 33->33
[6865.110s][info][gc,metaspace   ] GC(1168) Metaspace: 29994K(30144K)->29994K(30144K) NonClass: 29994K(30144K)->29994K(30144K) Class: 0K(0K)->0K(0K)
[6865.110s][info][gc             ] GC(1168) Pause Young (Normal) (G1 Evacuation Pause) 6537M->2025M(8192M) 152.119ms
[6865.110s][info][gc,cpu         ] GC(1168) User=1.21s Sys=0.00s Real=0.15s
...[6868.165s][info][gc,start       ] GC(1169) Pause Young (Normal) (G1 Evacuation Pause)
[6868.165s][info][gc,task        ] GC(1169) Using 8 workers of 8 for evacuation
[6868.320s][info][gc,phases      ] GC(1169)   Pre Evacuate Collection Set: 0.23ms
[6868.320s][info][gc,phases      ] GC(1169)   Merge Heap Roots: 0.51ms
[6868.320s][info][gc,phases      ] GC(1169)   Evacuate Collection Set: 152.41ms
[6868.320s][info][gc,phases      ] GC(1169)   Post Evacuate Collection Set: 1.04ms
[6868.320s][info][gc,phases      ] GC(1169)   Other: 0.06ms
[6868.320s][info][gc,heap        ] GC(1169) Eden regions: 571->0(570)
[6868.320s][info][gc,heap        ] GC(1169) Survivor regions: 43->44(77)
[6868.320s][info][gc,heap        ] GC(1169) Old regions: 179->186
[6868.320s][info][gc,heap        ] GC(1169) Humongous regions: 33->33
[6868.320s][info][gc,metaspace   ] GC(1169) Metaspace: 29994K(30144K)->29994K(30144K) NonClass: 29994K(30144K)->29994K(30144K) Class: 0K(0K)->0K(0K)
[6868.320s][info][gc             ] GC(1169) Pause Young (Normal) (G1 Evacuation Pause) 6593M->2091M(8192M) 154.384ms
[6868.320s][info][gc,cpu         ] GC(1169) User=1.22s Sys=0.00s Real=0.16s
...[6871.420s][info][gc,start       ] GC(1170) Pause Young (Normal) (G1 Evacuation Pause)
[6871.420s][info][gc,task        ] GC(1170) Using 8 workers of 8 for evacuation
[6871.570s][info][gc,phases      ] GC(1170)   Pre Evacuate Collection Set: 0.27ms
[6871.570s][info][gc,phases      ] GC(1170)   Merge Heap Roots: 0.52ms
[6871.570s][info][gc,phases      ] GC(1170)   Evacuate Collection Set: 147.89ms
[6871.570s][info][gc,phases      ] GC(1170)   Post Evacuate Collection Set: 1.03ms
[6871.570s][info][gc,phases      ] GC(1170)   Other: 0.06ms
[6871.570s][info][gc,heap        ] GC(1170) Eden regions: 570->0(571)
[6871.570s][info][gc,heap        ] GC(1170) Survivor regions: 44->43(77)
[6871.570s][info][gc,heap        ] GC(1170) Old regions: 186->194
[6871.570s][info][gc,heap        ] GC(1170) Humongous regions: 33->33
[6871.570s][info][gc,metaspace   ] GC(1170) Metaspace: 29994K(30144K)->29994K(30144K) NonClass: 29994K(30144K)->29994K(30144K) Class: 0K(0K)->0K(0K)
[6871.570s][info][gc             ] GC(1170) Pause Young (Normal) (G1 Evacuation Pause) 6651M->2142M(8192M) 149.933ms
[6871.570s][info][gc,cpu         ] GC(1170) User=1.19s Sys=0.00s Real=0.15s
....[6874.644s][info][gc,start       ] GC(1171) Pause Young (Normal) (G1 Evacuation Pause)
[6874.644s][info][gc,task        ] GC(1171) Using 8 workers of 8 for evacuation
[6874.797s][info][gc,phases      ] GC(1171)   Pre Evacuate Collection Set: 0.25ms
[6874.797s][info][gc,phases      ] GC(1171)   Merge Heap Roots: 0.53ms
[6874.797s][info][gc,phases      ] GC(1171)   Evacuate Collection Set: 151.06ms
[6874.797s][info][gc,phases      ] GC(1171)   Post Evacuate Collection Set: 1.06ms
[6874.797s][info][gc,phases      ] GC(1171)   Other: 0.06ms
[6874.797s][info][gc,heap        ] GC(1171) Eden regions: 571->0(570)
[6874.797s][info][gc,heap        ] GC(1171) Survivor regions: 43->44(77)
[6874.797s][info][gc,heap        ] GC(1171) Old regions: 194->201
[6874.797s][info][gc,heap        ] GC(1171) Humongous regions: 33->33
[6874.797s][info][gc,metaspace   ] GC(1171) Metaspace: 29994K(30144K)->29994K(30144K) NonClass: 29994K(30144K)->29994K(30144K) Class: 0K(0K)->0K(0K)
[6874.797s][info][gc             ] GC(1171) Pause Young (Normal) (G1 Evacuation Pause) 6710M->2205M(8192M) 153.085ms
[6874.797s][info][gc,cpu         ] GC(1171) User=1.21s Sys=0.00s Real=0.15s
...[6877.817s][info][gc,start       ] GC(1172) Pause Young (Normal) (G1 Evacuation Pause)
[6877.817s][info][gc,task        ] GC(1172) Using 8 workers of 8 for evacuation
[6877.964s][info][gc,phases      ] GC(1172)   Pre Evacuate Collection Set: 0.23ms
[6877.964s][info][gc,phases      ] GC(1172)   Merge Heap Roots: 0.54ms
[6877.964s][info][gc,phases      ] GC(1172)   Evacuate Collection Set: 145.36ms
[6877.964s][info][gc,phases      ] GC(1172)   Post Evacuate Collection Set: 1.08ms
[6877.964s][info][gc,phases      ] GC(1172)   Other: 0.06ms
[6877.964s][info][gc,heap        ] GC(1172) Eden regions: 570->0(571)
[6877.964s][info][gc,heap        ] GC(1172) Survivor regions: 44->43(77)
[6877.964s][info][gc,heap        ] GC(1172) Old regions: 201->208
[6877.964s][info][gc,heap        ] GC(1172) Humongous regions: 33->33
[6877.964s][info][gc,metaspace   ] GC(1172) Metaspace: 29994K(30144K)->29994K(30144K) NonClass: 29994K(30144K)->29994K(30144K) Class: 0K(0K)->0K(0K)
[6877.964s][info][gc             ] GC(1172) Pause Young (Normal) (G1 Evacuation Pause) 6765M->2259M(8192M) 147.415ms
[6877.964s][info][gc,cpu         ] GC(1172) User=1.16s Sys=0.00s Real=0.15s
...[6881.022s][info][gc,start       ] GC(1173) Pause Young (Normal) (G1 Evacuation Pause)
[6881.022s][info][gc,task        ] GC(1173) Using 8 workers of 8 for evacuation
[6881.175s][info][gc,phases      ] GC(1173)   Pre Evacuate Collection Set: 0.24ms
[6881.175s][info][gc,phases      ] GC(1173)   Merge Heap Roots: 0.58ms
[6881.175s][info][gc,phases      ] GC(1173)   Evacuate Collection Set: 151.16ms
[6881.175s][info][gc,phases      ] GC(1173)   Post Evacuate Collection Set: 1.02ms
[6881.175s][info][gc,phases      ] GC(1173)   Other: 0.06ms
[6881.175s][info][gc,heap        ] GC(1173) Eden regions: 571->0(570)
[6881.175s][info][gc,heap        ] GC(1173) Survivor regions: 43->44(77)
[6881.175s][info][gc,heap        ] GC(1173) Old regions: 208->215
[6881.175s][info][gc,heap        ] GC(1173) Humongous regions: 33->33
[6881.175s][info][gc,metaspace   ] GC(1173) Metaspace: 29994K(30144K)->29994K(30144K) NonClass: 29994K(30144K)->29994K(30144K) Class: 0K(0K)->0K(0K)
[6881.175s][info][gc             ] GC(1173) Pause Young (Normal) (G1 Evacuation Pause) 6827M->2319M(8192M) 153.201ms
[6881.175s][info][gc,cpu         ] GC(1173) User=1.21s Sys=0.01s Real=0.15s
...[6884.217s][info][gc,start       ] GC(1174) Pause Young (Normal) (G1 Evacuation Pause)
[6884.217s][info][gc,task        ] GC(1174) Using 8 workers of 8 for evacuation
[6884.372s][info][gc,phases      ] GC(1174)   Pre Evacuate Collection Set: 0.22ms
[6884.372s][info][gc,phases      ] GC(1174)   Merge Heap Roots: 0.53ms
[6884.372s][info][gc,phases      ] GC(1174)   Evacuate Collection Set: 153.37ms
[6884.373s][info][gc,phases      ] GC(1174)   Post Evacuate Collection Set: 1.03ms
[6884.373s][info][gc,phases      ] GC(1174)   Other: 0.06ms
[6884.373s][info][gc,heap        ] GC(1174) Eden regions: 570->0(571)
[6884.373s][info][gc,heap        ] GC(1174) Survivor regions: 44->43(77)
[6884.373s][info][gc,heap        ] GC(1174) Old regions: 215->222
[6884.373s][info][gc,heap        ] GC(1174) Humongous regions: 33->33
[6884.373s][info][gc,metaspace   ] GC(1174) Metaspace: 29994K(30144K)->29994K(30144K) NonClass: 29994K(30144K)->29994K(30144K) Class: 0K(0K)->0K(0K)
[6884.373s][info][gc             ] GC(1174) Pause Young (Normal) (G1 Evacuation Pause) 6879M->2371M(8192M) 155.332ms
[6884.373s][info][gc,cpu         ] GC(1174) User=1.23s Sys=0.00s Real=0.15s
...[6887.415s][info][gc,start       ] GC(1175) Pause Young (Normal) (G1 Evacuation Pause)
[6887.415s][info][gc,task        ] GC(1175) Using 8 workers of 8 for evacuation
[6887.569s][info][gc,phases      ] GC(1175)   Pre Evacuate Collection Set: 0.23ms
[6887.569s][info][gc,phases      ] GC(1175)   Merge Heap Roots: 0.54ms
[6887.569s][info][gc,phases      ] GC(1175)   Evacuate Collection Set: 151.78ms
[6887.569s][info][gc,phases      ] GC(1175)   Post Evacuate Collection Set: 1.04ms
[6887.569s][info][gc,phases      ] GC(1175)   Other: 0.07ms
[6887.569s][info][gc,heap        ] GC(1175) Eden regions: 571->0(570)
[6887.569s][info][gc,heap        ] GC(1175) Survivor regions: 43->44(77)
[6887.569s][info][gc,heap        ] GC(1175) Old regions: 222->229
[6887.569s][info][gc,heap        ] GC(1175) Humongous regions: 33->33
[6887.569s][info][gc,metaspace   ] GC(1175) Metaspace: 29994K(30144K)->29994K(30144K) NonClass: 29994K(30144K)->29994K(30144K) Class: 0K(0K)->0K(0K)
[6887.569s][info][gc             ] GC(1175) Pause Young (Normal) (G1 Evacuation Pause) 6939M->2435M(8192M) 153.784ms
[6887.569s][info][gc,cpu         ] GC(1175) User=1.21s Sys=0.00s Real=0.16s
....[6890.680s][info][gc,start       ] GC(1176) Pause Young (Normal) (G1 Evacuation Pause)
[6890.680s][info][gc,task        ] GC(1176) Using 8 workers of 8 for evacuation
[6890.828s][info][gc,phases      ] GC(1176)   Pre Evacuate Collection Set: 0.26ms
[6890.828s][info][gc,phases      ] GC(1176)   Merge Heap Roots: 0.54ms
[6890.828s][info][gc,phases      ] GC(1176)   Evacuate Collection Set: 146.09ms
[6890.828s][info][gc,phases      ] GC(1176)   Post Evacuate Collection Set: 1.03ms
[6890.828s][info][gc,phases      ] GC(1176)   Other: 0.07ms
[6890.828s][info][gc,heap        ] GC(1176) Eden regions: 570->0(571)
[6890.828s][info][gc,heap        ] GC(1176) Survivor regions: 44->43(77)
[6890.828s][info][gc,heap        ] GC(1176) Old regions: 229->236
[6890.828s][info][gc,heap        ] GC(1176) Humongous regions: 33->33
[6890.828s][info][gc,metaspace   ] GC(1176) Metaspace: 29994K(30144K)->29994K(30144K) NonClass: 29994K(30144K)->29994K(30144K) Class: 0K(0K)->0K(0K)
[6890.828s][info][gc             ] GC(1176) Pause Young (Normal) (G1 Evacuation Pause) 6995M->2479M(8192M) 148.107ms
[6890.828s][info][gc,cpu         ] GC(1176) User=1.17s Sys=0.00s Real=0.15s
...[6893.796s][info][gc,start       ] GC(1177) Pause Young (Normal) (G1 Evacuation Pause)
[6893.796s][info][gc,task        ] GC(1177) Using 8 workers of 8 for evacuation
[6893.949s][info][gc,phases      ] GC(1177)   Pre Evacuate Collection Set: 0.23ms
[6893.949s][info][gc,phases      ] GC(1177)   Merge Heap Roots: 0.52ms
[6893.949s][info][gc,phases      ] GC(1177)   Evacuate Collection Set: 150.37ms
[6893.949s][info][gc,phases      ] GC(1177)   Post Evacuate Collection Set: 1.04ms
[6893.949s][info][gc,phases      ] GC(1177)   Other: 0.06ms
[6893.949s][info][gc,heap        ] GC(1177) Eden regions: 571->0(570)
[6893.949s][info][gc,heap        ] GC(1177) Survivor regions: 43->44(77)
[6893.949s][info][gc,heap        ] GC(1177) Old regions: 236->244
[6893.949s][info][gc,heap        ] GC(1177) Humongous regions: 33->33
[6893.949s][info][gc,metaspace   ] GC(1177) Metaspace: 29994K(30144K)->29994K(30144K) NonClass: 29994K(30144K)->29994K(30144K) Class: 0K(0K)->0K(0K)
[6893.949s][info][gc             ] GC(1177) Pause Young (Normal) (G1 Evacuation Pause) 7047M->2546M(8192M) 152.345ms
[6893.949s][info][gc,cpu         ] GC(1177) User=1.21s Sys=0.00s Real=0.16s
...[6897.023s][info][gc,start       ] GC(1178) Pause Young (Normal) (G1 Evacuation Pause)
[6897.023s][info][gc,task        ] GC(1178) Using 8 workers of 8 for evacuation
[6897.175s][info][gc,phases      ] GC(1178)   Pre Evacuate Collection Set: 0.25ms
[6897.175s][info][gc,phases      ] GC(1178)   Merge Heap Roots: 0.52ms
[6897.175s][info][gc,phases      ] GC(1178)   Evacuate Collection Set: 149.88ms
[6897.175s][info][gc,phases      ] GC(1178)   Post Evacuate Collection Set: 1.02ms
[6897.175s][info][gc,phases      ] GC(1178)   Other: 0.06ms
[6897.175s][info][gc,heap        ] GC(1178) Eden regions: 570->0(570)
[6897.175s][info][gc,heap        ] GC(1178) Survivor regions: 44->44(77)
[6897.175s][info][gc,heap        ] GC(1178) Old regions: 244->251
[6897.175s][info][gc,heap        ] GC(1178) Humongous regions: 33->33
[6897.175s][info][gc,metaspace   ] GC(1178) Metaspace: 29994K(30144K)->29994K(30144K) NonClass: 29994K(30144K)->29994K(30144K) Class: 0K(0K)->0K(0K)
[6897.175s][info][gc             ] GC(1178) Pause Young (Normal) (G1 Evacuation Pause) 7106M->2603M(8192M) 151.863ms
[6897.175s][info][gc,cpu         ] GC(1178) User=1.21s Sys=0.00s Real=0.15s
...[6900.220s][info][gc,start       ] GC(1179) Pause Young (Normal) (G1 Evacuation Pause)
[6900.220s][info][gc,task        ] GC(1179) Using 8 workers of 8 for evacuation
[6900.374s][info][gc,phases      ] GC(1179)   Pre Evacuate Collection Set: 0.23ms
[6900.374s][info][gc,phases      ] GC(1179)   Merge Heap Roots: 0.55ms
[6900.374s][info][gc,phases      ] GC(1179)   Evacuate Collection Set: 151.73ms
[6900.374s][info][gc,phases      ] GC(1179)   Post Evacuate Collection Set: 1.04ms
[6900.374s][info][gc,phases      ] GC(1179)   Other: 0.06ms
[6900.374s][info][gc,heap        ] GC(1179) Eden regions: 570->0(571)
[6900.374s][info][gc,heap        ] GC(1179) Survivor regions: 44->43(77)
[6900.374s][info][gc,heap        ] GC(1179) Old regions: 251->258
[6900.374s][info][gc,heap        ] GC(1179) Humongous regions: 33->33
[6900.374s][info][gc,metaspace   ] GC(1179) Metaspace: 29994K(30144K)->29994K(30144K) NonClass: 29994K(30144K)->29994K(30144K) Class: 0K(0K)->0K(0K)
[6900.374s][info][gc             ] GC(1179) Pause Young (Normal) (G1 Evacuation Pause) 7163M->2658M(8192M) 153.755ms
[6900.374s][info][gc,cpu         ] GC(1179) User=1.22s Sys=0.00s Real=0.15s
...[6903.459s][info][gc,start       ] GC(1180) Pause Young (Normal) (G1 Evacuation Pause)
[6903.459s][info][gc,task        ] GC(1180) Using 8 workers of 8 for evacuation
[6903.611s][info][gc,phases      ] GC(1180)   Pre Evacuate Collection Set: 0.24ms
[6903.611s][info][gc,phases      ] GC(1180)   Merge Heap Roots: 0.53ms
[6903.611s][info][gc,phases      ] GC(1180)   Evacuate Collection Set: 150.31ms
[6903.611s][info][gc,phases      ] GC(1180)   Post Evacuate Collection Set: 1.03ms
[6903.611s][info][gc,phases      ] GC(1180)   Other: 0.07ms
[6903.611s][info][gc,heap        ] GC(1180) Eden regions: 571->0(571)
[6903.611s][info][gc,heap        ] GC(1180) Survivor regions: 43->43(77)
[6903.611s][info][gc,heap        ] GC(1180) Old regions: 258->265
[6903.611s][info][gc,heap        ] GC(1180) Humongous regions: 33->33
[6903.611s][info][gc,metaspace   ] GC(1180) Metaspace: 29994K(30144K)->29994K(30144K) NonClass: 29994K(30144K)->29994K(30144K) Class: 0K(0K)->0K(0K)
[6903.611s][info][gc             ] GC(1180) Pause Young (Normal) (G1 Evacuation Pause) 7226M->2715M(8192M) 152.305ms
[6903.611s][info][gc,cpu         ] GC(1180) User=1.21s Sys=0.00s Real=0.15s
....[6906.655s][info][gc,start       ] GC(1181) Pause Young (Normal) (G1 Evacuation Pause)
[6906.655s][info][gc,task        ] GC(1181) Using 8 workers of 8 for evacuation
[6906.804s][info][gc,phases      ] GC(1181)   Pre Evacuate Collection Set: 0.23ms
[6906.804s][info][gc,phases      ] GC(1181)   Merge Heap Roots: 0.53ms
[6906.804s][info][gc,phases      ] GC(1181)   Evacuate Collection Set: 146.71ms
[6906.804s][info][gc,phases      ] GC(1181)   Post Evacuate Collection Set: 1.03ms
[6906.804s][info][gc,phases      ] GC(1181)   Other: 0.06ms
[6906.804s][info][gc,heap        ] GC(1181) Eden regions: 571->0(571)
[6906.804s][info][gc,heap        ] GC(1181) Survivor regions: 43->43(77)
[6906.804s][info][gc,heap        ] GC(1181) Old regions: 265->273
[6906.804s][info][gc,heap        ] GC(1181) Humongous regions: 33->33
[6906.804s][info][gc,metaspace   ] GC(1181) Metaspace: 29994K(30144K)->29994K(30144K) NonClass: 29994K(30144K)->29994K(30144K) Class: 0K(0K)->0K(0K)
[6906.804s][info][gc             ] GC(1181) Pause Young (Normal) (G1 Evacuation Pause) 7283M->2774M(8192M) 148.684ms
[6906.804s][info][gc,cpu         ] GC(1181) User=1.18s Sys=0.00s Real=0.15s
 (rIR:aIR:PR = 11900:11957:11979) (tPR = 178463) [OK] 
  6906s: Performance info:
         Transaction,    Success,    Partial,     Failed,   Receipts, AvgBarcode, 
             Overall,     721100,          0,          0,     684927,      59.47, 
         Response times:
             Request,    Success,    Partial,     Failed,   SkipFail,     Probes,    Samples,      min,      p50,      p90,      p95,      p99,      max, 
       TotalPurchase,     683704,          0,          0,          0,     353481,     489961,      300,    14000,    96000,   135000,   196000,  2200000,
     InStorePurchase,     357941,          0,          0,          0,     185735,     257131,      300,    13900,    96000,   134000,   195000,  2200000,
      OnlinePurchase,     253908,          0,          0,          0,     130596,     180833,      300,    14000,    96000,   135000,   195660,  1900000,
        InstPurchase,      71855,          0,          0,          0,      37150,      51997,      400,    14200,    98000,   136000,   203000,  1800000,
          AssocOfCat,        718,          0,          0,          0,        610,        995,    34000,    76000,   173000,   205200,   251000,   372000,
      AssocOfProduct,       7285,          0,          0,          0,       4321,       6246,      500,    14300,   103000,   139000,   213000,   820000,
      BusinessReport,       1792,          0,          0,          0,       1628,       2368,    34000,    77000,   165000,   211000,   279860,   800000,
          CustBuyBeh,       7125,          0,          0,          0,       4405,       6427,      300,    13900,    97000,   131600,   194720,  1200000,
       ProductReturn,      19130,          0,          0,          0,       9983,      14024,      300,    13100,    91000,   125000,   190000,   960000,

  6906s: (87%)   IR =  12038 ...[6909.923s][info][gc,start       ] GC(1182) Pause Young (Normal) (G1 Evacuation Pause)
[6909.923s][info][gc,task        ] GC(1182) Using 8 workers of 8 for evacuation
[6910.073s][info][gc,phases      ] GC(1182)   Pre Evacuate Collection Set: 0.26ms
[6910.073s][info][gc,phases      ] GC(1182)   Merge Heap Roots: 0.57ms
[6910.073s][info][gc,phases      ] GC(1182)   Evacuate Collection Set: 147.35ms
[6910.073s][info][gc,phases      ] GC(1182)   Post Evacuate Collection Set: 1.05ms
[6910.073s][info][gc,phases      ] GC(1182)   Other: 0.07ms
[6910.073s][info][gc,heap        ] GC(1182) Eden regions: 571->0(571)
[6910.073s][info][gc,heap        ] GC(1182) Survivor regions: 43->43(77)
[6910.073s][info][gc,heap        ] GC(1182) Old regions: 273->280
[6910.073s][info][gc,heap        ] GC(1182) Humongous regions: 33->33
[6910.073s][info][gc,metaspace   ] GC(1182) Metaspace: 29994K(30144K)->29994K(30144K) NonClass: 29994K(30144K)->29994K(30144K) Class: 0K(0K)->0K(0K)
[6910.073s][info][gc             ] GC(1182) Pause Young (Normal) (G1 Evacuation Pause) 7342M->2826M(8192M) 149.417ms
[6910.073s][info][gc,cpu         ] GC(1182) User=1.19s Sys=0.00s Real=0.15s
...[6913.073s][info][gc,start       ] GC(1183) Pause Young (Normal) (G1 Evacuation Pause)
[6913.073s][info][gc,task        ] GC(1183) Using 8 workers of 8 for evacuation
[6913.228s][info][gc,phases      ] GC(1183)   Pre Evacuate Collection Set: 0.22ms
[6913.228s][info][gc,phases      ] GC(1183)   Merge Heap Roots: 0.52ms
[6913.228s][info][gc,phases      ] GC(1183)   Evacuate Collection Set: 153.52ms
[6913.228s][info][gc,phases      ] GC(1183)   Post Evacuate Collection Set: 1.06ms
[6913.228s][info][gc,phases      ] GC(1183)   Other: 0.06ms
[6913.228s][info][gc,heap        ] GC(1183) Eden regions: 571->0(564)
[6913.228s][info][gc,heap        ] GC(1183) Survivor regions: 43->44(77)
[6913.228s][info][gc,heap        ] GC(1183) Old regions: 280->287
[6913.228s][info][gc,heap        ] GC(1183) Humongous regions: 33->33
[6913.228s][info][gc,metaspace   ] GC(1183) Metaspace: 29994K(30144K)->29994K(30144K) NonClass: 29994K(30144K)->29994K(30144K) Class: 0K(0K)->0K(0K)
[6913.228s][info][gc             ] GC(1183) Pause Young (Normal) (G1 Evacuation Pause) 7394M->2894M(8192M) 155.526ms
[6913.228s][info][gc,cpu         ] GC(1183) User=1.23s Sys=0.00s Real=0.16s
...[6916.191s][info][gc,start       ] GC(1184) Pause Young (Normal) (G1 Evacuation Pause)
[6916.191s][info][gc,task        ] GC(1184) Using 8 workers of 8 for evacuation
[6916.340s][info][gc,phases      ] GC(1184)   Pre Evacuate Collection Set: 0.24ms
[6916.340s][info][gc,phases      ] GC(1184)   Merge Heap Roots: 0.53ms
[6916.340s][info][gc,phases      ] GC(1184)   Evacuate Collection Set: 147.42ms
[6916.340s][info][gc,phases      ] GC(1184)   Post Evacuate Collection Set: 1.02ms
[6916.340s][info][gc,phases      ] GC(1184)   Other: 0.08ms
[6916.340s][info][gc,heap        ] GC(1184) Eden regions: 564->0(559)
[6916.340s][info][gc,heap        ] GC(1184) Survivor regions: 44->43(76)
[6916.340s][info][gc,heap        ] GC(1184) Old regions: 287->294
[6916.340s][info][gc,heap        ] GC(1184) Humongous regions: 33->33
[6916.340s][info][gc,metaspace   ] GC(1184) Metaspace: 29994K(30144K)->29994K(30144K) NonClass: 29994K(30144K)->29994K(30144K) Class: 0K(0K)->0K(0K)
[6916.340s][info][gc             ] GC(1184) Pause Young (Normal) (G1 Evacuation Pause) 7406M->2943M(8192M) 149.411ms
[6916.341s][info][gc,cpu         ] GC(1184) User=1.18s Sys=0.00s Real=0.15s
...[6919.283s][info][gc,start       ] GC(1185) Pause Young (Normal) (G1 Evacuation Pause)
[6919.283s][info][gc,task        ] GC(1185) Using 8 workers of 8 for evacuation
[6919.434s][info][gc,phases      ] GC(1185)   Pre Evacuate Collection Set: 0.23ms
[6919.434s][info][gc,phases      ] GC(1185)   Merge Heap Roots: 0.62ms
[6919.434s][info][gc,phases      ] GC(1185)   Evacuate Collection Set: 148.76ms
[6919.434s][info][gc,phases      ] GC(1185)   Post Evacuate Collection Set: 1.02ms
[6919.434s][info][gc,phases      ] GC(1185)   Other: 0.06ms
[6919.434s][info][gc,heap        ] GC(1185) Eden regions: 559->0(552)
[6919.434s][info][gc,heap        ] GC(1185) Survivor regions: 43->43(76)
[6919.434s][info][gc,heap        ] GC(1185) Old regions: 294->301
[6919.434s][info][gc,heap        ] GC(1185) Humongous regions: 33->33
[6919.434s][info][gc,metaspace   ] GC(1185) Metaspace: 29994K(30144K)->29994K(30144K) NonClass: 29994K(30144K)->29994K(30144K) Class: 0K(0K)->0K(0K)
[6919.434s][info][gc             ] GC(1185) Pause Young (Normal) (G1 Evacuation Pause) 7415M->3003M(8192M) 150.815ms
[6919.434s][info][gc,cpu         ] GC(1185) User=1.19s Sys=0.00s Real=0.15s
...[6922.337s][info][gc,start       ] GC(1186) Pause Young (Normal) (G1 Evacuation Pause)
[6922.337s][info][gc,task        ] GC(1186) Using 8 workers of 8 for evacuation
[6922.494s][info][gc,phases      ] GC(1186)   Pre Evacuate Collection Set: 0.22ms
[6922.494s][info][gc,phases      ] GC(1186)   Merge Heap Roots: 0.56ms
[6922.494s][info][gc,phases      ] GC(1186)   Evacuate Collection Set: 155.58ms
[6922.494s][info][gc,phases      ] GC(1186)   Post Evacuate Collection Set: 1.02ms
[6922.494s][info][gc,phases      ] GC(1186)   Other: 0.06ms
[6922.494s][info][gc,heap        ] GC(1186) Eden regions: 552->0(542)
[6922.494s][info][gc,heap        ] GC(1186) Survivor regions: 43->44(75)
[6922.494s][info][gc,heap        ] GC(1186) Old regions: 301->309
[6922.494s][info][gc,heap        ] GC(1186) Humongous regions: 33->33
[6922.494s][info][gc,metaspace   ] GC(1186) Metaspace: 29994K(30144K)->29994K(30144K) NonClass: 29994K(30144K)->29994K(30144K) Class: 0K(0K)->0K(0K)
[6922.494s][info][gc             ] GC(1186) Pause Young (Normal) (G1 Evacuation Pause) 7419M->3072M(8192M) 157.580ms
[6922.494s][info][gc,cpu         ] GC(1186) User=1.25s Sys=0.01s Real=0.16s
...[6925.303s][info][gc,start       ] GC(1187) Pause Young (Concurrent Start) (G1 Evacuation Pause)
[6925.303s][info][gc,task        ] GC(1187) Using 8 workers of 8 for evacuation
[6925.458s][info][gc,phases      ] GC(1187)   Pre Evacuate Collection Set: 0.26ms
[6925.458s][info][gc,phases      ] GC(1187)   Merge Heap Roots: 0.55ms
[6925.458s][info][gc,phases      ] GC(1187)   Evacuate Collection Set: 152.91ms
[6925.458s][info][gc,phases      ] GC(1187)   Post Evacuate Collection Set: 1.01ms
[6925.458s][info][gc,phases      ] GC(1187)   Other: 0.10ms
[6925.458s][info][gc,heap        ] GC(1187) Eden regions: 542->0(534)
[6925.458s][info][gc,heap        ] GC(1187) Survivor regions: 44->44(74)
[6925.458s][info][gc,heap        ] GC(1187) Old regions: 309->317
[6925.458s][info][gc,heap        ] GC(1187) Humongous regions: 33->33
[6925.458s][info][gc,metaspace   ] GC(1187) Metaspace: 29994K(30144K)->29994K(30144K) NonClass: 29994K(30144K)->29994K(30144K) Class: 0K(0K)->0K(0K)
[6925.458s][info][gc             ] GC(1187) Pause Young (Concurrent Start) (G1 Evacuation Pause) 7408M->3134M(8192M) 154.958ms
[6925.458s][info][gc             ] GC(1188) Concurrent Mark Cycle
[6925.458s][info][gc,marking     ] GC(1188) Concurrent Scan Root Regions
[6925.458s][info][gc,cpu         ] GC(1187) User=1.22s Sys=0.00s Real=0.16s
[6925.780s][info][gc,marking     ] GC(1188) Concurrent Scan Root Regions 321.441ms
[6925.780s][info][gc,marking     ] GC(1188) Concurrent Mark
[6925.780s][info][gc,marking     ] GC(1188) Concurrent Mark From Roots
[6925.780s][info][gc,task        ] GC(1188) Using 2 workers of 2 for marking
.[6926.764s][info][gc,marking     ] GC(1188) Concurrent Mark From Roots 984.136ms
[6926.764s][info][gc,marking     ] GC(1188) Concurrent Preclean
[6926.764s][info][gc,marking     ] GC(1188) Concurrent Preclean 0.139ms
[6926.764s][info][gc,start       ] GC(1188) Pause Remark
[6926.767s][info][gc             ] GC(1188) Pause Remark 4591M->3999M(8192M) 2.712ms
[6926.767s][info][gc,cpu         ] GC(1188) User=0.02s Sys=0.00s Real=0.01s
[6926.767s][info][gc,marking     ] GC(1188) Concurrent Mark 987.308ms
[6926.767s][info][gc,marking     ] GC(1188) Concurrent Rebuild Remembered Sets and Scrub Regions
.[6927.623s][info][gc,marking     ] GC(1188) Concurrent Rebuild Remembered Sets and Scrub Regions 856.162ms
[6927.624s][info][gc,start       ] GC(1188) Pause Cleanup
[6927.624s][info][gc             ] GC(1188) Pause Cleanup 5178M->5178M(8192M) 0.250ms
[6927.624s][info][gc,cpu         ] GC(1188) User=0.00s Sys=0.00s Real=0.00s
[6927.624s][info][gc,marking     ] GC(1188) Concurrent Clear Claimed Marks
[6927.624s][info][gc,marking     ] GC(1188) Concurrent Clear Claimed Marks 0.040ms
[6927.624s][info][gc,marking     ] GC(1188) Concurrent Cleanup for Next Mark
[6927.635s][info][gc,marking     ] GC(1188) Concurrent Cleanup for Next Mark 10.947ms
[6927.635s][info][gc             ] GC(1188) Concurrent Mark Cycle 2176.524ms
.[6928.592s][info][gc,start       ] GC(1189) Pause Young (Prepare Mixed) (G1 Evacuation Pause)
[6928.592s][info][gc,task        ] GC(1189) Using 8 workers of 8 for evacuation
[6928.743s][info][gc,phases      ] GC(1189)   Pre Evacuate Collection Set: 0.22ms
[6928.743s][info][gc,phases      ] GC(1189)   Merge Heap Roots: 0.73ms
[6928.743s][info][gc,phases      ] GC(1189)   Evacuate Collection Set: 148.85ms
[6928.743s][info][gc,phases      ] GC(1189)   Post Evacuate Collection Set: 1.12ms
[6928.743s][info][gc,phases      ] GC(1189)   Other: 0.06ms
[6928.743s][info][gc,heap        ] GC(1189) Eden regions: 534->0(571)
[6928.743s][info][gc,heap        ] GC(1189) Survivor regions: 44->43(73)
[6928.743s][info][gc,heap        ] GC(1189) Old regions: 243->250
[6928.743s][info][gc,heap        ] GC(1189) Humongous regions: 33->33
[6928.743s][info][gc,metaspace   ] GC(1189) Metaspace: 29994K(30144K)->29994K(30144K) NonClass: 29994K(30144K)->29994K(30144K) Class: 0K(0K)->0K(0K)
[6928.743s][info][gc             ] GC(1189) Pause Young (Prepare Mixed) (G1 Evacuation Pause) 6814M->2591M(8192M) 151.122ms
[6928.743s][info][gc,cpu         ] GC(1189) User=1.20s Sys=0.00s Real=0.15s
...[6931.561s][info][gc,start       ] GC(1190) Pause Young (Mixed) (G1 Evacuation Pause)
[6931.561s][info][gc,task        ] GC(1190) Using 8 workers of 8 for evacuation
[6931.718s][info][gc,phases      ] GC(1190)   Pre Evacuate Collection Set: 0.25ms
[6931.718s][info][gc,phases      ] GC(1190)   Merge Heap Roots: 0.82ms
[6931.718s][info][gc,phases      ] GC(1190)   Evacuate Collection Set: 154.72ms
[6931.718s][info][gc,phases      ] GC(1190)   Post Evacuate Collection Set: 1.28ms
[6931.718s][info][gc,phases      ] GC(1190)   Other: 0.07ms
[6931.718s][info][gc,heap        ] GC(1190) Eden regions: 571->0(572)
[6931.718s][info][gc,heap        ] GC(1190) Survivor regions: 43->42(77)
[6931.718s][info][gc,heap        ] GC(1190) Old regions: 250->156
[6931.718s][info][gc,heap        ] GC(1190) Humongous regions: 33->33
[6931.718s][info][gc,metaspace   ] GC(1190) Metaspace: 29994K(30144K)->29994K(30144K) NonClass: 29994K(30144K)->29994K(30144K) Class: 0K(0K)->0K(0K)
[6931.718s][info][gc             ] GC(1190) Pause Young (Mixed) (G1 Evacuation Pause) 7159M->1830M(8192M) 157.273ms
[6931.718s][info][gc,cpu         ] GC(1190) User=1.24s Sys=0.00s Real=0.16s
...[6934.553s][info][gc,start       ] GC(1191) Pause Young (Mixed) (G1 Evacuation Pause)
[6934.553s][info][gc,task        ] GC(1191) Using 8 workers of 8 for evacuation
[6934.712s][info][gc,phases      ] GC(1191)   Pre Evacuate Collection Set: 0.24ms
[6934.712s][info][gc,phases      ] GC(1191)   Merge Heap Roots: 0.83ms
[6934.712s][info][gc,phases      ] GC(1191)   Evacuate Collection Set: 156.94ms
[6934.712s][info][gc,phases      ] GC(1191)   Post Evacuate Collection Set: 1.06ms
[6934.712s][info][gc,phases      ] GC(1191)   Other: 0.06ms
[6934.712s][info][gc,heap        ] GC(1191) Eden regions: 572->0(570)
[6934.712s][info][gc,heap        ] GC(1191) Survivor regions: 42->44(77)
[6934.712s][info][gc,heap        ] GC(1191) Old regions: 156->144
[6934.712s][info][gc,heap        ] GC(1191) Humongous regions: 33->33
[6934.712s][info][gc,metaspace   ] GC(1191) Metaspace: 29994K(30144K)->29994K(30144K) NonClass: 29994K(30144K)->29994K(30144K) Class: 0K(0K)->0K(0K)
[6934.712s][info][gc             ] GC(1191) Pause Young (Mixed) (G1 Evacuation Pause) 6406M->1752M(8192M) 159.275ms
[6934.713s][info][gc,cpu         ] GC(1191) User=1.26s Sys=0.00s Real=0.16s
... (rIR:aIR:PR = 12038:12196:12278) (tPR = 181735) [IR is over limit] [PR is over limit] 
  6936s: Performance info:
         Transaction,    Success,    Partial,     Failed,   Receipts, AvgBarcode, 
             Overall,     245716,          0,          0,     233991,      59.48, 
         Response times:
             Request,    Success,    Partial,     Failed,   SkipFail,     Probes,    Samples,      min,      p50,      p90,      p95,      p99,      max, 
       TotalPurchase,     232275,          0,          0,          0,     113987,     178010,      300,    24000,   124000,   164000,   236000,  2600000,
     InStorePurchase,     122202,          0,          0,          0,      60182,      93938,      300,    24000,   126000,   165000,   248000,  2600000,
      OnlinePurchase,      85892,          0,          0,          0,      41810,      65243,      400,    24000,   123000,   163000,   226000,  2600000,
        InstPurchase,      24181,          0,          0,          0,      11995,      18829,      500,    23000,   122000,   161000,   245000,  2500000,
          AssocOfCat,        243,          0,          0,          0,        207,        349,    29000,    81000,   198000,   236000,   447500,   610000,
      AssocOfProduct,       2366,          0,          0,          0,       1111,       1760,      800,    23000,   115900,   161950,   247000,   910000,
      BusinessReport,        604,          0,          0,          0,        528,        872,    33000,    86000,   181700,   228350,   317160,   830000,
          CustBuyBeh,       2398,          0,          0,          0,       1069,       1717,      300,    22000,   113000,   151500,   294000,  1400000,
       ProductReturn,       6185,          0,          0,          0,       3314,       5263,      200,    25000,   123600,   174000,   240880,  2600000,

  6936s: 
  6936s: Failed, 8 overall retries left, retrying 1 of 1
  6936s: (87%)   IR =  12038 [6937.718s][info][gc,start       ] GC(1192) Pause Young (Normal) (G1 Evacuation Pause)
[6937.718s][info][gc,task        ] GC(1192) Using 8 workers of 8 for evacuation
[6937.871s][info][gc,phases      ] GC(1192)   Pre Evacuate Collection Set: 0.26ms
[6937.871s][info][gc,phases      ] GC(1192)   Merge Heap Roots: 0.55ms
[6937.871s][info][gc,phases      ] GC(1192)   Evacuate Collection Set: 150.40ms
[6937.871s][info][gc,phases      ] GC(1192)   Post Evacuate Collection Set: 1.04ms
[6937.871s][info][gc,phases      ] GC(1192)   Other: 0.06ms
[6937.871s][info][gc,heap        ] GC(1192) Eden regions: 570->0(570)
[6937.871s][info][gc,heap        ] GC(1192) Survivor regions: 44->44(77)
[6937.871s][info][gc,heap        ] GC(1192) Old regions: 144->151
[6937.871s][info][gc,heap        ] GC(1192) Humongous regions: 33->33
[6937.871s][info][gc,metaspace   ] GC(1192) Metaspace: 29994K(30144K)->29994K(30144K) NonClass: 29994K(30144K)->29994K(30144K) Class: 0K(0K)->0K(0K)
[6937.871s][info][gc             ] GC(1192) Pause Young (Normal) (G1 Evacuation Pause) 6312M->1809M(8192M) 152.447ms
[6937.871s][info][gc,cpu         ] GC(1192) User=1.21s Sys=0.00s Real=0.15s
...[6940.880s][info][gc,start       ] GC(1193) Pause Young (Normal) (G1 Evacuation Pause)
[6940.880s][info][gc,task        ] GC(1193) Using 8 workers of 8 for evacuation
[6941.032s][info][gc,phases      ] GC(1193)   Pre Evacuate Collection Set: 0.24ms
[6941.032s][info][gc,phases      ] GC(1193)   Merge Heap Roots: 0.62ms
[6941.032s][info][gc,phases      ] GC(1193)   Evacuate Collection Set: 149.57ms
[6941.032s][info][gc,phases      ] GC(1193)   Post Evacuate Collection Set: 1.03ms
[6941.032s][info][gc,phases      ] GC(1193)   Other: 0.06ms
[6941.032s][info][gc,heap        ] GC(1193) Eden regions: 570->0(571)
[6941.032s][info][gc,heap        ] GC(1193) Survivor regions: 44->43(77)
[6941.032s][info][gc,heap        ] GC(1193) Old regions: 151->158
[6941.032s][info][gc,heap        ] GC(1193) Humongous regions: 33->33
[6941.032s][info][gc,metaspace   ] GC(1193) Metaspace: 29994K(30144K)->29994K(30144K) NonClass: 29994K(30144K)->29994K(30144K) Class: 0K(0K)->0K(0K)
[6941.032s][info][gc             ] GC(1193) Pause Young (Normal) (G1 Evacuation Pause) 6369M->1858M(8192M) 151.661ms
[6941.032s][info][gc,cpu         ] GC(1193) User=1.20s Sys=0.00s Real=0.15s
....[6944.066s][info][gc,start       ] GC(1194) Pause Young (Normal) (G1 Evacuation Pause)
[6944.066s][info][gc,task        ] GC(1194) Using 8 workers of 8 for evacuation
[6944.217s][info][gc,phases      ] GC(1194)   Pre Evacuate Collection Set: 0.24ms
[6944.217s][info][gc,phases      ] GC(1194)   Merge Heap Roots: 0.51ms
[6944.217s][info][gc,phases      ] GC(1194)   Evacuate Collection Set: 149.08ms
[6944.217s][info][gc,phases      ] GC(1194)   Post Evacuate Collection Set: 1.02ms
[6944.217s][info][gc,phases      ] GC(1194)   Other: 0.06ms
[6944.217s][info][gc,heap        ] GC(1194) Eden regions: 571->0(570)
[6944.217s][info][gc,heap        ] GC(1194) Survivor regions: 43->44(77)
[6944.217s][info][gc,heap        ] GC(1194) Old regions: 158->165
[6944.217s][info][gc,heap        ] GC(1194) Humongous regions: 33->33
[6944.217s][info][gc,metaspace   ] GC(1194) Metaspace: 29994K(30144K)->29994K(30144K) NonClass: 29994K(30144K)->29994K(30144K) Class: 0K(0K)->0K(0K)
[6944.217s][info][gc             ] GC(1194) Pause Young (Normal) (G1 Evacuation Pause) 6426M->1921M(8192M) 151.042ms
[6944.217s][info][gc,cpu         ] GC(1194) User=1.20s Sys=0.00s Real=0.15s
...[6947.180s][info][gc,start       ] GC(1195) Pause Young (Normal) (G1 Evacuation Pause)
[6947.180s][info][gc,task        ] GC(1195) Using 8 workers of 8 for evacuation
[6947.330s][info][gc,phases      ] GC(1195)   Pre Evacuate Collection Set: 0.26ms
[6947.330s][info][gc,phases      ] GC(1195)   Merge Heap Roots: 0.51ms
[6947.330s][info][gc,phases      ] GC(1195)   Evacuate Collection Set: 148.17ms
[6947.330s][info][gc,phases      ] GC(1195)   Post Evacuate Collection Set: 1.05ms
[6947.330s][info][gc,phases      ] GC(1195)   Other: 0.09ms
[6947.330s][info][gc,heap        ] GC(1195) Eden regions: 570->0(571)
[6947.330s][info][gc,heap        ] GC(1195) Survivor regions: 44->43(77)
[6947.330s][info][gc,heap        ] GC(1195) Old regions: 165->173
[6947.330s][info][gc,heap        ] GC(1195) Humongous regions: 33->33
[6947.330s][info][gc,metaspace   ] GC(1195) Metaspace: 29994K(30144K)->29994K(30144K) NonClass: 29994K(30144K)->29994K(30144K) Class: 0K(0K)->0K(0K)
[6947.330s][info][gc             ] GC(1195) Pause Young (Normal) (G1 Evacuation Pause) 6481M->1973M(8192M) 150.214ms
[6947.330s][info][gc,cpu         ] GC(1195) User=1.19s Sys=0.00s Real=0.15s
...[6950.343s][info][gc,start       ] GC(1196) Pause Young (Normal) (G1 Evacuation Pause)
[6950.343s][info][gc,task        ] GC(1196) Using 8 workers of 8 for evacuation
[6950.492s][info][gc,phases      ] GC(1196)   Pre Evacuate Collection Set: 0.24ms
[6950.492s][info][gc,phases      ] GC(1196)   Merge Heap Roots: 0.53ms
[6950.492s][info][gc,phases      ] GC(1196)   Evacuate Collection Set: 146.35ms
[6950.492s][info][gc,phases      ] GC(1196)   Post Evacuate Collection Set: 1.03ms
[6950.492s][info][gc,phases      ] GC(1196)   Other: 0.06ms
[6950.492s][info][gc,heap        ] GC(1196) Eden regions: 571->0(571)
[6950.492s][info][gc,heap        ] GC(1196) Survivor regions: 43->43(77)
[6950.492s][info][gc,heap        ] GC(1196) Old regions: 173->180
[6950.492s][info][gc,heap        ] GC(1196) Humongous regions: 33->33
[6950.492s][info][gc,metaspace   ] GC(1196) Metaspace: 29994K(30144K)->29994K(30144K) NonClass: 29994K(30144K)->29994K(30144K) Class: 0K(0K)->0K(0K)
[6950.492s][info][gc             ] GC(1196) Pause Young (Normal) (G1 Evacuation Pause) 6541M->2027M(8192M) 148.340ms
[6950.492s][info][gc,cpu         ] GC(1196) User=1.18s Sys=0.00s Real=0.15s
...[6953.538s][info][gc,start       ] GC(1197) Pause Young (Normal) (G1 Evacuation Pause)
[6953.538s][info][gc,task        ] GC(1197) Using 8 workers of 8 for evacuation
[6953.694s][info][gc,phases      ] GC(1197)   Pre Evacuate Collection Set: 0.25ms
[6953.694s][info][gc,phases      ] GC(1197)   Merge Heap Roots: 0.68ms
[6953.694s][info][gc,phases      ] GC(1197)   Evacuate Collection Set: 153.49ms
[6953.694s][info][gc,phases      ] GC(1197)   Post Evacuate Collection Set: 1.05ms
[6953.694s][info][gc,phases      ] GC(1197)   Other: 0.06ms
[6953.694s][info][gc,heap        ] GC(1197) Eden regions: 571->0(569)
[6953.694s][info][gc,heap        ] GC(1197) Survivor regions: 43->45(77)
[6953.694s][info][gc,heap        ] GC(1197) Old regions: 180->187
[6953.694s][info][gc,heap        ] GC(1197) Humongous regions: 33->33
[6953.694s][info][gc,metaspace   ] GC(1197) Metaspace: 29994K(30144K)->29994K(30144K) NonClass: 29994K(30144K)->29994K(30144K) Class: 0K(0K)->0K(0K)
[6953.694s][info][gc             ] GC(1197) Pause Young (Normal) (G1 Evacuation Pause) 6595M->2102M(8192M) 155.670ms
[6953.694s][info][gc,cpu         ] GC(1197) User=1.23s Sys=0.00s Real=0.15s
...[6956.842s][info][gc,start       ] GC(1198) Pause Young (Normal) (G1 Evacuation Pause)
[6956.842s][info][gc,task        ] GC(1198) Using 8 workers of 8 for evacuation
[6956.988s][info][gc,phases      ] GC(1198)   Pre Evacuate Collection Set: 0.24ms
[6956.988s][info][gc,phases      ] GC(1198)   Merge Heap Roots: 0.55ms
[6956.988s][info][gc,phases      ] GC(1198)   Evacuate Collection Set: 144.77ms
[6956.988s][info][gc,phases      ] GC(1198)   Post Evacuate Collection Set: 1.03ms
[6956.988s][info][gc,phases      ] GC(1198)   Other: 0.06ms
[6956.988s][info][gc,heap        ] GC(1198) Eden regions: 569->0(572)
[6956.988s][info][gc,heap        ] GC(1198) Survivor regions: 45->42(77)
[6956.988s][info][gc,heap        ] GC(1198) Old regions: 187->194
[6956.988s][info][gc,heap        ] GC(1198) Humongous regions: 33->33
[6956.988s][info][gc,metaspace   ] GC(1198) Metaspace: 29994K(30144K)->29994K(30144K) NonClass: 29994K(30144K)->29994K(30144K) Class: 0K(0K)->0K(0K)
[6956.988s][info][gc             ] GC(1198) Pause Young (Normal) (G1 Evacuation Pause) 6654M->2138M(8192M) 146.813ms
[6956.989s][info][gc,cpu         ] GC(1198) User=1.17s Sys=0.00s Real=0.15s
....[6960.174s][info][gc,start       ] GC(1199) Pause Young (Normal) (G1 Evacuation Pause)
[6960.174s][info][gc,task        ] GC(1199) Using 8 workers of 8 for evacuation
[6960.327s][info][gc,phases      ] GC(1199)   Pre Evacuate Collection Set: 0.23ms
[6960.327s][info][gc,phases      ] GC(1199)   Merge Heap Roots: 0.57ms
[6960.327s][info][gc,phases      ] GC(1199)   Evacuate Collection Set: 151.58ms
[6960.327s][info][gc,phases      ] GC(1199)   Post Evacuate Collection Set: 1.04ms
[6960.327s][info][gc,phases      ] GC(1199)   Other: 0.06ms
[6960.327s][info][gc,heap        ] GC(1199) Eden regions: 572->0(570)
[6960.327s][info][gc,heap        ] GC(1199) Survivor regions: 42->44(77)
[6960.327s][info][gc,heap        ] GC(1199) Old regions: 194->202
[6960.327s][info][gc,heap        ] GC(1199) Humongous regions: 33->33
[6960.327s][info][gc,metaspace   ] GC(1199) Metaspace: 29994K(30144K)->29994K(30144K) NonClass: 29994K(30144K)->29994K(30144K) Class: 0K(0K)->0K(0K)
[6960.327s][info][gc             ] GC(1199) Pause Young (Normal) (G1 Evacuation Pause) 6714M->2213M(8192M) 153.618ms
[6960.327s][info][gc,cpu         ] GC(1199) User=1.21s Sys=0.01s Real=0.16s
...[6963.364s][info][gc,start       ] GC(1200) Pause Young (Normal) (G1 Evacuation Pause)
[6963.364s][info][gc,task        ] GC(1200) Using 8 workers of 8 for evacuation
[6963.513s][info][gc,phases      ] GC(1200)   Pre Evacuate Collection Set: 0.27ms
[6963.513s][info][gc,phases      ] GC(1200)   Merge Heap Roots: 0.51ms
[6963.513s][info][gc,phases      ] GC(1200)   Evacuate Collection Set: 146.91ms
[6963.513s][info][gc,phases      ] GC(1200)   Post Evacuate Collection Set: 1.05ms
[6963.513s][info][gc,phases      ] GC(1200)   Other: 0.06ms
[6963.513s][info][gc,heap        ] GC(1200) Eden regions: 570->0(571)
[6963.513s][info][gc,heap        ] GC(1200) Survivor regions: 44->43(77)
[6963.513s][info][gc,heap        ] GC(1200) Old regions: 202->209
[6963.513s][info][gc,heap        ] GC(1200) Humongous regions: 33->33
[6963.513s][info][gc,metaspace   ] GC(1200) Metaspace: 29994K(30144K)->29994K(30144K) NonClass: 29994K(30144K)->29994K(30144K) Class: 0K(0K)->0K(0K)
[6963.513s][info][gc             ] GC(1200) Pause Young (Normal) (G1 Evacuation Pause) 6773M->2265M(8192M) 148.946ms
[6963.513s][info][gc,cpu         ] GC(1200) User=1.18s Sys=0.00s Real=0.15s
...[6966.448s][info][gc,start       ] GC(1201) Pause Young (Normal) (G1 Evacuation Pause)
[6966.448s][info][gc,task        ] GC(1201) Using 8 workers of 8 for evacuation
[6966.600s][info][gc,phases      ] GC(1201)   Pre Evacuate Collection Set: 0.23ms
[6966.600s][info][gc,phases      ] GC(1201)   Merge Heap Roots: 0.55ms
[6966.600s][info][gc,phases      ] GC(1201)   Evacuate Collection Set: 150.50ms
[6966.600s][info][gc,phases      ] GC(1201)   Post Evacuate Collection Set: 1.04ms
[6966.600s][info][gc,phases      ] GC(1201)   Other: 0.07ms
[6966.600s][info][gc,heap        ] GC(1201) Eden regions: 571->0(570)
[6966.600s][info][gc,heap        ] GC(1201) Survivor regions: 43->44(77)
[6966.600s][info][gc,heap        ] GC(1201) Old regions: 209->216
[6966.600s][info][gc,heap        ] GC(1201) Humongous regions: 33->33
[6966.600s][info][gc,metaspace   ] GC(1201) Metaspace: 29994K(30144K)->29994K(30144K) NonClass: 29994K(30144K)->29994K(30144K) Class: 0K(0K)->0K(0K)
[6966.600s][info][gc             ] GC(1201) Pause Young (Normal) (G1 Evacuation Pause) 6833M->2329M(8192M) 152.521ms
[6966.600s][info][gc,cpu         ] GC(1201) User=1.20s Sys=0.00s Real=0.15s
...[6969.689s][info][gc,start       ] GC(1202) Pause Young (Normal) (G1 Evacuation Pause)
[6969.689s][info][gc,task        ] GC(1202) Using 8 workers of 8 for evacuation
[6969.835s][info][gc,phases      ] GC(1202)   Pre Evacuate Collection Set: 0.26ms
[6969.835s][info][gc,phases      ] GC(1202)   Merge Heap Roots: 0.52ms
[6969.835s][info][gc,phases      ] GC(1202)   Evacuate Collection Set: 144.22ms
[6969.835s][info][gc,phases      ] GC(1202)   Post Evacuate Collection Set: 1.03ms
[6969.835s][info][gc,phases      ] GC(1202)   Other: 0.06ms
[6969.835s][info][gc,heap        ] GC(1202) Eden regions: 570->0(571)
[6969.835s][info][gc,heap        ] GC(1202) Survivor regions: 44->43(77)
[6969.835s][info][gc,heap        ] GC(1202) Old regions: 216->223
[6969.835s][info][gc,heap        ] GC(1202) Humongous regions: 33->33
[6969.835s][info][gc,metaspace   ] GC(1202) Metaspace: 29994K(30144K)->29994K(30144K) NonClass: 29994K(30144K)->29994K(30144K) Class: 0K(0K)->0K(0K)
[6969.835s][info][gc             ] GC(1202) Pause Young (Normal) (G1 Evacuation Pause) 6889M->2377M(8192M) 146.211ms
[6969.835s][info][gc,cpu         ] GC(1202) User=1.16s Sys=0.00s Real=0.14s
...[6972.816s][info][gc,start       ] GC(1203) Pause Young (Normal) (G1 Evacuation Pause)
[6972.816s][info][gc,task        ] GC(1203) Using 8 workers of 8 for evacuation
[6972.969s][info][gc,phases      ] GC(1203)   Pre Evacuate Collection Set: 0.24ms
[6972.969s][info][gc,phases      ] GC(1203)   Merge Heap Roots: 0.53ms
[6972.969s][info][gc,phases      ] GC(1203)   Evacuate Collection Set: 150.89ms
[6972.969s][info][gc,phases      ] GC(1203)   Post Evacuate Collection Set: 1.06ms
[6972.969s][info][gc,phases      ] GC(1203)   Other: 0.06ms
[6972.969s][info][gc,heap        ] GC(1203) Eden regions: 571->0(571)
[6972.969s][info][gc,heap        ] GC(1203) Survivor regions: 43->43(77)
[6972.969s][info][gc,heap        ] GC(1203) Old regions: 223->231
[6972.969s][info][gc,heap        ] GC(1203) Humongous regions: 33->33
[6972.969s][info][gc,metaspace   ] GC(1203) Metaspace: 29994K(30144K)->29994K(30144K) NonClass: 29994K(30144K)->29994K(30144K) Class: 0K(0K)->0K(0K)
[6972.969s][info][gc             ] GC(1203) Pause Young (Normal) (G1 Evacuation Pause) 6945M->2433M(8192M) 152.938ms
[6972.969s][info][gc,cpu         ] GC(1203) User=1.21s Sys=0.00s Real=0.16s
...[6975.974s][info][gc,start       ] GC(1204) Pause Young (Normal) (G1 Evacuation Pause)
[6975.974s][info][gc,task        ] GC(1204) Using 8 workers of 8 for evacuation
[6976.127s][info][gc,phases      ] GC(1204)   Pre Evacuate Collection Set: 0.24ms
[6976.127s][info][gc,phases      ] GC(1204)   Merge Heap Roots: 0.53ms
[6976.127s][info][gc,phases      ] GC(1204)   Evacuate Collection Set: 150.64ms
[6976.127s][info][gc,phases      ] GC(1204)   Post Evacuate Collection Set: 1.05ms
[6976.127s][info][gc,phases      ] GC(1204)   Other: 0.06ms
[6976.127s][info][gc,heap        ] GC(1204) Eden regions: 571->0(570)
[6976.127s][info][gc,heap        ] GC(1204) Survivor regions: 43->44(77)
[6976.127s][info][gc,heap        ] GC(1204) Old regions: 231->237
[6976.127s][info][gc,heap        ] GC(1204) Humongous regions: 33->33
[6976.127s][info][gc,metaspace   ] GC(1204) Metaspace: 29994K(30144K)->29994K(30144K) NonClass: 29994K(30144K)->29994K(30144K) Class: 0K(0K)->0K(0K)
[6976.127s][info][gc             ] GC(1204) Pause Young (Normal) (G1 Evacuation Pause) 7001M->2494M(8192M) 152.637ms
[6976.127s][info][gc,cpu         ] GC(1204) User=1.21s Sys=0.00s Real=0.15s
.|...[6979.202s][info][gc,start       ] GC(1205) Pause Young (Normal) (G1 Evacuation Pause)
[6979.202s][info][gc,task        ] GC(1205) Using 8 workers of 8 for evacuation
[6979.353s][info][gc,phases      ] GC(1205)   Pre Evacuate Collection Set: 0.26ms
[6979.353s][info][gc,phases      ] GC(1205)   Merge Heap Roots: 0.53ms
[6979.353s][info][gc,phases      ] GC(1205)   Evacuate Collection Set: 148.86ms
[6979.353s][info][gc,phases      ] GC(1205)   Post Evacuate Collection Set: 1.06ms
[6979.353s][info][gc,phases      ] GC(1205)   Other: 0.06ms
[6979.353s][info][gc,heap        ] GC(1205) Eden regions: 570->0(570)
[6979.353s][info][gc,heap        ] GC(1205) Survivor regions: 44->44(77)
[6979.353s][info][gc,heap        ] GC(1205) Old regions: 237->244
[6979.353s][info][gc,heap        ] GC(1205) Humongous regions: 33->33
[6979.353s][info][gc,metaspace   ] GC(1205) Metaspace: 29994K(30144K)->29994K(30144K) NonClass: 29994K(30144K)->29994K(30144K) Class: 0K(0K)->0K(0K)
[6979.353s][info][gc             ] GC(1205) Pause Young (Normal) (G1 Evacuation Pause) 7054M->2550M(8192M) 150.899ms
[6979.353s][info][gc,cpu         ] GC(1205) User=1.19s Sys=0.00s Real=0.15s
...[6982.299s][info][gc,start       ] GC(1206) Pause Young (Normal) (G1 Evacuation Pause)
[6982.299s][info][gc,task        ] GC(1206) Using 8 workers of 8 for evacuation
[6982.447s][info][gc,phases      ] GC(1206)   Pre Evacuate Collection Set: 0.27ms
[6982.447s][info][gc,phases      ] GC(1206)   Merge Heap Roots: 0.51ms
[6982.447s][info][gc,phases      ] GC(1206)   Evacuate Collection Set: 146.39ms
[6982.447s][info][gc,phases      ] GC(1206)   Post Evacuate Collection Set: 1.06ms
[6982.447s][info][gc,phases      ] GC(1206)   Other: 0.06ms
[6982.447s][info][gc,heap        ] GC(1206) Eden regions: 570->0(571)
[6982.448s][info][gc,heap        ] GC(1206) Survivor regions: 44->43(77)
[6982.448s][info][gc,heap        ] GC(1206) Old regions: 244->252
[6982.448s][info][gc,heap        ] GC(1206) Humongous regions: 33->33
[6982.448s][info][gc,metaspace   ] GC(1206) Metaspace: 29994K(30144K)->29994K(30144K) NonClass: 29994K(30144K)->29994K(30144K) Class: 0K(0K)->0K(0K)
[6982.448s][info][gc             ] GC(1206) Pause Young (Normal) (G1 Evacuation Pause) 7110M->2605M(8192M) 148.430ms
[6982.448s][info][gc,cpu         ] GC(1206) User=1.17s Sys=0.00s Real=0.15s
...[6985.457s][info][gc,start       ] GC(1207) Pause Young (Normal) (G1 Evacuation Pause)
[6985.457s][info][gc,task        ] GC(1207) Using 8 workers of 8 for evacuation
[6985.613s][info][gc,phases      ] GC(1207)   Pre Evacuate Collection Set: 0.25ms
[6985.613s][info][gc,phases      ] GC(1207)   Merge Heap Roots: 0.59ms
[6985.613s][info][gc,phases      ] GC(1207)   Evacuate Collection Set: 153.36ms
[6985.613s][info][gc,phases      ] GC(1207)   Post Evacuate Collection Set: 1.04ms
[6985.613s][info][gc,phases      ] GC(1207)   Other: 0.06ms
[6985.613s][info][gc,heap        ] GC(1207) Eden regions: 571->0(569)
[6985.613s][info][gc,heap        ] GC(1207) Survivor regions: 43->45(77)
[6985.613s][info][gc,heap        ] GC(1207) Old regions: 252->259
[6985.613s][info][gc,heap        ] GC(1207) Humongous regions: 33->33
[6985.613s][info][gc,metaspace   ] GC(1207) Metaspace: 29994K(30144K)->29994K(30144K) NonClass: 29994K(30144K)->29994K(30144K) Class: 0K(0K)->0K(0K)
[6985.613s][info][gc             ] GC(1207) Pause Young (Normal) (G1 Evacuation Pause) 7173M->2678M(8192M) 155.443ms
[6985.613s][info][gc,cpu         ] GC(1207) User=1.23s Sys=0.00s Real=0.15s
...[6988.712s][info][gc,start       ] GC(1208) Pause Young (Normal) (G1 Evacuation Pause)
[6988.712s][info][gc,task        ] GC(1208) Using 8 workers of 8 for evacuation
[6988.861s][info][gc,phases      ] GC(1208)   Pre Evacuate Collection Set: 0.23ms
[6988.861s][info][gc,phases      ] GC(1208)   Merge Heap Roots: 0.54ms
[6988.861s][info][gc,phases      ] GC(1208)   Evacuate Collection Set: 147.14ms
[6988.861s][info][gc,phases      ] GC(1208)   Post Evacuate Collection Set: 1.05ms
[6988.861s][info][gc,phases      ] GC(1208)   Other: 0.06ms
[6988.861s][info][gc,heap        ] GC(1208) Eden regions: 569->0(571)
[6988.861s][info][gc,heap        ] GC(1208) Survivor regions: 45->43(77)
[6988.861s][info][gc,heap        ] GC(1208) Old regions: 259->266
[6988.861s][info][gc,heap        ] GC(1208) Humongous regions: 33->33
[6988.861s][info][gc,metaspace   ] GC(1208) Metaspace: 29994K(30144K)->29994K(30144K) NonClass: 29994K(30144K)->29994K(30144K) Class: 0K(0K)->0K(0K)
[6988.861s][info][gc             ] GC(1208) Pause Young (Normal) (G1 Evacuation Pause) 7230M->2719M(8192M) 149.143ms
[6988.862s][info][gc,cpu         ] GC(1208) User=1.18s Sys=0.00s Real=0.15s
...[6991.890s][info][gc,start       ] GC(1209) Pause Young (Normal) (G1 Evacuation Pause)
[6991.890s][info][gc,task        ] GC(1209) Using 8 workers of 8 for evacuation
[6992.040s][info][gc,phases      ] GC(1209)   Pre Evacuate Collection Set: 0.24ms
[6992.040s][info][gc,phases      ] GC(1209)   Merge Heap Roots: 0.52ms
[6992.040s][info][gc,phases      ] GC(1209)   Evacuate Collection Set: 147.90ms
[6992.040s][info][gc,phases      ] GC(1209)   Post Evacuate Collection Set: 1.07ms
[6992.040s][info][gc,phases      ] GC(1209)   Other: 0.06ms
[6992.040s][info][gc,heap        ] GC(1209) Eden regions: 571->0(571)
[6992.040s][info][gc,heap        ] GC(1209) Survivor regions: 43->43(77)
[6992.040s][info][gc,heap        ] GC(1209) Old regions: 266->274
[6992.040s][info][gc,heap        ] GC(1209) Humongous regions: 33->33
[6992.040s][info][gc,metaspace   ] GC(1209) Metaspace: 29994K(30144K)->29994K(30144K) NonClass: 29994K(30144K)->29994K(30144K) Class: 0K(0K)->0K(0K)
[6992.040s][info][gc             ] GC(1209) Pause Young (Normal) (G1 Evacuation Pause) 7287M->2786M(8192M) 149.918ms
[6992.040s][info][gc,cpu         ] GC(1209) User=1.19s Sys=0.00s Real=0.15s
...[6995.081s][info][gc,start       ] GC(1210) Pause Young (Normal) (G1 Evacuation Pause)
[6995.082s][info][gc,task        ] GC(1210) Using 8 workers of 8 for evacuation
[6995.233s][info][gc,phases      ] GC(1210)   Pre Evacuate Collection Set: 0.26ms
[6995.233s][info][gc,phases      ] GC(1210)   Merge Heap Roots: 0.54ms
[6995.233s][info][gc,phases      ] GC(1210)   Evacuate Collection Set: 149.82ms
[6995.233s][info][gc,phases      ] GC(1210)   Post Evacuate Collection Set: 1.06ms
[6995.233s][info][gc,phases      ] GC(1210)   Other: 0.06ms
[6995.233s][info][gc,heap        ] GC(1210) Eden regions: 571->0(570)
[6995.233s][info][gc,heap        ] GC(1210) Survivor regions: 43->44(77)
[6995.233s][info][gc,heap        ] GC(1210) Old regions: 274->281
[6995.233s][info][gc,heap        ] GC(1210) Humongous regions: 33->33
[6995.233s][info][gc,metaspace   ] GC(1210) Metaspace: 29994K(30144K)->29994K(30144K) NonClass: 29994K(30144K)->29994K(30144K) Class: 0K(0K)->0K(0K)
[6995.233s][info][gc             ] GC(1210) Pause Young (Normal) (G1 Evacuation Pause) 7354M->2846M(8192M) 151.867ms
[6995.233s][info][gc,cpu         ] GC(1210) User=1.20s Sys=0.01s Real=0.15s
...[6998.180s][info][gc,start       ] GC(1211) Pause Young (Normal) (G1 Evacuation Pause)
[6998.180s][info][gc,task        ] GC(1211) Using 8 workers of 8 for evacuation
[6998.329s][info][gc,phases      ] GC(1211)   Pre Evacuate Collection Set: 0.26ms
[6998.329s][info][gc,phases      ] GC(1211)   Merge Heap Roots: 0.61ms
[6998.329s][info][gc,phases      ] GC(1211)   Evacuate Collection Set: 146.95ms
[6998.329s][info][gc,phases      ] GC(1211)   Post Evacuate Collection Set: 1.04ms
[6998.329s][info][gc,phases      ] GC(1211)   Other: 0.06ms
[6998.329s][info][gc,heap        ] GC(1211) Eden regions: 570->0(565)
[6998.329s][info][gc,heap        ] GC(1211) Survivor regions: 44->43(77)
[6998.329s][info][gc,heap        ] GC(1211) Old regions: 281->288
[6998.329s][info][gc,heap        ] GC(1211) Humongous regions: 33->33
[6998.329s][info][gc,metaspace   ] GC(1211) Metaspace: 29994K(30144K)->29994K(30144K) NonClass: 29994K(30144K)->29994K(30144K) Class: 0K(0K)->0K(0K)
[6998.329s][info][gc             ] GC(1211) Pause Young (Normal) (G1 Evacuation Pause) 7406M->2898M(8192M) 149.073ms
[6998.329s][info][gc,cpu         ] GC(1211) User=1.17s Sys=0.00s Real=0.15s
....[7001.347s][info][gc,start       ] GC(1212) Pause Young (Normal) (G1 Evacuation Pause)
[7001.347s][info][gc,task        ] GC(1212) Using 8 workers of 8 for evacuation
[7001.502s][info][gc,phases      ] GC(1212)   Pre Evacuate Collection Set: 0.25ms
[7001.502s][info][gc,phases      ] GC(1212)   Merge Heap Roots: 0.59ms
[7001.502s][info][gc,phases      ] GC(1212)   Evacuate Collection Set: 153.26ms
[7001.502s][info][gc,phases      ] GC(1212)   Post Evacuate Collection Set: 1.06ms
[7001.502s][info][gc,phases      ] GC(1212)   Other: 0.06ms
[7001.502s][info][gc,heap        ] GC(1212) Eden regions: 565->0(555)
[7001.502s][info][gc,heap        ] GC(1212) Survivor regions: 43->44(76)
[7001.502s][info][gc,heap        ] GC(1212) Old regions: 288->296
[7001.502s][info][gc,heap        ] GC(1212) Humongous regions: 33->33
[7001.502s][info][gc,metaspace   ] GC(1212) Metaspace: 29994K(30144K)->29994K(30144K) NonClass: 29994K(30144K)->29994K(30144K) Class: 0K(0K)->0K(0K)
[7001.502s][info][gc             ] GC(1212) Pause Young (Normal) (G1 Evacuation Pause) 7418M->2966M(8192M) 155.360ms
[7001.502s][info][gc,cpu         ] GC(1212) User=1.23s Sys=0.00s Real=0.16s
...[7004.424s][info][gc,start       ] GC(1213) Pause Young (Normal) (G1 Evacuation Pause)
[7004.424s][info][gc,task        ] GC(1213) Using 8 workers of 8 for evacuation
[7004.579s][info][gc,phases      ] GC(1213)   Pre Evacuate Collection Set: 0.22ms
[7004.579s][info][gc,phases      ] GC(1213)   Merge Heap Roots: 0.51ms
[7004.579s][info][gc,phases      ] GC(1213)   Evacuate Collection Set: 153.11ms
[7004.579s][info][gc,phases      ] GC(1213)   Post Evacuate Collection Set: 1.03ms
[7004.579s][info][gc,phases      ] GC(1213)   Other: 0.06ms
[7004.579s][info][gc,heap        ] GC(1213) Eden regions: 555->0(548)
[7004.579s][info][gc,heap        ] GC(1213) Survivor regions: 44->44(75)
[7004.579s][info][gc,heap        ] GC(1213) Old regions: 296->303
[7004.579s][info][gc,heap        ] GC(1213) Humongous regions: 33->33
[7004.579s][info][gc,metaspace   ] GC(1213) Metaspace: 29994K(30144K)->29994K(30144K) NonClass: 29994K(30144K)->29994K(30144K) Class: 0K(0K)->0K(0K)
[7004.579s][info][gc             ] GC(1213) Pause Young (Normal) (G1 Evacuation Pause) 7406M->3021M(8192M) 155.071ms
[7004.579s][info][gc,cpu         ] GC(1213) User=1.23s Sys=0.00s Real=0.16s
...[7007.530s][info][gc,start       ] GC(1214) Pause Young (Concurrent Start) (G1 Evacuation Pause)
[7007.530s][info][gc,task        ] GC(1214) Using 8 workers of 8 for evacuation
[7007.682s][info][gc,phases      ] GC(1214)   Pre Evacuate Collection Set: 0.29ms
[7007.682s][info][gc,phases      ] GC(1214)   Merge Heap Roots: 0.52ms
[7007.682s][info][gc,phases      ] GC(1214)   Evacuate Collection Set: 149.89ms
[7007.682s][info][gc,phases      ] GC(1214)   Post Evacuate Collection Set: 1.02ms
[7007.682s][info][gc,phases      ] GC(1214)   Other: 0.11ms
[7007.682s][info][gc,heap        ] GC(1214) Eden regions: 548->0(541)
[7007.682s][info][gc,heap        ] GC(1214) Survivor regions: 44->44(74)
[7007.682s][info][gc,heap        ] GC(1214) Old regions: 303->310
[7007.682s][info][gc,heap        ] GC(1214) Humongous regions: 33->33
[7007.682s][info][gc,metaspace   ] GC(1214) Metaspace: 29994K(30144K)->29994K(30144K) NonClass: 29994K(30144K)->29994K(30144K) Class: 0K(0K)->0K(0K)
[7007.682s][info][gc             ] GC(1214) Pause Young (Concurrent Start) (G1 Evacuation Pause) 7405M->3079M(8192M) 151.979ms
[7007.682s][info][gc,cpu         ] GC(1214) User=1.20s Sys=0.00s Real=0.15s
[7007.683s][info][gc             ] GC(1215) Concurrent Mark Cycle
[7007.683s][info][gc,marking     ] GC(1215) Concurrent Scan Root Regions
[7008.093s][info][gc,marking     ] GC(1215) Concurrent Scan Root Regions 410.827ms
[7008.094s][info][gc,marking     ] GC(1215) Concurrent Mark
[7008.094s][info][gc,marking     ] GC(1215) Concurrent Mark From Roots
[7008.094s][info][gc,task        ] GC(1215) Using 2 workers of 2 for marking
.[7009.307s][info][gc,marking     ] GC(1215) Concurrent Mark From Roots 1213.178ms
[7009.307s][info][gc,marking     ] GC(1215) Concurrent Preclean
[7009.307s][info][gc,marking     ] GC(1215) Concurrent Preclean 0.142ms
[7009.307s][info][gc,start       ] GC(1215) Pause Remark
[7009.310s][info][gc             ] GC(1215) Pause Remark 4903M->4383M(8192M) 3.124ms
[7009.310s][info][gc,cpu         ] GC(1215) User=0.02s Sys=0.00s Real=0.01s
[7009.311s][info][gc,marking     ] GC(1215) Concurrent Mark 1217.022ms
[7009.311s][info][gc,marking     ] GC(1215) Concurrent Rebuild Remembered Sets and Scrub Regions
.[7009.997s][info][gc,marking     ] GC(1215) Concurrent Rebuild Remembered Sets and Scrub Regions 686.236ms
[7009.997s][info][gc,start       ] GC(1215) Pause Cleanup
[7009.997s][info][gc             ] GC(1215) Pause Cleanup 5244M->5244M(8192M) 0.261ms
[7009.997s][info][gc,cpu         ] GC(1215) User=0.00s Sys=0.00s Real=0.01s
[7009.997s][info][gc,marking     ] GC(1215) Concurrent Clear Claimed Marks
[7009.997s][info][gc,marking     ] GC(1215) Concurrent Clear Claimed Marks 0.045ms
[7009.997s][info][gc,marking     ] GC(1215) Concurrent Cleanup for Next Mark
[7010.008s][info][gc,marking     ] GC(1215) Concurrent Cleanup for Next Mark 10.621ms
[7010.008s][info][gc             ] GC(1215) Concurrent Mark Cycle 2325.498ms
.[7011.024s][info][gc,start       ] GC(1216) Pause Young (Prepare Mixed) (G1 Evacuation Pause)
[7011.024s][info][gc,task        ] GC(1216) Using 8 workers of 8 for evacuation
[7011.179s][info][gc,phases      ] GC(1216)   Pre Evacuate Collection Set: 0.23ms
[7011.179s][info][gc,phases      ] GC(1216)   Merge Heap Roots: 0.76ms
[7011.179s][info][gc,phases      ] GC(1216)   Evacuate Collection Set: 152.79ms
[7011.179s][info][gc,phases      ] GC(1216)   Post Evacuate Collection Set: 1.16ms
[7011.179s][info][gc,phases      ] GC(1216)   Other: 0.06ms
[7011.179s][info][gc,heap        ] GC(1216) Eden regions: 541->0(570)
[7011.179s][info][gc,heap        ] GC(1216) Survivor regions: 44->44(74)
[7011.179s][info][gc,heap        ] GC(1216) Old regions: 245->253
[7011.179s][info][gc,heap        ] GC(1216) Humongous regions: 33->33
[7011.179s][info][gc,metaspace   ] GC(1216) Metaspace: 29994K(30144K)->29994K(30144K) NonClass: 29994K(30144K)->29994K(30144K) Class: 0K(0K)->0K(0K)
[7011.179s][info][gc             ] GC(1216) Pause Young (Prepare Mixed) (G1 Evacuation Pause) 6887M->2625M(8192M) 155.147ms
[7011.179s][info][gc,cpu         ] GC(1216) User=1.23s Sys=0.00s Real=0.16s
...[7013.927s][info][gc,start       ] GC(1217) Pause Young (Mixed) (G1 Evacuation Pause)
[7013.927s][info][gc,task        ] GC(1217) Using 8 workers of 8 for evacuation
[7014.086s][info][gc,phases      ] GC(1217)   Pre Evacuate Collection Set: 0.25ms
[7014.086s][info][gc,phases      ] GC(1217)   Merge Heap Roots: 0.77ms
[7014.086s][info][gc,phases      ] GC(1217)   Evacuate Collection Set: 156.32ms
[7014.086s][info][gc,phases      ] GC(1217)   Post Evacuate Collection Set: 1.31ms
[7014.086s][info][gc,phases      ] GC(1217)   Other: 0.08ms
[7014.086s][info][gc,heap        ] GC(1217) Eden regions: 570->0(571)
[7014.086s][info][gc,heap        ] GC(1217) Survivor regions: 44->43(77)
[7014.086s][info][gc,heap        ] GC(1217) Old regions: 253->158
[7014.086s][info][gc,heap        ] GC(1217) Humongous regions: 33->33
[7014.086s][info][gc,metaspace   ] GC(1217) Metaspace: 29994K(30144K)->29994K(30144K) NonClass: 29994K(30144K)->29994K(30144K) Class: 0K(0K)->0K(0K)
[7014.086s][info][gc             ] GC(1217) Pause Young (Mixed) (G1 Evacuation Pause) 7185M->1858M(8192M) 158.880ms
[7014.086s][info][gc,cpu         ] GC(1217) User=1.26s Sys=0.00s Real=0.16s
...[7017.116s][info][gc,start       ] GC(1218) Pause Young (Mixed) (G1 Evacuation Pause)
[7017.116s][info][gc,task        ] GC(1218) Using 8 workers of 8 for evacuation
[7017.274s][info][gc,phases      ] GC(1218)   Pre Evacuate Collection Set: 0.25ms
[7017.274s][info][gc,phases      ] GC(1218)   Merge Heap Roots: 0.81ms
[7017.274s][info][gc,phases      ] GC(1218)   Evacuate Collection Set: 155.71ms
[7017.274s][info][gc,phases      ] GC(1218)   Post Evacuate Collection Set: 1.07ms
[7017.274s][info][gc,phases      ] GC(1218)   Other: 0.06ms
[7017.274s][info][gc,heap        ] GC(1218) Eden regions: 571->0(570)
[7017.274s][info][gc,heap        ] GC(1218) Survivor regions: 43->44(77)
[7017.274s][info][gc,heap        ] GC(1218) Old regions: 158->144
[7017.274s][info][gc,heap        ] GC(1218) Humongous regions: 33->33
[7017.274s][info][gc,metaspace   ] GC(1218) Metaspace: 29994K(30144K)->29994K(30144K) NonClass: 29994K(30144K)->29994K(30144K) Class: 0K(0K)->0K(0K)
[7017.274s][info][gc             ] GC(1218) Pause Young (Mixed) (G1 Evacuation Pause) 6426M->1745M(8192M) 158.036ms
[7017.274s][info][gc,cpu         ] GC(1218) User=1.26s Sys=0.00s Real=0.16s
....[7020.401s][info][gc,start       ] GC(1219) Pause Young (Normal) (G1 Evacuation Pause)
[7020.401s][info][gc,task        ] GC(1219) Using 8 workers of 8 for evacuation
[7020.553s][info][gc,phases      ] GC(1219)   Pre Evacuate Collection Set: 0.25ms
[7020.553s][info][gc,phases      ] GC(1219)   Merge Heap Roots: 0.59ms
[7020.553s][info][gc,phases      ] GC(1219)   Evacuate Collection Set: 150.30ms
[7020.553s][info][gc,phases      ] GC(1219)   Post Evacuate Collection Set: 1.05ms
[7020.553s][info][gc,phases      ] GC(1219)   Other: 0.07ms
[7020.553s][info][gc,heap        ] GC(1219) Eden regions: 570->0(570)
[7020.553s][info][gc,heap        ] GC(1219) Survivor regions: 44->44(77)
[7020.553s][info][gc,heap        ] GC(1219) Old regions: 144->151
[7020.553s][info][gc,heap        ] GC(1219) Humongous regions: 33->33
[7020.553s][info][gc,metaspace   ] GC(1219) Metaspace: 29994K(30144K)->29994K(30144K) NonClass: 29994K(30144K)->29994K(30144K) Class: 0K(0K)->0K(0K)
[7020.553s][info][gc             ] GC(1219) Pause Young (Normal) (G1 Evacuation Pause) 6305M->1808M(8192M) 152.381ms
[7020.553s][info][gc,cpu         ] GC(1219) User=1.20s Sys=0.00s Real=0.15s
...[7023.533s][info][gc,start       ] GC(1220) Pause Young (Normal) (G1 Evacuation Pause)
[7023.533s][info][gc,task        ] GC(1220) Using 8 workers of 8 for evacuation
[7023.684s][info][gc,phases      ] GC(1220)   Pre Evacuate Collection Set: 0.26ms
[7023.684s][info][gc,phases      ] GC(1220)   Merge Heap Roots: 0.53ms
[7023.684s][info][gc,phases      ] GC(1220)   Evacuate Collection Set: 149.41ms
[7023.684s][info][gc,phases      ] GC(1220)   Post Evacuate Collection Set: 1.07ms
[7023.684s][info][gc,phases      ] GC(1220)   Other: 0.08ms
[7023.684s][info][gc,heap        ] GC(1220) Eden regions: 570->0(570)
[7023.684s][info][gc,heap        ] GC(1220) Survivor regions: 44->44(77)
[7023.684s][info][gc,heap        ] GC(1220) Old regions: 151->158
[7023.684s][info][gc,heap        ] GC(1220) Humongous regions: 33->33
[7023.684s][info][gc,metaspace   ] GC(1220) Metaspace: 29994K(30144K)->29994K(30144K) NonClass: 29994K(30144K)->29994K(30144K) Class: 0K(0K)->0K(0K)
[7023.684s][info][gc             ] GC(1220) Pause Young (Normal) (G1 Evacuation Pause) 6368M->1861M(8192M) 151.496ms
[7023.684s][info][gc,cpu         ] GC(1220) User=1.20s Sys=0.00s Real=0.15s
...[7026.722s][info][gc,start       ] GC(1221) Pause Young (Normal) (G1 Evacuation Pause)
[7026.722s][info][gc,task        ] GC(1221) Using 8 workers of 8 for evacuation
[7026.872s][info][gc,phases      ] GC(1221)   Pre Evacuate Collection Set: 0.24ms
[7026.872s][info][gc,phases      ] GC(1221)   Merge Heap Roots: 0.51ms
[7026.872s][info][gc,phases      ] GC(1221)   Evacuate Collection Set: 147.74ms
[7026.872s][info][gc,phases      ] GC(1221)   Post Evacuate Collection Set: 1.05ms
[7026.872s][info][gc,phases      ] GC(1221)   Other: 0.06ms
[7026.872s][info][gc,heap        ] GC(1221) Eden regions: 570->0(570)
[7026.872s][info][gc,heap        ] GC(1221) Survivor regions: 44->44(77)
[7026.872s][info][gc,heap        ] GC(1221) Old regions: 158->165
[7026.872s][info][gc,heap        ] GC(1221) Humongous regions: 33->33
[7026.872s][info][gc,metaspace   ] GC(1221) Metaspace: 29994K(30144K)->29994K(30144K) NonClass: 29994K(30144K)->29994K(30144K) Class: 0K(0K)->0K(0K)
[7026.872s][info][gc             ] GC(1221) Pause Young (Normal) (G1 Evacuation Pause) 6421M->1918M(8192M) 149.735ms
[7026.872s][info][gc,cpu         ] GC(1221) User=1.18s Sys=0.00s Real=0.15s
...[7029.820s][info][gc,start       ] GC(1222) Pause Young (Normal) (G1 Evacuation Pause)
[7029.820s][info][gc,task        ] GC(1222) Using 8 workers of 8 for evacuation
[7029.969s][info][gc,phases      ] GC(1222)   Pre Evacuate Collection Set: 0.23ms
[7029.969s][info][gc,phases      ] GC(1222)   Merge Heap Roots: 0.53ms
[7029.969s][info][gc,phases      ] GC(1222)   Evacuate Collection Set: 147.69ms
[7029.969s][info][gc,phases      ] GC(1222)   Post Evacuate Collection Set: 1.07ms
[7029.969s][info][gc,phases      ] GC(1222)   Other: 0.06ms
[7029.969s][info][gc,heap        ] GC(1222) Eden regions: 570->0(571)
[7029.969s][info][gc,heap        ] GC(1222) Survivor regions: 44->43(77)
[7029.969s][info][gc,heap        ] GC(1222) Old regions: 165->172
[7029.969s][info][gc,heap        ] GC(1222) Humongous regions: 33->33
[7029.969s][info][gc,metaspace   ] GC(1222) Metaspace: 29994K(30144K)->29994K(30144K) NonClass: 29994K(30144K)->29994K(30144K) Class: 0K(0K)->0K(0K)
[7029.969s][info][gc             ] GC(1222) Pause Young (Normal) (G1 Evacuation Pause) 6478M->1971M(8192M) 149.708ms
[7029.970s][info][gc,cpu         ] GC(1222) User=1.19s Sys=0.00s Real=0.15s
...[7033.027s][info][gc,start       ] GC(1223) Pause Young (Normal) (G1 Evacuation Pause)
[7033.027s][info][gc,task        ] GC(1223) Using 8 workers of 8 for evacuation
[7033.175s][info][gc,phases      ] GC(1223)   Pre Evacuate Collection Set: 0.26ms
[7033.175s][info][gc,phases      ] GC(1223)   Merge Heap Roots: 0.53ms
[7033.175s][info][gc,phases      ] GC(1223)   Evacuate Collection Set: 145.87ms
[7033.175s][info][gc,phases      ] GC(1223)   Post Evacuate Collection Set: 1.06ms
[7033.175s][info][gc,phases      ] GC(1223)   Other: 0.07ms
[7033.175s][info][gc,heap        ] GC(1223) Eden regions: 571->0(572)
[7033.175s][info][gc,heap        ] GC(1223) Survivor regions: 43->42(77)
[7033.175s][info][gc,heap        ] GC(1223) Old regions: 172->180
[7033.175s][info][gc,heap        ] GC(1223) Humongous regions: 33->33
[7033.175s][info][gc,metaspace   ] GC(1223) Metaspace: 29994K(30144K)->29994K(30144K) NonClass: 29994K(30144K)->29994K(30144K) Class: 0K(0K)->0K(0K)
[7033.175s][info][gc             ] GC(1223) Pause Young (Normal) (G1 Evacuation Pause) 6539M->2022M(8192M) 147.923ms
[7033.175s][info][gc,cpu         ] GC(1223) User=1.17s Sys=0.00s Real=0.14s
...[7036.125s][info][gc,start       ] GC(1224) Pause Young (Normal) (G1 Evacuation Pause)
[7036.125s][info][gc,task        ] GC(1224) Using 8 workers of 8 for evacuation
[7036.278s][info][gc,phases      ] GC(1224)   Pre Evacuate Collection Set: 0.22ms
[7036.278s][info][gc,phases      ] GC(1224)   Merge Heap Roots: 0.51ms
[7036.278s][info][gc,phases      ] GC(1224)   Evacuate Collection Set: 150.74ms
[7036.278s][info][gc,phases      ] GC(1224)   Post Evacuate Collection Set: 1.03ms
[7036.278s][info][gc,phases      ] GC(1224)   Other: 0.06ms
[7036.278s][info][gc,heap        ] GC(1224) Eden regions: 572->0(570)
[7036.278s][info][gc,heap        ] GC(1224) Survivor regions: 42->44(77)
[7036.278s][info][gc,heap        ] GC(1224) Old regions: 180->187
[7036.278s][info][gc,heap        ] GC(1224) Humongous regions: 33->33
[7036.278s][info][gc,metaspace   ] GC(1224) Metaspace: 29994K(30144K)->29994K(30144K) NonClass: 29994K(30144K)->29994K(30144K) Class: 0K(0K)->0K(0K)
[7036.278s][info][gc             ] GC(1224) Pause Young (Normal) (G1 Evacuation Pause) 6598M->2091M(8192M) 152.689ms
[7036.278s][info][gc,cpu         ] GC(1224) User=1.21s Sys=0.01s Real=0.16s
. (rIR:aIR:PR = 12038:12020:12025) (tPR = 177729) [OK] 
  7036s: Performance info:
         Transaction,    Success,    Partial,     Failed,   Receipts, AvgBarcode, 
             Overall,     724379,          0,          0,     688275,      59.48, 
         Response times:
             Request,    Success,    Partial,     Failed,   SkipFail,     Probes,    Samples,      min,      p50,      p90,      p95,      p99,      max, 
       TotalPurchase,     687963,          0,          0,          0,     350556,     600350,      300,    14300,   102000,   142000,   316000,  3700000,
     InStorePurchase,     363333,          0,          0,          0,     184674,     316184,      300,    14300,   102000,   142000,   322000,  3700000,
      OnlinePurchase,     252769,          0,          0,          0,     129281,     221046,      300,    14400,   103000,   142000,   305000,  3700000,
        InstPurchase,      71861,          0,          0,          0,      36601,      63120,      400,    14200,    99000,   138000,   305000,  3200000,
          AssocOfCat,        722,          0,          0,          0,        624,       1228,    33000,    73000,   174100,   220550,   378130,  1100000,
      AssocOfProduct,       7172,          0,          0,          0,       3330,       6051,      700,    15500,   105000,   140000,   284000,   486000,
      BusinessReport,       1818,          0,          0,          0,       1620,       2906,    33000,    78000,   171000,   229000,   407580,  1300000,
          CustBuyBeh,       7169,          0,          0,          0,       3322,       5982,      200,    13350,    95000,   137000,   311000,   980000,
       ProductReturn,      19229,          0,          0,          0,       9971,      17558,      300,    13600,   100000,   139050,   307000,  2600000,

  7036s: (88%)   IR =  12177 ..[7039.315s][info][gc,start       ] GC(1225) Pause Young (Normal) (G1 Evacuation Pause)
[7039.315s][info][gc,task        ] GC(1225) Using 8 workers of 8 for evacuation
[7039.467s][info][gc,phases      ] GC(1225)   Pre Evacuate Collection Set: 0.25ms
[7039.467s][info][gc,phases      ] GC(1225)   Merge Heap Roots: 0.53ms
[7039.467s][info][gc,phases      ] GC(1225)   Evacuate Collection Set: 150.24ms
[7039.467s][info][gc,phases      ] GC(1225)   Post Evacuate Collection Set: 1.00ms
[7039.467s][info][gc,phases      ] GC(1225)   Other: 0.07ms
[7039.467s][info][gc,heap        ] GC(1225) Eden regions: 570->0(571)
[7039.467s][info][gc,heap        ] GC(1225) Survivor regions: 44->43(77)
[7039.467s][info][gc,heap        ] GC(1225) Old regions: 187->194
[7039.467s][info][gc,heap        ] GC(1225) Humongous regions: 33->33
[7039.467s][info][gc,metaspace   ] GC(1225) Metaspace: 29994K(30144K)->29994K(30144K) NonClass: 29994K(30144K)->29994K(30144K) Class: 0K(0K)->0K(0K)
[7039.467s][info][gc             ] GC(1225) Pause Young (Normal) (G1 Evacuation Pause) 6651M->2146M(8192M) 152.210ms
[7039.467s][info][gc,cpu         ] GC(1225) User=1.20s Sys=0.00s Real=0.16s
...[7042.491s][info][gc,start       ] GC(1226) Pause Young (Normal) (G1 Evacuation Pause)
[7042.491s][info][gc,task        ] GC(1226) Using 8 workers of 8 for evacuation
[7042.644s][info][gc,phases      ] GC(1226)   Pre Evacuate Collection Set: 0.23ms
[7042.644s][info][gc,phases      ] GC(1226)   Merge Heap Roots: 0.52ms
[7042.644s][info][gc,phases      ] GC(1226)   Evacuate Collection Set: 151.29ms
[7042.644s][info][gc,phases      ] GC(1226)   Post Evacuate Collection Set: 1.14ms
[7042.644s][info][gc,phases      ] GC(1226)   Other: 0.07ms
[7042.644s][info][gc,heap        ] GC(1226) Eden regions: 571->0(570)
[7042.644s][info][gc,heap        ] GC(1226) Survivor regions: 43->44(77)
[7042.644s][info][gc,heap        ] GC(1226) Old regions: 194->201
[7042.644s][info][gc,heap        ] GC(1226) Humongous regions: 33->33
[7042.644s][info][gc,metaspace   ] GC(1226) Metaspace: 29994K(30144K)->29994K(30144K) NonClass: 29994K(30144K)->29994K(30144K) Class: 0K(0K)->0K(0K)
[7042.645s][info][gc             ] GC(1226) Pause Young (Normal) (G1 Evacuation Pause) 6714M->2207M(8192M) 153.418ms
[7042.645s][info][gc,cpu         ] GC(1226) User=1.22s Sys=0.01s Real=0.15s
....[7045.716s][info][gc,start       ] GC(1227) Pause Young (Normal) (G1 Evacuation Pause)
[7045.716s][info][gc,task        ] GC(1227) Using 8 workers of 8 for evacuation
[7045.865s][info][gc,phases      ] GC(1227)   Pre Evacuate Collection Set: 0.24ms
[7045.865s][info][gc,phases      ] GC(1227)   Merge Heap Roots: 0.53ms
[7045.865s][info][gc,phases      ] GC(1227)   Evacuate Collection Set: 147.57ms
[7045.865s][info][gc,phases      ] GC(1227)   Post Evacuate Collection Set: 1.06ms
[7045.865s][info][gc,phases      ] GC(1227)   Other: 0.06ms
[7045.865s][info][gc,heap        ] GC(1227) Eden regions: 570->0(572)
[7045.865s][info][gc,heap        ] GC(1227) Survivor regions: 44->42(77)
[7045.865s][info][gc,heap        ] GC(1227) Old regions: 201->209
[7045.865s][info][gc,heap        ] GC(1227) Humongous regions: 33->33
[7045.865s][info][gc,metaspace   ] GC(1227) Metaspace: 29994K(30144K)->29994K(30144K) NonClass: 29994K(30144K)->29994K(30144K) Class: 0K(0K)->0K(0K)
[7045.865s][info][gc             ] GC(1227) Pause Young (Normal) (G1 Evacuation Pause) 6767M->2255M(8192M) 149.575ms
[7045.865s][info][gc,cpu         ] GC(1227) User=1.18s Sys=0.00s Real=0.15s
...[7048.888s][info][gc,start       ] GC(1228) Pause Young (Normal) (G1 Evacuation Pause)
[7048.888s][info][gc,task        ] GC(1228) Using 8 workers of 8 for evacuation
[7049.043s][info][gc,phases      ] GC(1228)   Pre Evacuate Collection Set: 0.23ms
[7049.043s][info][gc,phases      ] GC(1228)   Merge Heap Roots: 0.53ms
[7049.043s][info][gc,phases      ] GC(1228)   Evacuate Collection Set: 153.46ms
[7049.043s][info][gc,phases      ] GC(1228)   Post Evacuate Collection Set: 1.03ms
[7049.043s][info][gc,phases      ] GC(1228)   Other: 0.06ms
[7049.043s][info][gc,heap        ] GC(1228) Eden regions: 572->0(570)
[7049.043s][info][gc,heap        ] GC(1228) Survivor regions: 42->44(77)
[7049.043s][info][gc,heap        ] GC(1228) Old regions: 209->216
[7049.043s][info][gc,heap        ] GC(1228) Humongous regions: 33->33
[7049.043s][info][gc,metaspace   ] GC(1228) Metaspace: 29994K(30144K)->29994K(30144K) NonClass: 29994K(30144K)->29994K(30144K) Class: 0K(0K)->0K(0K)
[7049.043s][info][gc             ] GC(1228) Pause Young (Normal) (G1 Evacuation Pause) 6831M->2329M(8192M) 155.451ms
[7049.043s][info][gc,cpu         ] GC(1228) User=1.23s Sys=0.00s Real=0.15s
...[7051.970s][info][gc,start       ] GC(1229) Pause Young (Normal) (G1 Evacuation Pause)
[7051.970s][info][gc,task        ] GC(1229) Using 8 workers of 8 for evacuation
[7052.119s][info][gc,phases      ] GC(1229)   Pre Evacuate Collection Set: 0.23ms
[7052.119s][info][gc,phases      ] GC(1229)   Merge Heap Roots: 0.52ms
[7052.119s][info][gc,phases      ] GC(1229)   Evacuate Collection Set: 147.49ms
[7052.119s][info][gc,phases      ] GC(1229)   Post Evacuate Collection Set: 1.03ms
[7052.119s][info][gc,phases      ] GC(1229)   Other: 0.06ms
[7052.119s][info][gc,heap        ] GC(1229) Eden regions: 570->0(571)
[7052.119s][info][gc,heap        ] GC(1229) Survivor regions: 44->43(77)
[7052.119s][info][gc,heap        ] GC(1229) Old regions: 216->223
[7052.119s][info][gc,heap        ] GC(1229) Humongous regions: 33->33
[7052.119s][info][gc,metaspace   ] GC(1229) Metaspace: 29994K(30144K)->29994K(30144K) NonClass: 29994K(30144K)->29994K(30144K) Class: 0K(0K)->0K(0K)
[7052.119s][info][gc             ] GC(1229) Pause Young (Normal) (G1 Evacuation Pause) 6889M->2375M(8192M) 149.471ms
[7052.119s][info][gc,cpu         ] GC(1229) User=1.18s Sys=0.00s Real=0.15s
..|.[7055.153s][info][gc,start       ] GC(1230) Pause Young (Normal) (G1 Evacuation Pause)
[7055.153s][info][gc,task        ] GC(1230) Using 8 workers of 8 for evacuation
[7055.305s][info][gc,phases      ] GC(1230)   Pre Evacuate Collection Set: 0.25ms
[7055.305s][info][gc,phases      ] GC(1230)   Merge Heap Roots: 0.53ms
[7055.305s][info][gc,phases      ] GC(1230)   Evacuate Collection Set: 149.59ms
[7055.305s][info][gc,phases      ] GC(1230)   Post Evacuate Collection Set: 1.09ms
[7055.305s][info][gc,phases      ] GC(1230)   Other: 0.06ms
[7055.305s][info][gc,heap        ] GC(1230) Eden regions: 571->0(570)
[7055.305s][info][gc,heap        ] GC(1230) Survivor regions: 43->44(77)
[7055.305s][info][gc,heap        ] GC(1230) Old regions: 223->230
[7055.305s][info][gc,heap        ] GC(1230) Humongous regions: 33->33
[7055.305s][info][gc,metaspace   ] GC(1230) Metaspace: 29994K(30144K)->29994K(30144K) NonClass: 29994K(30144K)->29994K(30144K) Class: 0K(0K)->0K(0K)
[7055.305s][info][gc             ] GC(1230) Pause Young (Normal) (G1 Evacuation Pause) 6943M->2437M(8192M) 151.654ms
[7055.305s][info][gc,cpu         ] GC(1230) User=1.20s Sys=0.00s Real=0.15s
...[7058.351s][info][gc,start       ] GC(1231) Pause Young (Normal) (G1 Evacuation Pause)
[7058.351s][info][gc,task        ] GC(1231) Using 8 workers of 8 for evacuation
[7058.504s][info][gc,phases      ] GC(1231)   Pre Evacuate Collection Set: 0.23ms
[7058.504s][info][gc,phases      ] GC(1231)   Merge Heap Roots: 0.53ms
[7058.504s][info][gc,phases      ] GC(1231)   Evacuate Collection Set: 151.79ms
[7058.504s][info][gc,phases      ] GC(1231)   Post Evacuate Collection Set: 1.03ms
[7058.504s][info][gc,phases      ] GC(1231)   Other: 0.06ms
[7058.504s][info][gc,heap        ] GC(1231) Eden regions: 570->0(569)
[7058.504s][info][gc,heap        ] GC(1231) Survivor regions: 44->45(77)
[7058.504s][info][gc,heap        ] GC(1231) Old regions: 230->237
[7058.504s][info][gc,heap        ] GC(1231) Humongous regions: 33->33
[7058.504s][info][gc,metaspace   ] GC(1231) Metaspace: 29994K(30144K)->29994K(30144K) NonClass: 29994K(30144K)->29994K(30144K) Class: 0K(0K)->0K(0K)
[7058.504s][info][gc             ] GC(1231) Pause Young (Normal) (G1 Evacuation Pause) 6997M->2502M(8192M) 153.770ms
[7058.505s][info][gc,cpu         ] GC(1231) User=1.22s Sys=0.00s Real=0.15s
...[7061.450s][info][gc,start       ] GC(1232) Pause Young (Normal) (G1 Evacuation Pause)
[7061.450s][info][gc,task        ] GC(1232) Using 8 workers of 8 for evacuation
[7061.604s][info][gc,phases      ] GC(1232)   Pre Evacuate Collection Set: 0.22ms
[7061.604s][info][gc,phases      ] GC(1232)   Merge Heap Roots: 0.58ms
[7061.604s][info][gc,phases      ] GC(1232)   Evacuate Collection Set: 151.58ms
[7061.604s][info][gc,phases      ] GC(1232)   Post Evacuate Collection Set: 1.04ms
[7061.604s][info][gc,phases      ] GC(1232)   Other: 0.06ms
[7061.604s][info][gc,heap        ] GC(1232) Eden regions: 569->0(570)
[7061.604s][info][gc,heap        ] GC(1232) Survivor regions: 45->44(77)
[7061.604s][info][gc,heap        ] GC(1232) Old regions: 237->244
[7061.604s][info][gc,heap        ] GC(1232) Humongous regions: 33->33
[7061.604s][info][gc,metaspace   ] GC(1232) Metaspace: 29994K(30144K)->29994K(30144K) NonClass: 29994K(30144K)->29994K(30144K) Class: 0K(0K)->0K(0K)
[7061.604s][info][gc             ] GC(1232) Pause Young (Normal) (G1 Evacuation Pause) 7054M->2551M(8192M) 153.608ms
[7061.604s][info][gc,cpu         ] GC(1232) User=1.22s Sys=0.00s Real=0.15s
...[7064.626s][info][gc,start       ] GC(1233) Pause Young (Normal) (G1 Evacuation Pause)
[7064.626s][info][gc,task        ] GC(1233) Using 8 workers of 8 for evacuation
[7064.777s][info][gc,phases      ] GC(1233)   Pre Evacuate Collection Set: 0.23ms
[7064.777s][info][gc,phases      ] GC(1233)   Merge Heap Roots: 0.55ms
[7064.777s][info][gc,phases      ] GC(1233)   Evacuate Collection Set: 148.98ms
[7064.777s][info][gc,phases      ] GC(1233)   Post Evacuate Collection Set: 1.05ms
[7064.777s][info][gc,phases      ] GC(1233)   Other: 0.06ms
[7064.777s][info][gc,heap        ] GC(1233) Eden regions: 570->0(570)
[7064.777s][info][gc,heap        ] GC(1233) Survivor regions: 44->44(77)
[7064.777s][info][gc,heap        ] GC(1233) Old regions: 244->251
[7064.777s][info][gc,heap        ] GC(1233) Humongous regions: 33->33
[7064.777s][info][gc,metaspace   ] GC(1233) Metaspace: 29994K(30144K)->29994K(30144K) NonClass: 29994K(30144K)->29994K(30144K) Class: 0K(0K)->0K(0K)
[7064.777s][info][gc             ] GC(1233) Pause Young (Normal) (G1 Evacuation Pause) 7111M->2611M(8192M) 151.015ms
[7064.777s][info][gc,cpu         ] GC(1233) User=1.20s Sys=0.00s Real=0.15s
...[7067.751s][info][gc,start       ] GC(1234) Pause Young (Normal) (G1 Evacuation Pause)
[7067.751s][info][gc,task        ] GC(1234) Using 8 workers of 8 for evacuation
[7067.903s][info][gc,phases      ] GC(1234)   Pre Evacuate Collection Set: 0.24ms
[7067.903s][info][gc,phases      ] GC(1234)   Merge Heap Roots: 0.58ms
[7067.903s][info][gc,phases      ] GC(1234)   Evacuate Collection Set: 149.81ms
[7067.903s][info][gc,phases      ] GC(1234)   Post Evacuate Collection Set: 1.03ms
[7067.903s][info][gc,phases      ] GC(1234)   Other: 0.84ms
[7067.903s][info][gc,heap        ] GC(1234) Eden regions: 570->0(570)
[7067.903s][info][gc,heap        ] GC(1234) Survivor regions: 44->44(77)
[7067.903s][info][gc,heap        ] GC(1234) Old regions: 251->258
[7067.903s][info][gc,heap        ] GC(1234) Humongous regions: 33->33
[7067.903s][info][gc,metaspace   ] GC(1234) Metaspace: 29994K(30144K)->29994K(30144K) NonClass: 29994K(30144K)->29994K(30144K) Class: 0K(0K)->0K(0K)
[7067.903s][info][gc             ] GC(1234) Pause Young (Normal) (G1 Evacuation Pause) 7171M->2667M(8192M) 152.635ms
[7067.904s][info][gc,cpu         ] GC(1234) User=1.20s Sys=0.00s Real=0.15s
...[7070.830s][info][gc,start       ] GC(1235) Pause Young (Normal) (G1 Evacuation Pause)
[7070.830s][info][gc,task        ] GC(1235) Using 8 workers of 8 for evacuation
[7070.983s][info][gc,phases      ] GC(1235)   Pre Evacuate Collection Set: 0.23ms
[7070.983s][info][gc,phases      ] GC(1235)   Merge Heap Roots: 0.55ms
[7070.983s][info][gc,phases      ] GC(1235)   Evacuate Collection Set: 151.17ms
[7070.983s][info][gc,phases      ] GC(1235)   Post Evacuate Collection Set: 1.04ms
[7070.983s][info][gc,phases      ] GC(1235)   Other: 0.06ms
[7070.984s][info][gc,heap        ] GC(1235) Eden regions: 570->0(571)
[7070.984s][info][gc,heap        ] GC(1235) Survivor regions: 44->43(77)
[7070.984s][info][gc,heap        ] GC(1235) Old regions: 258->266
[7070.984s][info][gc,heap        ] GC(1235) Humongous regions: 33->33
[7070.984s][info][gc,metaspace   ] GC(1235) Metaspace: 29994K(30144K)->29994K(30144K) NonClass: 29994K(30144K)->29994K(30144K) Class: 0K(0K)->0K(0K)
[7070.984s][info][gc             ] GC(1235) Pause Young (Normal) (G1 Evacuation Pause) 7227M->2717M(8192M) 153.190ms
[7070.984s][info][gc,cpu         ] GC(1235) User=1.22s Sys=0.00s Real=0.15s
....[7074.070s][info][gc,start       ] GC(1236) Pause Young (Normal) (G1 Evacuation Pause)
[7074.070s][info][gc,task        ] GC(1236) Using 8 workers of 8 for evacuation
[7074.224s][info][gc,phases      ] GC(1236)   Pre Evacuate Collection Set: 0.22ms
[7074.224s][info][gc,phases      ] GC(1236)   Merge Heap Roots: 0.56ms
[7074.224s][info][gc,phases      ] GC(1236)   Evacuate Collection Set: 152.74ms
[7074.224s][info][gc,phases      ] GC(1236)   Post Evacuate Collection Set: 1.03ms
[7074.224s][info][gc,phases      ] GC(1236)   Other: 0.06ms
[7074.224s][info][gc,heap        ] GC(1236) Eden regions: 571->0(570)
[7074.224s][info][gc,heap        ] GC(1236) Survivor regions: 43->44(77)
[7074.224s][info][gc,heap        ] GC(1236) Old regions: 266->273
[7074.224s][info][gc,heap        ] GC(1236) Humongous regions: 33->33
[7074.224s][info][gc,metaspace   ] GC(1236) Metaspace: 29994K(30144K)->29994K(30144K) NonClass: 29994K(30144K)->29994K(30144K) Class: 0K(0K)->0K(0K)
[7074.224s][info][gc             ] GC(1236) Pause Young (Normal) (G1 Evacuation Pause) 7285M->2781M(8192M) 154.769ms
[7074.225s][info][gc,cpu         ] GC(1236) User=1.22s Sys=0.00s Real=0.15s
...[7077.303s][info][gc,start       ] GC(1237) Pause Young (Normal) (G1 Evacuation Pause)
[7077.303s][info][gc,task        ] GC(1237) Using 8 workers of 8 for evacuation
[7077.455s][info][gc,phases      ] GC(1237)   Pre Evacuate Collection Set: 0.25ms
[7077.455s][info][gc,phases      ] GC(1237)   Merge Heap Roots: 0.54ms
[7077.455s][info][gc,phases      ] GC(1237)   Evacuate Collection Set: 149.98ms
[7077.455s][info][gc,phases      ] GC(1237)   Post Evacuate Collection Set: 1.04ms
[7077.455s][info][gc,phases      ] GC(1237)   Other: 0.06ms
[7077.455s][info][gc,heap        ] GC(1237) Eden regions: 570->0(570)
[7077.455s][info][gc,heap        ] GC(1237) Survivor regions: 44->44(77)
[7077.455s][info][gc,heap        ] GC(1237) Old regions: 273->280
[7077.455s][info][gc,heap        ] GC(1237) Humongous regions: 33->33
[7077.455s][info][gc,metaspace   ] GC(1237) Metaspace: 29994K(30144K)->29994K(30144K) NonClass: 29994K(30144K)->29994K(30144K) Class: 0K(0K)->0K(0K)
[7077.455s][info][gc             ] GC(1237) Pause Young (Normal) (G1 Evacuation Pause) 7341M->2839M(8192M) 152.005ms
[7077.455s][info][gc,cpu         ] GC(1237) User=1.21s Sys=0.00s Real=0.15s
...[7080.362s][info][gc,start       ] GC(1238) Pause Young (Normal) (G1 Evacuation Pause)
[7080.362s][info][gc,task        ] GC(1238) Using 8 workers of 8 for evacuation
[7080.513s][info][gc,phases      ] GC(1238)   Pre Evacuate Collection Set: 0.23ms
[7080.513s][info][gc,phases      ] GC(1238)   Merge Heap Roots: 0.52ms
[7080.513s][info][gc,phases      ] GC(1238)   Evacuate Collection Set: 149.25ms
[7080.513s][info][gc,phases      ] GC(1238)   Post Evacuate Collection Set: 1.06ms
[7080.513s][info][gc,phases      ] GC(1238)   Other: 0.06ms
[7080.513s][info][gc,heap        ] GC(1238) Eden regions: 570->0(564)
[7080.513s][info][gc,heap        ] GC(1238) Survivor regions: 44->44(77)
[7080.513s][info][gc,heap        ] GC(1238) Old regions: 280->287
[7080.513s][info][gc,heap        ] GC(1238) Humongous regions: 33->33
[7080.513s][info][gc,metaspace   ] GC(1238) Metaspace: 29994K(30144K)->29994K(30144K) NonClass: 29994K(30144K)->29994K(30144K) Class: 0K(0K)->0K(0K)
[7080.513s][info][gc             ] GC(1238) Pause Young (Normal) (G1 Evacuation Pause) 7399M->2895M(8192M) 151.244ms
[7080.513s][info][gc,cpu         ] GC(1238) User=1.20s Sys=0.00s Real=0.15s
...[7083.524s][info][gc,start       ] GC(1239) Pause Young (Normal) (G1 Evacuation Pause)
[7083.524s][info][gc,task        ] GC(1239) Using 8 workers of 8 for evacuation
[7083.678s][info][gc,phases      ] GC(1239)   Pre Evacuate Collection Set: 0.23ms
[7083.678s][info][gc,phases      ] GC(1239)   Merge Heap Roots: 0.53ms
[7083.678s][info][gc,phases      ] GC(1239)   Evacuate Collection Set: 152.31ms
[7083.678s][info][gc,phases      ] GC(1239)   Post Evacuate Collection Set: 1.06ms
[7083.678s][info][gc,phases      ] GC(1239)   Other: 0.08ms
[7083.678s][info][gc,heap        ] GC(1239) Eden regions: 564->0(557)
[7083.678s][info][gc,heap        ] GC(1239) Survivor regions: 44->44(76)
[7083.678s][info][gc,heap        ] GC(1239) Old regions: 287->294
[7083.678s][info][gc,heap        ] GC(1239) Humongous regions: 33->33
[7083.678s][info][gc,metaspace   ] GC(1239) Metaspace: 29994K(30144K)->29994K(30144K) NonClass: 29994K(30144K)->29994K(30144K) Class: 0K(0K)->0K(0K)
[7083.678s][info][gc             ] GC(1239) Pause Young (Normal) (G1 Evacuation Pause) 7407M->2951M(8192M) 154.350ms
[7083.678s][info][gc,cpu         ] GC(1239) User=1.22s Sys=0.00s Real=0.16s
...[7086.533s][info][gc,start       ] GC(1240) Pause Young (Normal) (G1 Evacuation Pause)
[7086.533s][info][gc,task        ] GC(1240) Using 8 workers of 8 for evacuation
[7086.683s][info][gc,phases      ] GC(1240)   Pre Evacuate Collection Set: 0.23ms
[7086.683s][info][gc,phases      ] GC(1240)   Merge Heap Roots: 0.51ms
[7086.683s][info][gc,phases      ] GC(1240)   Evacuate Collection Set: 148.01ms
[7086.683s][info][gc,phases      ] GC(1240)   Post Evacuate Collection Set: 1.06ms
[7086.683s][info][gc,phases      ] GC(1240)   Other: 0.07ms
[7086.683s][info][gc,heap        ] GC(1240) Eden regions: 557->0(549)
[7086.683s][info][gc,heap        ] GC(1240) Survivor regions: 44->44(76)
[7086.683s][info][gc,heap        ] GC(1240) Old regions: 294->302
[7086.683s][info][gc,heap        ] GC(1240) Humongous regions: 33->33
[7086.683s][info][gc,metaspace   ] GC(1240) Metaspace: 29994K(30144K)->29994K(30144K) NonClass: 29994K(30144K)->29994K(30144K) Class: 0K(0K)->0K(0K)
[7086.683s][info][gc             ] GC(1240) Pause Young (Normal) (G1 Evacuation Pause) 7407M->3009M(8192M) 150.025ms
[7086.683s][info][gc,cpu         ] GC(1240) User=1.19s Sys=0.00s Real=0.15s
...[7089.440s][info][gc,start       ] GC(1241) Pause Young (Normal) (G1 Evacuation Pause)
[7089.440s][info][gc,task        ] GC(1241) Using 8 workers of 8 for evacuation
[7089.587s][info][gc,phases      ] GC(1241)   Pre Evacuate Collection Set: 0.22ms
[7089.587s][info][gc,phases      ] GC(1241)   Merge Heap Roots: 0.52ms
[7089.587s][info][gc,phases      ] GC(1241)   Evacuate Collection Set: 144.89ms
[7089.587s][info][gc,phases      ] GC(1241)   Post Evacuate Collection Set: 1.04ms
[7089.587s][info][gc,phases      ] GC(1241)   Other: 0.06ms
[7089.587s][info][gc,heap        ] GC(1241) Eden regions: 549->0(544)
[7089.587s][info][gc,heap        ] GC(1241) Survivor regions: 44->43(75)
[7089.587s][info][gc,heap        ] GC(1241) Old regions: 302->309
[7089.587s][info][gc,heap        ] GC(1241) Humongous regions: 33->33
[7089.587s][info][gc,metaspace   ] GC(1241) Metaspace: 29994K(30144K)->29994K(30144K) NonClass: 29994K(30144K)->29994K(30144K) Class: 0K(0K)->0K(0K)
[7089.587s][info][gc             ] GC(1241) Pause Young (Normal) (G1 Evacuation Pause) 7401M->3059M(8192M) 146.860ms
[7089.587s][info][gc,cpu         ] GC(1241) User=1.17s Sys=0.00s Real=0.14s
...[7092.431s][info][gc,start       ] GC(1242) Pause Young (Concurrent Start) (G1 Evacuation Pause)
[7092.431s][info][gc,task        ] GC(1242) Using 8 workers of 8 for evacuation
[7092.585s][info][gc,phases      ] GC(1242)   Pre Evacuate Collection Set: 0.28ms
[7092.585s][info][gc,phases      ] GC(1242)   Merge Heap Roots: 0.55ms
[7092.585s][info][gc,phases      ] GC(1242)   Evacuate Collection Set: 151.90ms
[7092.585s][info][gc,phases      ] GC(1242)   Post Evacuate Collection Set: 1.00ms
[7092.585s][info][gc,phases      ] GC(1242)   Other: 0.10ms
[7092.585s][info][gc,heap        ] GC(1242) Eden regions: 544->0(534)
[7092.585s][info][gc,heap        ] GC(1242) Survivor regions: 43->44(74)
[7092.585s][info][gc,heap        ] GC(1242) Old regions: 309->317
[7092.585s][info][gc,heap        ] GC(1242) Humongous regions: 33->33
[7092.585s][info][gc,metaspace   ] GC(1242) Metaspace: 29994K(30144K)->29994K(30144K) NonClass: 29994K(30144K)->29994K(30144K) Class: 0K(0K)->0K(0K)
[7092.585s][info][gc             ] GC(1242) Pause Young (Concurrent Start) (G1 Evacuation Pause) 7411M->3134M(8192M) 153.956ms
[7092.585s][info][gc             ] GC(1243) Concurrent Mark Cycle
[7092.585s][info][gc,marking     ] GC(1243) Concurrent Scan Root Regions
[7092.585s][info][gc,cpu         ] GC(1242) User=1.22s Sys=0.00s Real=0.15s
[7092.940s][info][gc,marking     ] GC(1243) Concurrent Scan Root Regions 354.565ms
[7092.940s][info][gc,marking     ] GC(1243) Concurrent Mark
[7092.940s][info][gc,marking     ] GC(1243) Concurrent Mark From Roots
[7092.940s][info][gc,task        ] GC(1243) Using 2 workers of 2 for marking
..[7094.048s][info][gc,marking     ] GC(1243) Concurrent Mark From Roots 1107.645ms
[7094.048s][info][gc,marking     ] GC(1243) Concurrent Preclean
[7094.048s][info][gc,marking     ] GC(1243) Concurrent Preclean 0.084ms
[7094.048s][info][gc,start       ] GC(1243) Pause Remark
[7094.051s][info][gc             ] GC(1243) Pause Remark 4694M->4190M(8192M) 2.828ms
[7094.051s][info][gc,cpu         ] GC(1243) User=0.02s Sys=0.00s Real=0.00s
[7094.051s][info][gc,marking     ] GC(1243) Concurrent Mark 1110.852ms
[7094.051s][info][gc,marking     ] GC(1243) Concurrent Rebuild Remembered Sets and Scrub Regions
[7094.778s][info][gc,marking     ] GC(1243) Concurrent Rebuild Remembered Sets and Scrub Regions 727.368ms
[7094.778s][info][gc,start       ] GC(1243) Pause Cleanup
[7094.779s][info][gc             ] GC(1243) Pause Cleanup 5138M->5138M(8192M) 0.268ms
[7094.779s][info][gc,cpu         ] GC(1243) User=0.00s Sys=0.00s Real=0.00s
[7094.779s][info][gc,marking     ] GC(1243) Concurrent Clear Claimed Marks
[7094.779s][info][gc,marking     ] GC(1243) Concurrent Clear Claimed Marks 0.043ms
[7094.779s][info][gc,marking     ] GC(1243) Concurrent Cleanup for Next Mark
[7094.788s][info][gc,marking     ] GC(1243) Concurrent Cleanup for Next Mark 9.172ms
[7094.788s][info][gc             ] GC(1243) Concurrent Mark Cycle 2202.716ms
.[7095.767s][info][gc,start       ] GC(1244) Pause Young (Prepare Mixed) (G1 Evacuation Pause)
[7095.767s][info][gc,task        ] GC(1244) Using 8 workers of 8 for evacuation
[7095.923s][info][gc,phases      ] GC(1244)   Pre Evacuate Collection Set: 0.23ms
[7095.923s][info][gc,phases      ] GC(1244)   Merge Heap Roots: 0.72ms
[7095.923s][info][gc,phases      ] GC(1244)   Evacuate Collection Set: 153.37ms
[7095.923s][info][gc,phases      ] GC(1244)   Post Evacuate Collection Set: 1.16ms
[7095.923s][info][gc,phases      ] GC(1244)   Other: 0.06ms
[7095.923s][info][gc,heap        ] GC(1244) Eden regions: 534->0(571)
[7095.923s][info][gc,heap        ] GC(1244) Survivor regions: 44->43(73)
[7095.923s][info][gc,heap        ] GC(1244) Old regions: 254->261
[7095.923s][info][gc,heap        ] GC(1244) Humongous regions: 33->33
[7095.923s][info][gc,metaspace   ] GC(1244) Metaspace: 29994K(30144K)->29994K(30144K) NonClass: 29994K(30144K)->29994K(30144K) Class: 0K(0K)->0K(0K)
[7095.923s][info][gc             ] GC(1244) Pause Young (Prepare Mixed) (G1 Evacuation Pause) 6902M->2683M(8192M) 155.673ms
[7095.923s][info][gc,cpu         ] GC(1244) User=1.23s Sys=0.00s Real=0.15s
...[7098.694s][info][gc,start       ] GC(1245) Pause Young (Mixed) (G1 Evacuation Pause)
[7098.694s][info][gc,task        ] GC(1245) Using 8 workers of 8 for evacuation
[7098.854s][info][gc,phases      ] GC(1245)   Pre Evacuate Collection Set: 0.27ms
[7098.854s][info][gc,phases      ] GC(1245)   Merge Heap Roots: 0.74ms
[7098.854s][info][gc,phases      ] GC(1245)   Evacuate Collection Set: 157.40ms
[7098.854s][info][gc,phases      ] GC(1245)   Post Evacuate Collection Set: 1.23ms
[7098.854s][info][gc,phases      ] GC(1245)   Other: 0.08ms
[7098.854s][info][gc,heap        ] GC(1245) Eden regions: 571->0(570)
[7098.854s][info][gc,heap        ] GC(1245) Survivor regions: 43->44(77)
[7098.854s][info][gc,heap        ] GC(1245) Old regions: 261->166
[7098.854s][info][gc,heap        ] GC(1245) Humongous regions: 33->33
[7098.854s][info][gc,metaspace   ] GC(1245) Metaspace: 29994K(30144K)->29994K(30144K) NonClass: 29994K(30144K)->29994K(30144K) Class: 0K(0K)->0K(0K)
[7098.854s][info][gc             ] GC(1245) Pause Young (Mixed) (G1 Evacuation Pause) 7251M->1931M(8192M) 159.830ms
[7098.854s][info][gc,cpu         ] GC(1245) User=1.27s Sys=0.00s Real=0.16s
...[7101.690s][info][gc,start       ] GC(1246) Pause Young (Mixed) (G1 Evacuation Pause)
[7101.690s][info][gc,task        ] GC(1246) Using 8 workers of 8 for evacuation
[7101.848s][info][gc,phases      ] GC(1246)   Pre Evacuate Collection Set: 0.23ms
[7101.848s][info][gc,phases      ] GC(1246)   Merge Heap Roots: 0.84ms
[7101.848s][info][gc,phases      ] GC(1246)   Evacuate Collection Set: 155.99ms
[7101.848s][info][gc,phases      ] GC(1246)   Post Evacuate Collection Set: 1.05ms
[7101.848s][info][gc,phases      ] GC(1246)   Other: 0.06ms
[7101.848s][info][gc,heap        ] GC(1246) Eden regions: 570->0(571)
[7101.848s][info][gc,heap        ] GC(1246) Survivor regions: 44->43(77)
[7101.848s][info][gc,heap        ] GC(1246) Old regions: 166->144
[7101.848s][info][gc,heap        ] GC(1246) Humongous regions: 33->33
[7101.848s][info][gc,metaspace   ] GC(1246) Metaspace: 29994K(30144K)->29994K(30144K) NonClass: 29994K(30144K)->29994K(30144K) Class: 0K(0K)->0K(0K)
[7101.848s][info][gc             ] GC(1246) Pause Young (Mixed) (G1 Evacuation Pause) 6491M->1742M(8192M) 158.312ms
[7101.848s][info][gc,cpu         ] GC(1246) User=1.25s Sys=0.00s Real=0.16s
...[7104.827s][info][gc,start       ] GC(1247) Pause Young (Normal) (G1 Evacuation Pause)
[7104.827s][info][gc,task        ] GC(1247) Using 8 workers of 8 for evacuation
[7104.980s][info][gc,phases      ] GC(1247)   Pre Evacuate Collection Set: 0.22ms
[7104.980s][info][gc,phases      ] GC(1247)   Merge Heap Roots: 0.51ms
[7104.980s][info][gc,phases      ] GC(1247)   Evacuate Collection Set: 151.11ms
[7104.980s][info][gc,phases      ] GC(1247)   Post Evacuate Collection Set: 1.03ms
[7104.980s][info][gc,phases      ] GC(1247)   Other: 0.06ms
[7104.980s][info][gc,heap        ] GC(1247) Eden regions: 571->0(570)
[7104.980s][info][gc,heap        ] GC(1247) Survivor regions: 43->44(77)
[7104.980s][info][gc,heap        ] GC(1247) Old regions: 144->151
[7104.980s][info][gc,heap        ] GC(1247) Humongous regions: 33->33
[7104.980s][info][gc,metaspace   ] GC(1247) Metaspace: 29994K(30144K)->29994K(30144K) NonClass: 29994K(30144K)->29994K(30144K) Class: 0K(0K)->0K(0K)
[7104.980s][info][gc             ] GC(1247) Pause Young (Normal) (G1 Evacuation Pause) 6310M->1807M(8192M) 153.049ms
[7104.980s][info][gc,cpu         ] GC(1247) User=1.21s Sys=0.00s Real=0.15s
...[7107.980s][info][gc,start       ] GC(1248) Pause Young (Normal) (G1 Evacuation Pause)
[7107.980s][info][gc,task        ] GC(1248) Using 8 workers of 8 for evacuation
[7108.132s][info][gc,phases      ] GC(1248)   Pre Evacuate Collection Set: 0.22ms
[7108.132s][info][gc,phases      ] GC(1248)   Merge Heap Roots: 0.52ms
[7108.132s][info][gc,phases      ] GC(1248)   Evacuate Collection Set: 150.35ms
[7108.132s][info][gc,phases      ] GC(1248)   Post Evacuate Collection Set: 1.05ms
[7108.132s][info][gc,phases      ] GC(1248)   Other: 0.06ms
[7108.132s][info][gc,heap        ] GC(1248) Eden regions: 570->0(571)
[7108.132s][info][gc,heap        ] GC(1248) Survivor regions: 44->43(77)
[7108.132s][info][gc,heap        ] GC(1248) Old regions: 151->158
[7108.132s][info][gc,heap        ] GC(1248) Humongous regions: 33->33
[7108.132s][info][gc,metaspace   ] GC(1248) Metaspace: 29994K(30144K)->29994K(30144K) NonClass: 29994K(30144K)->29994K(30144K) Class: 0K(0K)->0K(0K)
[7108.132s][info][gc             ] GC(1248) Pause Young (Normal) (G1 Evacuation Pause) 6367M->1858M(8192M) 152.338ms
[7108.132s][info][gc,cpu         ] GC(1248) User=1.21s Sys=0.01s Real=0.15s
...[7111.035s][info][gc,start       ] GC(1249) Pause Young (Normal) (G1 Evacuation Pause)
[7111.035s][info][gc,task        ] GC(1249) Using 8 workers of 8 for evacuation
[7111.186s][info][gc,phases      ] GC(1249)   Pre Evacuate Collection Set: 0.26ms
[7111.186s][info][gc,phases      ] GC(1249)   Merge Heap Roots: 0.56ms
[7111.186s][info][gc,phases      ] GC(1249)   Evacuate Collection Set: 149.50ms
[7111.186s][info][gc,phases      ] GC(1249)   Post Evacuate Collection Set: 1.03ms
[7111.186s][info][gc,phases      ] GC(1249)   Other: 0.06ms
[7111.186s][info][gc,heap        ] GC(1249) Eden regions: 571->0(570)
[7111.186s][info][gc,heap        ] GC(1249) Survivor regions: 43->44(77)
[7111.186s][info][gc,heap        ] GC(1249) Old regions: 158->166
[7111.186s][info][gc,heap        ] GC(1249) Humongous regions: 33->33
[7111.186s][info][gc,metaspace   ] GC(1249) Metaspace: 29994K(30144K)->29994K(30144K) NonClass: 29994K(30144K)->29994K(30144K) Class: 0K(0K)->0K(0K)
[7111.186s][info][gc             ] GC(1249) Pause Young (Normal) (G1 Evacuation Pause) 6426M->1921M(8192M) 151.538ms
[7111.186s][info][gc,cpu         ] GC(1249) User=1.20s Sys=0.00s Real=0.15s
....[7114.240s][info][gc,start       ] GC(1250) Pause Young (Normal) (G1 Evacuation Pause)
[7114.240s][info][gc,task        ] GC(1250) Using 8 workers of 8 for evacuation
[7114.389s][info][gc,phases      ] GC(1250)   Pre Evacuate Collection Set: 0.23ms
[7114.389s][info][gc,phases      ] GC(1250)   Merge Heap Roots: 0.53ms
[7114.389s][info][gc,phases      ] GC(1250)   Evacuate Collection Set: 146.55ms
[7114.389s][info][gc,phases      ] GC(1250)   Post Evacuate Collection Set: 1.05ms
[7114.389s][info][gc,phases      ] GC(1250)   Other: 0.06ms
[7114.389s][info][gc,heap        ] GC(1250) Eden regions: 570->0(571)
[7114.389s][info][gc,heap        ] GC(1250) Survivor regions: 44->43(77)
[7114.389s][info][gc,heap        ] GC(1250) Old regions: 166->173
[7114.389s][info][gc,heap        ] GC(1250) Humongous regions: 33->33
[7114.389s][info][gc,metaspace   ] GC(1250) Metaspace: 29994K(30144K)->29994K(30144K) NonClass: 29994K(30144K)->29994K(30144K) Class: 0K(0K)->0K(0K)
[7114.389s][info][gc             ] GC(1250) Pause Young (Normal) (G1 Evacuation Pause) 6481M->1971M(8192M) 148.572ms
[7114.389s][info][gc,cpu         ] GC(1250) User=1.18s Sys=0.00s Real=0.15s
 (rIR:aIR:PR = 12177:12228:12227) (tPR = 181900) [OK] 
  7114s: Performance info:
         Transaction,    Success,    Partial,     Failed,   Receipts, AvgBarcode, 
             Overall,     740138,          0,          0,     702744,      59.47, 
         Response times:
             Request,    Success,    Partial,     Failed,   SkipFail,     Probes,    Samples,      min,      p50,      p90,      p95,      p99,      max, 
       TotalPurchase,     702770,          0,          0,          0,     351080,     468316,      300,    17100,   130000,   176000,   289000,  3900000,
     InStorePurchase,     369929,          0,          0,          0,     185135,     246381,      300,    17100,   132000,   178000,   305000,  3900000,
      OnlinePurchase,     259183,          0,          0,          0,     128420,     171718,      300,    17100,   129000,   172000,   258000,  3900000,
        InstPurchase,      73658,          0,          0,          0,      37525,      50217,      400,    17200,   131000,   175000,   278820,  3900000,
          AssocOfCat,        737,          0,          0,          0,        613,        918,    33000,    77000,   204100,   242050,   317810,   391000,
      AssocOfProduct,       7429,          0,          0,          0,       3423,       4729,     1000,    16500,   119000,   167000,   264700,  1300000,
      BusinessReport,       1842,          0,          0,          0,       1624,       2358,    32000,    81000,   205000,   237000,   325000,  1300000,
          CustBuyBeh,       7292,          0,          0,          0,       3436,       4768,      300,    16600,   120000,   166000,   280000,  2600000,
       ProductReturn,      20153,          0,          0,          0,       9136,      12573,      300,    16600,   124000,   168000,   259000,  3900000,

  7114s: (89%)   IR =  12315 ..[7117.446s][info][gc,start       ] GC(1251) Pause Young (Normal) (G1 Evacuation Pause)
[7117.446s][info][gc,task        ] GC(1251) Using 8 workers of 8 for evacuation
[7117.601s][info][gc,phases      ] GC(1251)   Pre Evacuate Collection Set: 0.22ms
[7117.601s][info][gc,phases      ] GC(1251)   Merge Heap Roots: 0.53ms
[7117.601s][info][gc,phases      ] GC(1251)   Evacuate Collection Set: 153.06ms
[7117.601s][info][gc,phases      ] GC(1251)   Post Evacuate Collection Set: 1.12ms
[7117.601s][info][gc,phases      ] GC(1251)   Other: 0.06ms
[7117.601s][info][gc,heap        ] GC(1251) Eden regions: 571->0(570)
[7117.601s][info][gc,heap        ] GC(1251) Survivor regions: 43->44(77)
[7117.601s][info][gc,heap        ] GC(1251) Old regions: 173->180
[7117.601s][info][gc,heap        ] GC(1251) Humongous regions: 33->33
[7117.601s][info][gc,metaspace   ] GC(1251) Metaspace: 29994K(30144K)->29994K(30144K) NonClass: 29994K(30144K)->29994K(30144K) Class: 0K(0K)->0K(0K)
[7117.601s][info][gc             ] GC(1251) Pause Young (Normal) (G1 Evacuation Pause) 6539M->2037M(8192M) 155.124ms
[7117.601s][info][gc,cpu         ] GC(1251) User=1.23s Sys=0.00s Real=0.16s
...[7120.600s][info][gc,start       ] GC(1252) Pause Young (Normal) (G1 Evacuation Pause)
[7120.600s][info][gc,task        ] GC(1252) Using 8 workers of 8 for evacuation
[7120.751s][info][gc,phases      ] GC(1252)   Pre Evacuate Collection Set: 0.23ms
[7120.751s][info][gc,phases      ] GC(1252)   Merge Heap Roots: 0.51ms
[7120.751s][info][gc,phases      ] GC(1252)   Evacuate Collection Set: 148.42ms
[7120.751s][info][gc,phases      ] GC(1252)   Post Evacuate Collection Set: 1.07ms
[7120.751s][info][gc,phases      ] GC(1252)   Other: 0.06ms
[7120.751s][info][gc,heap        ] GC(1252) Eden regions: 570->0(571)
[7120.751s][info][gc,heap        ] GC(1252) Survivor regions: 44->43(77)
[7120.751s][info][gc,heap        ] GC(1252) Old regions: 180->187
[7120.751s][info][gc,heap        ] GC(1252) Humongous regions: 33->33
[7120.751s][info][gc,metaspace   ] GC(1252) Metaspace: 29994K(30144K)->29994K(30144K) NonClass: 29994K(30144K)->29994K(30144K) Class: 0K(0K)->0K(0K)
[7120.751s][info][gc             ] GC(1252) Pause Young (Normal) (G1 Evacuation Pause) 6597M->2091M(8192M) 150.441ms
[7120.751s][info][gc,cpu         ] GC(1252) User=1.19s Sys=0.00s Real=0.15s
...[7123.715s][info][gc,start       ] GC(1253) Pause Young (Normal) (G1 Evacuation Pause)
[7123.715s][info][gc,task        ] GC(1253) Using 8 workers of 8 for evacuation
[7123.869s][info][gc,phases      ] GC(1253)   Pre Evacuate Collection Set: 0.25ms
[7123.869s][info][gc,phases      ] GC(1253)   Merge Heap Roots: 0.66ms
[7123.869s][info][gc,phases      ] GC(1253)   Evacuate Collection Set: 150.78ms
[7123.869s][info][gc,phases      ] GC(1253)   Post Evacuate Collection Set: 1.03ms
[7123.869s][info][gc,phases      ] GC(1253)   Other: 0.85ms
[7123.869s][info][gc,heap        ] GC(1253) Eden regions: 571->0(570)
[7123.869s][info][gc,heap        ] GC(1253) Survivor regions: 43->44(77)
[7123.869s][info][gc,heap        ] GC(1253) Old regions: 187->194
[7123.869s][info][gc,heap        ] GC(1253) Humongous regions: 33->33
[7123.869s][info][gc,metaspace   ] GC(1253) Metaspace: 29994K(30144K)->29994K(30144K) NonClass: 29994K(30144K)->29994K(30144K) Class: 0K(0K)->0K(0K)
[7123.869s][info][gc             ] GC(1253) Pause Young (Normal) (G1 Evacuation Pause) 6659M->2151M(8192M) 153.693ms
[7123.869s][info][gc,cpu         ] GC(1253) User=1.21s Sys=0.00s Real=0.16s
...[7126.875s][info][gc,start       ] GC(1254) Pause Young (Normal) (G1 Evacuation Pause)
[7126.875s][info][gc,task        ] GC(1254) Using 8 workers of 8 for evacuation
[7127.026s][info][gc,phases      ] GC(1254)   Pre Evacuate Collection Set: 0.23ms
[7127.026s][info][gc,phases      ] GC(1254)   Merge Heap Roots: 0.53ms
[7127.026s][info][gc,phases      ] GC(1254)   Evacuate Collection Set: 149.23ms
[7127.026s][info][gc,phases      ] GC(1254)   Post Evacuate Collection Set: 1.06ms
[7127.026s][info][gc,phases      ] GC(1254)   Other: 0.06ms
[7127.026s][info][gc,heap        ] GC(1254) Eden regions: 570->0(571)
[7127.026s][info][gc,heap        ] GC(1254) Survivor regions: 44->43(77)
[7127.026s][info][gc,heap        ] GC(1254) Old regions: 194->201
[7127.026s][info][gc,heap        ] GC(1254) Humongous regions: 33->33
[7127.026s][info][gc,metaspace   ] GC(1254) Metaspace: 29994K(30144K)->29994K(30144K) NonClass: 29994K(30144K)->29994K(30144K) Class: 0K(0K)->0K(0K)
[7127.026s][info][gc             ] GC(1254) Pause Young (Normal) (G1 Evacuation Pause) 6711M->2202M(8192M) 151.229ms
[7127.026s][info][gc,cpu         ] GC(1254) User=1.19s Sys=0.00s Real=0.15s
...[7130.041s][info][gc,start       ] GC(1255) Pause Young (Normal) (G1 Evacuation Pause)
[7130.041s][info][gc,task        ] GC(1255) Using 8 workers of 8 for evacuation
[7130.190s][info][gc,phases      ] GC(1255)   Pre Evacuate Collection Set: 0.24ms
[7130.190s][info][gc,phases      ] GC(1255)   Merge Heap Roots: 0.53ms
[7130.190s][info][gc,phases      ] GC(1255)   Evacuate Collection Set: 147.22ms
[7130.190s][info][gc,phases      ] GC(1255)   Post Evacuate Collection Set: 1.04ms
[7130.190s][info][gc,phases      ] GC(1255)   Other: 0.07ms
[7130.190s][info][gc,heap        ] GC(1255) Eden regions: 571->0(571)
[7130.190s][info][gc,heap        ] GC(1255) Survivor regions: 43->43(77)
[7130.190s][info][gc,heap        ] GC(1255) Old regions: 201->209
[7130.190s][info][gc,heap        ] GC(1255) Humongous regions: 33->33
[7130.190s][info][gc,metaspace   ] GC(1255) Metaspace: 29994K(30144K)->29994K(30144K) NonClass: 29994K(30144K)->29994K(30144K) Class: 0K(0K)->0K(0K)
[7130.190s][info][gc             ] GC(1255) Pause Young (Normal) (G1 Evacuation Pause) 6770M->2257M(8192M) 149.225ms
[7130.190s][info][gc,cpu         ] GC(1255) User=1.18s Sys=0.00s Real=0.15s
...[7133.163s][info][gc,start       ] GC(1256) Pause Young (Normal) (G1 Evacuation Pause)
[7133.163s][info][gc,task        ] GC(1256) Using 8 workers of 8 for evacuation
[7133.313s][info][gc,phases      ] GC(1256)   Pre Evacuate Collection Set: 0.24ms
[7133.313s][info][gc,phases      ] GC(1256)   Merge Heap Roots: 0.53ms
[7133.313s][info][gc,phases      ] GC(1256)   Evacuate Collection Set: 147.95ms
[7133.313s][info][gc,phases      ] GC(1256)   Post Evacuate Collection Set: 1.05ms
[7133.313s][info][gc,phases      ] GC(1256)   Other: 0.06ms
[7133.313s][info][gc,heap        ] GC(1256) Eden regions: 571->0(571)
[7133.313s][info][gc,heap        ] GC(1256) Survivor regions: 43->43(77)
[7133.313s][info][gc,heap        ] GC(1256) Old regions: 209->216
[7133.313s][info][gc,heap        ] GC(1256) Humongous regions: 33->33
[7133.313s][info][gc,metaspace   ] GC(1256) Metaspace: 29994K(30144K)->29994K(30144K) NonClass: 29994K(30144K)->29994K(30144K) Class: 0K(0K)->0K(0K)
[7133.313s][info][gc             ] GC(1256) Pause Young (Normal) (G1 Evacuation Pause) 6825M->2318M(8192M) 149.954ms
[7133.313s][info][gc,cpu         ] GC(1256) User=1.18s Sys=0.01s Real=0.15s
...[7136.224s][info][gc,start       ] GC(1257) Pause Young (Normal) (G1 Evacuation Pause)
[7136.224s][info][gc,task        ] GC(1257) Using 8 workers of 8 for evacuation
[7136.374s][info][gc,phases      ] GC(1257)   Pre Evacuate Collection Set: 0.25ms
[7136.374s][info][gc,phases      ] GC(1257)   Merge Heap Roots: 0.52ms
[7136.374s][info][gc,phases      ] GC(1257)   Evacuate Collection Set: 147.44ms
[7136.374s][info][gc,phases      ] GC(1257)   Post Evacuate Collection Set: 1.02ms
[7136.374s][info][gc,phases      ] GC(1257)   Other: 0.07ms
[7136.374s][info][gc,heap        ] GC(1257) Eden regions: 571->0(570)
[7136.374s][info][gc,heap        ] GC(1257) Survivor regions: 43->44(77)
[7136.374s][info][gc,heap        ] GC(1257) Old regions: 216->223
[7136.374s][info][gc,heap        ] GC(1257) Humongous regions: 33->33
[7136.374s][info][gc,metaspace   ] GC(1257) Metaspace: 29994K(30144K)->29994K(30144K) NonClass: 29994K(30144K)->29994K(30144K) Class: 0K(0K)->0K(0K)
[7136.374s][info][gc             ] GC(1257) Pause Young (Normal) (G1 Evacuation Pause) 6886M->2378M(8192M) 149.433ms
[7136.374s][info][gc,cpu         ] GC(1257) User=1.18s Sys=0.00s Real=0.15s
....[7139.411s][info][gc,start       ] GC(1258) Pause Young (Normal) (G1 Evacuation Pause)
[7139.411s][info][gc,task        ] GC(1258) Using 8 workers of 8 for evacuation
[7139.559s][info][gc,phases      ] GC(1258)   Pre Evacuate Collection Set: 0.24ms
[7139.559s][info][gc,phases      ] GC(1258)   Merge Heap Roots: 0.52ms
[7139.559s][info][gc,phases      ] GC(1258)   Evacuate Collection Set: 145.93ms
[7139.559s][info][gc,phases      ] GC(1258)   Post Evacuate Collection Set: 1.05ms
[7139.559s][info][gc,phases      ] GC(1258)   Other: 0.06ms
[7139.559s][info][gc,heap        ] GC(1258) Eden regions: 570->0(570)
[7139.559s][info][gc,heap        ] GC(1258) Survivor regions: 44->44(77)
[7139.559s][info][gc,heap        ] GC(1258) Old regions: 223->230
[7139.559s][info][gc,heap        ] GC(1258) Humongous regions: 33->33
[7139.559s][info][gc,metaspace   ] GC(1258) Metaspace: 29994K(30144K)->29994K(30144K) NonClass: 29994K(30144K)->29994K(30144K) Class: 0K(0K)->0K(0K)
[7139.559s][info][gc             ] GC(1258) Pause Young (Normal) (G1 Evacuation Pause) 6938M->2437M(8192M) 147.933ms
[7139.559s][info][gc,cpu         ] GC(1258) User=1.17s Sys=0.00s Real=0.15s
...[7142.635s][info][gc,start       ] GC(1259) Pause Young (Normal) (G1 Evacuation Pause)
[7142.635s][info][gc,task        ] GC(1259) Using 8 workers of 8 for evacuation
[7142.790s][info][gc,phases      ] GC(1259)   Pre Evacuate Collection Set: 0.24ms
[7142.791s][info][gc,phases      ] GC(1259)   Merge Heap Roots: 0.55ms
[7142.791s][info][gc,phases      ] GC(1259)   Evacuate Collection Set: 153.34ms
[7142.791s][info][gc,phases      ] GC(1259)   Post Evacuate Collection Set: 1.03ms
[7142.791s][info][gc,phases      ] GC(1259)   Other: 0.08ms
[7142.791s][info][gc,heap        ] GC(1259) Eden regions: 570->0(570)
[7142.791s][info][gc,heap        ] GC(1259) Survivor regions: 44->44(77)
[7142.791s][info][gc,heap        ] GC(1259) Old regions: 230->238
[7142.791s][info][gc,heap        ] GC(1259) Humongous regions: 33->33
[7142.791s][info][gc,metaspace   ] GC(1259) Metaspace: 29994K(30144K)->29994K(30144K) NonClass: 29994K(30144K)->29994K(30144K) Class: 0K(0K)->0K(0K)
[7142.791s][info][gc             ] GC(1259) Pause Young (Normal) (G1 Evacuation Pause) 6997M->2501M(8192M) 155.381ms
[7142.791s][info][gc,cpu         ] GC(1259) User=1.23s Sys=0.00s Real=0.16s
... (rIR:aIR:PR = 12315:12128:12147) (tPR = 178385) [IR is under limit] [PR is under limit] 
  7145s: Performance info:
         Transaction,    Success,    Partial,     Failed,   Receipts, AvgBarcode, 
             Overall,     249146,          0,          0,     236501,      59.47, 
         Response times:
             Request,    Success,    Partial,     Failed,   SkipFail,     Probes,    Samples,      min,      p50,      p90,      p95,      p99,      max, 
       TotalPurchase,     236169,          0,          0,          0,     122839,     184048,      300,    13900,    72000,    99550,   157000,   930000,
     InStorePurchase,     123467,          0,          0,          0,      64520,      96778,      300,    13700,    72000,   100000,   157000,   930000,
      OnlinePurchase,      86645,          0,          0,          0,      45355,      67608,      400,    14000,    72000,    99000,   158000,   920000,
        InstPurchase,      26057,          0,          0,          0,      12964,      19662,      400,    14000,    73000,   100000,   157000,   930000,
          AssocOfCat,        251,          0,          0,          0,        209,        358,    35000,    74000,   131100,   158050,   251920,   273000,
      AssocOfProduct,       2416,          0,          0,          0,       1139,       1819,     1000,    14000,    71000,    96000,   153000,   544000,
      BusinessReport,        632,          0,          0,          0,        561,        931,    34000,    78000,   138000,   177800,   251040,   470000,
          CustBuyBeh,       2513,          0,          0,          0,       1199,       1863,      200,    12800,    70600,   108000,   222600,   710000,
       ProductReturn,       6781,          0,          0,          0,       3206,       4948,      200,    13200,    70000,   100000,   168020,   880000,

  7145s: 
  7145s: Failed, 7 overall retries left, retrying 1 of 1
  7145s: (89%)   IR =  12315 [7145.741s][info][gc,start       ] GC(1260) Pause Young (Normal) (G1 Evacuation Pause)
[7145.741s][info][gc,task        ] GC(1260) Using 8 workers of 8 for evacuation
[7145.890s][info][gc,phases      ] GC(1260)   Pre Evacuate Collection Set: 0.24ms
[7145.890s][info][gc,phases      ] GC(1260)   Merge Heap Roots: 0.53ms
[7145.890s][info][gc,phases      ] GC(1260)   Evacuate Collection Set: 146.72ms
[7145.890s][info][gc,phases      ] GC(1260)   Post Evacuate Collection Set: 1.10ms
[7145.890s][info][gc,phases      ] GC(1260)   Other: 0.06ms
[7145.890s][info][gc,heap        ] GC(1260) Eden regions: 570->0(571)
[7145.890s][info][gc,heap        ] GC(1260) Survivor regions: 44->43(77)
[7145.890s][info][gc,heap        ] GC(1260) Old regions: 238->245
[7145.890s][info][gc,heap        ] GC(1260) Humongous regions: 33->33
[7145.890s][info][gc,metaspace   ] GC(1260) Metaspace: 29994K(30144K)->29994K(30144K) NonClass: 29994K(30144K)->29994K(30144K) Class: 0K(0K)->0K(0K)
[7145.890s][info][gc             ] GC(1260) Pause Young (Normal) (G1 Evacuation Pause) 7061M->2549M(8192M) 148.798ms
[7145.890s][info][gc,cpu         ] GC(1260) User=1.18s Sys=0.00s Real=0.15s
...[7148.926s][info][gc,start       ] GC(1261) Pause Young (Normal) (G1 Evacuation Pause)
[7148.926s][info][gc,task        ] GC(1261) Using 8 workers of 8 for evacuation
[7149.077s][info][gc,phases      ] GC(1261)   Pre Evacuate Collection Set: 0.24ms
[7149.077s][info][gc,phases      ] GC(1261)   Merge Heap Roots: 0.52ms
[7149.077s][info][gc,phases      ] GC(1261)   Evacuate Collection Set: 148.59ms
[7149.077s][info][gc,phases      ] GC(1261)   Post Evacuate Collection Set: 1.08ms
[7149.077s][info][gc,phases      ] GC(1261)   Other: 0.07ms
[7149.077s][info][gc,heap        ] GC(1261) Eden regions: 571->0(571)
[7149.077s][info][gc,heap        ] GC(1261) Survivor regions: 43->43(77)
[7149.077s][info][gc,heap        ] GC(1261) Old regions: 245->252
[7149.077s][info][gc,heap        ] GC(1261) Humongous regions: 33->33
[7149.077s][info][gc,metaspace   ] GC(1261) Metaspace: 29994K(30144K)->29994K(30144K) NonClass: 29994K(30144K)->29994K(30144K) Class: 0K(0K)->0K(0K)
[7149.077s][info][gc             ] GC(1261) Pause Young (Normal) (G1 Evacuation Pause) 7117M->2609M(8192M) 150.639ms
[7149.077s][info][gc,cpu         ] GC(1261) User=1.19s Sys=0.00s Real=0.15s
...[7152.103s][info][gc,start       ] GC(1262) Pause Young (Normal) (G1 Evacuation Pause)
[7152.103s][info][gc,task        ] GC(1262) Using 8 workers of 8 for evacuation
[7152.260s][info][gc,phases      ] GC(1262)   Pre Evacuate Collection Set: 0.21ms
[7152.260s][info][gc,phases      ] GC(1262)   Merge Heap Roots: 0.53ms
[7152.260s][info][gc,phases      ] GC(1262)   Evacuate Collection Set: 155.25ms
[7152.260s][info][gc,phases      ] GC(1262)   Post Evacuate Collection Set: 1.04ms
[7152.260s][info][gc,phases      ] GC(1262)   Other: 0.06ms
[7152.260s][info][gc,heap        ] GC(1262) Eden regions: 571->0(569)
[7152.260s][info][gc,heap        ] GC(1262) Survivor regions: 43->45(77)
[7152.260s][info][gc,heap        ] GC(1262) Old regions: 252->260
[7152.260s][info][gc,heap        ] GC(1262) Humongous regions: 33->33
[7152.260s][info][gc,metaspace   ] GC(1262) Metaspace: 29994K(30144K)->29994K(30144K) NonClass: 29994K(30144K)->29994K(30144K) Class: 0K(0K)->0K(0K)
[7152.260s][info][gc             ] GC(1262) Pause Young (Normal) (G1 Evacuation Pause) 7177M->2685M(8192M) 157.222ms
[7152.260s][info][gc,cpu         ] GC(1262) User=1.25s Sys=0.00s Real=0.16s
...[7155.240s][info][gc,start       ] GC(1263) Pause Young (Normal) (G1 Evacuation Pause)
[7155.240s][info][gc,task        ] GC(1263) Using 8 workers of 8 for evacuation
[7155.400s][info][gc,phases      ] GC(1263)   Pre Evacuate Collection Set: 0.24ms
[7155.400s][info][gc,phases      ] GC(1263)   Merge Heap Roots: 0.63ms
[7155.401s][info][gc,phases      ] GC(1263)   Evacuate Collection Set: 158.56ms
[7155.401s][info][gc,phases      ] GC(1263)   Post Evacuate Collection Set: 1.08ms
[7155.401s][info][gc,phases      ] GC(1263)   Other: 0.06ms
[7155.401s][info][gc,heap        ] GC(1263) Eden regions: 569->0(569)
[7155.401s][info][gc,heap        ] GC(1263) Survivor regions: 45->45(77)
[7155.401s][info][gc,heap        ] GC(1263) Old regions: 260->267
[7155.401s][info][gc,heap        ] GC(1263) Humongous regions: 33->33
[7155.401s][info][gc,metaspace   ] GC(1263) Metaspace: 29994K(30144K)->29994K(30144K) NonClass: 29994K(30144K)->29994K(30144K) Class: 0K(0K)->0K(0K)
[7155.401s][info][gc             ] GC(1263) Pause Young (Normal) (G1 Evacuation Pause) 7237M->2742M(8192M) 160.705ms
[7155.401s][info][gc,cpu         ] GC(1263) User=1.27s Sys=0.00s Real=0.16s
...[7158.356s][info][gc,start       ] GC(1264) Pause Young (Normal) (G1 Evacuation Pause)
[7158.356s][info][gc,task        ] GC(1264) Using 8 workers of 8 for evacuation
[7158.512s][info][gc,phases      ] GC(1264)   Pre Evacuate Collection Set: 0.22ms
[7158.512s][info][gc,phases      ] GC(1264)   Merge Heap Roots: 0.53ms
[7158.512s][info][gc,phases      ] GC(1264)   Evacuate Collection Set: 153.78ms
[7158.512s][info][gc,phases      ] GC(1264)   Post Evacuate Collection Set: 1.06ms
[7158.512s][info][gc,phases      ] GC(1264)   Other: 0.07ms
[7158.512s][info][gc,heap        ] GC(1264) Eden regions: 569->0(570)
[7158.512s][info][gc,heap        ] GC(1264) Survivor regions: 45->44(77)
[7158.512s][info][gc,heap        ] GC(1264) Old regions: 267->274
[7158.512s][info][gc,heap        ] GC(1264) Humongous regions: 33->33
[7158.512s][info][gc,metaspace   ] GC(1264) Metaspace: 29994K(30144K)->29994K(30144K) NonClass: 29994K(30144K)->29994K(30144K) Class: 0K(0K)->0K(0K)
[7158.512s][info][gc             ] GC(1264) Pause Young (Normal) (G1 Evacuation Pause) 7294M->2790M(8192M) 155.802ms
[7158.512s][info][gc,cpu         ] GC(1264) User=1.24s Sys=0.00s Real=0.16s
...[7161.512s][info][gc,start       ] GC(1265) Pause Young (Normal) (G1 Evacuation Pause)
[7161.512s][info][gc,task        ] GC(1265) Using 8 workers of 8 for evacuation
[7161.667s][info][gc,phases      ] GC(1265)   Pre Evacuate Collection Set: 0.23ms
[7161.667s][info][gc,phases      ] GC(1265)   Merge Heap Roots: 0.52ms
[7161.667s][info][gc,phases      ] GC(1265)   Evacuate Collection Set: 152.80ms
[7161.667s][info][gc,phases      ] GC(1265)   Post Evacuate Collection Set: 1.04ms
[7161.667s][info][gc,phases      ] GC(1265)   Other: 0.06ms
[7161.667s][info][gc,heap        ] GC(1265) Eden regions: 570->0(570)
[7161.667s][info][gc,heap        ] GC(1265) Survivor regions: 44->44(77)
[7161.667s][info][gc,heap        ] GC(1265) Old regions: 274->281
[7161.667s][info][gc,heap        ] GC(1265) Humongous regions: 33->33
[7161.667s][info][gc,metaspace   ] GC(1265) Metaspace: 29994K(30144K)->29994K(30144K) NonClass: 29994K(30144K)->29994K(30144K) Class: 0K(0K)->0K(0K)
[7161.667s][info][gc             ] GC(1265) Pause Young (Normal) (G1 Evacuation Pause) 7350M->2849M(8192M) 154.783ms
[7161.667s][info][gc,cpu         ] GC(1265) User=1.23s Sys=0.00s Real=0.15s
...[7164.600s][info][gc,start       ] GC(1266) Pause Young (Normal) (G1 Evacuation Pause)
[7164.600s][info][gc,task        ] GC(1266) Using 8 workers of 8 for evacuation
[7164.759s][info][gc,phases      ] GC(1266)   Pre Evacuate Collection Set: 0.24ms
[7164.759s][info][gc,phases      ] GC(1266)   Merge Heap Roots: 0.60ms
[7164.759s][info][gc,phases      ] GC(1266)   Evacuate Collection Set: 156.22ms
[7164.759s][info][gc,phases      ] GC(1266)   Post Evacuate Collection Set: 1.05ms
[7164.759s][info][gc,phases      ] GC(1266)   Other: 0.07ms
[7164.759s][info][gc,heap        ] GC(1266) Eden regions: 570->0(561)
[7164.759s][info][gc,heap        ] GC(1266) Survivor regions: 44->45(77)
[7164.759s][info][gc,heap        ] GC(1266) Old regions: 281->288
[7164.759s][info][gc,heap        ] GC(1266) Humongous regions: 33->33
[7164.759s][info][gc,metaspace   ] GC(1266) Metaspace: 29994K(30144K)->29994K(30144K) NonClass: 29994K(30144K)->29994K(30144K) Class: 0K(0K)->0K(0K)
[7164.759s][info][gc             ] GC(1266) Pause Young (Normal) (G1 Evacuation Pause) 7409M->2915M(8192M) 158.303ms
[7164.759s][info][gc,cpu         ] GC(1266) User=1.25s Sys=0.00s Real=0.16s
...[7167.749s][info][gc,start       ] GC(1267) Pause Young (Normal) (G1 Evacuation Pause)
[7167.749s][info][gc,task        ] GC(1267) Using 8 workers of 8 for evacuation
[7167.898s][info][gc,phases      ] GC(1267)   Pre Evacuate Collection Set: 0.22ms
[7167.898s][info][gc,phases      ] GC(1267)   Merge Heap Roots: 0.59ms
[7167.898s][info][gc,phases      ] GC(1267)   Evacuate Collection Set: 146.90ms
[7167.898s][info][gc,phases      ] GC(1267)   Post Evacuate Collection Set: 1.07ms
[7167.898s][info][gc,phases      ] GC(1267)   Other: 0.06ms
[7167.898s][info][gc,heap        ] GC(1267) Eden regions: 561->0(558)
[7167.898s][info][gc,heap        ] GC(1267) Survivor regions: 45->43(76)
[7167.898s][info][gc,heap        ] GC(1267) Old regions: 288->295
[7167.898s][info][gc,heap        ] GC(1267) Humongous regions: 33->33
[7167.898s][info][gc,metaspace   ] GC(1267) Metaspace: 29994K(30144K)->29994K(30144K) NonClass: 29994K(30144K)->29994K(30144K) Class: 0K(0K)->0K(0K)
[7167.898s][info][gc             ] GC(1267) Pause Young (Normal) (G1 Evacuation Pause) 7403M->2951M(8192M) 148.964ms
[7167.898s][info][gc,cpu         ] GC(1267) User=1.18s Sys=0.00s Real=0.15s
...[7170.684s][info][gc,start       ] GC(1268) Pause Young (Normal) (G1 Evacuation Pause)
[7170.684s][info][gc,task        ] GC(1268) Using 8 workers of 8 for evacuation
[7170.841s][info][gc,phases      ] GC(1268)   Pre Evacuate Collection Set: 0.22ms
[7170.841s][info][gc,phases      ] GC(1268)   Merge Heap Roots: 0.52ms
[7170.841s][info][gc,phases      ] GC(1268)   Evacuate Collection Set: 155.25ms
[7170.841s][info][gc,phases      ] GC(1268)   Post Evacuate Collection Set: 1.04ms
[7170.841s][info][gc,phases      ] GC(1268)   Other: 0.07ms
[7170.841s][info][gc,heap        ] GC(1268) Eden regions: 558->0(546)
[7170.841s][info][gc,heap        ] GC(1268) Survivor regions: 43->45(76)
[7170.841s][info][gc,heap        ] GC(1268) Old regions: 295->303
[7170.841s][info][gc,heap        ] GC(1268) Humongous regions: 33->33
[7170.841s][info][gc,metaspace   ] GC(1268) Metaspace: 29994K(30144K)->29994K(30144K) NonClass: 29994K(30144K)->29994K(30144K) Class: 0K(0K)->0K(0K)
[7170.841s][info][gc             ] GC(1268) Pause Young (Normal) (G1 Evacuation Pause) 7415M->3031M(8192M) 157.227ms
[7170.841s][info][gc,cpu         ] GC(1268) User=1.24s Sys=0.00s Real=0.16s
...|[7173.671s][info][gc,start       ] GC(1269) Pause Young (Concurrent Start) (G1 Evacuation Pause)
[7173.671s][info][gc,task        ] GC(1269) Using 8 workers of 8 for evacuation
[7173.827s][info][gc,phases      ] GC(1269)   Pre Evacuate Collection Set: 0.26ms
[7173.827s][info][gc,phases      ] GC(1269)   Merge Heap Roots: 0.53ms
[7173.827s][info][gc,phases      ] GC(1269)   Evacuate Collection Set: 154.22ms
[7173.827s][info][gc,phases      ] GC(1269)   Post Evacuate Collection Set: 1.03ms
[7173.827s][info][gc,phases      ] GC(1269)   Other: 0.08ms
[7173.827s][info][gc,heap        ] GC(1269) Eden regions: 546->0(541)
[7173.827s][info][gc,heap        ] GC(1269) Survivor regions: 45->44(74)
[7173.827s][info][gc,heap        ] GC(1269) Old regions: 303->310
[7173.827s][info][gc,heap        ] GC(1269) Humongous regions: 33->33
[7173.827s][info][gc,metaspace   ] GC(1269) Metaspace: 29994K(30144K)->29994K(30144K) NonClass: 29994K(30144K)->29994K(30144K) Class: 0K(0K)->0K(0K)
[7173.827s][info][gc             ] GC(1269) Pause Young (Concurrent Start) (G1 Evacuation Pause) 7399M->3079M(8192M) 156.241ms
[7173.827s][info][gc             ] GC(1270) Concurrent Mark Cycle
[7173.827s][info][gc,marking     ] GC(1270) Concurrent Scan Root Regions
[7173.827s][info][gc,cpu         ] GC(1269) User=1.23s Sys=0.01s Real=0.16s
.[7174.250s][info][gc,marking     ] GC(1270) Concurrent Scan Root Regions 422.260ms
[7174.250s][info][gc,marking     ] GC(1270) Concurrent Mark
[7174.250s][info][gc,marking     ] GC(1270) Concurrent Mark From Roots
[7174.250s][info][gc,task        ] GC(1270) Using 2 workers of 2 for marking
.[7175.509s][info][gc,marking     ] GC(1270) Concurrent Mark From Roots 1259.114ms
[7175.509s][info][gc,marking     ] GC(1270) Concurrent Preclean
[7175.509s][info][gc,marking     ] GC(1270) Concurrent Preclean 0.135ms
[7175.509s][info][gc,start       ] GC(1270) Pause Remark
[7175.511s][info][gc             ] GC(1270) Pause Remark 5087M->4535M(8192M) 1.928ms
[7175.511s][info][gc,cpu         ] GC(1270) User=0.01s Sys=0.00s Real=0.00s
[7175.511s][info][gc,marking     ] GC(1270) Concurrent Mark 1261.498ms
[7175.511s][info][gc,marking     ] GC(1270) Concurrent Rebuild Remembered Sets and Scrub Regions
.[7176.394s][info][gc,marking     ] GC(1270) Concurrent Rebuild Remembered Sets and Scrub Regions 882.672ms
[7176.394s][info][gc,start       ] GC(1270) Pause Cleanup
[7176.394s][info][gc             ] GC(1270) Pause Cleanup 5807M->5807M(8192M) 0.251ms
[7176.394s][info][gc,cpu         ] GC(1270) User=0.00s Sys=0.00s Real=0.00s
[7176.394s][info][gc,marking     ] GC(1270) Concurrent Clear Claimed Marks
[7176.394s][info][gc,marking     ] GC(1270) Concurrent Clear Claimed Marks 0.042ms
[7176.394s][info][gc,marking     ] GC(1270) Concurrent Cleanup for Next Mark
[7176.406s][info][gc,marking     ] GC(1270) Concurrent Cleanup for Next Mark 11.110ms
[7176.406s][info][gc             ] GC(1270) Concurrent Mark Cycle 2578.251ms
.[7177.084s][info][gc,start       ] GC(1271) Pause Young (Prepare Mixed) (G1 Evacuation Pause)
[7177.084s][info][gc,task        ] GC(1271) Using 8 workers of 8 for evacuation
[7177.233s][info][gc,phases      ] GC(1271)   Pre Evacuate Collection Set: 0.23ms
[7177.233s][info][gc,phases      ] GC(1271)   Merge Heap Roots: 0.79ms
[7177.233s][info][gc,phases      ] GC(1271)   Evacuate Collection Set: 147.17ms
[7177.233s][info][gc,phases      ] GC(1271)   Post Evacuate Collection Set: 1.11ms
[7177.233s][info][gc,phases      ] GC(1271)   Other: 0.07ms
[7177.233s][info][gc,heap        ] GC(1271) Eden regions: 541->0(572)
[7177.233s][info][gc,heap        ] GC(1271) Survivor regions: 44->42(74)
[7177.233s][info][gc,heap        ] GC(1271) Old regions: 241->249
[7177.233s][info][gc,heap        ] GC(1271) Humongous regions: 33->33
[7177.233s][info][gc,metaspace   ] GC(1271) Metaspace: 29994K(30144K)->29994K(30144K) NonClass: 29994K(30144K)->29994K(30144K) Class: 0K(0K)->0K(0K)
[7177.233s][info][gc             ] GC(1271) Pause Young (Prepare Mixed) (G1 Evacuation Pause) 6855M->2578M(8192M) 149.508ms
[7177.233s][info][gc,cpu         ] GC(1271) User=1.18s Sys=0.00s Real=0.15s
...[7180.017s][info][gc,start       ] GC(1272) Pause Young (Mixed) (G1 Evacuation Pause)
[7180.017s][info][gc,task        ] GC(1272) Using 8 workers of 8 for evacuation
[7180.176s][info][gc,phases      ] GC(1272)   Pre Evacuate Collection Set: 0.25ms
[7180.176s][info][gc,phases      ] GC(1272)   Merge Heap Roots: 0.84ms
[7180.176s][info][gc,phases      ] GC(1272)   Evacuate Collection Set: 156.33ms
[7180.176s][info][gc,phases      ] GC(1272)   Post Evacuate Collection Set: 1.24ms
[7180.176s][info][gc,phases      ] GC(1272)   Other: 0.08ms
[7180.176s][info][gc,heap        ] GC(1272) Eden regions: 572->0(571)
[7180.176s][info][gc,heap        ] GC(1272) Survivor regions: 42->43(77)
[7180.176s][info][gc,heap        ] GC(1272) Old regions: 249->155
[7180.176s][info][gc,heap        ] GC(1272) Humongous regions: 33->33
[7180.176s][info][gc,metaspace   ] GC(1272) Metaspace: 29994K(30144K)->29994K(30144K) NonClass: 29994K(30144K)->29994K(30144K) Class: 0K(0K)->0K(0K)
[7180.176s][info][gc             ] GC(1272) Pause Young (Mixed) (G1 Evacuation Pause) 7154M->1830M(8192M) 158.870ms
[7180.176s][info][gc,cpu         ] GC(1272) User=1.26s Sys=0.00s Real=0.16s
...[7182.972s][info][gc,start       ] GC(1273) Pause Young (Mixed) (G1 Evacuation Pause)
[7182.972s][info][gc,task        ] GC(1273) Using 8 workers of 8 for evacuation
[7183.129s][info][gc,phases      ] GC(1273)   Pre Evacuate Collection Set: 0.24ms
[7183.129s][info][gc,phases      ] GC(1273)   Merge Heap Roots: 0.76ms
[7183.129s][info][gc,phases      ] GC(1273)   Evacuate Collection Set: 154.04ms
[7183.129s][info][gc,phases      ] GC(1273)   Post Evacuate Collection Set: 1.06ms
[7183.129s][info][gc,phases      ] GC(1273)   Other: 0.06ms
[7183.129s][info][gc,heap        ] GC(1273) Eden regions: 571->0(571)
[7183.129s][info][gc,heap        ] GC(1273) Survivor regions: 43->43(77)
[7183.129s][info][gc,heap        ] GC(1273) Old regions: 155->144
[7183.129s][info][gc,heap        ] GC(1273) Humongous regions: 33->33
[7183.129s][info][gc,metaspace   ] GC(1273) Metaspace: 29994K(30144K)->29994K(30144K) NonClass: 29994K(30144K)->29994K(30144K) Class: 0K(0K)->0K(0K)
[7183.129s][info][gc             ] GC(1273) Pause Young (Mixed) (G1 Evacuation Pause) 6398M->1745M(8192M) 156.293ms
[7183.129s][info][gc,cpu         ] GC(1273) User=1.24s Sys=0.00s Real=0.16s
...[7185.915s][info][gc,start       ] GC(1274) Pause Young (Normal) (G1 Evacuation Pause)
[7185.916s][info][gc,task        ] GC(1274) Using 8 workers of 8 for evacuation
[7186.065s][info][gc,phases      ] GC(1274)   Pre Evacuate Collection Set: 0.22ms
[7186.065s][info][gc,phases      ] GC(1274)   Merge Heap Roots: 0.52ms
[7186.065s][info][gc,phases      ] GC(1274)   Evacuate Collection Set: 147.83ms
[7186.065s][info][gc,phases      ] GC(1274)   Post Evacuate Collection Set: 1.02ms
[7186.065s][info][gc,phases      ] GC(1274)   Other: 0.07ms
[7186.065s][info][gc,heap        ] GC(1274) Eden regions: 571->0(571)
[7186.065s][info][gc,heap        ] GC(1274) Survivor regions: 43->43(77)
[7186.065s][info][gc,heap        ] GC(1274) Old regions: 144->151
[7186.065s][info][gc,heap        ] GC(1274) Humongous regions: 33->33
[7186.065s][info][gc,metaspace   ] GC(1274) Metaspace: 29994K(30144K)->29994K(30144K) NonClass: 29994K(30144K)->29994K(30144K) Class: 0K(0K)->0K(0K)
[7186.065s][info][gc             ] GC(1274) Pause Young (Normal) (G1 Evacuation Pause) 6313M->1803M(8192M) 149.792ms
[7186.065s][info][gc,cpu         ] GC(1274) User=1.18s Sys=0.00s Real=0.15s
...[7189.090s][info][gc,start       ] GC(1275) Pause Young (Normal) (G1 Evacuation Pause)
[7189.090s][info][gc,task        ] GC(1275) Using 8 workers of 8 for evacuation
[7189.241s][info][gc,phases      ] GC(1275)   Pre Evacuate Collection Set: 0.24ms
[7189.241s][info][gc,phases      ] GC(1275)   Merge Heap Roots: 0.52ms
[7189.241s][info][gc,phases      ] GC(1275)   Evacuate Collection Set: 149.38ms
[7189.241s][info][gc,phases      ] GC(1275)   Post Evacuate Collection Set: 1.03ms
[7189.241s][info][gc,phases      ] GC(1275)   Other: 0.06ms
[7189.241s][info][gc,heap        ] GC(1275) Eden regions: 571->0(570)
[7189.241s][info][gc,heap        ] GC(1275) Survivor regions: 43->44(77)
[7189.241s][info][gc,heap        ] GC(1275) Old regions: 151->158
[7189.241s][info][gc,heap        ] GC(1275) Humongous regions: 33->33
[7189.241s][info][gc,metaspace   ] GC(1275) Metaspace: 29994K(30144K)->29994K(30144K) NonClass: 29994K(30144K)->29994K(30144K) Class: 0K(0K)->0K(0K)
[7189.241s][info][gc             ] GC(1275) Pause Young (Normal) (G1 Evacuation Pause) 6371M->1863M(8192M) 151.371ms
[7189.241s][info][gc,cpu         ] GC(1275) User=1.20s Sys=0.00s Real=0.15s
...[7192.074s][info][gc,start       ] GC(1276) Pause Young (Normal) (G1 Evacuation Pause)
[7192.074s][info][gc,task        ] GC(1276) Using 8 workers of 8 for evacuation
[7192.225s][info][gc,phases      ] GC(1276)   Pre Evacuate Collection Set: 0.25ms
[7192.225s][info][gc,phases      ] GC(1276)   Merge Heap Roots: 0.54ms
[7192.225s][info][gc,phases      ] GC(1276)   Evacuate Collection Set: 148.76ms
[7192.225s][info][gc,phases      ] GC(1276)   Post Evacuate Collection Set: 1.06ms
[7192.225s][info][gc,phases      ] GC(1276)   Other: 0.07ms
[7192.225s][info][gc,heap        ] GC(1276) Eden regions: 570->0(571)
[7192.225s][info][gc,heap        ] GC(1276) Survivor regions: 44->43(77)
[7192.225s][info][gc,heap        ] GC(1276) Old regions: 158->166
[7192.225s][info][gc,heap        ] GC(1276) Humongous regions: 33->33
[7192.225s][info][gc,metaspace   ] GC(1276) Metaspace: 29994K(30144K)->29994K(30144K) NonClass: 29994K(30144K)->29994K(30144K) Class: 0K(0K)->0K(0K)
[7192.225s][info][gc             ] GC(1276) Pause Young (Normal) (G1 Evacuation Pause) 6423M->1913M(8192M) 150.804ms
[7192.225s][info][gc,cpu         ] GC(1276) User=1.20s Sys=0.00s Real=0.15s
...[7195.057s][info][gc,start       ] GC(1277) Pause Young (Normal) (G1 Evacuation Pause)
[7195.057s][info][gc,task        ] GC(1277) Using 8 workers of 8 for evacuation
[7195.205s][info][gc,phases      ] GC(1277)   Pre Evacuate Collection Set: 0.24ms
[7195.205s][info][gc,phases      ] GC(1277)   Merge Heap Roots: 0.52ms
[7195.205s][info][gc,phases      ] GC(1277)   Evacuate Collection Set: 146.24ms
[7195.205s][info][gc,phases      ] GC(1277)   Post Evacuate Collection Set: 1.04ms
[7195.205s][info][gc,phases      ] GC(1277)   Other: 0.07ms
[7195.205s][info][gc,heap        ] GC(1277) Eden regions: 571->0(571)
[7195.205s][info][gc,heap        ] GC(1277) Survivor regions: 43->43(77)
[7195.205s][info][gc,heap        ] GC(1277) Old regions: 166->173
[7195.205s][info][gc,heap        ] GC(1277) Humongous regions: 33->33
[7195.205s][info][gc,metaspace   ] GC(1277) Metaspace: 29994K(30144K)->29994K(30144K) NonClass: 29994K(30144K)->29994K(30144K) Class: 0K(0K)->0K(0K)
[7195.205s][info][gc             ] GC(1277) Pause Young (Normal) (G1 Evacuation Pause) 6481M->1971M(8192M) 148.248ms
[7195.205s][info][gc,cpu         ] GC(1277) User=1.17s Sys=0.00s Real=0.15s
...[7198.255s][info][gc,start       ] GC(1278) Pause Young (Normal) (G1 Evacuation Pause)
[7198.255s][info][gc,task        ] GC(1278) Using 8 workers of 8 for evacuation
[7198.408s][info][gc,phases      ] GC(1278)   Pre Evacuate Collection Set: 0.25ms
[7198.408s][info][gc,phases      ] GC(1278)   Merge Heap Roots: 0.61ms
[7198.408s][info][gc,phases      ] GC(1278)   Evacuate Collection Set: 150.65ms
[7198.408s][info][gc,phases      ] GC(1278)   Post Evacuate Collection Set: 1.03ms
[7198.408s][info][gc,phases      ] GC(1278)   Other: 0.07ms
[7198.408s][info][gc,heap        ] GC(1278) Eden regions: 571->0(571)
[7198.408s][info][gc,heap        ] GC(1278) Survivor regions: 43->43(77)
[7198.408s][info][gc,heap        ] GC(1278) Old regions: 173->180
[7198.408s][info][gc,heap        ] GC(1278) Humongous regions: 33->33
[7198.408s][info][gc,metaspace   ] GC(1278) Metaspace: 29994K(30144K)->29994K(30144K) NonClass: 29994K(30144K)->29994K(30144K) Class: 0K(0K)->0K(0K)
[7198.408s][info][gc             ] GC(1278) Pause Young (Normal) (G1 Evacuation Pause) 6539M->2033M(8192M) 152.755ms
[7198.408s][info][gc,cpu         ] GC(1278) User=1.21s Sys=0.00s Real=0.16s
...[7201.266s][info][gc,start       ] GC(1279) Pause Young (Normal) (G1 Evacuation Pause)
[7201.266s][info][gc,task        ] GC(1279) Using 8 workers of 8 for evacuation
[7201.421s][info][gc,phases      ] GC(1279)   Pre Evacuate Collection Set: 0.26ms
[7201.421s][info][gc,phases      ] GC(1279)   Merge Heap Roots: 0.52ms
[7201.421s][info][gc,phases      ] GC(1279)   Evacuate Collection Set: 152.98ms
[7201.421s][info][gc,phases      ] GC(1279)   Post Evacuate Collection Set: 1.03ms
[7201.421s][info][gc,phases      ] GC(1279)   Other: 0.06ms
[7201.421s][info][gc,heap        ] GC(1279) Eden regions: 571->0(570)
[7201.421s][info][gc,heap        ] GC(1279) Survivor regions: 43->44(77)
[7201.421s][info][gc,heap        ] GC(1279) Old regions: 180->187
[7201.421s][info][gc,heap        ] GC(1279) Humongous regions: 33->33
[7201.421s][info][gc,metaspace   ] GC(1279) Metaspace: 29994K(30144K)->29994K(30144K) NonClass: 29994K(30144K)->29994K(30144K) Class: 0K(0K)->0K(0K)
[7201.421s][info][gc             ] GC(1279) Pause Young (Normal) (G1 Evacuation Pause) 6601M->2099M(8192M) 154.983ms
[7201.421s][info][gc,cpu         ] GC(1279) User=1.22s Sys=0.00s Real=0.16s
...[7204.346s][info][gc,start       ] GC(1280) Pause Young (Normal) (G1 Evacuation Pause)
[7204.346s][info][gc,task        ] GC(1280) Using 8 workers of 8 for evacuation
[7204.495s][info][gc,phases      ] GC(1280)   Pre Evacuate Collection Set: 0.27ms
[7204.495s][info][gc,phases      ] GC(1280)   Merge Heap Roots: 0.67ms
[7204.495s][info][gc,phases      ] GC(1280)   Evacuate Collection Set: 147.06ms
[7204.495s][info][gc,phases      ] GC(1280)   Post Evacuate Collection Set: 1.05ms
[7204.495s][info][gc,phases      ] GC(1280)   Other: 0.06ms
[7204.495s][info][gc,heap        ] GC(1280) Eden regions: 570->0(571)
[7204.495s][info][gc,heap        ] GC(1280) Survivor regions: 44->43(77)
[7204.495s][info][gc,heap        ] GC(1280) Old regions: 187->194
[7204.495s][info][gc,heap        ] GC(1280) Humongous regions: 33->33
[7204.495s][info][gc,metaspace   ] GC(1280) Metaspace: 29994K(30144K)->29994K(30144K) NonClass: 29994K(30144K)->29994K(30144K) Class: 0K(0K)->0K(0K)
[7204.495s][info][gc             ] GC(1280) Pause Young (Normal) (G1 Evacuation Pause) 6659M->2147M(8192M) 149.254ms
[7204.495s][info][gc,cpu         ] GC(1280) User=1.18s Sys=0.00s Real=0.15s
...[7207.514s][info][gc,start       ] GC(1281) Pause Young (Normal) (G1 Evacuation Pause)
[7207.515s][info][gc,task        ] GC(1281) Using 8 workers of 8 for evacuation
[7207.665s][info][gc,phases      ] GC(1281)   Pre Evacuate Collection Set: 0.24ms
[7207.665s][info][gc,phases      ] GC(1281)   Merge Heap Roots: 0.54ms
[7207.665s][info][gc,phases      ] GC(1281)   Evacuate Collection Set: 148.49ms
[7207.665s][info][gc,phases      ] GC(1281)   Post Evacuate Collection Set: 1.06ms
[7207.665s][info][gc,phases      ] GC(1281)   Other: 0.06ms
[7207.665s][info][gc,heap        ] GC(1281) Eden regions: 571->0(571)
[7207.665s][info][gc,heap        ] GC(1281) Survivor regions: 43->43(77)
[7207.665s][info][gc,heap        ] GC(1281) Old regions: 194->202
[7207.665s][info][gc,heap        ] GC(1281) Humongous regions: 33->33
[7207.665s][info][gc,metaspace   ] GC(1281) Metaspace: 29994K(30144K)->29994K(30144K) NonClass: 29994K(30144K)->29994K(30144K) Class: 0K(0K)->0K(0K)
[7207.665s][info][gc             ] GC(1281) Pause Young (Normal) (G1 Evacuation Pause) 6715M->2205M(8192M) 150.532ms
[7207.665s][info][gc,cpu         ] GC(1281) User=1.20s Sys=0.00s Real=0.15s
...[7210.629s][info][gc,start       ] GC(1282) Pause Young (Normal) (G1 Evacuation Pause)
[7210.629s][info][gc,task        ] GC(1282) Using 8 workers of 8 for evacuation
[7210.787s][info][gc,phases      ] GC(1282)   Pre Evacuate Collection Set: 0.26ms
[7210.787s][info][gc,phases      ] GC(1282)   Merge Heap Roots: 0.55ms
[7210.787s][info][gc,phases      ] GC(1282)   Evacuate Collection Set: 156.63ms
[7210.787s][info][gc,phases      ] GC(1282)   Post Evacuate Collection Set: 1.01ms
[7210.787s][info][gc,phases      ] GC(1282)   Other: 0.06ms
[7210.787s][info][gc,heap        ] GC(1282) Eden regions: 571->0(569)
[7210.787s][info][gc,heap        ] GC(1282) Survivor regions: 43->45(77)
[7210.787s][info][gc,heap        ] GC(1282) Old regions: 202->209
[7210.787s][info][gc,heap        ] GC(1282) Humongous regions: 33->33
[7210.787s][info][gc,metaspace   ] GC(1282) Metaspace: 29994K(30144K)->29994K(30144K) NonClass: 29994K(30144K)->29994K(30144K) Class: 0K(0K)->0K(0K)
[7210.787s][info][gc             ] GC(1282) Pause Young (Normal) (G1 Evacuation Pause) 6773M->2278M(8192M) 158.661ms
[7210.787s][info][gc,cpu         ] GC(1282) User=1.25s Sys=0.00s Real=0.16s
...[7213.835s][info][gc,start       ] GC(1283) Pause Young (Normal) (G1 Evacuation Pause)
[7213.835s][info][gc,task        ] GC(1283) Using 8 workers of 8 for evacuation
[7213.988s][info][gc,phases      ] GC(1283)   Pre Evacuate Collection Set: 0.23ms
[7213.988s][info][gc,phases      ] GC(1283)   Merge Heap Roots: 0.52ms
[7213.988s][info][gc,phases      ] GC(1283)   Evacuate Collection Set: 150.33ms
[7213.988s][info][gc,phases      ] GC(1283)   Post Evacuate Collection Set: 1.09ms
[7213.988s][info][gc,phases      ] GC(1283)   Other: 0.06ms
[7213.988s][info][gc,heap        ] GC(1283) Eden regions: 569->0(570)
[7213.988s][info][gc,heap        ] GC(1283) Survivor regions: 45->44(77)
[7213.988s][info][gc,heap        ] GC(1283) Old regions: 209->217
[7213.988s][info][gc,heap        ] GC(1283) Humongous regions: 33->33
[7213.988s][info][gc,metaspace   ] GC(1283) Metaspace: 29994K(30144K)->29994K(30144K) NonClass: 29994K(30144K)->29994K(30144K) Class: 0K(0K)->0K(0K)
[7213.988s][info][gc             ] GC(1283) Pause Young (Normal) (G1 Evacuation Pause) 6830M->2329M(8192M) 152.349ms
[7213.988s][info][gc,cpu         ] GC(1283) User=1.20s Sys=0.00s Real=0.16s
....[7217.038s][info][gc,start       ] GC(1284) Pause Young (Normal) (G1 Evacuation Pause)
[7217.038s][info][gc,task        ] GC(1284) Using 8 workers of 8 for evacuation
[7217.193s][info][gc,phases      ] GC(1284)   Pre Evacuate Collection Set: 0.24ms
[7217.193s][info][gc,phases      ] GC(1284)   Merge Heap Roots: 0.61ms
[7217.193s][info][gc,phases      ] GC(1284)   Evacuate Collection Set: 152.92ms
[7217.193s][info][gc,phases      ] GC(1284)   Post Evacuate Collection Set: 1.04ms
[7217.193s][info][gc,phases      ] GC(1284)   Other: 0.07ms
[7217.193s][info][gc,heap        ] GC(1284) Eden regions: 570->0(570)
[7217.193s][info][gc,heap        ] GC(1284) Survivor regions: 44->44(77)
[7217.193s][info][gc,heap        ] GC(1284) Old regions: 217->224
[7217.193s][info][gc,heap        ] GC(1284) Humongous regions: 33->33
[7217.193s][info][gc,metaspace   ] GC(1284) Metaspace: 29994K(30144K)->29994K(30144K) NonClass: 29994K(30144K)->29994K(30144K) Class: 0K(0K)->0K(0K)
[7217.193s][info][gc             ] GC(1284) Pause Young (Normal) (G1 Evacuation Pause) 6889M->2387M(8192M) 155.015ms
[7217.193s][info][gc,cpu         ] GC(1284) User=1.23s Sys=0.01s Real=0.15s
...[7220.124s][info][gc,start       ] GC(1285) Pause Young (Normal) (G1 Evacuation Pause)
[7220.124s][info][gc,task        ] GC(1285) Using 8 workers of 8 for evacuation
[7220.282s][info][gc,phases      ] GC(1285)   Pre Evacuate Collection Set: 0.25ms
[7220.282s][info][gc,phases      ] GC(1285)   Merge Heap Roots: 0.52ms
[7220.282s][info][gc,phases      ] GC(1285)   Evacuate Collection Set: 155.99ms
[7220.282s][info][gc,phases      ] GC(1285)   Post Evacuate Collection Set: 1.06ms
[7220.282s][info][gc,phases      ] GC(1285)   Other: 0.07ms
[7220.282s][info][gc,heap        ] GC(1285) Eden regions: 570->0(569)
[7220.282s][info][gc,heap        ] GC(1285) Survivor regions: 44->45(77)
[7220.282s][info][gc,heap        ] GC(1285) Old regions: 224->231
[7220.282s][info][gc,heap        ] GC(1285) Humongous regions: 33->33
[7220.282s][info][gc,metaspace   ] GC(1285) Metaspace: 29994K(30144K)->29994K(30144K) NonClass: 29994K(30144K)->29994K(30144K) Class: 0K(0K)->0K(0K)
[7220.282s][info][gc             ] GC(1285) Pause Young (Normal) (G1 Evacuation Pause) 6947M->2457M(8192M) 158.035ms
[7220.282s][info][gc,cpu         ] GC(1285) User=1.26s Sys=0.00s Real=0.16s
...[7223.272s][info][gc,start       ] GC(1286) Pause Young (Normal) (G1 Evacuation Pause)
[7223.272s][info][gc,task        ] GC(1286) Using 8 workers of 8 for evacuation
[7223.424s][info][gc,phases      ] GC(1286)   Pre Evacuate Collection Set: 0.22ms
[7223.424s][info][gc,phases      ] GC(1286)   Merge Heap Roots: 0.53ms
[7223.424s][info][gc,phases      ] GC(1286)   Evacuate Collection Set: 149.55ms
[7223.424s][info][gc,phases      ] GC(1286)   Post Evacuate Collection Set: 1.03ms
[7223.424s][info][gc,phases      ] GC(1286)   Other: 0.06ms
[7223.424s][info][gc,heap        ] GC(1286) Eden regions: 569->0(571)
[7223.424s][info][gc,heap        ] GC(1286) Survivor regions: 45->43(77)
[7223.424s][info][gc,heap        ] GC(1286) Old regions: 231->238
[7223.424s][info][gc,heap        ] GC(1286) Humongous regions: 33->33
[7223.424s][info][gc,metaspace   ] GC(1286) Metaspace: 29994K(30144K)->29994K(30144K) NonClass: 29994K(30144K)->29994K(30144K) Class: 0K(0K)->0K(0K)
[7223.424s][info][gc             ] GC(1286) Pause Young (Normal) (G1 Evacuation Pause) 7009M->2499M(8192M) 151.510ms
[7223.424s][info][gc,cpu         ] GC(1286) User=1.20s Sys=0.00s Real=0.15s
...[7226.435s][info][gc,start       ] GC(1287) Pause Young (Normal) (G1 Evacuation Pause)
[7226.435s][info][gc,task        ] GC(1287) Using 8 workers of 8 for evacuation
[7226.583s][info][gc,phases      ] GC(1287)   Pre Evacuate Collection Set: 0.27ms
[7226.583s][info][gc,phases      ] GC(1287)   Merge Heap Roots: 0.54ms
[7226.583s][info][gc,phases      ] GC(1287)   Evacuate Collection Set: 146.69ms
[7226.583s][info][gc,phases      ] GC(1287)   Post Evacuate Collection Set: 1.03ms
[7226.583s][info][gc,phases      ] GC(1287)   Other: 0.06ms
[7226.583s][info][gc,heap        ] GC(1287) Eden regions: 571->0(571)
[7226.583s][info][gc,heap        ] GC(1287) Survivor regions: 43->43(77)
[7226.583s][info][gc,heap        ] GC(1287) Old regions: 238->246
[7226.583s][info][gc,heap        ] GC(1287) Humongous regions: 33->33
[7226.583s][info][gc,metaspace   ] GC(1287) Metaspace: 29994K(30144K)->29994K(30144K) NonClass: 29994K(30144K)->29994K(30144K) Class: 0K(0K)->0K(0K)
[7226.583s][info][gc             ] GC(1287) Pause Young (Normal) (G1 Evacuation Pause) 7067M->2553M(8192M) 148.728ms
[7226.583s][info][gc,cpu         ] GC(1287) User=1.17s Sys=0.00s Real=0.15s
...[7229.618s][info][gc,start       ] GC(1288) Pause Young (Normal) (G1 Evacuation Pause)
[7229.618s][info][gc,task        ] GC(1288) Using 8 workers of 8 for evacuation
[7229.769s][info][gc,phases      ] GC(1288)   Pre Evacuate Collection Set: 0.24ms
[7229.769s][info][gc,phases      ] GC(1288)   Merge Heap Roots: 0.53ms
[7229.769s][info][gc,phases      ] GC(1288)   Evacuate Collection Set: 149.63ms
[7229.769s][info][gc,phases      ] GC(1288)   Post Evacuate Collection Set: 1.04ms
[7229.769s][info][gc,phases      ] GC(1288)   Other: 0.06ms
[7229.769s][info][gc,heap        ] GC(1288) Eden regions: 571->0(570)
[7229.769s][info][gc,heap        ] GC(1288) Survivor regions: 43->44(77)
[7229.769s][info][gc,heap        ] GC(1288) Old regions: 246->252
[7229.769s][info][gc,heap        ] GC(1288) Humongous regions: 33->33
[7229.769s][info][gc,metaspace   ] GC(1288) Metaspace: 29994K(30144K)->29994K(30144K) NonClass: 29994K(30144K)->29994K(30144K) Class: 0K(0K)->0K(0K)
[7229.769s][info][gc             ] GC(1288) Pause Young (Normal) (G1 Evacuation Pause) 7121M->2619M(8192M) 151.662ms
[7229.769s][info][gc,cpu         ] GC(1288) User=1.19s Sys=0.00s Real=0.15s
...[7232.801s][info][gc,start       ] GC(1289) Pause Young (Normal) (G1 Evacuation Pause)
[7232.801s][info][gc,task        ] GC(1289) Using 8 workers of 8 for evacuation
[7232.952s][info][gc,phases      ] GC(1289)   Pre Evacuate Collection Set: 0.22ms
[7232.952s][info][gc,phases      ] GC(1289)   Merge Heap Roots: 0.58ms
[7232.952s][info][gc,phases      ] GC(1289)   Evacuate Collection Set: 149.17ms
[7232.952s][info][gc,phases      ] GC(1289)   Post Evacuate Collection Set: 1.03ms
[7232.952s][info][gc,phases      ] GC(1289)   Other: 0.06ms
[7232.952s][info][gc,heap        ] GC(1289) Eden regions: 570->0(570)
[7232.952s][info][gc,heap        ] GC(1289) Survivor regions: 44->44(77)
[7232.952s][info][gc,heap        ] GC(1289) Old regions: 252->259
[7232.952s][info][gc,heap        ] GC(1289) Humongous regions: 33->33
[7232.952s][info][gc,metaspace   ] GC(1289) Metaspace: 29994K(30144K)->29994K(30144K) NonClass: 29994K(30144K)->29994K(30144K) Class: 0K(0K)->0K(0K)
[7232.952s][info][gc             ] GC(1289) Pause Young (Normal) (G1 Evacuation Pause) 7179M->2671M(8192M) 151.199ms
[7232.952s][info][gc,cpu         ] GC(1289) User=1.20s Sys=0.00s Real=0.15s
. (rIR:aIR:PR = 12315:12249:12235) (tPR = 181959) [OK] 
  7233s: Performance info:
         Transaction,    Success,    Partial,     Failed,   Receipts, AvgBarcode, 
             Overall,     735379,          0,          0,     698686,      59.48, 
         Response times:
             Request,    Success,    Partial,     Failed,   SkipFail,     Probes,    Samples,      min,      p50,      p90,      p95,      p99,      max, 
       TotalPurchase,     699485,          0,          0,          0,     342132,     528768,      300,    18600,   131000,   209000,   364000,  6200000,
     InStorePurchase,     367108,          0,          0,          0,     179314,     277994,      300,    18400,   130000,   208000,   364000,  6200000,
      OnlinePurchase,     258160,          0,          0,          0,     126429,     194678,      400,    18700,   132100,   211000,   371000,  6200000,
        InstPurchase,      74217,          0,          0,          0,      36389,      56096,      400,    18600,   132000,   208000,   358000,  6200000,
          AssocOfCat,        738,          0,          0,          0,        599,       1000,    32000,    75000,   192900,   242000,   436960,  1100000,
      AssocOfProduct,       7365,          0,          0,          0,       3479,       5524,      900,    18800,   135000,   203000,   403000,  1100000,
      BusinessReport,       1851,          0,          0,          0,       1628,       2620,    36000,    83000,   220000,   283900,   476000,  1100000,
          CustBuyBeh,       7337,          0,          0,          0,       3438,       5405,      200,    16800,   125000,   213000,   373820,   930000,
       ProductReturn,      19474,          0,          0,          0,       9319,      14313,      200,    17800,   133000,   207000,   393000,  1200000,

  7233s: (90%)   IR =  12453 ..[7235.887s][info][gc,start       ] GC(1290) Pause Young (Normal) (G1 Evacuation Pause)
[7235.887s][info][gc,task        ] GC(1290) Using 8 workers of 8 for evacuation
[7236.039s][info][gc,phases      ] GC(1290)   Pre Evacuate Collection Set: 0.26ms
[7236.039s][info][gc,phases      ] GC(1290)   Merge Heap Roots: 0.58ms
[7236.039s][info][gc,phases      ] GC(1290)   Evacuate Collection Set: 150.31ms
[7236.039s][info][gc,phases      ] GC(1290)   Post Evacuate Collection Set: 1.07ms
[7236.039s][info][gc,phases      ] GC(1290)   Other: 0.06ms
[7236.039s][info][gc,heap        ] GC(1290) Eden regions: 570->0(570)
[7236.039s][info][gc,heap        ] GC(1290) Survivor regions: 44->44(77)
[7236.039s][info][gc,heap        ] GC(1290) Old regions: 259->267
[7236.039s][info][gc,heap        ] GC(1290) Humongous regions: 33->33
[7236.039s][info][gc,metaspace   ] GC(1290) Metaspace: 29994K(30144K)->29994K(30144K) NonClass: 29994K(30144K)->29994K(30144K) Class: 0K(0K)->0K(0K)
[7236.039s][info][gc             ] GC(1290) Pause Young (Normal) (G1 Evacuation Pause) 7231M->2731M(8192M) 152.439ms
[7236.039s][info][gc,cpu         ] GC(1290) User=1.20s Sys=0.00s Real=0.16s
...[7239.009s][info][gc,start       ] GC(1291) Pause Young (Normal) (G1 Evacuation Pause)
[7239.009s][info][gc,task        ] GC(1291) Using 8 workers of 8 for evacuation
[7239.157s][info][gc,phases      ] GC(1291)   Pre Evacuate Collection Set: 0.27ms
[7239.157s][info][gc,phases      ] GC(1291)   Merge Heap Roots: 0.63ms
[7239.157s][info][gc,phases      ] GC(1291)   Evacuate Collection Set: 146.37ms
[7239.157s][info][gc,phases      ] GC(1291)   Post Evacuate Collection Set: 1.09ms
[7239.157s][info][gc,phases      ] GC(1291)   Other: 0.07ms
[7239.157s][info][gc,heap        ] GC(1291) Eden regions: 570->0(571)
[7239.157s][info][gc,heap        ] GC(1291) Survivor regions: 44->43(77)
[7239.157s][info][gc,heap        ] GC(1291) Old regions: 267->274
[7239.157s][info][gc,heap        ] GC(1291) Humongous regions: 33->33
[7239.157s][info][gc,metaspace   ] GC(1291) Metaspace: 29994K(30144K)->29994K(30144K) NonClass: 29994K(30144K)->29994K(30144K) Class: 0K(0K)->0K(0K)
[7239.157s][info][gc             ] GC(1291) Pause Young (Normal) (G1 Evacuation Pause) 7291M->2782M(8192M) 148.564ms
[7239.157s][info][gc,cpu         ] GC(1291) User=1.17s Sys=0.00s Real=0.15s
...[7242.107s][info][gc,start       ] GC(1292) Pause Young (Normal) (G1 Evacuation Pause)
[7242.107s][info][gc,task        ] GC(1292) Using 8 workers of 8 for evacuation
[7242.258s][info][gc,phases      ] GC(1292)   Pre Evacuate Collection Set: 0.24ms
[7242.258s][info][gc,phases      ] GC(1292)   Merge Heap Roots: 0.51ms
[7242.258s][info][gc,phases      ] GC(1292)   Evacuate Collection Set: 149.33ms
[7242.258s][info][gc,phases      ] GC(1292)   Post Evacuate Collection Set: 1.06ms
[7242.258s][info][gc,phases      ] GC(1292)   Other: 0.06ms
[7242.258s][info][gc,heap        ] GC(1292) Eden regions: 571->0(571)
[7242.258s][info][gc,heap        ] GC(1292) Survivor regions: 43->43(77)
[7242.258s][info][gc,heap        ] GC(1292) Old regions: 274->281
[7242.258s][info][gc,heap        ] GC(1292) Humongous regions: 33->33
[7242.258s][info][gc,metaspace   ] GC(1292) Metaspace: 29994K(30144K)->29994K(30144K) NonClass: 29994K(30144K)->29994K(30144K) Class: 0K(0K)->0K(0K)
[7242.258s][info][gc             ] GC(1292) Pause Young (Normal) (G1 Evacuation Pause) 7350M->2842M(8192M) 151.338ms
[7242.258s][info][gc,cpu         ] GC(1292) User=1.20s Sys=0.00s Real=0.16s
...[7245.035s][info][gc,start       ] GC(1293) Pause Young (Normal) (G1 Evacuation Pause)
[7245.036s][info][gc,task        ] GC(1293) Using 8 workers of 8 for evacuation
[7245.187s][info][gc,phases      ] GC(1293)   Pre Evacuate Collection Set: 0.25ms
[7245.188s][info][gc,phases      ] GC(1293)   Merge Heap Roots: 0.55ms
[7245.188s][info][gc,phases      ] GC(1293)   Evacuate Collection Set: 150.04ms
[7245.188s][info][gc,phases      ] GC(1293)   Post Evacuate Collection Set: 1.07ms
[7245.188s][info][gc,phases      ] GC(1293)   Other: 0.06ms
[7245.188s][info][gc,heap        ] GC(1293) Eden regions: 571->0(565)
[7245.188s][info][gc,heap        ] GC(1293) Survivor regions: 43->43(77)
[7245.188s][info][gc,heap        ] GC(1293) Old regions: 281->288
[7245.188s][info][gc,heap        ] GC(1293) Humongous regions: 33->33
[7245.188s][info][gc,metaspace   ] GC(1293) Metaspace: 29994K(30144K)->29994K(30144K) NonClass: 29994K(30144K)->29994K(30144K) Class: 0K(0K)->0K(0K)
[7245.188s][info][gc             ] GC(1293) Pause Young (Normal) (G1 Evacuation Pause) 7410M->2899M(8192M) 152.101ms
[7245.188s][info][gc,cpu         ] GC(1293) User=1.21s Sys=0.01s Real=0.16s
...[7248.177s][info][gc,start       ] GC(1294) Pause Young (Normal) (G1 Evacuation Pause)
[7248.177s][info][gc,task        ] GC(1294) Using 8 workers of 8 for evacuation
[7248.330s][info][gc,phases      ] GC(1294)   Pre Evacuate Collection Set: 0.21ms
[7248.330s][info][gc,phases      ] GC(1294)   Merge Heap Roots: 0.52ms
[7248.330s][info][gc,phases      ] GC(1294)   Evacuate Collection Set: 150.48ms
[7248.330s][info][gc,phases      ] GC(1294)   Post Evacuate Collection Set: 1.04ms
[7248.330s][info][gc,phases      ] GC(1294)   Other: 0.06ms
[7248.330s][info][gc,heap        ] GC(1294) Eden regions: 565->0(556)
[7248.330s][info][gc,heap        ] GC(1294) Survivor regions: 43->44(76)
[7248.330s][info][gc,heap        ] GC(1294) Old regions: 288->295
[7248.330s][info][gc,heap        ] GC(1294) Humongous regions: 33->33
[7248.330s][info][gc,metaspace   ] GC(1294) Metaspace: 29994K(30144K)->29994K(30144K) NonClass: 29994K(30144K)->29994K(30144K) Class: 0K(0K)->0K(0K)
[7248.330s][info][gc             ] GC(1294) Pause Young (Normal) (G1 Evacuation Pause) 7419M->2963M(8192M) 152.454ms
[7248.330s][info][gc,cpu         ] GC(1294) User=1.20s Sys=0.00s Real=0.15s
...[7251.087s][info][gc,start       ] GC(1295) Pause Young (Normal) (G1 Evacuation Pause)
[7251.087s][info][gc,task        ] GC(1295) Using 8 workers of 8 for evacuation
[7251.239s][info][gc,phases      ] GC(1295)   Pre Evacuate Collection Set: 0.23ms
[7251.239s][info][gc,phases      ] GC(1295)   Merge Heap Roots: 0.56ms
[7251.239s][info][gc,phases      ] GC(1295)   Evacuate Collection Set: 150.14ms
[7251.239s][info][gc,phases      ] GC(1295)   Post Evacuate Collection Set: 1.06ms
[7251.239s][info][gc,phases      ] GC(1295)   Other: 0.06ms
[7251.239s][info][gc,heap        ] GC(1295) Eden regions: 556->0(548)
[7251.239s][info][gc,heap        ] GC(1295) Survivor regions: 44->44(75)
[7251.239s][info][gc,heap        ] GC(1295) Old regions: 295->303
[7251.239s][info][gc,heap        ] GC(1295) Humongous regions: 33->33
[7251.239s][info][gc,metaspace   ] GC(1295) Metaspace: 29994K(30144K)->29994K(30144K) NonClass: 29994K(30144K)->29994K(30144K) Class: 0K(0K)->0K(0K)
[7251.239s][info][gc             ] GC(1295) Pause Young (Normal) (G1 Evacuation Pause) 7411M->3018M(8192M) 152.182ms
[7251.239s][info][gc,cpu         ] GC(1295) User=1.21s Sys=0.00s Real=0.16s
...[7253.954s][info][gc,start       ] GC(1296) Pause Young (Concurrent Start) (G1 Evacuation Pause)
[7253.954s][info][gc,task        ] GC(1296) Using 8 workers of 8 for evacuation
[7254.100s][info][gc,phases      ] GC(1296)   Pre Evacuate Collection Set: 0.29ms
[7254.100s][info][gc,phases      ] GC(1296)   Merge Heap Roots: 0.51ms
[7254.100s][info][gc,phases      ] GC(1296)   Evacuate Collection Set: 144.09ms
[7254.100s][info][gc,phases      ] GC(1296)   Post Evacuate Collection Set: 1.03ms
[7254.100s][info][gc,phases      ] GC(1296)   Other: 0.10ms
[7254.100s][info][gc,heap        ] GC(1296) Eden regions: 548->0(543)
[7254.100s][info][gc,heap        ] GC(1296) Survivor regions: 44->43(74)
[7254.100s][info][gc,heap        ] GC(1296) Old regions: 303->310
[7254.100s][info][gc,heap        ] GC(1296) Humongous regions: 33->33
[7254.100s][info][gc,metaspace   ] GC(1296) Metaspace: 29994K(30144K)->29994K(30144K) NonClass: 29994K(30144K)->29994K(30144K) Class: 0K(0K)->0K(0K)
[7254.100s][info][gc             ] GC(1296) Pause Young (Concurrent Start) (G1 Evacuation Pause) 7402M->3069M(8192M) 146.160ms
[7254.100s][info][gc             ] GC(1297) Concurrent Mark Cycle
[7254.100s][info][gc,marking     ] GC(1297) Concurrent Scan Root Regions
[7254.100s][info][gc,cpu         ] GC(1296) User=1.15s Sys=0.00s Real=0.15s
.[7254.387s][info][gc,marking     ] GC(1297) Concurrent Scan Root Regions 287.166ms
[7254.387s][info][gc,marking     ] GC(1297) Concurrent Mark
[7254.387s][info][gc,marking     ] GC(1297) Concurrent Mark From Roots
[7254.387s][info][gc,task        ] GC(1297) Using 2 workers of 2 for marking
.[7255.748s][info][gc,marking     ] GC(1297) Concurrent Mark From Roots 1360.411ms
[7255.748s][info][gc,marking     ] GC(1297) Concurrent Preclean
[7255.748s][info][gc,marking     ] GC(1297) Concurrent Preclean 0.093ms
[7255.748s][info][gc,start       ] GC(1297) Pause Remark
[7255.752s][info][gc             ] GC(1297) Pause Remark 4970M->4402M(8192M) 3.665ms
[7255.752s][info][gc,cpu         ] GC(1297) User=0.02s Sys=0.00s Real=0.00s
[7255.755s][info][gc,marking     ] GC(1297) Concurrent Mark 1368.012ms
[7255.755s][info][gc,marking     ] GC(1297) Concurrent Rebuild Remembered Sets and Scrub Regions
.[7256.417s][info][gc,marking     ] GC(1297) Concurrent Rebuild Remembered Sets and Scrub Regions 661.456ms
[7256.417s][info][gc,start       ] GC(1297) Pause Cleanup
[7256.417s][info][gc             ] GC(1297) Pause Cleanup 5253M->5253M(8192M) 0.264ms
[7256.417s][info][gc,cpu         ] GC(1297) User=0.00s Sys=0.00s Real=0.01s
[7256.417s][info][gc,marking     ] GC(1297) Concurrent Clear Claimed Marks
[7256.417s][info][gc,marking     ] GC(1297) Concurrent Clear Claimed Marks 0.048ms
[7256.417s][info][gc,marking     ] GC(1297) Concurrent Cleanup for Next Mark
[7256.427s][info][gc,marking     ] GC(1297) Concurrent Cleanup for Next Mark 9.657ms
[7256.427s][info][gc             ] GC(1297) Concurrent Mark Cycle 2327.032ms
.[7257.411s][info][gc,start       ] GC(1298) Pause Young (Prepare Mixed) (G1 Evacuation Pause)
[7257.411s][info][gc,task        ] GC(1298) Using 8 workers of 8 for evacuation
[7257.567s][info][gc,phases      ] GC(1298)   Pre Evacuate Collection Set: 0.24ms
[7257.567s][info][gc,phases      ] GC(1298)   Merge Heap Roots: 0.72ms
[7257.567s][info][gc,phases      ] GC(1298)   Evacuate Collection Set: 153.87ms
[7257.567s][info][gc,phases      ] GC(1298)   Post Evacuate Collection Set: 1.14ms
[7257.567s][info][gc,phases      ] GC(1298)   Other: 0.06ms
[7257.567s][info][gc,heap        ] GC(1298) Eden regions: 543->0(569)
[7257.567s][info][gc,heap        ] GC(1298) Survivor regions: 43->45(74)
[7257.567s][info][gc,heap        ] GC(1298) Old regions: 239->247
[7257.567s][info][gc,heap        ] GC(1298) Humongous regions: 33->33
[7257.567s][info][gc,metaspace   ] GC(1298) Metaspace: 29994K(30144K)->29994K(30144K) NonClass: 29994K(30144K)->29994K(30144K) Class: 0K(0K)->0K(0K)
[7257.567s][info][gc             ] GC(1298) Pause Young (Prepare Mixed) (G1 Evacuation Pause) 6845M->2577M(8192M) 156.161ms
[7257.567s][info][gc,cpu         ] GC(1298) User=1.23s Sys=0.00s Real=0.16s
..[7260.286s][info][gc,start       ] GC(1299) Pause Young (Mixed) (G1 Evacuation Pause)
[7260.286s][info][gc,task        ] GC(1299) Using 8 workers of 8 for evacuation
[7260.454s][info][gc,phases      ] GC(1299)   Pre Evacuate Collection Set: 0.24ms
[7260.454s][info][gc,phases      ] GC(1299)   Merge Heap Roots: 0.86ms
[7260.454s][info][gc,phases      ] GC(1299)   Evacuate Collection Set: 164.69ms
[7260.454s][info][gc,phases      ] GC(1299)   Post Evacuate Collection Set: 1.24ms
[7260.454s][info][gc,phases      ] GC(1299)   Other: 0.07ms
[7260.454s][info][gc,heap        ] GC(1299) Eden regions: 569->0(568)
[7260.454s][info][gc,heap        ] GC(1299) Survivor regions: 45->46(77)
[7260.454s][info][gc,heap        ] GC(1299) Old regions: 247->152
[7260.454s][info][gc,heap        ] GC(1299) Humongous regions: 33->33
[7260.454s][info][gc,metaspace   ] GC(1299) Metaspace: 29994K(30144K)->29994K(30144K) NonClass: 29994K(30144K)->29994K(30144K) Class: 0K(0K)->0K(0K)
[7260.454s][info][gc             ] GC(1299) Pause Young (Mixed) (G1 Evacuation Pause) 7129M->1830M(8192M) 168.005ms
[7260.454s][info][gc,cpu         ] GC(1299) User=1.33s Sys=0.00s Real=0.17s
...[7263.206s][info][gc,start       ] GC(1300) Pause Young (Mixed) (G1 Evacuation Pause)
[7263.206s][info][gc,task        ] GC(1300) Using 8 workers of 8 for evacuation
[7263.367s][info][gc,phases      ] GC(1300)   Pre Evacuate Collection Set: 0.24ms
[7263.367s][info][gc,phases      ] GC(1300)   Merge Heap Roots: 0.74ms
[7263.367s][info][gc,phases      ] GC(1300)   Evacuate Collection Set: 158.87ms
[7263.367s][info][gc,phases      ] GC(1300)   Post Evacuate Collection Set: 1.08ms
[7263.367s][info][gc,phases      ] GC(1300)   Other: 0.07ms
[7263.367s][info][gc,heap        ] GC(1300) Eden regions: 568->0(570)
[7263.367s][info][gc,heap        ] GC(1300) Survivor regions: 46->44(77)
[7263.367s][info][gc,heap        ] GC(1300) Old regions: 152->143
[7263.367s][info][gc,heap        ] GC(1300) Humongous regions: 33->33
[7263.367s][info][gc,metaspace   ] GC(1300) Metaspace: 29994K(30144K)->29994K(30144K) NonClass: 29994K(30144K)->29994K(30144K) Class: 0K(0K)->0K(0K)
[7263.367s][info][gc             ] GC(1300) Pause Young (Mixed) (G1 Evacuation Pause) 6374M->1742M(8192M) 161.132ms
[7263.367s][info][gc,cpu         ] GC(1300) User=1.28s Sys=0.01s Real=0.17s
.|..[7266.183s][info][gc,start       ] GC(1301) Pause Young (Normal) (G1 Evacuation Pause)
[7266.183s][info][gc,task        ] GC(1301) Using 8 workers of 8 for evacuation
[7266.333s][info][gc,phases      ] GC(1301)   Pre Evacuate Collection Set: 0.26ms
[7266.333s][info][gc,phases      ] GC(1301)   Merge Heap Roots: 0.51ms
[7266.333s][info][gc,phases      ] GC(1301)   Evacuate Collection Set: 147.97ms
[7266.333s][info][gc,phases      ] GC(1301)   Post Evacuate Collection Set: 1.03ms
[7266.333s][info][gc,phases      ] GC(1301)   Other: 0.06ms
[7266.333s][info][gc,heap        ] GC(1301) Eden regions: 570->0(571)
[7266.333s][info][gc,heap        ] GC(1301) Survivor regions: 44->43(77)
[7266.333s][info][gc,heap        ] GC(1301) Old regions: 143->151
[7266.333s][info][gc,heap        ] GC(1301) Humongous regions: 33->33
[7266.333s][info][gc,metaspace   ] GC(1301) Metaspace: 29994K(30144K)->29994K(30144K) NonClass: 29994K(30144K)->29994K(30144K) Class: 0K(0K)->0K(0K)
[7266.333s][info][gc             ] GC(1301) Pause Young (Normal) (G1 Evacuation Pause) 6302M->1798M(8192M) 149.961ms
[7266.333s][info][gc,cpu         ] GC(1301) User=1.18s Sys=0.00s Real=0.15s
...[7269.268s][info][gc,start       ] GC(1302) Pause Young (Normal) (G1 Evacuation Pause)
[7269.268s][info][gc,task        ] GC(1302) Using 8 workers of 8 for evacuation
[7269.418s][info][gc,phases      ] GC(1302)   Pre Evacuate Collection Set: 0.25ms
[7269.418s][info][gc,phases      ] GC(1302)   Merge Heap Roots: 0.51ms
[7269.418s][info][gc,phases      ] GC(1302)   Evacuate Collection Set: 148.11ms
[7269.418s][info][gc,phases      ] GC(1302)   Post Evacuate Collection Set: 1.01ms
[7269.418s][info][gc,phases      ] GC(1302)   Other: 0.06ms
[7269.418s][info][gc,heap        ] GC(1302) Eden regions: 571->0(571)
[7269.418s][info][gc,heap        ] GC(1302) Survivor regions: 43->43(77)
[7269.418s][info][gc,heap        ] GC(1302) Old regions: 151->158
[7269.418s][info][gc,heap        ] GC(1302) Humongous regions: 33->33
[7269.418s][info][gc,metaspace   ] GC(1302) Metaspace: 29994K(30144K)->29994K(30144K) NonClass: 29994K(30144K)->29994K(30144K) Class: 0K(0K)->0K(0K)
[7269.418s][info][gc             ] GC(1302) Pause Young (Normal) (G1 Evacuation Pause) 6366M->1856M(8192M) 150.082ms
[7269.418s][info][gc,cpu         ] GC(1302) User=1.19s Sys=0.00s Real=0.15s
...[7272.375s][info][gc,start       ] GC(1303) Pause Young (Normal) (G1 Evacuation Pause)
[7272.375s][info][gc,task        ] GC(1303) Using 8 workers of 8 for evacuation
[7272.525s][info][gc,phases      ] GC(1303)   Pre Evacuate Collection Set: 0.27ms
[7272.525s][info][gc,phases      ] GC(1303)   Merge Heap Roots: 0.52ms
[7272.525s][info][gc,phases      ] GC(1303)   Evacuate Collection Set: 148.34ms
[7272.525s][info][gc,phases      ] GC(1303)   Post Evacuate Collection Set: 1.04ms
[7272.525s][info][gc,phases      ] GC(1303)   Other: 0.06ms
[7272.525s][info][gc,heap        ] GC(1303) Eden regions: 571->0(570)
[7272.525s][info][gc,heap        ] GC(1303) Survivor regions: 43->44(77)
[7272.525s][info][gc,heap        ] GC(1303) Old regions: 158->165
[7272.525s][info][gc,heap        ] GC(1303) Humongous regions: 33->33
[7272.525s][info][gc,metaspace   ] GC(1303) Metaspace: 29994K(30144K)->29994K(30144K) NonClass: 29994K(30144K)->29994K(30144K) Class: 0K(0K)->0K(0K)
[7272.525s][info][gc             ] GC(1303) Pause Young (Normal) (G1 Evacuation Pause) 6424M->1919M(8192M) 150.363ms
[7272.525s][info][gc,cpu         ] GC(1303) User=1.19s Sys=0.00s Real=0.15s
...[7275.395s][info][gc,start       ] GC(1304) Pause Young (Normal) (G1 Evacuation Pause)
[7275.395s][info][gc,task        ] GC(1304) Using 8 workers of 8 for evacuation
[7275.547s][info][gc,phases      ] GC(1304)   Pre Evacuate Collection Set: 0.21ms
[7275.548s][info][gc,phases      ] GC(1304)   Merge Heap Roots: 0.54ms
[7275.548s][info][gc,phases      ] GC(1304)   Evacuate Collection Set: 150.72ms
[7275.548s][info][gc,phases      ] GC(1304)   Post Evacuate Collection Set: 1.03ms
[7275.548s][info][gc,phases      ] GC(1304)   Other: 0.06ms
[7275.548s][info][gc,heap        ] GC(1304) Eden regions: 570->0(571)
[7275.548s][info][gc,heap        ] GC(1304) Survivor regions: 44->43(77)
[7275.548s][info][gc,heap        ] GC(1304) Old regions: 165->172
[7275.548s][info][gc,heap        ] GC(1304) Humongous regions: 33->33
[7275.548s][info][gc,metaspace   ] GC(1304) Metaspace: 29994K(30144K)->29994K(30144K) NonClass: 29994K(30144K)->29994K(30144K) Class: 0K(0K)->0K(0K)
[7275.548s][info][gc             ] GC(1304) Pause Young (Normal) (G1 Evacuation Pause) 6479M->1971M(8192M) 153.474ms
[7275.548s][info][gc,cpu         ] GC(1304) User=1.21s Sys=0.00s Real=0.16s
...[7278.554s][info][gc,start       ] GC(1305) Pause Young (Normal) (G1 Evacuation Pause)
[7278.554s][info][gc,task        ] GC(1305) Using 8 workers of 8 for evacuation
[7278.709s][info][gc,phases      ] GC(1305)   Pre Evacuate Collection Set: 0.26ms
[7278.709s][info][gc,phases      ] GC(1305)   Merge Heap Roots: 0.53ms
[7278.709s][info][gc,phases      ] GC(1305)   Evacuate Collection Set: 152.63ms
[7278.709s][info][gc,phases      ] GC(1305)   Post Evacuate Collection Set: 1.05ms
[7278.709s][info][gc,phases      ] GC(1305)   Other: 0.06ms
[7278.709s][info][gc,heap        ] GC(1305) Eden regions: 571->0(569)
[7278.709s][info][gc,heap        ] GC(1305) Survivor regions: 43->45(77)
[7278.709s][info][gc,heap        ] GC(1305) Old regions: 172->179
[7278.709s][info][gc,heap        ] GC(1305) Humongous regions: 33->33
[7278.709s][info][gc,metaspace   ] GC(1305) Metaspace: 29994K(30144K)->29994K(30144K) NonClass: 29994K(30144K)->29994K(30144K) Class: 0K(0K)->0K(0K)
[7278.709s][info][gc             ] GC(1305) Pause Young (Normal) (G1 Evacuation Pause) 6539M->2039M(8192M) 154.673ms
[7278.709s][info][gc,cpu         ] GC(1305) User=1.23s Sys=0.00s Real=0.16s
...[7281.590s][info][gc,start       ] GC(1306) Pause Young (Normal) (G1 Evacuation Pause)
[7281.590s][info][gc,task        ] GC(1306) Using 8 workers of 8 for evacuation
[7281.744s][info][gc,phases      ] GC(1306)   Pre Evacuate Collection Set: 0.24ms
[7281.744s][info][gc,phases      ] GC(1306)   Merge Heap Roots: 0.52ms
[7281.744s][info][gc,phases      ] GC(1306)   Evacuate Collection Set: 151.57ms
[7281.744s][info][gc,phases      ] GC(1306)   Post Evacuate Collection Set: 1.04ms
[7281.744s][info][gc,phases      ] GC(1306)   Other: 0.06ms
[7281.744s][info][gc,heap        ] GC(1306) Eden regions: 569->0(570)
[7281.744s][info][gc,heap        ] GC(1306) Survivor regions: 45->44(77)
[7281.744s][info][gc,heap        ] GC(1306) Old regions: 179->187
[7281.744s][info][gc,heap        ] GC(1306) Humongous regions: 33->33
[7281.744s][info][gc,metaspace   ] GC(1306) Metaspace: 29994K(30144K)->29994K(30144K) NonClass: 29994K(30144K)->29994K(30144K) Class: 0K(0K)->0K(0K)
[7281.744s][info][gc             ] GC(1306) Pause Young (Normal) (G1 Evacuation Pause) 6591M->2094M(8192M) 153.573ms
[7281.744s][info][gc,cpu         ] GC(1306) User=1.22s Sys=0.00s Real=0.15s
...[7284.624s][info][gc,start       ] GC(1307) Pause Young (Normal) (G1 Evacuation Pause)
[7284.624s][info][gc,task        ] GC(1307) Using 8 workers of 8 for evacuation
[7284.779s][info][gc,phases      ] GC(1307)   Pre Evacuate Collection Set: 0.23ms
[7284.779s][info][gc,phases      ] GC(1307)   Merge Heap Roots: 0.52ms
[7284.779s][info][gc,phases      ] GC(1307)   Evacuate Collection Set: 153.76ms
[7284.779s][info][gc,phases      ] GC(1307)   Post Evacuate Collection Set: 1.05ms
[7284.779s][info][gc,phases      ] GC(1307)   Other: 0.07ms
[7284.779s][info][gc,heap        ] GC(1307) Eden regions: 570->0(569)
[7284.779s][info][gc,heap        ] GC(1307) Survivor regions: 44->45(77)
[7284.779s][info][gc,heap        ] GC(1307) Old regions: 187->194
[7284.779s][info][gc,heap        ] GC(1307) Humongous regions: 33->33
[7284.779s][info][gc,metaspace   ] GC(1307) Metaspace: 29994K(30144K)->29994K(30144K) NonClass: 29994K(30144K)->29994K(30144K) Class: 0K(0K)->0K(0K)
[7284.779s][info][gc             ] GC(1307) Pause Young (Normal) (G1 Evacuation Pause) 6654M->2158M(8192M) 155.772ms
[7284.780s][info][gc,cpu         ] GC(1307) User=1.24s Sys=0.00s Real=0.16s
...[7287.774s][info][gc,start       ] GC(1308) Pause Young (Normal) (G1 Evacuation Pause)
[7287.774s][info][gc,task        ] GC(1308) Using 8 workers of 8 for evacuation
[7287.921s][info][gc,phases      ] GC(1308)   Pre Evacuate Collection Set: 0.27ms
[7287.921s][info][gc,phases      ] GC(1308)   Merge Heap Roots: 0.53ms
[7287.921s][info][gc,phases      ] GC(1308)   Evacuate Collection Set: 144.54ms
[7287.921s][info][gc,phases      ] GC(1308)   Post Evacuate Collection Set: 1.07ms
[7287.921s][info][gc,phases      ] GC(1308)   Other: 0.06ms
[7287.921s][info][gc,heap        ] GC(1308) Eden regions: 569->0(572)
[7287.921s][info][gc,heap        ] GC(1308) Survivor regions: 45->42(77)
[7287.921s][info][gc,heap        ] GC(1308) Old regions: 194->201
[7287.921s][info][gc,heap        ] GC(1308) Humongous regions: 33->33
[7287.921s][info][gc,metaspace   ] GC(1308) Metaspace: 29994K(30144K)->29994K(30144K) NonClass: 29994K(30144K)->29994K(30144K) Class: 0K(0K)->0K(0K)
[7287.921s][info][gc             ] GC(1308) Pause Young (Normal) (G1 Evacuation Pause) 6710M->2194M(8192M) 146.589ms
[7287.921s][info][gc,cpu         ] GC(1308) User=1.15s Sys=0.00s Real=0.15s
....[7290.940s][info][gc,start       ] GC(1309) Pause Young (Normal) (G1 Evacuation Pause)
[7290.940s][info][gc,task        ] GC(1309) Using 8 workers of 8 for evacuation
[7291.095s][info][gc,phases      ] GC(1309)   Pre Evacuate Collection Set: 0.23ms
[7291.095s][info][gc,phases      ] GC(1309)   Merge Heap Roots: 0.60ms
[7291.095s][info][gc,phases      ] GC(1309)   Evacuate Collection Set: 152.67ms
[7291.095s][info][gc,phases      ] GC(1309)   Post Evacuate Collection Set: 1.03ms
[7291.095s][info][gc,phases      ] GC(1309)   Other: 0.06ms
[7291.095s][info][gc,heap        ] GC(1309) Eden regions: 572->0(569)
[7291.095s][info][gc,heap        ] GC(1309) Survivor regions: 42->45(77)
[7291.095s][info][gc,heap        ] GC(1309) Old regions: 201->208
[7291.095s][info][gc,heap        ] GC(1309) Humongous regions: 33->33
[7291.095s][info][gc,metaspace   ] GC(1309) Metaspace: 29994K(30144K)->29994K(30144K) NonClass: 29994K(30144K)->29994K(30144K) Class: 0K(0K)->0K(0K)
[7291.095s][info][gc             ] GC(1309) Pause Young (Normal) (G1 Evacuation Pause) 6770M->2270M(8192M) 154.724ms
[7291.095s][info][gc,cpu         ] GC(1309) User=1.22s Sys=0.00s Real=0.15s
...[7293.950s][info][gc,start       ] GC(1310) Pause Young (Normal) (G1 Evacuation Pause)
[7293.950s][info][gc,task        ] GC(1310) Using 8 workers of 8 for evacuation
[7294.106s][info][gc,phases      ] GC(1310)   Pre Evacuate Collection Set: 0.23ms
[7294.106s][info][gc,phases      ] GC(1310)   Merge Heap Roots: 0.51ms
[7294.106s][info][gc,phases      ] GC(1310)   Evacuate Collection Set: 153.46ms
[7294.106s][info][gc,phases      ] GC(1310)   Post Evacuate Collection Set: 1.07ms
[7294.106s][info][gc,phases      ] GC(1310)   Other: 0.06ms
[7294.106s][info][gc,heap        ] GC(1310) Eden regions: 569->0(571)
[7294.106s][info][gc,heap        ] GC(1310) Survivor regions: 45->43(77)
[7294.106s][info][gc,heap        ] GC(1310) Old regions: 208->216
[7294.106s][info][gc,heap        ] GC(1310) Humongous regions: 33->33
[7294.106s][info][gc,metaspace   ] GC(1310) Metaspace: 29994K(30144K)->29994K(30144K) NonClass: 29994K(30144K)->29994K(30144K) Class: 0K(0K)->0K(0K)
[7294.106s][info][gc             ] GC(1310) Pause Young (Normal) (G1 Evacuation Pause) 6822M->2317M(8192M) 155.469ms
[7294.106s][info][gc,cpu         ] GC(1310) User=1.23s Sys=0.00s Real=0.15s
...[7296.987s][info][gc,start       ] GC(1311) Pause Young (Normal) (G1 Evacuation Pause)
[7296.987s][info][gc,task        ] GC(1311) Using 8 workers of 8 for evacuation
[7297.135s][info][gc,phases      ] GC(1311)   Pre Evacuate Collection Set: 0.24ms
[7297.135s][info][gc,phases      ] GC(1311)   Merge Heap Roots: 0.53ms
[7297.135s][info][gc,phases      ] GC(1311)   Evacuate Collection Set: 146.44ms
[7297.135s][info][gc,phases      ] GC(1311)   Post Evacuate Collection Set: 1.06ms
[7297.135s][info][gc,phases      ] GC(1311)   Other: 0.07ms
[7297.135s][info][gc,heap        ] GC(1311) Eden regions: 571->0(571)
[7297.135s][info][gc,heap        ] GC(1311) Survivor regions: 43->43(77)
[7297.135s][info][gc,heap        ] GC(1311) Old regions: 216->223
[7297.135s][info][gc,heap        ] GC(1311) Humongous regions: 33->33
[7297.135s][info][gc,metaspace   ] GC(1311) Metaspace: 29994K(30144K)->29994K(30144K) NonClass: 29994K(30144K)->29994K(30144K) Class: 0K(0K)->0K(0K)
[7297.135s][info][gc             ] GC(1311) Pause Young (Normal) (G1 Evacuation Pause) 6885M->2371M(8192M) 148.496ms
[7297.136s][info][gc,cpu         ] GC(1311) User=1.18s Sys=0.00s Real=0.15s
...[7300.104s][info][gc,start       ] GC(1312) Pause Young (Normal) (G1 Evacuation Pause)
[7300.104s][info][gc,task        ] GC(1312) Using 8 workers of 8 for evacuation
[7300.253s][info][gc,phases      ] GC(1312)   Pre Evacuate Collection Set: 0.24ms
[7300.253s][info][gc,phases      ] GC(1312)   Merge Heap Roots: 0.52ms
[7300.253s][info][gc,phases      ] GC(1312)   Evacuate Collection Set: 147.11ms
[7300.253s][info][gc,phases      ] GC(1312)   Post Evacuate Collection Set: 1.04ms
[7300.253s][info][gc,phases      ] GC(1312)   Other: 0.06ms
[7300.253s][info][gc,heap        ] GC(1312) Eden regions: 571->0(571)
[7300.253s][info][gc,heap        ] GC(1312) Survivor regions: 43->43(77)
[7300.253s][info][gc,heap        ] GC(1312) Old regions: 223->230
[7300.253s][info][gc,heap        ] GC(1312) Humongous regions: 33->33
[7300.253s][info][gc,metaspace   ] GC(1312) Metaspace: 29994K(30144K)->29994K(30144K) NonClass: 29994K(30144K)->29994K(30144K) Class: 0K(0K)->0K(0K)
[7300.253s][info][gc             ] GC(1312) Pause Young (Normal) (G1 Evacuation Pause) 6939M->2430M(8192M) 149.113ms
[7300.253s][info][gc,cpu         ] GC(1312) User=1.18s Sys=0.00s Real=0.15s
...[7303.164s][info][gc,start       ] GC(1313) Pause Young (Normal) (G1 Evacuation Pause)
[7303.165s][info][gc,task        ] GC(1313) Using 8 workers of 8 for evacuation
[7303.323s][info][gc,phases      ] GC(1313)   Pre Evacuate Collection Set: 0.22ms
[7303.323s][info][gc,phases      ] GC(1313)   Merge Heap Roots: 0.53ms
[7303.323s][info][gc,phases      ] GC(1313)   Evacuate Collection Set: 156.28ms
[7303.323s][info][gc,phases      ] GC(1313)   Post Evacuate Collection Set: 1.05ms
[7303.323s][info][gc,phases      ] GC(1313)   Other: 0.06ms
[7303.323s][info][gc,heap        ] GC(1313) Eden regions: 571->0(570)
[7303.323s][info][gc,heap        ] GC(1313) Survivor regions: 43->44(77)
[7303.323s][info][gc,heap        ] GC(1313) Old regions: 230->237
[7303.323s][info][gc,heap        ] GC(1313) Humongous regions: 33->33
[7303.323s][info][gc,metaspace   ] GC(1313) Metaspace: 29994K(30144K)->29994K(30144K) NonClass: 29994K(30144K)->29994K(30144K) Class: 0K(0K)->0K(0K)
[7303.323s][info][gc             ] GC(1313) Pause Young (Normal) (G1 Evacuation Pause) 6998M->2495M(8192M) 158.268ms
[7303.323s][info][gc,cpu         ] GC(1313) User=1.25s Sys=0.00s Real=0.16s
...[7306.241s][info][gc,start       ] GC(1314) Pause Young (Normal) (G1 Evacuation Pause)
[7306.241s][info][gc,task        ] GC(1314) Using 8 workers of 8 for evacuation
[7306.394s][info][gc,phases      ] GC(1314)   Pre Evacuate Collection Set: 0.23ms
[7306.394s][info][gc,phases      ] GC(1314)   Merge Heap Roots: 0.51ms
[7306.394s][info][gc,phases      ] GC(1314)   Evacuate Collection Set: 150.39ms
[7306.394s][info][gc,phases      ] GC(1314)   Post Evacuate Collection Set: 1.10ms
[7306.394s][info][gc,phases      ] GC(1314)   Other: 0.06ms
[7306.394s][info][gc,heap        ] GC(1314) Eden regions: 570->0(571)
[7306.394s][info][gc,heap        ] GC(1314) Survivor regions: 44->43(77)
[7306.394s][info][gc,heap        ] GC(1314) Old regions: 237->244
[7306.394s][info][gc,heap        ] GC(1314) Humongous regions: 33->33
[7306.394s][info][gc,metaspace   ] GC(1314) Metaspace: 29994K(30144K)->29994K(30144K) NonClass: 29994K(30144K)->29994K(30144K) Class: 0K(0K)->0K(0K)
[7306.394s][info][gc             ] GC(1314) Pause Young (Normal) (G1 Evacuation Pause) 7055M->2545M(8192M) 152.444ms
[7306.394s][info][gc,cpu         ] GC(1314) User=1.20s Sys=0.00s Real=0.15s
...[7309.384s][info][gc,start       ] GC(1315) Pause Young (Normal) (G1 Evacuation Pause)
[7309.384s][info][gc,task        ] GC(1315) Using 8 workers of 8 for evacuation
[7309.537s][info][gc,phases      ] GC(1315)   Pre Evacuate Collection Set: 0.25ms
[7309.537s][info][gc,phases      ] GC(1315)   Merge Heap Roots: 0.66ms
[7309.537s][info][gc,phases      ] GC(1315)   Evacuate Collection Set: 151.58ms
[7309.537s][info][gc,phases      ] GC(1315)   Post Evacuate Collection Set: 1.05ms
[7309.537s][info][gc,phases      ] GC(1315)   Other: 0.07ms
[7309.538s][info][gc,heap        ] GC(1315) Eden regions: 571->0(570)
[7309.538s][info][gc,heap        ] GC(1315) Survivor regions: 43->44(77)
[7309.538s][info][gc,heap        ] GC(1315) Old regions: 244->251
[7309.538s][info][gc,heap        ] GC(1315) Humongous regions: 33->33
[7309.538s][info][gc,metaspace   ] GC(1315) Metaspace: 29994K(30144K)->29994K(30144K) NonClass: 29994K(30144K)->29994K(30144K) Class: 0K(0K)->0K(0K)
[7309.538s][info][gc             ] GC(1315) Pause Young (Normal) (G1 Evacuation Pause) 7113M->2607M(8192M) 153.736ms
[7309.538s][info][gc,cpu         ] GC(1315) User=1.22s Sys=0.00s Real=0.16s
...[7312.401s][info][gc,start       ] GC(1316) Pause Young (Normal) (G1 Evacuation Pause)
[7312.401s][info][gc,task        ] GC(1316) Using 8 workers of 8 for evacuation
[7312.555s][info][gc,phases      ] GC(1316)   Pre Evacuate Collection Set: 0.24ms
[7312.555s][info][gc,phases      ] GC(1316)   Merge Heap Roots: 0.54ms
[7312.555s][info][gc,phases      ] GC(1316)   Evacuate Collection Set: 151.84ms
[7312.555s][info][gc,phases      ] GC(1316)   Post Evacuate Collection Set: 1.07ms
[7312.555s][info][gc,phases      ] GC(1316)   Other: 0.08ms
[7312.555s][info][gc,heap        ] GC(1316) Eden regions: 570->0(571)
[7312.555s][info][gc,heap        ] GC(1316) Survivor regions: 44->43(77)
[7312.555s][info][gc,heap        ] GC(1316) Old regions: 251->259
[7312.555s][info][gc,heap        ] GC(1316) Humongous regions: 33->33
[7312.555s][info][gc,metaspace   ] GC(1316) Metaspace: 29994K(30144K)->29994K(30144K) NonClass: 29994K(30144K)->29994K(30144K) Class: 0K(0K)->0K(0K)
[7312.555s][info][gc             ] GC(1316) Pause Young (Normal) (G1 Evacuation Pause) 7167M->2662M(8192M) 153.902ms
[7312.555s][info][gc,cpu         ] GC(1316) User=1.22s Sys=0.00s Real=0.15s
...[7315.574s][info][gc,start       ] GC(1317) Pause Young (Normal) (G1 Evacuation Pause)
[7315.574s][info][gc,task        ] GC(1317) Using 8 workers of 8 for evacuation
[7315.726s][info][gc,phases      ] GC(1317)   Pre Evacuate Collection Set: 0.23ms
[7315.726s][info][gc,phases      ] GC(1317)   Merge Heap Roots: 0.52ms
[7315.726s][info][gc,phases      ] GC(1317)   Evacuate Collection Set: 150.24ms
[7315.726s][info][gc,phases      ] GC(1317)   Post Evacuate Collection Set: 1.08ms
[7315.726s][info][gc,phases      ] GC(1317)   Other: 0.06ms
[7315.726s][info][gc,heap        ] GC(1317) Eden regions: 571->0(570)
[7315.726s][info][gc,heap        ] GC(1317) Survivor regions: 43->44(77)
[7315.726s][info][gc,heap        ] GC(1317) Old regions: 259->266
[7315.726s][info][gc,heap        ] GC(1317) Humongous regions: 33->33
[7315.726s][info][gc,metaspace   ] GC(1317) Metaspace: 29994K(30144K)->29994K(30144K) NonClass: 29994K(30144K)->29994K(30144K) Class: 0K(0K)->0K(0K)
[7315.726s][info][gc             ] GC(1317) Pause Young (Normal) (G1 Evacuation Pause) 7230M->2726M(8192M) 152.247ms
[7315.727s][info][gc,cpu         ] GC(1317) User=1.21s Sys=0.00s Real=0.15s
...[7318.702s][info][gc,start       ] GC(1318) Pause Young (Normal) (G1 Evacuation Pause)
[7318.702s][info][gc,task        ] GC(1318) Using 8 workers of 8 for evacuation
[7318.851s][info][gc,phases      ] GC(1318)   Pre Evacuate Collection Set: 0.25ms
[7318.851s][info][gc,phases      ] GC(1318)   Merge Heap Roots: 0.59ms
[7318.851s][info][gc,phases      ] GC(1318)   Evacuate Collection Set: 146.95ms
[7318.851s][info][gc,phases      ] GC(1318)   Post Evacuate Collection Set: 1.07ms
[7318.851s][info][gc,phases      ] GC(1318)   Other: 0.07ms
[7318.851s][info][gc,heap        ] GC(1318) Eden regions: 570->0(571)
[7318.851s][info][gc,heap        ] GC(1318) Survivor regions: 44->43(77)
[7318.851s][info][gc,heap        ] GC(1318) Old regions: 266->273
[7318.851s][info][gc,heap        ] GC(1318) Humongous regions: 33->33
[7318.851s][info][gc,metaspace   ] GC(1318) Metaspace: 29994K(30144K)->29994K(30144K) NonClass: 29994K(30144K)->29994K(30144K) Class: 0K(0K)->0K(0K)
[7318.851s][info][gc             ] GC(1318) Pause Young (Normal) (G1 Evacuation Pause) 7286M->2777M(8192M) 149.060ms
[7318.851s][info][gc,cpu         ] GC(1318) User=1.18s Sys=0.00s Real=0.15s
...[7321.687s][info][gc,start       ] GC(1319) Pause Young (Normal) (G1 Evacuation Pause)
[7321.687s][info][gc,task        ] GC(1319) Using 8 workers of 8 for evacuation
[7321.835s][info][gc,phases      ] GC(1319)   Pre Evacuate Collection Set: 0.27ms
[7321.835s][info][gc,phases      ] GC(1319)   Merge Heap Roots: 0.52ms
[7321.835s][info][gc,phases      ] GC(1319)   Evacuate Collection Set: 145.90ms
[7321.835s][info][gc,phases      ] GC(1319)   Post Evacuate Collection Set: 1.03ms
[7321.835s][info][gc,phases      ] GC(1319)   Other: 0.06ms
[7321.835s][info][gc,heap        ] GC(1319) Eden regions: 571->0(571)
[7321.835s][info][gc,heap        ] GC(1319) Survivor regions: 43->43(77)
[7321.835s][info][gc,heap        ] GC(1319) Old regions: 273->280
[7321.835s][info][gc,heap        ] GC(1319) Humongous regions: 33->33
[7321.835s][info][gc,metaspace   ] GC(1319) Metaspace: 29994K(30144K)->29994K(30144K) NonClass: 29994K(30144K)->29994K(30144K) Class: 0K(0K)->0K(0K)
[7321.835s][info][gc             ] GC(1319) Pause Young (Normal) (G1 Evacuation Pause) 7345M->2835M(8192M) 147.927ms
[7321.835s][info][gc,cpu         ] GC(1319) User=1.17s Sys=0.00s Real=0.15s
... (rIR:aIR:PR = 12453:12455:12488) (tPR = 182571) [OK] 
  7324s: Performance info:
         Transaction,    Success,    Partial,     Failed,   Receipts, AvgBarcode, 
             Overall,     755377,          0,          0,     717436,      59.47, 
         Response times:
             Request,    Success,    Partial,     Failed,   SkipFail,     Probes,    Samples,      min,      p50,      p90,      p95,      p99,      max, 
       TotalPurchase,     715423,          0,          0,          0,     359706,     548662,      300,    21000,   133000,   183000,   374000,  4800000,
     InStorePurchase,     381635,          0,          0,          0,     188785,     288204,      300,    21000,   136000,   188000,   383000,  4800000,
      OnlinePurchase,     258894,          0,          0,          0,     133023,     202525,      300,    21000,   131000,   180000,   359000,  4800000,
        InstPurchase,      74894,          0,          0,          0,      37898,      57933,      400,    19800,   128000,   177000,   359000,  4800000,
          AssocOfCat,        756,          0,          0,          0,        649,       1115,    34000,    81000,   199000,   239200,   335000,   450000,
      AssocOfProduct,       7368,          0,          0,          0,       3607,       5669,      500,    19300,   132000,   181000,   371200,  1100000,
      BusinessReport,       1890,          0,          0,          0,       1714,       2775,    35000,    85000,   201000,   249000,   396000,   940000,
          CustBuyBeh,       7569,          0,          0,          0,       3657,       5853,      300,    19600,   124000,   176300,   381460,   970000,
       ProductReturn,      20355,          0,          0,          0,       9569,      15186,      200,    21000,   132000,   181000,   375000,  4800000,

  7324s: (91%)   IR =  12592 [7324.870s][info][gc,start       ] GC(1320) Pause Young (Normal) (G1 Evacuation Pause)
[7324.870s][info][gc,task        ] GC(1320) Using 8 workers of 8 for evacuation
[7325.023s][info][gc,phases      ] GC(1320)   Pre Evacuate Collection Set: 0.22ms
[7325.023s][info][gc,phases      ] GC(1320)   Merge Heap Roots: 0.56ms
[7325.023s][info][gc,phases      ] GC(1320)   Evacuate Collection Set: 150.99ms
[7325.023s][info][gc,phases      ] GC(1320)   Post Evacuate Collection Set: 1.12ms
[7325.023s][info][gc,phases      ] GC(1320)   Other: 0.06ms
[7325.023s][info][gc,heap        ] GC(1320) Eden regions: 571->0(565)
[7325.023s][info][gc,heap        ] GC(1320) Survivor regions: 43->43(77)
[7325.023s][info][gc,heap        ] GC(1320) Old regions: 280->288
[7325.023s][info][gc,heap        ] GC(1320) Humongous regions: 33->33
[7325.023s][info][gc,metaspace   ] GC(1320) Metaspace: 29994K(30144K)->29994K(30144K) NonClass: 29994K(30144K)->29994K(30144K) Class: 0K(0K)->0K(0K)
[7325.023s][info][gc             ] GC(1320) Pause Young (Normal) (G1 Evacuation Pause) 7403M->2893M(8192M) 153.075ms
[7325.023s][info][gc,cpu         ] GC(1320) User=1.21s Sys=0.00s Real=0.15s
...[7327.828s][info][gc,start       ] GC(1321) Pause Young (Normal) (G1 Evacuation Pause)
[7327.828s][info][gc,task        ] GC(1321) Using 8 workers of 8 for evacuation
[7327.979s][info][gc,phases      ] GC(1321)   Pre Evacuate Collection Set: 0.23ms
[7327.979s][info][gc,phases      ] GC(1321)   Merge Heap Roots: 0.53ms
[7327.979s][info][gc,phases      ] GC(1321)   Evacuate Collection Set: 148.84ms
[7327.979s][info][gc,phases      ] GC(1321)   Post Evacuate Collection Set: 1.05ms
[7327.979s][info][gc,phases      ] GC(1321)   Other: 0.06ms
[7327.979s][info][gc,heap        ] GC(1321) Eden regions: 565->0(560)
[7327.979s][info][gc,heap        ] GC(1321) Survivor regions: 43->42(76)
[7327.979s][info][gc,heap        ] GC(1321) Old regions: 288->295
[7327.979s][info][gc,heap        ] GC(1321) Humongous regions: 33->33
[7327.979s][info][gc,metaspace   ] GC(1321) Metaspace: 29994K(30144K)->29994K(30144K) NonClass: 29994K(30144K)->29994K(30144K) Class: 0K(0K)->0K(0K)
[7327.979s][info][gc             ] GC(1321) Pause Young (Normal) (G1 Evacuation Pause) 7413M->2943M(8192M) 150.831ms
[7327.979s][info][gc,cpu         ] GC(1321) User=1.19s Sys=0.00s Real=0.15s
...[7330.748s][info][gc,start       ] GC(1322) Pause Young (Normal) (G1 Evacuation Pause)
[7330.748s][info][gc,task        ] GC(1322) Using 8 workers of 8 for evacuation
[7330.898s][info][gc,phases      ] GC(1322)   Pre Evacuate Collection Set: 0.24ms
[7330.898s][info][gc,phases      ] GC(1322)   Merge Heap Roots: 0.56ms
[7330.898s][info][gc,phases      ] GC(1322)   Evacuate Collection Set: 147.56ms
[7330.898s][info][gc,phases      ] GC(1322)   Post Evacuate Collection Set: 1.01ms
[7330.898s][info][gc,phases      ] GC(1322)   Other: 0.06ms
[7330.898s][info][gc,heap        ] GC(1322) Eden regions: 560->0(551)
[7330.898s][info][gc,heap        ] GC(1322) Survivor regions: 42->43(76)
[7330.898s][info][gc,heap        ] GC(1322) Old regions: 295->302
[7330.898s][info][gc,heap        ] GC(1322) Humongous regions: 33->33
[7330.898s][info][gc,metaspace   ] GC(1322) Metaspace: 29994K(30144K)->29994K(30144K) NonClass: 29994K(30144K)->29994K(30144K) Class: 0K(0K)->0K(0K)
[7330.898s][info][gc             ] GC(1322) Pause Young (Normal) (G1 Evacuation Pause) 7423M->3011M(8192M) 149.565ms
[7330.898s][info][gc,cpu         ] GC(1322) User=1.18s Sys=0.00s Real=0.15s
...[7333.745s][info][gc,start       ] GC(1323) Pause Young (Normal) (G1 Evacuation Pause)
[7333.745s][info][gc,task        ] GC(1323) Using 8 workers of 8 for evacuation
[7333.899s][info][gc,phases      ] GC(1323)   Pre Evacuate Collection Set: 0.23ms
[7333.899s][info][gc,phases      ] GC(1323)   Merge Heap Roots: 0.53ms
[7333.899s][info][gc,phases      ] GC(1323)   Evacuate Collection Set: 152.13ms
[7333.899s][info][gc,phases      ] GC(1323)   Post Evacuate Collection Set: 1.05ms
[7333.899s][info][gc,phases      ] GC(1323)   Other: 0.06ms
[7333.899s][info][gc,heap        ] GC(1323) Eden regions: 551->0(541)
[7333.899s][info][gc,heap        ] GC(1323) Survivor regions: 43->44(75)
[7333.899s][info][gc,heap        ] GC(1323) Old regions: 302->310
[7333.899s][info][gc,heap        ] GC(1323) Humongous regions: 33->33
[7333.899s][info][gc,metaspace   ] GC(1323) Metaspace: 29994K(30144K)->29994K(30144K) NonClass: 29994K(30144K)->29994K(30144K) Class: 0K(0K)->0K(0K)
[7333.899s][info][gc             ] GC(1323) Pause Young (Normal) (G1 Evacuation Pause) 7419M->3075M(8192M) 154.136ms
[7333.899s][info][gc,cpu         ] GC(1323) User=1.21s Sys=0.00s Real=0.16s
...[7336.563s][info][gc,start       ] GC(1324) Pause Young (Concurrent Start) (G1 Evacuation Pause)
[7336.564s][info][gc,task        ] GC(1324) Using 8 workers of 8 for evacuation
[7336.726s][info][gc,phases      ] GC(1324)   Pre Evacuate Collection Set: 0.25ms
[7336.726s][info][gc,phases      ] GC(1324)   Merge Heap Roots: 0.53ms
[7336.726s][info][gc,phases      ] GC(1324)   Evacuate Collection Set: 160.70ms
[7336.726s][info][gc,phases      ] GC(1324)   Post Evacuate Collection Set: 1.02ms
[7336.726s][info][gc,phases      ] GC(1324)   Other: 0.08ms
[7336.726s][info][gc,heap        ] GC(1324) Eden regions: 541->0(527)
[7336.726s][info][gc,heap        ] GC(1324) Survivor regions: 44->47(74)
[7336.726s][info][gc,heap        ] GC(1324) Old regions: 310->318
[7336.726s][info][gc,heap        ] GC(1324) Humongous regions: 33->33
[7336.726s][info][gc,metaspace   ] GC(1324) Metaspace: 29994K(30144K)->29994K(30144K) NonClass: 29994K(30144K)->29994K(30144K) Class: 0K(0K)->0K(0K)
[7336.726s][info][gc             ] GC(1324) Pause Young (Concurrent Start) (G1 Evacuation Pause) 7403M->3161M(8192M) 162.717ms
[7336.726s][info][gc             ] GC(1325) Concurrent Mark Cycle
[7336.726s][info][gc,marking     ] GC(1325) Concurrent Scan Root Regions
[7336.726s][info][gc,cpu         ] GC(1324) User=1.29s Sys=0.00s Real=0.16s
[7337.028s][info][gc,marking     ] GC(1325) Concurrent Scan Root Regions 302.034ms
[7337.028s][info][gc,marking     ] GC(1325) Concurrent Mark
[7337.028s][info][gc,marking     ] GC(1325) Concurrent Mark From Roots
[7337.028s][info][gc,task        ] GC(1325) Using 2 workers of 2 for marking
.[7338.009s][info][gc,marking     ] GC(1325) Concurrent Mark From Roots 980.787ms
[7338.009s][info][gc,marking     ] GC(1325) Concurrent Preclean
[7338.009s][info][gc,marking     ] GC(1325) Concurrent Preclean 0.136ms
[7338.009s][info][gc,start       ] GC(1325) Pause Remark
[7338.012s][info][gc             ] GC(1325) Pause Remark 4623M->4103M(8192M) 2.349ms
[7338.012s][info][gc,cpu         ] GC(1325) User=0.01s Sys=0.00s Real=0.00s
[7338.012s][info][gc,marking     ] GC(1325) Concurrent Mark 983.682ms
[7338.012s][info][gc,marking     ] GC(1325) Concurrent Rebuild Remembered Sets and Scrub Regions
.[7338.826s][info][gc,marking     ] GC(1325) Concurrent Rebuild Remembered Sets and Scrub Regions 814.228ms
[7338.826s][info][gc,start       ] GC(1325) Pause Cleanup
[7338.827s][info][gc             ] GC(1325) Pause Cleanup 5145M->5145M(8192M) 0.253ms
[7338.827s][info][gc,cpu         ] GC(1325) User=0.00s Sys=0.00s Real=0.00s
[7338.827s][info][gc,marking     ] GC(1325) Concurrent Clear Claimed Marks
[7338.827s][info][gc,marking     ] GC(1325) Concurrent Clear Claimed Marks 0.039ms
[7338.827s][info][gc,marking     ] GC(1325) Concurrent Cleanup for Next Mark
[7338.837s][info][gc,marking     ] GC(1325) Concurrent Cleanup for Next Mark 10.521ms
[7338.837s][info][gc             ] GC(1325) Concurrent Mark Cycle 2111.110ms
.[7339.841s][info][gc,start       ] GC(1326) Pause Young (Prepare Mixed) (G1 Evacuation Pause)
[7339.841s][info][gc,task        ] GC(1326) Using 8 workers of 8 for evacuation
[7339.993s][info][gc,phases      ] GC(1326)   Pre Evacuate Collection Set: 0.25ms
[7339.993s][info][gc,phases      ] GC(1326)   Merge Heap Roots: 0.71ms
[7339.993s][info][gc,phases      ] GC(1326)   Evacuate Collection Set: 149.73ms
[7339.993s][info][gc,phases      ] GC(1326)   Post Evacuate Collection Set: 1.11ms
[7339.993s][info][gc,phases      ] GC(1326)   Other: 0.07ms
[7339.993s][info][gc,heap        ] GC(1326) Eden regions: 527->0(570)
[7339.993s][info][gc,heap        ] GC(1326) Survivor regions: 47->44(72)
[7339.993s][info][gc,heap        ] GC(1326) Old regions: 253->260
[7339.993s][info][gc,heap        ] GC(1326) Humongous regions: 33->33
[7339.993s][info][gc,metaspace   ] GC(1326) Metaspace: 29994K(30144K)->29994K(30144K) NonClass: 29994K(30144K)->29994K(30144K) Class: 0K(0K)->0K(0K)
[7339.993s][info][gc             ] GC(1326) Pause Young (Prepare Mixed) (G1 Evacuation Pause) 6857M->2677M(8192M) 152.026ms
[7339.993s][info][gc,cpu         ] GC(1326) User=1.21s Sys=0.00s Real=0.15s
...[7342.830s][info][gc,start       ] GC(1327) Pause Young (Mixed) (G1 Evacuation Pause)
[7342.830s][info][gc,task        ] GC(1327) Using 8 workers of 8 for evacuation
[7342.986s][info][gc,phases      ] GC(1327)   Pre Evacuate Collection Set: 0.25ms
[7342.986s][info][gc,phases      ] GC(1327)   Merge Heap Roots: 0.78ms
[7342.986s][info][gc,phases      ] GC(1327)   Evacuate Collection Set: 153.85ms
[7342.986s][info][gc,phases      ] GC(1327)   Post Evacuate Collection Set: 1.32ms
[7342.986s][info][gc,phases      ] GC(1327)   Other: 0.08ms
[7342.986s][info][gc,heap        ] GC(1327) Eden regions: 570->0(571)
[7342.986s][info][gc,heap        ] GC(1327) Survivor regions: 44->43(77)
[7342.986s][info][gc,heap        ] GC(1327) Old regions: 260->166
[7342.986s][info][gc,heap        ] GC(1327) Humongous regions: 33->33
[7342.986s][info][gc,metaspace   ] GC(1327) Metaspace: 29994K(30144K)->29994K(30144K) NonClass: 29994K(30144K)->29994K(30144K) Class: 0K(0K)->0K(0K)
[7342.986s][info][gc             ] GC(1327) Pause Young (Mixed) (G1 Evacuation Pause) 7237M->1913M(8192M) 156.408ms
[7342.986s][info][gc,cpu         ] GC(1327) User=1.24s Sys=0.00s Real=0.15s
...[7345.746s][info][gc,start       ] GC(1328) Pause Young (Mixed) (G1 Evacuation Pause)
[7345.746s][info][gc,task        ] GC(1328) Using 8 workers of 8 for evacuation
[7345.912s][info][gc,phases      ] GC(1328)   Pre Evacuate Collection Set: 0.25ms
[7345.912s][info][gc,phases      ] GC(1328)   Merge Heap Roots: 0.85ms
[7345.912s][info][gc,phases      ] GC(1328)   Evacuate Collection Set: 163.28ms
[7345.912s][info][gc,phases      ] GC(1328)   Post Evacuate Collection Set: 1.07ms
[7345.912s][info][gc,phases      ] GC(1328)   Other: 0.07ms
[7345.912s][info][gc,heap        ] GC(1328) Eden regions: 571->0(569)
[7345.912s][info][gc,heap        ] GC(1328) Survivor regions: 43->45(77)
[7345.912s][info][gc,heap        ] GC(1328) Old regions: 166->144
[7345.912s][info][gc,heap        ] GC(1328) Humongous regions: 33->33
[7345.912s][info][gc,metaspace   ] GC(1328) Metaspace: 29994K(30144K)->29994K(30144K) NonClass: 29994K(30144K)->29994K(30144K) Class: 0K(0K)->0K(0K)
[7345.912s][info][gc             ] GC(1328) Pause Young (Mixed) (G1 Evacuation Pause) 6481M->1759M(8192M) 165.655ms
[7345.912s][info][gc,cpu         ] GC(1328) User=1.31s Sys=0.01s Real=0.17s
...[7348.614s][info][gc,start       ] GC(1329) Pause Young (Normal) (G1 Evacuation Pause)
[7348.614s][info][gc,task        ] GC(1329) Using 8 workers of 8 for evacuation
[7348.763s][info][gc,phases      ] GC(1329)   Pre Evacuate Collection Set: 0.26ms
[7348.763s][info][gc,phases      ] GC(1329)   Merge Heap Roots: 0.52ms
[7348.763s][info][gc,phases      ] GC(1329)   Evacuate Collection Set: 147.32ms
[7348.763s][info][gc,phases      ] GC(1329)   Post Evacuate Collection Set: 1.07ms
[7348.763s][info][gc,phases      ] GC(1329)   Other: 0.06ms
[7348.763s][info][gc,heap        ] GC(1329) Eden regions: 569->0(570)
[7348.763s][info][gc,heap        ] GC(1329) Survivor regions: 45->44(77)
[7348.763s][info][gc,heap        ] GC(1329) Old regions: 144->151
[7348.763s][info][gc,heap        ] GC(1329) Humongous regions: 33->33
[7348.763s][info][gc,metaspace   ] GC(1329) Metaspace: 29994K(30144K)->29994K(30144K) NonClass: 29994K(30144K)->29994K(30144K) Class: 0K(0K)->0K(0K)
[7348.763s][info][gc             ] GC(1329) Pause Young (Normal) (G1 Evacuation Pause) 6311M->1807M(8192M) 149.351ms
[7348.763s][info][gc,cpu         ] GC(1329) User=1.17s Sys=0.01s Real=0.15s
...|[7351.597s][info][gc,start       ] GC(1330) Pause Young (Normal) (G1 Evacuation Pause)
[7351.597s][info][gc,task        ] GC(1330) Using 8 workers of 8 for evacuation
[7351.750s][info][gc,phases      ] GC(1330)   Pre Evacuate Collection Set: 0.22ms
[7351.751s][info][gc,phases      ] GC(1330)   Merge Heap Roots: 0.51ms
[7351.751s][info][gc,phases      ] GC(1330)   Evacuate Collection Set: 152.03ms
[7351.751s][info][gc,phases      ] GC(1330)   Post Evacuate Collection Set: 1.02ms
[7351.751s][info][gc,phases      ] GC(1330)   Other: 0.06ms
[7351.751s][info][gc,heap        ] GC(1330) Eden regions: 570->0(569)
[7351.751s][info][gc,heap        ] GC(1330) Survivor regions: 44->45(77)
[7351.751s][info][gc,heap        ] GC(1330) Old regions: 151->159
[7351.751s][info][gc,heap        ] GC(1330) Humongous regions: 33->33
[7351.751s][info][gc,metaspace   ] GC(1330) Metaspace: 29994K(30144K)->29994K(30144K) NonClass: 29994K(30144K)->29994K(30144K) Class: 0K(0K)->0K(0K)
[7351.751s][info][gc             ] GC(1330) Pause Young (Normal) (G1 Evacuation Pause) 6367M->1875M(8192M) 153.969ms
[7351.751s][info][gc,cpu         ] GC(1330) User=1.22s Sys=0.00s Real=0.16s
...[7354.556s][info][gc,start       ] GC(1331) Pause Young (Normal) (G1 Evacuation Pause)
[7354.556s][info][gc,task        ] GC(1331) Using 8 workers of 8 for evacuation
[7354.714s][info][gc,phases      ] GC(1331)   Pre Evacuate Collection Set: 0.22ms
[7354.714s][info][gc,phases      ] GC(1331)   Merge Heap Roots: 0.51ms
[7354.714s][info][gc,phases      ] GC(1331)   Evacuate Collection Set: 155.63ms
[7354.714s][info][gc,phases      ] GC(1331)   Post Evacuate Collection Set: 1.02ms
[7354.714s][info][gc,phases      ] GC(1331)   Other: 0.06ms
[7354.714s][info][gc,heap        ] GC(1331) Eden regions: 569->0(569)
[7354.714s][info][gc,heap        ] GC(1331) Survivor regions: 45->45(77)
[7354.714s][info][gc,heap        ] GC(1331) Old regions: 159->166
[7354.714s][info][gc,heap        ] GC(1331) Humongous regions: 33->33
[7354.714s][info][gc,metaspace   ] GC(1331) Metaspace: 29994K(30144K)->29994K(30144K) NonClass: 29994K(30144K)->29994K(30144K) Class: 0K(0K)->0K(0K)
[7354.714s][info][gc             ] GC(1331) Pause Young (Normal) (G1 Evacuation Pause) 6427M->1939M(8192M) 157.568ms
[7354.714s][info][gc,cpu         ] GC(1331) User=1.24s Sys=0.01s Real=0.16s
...[7357.607s][info][gc,start       ] GC(1332) Pause Young (Normal) (G1 Evacuation Pause)
[7357.607s][info][gc,task        ] GC(1332) Using 8 workers of 8 for evacuation
[7357.759s][info][gc,phases      ] GC(1332)   Pre Evacuate Collection Set: 0.22ms
[7357.759s][info][gc,phases      ] GC(1332)   Merge Heap Roots: 0.52ms
[7357.759s][info][gc,phases      ] GC(1332)   Evacuate Collection Set: 150.54ms
[7357.759s][info][gc,phases      ] GC(1332)   Post Evacuate Collection Set: 1.01ms
[7357.759s][info][gc,phases      ] GC(1332)   Other: 0.06ms
[7357.759s][info][gc,heap        ] GC(1332) Eden regions: 569->0(570)
[7357.759s][info][gc,heap        ] GC(1332) Survivor regions: 45->44(77)
[7357.759s][info][gc,heap        ] GC(1332) Old regions: 166->174
[7357.759s][info][gc,heap        ] GC(1332) Humongous regions: 33->33
[7357.759s][info][gc,metaspace   ] GC(1332) Metaspace: 29994K(30144K)->29994K(30144K) NonClass: 29994K(30144K)->29994K(30144K) Class: 0K(0K)->0K(0K)
[7357.759s][info][gc             ] GC(1332) Pause Young (Normal) (G1 Evacuation Pause) 6491M->1985M(8192M) 152.485ms
[7357.759s][info][gc,cpu         ] GC(1332) User=1.21s Sys=0.00s Real=0.16s
...[7360.569s][info][gc,start       ] GC(1333) Pause Young (Normal) (G1 Evacuation Pause)
[7360.569s][info][gc,task        ] GC(1333) Using 8 workers of 8 for evacuation
[7360.722s][info][gc,phases      ] GC(1333)   Pre Evacuate Collection Set: 0.25ms
[7360.722s][info][gc,phases      ] GC(1333)   Merge Heap Roots: 0.57ms
[7360.722s][info][gc,phases      ] GC(1333)   Evacuate Collection Set: 150.83ms
[7360.722s][info][gc,phases      ] GC(1333)   Post Evacuate Collection Set: 1.00ms
[7360.722s][info][gc,phases      ] GC(1333)   Other: 0.06ms
[7360.722s][info][gc,heap        ] GC(1333) Eden regions: 570->0(570)
[7360.722s][info][gc,heap        ] GC(1333) Survivor regions: 44->44(77)
[7360.722s][info][gc,heap        ] GC(1333) Old regions: 174->181
[7360.722s][info][gc,heap        ] GC(1333) Humongous regions: 33->33
[7360.722s][info][gc,metaspace   ] GC(1333) Metaspace: 29994K(30144K)->29994K(30144K) NonClass: 29994K(30144K)->29994K(30144K) Class: 0K(0K)->0K(0K)
[7360.722s][info][gc             ] GC(1333) Pause Young (Normal) (G1 Evacuation Pause) 6545M->2045M(8192M) 152.867ms
[7360.722s][info][gc,cpu         ] GC(1333) User=1.21s Sys=0.00s Real=0.15s
...[7363.704s][info][gc,start       ] GC(1334) Pause Young (Normal) (G1 Evacuation Pause)
[7363.704s][info][gc,task        ] GC(1334) Using 8 workers of 8 for evacuation
[7363.858s][info][gc,phases      ] GC(1334)   Pre Evacuate Collection Set: 0.23ms
[7363.858s][info][gc,phases      ] GC(1334)   Merge Heap Roots: 0.52ms
[7363.858s][info][gc,phases      ] GC(1334)   Evacuate Collection Set: 151.29ms
[7363.858s][info][gc,phases      ] GC(1334)   Post Evacuate Collection Set: 1.06ms
[7363.858s][info][gc,phases      ] GC(1334)   Other: 0.06ms
[7363.858s][info][gc,heap        ] GC(1334) Eden regions: 570->0(570)
[7363.858s][info][gc,heap        ] GC(1334) Survivor regions: 44->44(77)
[7363.858s][info][gc,heap        ] GC(1334) Old regions: 181->188
[7363.858s][info][gc,heap        ] GC(1334) Humongous regions: 33->33
[7363.858s][info][gc,metaspace   ] GC(1334) Metaspace: 29994K(30144K)->29994K(30144K) NonClass: 29994K(30144K)->29994K(30144K) Class: 0K(0K)->0K(0K)
[7363.858s][info][gc             ] GC(1334) Pause Young (Normal) (G1 Evacuation Pause) 6605M->2105M(8192M) 153.289ms
[7363.858s][info][gc,cpu         ] GC(1334) User=1.22s Sys=0.00s Real=0.16s
...[7366.623s][info][gc,start       ] GC(1335) Pause Young (Normal) (G1 Evacuation Pause)
[7366.623s][info][gc,task        ] GC(1335) Using 8 workers of 8 for evacuation
[7366.779s][info][gc,phases      ] GC(1335)   Pre Evacuate Collection Set: 0.23ms
[7366.779s][info][gc,phases      ] GC(1335)   Merge Heap Roots: 0.59ms
[7366.779s][info][gc,phases      ] GC(1335)   Evacuate Collection Set: 154.06ms
[7366.779s][info][gc,phases      ] GC(1335)   Post Evacuate Collection Set: 1.03ms
[7366.779s][info][gc,phases      ] GC(1335)   Other: 0.06ms
[7366.779s][info][gc,heap        ] GC(1335) Eden regions: 570->0(569)
[7366.779s][info][gc,heap        ] GC(1335) Survivor regions: 44->45(77)
[7366.779s][info][gc,heap        ] GC(1335) Old regions: 188->195
[7366.779s][info][gc,heap        ] GC(1335) Humongous regions: 33->33
[7366.779s][info][gc,metaspace   ] GC(1335) Metaspace: 29994K(30144K)->29994K(30144K) NonClass: 29994K(30144K)->29994K(30144K) Class: 0K(0K)->0K(0K)
[7366.779s][info][gc             ] GC(1335) Pause Young (Normal) (G1 Evacuation Pause) 6665M->2169M(8192M) 156.111ms
[7366.779s][info][gc,cpu         ] GC(1335) User=1.24s Sys=0.00s Real=0.16s
...[7369.588s][info][gc,start       ] GC(1336) Pause Young (Normal) (G1 Evacuation Pause)
[7369.589s][info][gc,task        ] GC(1336) Using 8 workers of 8 for evacuation
[7369.737s][info][gc,phases      ] GC(1336)   Pre Evacuate Collection Set: 0.23ms
[7369.737s][info][gc,phases      ] GC(1336)   Merge Heap Roots: 0.51ms
[7369.737s][info][gc,phases      ] GC(1336)   Evacuate Collection Set: 146.76ms
[7369.737s][info][gc,phases      ] GC(1336)   Post Evacuate Collection Set: 1.04ms
[7369.737s][info][gc,phases      ] GC(1336)   Other: 0.07ms
[7369.737s][info][gc,heap        ] GC(1336) Eden regions: 569->0(570)
[7369.737s][info][gc,heap        ] GC(1336) Survivor regions: 45->44(77)
[7369.737s][info][gc,heap        ] GC(1336) Old regions: 195->202
[7369.737s][info][gc,heap        ] GC(1336) Humongous regions: 33->33
[7369.737s][info][gc,metaspace   ] GC(1336) Metaspace: 29994K(30144K)->29994K(30144K) NonClass: 29994K(30144K)->29994K(30144K) Class: 0K(0K)->0K(0K)
[7369.737s][info][gc             ] GC(1336) Pause Young (Normal) (G1 Evacuation Pause) 6721M->2213M(8192M) 148.731ms
[7369.737s][info][gc,cpu         ] GC(1336) User=1.17s Sys=0.01s Real=0.15s
...[7372.719s][info][gc,start       ] GC(1337) Pause Young (Normal) (G1 Evacuation Pause)
[7372.719s][info][gc,task        ] GC(1337) Using 8 workers of 8 for evacuation
[7372.869s][info][gc,phases      ] GC(1337)   Pre Evacuate Collection Set: 0.23ms
[7372.869s][info][gc,phases      ] GC(1337)   Merge Heap Roots: 0.51ms
[7372.869s][info][gc,phases      ] GC(1337)   Evacuate Collection Set: 148.17ms
[7372.869s][info][gc,phases      ] GC(1337)   Post Evacuate Collection Set: 1.03ms
[7372.869s][info][gc,phases      ] GC(1337)   Other: 0.06ms
[7372.869s][info][gc,heap        ] GC(1337) Eden regions: 570->0(571)
[7372.869s][info][gc,heap        ] GC(1337) Survivor regions: 44->43(77)
[7372.869s][info][gc,heap        ] GC(1337) Old regions: 202->209
[7372.869s][info][gc,heap        ] GC(1337) Humongous regions: 33->33
[7372.869s][info][gc,metaspace   ] GC(1337) Metaspace: 29994K(30144K)->29994K(30144K) NonClass: 29994K(30144K)->29994K(30144K) Class: 0K(0K)->0K(0K)
[7372.869s][info][gc             ] GC(1337) Pause Young (Normal) (G1 Evacuation Pause) 6773M->2267M(8192M) 150.146ms
[7372.869s][info][gc,cpu         ] GC(1337) User=1.19s Sys=0.00s Real=0.15s
...[7375.672s][info][gc,start       ] GC(1338) Pause Young (Normal) (G1 Evacuation Pause)
[7375.672s][info][gc,task        ] GC(1338) Using 8 workers of 8 for evacuation
[7375.830s][info][gc,phases      ] GC(1338)   Pre Evacuate Collection Set: 0.22ms
[7375.830s][info][gc,phases      ] GC(1338)   Merge Heap Roots: 0.53ms
[7375.830s][info][gc,phases      ] GC(1338)   Evacuate Collection Set: 156.31ms
[7375.830s][info][gc,phases      ] GC(1338)   Post Evacuate Collection Set: 1.07ms
[7375.830s][info][gc,phases      ] GC(1338)   Other: 0.07ms
[7375.830s][info][gc,heap        ] GC(1338) Eden regions: 571->0(569)
[7375.830s][info][gc,heap        ] GC(1338) Survivor regions: 43->45(77)
[7375.830s][info][gc,heap        ] GC(1338) Old regions: 209->216
[7375.830s][info][gc,heap        ] GC(1338) Humongous regions: 33->33
[7375.830s][info][gc,metaspace   ] GC(1338) Metaspace: 29994K(30144K)->29994K(30144K) NonClass: 29994K(30144K)->29994K(30144K) Class: 0K(0K)->0K(0K)
[7375.830s][info][gc             ] GC(1338) Pause Young (Normal) (G1 Evacuation Pause) 6835M->2339M(8192M) 158.336ms
[7375.830s][info][gc,cpu         ] GC(1338) User=1.25s Sys=0.00s Real=0.16s
...[7378.577s][info][gc,start       ] GC(1339) Pause Young (Normal) (G1 Evacuation Pause)
[7378.577s][info][gc,task        ] GC(1339) Using 8 workers of 8 for evacuation
[7378.731s][info][gc,phases      ] GC(1339)   Pre Evacuate Collection Set: 0.25ms
[7378.731s][info][gc,phases      ] GC(1339)   Merge Heap Roots: 0.55ms
[7378.731s][info][gc,phases      ] GC(1339)   Evacuate Collection Set: 152.66ms
[7378.731s][info][gc,phases      ] GC(1339)   Post Evacuate Collection Set: 1.03ms
[7378.731s][info][gc,phases      ] GC(1339)   Other: 0.06ms
[7378.731s][info][gc,heap        ] GC(1339) Eden regions: 569->0(569)
[7378.731s][info][gc,heap        ] GC(1339) Survivor regions: 45->45(77)
[7378.731s][info][gc,heap        ] GC(1339) Old regions: 216->224
[7378.731s][info][gc,heap        ] GC(1339) Humongous regions: 33->33
[7378.731s][info][gc,metaspace   ] GC(1339) Metaspace: 29994K(30144K)->29994K(30144K) NonClass: 29994K(30144K)->29994K(30144K) Class: 0K(0K)->0K(0K)
[7378.731s][info][gc             ] GC(1339) Pause Young (Normal) (G1 Evacuation Pause) 6891M->2393M(8192M) 154.680ms
[7378.731s][info][gc,cpu         ] GC(1339) User=1.22s Sys=0.01s Real=0.16s
...[7381.647s][info][gc,start       ] GC(1340) Pause Young (Normal) (G1 Evacuation Pause)
[7381.647s][info][gc,task        ] GC(1340) Using 8 workers of 8 for evacuation
[7381.799s][info][gc,phases      ] GC(1340)   Pre Evacuate Collection Set: 0.26ms
[7381.799s][info][gc,phases      ] GC(1340)   Merge Heap Roots: 0.56ms
[7381.799s][info][gc,phases      ] GC(1340)   Evacuate Collection Set: 150.18ms
[7381.799s][info][gc,phases      ] GC(1340)   Post Evacuate Collection Set: 1.04ms
[7381.799s][info][gc,phases      ] GC(1340)   Other: 0.06ms
[7381.799s][info][gc,heap        ] GC(1340) Eden regions: 569->0(571)
[7381.799s][info][gc,heap        ] GC(1340) Survivor regions: 45->43(77)
[7381.799s][info][gc,heap        ] GC(1340) Old regions: 224->231
[7381.799s][info][gc,heap        ] GC(1340) Humongous regions: 33->33
[7381.799s][info][gc,metaspace   ] GC(1340) Metaspace: 29994K(30144K)->29994K(30144K) NonClass: 29994K(30144K)->29994K(30144K) Class: 0K(0K)->0K(0K)
[7381.799s][info][gc             ] GC(1340) Pause Young (Normal) (G1 Evacuation Pause) 6945M->2437M(8192M) 152.251ms
[7381.799s][info][gc,cpu         ] GC(1340) User=1.20s Sys=0.00s Real=0.16s
...[7384.577s][info][gc,start       ] GC(1341) Pause Young (Normal) (G1 Evacuation Pause)
[7384.577s][info][gc,task        ] GC(1341) Using 8 workers of 8 for evacuation
[7384.733s][info][gc,phases      ] GC(1341)   Pre Evacuate Collection Set: 0.25ms
[7384.733s][info][gc,phases      ] GC(1341)   Merge Heap Roots: 0.52ms
[7384.733s][info][gc,phases      ] GC(1341)   Evacuate Collection Set: 154.29ms
[7384.733s][info][gc,phases      ] GC(1341)   Post Evacuate Collection Set: 1.09ms
[7384.733s][info][gc,phases      ] GC(1341)   Other: 0.07ms
[7384.733s][info][gc,heap        ] GC(1341) Eden regions: 571->0(570)
[7384.733s][info][gc,heap        ] GC(1341) Survivor regions: 43->44(77)
[7384.733s][info][gc,heap        ] GC(1341) Old regions: 231->238
[7384.733s][info][gc,heap        ] GC(1341) Humongous regions: 33->33
[7384.733s][info][gc,metaspace   ] GC(1341) Metaspace: 29994K(30144K)->29994K(30144K) NonClass: 29994K(30144K)->29994K(30144K) Class: 0K(0K)->0K(0K)
[7384.733s][info][gc             ] GC(1341) Pause Young (Normal) (G1 Evacuation Pause) 7005M->2501M(8192M) 156.347ms
[7384.733s][info][gc,cpu         ] GC(1341) User=1.23s Sys=0.01s Real=0.16s
...[7387.604s][info][gc,start       ] GC(1342) Pause Young (Normal) (G1 Evacuation Pause)
[7387.604s][info][gc,task        ] GC(1342) Using 8 workers of 8 for evacuation
[7387.756s][info][gc,phases      ] GC(1342)   Pre Evacuate Collection Set: 0.26ms
[7387.756s][info][gc,phases      ] GC(1342)   Merge Heap Roots: 0.57ms
[7387.756s][info][gc,phases      ] GC(1342)   Evacuate Collection Set: 149.73ms
[7387.756s][info][gc,phases      ] GC(1342)   Post Evacuate Collection Set: 1.09ms
[7387.756s][info][gc,phases      ] GC(1342)   Other: 0.06ms
[7387.756s][info][gc,heap        ] GC(1342) Eden regions: 570->0(570)
[7387.756s][info][gc,heap        ] GC(1342) Survivor regions: 44->44(77)
[7387.756s][info][gc,heap        ] GC(1342) Old regions: 238->244
[7387.756s][info][gc,heap        ] GC(1342) Humongous regions: 33->33
[7387.756s][info][gc,metaspace   ] GC(1342) Metaspace: 29994K(30144K)->29994K(30144K) NonClass: 29994K(30144K)->29994K(30144K) Class: 0K(0K)->0K(0K)
[7387.756s][info][gc             ] GC(1342) Pause Young (Normal) (G1 Evacuation Pause) 7061M->2555M(8192M) 151.865ms
[7387.756s][info][gc,cpu         ] GC(1342) User=1.20s Sys=0.00s Real=0.15s
...[7390.637s][info][gc,start       ] GC(1343) Pause Young (Normal) (G1 Evacuation Pause)
[7390.637s][info][gc,task        ] GC(1343) Using 8 workers of 8 for evacuation
[7390.790s][info][gc,phases      ] GC(1343)   Pre Evacuate Collection Set: 0.23ms
[7390.790s][info][gc,phases      ] GC(1343)   Merge Heap Roots: 0.53ms
[7390.790s][info][gc,phases      ] GC(1343)   Evacuate Collection Set: 151.13ms
[7390.790s][info][gc,phases      ] GC(1343)   Post Evacuate Collection Set: 1.02ms
[7390.790s][info][gc,phases      ] GC(1343)   Other: 0.06ms
[7390.790s][info][gc,heap        ] GC(1343) Eden regions: 570->0(570)
[7390.790s][info][gc,heap        ] GC(1343) Survivor regions: 44->44(77)
[7390.790s][info][gc,heap        ] GC(1343) Old regions: 244->252
[7390.790s][info][gc,heap        ] GC(1343) Humongous regions: 33->33
[7390.790s][info][gc,metaspace   ] GC(1343) Metaspace: 29994K(30144K)->29994K(30144K) NonClass: 29994K(30144K)->29994K(30144K) Class: 0K(0K)->0K(0K)
[7390.790s][info][gc             ] GC(1343) Pause Young (Normal) (G1 Evacuation Pause) 7115M->2613M(8192M) 153.097ms
[7390.790s][info][gc,cpu         ] GC(1343) User=1.22s Sys=0.00s Real=0.16s
...[7393.840s][info][gc,start       ] GC(1344) Pause Young (Normal) (G1 Evacuation Pause)
[7393.841s][info][gc,task        ] GC(1344) Using 8 workers of 8 for evacuation
[7393.989s][info][gc,phases      ] GC(1344)   Pre Evacuate Collection Set: 0.23ms
[7393.989s][info][gc,phases      ] GC(1344)   Merge Heap Roots: 0.57ms
[7393.989s][info][gc,phases      ] GC(1344)   Evacuate Collection Set: 146.55ms
[7393.989s][info][gc,phases      ] GC(1344)   Post Evacuate Collection Set: 1.07ms
[7393.989s][info][gc,phases      ] GC(1344)   Other: 0.06ms
[7393.989s][info][gc,heap        ] GC(1344) Eden regions: 570->0(571)
[7393.989s][info][gc,heap        ] GC(1344) Survivor regions: 44->43(77)
[7393.989s][info][gc,heap        ] GC(1344) Old regions: 252->259
[7393.989s][info][gc,heap        ] GC(1344) Humongous regions: 33->33
[7393.989s][info][gc,metaspace   ] GC(1344) Metaspace: 29994K(30144K)->29994K(30144K) NonClass: 29994K(30144K)->29994K(30144K) Class: 0K(0K)->0K(0K)
[7393.989s][info][gc             ] GC(1344) Pause Young (Normal) (G1 Evacuation Pause) 7173M->2663M(8192M) 148.621ms
[7393.989s][info][gc,cpu         ] GC(1344) User=1.17s Sys=0.00s Real=0.15s
...[7396.909s][info][gc,start       ] GC(1345) Pause Young (Normal) (G1 Evacuation Pause)
[7396.909s][info][gc,task        ] GC(1345) Using 8 workers of 8 for evacuation
[7397.057s][info][gc,phases      ] GC(1345)   Pre Evacuate Collection Set: 0.23ms
[7397.057s][info][gc,phases      ] GC(1345)   Merge Heap Roots: 0.55ms
[7397.057s][info][gc,phases      ] GC(1345)   Evacuate Collection Set: 146.72ms
[7397.057s][info][gc,phases      ] GC(1345)   Post Evacuate Collection Set: 1.03ms
[7397.057s][info][gc,phases      ] GC(1345)   Other: 0.06ms
[7397.057s][info][gc,heap        ] GC(1345) Eden regions: 571->0(571)
[7397.057s][info][gc,heap        ] GC(1345) Survivor regions: 43->43(77)
[7397.057s][info][gc,heap        ] GC(1345) Old regions: 259->266
[7397.057s][info][gc,heap        ] GC(1345) Humongous regions: 33->33
[7397.057s][info][gc,metaspace   ] GC(1345) Metaspace: 29994K(30144K)->29994K(30144K) NonClass: 29994K(30144K)->29994K(30144K) Class: 0K(0K)->0K(0K)
[7397.057s][info][gc             ] GC(1345) Pause Young (Normal) (G1 Evacuation Pause) 7231M->2721M(8192M) 148.716ms
[7397.058s][info][gc,cpu         ] GC(1345) User=1.17s Sys=0.00s Real=0.15s
...[7399.980s][info][gc,start       ] GC(1346) Pause Young (Normal) (G1 Evacuation Pause)
[7399.980s][info][gc,task        ] GC(1346) Using 8 workers of 8 for evacuation
[7400.129s][info][gc,phases      ] GC(1346)   Pre Evacuate Collection Set: 0.23ms
[7400.129s][info][gc,phases      ] GC(1346)   Merge Heap Roots: 0.52ms
[7400.129s][info][gc,phases      ] GC(1346)   Evacuate Collection Set: 146.95ms
[7400.129s][info][gc,phases      ] GC(1346)   Post Evacuate Collection Set: 1.05ms
[7400.129s][info][gc,phases      ] GC(1346)   Other: 0.07ms
[7400.129s][info][gc,heap        ] GC(1346) Eden regions: 571->0(570)
[7400.129s][info][gc,heap        ] GC(1346) Survivor regions: 43->44(77)
[7400.129s][info][gc,heap        ] GC(1346) Old regions: 266->273
[7400.129s][info][gc,heap        ] GC(1346) Humongous regions: 33->33
[7400.129s][info][gc,metaspace   ] GC(1346) Metaspace: 29994K(30144K)->29994K(30144K) NonClass: 29994K(30144K)->29994K(30144K) Class: 0K(0K)->0K(0K)
[7400.129s][info][gc             ] GC(1346) Pause Young (Normal) (G1 Evacuation Pause) 7289M->2782M(8192M) 148.954ms
[7400.129s][info][gc,cpu         ] GC(1346) User=1.18s Sys=0.00s Real=0.15s
...[7403.085s][info][gc,start       ] GC(1347) Pause Young (Normal) (G1 Evacuation Pause)
[7403.085s][info][gc,task        ] GC(1347) Using 8 workers of 8 for evacuation
[7403.234s][info][gc,phases      ] GC(1347)   Pre Evacuate Collection Set: 0.24ms
[7403.234s][info][gc,phases      ] GC(1347)   Merge Heap Roots: 0.55ms
[7403.234s][info][gc,phases      ] GC(1347)   Evacuate Collection Set: 146.97ms
[7403.234s][info][gc,phases      ] GC(1347)   Post Evacuate Collection Set: 1.03ms
[7403.234s][info][gc,phases      ] GC(1347)   Other: 0.07ms
[7403.234s][info][gc,heap        ] GC(1347) Eden regions: 570->0(571)
[7403.234s][info][gc,heap        ] GC(1347) Survivor regions: 44->43(77)
[7403.234s][info][gc,heap        ] GC(1347) Old regions: 273->280
[7403.234s][info][gc,heap        ] GC(1347) Humongous regions: 33->33
[7403.234s][info][gc,metaspace   ] GC(1347) Metaspace: 29994K(30144K)->29994K(30144K) NonClass: 29994K(30144K)->29994K(30144K) Class: 0K(0K)->0K(0K)
[7403.234s][info][gc             ] GC(1347) Pause Young (Normal) (G1 Evacuation Pause) 7342M->2829M(8192M) 149.003ms
[7403.234s][info][gc,cpu         ] GC(1347) User=1.18s Sys=0.01s Real=0.15s
...[7406.052s][info][gc,start       ] GC(1348) Pause Young (Normal) (G1 Evacuation Pause)
[7406.052s][info][gc,task        ] GC(1348) Using 8 workers of 8 for evacuation
[7406.202s][info][gc,phases      ] GC(1348)   Pre Evacuate Collection Set: 0.26ms
[7406.202s][info][gc,phases      ] GC(1348)   Merge Heap Roots: 0.52ms
[7406.202s][info][gc,phases      ] GC(1348)   Evacuate Collection Set: 148.41ms
[7406.202s][info][gc,phases      ] GC(1348)   Post Evacuate Collection Set: 1.05ms
[7406.202s][info][gc,phases      ] GC(1348)   Other: 0.06ms
[7406.202s][info][gc,heap        ] GC(1348) Eden regions: 571->0(566)
[7406.202s][info][gc,heap        ] GC(1348) Survivor regions: 43->43(77)
[7406.202s][info][gc,heap        ] GC(1348) Old regions: 280->287
[7406.202s][info][gc,heap        ] GC(1348) Humongous regions: 33->33
[7406.202s][info][gc,metaspace   ] GC(1348) Metaspace: 29994K(30144K)->29994K(30144K) NonClass: 29994K(30144K)->29994K(30144K) Class: 0K(0K)->0K(0K)
[7406.202s][info][gc             ] GC(1348) Pause Young (Normal) (G1 Evacuation Pause) 7397M->2890M(8192M) 150.413ms
[7406.202s][info][gc,cpu         ] GC(1348) User=1.19s Sys=0.00s Real=0.15s
...[7409.073s][info][gc,start       ] GC(1349) Pause Young (Normal) (G1 Evacuation Pause)
[7409.073s][info][gc,task        ] GC(1349) Using 8 workers of 8 for evacuation
[7409.227s][info][gc,phases      ] GC(1349)   Pre Evacuate Collection Set: 0.22ms
[7409.227s][info][gc,phases      ] GC(1349)   Merge Heap Roots: 0.52ms
[7409.227s][info][gc,phases      ] GC(1349)   Evacuate Collection Set: 152.67ms
[7409.227s][info][gc,phases      ] GC(1349)   Post Evacuate Collection Set: 1.03ms
[7409.227s][info][gc,phases      ] GC(1349)   Other: 0.06ms
[7409.227s][info][gc,heap        ] GC(1349) Eden regions: 566->0(556)
[7409.227s][info][gc,heap        ] GC(1349) Survivor regions: 43->44(77)
[7409.227s][info][gc,heap        ] GC(1349) Old regions: 287->295
[7409.227s][info][gc,heap        ] GC(1349) Humongous regions: 33->33
[7409.228s][info][gc,metaspace   ] GC(1349) Metaspace: 29994K(30144K)->29994K(30144K) NonClass: 29994K(30144K)->29994K(30144K) Class: 0K(0K)->0K(0K)
[7409.228s][info][gc             ] GC(1349) Pause Young (Normal) (G1 Evacuation Pause) 7418M->2959M(8192M) 154.635ms
[7409.228s][info][gc,cpu         ] GC(1349) User=1.23s Sys=0.00s Real=0.16s
... (rIR:aIR:PR = 12592:12631:12627) (tPR = 187364) [OK] 
  7411s: Performance info:
         Transaction,    Success,    Partial,     Failed,   Receipts, AvgBarcode, 
             Overall,     758100,          0,          0,     720219,      59.47, 
         Response times:
             Request,    Success,    Partial,     Failed,   SkipFail,     Probes,    Samples,      min,      p50,      p90,      p95,      p99,      max, 
       TotalPurchase,     720524,          0,          0,          0,     350475,     528230,      300,    35000,   167000,   245000,   445690,  5600000,
     InStorePurchase,     380023,          0,          0,          0,     184020,     277922,      300,    35000,   170000,   249000,   451000,  5600000,
      OnlinePurchase,     264368,          0,          0,          0,     128642,     193496,      300,    35000,   164000,   241000,   432000,  3600000,
        InstPurchase,      76133,          0,          0,          0,      37813,      56812,      400,    35000,   165000,   241000,   449000,  3600000,
          AssocOfCat,        761,          0,          0,          0,        662,       1154,    32000,    90000,   208500,   298000,   512100,  1100000,
      AssocOfProduct,       7564,          0,          0,          0,       3658,       5675,     1000,    36000,   172400,   245000,   448000,  1600000,
      BusinessReport,       1897,          0,          0,          0,       1664,       2679,    33000,    98000,   229000,   309000,   565800,  2100000,
          CustBuyBeh,       7597,          0,          0,          0,       3617,       5629,      300,    34000,   157000,   241000,   448400,  2500000,
       ProductReturn,      19991,          0,          0,          0,       9780,      14985,      300,    37000,   172000,   248000,   448000,  1700000,

  7411s: (92%)   IR =  12730 [7412.151s][info][gc,start       ] GC(1350) Pause Young (Normal) (G1 Evacuation Pause)
[7412.151s][info][gc,task        ] GC(1350) Using 8 workers of 8 for evacuation
[7412.303s][info][gc,phases      ] GC(1350)   Pre Evacuate Collection Set: 0.24ms
[7412.303s][info][gc,phases      ] GC(1350)   Merge Heap Roots: 0.54ms
[7412.303s][info][gc,phases      ] GC(1350)   Evacuate Collection Set: 150.29ms
[7412.303s][info][gc,phases      ] GC(1350)   Post Evacuate Collection Set: 1.09ms
[7412.303s][info][gc,phases      ] GC(1350)   Other: 0.06ms
[7412.303s][info][gc,heap        ] GC(1350) Eden regions: 556->0(551)
[7412.303s][info][gc,heap        ] GC(1350) Survivor regions: 44->43(75)
[7412.303s][info][gc,heap        ] GC(1350) Old regions: 295->302
[7412.303s][info][gc,heap        ] GC(1350) Humongous regions: 33->33
[7412.303s][info][gc,metaspace   ] GC(1350) Metaspace: 29995K(30144K)->29995K(30144K) NonClass: 29995K(30144K)->29995K(30144K) Class: 0K(0K)->0K(0K)
[7412.303s][info][gc             ] GC(1350) Pause Young (Normal) (G1 Evacuation Pause) 7407M->3011M(8192M) 152.346ms
[7412.303s][info][gc,cpu         ] GC(1350) User=1.21s Sys=0.00s Real=0.15s
...[7415.084s][info][gc,start       ] GC(1351) Pause Young (Normal) (G1 Evacuation Pause)
[7415.084s][info][gc,task        ] GC(1351) Using 8 workers of 8 for evacuation
[7415.236s][info][gc,phases      ] GC(1351)   Pre Evacuate Collection Set: 0.22ms
[7415.236s][info][gc,phases      ] GC(1351)   Merge Heap Roots: 0.51ms
[7415.236s][info][gc,phases      ] GC(1351)   Evacuate Collection Set: 150.30ms
[7415.236s][info][gc,phases      ] GC(1351)   Post Evacuate Collection Set: 1.09ms
[7415.236s][info][gc,phases      ] GC(1351)   Other: 0.06ms
[7415.236s][info][gc,heap        ] GC(1351) Eden regions: 551->0(543)
[7415.236s][info][gc,heap        ] GC(1351) Survivor regions: 43->43(75)
[7415.236s][info][gc,heap        ] GC(1351) Old regions: 302->310
[7415.236s][info][gc,heap        ] GC(1351) Humongous regions: 33->33
[7415.236s][info][gc,metaspace   ] GC(1351) Metaspace: 29995K(30144K)->29995K(30144K) NonClass: 29995K(30144K)->29995K(30144K) Class: 0K(0K)->0K(0K)
[7415.236s][info][gc             ] GC(1351) Pause Young (Normal) (G1 Evacuation Pause) 7419M->3070M(8192M) 152.304ms
[7415.236s][info][gc,cpu         ] GC(1351) User=1.20s Sys=0.00s Real=0.15s
...[7417.918s][info][gc,start       ] GC(1352) Pause Young (Concurrent Start) (G1 Evacuation Pause)
[7417.918s][info][gc,task        ] GC(1352) Using 8 workers of 8 for evacuation
[7418.067s][info][gc,phases      ] GC(1352)   Pre Evacuate Collection Set: 0.29ms
[7418.067s][info][gc,phases      ] GC(1352)   Merge Heap Roots: 0.52ms
[7418.067s][info][gc,phases      ] GC(1352)   Evacuate Collection Set: 146.91ms
[7418.067s][info][gc,phases      ] GC(1352)   Post Evacuate Collection Set: 0.99ms
[7418.067s][info][gc,phases      ] GC(1352)   Other: 0.06ms
[7418.067s][info][gc,heap        ] GC(1352) Eden regions: 543->0(536)
[7418.067s][info][gc,heap        ] GC(1352) Survivor regions: 43->43(74)
[7418.067s][info][gc,heap        ] GC(1352) Old regions: 310->317
[7418.067s][info][gc,heap        ] GC(1352) Humongous regions: 33->33
[7418.067s][info][gc,metaspace   ] GC(1352) Metaspace: 29995K(30144K)->29995K(30144K) NonClass: 29995K(30144K)->29995K(30144K) Class: 0K(0K)->0K(0K)
[7418.067s][info][gc             ] GC(1352) Pause Young (Concurrent Start) (G1 Evacuation Pause) 7414M->3129M(8192M) 148.901ms
[7418.067s][info][gc             ] GC(1353) Concurrent Mark Cycle
[7418.067s][info][gc,marking     ] GC(1353) Concurrent Scan Root Regions
[7418.067s][info][gc,cpu         ] GC(1352) User=1.18s Sys=0.00s Real=0.14s
[7418.356s][info][gc,marking     ] GC(1353) Concurrent Scan Root Regions 289.231ms
[7418.356s][info][gc,marking     ] GC(1353) Concurrent Mark
[7418.356s][info][gc,marking     ] GC(1353) Concurrent Mark From Roots
[7418.356s][info][gc,task        ] GC(1353) Using 2 workers of 2 for marking
..[7419.550s][info][gc,marking     ] GC(1353) Concurrent Mark From Roots 1194.015ms
[7419.550s][info][gc,marking     ] GC(1353) Concurrent Preclean
[7419.550s][info][gc,marking     ] GC(1353) Concurrent Preclean 0.117ms
[7419.550s][info][gc,start       ] GC(1353) Pause Remark
[7419.552s][info][gc             ] GC(1353) Pause Remark 4790M->4238M(8192M) 1.825ms
[7419.552s][info][gc,cpu         ] GC(1353) User=0.01s Sys=0.00s Real=0.00s
[7419.552s][info][gc,marking     ] GC(1353) Concurrent Mark 1196.334ms
[7419.552s][info][gc,marking     ] GC(1353) Concurrent Rebuild Remembered Sets and Scrub Regions
[7420.409s][info][gc,marking     ] GC(1353) Concurrent Rebuild Remembered Sets and Scrub Regions 856.525ms
[7420.409s][info][gc,start       ] GC(1353) Pause Cleanup
[7420.409s][info][gc             ] GC(1353) Pause Cleanup 5473M->5473M(8192M) 0.260ms
[7420.409s][info][gc,cpu         ] GC(1353) User=0.00s Sys=0.00s Real=0.00s
[7420.409s][info][gc,marking     ] GC(1353) Concurrent Clear Claimed Marks
[7420.410s][info][gc,marking     ] GC(1353) Concurrent Clear Claimed Marks 0.041ms
[7420.410s][info][gc,marking     ] GC(1353) Concurrent Cleanup for Next Mark
[7420.420s][info][gc,marking     ] GC(1353) Concurrent Cleanup for Next Mark 10.272ms
[7420.420s][info][gc             ] GC(1353) Concurrent Mark Cycle 2353.068ms
.[7421.260s][info][gc,start       ] GC(1354) Pause Young (Prepare Mixed) (G1 Evacuation Pause)
[7421.260s][info][gc,task        ] GC(1354) Using 8 workers of 8 for evacuation
[7421.408s][info][gc,phases      ] GC(1354)   Pre Evacuate Collection Set: 0.24ms
[7421.408s][info][gc,phases      ] GC(1354)   Merge Heap Roots: 0.74ms
[7421.408s][info][gc,phases      ] GC(1354)   Evacuate Collection Set: 146.00ms
[7421.408s][info][gc,phases      ] GC(1354)   Post Evacuate Collection Set: 1.08ms
[7421.408s][info][gc,phases      ] GC(1354)   Other: 0.06ms
[7421.408s][info][gc,heap        ] GC(1354) Eden regions: 536->0(572)
[7421.408s][info][gc,heap        ] GC(1354) Survivor regions: 43->42(73)
[7421.408s][info][gc,heap        ] GC(1354) Old regions: 248->256
[7421.408s][info][gc,heap        ] GC(1354) Humongous regions: 33->33
[7421.408s][info][gc,metaspace   ] GC(1354) Metaspace: 29995K(30144K)->29995K(30144K) NonClass: 29995K(30144K)->29995K(30144K) Class: 0K(0K)->0K(0K)
[7421.408s][info][gc             ] GC(1354) Pause Young (Prepare Mixed) (G1 Evacuation Pause) 6865M->2633M(8192M) 148.249ms
[7421.408s][info][gc,cpu         ] GC(1354) User=1.17s Sys=0.00s Real=0.15s
...[7424.153s][info][gc,start       ] GC(1355) Pause Young (Mixed) (G1 Evacuation Pause)
[7424.153s][info][gc,task        ] GC(1355) Using 8 workers of 8 for evacuation
[7424.310s][info][gc,phases      ] GC(1355)   Pre Evacuate Collection Set: 0.27ms
[7424.310s][info][gc,phases      ] GC(1355)   Merge Heap Roots: 0.80ms
[7424.310s][info][gc,phases      ] GC(1355)   Evacuate Collection Set: 154.94ms
[7424.310s][info][gc,phases      ] GC(1355)   Post Evacuate Collection Set: 1.25ms
[7424.310s][info][gc,phases      ] GC(1355)   Other: 0.07ms
[7424.310s][info][gc,heap        ] GC(1355) Eden regions: 572->0(571)
[7424.310s][info][gc,heap        ] GC(1355) Survivor regions: 42->43(77)
[7424.310s][info][gc,heap        ] GC(1355) Old regions: 256->161
[7424.310s][info][gc,heap        ] GC(1355) Humongous regions: 33->33
[7424.310s][info][gc,metaspace   ] GC(1355) Metaspace: 29995K(30144K)->29995K(30144K) NonClass: 29995K(30144K)->29995K(30144K) Class: 0K(0K)->0K(0K)
[7424.310s][info][gc             ] GC(1355) Pause Young (Mixed) (G1 Evacuation Pause) 7209M->1882M(8192M) 157.457ms
[7424.311s][info][gc,cpu         ] GC(1355) User=1.24s Sys=0.00s Real=0.16s
...[7427.112s][info][gc,start       ] GC(1356) Pause Young (Mixed) (G1 Evacuation Pause)
[7427.112s][info][gc,task        ] GC(1356) Using 8 workers of 8 for evacuation
[7427.271s][info][gc,phases      ] GC(1356)   Pre Evacuate Collection Set: 0.24ms
[7427.271s][info][gc,phases      ] GC(1356)   Merge Heap Roots: 0.79ms
[7427.271s][info][gc,phases      ] GC(1356)   Evacuate Collection Set: 157.22ms
[7427.271s][info][gc,phases      ] GC(1356)   Post Evacuate Collection Set: 1.06ms
[7427.271s][info][gc,phases      ] GC(1356)   Other: 0.06ms
[7427.271s][info][gc,heap        ] GC(1356) Eden regions: 571->0(570)
[7427.271s][info][gc,heap        ] GC(1356) Survivor regions: 43->44(77)
[7427.271s][info][gc,heap        ] GC(1356) Old regions: 161->144
[7427.271s][info][gc,heap        ] GC(1356) Humongous regions: 33->33
[7427.271s][info][gc,metaspace   ] GC(1356) Metaspace: 29995K(30144K)->29995K(30144K) NonClass: 29995K(30144K)->29995K(30144K) Class: 0K(0K)->0K(0K)
[7427.271s][info][gc             ] GC(1356) Pause Young (Mixed) (G1 Evacuation Pause) 6450M->1755M(8192M) 159.516ms
[7427.271s][info][gc,cpu         ] GC(1356) User=1.26s Sys=0.00s Real=0.16s
...[7430.012s][info][gc,start       ] GC(1357) Pause Young (Normal) (G1 Evacuation Pause)
[7430.012s][info][gc,task        ] GC(1357) Using 8 workers of 8 for evacuation
[7430.166s][info][gc,phases      ] GC(1357)   Pre Evacuate Collection Set: 0.23ms
[7430.166s][info][gc,phases      ] GC(1357)   Merge Heap Roots: 0.52ms
[7430.166s][info][gc,phases      ] GC(1357)   Evacuate Collection Set: 151.78ms
[7430.166s][info][gc,phases      ] GC(1357)   Post Evacuate Collection Set: 1.07ms
[7430.166s][info][gc,phases      ] GC(1357)   Other: 0.06ms
[7430.166s][info][gc,heap        ] GC(1357) Eden regions: 570->0(570)
[7430.166s][info][gc,heap        ] GC(1357) Survivor regions: 44->44(77)
[7430.166s][info][gc,heap        ] GC(1357) Old regions: 144->152
[7430.166s][info][gc,heap        ] GC(1357) Humongous regions: 33->33
[7430.166s][info][gc,metaspace   ] GC(1357) Metaspace: 29995K(30144K)->29995K(30144K) NonClass: 29995K(30144K)->29995K(30144K) Class: 0K(0K)->0K(0K)
[7430.166s][info][gc             ] GC(1357) Pause Young (Normal) (G1 Evacuation Pause) 6315M->1814M(8192M) 153.800ms
[7430.166s][info][gc,cpu         ] GC(1357) User=1.22s Sys=0.00s Real=0.15s
...[7432.952s][info][gc,start       ] GC(1358) Pause Young (Normal) (G1 Evacuation Pause)
[7432.952s][info][gc,task        ] GC(1358) Using 8 workers of 8 for evacuation
[7433.101s][info][gc,phases      ] GC(1358)   Pre Evacuate Collection Set: 0.22ms
[7433.101s][info][gc,phases      ] GC(1358)   Merge Heap Roots: 0.51ms
[7433.101s][info][gc,phases      ] GC(1358)   Evacuate Collection Set: 147.94ms
[7433.101s][info][gc,phases      ] GC(1358)   Post Evacuate Collection Set: 1.05ms
[7433.101s][info][gc,phases      ] GC(1358)   Other: 0.06ms
[7433.102s][info][gc,heap        ] GC(1358) Eden regions: 570->0(571)
[7433.102s][info][gc,heap        ] GC(1358) Survivor regions: 44->43(77)
[7433.102s][info][gc,heap        ] GC(1358) Old regions: 152->159
[7433.102s][info][gc,heap        ] GC(1358) Humongous regions: 33->33
[7433.102s][info][gc,metaspace   ] GC(1358) Metaspace: 29995K(30144K)->29995K(30144K) NonClass: 29995K(30144K)->29995K(30144K) Class: 0K(0K)->0K(0K)
[7433.102s][info][gc             ] GC(1358) Pause Young (Normal) (G1 Evacuation Pause) 6374M->1865M(8192M) 149.918ms
[7433.102s][info][gc,cpu         ] GC(1358) User=1.18s Sys=0.00s Real=0.15s
...[7435.909s][info][gc,start       ] GC(1359) Pause Young (Normal) (G1 Evacuation Pause)
[7435.909s][info][gc,task        ] GC(1359) Using 8 workers of 8 for evacuation
[7436.062s][info][gc,phases      ] GC(1359)   Pre Evacuate Collection Set: 0.22ms
[7436.062s][info][gc,phases      ] GC(1359)   Merge Heap Roots: 0.55ms
[7436.062s][info][gc,phases      ] GC(1359)   Evacuate Collection Set: 151.36ms
[7436.062s][info][gc,phases      ] GC(1359)   Post Evacuate Collection Set: 1.03ms
[7436.062s][info][gc,phases      ] GC(1359)   Other: 0.06ms
[7436.062s][info][gc,heap        ] GC(1359) Eden regions: 571->0(571)
[7436.062s][info][gc,heap        ] GC(1359) Survivor regions: 43->43(77)
[7436.062s][info][gc,heap        ] GC(1359) Old regions: 159->166
[7436.062s][info][gc,heap        ] GC(1359) Humongous regions: 33->33
[7436.062s][info][gc,metaspace   ] GC(1359) Metaspace: 29995K(30144K)->29995K(30144K) NonClass: 29995K(30144K)->29995K(30144K) Class: 0K(0K)->0K(0K)
[7436.062s][info][gc             ] GC(1359) Pause Young (Normal) (G1 Evacuation Pause) 6433M->1922M(8192M) 153.366ms
[7436.062s][info][gc,cpu         ] GC(1359) User=1.21s Sys=0.00s Real=0.15s
..|.[7438.877s][info][gc,start       ] GC(1360) Pause Young (Normal) (G1 Evacuation Pause)
[7438.877s][info][gc,task        ] GC(1360) Using 8 workers of 8 for evacuation
[7439.029s][info][gc,phases      ] GC(1360)   Pre Evacuate Collection Set: 0.26ms
[7439.029s][info][gc,phases      ] GC(1360)   Merge Heap Roots: 0.51ms
[7439.029s][info][gc,phases      ] GC(1360)   Evacuate Collection Set: 150.31ms
[7439.029s][info][gc,phases      ] GC(1360)   Post Evacuate Collection Set: 1.07ms
[7439.029s][info][gc,phases      ] GC(1360)   Other: 0.07ms
[7439.029s][info][gc,heap        ] GC(1360) Eden regions: 571->0(570)
[7439.029s][info][gc,heap        ] GC(1360) Survivor regions: 43->44(77)
[7439.029s][info][gc,heap        ] GC(1360) Old regions: 166->173
[7439.029s][info][gc,heap        ] GC(1360) Humongous regions: 33->33
[7439.029s][info][gc,metaspace   ] GC(1360) Metaspace: 29995K(30144K)->29995K(30144K) NonClass: 29995K(30144K)->29995K(30144K) Class: 0K(0K)->0K(0K)
[7439.029s][info][gc             ] GC(1360) Pause Young (Normal) (G1 Evacuation Pause) 6490M->1987M(8192M) 152.339ms
[7439.029s][info][gc,cpu         ] GC(1360) User=1.21s Sys=0.00s Real=0.16s
...[7441.927s][info][gc,start       ] GC(1361) Pause Young (Normal) (G1 Evacuation Pause)
[7441.927s][info][gc,task        ] GC(1361) Using 8 workers of 8 for evacuation
[7442.078s][info][gc,phases      ] GC(1361)   Pre Evacuate Collection Set: 0.24ms
[7442.078s][info][gc,phases      ] GC(1361)   Merge Heap Roots: 0.53ms
[7442.078s][info][gc,phases      ] GC(1361)   Evacuate Collection Set: 149.09ms
[7442.078s][info][gc,phases      ] GC(1361)   Post Evacuate Collection Set: 1.08ms
[7442.078s][info][gc,phases      ] GC(1361)   Other: 0.07ms
[7442.078s][info][gc,heap        ] GC(1361) Eden regions: 570->0(571)
[7442.078s][info][gc,heap        ] GC(1361) Survivor regions: 44->43(77)
[7442.078s][info][gc,heap        ] GC(1361) Old regions: 173->181
[7442.078s][info][gc,heap        ] GC(1361) Humongous regions: 33->33
[7442.078s][info][gc,metaspace   ] GC(1361) Metaspace: 29995K(30144K)->29995K(30144K) NonClass: 29995K(30144K)->29995K(30144K) Class: 0K(0K)->0K(0K)
[7442.078s][info][gc             ] GC(1361) Pause Young (Normal) (G1 Evacuation Pause) 6547M->2035M(8192M) 151.147ms
[7442.078s][info][gc,cpu         ] GC(1361) User=1.19s Sys=0.00s Real=0.16s
...[7444.912s][info][gc,start       ] GC(1362) Pause Young (Normal) (G1 Evacuation Pause)
[7444.912s][info][gc,task        ] GC(1362) Using 8 workers of 8 for evacuation
[7445.068s][info][gc,phases      ] GC(1362)   Pre Evacuate Collection Set: 0.22ms
[7445.068s][info][gc,phases      ] GC(1362)   Merge Heap Roots: 0.53ms
[7445.068s][info][gc,phases      ] GC(1362)   Evacuate Collection Set: 153.89ms
[7445.068s][info][gc,phases      ] GC(1362)   Post Evacuate Collection Set: 1.07ms
[7445.068s][info][gc,phases      ] GC(1362)   Other: 0.07ms
[7445.068s][info][gc,heap        ] GC(1362) Eden regions: 571->0(570)
[7445.068s][info][gc,heap        ] GC(1362) Survivor regions: 43->44(77)
[7445.068s][info][gc,heap        ] GC(1362) Old regions: 181->188
[7445.068s][info][gc,heap        ] GC(1362) Humongous regions: 33->33
[7445.068s][info][gc,metaspace   ] GC(1362) Metaspace: 29995K(30144K)->29995K(30144K) NonClass: 29995K(30144K)->29995K(30144K) Class: 0K(0K)->0K(0K)
[7445.068s][info][gc             ] GC(1362) Pause Young (Normal) (G1 Evacuation Pause) 6603M->2102M(8192M) 155.907ms
[7445.068s][info][gc,cpu         ] GC(1362) User=1.23s Sys=0.00s Real=0.16s
...[7447.951s][info][gc,start       ] GC(1363) Pause Young (Normal) (G1 Evacuation Pause)
[7447.951s][info][gc,task        ] GC(1363) Using 8 workers of 8 for evacuation
[7448.107s][info][gc,phases      ] GC(1363)   Pre Evacuate Collection Set: 0.25ms
[7448.107s][info][gc,phases      ] GC(1363)   Merge Heap Roots: 0.53ms
[7448.107s][info][gc,phases      ] GC(1363)   Evacuate Collection Set: 154.21ms
[7448.107s][info][gc,phases      ] GC(1363)   Post Evacuate Collection Set: 1.02ms
[7448.107s][info][gc,phases      ] GC(1363)   Other: 0.06ms
[7448.107s][info][gc,heap        ] GC(1363) Eden regions: 570->0(570)
[7448.107s][info][gc,heap        ] GC(1363) Survivor regions: 44->44(77)
[7448.107s][info][gc,heap        ] GC(1363) Old regions: 188->195
[7448.107s][info][gc,heap        ] GC(1363) Humongous regions: 33->33
[7448.107s][info][gc,metaspace   ] GC(1363) Metaspace: 29995K(30144K)->29995K(30144K) NonClass: 29995K(30144K)->29995K(30144K) Class: 0K(0K)->0K(0K)
[7448.107s][info][gc             ] GC(1363) Pause Young (Normal) (G1 Evacuation Pause) 6662M->2161M(8192M) 156.203ms
[7448.107s][info][gc,cpu         ] GC(1363) User=1.24s Sys=0.00s Real=0.15s
...[7450.989s][info][gc,start       ] GC(1364) Pause Young (Normal) (G1 Evacuation Pause)
[7450.989s][info][gc,task        ] GC(1364) Using 8 workers of 8 for evacuation
[7451.144s][info][gc,phases      ] GC(1364)   Pre Evacuate Collection Set: 0.20ms
[7451.144s][info][gc,phases      ] GC(1364)   Merge Heap Roots: 0.51ms
[7451.144s][info][gc,phases      ] GC(1364)   Evacuate Collection Set: 153.28ms
[7451.144s][info][gc,phases      ] GC(1364)   Post Evacuate Collection Set: 1.05ms
[7451.144s][info][gc,phases      ] GC(1364)   Other: 0.06ms
[7451.144s][info][gc,heap        ] GC(1364) Eden regions: 570->0(570)
[7451.144s][info][gc,heap        ] GC(1364) Survivor regions: 44->44(77)
[7451.144s][info][gc,heap        ] GC(1364) Old regions: 195->203
[7451.144s][info][gc,heap        ] GC(1364) Humongous regions: 33->33
[7451.144s][info][gc,metaspace   ] GC(1364) Metaspace: 29995K(30144K)->29995K(30144K) NonClass: 29995K(30144K)->29995K(30144K) Class: 0K(0K)->0K(0K)
[7451.144s][info][gc             ] GC(1364) Pause Young (Normal) (G1 Evacuation Pause) 6721M->2221M(8192M) 155.242ms
[7451.144s][info][gc,cpu         ] GC(1364) User=1.23s Sys=0.00s Real=0.15s
...[7454.034s][info][gc,start       ] GC(1365) Pause Young (Normal) (G1 Evacuation Pause)
[7454.034s][info][gc,task        ] GC(1365) Using 8 workers of 8 for evacuation
[7454.189s][info][gc,phases      ] GC(1365)   Pre Evacuate Collection Set: 0.24ms
[7454.189s][info][gc,phases      ] GC(1365)   Merge Heap Roots: 0.52ms
[7454.189s][info][gc,phases      ] GC(1365)   Evacuate Collection Set: 153.25ms
[7454.189s][info][gc,phases      ] GC(1365)   Post Evacuate Collection Set: 1.04ms
[7454.189s][info][gc,phases      ] GC(1365)   Other: 0.06ms
[7454.189s][info][gc,heap        ] GC(1365) Eden regions: 570->0(569)
[7454.189s][info][gc,heap        ] GC(1365) Survivor regions: 44->45(77)
[7454.189s][info][gc,heap        ] GC(1365) Old regions: 203->209
[7454.189s][info][gc,heap        ] GC(1365) Humongous regions: 33->33
[7454.189s][info][gc,metaspace   ] GC(1365) Metaspace: 29995K(30144K)->29995K(30144K) NonClass: 29995K(30144K)->29995K(30144K) Class: 0K(0K)->0K(0K)
[7454.189s][info][gc             ] GC(1365) Pause Young (Normal) (G1 Evacuation Pause) 6781M->2283M(8192M) 155.241ms
[7454.190s][info][gc,cpu         ] GC(1365) User=1.23s Sys=0.00s Real=0.16s
...[7456.998s][info][gc,start       ] GC(1366) Pause Young (Normal) (G1 Evacuation Pause)
[7456.998s][info][gc,task        ] GC(1366) Using 8 workers of 8 for evacuation
[7457.146s][info][gc,phases      ] GC(1366)   Pre Evacuate Collection Set: 0.26ms
[7457.146s][info][gc,phases      ] GC(1366)   Merge Heap Roots: 0.59ms
[7457.146s][info][gc,phases      ] GC(1366)   Evacuate Collection Set: 145.94ms
[7457.146s][info][gc,phases      ] GC(1366)   Post Evacuate Collection Set: 1.07ms
[7457.146s][info][gc,phases      ] GC(1366)   Other: 0.06ms
[7457.146s][info][gc,heap        ] GC(1366) Eden regions: 569->0(571)
[7457.146s][info][gc,heap        ] GC(1366) Survivor regions: 45->43(77)
[7457.146s][info][gc,heap        ] GC(1366) Old regions: 209->216
[7457.146s][info][gc,heap        ] GC(1366) Humongous regions: 33->33
[7457.146s][info][gc,metaspace   ] GC(1366) Metaspace: 29995K(30144K)->29995K(30144K) NonClass: 29995K(30144K)->29995K(30144K) Class: 0K(0K)->0K(0K)
[7457.146s][info][gc             ] GC(1366) Pause Young (Normal) (G1 Evacuation Pause) 6835M->2323M(8192M) 148.075ms
[7457.146s][info][gc,cpu         ] GC(1366) User=1.17s Sys=0.00s Real=0.14s
...[7459.901s][info][gc,start       ] GC(1367) Pause Young (Normal) (G1 Evacuation Pause)
[7459.901s][info][gc,task        ] GC(1367) Using 8 workers of 8 for evacuation
[7460.054s][info][gc,phases      ] GC(1367)   Pre Evacuate Collection Set: 0.23ms
[7460.054s][info][gc,phases      ] GC(1367)   Merge Heap Roots: 0.61ms
[7460.054s][info][gc,phases      ] GC(1367)   Evacuate Collection Set: 150.37ms
[7460.054s][info][gc,phases      ] GC(1367)   Post Evacuate Collection Set: 1.04ms
[7460.054s][info][gc,phases      ] GC(1367)   Other: 0.06ms
[7460.054s][info][gc,heap        ] GC(1367) Eden regions: 571->0(570)
[7460.054s][info][gc,heap        ] GC(1367) Survivor regions: 43->44(77)
[7460.054s][info][gc,heap        ] GC(1367) Old regions: 216->224
[7460.054s][info][gc,heap        ] GC(1367) Humongous regions: 33->33
[7460.054s][info][gc,metaspace   ] GC(1367) Metaspace: 29995K(30144K)->29995K(30144K) NonClass: 29995K(30144K)->29995K(30144K) Class: 0K(0K)->0K(0K)
[7460.054s][info][gc             ] GC(1367) Pause Young (Normal) (G1 Evacuation Pause) 6891M->2386M(8192M) 152.421ms
[7460.054s][info][gc,cpu         ] GC(1367) User=1.21s Sys=0.00s Real=0.15s
...[7462.919s][info][gc,start       ] GC(1368) Pause Young (Normal) (G1 Evacuation Pause)
[7462.919s][info][gc,task        ] GC(1368) Using 8 workers of 8 for evacuation
[7463.075s][info][gc,phases      ] GC(1368)   Pre Evacuate Collection Set: 0.25ms
[7463.075s][info][gc,phases      ] GC(1368)   Merge Heap Roots: 0.59ms
[7463.075s][info][gc,phases      ] GC(1368)   Evacuate Collection Set: 153.50ms
[7463.075s][info][gc,phases      ] GC(1368)   Post Evacuate Collection Set: 1.04ms
[7463.075s][info][gc,phases      ] GC(1368)   Other: 0.06ms
[7463.075s][info][gc,heap        ] GC(1368) Eden regions: 570->0(570)
[7463.075s][info][gc,heap        ] GC(1368) Survivor regions: 44->44(77)
[7463.075s][info][gc,heap        ] GC(1368) Old regions: 224->231
[7463.075s][info][gc,heap        ] GC(1368) Humongous regions: 33->33
[7463.075s][info][gc,metaspace   ] GC(1368) Metaspace: 29995K(30144K)->29995K(30144K) NonClass: 29995K(30144K)->29995K(30144K) Class: 0K(0K)->0K(0K)
[7463.075s][info][gc             ] GC(1368) Pause Young (Normal) (G1 Evacuation Pause) 6946M->2446M(8192M) 155.571ms
[7463.075s][info][gc,cpu         ] GC(1368) User=1.23s Sys=0.00s Real=0.15s
...[7465.949s][info][gc,start       ] GC(1369) Pause Young (Normal) (G1 Evacuation Pause)
[7465.949s][info][gc,task        ] GC(1369) Using 8 workers of 8 for evacuation
[7466.105s][info][gc,phases      ] GC(1369)   Pre Evacuate Collection Set: 0.26ms
[7466.105s][info][gc,phases      ] GC(1369)   Merge Heap Roots: 0.62ms
[7466.105s][info][gc,phases      ] GC(1369)   Evacuate Collection Set: 154.21ms
[7466.105s][info][gc,phases      ] GC(1369)   Post Evacuate Collection Set: 1.06ms
[7466.105s][info][gc,phases      ] GC(1369)   Other: 0.06ms
[7466.105s][info][gc,heap        ] GC(1369) Eden regions: 570->0(570)
[7466.105s][info][gc,heap        ] GC(1369) Survivor regions: 44->44(77)
[7466.105s][info][gc,heap        ] GC(1369) Old regions: 231->238
[7466.105s][info][gc,heap        ] GC(1369) Humongous regions: 33->33
[7466.105s][info][gc,metaspace   ] GC(1369) Metaspace: 29995K(30144K)->29995K(30144K) NonClass: 29995K(30144K)->29995K(30144K) Class: 0K(0K)->0K(0K)
[7466.105s][info][gc             ] GC(1369) Pause Young (Normal) (G1 Evacuation Pause) 7006M->2505M(8192M) 156.341ms
[7466.105s][info][gc,cpu         ] GC(1369) User=1.23s Sys=0.00s Real=0.15s
...[7468.934s][info][gc,start       ] GC(1370) Pause Young (Normal) (G1 Evacuation Pause)
[7468.934s][info][gc,task        ] GC(1370) Using 8 workers of 8 for evacuation
[7469.085s][info][gc,phases      ] GC(1370)   Pre Evacuate Collection Set: 0.24ms
[7469.085s][info][gc,phases      ] GC(1370)   Merge Heap Roots: 0.54ms
[7469.085s][info][gc,phases      ] GC(1370)   Evacuate Collection Set: 149.40ms
[7469.085s][info][gc,phases      ] GC(1370)   Post Evacuate Collection Set: 1.08ms
[7469.085s][info][gc,phases      ] GC(1370)   Other: 0.07ms
[7469.085s][info][gc,heap        ] GC(1370) Eden regions: 570->0(571)
[7469.085s][info][gc,heap        ] GC(1370) Survivor regions: 44->43(77)
[7469.085s][info][gc,heap        ] GC(1370) Old regions: 238->245
[7469.085s][info][gc,heap        ] GC(1370) Humongous regions: 33->33
[7469.085s][info][gc,metaspace   ] GC(1370) Metaspace: 29995K(30144K)->29995K(30144K) NonClass: 29995K(30144K)->29995K(30144K) Class: 0K(0K)->0K(0K)
[7469.085s][info][gc             ] GC(1370) Pause Young (Normal) (G1 Evacuation Pause) 7065M->2554M(8192M) 151.474ms
[7469.085s][info][gc,cpu         ] GC(1370) User=1.20s Sys=0.00s Real=0.15s
...[7471.971s][info][gc,start       ] GC(1371) Pause Young (Normal) (G1 Evacuation Pause)
[7471.971s][info][gc,task        ] GC(1371) Using 8 workers of 8 for evacuation
[7472.120s][info][gc,phases      ] GC(1371)   Pre Evacuate Collection Set: 0.23ms
[7472.120s][info][gc,phases      ] GC(1371)   Merge Heap Roots: 0.52ms
[7472.120s][info][gc,phases      ] GC(1371)   Evacuate Collection Set: 147.26ms
[7472.120s][info][gc,phases      ] GC(1371)   Post Evacuate Collection Set: 1.06ms
[7472.120s][info][gc,phases      ] GC(1371)   Other: 0.06ms
[7472.120s][info][gc,heap        ] GC(1371) Eden regions: 571->0(571)
[7472.120s][info][gc,heap        ] GC(1371) Survivor regions: 43->43(77)
[7472.120s][info][gc,heap        ] GC(1371) Old regions: 245->252
[7472.120s][info][gc,heap        ] GC(1371) Humongous regions: 33->33
[7472.120s][info][gc,metaspace   ] GC(1371) Metaspace: 29995K(30144K)->29995K(30144K) NonClass: 29995K(30144K)->29995K(30144K) Class: 0K(0K)->0K(0K)
[7472.120s][info][gc             ] GC(1371) Pause Young (Normal) (G1 Evacuation Pause) 7122M->2610M(8192M) 149.270ms
[7472.120s][info][gc,cpu         ] GC(1371) User=1.18s Sys=0.00s Real=0.15s
...[7475.110s][info][gc,start       ] GC(1372) Pause Young (Normal) (G1 Evacuation Pause)
[7475.110s][info][gc,task        ] GC(1372) Using 8 workers of 8 for evacuation
[7475.264s][info][gc,phases      ] GC(1372)   Pre Evacuate Collection Set: 0.24ms
[7475.264s][info][gc,phases      ] GC(1372)   Merge Heap Roots: 0.53ms
[7475.264s][info][gc,phases      ] GC(1372)   Evacuate Collection Set: 151.95ms
[7475.264s][info][gc,phases      ] GC(1372)   Post Evacuate Collection Set: 1.06ms
[7475.264s][info][gc,phases      ] GC(1372)   Other: 0.07ms
[7475.264s][info][gc,heap        ] GC(1372) Eden regions: 571->0(570)
[7475.264s][info][gc,heap        ] GC(1372) Survivor regions: 43->44(77)
[7475.264s][info][gc,heap        ] GC(1372) Old regions: 252->259
[7475.264s][info][gc,heap        ] GC(1372) Humongous regions: 33->33
[7475.264s][info][gc,metaspace   ] GC(1372) Metaspace: 29995K(30144K)->29995K(30144K) NonClass: 29995K(30144K)->29995K(30144K) Class: 0K(0K)->0K(0K)
[7475.264s][info][gc             ] GC(1372) Pause Young (Normal) (G1 Evacuation Pause) 7178M->2669M(8192M) 153.994ms
[7475.264s][info][gc,cpu         ] GC(1372) User=1.22s Sys=0.00s Real=0.15s
...[7478.194s][info][gc,start       ] GC(1373) Pause Young (Normal) (G1 Evacuation Pause)
[7478.194s][info][gc,task        ] GC(1373) Using 8 workers of 8 for evacuation
[7478.350s][info][gc,phases      ] GC(1373)   Pre Evacuate Collection Set: 0.22ms
[7478.350s][info][gc,phases      ] GC(1373)   Merge Heap Roots: 0.52ms
[7478.350s][info][gc,phases      ] GC(1373)   Evacuate Collection Set: 153.49ms
[7478.350s][info][gc,phases      ] GC(1373)   Post Evacuate Collection Set: 1.03ms
[7478.350s][info][gc,phases      ] GC(1373)   Other: 0.06ms
[7478.350s][info][gc,heap        ] GC(1373) Eden regions: 570->0(570)
[7478.350s][info][gc,heap        ] GC(1373) Survivor regions: 44->44(77)
[7478.350s][info][gc,heap        ] GC(1373) Old regions: 259->267
[7478.350s][info][gc,heap        ] GC(1373) Humongous regions: 33->33
[7478.350s][info][gc,metaspace   ] GC(1373) Metaspace: 29995K(30144K)->29995K(30144K) NonClass: 29995K(30144K)->29995K(30144K) Class: 0K(0K)->0K(0K)
[7478.350s][info][gc             ] GC(1373) Pause Young (Normal) (G1 Evacuation Pause) 7229M->2737M(8192M) 155.464ms
[7478.350s][info][gc,cpu         ] GC(1373) User=1.23s Sys=0.00s Real=0.16s
...[7481.101s][info][gc,start       ] GC(1374) Pause Young (Normal) (G1 Evacuation Pause)
[7481.101s][info][gc,task        ] GC(1374) Using 8 workers of 8 for evacuation
[7481.257s][info][gc,phases      ] GC(1374)   Pre Evacuate Collection Set: 0.21ms
[7481.257s][info][gc,phases      ] GC(1374)   Merge Heap Roots: 0.52ms
[7481.257s][info][gc,phases      ] GC(1374)   Evacuate Collection Set: 154.65ms
[7481.257s][info][gc,phases      ] GC(1374)   Post Evacuate Collection Set: 1.04ms
[7481.257s][info][gc,phases      ] GC(1374)   Other: 0.06ms
[7481.257s][info][gc,heap        ] GC(1374) Eden regions: 570->0(569)
[7481.257s][info][gc,heap        ] GC(1374) Survivor regions: 44->45(77)
[7481.257s][info][gc,heap        ] GC(1374) Old regions: 267->274
[7481.257s][info][gc,heap        ] GC(1374) Humongous regions: 33->33
[7481.257s][info][gc,metaspace   ] GC(1374) Metaspace: 29995K(30144K)->29995K(30144K) NonClass: 29995K(30144K)->29995K(30144K) Class: 0K(0K)->0K(0K)
[7481.257s][info][gc             ] GC(1374) Pause Young (Normal) (G1 Evacuation Pause) 7297M->2799M(8192M) 156.598ms
[7481.257s][info][gc,cpu         ] GC(1374) User=1.24s Sys=0.00s Real=0.16s
...[7484.060s][info][gc,start       ] GC(1375) Pause Young (Normal) (G1 Evacuation Pause)
[7484.060s][info][gc,task        ] GC(1375) Using 8 workers of 8 for evacuation
[7484.212s][info][gc,phases      ] GC(1375)   Pre Evacuate Collection Set: 0.22ms
[7484.212s][info][gc,phases      ] GC(1375)   Merge Heap Roots: 0.53ms
[7484.212s][info][gc,phases      ] GC(1375)   Evacuate Collection Set: 150.07ms
[7484.212s][info][gc,phases      ] GC(1375)   Post Evacuate Collection Set: 1.05ms
[7484.212s][info][gc,phases      ] GC(1375)   Other: 0.06ms
[7484.212s][info][gc,heap        ] GC(1375) Eden regions: 569->0(570)
[7484.212s][info][gc,heap        ] GC(1375) Survivor regions: 45->44(77)
[7484.212s][info][gc,heap        ] GC(1375) Old regions: 274->281
[7484.212s][info][gc,heap        ] GC(1375) Humongous regions: 33->33
[7484.212s][info][gc,metaspace   ] GC(1375) Metaspace: 29995K(30144K)->29995K(30144K) NonClass: 29995K(30144K)->29995K(30144K) Class: 0K(0K)->0K(0K)
[7484.212s][info][gc             ] GC(1375) Pause Young (Normal) (G1 Evacuation Pause) 7351M->2847M(8192M) 152.058ms
[7484.213s][info][gc,cpu         ] GC(1375) User=1.20s Sys=0.00s Real=0.15s
...[7487.043s][info][gc,start       ] GC(1376) Pause Young (Normal) (G1 Evacuation Pause)
[7487.043s][info][gc,task        ] GC(1376) Using 8 workers of 8 for evacuation
[7487.194s][info][gc,phases      ] GC(1376)   Pre Evacuate Collection Set: 0.26ms
[7487.194s][info][gc,phases      ] GC(1376)   Merge Heap Roots: 0.53ms
[7487.194s][info][gc,phases      ] GC(1376)   Evacuate Collection Set: 148.40ms
[7487.194s][info][gc,phases      ] GC(1376)   Post Evacuate Collection Set: 1.08ms
[7487.194s][info][gc,phases      ] GC(1376)   Other: 0.06ms
[7487.194s][info][gc,heap        ] GC(1376) Eden regions: 570->0(565)
[7487.194s][info][gc,heap        ] GC(1376) Survivor regions: 44->43(77)
[7487.194s][info][gc,heap        ] GC(1376) Old regions: 281->288
[7487.194s][info][gc,heap        ] GC(1376) Humongous regions: 33->33
[7487.194s][info][gc,metaspace   ] GC(1376) Metaspace: 29995K(30144K)->29995K(30144K) NonClass: 29995K(30144K)->29995K(30144K) Class: 0K(0K)->0K(0K)
[7487.194s][info][gc             ] GC(1376) Pause Young (Normal) (G1 Evacuation Pause) 7407M->2899M(8192M) 150.469ms
[7487.194s][info][gc,cpu         ] GC(1376) User=1.19s Sys=0.00s Real=0.15s
...[7490.019s][info][gc,start       ] GC(1377) Pause Young (Normal) (G1 Evacuation Pause)
[7490.019s][info][gc,task        ] GC(1377) Using 8 workers of 8 for evacuation
[7490.176s][info][gc,phases      ] GC(1377)   Pre Evacuate Collection Set: 0.26ms
[7490.176s][info][gc,phases      ] GC(1377)   Merge Heap Roots: 0.63ms
[7490.176s][info][gc,phases      ] GC(1377)   Evacuate Collection Set: 155.54ms
[7490.176s][info][gc,phases      ] GC(1377)   Post Evacuate Collection Set: 1.07ms
[7490.176s][info][gc,phases      ] GC(1377)   Other: 0.06ms
[7490.176s][info][gc,heap        ] GC(1377) Eden regions: 565->0(553)
[7490.176s][info][gc,heap        ] GC(1377) Survivor regions: 43->45(76)
[7490.176s][info][gc,heap        ] GC(1377) Old regions: 288->296
[7490.176s][info][gc,heap        ] GC(1377) Humongous regions: 33->33
[7490.176s][info][gc,metaspace   ] GC(1377) Metaspace: 29995K(30144K)->29995K(30144K) NonClass: 29995K(30144K)->29995K(30144K) Class: 0K(0K)->0K(0K)
[7490.176s][info][gc             ] GC(1377) Pause Young (Normal) (G1 Evacuation Pause) 7419M->2969M(8192M) 157.705ms
[7490.176s][info][gc,cpu         ] GC(1377) User=1.25s Sys=0.00s Real=0.15s
...[7492.963s][info][gc,start       ] GC(1378) Pause Young (Normal) (G1 Evacuation Pause)
[7492.963s][info][gc,task        ] GC(1378) Using 8 workers of 8 for evacuation
[7493.115s][info][gc,phases      ] GC(1378)   Pre Evacuate Collection Set: 0.23ms
[7493.115s][info][gc,phases      ] GC(1378)   Merge Heap Roots: 0.54ms
[7493.115s][info][gc,phases      ] GC(1378)   Evacuate Collection Set: 149.82ms
[7493.115s][info][gc,phases      ] GC(1378)   Post Evacuate Collection Set: 1.03ms
[7493.115s][info][gc,phases      ] GC(1378)   Other: 0.07ms
[7493.115s][info][gc,heap        ] GC(1378) Eden regions: 553->0(550)
[7493.115s][info][gc,heap        ] GC(1378) Survivor regions: 45->43(75)
[7493.115s][info][gc,heap        ] GC(1378) Old regions: 296->303
[7493.115s][info][gc,heap        ] GC(1378) Humongous regions: 33->33
[7493.115s][info][gc,metaspace   ] GC(1378) Metaspace: 29995K(30144K)->29995K(30144K) NonClass: 29995K(30144K)->29995K(30144K) Class: 0K(0K)->0K(0K)
[7493.115s][info][gc             ] GC(1378) Pause Young (Normal) (G1 Evacuation Pause) 7393M->3013M(8192M) 151.824ms
[7493.115s][info][gc,cpu         ] GC(1378) User=1.21s Sys=0.01s Real=0.15s
...[7495.910s][info][gc,start       ] GC(1379) Pause Young (Concurrent Start) (G1 Evacuation Pause)
[7495.910s][info][gc,task        ] GC(1379) Using 8 workers of 8 for evacuation
[7496.060s][info][gc,phases      ] GC(1379)   Pre Evacuate Collection Set: 0.27ms
[7496.060s][info][gc,phases      ] GC(1379)   Merge Heap Roots: 0.52ms
[7496.060s][info][gc,phases      ] GC(1379)   Evacuate Collection Set: 147.58ms
[7496.060s][info][gc,phases      ] GC(1379)   Post Evacuate Collection Set: 1.02ms
[7496.060s][info][gc,phases      ] GC(1379)   Other: 0.09ms
[7496.060s][info][gc,heap        ] GC(1379) Eden regions: 550->0(542)
[7496.060s][info][gc,heap        ] GC(1379) Survivor regions: 43->43(75)
[7496.060s][info][gc,heap        ] GC(1379) Old regions: 303->311
[7496.060s][info][gc,heap        ] GC(1379) Humongous regions: 33->33
[7496.060s][info][gc,metaspace   ] GC(1379) Metaspace: 29995K(30144K)->29995K(30144K) NonClass: 29995K(30144K)->29995K(30144K) Class: 0K(0K)->0K(0K)
[7496.060s][info][gc             ] GC(1379) Pause Young (Concurrent Start) (G1 Evacuation Pause) 7413M->3078M(8192M) 149.623ms
[7496.060s][info][gc             ] GC(1380) Concurrent Mark Cycle
[7496.060s][info][gc,marking     ] GC(1380) Concurrent Scan Root Regions
[7496.060s][info][gc,cpu         ] GC(1379) User=1.19s Sys=0.00s Real=0.15s
[7496.301s][info][gc,marking     ] GC(1380) Concurrent Scan Root Regions 241.363ms
[7496.301s][info][gc,marking     ] GC(1380) Concurrent Mark
[7496.301s][info][gc,marking     ] GC(1380) Concurrent Mark From Roots
[7496.301s][info][gc,task        ] GC(1380) Using 2 workers of 2 for marking
.[7497.433s][info][gc,marking     ] GC(1380) Concurrent Mark From Roots 1132.146ms
[7497.433s][info][gc,marking     ] GC(1380) Concurrent Preclean
[7497.434s][info][gc,marking     ] GC(1380) Concurrent Preclean 0.102ms
[7497.434s][info][gc,start       ] GC(1380) Pause Remark
[7497.436s][info][gc             ] GC(1380) Pause Remark 4731M->4187M(8192M) 2.287ms
[7497.436s][info][gc,cpu         ] GC(1380) User=0.02s Sys=0.00s Real=0.00s
[7497.436s][info][gc,marking     ] GC(1380) Concurrent Mark 1134.864ms
[7497.436s][info][gc,marking     ] GC(1380) Concurrent Rebuild Remembered Sets and Scrub Regions
. (rIR:aIR:PR = 12730:12688:12639) (tPR = 187211) [OK] 
  7497s: Performance info:
         Transaction,    Success,    Partial,     Failed,   Receipts, AvgBarcode, 
             Overall,     758827,          0,          0,     720885,      59.48, 
         Response times:
             Request,    Success,    Partial,     Failed,   SkipFail,     Probes,    Samples,      min,      p50,      p90,      p95,      p99,      max, 
       TotalPurchase,     723607,          0,          0,          0,     339155,     518910,      300,    43000,   184000,   251000,   379000,  4600000,
     InStorePurchase,     381169,          0,          0,          0,     177632,     272294,      300,    43000,   185000,   252000,   382000,  4600000,
      OnlinePurchase,     265794,          0,          0,          0,     124576,     191211,      300,    43000,   183000,   252000,   380000,  4600000,
        InstPurchase,      76644,          0,          0,          0,      36947,      55405,      500,    44000,   182000,   243000,   371000,  4400000,
          AssocOfCat,        759,          0,          0,          0,        631,       1074,    36000,    98000,   225500,   256000,   435750,   950000,
      AssocOfProduct,       7641,          0,          0,          0,       3603,       5747,      400,    43000,   182000,   249000,   402000,  1200000,
      BusinessReport,       1899,          0,          0,          0,       1687,       2696,    35000,   109000,   245300,   309150,   417030,  1800000,
          CustBuyBeh,       7697,          0,          0,          0,       3686,       5800,      300,    44000,   179000,   252000,   369000,  1200000,
       ProductReturn,      20164,          0,          0,          0,       9860,      14957,      300,    42000,   179000,   240000,   396000,  4600000,

  7497s: (93%)   IR =  12868 [7498.220s][info][gc,marking     ] GC(1380) Concurrent Rebuild Remembered Sets and Scrub Regions 783.527ms
[7498.220s][info][gc,start       ] GC(1380) Pause Cleanup
[7498.220s][info][gc             ] GC(1380) Pause Cleanup 5166M->5166M(8192M) 0.271ms
[7498.220s][info][gc,cpu         ] GC(1380) User=0.00s Sys=0.00s Real=0.00s
[7498.220s][info][gc,marking     ] GC(1380) Concurrent Clear Claimed Marks
[7498.220s][info][gc,marking     ] GC(1380) Concurrent Clear Claimed Marks 0.042ms
[7498.220s][info][gc,marking     ] GC(1380) Concurrent Cleanup for Next Mark
[7498.232s][info][gc,marking     ] GC(1380) Concurrent Cleanup for Next Mark 12.204ms
[7498.233s][info][gc             ] GC(1380) Concurrent Mark Cycle 2172.770ms
.[7499.273s][info][gc,start       ] GC(1381) Pause Young (Prepare Mixed) (G1 Evacuation Pause)
[7499.273s][info][gc,task        ] GC(1381) Using 8 workers of 8 for evacuation
[7499.425s][info][gc,phases      ] GC(1381)   Pre Evacuate Collection Set: 0.24ms
[7499.425s][info][gc,phases      ] GC(1381)   Merge Heap Roots: 0.73ms
[7499.425s][info][gc,phases      ] GC(1381)   Evacuate Collection Set: 149.97ms
[7499.425s][info][gc,phases      ] GC(1381)   Post Evacuate Collection Set: 1.16ms
[7499.425s][info][gc,phases      ] GC(1381)   Other: 0.07ms
[7499.425s][info][gc,heap        ] GC(1381) Eden regions: 542->0(571)
[7499.425s][info][gc,heap        ] GC(1381) Survivor regions: 43->43(74)
[7499.425s][info][gc,heap        ] GC(1381) Old regions: 243->250
[7499.425s][info][gc,heap        ] GC(1381) Humongous regions: 33->33
[7499.425s][info][gc,metaspace   ] GC(1381) Metaspace: 29995K(30144K)->29995K(30144K) NonClass: 29995K(30144K)->29995K(30144K) Class: 0K(0K)->0K(0K)
[7499.425s][info][gc             ] GC(1381) Pause Young (Prepare Mixed) (G1 Evacuation Pause) 6870M->2594M(8192M) 152.311ms
[7499.425s][info][gc,cpu         ] GC(1381) User=1.20s Sys=0.00s Real=0.15s
...[7502.196s][info][gc,start       ] GC(1382) Pause Young (Mixed) (G1 Evacuation Pause)
[7502.196s][info][gc,task        ] GC(1382) Using 8 workers of 8 for evacuation
[7502.357s][info][gc,phases      ] GC(1382)   Pre Evacuate Collection Set: 0.26ms
[7502.357s][info][gc,phases      ] GC(1382)   Merge Heap Roots: 0.81ms
[7502.357s][info][gc,phases      ] GC(1382)   Evacuate Collection Set: 158.76ms
[7502.357s][info][gc,phases      ] GC(1382)   Post Evacuate Collection Set: 1.22ms
[7502.357s][info][gc,phases      ] GC(1382)   Other: 0.08ms
[7502.357s][info][gc,heap        ] GC(1382) Eden regions: 571->0(570)
[7502.357s][info][gc,heap        ] GC(1382) Survivor regions: 43->44(77)
[7502.357s][info][gc,heap        ] GC(1382) Old regions: 250->156
[7502.357s][info][gc,heap        ] GC(1382) Humongous regions: 33->33
[7502.357s][info][gc,metaspace   ] GC(1382) Metaspace: 29995K(30144K)->29995K(30144K) NonClass: 29995K(30144K)->29995K(30144K) Class: 0K(0K)->0K(0K)
[7502.357s][info][gc             ] GC(1382) Pause Young (Mixed) (G1 Evacuation Pause) 7162M->1845M(8192M) 161.278ms
[7502.357s][info][gc,cpu         ] GC(1382) User=1.28s Sys=0.00s Real=0.17s
...[7505.160s][info][gc,start       ] GC(1383) Pause Young (Mixed) (G1 Evacuation Pause)
[7505.160s][info][gc,task        ] GC(1383) Using 8 workers of 8 for evacuation
[7505.318s][info][gc,phases      ] GC(1383)   Pre Evacuate Collection Set: 0.26ms
[7505.318s][info][gc,phases      ] GC(1383)   Merge Heap Roots: 0.74ms
[7505.318s][info][gc,phases      ] GC(1383)   Evacuate Collection Set: 155.64ms
[7505.318s][info][gc,phases      ] GC(1383)   Post Evacuate Collection Set: 1.09ms
[7505.318s][info][gc,phases      ] GC(1383)   Other: 0.06ms
[7505.318s][info][gc,heap        ] GC(1383) Eden regions: 570->0(570)
[7505.318s][info][gc,heap        ] GC(1383) Survivor regions: 44->44(77)
[7505.318s][info][gc,heap        ] GC(1383) Old regions: 156->144
[7505.318s][info][gc,heap        ] GC(1383) Humongous regions: 33->33
[7505.318s][info][gc,metaspace   ] GC(1383) Metaspace: 29995K(30144K)->29995K(30144K) NonClass: 29995K(30144K)->29995K(30144K) Class: 0K(0K)->0K(0K)
[7505.318s][info][gc             ] GC(1383) Pause Young (Mixed) (G1 Evacuation Pause) 6405M->1746M(8192M) 157.923ms
[7505.318s][info][gc,cpu         ] GC(1383) User=1.25s Sys=0.00s Real=0.16s
...[7508.104s][info][gc,start       ] GC(1384) Pause Young (Normal) (G1 Evacuation Pause)
[7508.104s][info][gc,task        ] GC(1384) Using 8 workers of 8 for evacuation
[7508.253s][info][gc,phases      ] GC(1384)   Pre Evacuate Collection Set: 0.23ms
[7508.253s][info][gc,phases      ] GC(1384)   Merge Heap Roots: 0.53ms
[7508.253s][info][gc,phases      ] GC(1384)   Evacuate Collection Set: 147.17ms
[7508.253s][info][gc,phases      ] GC(1384)   Post Evacuate Collection Set: 1.03ms
[7508.253s][info][gc,phases      ] GC(1384)   Other: 0.06ms
[7508.253s][info][gc,heap        ] GC(1384) Eden regions: 570->0(571)
[7508.253s][info][gc,heap        ] GC(1384) Survivor regions: 44->43(77)
[7508.253s][info][gc,heap        ] GC(1384) Old regions: 144->151
[7508.253s][info][gc,heap        ] GC(1384) Humongous regions: 33->33
[7508.253s][info][gc,metaspace   ] GC(1384) Metaspace: 29995K(30144K)->29995K(30144K) NonClass: 29995K(30144K)->29995K(30144K) Class: 0K(0K)->0K(0K)
[7508.254s][info][gc             ] GC(1384) Pause Young (Normal) (G1 Evacuation Pause) 6306M->1800M(8192M) 149.151ms
[7508.254s][info][gc,cpu         ] GC(1384) User=1.18s Sys=0.00s Real=0.15s
...[7511.063s][info][gc,start       ] GC(1385) Pause Young (Normal) (G1 Evacuation Pause)
[7511.064s][info][gc,task        ] GC(1385) Using 8 workers of 8 for evacuation
[7511.221s][info][gc,phases      ] GC(1385)   Pre Evacuate Collection Set: 0.21ms
[7511.221s][info][gc,phases      ] GC(1385)   Merge Heap Roots: 0.51ms
[7511.221s][info][gc,phases      ] GC(1385)   Evacuate Collection Set: 155.56ms
[7511.221s][info][gc,phases      ] GC(1385)   Post Evacuate Collection Set: 1.03ms
[7511.221s][info][gc,phases      ] GC(1385)   Other: 0.06ms
[7511.221s][info][gc,heap        ] GC(1385) Eden regions: 571->0(568)
[7511.221s][info][gc,heap        ] GC(1385) Survivor regions: 43->46(77)
[7511.221s][info][gc,heap        ] GC(1385) Old regions: 151->158
[7511.221s][info][gc,heap        ] GC(1385) Humongous regions: 33->33
[7511.221s][info][gc,metaspace   ] GC(1385) Metaspace: 29995K(30144K)->29995K(30144K) NonClass: 29995K(30144K)->29995K(30144K) Class: 0K(0K)->0K(0K)
[7511.221s][info][gc             ] GC(1385) Pause Young (Normal) (G1 Evacuation Pause) 6368M->1879M(8192M) 157.506ms
[7511.221s][info][gc,cpu         ] GC(1385) User=1.25s Sys=0.00s Real=0.16s
...[7513.967s][info][gc,start       ] GC(1386) Pause Young (Normal) (G1 Evacuation Pause)
[7513.967s][info][gc,task        ] GC(1386) Using 8 workers of 8 for evacuation
[7514.121s][info][gc,phases      ] GC(1386)   Pre Evacuate Collection Set: 0.22ms
[7514.121s][info][gc,phases      ] GC(1386)   Merge Heap Roots: 0.51ms
[7514.121s][info][gc,phases      ] GC(1386)   Evacuate Collection Set: 151.95ms
[7514.121s][info][gc,phases      ] GC(1386)   Post Evacuate Collection Set: 1.06ms
[7514.121s][info][gc,phases      ] GC(1386)   Other: 0.06ms
[7514.121s][info][gc,heap        ] GC(1386) Eden regions: 568->0(570)
[7514.121s][info][gc,heap        ] GC(1386) Survivor regions: 46->44(77)
[7514.121s][info][gc,heap        ] GC(1386) Old regions: 158->166
[7514.121s][info][gc,heap        ] GC(1386) Humongous regions: 33->33
[7514.121s][info][gc,metaspace   ] GC(1386) Metaspace: 29995K(30144K)->29995K(30144K) NonClass: 29995K(30144K)->29995K(30144K) Class: 0K(0K)->0K(0K)
[7514.121s][info][gc             ] GC(1386) Pause Young (Normal) (G1 Evacuation Pause) 6423M->1930M(8192M) 153.932ms
[7514.121s][info][gc,cpu         ] GC(1386) User=1.22s Sys=0.01s Real=0.16s
...[7516.906s][info][gc,start       ] GC(1387) Pause Young (Normal) (G1 Evacuation Pause)
[7516.906s][info][gc,task        ] GC(1387) Using 8 workers of 8 for evacuation
[7517.059s][info][gc,phases      ] GC(1387)   Pre Evacuate Collection Set: 0.23ms
[7517.059s][info][gc,phases      ] GC(1387)   Merge Heap Roots: 0.53ms
[7517.059s][info][gc,phases      ] GC(1387)   Evacuate Collection Set: 151.70ms
[7517.059s][info][gc,phases      ] GC(1387)   Post Evacuate Collection Set: 1.01ms
[7517.059s][info][gc,phases      ] GC(1387)   Other: 0.07ms
[7517.059s][info][gc,heap        ] GC(1387) Eden regions: 570->0(570)
[7517.059s][info][gc,heap        ] GC(1387) Survivor regions: 44->44(77)
[7517.059s][info][gc,heap        ] GC(1387) Old regions: 166->173
[7517.059s][info][gc,heap        ] GC(1387) Humongous regions: 33->33
[7517.059s][info][gc,metaspace   ] GC(1387) Metaspace: 29995K(30144K)->29995K(30144K) NonClass: 29995K(30144K)->29995K(30144K) Class: 0K(0K)->0K(0K)
[7517.059s][info][gc             ] GC(1387) Pause Young (Normal) (G1 Evacuation Pause) 6490M->1982M(8192M) 153.665ms
[7517.059s][info][gc,cpu         ] GC(1387) User=1.21s Sys=0.00s Real=0.16s
...[7519.888s][info][gc,start       ] GC(1388) Pause Young (Normal) (G1 Evacuation Pause)
[7519.888s][info][gc,task        ] GC(1388) Using 8 workers of 8 for evacuation
[7520.041s][info][gc,phases      ] GC(1388)   Pre Evacuate Collection Set: 0.23ms
[7520.041s][info][gc,phases      ] GC(1388)   Merge Heap Roots: 0.51ms
[7520.041s][info][gc,phases      ] GC(1388)   Evacuate Collection Set: 150.69ms
[7520.041s][info][gc,phases      ] GC(1388)   Post Evacuate Collection Set: 1.04ms
[7520.041s][info][gc,phases      ] GC(1388)   Other: 0.06ms
[7520.041s][info][gc,heap        ] GC(1388) Eden regions: 570->0(570)
[7520.041s][info][gc,heap        ] GC(1388) Survivor regions: 44->44(77)
[7520.041s][info][gc,heap        ] GC(1388) Old regions: 173->180
[7520.041s][info][gc,heap        ] GC(1388) Humongous regions: 33->33
[7520.041s][info][gc,metaspace   ] GC(1388) Metaspace: 29995K(30144K)->29995K(30144K) NonClass: 29995K(30144K)->29995K(30144K) Class: 0K(0K)->0K(0K)
[7520.041s][info][gc             ] GC(1388) Pause Young (Normal) (G1 Evacuation Pause) 6542M->2038M(8192M) 152.660ms
[7520.041s][info][gc,cpu         ] GC(1388) User=1.21s Sys=0.00s Real=0.15s
...[7522.896s][info][gc,start       ] GC(1389) Pause Young (Normal) (G1 Evacuation Pause)
[7522.896s][info][gc,task        ] GC(1389) Using 8 workers of 8 for evacuation
[7523.049s][info][gc,phases      ] GC(1389)   Pre Evacuate Collection Set: 0.22ms
[7523.049s][info][gc,phases      ] GC(1389)   Merge Heap Roots: 0.53ms
[7523.049s][info][gc,phases      ] GC(1389)   Evacuate Collection Set: 151.37ms
[7523.049s][info][gc,phases      ] GC(1389)   Post Evacuate Collection Set: 1.05ms
[7523.049s][info][gc,phases      ] GC(1389)   Other: 0.06ms
[7523.049s][info][gc,heap        ] GC(1389) Eden regions: 570->0(570)
[7523.049s][info][gc,heap        ] GC(1389) Survivor regions: 44->44(77)
[7523.049s][info][gc,heap        ] GC(1389) Old regions: 180->187
[7523.049s][info][gc,heap        ] GC(1389) Humongous regions: 33->33
[7523.049s][info][gc,metaspace   ] GC(1389) Metaspace: 29995K(30144K)->29995K(30144K) NonClass: 29995K(30144K)->29995K(30144K) Class: 0K(0K)->0K(0K)
[7523.049s][info][gc             ] GC(1389) Pause Young (Normal) (G1 Evacuation Pause) 6598M->2095M(8192M) 153.366ms
[7523.050s][info][gc,cpu         ] GC(1389) User=1.22s Sys=0.00s Real=0.16s
...[7525.824s][info][gc,start       ] GC(1390) Pause Young (Normal) (G1 Evacuation Pause)
[7525.824s][info][gc,task        ] GC(1390) Using 8 workers of 8 for evacuation
[7525.983s][info][gc,phases      ] GC(1390)   Pre Evacuate Collection Set: 0.21ms
[7525.983s][info][gc,phases      ] GC(1390)   Merge Heap Roots: 0.51ms
[7525.983s][info][gc,phases      ] GC(1390)   Evacuate Collection Set: 157.94ms
[7525.983s][info][gc,phases      ] GC(1390)   Post Evacuate Collection Set: 1.04ms
[7525.983s][info][gc,phases      ] GC(1390)   Other: 0.06ms
[7525.983s][info][gc,heap        ] GC(1390) Eden regions: 570->0(568)
[7525.983s][info][gc,heap        ] GC(1390) Survivor regions: 44->46(77)
[7525.983s][info][gc,heap        ] GC(1390) Old regions: 187->195
[7525.983s][info][gc,heap        ] GC(1390) Humongous regions: 33->33
[7525.983s][info][gc,metaspace   ] GC(1390) Metaspace: 29995K(30144K)->29995K(30144K) NonClass: 29995K(30144K)->29995K(30144K) Class: 0K(0K)->0K(0K)
[7525.984s][info][gc             ] GC(1390) Pause Young (Normal) (G1 Evacuation Pause) 6655M->2171M(8192M) 159.885ms
[7525.984s][info][gc,cpu         ] GC(1390) User=1.27s Sys=0.00s Real=0.16s
..|.[7528.801s][info][gc,start       ] GC(1391) Pause Young (Normal) (G1 Evacuation Pause)
[7528.801s][info][gc,task        ] GC(1391) Using 8 workers of 8 for evacuation
[7528.953s][info][gc,phases      ] GC(1391)   Pre Evacuate Collection Set: 0.22ms
[7528.953s][info][gc,phases      ] GC(1391)   Merge Heap Roots: 0.51ms
[7528.953s][info][gc,phases      ] GC(1391)   Evacuate Collection Set: 149.75ms
[7528.953s][info][gc,phases      ] GC(1391)   Post Evacuate Collection Set: 1.02ms
[7528.953s][info][gc,phases      ] GC(1391)   Other: 0.07ms
[7528.953s][info][gc,heap        ] GC(1391) Eden regions: 568->0(571)
[7528.953s][info][gc,heap        ] GC(1391) Survivor regions: 46->43(77)
[7528.953s][info][gc,heap        ] GC(1391) Old regions: 195->202
[7528.953s][info][gc,heap        ] GC(1391) Humongous regions: 33->33
[7528.953s][info][gc,metaspace   ] GC(1391) Metaspace: 29995K(30144K)->29995K(30144K) NonClass: 29995K(30144K)->29995K(30144K) Class: 0K(0K)->0K(0K)
[7528.953s][info][gc             ] GC(1391) Pause Young (Normal) (G1 Evacuation Pause) 6715M->2210M(8192M) 151.714ms
[7528.953s][info][gc,cpu         ] GC(1391) User=1.20s Sys=0.00s Real=0.15s
...[7531.781s][info][gc,start       ] GC(1392) Pause Young (Normal) (G1 Evacuation Pause)
[7531.781s][info][gc,task        ] GC(1392) Using 8 workers of 8 for evacuation
[7531.935s][info][gc,phases      ] GC(1392)   Pre Evacuate Collection Set: 0.26ms
[7531.935s][info][gc,phases      ] GC(1392)   Merge Heap Roots: 0.52ms
[7531.935s][info][gc,phases      ] GC(1392)   Evacuate Collection Set: 151.92ms
[7531.935s][info][gc,phases      ] GC(1392)   Post Evacuate Collection Set: 1.06ms
[7531.935s][info][gc,phases      ] GC(1392)   Other: 0.06ms
[7531.935s][info][gc,heap        ] GC(1392) Eden regions: 571->0(571)
[7531.935s][info][gc,heap        ] GC(1392) Survivor regions: 43->43(77)
[7531.935s][info][gc,heap        ] GC(1392) Old regions: 202->209
[7531.935s][info][gc,heap        ] GC(1392) Humongous regions: 33->33
[7531.935s][info][gc,metaspace   ] GC(1392) Metaspace: 29995K(30144K)->29995K(30144K) NonClass: 29995K(30144K)->29995K(30144K) Class: 0K(0K)->0K(0K)
[7531.935s][info][gc             ] GC(1392) Pause Young (Normal) (G1 Evacuation Pause) 6778M->2265M(8192M) 153.954ms
[7531.935s][info][gc,cpu         ] GC(1392) User=1.22s Sys=0.00s Real=0.15s
...[7534.843s][info][gc,start       ] GC(1393) Pause Young (Normal) (G1 Evacuation Pause)
[7534.843s][info][gc,task        ] GC(1393) Using 8 workers of 8 for evacuation
[7534.999s][info][gc,phases      ] GC(1393)   Pre Evacuate Collection Set: 0.27ms
[7534.999s][info][gc,phases      ] GC(1393)   Merge Heap Roots: 0.53ms
[7534.999s][info][gc,phases      ] GC(1393)   Evacuate Collection Set: 154.31ms
[7534.999s][info][gc,phases      ] GC(1393)   Post Evacuate Collection Set: 1.07ms
[7534.999s][info][gc,phases      ] GC(1393)   Other: 0.06ms
[7534.999s][info][gc,heap        ] GC(1393) Eden regions: 571->0(570)
[7534.999s][info][gc,heap        ] GC(1393) Survivor regions: 43->44(77)
[7534.999s][info][gc,heap        ] GC(1393) Old regions: 209->216
[7534.999s][info][gc,heap        ] GC(1393) Humongous regions: 33->33
[7534.999s][info][gc,metaspace   ] GC(1393) Metaspace: 29995K(30144K)->29995K(30144K) NonClass: 29995K(30144K)->29995K(30144K) Class: 0K(0K)->0K(0K)
[7534.999s][info][gc             ] GC(1393) Pause Young (Normal) (G1 Evacuation Pause) 6833M->2329M(8192M) 156.373ms
[7534.999s][info][gc,cpu         ] GC(1393) User=1.24s Sys=0.00s Real=0.16s
...[7537.815s][info][gc,start       ] GC(1394) Pause Young (Normal) (G1 Evacuation Pause)
[7537.815s][info][gc,task        ] GC(1394) Using 8 workers of 8 for evacuation
[7537.968s][info][gc,phases      ] GC(1394)   Pre Evacuate Collection Set: 0.22ms
[7537.968s][info][gc,phases      ] GC(1394)   Merge Heap Roots: 0.54ms
[7537.968s][info][gc,phases      ] GC(1394)   Evacuate Collection Set: 150.98ms
[7537.968s][info][gc,phases      ] GC(1394)   Post Evacuate Collection Set: 1.02ms
[7537.968s][info][gc,phases      ] GC(1394)   Other: 0.07ms
[7537.968s][info][gc,heap        ] GC(1394) Eden regions: 570->0(571)
[7537.968s][info][gc,heap        ] GC(1394) Survivor regions: 44->43(77)
[7537.968s][info][gc,heap        ] GC(1394) Old regions: 216->223
[7537.968s][info][gc,heap        ] GC(1394) Humongous regions: 33->33
[7537.968s][info][gc,metaspace   ] GC(1394) Metaspace: 29995K(30144K)->29995K(30144K) NonClass: 29995K(30144K)->29995K(30144K) Class: 0K(0K)->0K(0K)
[7537.968s][info][gc             ] GC(1394) Pause Young (Normal) (G1 Evacuation Pause) 6889M->2379M(8192M) 152.954ms
[7537.968s][info][gc,cpu         ] GC(1394) User=1.21s Sys=0.00s Real=0.16s
..[7540.757s][info][gc,start       ] GC(1395) Pause Young (Normal) (G1 Evacuation Pause)
[7540.757s][info][gc,task        ] GC(1395) Using 8 workers of 8 for evacuation
[7540.912s][info][gc,phases      ] GC(1395)   Pre Evacuate Collection Set: 0.23ms
[7540.912s][info][gc,phases      ] GC(1395)   Merge Heap Roots: 0.51ms
[7540.912s][info][gc,phases      ] GC(1395)   Evacuate Collection Set: 153.37ms
[7540.912s][info][gc,phases      ] GC(1395)   Post Evacuate Collection Set: 1.02ms
[7540.912s][info][gc,phases      ] GC(1395)   Other: 0.06ms
[7540.912s][info][gc,heap        ] GC(1395) Eden regions: 571->0(569)
[7540.912s][info][gc,heap        ] GC(1395) Survivor regions: 43->45(77)
[7540.912s][info][gc,heap        ] GC(1395) Old regions: 223->231
[7540.912s][info][gc,heap        ] GC(1395) Humongous regions: 33->33
[7540.912s][info][gc,metaspace   ] GC(1395) Metaspace: 29995K(30144K)->29995K(30144K) NonClass: 29995K(30144K)->29995K(30144K) Class: 0K(0K)->0K(0K)
[7540.912s][info][gc             ] GC(1395) Pause Young (Normal) (G1 Evacuation Pause) 6947M->2451M(8192M) 155.317ms
[7540.912s][info][gc,cpu         ] GC(1395) User=1.23s Sys=0.00s Real=0.16s
...[7543.637s][info][gc,start       ] GC(1396) Pause Young (Normal) (G1 Evacuation Pause)
[7543.637s][info][gc,task        ] GC(1396) Using 8 workers of 8 for evacuation
[7543.791s][info][gc,phases      ] GC(1396)   Pre Evacuate Collection Set: 0.22ms
[7543.791s][info][gc,phases      ] GC(1396)   Merge Heap Roots: 0.51ms
[7543.791s][info][gc,phases      ] GC(1396)   Evacuate Collection Set: 152.40ms
[7543.791s][info][gc,phases      ] GC(1396)   Post Evacuate Collection Set: 1.03ms
[7543.791s][info][gc,phases      ] GC(1396)   Other: 0.06ms
[7543.791s][info][gc,heap        ] GC(1396) Eden regions: 569->0(570)
[7543.791s][info][gc,heap        ] GC(1396) Survivor regions: 45->44(77)
[7543.791s][info][gc,heap        ] GC(1396) Old regions: 231->238
[7543.791s][info][gc,heap        ] GC(1396) Humongous regions: 33->33
[7543.791s][info][gc,metaspace   ] GC(1396) Metaspace: 29995K(30144K)->29995K(30144K) NonClass: 29995K(30144K)->29995K(30144K) Class: 0K(0K)->0K(0K)
[7543.791s][info][gc             ] GC(1396) Pause Young (Normal) (G1 Evacuation Pause) 7003M->2501M(8192M) 154.347ms
[7543.791s][info][gc,cpu         ] GC(1396) User=1.22s Sys=0.00s Real=0.16s
...[7546.579s][info][gc,start       ] GC(1397) Pause Young (Normal) (G1 Evacuation Pause)
[7546.579s][info][gc,task        ] GC(1397) Using 8 workers of 8 for evacuation
[7546.733s][info][gc,phases      ] GC(1397)   Pre Evacuate Collection Set: 0.23ms
[7546.733s][info][gc,phases      ] GC(1397)   Merge Heap Roots: 0.51ms
[7546.733s][info][gc,phases      ] GC(1397)   Evacuate Collection Set: 151.90ms
[7546.733s][info][gc,phases      ] GC(1397)   Post Evacuate Collection Set: 1.05ms
[7546.733s][info][gc,phases      ] GC(1397)   Other: 0.07ms
[7546.733s][info][gc,heap        ] GC(1397) Eden regions: 570->0(570)
[7546.733s][info][gc,heap        ] GC(1397) Survivor regions: 44->44(77)
[7546.733s][info][gc,heap        ] GC(1397) Old regions: 238->245
[7546.733s][info][gc,heap        ] GC(1397) Humongous regions: 33->33
[7546.733s][info][gc,metaspace   ] GC(1397) Metaspace: 29995K(30144K)->29995K(30144K) NonClass: 29995K(30144K)->29995K(30144K) Class: 0K(0K)->0K(0K)
[7546.733s][info][gc             ] GC(1397) Pause Young (Normal) (G1 Evacuation Pause) 7061M->2561M(8192M) 153.891ms
[7546.733s][info][gc,cpu         ] GC(1397) User=1.21s Sys=0.00s Real=0.15s
...[7549.555s][info][gc,start       ] GC(1398) Pause Young (Normal) (G1 Evacuation Pause)
[7549.556s][info][gc,task        ] GC(1398) Using 8 workers of 8 for evacuation
[7549.713s][info][gc,phases      ] GC(1398)   Pre Evacuate Collection Set: 0.22ms
[7549.713s][info][gc,phases      ] GC(1398)   Merge Heap Roots: 0.52ms
[7549.713s][info][gc,phases      ] GC(1398)   Evacuate Collection Set: 155.14ms
[7549.713s][info][gc,phases      ] GC(1398)   Post Evacuate Collection Set: 1.03ms
[7549.713s][info][gc,phases      ] GC(1398)   Other: 0.06ms
[7549.713s][info][gc,heap        ] GC(1398) Eden regions: 570->0(568)
[7549.713s][info][gc,heap        ] GC(1398) Survivor regions: 44->46(77)
[7549.713s][info][gc,heap        ] GC(1398) Old regions: 245->252
[7549.713s][info][gc,heap        ] GC(1398) Humongous regions: 33->33
[7549.713s][info][gc,metaspace   ] GC(1398) Metaspace: 29995K(30144K)->29995K(30144K) NonClass: 29995K(30144K)->29995K(30144K) Class: 0K(0K)->0K(0K)
[7549.713s][info][gc             ] GC(1398) Pause Young (Normal) (G1 Evacuation Pause) 7121M->2631M(8192M) 157.106ms
[7549.713s][info][gc,cpu         ] GC(1398) User=1.25s Sys=0.00s Real=0.16s
...[7552.437s][info][gc,start       ] GC(1399) Pause Young (Normal) (G1 Evacuation Pause)
[7552.437s][info][gc,task        ] GC(1399) Using 8 workers of 8 for evacuation
[7552.596s][info][gc,phases      ] GC(1399)   Pre Evacuate Collection Set: 0.21ms
[7552.596s][info][gc,phases      ] GC(1399)   Merge Heap Roots: 0.51ms
[7552.596s][info][gc,phases      ] GC(1399)   Evacuate Collection Set: 157.36ms
[7552.597s][info][gc,phases      ] GC(1399)   Post Evacuate Collection Set: 1.05ms
[7552.597s][info][gc,phases      ] GC(1399)   Other: 0.06ms
[7552.597s][info][gc,heap        ] GC(1399) Eden regions: 568->0(568)
[7552.597s][info][gc,heap        ] GC(1399) Survivor regions: 46->46(77)
[7552.597s][info][gc,heap        ] GC(1399) Old regions: 252->259
[7552.597s][info][gc,heap        ] GC(1399) Humongous regions: 33->33
[7552.597s][info][gc,metaspace   ] GC(1399) Metaspace: 29995K(30144K)->29995K(30144K) NonClass: 29995K(30144K)->29995K(30144K) Class: 0K(0K)->0K(0K)
[7552.597s][info][gc             ] GC(1399) Pause Young (Normal) (G1 Evacuation Pause) 7175M->2687M(8192M) 159.334ms
[7552.597s][info][gc,cpu         ] GC(1399) User=1.26s Sys=0.00s Real=0.15s
...[7555.380s][info][gc,start       ] GC(1400) Pause Young (Normal) (G1 Evacuation Pause)
[7555.380s][info][gc,task        ] GC(1400) Using 8 workers of 8 for evacuation
[7555.528s][info][gc,phases      ] GC(1400)   Pre Evacuate Collection Set: 0.24ms
[7555.528s][info][gc,phases      ] GC(1400)   Merge Heap Roots: 0.52ms
[7555.528s][info][gc,phases      ] GC(1400)   Evacuate Collection Set: 145.87ms
[7555.528s][info][gc,phases      ] GC(1400)   Post Evacuate Collection Set: 1.00ms
[7555.528s][info][gc,phases      ] GC(1400)   Other: 0.06ms
[7555.528s][info][gc,heap        ] GC(1400) Eden regions: 568->0(571)
[7555.528s][info][gc,heap        ] GC(1400) Survivor regions: 46->43(77)
[7555.528s][info][gc,heap        ] GC(1400) Old regions: 259->266
[7555.528s][info][gc,heap        ] GC(1400) Humongous regions: 33->33
[7555.528s][info][gc,metaspace   ] GC(1400) Metaspace: 29995K(30144K)->29995K(30144K) NonClass: 29995K(30144K)->29995K(30144K) Class: 0K(0K)->0K(0K)
[7555.528s][info][gc             ] GC(1400) Pause Young (Normal) (G1 Evacuation Pause) 7231M->2723M(8192M) 147.827ms
[7555.528s][info][gc,cpu         ] GC(1400) User=1.17s Sys=0.00s Real=0.15s
...[7558.329s][info][gc,start       ] GC(1401) Pause Young (Normal) (G1 Evacuation Pause)
[7558.329s][info][gc,task        ] GC(1401) Using 8 workers of 8 for evacuation
[7558.476s][info][gc,phases      ] GC(1401)   Pre Evacuate Collection Set: 0.22ms
[7558.476s][info][gc,phases      ] GC(1401)   Merge Heap Roots: 0.52ms
[7558.476s][info][gc,phases      ] GC(1401)   Evacuate Collection Set: 145.95ms
[7558.476s][info][gc,phases      ] GC(1401)   Post Evacuate Collection Set: 1.05ms
[7558.476s][info][gc,phases      ] GC(1401)   Other: 0.06ms
[7558.476s][info][gc,heap        ] GC(1401) Eden regions: 571->0(571)
[7558.476s][info][gc,heap        ] GC(1401) Survivor regions: 43->43(77)
[7558.476s][info][gc,heap        ] GC(1401) Old regions: 266->273
[7558.476s][info][gc,heap        ] GC(1401) Humongous regions: 33->33
[7558.476s][info][gc,metaspace   ] GC(1401) Metaspace: 29995K(30144K)->29995K(30144K) NonClass: 29995K(30144K)->29995K(30144K) Class: 0K(0K)->0K(0K)
[7558.476s][info][gc             ] GC(1401) Pause Young (Normal) (G1 Evacuation Pause) 7291M->2775M(8192M) 147.928ms
[7558.477s][info][gc,cpu         ] GC(1401) User=1.17s Sys=0.00s Real=0.14s
...[7561.275s][info][gc,start       ] GC(1402) Pause Young (Normal) (G1 Evacuation Pause)
[7561.275s][info][gc,task        ] GC(1402) Using 8 workers of 8 for evacuation
[7561.429s][info][gc,phases      ] GC(1402)   Pre Evacuate Collection Set: 0.21ms
[7561.429s][info][gc,phases      ] GC(1402)   Merge Heap Roots: 0.53ms
[7561.429s][info][gc,phases      ] GC(1402)   Evacuate Collection Set: 152.23ms
[7561.429s][info][gc,phases      ] GC(1402)   Post Evacuate Collection Set: 1.04ms
[7561.429s][info][gc,phases      ] GC(1402)   Other: 0.06ms
[7561.429s][info][gc,heap        ] GC(1402) Eden regions: 571->0(570)
[7561.429s][info][gc,heap        ] GC(1402) Survivor regions: 43->44(77)
[7561.429s][info][gc,heap        ] GC(1402) Old regions: 273->280
[7561.429s][info][gc,heap        ] GC(1402) Humongous regions: 33->33
[7561.429s][info][gc,metaspace   ] GC(1402) Metaspace: 29995K(30144K)->29995K(30144K) NonClass: 29995K(30144K)->29995K(30144K) Class: 0K(0K)->0K(0K)
[7561.429s][info][gc             ] GC(1402) Pause Young (Normal) (G1 Evacuation Pause) 7343M->2838M(8192M) 154.193ms
[7561.429s][info][gc,cpu         ] GC(1402) User=1.23s Sys=0.00s Real=0.16s
...[7564.217s][info][gc,start       ] GC(1403) Pause Young (Normal) (G1 Evacuation Pause)
[7564.217s][info][gc,task        ] GC(1403) Using 8 workers of 8 for evacuation
[7564.367s][info][gc,phases      ] GC(1403)   Pre Evacuate Collection Set: 0.24ms
[7564.367s][info][gc,phases      ] GC(1403)   Merge Heap Roots: 0.52ms
[7564.367s][info][gc,phases      ] GC(1403)   Evacuate Collection Set: 147.83ms
[7564.367s][info][gc,phases      ] GC(1403)   Post Evacuate Collection Set: 1.03ms
[7564.367s][info][gc,phases      ] GC(1403)   Other: 0.06ms
[7564.367s][info][gc,heap        ] GC(1403) Eden regions: 570->0(565)
[7564.367s][info][gc,heap        ] GC(1403) Survivor regions: 44->43(77)
[7564.367s][info][gc,heap        ] GC(1403) Old regions: 280->288
[7564.367s][info][gc,heap        ] GC(1403) Humongous regions: 33->33
[7564.367s][info][gc,metaspace   ] GC(1403) Metaspace: 29995K(30144K)->29995K(30144K) NonClass: 29995K(30144K)->29995K(30144K) Class: 0K(0K)->0K(0K)
[7564.367s][info][gc             ] GC(1403) Pause Young (Normal) (G1 Evacuation Pause) 7398M->2893M(8192M) 149.811ms
[7564.367s][info][gc,cpu         ] GC(1403) User=1.18s Sys=0.00s Real=0.15s
...[7567.201s][info][gc,start       ] GC(1404) Pause Young (Normal) (G1 Evacuation Pause)
[7567.201s][info][gc,task        ] GC(1404) Using 8 workers of 8 for evacuation
[7567.351s][info][gc,phases      ] GC(1404)   Pre Evacuate Collection Set: 0.24ms
[7567.351s][info][gc,phases      ] GC(1404)   Merge Heap Roots: 0.52ms
[7567.351s][info][gc,phases      ] GC(1404)   Evacuate Collection Set: 147.51ms
[7567.351s][info][gc,phases      ] GC(1404)   Post Evacuate Collection Set: 1.06ms
[7567.351s][info][gc,phases      ] GC(1404)   Other: 0.06ms
[7567.351s][info][gc,heap        ] GC(1404) Eden regions: 565->0(558)
[7567.351s][info][gc,heap        ] GC(1404) Survivor regions: 43->43(76)
[7567.351s][info][gc,heap        ] GC(1404) Old regions: 288->295
[7567.351s][info][gc,heap        ] GC(1404) Humongous regions: 33->33
[7567.351s][info][gc,metaspace   ] GC(1404) Metaspace: 29995K(30144K)->29995K(30144K) NonClass: 29995K(30144K)->29995K(30144K) Class: 0K(0K)->0K(0K)
[7567.351s][info][gc             ] GC(1404) Pause Young (Normal) (G1 Evacuation Pause) 7413M->2951M(8192M) 149.524ms
[7567.351s][info][gc,cpu         ] GC(1404) User=1.18s Sys=0.00s Real=0.15s
...[7570.060s][info][gc,start       ] GC(1405) Pause Young (Normal) (G1 Evacuation Pause)
[7570.060s][info][gc,task        ] GC(1405) Using 8 workers of 8 for evacuation
[7570.209s][info][gc,phases      ] GC(1405)   Pre Evacuate Collection Set: 0.23ms
[7570.209s][info][gc,phases      ] GC(1405)   Merge Heap Roots: 0.53ms
[7570.209s][info][gc,phases      ] GC(1405)   Evacuate Collection Set: 147.90ms
[7570.209s][info][gc,phases      ] GC(1405)   Post Evacuate Collection Set: 1.04ms
[7570.209s][info][gc,phases      ] GC(1405)   Other: 0.06ms
[7570.209s][info][gc,heap        ] GC(1405) Eden regions: 558->0(551)
[7570.209s][info][gc,heap        ] GC(1405) Survivor regions: 43->43(76)
[7570.209s][info][gc,heap        ] GC(1405) Old regions: 295->302
[7570.209s][info][gc,heap        ] GC(1405) Humongous regions: 33->33
[7570.209s][info][gc,metaspace   ] GC(1405) Metaspace: 29995K(30144K)->29995K(30144K) NonClass: 29995K(30144K)->29995K(30144K) Class: 0K(0K)->0K(0K)
[7570.209s][info][gc             ] GC(1405) Pause Young (Normal) (G1 Evacuation Pause) 7415M->3011M(8192M) 149.882ms
[7570.209s][info][gc,cpu         ] GC(1405) User=1.19s Sys=0.00s Real=0.15s
..[7572.846s][info][gc,start       ] GC(1406) Pause Young (Normal) (G1 Evacuation Pause)
[7572.846s][info][gc,task        ] GC(1406) Using 8 workers of 8 for evacuation
[7572.996s][info][gc,phases      ] GC(1406)   Pre Evacuate Collection Set: 0.21ms
[7572.996s][info][gc,phases      ] GC(1406)   Merge Heap Roots: 0.51ms
[7572.996s][info][gc,phases      ] GC(1406)   Evacuate Collection Set: 148.86ms
[7572.996s][info][gc,phases      ] GC(1406)   Post Evacuate Collection Set: 1.02ms
[7572.996s][info][gc,phases      ] GC(1406)   Other: 0.06ms
[7572.996s][info][gc,heap        ] GC(1406) Eden regions: 551->0(543)
[7572.996s][info][gc,heap        ] GC(1406) Survivor regions: 43->43(75)
[7572.996s][info][gc,heap        ] GC(1406) Old regions: 302->310
[7572.996s][info][gc,heap        ] GC(1406) Humongous regions: 33->33
[7572.996s][info][gc,metaspace   ] GC(1406) Metaspace: 29995K(30144K)->29995K(30144K) NonClass: 29995K(30144K)->29995K(30144K) Class: 0K(0K)->0K(0K)
[7572.996s][info][gc             ] GC(1406) Pause Young (Normal) (G1 Evacuation Pause) 7419M->3070M(8192M) 150.802ms
[7572.996s][info][gc,cpu         ] GC(1406) User=1.20s Sys=0.00s Real=0.15s
...[7575.672s][info][gc,start       ] GC(1407) Pause Young (Concurrent Start) (G1 Evacuation Pause)
[7575.672s][info][gc,task        ] GC(1407) Using 8 workers of 8 for evacuation
[7575.819s][info][gc,phases      ] GC(1407)   Pre Evacuate Collection Set: 0.27ms
[7575.819s][info][gc,phases      ] GC(1407)   Merge Heap Roots: 0.58ms
[7575.819s][info][gc,phases      ] GC(1407)   Evacuate Collection Set: 145.31ms
[7575.819s][info][gc,phases      ] GC(1407)   Post Evacuate Collection Set: 1.03ms
[7575.819s][info][gc,phases      ] GC(1407)   Other: 0.07ms
[7575.819s][info][gc,heap        ] GC(1407) Eden regions: 543->0(536)
[7575.819s][info][gc,heap        ] GC(1407) Survivor regions: 43->43(74)
[7575.819s][info][gc,heap        ] GC(1407) Old regions: 310->317
[7575.819s][info][gc,heap        ] GC(1407) Humongous regions: 33->33
[7575.819s][info][gc,metaspace   ] GC(1407) Metaspace: 29995K(30144K)->29995K(30144K) NonClass: 29995K(30144K)->29995K(30144K) Class: 0K(0K)->0K(0K)
[7575.819s][info][gc             ] GC(1407) Pause Young (Concurrent Start) (G1 Evacuation Pause) 7414M->3127M(8192M) 147.383ms
[7575.819s][info][gc             ] GC(1408) Concurrent Mark Cycle
[7575.819s][info][gc,marking     ] GC(1408) Concurrent Scan Root Regions
[7575.819s][info][gc,cpu         ] GC(1407) User=1.17s Sys=0.00s Real=0.15s
.[7576.244s][info][gc,marking     ] GC(1408) Concurrent Scan Root Regions 424.910ms
[7576.244s][info][gc,marking     ] GC(1408) Concurrent Mark
[7576.244s][info][gc,marking     ] GC(1408) Concurrent Mark From Roots
[7576.244s][info][gc,task        ] GC(1408) Using 2 workers of 2 for marking
.[7577.443s][info][gc,marking     ] GC(1408) Concurrent Mark From Roots 1199.096ms
[7577.443s][info][gc,marking     ] GC(1408) Concurrent Preclean
[7577.443s][info][gc,marking     ] GC(1408) Concurrent Preclean 0.128ms
[7577.444s][info][gc,start       ] GC(1408) Pause Remark
[7577.447s][info][gc             ] GC(1408) Pause Remark 5148M->4660M(8192M) 3.549ms
[7577.447s][info][gc,cpu         ] GC(1408) User=0.03s Sys=0.00s Real=0.01s
[7577.447s][info][gc,marking     ] GC(1408) Concurrent Mark 1203.124ms
[7577.447s][info][gc,marking     ] GC(1408) Concurrent Rebuild Remembered Sets and Scrub Regions
.[7578.247s][info][gc,marking     ] GC(1408) Concurrent Rebuild Remembered Sets and Scrub Regions 799.531ms
[7578.247s][info][gc,start       ] GC(1408) Pause Cleanup
[7578.247s][info][gc             ] GC(1408) Pause Cleanup 5692M->5692M(8192M) 0.254ms
[7578.247s][info][gc,cpu         ] GC(1408) User=0.00s Sys=0.00s Real=0.01s
[7578.247s][info][gc,marking     ] GC(1408) Concurrent Clear Claimed Marks
[7578.247s][info][gc,marking     ] GC(1408) Concurrent Clear Claimed Marks 0.051ms
[7578.247s][info][gc,marking     ] GC(1408) Concurrent Cleanup for Next Mark
[7578.259s][info][gc,marking     ] GC(1408) Concurrent Cleanup for Next Mark 12.010ms
[7578.259s][info][gc             ] GC(1408) Concurrent Mark Cycle 2440.317ms
.[7579.010s][info][gc,start       ] GC(1409) Pause Young (Prepare Mixed) (G1 Evacuation Pause)
[7579.010s][info][gc,task        ] GC(1409) Using 8 workers of 8 for evacuation
[7579.160s][info][gc,phases      ] GC(1409)   Pre Evacuate Collection Set: 0.24ms
[7579.160s][info][gc,phases      ] GC(1409)   Merge Heap Roots: 0.76ms
[7579.160s][info][gc,phases      ] GC(1409)   Evacuate Collection Set: 147.24ms
[7579.160s][info][gc,phases      ] GC(1409)   Post Evacuate Collection Set: 1.14ms
[7579.160s][info][gc,phases      ] GC(1409)   Other: 0.06ms
[7579.160s][info][gc,heap        ] GC(1409) Eden regions: 536->0(572)
[7579.160s][info][gc,heap        ] GC(1409) Survivor regions: 43->42(73)
[7579.160s][info][gc,heap        ] GC(1409) Old regions: 256->263
[7579.160s][info][gc,heap        ] GC(1409) Humongous regions: 33->33
[7579.160s][info][gc,metaspace   ] GC(1409) Metaspace: 29995K(30144K)->29995K(30144K) NonClass: 29995K(30144K)->29995K(30144K) Class: 0K(0K)->0K(0K)
[7579.160s][info][gc             ] GC(1409) Pause Young (Prepare Mixed) (G1 Evacuation Pause) 6927M->2687M(8192M) 149.586ms
[7579.160s][info][gc,cpu         ] GC(1409) User=1.18s Sys=0.00s Real=0.15s
..[7581.969s][info][gc,start       ] GC(1410) Pause Young (Mixed) (G1 Evacuation Pause)
[7581.969s][info][gc,task        ] GC(1410) Using 8 workers of 8 for evacuation
[7582.124s][info][gc,phases      ] GC(1410)   Pre Evacuate Collection Set: 0.25ms
[7582.124s][info][gc,phases      ] GC(1410)   Merge Heap Roots: 0.72ms
[7582.124s][info][gc,phases      ] GC(1410)   Evacuate Collection Set: 153.16ms
[7582.124s][info][gc,phases      ] GC(1410)   Post Evacuate Collection Set: 1.31ms
[7582.124s][info][gc,phases      ] GC(1410)   Other: 0.07ms
[7582.124s][info][gc,heap        ] GC(1410) Eden regions: 572->0(572)
[7582.124s][info][gc,heap        ] GC(1410) Survivor regions: 42->42(77)
[7582.124s][info][gc,heap        ] GC(1410) Old regions: 263->168
[7582.124s][info][gc,heap        ] GC(1410) Humongous regions: 33->33
[7582.124s][info][gc,metaspace   ] GC(1410) Metaspace: 29995K(30144K)->29995K(30144K) NonClass: 29995K(30144K)->29995K(30144K) Class: 0K(0K)->0K(0K)
[7582.124s][info][gc             ] GC(1410) Pause Young (Mixed) (G1 Evacuation Pause) 7263M->1929M(8192M) 155.670ms
[7582.124s][info][gc,cpu         ] GC(1410) User=1.23s Sys=0.00s Real=0.15s
...[7584.868s][info][gc,start       ] GC(1411) Pause Young (Mixed) (G1 Evacuation Pause)
[7584.868s][info][gc,task        ] GC(1411) Using 8 workers of 8 for evacuation
[7585.032s][info][gc,phases      ] GC(1411)   Pre Evacuate Collection Set: 0.25ms
[7585.032s][info][gc,phases      ] GC(1411)   Merge Heap Roots: 0.95ms
[7585.032s][info][gc,phases      ] GC(1411)   Evacuate Collection Set: 161.52ms
[7585.032s][info][gc,phases      ] GC(1411)   Post Evacuate Collection Set: 1.06ms
[7585.032s][info][gc,phases      ] GC(1411)   Other: 0.07ms
[7585.032s][info][gc,heap        ] GC(1411) Eden regions: 572->0(569)
[7585.032s][info][gc,heap        ] GC(1411) Survivor regions: 42->45(77)
[7585.032s][info][gc,heap        ] GC(1411) Old regions: 168->143
[7585.032s][info][gc,heap        ] GC(1411) Humongous regions: 33->33
[7585.032s][info][gc,metaspace   ] GC(1411) Metaspace: 29995K(30144K)->29995K(30144K) NonClass: 29995K(30144K)->29995K(30144K) Class: 0K(0K)->0K(0K)
[7585.032s][info][gc             ] GC(1411) Pause Young (Mixed) (G1 Evacuation Pause) 6505M->1746M(8192M) 163.980ms
[7585.032s][info][gc,cpu         ] GC(1411) User=1.30s Sys=0.00s Real=0.16s
...[7587.816s][info][gc,start       ] GC(1412) Pause Young (Normal) (G1 Evacuation Pause)
[7587.816s][info][gc,task        ] GC(1412) Using 8 workers of 8 for evacuation
[7587.973s][info][gc,phases      ] GC(1412)   Pre Evacuate Collection Set: 0.23ms
[7587.973s][info][gc,phases      ] GC(1412)   Merge Heap Roots: 0.57ms
[7587.973s][info][gc,phases      ] GC(1412)   Evacuate Collection Set: 155.06ms
[7587.973s][info][gc,phases      ] GC(1412)   Post Evacuate Collection Set: 1.04ms
[7587.973s][info][gc,phases      ] GC(1412)   Other: 0.06ms
[7587.973s][info][gc,heap        ] GC(1412) Eden regions: 569->0(569)
[7587.973s][info][gc,heap        ] GC(1412) Survivor regions: 45->45(77)
[7587.973s][info][gc,heap        ] GC(1412) Old regions: 143->150
[7587.973s][info][gc,heap        ] GC(1412) Humongous regions: 33->33
[7587.973s][info][gc,metaspace   ] GC(1412) Metaspace: 29995K(30144K)->29995K(30144K) NonClass: 29995K(30144K)->29995K(30144K) Class: 0K(0K)->0K(0K)
[7587.973s][info][gc             ] GC(1412) Pause Young (Normal) (G1 Evacuation Pause) 6298M->1804M(8192M) 157.076ms
[7587.973s][info][gc,cpu         ] GC(1412) User=1.24s Sys=0.00s Real=0.16s
. (rIR:aIR:PR = 12868:12933:12856) (tPR = 190966) [OK] 
  7588s: Performance info:
         Transaction,    Success,    Partial,     Failed,   Receipts, AvgBarcode, 
             Overall,     776001,          0,          0,     737682,      59.47, 
         Response times:
             Request,    Success,    Partial,     Failed,   SkipFail,     Probes,    Samples,      min,      p50,      p90,      p95,      p99,      max, 
       TotalPurchase,     742040,          0,          0,          0,     322274,     543950,      300,    65000,   282000,   384000,   525000,  8700000,
     InStorePurchase,     389675,          0,          0,          0,     168433,     285891,      300,    65000,   281000,   384000,   533000,  8700000,
      OnlinePurchase,     274001,          0,          0,          0,     118794,     200332,      400,    66000,   284000,   384000,   516000,  8700000,
        InstPurchase,      78364,          0,          0,          0,      35047,      57727,      500,    66000,   276200,   391000,   540000,  3700000,
          AssocOfCat,        776,          0,          0,          0,        599,       1120,    38000,   126500,   330900,   422700,   547000,   930000,
      AssocOfProduct,       7768,          0,          0,          0,       3559,       6172,      700,    64000,   278000,   390000,   548540,  2700000,
      BusinessReport,       1935,          0,          0,          0,       1630,       2839,    35000,   126000,   333000,   433000,   706000,  2700000,
          CustBuyBeh,       7720,          0,          0,          0,       3550,       6159,      300,    63000,   275000,   384000,   532000,  2800000,
       ProductReturn,      20425,          0,          0,          0,       8522,      14284,      300,    62000,   276000,   376000,   527000,  7500000,

  7588s: (94%)   IR =  13007 ..[7590.773s][info][gc,start       ] GC(1413) Pause Young (Normal) (G1 Evacuation Pause)
[7590.773s][info][gc,task        ] GC(1413) Using 8 workers of 8 for evacuation
[7590.930s][info][gc,phases      ] GC(1413)   Pre Evacuate Collection Set: 0.22ms
[7590.930s][info][gc,phases      ] GC(1413)   Merge Heap Roots: 0.51ms
[7590.930s][info][gc,phases      ] GC(1413)   Evacuate Collection Set: 155.68ms
[7590.930s][info][gc,phases      ] GC(1413)   Post Evacuate Collection Set: 1.08ms
[7590.930s][info][gc,phases      ] GC(1413)   Other: 0.08ms
[7590.930s][info][gc,heap        ] GC(1413) Eden regions: 569->0(569)
[7590.930s][info][gc,heap        ] GC(1413) Survivor regions: 45->45(77)
[7590.930s][info][gc,heap        ] GC(1413) Old regions: 150->157
[7590.930s][info][gc,heap        ] GC(1413) Humongous regions: 33->33
[7590.930s][info][gc,metaspace   ] GC(1413) Metaspace: 29995K(30144K)->29995K(30144K) NonClass: 29995K(30144K)->29995K(30144K) Class: 0K(0K)->0K(0K)
[7590.930s][info][gc             ] GC(1413) Pause Young (Normal) (G1 Evacuation Pause) 6356M->1863M(8192M) 157.711ms
[7590.930s][info][gc,cpu         ] GC(1413) User=1.24s Sys=0.00s Real=0.16s
...[7593.711s][info][gc,start       ] GC(1414) Pause Young (Normal) (G1 Evacuation Pause)
[7593.711s][info][gc,task        ] GC(1414) Using 8 workers of 8 for evacuation
[7593.861s][info][gc,phases      ] GC(1414)   Pre Evacuate Collection Set: 0.24ms
[7593.861s][info][gc,phases      ] GC(1414)   Merge Heap Roots: 0.51ms
[7593.861s][info][gc,phases      ] GC(1414)   Evacuate Collection Set: 147.84ms
[7593.861s][info][gc,phases      ] GC(1414)   Post Evacuate Collection Set: 1.02ms
[7593.861s][info][gc,phases      ] GC(1414)   Other: 0.06ms
[7593.861s][info][gc,heap        ] GC(1414) Eden regions: 569->0(571)
[7593.861s][info][gc,heap        ] GC(1414) Survivor regions: 45->43(77)
[7593.861s][info][gc,heap        ] GC(1414) Old regions: 157->165
[7593.861s][info][gc,heap        ] GC(1414) Humongous regions: 33->33
[7593.861s][info][gc,metaspace   ] GC(1414) Metaspace: 29995K(30144K)->29995K(30144K) NonClass: 29995K(30144K)->29995K(30144K) Class: 0K(0K)->0K(0K)
[7593.861s][info][gc             ] GC(1414) Pause Young (Normal) (G1 Evacuation Pause) 6415M->1905M(8192M) 149.797ms
[7593.861s][info][gc,cpu         ] GC(1414) User=1.18s Sys=0.00s Real=0.15s
...[7596.610s][info][gc,start       ] GC(1415) Pause Young (Normal) (G1 Evacuation Pause)
[7596.610s][info][gc,task        ] GC(1415) Using 8 workers of 8 for evacuation
[7596.768s][info][gc,phases      ] GC(1415)   Pre Evacuate Collection Set: 0.21ms
[7596.768s][info][gc,phases      ] GC(1415)   Merge Heap Roots: 0.49ms
[7596.768s][info][gc,phases      ] GC(1415)   Evacuate Collection Set: 156.28ms
[7596.768s][info][gc,phases      ] GC(1415)   Post Evacuate Collection Set: 1.01ms
[7596.768s][info][gc,phases      ] GC(1415)   Other: 0.06ms
[7596.769s][info][gc,heap        ] GC(1415) Eden regions: 571->0(568)
[7596.769s][info][gc,heap        ] GC(1415) Survivor regions: 43->46(77)
[7596.769s][info][gc,heap        ] GC(1415) Old regions: 165->172
[7596.769s][info][gc,heap        ] GC(1415) Humongous regions: 33->33
[7596.769s][info][gc,metaspace   ] GC(1415) Metaspace: 29995K(30144K)->29995K(30144K) NonClass: 29995K(30144K)->29995K(30144K) Class: 0K(0K)->0K(0K)
[7596.769s][info][gc             ] GC(1415) Pause Young (Normal) (G1 Evacuation Pause) 6473M->1987M(8192M) 158.186ms
[7596.769s][info][gc,cpu         ] GC(1415) User=1.25s Sys=0.00s Real=0.16s
...[7599.553s][info][gc,start       ] GC(1416) Pause Young (Normal) (G1 Evacuation Pause)
[7599.553s][info][gc,task        ] GC(1416) Using 8 workers of 8 for evacuation
[7599.706s][info][gc,phases      ] GC(1416)   Pre Evacuate Collection Set: 0.22ms
[7599.706s][info][gc,phases      ] GC(1416)   Merge Heap Roots: 0.52ms
[7599.706s][info][gc,phases      ] GC(1416)   Evacuate Collection Set: 151.09ms
[7599.706s][info][gc,phases      ] GC(1416)   Post Evacuate Collection Set: 1.05ms
[7599.706s][info][gc,phases      ] GC(1416)   Other: 0.06ms
[7599.706s][info][gc,heap        ] GC(1416) Eden regions: 568->0(571)
[7599.706s][info][gc,heap        ] GC(1416) Survivor regions: 46->43(77)
[7599.706s][info][gc,heap        ] GC(1416) Old regions: 172->179
[7599.706s][info][gc,heap        ] GC(1416) Humongous regions: 33->33
[7599.706s][info][gc,metaspace   ] GC(1416) Metaspace: 29995K(30144K)->29995K(30144K) NonClass: 29995K(30144K)->29995K(30144K) Class: 0K(0K)->0K(0K)
[7599.706s][info][gc             ] GC(1416) Pause Young (Normal) (G1 Evacuation Pause) 6531M->2022M(8192M) 153.055ms
[7599.706s][info][gc,cpu         ] GC(1416) User=1.22s Sys=0.00s Real=0.15s
...[7602.466s][info][gc,start       ] GC(1417) Pause Young (Normal) (G1 Evacuation Pause)
[7602.466s][info][gc,task        ] GC(1417) Using 8 workers of 8 for evacuation
[7602.625s][info][gc,phases      ] GC(1417)   Pre Evacuate Collection Set: 0.23ms
[7602.625s][info][gc,phases      ] GC(1417)   Merge Heap Roots: 0.51ms
[7602.625s][info][gc,phases      ] GC(1417)   Evacuate Collection Set: 156.54ms
[7602.625s][info][gc,phases      ] GC(1417)   Post Evacuate Collection Set: 1.06ms
[7602.625s][info][gc,phases      ] GC(1417)   Other: 0.06ms
[7602.625s][info][gc,heap        ] GC(1417) Eden regions: 571->0(569)
[7602.625s][info][gc,heap        ] GC(1417) Survivor regions: 43->45(77)
[7602.625s][info][gc,heap        ] GC(1417) Old regions: 179->186
[7602.625s][info][gc,heap        ] GC(1417) Humongous regions: 33->33
[7602.625s][info][gc,metaspace   ] GC(1417) Metaspace: 29995K(30144K)->29995K(30144K) NonClass: 29995K(30144K)->29995K(30144K) Class: 0K(0K)->0K(0K)
[7602.625s][info][gc             ] GC(1417) Pause Young (Normal) (G1 Evacuation Pause) 6590M->2098M(8192M) 158.524ms
[7602.625s][info][gc,cpu         ] GC(1417) User=1.25s Sys=0.00s Real=0.16s
.|..[7605.413s][info][gc,start       ] GC(1418) Pause Young (Normal) (G1 Evacuation Pause)
[7605.413s][info][gc,task        ] GC(1418) Using 8 workers of 8 for evacuation
[7605.568s][info][gc,phases      ] GC(1418)   Pre Evacuate Collection Set: 0.22ms
[7605.568s][info][gc,phases      ] GC(1418)   Merge Heap Roots: 0.50ms
[7605.568s][info][gc,phases      ] GC(1418)   Evacuate Collection Set: 153.05ms
[7605.568s][info][gc,phases      ] GC(1418)   Post Evacuate Collection Set: 1.05ms
[7605.568s][info][gc,phases      ] GC(1418)   Other: 0.06ms
[7605.568s][info][gc,heap        ] GC(1418) Eden regions: 569->0(570)
[7605.568s][info][gc,heap        ] GC(1418) Survivor regions: 45->44(77)
[7605.568s][info][gc,heap        ] GC(1418) Old regions: 186->193
[7605.568s][info][gc,heap        ] GC(1418) Humongous regions: 33->33
[7605.568s][info][gc,metaspace   ] GC(1418) Metaspace: 29995K(30144K)->29995K(30144K) NonClass: 29995K(30144K)->29995K(30144K) Class: 0K(0K)->0K(0K)
[7605.568s][info][gc             ] GC(1418) Pause Young (Normal) (G1 Evacuation Pause) 6650M->2147M(8192M) 155.017ms
[7605.568s][info][gc,cpu         ] GC(1418) User=1.23s Sys=0.00s Real=0.16s
..[7608.361s][info][gc,start       ] GC(1419) Pause Young (Normal) (G1 Evacuation Pause)
[7608.361s][info][gc,task        ] GC(1419) Using 8 workers of 8 for evacuation
[7608.510s][info][gc,phases      ] GC(1419)   Pre Evacuate Collection Set: 0.23ms
[7608.510s][info][gc,phases      ] GC(1419)   Merge Heap Roots: 0.51ms
[7608.510s][info][gc,phases      ] GC(1419)   Evacuate Collection Set: 147.09ms
[7608.510s][info][gc,phases      ] GC(1419)   Post Evacuate Collection Set: 1.02ms
[7608.510s][info][gc,phases      ] GC(1419)   Other: 0.06ms
[7608.510s][info][gc,heap        ] GC(1419) Eden regions: 570->0(571)
[7608.510s][info][gc,heap        ] GC(1419) Survivor regions: 44->43(77)
[7608.510s][info][gc,heap        ] GC(1419) Old regions: 193->201
[7608.510s][info][gc,heap        ] GC(1419) Humongous regions: 33->33
[7608.510s][info][gc,metaspace   ] GC(1419) Metaspace: 29995K(30144K)->29995K(30144K) NonClass: 29995K(30144K)->29995K(30144K) Class: 0K(0K)->0K(0K)
[7608.510s][info][gc             ] GC(1419) Pause Young (Normal) (G1 Evacuation Pause) 6707M->2198M(8192M) 149.045ms
[7608.510s][info][gc,cpu         ] GC(1419) User=1.18s Sys=0.00s Real=0.15s
...[7611.335s][info][gc,start       ] GC(1420) Pause Young (Normal) (G1 Evacuation Pause)
[7611.335s][info][gc,task        ] GC(1420) Using 8 workers of 8 for evacuation
[7611.485s][info][gc,phases      ] GC(1420)   Pre Evacuate Collection Set: 0.22ms
[7611.485s][info][gc,phases      ] GC(1420)   Merge Heap Roots: 0.52ms
[7611.485s][info][gc,phases      ] GC(1420)   Evacuate Collection Set: 147.48ms
[7611.485s][info][gc,phases      ] GC(1420)   Post Evacuate Collection Set: 1.04ms
[7611.485s][info][gc,phases      ] GC(1420)   Other: 0.06ms
[7611.485s][info][gc,heap        ] GC(1420) Eden regions: 571->0(571)
[7611.485s][info][gc,heap        ] GC(1420) Survivor regions: 43->43(77)
[7611.485s][info][gc,heap        ] GC(1420) Old regions: 201->208
[7611.485s][info][gc,heap        ] GC(1420) Humongous regions: 33->33
[7611.485s][info][gc,metaspace   ] GC(1420) Metaspace: 29995K(30144K)->29995K(30144K) NonClass: 29995K(30144K)->29995K(30144K) Class: 0K(0K)->0K(0K)
[7611.485s][info][gc             ] GC(1420) Pause Young (Normal) (G1 Evacuation Pause) 6766M->2256M(8192M) 149.452ms
[7611.485s][info][gc,cpu         ] GC(1420) User=1.18s Sys=0.00s Real=0.15s
...[7614.256s][info][gc,start       ] GC(1421) Pause Young (Normal) (G1 Evacuation Pause)
[7614.256s][info][gc,task        ] GC(1421) Using 8 workers of 8 for evacuation
[7614.414s][info][gc,phases      ] GC(1421)   Pre Evacuate Collection Set: 0.22ms
[7614.414s][info][gc,phases      ] GC(1421)   Merge Heap Roots: 0.51ms
[7614.414s][info][gc,phases      ] GC(1421)   Evacuate Collection Set: 156.02ms
[7614.414s][info][gc,phases      ] GC(1421)   Post Evacuate Collection Set: 1.04ms
[7614.414s][info][gc,phases      ] GC(1421)   Other: 0.06ms
[7614.414s][info][gc,heap        ] GC(1421) Eden regions: 571->0(568)
[7614.414s][info][gc,heap        ] GC(1421) Survivor regions: 43->46(77)
[7614.414s][info][gc,heap        ] GC(1421) Old regions: 208->215
[7614.414s][info][gc,heap        ] GC(1421) Humongous regions: 33->33
[7614.414s][info][gc,metaspace   ] GC(1421) Metaspace: 29995K(30144K)->29995K(30144K) NonClass: 29995K(30144K)->29995K(30144K) Class: 0K(0K)->0K(0K)
[7614.414s][info][gc             ] GC(1421) Pause Young (Normal) (G1 Evacuation Pause) 6824M->2337M(8192M) 157.968ms
[7614.414s][info][gc,cpu         ] GC(1421) User=1.25s Sys=0.00s Real=0.16s
...[7617.174s][info][gc,start       ] GC(1422) Pause Young (Normal) (G1 Evacuation Pause)
[7617.174s][info][gc,task        ] GC(1422) Using 8 workers of 8 for evacuation
[7617.326s][info][gc,phases      ] GC(1422)   Pre Evacuate Collection Set: 0.23ms
[7617.326s][info][gc,phases      ] GC(1422)   Merge Heap Roots: 0.52ms
[7617.326s][info][gc,phases      ] GC(1422)   Evacuate Collection Set: 150.96ms
[7617.326s][info][gc,phases      ] GC(1422)   Post Evacuate Collection Set: 1.04ms
[7617.326s][info][gc,phases      ] GC(1422)   Other: 0.06ms
[7617.326s][info][gc,heap        ] GC(1422) Eden regions: 568->0(570)
[7617.326s][info][gc,heap        ] GC(1422) Survivor regions: 46->44(77)
[7617.326s][info][gc,heap        ] GC(1422) Old regions: 215->222
[7617.326s][info][gc,heap        ] GC(1422) Humongous regions: 33->33
[7617.326s][info][gc,metaspace   ] GC(1422) Metaspace: 29995K(30144K)->29995K(30144K) NonClass: 29995K(30144K)->29995K(30144K) Class: 0K(0K)->0K(0K)
[7617.326s][info][gc             ] GC(1422) Pause Young (Normal) (G1 Evacuation Pause) 6881M->2373M(8192M) 152.932ms
[7617.327s][info][gc,cpu         ] GC(1422) User=1.21s Sys=0.00s Real=0.15s
...[7620.157s][info][gc,start       ] GC(1423) Pause Young (Normal) (G1 Evacuation Pause)
[7620.157s][info][gc,task        ] GC(1423) Using 8 workers of 8 for evacuation
[7620.307s][info][gc,phases      ] GC(1423)   Pre Evacuate Collection Set: 0.23ms
[7620.307s][info][gc,phases      ] GC(1423)   Merge Heap Roots: 0.52ms
[7620.307s][info][gc,phases      ] GC(1423)   Evacuate Collection Set: 148.24ms
[7620.307s][info][gc,phases      ] GC(1423)   Post Evacuate Collection Set: 1.04ms
[7620.307s][info][gc,phases      ] GC(1423)   Other: 0.06ms
[7620.307s][info][gc,heap        ] GC(1423) Eden regions: 570->0(571)
[7620.307s][info][gc,heap        ] GC(1423) Survivor regions: 44->43(77)
[7620.307s][info][gc,heap        ] GC(1423) Old regions: 222->230
[7620.307s][info][gc,heap        ] GC(1423) Humongous regions: 33->33
[7620.307s][info][gc,metaspace   ] GC(1423) Metaspace: 29995K(30144K)->29995K(30144K) NonClass: 29995K(30144K)->29995K(30144K) Class: 0K(0K)->0K(0K)
[7620.307s][info][gc             ] GC(1423) Pause Young (Normal) (G1 Evacuation Pause) 6933M->2430M(8192M) 150.210ms
[7620.307s][info][gc,cpu         ] GC(1423) User=1.19s Sys=0.00s Real=0.15s
...[7623.175s][info][gc,start       ] GC(1424) Pause Young (Normal) (G1 Evacuation Pause)
[7623.175s][info][gc,task        ] GC(1424) Using 8 workers of 8 for evacuation
[7623.334s][info][gc,phases      ] GC(1424)   Pre Evacuate Collection Set: 0.23ms
[7623.334s][info][gc,phases      ] GC(1424)   Merge Heap Roots: 0.53ms
[7623.334s][info][gc,phases      ] GC(1424)   Evacuate Collection Set: 157.05ms
[7623.334s][info][gc,phases      ] GC(1424)   Post Evacuate Collection Set: 1.04ms
[7623.334s][info][gc,phases      ] GC(1424)   Other: 0.06ms
[7623.334s][info][gc,heap        ] GC(1424) Eden regions: 571->0(569)
[7623.334s][info][gc,heap        ] GC(1424) Survivor regions: 43->45(77)
[7623.334s][info][gc,heap        ] GC(1424) Old regions: 230->237
[7623.334s][info][gc,heap        ] GC(1424) Humongous regions: 33->33
[7623.334s][info][gc,metaspace   ] GC(1424) Metaspace: 29995K(30144K)->29995K(30144K) NonClass: 29995K(30144K)->29995K(30144K) Class: 0K(0K)->0K(0K)
[7623.334s][info][gc             ] GC(1424) Pause Young (Normal) (G1 Evacuation Pause) 6998M->2502M(8192M) 159.041ms
[7623.334s][info][gc,cpu         ] GC(1424) User=1.26s Sys=0.00s Real=0.16s
...[7626.195s][info][gc,start       ] GC(1425) Pause Young (Normal) (G1 Evacuation Pause)
[7626.195s][info][gc,task        ] GC(1425) Using 8 workers of 8 for evacuation
[7626.356s][info][gc,phases      ] GC(1425)   Pre Evacuate Collection Set: 0.22ms
[7626.356s][info][gc,phases      ] GC(1425)   Merge Heap Roots: 0.52ms
[7626.356s][info][gc,phases      ] GC(1425)   Evacuate Collection Set: 158.55ms
[7626.356s][info][gc,phases      ] GC(1425)   Post Evacuate Collection Set: 1.03ms
[7626.356s][info][gc,phases      ] GC(1425)   Other: 0.06ms
[7626.356s][info][gc,heap        ] GC(1425) Eden regions: 569->0(569)
[7626.356s][info][gc,heap        ] GC(1425) Survivor regions: 45->45(77)
[7626.356s][info][gc,heap        ] GC(1425) Old regions: 237->244
[7626.356s][info][gc,heap        ] GC(1425) Humongous regions: 33->33
[7626.356s][info][gc,metaspace   ] GC(1425) Metaspace: 29995K(30144K)->29995K(30144K) NonClass: 29995K(30144K)->29995K(30144K) Class: 0K(0K)->0K(0K)
[7626.356s][info][gc             ] GC(1425) Pause Young (Normal) (G1 Evacuation Pause) 7054M->2563M(8192M) 160.529ms
[7626.356s][info][gc,cpu         ] GC(1425) User=1.27s Sys=0.00s Real=0.16s
...[7629.121s][info][gc,start       ] GC(1426) Pause Young (Normal) (G1 Evacuation Pause)
[7629.121s][info][gc,task        ] GC(1426) Using 8 workers of 8 for evacuation
[7629.273s][info][gc,phases      ] GC(1426)   Pre Evacuate Collection Set: 0.23ms
[7629.273s][info][gc,phases      ] GC(1426)   Merge Heap Roots: 0.51ms
[7629.273s][info][gc,phases      ] GC(1426)   Evacuate Collection Set: 149.92ms
[7629.273s][info][gc,phases      ] GC(1426)   Post Evacuate Collection Set: 1.01ms
[7629.273s][info][gc,phases      ] GC(1426)   Other: 0.06ms
[7629.273s][info][gc,heap        ] GC(1426) Eden regions: 569->0(570)
[7629.273s][info][gc,heap        ] GC(1426) Survivor regions: 45->44(77)
[7629.273s][info][gc,heap        ] GC(1426) Old regions: 244->252
[7629.273s][info][gc,heap        ] GC(1426) Humongous regions: 33->33
[7629.273s][info][gc,metaspace   ] GC(1426) Metaspace: 29995K(30144K)->29995K(30144K) NonClass: 29995K(30144K)->29995K(30144K) Class: 0K(0K)->0K(0K)
[7629.273s][info][gc             ] GC(1426) Pause Young (Normal) (G1 Evacuation Pause) 7115M->2611M(8192M) 151.873ms
[7629.273s][info][gc,cpu         ] GC(1426) User=1.20s Sys=0.00s Real=0.15s
...[7632.095s][info][gc,start       ] GC(1427) Pause Young (Normal) (G1 Evacuation Pause)
[7632.095s][info][gc,task        ] GC(1427) Using 8 workers of 8 for evacuation
[7632.244s][info][gc,phases      ] GC(1427)   Pre Evacuate Collection Set: 0.23ms
[7632.244s][info][gc,phases      ] GC(1427)   Merge Heap Roots: 0.51ms
[7632.244s][info][gc,phases      ] GC(1427)   Evacuate Collection Set: 146.67ms
[7632.244s][info][gc,phases      ] GC(1427)   Post Evacuate Collection Set: 1.09ms
[7632.244s][info][gc,phases      ] GC(1427)   Other: 0.06ms
[7632.244s][info][gc,heap        ] GC(1427) Eden regions: 570->0(571)
[7632.244s][info][gc,heap        ] GC(1427) Survivor regions: 44->43(77)
[7632.244s][info][gc,heap        ] GC(1427) Old regions: 252->259
[7632.244s][info][gc,heap        ] GC(1427) Humongous regions: 33->33
[7632.244s][info][gc,metaspace   ] GC(1427) Metaspace: 29998K(30144K)->29998K(30144K) NonClass: 29998K(30144K)->29998K(30144K) Class: 0K(0K)->0K(0K)
[7632.244s][info][gc             ] GC(1427) Pause Young (Normal) (G1 Evacuation Pause) 7171M->2667M(8192M) 148.691ms
[7632.244s][info][gc,cpu         ] GC(1427) User=1.17s Sys=0.00s Real=0.15s
...[7635.024s][info][gc,start       ] GC(1428) Pause Young (Normal) (G1 Evacuation Pause)
[7635.024s][info][gc,task        ] GC(1428) Using 8 workers of 8 for evacuation
[7635.177s][info][gc,phases      ] GC(1428)   Pre Evacuate Collection Set: 0.24ms
[7635.177s][info][gc,phases      ] GC(1428)   Merge Heap Roots: 0.55ms
[7635.177s][info][gc,phases      ] GC(1428)   Evacuate Collection Set: 151.42ms
[7635.177s][info][gc,phases      ] GC(1428)   Post Evacuate Collection Set: 1.11ms
[7635.177s][info][gc,phases      ] GC(1428)   Other: 0.06ms
[7635.177s][info][gc,heap        ] GC(1428) Eden regions: 571->0(570)
[7635.177s][info][gc,heap        ] GC(1428) Survivor regions: 43->44(77)
[7635.177s][info][gc,heap        ] GC(1428) Old regions: 259->267
[7635.177s][info][gc,heap        ] GC(1428) Humongous regions: 33->33
[7635.177s][info][gc,metaspace   ] GC(1428) Metaspace: 29998K(30144K)->29998K(30144K) NonClass: 29998K(30144K)->29998K(30144K) Class: 0K(0K)->0K(0K)
[7635.177s][info][gc             ] GC(1428) Pause Young (Normal) (G1 Evacuation Pause) 7235M->2730M(8192M) 153.502ms
[7635.177s][info][gc,cpu         ] GC(1428) User=1.22s Sys=0.00s Real=0.16s
...[7637.994s][info][gc,start       ] GC(1429) Pause Young (Normal) (G1 Evacuation Pause)
[7637.994s][info][gc,task        ] GC(1429) Using 8 workers of 8 for evacuation
[7638.143s][info][gc,phases      ] GC(1429)   Pre Evacuate Collection Set: 0.23ms
[7638.143s][info][gc,phases      ] GC(1429)   Merge Heap Roots: 0.52ms
[7638.143s][info][gc,phases      ] GC(1429)   Evacuate Collection Set: 147.32ms
[7638.143s][info][gc,phases      ] GC(1429)   Post Evacuate Collection Set: 1.03ms
[7638.143s][info][gc,phases      ] GC(1429)   Other: 0.06ms
[7638.143s][info][gc,heap        ] GC(1429) Eden regions: 570->0(571)
[7638.143s][info][gc,heap        ] GC(1429) Survivor regions: 44->43(77)
[7638.143s][info][gc,heap        ] GC(1429) Old regions: 267->274
[7638.143s][info][gc,heap        ] GC(1429) Humongous regions: 33->33
[7638.143s][info][gc,metaspace   ] GC(1429) Metaspace: 29998K(30144K)->29998K(30144K) NonClass: 29998K(30144K)->29998K(30144K) Class: 0K(0K)->0K(0K)
[7638.143s][info][gc             ] GC(1429) Pause Young (Normal) (G1 Evacuation Pause) 7290M->2782M(8192M) 149.288ms
[7638.143s][info][gc,cpu         ] GC(1429) User=1.18s Sys=0.00s Real=0.15s
...[7640.937s][info][gc,start       ] GC(1430) Pause Young (Normal) (G1 Evacuation Pause)
[7640.937s][info][gc,task        ] GC(1430) Using 8 workers of 8 for evacuation
[7641.086s][info][gc,phases      ] GC(1430)   Pre Evacuate Collection Set: 0.22ms
[7641.086s][info][gc,phases      ] GC(1430)   Merge Heap Roots: 0.52ms
[7641.086s][info][gc,phases      ] GC(1430)   Evacuate Collection Set: 147.44ms
[7641.086s][info][gc,phases      ] GC(1430)   Post Evacuate Collection Set: 1.07ms
[7641.086s][info][gc,phases      ] GC(1430)   Other: 0.06ms
[7641.086s][info][gc,heap        ] GC(1430) Eden regions: 571->0(570)
[7641.086s][info][gc,heap        ] GC(1430) Survivor regions: 43->44(77)
[7641.086s][info][gc,heap        ] GC(1430) Old regions: 274->281
[7641.086s][info][gc,heap        ] GC(1430) Humongous regions: 33->33
[7641.086s][info][gc,metaspace   ] GC(1430) Metaspace: 29998K(30144K)->29998K(30144K) NonClass: 29998K(30144K)->29998K(30144K) Class: 0K(0K)->0K(0K)
[7641.086s][info][gc             ] GC(1430) Pause Young (Normal) (G1 Evacuation Pause) 7350M->2843M(8192M) 149.442ms
[7641.086s][info][gc,cpu         ] GC(1430) User=1.18s Sys=0.00s Real=0.15s
...[7643.843s][info][gc,start       ] GC(1431) Pause Young (Normal) (G1 Evacuation Pause)
[7643.843s][info][gc,task        ] GC(1431) Using 8 workers of 8 for evacuation
[7643.997s][info][gc,phases      ] GC(1431)   Pre Evacuate Collection Set: 0.22ms
[7643.997s][info][gc,phases      ] GC(1431)   Merge Heap Roots: 0.52ms
[7643.997s][info][gc,phases      ] GC(1431)   Evacuate Collection Set: 151.86ms
[7643.997s][info][gc,phases      ] GC(1431)   Post Evacuate Collection Set: 1.01ms
[7643.997s][info][gc,phases      ] GC(1431)   Other: 0.06ms
[7643.997s][info][gc,heap        ] GC(1431) Eden regions: 570->0(563)
[7643.997s][info][gc,heap        ] GC(1431) Survivor regions: 44->44(77)
[7643.997s][info][gc,heap        ] GC(1431) Old regions: 281->288
[7643.997s][info][gc,heap        ] GC(1431) Humongous regions: 33->33
[7643.997s][info][gc,metaspace   ] GC(1431) Metaspace: 29998K(30144K)->29998K(30144K) NonClass: 29998K(30144K)->29998K(30144K) Class: 0K(0K)->0K(0K)
[7643.997s][info][gc             ] GC(1431) Pause Young (Normal) (G1 Evacuation Pause) 7403M->2906M(8192M) 153.805ms
[7643.997s][info][gc,cpu         ] GC(1431) User=1.22s Sys=0.00s Real=0.15s
...[7646.770s][info][gc,start       ] GC(1432) Pause Young (Normal) (G1 Evacuation Pause)
[7646.770s][info][gc,task        ] GC(1432) Using 8 workers of 8 for evacuation
[7646.916s][info][gc,phases      ] GC(1432)   Pre Evacuate Collection Set: 0.22ms
[7646.916s][info][gc,phases      ] GC(1432)   Merge Heap Roots: 0.51ms
[7646.916s][info][gc,phases      ] GC(1432)   Evacuate Collection Set: 145.00ms
[7646.916s][info][gc,phases      ] GC(1432)   Post Evacuate Collection Set: 1.04ms
[7646.916s][info][gc,phases      ] GC(1432)   Other: 0.06ms
[7646.916s][info][gc,heap        ] GC(1432) Eden regions: 563->0(558)
[7646.916s][info][gc,heap        ] GC(1432) Survivor regions: 44->43(76)
[7646.916s][info][gc,heap        ] GC(1432) Old regions: 288->295
[7646.916s][info][gc,heap        ] GC(1432) Humongous regions: 33->33
[7646.916s][info][gc,metaspace   ] GC(1432) Metaspace: 29998K(30144K)->29998K(30144K) NonClass: 29998K(30144K)->29998K(30144K) Class: 0K(0K)->0K(0K)
[7646.917s][info][gc             ] GC(1432) Pause Young (Normal) (G1 Evacuation Pause) 7410M->2951M(8192M) 146.972ms
[7646.917s][info][gc,cpu         ] GC(1432) User=1.17s Sys=0.00s Real=0.14s
...[7649.724s][info][gc,start       ] GC(1433) Pause Young (Normal) (G1 Evacuation Pause)
[7649.725s][info][gc,task        ] GC(1433) Using 8 workers of 8 for evacuation
[7649.870s][info][gc,phases      ] GC(1433)   Pre Evacuate Collection Set: 0.24ms
[7649.870s][info][gc,phases      ] GC(1433)   Merge Heap Roots: 0.56ms
[7649.870s][info][gc,phases      ] GC(1433)   Evacuate Collection Set: 143.10ms
[7649.870s][info][gc,phases      ] GC(1433)   Post Evacuate Collection Set: 1.01ms
[7649.870s][info][gc,phases      ] GC(1433)   Other: 0.06ms
[7649.870s][info][gc,heap        ] GC(1433) Eden regions: 558->0(555)
[7649.870s][info][gc,heap        ] GC(1433) Survivor regions: 43->41(76)
[7649.870s][info][gc,heap        ] GC(1433) Old regions: 295->302
[7649.870s][info][gc,heap        ] GC(1433) Humongous regions: 33->33
[7649.870s][info][gc,metaspace   ] GC(1433) Metaspace: 29998K(30144K)->29998K(30144K) NonClass: 29998K(30144K)->29998K(30144K) Class: 0K(0K)->0K(0K)
[7649.870s][info][gc             ] GC(1433) Pause Young (Normal) (G1 Evacuation Pause) 7415M->2995M(8192M) 145.133ms
[7649.870s][info][gc,cpu         ] GC(1433) User=1.15s Sys=0.00s Real=0.15s
...[7652.609s][info][gc,start       ] GC(1434) Pause Young (Normal) (G1 Evacuation Pause)
[7652.609s][info][gc,task        ] GC(1434) Using 8 workers of 8 for evacuation
[7652.760s][info][gc,phases      ] GC(1434)   Pre Evacuate Collection Set: 0.23ms
[7652.760s][info][gc,phases      ] GC(1434)   Merge Heap Roots: 0.55ms
[7652.760s][info][gc,phases      ] GC(1434)   Evacuate Collection Set: 148.78ms
[7652.760s][info][gc,phases      ] GC(1434)   Post Evacuate Collection Set: 1.01ms
[7652.760s][info][gc,phases      ] GC(1434)   Other: 0.09ms
[7652.760s][info][gc,heap        ] GC(1434) Eden regions: 555->0(541)
[7652.760s][info][gc,heap        ] GC(1434) Survivor regions: 41->44(75)
[7652.760s][info][gc,heap        ] GC(1434) Old regions: 302->310
[7652.760s][info][gc,heap        ] GC(1434) Humongous regions: 33->33
[7652.760s][info][gc,metaspace   ] GC(1434) Metaspace: 29998K(30144K)->29998K(30144K) NonClass: 29998K(30144K)->29998K(30144K) Class: 0K(0K)->0K(0K)
[7652.760s][info][gc             ] GC(1434) Pause Young (Normal) (G1 Evacuation Pause) 7435M->3077M(8192M) 150.789ms
[7652.760s][info][gc,cpu         ] GC(1434) User=1.20s Sys=0.00s Real=0.15s
..[7655.384s][info][gc,start       ] GC(1435) Pause Young (Concurrent Start) (G1 Evacuation Pause)
[7655.384s][info][gc,task        ] GC(1435) Using 8 workers of 8 for evacuation
[7655.534s][info][gc,phases      ] GC(1435)   Pre Evacuate Collection Set: 0.27ms
[7655.534s][info][gc,phases      ] GC(1435)   Merge Heap Roots: 0.50ms
[7655.534s][info][gc,phases      ] GC(1435)   Evacuate Collection Set: 148.37ms
[7655.534s][info][gc,phases      ] GC(1435)   Post Evacuate Collection Set: 1.01ms
[7655.534s][info][gc,phases      ] GC(1435)   Other: 0.07ms
[7655.534s][info][gc,heap        ] GC(1435) Eden regions: 541->0(535)
[7655.534s][info][gc,heap        ] GC(1435) Survivor regions: 44->43(74)
[7655.534s][info][gc,heap        ] GC(1435) Old regions: 310->318
[7655.534s][info][gc,heap        ] GC(1435) Humongous regions: 33->33
[7655.534s][info][gc,metaspace   ] GC(1435) Metaspace: 29998K(30144K)->29998K(30144K) NonClass: 29998K(30144K)->29998K(30144K) Class: 0K(0K)->0K(0K)
[7655.534s][info][gc             ] GC(1435) Pause Young (Concurrent Start) (G1 Evacuation Pause) 7405M->3133M(8192M) 150.356ms
[7655.534s][info][gc             ] GC(1436) Concurrent Mark Cycle
[7655.534s][info][gc,marking     ] GC(1436) Concurrent Scan Root Regions
[7655.534s][info][gc,cpu         ] GC(1435) User=1.19s Sys=0.00s Real=0.15s
.[7655.796s][info][gc,marking     ] GC(1436) Concurrent Scan Root Regions 262.148ms
[7655.796s][info][gc,marking     ] GC(1436) Concurrent Mark
[7655.796s][info][gc,marking     ] GC(1436) Concurrent Mark From Roots
[7655.796s][info][gc,task        ] GC(1436) Using 2 workers of 2 for marking
.[7656.960s][info][gc,marking     ] GC(1436) Concurrent Mark From Roots 1163.370ms
[7656.960s][info][gc,marking     ] GC(1436) Concurrent Preclean
[7656.960s][info][gc,marking     ] GC(1436) Concurrent Preclean 0.110ms
[7656.960s][info][gc,start       ] GC(1436) Pause Remark
[7656.963s][info][gc             ] GC(1436) Pause Remark 4741M->4213M(8192M) 2.968ms
[7656.963s][info][gc,cpu         ] GC(1436) User=0.02s Sys=0.00s Real=0.00s
[7656.963s][info][gc,marking     ] GC(1436) Concurrent Mark 1166.752ms
[7656.963s][info][gc,marking     ] GC(1436) Concurrent Rebuild Remembered Sets and Scrub Regions
.[7657.778s][info][gc,marking     ] GC(1436) Concurrent Rebuild Remembered Sets and Scrub Regions 814.841ms
[7657.778s][info][gc,start       ] GC(1436) Pause Cleanup
[7657.778s][info][gc             ] GC(1436) Pause Cleanup 5306M->5306M(8192M) 0.263ms
[7657.778s][info][gc,cpu         ] GC(1436) User=0.00s Sys=0.00s Real=0.00s
[7657.778s][info][gc,marking     ] GC(1436) Concurrent Clear Claimed Marks
[7657.778s][info][gc,marking     ] GC(1436) Concurrent Clear Claimed Marks 0.041ms
[7657.778s][info][gc,marking     ] GC(1436) Concurrent Cleanup for Next Mark
[7657.790s][info][gc,marking     ] GC(1436) Concurrent Cleanup for Next Mark 11.715ms
[7657.790s][info][gc             ] GC(1436) Concurrent Mark Cycle 2256.161ms
.[7658.774s][info][gc,start       ] GC(1437) Pause Young (Prepare Mixed) (G1 Evacuation Pause)
[7658.774s][info][gc,task        ] GC(1437) Using 8 workers of 8 for evacuation
[7658.927s][info][gc,phases      ] GC(1437)   Pre Evacuate Collection Set: 0.22ms
[7658.927s][info][gc,phases      ] GC(1437)   Merge Heap Roots: 0.72ms
[7658.927s][info][gc,phases      ] GC(1437)   Evacuate Collection Set: 150.57ms
[7658.927s][info][gc,phases      ] GC(1437)   Post Evacuate Collection Set: 1.16ms
[7658.927s][info][gc,phases      ] GC(1437)   Other: 0.07ms
[7658.927s][info][gc,heap        ] GC(1437) Eden regions: 535->0(570)
[7658.927s][info][gc,heap        ] GC(1437) Survivor regions: 43->44(73)
[7658.927s][info][gc,heap        ] GC(1437) Old regions: 252->259
[7658.927s][info][gc,heap        ] GC(1437) Humongous regions: 33->33
[7658.927s][info][gc,metaspace   ] GC(1437) Metaspace: 29998K(30144K)->29998K(30144K) NonClass: 29998K(30144K)->29998K(30144K) Class: 0K(0K)->0K(0K)
[7658.927s][info][gc             ] GC(1437) Pause Young (Prepare Mixed) (G1 Evacuation Pause) 6885M->2671M(8192M) 152.872ms
[7658.927s][info][gc,cpu         ] GC(1437) User=1.21s Sys=0.00s Real=0.16s
...[7661.644s][info][gc,start       ] GC(1438) Pause Young (Mixed) (G1 Evacuation Pause)
[7661.644s][info][gc,task        ] GC(1438) Using 8 workers of 8 for evacuation
[7661.796s][info][gc,phases      ] GC(1438)   Pre Evacuate Collection Set: 0.27ms
[7661.796s][info][gc,phases      ] GC(1438)   Merge Heap Roots: 0.78ms
[7661.796s][info][gc,phases      ] GC(1438)   Evacuate Collection Set: 149.30ms
[7661.796s][info][gc,phases      ] GC(1438)   Post Evacuate Collection Set: 1.33ms
[7661.796s][info][gc,phases      ] GC(1438)   Other: 0.07ms
[7661.796s][info][gc,heap        ] GC(1438) Eden regions: 570->0(573)
[7661.796s][info][gc,heap        ] GC(1438) Survivor regions: 44->41(77)
[7661.796s][info][gc,heap        ] GC(1438) Old regions: 259->165
[7661.796s][info][gc,heap        ] GC(1438) Humongous regions: 33->33
[7661.796s][info][gc,metaspace   ] GC(1438) Metaspace: 29998K(30144K)->29998K(30144K) NonClass: 29998K(30144K)->29998K(30144K) Class: 0K(0K)->0K(0K)
[7661.796s][info][gc             ] GC(1438) Pause Young (Mixed) (G1 Evacuation Pause) 7231M->1894M(8192M) 151.892ms
[7661.796s][info][gc,cpu         ] GC(1438) User=1.21s Sys=0.00s Real=0.15s
...[7664.573s][info][gc,start       ] GC(1439) Pause Young (Mixed) (G1 Evacuation Pause)
[7664.573s][info][gc,task        ] GC(1439) Using 8 workers of 8 for evacuation
[7664.742s][info][gc,phases      ] GC(1439)   Pre Evacuate Collection Set: 0.24ms
[7664.742s][info][gc,phases      ] GC(1439)   Merge Heap Roots: 0.87ms
[7664.742s][info][gc,phases      ] GC(1439)   Evacuate Collection Set: 166.58ms
[7664.742s][info][gc,phases      ] GC(1439)   Post Evacuate Collection Set: 1.08ms
[7664.742s][info][gc,phases      ] GC(1439)   Other: 0.06ms
[7664.742s][info][gc,heap        ] GC(1439) Eden regions: 573->0(569)
[7664.742s][info][gc,heap        ] GC(1439) Survivor regions: 41->45(77)
[7664.742s][info][gc,heap        ] GC(1439) Old regions: 165->144
[7664.742s][info][gc,heap        ] GC(1439) Humongous regions: 33->33
[7664.742s][info][gc,metaspace   ] GC(1439) Metaspace: 29998K(30144K)->29998K(30144K) NonClass: 29998K(30144K)->29998K(30144K) Class: 0K(0K)->0K(0K)
[7664.742s][info][gc             ] GC(1439) Pause Young (Mixed) (G1 Evacuation Pause) 6478M->1760M(8192M) 168.966ms
[7664.742s][info][gc,cpu         ] GC(1439) User=1.33s Sys=0.00s Real=0.17s
..[7667.548s][info][gc,start       ] GC(1440) Pause Young (Normal) (G1 Evacuation Pause)
[7667.548s][info][gc,task        ] GC(1440) Using 8 workers of 8 for evacuation
[7667.704s][info][gc,phases      ] GC(1440)   Pre Evacuate Collection Set: 0.25ms
[7667.704s][info][gc,phases      ] GC(1440)   Merge Heap Roots: 0.50ms
[7667.704s][info][gc,phases      ] GC(1440)   Evacuate Collection Set: 153.85ms
[7667.704s][info][gc,phases      ] GC(1440)   Post Evacuate Collection Set: 1.03ms
[7667.704s][info][gc,phases      ] GC(1440)   Other: 0.06ms
[7667.704s][info][gc,heap        ] GC(1440) Eden regions: 569->0(570)
[7667.704s][info][gc,heap        ] GC(1440) Survivor regions: 45->44(77)
[7667.704s][info][gc,heap        ] GC(1440) Old regions: 144->151
[7667.704s][info][gc,heap        ] GC(1440) Humongous regions: 33->33
[7667.704s][info][gc,metaspace   ] GC(1440) Metaspace: 29998K(30144K)->29998K(30144K) NonClass: 29998K(30144K)->29998K(30144K) Class: 0K(0K)->0K(0K)
[7667.704s][info][gc             ] GC(1440) Pause Young (Normal) (G1 Evacuation Pause) 6312M->1811M(8192M) 155.825ms
[7667.704s][info][gc,cpu         ] GC(1440) User=1.23s Sys=0.00s Real=0.15s
...[7670.433s][info][gc,start       ] GC(1441) Pause Young (Normal) (G1 Evacuation Pause)
[7670.433s][info][gc,task        ] GC(1441) Using 8 workers of 8 for evacuation
[7670.588s][info][gc,phases      ] GC(1441)   Pre Evacuate Collection Set: 0.21ms
[7670.588s][info][gc,phases      ] GC(1441)   Merge Heap Roots: 0.52ms
[7670.588s][info][gc,phases      ] GC(1441)   Evacuate Collection Set: 152.55ms
[7670.588s][info][gc,phases      ] GC(1441)   Post Evacuate Collection Set: 1.01ms
[7670.588s][info][gc,phases      ] GC(1441)   Other: 0.07ms
[7670.588s][info][gc,heap        ] GC(1441) Eden regions: 570->0(569)
[7670.588s][info][gc,heap        ] GC(1441) Survivor regions: 44->45(77)
[7670.588s][info][gc,heap        ] GC(1441) Old regions: 151->158
[7670.588s][info][gc,heap        ] GC(1441) Humongous regions: 33->33
[7670.588s][info][gc,metaspace   ] GC(1441) Metaspace: 29998K(30144K)->29998K(30144K) NonClass: 29998K(30144K)->29998K(30144K) Class: 0K(0K)->0K(0K)
[7670.588s][info][gc             ] GC(1441) Pause Young (Normal) (G1 Evacuation Pause) 6371M->1871M(8192M) 154.490ms
[7670.588s][info][gc,cpu         ] GC(1441) User=1.23s Sys=0.00s Real=0.16s
...[7673.294s][info][gc,start       ] GC(1442) Pause Young (Normal) (G1 Evacuation Pause)
[7673.294s][info][gc,task        ] GC(1442) Using 8 workers of 8 for evacuation
[7673.446s][info][gc,phases      ] GC(1442)   Pre Evacuate Collection Set: 0.22ms
[7673.446s][info][gc,phases      ] GC(1442)   Merge Heap Roots: 0.51ms
[7673.446s][info][gc,phases      ] GC(1442)   Evacuate Collection Set: 150.47ms
[7673.446s][info][gc,phases      ] GC(1442)   Post Evacuate Collection Set: 1.05ms
[7673.446s][info][gc,phases      ] GC(1442)   Other: 0.06ms
[7673.446s][info][gc,heap        ] GC(1442) Eden regions: 569->0(571)
[7673.446s][info][gc,heap        ] GC(1442) Survivor regions: 45->43(77)
[7673.446s][info][gc,heap        ] GC(1442) Old regions: 158->165
[7673.446s][info][gc,heap        ] GC(1442) Humongous regions: 33->33
[7673.446s][info][gc,metaspace   ] GC(1442) Metaspace: 29998K(30144K)->29998K(30144K) NonClass: 29998K(30144K)->29998K(30144K) Class: 0K(0K)->0K(0K)
[7673.446s][info][gc             ] GC(1442) Pause Young (Normal) (G1 Evacuation Pause) 6423M->1913M(8192M) 152.439ms
[7673.446s][info][gc,cpu         ] GC(1442) User=1.21s Sys=0.00s Real=0.15s
...[7676.272s][info][gc,start       ] GC(1443) Pause Young (Normal) (G1 Evacuation Pause)
[7676.272s][info][gc,task        ] GC(1443) Using 8 workers of 8 for evacuation
[7676.425s][info][gc,phases      ] GC(1443)   Pre Evacuate Collection Set: 0.21ms
[7676.425s][info][gc,phases      ] GC(1443)   Merge Heap Roots: 0.52ms
[7676.425s][info][gc,phases      ] GC(1443)   Evacuate Collection Set: 151.51ms
[7676.425s][info][gc,phases      ] GC(1443)   Post Evacuate Collection Set: 1.02ms
[7676.425s][info][gc,phases      ] GC(1443)   Other: 0.07ms
[7676.425s][info][gc,heap        ] GC(1443) Eden regions: 571->0(571)
[7676.425s][info][gc,heap        ] GC(1443) Survivor regions: 43->43(77)
[7676.425s][info][gc,heap        ] GC(1443) Old regions: 165->172
[7676.425s][info][gc,heap        ] GC(1443) Humongous regions: 33->33
[7676.425s][info][gc,metaspace   ] GC(1443) Metaspace: 29998K(30144K)->29998K(30144K) NonClass: 29998K(30144K)->29998K(30144K) Class: 0K(0K)->0K(0K)
[7676.425s][info][gc             ] GC(1443) Pause Young (Normal) (G1 Evacuation Pause) 6481M->1969M(8192M) 153.471ms
[7676.425s][info][gc,cpu         ] GC(1443) User=1.22s Sys=0.00s Real=0.15s
.. (rIR:aIR:PR = 13007:12945:12879) (tPR = 193004) [OK] 
  7677s: Performance info:
         Transaction,    Success,    Partial,     Failed,   Receipts, AvgBarcode, 
             Overall,     957072,          0,          0,     909093,      59.47, 
         Response times:
             Request,    Success,    Partial,     Failed,   SkipFail,     Probes,    Samples,      min,      p50,      p90,      p95,      p99,      max, 
       TotalPurchase,     913792,          0,          0,          0,     389711,     537638,      300,    79000,   275000,   368000,   557000,  6300000,
     InStorePurchase,     479830,          0,          0,          0,     202802,     282674,      300,    79000,   274000,   366000,   555000,  6300000,
      OnlinePurchase,     338265,          0,          0,          0,     144560,     198855,      400,    80000,   276000,   368000,   560000,  6300000,
        InstPurchase,      95697,          0,          0,          0,      42349,      56109,      500,    78000,   276000,   382000,   550000,  6300000,
          AssocOfCat,        968,          0,          0,          0,        801,       1166,    39000,   131000,   330300,   436650,   590650,   710000,
      AssocOfProduct,       9673,          0,          0,          0,       4424,       6202,      800,    78000,   265000,   330700,   516000,  3500000,
      BusinessReport,       2416,          0,          0,          0,       2038,       2851,    38000,   136000,   337800,   440000,   614800,  6300000,
          CustBuyBeh,       9570,          0,          0,          0,       4437,       6228,      700,    79000,   271000,   340000,   530710,  3100000,
       ProductReturn,      25518,          0,          0,          0,      10643,      14481,      500,    79000,   276000,   378000,   534180,  5200000,

  7677s: (95%)   IR =  13145 .[7679.170s][info][gc,start       ] GC(1444) Pause Young (Normal) (G1 Evacuation Pause)
[7679.170s][info][gc,task        ] GC(1444) Using 8 workers of 8 for evacuation
[7679.325s][info][gc,phases      ] GC(1444)   Pre Evacuate Collection Set: 0.21ms
[7679.325s][info][gc,phases      ] GC(1444)   Merge Heap Roots: 0.59ms
[7679.325s][info][gc,phases      ] GC(1444)   Evacuate Collection Set: 153.04ms
[7679.325s][info][gc,phases      ] GC(1444)   Post Evacuate Collection Set: 1.02ms
[7679.325s][info][gc,phases      ] GC(1444)   Other: 0.06ms
[7679.325s][info][gc,heap        ] GC(1444) Eden regions: 571->0(570)
[7679.325s][info][gc,heap        ] GC(1444) Survivor regions: 43->44(77)
[7679.325s][info][gc,heap        ] GC(1444) Old regions: 172->179
[7679.325s][info][gc,heap        ] GC(1444) Humongous regions: 33->33
[7679.325s][info][gc,metaspace   ] GC(1444) Metaspace: 29998K(30144K)->29998K(30144K) NonClass: 29998K(30144K)->29998K(30144K) Class: 0K(0K)->0K(0K)
[7679.325s][info][gc             ] GC(1444) Pause Young (Normal) (G1 Evacuation Pause) 6537M->2035M(8192M) 155.055ms
[7679.325s][info][gc,cpu         ] GC(1444) User=1.23s Sys=0.00s Real=0.15s
...[7682.106s][info][gc,start       ] GC(1445) Pause Young (Normal) (G1 Evacuation Pause)
[7682.106s][info][gc,task        ] GC(1445) Using 8 workers of 8 for evacuation
[7682.266s][info][gc,phases      ] GC(1445)   Pre Evacuate Collection Set: 0.22ms
[7682.266s][info][gc,phases      ] GC(1445)   Merge Heap Roots: 0.59ms
[7682.266s][info][gc,phases      ] GC(1445)   Evacuate Collection Set: 158.11ms
[7682.266s][info][gc,phases      ] GC(1445)   Post Evacuate Collection Set: 1.04ms
[7682.266s][info][gc,phases      ] GC(1445)   Other: 0.07ms
[7682.266s][info][gc,heap        ] GC(1445) Eden regions: 570->0(568)
[7682.266s][info][gc,heap        ] GC(1445) Survivor regions: 44->46(77)
[7682.266s][info][gc,heap        ] GC(1445) Old regions: 179->186
[7682.266s][info][gc,heap        ] GC(1445) Humongous regions: 33->33
[7682.266s][info][gc,metaspace   ] GC(1445) Metaspace: 29998K(30144K)->29998K(30144K) NonClass: 29998K(30144K)->29998K(30144K) Class: 0K(0K)->0K(0K)
[7682.266s][info][gc             ] GC(1445) Pause Young (Normal) (G1 Evacuation Pause) 6595M->2103M(8192M) 160.151ms
[7682.266s][info][gc,cpu         ] GC(1445) User=1.27s Sys=0.01s Real=0.16s
...[7685.016s][info][gc,start       ] GC(1446) Pause Young (Normal) (G1 Evacuation Pause)
[7685.016s][info][gc,task        ] GC(1446) Using 8 workers of 8 for evacuation
[7685.174s][info][gc,phases      ] GC(1446)   Pre Evacuate Collection Set: 0.24ms
[7685.174s][info][gc,phases      ] GC(1446)   Merge Heap Roots: 0.57ms
[7685.174s][info][gc,phases      ] GC(1446)   Evacuate Collection Set: 155.84ms
[7685.174s][info][gc,phases      ] GC(1446)   Post Evacuate Collection Set: 1.05ms
[7685.174s][info][gc,phases      ] GC(1446)   Other: 0.06ms
[7685.174s][info][gc,heap        ] GC(1446) Eden regions: 568->0(569)
[7685.174s][info][gc,heap        ] GC(1446) Survivor regions: 46->45(77)
[7685.174s][info][gc,heap        ] GC(1446) Old regions: 186->194
[7685.174s][info][gc,heap        ] GC(1446) Humongous regions: 33->33
[7685.174s][info][gc,metaspace   ] GC(1446) Metaspace: 29998K(30144K)->29998K(30144K) NonClass: 29998K(30144K)->29998K(30144K) Class: 0K(0K)->0K(0K)
[7685.174s][info][gc             ] GC(1446) Pause Young (Normal) (G1 Evacuation Pause) 6647M->2155M(8192M) 157.898ms
[7685.174s][info][gc,cpu         ] GC(1446) User=1.25s Sys=0.00s Real=0.16s
..[7687.950s][info][gc,start       ] GC(1447) Pause Young (Normal) (G1 Evacuation Pause)
[7687.950s][info][gc,task        ] GC(1447) Using 8 workers of 8 for evacuation
[7688.101s][info][gc,phases      ] GC(1447)   Pre Evacuate Collection Set: 0.23ms
[7688.101s][info][gc,phases      ] GC(1447)   Merge Heap Roots: 0.51ms
[7688.101s][info][gc,phases      ] GC(1447)   Evacuate Collection Set: 148.94ms
[7688.101s][info][gc,phases      ] GC(1447)   Post Evacuate Collection Set: 1.03ms
[7688.101s][info][gc,phases      ] GC(1447)   Other: 0.06ms
[7688.101s][info][gc,heap        ] GC(1447) Eden regions: 569->0(571)
[7688.101s][info][gc,heap        ] GC(1447) Survivor regions: 45->43(77)
[7688.101s][info][gc,heap        ] GC(1447) Old regions: 194->201
[7688.101s][info][gc,heap        ] GC(1447) Humongous regions: 33->33
[7688.101s][info][gc,metaspace   ] GC(1447) Metaspace: 29998K(30144K)->29998K(30144K) NonClass: 29998K(30144K)->29998K(30144K) Class: 0K(0K)->0K(0K)
[7688.101s][info][gc             ] GC(1447) Pause Young (Normal) (G1 Evacuation Pause) 6707M->2199M(8192M) 150.932ms
[7688.101s][info][gc,cpu         ] GC(1447) User=1.19s Sys=0.00s Real=0.15s
...[7690.898s][info][gc,start       ] GC(1448) Pause Young (Normal) (G1 Evacuation Pause)
[7690.898s][info][gc,task        ] GC(1448) Using 8 workers of 8 for evacuation
[7691.046s][info][gc,phases      ] GC(1448)   Pre Evacuate Collection Set: 0.21ms
[7691.046s][info][gc,phases      ] GC(1448)   Merge Heap Roots: 0.51ms
[7691.046s][info][gc,phases      ] GC(1448)   Evacuate Collection Set: 146.82ms
[7691.046s][info][gc,phases      ] GC(1448)   Post Evacuate Collection Set: 1.03ms
[7691.046s][info][gc,phases      ] GC(1448)   Other: 0.06ms
[7691.046s][info][gc,heap        ] GC(1448) Eden regions: 571->0(571)
[7691.046s][info][gc,heap        ] GC(1448) Survivor regions: 43->43(77)
[7691.046s][info][gc,heap        ] GC(1448) Old regions: 201->208
[7691.046s][info][gc,heap        ] GC(1448) Humongous regions: 33->33
[7691.046s][info][gc,metaspace   ] GC(1448) Metaspace: 29998K(30144K)->29998K(30144K) NonClass: 29998K(30144K)->29998K(30144K) Class: 0K(0K)->0K(0K)
[7691.046s][info][gc             ] GC(1448) Pause Young (Normal) (G1 Evacuation Pause) 6767M->2258M(8192M) 148.768ms
[7691.046s][info][gc,cpu         ] GC(1448) User=1.18s Sys=0.00s Real=0.14s
...[7693.813s][info][gc,start       ] GC(1449) Pause Young (Normal) (G1 Evacuation Pause)
[7693.813s][info][gc,task        ] GC(1449) Using 8 workers of 8 for evacuation
[7693.970s][info][gc,phases      ] GC(1449)   Pre Evacuate Collection Set: 0.21ms
[7693.970s][info][gc,phases      ] GC(1449)   Merge Heap Roots: 0.52ms
[7693.970s][info][gc,phases      ] GC(1449)   Evacuate Collection Set: 154.87ms
[7693.970s][info][gc,phases      ] GC(1449)   Post Evacuate Collection Set: 1.00ms
[7693.970s][info][gc,phases      ] GC(1449)   Other: 0.06ms
[7693.970s][info][gc,heap        ] GC(1449) Eden regions: 571->0(569)
[7693.970s][info][gc,heap        ] GC(1449) Survivor regions: 43->45(77)
[7693.970s][info][gc,heap        ] GC(1449) Old regions: 208->215
[7693.970s][info][gc,heap        ] GC(1449) Humongous regions: 33->33
[7693.970s][info][gc,metaspace   ] GC(1449) Metaspace: 29998K(30144K)->29998K(30144K) NonClass: 29998K(30144K)->29998K(30144K) Class: 0K(0K)->0K(0K)
[7693.970s][info][gc             ] GC(1449) Pause Young (Normal) (G1 Evacuation Pause) 6826M->2327M(8192M) 156.794ms
[7693.970s][info][gc,cpu         ] GC(1449) User=1.24s Sys=0.00s Real=0.16s
...[7696.723s][info][gc,start       ] GC(1450) Pause Young (Normal) (G1 Evacuation Pause)
[7696.723s][info][gc,task        ] GC(1450) Using 8 workers of 8 for evacuation
[7696.870s][info][gc,phases      ] GC(1450)   Pre Evacuate Collection Set: 0.23ms
[7696.870s][info][gc,phases      ] GC(1450)   Merge Heap Roots: 0.53ms
[7696.870s][info][gc,phases      ] GC(1450)   Evacuate Collection Set: 145.18ms
[7696.870s][info][gc,phases      ] GC(1450)   Post Evacuate Collection Set: 1.04ms
[7696.870s][info][gc,phases      ] GC(1450)   Other: 0.06ms
[7696.870s][info][gc,heap        ] GC(1450) Eden regions: 569->0(571)
[7696.870s][info][gc,heap        ] GC(1450) Survivor regions: 45->43(77)
[7696.870s][info][gc,heap        ] GC(1450) Old regions: 215->222
[7696.870s][info][gc,heap        ] GC(1450) Humongous regions: 33->33
[7696.870s][info][gc,metaspace   ] GC(1450) Metaspace: 29998K(30144K)->29998K(30144K) NonClass: 29998K(30144K)->29998K(30144K) Class: 0K(0K)->0K(0K)
[7696.870s][info][gc             ] GC(1450) Pause Young (Normal) (G1 Evacuation Pause) 6879M->2367M(8192M) 147.181ms
[7696.870s][info][gc,cpu         ] GC(1450) User=1.16s Sys=0.00s Real=0.15s
...[7699.627s][info][gc,start       ] GC(1451) Pause Young (Normal) (G1 Evacuation Pause)
[7699.627s][info][gc,task        ] GC(1451) Using 8 workers of 8 for evacuation
[7699.796s][info][gc,phases      ] GC(1451)   Pre Evacuate Collection Set: 0.20ms
[7699.796s][info][gc,phases      ] GC(1451)   Merge Heap Roots: 0.51ms
[7699.796s][info][gc,phases      ] GC(1451)   Evacuate Collection Set: 167.10ms
[7699.796s][info][gc,phases      ] GC(1451)   Post Evacuate Collection Set: 1.02ms
[7699.796s][info][gc,phases      ] GC(1451)   Other: 0.06ms
[7699.796s][info][gc,heap        ] GC(1451) Eden regions: 571->0(567)
[7699.796s][info][gc,heap        ] GC(1451) Survivor regions: 43->47(77)
[7699.796s][info][gc,heap        ] GC(1451) Old regions: 222->230
[7699.796s][info][gc,heap        ] GC(1451) Humongous regions: 33->33
[7699.796s][info][gc,metaspace   ] GC(1451) Metaspace: 29998K(30144K)->29998K(30144K) NonClass: 29998K(30144K)->29998K(30144K) Class: 0K(0K)->0K(0K)
[7699.796s][info][gc             ] GC(1451) Pause Young (Normal) (G1 Evacuation Pause) 6935M->2463M(8192M) 169.028ms
[7699.796s][info][gc,cpu         ] GC(1451) User=1.34s Sys=0.01s Real=0.17s
.|..[7702.577s][info][gc,start       ] GC(1452) Pause Young (Normal) (G1 Evacuation Pause)
[7702.577s][info][gc,task        ] GC(1452) Using 8 workers of 8 for evacuation
[7702.727s][info][gc,phases      ] GC(1452)   Pre Evacuate Collection Set: 0.21ms
[7702.727s][info][gc,phases      ] GC(1452)   Merge Heap Roots: 0.52ms
[7702.727s][info][gc,phases      ] GC(1452)   Evacuate Collection Set: 148.83ms
[7702.727s][info][gc,phases      ] GC(1452)   Post Evacuate Collection Set: 1.07ms
[7702.727s][info][gc,phases      ] GC(1452)   Other: 0.06ms
[7702.727s][info][gc,heap        ] GC(1452) Eden regions: 567->0(571)
[7702.727s][info][gc,heap        ] GC(1452) Survivor regions: 47->43(77)
[7702.727s][info][gc,heap        ] GC(1452) Old regions: 230->237
[7702.727s][info][gc,heap        ] GC(1452) Humongous regions: 33->33
[7702.727s][info][gc,metaspace   ] GC(1452) Metaspace: 29998K(30144K)->29998K(30144K) NonClass: 29998K(30144K)->29998K(30144K) Class: 0K(0K)->0K(0K)
[7702.727s][info][gc             ] GC(1452) Pause Young (Normal) (G1 Evacuation Pause) 6999M->2490M(8192M) 150.816ms
[7702.727s][info][gc,cpu         ] GC(1452) User=1.19s Sys=0.00s Real=0.16s
...[7705.505s][info][gc,start       ] GC(1453) Pause Young (Normal) (G1 Evacuation Pause)
[7705.505s][info][gc,task        ] GC(1453) Using 8 workers of 8 for evacuation
[7705.656s][info][gc,phases      ] GC(1453)   Pre Evacuate Collection Set: 0.22ms
[7705.656s][info][gc,phases      ] GC(1453)   Merge Heap Roots: 0.51ms
[7705.656s][info][gc,phases      ] GC(1453)   Evacuate Collection Set: 149.11ms
[7705.656s][info][gc,phases      ] GC(1453)   Post Evacuate Collection Set: 1.06ms
[7705.656s][info][gc,phases      ] GC(1453)   Other: 0.06ms
[7705.656s][info][gc,heap        ] GC(1453) Eden regions: 571->0(571)
[7705.656s][info][gc,heap        ] GC(1453) Survivor regions: 43->43(77)
[7705.656s][info][gc,heap        ] GC(1453) Old regions: 237->245
[7705.656s][info][gc,heap        ] GC(1453) Humongous regions: 33->33
[7705.656s][info][gc,metaspace   ] GC(1453) Metaspace: 29998K(30144K)->29998K(30144K) NonClass: 29998K(30144K)->29998K(30144K) Class: 0K(0K)->0K(0K)
[7705.656s][info][gc             ] GC(1453) Pause Young (Normal) (G1 Evacuation Pause) 7058M->2549M(8192M) 151.090ms
[7705.656s][info][gc,cpu         ] GC(1453) User=1.19s Sys=0.00s Real=0.15s
...[7708.429s][info][gc,start       ] GC(1454) Pause Young (Normal) (G1 Evacuation Pause)
[7708.429s][info][gc,task        ] GC(1454) Using 8 workers of 8 for evacuation
[7708.580s][info][gc,phases      ] GC(1454)   Pre Evacuate Collection Set: 0.23ms
[7708.580s][info][gc,phases      ] GC(1454)   Merge Heap Roots: 0.51ms
[7708.580s][info][gc,phases      ] GC(1454)   Evacuate Collection Set: 149.23ms
[7708.580s][info][gc,phases      ] GC(1454)   Post Evacuate Collection Set: 1.04ms
[7708.580s][info][gc,phases      ] GC(1454)   Other: 0.06ms
[7708.580s][info][gc,heap        ] GC(1454) Eden regions: 571->0(570)
[7708.580s][info][gc,heap        ] GC(1454) Survivor regions: 43->44(77)
[7708.580s][info][gc,heap        ] GC(1454) Old regions: 245->252
[7708.580s][info][gc,heap        ] GC(1454) Humongous regions: 33->33
[7708.580s][info][gc,metaspace   ] GC(1454) Metaspace: 29998K(30144K)->29998K(30144K) NonClass: 29998K(30144K)->29998K(30144K) Class: 0K(0K)->0K(0K)
[7708.580s][info][gc             ] GC(1454) Pause Young (Normal) (G1 Evacuation Pause) 7117M->2609M(8192M) 151.195ms
[7708.580s][info][gc,cpu         ] GC(1454) User=1.20s Sys=0.00s Real=0.15s
...[7711.305s][info][gc,start       ] GC(1455) Pause Young (Normal) (G1 Evacuation Pause)
[7711.305s][info][gc,task        ] GC(1455) Using 8 workers of 8 for evacuation
[7711.459s][info][gc,phases      ] GC(1455)   Pre Evacuate Collection Set: 0.21ms
[7711.459s][info][gc,phases      ] GC(1455)   Merge Heap Roots: 0.54ms
[7711.459s][info][gc,phases      ] GC(1455)   Evacuate Collection Set: 151.81ms
[7711.459s][info][gc,phases      ] GC(1455)   Post Evacuate Collection Set: 1.02ms
[7711.459s][info][gc,phases      ] GC(1455)   Other: 0.06ms
[7711.459s][info][gc,heap        ] GC(1455) Eden regions: 570->0(570)
[7711.459s][info][gc,heap        ] GC(1455) Survivor regions: 44->44(77)
[7711.459s][info][gc,heap        ] GC(1455) Old regions: 252->259
[7711.459s][info][gc,heap        ] GC(1455) Humongous regions: 33->33
[7711.459s][info][gc,metaspace   ] GC(1455) Metaspace: 29998K(30144K)->29998K(30144K) NonClass: 29998K(30144K)->29998K(30144K) Class: 0K(0K)->0K(0K)
[7711.459s][info][gc             ] GC(1455) Pause Young (Normal) (G1 Evacuation Pause) 7169M->2665M(8192M) 153.775ms
[7711.459s][info][gc,cpu         ] GC(1455) User=1.22s Sys=0.00s Real=0.16s
...[7714.278s][info][gc,start       ] GC(1456) Pause Young (Normal) (G1 Evacuation Pause)
[7714.278s][info][gc,task        ] GC(1456) Using 8 workers of 8 for evacuation
[7714.427s][info][gc,phases      ] GC(1456)   Pre Evacuate Collection Set: 0.25ms
[7714.427s][info][gc,phases      ] GC(1456)   Merge Heap Roots: 0.52ms
[7714.427s][info][gc,phases      ] GC(1456)   Evacuate Collection Set: 146.87ms
[7714.427s][info][gc,phases      ] GC(1456)   Post Evacuate Collection Set: 1.03ms
[7714.427s][info][gc,phases      ] GC(1456)   Other: 0.07ms
[7714.427s][info][gc,heap        ] GC(1456) Eden regions: 570->0(571)
[7714.427s][info][gc,heap        ] GC(1456) Survivor regions: 44->43(77)
[7714.427s][info][gc,heap        ] GC(1456) Old regions: 259->266
[7714.427s][info][gc,heap        ] GC(1456) Humongous regions: 33->33
[7714.427s][info][gc,metaspace   ] GC(1456) Metaspace: 29998K(30144K)->29998K(30144K) NonClass: 29998K(30144K)->29998K(30144K) Class: 0K(0K)->0K(0K)
[7714.427s][info][gc             ] GC(1456) Pause Young (Normal) (G1 Evacuation Pause) 7225M->2719M(8192M) 148.865ms
[7714.427s][info][gc,cpu         ] GC(1456) User=1.17s Sys=0.00s Real=0.14s
...[7717.225s][info][gc,start       ] GC(1457) Pause Young (Normal) (G1 Evacuation Pause)
[7717.225s][info][gc,task        ] GC(1457) Using 8 workers of 8 for evacuation
[7717.377s][info][gc,phases      ] GC(1457)   Pre Evacuate Collection Set: 0.21ms
[7717.377s][info][gc,phases      ] GC(1457)   Merge Heap Roots: 0.52ms
[7717.377s][info][gc,phases      ] GC(1457)   Evacuate Collection Set: 150.14ms
[7717.377s][info][gc,phases      ] GC(1457)   Post Evacuate Collection Set: 1.07ms
[7717.377s][info][gc,phases      ] GC(1457)   Other: 0.07ms
[7717.377s][info][gc,heap        ] GC(1457) Eden regions: 571->0(571)
[7717.377s][info][gc,heap        ] GC(1457) Survivor regions: 43->43(77)
[7717.377s][info][gc,heap        ] GC(1457) Old regions: 266->273
[7717.377s][info][gc,heap        ] GC(1457) Humongous regions: 33->33
[7717.377s][info][gc,metaspace   ] GC(1457) Metaspace: 29998K(30144K)->29998K(30144K) NonClass: 29998K(30144K)->29998K(30144K) Class: 0K(0K)->0K(0K)
[7717.377s][info][gc             ] GC(1457) Pause Young (Normal) (G1 Evacuation Pause) 7287M->2777M(8192M) 152.135ms
[7717.377s][info][gc,cpu         ] GC(1457) User=1.21s Sys=0.00s Real=0.15s
...[7720.154s][info][gc,start       ] GC(1458) Pause Young (Normal) (G1 Evacuation Pause)
[7720.154s][info][gc,task        ] GC(1458) Using 8 workers of 8 for evacuation
[7720.305s][info][gc,phases      ] GC(1458)   Pre Evacuate Collection Set: 0.24ms
[7720.305s][info][gc,phases      ] GC(1458)   Merge Heap Roots: 0.54ms
[7720.305s][info][gc,phases      ] GC(1458)   Evacuate Collection Set: 149.24ms
[7720.305s][info][gc,phases      ] GC(1458)   Post Evacuate Collection Set: 1.03ms
[7720.305s][info][gc,phases      ] GC(1458)   Other: 0.06ms
[7720.305s][info][gc,heap        ] GC(1458) Eden regions: 571->0(571)
[7720.305s][info][gc,heap        ] GC(1458) Survivor regions: 43->43(77)
[7720.305s][info][gc,heap        ] GC(1458) Old regions: 273->280
[7720.305s][info][gc,heap        ] GC(1458) Humongous regions: 33->33
[7720.305s][info][gc,metaspace   ] GC(1458) Metaspace: 29998K(30144K)->29998K(30144K) NonClass: 29998K(30144K)->29998K(30144K) Class: 0K(0K)->0K(0K)
[7720.305s][info][gc             ] GC(1458) Pause Young (Normal) (G1 Evacuation Pause) 7345M->2833M(8192M) 151.262ms
[7720.305s][info][gc,cpu         ] GC(1458) User=1.20s Sys=0.00s Real=0.15s
...[7723.146s][info][gc,start       ] GC(1459) Pause Young (Normal) (G1 Evacuation Pause)
[7723.146s][info][gc,task        ] GC(1459) Using 8 workers of 8 for evacuation
[7723.299s][info][gc,phases      ] GC(1459)   Pre Evacuate Collection Set: 0.22ms
[7723.299s][info][gc,phases      ] GC(1459)   Merge Heap Roots: 0.52ms
[7723.299s][info][gc,phases      ] GC(1459)   Evacuate Collection Set: 151.20ms
[7723.299s][info][gc,phases      ] GC(1459)   Post Evacuate Collection Set: 1.03ms
[7723.299s][info][gc,phases      ] GC(1459)   Other: 0.06ms
[7723.299s][info][gc,heap        ] GC(1459) Eden regions: 571->0(566)
[7723.299s][info][gc,heap        ] GC(1459) Survivor regions: 43->43(77)
[7723.299s][info][gc,heap        ] GC(1459) Old regions: 280->287
[7723.299s][info][gc,heap        ] GC(1459) Humongous regions: 33->33
[7723.299s][info][gc,metaspace   ] GC(1459) Metaspace: 29998K(30144K)->29998K(30144K) NonClass: 29998K(30144K)->29998K(30144K) Class: 0K(0K)->0K(0K)
[7723.299s][info][gc             ] GC(1459) Pause Young (Normal) (G1 Evacuation Pause) 7401M->2891M(8192M) 153.152ms
[7723.299s][info][gc,cpu         ] GC(1459) User=1.22s Sys=0.00s Real=0.16s
..[7726.043s][info][gc,start       ] GC(1460) Pause Young (Normal) (G1 Evacuation Pause)
[7726.043s][info][gc,task        ] GC(1460) Using 8 workers of 8 for evacuation
[7726.195s][info][gc,phases      ] GC(1460)   Pre Evacuate Collection Set: 0.20ms
[7726.195s][info][gc,phases      ] GC(1460)   Merge Heap Roots: 0.52ms
[7726.195s][info][gc,phases      ] GC(1460)   Evacuate Collection Set: 149.28ms
[7726.195s][info][gc,phases      ] GC(1460)   Post Evacuate Collection Set: 1.05ms
[7726.195s][info][gc,phases      ] GC(1460)   Other: 0.06ms
[7726.195s][info][gc,heap        ] GC(1460) Eden regions: 566->0(559)
[7726.195s][info][gc,heap        ] GC(1460) Survivor regions: 43->43(77)
[7726.195s][info][gc,heap        ] GC(1460) Old regions: 287->294
[7726.195s][info][gc,heap        ] GC(1460) Humongous regions: 33->33
[7726.195s][info][gc,metaspace   ] GC(1460) Metaspace: 29998K(30144K)->29998K(30144K) NonClass: 29998K(30144K)->29998K(30144K) Class: 0K(0K)->0K(0K)
[7726.195s][info][gc             ] GC(1460) Pause Young (Normal) (G1 Evacuation Pause) 7419M->2947M(8192M) 151.244ms
[7726.195s][info][gc,cpu         ] GC(1460) User=1.20s Sys=0.00s Real=0.15s
...[7728.865s][info][gc,start       ] GC(1461) Pause Young (Normal) (G1 Evacuation Pause)
[7728.865s][info][gc,task        ] GC(1461) Using 8 workers of 8 for evacuation
[7729.018s][info][gc,phases      ] GC(1461)   Pre Evacuate Collection Set: 0.23ms
[7729.018s][info][gc,phases      ] GC(1461)   Merge Heap Roots: 0.54ms
[7729.018s][info][gc,phases      ] GC(1461)   Evacuate Collection Set: 151.38ms
[7729.018s][info][gc,phases      ] GC(1461)   Post Evacuate Collection Set: 1.04ms
[7729.018s][info][gc,phases      ] GC(1461)   Other: 0.06ms
[7729.018s][info][gc,heap        ] GC(1461) Eden regions: 559->0(550)
[7729.018s][info][gc,heap        ] GC(1461) Survivor regions: 43->44(76)
[7729.018s][info][gc,heap        ] GC(1461) Old regions: 294->301
[7729.018s][info][gc,heap        ] GC(1461) Humongous regions: 33->33
[7729.018s][info][gc,metaspace   ] GC(1461) Metaspace: 29998K(30144K)->29998K(30144K) NonClass: 29998K(30144K)->29998K(30144K) Class: 0K(0K)->0K(0K)
[7729.018s][info][gc             ] GC(1461) Pause Young (Normal) (G1 Evacuation Pause) 7419M->3007M(8192M) 153.391ms
[7729.019s][info][gc,cpu         ] GC(1461) User=1.21s Sys=0.00s Real=0.16s
...[7731.732s][info][gc,start       ] GC(1462) Pause Young (Normal) (G1 Evacuation Pause)
[7731.732s][info][gc,task        ] GC(1462) Using 8 workers of 8 for evacuation
[7731.885s][info][gc,phases      ] GC(1462)   Pre Evacuate Collection Set: 0.23ms
[7731.885s][info][gc,phases      ] GC(1462)   Merge Heap Roots: 0.51ms
[7731.885s][info][gc,phases      ] GC(1462)   Evacuate Collection Set: 151.12ms
[7731.885s][info][gc,phases      ] GC(1462)   Post Evacuate Collection Set: 1.05ms
[7731.885s][info][gc,phases      ] GC(1462)   Other: 0.06ms
[7731.885s][info][gc,heap        ] GC(1462) Eden regions: 550->0(542)
[7731.885s][info][gc,heap        ] GC(1462) Survivor regions: 44->44(75)
[7731.885s][info][gc,heap        ] GC(1462) Old regions: 301->309
[7731.885s][info][gc,heap        ] GC(1462) Humongous regions: 33->33
[7731.885s][info][gc,metaspace   ] GC(1462) Metaspace: 29998K(30144K)->29998K(30144K) NonClass: 29998K(30144K)->29998K(30144K) Class: 0K(0K)->0K(0K)
[7731.885s][info][gc             ] GC(1462) Pause Young (Normal) (G1 Evacuation Pause) 7407M->3071M(8192M) 153.085ms
[7731.885s][info][gc,cpu         ] GC(1462) User=1.21s Sys=0.00s Real=0.15s
...[7734.497s][info][gc,start       ] GC(1463) Pause Young (Concurrent Start) (G1 Evacuation Pause)
[7734.497s][info][gc,task        ] GC(1463) Using 8 workers of 8 for evacuation
[7734.661s][info][gc,phases      ] GC(1463)   Pre Evacuate Collection Set: 0.25ms
[7734.661s][info][gc,phases      ] GC(1463)   Merge Heap Roots: 0.53ms
[7734.661s][info][gc,phases      ] GC(1463)   Evacuate Collection Set: 162.18ms
[7734.661s][info][gc,phases      ] GC(1463)   Post Evacuate Collection Set: 1.02ms
[7734.661s][info][gc,phases      ] GC(1463)   Other: 0.07ms
[7734.661s][info][gc,heap        ] GC(1463) Eden regions: 542->0(529)
[7734.661s][info][gc,heap        ] GC(1463) Survivor regions: 44->47(74)
[7734.661s][info][gc,heap        ] GC(1463) Old regions: 309->316
[7734.661s][info][gc,heap        ] GC(1463) Humongous regions: 33->33
[7734.661s][info][gc,metaspace   ] GC(1463) Metaspace: 29998K(30144K)->29998K(30144K) NonClass: 29998K(30144K)->29998K(30144K) Class: 0K(0K)->0K(0K)
[7734.661s][info][gc             ] GC(1463) Pause Young (Concurrent Start) (G1 Evacuation Pause) 7407M->3151M(8192M) 164.182ms
[7734.661s][info][gc             ] GC(1464) Concurrent Mark Cycle
[7734.662s][info][gc,marking     ] GC(1464) Concurrent Scan Root Regions
[7734.662s][info][gc,cpu         ] GC(1463) User=1.30s Sys=0.00s Real=0.16s
[7734.988s][info][gc,marking     ] GC(1464) Concurrent Scan Root Regions 326.253ms
[7734.988s][info][gc,marking     ] GC(1464) Concurrent Mark
[7734.988s][info][gc,marking     ] GC(1464) Concurrent Mark From Roots
[7734.988s][info][gc,task        ] GC(1464) Using 2 workers of 2 for marking
.[7736.207s][info][gc,marking     ] GC(1464) Concurrent Mark From Roots 1219.300ms
[7736.207s][info][gc,marking     ] GC(1464) Concurrent Preclean
[7736.207s][info][gc,marking     ] GC(1464) Concurrent Preclean 0.120ms
[7736.207s][info][gc,start       ] GC(1464) Pause Remark
[7736.210s][info][gc             ] GC(1464) Pause Remark 4971M->4499M(8192M) 2.479ms
[7736.210s][info][gc,cpu         ] GC(1464) User=0.02s Sys=0.00s Real=0.00s
[7736.210s][info][gc,marking     ] GC(1464) Concurrent Mark 1222.224ms
[7736.210s][info][gc,marking     ] GC(1464) Concurrent Rebuild Remembered Sets and Scrub Regions
.[7736.820s][info][gc,marking     ] GC(1464) Concurrent Rebuild Remembered Sets and Scrub Regions 609.516ms
[7736.820s][info][gc,start       ] GC(1464) Pause Cleanup
[7736.820s][info][gc             ] GC(1464) Pause Cleanup 5311M->5311M(8192M) 0.270ms
[7736.820s][info][gc,cpu         ] GC(1464) User=0.00s Sys=0.00s Real=0.00s
[7736.820s][info][gc,marking     ] GC(1464) Concurrent Clear Claimed Marks
[7736.820s][info][gc,marking     ] GC(1464) Concurrent Clear Claimed Marks 0.051ms
[7736.820s][info][gc,marking     ] GC(1464) Concurrent Cleanup for Next Mark
[7736.830s][info][gc,marking     ] GC(1464) Concurrent Cleanup for Next Mark 9.549ms
[7736.830s][info][gc             ] GC(1464) Concurrent Mark Cycle 2168.294ms
.[7737.872s][info][gc,start       ] GC(1465) Pause Young (Prepare Mixed) (G1 Evacuation Pause)
[7737.872s][info][gc,task        ] GC(1465) Using 8 workers of 8 for evacuation
[7738.021s][info][gc,phases      ] GC(1465)   Pre Evacuate Collection Set: 0.23ms
[7738.021s][info][gc,phases      ] GC(1465)   Merge Heap Roots: 0.71ms
[7738.021s][info][gc,phases      ] GC(1465)   Evacuate Collection Set: 146.88ms
[7738.021s][info][gc,phases      ] GC(1465)   Post Evacuate Collection Set: 1.13ms
[7738.021s][info][gc,phases      ] GC(1465)   Other: 0.08ms
[7738.021s][info][gc,heap        ] GC(1465) Eden regions: 529->0(572)
[7738.021s][info][gc,heap        ] GC(1465) Survivor regions: 47->42(72)
[7738.021s][info][gc,heap        ] GC(1465) Old regions: 257->265
[7738.021s][info][gc,heap        ] GC(1465) Humongous regions: 33->33
[7738.021s][info][gc,metaspace   ] GC(1465) Metaspace: 29998K(30144K)->29998K(30144K) NonClass: 29998K(30144K)->29998K(30144K) Class: 0K(0K)->0K(0K)
[7738.021s][info][gc             ] GC(1465) Pause Young (Prepare Mixed) (G1 Evacuation Pause) 6911M->2705M(8192M) 149.158ms
[7738.021s][info][gc,cpu         ] GC(1465) User=1.17s Sys=0.01s Real=0.15s
...[7740.819s][info][gc,start       ] GC(1466) Pause Young (Mixed) (G1 Evacuation Pause)
[7740.819s][info][gc,task        ] GC(1466) Using 8 workers of 8 for evacuation
[7740.978s][info][gc,phases      ] GC(1466)   Pre Evacuate Collection Set: 0.26ms
[7740.978s][info][gc,phases      ] GC(1466)   Merge Heap Roots: 0.72ms
[7740.978s][info][gc,phases      ] GC(1466)   Evacuate Collection Set: 156.54ms
[7740.978s][info][gc,phases      ] GC(1466)   Post Evacuate Collection Set: 1.27ms
[7740.978s][info][gc,phases      ] GC(1466)   Other: 0.08ms
[7740.978s][info][gc,heap        ] GC(1466) Eden regions: 572->0(571)
[7740.978s][info][gc,heap        ] GC(1466) Survivor regions: 42->43(77)
[7740.978s][info][gc,heap        ] GC(1466) Old regions: 265->170
[7740.978s][info][gc,heap        ] GC(1466) Humongous regions: 33->33
[7740.978s][info][gc,metaspace   ] GC(1466) Metaspace: 29998K(30144K)->29998K(30144K) NonClass: 29998K(30144K)->29998K(30144K) Class: 0K(0K)->0K(0K)
[7740.978s][info][gc             ] GC(1466) Pause Young (Mixed) (G1 Evacuation Pause) 7281M->1955M(8192M) 159.007ms
[7740.978s][info][gc,cpu         ] GC(1466) User=1.26s Sys=0.00s Real=0.16s
...[7743.756s][info][gc,start       ] GC(1467) Pause Young (Mixed) (G1 Evacuation Pause)
[7743.756s][info][gc,task        ] GC(1467) Using 8 workers of 8 for evacuation
[7743.919s][info][gc,phases      ] GC(1467)   Pre Evacuate Collection Set: 0.24ms
[7743.919s][info][gc,phases      ] GC(1467)   Merge Heap Roots: 0.88ms
[7743.919s][info][gc,phases      ] GC(1467)   Evacuate Collection Set: 160.39ms
[7743.919s][info][gc,phases      ] GC(1467)   Post Evacuate Collection Set: 1.05ms
[7743.919s][info][gc,phases      ] GC(1467)   Other: 0.08ms
[7743.919s][info][gc,heap        ] GC(1467) Eden regions: 571->0(570)
[7743.919s][info][gc,heap        ] GC(1467) Survivor regions: 43->44(77)
[7743.919s][info][gc,heap        ] GC(1467) Old regions: 170->144
[7743.919s][info][gc,heap        ] GC(1467) Humongous regions: 33->33
[7743.919s][info][gc,metaspace   ] GC(1467) Metaspace: 29998K(30144K)->29998K(30144K) NonClass: 29998K(30144K)->29998K(30144K) Class: 0K(0K)->0K(0K)
[7743.919s][info][gc             ] GC(1467) Pause Young (Mixed) (G1 Evacuation Pause) 6523M->1746M(8192M) 162.766ms
[7743.919s][info][gc,cpu         ] GC(1467) User=1.29s Sys=0.00s Real=0.17s
...[7746.635s][info][gc,start       ] GC(1468) Pause Young (Normal) (G1 Evacuation Pause)
[7746.635s][info][gc,task        ] GC(1468) Using 8 workers of 8 for evacuation
[7746.792s][info][gc,phases      ] GC(1468)   Pre Evacuate Collection Set: 0.21ms
[7746.792s][info][gc,phases      ] GC(1468)   Merge Heap Roots: 0.52ms
[7746.792s][info][gc,phases      ] GC(1468)   Evacuate Collection Set: 155.61ms
[7746.792s][info][gc,phases      ] GC(1468)   Post Evacuate Collection Set: 1.02ms
[7746.792s][info][gc,phases      ] GC(1468)   Other: 0.06ms
[7746.792s][info][gc,heap        ] GC(1468) Eden regions: 570->0(569)
[7746.792s][info][gc,heap        ] GC(1468) Survivor regions: 44->45(77)
[7746.792s][info][gc,heap        ] GC(1468) Old regions: 144->151
[7746.792s][info][gc,heap        ] GC(1468) Humongous regions: 33->33
[7746.792s][info][gc,metaspace   ] GC(1468) Metaspace: 29998K(30144K)->29998K(30144K) NonClass: 29998K(30144K)->29998K(30144K) Class: 0K(0K)->0K(0K)
[7746.792s][info][gc             ] GC(1468) Pause Young (Normal) (G1 Evacuation Pause) 6306M->1812M(8192M) 157.558ms
[7746.792s][info][gc,cpu         ] GC(1468) User=1.25s Sys=0.00s Real=0.16s
...[7749.504s][info][gc,start       ] GC(1469) Pause Young (Normal) (G1 Evacuation Pause)
[7749.504s][info][gc,task        ] GC(1469) Using 8 workers of 8 for evacuation
[7749.660s][info][gc,phases      ] GC(1469)   Pre Evacuate Collection Set: 0.21ms
[7749.660s][info][gc,phases      ] GC(1469)   Merge Heap Roots: 0.52ms
[7749.660s][info][gc,phases      ] GC(1469)   Evacuate Collection Set: 154.50ms
[7749.660s][info][gc,phases      ] GC(1469)   Post Evacuate Collection Set: 1.03ms
[7749.660s][info][gc,phases      ] GC(1469)   Other: 0.06ms
[7749.660s][info][gc,heap        ] GC(1469) Eden regions: 569->0(569)
[7749.660s][info][gc,heap        ] GC(1469) Survivor regions: 45->45(77)
[7749.660s][info][gc,heap        ] GC(1469) Old regions: 151->158
[7749.660s][info][gc,heap        ] GC(1469) Humongous regions: 33->33
[7749.660s][info][gc,metaspace   ] GC(1469) Metaspace: 29998K(30144K)->29998K(30144K) NonClass: 29998K(30144K)->29998K(30144K) Class: 0K(0K)->0K(0K)
[7749.660s][info][gc             ] GC(1469) Pause Young (Normal) (G1 Evacuation Pause) 6364M->1873M(8192M) 156.443ms
[7749.660s][info][gc,cpu         ] GC(1469) User=1.24s Sys=0.00s Real=0.16s
...[7752.368s][info][gc,start       ] GC(1470) Pause Young (Normal) (G1 Evacuation Pause)
[7752.368s][info][gc,task        ] GC(1470) Using 8 workers of 8 for evacuation
[7752.526s][info][gc,phases      ] GC(1470)   Pre Evacuate Collection Set: 0.22ms
[7752.526s][info][gc,phases      ] GC(1470)   Merge Heap Roots: 0.51ms
[7752.526s][info][gc,phases      ] GC(1470)   Evacuate Collection Set: 156.43ms
[7752.526s][info][gc,phases      ] GC(1470)   Post Evacuate Collection Set: 1.02ms
[7752.526s][info][gc,phases      ] GC(1470)   Other: 0.06ms
[7752.526s][info][gc,heap        ] GC(1470) Eden regions: 569->0(569)
[7752.526s][info][gc,heap        ] GC(1470) Survivor regions: 45->45(77)
[7752.526s][info][gc,heap        ] GC(1470) Old regions: 158->165
[7752.526s][info][gc,heap        ] GC(1470) Humongous regions: 33->33
[7752.527s][info][gc,metaspace   ] GC(1470) Metaspace: 29998K(30144K)->29998K(30144K) NonClass: 29998K(30144K)->29998K(30144K) Class: 0K(0K)->0K(0K)
[7752.527s][info][gc             ] GC(1470) Pause Young (Normal) (G1 Evacuation Pause) 6425M->1931M(8192M) 158.355ms
[7752.527s][info][gc,cpu         ] GC(1470) User=1.25s Sys=0.00s Real=0.15s
...[7755.333s][info][gc,start       ] GC(1471) Pause Young (Normal) (G1 Evacuation Pause)
[7755.333s][info][gc,task        ] GC(1471) Using 8 workers of 8 for evacuation
[7755.491s][info][gc,phases      ] GC(1471)   Pre Evacuate Collection Set: 0.22ms
[7755.491s][info][gc,phases      ] GC(1471)   Merge Heap Roots: 0.50ms
[7755.491s][info][gc,phases      ] GC(1471)   Evacuate Collection Set: 156.05ms
[7755.491s][info][gc,phases      ] GC(1471)   Post Evacuate Collection Set: 1.08ms
[7755.491s][info][gc,phases      ] GC(1471)   Other: 0.06ms
[7755.491s][info][gc,heap        ] GC(1471) Eden regions: 569->0(570)
[7755.491s][info][gc,heap        ] GC(1471) Survivor regions: 45->44(77)
[7755.491s][info][gc,heap        ] GC(1471) Old regions: 165->172
[7755.491s][info][gc,heap        ] GC(1471) Humongous regions: 33->33
[7755.491s][info][gc,metaspace   ] GC(1471) Metaspace: 29998K(30144K)->29998K(30144K) NonClass: 29998K(30144K)->29998K(30144K) Class: 0K(0K)->0K(0K)
[7755.491s][info][gc             ] GC(1471) Pause Young (Normal) (G1 Evacuation Pause) 6483M->1979M(8192M) 158.038ms
[7755.491s][info][gc,cpu         ] GC(1471) User=1.25s Sys=0.00s Real=0.16s
..[7758.214s][info][gc,start       ] GC(1472) Pause Young (Normal) (G1 Evacuation Pause)
[7758.214s][info][gc,task        ] GC(1472) Using 8 workers of 8 for evacuation
[7758.371s][info][gc,phases      ] GC(1472)   Pre Evacuate Collection Set: 0.22ms
[7758.371s][info][gc,phases      ] GC(1472)   Merge Heap Roots: 0.54ms
[7758.371s][info][gc,phases      ] GC(1472)   Evacuate Collection Set: 154.50ms
[7758.371s][info][gc,phases      ] GC(1472)   Post Evacuate Collection Set: 1.05ms
[7758.371s][info][gc,phases      ] GC(1472)   Other: 0.06ms
[7758.371s][info][gc,heap        ] GC(1472) Eden regions: 570->0(569)
[7758.371s][info][gc,heap        ] GC(1472) Survivor regions: 44->45(77)
[7758.371s][info][gc,heap        ] GC(1472) Old regions: 172->180
[7758.371s][info][gc,heap        ] GC(1472) Humongous regions: 33->33
[7758.371s][info][gc,metaspace   ] GC(1472) Metaspace: 29998K(30144K)->29998K(30144K) NonClass: 29998K(30144K)->29998K(30144K) Class: 0K(0K)->0K(0K)
[7758.371s][info][gc             ] GC(1472) Pause Young (Normal) (G1 Evacuation Pause) 6539M->2046M(8192M) 156.515ms
[7758.371s][info][gc,cpu         ] GC(1472) User=1.24s Sys=0.00s Real=0.16s
...[7761.194s][info][gc,start       ] GC(1473) Pause Young (Normal) (G1 Evacuation Pause)
[7761.194s][info][gc,task        ] GC(1473) Using 8 workers of 8 for evacuation
[7761.352s][info][gc,phases      ] GC(1473)   Pre Evacuate Collection Set: 0.22ms
[7761.352s][info][gc,phases      ] GC(1473)   Merge Heap Roots: 0.51ms
[7761.352s][info][gc,phases      ] GC(1473)   Evacuate Collection Set: 155.93ms
[7761.352s][info][gc,phases      ] GC(1473)   Post Evacuate Collection Set: 1.01ms
[7761.352s][info][gc,phases      ] GC(1473)   Other: 0.08ms
[7761.352s][info][gc,heap        ] GC(1473) Eden regions: 569->0(569)
[7761.352s][info][gc,heap        ] GC(1473) Survivor regions: 45->45(77)
[7761.352s][info][gc,heap        ] GC(1473) Old regions: 180->187
[7761.352s][info][gc,heap        ] GC(1473) Humongous regions: 33->33
[7761.352s][info][gc,metaspace   ] GC(1473) Metaspace: 29998K(30144K)->29998K(30144K) NonClass: 29998K(30144K)->29998K(30144K) Class: 0K(0K)->0K(0K)
[7761.352s][info][gc             ] GC(1473) Pause Young (Normal) (G1 Evacuation Pause) 6598M->2098M(8192M) 157.871ms
[7761.352s][info][gc,cpu         ] GC(1473) User=1.25s Sys=0.00s Real=0.16s
...[7764.087s][info][gc,start       ] GC(1474) Pause Young (Normal) (G1 Evacuation Pause)
[7764.087s][info][gc,task        ] GC(1474) Using 8 workers of 8 for evacuation
[7764.244s][info][gc,phases      ] GC(1474)   Pre Evacuate Collection Set: 0.25ms
[7764.244s][info][gc,phases      ] GC(1474)   Merge Heap Roots: 0.54ms
[7764.244s][info][gc,phases      ] GC(1474)   Evacuate Collection Set: 155.35ms
[7764.244s][info][gc,phases      ] GC(1474)   Post Evacuate Collection Set: 1.05ms
[7764.244s][info][gc,phases      ] GC(1474)   Other: 0.07ms
[7764.244s][info][gc,heap        ] GC(1474) Eden regions: 569->0(569)
[7764.244s][info][gc,heap        ] GC(1474) Survivor regions: 45->45(77)
[7764.244s][info][gc,heap        ] GC(1474) Old regions: 187->194
[7764.244s][info][gc,heap        ] GC(1474) Humongous regions: 33->33
[7764.244s][info][gc,metaspace   ] GC(1474) Metaspace: 29998K(30144K)->29998K(30144K) NonClass: 29998K(30144K)->29998K(30144K) Class: 0K(0K)->0K(0K)
[7764.244s][info][gc             ] GC(1474) Pause Young (Normal) (G1 Evacuation Pause) 6650M->2158M(8192M) 157.384ms
[7764.244s][info][gc,cpu         ] GC(1474) User=1.24s Sys=0.00s Real=0.16s
...[7767.070s][info][gc,start       ] GC(1475) Pause Young (Normal) (G1 Evacuation Pause)
[7767.070s][info][gc,task        ] GC(1475) Using 8 workers of 8 for evacuation
[7767.229s][info][gc,phases      ] GC(1475)   Pre Evacuate Collection Set: 0.22ms
[7767.229s][info][gc,phases      ] GC(1475)   Merge Heap Roots: 0.54ms
[7767.229s][info][gc,phases      ] GC(1475)   Evacuate Collection Set: 157.21ms
[7767.229s][info][gc,phases      ] GC(1475)   Post Evacuate Collection Set: 1.00ms
[7767.229s][info][gc,phases      ] GC(1475)   Other: 0.06ms
[7767.229s][info][gc,heap        ] GC(1475) Eden regions: 569->0(569)
[7767.229s][info][gc,heap        ] GC(1475) Survivor regions: 45->45(77)
[7767.229s][info][gc,heap        ] GC(1475) Old regions: 194->201
[7767.229s][info][gc,heap        ] GC(1475) Humongous regions: 33->33
[7767.229s][info][gc,metaspace   ] GC(1475) Metaspace: 29998K(30144K)->29998K(30144K) NonClass: 29998K(30144K)->29998K(30144K) Class: 0K(0K)->0K(0K)
[7767.229s][info][gc             ] GC(1475) Pause Young (Normal) (G1 Evacuation Pause) 6710M->2215M(8192M) 159.164ms
[7767.229s][info][gc,cpu         ] GC(1475) User=1.26s Sys=0.00s Real=0.16s
...[7770.002s][info][gc,start       ] GC(1476) Pause Young (Normal) (G1 Evacuation Pause)
[7770.002s][info][gc,task        ] GC(1476) Using 8 workers of 8 for evacuation
[7770.153s][info][gc,phases      ] GC(1476)   Pre Evacuate Collection Set: 0.22ms
[7770.153s][info][gc,phases      ] GC(1476)   Merge Heap Roots: 0.50ms
[7770.153s][info][gc,phases      ] GC(1476)   Evacuate Collection Set: 149.12ms
[7770.153s][info][gc,phases      ] GC(1476)   Post Evacuate Collection Set: 1.00ms
[7770.153s][info][gc,phases      ] GC(1476)   Other: 0.06ms
[7770.153s][info][gc,heap        ] GC(1476) Eden regions: 569->0(571)
[7770.153s][info][gc,heap        ] GC(1476) Survivor regions: 45->43(77)
[7770.153s][info][gc,heap        ] GC(1476) Old regions: 201->208
[7770.153s][info][gc,heap        ] GC(1476) Humongous regions: 33->33
[7770.153s][info][gc,metaspace   ] GC(1476) Metaspace: 29998K(30144K)->29998K(30144K) NonClass: 29998K(30144K)->29998K(30144K) Class: 0K(0K)->0K(0K)
[7770.153s][info][gc             ] GC(1476) Pause Young (Normal) (G1 Evacuation Pause) 6767M->2258M(8192M) 151.046ms
[7770.154s][info][gc,cpu         ] GC(1476) User=1.20s Sys=0.00s Real=0.15s
...[7772.923s][info][gc,start       ] GC(1477) Pause Young (Normal) (G1 Evacuation Pause)
[7772.923s][info][gc,task        ] GC(1477) Using 8 workers of 8 for evacuation
[7773.078s][info][gc,phases      ] GC(1477)   Pre Evacuate Collection Set: 0.22ms
[7773.078s][info][gc,phases      ] GC(1477)   Merge Heap Roots: 0.50ms
[7773.078s][info][gc,phases      ] GC(1477)   Evacuate Collection Set: 153.20ms
[7773.078s][info][gc,phases      ] GC(1477)   Post Evacuate Collection Set: 1.01ms
[7773.078s][info][gc,phases      ] GC(1477)   Other: 0.06ms
[7773.078s][info][gc,heap        ] GC(1477) Eden regions: 571->0(569)
[7773.078s][info][gc,heap        ] GC(1477) Survivor regions: 43->45(77)
[7773.078s][info][gc,heap        ] GC(1477) Old regions: 208->215
[7773.078s][info][gc,heap        ] GC(1477) Humongous regions: 33->33
[7773.078s][info][gc,metaspace   ] GC(1477) Metaspace: 29998K(30144K)->29998K(30144K) NonClass: 29998K(30144K)->29998K(30144K) Class: 0K(0K)->0K(0K)
[7773.078s][info][gc             ] GC(1477) Pause Young (Normal) (G1 Evacuation Pause) 6826M->2324M(8192M) 155.120ms
[7773.078s][info][gc,cpu         ] GC(1477) User=1.22s Sys=0.00s Real=0.16s
...[7775.885s][info][gc,start       ] GC(1478) Pause Young (Normal) (G1 Evacuation Pause)
[7775.885s][info][gc,task        ] GC(1478) Using 8 workers of 8 for evacuation
[7776.041s][info][gc,phases      ] GC(1478)   Pre Evacuate Collection Set: 0.21ms
[7776.041s][info][gc,phases      ] GC(1478)   Merge Heap Roots: 0.50ms
[7776.041s][info][gc,phases      ] GC(1478)   Evacuate Collection Set: 154.47ms
[7776.041s][info][gc,phases      ] GC(1478)   Post Evacuate Collection Set: 1.01ms
[7776.041s][info][gc,phases      ] GC(1478)   Other: 0.06ms
[7776.041s][info][gc,heap        ] GC(1478) Eden regions: 569->0(569)
[7776.041s][info][gc,heap        ] GC(1478) Survivor regions: 45->45(77)
[7776.041s][info][gc,heap        ] GC(1478) Old regions: 215->222
[7776.041s][info][gc,heap        ] GC(1478) Humongous regions: 33->33
[7776.041s][info][gc,metaspace   ] GC(1478) Metaspace: 29998K(30144K)->29998K(30144K) NonClass: 29998K(30144K)->29998K(30144K) Class: 0K(0K)->0K(0K)
[7776.041s][info][gc             ] GC(1478) Pause Young (Normal) (G1 Evacuation Pause) 6876M->2383M(8192M) 156.371ms
[7776.041s][info][gc,cpu         ] GC(1478) User=1.24s Sys=0.00s Real=0.16s
...[7778.765s][info][gc,start       ] GC(1479) Pause Young (Normal) (G1 Evacuation Pause)
[7778.765s][info][gc,task        ] GC(1479) Using 8 workers of 8 for evacuation
[7778.912s][info][gc,phases      ] GC(1479)   Pre Evacuate Collection Set: 0.23ms
[7778.912s][info][gc,phases      ] GC(1479)   Merge Heap Roots: 0.51ms
[7778.912s][info][gc,phases      ] GC(1479)   Evacuate Collection Set: 144.82ms
[7778.912s][info][gc,phases      ] GC(1479)   Post Evacuate Collection Set: 1.05ms
[7778.912s][info][gc,phases      ] GC(1479)   Other: 0.06ms
[7778.912s][info][gc,heap        ] GC(1479) Eden regions: 569->0(573)
[7778.912s][info][gc,heap        ] GC(1479) Survivor regions: 45->41(77)
[7778.912s][info][gc,heap        ] GC(1479) Old regions: 222->229
[7778.912s][info][gc,heap        ] GC(1479) Humongous regions: 33->33
[7778.912s][info][gc,metaspace   ] GC(1479) Metaspace: 29998K(30144K)->29998K(30144K) NonClass: 29998K(30144K)->29998K(30144K) Class: 0K(0K)->0K(0K)
[7778.912s][info][gc             ] GC(1479) Pause Young (Normal) (G1 Evacuation Pause) 6935M->2411M(8192M) 146.803ms
[7778.912s][info][gc,cpu         ] GC(1479) User=1.17s Sys=0.00s Real=0.15s
...[7781.676s][info][gc,start       ] GC(1480) Pause Young (Normal) (G1 Evacuation Pause)
[7781.676s][info][gc,task        ] GC(1480) Using 8 workers of 8 for evacuation
[7781.823s][info][gc,phases      ] GC(1480)   Pre Evacuate Collection Set: 0.23ms
[7781.823s][info][gc,phases      ] GC(1480)   Merge Heap Roots: 0.51ms
[7781.823s][info][gc,phases      ] GC(1480)   Evacuate Collection Set: 145.19ms
[7781.823s][info][gc,phases      ] GC(1480)   Post Evacuate Collection Set: 1.04ms
[7781.823s][info][gc,phases      ] GC(1480)   Other: 0.07ms
[7781.823s][info][gc,heap        ] GC(1480) Eden regions: 573->0(571)
[7781.823s][info][gc,heap        ] GC(1480) Survivor regions: 41->43(77)
[7781.823s][info][gc,heap        ] GC(1480) Old regions: 229->236
[7781.823s][info][gc,heap        ] GC(1480) Humongous regions: 33->33
[7781.823s][info][gc,metaspace   ] GC(1480) Metaspace: 29998K(30144K)->29998K(30144K) NonClass: 29998K(30144K)->29998K(30144K) Class: 0K(0K)->0K(0K)
[7781.823s][info][gc             ] GC(1480) Pause Young (Normal) (G1 Evacuation Pause) 6995M->2479M(8192M) 147.179ms
[7781.823s][info][gc,cpu         ] GC(1480) User=1.16s Sys=0.00s Real=0.15s
...[7784.696s][info][gc,start       ] GC(1481) Pause Young (Normal) (G1 Evacuation Pause)
[7784.696s][info][gc,task        ] GC(1481) Using 8 workers of 8 for evacuation
[7784.849s][info][gc,phases      ] GC(1481)   Pre Evacuate Collection Set: 0.22ms
[7784.849s][info][gc,phases      ] GC(1481)   Merge Heap Roots: 0.51ms
[7784.849s][info][gc,phases      ] GC(1481)   Evacuate Collection Set: 151.01ms
[7784.849s][info][gc,phases      ] GC(1481)   Post Evacuate Collection Set: 1.02ms
[7784.849s][info][gc,phases      ] GC(1481)   Other: 0.06ms
[7784.849s][info][gc,heap        ] GC(1481) Eden regions: 571->0(570)
[7784.849s][info][gc,heap        ] GC(1481) Survivor regions: 43->44(77)
[7784.849s][info][gc,heap        ] GC(1481) Old regions: 236->244
[7784.849s][info][gc,heap        ] GC(1481) Humongous regions: 33->33
[7784.849s][info][gc,metaspace   ] GC(1481) Metaspace: 29998K(30144K)->29998K(30144K) NonClass: 29998K(30144K)->29998K(30144K) Class: 0K(0K)->0K(0K)
[7784.849s][info][gc             ] GC(1481) Pause Young (Normal) (G1 Evacuation Pause) 7047M->2547M(8192M) 152.928ms
[7784.849s][info][gc,cpu         ] GC(1481) User=1.21s Sys=0.00s Real=0.16s
.. (rIR:aIR:PR = 13145:13067:13016) (tPR = 192071) [OK] 
  7786s: Performance info:
         Transaction,    Success,    Partial,     Failed,   Receipts, AvgBarcode, 
             Overall,    1122914,          0,          0,    1067573,      59.47, 
         Response times:
             Request,    Success,    Partial,     Failed,   SkipFail,     Probes,    Samples,      min,      p50,      p90,      p95,      p99,      max, 
       TotalPurchase,    1071921,          0,          0,          0,     336813,     655203,      600,   246000,   584000,   760000,  1200000, 23000000,
     InStorePurchase,     566150,          0,          0,          0,     174484,     345004,      600,   246000,   590000,   790000,  1400000, 23000000,
      OnlinePurchase,     391745,          0,          0,          0,     121057,     239757,      800,   245000,   580000,   740000,  1200000, 23000000,
        InstPurchase,     114026,          0,          0,          0,      41272,      70442,      700,   249000,   573700,   730000,   880000, 12000000,
          AssocOfCat,       1125,          0,          0,          0,        776,       1398,    59000,   290000,   591300,   720000,  1100000,  3100000,
      AssocOfProduct,      11278,          0,          0,          0,       4341,       7627,     1800,   244000,   534200,   680000,   960000,  5000000,
      BusinessReport,       2817,          0,          0,          0,       1882,       3545,    65000,   314000,   630000,   760000,   960000,  2300000,
          CustBuyBeh,      11051,          0,          0,          0,       4290,       7601,     2200,   236000,   526000,   670000,  1100000,  5300000,
       ProductReturn,      29172,          0,          0,          0,       9874,      18217,      900,   241000,   544000,   720000,   990000,  4600000,

  7786s: (96%)   IR =  13284 [7787.610s][info][gc,start       ] GC(1482) Pause Young (Normal) (G1 Evacuation Pause)
[7787.610s][info][gc,task        ] GC(1482) Using 8 workers of 8 for evacuation
[7787.776s][info][gc,phases      ] GC(1482)   Pre Evacuate Collection Set: 0.23ms
[7787.776s][info][gc,phases      ] GC(1482)   Merge Heap Roots: 0.52ms
[7787.776s][info][gc,phases      ] GC(1482)   Evacuate Collection Set: 164.24ms
[7787.776s][info][gc,phases      ] GC(1482)   Post Evacuate Collection Set: 1.01ms
[7787.776s][info][gc,phases      ] GC(1482)   Other: 0.06ms
[7787.776s][info][gc,heap        ] GC(1482) Eden regions: 570->0(566)
[7787.776s][info][gc,heap        ] GC(1482) Survivor regions: 44->48(77)
[7787.776s][info][gc,heap        ] GC(1482) Old regions: 244->251
[7787.776s][info][gc,heap        ] GC(1482) Humongous regions: 33->33
[7787.776s][info][gc,metaspace   ] GC(1482) Metaspace: 29998K(30144K)->29998K(30144K) NonClass: 29998K(30144K)->29998K(30144K) Class: 0K(0K)->0K(0K)
[7787.776s][info][gc             ] GC(1482) Pause Young (Normal) (G1 Evacuation Pause) 7107M->2638M(8192M) 166.198ms
[7787.776s][info][gc,cpu         ] GC(1482) User=1.32s Sys=0.00s Real=0.16s
...[7790.500s][info][gc,start       ] GC(1483) Pause Young (Normal) (G1 Evacuation Pause)
[7790.500s][info][gc,task        ] GC(1483) Using 8 workers of 8 for evacuation
[7790.655s][info][gc,phases      ] GC(1483)   Pre Evacuate Collection Set: 0.21ms
[7790.655s][info][gc,phases      ] GC(1483)   Merge Heap Roots: 0.51ms
[7790.655s][info][gc,phases      ] GC(1483)   Evacuate Collection Set: 153.17ms
[7790.655s][info][gc,phases      ] GC(1483)   Post Evacuate Collection Set: 1.02ms
[7790.655s][info][gc,phases      ] GC(1483)   Other: 0.06ms
[7790.655s][info][gc,heap        ] GC(1483) Eden regions: 566->0(569)
[7790.655s][info][gc,heap        ] GC(1483) Survivor regions: 48->45(77)
[7790.655s][info][gc,heap        ] GC(1483) Old regions: 251->258
[7790.655s][info][gc,heap        ] GC(1483) Humongous regions: 33->33
[7790.655s][info][gc,metaspace   ] GC(1483) Metaspace: 29998K(30144K)->29998K(30144K) NonClass: 29998K(30144K)->29998K(30144K) Class: 0K(0K)->0K(0K)
[7790.655s][info][gc             ] GC(1483) Pause Young (Normal) (G1 Evacuation Pause) 7166M->2669M(8192M) 155.097ms
[7790.656s][info][gc,cpu         ] GC(1483) User=1.23s Sys=0.00s Real=0.15s
...[7793.457s][info][gc,start       ] GC(1484) Pause Young (Normal) (G1 Evacuation Pause)
[7793.457s][info][gc,task        ] GC(1484) Using 8 workers of 8 for evacuation
[7793.609s][info][gc,phases      ] GC(1484)   Pre Evacuate Collection Set: 0.21ms
[7793.609s][info][gc,phases      ] GC(1484)   Merge Heap Roots: 0.51ms
[7793.609s][info][gc,phases      ] GC(1484)   Evacuate Collection Set: 150.38ms
[7793.609s][info][gc,phases      ] GC(1484)   Post Evacuate Collection Set: 1.05ms
[7793.609s][info][gc,phases      ] GC(1484)   Other: 0.06ms
[7793.609s][info][gc,heap        ] GC(1484) Eden regions: 569->0(571)
[7793.609s][info][gc,heap        ] GC(1484) Survivor regions: 45->43(77)
[7793.609s][info][gc,heap        ] GC(1484) Old regions: 258->266
[7793.609s][info][gc,heap        ] GC(1484) Humongous regions: 33->33
[7793.609s][info][gc,metaspace   ] GC(1484) Metaspace: 29998K(30144K)->29998K(30144K) NonClass: 29998K(30144K)->29998K(30144K) Class: 0K(0K)->0K(0K)
[7793.609s][info][gc             ] GC(1484) Pause Young (Normal) (G1 Evacuation Pause) 7221M->2719M(8192M) 152.348ms
[7793.609s][info][gc,cpu         ] GC(1484) User=1.21s Sys=0.00s Real=0.16s
...[7796.381s][info][gc,start       ] GC(1485) Pause Young (Normal) (G1 Evacuation Pause)
[7796.381s][info][gc,task        ] GC(1485) Using 8 workers of 8 for evacuation
[7796.530s][info][gc,phases      ] GC(1485)   Pre Evacuate Collection Set: 0.24ms
[7796.530s][info][gc,phases      ] GC(1485)   Merge Heap Roots: 0.51ms
[7796.530s][info][gc,phases      ] GC(1485)   Evacuate Collection Set: 146.64ms
[7796.530s][info][gc,phases      ] GC(1485)   Post Evacuate Collection Set: 1.04ms
[7796.530s][info][gc,phases      ] GC(1485)   Other: 0.06ms
[7796.530s][info][gc,heap        ] GC(1485) Eden regions: 571->0(571)
[7796.530s][info][gc,heap        ] GC(1485) Survivor regions: 43->43(77)
[7796.530s][info][gc,heap        ] GC(1485) Old regions: 266->273
[7796.530s][info][gc,heap        ] GC(1485) Humongous regions: 33->33
[7796.530s][info][gc,metaspace   ] GC(1485) Metaspace: 29998K(30144K)->29998K(30144K) NonClass: 29998K(30144K)->29998K(30144K) Class: 0K(0K)->0K(0K)
[7796.530s][info][gc             ] GC(1485) Pause Young (Normal) (G1 Evacuation Pause) 7287M->2777M(8192M) 148.619ms
[7796.530s][info][gc,cpu         ] GC(1485) User=1.18s Sys=0.00s Real=0.15s
...[7799.265s][info][gc,start       ] GC(1486) Pause Young (Normal) (G1 Evacuation Pause)
[7799.265s][info][gc,task        ] GC(1486) Using 8 workers of 8 for evacuation
[7799.418s][info][gc,phases      ] GC(1486)   Pre Evacuate Collection Set: 0.23ms
[7799.418s][info][gc,phases      ] GC(1486)   Merge Heap Roots: 0.53ms
[7799.418s][info][gc,phases      ] GC(1486)   Evacuate Collection Set: 151.08ms
[7799.418s][info][gc,phases      ] GC(1486)   Post Evacuate Collection Set: 1.06ms
[7799.418s][info][gc,phases      ] GC(1486)   Other: 0.06ms
[7799.418s][info][gc,heap        ] GC(1486) Eden regions: 571->0(570)
[7799.418s][info][gc,heap        ] GC(1486) Survivor regions: 43->44(77)
[7799.418s][info][gc,heap        ] GC(1486) Old regions: 273->280
[7799.418s][info][gc,heap        ] GC(1486) Humongous regions: 33->33
[7799.418s][info][gc,metaspace   ] GC(1486) Metaspace: 29998K(30144K)->29998K(30144K) NonClass: 29998K(30144K)->29998K(30144K) Class: 0K(0K)->0K(0K)
[7799.418s][info][gc             ] GC(1486) Pause Young (Normal) (G1 Evacuation Pause) 7345M->2839M(8192M) 153.093ms
[7799.418s][info][gc,cpu         ] GC(1486) User=1.21s Sys=0.00s Real=0.16s
...[7802.168s][info][gc,start       ] GC(1487) Pause Young (Normal) (G1 Evacuation Pause)
[7802.168s][info][gc,task        ] GC(1487) Using 8 workers of 8 for evacuation
[7802.329s][info][gc,phases      ] GC(1487)   Pre Evacuate Collection Set: 0.23ms
[7802.330s][info][gc,phases      ] GC(1487)   Merge Heap Roots: 0.50ms
[7802.330s][info][gc,phases      ] GC(1487)   Evacuate Collection Set: 159.59ms
[7802.330s][info][gc,phases      ] GC(1487)   Post Evacuate Collection Set: 1.05ms
[7802.330s][info][gc,phases      ] GC(1487)   Other: 0.06ms
[7802.330s][info][gc,heap        ] GC(1487) Eden regions: 570->0(557)
[7802.330s][info][gc,heap        ] GC(1487) Survivor regions: 44->47(77)
[7802.330s][info][gc,heap        ] GC(1487) Old regions: 280->288
[7802.330s][info][gc,heap        ] GC(1487) Humongous regions: 33->33
[7802.330s][info][gc,metaspace   ] GC(1487) Metaspace: 29998K(30144K)->29998K(30144K) NonClass: 29998K(30144K)->29998K(30144K) Class: 0K(0K)->0K(0K)
[7802.330s][info][gc             ] GC(1487) Pause Young (Normal) (G1 Evacuation Pause) 7399M->2921M(8192M) 161.580ms
[7802.330s][info][gc,cpu         ] GC(1487) User=1.28s Sys=0.00s Real=0.16s
...[7805.035s][info][gc,start       ] GC(1488) Pause Young (Normal) (G1 Evacuation Pause)
[7805.035s][info][gc,task        ] GC(1488) Using 8 workers of 8 for evacuation
[7805.185s][info][gc,phases      ] GC(1488)   Pre Evacuate Collection Set: 0.22ms
[7805.185s][info][gc,phases      ] GC(1488)   Merge Heap Roots: 0.51ms
[7805.185s][info][gc,phases      ] GC(1488)   Evacuate Collection Set: 148.22ms
[7805.185s][info][gc,phases      ] GC(1488)   Post Evacuate Collection Set: 1.04ms
[7805.185s][info][gc,phases      ] GC(1488)   Other: 0.08ms
[7805.185s][info][gc,heap        ] GC(1488) Eden regions: 557->0(558)
[7805.185s][info][gc,heap        ] GC(1488) Survivor regions: 47->43(76)
[7805.185s][info][gc,heap        ] GC(1488) Old regions: 288->295
[7805.185s][info][gc,heap        ] GC(1488) Humongous regions: 33->33
[7805.185s][info][gc,metaspace   ] GC(1488) Metaspace: 29998K(30144K)->29998K(30144K) NonClass: 29998K(30144K)->29998K(30144K) Class: 0K(0K)->0K(0K)
[7805.185s][info][gc             ] GC(1488) Pause Young (Normal) (G1 Evacuation Pause) 7377M->2951M(8192M) 150.207ms
[7805.185s][info][gc,cpu         ] GC(1488) User=1.19s Sys=0.00s Real=0.15s
...[7807.878s][info][gc,start       ] GC(1489) Pause Young (Normal) (G1 Evacuation Pause)
[7807.878s][info][gc,task        ] GC(1489) Using 8 workers of 8 for evacuation
[7808.034s][info][gc,phases      ] GC(1489)   Pre Evacuate Collection Set: 0.23ms
[7808.034s][info][gc,phases      ] GC(1489)   Merge Heap Roots: 0.51ms
[7808.034s][info][gc,phases      ] GC(1489)   Evacuate Collection Set: 154.28ms
[7808.034s][info][gc,phases      ] GC(1489)   Post Evacuate Collection Set: 1.02ms
[7808.034s][info][gc,phases      ] GC(1489)   Other: 0.06ms
[7808.034s][info][gc,heap        ] GC(1489) Eden regions: 558->0(549)
[7808.034s][info][gc,heap        ] GC(1489) Survivor regions: 43->44(76)
[7808.034s][info][gc,heap        ] GC(1489) Old regions: 295->302
[7808.034s][info][gc,heap        ] GC(1489) Humongous regions: 33->33
[7808.034s][info][gc,metaspace   ] GC(1489) Metaspace: 29998K(30144K)->29998K(30144K) NonClass: 29998K(30144K)->29998K(30144K) Class: 0K(0K)->0K(0K)
[7808.034s][info][gc             ] GC(1489) Pause Young (Normal) (G1 Evacuation Pause) 7415M->3018M(8192M) 156.238ms
[7808.034s][info][gc,cpu         ] GC(1489) User=1.24s Sys=0.00s Real=0.15s
..[7810.718s][info][gc,start       ] GC(1490) Pause Young (Normal) (G1 Evacuation Pause)
[7810.718s][info][gc,task        ] GC(1490) Using 8 workers of 8 for evacuation
[7810.873s][info][gc,phases      ] GC(1490)   Pre Evacuate Collection Set: 0.21ms
[7810.873s][info][gc,phases      ] GC(1490)   Merge Heap Roots: 0.51ms
[7810.873s][info][gc,phases      ] GC(1490)   Evacuate Collection Set: 153.28ms
[7810.873s][info][gc,phases      ] GC(1490)   Post Evacuate Collection Set: 1.00ms
[7810.873s][info][gc,phases      ] GC(1490)   Other: 0.06ms
[7810.873s][info][gc,heap        ] GC(1490) Eden regions: 549->0(541)
[7810.873s][info][gc,heap        ] GC(1490) Survivor regions: 44->44(75)
[7810.873s][info][gc,heap        ] GC(1490) Old regions: 302->310
[7810.873s][info][gc,heap        ] GC(1490) Humongous regions: 33->33
[7810.873s][info][gc,metaspace   ] GC(1490) Metaspace: 29998K(30144K)->29998K(30144K) NonClass: 29998K(30144K)->29998K(30144K) Class: 0K(0K)->0K(0K)
[7810.874s][info][gc             ] GC(1490) Pause Young (Normal) (G1 Evacuation Pause) 7410M->3078M(8192M) 155.184ms
[7810.874s][info][gc,cpu         ] GC(1490) User=1.23s Sys=0.00s Real=0.15s
...[7813.548s][info][gc,start       ] GC(1491) Pause Young (Concurrent Start) (G1 Evacuation Pause)
[7813.548s][info][gc,task        ] GC(1491) Using 8 workers of 8 for evacuation
[7813.704s][info][gc,phases      ] GC(1491)   Pre Evacuate Collection Set: 0.26ms
[7813.704s][info][gc,phases      ] GC(1491)   Merge Heap Roots: 0.51ms
[7813.704s][info][gc,phases      ] GC(1491)   Evacuate Collection Set: 153.23ms
[7813.704s][info][gc,phases      ] GC(1491)   Post Evacuate Collection Set: 1.02ms
[7813.704s][info][gc,phases      ] GC(1491)   Other: 0.06ms
[7813.704s][info][gc,heap        ] GC(1491) Eden regions: 541->0(533)
[7813.704s][info][gc,heap        ] GC(1491) Survivor regions: 44->44(74)
[7813.704s][info][gc,heap        ] GC(1491) Old regions: 310->318
[7813.704s][info][gc,heap        ] GC(1491) Humongous regions: 33->33
[7813.704s][info][gc,metaspace   ] GC(1491) Metaspace: 29998K(30144K)->29998K(30144K) NonClass: 29998K(30144K)->29998K(30144K) Class: 0K(0K)->0K(0K)
[7813.704s][info][gc             ] GC(1491) Pause Young (Concurrent Start) (G1 Evacuation Pause) 7406M->3142M(8192M) 155.252ms
[7813.704s][info][gc             ] GC(1492) Concurrent Mark Cycle
[7813.704s][info][gc,marking     ] GC(1492) Concurrent Scan Root Regions
[7813.704s][info][gc,cpu         ] GC(1491) User=1.23s Sys=0.00s Real=0.15s
.[7813.992s][info][gc,marking     ] GC(1492) Concurrent Scan Root Regions 288.762ms
[7813.993s][info][gc,marking     ] GC(1492) Concurrent Mark
[7813.993s][info][gc,marking     ] GC(1492) Concurrent Mark From Roots
[7813.993s][info][gc,task        ] GC(1492) Using 2 workers of 2 for marking
.[7815.127s][info][gc,marking     ] GC(1492) Concurrent Mark From Roots 1134.743ms
[7815.127s][info][gc,marking     ] GC(1492) Concurrent Preclean
[7815.127s][info][gc,marking     ] GC(1492) Concurrent Preclean 0.109ms
[7815.128s][info][gc,start       ] GC(1492) Pause Remark
[7815.130s][info][gc             ] GC(1492) Pause Remark 4794M->4210M(8192M) 2.067ms
[7815.130s][info][gc,cpu         ] GC(1492) User=0.01s Sys=0.00s Real=0.00s
[7815.130s][info][gc,marking     ] GC(1492) Concurrent Mark 1137.195ms
[7815.130s][info][gc,marking     ] GC(1492) Concurrent Rebuild Remembered Sets and Scrub Regions
.[7815.962s][info][gc,marking     ] GC(1492) Concurrent Rebuild Remembered Sets and Scrub Regions 831.945ms
[7815.962s][info][gc,start       ] GC(1492) Pause Cleanup
[7815.962s][info][gc             ] GC(1492) Pause Cleanup 5322M->5322M(8192M) 0.254ms
[7815.962s][info][gc,cpu         ] GC(1492) User=0.00s Sys=0.00s Real=0.00s
[7815.962s][info][gc,marking     ] GC(1492) Concurrent Clear Claimed Marks
[7815.962s][info][gc,marking     ] GC(1492) Concurrent Clear Claimed Marks 0.041ms
[7815.962s][info][gc,marking     ] GC(1492) Concurrent Cleanup for Next Mark
[7815.972s][info][gc,marking     ] GC(1492) Concurrent Cleanup for Next Mark 10.108ms
[7815.972s][info][gc             ] GC(1492) Concurrent Mark Cycle 2268.730ms
.[7816.951s][info][gc,start       ] GC(1493) Pause Young (Prepare Mixed) (G1 Evacuation Pause)
[7816.951s][info][gc,task        ] GC(1493) Using 8 workers of 8 for evacuation
[7817.104s][info][gc,phases      ] GC(1493)   Pre Evacuate Collection Set: 0.24ms
[7817.104s][info][gc,phases      ] GC(1493)   Merge Heap Roots: 0.73ms
[7817.104s][info][gc,phases      ] GC(1493)   Evacuate Collection Set: 150.72ms
[7817.104s][info][gc,phases      ] GC(1493)   Post Evacuate Collection Set: 1.10ms
[7817.104s][info][gc,phases      ] GC(1493)   Other: 0.06ms
[7817.104s][info][gc,heap        ] GC(1493) Eden regions: 533->0(571)
[7817.104s][info][gc,heap        ] GC(1493) Survivor regions: 44->43(73)
[7817.104s][info][gc,heap        ] GC(1493) Old regions: 245->253
[7817.104s][info][gc,heap        ] GC(1493) Humongous regions: 33->33
[7817.104s][info][gc,metaspace   ] GC(1493) Metaspace: 29998K(30144K)->29998K(30144K) NonClass: 29998K(30144K)->29998K(30144K) Class: 0K(0K)->0K(0K)
[7817.104s][info][gc             ] GC(1493) Pause Young (Prepare Mixed) (G1 Evacuation Pause) 6822M->2609M(8192M) 152.976ms
[7817.104s][info][gc,cpu         ] GC(1493) User=1.21s Sys=0.00s Real=0.15s
 (rIR:aIR:PR = 13284:13307:12703) (tPR = 187530) [PR is under limit] 
  7816s: Performance info:
         Transaction,    Success,    Partial,     Failed,   Receipts, AvgBarcode, 
             Overall,     255362,          0,          0,     242359,      59.48, 
         Response times:
             Request,    Success,    Partial,     Failed,   SkipFail,     Probes,    Samples,      min,      p50,      p90,      p95,      p99,      max, 
       TotalPurchase,     254055,          0,          0,          0,      88844,     180318,      700,   256000,   551000,   620000,   790000, 14000000,
     InStorePurchase,     134596,          0,          0,          0,      46200,      94566,      700,   253000,   547000,   610000,   700000, 14000000,
      OnlinePurchase,      92113,          0,          0,          0,      32702,      66533,     1000,   258000,   563000,   640000,  5200000, 11000000,
        InstPurchase,      27346,          0,          0,          0,       9942,      19219,      900,   262000,   540000,   598000,   730000,  6700000,
          AssocOfCat,        272,          0,          0,          0,        188,        382,    71000,   333000,   610000,   777000,  1134000,  1500000,
      AssocOfProduct,       2691,          0,          0,          0,       1162,       2216,     5000,   251000,   546000,   630000,   810000,  1500000,
      BusinessReport,        678,          0,          0,          0,        520,        990,    72000,   344000,   630000,   670000,   901800,  1500000,
          CustBuyBeh,       2698,          0,          0,          0,       1118,       2122,     3800,   262500,   564000,   670000,   865400,  2000000,
       ProductReturn,       7118,          0,          0,          0,       2734,       5142,     3000,   269000,   562400,   650000,   910000,  8400000,

  7816s: 
  7816s: Failed, 6 overall retries left, retrying 1 of 1
  7816s: (96%)   IR =  13284 ..[7819.767s][info][gc,start       ] GC(1494) Pause Young (Mixed) (G1 Evacuation Pause)
[7819.767s][info][gc,task        ] GC(1494) Using 8 workers of 8 for evacuation
[7819.922s][info][gc,phases      ] GC(1494)   Pre Evacuate Collection Set: 0.27ms
[7819.922s][info][gc,phases      ] GC(1494)   Merge Heap Roots: 0.83ms
[7819.922s][info][gc,phases      ] GC(1494)   Evacuate Collection Set: 152.59ms
[7819.922s][info][gc,phases      ] GC(1494)   Post Evacuate Collection Set: 1.21ms
[7819.922s][info][gc,phases      ] GC(1494)   Other: 0.08ms
[7819.922s][info][gc,heap        ] GC(1494) Eden regions: 571->0(571)
[7819.922s][info][gc,heap        ] GC(1494) Survivor regions: 43->43(77)
[7819.922s][info][gc,heap        ] GC(1494) Old regions: 253->158
[7819.922s][info][gc,heap        ] GC(1494) Humongous regions: 33->33
[7819.922s][info][gc,metaspace   ] GC(1494) Metaspace: 29998K(30144K)->29998K(30144K) NonClass: 29998K(30144K)->29998K(30144K) Class: 0K(0K)->0K(0K)
[7819.922s][info][gc             ] GC(1494) Pause Young (Mixed) (G1 Evacuation Pause) 7177M->1850M(8192M) 155.102ms
[7819.922s][info][gc,cpu         ] GC(1494) User=1.23s Sys=0.00s Real=0.16s
...[7822.686s][info][gc,start       ] GC(1495) Pause Young (Mixed) (G1 Evacuation Pause)
[7822.686s][info][gc,task        ] GC(1495) Using 8 workers of 8 for evacuation
[7822.861s][info][gc,phases      ] GC(1495)   Pre Evacuate Collection Set: 0.23ms
[7822.861s][info][gc,phases      ] GC(1495)   Merge Heap Roots: 0.69ms
[7822.861s][info][gc,phases      ] GC(1495)   Evacuate Collection Set: 173.35ms
[7822.861s][info][gc,phases      ] GC(1495)   Post Evacuate Collection Set: 1.04ms
[7822.861s][info][gc,phases      ] GC(1495)   Other: 0.06ms
[7822.861s][info][gc,heap        ] GC(1495) Eden regions: 571->0(566)
[7822.861s][info][gc,heap        ] GC(1495) Survivor regions: 43->48(77)
[7822.861s][info][gc,heap        ] GC(1495) Old regions: 158->145
[7822.861s][info][gc,heap        ] GC(1495) Humongous regions: 33->33
[7822.861s][info][gc,metaspace   ] GC(1495) Metaspace: 29998K(30144K)->29998K(30144K) NonClass: 29998K(30144K)->29998K(30144K) Class: 0K(0K)->0K(0K)
[7822.861s][info][gc             ] GC(1495) Pause Young (Mixed) (G1 Evacuation Pause) 6418M->1789M(8192M) 175.519ms
[7822.861s][info][gc,cpu         ] GC(1495) User=1.39s Sys=0.00s Real=0.18s
...[7825.672s][info][gc,start       ] GC(1496) Pause Young (Normal) (G1 Evacuation Pause)
[7825.672s][info][gc,task        ] GC(1496) Using 8 workers of 8 for evacuation
[7825.842s][info][gc,phases      ] GC(1496)   Pre Evacuate Collection Set: 0.21ms
[7825.842s][info][gc,phases      ] GC(1496)   Merge Heap Roots: 0.49ms
[7825.842s][info][gc,phases      ] GC(1496)   Evacuate Collection Set: 167.87ms
[7825.842s][info][gc,phases      ] GC(1496)   Post Evacuate Collection Set: 1.05ms
[7825.842s][info][gc,phases      ] GC(1496)   Other: 0.06ms
[7825.842s][info][gc,heap        ] GC(1496) Eden regions: 566->0(565)
[7825.842s][info][gc,heap        ] GC(1496) Survivor regions: 48->49(77)
[7825.842s][info][gc,heap        ] GC(1496) Old regions: 145->152
[7825.842s][info][gc,heap        ] GC(1496) Humongous regions: 33->33
[7825.842s][info][gc,metaspace   ] GC(1496) Metaspace: 29998K(30144K)->29998K(30144K) NonClass: 29998K(30144K)->29998K(30144K) Class: 0K(0K)->0K(0K)
[7825.842s][info][gc             ] GC(1496) Pause Young (Normal) (G1 Evacuation Pause) 6317M->1855M(8192M) 169.813ms
[7825.842s][info][gc,cpu         ] GC(1496) User=1.34s Sys=0.00s Real=0.17s
...[7828.639s][info][gc,start       ] GC(1497) Pause Young (Normal) (G1 Evacuation Pause)
[7828.639s][info][gc,task        ] GC(1497) Using 8 workers of 8 for evacuation
[7828.795s][info][gc,phases      ] GC(1497)   Pre Evacuate Collection Set: 0.23ms
[7828.795s][info][gc,phases      ] GC(1497)   Merge Heap Roots: 0.54ms
[7828.796s][info][gc,phases      ] GC(1497)   Evacuate Collection Set: 154.91ms
[7828.796s][info][gc,phases      ] GC(1497)   Post Evacuate Collection Set: 1.07ms
[7828.796s][info][gc,phases      ] GC(1497)   Other: 0.07ms
[7828.796s][info][gc,heap        ] GC(1497) Eden regions: 565->0(570)
[7828.796s][info][gc,heap        ] GC(1497) Survivor regions: 49->44(77)
[7828.796s][info][gc,heap        ] GC(1497) Old regions: 152->160
[7828.796s][info][gc,heap        ] GC(1497) Humongous regions: 33->33
[7828.796s][info][gc,metaspace   ] GC(1497) Metaspace: 29998K(30144K)->29998K(30144K) NonClass: 29998K(30144K)->29998K(30144K) Class: 0K(0K)->0K(0K)
[7828.796s][info][gc             ] GC(1497) Pause Young (Normal) (G1 Evacuation Pause) 6375M->1873M(8192M) 156.954ms
[7828.796s][info][gc,cpu         ] GC(1497) User=1.25s Sys=0.00s Real=0.15s
...[7831.592s][info][gc,start       ] GC(1498) Pause Young (Normal) (G1 Evacuation Pause)
[7831.593s][info][gc,task        ] GC(1498) Using 8 workers of 8 for evacuation
[7831.744s][info][gc,phases      ] GC(1498)   Pre Evacuate Collection Set: 0.22ms
[7831.744s][info][gc,phases      ] GC(1498)   Merge Heap Roots: 0.52ms
[7831.744s][info][gc,phases      ] GC(1498)   Evacuate Collection Set: 149.34ms
[7831.744s][info][gc,phases      ] GC(1498)   Post Evacuate Collection Set: 1.01ms
[7831.744s][info][gc,phases      ] GC(1498)   Other: 0.06ms
[7831.744s][info][gc,heap        ] GC(1498) Eden regions: 570->0(571)
[7831.744s][info][gc,heap        ] GC(1498) Survivor regions: 44->43(77)
[7831.744s][info][gc,heap        ] GC(1498) Old regions: 160->167
[7831.744s][info][gc,heap        ] GC(1498) Humongous regions: 33->33
[7831.744s][info][gc,metaspace   ] GC(1498) Metaspace: 29998K(30144K)->29998K(30144K) NonClass: 29998K(30144K)->29998K(30144K) Class: 0K(0K)->0K(0K)
[7831.744s][info][gc             ] GC(1498) Pause Young (Normal) (G1 Evacuation Pause) 6433M->1926M(8192M) 151.295ms
[7831.744s][info][gc,cpu         ] GC(1498) User=1.20s Sys=0.00s Real=0.15s
...[7834.374s][info][gc,start       ] GC(1499) Pause Young (Normal) (G1 Evacuation Pause)
[7834.374s][info][gc,task        ] GC(1499) Using 8 workers of 8 for evacuation
[7834.529s][info][gc,phases      ] GC(1499)   Pre Evacuate Collection Set: 0.22ms
[7834.529s][info][gc,phases      ] GC(1499)   Merge Heap Roots: 0.57ms
[7834.529s][info][gc,phases      ] GC(1499)   Evacuate Collection Set: 153.82ms
[7834.529s][info][gc,phases      ] GC(1499)   Post Evacuate Collection Set: 1.02ms
[7834.529s][info][gc,phases      ] GC(1499)   Other: 0.06ms
[7834.529s][info][gc,heap        ] GC(1499) Eden regions: 571->0(569)
[7834.529s][info][gc,heap        ] GC(1499) Survivor regions: 43->45(77)
[7834.529s][info][gc,heap        ] GC(1499) Old regions: 167->174
[7834.529s][info][gc,heap        ] GC(1499) Humongous regions: 33->33
[7834.529s][info][gc,metaspace   ] GC(1499) Metaspace: 29998K(30144K)->29998K(30144K) NonClass: 29998K(30144K)->29998K(30144K) Class: 0K(0K)->0K(0K)
[7834.530s][info][gc             ] GC(1499) Pause Young (Normal) (G1 Evacuation Pause) 6494M->1997M(8192M) 155.823ms
[7834.530s][info][gc,cpu         ] GC(1499) User=1.23s Sys=0.00s Real=0.16s
...[7837.392s][info][gc,start       ] GC(1500) Pause Young (Normal) (G1 Evacuation Pause)
[7837.392s][info][gc,task        ] GC(1500) Using 8 workers of 8 for evacuation
[7837.548s][info][gc,phases      ] GC(1500)   Pre Evacuate Collection Set: 0.23ms
[7837.548s][info][gc,phases      ] GC(1500)   Merge Heap Roots: 0.50ms
[7837.548s][info][gc,phases      ] GC(1500)   Evacuate Collection Set: 154.88ms
[7837.548s][info][gc,phases      ] GC(1500)   Post Evacuate Collection Set: 1.05ms
[7837.548s][info][gc,phases      ] GC(1500)   Other: 0.07ms
[7837.548s][info][gc,heap        ] GC(1500) Eden regions: 569->0(569)
[7837.548s][info][gc,heap        ] GC(1500) Survivor regions: 45->45(77)
[7837.548s][info][gc,heap        ] GC(1500) Old regions: 174->181
[7837.548s][info][gc,heap        ] GC(1500) Humongous regions: 33->33
[7837.548s][info][gc,metaspace   ] GC(1500) Metaspace: 29998K(30144K)->29998K(30144K) NonClass: 29998K(30144K)->29998K(30144K) Class: 0K(0K)->0K(0K)
[7837.548s][info][gc             ] GC(1500) Pause Young (Normal) (G1 Evacuation Pause) 6549M->2050M(8192M) 156.867ms
[7837.548s][info][gc,cpu         ] GC(1500) User=1.24s Sys=0.00s Real=0.16s
...[7840.292s][info][gc,start       ] GC(1501) Pause Young (Normal) (G1 Evacuation Pause)
[7840.292s][info][gc,task        ] GC(1501) Using 8 workers of 8 for evacuation
[7840.443s][info][gc,phases      ] GC(1501)   Pre Evacuate Collection Set: 0.23ms
[7840.443s][info][gc,phases      ] GC(1501)   Merge Heap Roots: 0.54ms
[7840.443s][info][gc,phases      ] GC(1501)   Evacuate Collection Set: 149.38ms
[7840.443s][info][gc,phases      ] GC(1501)   Post Evacuate Collection Set: 1.01ms
[7840.443s][info][gc,phases      ] GC(1501)   Other: 0.06ms
[7840.444s][info][gc,heap        ] GC(1501) Eden regions: 569->0(571)
[7840.444s][info][gc,heap        ] GC(1501) Survivor regions: 45->43(77)
[7840.444s][info][gc,heap        ] GC(1501) Old regions: 181->189
[7840.444s][info][gc,heap        ] GC(1501) Humongous regions: 33->33
[7840.444s][info][gc,metaspace   ] GC(1501) Metaspace: 29998K(30144K)->29998K(30144K) NonClass: 29998K(30144K)->29998K(30144K) Class: 0K(0K)->0K(0K)
[7840.444s][info][gc             ] GC(1501) Pause Young (Normal) (G1 Evacuation Pause) 6602M->2102M(8192M) 151.352ms
[7840.444s][info][gc,cpu         ] GC(1501) User=1.20s Sys=0.00s Real=0.15s
...[7843.254s][info][gc,start       ] GC(1502) Pause Young (Normal) (G1 Evacuation Pause)
[7843.254s][info][gc,task        ] GC(1502) Using 8 workers of 8 for evacuation
[7843.410s][info][gc,phases      ] GC(1502)   Pre Evacuate Collection Set: 0.22ms
[7843.410s][info][gc,phases      ] GC(1502)   Merge Heap Roots: 0.50ms
[7843.410s][info][gc,phases      ] GC(1502)   Evacuate Collection Set: 154.76ms
[7843.410s][info][gc,phases      ] GC(1502)   Post Evacuate Collection Set: 1.02ms
[7843.410s][info][gc,phases      ] GC(1502)   Other: 0.06ms
[7843.410s][info][gc,heap        ] GC(1502) Eden regions: 571->0(569)
[7843.410s][info][gc,heap        ] GC(1502) Survivor regions: 43->45(77)
[7843.410s][info][gc,heap        ] GC(1502) Old regions: 189->196
[7843.410s][info][gc,heap        ] GC(1502) Humongous regions: 33->33
[7843.410s][info][gc,metaspace   ] GC(1502) Metaspace: 29998K(30144K)->29998K(30144K) NonClass: 29998K(30144K)->29998K(30144K) Class: 0K(0K)->0K(0K)
[7843.410s][info][gc             ] GC(1502) Pause Young (Normal) (G1 Evacuation Pause) 6670M->2173M(8192M) 156.669ms
[7843.410s][info][gc,cpu         ] GC(1502) User=1.24s Sys=0.00s Real=0.16s
..[7846.128s][info][gc,start       ] GC(1503) Pause Young (Normal) (G1 Evacuation Pause)
[7846.128s][info][gc,task        ] GC(1503) Using 8 workers of 8 for evacuation
[7846.279s][info][gc,phases      ] GC(1503)   Pre Evacuate Collection Set: 0.22ms
[7846.279s][info][gc,phases      ] GC(1503)   Merge Heap Roots: 0.52ms
[7846.279s][info][gc,phases      ] GC(1503)   Evacuate Collection Set: 149.02ms
[7846.279s][info][gc,phases      ] GC(1503)   Post Evacuate Collection Set: 1.01ms
[7846.279s][info][gc,phases      ] GC(1503)   Other: 0.06ms
[7846.279s][info][gc,heap        ] GC(1503) Eden regions: 569->0(570)
[7846.279s][info][gc,heap        ] GC(1503) Survivor regions: 45->44(77)
[7846.279s][info][gc,heap        ] GC(1503) Old regions: 196->203
[7846.279s][info][gc,heap        ] GC(1503) Humongous regions: 33->33
[7846.279s][info][gc,metaspace   ] GC(1503) Metaspace: 29998K(30144K)->29998K(30144K) NonClass: 29998K(30144K)->29998K(30144K) Class: 0K(0K)->0K(0K)
[7846.279s][info][gc             ] GC(1503) Pause Young (Normal) (G1 Evacuation Pause) 6725M->2218M(8192M) 150.968ms
[7846.279s][info][gc,cpu         ] GC(1503) User=1.20s Sys=0.00s Real=0.15s
...[7849.079s][info][gc,start       ] GC(1504) Pause Young (Normal) (G1 Evacuation Pause)
[7849.079s][info][gc,task        ] GC(1504) Using 8 workers of 8 for evacuation
[7849.242s][info][gc,phases      ] GC(1504)   Pre Evacuate Collection Set: 0.22ms
[7849.242s][info][gc,phases      ] GC(1504)   Merge Heap Roots: 0.52ms
[7849.242s][info][gc,phases      ] GC(1504)   Evacuate Collection Set: 161.24ms
[7849.242s][info][gc,phases      ] GC(1504)   Post Evacuate Collection Set: 1.05ms
[7849.242s][info][gc,phases      ] GC(1504)   Other: 0.06ms
[7849.242s][info][gc,heap        ] GC(1504) Eden regions: 570->0(567)
[7849.242s][info][gc,heap        ] GC(1504) Survivor regions: 44->47(77)
[7849.242s][info][gc,heap        ] GC(1504) Old regions: 203->210
[7849.242s][info][gc,heap        ] GC(1504) Humongous regions: 33->33
[7849.242s][info][gc,metaspace   ] GC(1504) Metaspace: 29998K(30144K)->29998K(30144K) NonClass: 29998K(30144K)->29998K(30144K) Class: 0K(0K)->0K(0K)
[7849.242s][info][gc             ] GC(1504) Pause Young (Normal) (G1 Evacuation Pause) 6778M->2301M(8192M) 163.225ms
[7849.242s][info][gc,cpu         ] GC(1504) User=1.29s Sys=0.00s Real=0.16s
...[7851.911s][info][gc,start       ] GC(1505) Pause Young (Normal) (G1 Evacuation Pause)
[7851.911s][info][gc,task        ] GC(1505) Using 8 workers of 8 for evacuation
[7852.086s][info][gc,phases      ] GC(1505)   Pre Evacuate Collection Set: 0.22ms
[7852.086s][info][gc,phases      ] GC(1505)   Merge Heap Roots: 0.51ms
[7852.086s][info][gc,phases      ] GC(1505)   Evacuate Collection Set: 173.05ms
[7852.086s][info][gc,phases      ] GC(1505)   Post Evacuate Collection Set: 1.05ms
[7852.086s][info][gc,phases      ] GC(1505)   Other: 0.06ms
[7852.086s][info][gc,heap        ] GC(1505) Eden regions: 567->0(563)
[7852.086s][info][gc,heap        ] GC(1505) Survivor regions: 47->51(77)
[7852.086s][info][gc,heap        ] GC(1505) Old regions: 210->217
[7852.086s][info][gc,heap        ] GC(1505) Humongous regions: 33->33
[7852.086s][info][gc,metaspace   ] GC(1505) Metaspace: 29998K(30144K)->29998K(30144K) NonClass: 29998K(30144K)->29998K(30144K) Class: 0K(0K)->0K(0K)
[7852.086s][info][gc             ] GC(1505) Pause Young (Normal) (G1 Evacuation Pause) 6837M->2386M(8192M) 175.025ms
[7852.086s][info][gc,cpu         ] GC(1505) User=1.39s Sys=0.01s Real=0.17s
...[7854.679s][info][gc,start       ] GC(1506) Pause Young (Normal) (G1 Evacuation Pause)
[7854.679s][info][gc,task        ] GC(1506) Using 8 workers of 8 for evacuation
[7854.837s][info][gc,phases      ] GC(1506)   Pre Evacuate Collection Set: 0.24ms
[7854.837s][info][gc,phases      ] GC(1506)   Merge Heap Roots: 0.53ms
[7854.837s][info][gc,phases      ] GC(1506)   Evacuate Collection Set: 155.17ms
[7854.837s][info][gc,phases      ] GC(1506)   Post Evacuate Collection Set: 1.04ms
[7854.837s][info][gc,phases      ] GC(1506)   Other: 0.07ms
[7854.837s][info][gc,heap        ] GC(1506) Eden regions: 563->0(569)
[7854.837s][info][gc,heap        ] GC(1506) Survivor regions: 51->45(77)
[7854.837s][info][gc,heap        ] GC(1506) Old regions: 217->224
[7854.837s][info][gc,heap        ] GC(1506) Humongous regions: 33->33
[7854.837s][info][gc,metaspace   ] GC(1506) Metaspace: 29998K(30144K)->29998K(30144K) NonClass: 29998K(30144K)->29998K(30144K) Class: 0K(0K)->0K(0K)
[7854.837s][info][gc             ] GC(1506) Pause Young (Normal) (G1 Evacuation Pause) 6890M->2399M(8192M) 157.195ms
[7854.837s][info][gc,cpu         ] GC(1506) User=1.25s Sys=0.00s Real=0.15s
...[7857.550s][info][gc,start       ] GC(1507) Pause Young (Normal) (G1 Evacuation Pause)
[7857.550s][info][gc,task        ] GC(1507) Using 8 workers of 8 for evacuation
[7857.714s][info][gc,phases      ] GC(1507)   Pre Evacuate Collection Set: 0.20ms
[7857.714s][info][gc,phases      ] GC(1507)   Merge Heap Roots: 0.51ms
[7857.714s][info][gc,phases      ] GC(1507)   Evacuate Collection Set: 161.69ms
[7857.714s][info][gc,phases      ] GC(1507)   Post Evacuate Collection Set: 1.05ms
[7857.714s][info][gc,phases      ] GC(1507)   Other: 0.06ms
[7857.714s][info][gc,heap        ] GC(1507) Eden regions: 569->0(566)
[7857.714s][info][gc,heap        ] GC(1507) Survivor regions: 45->48(77)
[7857.714s][info][gc,heap        ] GC(1507) Old regions: 224->231
[7857.714s][info][gc,heap        ] GC(1507) Humongous regions: 33->33
[7857.714s][info][gc,metaspace   ] GC(1507) Metaspace: 29998K(30144K)->29998K(30144K) NonClass: 29998K(30144K)->29998K(30144K) Class: 0K(0K)->0K(0K)
[7857.714s][info][gc             ] GC(1507) Pause Young (Normal) (G1 Evacuation Pause) 6951M->2477M(8192M) 163.643ms
[7857.714s][info][gc,cpu         ] GC(1507) User=1.30s Sys=0.00s Real=0.16s
...[7860.456s][info][gc,start       ] GC(1508) Pause Young (Normal) (G1 Evacuation Pause)
[7860.457s][info][gc,task        ] GC(1508) Using 8 workers of 8 for evacuation
[7860.616s][info][gc,phases      ] GC(1508)   Pre Evacuate Collection Set: 0.21ms
[7860.616s][info][gc,phases      ] GC(1508)   Merge Heap Roots: 0.51ms
[7860.616s][info][gc,phases      ] GC(1508)   Evacuate Collection Set: 157.53ms
[7860.616s][info][gc,phases      ] GC(1508)   Post Evacuate Collection Set: 1.03ms
[7860.616s][info][gc,phases      ] GC(1508)   Other: 0.06ms
[7860.616s][info][gc,heap        ] GC(1508) Eden regions: 566->0(568)
[7860.616s][info][gc,heap        ] GC(1508) Survivor regions: 48->46(77)
[7860.616s][info][gc,heap        ] GC(1508) Old regions: 231->238
[7860.616s][info][gc,heap        ] GC(1508) Humongous regions: 33->33
[7860.616s][info][gc,metaspace   ] GC(1508) Metaspace: 29998K(30144K)->29998K(30144K) NonClass: 29998K(30144K)->29998K(30144K) Class: 0K(0K)->0K(0K)
[7860.616s][info][gc             ] GC(1508) Pause Young (Normal) (G1 Evacuation Pause) 7005M->2517M(8192M) 159.473ms
[7860.616s][info][gc,cpu         ] GC(1508) User=1.26s Sys=0.00s Real=0.16s
...[7863.439s][info][gc,start       ] GC(1509) Pause Young (Normal) (G1 Evacuation Pause)
[7863.439s][info][gc,task        ] GC(1509) Using 8 workers of 8 for evacuation
[7863.590s][info][gc,phases      ] GC(1509)   Pre Evacuate Collection Set: 0.24ms
[7863.590s][info][gc,phases      ] GC(1509)   Merge Heap Roots: 0.50ms
[7863.590s][info][gc,phases      ] GC(1509)   Evacuate Collection Set: 149.90ms
[7863.590s][info][gc,phases      ] GC(1509)   Post Evacuate Collection Set: 1.01ms
[7863.590s][info][gc,phases      ] GC(1509)   Other: 0.08ms
[7863.590s][info][gc,heap        ] GC(1509) Eden regions: 568->0(570)
[7863.590s][info][gc,heap        ] GC(1509) Survivor regions: 46->44(77)
[7863.590s][info][gc,heap        ] GC(1509) Old regions: 238->245
[7863.590s][info][gc,heap        ] GC(1509) Humongous regions: 33->33
[7863.590s][info][gc,metaspace   ] GC(1509) Metaspace: 29998K(30144K)->29998K(30144K) NonClass: 29998K(30144K)->29998K(30144K) Class: 0K(0K)->0K(0K)
[7863.590s][info][gc             ] GC(1509) Pause Young (Normal) (G1 Evacuation Pause) 7061M->2559M(8192M) 151.849ms
[7863.591s][info][gc,cpu         ] GC(1509) User=1.20s Sys=0.00s Real=0.15s
...[7866.360s][info][gc,start       ] GC(1510) Pause Young (Normal) (G1 Evacuation Pause)
[7866.360s][info][gc,task        ] GC(1510) Using 8 workers of 8 for evacuation
[7866.512s][info][gc,phases      ] GC(1510)   Pre Evacuate Collection Set: 0.21ms
[7866.512s][info][gc,phases      ] GC(1510)   Merge Heap Roots: 0.51ms
[7866.512s][info][gc,phases      ] GC(1510)   Evacuate Collection Set: 149.80ms
[7866.512s][info][gc,phases      ] GC(1510)   Post Evacuate Collection Set: 1.04ms
[7866.512s][info][gc,phases      ] GC(1510)   Other: 0.06ms
[7866.512s][info][gc,heap        ] GC(1510) Eden regions: 570->0(570)
[7866.512s][info][gc,heap        ] GC(1510) Survivor regions: 44->44(77)
[7866.512s][info][gc,heap        ] GC(1510) Old regions: 245->252
[7866.512s][info][gc,heap        ] GC(1510) Humongous regions: 33->33
[7866.512s][info][gc,metaspace   ] GC(1510) Metaspace: 29998K(30144K)->29998K(30144K) NonClass: 29998K(30144K)->29998K(30144K) Class: 0K(0K)->0K(0K)
[7866.512s][info][gc             ] GC(1510) Pause Young (Normal) (G1 Evacuation Pause) 7119M->2615M(8192M) 151.756ms
[7866.512s][info][gc,cpu         ] GC(1510) User=1.20s Sys=0.01s Real=0.15s
...|[7869.346s][info][gc,start       ] GC(1511) Pause Young (Normal) (G1 Evacuation Pause)
[7869.347s][info][gc,task        ] GC(1511) Using 8 workers of 8 for evacuation
[7869.500s][info][gc,phases      ] GC(1511)   Pre Evacuate Collection Set: 0.22ms
[7869.500s][info][gc,phases      ] GC(1511)   Merge Heap Roots: 0.51ms
[7869.500s][info][gc,phases      ] GC(1511)   Evacuate Collection Set: 151.46ms
[7869.500s][info][gc,phases      ] GC(1511)   Post Evacuate Collection Set: 1.03ms
[7869.500s][info][gc,phases      ] GC(1511)   Other: 0.07ms
[7869.500s][info][gc,heap        ] GC(1511) Eden regions: 570->0(571)
[7869.500s][info][gc,heap        ] GC(1511) Survivor regions: 44->43(77)
[7869.500s][info][gc,heap        ] GC(1511) Old regions: 252->260
[7869.500s][info][gc,heap        ] GC(1511) Humongous regions: 33->33
[7869.500s][info][gc,metaspace   ] GC(1511) Metaspace: 29998K(30144K)->29998K(30144K) NonClass: 29998K(30144K)->29998K(30144K) Class: 0K(0K)->0K(0K)
[7869.500s][info][gc             ] GC(1511) Pause Young (Normal) (G1 Evacuation Pause) 7175M->2670M(8192M) 153.413ms
[7869.500s][info][gc,cpu         ] GC(1511) User=1.22s Sys=0.00s Real=0.16s
...[7872.366s][info][gc,start       ] GC(1512) Pause Young (Normal) (G1 Evacuation Pause)
[7872.366s][info][gc,task        ] GC(1512) Using 8 workers of 8 for evacuation
[7872.522s][info][gc,phases      ] GC(1512)   Pre Evacuate Collection Set: 0.22ms
[7872.522s][info][gc,phases      ] GC(1512)   Merge Heap Roots: 0.52ms
[7872.522s][info][gc,phases      ] GC(1512)   Evacuate Collection Set: 154.36ms
[7872.522s][info][gc,phases      ] GC(1512)   Post Evacuate Collection Set: 1.05ms
[7872.522s][info][gc,phases      ] GC(1512)   Other: 0.06ms
[7872.522s][info][gc,heap        ] GC(1512) Eden regions: 571->0(568)
[7872.522s][info][gc,heap        ] GC(1512) Survivor regions: 43->46(77)
[7872.522s][info][gc,heap        ] GC(1512) Old regions: 260->267
[7872.522s][info][gc,heap        ] GC(1512) Humongous regions: 33->33
[7872.522s][info][gc,metaspace   ] GC(1512) Metaspace: 29998K(30144K)->29998K(30144K) NonClass: 29998K(30144K)->29998K(30144K) Class: 0K(0K)->0K(0K)
[7872.522s][info][gc             ] GC(1512) Pause Young (Normal) (G1 Evacuation Pause) 7238M->2750M(8192M) 156.365ms
[7872.522s][info][gc,cpu         ] GC(1512) User=1.24s Sys=0.00s Real=0.16s
..[7875.287s][info][gc,start       ] GC(1513) Pause Young (Normal) (G1 Evacuation Pause)
[7875.287s][info][gc,task        ] GC(1513) Using 8 workers of 8 for evacuation
[7875.442s][info][gc,phases      ] GC(1513)   Pre Evacuate Collection Set: 0.21ms
[7875.442s][info][gc,phases      ] GC(1513)   Merge Heap Roots: 0.53ms
[7875.442s][info][gc,phases      ] GC(1513)   Evacuate Collection Set: 152.73ms
[7875.442s][info][gc,phases      ] GC(1513)   Post Evacuate Collection Set: 1.04ms
[7875.442s][info][gc,phases      ] GC(1513)   Other: 0.06ms
[7875.442s][info][gc,heap        ] GC(1513) Eden regions: 568->0(570)
[7875.442s][info][gc,heap        ] GC(1513) Survivor regions: 46->44(77)
[7875.442s][info][gc,heap        ] GC(1513) Old regions: 267->275
[7875.442s][info][gc,heap        ] GC(1513) Humongous regions: 33->33
[7875.442s][info][gc,metaspace   ] GC(1513) Metaspace: 29998K(30144K)->29998K(30144K) NonClass: 29998K(30144K)->29998K(30144K) Class: 0K(0K)->0K(0K)
[7875.442s][info][gc             ] GC(1513) Pause Young (Normal) (G1 Evacuation Pause) 7294M->2793M(8192M) 154.732ms
[7875.442s][info][gc,cpu         ] GC(1513) User=1.22s Sys=0.00s Real=0.15s
...[7878.090s][info][gc,start       ] GC(1514) Pause Young (Normal) (G1 Evacuation Pause)
[7878.090s][info][gc,task        ] GC(1514) Using 8 workers of 8 for evacuation
[7878.251s][info][gc,phases      ] GC(1514)   Pre Evacuate Collection Set: 0.22ms
[7878.251s][info][gc,phases      ] GC(1514)   Merge Heap Roots: 0.51ms
[7878.251s][info][gc,phases      ] GC(1514)   Evacuate Collection Set: 159.44ms
[7878.251s][info][gc,phases      ] GC(1514)   Post Evacuate Collection Set: 1.03ms
[7878.251s][info][gc,phases      ] GC(1514)   Other: 0.06ms
[7878.251s][info][gc,heap        ] GC(1514) Eden regions: 570->0(563)
[7878.251s][info][gc,heap        ] GC(1514) Survivor regions: 44->47(77)
[7878.251s][info][gc,heap        ] GC(1514) Old regions: 275->282
[7878.251s][info][gc,heap        ] GC(1514) Humongous regions: 33->33
[7878.251s][info][gc,metaspace   ] GC(1514) Metaspace: 29998K(30144K)->29998K(30144K) NonClass: 29998K(30144K)->29998K(30144K) Class: 0K(0K)->0K(0K)
[7878.251s][info][gc             ] GC(1514) Pause Young (Normal) (G1 Evacuation Pause) 7353M->2874M(8192M) 161.394ms
[7878.251s][info][gc,cpu         ] GC(1514) User=1.28s Sys=0.00s Real=0.16s
...[7881.041s][info][gc,start       ] GC(1515) Pause Young (Normal) (G1 Evacuation Pause)
[7881.041s][info][gc,task        ] GC(1515) Using 8 workers of 8 for evacuation
[7881.191s][info][gc,phases      ] GC(1515)   Pre Evacuate Collection Set: 0.24ms
[7881.191s][info][gc,phases      ] GC(1515)   Merge Heap Roots: 0.50ms
[7881.191s][info][gc,phases      ] GC(1515)   Evacuate Collection Set: 148.26ms
[7881.191s][info][gc,phases      ] GC(1515)   Post Evacuate Collection Set: 1.05ms
[7881.191s][info][gc,phases      ] GC(1515)   Other: 0.06ms
[7881.191s][info][gc,heap        ] GC(1515) Eden regions: 563->0(564)
[7881.191s][info][gc,heap        ] GC(1515) Survivor regions: 47->43(77)
[7881.191s][info][gc,heap        ] GC(1515) Old regions: 282->289
[7881.191s][info][gc,heap        ] GC(1515) Humongous regions: 33->33
[7881.191s][info][gc,metaspace   ] GC(1515) Metaspace: 29998K(30144K)->29998K(30144K) NonClass: 29998K(30144K)->29998K(30144K) Class: 0K(0K)->0K(0K)
[7881.191s][info][gc             ] GC(1515) Pause Young (Normal) (G1 Evacuation Pause) 7378M->2903M(8192M) 150.231ms
[7881.191s][info][gc,cpu         ] GC(1515) User=1.19s Sys=0.00s Real=0.15s
...[7883.964s][info][gc,start       ] GC(1516) Pause Young (Normal) (G1 Evacuation Pause)
[7883.964s][info][gc,task        ] GC(1516) Using 8 workers of 8 for evacuation
[7884.114s][info][gc,phases      ] GC(1516)   Pre Evacuate Collection Set: 0.24ms
[7884.114s][info][gc,phases      ] GC(1516)   Merge Heap Roots: 0.51ms
[7884.114s][info][gc,phases      ] GC(1516)   Evacuate Collection Set: 147.92ms
[7884.114s][info][gc,phases      ] GC(1516)   Post Evacuate Collection Set: 1.04ms
[7884.114s][info][gc,phases      ] GC(1516)   Other: 0.06ms
[7884.114s][info][gc,heap        ] GC(1516) Eden regions: 564->0(558)
[7884.114s][info][gc,heap        ] GC(1516) Survivor regions: 43->42(76)
[7884.114s][info][gc,heap        ] GC(1516) Old regions: 289->297
[7884.114s][info][gc,heap        ] GC(1516) Humongous regions: 33->33
[7884.114s][info][gc,metaspace   ] GC(1516) Metaspace: 29998K(30144K)->29998K(30144K) NonClass: 29998K(30144K)->29998K(30144K) Class: 0K(0K)->0K(0K)
[7884.114s][info][gc             ] GC(1516) Pause Young (Normal) (G1 Evacuation Pause) 7415M->2955M(8192M) 149.900ms
[7884.114s][info][gc,cpu         ] GC(1516) User=1.18s Sys=0.01s Real=0.15s
...[7886.804s][info][gc,start       ] GC(1517) Pause Young (Normal) (G1 Evacuation Pause)
[7886.804s][info][gc,task        ] GC(1517) Using 8 workers of 8 for evacuation
[7886.951s][info][gc,phases      ] GC(1517)   Pre Evacuate Collection Set: 0.21ms
[7886.951s][info][gc,phases      ] GC(1517)   Merge Heap Roots: 0.53ms
[7886.951s][info][gc,phases      ] GC(1517)   Evacuate Collection Set: 144.52ms
[7886.951s][info][gc,phases      ] GC(1517)   Post Evacuate Collection Set: 1.05ms
[7886.951s][info][gc,phases      ] GC(1517)   Other: 0.07ms
[7886.951s][info][gc,heap        ] GC(1517) Eden regions: 558->0(551)
[7886.951s][info][gc,heap        ] GC(1517) Survivor regions: 42->42(75)
[7886.951s][info][gc,heap        ] GC(1517) Old regions: 297->304
[7886.951s][info][gc,heap        ] GC(1517) Humongous regions: 33->33
[7886.951s][info][gc,metaspace   ] GC(1517) Metaspace: 29998K(30144K)->29998K(30144K) NonClass: 29998K(30144K)->29998K(30144K) Class: 0K(0K)->0K(0K)
[7886.951s][info][gc             ] GC(1517) Pause Young (Normal) (G1 Evacuation Pause) 7419M->3016M(8192M) 146.512ms
[7886.951s][info][gc,cpu         ] GC(1517) User=1.16s Sys=0.01s Real=0.15s
...[7889.700s][info][gc,start       ] GC(1518) Pause Young (Concurrent Start) (G1 Evacuation Pause)
[7889.700s][info][gc,task        ] GC(1518) Using 8 workers of 8 for evacuation
[7889.848s][info][gc,phases      ] GC(1518)   Pre Evacuate Collection Set: 0.27ms
[7889.848s][info][gc,phases      ] GC(1518)   Merge Heap Roots: 0.52ms
[7889.848s][info][gc,phases      ] GC(1518)   Evacuate Collection Set: 146.35ms
[7889.848s][info][gc,phases      ] GC(1518)   Post Evacuate Collection Set: 1.00ms
[7889.848s][info][gc,phases      ] GC(1518)   Other: 0.07ms
[7889.848s][info][gc,heap        ] GC(1518) Eden regions: 551->0(540)
[7889.848s][info][gc,heap        ] GC(1518) Survivor regions: 42->44(75)
[7889.848s][info][gc,heap        ] GC(1518) Old regions: 304->311
[7889.848s][info][gc,heap        ] GC(1518) Humongous regions: 33->33
[7889.848s][info][gc,metaspace   ] GC(1518) Metaspace: 29998K(30144K)->29998K(30144K) NonClass: 29998K(30144K)->29998K(30144K) Class: 0K(0K)->0K(0K)
[7889.849s][info][gc             ] GC(1518) Pause Young (Concurrent Start) (G1 Evacuation Pause) 7424M->3086M(8192M) 148.343ms
[7889.849s][info][gc             ] GC(1519) Concurrent Mark Cycle
[7889.849s][info][gc,marking     ] GC(1519) Concurrent Scan Root Regions
[7889.849s][info][gc,cpu         ] GC(1518) User=1.17s Sys=0.00s Real=0.15s
[7890.104s][info][gc,marking     ] GC(1519) Concurrent Scan Root Regions 255.030ms
[7890.104s][info][gc,marking     ] GC(1519) Concurrent Mark
[7890.104s][info][gc,marking     ] GC(1519) Concurrent Mark From Roots
[7890.104s][info][gc,task        ] GC(1519) Using 2 workers of 2 for marking
.[7891.296s][info][gc,marking     ] GC(1519) Concurrent Mark From Roots 1191.895ms
[7891.296s][info][gc,marking     ] GC(1519) Concurrent Preclean
[7891.296s][info][gc,marking     ] GC(1519) Concurrent Preclean 0.135ms
[7891.296s][info][gc,start       ] GC(1519) Pause Remark
[7891.298s][info][gc             ] GC(1519) Pause Remark 4835M->4267M(8192M) 2.516ms
[7891.298s][info][gc,cpu         ] GC(1519) User=0.01s Sys=0.00s Real=0.01s
[7891.298s][info][gc,marking     ] GC(1519) Concurrent Mark 1194.859ms
[7891.299s][info][gc,marking     ] GC(1519) Concurrent Rebuild Remembered Sets and Scrub Regions
.[7892.108s][info][gc,marking     ] GC(1519) Concurrent Rebuild Remembered Sets and Scrub Regions 809.537ms
[7892.108s][info][gc,start       ] GC(1519) Pause Cleanup
[7892.108s][info][gc             ] GC(1519) Pause Cleanup 5378M->5378M(8192M) 0.249ms
[7892.109s][info][gc,cpu         ] GC(1519) User=0.01s Sys=0.00s Real=0.00s
[7892.109s][info][gc,marking     ] GC(1519) Concurrent Clear Claimed Marks
[7892.109s][info][gc,marking     ] GC(1519) Concurrent Clear Claimed Marks 0.042ms
[7892.109s][info][gc,marking     ] GC(1519) Concurrent Cleanup for Next Mark
[7892.119s][info][gc,marking     ] GC(1519) Concurrent Cleanup for Next Mark 10.322ms
[7892.119s][info][gc             ] GC(1519) Concurrent Mark Cycle 2270.435ms
.[7893.029s][info][gc,start       ] GC(1520) Pause Young (Prepare Mixed) (G1 Evacuation Pause)
[7893.029s][info][gc,task        ] GC(1520) Using 8 workers of 8 for evacuation
[7893.176s][info][gc,phases      ] GC(1520)   Pre Evacuate Collection Set: 0.24ms
[7893.176s][info][gc,phases      ] GC(1520)   Merge Heap Roots: 0.74ms
[7893.176s][info][gc,phases      ] GC(1520)   Evacuate Collection Set: 145.07ms
[7893.176s][info][gc,phases      ] GC(1520)   Post Evacuate Collection Set: 1.18ms
[7893.176s][info][gc,phases      ] GC(1520)   Other: 0.06ms
[7893.176s][info][gc,heap        ] GC(1520) Eden regions: 540->0(572)
[7893.176s][info][gc,heap        ] GC(1520) Survivor regions: 44->42(73)
[7893.176s][info][gc,heap        ] GC(1520) Old regions: 240->248
[7893.176s][info][gc,heap        ] GC(1520) Humongous regions: 33->33
[7893.176s][info][gc,metaspace   ] GC(1520) Metaspace: 29998K(30144K)->29998K(30144K) NonClass: 29998K(30144K)->29998K(30144K) Class: 0K(0K)->0K(0K)
[7893.176s][info][gc             ] GC(1520) Pause Young (Prepare Mixed) (G1 Evacuation Pause) 6838M->2562M(8192M) 147.425ms
[7893.176s][info][gc,cpu         ] GC(1520) User=1.17s Sys=0.00s Real=0.14s
...[7896.049s][info][gc,start       ] GC(1521) Pause Young (Mixed) (G1 Evacuation Pause)
[7896.049s][info][gc,task        ] GC(1521) Using 8 workers of 8 for evacuation
[7896.208s][info][gc,phases      ] GC(1521)   Pre Evacuate Collection Set: 0.25ms
[7896.208s][info][gc,phases      ] GC(1521)   Merge Heap Roots: 0.81ms
[7896.208s][info][gc,phases      ] GC(1521)   Evacuate Collection Set: 156.20ms
[7896.208s][info][gc,phases      ] GC(1521)   Post Evacuate Collection Set: 1.25ms
[7896.208s][info][gc,phases      ] GC(1521)   Other: 0.07ms
[7896.208s][info][gc,heap        ] GC(1521) Eden regions: 572->0(571)
[7896.208s][info][gc,heap        ] GC(1521) Survivor regions: 42->43(77)
[7896.208s][info][gc,heap        ] GC(1521) Old regions: 248->154
[7896.208s][info][gc,heap        ] GC(1521) Humongous regions: 33->33
[7896.208s][info][gc,metaspace   ] GC(1521) Metaspace: 29998K(30144K)->29998K(30144K) NonClass: 29998K(30144K)->29998K(30144K) Class: 0K(0K)->0K(0K)
[7896.208s][info][gc             ] GC(1521) Pause Young (Mixed) (G1 Evacuation Pause) 7138M->1821M(8192M) 158.704ms
[7896.208s][info][gc,cpu         ] GC(1521) User=1.26s Sys=0.00s Real=0.16s
...[7898.964s][info][gc,start       ] GC(1522) Pause Young (Mixed) (G1 Evacuation Pause)
[7898.964s][info][gc,task        ] GC(1522) Using 8 workers of 8 for evacuation
[7899.122s][info][gc,phases      ] GC(1522)   Pre Evacuate Collection Set: 0.23ms
[7899.122s][info][gc,phases      ] GC(1522)   Merge Heap Roots: 0.72ms
[7899.122s][info][gc,phases      ] GC(1522)   Evacuate Collection Set: 155.61ms
[7899.122s][info][gc,phases      ] GC(1522)   Post Evacuate Collection Set: 1.03ms
[7899.122s][info][gc,phases      ] GC(1522)   Other: 0.06ms
[7899.122s][info][gc,heap        ] GC(1522) Eden regions: 571->0(570)
[7899.122s][info][gc,heap        ] GC(1522) Survivor regions: 43->44(77)
[7899.122s][info][gc,heap        ] GC(1522) Old regions: 154->144
[7899.122s][info][gc,heap        ] GC(1522) Humongous regions: 33->33
[7899.122s][info][gc,metaspace   ] GC(1522) Metaspace: 29998K(30144K)->29998K(30144K) NonClass: 29998K(30144K)->29998K(30144K) Class: 0K(0K)->0K(0K)
[7899.122s][info][gc             ] GC(1522) Pause Young (Mixed) (G1 Evacuation Pause) 6389M->1745M(8192M) 157.792ms
[7899.122s][info][gc,cpu         ] GC(1522) User=1.25s Sys=0.00s Real=0.16s
...[7901.869s][info][gc,start       ] GC(1523) Pause Young (Normal) (G1 Evacuation Pause)
[7901.869s][info][gc,task        ] GC(1523) Using 8 workers of 8 for evacuation
[7902.023s][info][gc,phases      ] GC(1523)   Pre Evacuate Collection Set: 0.22ms
[7902.023s][info][gc,phases      ] GC(1523)   Merge Heap Roots: 0.50ms
[7902.023s][info][gc,phases      ] GC(1523)   Evacuate Collection Set: 151.99ms
[7902.023s][info][gc,phases      ] GC(1523)   Post Evacuate Collection Set: 1.02ms
[7902.023s][info][gc,phases      ] GC(1523)   Other: 0.06ms
[7902.023s][info][gc,heap        ] GC(1523) Eden regions: 570->0(570)
[7902.023s][info][gc,heap        ] GC(1523) Survivor regions: 44->44(77)
[7902.023s][info][gc,heap        ] GC(1523) Old regions: 144->151
[7902.023s][info][gc,heap        ] GC(1523) Humongous regions: 33->33
[7902.023s][info][gc,metaspace   ] GC(1523) Metaspace: 29998K(30144K)->29998K(30144K) NonClass: 29998K(30144K)->29998K(30144K) Class: 0K(0K)->0K(0K)
[7902.023s][info][gc             ] GC(1523) Pause Young (Normal) (G1 Evacuation Pause) 6305M->1802M(8192M) 153.948ms
[7902.023s][info][gc,cpu         ] GC(1523) User=1.22s Sys=0.00s Real=0.15s
...[7904.818s][info][gc,start       ] GC(1524) Pause Young (Normal) (G1 Evacuation Pause)
[7904.818s][info][gc,task        ] GC(1524) Using 8 workers of 8 for evacuation
[7904.975s][info][gc,phases      ] GC(1524)   Pre Evacuate Collection Set: 0.23ms
[7904.975s][info][gc,phases      ] GC(1524)   Merge Heap Roots: 0.51ms
[7904.975s][info][gc,phases      ] GC(1524)   Evacuate Collection Set: 155.34ms
[7904.975s][info][gc,phases      ] GC(1524)   Post Evacuate Collection Set: 1.02ms
[7904.975s][info][gc,phases      ] GC(1524)   Other: 0.07ms
[7904.975s][info][gc,heap        ] GC(1524) Eden regions: 570->0(569)
[7904.975s][info][gc,heap        ] GC(1524) Survivor regions: 44->45(77)
[7904.975s][info][gc,heap        ] GC(1524) Old regions: 151->158
[7904.975s][info][gc,heap        ] GC(1524) Humongous regions: 33->33
[7904.975s][info][gc,metaspace   ] GC(1524) Metaspace: 29998K(30144K)->29998K(30144K) NonClass: 29998K(30144K)->29998K(30144K) Class: 0K(0K)->0K(0K)
[7904.975s][info][gc             ] GC(1524) Pause Young (Normal) (G1 Evacuation Pause) 6362M->1872M(8192M) 157.292ms
[7904.975s][info][gc,cpu         ] GC(1524) User=1.24s Sys=0.00s Real=0.15s
...[7907.778s][info][gc,start       ] GC(1525) Pause Young (Normal) (G1 Evacuation Pause)
[7907.778s][info][gc,task        ] GC(1525) Using 8 workers of 8 for evacuation
[7907.928s][info][gc,phases      ] GC(1525)   Pre Evacuate Collection Set: 0.21ms
[7907.928s][info][gc,phases      ] GC(1525)   Merge Heap Roots: 0.51ms
[7907.928s][info][gc,phases      ] GC(1525)   Evacuate Collection Set: 148.74ms
[7907.928s][info][gc,phases      ] GC(1525)   Post Evacuate Collection Set: 1.03ms
[7907.928s][info][gc,phases      ] GC(1525)   Other: 0.06ms
[7907.928s][info][gc,heap        ] GC(1525) Eden regions: 569->0(571)
[7907.928s][info][gc,heap        ] GC(1525) Survivor regions: 45->43(77)
[7907.928s][info][gc,heap        ] GC(1525) Old regions: 158->165
[7907.928s][info][gc,heap        ] GC(1525) Humongous regions: 33->33
[7907.928s][info][gc,metaspace   ] GC(1525) Metaspace: 29998K(30144K)->29998K(30144K) NonClass: 29998K(30144K)->29998K(30144K) Class: 0K(0K)->0K(0K)
[7907.928s][info][gc             ] GC(1525) Pause Young (Normal) (G1 Evacuation Pause) 6424M->1911M(8192M) 150.672ms
[7907.928s][info][gc,cpu         ] GC(1525) User=1.19s Sys=0.00s Real=0.15s
...[7910.714s][info][gc,start       ] GC(1526) Pause Young (Normal) (G1 Evacuation Pause)
[7910.715s][info][gc,task        ] GC(1526) Using 8 workers of 8 for evacuation
[7910.867s][info][gc,phases      ] GC(1526)   Pre Evacuate Collection Set: 0.22ms
[7910.867s][info][gc,phases      ] GC(1526)   Merge Heap Roots: 0.54ms
[7910.867s][info][gc,phases      ] GC(1526)   Evacuate Collection Set: 150.79ms
[7910.867s][info][gc,phases      ] GC(1526)   Post Evacuate Collection Set: 1.03ms
[7910.867s][info][gc,phases      ] GC(1526)   Other: 0.06ms
[7910.867s][info][gc,heap        ] GC(1526) Eden regions: 571->0(571)
[7910.867s][info][gc,heap        ] GC(1526) Survivor regions: 43->43(77)
[7910.867s][info][gc,heap        ] GC(1526) Old regions: 165->172
[7910.867s][info][gc,heap        ] GC(1526) Humongous regions: 33->33
[7910.867s][info][gc,metaspace   ] GC(1526) Metaspace: 29998K(30144K)->29998K(30144K) NonClass: 29998K(30144K)->29998K(30144K) Class: 0K(0K)->0K(0K)
[7910.867s][info][gc             ] GC(1526) Pause Young (Normal) (G1 Evacuation Pause) 6479M->1969M(8192M) 152.765ms
[7910.867s][info][gc,cpu         ] GC(1526) User=1.21s Sys=0.01s Real=0.16s
...[7913.771s][info][gc,start       ] GC(1527) Pause Young (Normal) (G1 Evacuation Pause)
[7913.771s][info][gc,task        ] GC(1527) Using 8 workers of 8 for evacuation
[7913.936s][info][gc,phases      ] GC(1527)   Pre Evacuate Collection Set: 0.21ms
[7913.936s][info][gc,phases      ] GC(1527)   Merge Heap Roots: 0.51ms
[7913.936s][info][gc,phases      ] GC(1527)   Evacuate Collection Set: 163.25ms
[7913.936s][info][gc,phases      ] GC(1527)   Post Evacuate Collection Set: 1.04ms
[7913.936s][info][gc,phases      ] GC(1527)   Other: 0.06ms
[7913.936s][info][gc,heap        ] GC(1527) Eden regions: 571->0(567)
[7913.936s][info][gc,heap        ] GC(1527) Survivor regions: 43->47(77)
[7913.936s][info][gc,heap        ] GC(1527) Old regions: 172->179
[7913.936s][info][gc,heap        ] GC(1527) Humongous regions: 33->33
[7913.936s][info][gc,metaspace   ] GC(1527) Metaspace: 29998K(30144K)->29998K(30144K) NonClass: 29998K(30144K)->29998K(30144K) Class: 0K(0K)->0K(0K)
[7913.936s][info][gc             ] GC(1527) Pause Young (Normal) (G1 Evacuation Pause) 6537M->2059M(8192M) 165.211ms
[7913.936s][info][gc,cpu         ] GC(1527) User=1.31s Sys=0.00s Real=0.16s
...[7916.558s][info][gc,start       ] GC(1528) Pause Young (Normal) (G1 Evacuation Pause)
[7916.558s][info][gc,task        ] GC(1528) Using 8 workers of 8 for evacuation
[7916.720s][info][gc,phases      ] GC(1528)   Pre Evacuate Collection Set: 0.21ms
[7916.720s][info][gc,phases      ] GC(1528)   Merge Heap Roots: 0.51ms
