Done; will start GCs... 
[22.058s][info][gc,metaspace] GC(5) Metaspace: 32402K(33280K)->32402K(33280K) NonClass: 32402K(33280K)->32402K(33280K) Class: 0K(0K)->0K(0K)
[22.058s][info][gc          ] GC(5) Pause Full (System.gc()) 822M->774M(5939M) 4538.905ms
[25.072s][info][gc,metaspace] GC(6) Metaspace: 32402K(33280K)->32402K(33280K) NonClass: 32402K(33280K)->32402K(33280K) Class: 0K(0K)->0K(0K)
[25.072s][info][gc          ] GC(6) Pause Full (System.gc()) 774M->774M(5939M) 3014.120ms
[28.975s][info][gc,metaspace] GC(7) Metaspace: 32403K(33280K)->32403K(33280K) NonClass: 32403K(33280K)->32403K(33280K) Class: 0K(0K)->0K(0K)
[28.976s][info][gc          ] GC(7) Pause Full (System.gc()) 774M->774M(5939M) 3902.813ms
[31.990s][info][gc,metaspace] GC(8) Metaspace: 32403K(33280K)->32403K(33280K) NonClass: 32403K(33280K)->32403K(33280K) Class: 0K(0K)->0K(0K)
[31.990s][info][gc          ] GC(8) Pause Full (System.gc()) 774M->774M(5939M) 3014.450ms
[35.001s][info][gc,metaspace] GC(9) Metaspace: 32403K(33280K)->32403K(33280K) NonClass: 32403K(33280K)->32403K(33280K) Class: 0K(0K)->0K(0K)
[35.001s][info][gc          ] GC(9) Pause Full (System.gc()) 774M->774M(5939M) 3010.226ms
[38.011s][info][gc,metaspace] GC(10) Metaspace: 32403K(33280K)->32403K(33280K) NonClass: 32403K(33280K)->32403K(33280K) Class: 0K(0K)->0K(0K)
[38.011s][info][gc          ] GC(10) Pause Full (System.gc()) 774M->774M(5939M) 3009.600ms
[41.021s][info][gc,metaspace] GC(11) Metaspace: 32403K(33280K)->32403K(33280K) NonClass: 32403K(33280K)->32403K(33280K) Class: 0K(0K)->0K(0K)
[41.021s][info][gc          ] GC(11) Pause Full (System.gc()) 774M->774M(5939M) 3009.682ms
[44.031s][info][gc,metaspace] GC(12) Metaspace: 32403K(33280K)->32403K(33280K) NonClass: 32403K(33280K)->32403K(33280K) Class: 0K(0K)->0K(0K)
[44.031s][info][gc          ] GC(12) Pause Full (System.gc()) 774M->774M(5939M) 3009.594ms
[47.042s][info][gc,metaspace] GC(13) Metaspace: 32403K(33280K)->32403K(33280K) NonClass: 32403K(33280K)->32403K(33280K) Class: 0K(0K)->0K(0K)
[47.042s][info][gc          ] GC(13) Pause Full (System.gc()) 774M->774M(5939M) 3011.012ms
[50.053s][info][gc,metaspace] GC(14) Metaspace: 32403K(33280K)->32403K(33280K) NonClass: 32403K(33280K)->32403K(33280K) Class: 0K(0K)->0K(0K)
[50.053s][info][gc          ] GC(14) Pause Full (System.gc()) 774M->774M(5939M) 3011.105ms
[53.068s][info][gc,metaspace] GC(15) Metaspace: 32403K(33280K)->32403K(33280K) NonClass: 32403K(33280K)->32403K(33280K) Class: 0K(0K)->0K(0K)
[53.068s][info][gc          ] GC(15) Pause Full (System.gc()) 774M->774M(5939M) 3014.316ms
[56.079s][info][gc,metaspace] GC(16) Metaspace: 32403K(33280K)->32403K(33280K) NonClass: 32403K(33280K)->32403K(33280K) Class: 0K(0K)->0K(0K)
[56.079s][info][gc          ] GC(16) Pause Full (System.gc()) 774M->774M(5939M) 3011.106ms
[59.090s][info][gc,metaspace] GC(17) Metaspace: 32403K(33280K)->32403K(33280K) NonClass: 32403K(33280K)->32403K(33280K) Class: 0K(0K)->0K(0K)
[59.091s][info][gc          ] GC(17) Pause Full (System.gc()) 774M->774M(5939M) 3011.192ms
[62.151s][info][gc,metaspace] GC(18) Metaspace: 32403K(33280K)->32403K(33280K) NonClass: 32403K(33280K)->32403K(33280K) Class: 0K(0K)->0K(0K)
[62.151s][info][gc          ] GC(18) Pause Full (System.gc()) 774M->774M(5939M) 3060.533ms
[65.162s][info][gc,metaspace] GC(19) Metaspace: 32403K(33280K)->32403K(33280K) NonClass: 32403K(33280K)->32403K(33280K) Class: 0K(0K)->0K(0K)
[65.162s][info][gc          ] GC(19) Pause Full (System.gc()) 774M->774M(5939M) 3010.680ms
[68.175s][info][gc,metaspace] GC(20) Metaspace: 32403K(33280K)->32403K(33280K) NonClass: 32403K(33280K)->32403K(33280K) Class: 0K(0K)->0K(0K)
[68.175s][info][gc          ] GC(20) Pause Full (System.gc()) 774M->774M(5939M) 3012.598ms
[71.192s][info][gc,metaspace] GC(21) Metaspace: 32403K(33280K)->32403K(33280K) NonClass: 32403K(33280K)->32403K(33280K) Class: 0K(0K)->0K(0K)
[71.192s][info][gc          ] GC(21) Pause Full (System.gc()) 785M->774M(5939M) 3016.380ms
[74.204s][info][gc,metaspace] GC(22) Metaspace: 32403K(33280K)->32403K(33280K) NonClass: 32403K(33280K)->32403K(33280K) Class: 0K(0K)->0K(0K)
[74.204s][info][gc          ] GC(22) Pause Full (System.gc()) 774M->774M(5939M) 3012.441ms
[78.052s][info][gc,metaspace] GC(23) Metaspace: 32403K(33280K)->32403K(33280K) NonClass: 32403K(33280K)->32403K(33280K) Class: 0K(0K)->0K(0K)
[78.052s][info][gc          ] GC(23) Pause Full (System.gc()) 774M->774M(5939M) 3847.764ms
[81.064s][info][gc,metaspace] GC(24) Metaspace: 32403K(33280K)->32403K(33280K) NonClass: 32403K(33280K)->32403K(33280K) Class: 0K(0K)->0K(0K)
[81.064s][info][gc          ] GC(24) Pause Full (System.gc()) 774M->774M(5939M) 3012.121ms
[84.077s][info][gc,metaspace] GC(25) Metaspace: 32403K(33280K)->32403K(33280K) NonClass: 32403K(33280K)->32403K(33280K) Class: 0K(0K)->0K(0K)
[84.077s][info][gc          ] GC(25) Pause Full (System.gc()) 774M->774M(5939M) 3011.839ms
[87.088s][info][gc,metaspace] GC(26) Metaspace: 32403K(33280K)->32403K(33280K) NonClass: 32403K(33280K)->32403K(33280K) Class: 0K(0K)->0K(0K)
[87.088s][info][gc          ] GC(26) Pause Full (System.gc()) 774M->774M(5939M) 3011.456ms
[90.154s][info][gc,metaspace] GC(27) Metaspace: 32403K(33280K)->32403K(33280K) NonClass: 32403K(33280K)->32403K(33280K) Class: 0K(0K)->0K(0K)
[90.154s][info][gc          ] GC(27) Pause Full (System.gc()) 774M->774M(5939M) 3065.251ms
[93.165s][info][gc,metaspace] GC(28) Metaspace: 32403K(33280K)->32403K(33280K) NonClass: 32403K(33280K)->32403K(33280K) Class: 0K(0K)->0K(0K)
[93.165s][info][gc          ] GC(28) Pause Full (System.gc()) 774M->774M(5939M) 3011.513ms
[96.178s][info][gc,metaspace] GC(29) Metaspace: 32403K(33280K)->32403K(33280K) NonClass: 32403K(33280K)->32403K(33280K) Class: 0K(0K)->0K(0K)
[96.178s][info][gc          ] GC(29) Pause Full (System.gc()) 774M->774M(5939M) 3012.238ms
[99.190s][info][gc,metaspace] GC(30) Metaspace: 32403K(33280K)->32403K(33280K) NonClass: 32403K(33280K)->32403K(33280K) Class: 0K(0K)->0K(0K)
[99.190s][info][gc          ] GC(30) Pause Full (System.gc()) 774M->774M(5939M) 3011.971ms
[102.203s][info][gc,metaspace] GC(31) Metaspace: 32403K(33280K)->32403K(33280K) NonClass: 32403K(33280K)->32403K(33280K) Class: 0K(0K)->0K(0K)
[102.203s][info][gc          ] GC(31) Pause Full (System.gc()) 774M->774M(5939M) 3012.951ms
[105.215s][info][gc,metaspace] GC(32) Metaspace: 32403K(33280K)->32403K(33280K) NonClass: 32403K(33280K)->32403K(33280K) Class: 0K(0K)->0K(0K)
[105.215s][info][gc          ] GC(32) Pause Full (System.gc()) 774M->774M(5939M) 3012.100ms
[108.230s][info][gc,metaspace] GC(33) Metaspace: 32403K(33280K)->32403K(33280K) NonClass: 32403K(33280K)->32403K(33280K) Class: 0K(0K)->0K(0K)
[108.230s][info][gc          ] GC(33) Pause Full (System.gc()) 774M->774M(5939M) 3014.825ms
[111.240s][info][gc,metaspace] GC(34) Metaspace: 32403K(33280K)->32403K(33280K) NonClass: 32403K(33280K)->32403K(33280K) Class: 0K(0K)->0K(0K)
[111.240s][info][gc          ] GC(34) Pause Full (System.gc()) 774M->774M(5939M) 3010.071ms
[114.252s][info][gc,metaspace] GC(35) Metaspace: 32403K(33280K)->32403K(33280K) NonClass: 32403K(33280K)->32403K(33280K) Class: 0K(0K)->0K(0K)
[114.252s][info][gc          ] GC(35) Pause Full (System.gc()) 774M->774M(5939M) 3012.037ms
[117.263s][info][gc,metaspace] GC(36) Metaspace: 32403K(33280K)->32403K(33280K) NonClass: 32403K(33280K)->32403K(33280K) Class: 0K(0K)->0K(0K)
[117.263s][info][gc          ] GC(36) Pause Full (System.gc()) 774M->774M(5939M) 3010.446ms
[120.275s][info][gc,metaspace] GC(37) Metaspace: 32403K(33280K)->32403K(33280K) NonClass: 32403K(33280K)->32403K(33280K) Class: 0K(0K)->0K(0K)
[120.275s][info][gc          ] GC(37) Pause Full (System.gc()) 774M->774M(5939M) 3012.107ms
[123.291s][info][gc,metaspace] GC(38) Metaspace: 32403K(33280K)->32403K(33280K) NonClass: 32403K(33280K)->32403K(33280K) Class: 0K(0K)->0K(0K)
[123.291s][info][gc          ] GC(38) Pause Full (System.gc()) 774M->774M(5939M) 3015.673ms
[126.303s][info][gc,metaspace] GC(39) Metaspace: 32403K(33280K)->32403K(33280K) NonClass: 32403K(33280K)->32403K(33280K) Class: 0K(0K)->0K(0K)
[126.303s][info][gc          ] GC(39) Pause Full (System.gc()) 774M->774M(5939M) 3011.518ms
[129.318s][info][gc,metaspace] GC(40) Metaspace: 32403K(33280K)->32403K(33280K) NonClass: 32403K(33280K)->32403K(33280K) Class: 0K(0K)->0K(0K)
[129.318s][info][gc          ] GC(40) Pause Full (System.gc()) 774M->774M(5939M) 3015.046ms
[132.332s][info][gc,metaspace] GC(41) Metaspace: 32403K(33280K)->32403K(33280K) NonClass: 32403K(33280K)->32403K(33280K) Class: 0K(0K)->0K(0K)
[132.332s][info][gc          ] GC(41) Pause Full (System.gc()) 785M->774M(5939M) 3014.243ms
[135.345s][info][gc,metaspace] GC(42) Metaspace: 32403K(33280K)->32403K(33280K) NonClass: 32403K(33280K)->32403K(33280K) Class: 0K(0K)->0K(0K)
[135.345s][info][gc          ] GC(42) Pause Full (System.gc()) 774M->774M(5939M) 3012.310ms
[138.359s][info][gc,metaspace] GC(43) Metaspace: 32403K(33280K)->32403K(33280K) NonClass: 32403K(33280K)->32403K(33280K) Class: 0K(0K)->0K(0K)
[138.359s][info][gc          ] GC(43) Pause Full (System.gc()) 774M->774M(5939M) 3014.283ms
[141.374s][info][gc,metaspace] GC(44) Metaspace: 32403K(33280K)->32403K(33280K) NonClass: 32403K(33280K)->32403K(33280K) Class: 0K(0K)->0K(0K)
[141.374s][info][gc          ] GC(44) Pause Full (System.gc()) 774M->774M(5939M) 3014.658ms
[144.385s][info][gc,metaspace] GC(45) Metaspace: 32403K(33280K)->32403K(33280K) NonClass: 32403K(33280K)->32403K(33280K) Class: 0K(0K)->0K(0K)
[144.385s][info][gc          ] GC(45) Pause Full (System.gc()) 774M->774M(5939M) 3011.526ms
[147.397s][info][gc,metaspace] GC(46) Metaspace: 32403K(33280K)->32403K(33280K) NonClass: 32403K(33280K)->32403K(33280K) Class: 0K(0K)->0K(0K)
[147.397s][info][gc          ] GC(46) Pause Full (System.gc()) 774M->774M(5939M) 3011.799ms
[150.409s][info][gc,metaspace] GC(47) Metaspace: 32403K(33280K)->32403K(33280K) NonClass: 32403K(33280K)->32403K(33280K) Class: 0K(0K)->0K(0K)
[150.409s][info][gc          ] GC(47) Pause Full (System.gc()) 774M->774M(5939M) 3011.397ms
[153.420s][info][gc,metaspace] GC(48) Metaspace: 32403K(33280K)->32403K(33280K) NonClass: 32403K(33280K)->32403K(33280K) Class: 0K(0K)->0K(0K)
[153.420s][info][gc          ] GC(48) Pause Full (System.gc()) 774M->774M(5939M) 3011.328ms
[156.432s][info][gc,metaspace] GC(49) Metaspace: 32403K(33280K)->32403K(33280K) NonClass: 32403K(33280K)->32403K(33280K) Class: 0K(0K)->0K(0K)
[156.432s][info][gc          ] GC(49) Pause Full (System.gc()) 774M->774M(5939M) 3011.499ms
[159.448s][info][gc,metaspace] GC(50) Metaspace: 32403K(33280K)->32403K(33280K) NonClass: 32403K(33280K)->32403K(33280K) Class: 0K(0K)->0K(0K)
[159.448s][info][gc          ] GC(50) Pause Full (System.gc()) 774M->774M(5939M) 3015.722ms
[162.460s][info][gc,metaspace] GC(51) Metaspace: 32403K(33280K)->32403K(33280K) NonClass: 32403K(33280K)->32403K(33280K) Class: 0K(0K)->0K(0K)
[162.460s][info][gc          ] GC(51) Pause Full (System.gc()) 774M->774M(5939M) 3011.658ms
[165.471s][info][gc,metaspace] GC(52) Metaspace: 32403K(33280K)->32403K(33280K) NonClass: 32403K(33280K)->32403K(33280K) Class: 0K(0K)->0K(0K)
[165.471s][info][gc          ] GC(52) Pause Full (System.gc()) 774M->774M(5939M) 3011.785ms
[168.482s][info][gc,metaspace] GC(53) Metaspace: 32403K(33280K)->32403K(33280K) NonClass: 32403K(33280K)->32403K(33280K) Class: 0K(0K)->0K(0K)
[168.482s][info][gc          ] GC(53) Pause Full (System.gc()) 774M->774M(5939M) 3010.448ms
[171.494s][info][gc,metaspace] GC(54) Metaspace: 32403K(33280K)->32403K(33280K) NonClass: 32403K(33280K)->32403K(33280K) Class: 0K(0K)->0K(0K)
[171.494s][info][gc          ] GC(54) Pause Full (System.gc()) 774M->774M(5939M) 3011.661ms
[174.509s][info][gc,metaspace] GC(55) Metaspace: 32403K(33280K)->32403K(33280K) NonClass: 32403K(33280K)->32403K(33280K) Class: 0K(0K)->0K(0K)
[174.509s][info][gc          ] GC(55) Pause Full (System.gc()) 774M->774M(5939M) 3015.377ms
[177.521s][info][gc,metaspace] GC(56) Metaspace: 32403K(33280K)->32403K(33280K) NonClass: 32403K(33280K)->32403K(33280K) Class: 0K(0K)->0K(0K)
[177.521s][info][gc          ] GC(56) Pause Full (System.gc()) 774M->774M(5939M) 3011.881ms
[180.533s][info][gc,metaspace] GC(57) Metaspace: 32403K(33280K)->32403K(33280K) NonClass: 32403K(33280K)->32403K(33280K) Class: 0K(0K)->0K(0K)
[180.533s][info][gc          ] GC(57) Pause Full (System.gc()) 774M->774M(5939M) 3011.426ms
[183.545s][info][gc,metaspace] GC(58) Metaspace: 32403K(33280K)->32403K(33280K) NonClass: 32403K(33280K)->32403K(33280K) Class: 0K(0K)->0K(0K)
[183.545s][info][gc          ] GC(58) Pause Full (System.gc()) 774M->774M(5939M) 3011.672ms
[186.557s][info][gc,metaspace] GC(59) Metaspace: 32403K(33280K)->32403K(33280K) NonClass: 32403K(33280K)->32403K(33280K) Class: 0K(0K)->0K(0K)
[186.557s][info][gc          ] GC(59) Pause Full (System.gc()) 774M->774M(5939M) 3012.634ms
[189.569s][info][gc,metaspace] GC(60) Metaspace: 32403K(33280K)->32403K(33280K) NonClass: 32403K(33280K)->32403K(33280K) Class: 0K(0K)->0K(0K)
[189.569s][info][gc          ] GC(60) Pause Full (System.gc()) 774M->774M(5939M) 3011.476ms
[192.587s][info][gc,metaspace] GC(61) Metaspace: 32403K(33280K)->32403K(33280K) NonClass: 32403K(33280K)->32403K(33280K) Class: 0K(0K)->0K(0K)
[192.587s][info][gc          ] GC(61) Pause Full (System.gc()) 774M->774M(5939M) 3017.436ms
[195.598s][info][gc,metaspace] GC(62) Metaspace: 32403K(33280K)->32403K(33280K) NonClass: 32403K(33280K)->32403K(33280K) Class: 0K(0K)->0K(0K)
[195.598s][info][gc          ] GC(62) Pause Full (System.gc()) 774M->774M(5939M) 3011.224ms
[198.614s][info][gc,metaspace] GC(63) Metaspace: 32403K(33280K)->32403K(33280K) NonClass: 32403K(33280K)->32403K(33280K) Class: 0K(0K)->0K(0K)
[198.614s][info][gc          ] GC(63) Pause Full (System.gc()) 785M->774M(5939M) 3015.606ms
[201.625s][info][gc,metaspace] GC(64) Metaspace: 32403K(33280K)->32403K(33280K) NonClass: 32403K(33280K)->32403K(33280K) Class: 0K(0K)->0K(0K)
[201.625s][info][gc          ] GC(64) Pause Full (System.gc()) 774M->774M(5939M) 3011.417ms
[204.637s][info][gc,metaspace] GC(65) Metaspace: 32403K(33280K)->32403K(33280K) NonClass: 32403K(33280K)->32403K(33280K) Class: 0K(0K)->0K(0K)
[204.637s][info][gc          ] GC(65) Pause Full (System.gc()) 774M->774M(5939M) 3011.986ms
[207.649s][info][gc,metaspace] GC(66) Metaspace: 32403K(33280K)->32403K(33280K) NonClass: 32403K(33280K)->32403K(33280K) Class: 0K(0K)->0K(0K)
[207.649s][info][gc          ] GC(66) Pause Full (System.gc()) 774M->774M(5939M) 3011.778ms
[210.664s][info][gc,metaspace] GC(67) Metaspace: 32403K(33280K)->32403K(33280K) NonClass: 32403K(33280K)->32403K(33280K) Class: 0K(0K)->0K(0K)
[210.664s][info][gc          ] GC(67) Pause Full (System.gc()) 774M->774M(5939M) 3015.050ms
[213.676s][info][gc,metaspace] GC(68) Metaspace: 32403K(33280K)->32403K(33280K) NonClass: 32403K(33280K)->32403K(33280K) Class: 0K(0K)->0K(0K)
[213.676s][info][gc          ] GC(68) Pause Full (System.gc()) 774M->774M(5939M) 3011.928ms
[216.688s][info][gc,metaspace] GC(69) Metaspace: 32403K(33280K)->32403K(33280K) NonClass: 32403K(33280K)->32403K(33280K) Class: 0K(0K)->0K(0K)
[216.688s][info][gc          ] GC(69) Pause Full (System.gc()) 774M->774M(5939M) 3011.407ms
[219.699s][info][gc,metaspace] GC(70) Metaspace: 32403K(33280K)->32403K(33280K) NonClass: 32403K(33280K)->32403K(33280K) Class: 0K(0K)->0K(0K)
[219.699s][info][gc          ] GC(70) Pause Full (System.gc()) 774M->774M(5939M) 3011.209ms
[222.711s][info][gc,metaspace] GC(71) Metaspace: 32403K(33280K)->32403K(33280K) NonClass: 32403K(33280K)->32403K(33280K) Class: 0K(0K)->0K(0K)
[222.711s][info][gc          ] GC(71) Pause Full (System.gc()) 774M->774M(5939M) 3011.725ms
[225.726s][info][gc,metaspace] GC(72) Metaspace: 32403K(33280K)->32403K(33280K) NonClass: 32403K(33280K)->32403K(33280K) Class: 0K(0K)->0K(0K)
[225.726s][info][gc          ] GC(72) Pause Full (System.gc()) 774M->774M(5939M) 3014.841ms
[228.739s][info][gc,metaspace] GC(73) Metaspace: 32403K(33280K)->32403K(33280K) NonClass: 32403K(33280K)->32403K(33280K) Class: 0K(0K)->0K(0K)
[228.739s][info][gc          ] GC(73) Pause Full (System.gc()) 774M->774M(5939M) 3012.543ms
[231.751s][info][gc,metaspace] GC(74) Metaspace: 32403K(33280K)->32403K(33280K) NonClass: 32403K(33280K)->32403K(33280K) Class: 0K(0K)->0K(0K)
[231.751s][info][gc          ] GC(74) Pause Full (System.gc()) 774M->774M(5939M) 3012.604ms
[234.763s][info][gc,metaspace] GC(75) Metaspace: 32403K(33280K)->32403K(33280K) NonClass: 32403K(33280K)->32403K(33280K) Class: 0K(0K)->0K(0K)
[234.764s][info][gc          ] GC(75) Pause Full (System.gc()) 774M->774M(5939M) 3011.876ms
[237.776s][info][gc,metaspace] GC(76) Metaspace: 32403K(33280K)->32403K(33280K) NonClass: 32403K(33280K)->32403K(33280K) Class: 0K(0K)->0K(0K)
[237.776s][info][gc          ] GC(76) Pause Full (System.gc()) 774M->774M(5939M) 3012.274ms
[240.787s][info][gc,metaspace] GC(77) Metaspace: 32403K(33280K)->32403K(33280K) NonClass: 32403K(33280K)->32403K(33280K) Class: 0K(0K)->0K(0K)
[240.787s][info][gc          ] GC(77) Pause Full (System.gc()) 774M->774M(5939M) 3011.483ms
[244.252s][info][gc,metaspace] GC(78) Metaspace: 32403K(33280K)->32403K(33280K) NonClass: 32403K(33280K)->32403K(33280K) Class: 0K(0K)->0K(0K)
[244.252s][info][gc          ] GC(78) Pause Full (System.gc()) 774M->774M(5939M) 3464.656ms
[247.266s][info][gc,metaspace] GC(79) Metaspace: 32403K(33280K)->32403K(33280K) NonClass: 32403K(33280K)->32403K(33280K) Class: 0K(0K)->0K(0K)
[247.266s][info][gc          ] GC(79) Pause Full (System.gc()) 774M->774M(5939M) 3013.455ms
[250.278s][info][gc,metaspace] GC(80) Metaspace: 32403K(33280K)->32403K(33280K) NonClass: 32403K(33280K)->32403K(33280K) Class: 0K(0K)->0K(0K)
[250.278s][info][gc          ] GC(80) Pause Full (System.gc()) 774M->774M(5939M) 3012.271ms
[253.291s][info][gc,metaspace] GC(81) Metaspace: 32403K(33280K)->32403K(33280K) NonClass: 32403K(33280K)->32403K(33280K) Class: 0K(0K)->0K(0K)
[253.291s][info][gc          ] GC(81) Pause Full (System.gc()) 774M->774M(5939M) 3012.640ms
[256.303s][info][gc,metaspace] GC(82) Metaspace: 32403K(33280K)->32403K(33280K) NonClass: 32403K(33280K)->32403K(33280K) Class: 0K(0K)->0K(0K)
[256.303s][info][gc          ] GC(82) Pause Full (System.gc()) 774M->774M(5939M) 3011.791ms
[259.324s][info][gc,metaspace] GC(83) Metaspace: 32403K(33280K)->32403K(33280K) NonClass: 32403K(33280K)->32403K(33280K) Class: 0K(0K)->0K(0K)
[259.324s][info][gc          ] GC(83) Pause Full (System.gc()) 774M->774M(5939M) 3020.681ms
[262.336s][info][gc,metaspace] GC(84) Metaspace: 32403K(33280K)->32403K(33280K) NonClass: 32403K(33280K)->32403K(33280K) Class: 0K(0K)->0K(0K)
[262.336s][info][gc          ] GC(84) Pause Full (System.gc()) 774M->774M(5939M) 3012.522ms
[265.347s][info][gc,metaspace] GC(85) Metaspace: 32403K(33280K)->32403K(33280K) NonClass: 32403K(33280K)->32403K(33280K) Class: 0K(0K)->0K(0K)
[265.347s][info][gc          ] GC(85) Pause Full (System.gc()) 785M->774M(5939M) 3010.520ms
[268.359s][info][gc,metaspace] GC(86) Metaspace: 32403K(33280K)->32403K(33280K) NonClass: 32403K(33280K)->32403K(33280K) Class: 0K(0K)->0K(0K)
[268.359s][info][gc          ] GC(86) Pause Full (System.gc()) 774M->774M(5939M) 3011.992ms
[271.370s][info][gc,metaspace] GC(87) Metaspace: 32403K(33280K)->32403K(33280K) NonClass: 32403K(33280K)->32403K(33280K) Class: 0K(0K)->0K(0K)
[271.370s][info][gc          ] GC(87) Pause Full (System.gc()) 774M->774M(5939M) 3010.935ms
[274.381s][info][gc,metaspace] GC(88) Metaspace: 32403K(33280K)->32403K(33280K) NonClass: 32403K(33280K)->32403K(33280K) Class: 0K(0K)->0K(0K)
[274.381s][info][gc          ] GC(88) Pause Full (System.gc()) 774M->774M(5939M) 3011.067ms
[277.396s][info][gc,metaspace] GC(89) Metaspace: 32403K(33280K)->32403K(33280K) NonClass: 32403K(33280K)->32403K(33280K) Class: 0K(0K)->0K(0K)
[277.396s][info][gc          ] GC(89) Pause Full (System.gc()) 774M->774M(5939M) 3014.770ms
[280.409s][info][gc,metaspace] GC(90) Metaspace: 32403K(33280K)->32403K(33280K) NonClass: 32403K(33280K)->32403K(33280K) Class: 0K(0K)->0K(0K)
[280.409s][info][gc          ] GC(90) Pause Full (System.gc()) 774M->774M(5939M) 3012.488ms
[283.420s][info][gc,metaspace] GC(91) Metaspace: 32403K(33280K)->32403K(33280K) NonClass: 32403K(33280K)->32403K(33280K) Class: 0K(0K)->0K(0K)
[283.420s][info][gc          ] GC(91) Pause Full (System.gc()) 774M->774M(5939M) 3011.295ms
[286.432s][info][gc,metaspace] GC(92) Metaspace: 32403K(33280K)->32403K(33280K) NonClass: 32403K(33280K)->32403K(33280K) Class: 0K(0K)->0K(0K)
[286.432s][info][gc          ] GC(92) Pause Full (System.gc()) 774M->774M(5939M) 3011.250ms
[289.444s][info][gc,metaspace] GC(93) Metaspace: 32403K(33280K)->32403K(33280K) NonClass: 32403K(33280K)->32403K(33280K) Class: 0K(0K)->0K(0K)
[289.444s][info][gc          ] GC(93) Pause Full (System.gc()) 774M->774M(5939M) 3012.005ms
[292.460s][info][gc,metaspace] GC(94) Metaspace: 32403K(33280K)->32403K(33280K) NonClass: 32403K(33280K)->32403K(33280K) Class: 0K(0K)->0K(0K)
[292.460s][info][gc          ] GC(94) Pause Full (System.gc()) 774M->774M(5939M) 3016.120ms
[295.471s][info][gc,metaspace] GC(95) Metaspace: 32403K(33280K)->32403K(33280K) NonClass: 32403K(33280K)->32403K(33280K) Class: 0K(0K)->0K(0K)
[295.471s][info][gc          ] GC(95) Pause Full (System.gc()) 774M->774M(5939M) 3010.793ms
[298.483s][info][gc,metaspace] GC(96) Metaspace: 32403K(33280K)->32403K(33280K) NonClass: 32403K(33280K)->32403K(33280K) Class: 0K(0K)->0K(0K)
[298.483s][info][gc          ] GC(96) Pause Full (System.gc()) 774M->774M(5939M) 3012.141ms
[301.495s][info][gc,metaspace] GC(97) Metaspace: 32403K(33280K)->32403K(33280K) NonClass: 32403K(33280K)->32403K(33280K) Class: 0K(0K)->0K(0K)
[301.495s][info][gc          ] GC(97) Pause Full (System.gc()) 774M->774M(5939M) 3011.661ms
[304.507s][info][gc,metaspace] GC(98) Metaspace: 32403K(33280K)->32403K(33280K) NonClass: 32403K(33280K)->32403K(33280K) Class: 0K(0K)->0K(0K)
[304.507s][info][gc          ] GC(98) Pause Full (System.gc()) 774M->774M(5939M) 3011.501ms
[307.522s][info][gc,metaspace] GC(99) Metaspace: 32403K(33280K)->32403K(33280K) NonClass: 32403K(33280K)->32403K(33280K) Class: 0K(0K)->0K(0K)
[307.522s][info][gc          ] GC(99) Pause Full (System.gc()) 774M->774M(5939M) 3015.099ms
[310.544s][info][gc,metaspace] GC(100) Metaspace: 32403K(33280K)->32403K(33280K) NonClass: 32403K(33280K)->32403K(33280K) Class: 0K(0K)->0K(0K)
[310.544s][info][gc          ] GC(100) Pause Full (System.gc()) 774M->774M(5939M) 3022.362ms
[313.607s][info][gc,metaspace] GC(101) Metaspace: 32403K(33280K)->32403K(33280K) NonClass: 32403K(33280K)->32403K(33280K) Class: 0K(0K)->0K(0K)
[313.607s][info][gc          ] GC(101) Pause Full (System.gc()) 774M->774M(5939M) 3062.458ms
[317.016s][info][gc,metaspace] GC(102) Metaspace: 32403K(33280K)->32403K(33280K) NonClass: 32403K(33280K)->32403K(33280K) Class: 0K(0K)->0K(0K)
[317.016s][info][gc          ] GC(102) Pause Full (System.gc()) 774M->774M(5939M) 3409.217ms
[320.028s][info][gc,metaspace] GC(103) Metaspace: 32403K(33280K)->32403K(33280K) NonClass: 32403K(33280K)->32403K(33280K) Class: 0K(0K)->0K(0K)
[320.028s][info][gc          ] GC(103) Pause Full (System.gc()) 774M->774M(5939M) 3011.867ms
[323.039s][info][gc,metaspace] GC(104) Metaspace: 32403K(33280K)->32403K(33280K) NonClass: 32403K(33280K)->32403K(33280K) Class: 0K(0K)->0K(0K)
[323.039s][info][gc          ] GC(104) Pause Full (System.gc()) 774M->774M(5939M) 3011.160ms
After GCs... 
