Done; will start GCs... 
[56.369s][info][gc,metaspace] GC(5) Metaspace: 28624K(29760K)->28624K(29760K) NonClass: 25242K(25792K)->25242K(25792K) Class: 3381K(3968K)->3381K(3968K)
[56.369s][info][gc          ] GC(5) Pause Full (System.gc()) 183M->167M(4096M) 671.637ms
[56.994s][info][gc,metaspace] GC(6) Metaspace: 28624K(29760K)->28624K(29760K) NonClass: 25242K(25792K)->25242K(25792K) Class: 3381K(3968K)->3381K(3968K)
[56.995s][info][gc          ] GC(6) Pause Full (System.gc()) 167M->167M(4096M) 625.010ms
[57.616s][info][gc,metaspace] GC(7) Metaspace: 28624K(29760K)->28624K(29760K) NonClass: 25242K(25792K)->25242K(25792K) Class: 3381K(3968K)->3381K(3968K)
[57.616s][info][gc          ] GC(7) Pause Full (System.gc()) 167M->167M(4096M) 621.507ms
[58.235s][info][gc,metaspace] GC(8) Metaspace: 28624K(29760K)->28624K(29760K) NonClass: 25242K(25792K)->25242K(25792K) Class: 3381K(3968K)->3381K(3968K)
[58.235s][info][gc          ] GC(8) Pause Full (System.gc()) 167M->167M(4096M) 618.535ms
[58.853s][info][gc,metaspace] GC(9) Metaspace: 28624K(29760K)->28624K(29760K) NonClass: 25242K(25792K)->25242K(25792K) Class: 3381K(3968K)->3381K(3968K)
[58.853s][info][gc          ] GC(9) Pause Full (System.gc()) 167M->167M(4096M) 617.994ms
[59.474s][info][gc,metaspace] GC(10) Metaspace: 28624K(29760K)->28624K(29760K) NonClass: 25242K(25792K)->25242K(25792K) Class: 3381K(3968K)->3381K(3968K)
[59.474s][info][gc          ] GC(10) Pause Full (System.gc()) 167M->167M(4096M) 620.228ms
[60.093s][info][gc,metaspace] GC(11) Metaspace: 28624K(29760K)->28624K(29760K) NonClass: 25242K(25792K)->25242K(25792K) Class: 3381K(3968K)->3381K(3968K)
[60.093s][info][gc          ] GC(11) Pause Full (System.gc()) 167M->167M(4096M) 618.864ms
[60.716s][info][gc,metaspace] GC(12) Metaspace: 28624K(29760K)->28624K(29760K) NonClass: 25242K(25792K)->25242K(25792K) Class: 3381K(3968K)->3381K(3968K)
[60.717s][info][gc          ] GC(12) Pause Full (System.gc()) 167M->167M(4096M) 623.251ms
[62.003s][info][gc,metaspace] GC(13) Metaspace: 28624K(29760K)->28624K(29760K) NonClass: 25242K(25792K)->25242K(25792K) Class: 3381K(3968K)->3381K(3968K)
[62.003s][info][gc          ] GC(13) Pause Full (System.gc()) 167M->167M(4096M) 1286.231ms
[63.451s][info][gc,metaspace] GC(14) Metaspace: 28624K(29760K)->28624K(29760K) NonClass: 25242K(25792K)->25242K(25792K) Class: 3381K(3968K)->3381K(3968K)
[63.451s][info][gc          ] GC(14) Pause Full (System.gc()) 167M->167M(4096M) 1447.180ms
[64.073s][info][gc,metaspace] GC(15) Metaspace: 28624K(29760K)->28624K(29760K) NonClass: 25243K(25792K)->25243K(25792K) Class: 3381K(3968K)->3381K(3968K)
[64.073s][info][gc          ] GC(15) Pause Full (System.gc()) 167M->167M(4096M) 619.618ms
[65.498s][info][gc,metaspace] GC(16) Metaspace: 28624K(29760K)->28624K(29760K) NonClass: 25243K(25792K)->25243K(25792K) Class: 3381K(3968K)->3381K(3968K)
[65.498s][info][gc          ] GC(16) Pause Full (System.gc()) 167M->167M(4096M) 1424.614ms
[66.767s][info][gc,metaspace] GC(17) Metaspace: 28624K(29760K)->28624K(29760K) NonClass: 25243K(25792K)->25243K(25792K) Class: 3381K(3968K)->3381K(3968K)
[66.767s][info][gc          ] GC(17) Pause Full (System.gc()) 167M->167M(4096M) 1268.318ms
[67.392s][info][gc,metaspace] GC(18) Metaspace: 28624K(29760K)->28624K(29760K) NonClass: 25243K(25792K)->25243K(25792K) Class: 3381K(3968K)->3381K(3968K)
[67.392s][info][gc          ] GC(18) Pause Full (System.gc()) 167M->167M(4096M) 624.982ms
[68.013s][info][gc,metaspace] GC(19) Metaspace: 28624K(29760K)->28624K(29760K) NonClass: 25243K(25792K)->25243K(25792K) Class: 3381K(3968K)->3381K(3968K)
[68.013s][info][gc          ] GC(19) Pause Full (System.gc()) 167M->167M(4096M) 621.222ms
[68.642s][info][gc,metaspace] GC(20) Metaspace: 28624K(29760K)->28624K(29760K) NonClass: 25243K(25792K)->25243K(25792K) Class: 3381K(3968K)->3381K(3968K)
[68.643s][info][gc          ] GC(20) Pause Full (System.gc()) 167M->167M(4096M) 629.209ms
[69.264s][info][gc,metaspace] GC(21) Metaspace: 28624K(29760K)->28624K(29760K) NonClass: 25243K(25792K)->25243K(25792K) Class: 3381K(3968K)->3381K(3968K)
[69.265s][info][gc          ] GC(21) Pause Full (System.gc()) 167M->167M(4096M) 621.696ms
[70.647s][info][gc,metaspace] GC(22) Metaspace: 28624K(29760K)->28624K(29760K) NonClass: 25243K(25792K)->25243K(25792K) Class: 3381K(3968K)->3381K(3968K)
[70.647s][info][gc          ] GC(22) Pause Full (System.gc()) 167M->167M(4096M) 1382.542ms
[71.954s][info][gc,metaspace] GC(23) Metaspace: 28624K(29760K)->28624K(29760K) NonClass: 25243K(25792K)->25243K(25792K) Class: 3381K(3968K)->3381K(3968K)
[71.954s][info][gc          ] GC(23) Pause Full (System.gc()) 167M->167M(4096M) 1306.475ms
[73.370s][info][gc,metaspace] GC(24) Metaspace: 28624K(29760K)->28624K(29760K) NonClass: 25243K(25792K)->25243K(25792K) Class: 3381K(3968K)->3381K(3968K)
[73.371s][info][gc          ] GC(24) Pause Full (System.gc()) 167M->167M(4096M) 1416.104ms
[74.686s][info][gc,metaspace] GC(25) Metaspace: 28624K(29760K)->28624K(29760K) NonClass: 25243K(25792K)->25243K(25792K) Class: 3381K(3968K)->3381K(3968K)
[74.686s][info][gc          ] GC(25) Pause Full (System.gc()) 167M->167M(4096M) 1315.111ms
[75.298s][info][gc,metaspace] GC(26) Metaspace: 28624K(29760K)->28624K(29760K) NonClass: 25243K(25792K)->25243K(25792K) Class: 3381K(3968K)->3381K(3968K)
[75.298s][info][gc          ] GC(26) Pause Full (System.gc()) 167M->167M(4096M) 611.201ms
[75.920s][info][gc,metaspace] GC(27) Metaspace: 28624K(29760K)->28624K(29760K) NonClass: 25243K(25792K)->25243K(25792K) Class: 3381K(3968K)->3381K(3968K)
[75.920s][info][gc          ] GC(27) Pause Full (System.gc()) 168M->167M(4096M) 622.412ms
[76.530s][info][gc,metaspace] GC(28) Metaspace: 28624K(29760K)->28624K(29760K) NonClass: 25243K(25792K)->25243K(25792K) Class: 3381K(3968K)->3381K(3968K)
[76.530s][info][gc          ] GC(28) Pause Full (System.gc()) 167M->167M(4096M) 609.058ms
[77.144s][info][gc,metaspace] GC(29) Metaspace: 28624K(29760K)->28624K(29760K) NonClass: 25243K(25792K)->25243K(25792K) Class: 3381K(3968K)->3381K(3968K)
[77.144s][info][gc          ] GC(29) Pause Full (System.gc()) 167M->167M(4096M) 614.204ms
[78.564s][info][gc,metaspace] GC(30) Metaspace: 28624K(29760K)->28624K(29760K) NonClass: 25243K(25792K)->25243K(25792K) Class: 3381K(3968K)->3381K(3968K)
[78.564s][info][gc          ] GC(30) Pause Full (System.gc()) 167M->167M(4096M) 1419.675ms
[79.878s][info][gc,metaspace] GC(31) Metaspace: 28624K(29760K)->28624K(29760K) NonClass: 25243K(25792K)->25243K(25792K) Class: 3381K(3968K)->3381K(3968K)
[79.878s][info][gc          ] GC(31) Pause Full (System.gc()) 167M->167M(4096M) 1313.621ms
[80.500s][info][gc,metaspace] GC(32) Metaspace: 28624K(29760K)->28624K(29760K) NonClass: 25243K(25792K)->25243K(25792K) Class: 3381K(3968K)->3381K(3968K)
[80.500s][info][gc          ] GC(32) Pause Full (System.gc()) 167M->167M(4096M) 621.277ms
[81.112s][info][gc,metaspace] GC(33) Metaspace: 28624K(29760K)->28624K(29760K) NonClass: 25243K(25792K)->25243K(25792K) Class: 3381K(3968K)->3381K(3968K)
[81.112s][info][gc          ] GC(33) Pause Full (System.gc()) 167M->167M(4096M) 612.522ms
[81.726s][info][gc,metaspace] GC(34) Metaspace: 28624K(29760K)->28624K(29760K) NonClass: 25243K(25792K)->25243K(25792K) Class: 3381K(3968K)->3381K(3968K)
[81.727s][info][gc          ] GC(34) Pause Full (System.gc()) 167M->167M(4096M) 613.955ms
[82.339s][info][gc,metaspace] GC(35) Metaspace: 28624K(29760K)->28624K(29760K) NonClass: 25243K(25792K)->25243K(25792K) Class: 3381K(3968K)->3381K(3968K)
[82.339s][info][gc          ] GC(35) Pause Full (System.gc()) 167M->167M(4096M) 612.495ms
[83.739s][info][gc,metaspace] GC(36) Metaspace: 28624K(29760K)->28624K(29760K) NonClass: 25243K(25792K)->25243K(25792K) Class: 3381K(3968K)->3381K(3968K)
[83.739s][info][gc          ] GC(36) Pause Full (System.gc()) 167M->167M(4096M) 1399.853ms
[85.070s][info][gc,metaspace] GC(37) Metaspace: 28624K(29760K)->28624K(29760K) NonClass: 25243K(25792K)->25243K(25792K) Class: 3381K(3968K)->3381K(3968K)
[85.071s][info][gc          ] GC(37) Pause Full (System.gc()) 167M->167M(4096M) 1330.884ms
[85.677s][info][gc,metaspace] GC(38) Metaspace: 28624K(29760K)->28624K(29760K) NonClass: 25243K(25792K)->25243K(25792K) Class: 3381K(3968K)->3381K(3968K)
[85.677s][info][gc          ] GC(38) Pause Full (System.gc()) 167M->167M(4096M) 606.511ms
[86.296s][info][gc,metaspace] GC(39) Metaspace: 28624K(29760K)->28624K(29760K) NonClass: 25243K(25792K)->25243K(25792K) Class: 3381K(3968K)->3381K(3968K)
[86.296s][info][gc          ] GC(39) Pause Full (System.gc()) 167M->167M(4096M) 618.528ms
[86.914s][info][gc,metaspace] GC(40) Metaspace: 28624K(29760K)->28624K(29760K) NonClass: 25243K(25792K)->25243K(25792K) Class: 3381K(3968K)->3381K(3968K)
[86.915s][info][gc          ] GC(40) Pause Full (System.gc()) 167M->167M(4096M) 618.362ms
[87.533s][info][gc,metaspace] GC(41) Metaspace: 28624K(29760K)->28624K(29760K) NonClass: 25243K(25792K)->25243K(25792K) Class: 3381K(3968K)->3381K(3968K)
[87.533s][info][gc          ] GC(41) Pause Full (System.gc()) 167M->167M(4096M) 618.228ms
[88.996s][info][gc,metaspace] GC(42) Metaspace: 28624K(29760K)->28624K(29760K) NonClass: 25243K(25792K)->25243K(25792K) Class: 3381K(3968K)->3381K(3968K)
[88.997s][info][gc          ] GC(42) Pause Full (System.gc()) 167M->167M(4096M) 1463.090ms
[90.235s][info][gc,metaspace] GC(43) Metaspace: 28624K(29760K)->28624K(29760K) NonClass: 25243K(25792K)->25243K(25792K) Class: 3381K(3968K)->3381K(3968K)
[90.235s][info][gc          ] GC(43) Pause Full (System.gc()) 167M->167M(4096M) 1237.735ms
[90.849s][info][gc,metaspace] GC(44) Metaspace: 28624K(29760K)->28624K(29760K) NonClass: 25243K(25792K)->25243K(25792K) Class: 3381K(3968K)->3381K(3968K)
[90.849s][info][gc          ] GC(44) Pause Full (System.gc()) 167M->167M(4096M) 613.866ms
[91.463s][info][gc,metaspace] GC(45) Metaspace: 28624K(29760K)->28624K(29760K) NonClass: 25243K(25792K)->25243K(25792K) Class: 3381K(3968K)->3381K(3968K)
[91.463s][info][gc          ] GC(45) Pause Full (System.gc()) 167M->167M(4096M) 613.825ms
[92.075s][info][gc,metaspace] GC(46) Metaspace: 28624K(29760K)->28624K(29760K) NonClass: 25243K(25792K)->25243K(25792K) Class: 3381K(3968K)->3381K(3968K)
[92.075s][info][gc          ] GC(46) Pause Full (System.gc()) 167M->167M(4096M) 611.953ms
[92.996s][info][gc,metaspace] GC(47) Metaspace: 28624K(29760K)->28624K(29760K) NonClass: 25243K(25792K)->25243K(25792K) Class: 3381K(3968K)->3381K(3968K)
[92.996s][info][gc          ] GC(47) Pause Full (System.gc()) 167M->167M(4096M) 921.193ms
[94.475s][info][gc,metaspace] GC(48) Metaspace: 28624K(29760K)->28624K(29760K) NonClass: 25243K(25792K)->25243K(25792K) Class: 3381K(3968K)->3381K(3968K)
[94.475s][info][gc          ] GC(48) Pause Full (System.gc()) 167M->167M(4096M) 1478.088ms
[95.814s][info][gc,metaspace] GC(49) Metaspace: 28624K(29760K)->28624K(29760K) NonClass: 25243K(25792K)->25243K(25792K) Class: 3381K(3968K)->3381K(3968K)
[95.815s][info][gc          ] GC(49) Pause Full (System.gc()) 167M->167M(4096M) 1339.359ms
[97.296s][info][gc,metaspace] GC(50) Metaspace: 28624K(29760K)->28624K(29760K) NonClass: 25243K(25792K)->25243K(25792K) Class: 3381K(3968K)->3381K(3968K)
[97.297s][info][gc          ] GC(50) Pause Full (System.gc()) 167M->167M(4096M) 1481.570ms
[98.093s][info][gc,metaspace] GC(51) Metaspace: 28624K(29760K)->28624K(29760K) NonClass: 25243K(25792K)->25243K(25792K) Class: 3381K(3968K)->3381K(3968K)
[98.093s][info][gc          ] GC(51) Pause Full (System.gc()) 167M->167M(4096M) 796.357ms
[99.558s][info][gc,metaspace] GC(52) Metaspace: 28624K(29760K)->28624K(29760K) NonClass: 25243K(25792K)->25243K(25792K) Class: 3381K(3968K)->3381K(3968K)
[99.558s][info][gc          ] GC(52) Pause Full (System.gc()) 167M->167M(4096M) 1464.429ms
[100.821s][info][gc,metaspace] GC(53) Metaspace: 28624K(29760K)->28624K(29760K) NonClass: 25243K(25792K)->25243K(25792K) Class: 3381K(3968K)->3381K(3968K)
[100.821s][info][gc          ] GC(53) Pause Full (System.gc()) 167M->167M(4096M) 1262.702ms
[101.438s][info][gc,metaspace] GC(54) Metaspace: 28624K(29760K)->28624K(29760K) NonClass: 25243K(25792K)->25243K(25792K) Class: 3381K(3968K)->3381K(3968K)
[101.438s][info][gc          ] GC(54) Pause Full (System.gc()) 167M->167M(4096M) 616.768ms
[102.053s][info][gc,metaspace] GC(55) Metaspace: 28624K(29760K)->28624K(29760K) NonClass: 25243K(25792K)->25243K(25792K) Class: 3381K(3968K)->3381K(3968K)
[102.054s][info][gc          ] GC(55) Pause Full (System.gc()) 167M->167M(4096M) 615.492ms
[102.664s][info][gc,metaspace] GC(56) Metaspace: 28624K(29760K)->28624K(29760K) NonClass: 25243K(25792K)->25243K(25792K) Class: 3381K(3968K)->3381K(3968K)
[102.664s][info][gc          ] GC(56) Pause Full (System.gc()) 167M->167M(4096M) 610.156ms
[103.278s][info][gc,metaspace] GC(57) Metaspace: 28624K(29760K)->28624K(29760K) NonClass: 25243K(25792K)->25243K(25792K) Class: 3381K(3968K)->3381K(3968K)
[103.278s][info][gc          ] GC(57) Pause Full (System.gc()) 167M->167M(4096M) 614.084ms
[104.582s][info][gc,metaspace] GC(58) Metaspace: 28624K(29760K)->28624K(29760K) NonClass: 25243K(25792K)->25243K(25792K) Class: 3381K(3968K)->3381K(3968K)
[104.583s][info][gc          ] GC(58) Pause Full (System.gc()) 167M->167M(4096M) 1303.992ms
[106.019s][info][gc,metaspace] GC(59) Metaspace: 28624K(29760K)->28624K(29760K) NonClass: 25243K(25792K)->25243K(25792K) Class: 3381K(3968K)->3381K(3968K)
[106.020s][info][gc          ] GC(59) Pause Full (System.gc()) 167M->167M(4096M) 1436.667ms
[106.631s][info][gc,metaspace] GC(60) Metaspace: 28624K(29760K)->28624K(29760K) NonClass: 25243K(25792K)->25243K(25792K) Class: 3381K(3968K)->3381K(3968K)
[106.631s][info][gc          ] GC(60) Pause Full (System.gc()) 167M->167M(4096M) 611.085ms
[107.243s][info][gc,metaspace] GC(61) Metaspace: 28624K(29760K)->28624K(29760K) NonClass: 25243K(25792K)->25243K(25792K) Class: 3381K(3968K)->3381K(3968K)
[107.244s][info][gc          ] GC(61) Pause Full (System.gc()) 167M->167M(4096M) 612.512ms
[107.868s][info][gc,metaspace] GC(62) Metaspace: 28624K(29760K)->28624K(29760K) NonClass: 25243K(25792K)->25243K(25792K) Class: 3381K(3968K)->3381K(3968K)
[107.868s][info][gc          ] GC(62) Pause Full (System.gc()) 167M->167M(4096M) 624.281ms
[108.481s][info][gc,metaspace] GC(63) Metaspace: 28624K(29760K)->28624K(29760K) NonClass: 25243K(25792K)->25243K(25792K) Class: 3381K(3968K)->3381K(3968K)
[108.481s][info][gc          ] GC(63) Pause Full (System.gc()) 167M->167M(4096M) 613.116ms
[109.915s][info][gc,metaspace] GC(64) Metaspace: 28624K(29760K)->28624K(29760K) NonClass: 25243K(25792K)->25243K(25792K) Class: 3381K(3968K)->3381K(3968K)
[109.915s][info][gc          ] GC(64) Pause Full (System.gc()) 167M->167M(4096M) 1434.071ms
[111.220s][info][gc,metaspace] GC(65) Metaspace: 28624K(29760K)->28624K(29760K) NonClass: 25243K(25792K)->25243K(25792K) Class: 3381K(3968K)->3381K(3968K)
[111.220s][info][gc          ] GC(65) Pause Full (System.gc()) 167M->167M(4096M) 1304.493ms
[111.831s][info][gc,metaspace] GC(66) Metaspace: 28624K(29760K)->28624K(29760K) NonClass: 25243K(25792K)->25243K(25792K) Class: 3381K(3968K)->3381K(3968K)
[111.831s][info][gc          ] GC(66) Pause Full (System.gc()) 167M->167M(4096M) 610.870ms
[112.439s][info][gc,metaspace] GC(67) Metaspace: 28624K(29760K)->28624K(29760K) NonClass: 25243K(25792K)->25243K(25792K) Class: 3381K(3968K)->3381K(3968K)
[112.439s][info][gc          ] GC(67) Pause Full (System.gc()) 167M->167M(4096M) 607.836ms
[113.051s][info][gc,metaspace] GC(68) Metaspace: 28624K(29760K)->28624K(29760K) NonClass: 25243K(25792K)->25243K(25792K) Class: 3381K(3968K)->3381K(3968K)
[113.051s][info][gc          ] GC(68) Pause Full (System.gc()) 167M->167M(4096M) 611.387ms
[113.670s][info][gc,metaspace] GC(69) Metaspace: 28624K(29760K)->28624K(29760K) NonClass: 25243K(25792K)->25243K(25792K) Class: 3381K(3968K)->3381K(3968K)
[113.671s][info][gc          ] GC(69) Pause Full (System.gc()) 167M->167M(4096M) 619.661ms
[115.080s][info][gc,metaspace] GC(70) Metaspace: 28624K(29760K)->28624K(29760K) NonClass: 25243K(25792K)->25243K(25792K) Class: 3381K(3968K)->3381K(3968K)
[115.081s][info][gc          ] GC(70) Pause Full (System.gc()) 167M->167M(4096M) 1409.908ms
[116.405s][info][gc,metaspace] GC(71) Metaspace: 28624K(29760K)->28624K(29760K) NonClass: 25243K(25792K)->25243K(25792K) Class: 3381K(3968K)->3381K(3968K)
[116.406s][info][gc          ] GC(71) Pause Full (System.gc()) 167M->167M(4096M) 1324.555ms
[117.013s][info][gc,metaspace] GC(72) Metaspace: 28624K(29760K)->28624K(29760K) NonClass: 25243K(25792K)->25243K(25792K) Class: 3381K(3968K)->3381K(3968K)
[117.013s][info][gc          ] GC(72) Pause Full (System.gc()) 167M->167M(4096M) 607.448ms
[117.632s][info][gc,metaspace] GC(73) Metaspace: 28624K(29760K)->28624K(29760K) NonClass: 25243K(25792K)->25243K(25792K) Class: 3381K(3968K)->3381K(3968K)
[117.632s][info][gc          ] GC(73) Pause Full (System.gc()) 167M->167M(4096M) 619.035ms
[118.245s][info][gc,metaspace] GC(74) Metaspace: 28624K(29760K)->28624K(29760K) NonClass: 25243K(25792K)->25243K(25792K) Class: 3381K(3968K)->3381K(3968K)
[118.245s][info][gc          ] GC(74) Pause Full (System.gc()) 167M->167M(4096M) 612.254ms
[118.867s][info][gc,metaspace] GC(75) Metaspace: 28624K(29760K)->28624K(29760K) NonClass: 25243K(25792K)->25243K(25792K) Class: 3381K(3968K)->3381K(3968K)
[118.867s][info][gc          ] GC(75) Pause Full (System.gc()) 167M->167M(4096M) 622.362ms
[120.159s][info][gc,metaspace] GC(76) Metaspace: 28624K(29760K)->28624K(29760K) NonClass: 25243K(25792K)->25243K(25792K) Class: 3381K(3968K)->3381K(3968K)
[120.159s][info][gc          ] GC(76) Pause Full (System.gc()) 167M->167M(4096M) 1291.757ms
[121.605s][info][gc,metaspace] GC(77) Metaspace: 28624K(29760K)->28624K(29760K) NonClass: 25243K(25792K)->25243K(25792K) Class: 3381K(3968K)->3381K(3968K)
[121.605s][info][gc          ] GC(77) Pause Full (System.gc()) 167M->167M(4096M) 1445.256ms
[122.215s][info][gc,metaspace] GC(78) Metaspace: 28624K(29760K)->28624K(29760K) NonClass: 25243K(25792K)->25243K(25792K) Class: 3381K(3968K)->3381K(3968K)
[122.215s][info][gc          ] GC(78) Pause Full (System.gc()) 167M->167M(4096M) 610.177ms
[122.838s][info][gc,metaspace] GC(79) Metaspace: 28624K(29760K)->28624K(29760K) NonClass: 25243K(25792K)->25243K(25792K) Class: 3381K(3968K)->3381K(3968K)
[122.838s][info][gc          ] GC(79) Pause Full (System.gc()) 167M->167M(4096M) 622.880ms
[123.446s][info][gc,metaspace] GC(80) Metaspace: 28624K(29760K)->28624K(29760K) NonClass: 25243K(25792K)->25243K(25792K) Class: 3381K(3968K)->3381K(3968K)
[123.446s][info][gc          ] GC(80) Pause Full (System.gc()) 167M->167M(4096M) 607.139ms
[124.057s][info][gc,metaspace] GC(81) Metaspace: 28624K(29760K)->28624K(29760K) NonClass: 25243K(25792K)->25243K(25792K) Class: 3381K(3968K)->3381K(3968K)
[124.057s][info][gc          ] GC(81) Pause Full (System.gc()) 167M->167M(4096M) 611.524ms
[125.469s][info][gc,metaspace] GC(82) Metaspace: 28624K(29760K)->28624K(29760K) NonClass: 25243K(25792K)->25243K(25792K) Class: 3381K(3968K)->3381K(3968K)
[125.470s][info][gc          ] GC(82) Pause Full (System.gc()) 167M->167M(4096M) 1412.045ms
[126.793s][info][gc,metaspace] GC(83) Metaspace: 28624K(29760K)->28624K(29760K) NonClass: 25243K(25792K)->25243K(25792K) Class: 3381K(3968K)->3381K(3968K)
[126.793s][info][gc          ] GC(83) Pause Full (System.gc()) 167M->167M(4096M) 1323.257ms
[127.402s][info][gc,metaspace] GC(84) Metaspace: 28624K(29760K)->28624K(29760K) NonClass: 25243K(25792K)->25243K(25792K) Class: 3381K(3968K)->3381K(3968K)
[127.402s][info][gc          ] GC(84) Pause Full (System.gc()) 167M->167M(4096M) 608.452ms
[128.012s][info][gc,metaspace] GC(85) Metaspace: 28624K(29760K)->28624K(29760K) NonClass: 25243K(25792K)->25243K(25792K) Class: 3381K(3968K)->3381K(3968K)
[128.012s][info][gc          ] GC(85) Pause Full (System.gc()) 167M->167M(4096M) 609.844ms
[128.630s][info][gc,metaspace] GC(86) Metaspace: 28624K(29760K)->28624K(29760K) NonClass: 25243K(25792K)->25243K(25792K) Class: 3381K(3968K)->3381K(3968K)
[128.630s][info][gc          ] GC(86) Pause Full (System.gc()) 167M->167M(4096M) 617.816ms
[129.242s][info][gc,metaspace] GC(87) Metaspace: 28624K(29760K)->28624K(29760K) NonClass: 25243K(25792K)->25243K(25792K) Class: 3381K(3968K)->3381K(3968K)
[129.242s][info][gc          ] GC(87) Pause Full (System.gc()) 167M->167M(4096M) 612.208ms
[130.626s][info][gc,metaspace] GC(88) Metaspace: 28624K(29760K)->28624K(29760K) NonClass: 25243K(25792K)->25243K(25792K) Class: 3381K(3968K)->3381K(3968K)
[130.627s][info][gc          ] GC(88) Pause Full (System.gc()) 167M->167M(4096M) 1384.170ms
[131.983s][info][gc,metaspace] GC(89) Metaspace: 28624K(29760K)->28624K(29760K) NonClass: 25243K(25792K)->25243K(25792K) Class: 3381K(3968K)->3381K(3968K)
[131.983s][info][gc          ] GC(89) Pause Full (System.gc()) 167M->167M(4096M) 1355.792ms
[132.596s][info][gc,metaspace] GC(90) Metaspace: 28624K(29760K)->28624K(29760K) NonClass: 25243K(25792K)->25243K(25792K) Class: 3381K(3968K)->3381K(3968K)
[132.596s][info][gc          ] GC(90) Pause Full (System.gc()) 167M->167M(4096M) 613.050ms
[133.216s][info][gc,metaspace] GC(91) Metaspace: 28624K(29760K)->28624K(29760K) NonClass: 25243K(25792K)->25243K(25792K) Class: 3381K(3968K)->3381K(3968K)
[133.216s][info][gc          ] GC(91) Pause Full (System.gc()) 167M->167M(4096M) 619.969ms
[133.826s][info][gc,metaspace] GC(92) Metaspace: 28624K(29760K)->28624K(29760K) NonClass: 25243K(25792K)->25243K(25792K) Class: 3381K(3968K)->3381K(3968K)
[133.826s][info][gc          ] GC(92) Pause Full (System.gc()) 167M->167M(4096M) 609.397ms
[134.461s][info][gc,metaspace] GC(93) Metaspace: 28624K(29760K)->28624K(29760K) NonClass: 25243K(25792K)->25243K(25792K) Class: 3381K(3968K)->3381K(3968K)
[134.461s][info][gc          ] GC(93) Pause Full (System.gc()) 167M->167M(4096M) 635.188ms
[135.864s][info][gc,metaspace] GC(94) Metaspace: 28624K(29760K)->28624K(29760K) NonClass: 25243K(25792K)->25243K(25792K) Class: 3381K(3968K)->3381K(3968K)
[135.865s][info][gc          ] GC(94) Pause Full (System.gc()) 167M->167M(4096M) 1403.066ms
[137.187s][info][gc,metaspace] GC(95) Metaspace: 28624K(29760K)->28624K(29760K) NonClass: 25243K(25792K)->25243K(25792K) Class: 3381K(3968K)->3381K(3968K)
[137.187s][info][gc          ] GC(95) Pause Full (System.gc()) 167M->167M(4096M) 1322.484ms
[137.811s][info][gc,metaspace] GC(96) Metaspace: 28624K(29760K)->28624K(29760K) NonClass: 25243K(25792K)->25243K(25792K) Class: 3381K(3968K)->3381K(3968K)
[137.811s][info][gc          ] GC(96) Pause Full (System.gc()) 167M->167M(4096M) 623.254ms
[138.422s][info][gc,metaspace] GC(97) Metaspace: 28624K(29760K)->28624K(29760K) NonClass: 25243K(25792K)->25243K(25792K) Class: 3381K(3968K)->3381K(3968K)
[138.423s][info][gc          ] GC(97) Pause Full (System.gc()) 167M->167M(4096M) 611.598ms
[139.038s][info][gc,metaspace] GC(98) Metaspace: 28624K(29760K)->28624K(29760K) NonClass: 25243K(25792K)->25243K(25792K) Class: 3381K(3968K)->3381K(3968K)
[139.038s][info][gc          ] GC(98) Pause Full (System.gc()) 168M->167M(4096M) 614.954ms
[139.651s][info][gc,metaspace] GC(99) Metaspace: 28624K(29760K)->28624K(29760K) NonClass: 25243K(25792K)->25243K(25792K) Class: 3381K(3968K)->3381K(3968K)
[139.652s][info][gc          ] GC(99) Pause Full (System.gc()) 167M->167M(4096M) 613.646ms
[141.074s][info][gc,metaspace] GC(100) Metaspace: 28624K(29760K)->28624K(29760K) NonClass: 25243K(25792K)->25243K(25792K) Class: 3381K(3968K)->3381K(3968K)
[141.074s][info][gc          ] GC(100) Pause Full (System.gc()) 167M->167M(4096M) 1422.176ms
[142.391s][info][gc,metaspace] GC(101) Metaspace: 28624K(29760K)->28624K(29760K) NonClass: 25243K(25792K)->25243K(25792K) Class: 3381K(3968K)->3381K(3968K)
[142.391s][info][gc          ] GC(101) Pause Full (System.gc()) 167M->167M(4096M) 1316.636ms
[143.002s][info][gc,metaspace] GC(102) Metaspace: 28624K(29760K)->28624K(29760K) NonClass: 25243K(25792K)->25243K(25792K) Class: 3381K(3968K)->3381K(3968K)
[143.002s][info][gc          ] GC(102) Pause Full (System.gc()) 167M->167M(4096M) 610.665ms
[143.623s][info][gc,metaspace] GC(103) Metaspace: 28624K(29760K)->28624K(29760K) NonClass: 25243K(25792K)->25243K(25792K) Class: 3381K(3968K)->3381K(3968K)
[143.623s][info][gc          ] GC(103) Pause Full (System.gc()) 167M->167M(4096M) 620.834ms
[144.236s][info][gc,metaspace] GC(104) Metaspace: 28624K(29760K)->28624K(29760K) NonClass: 25243K(25792K)->25243K(25792K) Class: 3381K(3968K)->3381K(3968K)
[144.236s][info][gc          ] GC(104) Pause Full (System.gc()) 167M->167M(4096M) 612.960ms
After GCs... 
