Done; will start GCs... 
[12.890s][info][gc,metaspace] GC(4) Metaspace: 28062K(28544K)->28062K(28544K) NonClass: 28062K(28544K)->28062K(28544K) Class: 0K(0K)->0K(0K)
[12.890s][info][gc          ] GC(4) Pause Young (System.gc()) 828M->773M(5888M) 2149.416ms
[14.944s][info][gc,metaspace] GC(5) Metaspace: 28062K(28544K)->28062K(28544K) NonClass: 28062K(28544K)->28062K(28544K) Class: 0K(0K)->0K(0K)
[14.944s][info][gc          ] GC(5) Pause Full (System.gc()) 773M->772M(5888M) 2054.006ms
[14.945s][info][gc,metaspace] GC(6) Metaspace: 28062K(28544K)->28062K(28544K) NonClass: 28062K(28544K)->28062K(28544K) Class: 0K(0K)->0K(0K)
[14.945s][info][gc          ] GC(6) Pause Young (System.gc()) 772M->772M(5888M) 0.548ms
[15.588s][info][gc,metaspace] GC(7) Metaspace: 28062K(28544K)->28062K(28544K) NonClass: 28062K(28544K)->28062K(28544K) Class: 0K(0K)->0K(0K)
[15.588s][info][gc          ] GC(7) Pause Full (System.gc()) 772M->772M(5888M) 643.314ms
[15.589s][info][gc,metaspace] GC(8) Metaspace: 28062K(28544K)->28062K(28544K) NonClass: 28062K(28544K)->28062K(28544K) Class: 0K(0K)->0K(0K)
[15.589s][info][gc          ] GC(8) Pause Young (System.gc()) 772M->772M(5888M) 0.530ms
[16.229s][info][gc,metaspace] GC(9) Metaspace: 28062K(28544K)->28062K(28544K) NonClass: 28062K(28544K)->28062K(28544K) Class: 0K(0K)->0K(0K)
[16.229s][info][gc          ] GC(9) Pause Full (System.gc()) 772M->772M(5888M) 640.773ms
[16.234s][info][gc,metaspace] GC(10) Metaspace: 28062K(28544K)->28062K(28544K) NonClass: 28062K(28544K)->28062K(28544K) Class: 0K(0K)->0K(0K)
[16.234s][info][gc          ] GC(10) Pause Young (System.gc()) 772M->772M(5888M) 0.478ms
[16.880s][info][gc,metaspace] GC(11) Metaspace: 28062K(28544K)->28062K(28544K) NonClass: 28062K(28544K)->28062K(28544K) Class: 0K(0K)->0K(0K)
[16.880s][info][gc          ] GC(11) Pause Full (System.gc()) 772M->772M(5888M) 646.005ms
[16.881s][info][gc,metaspace] GC(12) Metaspace: 28063K(28544K)->28063K(28544K) NonClass: 28063K(28544K)->28063K(28544K) Class: 0K(0K)->0K(0K)
[16.881s][info][gc          ] GC(12) Pause Young (System.gc()) 772M->772M(5888M) 0.552ms
[17.498s][info][gc,metaspace] GC(13) Metaspace: 28063K(28544K)->28063K(28544K) NonClass: 28063K(28544K)->28063K(28544K) Class: 0K(0K)->0K(0K)
[17.498s][info][gc          ] GC(13) Pause Full (System.gc()) 772M->772M(5888M) 616.682ms
[17.498s][info][gc,metaspace] GC(14) Metaspace: 28063K(28544K)->28063K(28544K) NonClass: 28063K(28544K)->28063K(28544K) Class: 0K(0K)->0K(0K)
[17.498s][info][gc          ] GC(14) Pause Young (System.gc()) 772M->772M(5888M) 0.494ms
[18.274s][info][gc,metaspace] GC(15) Metaspace: 28063K(28544K)->28063K(28544K) NonClass: 28063K(28544K)->28063K(28544K) Class: 0K(0K)->0K(0K)
[18.274s][info][gc          ] GC(15) Pause Full (System.gc()) 772M->772M(5888M) 775.864ms
[18.275s][info][gc,metaspace] GC(16) Metaspace: 28063K(28544K)->28063K(28544K) NonClass: 28063K(28544K)->28063K(28544K) Class: 0K(0K)->0K(0K)
[18.275s][info][gc          ] GC(16) Pause Young (System.gc()) 772M->772M(5888M) 0.503ms
[19.131s][info][gc,metaspace] GC(17) Metaspace: 28063K(28544K)->28063K(28544K) NonClass: 28063K(28544K)->28063K(28544K) Class: 0K(0K)->0K(0K)
[19.131s][info][gc          ] GC(17) Pause Full (System.gc()) 772M->772M(5888M) 856.416ms
[19.132s][info][gc,metaspace] GC(18) Metaspace: 28063K(28544K)->28063K(28544K) NonClass: 28063K(28544K)->28063K(28544K) Class: 0K(0K)->0K(0K)
[19.132s][info][gc          ] GC(18) Pause Young (System.gc()) 772M->772M(5888M) 0.490ms
[19.796s][info][gc,metaspace] GC(19) Metaspace: 28063K(28544K)->28063K(28544K) NonClass: 28063K(28544K)->28063K(28544K) Class: 0K(0K)->0K(0K)
[19.796s][info][gc          ] GC(19) Pause Full (System.gc()) 772M->772M(5888M) 663.621ms
[19.796s][info][gc,metaspace] GC(20) Metaspace: 28063K(28544K)->28063K(28544K) NonClass: 28063K(28544K)->28063K(28544K) Class: 0K(0K)->0K(0K)
[19.796s][info][gc          ] GC(20) Pause Young (System.gc()) 772M->772M(5888M) 0.572ms
[20.517s][info][gc,metaspace] GC(21) Metaspace: 28063K(28544K)->28063K(28544K) NonClass: 28063K(28544K)->28063K(28544K) Class: 0K(0K)->0K(0K)
[20.517s][info][gc          ] GC(21) Pause Full (System.gc()) 772M->772M(5888M) 720.364ms
[20.518s][info][gc,metaspace] GC(22) Metaspace: 28063K(28544K)->28063K(28544K) NonClass: 28063K(28544K)->28063K(28544K) Class: 0K(0K)->0K(0K)
[20.518s][info][gc          ] GC(22) Pause Young (System.gc()) 772M->772M(5888M) 0.507ms
[21.139s][info][gc,metaspace] GC(23) Metaspace: 28063K(28544K)->28063K(28544K) NonClass: 28063K(28544K)->28063K(28544K) Class: 0K(0K)->0K(0K)
[21.139s][info][gc          ] GC(23) Pause Full (System.gc()) 772M->772M(5888M) 621.376ms
[21.140s][info][gc,metaspace] GC(24) Metaspace: 28063K(28544K)->28063K(28544K) NonClass: 28063K(28544K)->28063K(28544K) Class: 0K(0K)->0K(0K)
[21.140s][info][gc          ] GC(24) Pause Young (System.gc()) 772M->772M(5888M) 0.502ms
[21.752s][info][gc,metaspace] GC(25) Metaspace: 28063K(28544K)->28063K(28544K) NonClass: 28063K(28544K)->28063K(28544K) Class: 0K(0K)->0K(0K)
[21.752s][info][gc          ] GC(25) Pause Full (System.gc()) 772M->772M(5888M) 612.751ms
[21.753s][info][gc,metaspace] GC(26) Metaspace: 28063K(28544K)->28063K(28544K) NonClass: 28063K(28544K)->28063K(28544K) Class: 0K(0K)->0K(0K)
[21.753s][info][gc          ] GC(26) Pause Young (System.gc()) 772M->772M(5888M) 0.539ms
[22.376s][info][gc,metaspace] GC(27) Metaspace: 28063K(28544K)->28063K(28544K) NonClass: 28063K(28544K)->28063K(28544K) Class: 0K(0K)->0K(0K)
[22.376s][info][gc          ] GC(27) Pause Full (System.gc()) 772M->772M(5888M) 622.570ms
[22.376s][info][gc,metaspace] GC(28) Metaspace: 28063K(28544K)->28063K(28544K) NonClass: 28063K(28544K)->28063K(28544K) Class: 0K(0K)->0K(0K)
[22.376s][info][gc          ] GC(28) Pause Young (System.gc()) 772M->772M(5888M) 0.437ms
[23.183s][info][gc,metaspace] GC(29) Metaspace: 28063K(28544K)->28063K(28544K) NonClass: 28063K(28544K)->28063K(28544K) Class: 0K(0K)->0K(0K)
[23.183s][info][gc          ] GC(29) Pause Full (System.gc()) 772M->772M(5888M) 806.393ms
[23.183s][info][gc,metaspace] GC(30) Metaspace: 28063K(28544K)->28063K(28544K) NonClass: 28063K(28544K)->28063K(28544K) Class: 0K(0K)->0K(0K)
[23.183s][info][gc          ] GC(30) Pause Young (System.gc()) 772M->772M(5888M) 0.439ms
[23.805s][info][gc,metaspace] GC(31) Metaspace: 28063K(28544K)->28063K(28544K) NonClass: 28063K(28544K)->28063K(28544K) Class: 0K(0K)->0K(0K)
[23.805s][info][gc          ] GC(31) Pause Full (System.gc()) 772M->772M(5888M) 621.979ms
[23.806s][info][gc,metaspace] GC(32) Metaspace: 28063K(28544K)->28063K(28544K) NonClass: 28063K(28544K)->28063K(28544K) Class: 0K(0K)->0K(0K)
[23.806s][info][gc          ] GC(32) Pause Young (System.gc()) 772M->772M(5888M) 0.471ms
[24.441s][info][gc,metaspace] GC(33) Metaspace: 28063K(28544K)->28063K(28544K) NonClass: 28063K(28544K)->28063K(28544K) Class: 0K(0K)->0K(0K)
[24.442s][info][gc          ] GC(33) Pause Full (System.gc()) 772M->772M(5888M) 635.591ms
[24.442s][info][gc,metaspace] GC(34) Metaspace: 28063K(28544K)->28063K(28544K) NonClass: 28063K(28544K)->28063K(28544K) Class: 0K(0K)->0K(0K)
[24.442s][info][gc          ] GC(34) Pause Young (System.gc()) 772M->772M(5888M) 0.464ms
[25.059s][info][gc,metaspace] GC(35) Metaspace: 28063K(28544K)->28063K(28544K) NonClass: 28063K(28544K)->28063K(28544K) Class: 0K(0K)->0K(0K)
[25.059s][info][gc          ] GC(35) Pause Full (System.gc()) 772M->772M(5888M) 617.288ms
[25.060s][info][gc,metaspace] GC(36) Metaspace: 28063K(28544K)->28063K(28544K) NonClass: 28063K(28544K)->28063K(28544K) Class: 0K(0K)->0K(0K)
[25.060s][info][gc          ] GC(36) Pause Young (System.gc()) 772M->772M(5888M) 0.471ms
[25.787s][info][gc,metaspace] GC(37) Metaspace: 28063K(28544K)->28063K(28544K) NonClass: 28063K(28544K)->28063K(28544K) Class: 0K(0K)->0K(0K)
[25.787s][info][gc          ] GC(37) Pause Full (System.gc()) 772M->772M(5888M) 727.203ms
[25.788s][info][gc,metaspace] GC(38) Metaspace: 28063K(28544K)->28063K(28544K) NonClass: 28063K(28544K)->28063K(28544K) Class: 0K(0K)->0K(0K)
[25.788s][info][gc          ] GC(38) Pause Young (System.gc()) 772M->772M(5888M) 0.466ms
[26.416s][info][gc,metaspace] GC(39) Metaspace: 28063K(28544K)->28063K(28544K) NonClass: 28063K(28544K)->28063K(28544K) Class: 0K(0K)->0K(0K)
[26.416s][info][gc          ] GC(39) Pause Full (System.gc()) 772M->772M(5888M) 628.161ms
[26.417s][info][gc,metaspace] GC(40) Metaspace: 28063K(28544K)->28063K(28544K) NonClass: 28063K(28544K)->28063K(28544K) Class: 0K(0K)->0K(0K)
[26.417s][info][gc          ] GC(40) Pause Young (System.gc()) 772M->772M(5888M) 0.474ms
[27.047s][info][gc,metaspace] GC(41) Metaspace: 28063K(28544K)->28063K(28544K) NonClass: 28063K(28544K)->28063K(28544K) Class: 0K(0K)->0K(0K)
[27.047s][info][gc          ] GC(41) Pause Full (System.gc()) 772M->772M(5888M) 630.681ms
[27.048s][info][gc,metaspace] GC(42) Metaspace: 28063K(28544K)->28063K(28544K) NonClass: 28063K(28544K)->28063K(28544K) Class: 0K(0K)->0K(0K)
[27.048s][info][gc          ] GC(42) Pause Young (System.gc()) 772M->772M(5888M) 0.475ms
[27.681s][info][gc,metaspace] GC(43) Metaspace: 28063K(28544K)->28063K(28544K) NonClass: 28063K(28544K)->28063K(28544K) Class: 0K(0K)->0K(0K)
[27.681s][info][gc          ] GC(43) Pause Full (System.gc()) 772M->772M(5888M) 633.177ms
[27.682s][info][gc,metaspace] GC(44) Metaspace: 28063K(28544K)->28063K(28544K) NonClass: 28063K(28544K)->28063K(28544K) Class: 0K(0K)->0K(0K)
[27.682s][info][gc          ] GC(44) Pause Young (System.gc()) 772M->772M(5888M) 0.525ms
[28.318s][info][gc,metaspace] GC(45) Metaspace: 28063K(28544K)->28063K(28544K) NonClass: 28063K(28544K)->28063K(28544K) Class: 0K(0K)->0K(0K)
[28.318s][info][gc          ] GC(45) Pause Full (System.gc()) 772M->772M(5888M) 636.453ms
[28.319s][info][gc,metaspace] GC(46) Metaspace: 28063K(28544K)->28063K(28544K) NonClass: 28063K(28544K)->28063K(28544K) Class: 0K(0K)->0K(0K)
[28.319s][info][gc          ] GC(46) Pause Young (System.gc()) 772M->772M(5888M) 0.469ms
[29.132s][info][gc,metaspace] GC(47) Metaspace: 28063K(28544K)->28063K(28544K) NonClass: 28063K(28544K)->28063K(28544K) Class: 0K(0K)->0K(0K)
[29.132s][info][gc          ] GC(47) Pause Full (System.gc()) 772M->772M(5888M) 813.524ms
[29.133s][info][gc,metaspace] GC(48) Metaspace: 28063K(28544K)->28063K(28544K) NonClass: 28063K(28544K)->28063K(28544K) Class: 0K(0K)->0K(0K)
[29.133s][info][gc          ] GC(48) Pause Young (System.gc()) 772M->772M(5888M) 0.483ms
[29.782s][info][gc,metaspace] GC(49) Metaspace: 28063K(28544K)->28063K(28544K) NonClass: 28063K(28544K)->28063K(28544K) Class: 0K(0K)->0K(0K)
[29.782s][info][gc          ] GC(49) Pause Full (System.gc()) 772M->772M(5888M) 648.841ms
[29.782s][info][gc,metaspace] GC(50) Metaspace: 28063K(28544K)->28063K(28544K) NonClass: 28063K(28544K)->28063K(28544K) Class: 0K(0K)->0K(0K)
[29.783s][info][gc          ] GC(50) Pause Young (System.gc()) 772M->772M(5888M) 0.474ms
[30.414s][info][gc,metaspace] GC(51) Metaspace: 28063K(28544K)->28063K(28544K) NonClass: 28063K(28544K)->28063K(28544K) Class: 0K(0K)->0K(0K)
[30.414s][info][gc          ] GC(51) Pause Full (System.gc()) 772M->772M(5888M) 631.729ms
[30.415s][info][gc,metaspace] GC(52) Metaspace: 28063K(28544K)->28063K(28544K) NonClass: 28063K(28544K)->28063K(28544K) Class: 0K(0K)->0K(0K)
[30.415s][info][gc          ] GC(52) Pause Young (System.gc()) 772M->772M(5888M) 0.488ms
[31.034s][info][gc,metaspace] GC(53) Metaspace: 28063K(28544K)->28063K(28544K) NonClass: 28063K(28544K)->28063K(28544K) Class: 0K(0K)->0K(0K)
[31.034s][info][gc          ] GC(53) Pause Full (System.gc()) 772M->772M(5888M) 619.399ms
[31.035s][info][gc,metaspace] GC(54) Metaspace: 28063K(28544K)->28063K(28544K) NonClass: 28063K(28544K)->28063K(28544K) Class: 0K(0K)->0K(0K)
[31.035s][info][gc          ] GC(54) Pause Young (System.gc()) 772M->772M(5888M) 0.511ms
[31.842s][info][gc,metaspace] GC(55) Metaspace: 28063K(28544K)->28063K(28544K) NonClass: 28063K(28544K)->28063K(28544K) Class: 0K(0K)->0K(0K)
[31.843s][info][gc          ] GC(55) Pause Full (System.gc()) 772M->772M(5888M) 807.624ms
[31.843s][info][gc,metaspace] GC(56) Metaspace: 28063K(28544K)->28063K(28544K) NonClass: 28063K(28544K)->28063K(28544K) Class: 0K(0K)->0K(0K)
[31.843s][info][gc          ] GC(56) Pause Young (System.gc()) 772M->772M(5888M) 0.544ms
[32.472s][info][gc,metaspace] GC(57) Metaspace: 28063K(28544K)->28063K(28544K) NonClass: 28063K(28544K)->28063K(28544K) Class: 0K(0K)->0K(0K)
[32.472s][info][gc          ] GC(57) Pause Full (System.gc()) 772M->772M(5888M) 628.758ms
[32.473s][info][gc,metaspace] GC(58) Metaspace: 28063K(28544K)->28063K(28544K) NonClass: 28063K(28544K)->28063K(28544K) Class: 0K(0K)->0K(0K)
[32.473s][info][gc          ] GC(58) Pause Young (System.gc()) 772M->772M(5888M) 0.494ms
[33.133s][info][gc,metaspace] GC(59) Metaspace: 28063K(28544K)->28063K(28544K) NonClass: 28063K(28544K)->28063K(28544K) Class: 0K(0K)->0K(0K)
[33.133s][info][gc          ] GC(59) Pause Full (System.gc()) 772M->772M(5888M) 660.762ms
[33.134s][info][gc,metaspace] GC(60) Metaspace: 28063K(28544K)->28063K(28544K) NonClass: 28063K(28544K)->28063K(28544K) Class: 0K(0K)->0K(0K)
[33.134s][info][gc          ] GC(60) Pause Young (System.gc()) 772M->772M(5888M) 0.484ms
[33.778s][info][gc,metaspace] GC(61) Metaspace: 28063K(28544K)->28063K(28544K) NonClass: 28063K(28544K)->28063K(28544K) Class: 0K(0K)->0K(0K)
[33.778s][info][gc          ] GC(61) Pause Full (System.gc()) 772M->772M(5888M) 644.220ms
[33.779s][info][gc,metaspace] GC(62) Metaspace: 28063K(28544K)->28063K(28544K) NonClass: 28063K(28544K)->28063K(28544K) Class: 0K(0K)->0K(0K)
[33.779s][info][gc          ] GC(62) Pause Young (System.gc()) 772M->772M(5888M) 0.514ms
[34.516s][info][gc,metaspace] GC(63) Metaspace: 28063K(28544K)->28063K(28544K) NonClass: 28063K(28544K)->28063K(28544K) Class: 0K(0K)->0K(0K)
[34.516s][info][gc          ] GC(63) Pause Full (System.gc()) 772M->772M(5888M) 737.288ms
[34.517s][info][gc,metaspace] GC(64) Metaspace: 28063K(28544K)->28063K(28544K) NonClass: 28063K(28544K)->28063K(28544K) Class: 0K(0K)->0K(0K)
[34.517s][info][gc          ] GC(64) Pause Young (System.gc()) 772M->772M(5888M) 0.488ms
[35.151s][info][gc,metaspace] GC(65) Metaspace: 28063K(28544K)->28063K(28544K) NonClass: 28063K(28544K)->28063K(28544K) Class: 0K(0K)->0K(0K)
[35.152s][info][gc          ] GC(65) Pause Full (System.gc()) 772M->772M(5888M) 634.743ms
[35.152s][info][gc,metaspace] GC(66) Metaspace: 28063K(28544K)->28063K(28544K) NonClass: 28063K(28544K)->28063K(28544K) Class: 0K(0K)->0K(0K)
[35.152s][info][gc          ] GC(66) Pause Young (System.gc()) 772M->772M(5888M) 0.491ms
[35.780s][info][gc,metaspace] GC(67) Metaspace: 28063K(28544K)->28063K(28544K) NonClass: 28063K(28544K)->28063K(28544K) Class: 0K(0K)->0K(0K)
[35.780s][info][gc          ] GC(67) Pause Full (System.gc()) 772M->772M(5888M) 627.933ms
[35.781s][info][gc,metaspace] GC(68) Metaspace: 28063K(28544K)->28063K(28544K) NonClass: 28063K(28544K)->28063K(28544K) Class: 0K(0K)->0K(0K)
[35.781s][info][gc          ] GC(68) Pause Young (System.gc()) 772M->772M(5888M) 0.469ms
[36.425s][info][gc,metaspace] GC(69) Metaspace: 28063K(28544K)->28063K(28544K) NonClass: 28063K(28544K)->28063K(28544K) Class: 0K(0K)->0K(0K)
[36.425s][info][gc          ] GC(69) Pause Full (System.gc()) 772M->772M(5888M) 644.496ms
[36.426s][info][gc,metaspace] GC(70) Metaspace: 28063K(28544K)->28063K(28544K) NonClass: 28063K(28544K)->28063K(28544K) Class: 0K(0K)->0K(0K)
[36.426s][info][gc          ] GC(70) Pause Young (System.gc()) 772M->772M(5888M) 0.464ms
[37.148s][info][gc,metaspace] GC(71) Metaspace: 28063K(28544K)->28063K(28544K) NonClass: 28063K(28544K)->28063K(28544K) Class: 0K(0K)->0K(0K)
[37.148s][info][gc          ] GC(71) Pause Full (System.gc()) 772M->772M(5888M) 722.517ms
[37.149s][info][gc,metaspace] GC(72) Metaspace: 28063K(28544K)->28063K(28544K) NonClass: 28063K(28544K)->28063K(28544K) Class: 0K(0K)->0K(0K)
[37.149s][info][gc          ] GC(72) Pause Young (System.gc()) 772M->772M(5888M) 0.598ms
[37.760s][info][gc,metaspace] GC(73) Metaspace: 28063K(28544K)->28063K(28544K) NonClass: 28063K(28544K)->28063K(28544K) Class: 0K(0K)->0K(0K)
[37.760s][info][gc          ] GC(73) Pause Full (System.gc()) 772M->772M(5888M) 610.776ms
[37.765s][info][gc,metaspace] GC(74) Metaspace: 28063K(28544K)->28063K(28544K) NonClass: 28063K(28544K)->28063K(28544K) Class: 0K(0K)->0K(0K)
[37.765s][info][gc          ] GC(74) Pause Young (System.gc()) 772M->772M(5888M) 0.535ms
[38.406s][info][gc,metaspace] GC(75) Metaspace: 28063K(28544K)->28063K(28544K) NonClass: 28063K(28544K)->28063K(28544K) Class: 0K(0K)->0K(0K)
[38.406s][info][gc          ] GC(75) Pause Full (System.gc()) 772M->772M(5888M) 641.222ms
[38.407s][info][gc,metaspace] GC(76) Metaspace: 28063K(28544K)->28063K(28544K) NonClass: 28063K(28544K)->28063K(28544K) Class: 0K(0K)->0K(0K)
[38.407s][info][gc          ] GC(76) Pause Young (System.gc()) 772M->772M(5888M) 0.483ms
[39.055s][info][gc,metaspace] GC(77) Metaspace: 28063K(28544K)->28063K(28544K) NonClass: 28063K(28544K)->28063K(28544K) Class: 0K(0K)->0K(0K)
[39.055s][info][gc          ] GC(77) Pause Full (System.gc()) 772M->772M(5888M) 648.124ms
[39.055s][info][gc,metaspace] GC(78) Metaspace: 28063K(28544K)->28063K(28544K) NonClass: 28063K(28544K)->28063K(28544K) Class: 0K(0K)->0K(0K)
[39.055s][info][gc          ] GC(78) Pause Young (System.gc()) 772M->772M(5888M) 0.479ms
[39.678s][info][gc,metaspace] GC(79) Metaspace: 28063K(28544K)->28063K(28544K) NonClass: 28063K(28544K)->28063K(28544K) Class: 0K(0K)->0K(0K)
[39.678s][info][gc          ] GC(79) Pause Full (System.gc()) 772M->772M(5888M) 622.619ms
[39.678s][info][gc,metaspace] GC(80) Metaspace: 28063K(28544K)->28063K(28544K) NonClass: 28063K(28544K)->28063K(28544K) Class: 0K(0K)->0K(0K)
[39.679s][info][gc          ] GC(80) Pause Young (System.gc()) 772M->772M(5888M) 0.480ms
[40.324s][info][gc,metaspace] GC(81) Metaspace: 28063K(28544K)->28063K(28544K) NonClass: 28063K(28544K)->28063K(28544K) Class: 0K(0K)->0K(0K)
[40.324s][info][gc          ] GC(81) Pause Full (System.gc()) 772M->772M(5888M) 645.329ms
[40.324s][info][gc,metaspace] GC(82) Metaspace: 28063K(28544K)->28063K(28544K) NonClass: 28063K(28544K)->28063K(28544K) Class: 0K(0K)->0K(0K)
[40.324s][info][gc          ] GC(82) Pause Young (System.gc()) 772M->772M(5888M) 0.509ms
[41.134s][info][gc,metaspace] GC(83) Metaspace: 28063K(28544K)->28063K(28544K) NonClass: 28063K(28544K)->28063K(28544K) Class: 0K(0K)->0K(0K)
[41.134s][info][gc          ] GC(83) Pause Full (System.gc()) 772M->772M(5888M) 809.271ms
[41.134s][info][gc,metaspace] GC(84) Metaspace: 28063K(28544K)->28063K(28544K) NonClass: 28063K(28544K)->28063K(28544K) Class: 0K(0K)->0K(0K)
[41.134s][info][gc          ] GC(84) Pause Young (System.gc()) 772M->772M(5888M) 0.500ms
[41.840s][info][gc,metaspace] GC(85) Metaspace: 28063K(28544K)->28063K(28544K) NonClass: 28063K(28544K)->28063K(28544K) Class: 0K(0K)->0K(0K)
[41.840s][info][gc          ] GC(85) Pause Full (System.gc()) 772M->772M(5888M) 705.270ms
[41.840s][info][gc,metaspace] GC(86) Metaspace: 28063K(28544K)->28063K(28544K) NonClass: 28063K(28544K)->28063K(28544K) Class: 0K(0K)->0K(0K)
[41.840s][info][gc          ] GC(86) Pause Young (System.gc()) 772M->772M(5888M) 0.482ms
[42.563s][info][gc,metaspace] GC(87) Metaspace: 28063K(28544K)->28063K(28544K) NonClass: 28063K(28544K)->28063K(28544K) Class: 0K(0K)->0K(0K)
[42.563s][info][gc          ] GC(87) Pause Full (System.gc()) 772M->772M(5888M) 722.280ms
[42.563s][info][gc,metaspace] GC(88) Metaspace: 28063K(28544K)->28063K(28544K) NonClass: 28063K(28544K)->28063K(28544K) Class: 0K(0K)->0K(0K)
[42.563s][info][gc          ] GC(88) Pause Young (System.gc()) 772M->772M(5888M) 0.496ms
[43.285s][info][gc,metaspace] GC(89) Metaspace: 28063K(28544K)->28063K(28544K) NonClass: 28063K(28544K)->28063K(28544K) Class: 0K(0K)->0K(0K)
[43.285s][info][gc          ] GC(89) Pause Full (System.gc()) 772M->772M(5888M) 721.954ms
[43.286s][info][gc,metaspace] GC(90) Metaspace: 28063K(28544K)->28063K(28544K) NonClass: 28063K(28544K)->28063K(28544K) Class: 0K(0K)->0K(0K)
[43.286s][info][gc          ] GC(90) Pause Young (System.gc()) 772M->772M(5888M) 0.482ms
[43.907s][info][gc,metaspace] GC(91) Metaspace: 28063K(28544K)->28063K(28544K) NonClass: 28063K(28544K)->28063K(28544K) Class: 0K(0K)->0K(0K)
[43.907s][info][gc          ] GC(91) Pause Full (System.gc()) 772M->772M(5888M) 621.420ms
[43.908s][info][gc,metaspace] GC(92) Metaspace: 28063K(28544K)->28063K(28544K) NonClass: 28063K(28544K)->28063K(28544K) Class: 0K(0K)->0K(0K)
[43.908s][info][gc          ] GC(92) Pause Young (System.gc()) 772M->772M(5888M) 0.477ms
[44.539s][info][gc,metaspace] GC(93) Metaspace: 28063K(28544K)->28063K(28544K) NonClass: 28063K(28544K)->28063K(28544K) Class: 0K(0K)->0K(0K)
[44.539s][info][gc          ] GC(93) Pause Full (System.gc()) 772M->772M(5888M) 631.487ms
[44.540s][info][gc,metaspace] GC(94) Metaspace: 28063K(28544K)->28063K(28544K) NonClass: 28063K(28544K)->28063K(28544K) Class: 0K(0K)->0K(0K)
[44.540s][info][gc          ] GC(94) Pause Young (System.gc()) 772M->772M(5888M) 0.469ms
[45.181s][info][gc,metaspace] GC(95) Metaspace: 28063K(28544K)->28063K(28544K) NonClass: 28063K(28544K)->28063K(28544K) Class: 0K(0K)->0K(0K)
[45.181s][info][gc          ] GC(95) Pause Full (System.gc()) 772M->772M(5888M) 641.005ms
[45.181s][info][gc,metaspace] GC(96) Metaspace: 28063K(28544K)->28063K(28544K) NonClass: 28063K(28544K)->28063K(28544K) Class: 0K(0K)->0K(0K)
[45.181s][info][gc          ] GC(96) Pause Young (System.gc()) 772M->772M(5888M) 0.482ms
[45.807s][info][gc,metaspace] GC(97) Metaspace: 28063K(28544K)->28063K(28544K) NonClass: 28063K(28544K)->28063K(28544K) Class: 0K(0K)->0K(0K)
[45.807s][info][gc          ] GC(97) Pause Full (System.gc()) 772M->772M(5888M) 625.421ms
[45.807s][info][gc,metaspace] GC(98) Metaspace: 28063K(28544K)->28063K(28544K) NonClass: 28063K(28544K)->28063K(28544K) Class: 0K(0K)->0K(0K)
[45.807s][info][gc          ] GC(98) Pause Young (System.gc()) 772M->772M(5888M) 0.477ms
[46.430s][info][gc,metaspace] GC(99) Metaspace: 28063K(28544K)->28063K(28544K) NonClass: 28063K(28544K)->28063K(28544K) Class: 0K(0K)->0K(0K)
[46.430s][info][gc          ] GC(99) Pause Full (System.gc()) 772M->772M(5888M) 622.821ms
[46.431s][info][gc,metaspace] GC(100) Metaspace: 28063K(28544K)->28063K(28544K) NonClass: 28063K(28544K)->28063K(28544K) Class: 0K(0K)->0K(0K)
[46.431s][info][gc          ] GC(100) Pause Young (System.gc()) 772M->772M(5888M) 0.521ms
[47.237s][info][gc,metaspace] GC(101) Metaspace: 28063K(28544K)->28063K(28544K) NonClass: 28063K(28544K)->28063K(28544K) Class: 0K(0K)->0K(0K)
[47.237s][info][gc          ] GC(101) Pause Full (System.gc()) 772M->772M(5888M) 806.220ms
[47.238s][info][gc,metaspace] GC(102) Metaspace: 28063K(28544K)->28063K(28544K) NonClass: 28063K(28544K)->28063K(28544K) Class: 0K(0K)->0K(0K)
[47.238s][info][gc          ] GC(102) Pause Young (System.gc()) 772M->772M(5888M) 0.509ms
[47.879s][info][gc,metaspace] GC(103) Metaspace: 28063K(28544K)->28063K(28544K) NonClass: 28063K(28544K)->28063K(28544K) Class: 0K(0K)->0K(0K)
[47.879s][info][gc          ] GC(103) Pause Full (System.gc()) 772M->772M(5888M) 641.546ms
[47.880s][info][gc,metaspace] GC(104) Metaspace: 28063K(28544K)->28063K(28544K) NonClass: 28063K(28544K)->28063K(28544K) Class: 0K(0K)->0K(0K)
[47.880s][info][gc          ] GC(104) Pause Young (System.gc()) 772M->772M(5888M) 0.483ms
[48.672s][info][gc,metaspace] GC(105) Metaspace: 28063K(28544K)->28063K(28544K) NonClass: 28063K(28544K)->28063K(28544K) Class: 0K(0K)->0K(0K)
[48.672s][info][gc          ] GC(105) Pause Full (System.gc()) 772M->772M(5888M) 791.805ms
[48.672s][info][gc,metaspace] GC(106) Metaspace: 28063K(28544K)->28063K(28544K) NonClass: 28063K(28544K)->28063K(28544K) Class: 0K(0K)->0K(0K)
[48.672s][info][gc          ] GC(106) Pause Young (System.gc()) 772M->772M(5888M) 0.488ms
[49.333s][info][gc,metaspace] GC(107) Metaspace: 28063K(28544K)->28063K(28544K) NonClass: 28063K(28544K)->28063K(28544K) Class: 0K(0K)->0K(0K)
[49.333s][info][gc          ] GC(107) Pause Full (System.gc()) 772M->772M(5888M) 660.899ms
[49.334s][info][gc,metaspace] GC(108) Metaspace: 28063K(28544K)->28063K(28544K) NonClass: 28063K(28544K)->28063K(28544K) Class: 0K(0K)->0K(0K)
[49.334s][info][gc          ] GC(108) Pause Young (System.gc()) 772M->772M(5888M) 0.514ms
[49.996s][info][gc,metaspace] GC(109) Metaspace: 28063K(28544K)->28063K(28544K) NonClass: 28063K(28544K)->28063K(28544K) Class: 0K(0K)->0K(0K)
[49.996s][info][gc          ] GC(109) Pause Full (System.gc()) 772M->772M(5888M) 661.768ms
[49.996s][info][gc,metaspace] GC(110) Metaspace: 28063K(28544K)->28063K(28544K) NonClass: 28063K(28544K)->28063K(28544K) Class: 0K(0K)->0K(0K)
[49.996s][info][gc          ] GC(110) Pause Young (System.gc()) 772M->772M(5888M) 0.530ms
[50.638s][info][gc,metaspace] GC(111) Metaspace: 28063K(28544K)->28063K(28544K) NonClass: 28063K(28544K)->28063K(28544K) Class: 0K(0K)->0K(0K)
[50.638s][info][gc          ] GC(111) Pause Full (System.gc()) 772M->772M(5888M) 641.254ms
[50.638s][info][gc,metaspace] GC(112) Metaspace: 28063K(28544K)->28063K(28544K) NonClass: 28063K(28544K)->28063K(28544K) Class: 0K(0K)->0K(0K)
[50.638s][info][gc          ] GC(112) Pause Young (System.gc()) 772M->772M(5888M) 0.464ms
[51.270s][info][gc,metaspace] GC(113) Metaspace: 28063K(28544K)->28063K(28544K) NonClass: 28063K(28544K)->28063K(28544K) Class: 0K(0K)->0K(0K)
[51.270s][info][gc          ] GC(113) Pause Full (System.gc()) 772M->772M(5888M) 631.780ms
[51.271s][info][gc,metaspace] GC(114) Metaspace: 28063K(28544K)->28063K(28544K) NonClass: 28063K(28544K)->28063K(28544K) Class: 0K(0K)->0K(0K)
[51.271s][info][gc          ] GC(114) Pause Young (System.gc()) 772M->772M(5888M) 0.527ms
[51.959s][info][gc,metaspace] GC(115) Metaspace: 28063K(28544K)->28063K(28544K) NonClass: 28063K(28544K)->28063K(28544K) Class: 0K(0K)->0K(0K)
[51.959s][info][gc          ] GC(115) Pause Full (System.gc()) 772M->772M(5888M) 688.464ms
[51.960s][info][gc,metaspace] GC(116) Metaspace: 28063K(28544K)->28063K(28544K) NonClass: 28063K(28544K)->28063K(28544K) Class: 0K(0K)->0K(0K)
[51.960s][info][gc          ] GC(116) Pause Young (System.gc()) 772M->772M(5888M) 0.472ms
[52.667s][info][gc,metaspace] GC(117) Metaspace: 28063K(28544K)->28063K(28544K) NonClass: 28063K(28544K)->28063K(28544K) Class: 0K(0K)->0K(0K)
[52.667s][info][gc          ] GC(117) Pause Full (System.gc()) 772M->772M(5888M) 706.836ms
[52.667s][info][gc,metaspace] GC(118) Metaspace: 28063K(28544K)->28063K(28544K) NonClass: 28063K(28544K)->28063K(28544K) Class: 0K(0K)->0K(0K)
[52.667s][info][gc          ] GC(118) Pause Young (System.gc()) 772M->772M(5888M) 0.489ms
[53.290s][info][gc,metaspace] GC(119) Metaspace: 28063K(28544K)->28063K(28544K) NonClass: 28063K(28544K)->28063K(28544K) Class: 0K(0K)->0K(0K)
[53.290s][info][gc          ] GC(119) Pause Full (System.gc()) 772M->772M(5888M) 622.773ms
[53.291s][info][gc,metaspace] GC(120) Metaspace: 28063K(28544K)->28063K(28544K) NonClass: 28063K(28544K)->28063K(28544K) Class: 0K(0K)->0K(0K)
[53.291s][info][gc          ] GC(120) Pause Young (System.gc()) 772M->772M(5888M) 0.521ms
[54.056s][info][gc,metaspace] GC(121) Metaspace: 28063K(28544K)->28063K(28544K) NonClass: 28063K(28544K)->28063K(28544K) Class: 0K(0K)->0K(0K)
[54.056s][info][gc          ] GC(121) Pause Full (System.gc()) 772M->772M(5888M) 765.375ms
[54.057s][info][gc,metaspace] GC(122) Metaspace: 28063K(28544K)->28063K(28544K) NonClass: 28063K(28544K)->28063K(28544K) Class: 0K(0K)->0K(0K)
[54.057s][info][gc          ] GC(122) Pause Young (System.gc()) 772M->772M(5888M) 0.487ms
[54.693s][info][gc,metaspace] GC(123) Metaspace: 28063K(28544K)->28063K(28544K) NonClass: 28063K(28544K)->28063K(28544K) Class: 0K(0K)->0K(0K)
[54.693s][info][gc          ] GC(123) Pause Full (System.gc()) 772M->772M(5888M) 635.997ms
[54.693s][info][gc,metaspace] GC(124) Metaspace: 28063K(28544K)->28063K(28544K) NonClass: 28063K(28544K)->28063K(28544K) Class: 0K(0K)->0K(0K)
[54.693s][info][gc          ] GC(124) Pause Young (System.gc()) 772M->772M(5888M) 0.467ms
[55.326s][info][gc,metaspace] GC(125) Metaspace: 28063K(28544K)->28063K(28544K) NonClass: 28063K(28544K)->28063K(28544K) Class: 0K(0K)->0K(0K)
[55.326s][info][gc          ] GC(125) Pause Full (System.gc()) 772M->772M(5888M) 632.846ms
[55.327s][info][gc,metaspace] GC(126) Metaspace: 28063K(28544K)->28063K(28544K) NonClass: 28063K(28544K)->28063K(28544K) Class: 0K(0K)->0K(0K)
[55.327s][info][gc          ] GC(126) Pause Young (System.gc()) 772M->772M(5888M) 0.487ms
[56.081s][info][gc,metaspace] GC(127) Metaspace: 28063K(28544K)->28063K(28544K) NonClass: 28063K(28544K)->28063K(28544K) Class: 0K(0K)->0K(0K)
[56.081s][info][gc          ] GC(127) Pause Full (System.gc()) 772M->772M(5888M) 753.935ms
[56.081s][info][gc,metaspace] GC(128) Metaspace: 28063K(28544K)->28063K(28544K) NonClass: 28063K(28544K)->28063K(28544K) Class: 0K(0K)->0K(0K)
[56.081s][info][gc          ] GC(128) Pause Young (System.gc()) 772M->772M(5888M) 0.513ms
[56.700s][info][gc,metaspace] GC(129) Metaspace: 28063K(28544K)->28063K(28544K) NonClass: 28063K(28544K)->28063K(28544K) Class: 0K(0K)->0K(0K)
[56.700s][info][gc          ] GC(129) Pause Full (System.gc()) 772M->772M(5888M) 618.781ms
[56.701s][info][gc,metaspace] GC(130) Metaspace: 28063K(28544K)->28063K(28544K) NonClass: 28063K(28544K)->28063K(28544K) Class: 0K(0K)->0K(0K)
[56.701s][info][gc          ] GC(130) Pause Young (System.gc()) 772M->772M(5888M) 0.469ms
[57.378s][info][gc,metaspace] GC(131) Metaspace: 28063K(28544K)->28063K(28544K) NonClass: 28063K(28544K)->28063K(28544K) Class: 0K(0K)->0K(0K)
[57.379s][info][gc          ] GC(131) Pause Full (System.gc()) 772M->772M(5888M) 677.864ms
[57.379s][info][gc,metaspace] GC(132) Metaspace: 28063K(28544K)->28063K(28544K) NonClass: 28063K(28544K)->28063K(28544K) Class: 0K(0K)->0K(0K)
[57.379s][info][gc          ] GC(132) Pause Young (System.gc()) 772M->772M(5888M) 0.463ms
[58.011s][info][gc,metaspace] GC(133) Metaspace: 28063K(28544K)->28063K(28544K) NonClass: 28063K(28544K)->28063K(28544K) Class: 0K(0K)->0K(0K)
[58.011s][info][gc          ] GC(133) Pause Full (System.gc()) 772M->772M(5888M) 631.553ms
[58.011s][info][gc,metaspace] GC(134) Metaspace: 28063K(28544K)->28063K(28544K) NonClass: 28063K(28544K)->28063K(28544K) Class: 0K(0K)->0K(0K)
[58.011s][info][gc          ] GC(134) Pause Young (System.gc()) 772M->772M(5888M) 0.502ms
[58.630s][info][gc,metaspace] GC(135) Metaspace: 28063K(28544K)->28063K(28544K) NonClass: 28063K(28544K)->28063K(28544K) Class: 0K(0K)->0K(0K)
[58.630s][info][gc          ] GC(135) Pause Full (System.gc()) 772M->772M(5888M) 618.806ms
[58.631s][info][gc,metaspace] GC(136) Metaspace: 28063K(28544K)->28063K(28544K) NonClass: 28063K(28544K)->28063K(28544K) Class: 0K(0K)->0K(0K)
[58.631s][info][gc          ] GC(136) Pause Young (System.gc()) 772M->772M(5888M) 0.472ms
[59.258s][info][gc,metaspace] GC(137) Metaspace: 28063K(28544K)->28063K(28544K) NonClass: 28063K(28544K)->28063K(28544K) Class: 0K(0K)->0K(0K)
[59.258s][info][gc          ] GC(137) Pause Full (System.gc()) 772M->772M(5888M) 627.701ms
[59.259s][info][gc,metaspace] GC(138) Metaspace: 28063K(28544K)->28063K(28544K) NonClass: 28063K(28544K)->28063K(28544K) Class: 0K(0K)->0K(0K)
[59.259s][info][gc          ] GC(138) Pause Young (System.gc()) 772M->772M(5888M) 0.495ms
[59.887s][info][gc,metaspace] GC(139) Metaspace: 28063K(28544K)->28063K(28544K) NonClass: 28063K(28544K)->28063K(28544K) Class: 0K(0K)->0K(0K)
[59.887s][info][gc          ] GC(139) Pause Full (System.gc()) 772M->772M(5888M) 627.852ms
[59.887s][info][gc,metaspace] GC(140) Metaspace: 28063K(28544K)->28063K(28544K) NonClass: 28063K(28544K)->28063K(28544K) Class: 0K(0K)->0K(0K)
[59.888s][info][gc          ] GC(140) Pause Young (System.gc()) 772M->772M(5888M) 0.471ms
[60.509s][info][gc,metaspace] GC(141) Metaspace: 28063K(28544K)->28063K(28544K) NonClass: 28063K(28544K)->28063K(28544K) Class: 0K(0K)->0K(0K)
[60.509s][info][gc          ] GC(141) Pause Full (System.gc()) 772M->772M(5888M) 621.573ms
[60.510s][info][gc,metaspace] GC(142) Metaspace: 28063K(28544K)->28063K(28544K) NonClass: 28063K(28544K)->28063K(28544K) Class: 0K(0K)->0K(0K)
[60.510s][info][gc          ] GC(142) Pause Young (System.gc()) 772M->772M(5888M) 0.457ms
[61.162s][info][gc,metaspace] GC(143) Metaspace: 28063K(28544K)->28063K(28544K) NonClass: 28063K(28544K)->28063K(28544K) Class: 0K(0K)->0K(0K)
[61.162s][info][gc          ] GC(143) Pause Full (System.gc()) 772M->772M(5888M) 652.097ms
[61.162s][info][gc,metaspace] GC(144) Metaspace: 28063K(28544K)->28063K(28544K) NonClass: 28063K(28544K)->28063K(28544K) Class: 0K(0K)->0K(0K)
[61.162s][info][gc          ] GC(144) Pause Young (System.gc()) 772M->772M(5888M) 0.472ms
[61.783s][info][gc,metaspace] GC(145) Metaspace: 28063K(28544K)->28063K(28544K) NonClass: 28063K(28544K)->28063K(28544K) Class: 0K(0K)->0K(0K)
[61.783s][info][gc          ] GC(145) Pause Full (System.gc()) 772M->772M(5888M) 620.898ms
[61.784s][info][gc,metaspace] GC(146) Metaspace: 28063K(28544K)->28063K(28544K) NonClass: 28063K(28544K)->28063K(28544K) Class: 0K(0K)->0K(0K)
[61.784s][info][gc          ] GC(146) Pause Young (System.gc()) 772M->772M(5888M) 0.472ms
[62.413s][info][gc,metaspace] GC(147) Metaspace: 28063K(28544K)->28063K(28544K) NonClass: 28063K(28544K)->28063K(28544K) Class: 0K(0K)->0K(0K)
[62.413s][info][gc          ] GC(147) Pause Full (System.gc()) 772M->772M(5888M) 628.872ms
[62.413s][info][gc,metaspace] GC(148) Metaspace: 28063K(28544K)->28063K(28544K) NonClass: 28063K(28544K)->28063K(28544K) Class: 0K(0K)->0K(0K)
[62.413s][info][gc          ] GC(148) Pause Young (System.gc()) 772M->772M(5888M) 0.491ms
[63.051s][info][gc,metaspace] GC(149) Metaspace: 28063K(28544K)->28063K(28544K) NonClass: 28063K(28544K)->28063K(28544K) Class: 0K(0K)->0K(0K)
[63.051s][info][gc          ] GC(149) Pause Full (System.gc()) 772M->772M(5888M) 637.619ms
[63.052s][info][gc,metaspace] GC(150) Metaspace: 28063K(28544K)->28063K(28544K) NonClass: 28063K(28544K)->28063K(28544K) Class: 0K(0K)->0K(0K)
[63.052s][info][gc          ] GC(150) Pause Young (System.gc()) 782M->772M(5888M) 0.477ms
[63.842s][info][gc,metaspace] GC(151) Metaspace: 28063K(28544K)->28063K(28544K) NonClass: 28063K(28544K)->28063K(28544K) Class: 0K(0K)->0K(0K)
[63.842s][info][gc          ] GC(151) Pause Full (System.gc()) 772M->772M(5888M) 790.168ms
[63.847s][info][gc,metaspace] GC(152) Metaspace: 28063K(28544K)->28063K(28544K) NonClass: 28063K(28544K)->28063K(28544K) Class: 0K(0K)->0K(0K)
[63.847s][info][gc          ] GC(152) Pause Young (System.gc()) 772M->772M(5888M) 0.553ms
[64.472s][info][gc,metaspace] GC(153) Metaspace: 28063K(28544K)->28063K(28544K) NonClass: 28063K(28544K)->28063K(28544K) Class: 0K(0K)->0K(0K)
[64.472s][info][gc          ] GC(153) Pause Full (System.gc()) 772M->772M(5888M) 625.008ms
[64.472s][info][gc,metaspace] GC(154) Metaspace: 28063K(28544K)->28063K(28544K) NonClass: 28063K(28544K)->28063K(28544K) Class: 0K(0K)->0K(0K)
[64.472s][info][gc          ] GC(154) Pause Young (System.gc()) 772M->772M(5888M) 0.479ms
[65.103s][info][gc,metaspace] GC(155) Metaspace: 28063K(28544K)->28063K(28544K) NonClass: 28063K(28544K)->28063K(28544K) Class: 0K(0K)->0K(0K)
[65.103s][info][gc          ] GC(155) Pause Full (System.gc()) 772M->772M(5888M) 630.636ms
[65.104s][info][gc,metaspace] GC(156) Metaspace: 28063K(28544K)->28063K(28544K) NonClass: 28063K(28544K)->28063K(28544K) Class: 0K(0K)->0K(0K)
[65.104s][info][gc          ] GC(156) Pause Young (System.gc()) 772M->772M(5888M) 0.474ms
[65.721s][info][gc,metaspace] GC(157) Metaspace: 28063K(28544K)->28063K(28544K) NonClass: 28063K(28544K)->28063K(28544K) Class: 0K(0K)->0K(0K)
[65.721s][info][gc          ] GC(157) Pause Full (System.gc()) 772M->772M(5888M) 617.390ms
[65.722s][info][gc,metaspace] GC(158) Metaspace: 28063K(28544K)->28063K(28544K) NonClass: 28063K(28544K)->28063K(28544K) Class: 0K(0K)->0K(0K)
[65.722s][info][gc          ] GC(158) Pause Young (System.gc()) 772M->772M(5888M) 0.479ms
[66.379s][info][gc,metaspace] GC(159) Metaspace: 28063K(28544K)->28063K(28544K) NonClass: 28063K(28544K)->28063K(28544K) Class: 0K(0K)->0K(0K)
[66.379s][info][gc          ] GC(159) Pause Full (System.gc()) 772M->772M(5888M) 657.430ms
[66.380s][info][gc,metaspace] GC(160) Metaspace: 28063K(28544K)->28063K(28544K) NonClass: 28063K(28544K)->28063K(28544K) Class: 0K(0K)->0K(0K)
[66.380s][info][gc          ] GC(160) Pause Young (System.gc()) 772M->772M(5888M) 0.558ms
[67.012s][info][gc,metaspace] GC(161) Metaspace: 28063K(28544K)->28063K(28544K) NonClass: 28063K(28544K)->28063K(28544K) Class: 0K(0K)->0K(0K)
[67.012s][info][gc          ] GC(161) Pause Full (System.gc()) 772M->772M(5888M) 632.054ms
[67.012s][info][gc,metaspace] GC(162) Metaspace: 28063K(28544K)->28063K(28544K) NonClass: 28063K(28544K)->28063K(28544K) Class: 0K(0K)->0K(0K)
[67.012s][info][gc          ] GC(162) Pause Young (System.gc()) 772M->772M(5888M) 0.529ms
[67.636s][info][gc,metaspace] GC(163) Metaspace: 28063K(28544K)->28063K(28544K) NonClass: 28063K(28544K)->28063K(28544K) Class: 0K(0K)->0K(0K)
[67.636s][info][gc          ] GC(163) Pause Full (System.gc()) 772M->772M(5888M) 623.864ms
[67.637s][info][gc,metaspace] GC(164) Metaspace: 28063K(28544K)->28063K(28544K) NonClass: 28063K(28544K)->28063K(28544K) Class: 0K(0K)->0K(0K)
[67.637s][info][gc          ] GC(164) Pause Young (System.gc()) 772M->772M(5888M) 0.502ms
[68.271s][info][gc,metaspace] GC(165) Metaspace: 28063K(28544K)->28063K(28544K) NonClass: 28063K(28544K)->28063K(28544K) Class: 0K(0K)->0K(0K)
[68.271s][info][gc          ] GC(165) Pause Full (System.gc()) 772M->772M(5888M) 634.428ms
[68.272s][info][gc,metaspace] GC(166) Metaspace: 28063K(28544K)->28063K(28544K) NonClass: 28063K(28544K)->28063K(28544K) Class: 0K(0K)->0K(0K)
[68.272s][info][gc          ] GC(166) Pause Young (System.gc()) 772M->772M(5888M) 0.468ms
[68.897s][info][gc,metaspace] GC(167) Metaspace: 28063K(28544K)->28063K(28544K) NonClass: 28063K(28544K)->28063K(28544K) Class: 0K(0K)->0K(0K)
[68.898s][info][gc          ] GC(167) Pause Full (System.gc()) 772M->772M(5888M) 625.565ms
[68.902s][info][gc,metaspace] GC(168) Metaspace: 28063K(28544K)->28063K(28544K) NonClass: 28063K(28544K)->28063K(28544K) Class: 0K(0K)->0K(0K)
[68.902s][info][gc          ] GC(168) Pause Young (System.gc()) 772M->772M(5888M) 0.503ms
[69.617s][info][gc,metaspace] GC(169) Metaspace: 28063K(28544K)->28063K(28544K) NonClass: 28063K(28544K)->28063K(28544K) Class: 0K(0K)->0K(0K)
[69.617s][info][gc          ] GC(169) Pause Full (System.gc()) 772M->772M(5888M) 714.529ms
[69.617s][info][gc,metaspace] GC(170) Metaspace: 28063K(28544K)->28063K(28544K) NonClass: 28063K(28544K)->28063K(28544K) Class: 0K(0K)->0K(0K)
[69.617s][info][gc          ] GC(170) Pause Young (System.gc()) 772M->772M(5888M) 0.468ms
[70.348s][info][gc,metaspace] GC(171) Metaspace: 28063K(28544K)->28063K(28544K) NonClass: 28063K(28544K)->28063K(28544K) Class: 0K(0K)->0K(0K)
[70.348s][info][gc          ] GC(171) Pause Full (System.gc()) 772M->772M(5888M) 730.922ms
[70.349s][info][gc,metaspace] GC(172) Metaspace: 28063K(28544K)->28063K(28544K) NonClass: 28063K(28544K)->28063K(28544K) Class: 0K(0K)->0K(0K)
[70.349s][info][gc          ] GC(172) Pause Young (System.gc()) 772M->772M(5888M) 0.522ms
[70.967s][info][gc,metaspace] GC(173) Metaspace: 28063K(28544K)->28063K(28544K) NonClass: 28063K(28544K)->28063K(28544K) Class: 0K(0K)->0K(0K)
[70.967s][info][gc          ] GC(173) Pause Full (System.gc()) 772M->772M(5888M) 618.298ms
[70.968s][info][gc,metaspace] GC(174) Metaspace: 28063K(28544K)->28063K(28544K) NonClass: 28063K(28544K)->28063K(28544K) Class: 0K(0K)->0K(0K)
[70.968s][info][gc          ] GC(174) Pause Young (System.gc()) 772M->772M(5888M) 0.488ms
[71.599s][info][gc,metaspace] GC(175) Metaspace: 28063K(28544K)->28063K(28544K) NonClass: 28063K(28544K)->28063K(28544K) Class: 0K(0K)->0K(0K)
[71.599s][info][gc          ] GC(175) Pause Full (System.gc()) 772M->772M(5888M) 631.356ms
[71.600s][info][gc,metaspace] GC(176) Metaspace: 28063K(28544K)->28063K(28544K) NonClass: 28063K(28544K)->28063K(28544K) Class: 0K(0K)->0K(0K)
[71.600s][info][gc          ] GC(176) Pause Young (System.gc()) 772M->772M(5888M) 0.539ms
[72.221s][info][gc,metaspace] GC(177) Metaspace: 28063K(28544K)->28063K(28544K) NonClass: 28063K(28544K)->28063K(28544K) Class: 0K(0K)->0K(0K)
[72.221s][info][gc          ] GC(177) Pause Full (System.gc()) 772M->772M(5888M) 620.746ms
[72.221s][info][gc,metaspace] GC(178) Metaspace: 28063K(28544K)->28063K(28544K) NonClass: 28063K(28544K)->28063K(28544K) Class: 0K(0K)->0K(0K)
[72.221s][info][gc          ] GC(178) Pause Young (System.gc()) 772M->772M(5888M) 0.485ms
[72.845s][info][gc,metaspace] GC(179) Metaspace: 28063K(28544K)->28063K(28544K) NonClass: 28063K(28544K)->28063K(28544K) Class: 0K(0K)->0K(0K)
[72.845s][info][gc          ] GC(179) Pause Full (System.gc()) 772M->772M(5888M) 623.613ms
[72.846s][info][gc,metaspace] GC(180) Metaspace: 28063K(28544K)->28063K(28544K) NonClass: 28063K(28544K)->28063K(28544K) Class: 0K(0K)->0K(0K)
[72.846s][info][gc          ] GC(180) Pause Young (System.gc()) 772M->772M(5888M) 0.478ms
[73.473s][info][gc,metaspace] GC(181) Metaspace: 28063K(28544K)->28063K(28544K) NonClass: 28063K(28544K)->28063K(28544K) Class: 0K(0K)->0K(0K)
[73.474s][info][gc          ] GC(181) Pause Full (System.gc()) 772M->772M(5888M) 627.910ms
[73.474s][info][gc,metaspace] GC(182) Metaspace: 28063K(28544K)->28063K(28544K) NonClass: 28063K(28544K)->28063K(28544K) Class: 0K(0K)->0K(0K)
[73.474s][info][gc          ] GC(182) Pause Young (System.gc()) 772M->772M(5888M) 0.467ms
[74.111s][info][gc,metaspace] GC(183) Metaspace: 28063K(28544K)->28063K(28544K) NonClass: 28063K(28544K)->28063K(28544K) Class: 0K(0K)->0K(0K)
[74.111s][info][gc          ] GC(183) Pause Full (System.gc()) 772M->772M(5888M) 636.480ms
[74.115s][info][gc,metaspace] GC(184) Metaspace: 28063K(28544K)->28063K(28544K) NonClass: 28063K(28544K)->28063K(28544K) Class: 0K(0K)->0K(0K)
[74.115s][info][gc          ] GC(184) Pause Young (System.gc()) 772M->772M(5888M) 0.487ms
[74.829s][info][gc,metaspace] GC(185) Metaspace: 28063K(28544K)->28063K(28544K) NonClass: 28063K(28544K)->28063K(28544K) Class: 0K(0K)->0K(0K)
[74.829s][info][gc          ] GC(185) Pause Full (System.gc()) 772M->772M(5888M) 713.119ms
[74.829s][info][gc,metaspace] GC(186) Metaspace: 28063K(28544K)->28063K(28544K) NonClass: 28063K(28544K)->28063K(28544K) Class: 0K(0K)->0K(0K)
[74.829s][info][gc          ] GC(186) Pause Young (System.gc()) 772M->772M(5888M) 0.477ms
[75.480s][info][gc,metaspace] GC(187) Metaspace: 28063K(28544K)->28063K(28544K) NonClass: 28063K(28544K)->28063K(28544K) Class: 0K(0K)->0K(0K)
[75.480s][info][gc          ] GC(187) Pause Full (System.gc()) 772M->772M(5888M) 650.606ms
[75.480s][info][gc,metaspace] GC(188) Metaspace: 28063K(28544K)->28063K(28544K) NonClass: 28063K(28544K)->28063K(28544K) Class: 0K(0K)->0K(0K)
[75.480s][info][gc          ] GC(188) Pause Young (System.gc()) 772M->772M(5888M) 0.488ms
[76.284s][info][gc,metaspace] GC(189) Metaspace: 28063K(28544K)->28063K(28544K) NonClass: 28063K(28544K)->28063K(28544K) Class: 0K(0K)->0K(0K)
[76.284s][info][gc          ] GC(189) Pause Full (System.gc()) 772M->772M(5888M) 803.820ms
[76.285s][info][gc,metaspace] GC(190) Metaspace: 28063K(28544K)->28063K(28544K) NonClass: 28063K(28544K)->28063K(28544K) Class: 0K(0K)->0K(0K)
[76.285s][info][gc          ] GC(190) Pause Young (System.gc()) 772M->772M(5888M) 0.480ms
[76.918s][info][gc,metaspace] GC(191) Metaspace: 28063K(28544K)->28063K(28544K) NonClass: 28063K(28544K)->28063K(28544K) Class: 0K(0K)->0K(0K)
[76.918s][info][gc          ] GC(191) Pause Full (System.gc()) 772M->772M(5888M) 633.164ms
[76.919s][info][gc,metaspace] GC(192) Metaspace: 28063K(28544K)->28063K(28544K) NonClass: 28063K(28544K)->28063K(28544K) Class: 0K(0K)->0K(0K)
[76.919s][info][gc          ] GC(192) Pause Young (System.gc()) 772M->772M(5888M) 0.479ms
[77.565s][info][gc,metaspace] GC(193) Metaspace: 28063K(28544K)->28063K(28544K) NonClass: 28063K(28544K)->28063K(28544K) Class: 0K(0K)->0K(0K)
[77.565s][info][gc          ] GC(193) Pause Full (System.gc()) 772M->772M(5888M) 646.545ms
[77.566s][info][gc,metaspace] GC(194) Metaspace: 28063K(28544K)->28063K(28544K) NonClass: 28063K(28544K)->28063K(28544K) Class: 0K(0K)->0K(0K)
[77.566s][info][gc          ] GC(194) Pause Young (System.gc()) 772M->772M(5888M) 0.491ms
[78.208s][info][gc,metaspace] GC(195) Metaspace: 28063K(28544K)->28063K(28544K) NonClass: 28063K(28544K)->28063K(28544K) Class: 0K(0K)->0K(0K)
[78.208s][info][gc          ] GC(195) Pause Full (System.gc()) 772M->772M(5888M) 642.131ms
[78.208s][info][gc,metaspace] GC(196) Metaspace: 28063K(28544K)->28063K(28544K) NonClass: 28063K(28544K)->28063K(28544K) Class: 0K(0K)->0K(0K)
[78.209s][info][gc          ] GC(196) Pause Young (System.gc()) 772M->772M(5888M) 0.482ms
[78.834s][info][gc,metaspace] GC(197) Metaspace: 28063K(28544K)->28063K(28544K) NonClass: 28063K(28544K)->28063K(28544K) Class: 0K(0K)->0K(0K)
[78.834s][info][gc          ] GC(197) Pause Full (System.gc()) 772M->772M(5888M) 625.870ms
[78.835s][info][gc,metaspace] GC(198) Metaspace: 28063K(28544K)->28063K(28544K) NonClass: 28063K(28544K)->28063K(28544K) Class: 0K(0K)->0K(0K)
[78.835s][info][gc          ] GC(198) Pause Young (System.gc()) 772M->772M(5888M) 0.516ms
[79.466s][info][gc,metaspace] GC(199) Metaspace: 28063K(28544K)->28063K(28544K) NonClass: 28063K(28544K)->28063K(28544K) Class: 0K(0K)->0K(0K)
[79.466s][info][gc          ] GC(199) Pause Full (System.gc()) 772M->772M(5888M) 631.213ms
[79.471s][info][gc,metaspace] GC(200) Metaspace: 28063K(28544K)->28063K(28544K) NonClass: 28063K(28544K)->28063K(28544K) Class: 0K(0K)->0K(0K)
[79.471s][info][gc          ] GC(200) Pause Young (System.gc()) 772M->772M(5888M) 0.533ms
[80.096s][info][gc,metaspace] GC(201) Metaspace: 28063K(28544K)->28063K(28544K) NonClass: 28063K(28544K)->28063K(28544K) Class: 0K(0K)->0K(0K)
[80.096s][info][gc          ] GC(201) Pause Full (System.gc()) 772M->772M(5888M) 625.137ms
[80.097s][info][gc,metaspace] GC(202) Metaspace: 28063K(28544K)->28063K(28544K) NonClass: 28063K(28544K)->28063K(28544K) Class: 0K(0K)->0K(0K)
[80.097s][info][gc          ] GC(202) Pause Young (System.gc()) 772M->772M(5888M) 0.496ms
[80.720s][info][gc,metaspace] GC(203) Metaspace: 28063K(28544K)->28063K(28544K) NonClass: 28063K(28544K)->28063K(28544K) Class: 0K(0K)->0K(0K)
[80.721s][info][gc          ] GC(203) Pause Full (System.gc()) 772M->772M(5888M) 623.540ms
After GCs... 
