Done; will start GCs... 
[12.452s][info][gc,metaspace] GC(4) Metaspace: 43116K(49792K)->43116K(49792K) NonClass: 25208K(25792K)->25208K(25792K) Class: 17907K(24000K)->17907K(24000K)
[12.452s][info][gc          ] GC(4) Pause Young (System.gc()) 826M->773M(5888M) 2225.090ms
[14.851s][info][gc,metaspace] GC(5) Metaspace: 43116K(49792K)->43116K(49792K) NonClass: 25208K(25792K)->25208K(25792K) Class: 17907K(24000K)->17907K(24000K)
[14.852s][info][gc          ] GC(5) Pause Full (System.gc()) 773M->772M(5888M) 2399.111ms
[14.852s][info][gc,metaspace] GC(6) Metaspace: 43116K(49792K)->43116K(49792K) NonClass: 25208K(25792K)->25208K(25792K) Class: 17907K(24000K)->17907K(24000K)
[14.852s][info][gc          ] GC(6) Pause Young (System.gc()) 772M->772M(5888M) 0.490ms
[15.689s][info][gc,metaspace] GC(7) Metaspace: 43116K(49792K)->43116K(49792K) NonClass: 25208K(25792K)->25208K(25792K) Class: 17907K(24000K)->17907K(24000K)
[15.689s][info][gc          ] GC(7) Pause Full (System.gc()) 772M->772M(5888M) 836.064ms
[15.689s][info][gc,metaspace] GC(8) Metaspace: 43116K(49792K)->43116K(49792K) NonClass: 25208K(25792K)->25208K(25792K) Class: 17907K(24000K)->17907K(24000K)
[15.689s][info][gc          ] GC(8) Pause Young (System.gc()) 772M->772M(5888M) 0.468ms
[16.337s][info][gc,metaspace] GC(9) Metaspace: 43116K(49792K)->43116K(49792K) NonClass: 25208K(25792K)->25208K(25792K) Class: 17907K(24000K)->17907K(24000K)
[16.337s][info][gc          ] GC(9) Pause Full (System.gc()) 772M->772M(5888M) 648.022ms
[16.338s][info][gc,metaspace] GC(10) Metaspace: 43117K(49792K)->43117K(49792K) NonClass: 25209K(25792K)->25209K(25792K) Class: 17907K(24000K)->17907K(24000K)
[16.338s][info][gc          ] GC(10) Pause Young (System.gc()) 772M->772M(5888M) 0.563ms
[17.024s][info][gc,metaspace] GC(11) Metaspace: 43117K(49792K)->43117K(49792K) NonClass: 25209K(25792K)->25209K(25792K) Class: 17907K(24000K)->17907K(24000K)
[17.024s][info][gc          ] GC(11) Pause Full (System.gc()) 772M->772M(5888M) 685.978ms
[17.024s][info][gc,metaspace] GC(12) Metaspace: 43117K(49792K)->43117K(49792K) NonClass: 25209K(25792K)->25209K(25792K) Class: 17907K(24000K)->17907K(24000K)
[17.024s][info][gc          ] GC(12) Pause Young (System.gc()) 772M->772M(5888M) 0.444ms
[17.683s][info][gc,metaspace] GC(13) Metaspace: 43117K(49792K)->43117K(49792K) NonClass: 25209K(25792K)->25209K(25792K) Class: 17907K(24000K)->17907K(24000K)
[17.683s][info][gc          ] GC(13) Pause Full (System.gc()) 772M->772M(5888M) 658.262ms
[17.683s][info][gc,metaspace] GC(14) Metaspace: 43117K(49792K)->43117K(49792K) NonClass: 25209K(25792K)->25209K(25792K) Class: 17907K(24000K)->17907K(24000K)
[17.683s][info][gc          ] GC(14) Pause Young (System.gc()) 772M->772M(5888M) 0.533ms
[18.355s][info][gc,metaspace] GC(15) Metaspace: 43117K(49792K)->43117K(49792K) NonClass: 25209K(25792K)->25209K(25792K) Class: 17907K(24000K)->17907K(24000K)
[18.355s][info][gc          ] GC(15) Pause Full (System.gc()) 772M->772M(5888M) 671.782ms
[18.356s][info][gc,metaspace] GC(16) Metaspace: 43117K(49792K)->43117K(49792K) NonClass: 25209K(25792K)->25209K(25792K) Class: 17907K(24000K)->17907K(24000K)
[18.356s][info][gc          ] GC(16) Pause Young (System.gc()) 772M->772M(5888M) 0.563ms
[19.120s][info][gc,metaspace] GC(17) Metaspace: 43117K(49792K)->43117K(49792K) NonClass: 25209K(25792K)->25209K(25792K) Class: 17907K(24000K)->17907K(24000K)
[19.120s][info][gc          ] GC(17) Pause Full (System.gc()) 772M->772M(5888M) 764.250ms
[19.121s][info][gc,metaspace] GC(18) Metaspace: 43117K(49792K)->43117K(49792K) NonClass: 25209K(25792K)->25209K(25792K) Class: 17907K(24000K)->17907K(24000K)
[19.121s][info][gc          ] GC(18) Pause Young (System.gc()) 772M->772M(5888M) 0.435ms
[19.837s][info][gc,metaspace] GC(19) Metaspace: 43117K(49792K)->43117K(49792K) NonClass: 25209K(25792K)->25209K(25792K) Class: 17907K(24000K)->17907K(24000K)
[19.837s][info][gc          ] GC(19) Pause Full (System.gc()) 772M->772M(5888M) 716.223ms
[19.838s][info][gc,metaspace] GC(20) Metaspace: 43117K(49792K)->43117K(49792K) NonClass: 25209K(25792K)->25209K(25792K) Class: 17907K(24000K)->17907K(24000K)
[19.838s][info][gc          ] GC(20) Pause Young (System.gc()) 772M->772M(5888M) 0.467ms
[20.488s][info][gc,metaspace] GC(21) Metaspace: 43117K(49792K)->43117K(49792K) NonClass: 25209K(25792K)->25209K(25792K) Class: 17907K(24000K)->17907K(24000K)
[20.488s][info][gc          ] GC(21) Pause Full (System.gc()) 772M->772M(5888M) 650.304ms
[20.489s][info][gc,metaspace] GC(22) Metaspace: 43117K(49792K)->43117K(49792K) NonClass: 25209K(25792K)->25209K(25792K) Class: 17907K(24000K)->17907K(24000K)
[20.489s][info][gc          ] GC(22) Pause Young (System.gc()) 772M->772M(5888M) 0.569ms
[21.156s][info][gc,metaspace] GC(23) Metaspace: 43117K(49792K)->43117K(49792K) NonClass: 25209K(25792K)->25209K(25792K) Class: 17907K(24000K)->17907K(24000K)
[21.156s][info][gc          ] GC(23) Pause Full (System.gc()) 772M->772M(5888M) 667.191ms
[21.161s][info][gc,metaspace] GC(24) Metaspace: 43117K(49792K)->43117K(49792K) NonClass: 25209K(25792K)->25209K(25792K) Class: 17907K(24000K)->17907K(24000K)
[21.161s][info][gc          ] GC(24) Pause Young (System.gc()) 772M->772M(5888M) 0.517ms
[21.811s][info][gc,metaspace] GC(25) Metaspace: 43117K(49792K)->43117K(49792K) NonClass: 25209K(25792K)->25209K(25792K) Class: 17907K(24000K)->17907K(24000K)
[21.811s][info][gc          ] GC(25) Pause Full (System.gc()) 772M->772M(5888M) 650.341ms
[21.812s][info][gc,metaspace] GC(26) Metaspace: 43117K(49792K)->43117K(49792K) NonClass: 25209K(25792K)->25209K(25792K) Class: 17907K(24000K)->17907K(24000K)
[21.812s][info][gc          ] GC(26) Pause Young (System.gc()) 772M->772M(5888M) 0.460ms
[22.470s][info][gc,metaspace] GC(27) Metaspace: 43117K(49792K)->43117K(49792K) NonClass: 25209K(25792K)->25209K(25792K) Class: 17907K(24000K)->17907K(24000K)
[22.470s][info][gc          ] GC(27) Pause Full (System.gc()) 772M->772M(5888M) 657.843ms
[22.471s][info][gc,metaspace] GC(28) Metaspace: 43117K(49792K)->43117K(49792K) NonClass: 25209K(25792K)->25209K(25792K) Class: 17907K(24000K)->17907K(24000K)
[22.471s][info][gc          ] GC(28) Pause Young (System.gc()) 772M->772M(5888M) 0.578ms
[23.151s][info][gc,metaspace] GC(29) Metaspace: 43117K(49792K)->43117K(49792K) NonClass: 25209K(25792K)->25209K(25792K) Class: 17907K(24000K)->17907K(24000K)
[23.151s][info][gc          ] GC(29) Pause Full (System.gc()) 772M->772M(5888M) 680.018ms
[23.151s][info][gc,metaspace] GC(30) Metaspace: 43117K(49792K)->43117K(49792K) NonClass: 25209K(25792K)->25209K(25792K) Class: 17907K(24000K)->17907K(24000K)
[23.151s][info][gc          ] GC(30) Pause Young (System.gc()) 772M->772M(5888M) 0.508ms
[23.797s][info][gc,metaspace] GC(31) Metaspace: 43117K(49792K)->43117K(49792K) NonClass: 25209K(25792K)->25209K(25792K) Class: 17907K(24000K)->17907K(24000K)
[23.797s][info][gc          ] GC(31) Pause Full (System.gc()) 772M->772M(5888M) 646.170ms
[23.798s][info][gc,metaspace] GC(32) Metaspace: 43117K(49792K)->43117K(49792K) NonClass: 25209K(25792K)->25209K(25792K) Class: 17907K(24000K)->17907K(24000K)
[23.798s][info][gc          ] GC(32) Pause Young (System.gc()) 772M->772M(5888M) 0.538ms
[24.455s][info][gc,metaspace] GC(33) Metaspace: 43117K(49792K)->43117K(49792K) NonClass: 25209K(25792K)->25209K(25792K) Class: 17907K(24000K)->17907K(24000K)
[24.455s][info][gc          ] GC(33) Pause Full (System.gc()) 772M->772M(5888M) 657.232ms
[24.456s][info][gc,metaspace] GC(34) Metaspace: 43117K(49792K)->43117K(49792K) NonClass: 25209K(25792K)->25209K(25792K) Class: 17907K(24000K)->17907K(24000K)
[24.456s][info][gc          ] GC(34) Pause Young (System.gc()) 772M->772M(5888M) 0.453ms
[25.225s][info][gc,metaspace] GC(35) Metaspace: 43117K(49792K)->43117K(49792K) NonClass: 25209K(25792K)->25209K(25792K) Class: 17907K(24000K)->17907K(24000K)
[25.225s][info][gc          ] GC(35) Pause Full (System.gc()) 772M->772M(5888M) 769.423ms
[25.226s][info][gc,metaspace] GC(36) Metaspace: 43117K(49792K)->43117K(49792K) NonClass: 25209K(25792K)->25209K(25792K) Class: 17907K(24000K)->17907K(24000K)
[25.226s][info][gc          ] GC(36) Pause Young (System.gc()) 772M->772M(5888M) 0.505ms
[25.881s][info][gc,metaspace] GC(37) Metaspace: 43117K(49792K)->43117K(49792K) NonClass: 25209K(25792K)->25209K(25792K) Class: 17907K(24000K)->17907K(24000K)
[25.881s][info][gc          ] GC(37) Pause Full (System.gc()) 772M->772M(5888M) 654.576ms
[25.882s][info][gc,metaspace] GC(38) Metaspace: 43117K(49792K)->43117K(49792K) NonClass: 25209K(25792K)->25209K(25792K) Class: 17907K(24000K)->17907K(24000K)
[25.882s][info][gc          ] GC(38) Pause Young (System.gc()) 772M->772M(5888M) 0.807ms
[26.538s][info][gc,metaspace] GC(39) Metaspace: 43117K(49792K)->43117K(49792K) NonClass: 25209K(25792K)->25209K(25792K) Class: 17907K(24000K)->17907K(24000K)
[26.538s][info][gc          ] GC(39) Pause Full (System.gc()) 772M->772M(5888M) 656.307ms
[26.539s][info][gc,metaspace] GC(40) Metaspace: 43117K(49792K)->43117K(49792K) NonClass: 25209K(25792K)->25209K(25792K) Class: 17907K(24000K)->17907K(24000K)
[26.539s][info][gc          ] GC(40) Pause Young (System.gc()) 772M->772M(5888M) 0.527ms
[27.213s][info][gc,metaspace] GC(41) Metaspace: 43117K(49792K)->43117K(49792K) NonClass: 25209K(25792K)->25209K(25792K) Class: 17907K(24000K)->17907K(24000K)
[27.213s][info][gc          ] GC(41) Pause Full (System.gc()) 772M->772M(5888M) 674.834ms
[27.214s][info][gc,metaspace] GC(42) Metaspace: 43117K(49792K)->43117K(49792K) NonClass: 25209K(25792K)->25209K(25792K) Class: 17907K(24000K)->17907K(24000K)
[27.214s][info][gc          ] GC(42) Pause Young (System.gc()) 772M->772M(5888M) 0.420ms
[27.864s][info][gc,metaspace] GC(43) Metaspace: 43117K(49792K)->43117K(49792K) NonClass: 25209K(25792K)->25209K(25792K) Class: 17907K(24000K)->17907K(24000K)
[27.864s][info][gc          ] GC(43) Pause Full (System.gc()) 772M->772M(5888M) 649.634ms
[27.864s][info][gc,metaspace] GC(44) Metaspace: 43117K(49792K)->43117K(49792K) NonClass: 25209K(25792K)->25209K(25792K) Class: 17907K(24000K)->17907K(24000K)
[27.864s][info][gc          ] GC(44) Pause Young (System.gc()) 772M->772M(5888M) 0.521ms
[28.570s][info][gc,metaspace] GC(45) Metaspace: 43117K(49792K)->43117K(49792K) NonClass: 25209K(25792K)->25209K(25792K) Class: 17907K(24000K)->17907K(24000K)
[28.570s][info][gc          ] GC(45) Pause Full (System.gc()) 772M->772M(5888M) 705.499ms
[28.570s][info][gc,metaspace] GC(46) Metaspace: 43117K(49792K)->43117K(49792K) NonClass: 25209K(25792K)->25209K(25792K) Class: 17907K(24000K)->17907K(24000K)
[28.570s][info][gc          ] GC(46) Pause Young (System.gc()) 772M->772M(5888M) 0.554ms
[29.199s][info][gc,metaspace] GC(47) Metaspace: 43117K(49792K)->43117K(49792K) NonClass: 25209K(25792K)->25209K(25792K) Class: 17907K(24000K)->17907K(24000K)
[29.199s][info][gc          ] GC(47) Pause Full (System.gc()) 772M->772M(5888M) 628.814ms
[29.200s][info][gc,metaspace] GC(48) Metaspace: 43117K(49792K)->43117K(49792K) NonClass: 25209K(25792K)->25209K(25792K) Class: 17907K(24000K)->17907K(24000K)
[29.200s][info][gc          ] GC(48) Pause Young (System.gc()) 772M->772M(5888M) 0.526ms
[29.875s][info][gc,metaspace] GC(49) Metaspace: 43117K(49792K)->43117K(49792K) NonClass: 25209K(25792K)->25209K(25792K) Class: 17907K(24000K)->17907K(24000K)
[29.875s][info][gc          ] GC(49) Pause Full (System.gc()) 772M->772M(5888M) 674.743ms
[29.875s][info][gc,metaspace] GC(50) Metaspace: 43117K(49792K)->43117K(49792K) NonClass: 25209K(25792K)->25209K(25792K) Class: 17907K(24000K)->17907K(24000K)
[29.875s][info][gc          ] GC(50) Pause Young (System.gc()) 772M->772M(5888M) 0.517ms
[30.544s][info][gc,metaspace] GC(51) Metaspace: 43117K(49792K)->43117K(49792K) NonClass: 25209K(25792K)->25209K(25792K) Class: 17907K(24000K)->17907K(24000K)
[30.544s][info][gc          ] GC(51) Pause Full (System.gc()) 772M->772M(5888M) 668.964ms
[30.545s][info][gc,metaspace] GC(52) Metaspace: 43117K(49792K)->43117K(49792K) NonClass: 25209K(25792K)->25209K(25792K) Class: 17907K(24000K)->17907K(24000K)
[30.545s][info][gc          ] GC(52) Pause Young (System.gc()) 772M->772M(5888M) 0.463ms
[31.215s][info][gc,metaspace] GC(53) Metaspace: 43117K(49792K)->43117K(49792K) NonClass: 25209K(25792K)->25209K(25792K) Class: 17907K(24000K)->17907K(24000K)
[31.215s][info][gc          ] GC(53) Pause Full (System.gc()) 772M->772M(5888M) 670.292ms
[31.216s][info][gc,metaspace] GC(54) Metaspace: 43117K(49792K)->43117K(49792K) NonClass: 25209K(25792K)->25209K(25792K) Class: 17907K(24000K)->17907K(24000K)
[31.216s][info][gc          ] GC(54) Pause Young (System.gc()) 772M->772M(5888M) 0.422ms
[31.852s][info][gc,metaspace] GC(55) Metaspace: 43117K(49792K)->43117K(49792K) NonClass: 25209K(25792K)->25209K(25792K) Class: 17907K(24000K)->17907K(24000K)
[31.852s][info][gc          ] GC(55) Pause Full (System.gc()) 772M->772M(5888M) 636.226ms
[31.857s][info][gc,metaspace] GC(56) Metaspace: 43117K(49792K)->43117K(49792K) NonClass: 25209K(25792K)->25209K(25792K) Class: 17907K(24000K)->17907K(24000K)
[31.857s][info][gc          ] GC(56) Pause Young (System.gc()) 772M->772M(5888M) 0.683ms
[32.506s][info][gc,metaspace] GC(57) Metaspace: 43117K(49792K)->43117K(49792K) NonClass: 25209K(25792K)->25209K(25792K) Class: 17907K(24000K)->17907K(24000K)
[32.506s][info][gc          ] GC(57) Pause Full (System.gc()) 772M->772M(5888M) 649.160ms
[32.507s][info][gc,metaspace] GC(58) Metaspace: 43117K(49792K)->43117K(49792K) NonClass: 25209K(25792K)->25209K(25792K) Class: 17907K(24000K)->17907K(24000K)
[32.507s][info][gc          ] GC(58) Pause Young (System.gc()) 772M->772M(5888M) 0.468ms
[33.203s][info][gc,metaspace] GC(59) Metaspace: 43117K(49792K)->43117K(49792K) NonClass: 25209K(25792K)->25209K(25792K) Class: 17907K(24000K)->17907K(24000K)
[33.203s][info][gc          ] GC(59) Pause Full (System.gc()) 772M->772M(5888M) 695.819ms
[33.204s][info][gc,metaspace] GC(60) Metaspace: 43117K(49792K)->43117K(49792K) NonClass: 25209K(25792K)->25209K(25792K) Class: 17907K(24000K)->17907K(24000K)
[33.204s][info][gc          ] GC(60) Pause Young (System.gc()) 772M->772M(5888M) 0.754ms
[33.850s][info][gc,metaspace] GC(61) Metaspace: 43117K(49792K)->43117K(49792K) NonClass: 25209K(25792K)->25209K(25792K) Class: 17907K(24000K)->17907K(24000K)
[33.850s][info][gc          ] GC(61) Pause Full (System.gc()) 772M->772M(5888M) 646.134ms
[33.850s][info][gc,metaspace] GC(62) Metaspace: 43117K(49792K)->43117K(49792K) NonClass: 25209K(25792K)->25209K(25792K) Class: 17907K(24000K)->17907K(24000K)
[33.850s][info][gc          ] GC(62) Pause Young (System.gc()) 772M->772M(5888M) 0.499ms
[34.614s][info][gc,metaspace] GC(63) Metaspace: 43117K(49792K)->43117K(49792K) NonClass: 25209K(25792K)->25209K(25792K) Class: 17907K(24000K)->17907K(24000K)
[34.614s][info][gc          ] GC(63) Pause Full (System.gc()) 772M->772M(5888M) 763.569ms
[34.615s][info][gc,metaspace] GC(64) Metaspace: 43117K(49792K)->43117K(49792K) NonClass: 25209K(25792K)->25209K(25792K) Class: 17907K(24000K)->17907K(24000K)
[34.615s][info][gc          ] GC(64) Pause Young (System.gc()) 772M->772M(5888M) 0.557ms
[35.263s][info][gc,metaspace] GC(65) Metaspace: 43117K(49792K)->43117K(49792K) NonClass: 25209K(25792K)->25209K(25792K) Class: 17907K(24000K)->17907K(24000K)
[35.263s][info][gc          ] GC(65) Pause Full (System.gc()) 772M->772M(5888M) 648.722ms
[35.264s][info][gc,metaspace] GC(66) Metaspace: 43117K(49792K)->43117K(49792K) NonClass: 25209K(25792K)->25209K(25792K) Class: 17907K(24000K)->17907K(24000K)
[35.264s][info][gc          ] GC(66) Pause Young (System.gc()) 772M->772M(5888M) 0.763ms
[35.920s][info][gc,metaspace] GC(67) Metaspace: 43117K(49792K)->43117K(49792K) NonClass: 25209K(25792K)->25209K(25792K) Class: 17907K(24000K)->17907K(24000K)
[35.920s][info][gc          ] GC(67) Pause Full (System.gc()) 772M->772M(5888M) 655.982ms
[35.921s][info][gc,metaspace] GC(68) Metaspace: 43117K(49792K)->43117K(49792K) NonClass: 25209K(25792K)->25209K(25792K) Class: 17907K(24000K)->17907K(24000K)
[35.921s][info][gc          ] GC(68) Pause Young (System.gc()) 772M->772M(5888M) 0.807ms
[36.572s][info][gc,metaspace] GC(69) Metaspace: 43117K(49792K)->43117K(49792K) NonClass: 25209K(25792K)->25209K(25792K) Class: 17907K(24000K)->17907K(24000K)
[36.572s][info][gc          ] GC(69) Pause Full (System.gc()) 772M->772M(5888M) 650.774ms
[36.572s][info][gc,metaspace] GC(70) Metaspace: 43117K(49792K)->43117K(49792K) NonClass: 25209K(25792K)->25209K(25792K) Class: 17907K(24000K)->17907K(24000K)
[36.573s][info][gc          ] GC(70) Pause Young (System.gc()) 772M->772M(5888M) 0.466ms
[37.232s][info][gc,metaspace] GC(71) Metaspace: 43117K(49792K)->43117K(49792K) NonClass: 25209K(25792K)->25209K(25792K) Class: 17907K(24000K)->17907K(24000K)
[37.232s][info][gc          ] GC(71) Pause Full (System.gc()) 772M->772M(5888M) 659.697ms
[37.237s][info][gc,metaspace] GC(72) Metaspace: 43117K(49792K)->43117K(49792K) NonClass: 25209K(25792K)->25209K(25792K) Class: 17907K(24000K)->17907K(24000K)
[37.237s][info][gc          ] GC(72) Pause Young (System.gc()) 772M->772M(5888M) 0.470ms
[37.901s][info][gc,metaspace] GC(73) Metaspace: 43117K(49792K)->43117K(49792K) NonClass: 25209K(25792K)->25209K(25792K) Class: 17907K(24000K)->17907K(24000K)
[37.901s][info][gc          ] GC(73) Pause Full (System.gc()) 772M->772M(5888M) 663.848ms
[37.902s][info][gc,metaspace] GC(74) Metaspace: 43117K(49792K)->43117K(49792K) NonClass: 25209K(25792K)->25209K(25792K) Class: 17907K(24000K)->17907K(24000K)
[37.902s][info][gc          ] GC(74) Pause Young (System.gc()) 772M->772M(5888M) 0.455ms
[38.557s][info][gc,metaspace] GC(75) Metaspace: 43117K(49792K)->43117K(49792K) NonClass: 25209K(25792K)->25209K(25792K) Class: 17907K(24000K)->17907K(24000K)
[38.557s][info][gc          ] GC(75) Pause Full (System.gc()) 772M->772M(5888M) 655.514ms
[38.558s][info][gc,metaspace] GC(76) Metaspace: 43117K(49792K)->43117K(49792K) NonClass: 25209K(25792K)->25209K(25792K) Class: 17907K(24000K)->17907K(24000K)
[38.558s][info][gc          ] GC(76) Pause Young (System.gc()) 772M->772M(5888M) 0.424ms
[39.202s][info][gc,metaspace] GC(77) Metaspace: 43117K(49792K)->43117K(49792K) NonClass: 25209K(25792K)->25209K(25792K) Class: 17907K(24000K)->17907K(24000K)
[39.202s][info][gc          ] GC(77) Pause Full (System.gc()) 772M->772M(5888M) 644.341ms
[39.203s][info][gc,metaspace] GC(78) Metaspace: 43117K(49792K)->43117K(49792K) NonClass: 25209K(25792K)->25209K(25792K) Class: 17907K(24000K)->17907K(24000K)
[39.203s][info][gc          ] GC(78) Pause Young (System.gc()) 772M->772M(5888M) 0.758ms
[39.882s][info][gc,metaspace] GC(79) Metaspace: 43117K(49792K)->43117K(49792K) NonClass: 25209K(25792K)->25209K(25792K) Class: 17907K(24000K)->17907K(24000K)
[39.882s][info][gc          ] GC(79) Pause Full (System.gc()) 772M->772M(5888M) 679.178ms
[39.883s][info][gc,metaspace] GC(80) Metaspace: 43117K(49792K)->43117K(49792K) NonClass: 25209K(25792K)->25209K(25792K) Class: 17907K(24000K)->17907K(24000K)
[39.883s][info][gc          ] GC(80) Pause Young (System.gc()) 772M->772M(5888M) 0.601ms
[40.557s][info][gc,metaspace] GC(81) Metaspace: 43117K(49792K)->43117K(49792K) NonClass: 25209K(25792K)->25209K(25792K) Class: 17907K(24000K)->17907K(24000K)
[40.557s][info][gc          ] GC(81) Pause Full (System.gc()) 772M->772M(5888M) 673.991ms
[40.557s][info][gc,metaspace] GC(82) Metaspace: 43117K(49792K)->43117K(49792K) NonClass: 25209K(25792K)->25209K(25792K) Class: 17907K(24000K)->17907K(24000K)
[40.557s][info][gc          ] GC(82) Pause Young (System.gc()) 772M->772M(5888M) 0.477ms
[41.224s][info][gc,metaspace] GC(83) Metaspace: 43117K(49792K)->43117K(49792K) NonClass: 25209K(25792K)->25209K(25792K) Class: 17907K(24000K)->17907K(24000K)
[41.224s][info][gc          ] GC(83) Pause Full (System.gc()) 772M->772M(5888M) 666.183ms
[41.224s][info][gc,metaspace] GC(84) Metaspace: 43117K(49792K)->43117K(49792K) NonClass: 25209K(25792K)->25209K(25792K) Class: 17907K(24000K)->17907K(24000K)
[41.224s][info][gc          ] GC(84) Pause Young (System.gc()) 772M->772M(5888M) 0.497ms
[41.899s][info][gc,metaspace] GC(85) Metaspace: 43117K(49792K)->43117K(49792K) NonClass: 25209K(25792K)->25209K(25792K) Class: 17907K(24000K)->17907K(24000K)
[41.899s][info][gc          ] GC(85) Pause Full (System.gc()) 772M->772M(5888M) 675.004ms
[41.900s][info][gc,metaspace] GC(86) Metaspace: 43117K(49792K)->43117K(49792K) NonClass: 25209K(25792K)->25209K(25792K) Class: 17907K(24000K)->17907K(24000K)
[41.900s][info][gc          ] GC(86) Pause Young (System.gc()) 772M->772M(5888M) 0.811ms
[42.546s][info][gc,metaspace] GC(87) Metaspace: 43117K(49792K)->43117K(49792K) NonClass: 25209K(25792K)->25209K(25792K) Class: 17907K(24000K)->17907K(24000K)
[42.547s][info][gc          ] GC(87) Pause Full (System.gc()) 772M->772M(5888M) 646.409ms
[42.547s][info][gc,metaspace] GC(88) Metaspace: 43117K(49792K)->43117K(49792K) NonClass: 25209K(25792K)->25209K(25792K) Class: 17907K(24000K)->17907K(24000K)
[42.547s][info][gc          ] GC(88) Pause Young (System.gc()) 772M->772M(5888M) 0.509ms
[43.205s][info][gc,metaspace] GC(89) Metaspace: 43117K(49792K)->43117K(49792K) NonClass: 25209K(25792K)->25209K(25792K) Class: 17907K(24000K)->17907K(24000K)
[43.205s][info][gc          ] GC(89) Pause Full (System.gc()) 772M->772M(5888M) 657.589ms
[43.205s][info][gc,metaspace] GC(90) Metaspace: 43117K(49792K)->43117K(49792K) NonClass: 25209K(25792K)->25209K(25792K) Class: 17907K(24000K)->17907K(24000K)
[43.205s][info][gc          ] GC(90) Pause Young (System.gc()) 772M->772M(5888M) 0.442ms
[44.044s][info][gc,metaspace] GC(91) Metaspace: 43117K(49792K)->43117K(49792K) NonClass: 25209K(25792K)->25209K(25792K) Class: 17907K(24000K)->17907K(24000K)
[44.044s][info][gc          ] GC(91) Pause Full (System.gc()) 772M->772M(5888M) 838.518ms
[44.044s][info][gc,metaspace] GC(92) Metaspace: 43117K(49792K)->43117K(49792K) NonClass: 25209K(25792K)->25209K(25792K) Class: 17907K(24000K)->17907K(24000K)
[44.045s][info][gc          ] GC(92) Pause Young (System.gc()) 772M->772M(5888M) 0.543ms
[44.704s][info][gc,metaspace] GC(93) Metaspace: 43117K(49792K)->43117K(49792K) NonClass: 25209K(25792K)->25209K(25792K) Class: 17907K(24000K)->17907K(24000K)
[44.704s][info][gc          ] GC(93) Pause Full (System.gc()) 772M->772M(5888M) 659.262ms
[44.704s][info][gc,metaspace] GC(94) Metaspace: 43117K(49792K)->43117K(49792K) NonClass: 25209K(25792K)->25209K(25792K) Class: 17907K(24000K)->17907K(24000K)
[44.704s][info][gc          ] GC(94) Pause Young (System.gc()) 772M->772M(5888M) 0.465ms
[45.369s][info][gc,metaspace] GC(95) Metaspace: 43117K(49792K)->43117K(49792K) NonClass: 25209K(25792K)->25209K(25792K) Class: 17907K(24000K)->17907K(24000K)
[45.369s][info][gc          ] GC(95) Pause Full (System.gc()) 772M->772M(5888M) 664.620ms
[45.370s][info][gc,metaspace] GC(96) Metaspace: 43117K(49792K)->43117K(49792K) NonClass: 25209K(25792K)->25209K(25792K) Class: 17907K(24000K)->17907K(24000K)
[45.370s][info][gc          ] GC(96) Pause Young (System.gc()) 772M->772M(5888M) 0.466ms
[46.053s][info][gc,metaspace] GC(97) Metaspace: 43117K(49792K)->43117K(49792K) NonClass: 25209K(25792K)->25209K(25792K) Class: 17907K(24000K)->17907K(24000K)
[46.053s][info][gc          ] GC(97) Pause Full (System.gc()) 772M->772M(5888M) 683.528ms
[46.054s][info][gc,metaspace] GC(98) Metaspace: 43117K(49792K)->43117K(49792K) NonClass: 25209K(25792K)->25209K(25792K) Class: 17907K(24000K)->17907K(24000K)
[46.054s][info][gc          ] GC(98) Pause Young (System.gc()) 772M->772M(5888M) 0.462ms
[46.728s][info][gc,metaspace] GC(99) Metaspace: 43117K(49792K)->43117K(49792K) NonClass: 25209K(25792K)->25209K(25792K) Class: 17907K(24000K)->17907K(24000K)
[46.728s][info][gc          ] GC(99) Pause Full (System.gc()) 772M->772M(5888M) 674.053ms
[46.728s][info][gc,metaspace] GC(100) Metaspace: 43117K(49792K)->43117K(49792K) NonClass: 25209K(25792K)->25209K(25792K) Class: 17907K(24000K)->17907K(24000K)
[46.728s][info][gc          ] GC(100) Pause Young (System.gc()) 772M->772M(5888M) 0.443ms
[47.416s][info][gc,metaspace] GC(101) Metaspace: 43117K(49792K)->43117K(49792K) NonClass: 25209K(25792K)->25209K(25792K) Class: 17907K(24000K)->17907K(24000K)
[47.416s][info][gc          ] GC(101) Pause Full (System.gc()) 772M->772M(5888M) 688.147ms
[47.417s][info][gc,metaspace] GC(102) Metaspace: 43117K(49792K)->43117K(49792K) NonClass: 25209K(25792K)->25209K(25792K) Class: 17907K(24000K)->17907K(24000K)
[47.417s][info][gc          ] GC(102) Pause Young (System.gc()) 772M->772M(5888M) 0.809ms
[48.103s][info][gc,metaspace] GC(103) Metaspace: 43117K(49792K)->43117K(49792K) NonClass: 25209K(25792K)->25209K(25792K) Class: 17907K(24000K)->17907K(24000K)
[48.103s][info][gc          ] GC(103) Pause Full (System.gc()) 772M->772M(5888M) 685.931ms
[48.108s][info][gc,metaspace] GC(104) Metaspace: 43117K(49792K)->43117K(49792K) NonClass: 25209K(25792K)->25209K(25792K) Class: 17907K(24000K)->17907K(24000K)
[48.108s][info][gc          ] GC(104) Pause Young (System.gc()) 772M->772M(5888M) 0.750ms
[48.753s][info][gc,metaspace] GC(105) Metaspace: 43117K(49792K)->43117K(49792K) NonClass: 25209K(25792K)->25209K(25792K) Class: 17907K(24000K)->17907K(24000K)
[48.753s][info][gc          ] GC(105) Pause Full (System.gc()) 772M->772M(5888M) 644.795ms
[48.774s][info][gc,metaspace] GC(106) Metaspace: 43117K(49792K)->43117K(49792K) NonClass: 25209K(25792K)->25209K(25792K) Class: 17907K(24000K)->17907K(24000K)
[48.774s][info][gc          ] GC(106) Pause Young (System.gc()) 772M->772M(5888M) 20.721ms
[49.398s][info][gc,metaspace] GC(107) Metaspace: 43117K(49792K)->43117K(49792K) NonClass: 25209K(25792K)->25209K(25792K) Class: 17907K(24000K)->17907K(24000K)
[49.398s][info][gc          ] GC(107) Pause Full (System.gc()) 772M->772M(5888M) 623.687ms
[49.398s][info][gc,metaspace] GC(108) Metaspace: 43117K(49792K)->43117K(49792K) NonClass: 25209K(25792K)->25209K(25792K) Class: 17907K(24000K)->17907K(24000K)
[49.398s][info][gc          ] GC(108) Pause Young (System.gc()) 772M->772M(5888M) 0.429ms
[50.075s][info][gc,metaspace] GC(109) Metaspace: 43117K(49792K)->43117K(49792K) NonClass: 25209K(25792K)->25209K(25792K) Class: 17907K(24000K)->17907K(24000K)
[50.075s][info][gc          ] GC(109) Pause Full (System.gc()) 772M->772M(5888M) 676.909ms
[50.076s][info][gc,metaspace] GC(110) Metaspace: 43117K(49792K)->43117K(49792K) NonClass: 25209K(25792K)->25209K(25792K) Class: 17907K(24000K)->17907K(24000K)
[50.076s][info][gc          ] GC(110) Pause Young (System.gc()) 772M->772M(5888M) 0.505ms
[50.735s][info][gc,metaspace] GC(111) Metaspace: 43117K(49792K)->43117K(49792K) NonClass: 25209K(25792K)->25209K(25792K) Class: 17907K(24000K)->17907K(24000K)
[50.735s][info][gc          ] GC(111) Pause Full (System.gc()) 772M->772M(5888M) 658.872ms
[50.735s][info][gc,metaspace] GC(112) Metaspace: 43117K(49792K)->43117K(49792K) NonClass: 25209K(25792K)->25209K(25792K) Class: 17907K(24000K)->17907K(24000K)
[50.735s][info][gc          ] GC(112) Pause Young (System.gc()) 772M->772M(5888M) 0.540ms
[51.391s][info][gc,metaspace] GC(113) Metaspace: 43117K(49792K)->43117K(49792K) NonClass: 25209K(25792K)->25209K(25792K) Class: 17907K(24000K)->17907K(24000K)
[51.391s][info][gc          ] GC(113) Pause Full (System.gc()) 772M->772M(5888M) 655.737ms
[51.392s][info][gc,metaspace] GC(114) Metaspace: 43117K(49792K)->43117K(49792K) NonClass: 25209K(25792K)->25209K(25792K) Class: 17907K(24000K)->17907K(24000K)
[51.392s][info][gc          ] GC(114) Pause Young (System.gc()) 772M->772M(5888M) 0.558ms
[52.101s][info][gc,metaspace] GC(115) Metaspace: 43117K(49792K)->43117K(49792K) NonClass: 25209K(25792K)->25209K(25792K) Class: 17907K(24000K)->17907K(24000K)
[52.101s][info][gc          ] GC(115) Pause Full (System.gc()) 772M->772M(5888M) 708.706ms
[52.101s][info][gc,metaspace] GC(116) Metaspace: 43117K(49792K)->43117K(49792K) NonClass: 25209K(25792K)->25209K(25792K) Class: 17907K(24000K)->17907K(24000K)
[52.101s][info][gc          ] GC(116) Pause Young (System.gc()) 772M->772M(5888M) 0.511ms
[52.747s][info][gc,metaspace] GC(117) Metaspace: 43117K(49792K)->43117K(49792K) NonClass: 25209K(25792K)->25209K(25792K) Class: 17907K(24000K)->17907K(24000K)
[52.747s][info][gc          ] GC(117) Pause Full (System.gc()) 772M->772M(5888M) 645.654ms
[52.748s][info][gc,metaspace] GC(118) Metaspace: 43117K(49792K)->43117K(49792K) NonClass: 25209K(25792K)->25209K(25792K) Class: 17907K(24000K)->17907K(24000K)
[52.748s][info][gc          ] GC(118) Pause Young (System.gc()) 772M->772M(5888M) 0.779ms
[53.412s][info][gc,metaspace] GC(119) Metaspace: 43117K(49792K)->43117K(49792K) NonClass: 25209K(25792K)->25209K(25792K) Class: 17907K(24000K)->17907K(24000K)
[53.412s][info][gc          ] GC(119) Pause Full (System.gc()) 772M->772M(5888M) 664.365ms
[53.417s][info][gc,metaspace] GC(120) Metaspace: 43117K(49792K)->43117K(49792K) NonClass: 25209K(25792K)->25209K(25792K) Class: 17907K(24000K)->17907K(24000K)
[53.417s][info][gc          ] GC(120) Pause Young (System.gc()) 772M->772M(5888M) 0.415ms
[54.088s][info][gc,metaspace] GC(121) Metaspace: 43117K(49792K)->43117K(49792K) NonClass: 25209K(25792K)->25209K(25792K) Class: 17907K(24000K)->17907K(24000K)
[54.088s][info][gc          ] GC(121) Pause Full (System.gc()) 772M->772M(5888M) 671.214ms
[54.089s][info][gc,metaspace] GC(122) Metaspace: 43117K(49792K)->43117K(49792K) NonClass: 25209K(25792K)->25209K(25792K) Class: 17907K(24000K)->17907K(24000K)
[54.089s][info][gc          ] GC(122) Pause Young (System.gc()) 772M->772M(5888M) 0.531ms
[54.732s][info][gc,metaspace] GC(123) Metaspace: 43117K(49792K)->43117K(49792K) NonClass: 25209K(25792K)->25209K(25792K) Class: 17907K(24000K)->17907K(24000K)
[54.732s][info][gc          ] GC(123) Pause Full (System.gc()) 772M->772M(5888M) 643.522ms
[54.733s][info][gc,metaspace] GC(124) Metaspace: 43117K(49792K)->43117K(49792K) NonClass: 25209K(25792K)->25209K(25792K) Class: 17907K(24000K)->17907K(24000K)
[54.733s][info][gc          ] GC(124) Pause Young (System.gc()) 772M->772M(5888M) 0.724ms
[55.399s][info][gc,metaspace] GC(125) Metaspace: 43117K(49792K)->43117K(49792K) NonClass: 25209K(25792K)->25209K(25792K) Class: 17907K(24000K)->17907K(24000K)
[55.399s][info][gc          ] GC(125) Pause Full (System.gc()) 772M->772M(5888M) 666.302ms
[55.400s][info][gc,metaspace] GC(126) Metaspace: 43117K(49792K)->43117K(49792K) NonClass: 25209K(25792K)->25209K(25792K) Class: 17907K(24000K)->17907K(24000K)
[55.400s][info][gc          ] GC(126) Pause Young (System.gc()) 772M->772M(5888M) 0.552ms
[56.096s][info][gc,metaspace] GC(127) Metaspace: 43117K(49792K)->43117K(49792K) NonClass: 25209K(25792K)->25209K(25792K) Class: 17907K(24000K)->17907K(24000K)
[56.096s][info][gc          ] GC(127) Pause Full (System.gc()) 772M->772M(5888M) 695.558ms
[56.096s][info][gc,metaspace] GC(128) Metaspace: 43117K(49792K)->43117K(49792K) NonClass: 25209K(25792K)->25209K(25792K) Class: 17907K(24000K)->17907K(24000K)
[56.096s][info][gc          ] GC(128) Pause Young (System.gc()) 772M->772M(5888M) 0.508ms
[56.751s][info][gc,metaspace] GC(129) Metaspace: 43117K(49792K)->43117K(49792K) NonClass: 25209K(25792K)->25209K(25792K) Class: 17907K(24000K)->17907K(24000K)
[56.752s][info][gc          ] GC(129) Pause Full (System.gc()) 772M->772M(5888M) 655.168ms
[56.752s][info][gc,metaspace] GC(130) Metaspace: 43117K(49792K)->43117K(49792K) NonClass: 25209K(25792K)->25209K(25792K) Class: 17907K(24000K)->17907K(24000K)
[56.752s][info][gc          ] GC(130) Pause Young (System.gc()) 772M->772M(5888M) 0.440ms
[57.422s][info][gc,metaspace] GC(131) Metaspace: 43117K(49792K)->43117K(49792K) NonClass: 25209K(25792K)->25209K(25792K) Class: 17907K(24000K)->17907K(24000K)
[57.422s][info][gc          ] GC(131) Pause Full (System.gc()) 772M->772M(5888M) 669.446ms
[57.422s][info][gc,metaspace] GC(132) Metaspace: 43117K(49792K)->43117K(49792K) NonClass: 25209K(25792K)->25209K(25792K) Class: 17907K(24000K)->17907K(24000K)
[57.422s][info][gc          ] GC(132) Pause Young (System.gc()) 772M->772M(5888M) 0.750ms
[58.197s][info][gc,metaspace] GC(133) Metaspace: 43117K(49792K)->43117K(49792K) NonClass: 25209K(25792K)->25209K(25792K) Class: 17907K(24000K)->17907K(24000K)
[58.197s][info][gc          ] GC(133) Pause Full (System.gc()) 772M->772M(5888M) 774.966ms
[58.198s][info][gc,metaspace] GC(134) Metaspace: 43117K(49792K)->43117K(49792K) NonClass: 25209K(25792K)->25209K(25792K) Class: 17907K(24000K)->17907K(24000K)
[58.198s][info][gc          ] GC(134) Pause Young (System.gc()) 772M->772M(5888M) 0.503ms
[58.853s][info][gc,metaspace] GC(135) Metaspace: 43117K(49792K)->43117K(49792K) NonClass: 25209K(25792K)->25209K(25792K) Class: 17907K(24000K)->17907K(24000K)
[58.853s][info][gc          ] GC(135) Pause Full (System.gc()) 772M->772M(5888M) 655.238ms
[58.858s][info][gc,metaspace] GC(136) Metaspace: 43117K(49792K)->43117K(49792K) NonClass: 25209K(25792K)->25209K(25792K) Class: 17907K(24000K)->17907K(24000K)
[58.858s][info][gc          ] GC(136) Pause Young (System.gc()) 772M->772M(5888M) 0.481ms
[59.532s][info][gc,metaspace] GC(137) Metaspace: 43117K(49792K)->43117K(49792K) NonClass: 25209K(25792K)->25209K(25792K) Class: 17907K(24000K)->17907K(24000K)
[59.532s][info][gc          ] GC(137) Pause Full (System.gc()) 772M->772M(5888M) 673.543ms
[59.532s][info][gc,metaspace] GC(138) Metaspace: 43117K(49792K)->43117K(49792K) NonClass: 25209K(25792K)->25209K(25792K) Class: 17907K(24000K)->17907K(24000K)
[59.532s][info][gc          ] GC(138) Pause Young (System.gc()) 772M->772M(5888M) 0.534ms
[60.218s][info][gc,metaspace] GC(139) Metaspace: 43117K(49792K)->43117K(49792K) NonClass: 25209K(25792K)->25209K(25792K) Class: 17907K(24000K)->17907K(24000K)
[60.218s][info][gc          ] GC(139) Pause Full (System.gc()) 772M->772M(5888M) 685.225ms
[60.218s][info][gc,metaspace] GC(140) Metaspace: 43117K(49792K)->43117K(49792K) NonClass: 25209K(25792K)->25209K(25792K) Class: 17907K(24000K)->17907K(24000K)
[60.218s][info][gc          ] GC(140) Pause Young (System.gc()) 772M->772M(5888M) 0.410ms
[60.872s][info][gc,metaspace] GC(141) Metaspace: 43117K(49792K)->43117K(49792K) NonClass: 25209K(25792K)->25209K(25792K) Class: 17907K(24000K)->17907K(24000K)
[60.872s][info][gc          ] GC(141) Pause Full (System.gc()) 772M->772M(5888M) 654.218ms
[60.873s][info][gc,metaspace] GC(142) Metaspace: 43117K(49792K)->43117K(49792K) NonClass: 25209K(25792K)->25209K(25792K) Class: 17907K(24000K)->17907K(24000K)
[60.873s][info][gc          ] GC(142) Pause Young (System.gc()) 772M->772M(5888M) 0.776ms
[61.719s][info][gc,metaspace] GC(143) Metaspace: 43117K(49792K)->43117K(49792K) NonClass: 25209K(25792K)->25209K(25792K) Class: 17907K(24000K)->17907K(24000K)
[61.719s][info][gc          ] GC(143) Pause Full (System.gc()) 772M->772M(5888M) 845.940ms
[61.720s][info][gc,metaspace] GC(144) Metaspace: 43117K(49792K)->43117K(49792K) NonClass: 25209K(25792K)->25209K(25792K) Class: 17907K(24000K)->17907K(24000K)
[61.720s][info][gc          ] GC(144) Pause Young (System.gc()) 772M->772M(5888M) 0.500ms
[62.381s][info][gc,metaspace] GC(145) Metaspace: 43117K(49792K)->43117K(49792K) NonClass: 25209K(25792K)->25209K(25792K) Class: 17907K(24000K)->17907K(24000K)
[62.381s][info][gc          ] GC(145) Pause Full (System.gc()) 772M->772M(5888M) 661.334ms
[62.382s][info][gc,metaspace] GC(146) Metaspace: 43117K(49792K)->43117K(49792K) NonClass: 25209K(25792K)->25209K(25792K) Class: 17907K(24000K)->17907K(24000K)
[62.382s][info][gc          ] GC(146) Pause Young (System.gc()) 772M->772M(5888M) 0.479ms
[63.051s][info][gc,metaspace] GC(147) Metaspace: 43117K(49792K)->43117K(49792K) NonClass: 25209K(25792K)->25209K(25792K) Class: 17907K(24000K)->17907K(24000K)
[63.051s][info][gc          ] GC(147) Pause Full (System.gc()) 772M->772M(5888M) 669.533ms
[63.052s][info][gc,metaspace] GC(148) Metaspace: 43117K(49792K)->43117K(49792K) NonClass: 25209K(25792K)->25209K(25792K) Class: 17907K(24000K)->17907K(24000K)
[63.052s][info][gc          ] GC(148) Pause Young (System.gc()) 772M->772M(5888M) 0.422ms
[63.897s][info][gc,metaspace] GC(149) Metaspace: 43117K(49792K)->43117K(49792K) NonClass: 25209K(25792K)->25209K(25792K) Class: 17907K(24000K)->17907K(24000K)
[63.897s][info][gc          ] GC(149) Pause Full (System.gc()) 772M->772M(5888M) 845.419ms
[63.902s][info][gc,metaspace] GC(150) Metaspace: 43117K(49792K)->43117K(49792K) NonClass: 25209K(25792K)->25209K(25792K) Class: 17907K(24000K)->17907K(24000K)
[63.902s][info][gc          ] GC(150) Pause Young (System.gc()) 782M->772M(5888M) 0.534ms
[64.537s][info][gc,metaspace] GC(151) Metaspace: 43117K(49792K)->43117K(49792K) NonClass: 25209K(25792K)->25209K(25792K) Class: 17907K(24000K)->17907K(24000K)
[64.537s][info][gc          ] GC(151) Pause Full (System.gc()) 772M->772M(5888M) 634.362ms
[64.537s][info][gc,metaspace] GC(152) Metaspace: 43117K(49792K)->43117K(49792K) NonClass: 25209K(25792K)->25209K(25792K) Class: 17907K(24000K)->17907K(24000K)
[64.537s][info][gc          ] GC(152) Pause Young (System.gc()) 772M->772M(5888M) 0.464ms
[65.208s][info][gc,metaspace] GC(153) Metaspace: 43117K(49792K)->43117K(49792K) NonClass: 25209K(25792K)->25209K(25792K) Class: 17907K(24000K)->17907K(24000K)
[65.208s][info][gc          ] GC(153) Pause Full (System.gc()) 772M->772M(5888M) 670.399ms
[65.208s][info][gc,metaspace] GC(154) Metaspace: 43117K(49792K)->43117K(49792K) NonClass: 25209K(25792K)->25209K(25792K) Class: 17907K(24000K)->17907K(24000K)
[65.208s][info][gc          ] GC(154) Pause Young (System.gc()) 772M->772M(5888M) 0.749ms
[65.873s][info][gc,metaspace] GC(155) Metaspace: 43117K(49792K)->43117K(49792K) NonClass: 25209K(25792K)->25209K(25792K) Class: 17907K(24000K)->17907K(24000K)
[65.873s][info][gc          ] GC(155) Pause Full (System.gc()) 772M->772M(5888M) 664.659ms
[65.874s][info][gc,metaspace] GC(156) Metaspace: 43117K(49792K)->43117K(49792K) NonClass: 25209K(25792K)->25209K(25792K) Class: 17907K(24000K)->17907K(24000K)
[65.874s][info][gc          ] GC(156) Pause Young (System.gc()) 772M->772M(5888M) 0.499ms
[66.561s][info][gc,metaspace] GC(157) Metaspace: 43117K(49792K)->43117K(49792K) NonClass: 25209K(25792K)->25209K(25792K) Class: 17907K(24000K)->17907K(24000K)
[66.561s][info][gc          ] GC(157) Pause Full (System.gc()) 772M->772M(5888M) 686.861ms
[66.561s][info][gc,metaspace] GC(158) Metaspace: 43117K(49792K)->43117K(49792K) NonClass: 25209K(25792K)->25209K(25792K) Class: 17907K(24000K)->17907K(24000K)
[66.561s][info][gc          ] GC(158) Pause Young (System.gc()) 772M->772M(5888M) 0.586ms
[67.224s][info][gc,metaspace] GC(159) Metaspace: 43117K(49792K)->43117K(49792K) NonClass: 25209K(25792K)->25209K(25792K) Class: 17907K(24000K)->17907K(24000K)
[67.224s][info][gc          ] GC(159) Pause Full (System.gc()) 772M->772M(5888M) 662.281ms
[67.224s][info][gc,metaspace] GC(160) Metaspace: 43117K(49792K)->43117K(49792K) NonClass: 25209K(25792K)->25209K(25792K) Class: 17907K(24000K)->17907K(24000K)
[67.224s][info][gc          ] GC(160) Pause Young (System.gc()) 772M->772M(5888M) 0.552ms
[68.051s][info][gc,metaspace] GC(161) Metaspace: 43117K(49792K)->43117K(49792K) NonClass: 25209K(25792K)->25209K(25792K) Class: 17907K(24000K)->17907K(24000K)
[68.051s][info][gc          ] GC(161) Pause Full (System.gc()) 772M->772M(5888M) 827.125ms
[68.052s][info][gc,metaspace] GC(162) Metaspace: 43117K(49792K)->43117K(49792K) NonClass: 25209K(25792K)->25209K(25792K) Class: 17907K(24000K)->17907K(24000K)
[68.052s][info][gc          ] GC(162) Pause Young (System.gc()) 772M->772M(5888M) 0.487ms
[68.730s][info][gc,metaspace] GC(163) Metaspace: 43117K(49792K)->43117K(49792K) NonClass: 25209K(25792K)->25209K(25792K) Class: 17907K(24000K)->17907K(24000K)
[68.730s][info][gc          ] GC(163) Pause Full (System.gc()) 772M->772M(5888M) 677.913ms
[68.730s][info][gc,metaspace] GC(164) Metaspace: 43117K(49792K)->43117K(49792K) NonClass: 25209K(25792K)->25209K(25792K) Class: 17907K(24000K)->17907K(24000K)
[68.731s][info][gc          ] GC(164) Pause Young (System.gc()) 772M->772M(5888M) 0.436ms
[69.394s][info][gc,metaspace] GC(165) Metaspace: 43117K(49792K)->43117K(49792K) NonClass: 25209K(25792K)->25209K(25792K) Class: 17907K(24000K)->17907K(24000K)
[69.394s][info][gc          ] GC(165) Pause Full (System.gc()) 772M->772M(5888M) 663.140ms
[69.398s][info][gc,metaspace] GC(166) Metaspace: 43117K(49792K)->43117K(49792K) NonClass: 25209K(25792K)->25209K(25792K) Class: 17907K(24000K)->17907K(24000K)
[69.399s][info][gc          ] GC(166) Pause Young (System.gc()) 772M->772M(5888M) 0.467ms
[70.077s][info][gc,metaspace] GC(167) Metaspace: 43117K(49792K)->43117K(49792K) NonClass: 25209K(25792K)->25209K(25792K) Class: 17907K(24000K)->17907K(24000K)
[70.077s][info][gc          ] GC(167) Pause Full (System.gc()) 772M->772M(5888M) 678.041ms
[70.077s][info][gc,metaspace] GC(168) Metaspace: 43117K(49792K)->43117K(49792K) NonClass: 25209K(25792K)->25209K(25792K) Class: 17907K(24000K)->17907K(24000K)
[70.077s][info][gc          ] GC(168) Pause Young (System.gc()) 772M->772M(5888M) 0.488ms
[70.734s][info][gc,metaspace] GC(169) Metaspace: 43117K(49792K)->43117K(49792K) NonClass: 25209K(25792K)->25209K(25792K) Class: 17907K(24000K)->17907K(24000K)
[70.734s][info][gc          ] GC(169) Pause Full (System.gc()) 772M->772M(5888M) 656.993ms
[70.735s][info][gc,metaspace] GC(170) Metaspace: 43117K(49792K)->43117K(49792K) NonClass: 25209K(25792K)->25209K(25792K) Class: 17907K(24000K)->17907K(24000K)
[70.735s][info][gc          ] GC(170) Pause Young (System.gc()) 772M->772M(5888M) 0.481ms
[71.560s][info][gc,metaspace] GC(171) Metaspace: 43117K(49792K)->43117K(49792K) NonClass: 25209K(25792K)->25209K(25792K) Class: 17907K(24000K)->17907K(24000K)
[71.560s][info][gc          ] GC(171) Pause Full (System.gc()) 772M->772M(5888M) 825.157ms
[71.561s][info][gc,metaspace] GC(172) Metaspace: 43117K(49792K)->43117K(49792K) NonClass: 25209K(25792K)->25209K(25792K) Class: 17907K(24000K)->17907K(24000K)
[71.561s][info][gc          ] GC(172) Pause Young (System.gc()) 772M->772M(5888M) 0.703ms
[72.225s][info][gc,metaspace] GC(173) Metaspace: 43117K(49792K)->43117K(49792K) NonClass: 25209K(25792K)->25209K(25792K) Class: 17907K(24000K)->17907K(24000K)
[72.225s][info][gc          ] GC(173) Pause Full (System.gc()) 772M->772M(5888M) 663.882ms
[72.226s][info][gc,metaspace] GC(174) Metaspace: 43117K(49792K)->43117K(49792K) NonClass: 25209K(25792K)->25209K(25792K) Class: 17907K(24000K)->17907K(24000K)
[72.226s][info][gc          ] GC(174) Pause Young (System.gc()) 772M->772M(5888M) 0.731ms
[72.885s][info][gc,metaspace] GC(175) Metaspace: 43117K(49792K)->43117K(49792K) NonClass: 25209K(25792K)->25209K(25792K) Class: 17907K(24000K)->17907K(24000K)
[72.885s][info][gc          ] GC(175) Pause Full (System.gc()) 772M->772M(5888M) 659.294ms
[72.885s][info][gc,metaspace] GC(176) Metaspace: 43117K(49792K)->43117K(49792K) NonClass: 25209K(25792K)->25209K(25792K) Class: 17907K(24000K)->17907K(24000K)
[72.885s][info][gc          ] GC(176) Pause Young (System.gc()) 772M->772M(5888M) 0.501ms
[73.543s][info][gc,metaspace] GC(177) Metaspace: 43117K(49792K)->43117K(49792K) NonClass: 25209K(25792K)->25209K(25792K) Class: 17907K(24000K)->17907K(24000K)
[73.543s][info][gc          ] GC(177) Pause Full (System.gc()) 772M->772M(5888M) 657.404ms
[73.544s][info][gc,metaspace] GC(178) Metaspace: 43117K(49792K)->43117K(49792K) NonClass: 25209K(25792K)->25209K(25792K) Class: 17907K(24000K)->17907K(24000K)
[73.544s][info][gc          ] GC(178) Pause Young (System.gc()) 772M->772M(5888M) 0.783ms
[74.197s][info][gc,metaspace] GC(179) Metaspace: 43117K(49792K)->43117K(49792K) NonClass: 25209K(25792K)->25209K(25792K) Class: 17907K(24000K)->17907K(24000K)
[74.197s][info][gc          ] GC(179) Pause Full (System.gc()) 772M->772M(5888M) 653.573ms
[74.198s][info][gc,metaspace] GC(180) Metaspace: 43117K(49792K)->43117K(49792K) NonClass: 25209K(25792K)->25209K(25792K) Class: 17907K(24000K)->17907K(24000K)
[74.198s][info][gc          ] GC(180) Pause Young (System.gc()) 772M->772M(5888M) 0.419ms
[74.853s][info][gc,metaspace] GC(181) Metaspace: 43117K(49792K)->43117K(49792K) NonClass: 25209K(25792K)->25209K(25792K) Class: 17907K(24000K)->17907K(24000K)
[74.853s][info][gc          ] GC(181) Pause Full (System.gc()) 772M->772M(5888M) 654.740ms
[74.853s][info][gc,metaspace] GC(182) Metaspace: 43117K(49792K)->43117K(49792K) NonClass: 25209K(25792K)->25209K(25792K) Class: 17907K(24000K)->17907K(24000K)
[74.853s][info][gc          ] GC(182) Pause Young (System.gc()) 772M->772M(5888M) 0.434ms
[75.515s][info][gc,metaspace] GC(183) Metaspace: 43117K(49792K)->43117K(49792K) NonClass: 25209K(25792K)->25209K(25792K) Class: 17907K(24000K)->17907K(24000K)
[75.515s][info][gc          ] GC(183) Pause Full (System.gc()) 772M->772M(5888M) 661.340ms
[75.515s][info][gc,metaspace] GC(184) Metaspace: 43117K(49792K)->43117K(49792K) NonClass: 25209K(25792K)->25209K(25792K) Class: 17907K(24000K)->17907K(24000K)
[75.515s][info][gc          ] GC(184) Pause Young (System.gc()) 772M->772M(5888M) 0.437ms
[76.182s][info][gc,metaspace] GC(185) Metaspace: 43117K(49792K)->43117K(49792K) NonClass: 25209K(25792K)->25209K(25792K) Class: 17907K(24000K)->17907K(24000K)
[76.182s][info][gc          ] GC(185) Pause Full (System.gc()) 772M->772M(5888M) 667.350ms
[76.183s][info][gc,metaspace] GC(186) Metaspace: 43117K(49792K)->43117K(49792K) NonClass: 25209K(25792K)->25209K(25792K) Class: 17907K(24000K)->17907K(24000K)
[76.183s][info][gc          ] GC(186) Pause Young (System.gc()) 772M->772M(5888M) 0.501ms
[76.818s][info][gc,metaspace] GC(187) Metaspace: 43117K(49792K)->43117K(49792K) NonClass: 25209K(25792K)->25209K(25792K) Class: 17907K(24000K)->17907K(24000K)
[76.818s][info][gc          ] GC(187) Pause Full (System.gc()) 772M->772M(5888M) 635.020ms
[76.819s][info][gc,metaspace] GC(188) Metaspace: 43117K(49792K)->43117K(49792K) NonClass: 25209K(25792K)->25209K(25792K) Class: 17907K(24000K)->17907K(24000K)
[76.819s][info][gc          ] GC(188) Pause Young (System.gc()) 772M->772M(5888M) 0.555ms
[77.455s][info][gc,metaspace] GC(189) Metaspace: 43117K(49792K)->43117K(49792K) NonClass: 25209K(25792K)->25209K(25792K) Class: 17907K(24000K)->17907K(24000K)
[77.455s][info][gc          ] GC(189) Pause Full (System.gc()) 772M->772M(5888M) 636.492ms
[77.456s][info][gc,metaspace] GC(190) Metaspace: 43117K(49792K)->43117K(49792K) NonClass: 25209K(25792K)->25209K(25792K) Class: 17907K(24000K)->17907K(24000K)
[77.456s][info][gc          ] GC(190) Pause Young (System.gc()) 772M->772M(5888M) 0.800ms
[78.308s][info][gc,metaspace] GC(191) Metaspace: 43117K(49792K)->43117K(49792K) NonClass: 25209K(25792K)->25209K(25792K) Class: 17907K(24000K)->17907K(24000K)
[78.308s][info][gc          ] GC(191) Pause Full (System.gc()) 772M->772M(5888M) 851.436ms
[78.308s][info][gc,metaspace] GC(192) Metaspace: 43117K(49792K)->43117K(49792K) NonClass: 25209K(25792K)->25209K(25792K) Class: 17907K(24000K)->17907K(24000K)
[78.308s][info][gc          ] GC(192) Pause Young (System.gc()) 772M->772M(5888M) 0.484ms
[78.964s][info][gc,metaspace] GC(193) Metaspace: 43117K(49792K)->43117K(49792K) NonClass: 25209K(25792K)->25209K(25792K) Class: 17907K(24000K)->17907K(24000K)
[78.964s][info][gc          ] GC(193) Pause Full (System.gc()) 772M->772M(5888M) 655.996ms
[78.965s][info][gc,metaspace] GC(194) Metaspace: 43117K(49792K)->43117K(49792K) NonClass: 25209K(25792K)->25209K(25792K) Class: 17907K(24000K)->17907K(24000K)
[78.965s][info][gc          ] GC(194) Pause Young (System.gc()) 772M->772M(5888M) 0.683ms
[79.623s][info][gc,metaspace] GC(195) Metaspace: 43117K(49792K)->43117K(49792K) NonClass: 25209K(25792K)->25209K(25792K) Class: 17907K(24000K)->17907K(24000K)
[79.623s][info][gc          ] GC(195) Pause Full (System.gc()) 772M->772M(5888M) 657.599ms
[79.623s][info][gc,metaspace] GC(196) Metaspace: 43117K(49792K)->43117K(49792K) NonClass: 25209K(25792K)->25209K(25792K) Class: 17907K(24000K)->17907K(24000K)
[79.623s][info][gc          ] GC(196) Pause Young (System.gc()) 772M->772M(5888M) 0.602ms
[80.314s][info][gc,metaspace] GC(197) Metaspace: 43117K(49792K)->43117K(49792K) NonClass: 25209K(25792K)->25209K(25792K) Class: 17907K(24000K)->17907K(24000K)
[80.314s][info][gc          ] GC(197) Pause Full (System.gc()) 772M->772M(5888M) 690.529ms
[80.315s][info][gc,metaspace] GC(198) Metaspace: 43117K(49792K)->43117K(49792K) NonClass: 25209K(25792K)->25209K(25792K) Class: 17907K(24000K)->17907K(24000K)
[80.315s][info][gc          ] GC(198) Pause Young (System.gc()) 772M->772M(5888M) 0.546ms
[80.975s][info][gc,metaspace] GC(199) Metaspace: 43117K(49792K)->43117K(49792K) NonClass: 25209K(25792K)->25209K(25792K) Class: 17907K(24000K)->17907K(24000K)
[80.975s][info][gc          ] GC(199) Pause Full (System.gc()) 772M->772M(5888M) 660.537ms
[80.976s][info][gc,metaspace] GC(200) Metaspace: 43117K(49792K)->43117K(49792K) NonClass: 25209K(25792K)->25209K(25792K) Class: 17907K(24000K)->17907K(24000K)
[80.976s][info][gc          ] GC(200) Pause Young (System.gc()) 772M->772M(5888M) 0.599ms
[81.649s][info][gc,metaspace] GC(201) Metaspace: 43117K(49792K)->43117K(49792K) NonClass: 25209K(25792K)->25209K(25792K) Class: 17907K(24000K)->17907K(24000K)
[81.649s][info][gc          ] GC(201) Pause Full (System.gc()) 772M->772M(5888M) 672.830ms
[81.650s][info][gc,metaspace] GC(202) Metaspace: 43117K(49792K)->43117K(49792K) NonClass: 25209K(25792K)->25209K(25792K) Class: 17907K(24000K)->17907K(24000K)
[81.650s][info][gc          ] GC(202) Pause Young (System.gc()) 772M->772M(5888M) 0.759ms
[82.330s][info][gc,metaspace] GC(203) Metaspace: 43117K(49792K)->43117K(49792K) NonClass: 25209K(25792K)->25209K(25792K) Class: 17907K(24000K)->17907K(24000K)
[82.330s][info][gc          ] GC(203) Pause Full (System.gc()) 772M->772M(5888M) 680.215ms
After GCs... 
