Done; will start GCs... 
[35.542s][info][gc,metaspace] GC(10) Metaspace: 90918K(114048K)->90918K(114048K) NonClass: 36370K(38016K)->36370K(38016K) Class: 54547K(76032K)->54547K(76032K)
[35.542s][info][gc          ] GC(10) Pause Full (System.gc()) 869M->778M(5939M) 4545.538ms
[38.422s][info][gc,metaspace] GC(11) Metaspace: 90918K(114048K)->90918K(114048K) NonClass: 36370K(38016K)->36370K(38016K) Class: 54547K(76032K)->54547K(76032K)
[38.422s][info][gc          ] GC(11) Pause Full (System.gc()) 778M->778M(5939M) 2879.965ms
[42.243s][info][gc,metaspace] GC(12) Metaspace: 90918K(114048K)->90918K(114048K) NonClass: 36370K(38016K)->36370K(38016K) Class: 54547K(76032K)->54547K(76032K)
[42.243s][info][gc          ] GC(12) Pause Full (System.gc()) 778M->778M(5939M) 3820.462ms
[45.122s][info][gc,metaspace] GC(13) Metaspace: 90918K(114048K)->90918K(114048K) NonClass: 36370K(38016K)->36370K(38016K) Class: 54547K(76032K)->54547K(76032K)
[45.122s][info][gc          ] GC(13) Pause Full (System.gc()) 778M->778M(5939M) 2878.780ms
[47.997s][info][gc,metaspace] GC(14) Metaspace: 90918K(114048K)->90918K(114048K) NonClass: 36370K(38016K)->36370K(38016K) Class: 54547K(76032K)->54547K(76032K)
[47.997s][info][gc          ] GC(14) Pause Full (System.gc()) 778M->778M(5939M) 2874.858ms
[50.874s][info][gc,metaspace] GC(15) Metaspace: 90918K(114048K)->90918K(114048K) NonClass: 36370K(38016K)->36370K(38016K) Class: 54547K(76032K)->54547K(76032K)
[50.874s][info][gc          ] GC(15) Pause Full (System.gc()) 778M->778M(5939M) 2876.894ms
[53.698s][info][gc,metaspace] GC(16) Metaspace: 90918K(114048K)->90918K(114048K) NonClass: 36370K(38016K)->36370K(38016K) Class: 54547K(76032K)->54547K(76032K)
[53.698s][info][gc          ] GC(16) Pause Full (System.gc()) 778M->778M(5939M) 2824.069ms
[56.573s][info][gc,metaspace] GC(17) Metaspace: 90918K(114048K)->90918K(114048K) NonClass: 36370K(38016K)->36370K(38016K) Class: 54547K(76032K)->54547K(76032K)
[56.573s][info][gc          ] GC(17) Pause Full (System.gc()) 778M->778M(5939M) 2874.378ms
[59.447s][info][gc,metaspace] GC(18) Metaspace: 90918K(114048K)->90918K(114048K) NonClass: 36370K(38016K)->36370K(38016K) Class: 54547K(76032K)->54547K(76032K)
[59.447s][info][gc          ] GC(18) Pause Full (System.gc()) 778M->778M(5939M) 2869.446ms
[62.320s][info][gc,metaspace] GC(19) Metaspace: 90918K(114048K)->90918K(114048K) NonClass: 36370K(38016K)->36370K(38016K) Class: 54547K(76032K)->54547K(76032K)
[62.320s][info][gc          ] GC(19) Pause Full (System.gc()) 778M->778M(5939M) 2873.062ms
[65.194s][info][gc,metaspace] GC(20) Metaspace: 90918K(114048K)->90918K(114048K) NonClass: 36370K(38016K)->36370K(38016K) Class: 54547K(76032K)->54547K(76032K)
[65.194s][info][gc          ] GC(20) Pause Full (System.gc()) 778M->778M(5939M) 2869.552ms
[68.071s][info][gc,metaspace] GC(21) Metaspace: 90918K(114048K)->90918K(114048K) NonClass: 36370K(38016K)->36370K(38016K) Class: 54547K(76032K)->54547K(76032K)
[68.071s][info][gc          ] GC(21) Pause Full (System.gc()) 788M->778M(5939M) 2876.497ms
[70.944s][info][gc,metaspace] GC(22) Metaspace: 90918K(114048K)->90918K(114048K) NonClass: 36370K(38016K)->36370K(38016K) Class: 54547K(76032K)->54547K(76032K)
[70.944s][info][gc          ] GC(22) Pause Full (System.gc()) 778M->778M(5939M) 2873.013ms
[73.768s][info][gc,metaspace] GC(23) Metaspace: 90918K(114048K)->90918K(114048K) NonClass: 36370K(38016K)->36370K(38016K) Class: 54547K(76032K)->54547K(76032K)
[73.768s][info][gc          ] GC(23) Pause Full (System.gc()) 778M->778M(5939M) 2823.305ms
[77.575s][info][gc,metaspace] GC(24) Metaspace: 90918K(114048K)->90918K(114048K) NonClass: 36370K(38016K)->36370K(38016K) Class: 54547K(76032K)->54547K(76032K)
[77.575s][info][gc          ] GC(24) Pause Full (System.gc()) 778M->778M(5939M) 3807.225ms
[80.448s][info][gc,metaspace] GC(25) Metaspace: 90918K(114048K)->90918K(114048K) NonClass: 36370K(38016K)->36370K(38016K) Class: 54547K(76032K)->54547K(76032K)
[80.448s][info][gc          ] GC(25) Pause Full (System.gc()) 778M->778M(5939M) 2872.781ms
[83.320s][info][gc,metaspace] GC(26) Metaspace: 90918K(114048K)->90918K(114048K) NonClass: 36370K(38016K)->36370K(38016K) Class: 54547K(76032K)->54547K(76032K)
[83.320s][info][gc          ] GC(26) Pause Full (System.gc()) 778M->778M(5939M) 2871.928ms
[86.197s][info][gc,metaspace] GC(27) Metaspace: 90918K(114048K)->90918K(114048K) NonClass: 36370K(38016K)->36370K(38016K) Class: 54547K(76032K)->54547K(76032K)
[86.197s][info][gc          ] GC(27) Pause Full (System.gc()) 778M->778M(5939M) 2876.607ms
[89.069s][info][gc,metaspace] GC(28) Metaspace: 90918K(114048K)->90918K(114048K) NonClass: 36370K(38016K)->36370K(38016K) Class: 54547K(76032K)->54547K(76032K)
[89.069s][info][gc          ] GC(28) Pause Full (System.gc()) 778M->778M(5939M) 2871.675ms
[91.941s][info][gc,metaspace] GC(29) Metaspace: 90918K(114048K)->90918K(114048K) NonClass: 36370K(38016K)->36370K(38016K) Class: 54547K(76032K)->54547K(76032K)
[91.941s][info][gc          ] GC(29) Pause Full (System.gc()) 778M->778M(5939M) 2872.176ms
[94.765s][info][gc,metaspace] GC(30) Metaspace: 90918K(114048K)->90918K(114048K) NonClass: 36370K(38016K)->36370K(38016K) Class: 54547K(76032K)->54547K(76032K)
[94.765s][info][gc          ] GC(30) Pause Full (System.gc()) 778M->778M(5939M) 2823.578ms
[97.637s][info][gc,metaspace] GC(31) Metaspace: 90918K(114048K)->90918K(114048K) NonClass: 36370K(38016K)->36370K(38016K) Class: 54547K(76032K)->54547K(76032K)
[97.637s][info][gc          ] GC(31) Pause Full (System.gc()) 778M->778M(5939M) 2871.667ms
[100.511s][info][gc,metaspace] GC(32) Metaspace: 90918K(114048K)->90918K(114048K) NonClass: 36370K(38016K)->36370K(38016K) Class: 54547K(76032K)->54547K(76032K)
[100.511s][info][gc          ] GC(32) Pause Full (System.gc()) 778M->778M(5939M) 2873.702ms
[103.389s][info][gc,metaspace] GC(33) Metaspace: 90918K(114048K)->90918K(114048K) NonClass: 36370K(38016K)->36370K(38016K) Class: 54547K(76032K)->54547K(76032K)
[103.389s][info][gc          ] GC(33) Pause Full (System.gc()) 778M->778M(5939M) 2878.007ms
[106.266s][info][gc,metaspace] GC(34) Metaspace: 90918K(114048K)->90918K(114048K) NonClass: 36370K(38016K)->36370K(38016K) Class: 54547K(76032K)->54547K(76032K)
[106.266s][info][gc          ] GC(34) Pause Full (System.gc()) 778M->778M(5939M) 2872.161ms
[109.139s][info][gc,metaspace] GC(35) Metaspace: 90918K(114048K)->90918K(114048K) NonClass: 36370K(38016K)->36370K(38016K) Class: 54547K(76032K)->54547K(76032K)
[109.139s][info][gc          ] GC(35) Pause Full (System.gc()) 778M->778M(5939M) 2872.500ms
[112.011s][info][gc,metaspace] GC(36) Metaspace: 90918K(114048K)->90918K(114048K) NonClass: 36370K(38016K)->36370K(38016K) Class: 54547K(76032K)->54547K(76032K)
[112.011s][info][gc          ] GC(36) Pause Full (System.gc()) 778M->778M(5939M) 2871.759ms
[114.884s][info][gc,metaspace] GC(37) Metaspace: 90918K(114048K)->90918K(114048K) NonClass: 36370K(38016K)->36370K(38016K) Class: 54547K(76032K)->54547K(76032K)
[114.884s][info][gc          ] GC(37) Pause Full (System.gc()) 778M->778M(5939M) 2872.885ms
[117.998s][info][gc,metaspace] GC(38) Metaspace: 90918K(114048K)->90918K(114048K) NonClass: 36370K(38016K)->36370K(38016K) Class: 54547K(76032K)->54547K(76032K)
[117.998s][info][gc          ] GC(38) Pause Full (System.gc()) 778M->778M(5939M) 3113.868ms
[120.870s][info][gc,metaspace] GC(39) Metaspace: 90918K(114048K)->90918K(114048K) NonClass: 36370K(38016K)->36370K(38016K) Class: 54547K(76032K)->54547K(76032K)
[120.870s][info][gc          ] GC(39) Pause Full (System.gc()) 778M->778M(5939M) 2871.941ms
[123.692s][info][gc,metaspace] GC(40) Metaspace: 90918K(114048K)->90918K(114048K) NonClass: 36370K(38016K)->36370K(38016K) Class: 54547K(76032K)->54547K(76032K)
[123.692s][info][gc          ] GC(40) Pause Full (System.gc()) 778M->778M(5939M) 2822.055ms
[126.569s][info][gc,metaspace] GC(41) Metaspace: 90918K(114048K)->90918K(114048K) NonClass: 36370K(38016K)->36370K(38016K) Class: 54547K(76032K)->54547K(76032K)
[126.569s][info][gc          ] GC(41) Pause Full (System.gc()) 778M->778M(5939M) 2876.298ms
[129.441s][info][gc,metaspace] GC(42) Metaspace: 90918K(114048K)->90918K(114048K) NonClass: 36370K(38016K)->36370K(38016K) Class: 54547K(76032K)->54547K(76032K)
[129.441s][info][gc          ] GC(42) Pause Full (System.gc()) 788M->778M(5939M) 2871.664ms
[132.313s][info][gc,metaspace] GC(43) Metaspace: 90918K(114048K)->90918K(114048K) NonClass: 36370K(38016K)->36370K(38016K) Class: 54547K(76032K)->54547K(76032K)
[132.313s][info][gc          ] GC(43) Pause Full (System.gc()) 778M->778M(5939M) 2871.994ms
[135.185s][info][gc,metaspace] GC(44) Metaspace: 90918K(114048K)->90918K(114048K) NonClass: 36370K(38016K)->36370K(38016K) Class: 54547K(76032K)->54547K(76032K)
[135.185s][info][gc          ] GC(44) Pause Full (System.gc()) 778M->778M(5939M) 2868.099ms
[138.058s][info][gc,metaspace] GC(45) Metaspace: 90918K(114048K)->90918K(114048K) NonClass: 36370K(38016K)->36370K(38016K) Class: 54547K(76032K)->54547K(76032K)
[138.058s][info][gc          ] GC(45) Pause Full (System.gc()) 778M->778M(5939M) 2871.878ms
[140.934s][info][gc,metaspace] GC(46) Metaspace: 90918K(114048K)->90918K(114048K) NonClass: 36370K(38016K)->36370K(38016K) Class: 54547K(76032K)->54547K(76032K)
[140.934s][info][gc          ] GC(46) Pause Full (System.gc()) 778M->778M(5939M) 2876.014ms
[143.781s][info][gc,metaspace] GC(47) Metaspace: 90918K(114048K)->90918K(114048K) NonClass: 36370K(38016K)->36370K(38016K) Class: 54547K(76032K)->54547K(76032K)
[143.781s][info][gc          ] GC(47) Pause Full (System.gc()) 778M->778M(5939M) 2846.960ms
[146.658s][info][gc,metaspace] GC(48) Metaspace: 90918K(114048K)->90918K(114048K) NonClass: 36370K(38016K)->36370K(38016K) Class: 54547K(76032K)->54547K(76032K)
[146.658s][info][gc          ] GC(48) Pause Full (System.gc()) 778M->778M(5939M) 2876.598ms
[149.530s][info][gc,metaspace] GC(49) Metaspace: 90918K(114048K)->90918K(114048K) NonClass: 36370K(38016K)->36370K(38016K) Class: 54547K(76032K)->54547K(76032K)
[149.530s][info][gc          ] GC(49) Pause Full (System.gc()) 778M->778M(5939M) 2872.095ms
[152.404s][info][gc,metaspace] GC(50) Metaspace: 90918K(114048K)->90918K(114048K) NonClass: 36370K(38016K)->36370K(38016K) Class: 54547K(76032K)->54547K(76032K)
[152.405s][info][gc          ] GC(50) Pause Full (System.gc()) 778M->778M(5939M) 2870.091ms
[155.278s][info][gc,metaspace] GC(51) Metaspace: 90918K(114048K)->90918K(114048K) NonClass: 36370K(38016K)->36370K(38016K) Class: 54547K(76032K)->54547K(76032K)
[155.278s][info][gc          ] GC(51) Pause Full (System.gc()) 778M->778M(5939M) 2873.217ms
[158.151s][info][gc,metaspace] GC(52) Metaspace: 90918K(114048K)->90918K(114048K) NonClass: 36370K(38016K)->36370K(38016K) Class: 54547K(76032K)->54547K(76032K)
[158.151s][info][gc          ] GC(52) Pause Full (System.gc()) 778M->778M(5939M) 2872.567ms
[161.423s][info][gc,metaspace] GC(53) Metaspace: 90918K(114048K)->90918K(114048K) NonClass: 36370K(38016K)->36370K(38016K) Class: 54547K(76032K)->54547K(76032K)
[161.423s][info][gc          ] GC(53) Pause Full (System.gc()) 778M->778M(5939M) 3272.395ms
[164.296s][info][gc,metaspace] GC(54) Metaspace: 90918K(114048K)->90918K(114048K) NonClass: 36370K(38016K)->36370K(38016K) Class: 54547K(76032K)->54547K(76032K)
[164.296s][info][gc          ] GC(54) Pause Full (System.gc()) 778M->778M(5939M) 2872.677ms
[167.172s][info][gc,metaspace] GC(55) Metaspace: 90918K(114048K)->90918K(114048K) NonClass: 36370K(38016K)->36370K(38016K) Class: 54547K(76032K)->54547K(76032K)
[167.172s][info][gc          ] GC(55) Pause Full (System.gc()) 778M->778M(5939M) 2876.000ms
[170.044s][info][gc,metaspace] GC(56) Metaspace: 90918K(114048K)->90918K(114048K) NonClass: 36370K(38016K)->36370K(38016K) Class: 54547K(76032K)->54547K(76032K)
[170.044s][info][gc          ] GC(56) Pause Full (System.gc()) 778M->778M(5939M) 2871.874ms
[172.916s][info][gc,metaspace] GC(57) Metaspace: 90918K(114048K)->90918K(114048K) NonClass: 36370K(38016K)->36370K(38016K) Class: 54547K(76032K)->54547K(76032K)
[172.916s][info][gc          ] GC(57) Pause Full (System.gc()) 778M->778M(5939M) 2871.682ms
[175.739s][info][gc,metaspace] GC(58) Metaspace: 90918K(114048K)->90918K(114048K) NonClass: 36370K(38016K)->36370K(38016K) Class: 54547K(76032K)->54547K(76032K)
[175.739s][info][gc          ] GC(58) Pause Full (System.gc()) 778M->778M(5939M) 2822.622ms
[178.612s][info][gc,metaspace] GC(59) Metaspace: 90918K(114048K)->90918K(114048K) NonClass: 36370K(38016K)->36370K(38016K) Class: 54547K(76032K)->54547K(76032K)
[178.612s][info][gc          ] GC(59) Pause Full (System.gc()) 778M->778M(5939M) 2872.199ms
[181.484s][info][gc,metaspace] GC(60) Metaspace: 90918K(114048K)->90918K(114048K) NonClass: 36370K(38016K)->36370K(38016K) Class: 54547K(76032K)->54547K(76032K)
[181.484s][info][gc          ] GC(60) Pause Full (System.gc()) 778M->778M(5939M) 2872.665ms
[184.356s][info][gc,metaspace] GC(61) Metaspace: 90918K(114048K)->90918K(114048K) NonClass: 36370K(38016K)->36370K(38016K) Class: 54547K(76032K)->54547K(76032K)
[184.356s][info][gc          ] GC(61) Pause Full (System.gc()) 778M->778M(5939M) 2871.504ms
[187.228s][info][gc,metaspace] GC(62) Metaspace: 90918K(114048K)->90918K(114048K) NonClass: 36370K(38016K)->36370K(38016K) Class: 54547K(76032K)->54547K(76032K)
[187.228s][info][gc          ] GC(62) Pause Full (System.gc()) 778M->778M(5939M) 2867.678ms
[190.105s][info][gc,metaspace] GC(63) Metaspace: 90918K(114048K)->90918K(114048K) NonClass: 36370K(38016K)->36370K(38016K) Class: 54547K(76032K)->54547K(76032K)
[190.105s][info][gc          ] GC(63) Pause Full (System.gc()) 778M->778M(5939M) 2876.525ms
[192.978s][info][gc,metaspace] GC(64) Metaspace: 90918K(114048K)->90918K(114048K) NonClass: 36370K(38016K)->36370K(38016K) Class: 54547K(76032K)->54547K(76032K)
[192.978s][info][gc          ] GC(64) Pause Full (System.gc()) 788M->778M(5939M) 2872.111ms
[195.800s][info][gc,metaspace] GC(65) Metaspace: 90918K(114048K)->90918K(114048K) NonClass: 36370K(38016K)->36370K(38016K) Class: 54547K(76032K)->54547K(76032K)
[195.800s][info][gc          ] GC(65) Pause Full (System.gc()) 778M->778M(5939M) 2822.121ms
[198.672s][info][gc,metaspace] GC(66) Metaspace: 90918K(114048K)->90918K(114048K) NonClass: 36370K(38016K)->36370K(38016K) Class: 54547K(76032K)->54547K(76032K)
[198.672s][info][gc          ] GC(66) Pause Full (System.gc()) 778M->778M(5939M) 2871.598ms
[201.544s][info][gc,metaspace] GC(67) Metaspace: 90918K(114048K)->90918K(114048K) NonClass: 36370K(38016K)->36370K(38016K) Class: 54547K(76032K)->54547K(76032K)
[201.544s][info][gc          ] GC(67) Pause Full (System.gc()) 778M->778M(5939M) 2871.782ms
[204.416s][info][gc,metaspace] GC(68) Metaspace: 90918K(114048K)->90918K(114048K) NonClass: 36370K(38016K)->36370K(38016K) Class: 54547K(76032K)->54547K(76032K)
[204.416s][info][gc          ] GC(68) Pause Full (System.gc()) 778M->778M(5939M) 2871.720ms
[207.288s][info][gc,metaspace] GC(69) Metaspace: 90918K(114048K)->90918K(114048K) NonClass: 36370K(38016K)->36370K(38016K) Class: 54547K(76032K)->54547K(76032K)
[207.288s][info][gc          ] GC(69) Pause Full (System.gc()) 778M->778M(5939M) 2872.345ms
[210.165s][info][gc,metaspace] GC(70) Metaspace: 90918K(114048K)->90918K(114048K) NonClass: 36370K(38016K)->36370K(38016K) Class: 54547K(76032K)->54547K(76032K)
[210.165s][info][gc          ] GC(70) Pause Full (System.gc()) 778M->778M(5939M) 2876.212ms
[213.039s][info][gc,metaspace] GC(71) Metaspace: 90918K(114048K)->90918K(114048K) NonClass: 36370K(38016K)->36370K(38016K) Class: 54547K(76032K)->54547K(76032K)
[213.039s][info][gc          ] GC(71) Pause Full (System.gc()) 778M->778M(5939M) 2874.500ms
[215.913s][info][gc,metaspace] GC(72) Metaspace: 90918K(114048K)->90918K(114048K) NonClass: 36370K(38016K)->36370K(38016K) Class: 54547K(76032K)->54547K(76032K)
[215.913s][info][gc          ] GC(72) Pause Full (System.gc()) 778M->778M(5939M) 2873.521ms
[218.736s][info][gc,metaspace] GC(73) Metaspace: 90918K(114048K)->90918K(114048K) NonClass: 36370K(38016K)->36370K(38016K) Class: 54547K(76032K)->54547K(76032K)
[218.736s][info][gc          ] GC(73) Pause Full (System.gc()) 778M->778M(5939M) 2822.609ms
[221.610s][info][gc,metaspace] GC(74) Metaspace: 90918K(114048K)->90918K(114048K) NonClass: 36370K(38016K)->36370K(38016K) Class: 54547K(76032K)->54547K(76032K)
[221.610s][info][gc          ] GC(74) Pause Full (System.gc()) 778M->778M(5939M) 2874.176ms
[224.483s][info][gc,metaspace] GC(75) Metaspace: 90918K(114048K)->90918K(114048K) NonClass: 36370K(38016K)->36370K(38016K) Class: 54547K(76032K)->54547K(76032K)
[224.483s][info][gc          ] GC(75) Pause Full (System.gc()) 778M->778M(5939M) 2872.522ms
[227.355s][info][gc,metaspace] GC(76) Metaspace: 90918K(114048K)->90918K(114048K) NonClass: 36370K(38016K)->36370K(38016K) Class: 54547K(76032K)->54547K(76032K)
[227.355s][info][gc          ] GC(76) Pause Full (System.gc()) 778M->778M(5939M) 2867.972ms
[230.232s][info][gc,metaspace] GC(77) Metaspace: 90918K(114048K)->90918K(114048K) NonClass: 36370K(38016K)->36370K(38016K) Class: 54547K(76032K)->54547K(76032K)
[230.232s][info][gc          ] GC(77) Pause Full (System.gc()) 778M->778M(5939M) 2876.167ms
[233.104s][info][gc,metaspace] GC(78) Metaspace: 90918K(114048K)->90918K(114048K) NonClass: 36370K(38016K)->36370K(38016K) Class: 54547K(76032K)->54547K(76032K)
[233.104s][info][gc          ] GC(78) Pause Full (System.gc()) 778M->778M(5939M) 2868.198ms
[235.977s][info][gc,metaspace] GC(79) Metaspace: 90918K(114048K)->90918K(114048K) NonClass: 36370K(38016K)->36370K(38016K) Class: 54547K(76032K)->54547K(76032K)
[235.977s][info][gc          ] GC(79) Pause Full (System.gc()) 778M->778M(5939M) 2872.640ms
[238.800s][info][gc,metaspace] GC(80) Metaspace: 90918K(114048K)->90918K(114048K) NonClass: 36370K(38016K)->36370K(38016K) Class: 54547K(76032K)->54547K(76032K)
[238.800s][info][gc          ] GC(80) Pause Full (System.gc()) 778M->778M(5939M) 2822.363ms
[241.672s][info][gc,metaspace] GC(81) Metaspace: 90918K(114048K)->90918K(114048K) NonClass: 36370K(38016K)->36370K(38016K) Class: 54547K(76032K)->54547K(76032K)
[241.672s][info][gc          ] GC(81) Pause Full (System.gc()) 778M->778M(5939M) 2872.261ms
[244.544s][info][gc,metaspace] GC(82) Metaspace: 90918K(114048K)->90918K(114048K) NonClass: 36370K(38016K)->36370K(38016K) Class: 54547K(76032K)->54547K(76032K)
[244.544s][info][gc          ] GC(82) Pause Full (System.gc()) 778M->778M(5939M) 2871.186ms
[247.415s][info][gc,metaspace] GC(83) Metaspace: 90918K(114048K)->90918K(114048K) NonClass: 36370K(38016K)->36370K(38016K) Class: 54547K(76032K)->54547K(76032K)
[247.415s][info][gc          ] GC(83) Pause Full (System.gc()) 778M->778M(5939M) 2870.938ms
[250.292s][info][gc,metaspace] GC(84) Metaspace: 90918K(114048K)->90918K(114048K) NonClass: 36370K(38016K)->36370K(38016K) Class: 54547K(76032K)->54547K(76032K)
[250.292s][info][gc          ] GC(84) Pause Full (System.gc()) 778M->778M(5939M) 2876.718ms
[253.164s][info][gc,metaspace] GC(85) Metaspace: 90918K(114048K)->90918K(114048K) NonClass: 36370K(38016K)->36370K(38016K) Class: 54547K(76032K)->54547K(76032K)
[253.164s][info][gc          ] GC(85) Pause Full (System.gc()) 778M->778M(5939M) 2871.681ms
[256.036s][info][gc,metaspace] GC(86) Metaspace: 90918K(114048K)->90918K(114048K) NonClass: 36370K(38016K)->36370K(38016K) Class: 54547K(76032K)->54547K(76032K)
[256.036s][info][gc          ] GC(86) Pause Full (System.gc()) 788M->778M(5939M) 2871.729ms
[258.908s][info][gc,metaspace] GC(87) Metaspace: 90918K(114048K)->90918K(114048K) NonClass: 36370K(38016K)->36370K(38016K) Class: 54547K(76032K)->54547K(76032K)
[258.909s][info][gc          ] GC(87) Pause Full (System.gc()) 778M->778M(5939M) 2872.564ms
[261.731s][info][gc,metaspace] GC(88) Metaspace: 90918K(114048K)->90918K(114048K) NonClass: 36370K(38016K)->36370K(38016K) Class: 54547K(76032K)->54547K(76032K)
[261.731s][info][gc          ] GC(88) Pause Full (System.gc()) 778M->778M(5939M) 2822.049ms
[264.602s][info][gc,metaspace] GC(89) Metaspace: 90918K(114048K)->90918K(114048K) NonClass: 36370K(38016K)->36370K(38016K) Class: 54547K(76032K)->54547K(76032K)
[264.602s][info][gc          ] GC(89) Pause Full (System.gc()) 778M->778M(5939M) 2871.449ms
[267.474s][info][gc,metaspace] GC(90) Metaspace: 90918K(114048K)->90918K(114048K) NonClass: 36370K(38016K)->36370K(38016K) Class: 54547K(76032K)->54547K(76032K)
[267.474s][info][gc          ] GC(90) Pause Full (System.gc()) 778M->778M(5939M) 2871.553ms
[270.350s][info][gc,metaspace] GC(91) Metaspace: 90918K(114048K)->90918K(114048K) NonClass: 36370K(38016K)->36370K(38016K) Class: 54547K(76032K)->54547K(76032K)
[270.350s][info][gc          ] GC(91) Pause Full (System.gc()) 778M->778M(5939M) 2875.993ms
[273.228s][info][gc,metaspace] GC(92) Metaspace: 90918K(114048K)->90918K(114048K) NonClass: 36370K(38016K)->36370K(38016K) Class: 54547K(76032K)->54547K(76032K)
[273.228s][info][gc          ] GC(92) Pause Full (System.gc()) 778M->778M(5939M) 2873.242ms
[276.101s][info][gc,metaspace] GC(93) Metaspace: 90918K(114048K)->90918K(114048K) NonClass: 36370K(38016K)->36370K(38016K) Class: 54547K(76032K)->54547K(76032K)
[276.101s][info][gc          ] GC(93) Pause Full (System.gc()) 778M->778M(5939M) 2872.925ms
[278.974s][info][gc,metaspace] GC(94) Metaspace: 90918K(114048K)->90918K(114048K) NonClass: 36370K(38016K)->36370K(38016K) Class: 54547K(76032K)->54547K(76032K)
[278.974s][info][gc          ] GC(94) Pause Full (System.gc()) 778M->778M(5939M) 2872.629ms
[281.798s][info][gc,metaspace] GC(95) Metaspace: 90918K(114048K)->90918K(114048K) NonClass: 36370K(38016K)->36370K(38016K) Class: 54547K(76032K)->54547K(76032K)
[281.798s][info][gc          ] GC(95) Pause Full (System.gc()) 778M->778M(5939M) 2824.226ms
[284.671s][info][gc,metaspace] GC(96) Metaspace: 90918K(114048K)->90918K(114048K) NonClass: 36370K(38016K)->36370K(38016K) Class: 54547K(76032K)->54547K(76032K)
[284.671s][info][gc          ] GC(96) Pause Full (System.gc()) 778M->778M(5939M) 2872.938ms
[287.547s][info][gc,metaspace] GC(97) Metaspace: 90918K(114048K)->90918K(114048K) NonClass: 36370K(38016K)->36370K(38016K) Class: 54547K(76032K)->54547K(76032K)
[287.547s][info][gc          ] GC(97) Pause Full (System.gc()) 778M->778M(5939M) 2876.026ms
[290.420s][info][gc,metaspace] GC(98) Metaspace: 90918K(114048K)->90918K(114048K) NonClass: 36370K(38016K)->36370K(38016K) Class: 54547K(76032K)->54547K(76032K)
[290.420s][info][gc          ] GC(98) Pause Full (System.gc()) 778M->778M(5939M) 2867.845ms
[293.292s][info][gc,metaspace] GC(99) Metaspace: 90918K(114048K)->90918K(114048K) NonClass: 36370K(38016K)->36370K(38016K) Class: 54547K(76032K)->54547K(76032K)
[293.292s][info][gc          ] GC(99) Pause Full (System.gc()) 778M->778M(5939M) 2872.721ms
[296.165s][info][gc,metaspace] GC(100) Metaspace: 90918K(114048K)->90918K(114048K) NonClass: 36370K(38016K)->36370K(38016K) Class: 54547K(76032K)->54547K(76032K)
[296.165s][info][gc          ] GC(100) Pause Full (System.gc()) 778M->778M(5939M) 2872.177ms
[299.037s][info][gc,metaspace] GC(101) Metaspace: 90919K(114048K)->90919K(114048K) NonClass: 36371K(38016K)->36371K(38016K) Class: 54547K(76032K)->54547K(76032K)
[299.037s][info][gc          ] GC(101) Pause Full (System.gc()) 778M->778M(5939M) 2871.916ms
[301.910s][info][gc,metaspace] GC(102) Metaspace: 90919K(114048K)->90919K(114048K) NonClass: 36371K(38016K)->36371K(38016K) Class: 54547K(76032K)->54547K(76032K)
[301.910s][info][gc          ] GC(102) Pause Full (System.gc()) 778M->778M(5939M) 2872.981ms
[304.733s][info][gc,metaspace] GC(103) Metaspace: 90919K(114048K)->90919K(114048K) NonClass: 36371K(38016K)->36371K(38016K) Class: 54547K(76032K)->54547K(76032K)
[304.733s][info][gc          ] GC(103) Pause Full (System.gc()) 778M->778M(5939M) 2822.550ms
[307.608s][info][gc,metaspace] GC(104) Metaspace: 90919K(114048K)->90919K(114048K) NonClass: 36371K(38016K)->36371K(38016K) Class: 54547K(76032K)->54547K(76032K)
[307.608s][info][gc          ] GC(104) Pause Full (System.gc()) 778M->778M(5939M) 2875.092ms
[310.467s][info][gc,metaspace] GC(105) Metaspace: 90919K(114048K)->90919K(114048K) NonClass: 36371K(38016K)->36371K(38016K) Class: 54547K(76032K)->54547K(76032K)
[310.467s][info][gc          ] GC(105) Pause Full (System.gc()) 778M->778M(5939M) 2858.011ms
[313.324s][info][gc,metaspace] GC(106) Metaspace: 90919K(114048K)->90919K(114048K) NonClass: 36371K(38016K)->36371K(38016K) Class: 54547K(76032K)->54547K(76032K)
[313.324s][info][gc          ] GC(106) Pause Full (System.gc()) 778M->778M(5939M) 2857.190ms
[316.182s][info][gc,metaspace] GC(107) Metaspace: 90919K(114048K)->90919K(114048K) NonClass: 36371K(38016K)->36371K(38016K) Class: 54547K(76032K)->54547K(76032K)
[316.182s][info][gc          ] GC(107) Pause Full (System.gc()) 778M->778M(5939M) 2857.559ms
[319.039s][info][gc,metaspace] GC(108) Metaspace: 90919K(114048K)->90919K(114048K) NonClass: 36371K(38016K)->36371K(38016K) Class: 54547K(76032K)->54547K(76032K)
[319.039s][info][gc          ] GC(108) Pause Full (System.gc()) 788M->778M(5939M) 2857.018ms
[321.896s][info][gc,metaspace] GC(109) Metaspace: 90919K(114048K)->90919K(114048K) NonClass: 36371K(38016K)->36371K(38016K) Class: 54547K(76032K)->54547K(76032K)
[321.896s][info][gc          ] GC(109) Pause Full (System.gc()) 778M->778M(5939M) 2857.131ms
After GCs... 
