Done; will start GCs... 
[34.837s][info][gc,metaspace] GC(10) Metaspace: 42842K(46720K)->42842K(46720K) NonClass: 36014K(37696K)->36014K(37696K) Class: 6828K(9024K)->6828K(9024K)
[34.837s][info][gc          ] GC(10) Pause Full (System.gc()) 869M->778M(5939M) 4291.615ms
[37.656s][info][gc,metaspace] GC(11) Metaspace: 42842K(46720K)->42842K(46720K) NonClass: 36014K(37696K)->36014K(37696K) Class: 6828K(9024K)->6828K(9024K)
[37.656s][info][gc          ] GC(11) Pause Full (System.gc()) 778M->778M(5939M) 2818.300ms
[41.330s][info][gc,metaspace] GC(12) Metaspace: 42842K(46720K)->42842K(46720K) NonClass: 36014K(37696K)->36014K(37696K) Class: 6828K(9024K)->6828K(9024K)
[41.330s][info][gc          ] GC(12) Pause Full (System.gc()) 778M->778M(5939M) 3674.075ms
[44.146s][info][gc,metaspace] GC(13) Metaspace: 42842K(46720K)->42842K(46720K) NonClass: 36014K(37696K)->36014K(37696K) Class: 6828K(9024K)->6828K(9024K)
[44.146s][info][gc          ] GC(13) Pause Full (System.gc()) 778M->778M(5939M) 2815.924ms
[46.909s][info][gc,metaspace] GC(14) Metaspace: 42842K(46720K)->42842K(46720K) NonClass: 36014K(37696K)->36014K(37696K) Class: 6828K(9024K)->6828K(9024K)
[46.909s][info][gc          ] GC(14) Pause Full (System.gc()) 778M->778M(5939M) 2763.379ms
[49.724s][info][gc,metaspace] GC(15) Metaspace: 42842K(46720K)->42842K(46720K) NonClass: 36014K(37696K)->36014K(37696K) Class: 6828K(9024K)->6828K(9024K)
[49.724s][info][gc          ] GC(15) Pause Full (System.gc()) 778M->778M(5939M) 2814.261ms
[52.538s][info][gc,metaspace] GC(16) Metaspace: 42842K(46720K)->42842K(46720K) NonClass: 36014K(37696K)->36014K(37696K) Class: 6828K(9024K)->6828K(9024K)
[52.538s][info][gc          ] GC(16) Pause Full (System.gc()) 778M->778M(5939M) 2809.283ms
[55.353s][info][gc,metaspace] GC(17) Metaspace: 42842K(46720K)->42842K(46720K) NonClass: 36014K(37696K)->36014K(37696K) Class: 6828K(9024K)->6828K(9024K)
[55.353s][info][gc          ] GC(17) Pause Full (System.gc()) 778M->778M(5939M) 2815.338ms
[58.170s][info][gc,metaspace] GC(18) Metaspace: 42842K(46720K)->42842K(46720K) NonClass: 36014K(37696K)->36014K(37696K) Class: 6828K(9024K)->6828K(9024K)
[58.170s][info][gc          ] GC(18) Pause Full (System.gc()) 778M->778M(5939M) 2811.965ms
[60.936s][info][gc,metaspace] GC(19) Metaspace: 42842K(46720K)->42842K(46720K) NonClass: 36014K(37696K)->36014K(37696K) Class: 6828K(9024K)->6828K(9024K)
[60.936s][info][gc          ] GC(19) Pause Full (System.gc()) 778M->778M(5939M) 2766.004ms
[63.751s][info][gc,metaspace] GC(20) Metaspace: 42842K(46720K)->42842K(46720K) NonClass: 36014K(37696K)->36014K(37696K) Class: 6828K(9024K)->6828K(9024K)
[63.751s][info][gc          ] GC(20) Pause Full (System.gc()) 778M->778M(5939M) 2815.079ms
[66.568s][info][gc,metaspace] GC(21) Metaspace: 42842K(46720K)->42842K(46720K) NonClass: 36014K(37696K)->36014K(37696K) Class: 6828K(9024K)->6828K(9024K)
[66.568s][info][gc          ] GC(21) Pause Full (System.gc()) 778M->778M(5939M) 2816.818ms
[69.385s][info][gc,metaspace] GC(22) Metaspace: 42842K(46720K)->42842K(46720K) NonClass: 36014K(37696K)->36014K(37696K) Class: 6828K(9024K)->6828K(9024K)
[69.385s][info][gc          ] GC(22) Pause Full (System.gc()) 778M->778M(5939M) 2815.961ms
[72.200s][info][gc,metaspace] GC(23) Metaspace: 42842K(46720K)->42842K(46720K) NonClass: 36014K(37696K)->36014K(37696K) Class: 6828K(9024K)->6828K(9024K)
[72.200s][info][gc          ] GC(23) Pause Full (System.gc()) 788M->778M(5939M) 2814.826ms
[75.812s][info][gc,metaspace] GC(24) Metaspace: 42842K(46720K)->42842K(46720K) NonClass: 36014K(37696K)->36014K(37696K) Class: 6828K(9024K)->6828K(9024K)
[75.812s][info][gc          ] GC(24) Pause Full (System.gc()) 778M->778M(5939M) 3612.483ms
[79.025s][info][gc,metaspace] GC(25) Metaspace: 42842K(46720K)->42842K(46720K) NonClass: 36014K(37696K)->36014K(37696K) Class: 6828K(9024K)->6828K(9024K)
[79.025s][info][gc          ] GC(25) Pause Full (System.gc()) 778M->778M(5939M) 3212.665ms
[82.274s][info][gc,metaspace] GC(26) Metaspace: 42843K(46720K)->42843K(46720K) NonClass: 36015K(37696K)->36015K(37696K) Class: 6828K(9024K)->6828K(9024K)
[82.274s][info][gc          ] GC(26) Pause Full (System.gc()) 778M->778M(5939M) 3248.750ms
[85.037s][info][gc,metaspace] GC(27) Metaspace: 42843K(46720K)->42843K(46720K) NonClass: 36015K(37696K)->36015K(37696K) Class: 6828K(9024K)->6828K(9024K)
[85.037s][info][gc          ] GC(27) Pause Full (System.gc()) 778M->778M(5939M) 2762.038ms
[87.849s][info][gc,metaspace] GC(28) Metaspace: 42843K(46720K)->42843K(46720K) NonClass: 36015K(37696K)->36015K(37696K) Class: 6828K(9024K)->6828K(9024K)
[87.849s][info][gc          ] GC(28) Pause Full (System.gc()) 778M->778M(5939M) 2811.450ms
[90.661s][info][gc,metaspace] GC(29) Metaspace: 42843K(46720K)->42843K(46720K) NonClass: 36015K(37696K)->36015K(37696K) Class: 6828K(9024K)->6828K(9024K)
[90.661s][info][gc          ] GC(29) Pause Full (System.gc()) 778M->778M(5939M) 2811.799ms
[93.473s][info][gc,metaspace] GC(30) Metaspace: 42843K(46720K)->42843K(46720K) NonClass: 36015K(37696K)->36015K(37696K) Class: 6828K(9024K)->6828K(9024K)
[93.473s][info][gc          ] GC(30) Pause Full (System.gc()) 778M->778M(5939M) 2807.639ms
[96.290s][info][gc,metaspace] GC(31) Metaspace: 42843K(46720K)->42843K(46720K) NonClass: 36015K(37696K)->36015K(37696K) Class: 6828K(9024K)->6828K(9024K)
[96.290s][info][gc          ] GC(31) Pause Full (System.gc()) 778M->778M(5939M) 2816.081ms
[99.038s][info][gc,metaspace] GC(32) Metaspace: 42843K(46720K)->42843K(46720K) NonClass: 36015K(37696K)->36015K(37696K) Class: 6828K(9024K)->6828K(9024K)
[99.038s][info][gc          ] GC(32) Pause Full (System.gc()) 778M->778M(5939M) 2747.686ms
[101.836s][info][gc,metaspace] GC(33) Metaspace: 42843K(46720K)->42843K(46720K) NonClass: 36015K(37696K)->36015K(37696K) Class: 6828K(9024K)->6828K(9024K)
[101.836s][info][gc          ] GC(33) Pause Full (System.gc()) 778M->778M(5939M) 2797.630ms
[104.634s][info][gc,metaspace] GC(34) Metaspace: 42843K(46720K)->42843K(46720K) NonClass: 36015K(37696K)->36015K(37696K) Class: 6828K(9024K)->6828K(9024K)
[104.634s][info][gc          ] GC(34) Pause Full (System.gc()) 778M->778M(5939M) 2797.423ms
[107.431s][info][gc,metaspace] GC(35) Metaspace: 42843K(46720K)->42843K(46720K) NonClass: 36015K(37696K)->36015K(37696K) Class: 6828K(9024K)->6828K(9024K)
[107.431s][info][gc          ] GC(35) Pause Full (System.gc()) 778M->778M(5939M) 2797.317ms
[110.229s][info][gc,metaspace] GC(36) Metaspace: 42843K(46720K)->42843K(46720K) NonClass: 36015K(37696K)->36015K(37696K) Class: 6828K(9024K)->6828K(9024K)
[110.229s][info][gc          ] GC(36) Pause Full (System.gc()) 778M->778M(5939M) 2793.193ms
[112.977s][info][gc,metaspace] GC(37) Metaspace: 42843K(46720K)->42843K(46720K) NonClass: 36015K(37696K)->36015K(37696K) Class: 6828K(9024K)->6828K(9024K)
[112.977s][info][gc          ] GC(37) Pause Full (System.gc()) 778M->778M(5939M) 2747.118ms
[115.774s][info][gc,metaspace] GC(38) Metaspace: 42843K(46720K)->42843K(46720K) NonClass: 36015K(37696K)->36015K(37696K) Class: 6828K(9024K)->6828K(9024K)
[115.774s][info][gc          ] GC(38) Pause Full (System.gc()) 778M->778M(5939M) 2796.727ms
[118.570s][info][gc,metaspace] GC(39) Metaspace: 42843K(46720K)->42843K(46720K) NonClass: 36015K(37696K)->36015K(37696K) Class: 6828K(9024K)->6828K(9024K)
[118.570s][info][gc          ] GC(39) Pause Full (System.gc()) 778M->778M(5939M) 2796.386ms
[121.372s][info][gc,metaspace] GC(40) Metaspace: 42843K(46720K)->42843K(46720K) NonClass: 36015K(37696K)->36015K(37696K) Class: 6828K(9024K)->6828K(9024K)
[121.372s][info][gc          ] GC(40) Pause Full (System.gc()) 778M->778M(5939M) 2801.576ms
[124.169s][info][gc,metaspace] GC(41) Metaspace: 42843K(46720K)->42843K(46720K) NonClass: 36015K(37696K)->36015K(37696K) Class: 6828K(9024K)->6828K(9024K)
[124.170s][info][gc          ] GC(41) Pause Full (System.gc()) 778M->778M(5939M) 2797.258ms
[126.918s][info][gc,metaspace] GC(42) Metaspace: 42843K(46720K)->42843K(46720K) NonClass: 36015K(37696K)->36015K(37696K) Class: 6828K(9024K)->6828K(9024K)
[126.918s][info][gc          ] GC(42) Pause Full (System.gc()) 778M->778M(5939M) 2748.104ms
[129.716s][info][gc,metaspace] GC(43) Metaspace: 42843K(46720K)->42843K(46720K) NonClass: 36015K(37696K)->36015K(37696K) Class: 6828K(9024K)->6828K(9024K)
[129.716s][info][gc          ] GC(43) Pause Full (System.gc()) 778M->778M(5939M) 2798.141ms
[132.514s][info][gc,metaspace] GC(44) Metaspace: 42843K(46720K)->42843K(46720K) NonClass: 36015K(37696K)->36015K(37696K) Class: 6828K(9024K)->6828K(9024K)
[132.514s][info][gc          ] GC(44) Pause Full (System.gc()) 788M->778M(5939M) 2793.558ms
[135.313s][info][gc,metaspace] GC(45) Metaspace: 42843K(46720K)->42843K(46720K) NonClass: 36015K(37696K)->36015K(37696K) Class: 6828K(9024K)->6828K(9024K)
[135.313s][info][gc          ] GC(45) Pause Full (System.gc()) 778M->778M(5939M) 2798.888ms
[138.113s][info][gc,metaspace] GC(46) Metaspace: 42843K(46720K)->42843K(46720K) NonClass: 36015K(37696K)->36015K(37696K) Class: 6828K(9024K)->6828K(9024K)
[138.113s][info][gc          ] GC(46) Pause Full (System.gc()) 778M->778M(5939M) 2795.053ms
[140.860s][info][gc,metaspace] GC(47) Metaspace: 42843K(46720K)->42843K(46720K) NonClass: 36015K(37696K)->36015K(37696K) Class: 6828K(9024K)->6828K(9024K)
[140.860s][info][gc          ] GC(47) Pause Full (System.gc()) 778M->778M(5939M) 2747.438ms
[143.658s][info][gc,metaspace] GC(48) Metaspace: 42843K(46720K)->42843K(46720K) NonClass: 36015K(37696K)->36015K(37696K) Class: 6828K(9024K)->6828K(9024K)
[143.658s][info][gc          ] GC(48) Pause Full (System.gc()) 778M->778M(5939M) 2793.305ms
[146.460s][info][gc,metaspace] GC(49) Metaspace: 42843K(46720K)->42843K(46720K) NonClass: 36015K(37696K)->36015K(37696K) Class: 6828K(9024K)->6828K(9024K)
[146.460s][info][gc          ] GC(49) Pause Full (System.gc()) 778M->778M(5939M) 2801.477ms
[149.258s][info][gc,metaspace] GC(50) Metaspace: 42843K(46720K)->42843K(46720K) NonClass: 36015K(37696K)->36015K(37696K) Class: 6828K(9024K)->6828K(9024K)
[149.258s][info][gc          ] GC(50) Pause Full (System.gc()) 778M->778M(5939M) 2793.372ms
[152.005s][info][gc,metaspace] GC(51) Metaspace: 42843K(46720K)->42843K(46720K) NonClass: 36015K(37696K)->36015K(37696K) Class: 6828K(9024K)->6828K(9024K)
[152.005s][info][gc          ] GC(51) Pause Full (System.gc()) 778M->778M(5939M) 2747.091ms
[154.802s][info][gc,metaspace] GC(52) Metaspace: 42843K(46720K)->42843K(46720K) NonClass: 36015K(37696K)->36015K(37696K) Class: 6828K(9024K)->6828K(9024K)
[154.802s][info][gc          ] GC(52) Pause Full (System.gc()) 778M->778M(5939M) 2796.941ms
[157.599s][info][gc,metaspace] GC(53) Metaspace: 42843K(46720K)->42843K(46720K) NonClass: 36015K(37696K)->36015K(37696K) Class: 6828K(9024K)->6828K(9024K)
[157.599s][info][gc          ] GC(53) Pause Full (System.gc()) 778M->778M(5939M) 2796.921ms
[160.396s][info][gc,metaspace] GC(54) Metaspace: 42843K(46720K)->42843K(46720K) NonClass: 36015K(37696K)->36015K(37696K) Class: 6828K(9024K)->6828K(9024K)
[160.396s][info][gc          ] GC(54) Pause Full (System.gc()) 778M->778M(5939M) 2792.891ms
[163.194s][info][gc,metaspace] GC(55) Metaspace: 42843K(46720K)->42843K(46720K) NonClass: 36015K(37696K)->36015K(37696K) Class: 6828K(9024K)->6828K(9024K)
[163.194s][info][gc          ] GC(55) Pause Full (System.gc()) 778M->778M(5939M) 2797.001ms
[165.945s][info][gc,metaspace] GC(56) Metaspace: 42843K(46720K)->42843K(46720K) NonClass: 36015K(37696K)->36015K(37696K) Class: 6828K(9024K)->6828K(9024K)
[165.945s][info][gc          ] GC(56) Pause Full (System.gc()) 778M->778M(5939M) 2751.032ms
[168.742s][info][gc,metaspace] GC(57) Metaspace: 42843K(46720K)->42843K(46720K) NonClass: 36015K(37696K)->36015K(37696K) Class: 6828K(9024K)->6828K(9024K)
[168.742s][info][gc          ] GC(57) Pause Full (System.gc()) 778M->778M(5939M) 2797.004ms
[171.539s][info][gc,metaspace] GC(58) Metaspace: 42843K(46720K)->42843K(46720K) NonClass: 36015K(37696K)->36015K(37696K) Class: 6828K(9024K)->6828K(9024K)
[171.539s][info][gc          ] GC(58) Pause Full (System.gc()) 778M->778M(5939M) 2796.882ms
[174.336s][info][gc,metaspace] GC(59) Metaspace: 42843K(46720K)->42843K(46720K) NonClass: 36015K(37696K)->36015K(37696K) Class: 6828K(9024K)->6828K(9024K)
[174.336s][info][gc          ] GC(59) Pause Full (System.gc()) 778M->778M(5939M) 2796.836ms
[177.133s][info][gc,metaspace] GC(60) Metaspace: 42843K(46720K)->42843K(46720K) NonClass: 36015K(37696K)->36015K(37696K) Class: 6828K(9024K)->6828K(9024K)
[177.133s][info][gc          ] GC(60) Pause Full (System.gc()) 778M->778M(5939M) 2797.219ms
[179.881s][info][gc,metaspace] GC(61) Metaspace: 42843K(46720K)->42843K(46720K) NonClass: 36015K(37696K)->36015K(37696K) Class: 6828K(9024K)->6828K(9024K)
[179.881s][info][gc          ] GC(61) Pause Full (System.gc()) 778M->778M(5939M) 2747.253ms
[182.678s][info][gc,metaspace] GC(62) Metaspace: 42843K(46720K)->42843K(46720K) NonClass: 36015K(37696K)->36015K(37696K) Class: 6828K(9024K)->6828K(9024K)
[182.678s][info][gc          ] GC(62) Pause Full (System.gc()) 778M->778M(5939M) 2797.201ms
[185.480s][info][gc,metaspace] GC(63) Metaspace: 42843K(46720K)->42843K(46720K) NonClass: 36015K(37696K)->36015K(37696K) Class: 6828K(9024K)->6828K(9024K)
[185.480s][info][gc          ] GC(63) Pause Full (System.gc()) 778M->778M(5939M) 2797.549ms
[188.278s][info][gc,metaspace] GC(64) Metaspace: 42843K(46720K)->42843K(46720K) NonClass: 36015K(37696K)->36015K(37696K) Class: 6828K(9024K)->6828K(9024K)
[188.278s][info][gc          ] GC(64) Pause Full (System.gc()) 778M->778M(5939M) 2797.952ms
[191.026s][info][gc,metaspace] GC(65) Metaspace: 42843K(46720K)->42843K(46720K) NonClass: 36015K(37696K)->36015K(37696K) Class: 6828K(9024K)->6828K(9024K)
[191.026s][info][gc          ] GC(65) Pause Full (System.gc()) 778M->778M(5939M) 2747.635ms
[193.825s][info][gc,metaspace] GC(66) Metaspace: 42843K(46720K)->42843K(46720K) NonClass: 36015K(37696K)->36015K(37696K) Class: 6828K(9024K)->6828K(9024K)
[193.825s][info][gc          ] GC(66) Pause Full (System.gc()) 788M->778M(5939M) 2798.144ms
[196.622s][info][gc,metaspace] GC(67) Metaspace: 42843K(46720K)->42843K(46720K) NonClass: 36015K(37696K)->36015K(37696K) Class: 6828K(9024K)->6828K(9024K)
[196.622s][info][gc          ] GC(67) Pause Full (System.gc()) 778M->778M(5939M) 2792.562ms
[199.419s][info][gc,metaspace] GC(68) Metaspace: 42843K(46720K)->42843K(46720K) NonClass: 36015K(37696K)->36015K(37696K) Class: 6828K(9024K)->6828K(9024K)
[199.419s][info][gc          ] GC(68) Pause Full (System.gc()) 778M->778M(5939M) 2796.659ms
[202.216s][info][gc,metaspace] GC(69) Metaspace: 42843K(46720K)->42843K(46720K) NonClass: 36015K(37696K)->36015K(37696K) Class: 6828K(9024K)->6828K(9024K)
[202.216s][info][gc          ] GC(69) Pause Full (System.gc()) 778M->778M(5939M) 2797.094ms
[204.964s][info][gc,metaspace] GC(70) Metaspace: 42843K(46720K)->42843K(46720K) NonClass: 36015K(37696K)->36015K(37696K) Class: 6828K(9024K)->6828K(9024K)
[204.964s][info][gc          ] GC(70) Pause Full (System.gc()) 778M->778M(5939M) 2747.660ms
[207.765s][info][gc,metaspace] GC(71) Metaspace: 42843K(46720K)->42843K(46720K) NonClass: 36015K(37696K)->36015K(37696K) Class: 6828K(9024K)->6828K(9024K)
[207.765s][info][gc          ] GC(71) Pause Full (System.gc()) 778M->778M(5939M) 2801.049ms
[210.562s][info][gc,metaspace] GC(72) Metaspace: 42843K(46720K)->42843K(46720K) NonClass: 36015K(37696K)->36015K(37696K) Class: 6828K(9024K)->6828K(9024K)
[210.562s][info][gc          ] GC(72) Pause Full (System.gc()) 778M->778M(5939M) 2797.039ms
[213.360s][info][gc,metaspace] GC(73) Metaspace: 42843K(46720K)->42843K(46720K) NonClass: 36015K(37696K)->36015K(37696K) Class: 6828K(9024K)->6828K(9024K)
[213.360s][info][gc          ] GC(73) Pause Full (System.gc()) 778M->778M(5939M) 2797.091ms
[216.157s][info][gc,metaspace] GC(74) Metaspace: 42843K(46720K)->42843K(46720K) NonClass: 36015K(37696K)->36015K(37696K) Class: 6828K(9024K)->6828K(9024K)
[216.157s][info][gc          ] GC(74) Pause Full (System.gc()) 778M->778M(5939M) 2797.180ms
[218.905s][info][gc,metaspace] GC(75) Metaspace: 42843K(46720K)->42843K(46720K) NonClass: 36015K(37696K)->36015K(37696K) Class: 6828K(9024K)->6828K(9024K)
[218.905s][info][gc          ] GC(75) Pause Full (System.gc()) 778M->778M(5939M) 2747.364ms
[221.702s][info][gc,metaspace] GC(76) Metaspace: 42843K(46720K)->42843K(46720K) NonClass: 36015K(37696K)->36015K(37696K) Class: 6828K(9024K)->6828K(9024K)
[221.702s][info][gc          ] GC(76) Pause Full (System.gc()) 778M->778M(5939M) 2797.051ms
[224.499s][info][gc,metaspace] GC(77) Metaspace: 42843K(46720K)->42843K(46720K) NonClass: 36015K(37696K)->36015K(37696K) Class: 6828K(9024K)->6828K(9024K)
[224.499s][info][gc          ] GC(77) Pause Full (System.gc()) 778M->778M(5939M) 2797.266ms
[227.301s][info][gc,metaspace] GC(78) Metaspace: 42843K(46720K)->42843K(46720K) NonClass: 36015K(37696K)->36015K(37696K) Class: 6828K(9024K)->6828K(9024K)
[227.301s][info][gc          ] GC(78) Pause Full (System.gc()) 778M->778M(5939M) 2801.209ms
[230.049s][info][gc,metaspace] GC(79) Metaspace: 42843K(46720K)->42843K(46720K) NonClass: 36015K(37696K)->36015K(37696K) Class: 6828K(9024K)->6828K(9024K)
[230.049s][info][gc          ] GC(79) Pause Full (System.gc()) 778M->778M(5939M) 2743.118ms
[232.845s][info][gc,metaspace] GC(80) Metaspace: 42843K(46720K)->42843K(46720K) NonClass: 36015K(37696K)->36015K(37696K) Class: 6828K(9024K)->6828K(9024K)
[232.846s][info][gc          ] GC(80) Pause Full (System.gc()) 778M->778M(5939M) 2796.761ms
[236.028s][info][gc,metaspace] GC(81) Metaspace: 42843K(46720K)->42843K(46720K) NonClass: 36015K(37696K)->36015K(37696K) Class: 6828K(9024K)->6828K(9024K)
[236.028s][info][gc          ] GC(81) Pause Full (System.gc()) 778M->778M(5939M) 3182.319ms
[238.825s][info][gc,metaspace] GC(82) Metaspace: 42843K(46720K)->42843K(46720K) NonClass: 36015K(37696K)->36015K(37696K) Class: 6828K(9024K)->6828K(9024K)
[238.825s][info][gc          ] GC(82) Pause Full (System.gc()) 778M->778M(5939M) 2796.886ms
[242.022s][info][gc,metaspace] GC(83) Metaspace: 42843K(46720K)->42843K(46720K) NonClass: 36015K(37696K)->36015K(37696K) Class: 6828K(9024K)->6828K(9024K)
[242.022s][info][gc          ] GC(83) Pause Full (System.gc()) 778M->778M(5939M) 3192.652ms
[245.386s][info][gc,metaspace] GC(84) Metaspace: 42843K(46720K)->42843K(46720K) NonClass: 36015K(37696K)->36015K(37696K) Class: 6828K(9024K)->6828K(9024K)
[245.386s][info][gc          ] GC(84) Pause Full (System.gc()) 778M->778M(5939M) 3363.583ms
[248.581s][info][gc,metaspace] GC(85) Metaspace: 42843K(46720K)->42843K(46720K) NonClass: 36015K(37696K)->36015K(37696K) Class: 6828K(9024K)->6828K(9024K)
[248.581s][info][gc          ] GC(85) Pause Full (System.gc()) 778M->778M(5939M) 3195.012ms
[251.383s][info][gc,metaspace] GC(86) Metaspace: 42843K(46720K)->42843K(46720K) NonClass: 36015K(37696K)->36015K(37696K) Class: 6828K(9024K)->6828K(9024K)
[251.383s][info][gc          ] GC(86) Pause Full (System.gc()) 778M->778M(5939M) 2801.534ms
[254.578s][info][gc,metaspace] GC(87) Metaspace: 42843K(46720K)->42843K(46720K) NonClass: 36015K(37696K)->36015K(37696K) Class: 6828K(9024K)->6828K(9024K)
[254.578s][info][gc          ] GC(87) Pause Full (System.gc()) 788M->778M(5939M) 3195.123ms
[257.570s][info][gc,metaspace] GC(88) Metaspace: 42843K(46720K)->42843K(46720K) NonClass: 36015K(37696K)->36015K(37696K) Class: 6828K(9024K)->6828K(9024K)
[257.570s][info][gc          ] GC(88) Pause Full (System.gc()) 778M->778M(5939M) 2991.719ms
[260.367s][info][gc,metaspace] GC(89) Metaspace: 42843K(46720K)->42843K(46720K) NonClass: 36015K(37696K)->36015K(37696K) Class: 6828K(9024K)->6828K(9024K)
[260.367s][info][gc          ] GC(89) Pause Full (System.gc()) 778M->778M(5939M) 2797.230ms
[263.165s][info][gc,metaspace] GC(90) Metaspace: 42843K(46720K)->42843K(46720K) NonClass: 36015K(37696K)->36015K(37696K) Class: 6828K(9024K)->6828K(9024K)
[263.165s][info][gc          ] GC(90) Pause Full (System.gc()) 778M->778M(5939M) 2797.025ms
[265.912s][info][gc,metaspace] GC(91) Metaspace: 42843K(46720K)->42843K(46720K) NonClass: 36015K(37696K)->36015K(37696K) Class: 6828K(9024K)->6828K(9024K)
[265.912s][info][gc          ] GC(91) Pause Full (System.gc()) 778M->778M(5939M) 2747.003ms
[268.713s][info][gc,metaspace] GC(92) Metaspace: 42843K(46720K)->42843K(46720K) NonClass: 36015K(37696K)->36015K(37696K) Class: 6828K(9024K)->6828K(9024K)
[268.713s][info][gc          ] GC(92) Pause Full (System.gc()) 778M->778M(5939M) 2800.899ms
[271.510s][info][gc,metaspace] GC(93) Metaspace: 42843K(46720K)->42843K(46720K) NonClass: 36015K(37696K)->36015K(37696K) Class: 6828K(9024K)->6828K(9024K)
[271.510s][info][gc          ] GC(93) Pause Full (System.gc()) 778M->778M(5939M) 2793.089ms
[274.307s][info][gc,metaspace] GC(94) Metaspace: 42843K(46720K)->42843K(46720K) NonClass: 36015K(37696K)->36015K(37696K) Class: 6828K(9024K)->6828K(9024K)
[274.307s][info][gc          ] GC(94) Pause Full (System.gc()) 778M->778M(5939M) 2797.057ms
[277.055s][info][gc,metaspace] GC(95) Metaspace: 42843K(46720K)->42843K(46720K) NonClass: 36015K(37696K)->36015K(37696K) Class: 6828K(9024K)->6828K(9024K)
[277.055s][info][gc          ] GC(95) Pause Full (System.gc()) 778M->778M(5939M) 2743.214ms
[279.852s][info][gc,metaspace] GC(96) Metaspace: 42843K(46720K)->42843K(46720K) NonClass: 36015K(37696K)->36015K(37696K) Class: 6828K(9024K)->6828K(9024K)
[279.852s][info][gc          ] GC(96) Pause Full (System.gc()) 778M->778M(5939M) 2797.007ms
[282.650s][info][gc,metaspace] GC(97) Metaspace: 42843K(46720K)->42843K(46720K) NonClass: 36015K(37696K)->36015K(37696K) Class: 6828K(9024K)->6828K(9024K)
[282.650s][info][gc          ] GC(97) Pause Full (System.gc()) 778M->778M(5939M) 2793.252ms
[285.447s][info][gc,metaspace] GC(98) Metaspace: 42843K(46720K)->42843K(46720K) NonClass: 36015K(37696K)->36015K(37696K) Class: 6828K(9024K)->6828K(9024K)
[285.447s][info][gc          ] GC(98) Pause Full (System.gc()) 778M->778M(5939M) 2796.852ms
[288.248s][info][gc,metaspace] GC(99) Metaspace: 42843K(46720K)->42843K(46720K) NonClass: 36015K(37696K)->36015K(37696K) Class: 6828K(9024K)->6828K(9024K)
[288.248s][info][gc          ] GC(99) Pause Full (System.gc()) 778M->778M(5939M) 2797.050ms
[290.995s][info][gc,metaspace] GC(100) Metaspace: 42843K(46720K)->42843K(46720K) NonClass: 36015K(37696K)->36015K(37696K) Class: 6828K(9024K)->6828K(9024K)
[290.995s][info][gc          ] GC(100) Pause Full (System.gc()) 778M->778M(5939M) 2747.209ms
[293.792s][info][gc,metaspace] GC(101) Metaspace: 42843K(46720K)->42843K(46720K) NonClass: 36015K(37696K)->36015K(37696K) Class: 6828K(9024K)->6828K(9024K)
[293.793s][info][gc          ] GC(101) Pause Full (System.gc()) 778M->778M(5939M) 2797.095ms
[296.987s][info][gc,metaspace] GC(102) Metaspace: 42843K(46720K)->42843K(46720K) NonClass: 36015K(37696K)->36015K(37696K) Class: 6828K(9024K)->6828K(9024K)
[296.988s][info][gc          ] GC(102) Pause Full (System.gc()) 778M->778M(5939M) 3194.914ms
[299.785s][info][gc,metaspace] GC(103) Metaspace: 42843K(46720K)->42843K(46720K) NonClass: 36015K(37696K)->36015K(37696K) Class: 6828K(9024K)->6828K(9024K)
[299.785s][info][gc          ] GC(103) Pause Full (System.gc()) 778M->778M(5939M) 2797.073ms
[302.582s][info][gc,metaspace] GC(104) Metaspace: 42843K(46720K)->42843K(46720K) NonClass: 36015K(37696K)->36015K(37696K) Class: 6828K(9024K)->6828K(9024K)
[302.582s][info][gc          ] GC(104) Pause Full (System.gc()) 778M->778M(5939M) 2797.165ms
[305.383s][info][gc,metaspace] GC(105) Metaspace: 42843K(46720K)->42843K(46720K) NonClass: 36015K(37696K)->36015K(37696K) Class: 6828K(9024K)->6828K(9024K)
[305.383s][info][gc          ] GC(105) Pause Full (System.gc()) 778M->778M(5939M) 2801.181ms
[308.578s][info][gc,metaspace] GC(106) Metaspace: 42843K(46720K)->42843K(46720K) NonClass: 36015K(37696K)->36015K(37696K) Class: 6828K(9024K)->6828K(9024K)
[308.578s][info][gc          ] GC(106) Pause Full (System.gc()) 778M->778M(5939M) 3195.127ms
[311.568s][info][gc,metaspace] GC(107) Metaspace: 42843K(46720K)->42843K(46720K) NonClass: 36015K(37696K)->36015K(37696K) Class: 6828K(9024K)->6828K(9024K)
[311.568s][info][gc          ] GC(107) Pause Full (System.gc()) 778M->778M(5939M) 2989.345ms
[314.764s][info][gc,metaspace] GC(108) Metaspace: 42843K(46720K)->42843K(46720K) NonClass: 36015K(37696K)->36015K(37696K) Class: 6828K(9024K)->6828K(9024K)
[314.764s][info][gc          ] GC(108) Pause Full (System.gc()) 788M->778M(5939M) 3195.845ms
[318.413s][info][gc,metaspace] GC(109) Metaspace: 42843K(46720K)->42843K(46720K) NonClass: 36015K(37696K)->36015K(37696K) Class: 6828K(9024K)->6828K(9024K)
[318.413s][info][gc          ] GC(109) Pause Full (System.gc()) 778M->778M(5939M) 3648.918ms
After GCs... 
