Done; will start GCs... 
[35.690s][info][gc,metaspace] GC(10) Metaspace: 40805K(42368K)->40805K(42368K) NonClass: 40805K(42368K)->40805K(42368K) Class: 0K(0K)->0K(0K)
[35.690s][info][gc          ] GC(10) Pause Full (System.gc()) 869M->778M(5939M) 5049.529ms
[39.076s][info][gc,metaspace] GC(11) Metaspace: 40805K(42368K)->40805K(42368K) NonClass: 40805K(42368K)->40805K(42368K) Class: 0K(0K)->0K(0K)
[39.076s][info][gc          ] GC(11) Pause Full (System.gc()) 778M->778M(5939M) 3385.927ms
[43.459s][info][gc,metaspace] GC(12) Metaspace: 40805K(42368K)->40805K(42368K) NonClass: 40805K(42368K)->40805K(42368K) Class: 0K(0K)->0K(0K)
[43.459s][info][gc          ] GC(12) Pause Full (System.gc()) 778M->778M(5939M) 4382.969ms
[46.842s][info][gc,metaspace] GC(13) Metaspace: 40805K(42368K)->40805K(42368K) NonClass: 40805K(42368K)->40805K(42368K) Class: 0K(0K)->0K(0K)
[46.842s][info][gc          ] GC(13) Pause Full (System.gc()) 778M->778M(5939M) 3382.449ms
[50.223s][info][gc,metaspace] GC(14) Metaspace: 40805K(42368K)->40805K(42368K) NonClass: 40805K(42368K)->40805K(42368K) Class: 0K(0K)->0K(0K)
[50.223s][info][gc          ] GC(14) Pause Full (System.gc()) 778M->778M(5939M) 3381.472ms
[53.655s][info][gc,metaspace] GC(15) Metaspace: 40805K(42368K)->40805K(42368K) NonClass: 40805K(42368K)->40805K(42368K) Class: 0K(0K)->0K(0K)
[53.655s][info][gc          ] GC(15) Pause Full (System.gc()) 778M->778M(5939M) 3431.536ms
[57.038s][info][gc,metaspace] GC(16) Metaspace: 40805K(42368K)->40805K(42368K) NonClass: 40805K(42368K)->40805K(42368K) Class: 0K(0K)->0K(0K)
[57.038s][info][gc          ] GC(16) Pause Full (System.gc()) 778M->778M(5939M) 3382.964ms
[60.474s][info][gc,metaspace] GC(17) Metaspace: 40805K(42368K)->40805K(42368K) NonClass: 40805K(42368K)->40805K(42368K) Class: 0K(0K)->0K(0K)
[60.474s][info][gc          ] GC(17) Pause Full (System.gc()) 778M->778M(5939M) 3435.601ms
[63.854s][info][gc,metaspace] GC(18) Metaspace: 40805K(42368K)->40805K(42368K) NonClass: 40805K(42368K)->40805K(42368K) Class: 0K(0K)->0K(0K)
[63.854s][info][gc          ] GC(18) Pause Full (System.gc()) 778M->778M(5939M) 3379.705ms
[67.236s][info][gc,metaspace] GC(19) Metaspace: 40805K(42368K)->40805K(42368K) NonClass: 40805K(42368K)->40805K(42368K) Class: 0K(0K)->0K(0K)
[67.236s][info][gc          ] GC(19) Pause Full (System.gc()) 778M->778M(5939M) 3381.600ms
[71.600s][info][gc,metaspace] GC(20) Metaspace: 40805K(42368K)->40805K(42368K) NonClass: 40805K(42368K)->40805K(42368K) Class: 0K(0K)->0K(0K)
[71.600s][info][gc          ] GC(20) Pause Full (System.gc()) 788M->778M(5939M) 4363.893ms
[74.984s][info][gc,metaspace] GC(21) Metaspace: 40805K(42368K)->40805K(42368K) NonClass: 40805K(42368K)->40805K(42368K) Class: 0K(0K)->0K(0K)
[74.984s][info][gc          ] GC(21) Pause Full (System.gc()) 778M->778M(5939M) 3383.158ms
[78.414s][info][gc,metaspace] GC(22) Metaspace: 40805K(42368K)->40805K(42368K) NonClass: 40805K(42368K)->40805K(42368K) Class: 0K(0K)->0K(0K)
[78.414s][info][gc          ] GC(22) Pause Full (System.gc()) 778M->778M(5939M) 3430.633ms
[81.802s][info][gc,metaspace] GC(23) Metaspace: 40805K(42368K)->40805K(42368K) NonClass: 40805K(42368K)->40805K(42368K) Class: 0K(0K)->0K(0K)
[81.802s][info][gc          ] GC(23) Pause Full (System.gc()) 778M->778M(5939M) 3387.020ms
[85.184s][info][gc,metaspace] GC(24) Metaspace: 40805K(42368K)->40805K(42368K) NonClass: 40805K(42368K)->40805K(42368K) Class: 0K(0K)->0K(0K)
[85.184s][info][gc          ] GC(24) Pause Full (System.gc()) 778M->778M(5939M) 3382.268ms
[88.615s][info][gc,metaspace] GC(25) Metaspace: 40805K(42368K)->40805K(42368K) NonClass: 40805K(42368K)->40805K(42368K) Class: 0K(0K)->0K(0K)
[88.615s][info][gc          ] GC(25) Pause Full (System.gc()) 778M->778M(5939M) 3430.907ms
[91.998s][info][gc,metaspace] GC(26) Metaspace: 40805K(42368K)->40805K(42368K) NonClass: 40805K(42368K)->40805K(42368K) Class: 0K(0K)->0K(0K)
[91.998s][info][gc          ] GC(26) Pause Full (System.gc()) 778M->778M(5939M) 3382.412ms
[95.429s][info][gc,metaspace] GC(27) Metaspace: 40805K(42368K)->40805K(42368K) NonClass: 40805K(42368K)->40805K(42368K) Class: 0K(0K)->0K(0K)
[95.429s][info][gc          ] GC(27) Pause Full (System.gc()) 778M->778M(5939M) 3431.217ms
[98.816s][info][gc,metaspace] GC(28) Metaspace: 40805K(42368K)->40805K(42368K) NonClass: 40805K(42368K)->40805K(42368K) Class: 0K(0K)->0K(0K)
[98.816s][info][gc          ] GC(28) Pause Full (System.gc()) 778M->778M(5939M) 3386.649ms
[102.200s][info][gc,metaspace] GC(29) Metaspace: 40805K(42368K)->40805K(42368K) NonClass: 40805K(42368K)->40805K(42368K) Class: 0K(0K)->0K(0K)
[102.200s][info][gc          ] GC(29) Pause Full (System.gc()) 778M->778M(5939M) 3383.249ms
[105.633s][info][gc,metaspace] GC(30) Metaspace: 40805K(42368K)->40805K(42368K) NonClass: 40805K(42368K)->40805K(42368K) Class: 0K(0K)->0K(0K)
[105.633s][info][gc          ] GC(30) Pause Full (System.gc()) 778M->778M(5939M) 3433.152ms
[109.018s][info][gc,metaspace] GC(31) Metaspace: 40805K(42368K)->40805K(42368K) NonClass: 40805K(42368K)->40805K(42368K) Class: 0K(0K)->0K(0K)
[109.018s][info][gc          ] GC(31) Pause Full (System.gc()) 778M->778M(5939M) 3384.646ms
[112.452s][info][gc,metaspace] GC(32) Metaspace: 40805K(42368K)->40805K(42368K) NonClass: 40805K(42368K)->40805K(42368K) Class: 0K(0K)->0K(0K)
[112.452s][info][gc          ] GC(32) Pause Full (System.gc()) 778M->778M(5939M) 3433.934ms
[115.838s][info][gc,metaspace] GC(33) Metaspace: 40805K(42368K)->40805K(42368K) NonClass: 40805K(42368K)->40805K(42368K) Class: 0K(0K)->0K(0K)
[115.838s][info][gc          ] GC(33) Pause Full (System.gc()) 778M->778M(5939M) 3385.542ms
[119.227s][info][gc,metaspace] GC(34) Metaspace: 40805K(42368K)->40805K(42368K) NonClass: 40805K(42368K)->40805K(42368K) Class: 0K(0K)->0K(0K)
[119.227s][info][gc          ] GC(34) Pause Full (System.gc()) 778M->778M(5939M) 3389.238ms
[122.659s][info][gc,metaspace] GC(35) Metaspace: 40805K(42368K)->40805K(42368K) NonClass: 40805K(42368K)->40805K(42368K) Class: 0K(0K)->0K(0K)
[122.659s][info][gc          ] GC(35) Pause Full (System.gc()) 778M->778M(5939M) 3431.370ms
[126.041s][info][gc,metaspace] GC(36) Metaspace: 40805K(42368K)->40805K(42368K) NonClass: 40805K(42368K)->40805K(42368K) Class: 0K(0K)->0K(0K)
[126.041s][info][gc          ] GC(36) Pause Full (System.gc()) 778M->778M(5939M) 3382.138ms
[129.472s][info][gc,metaspace] GC(37) Metaspace: 40805K(42368K)->40805K(42368K) NonClass: 40805K(42368K)->40805K(42368K) Class: 0K(0K)->0K(0K)
[129.472s][info][gc          ] GC(37) Pause Full (System.gc()) 778M->778M(5939M) 3431.184ms
[132.855s][info][gc,metaspace] GC(38) Metaspace: 40805K(42368K)->40805K(42368K) NonClass: 40805K(42368K)->40805K(42368K) Class: 0K(0K)->0K(0K)
[132.855s][info][gc          ] GC(38) Pause Full (System.gc()) 788M->778M(5939M) 3382.060ms
[136.242s][info][gc,metaspace] GC(39) Metaspace: 40805K(42368K)->40805K(42368K) NonClass: 40805K(42368K)->40805K(42368K) Class: 0K(0K)->0K(0K)
[136.242s][info][gc          ] GC(39) Pause Full (System.gc()) 778M->778M(5939M) 3387.046ms
[139.674s][info][gc,metaspace] GC(40) Metaspace: 40805K(42368K)->40805K(42368K) NonClass: 40805K(42368K)->40805K(42368K) Class: 0K(0K)->0K(0K)
[139.674s][info][gc          ] GC(40) Pause Full (System.gc()) 778M->778M(5939M) 3431.875ms
[143.055s][info][gc,metaspace] GC(41) Metaspace: 40805K(42368K)->40805K(42368K) NonClass: 40805K(42368K)->40805K(42368K) Class: 0K(0K)->0K(0K)
[143.055s][info][gc          ] GC(41) Pause Full (System.gc()) 778M->778M(5939M) 3381.210ms
[146.488s][info][gc,metaspace] GC(42) Metaspace: 40805K(42368K)->40805K(42368K) NonClass: 40805K(42368K)->40805K(42368K) Class: 0K(0K)->0K(0K)
[146.488s][info][gc          ] GC(42) Pause Full (System.gc()) 778M->778M(5939M) 3432.319ms
[149.872s][info][gc,metaspace] GC(43) Metaspace: 40805K(42368K)->40805K(42368K) NonClass: 40805K(42368K)->40805K(42368K) Class: 0K(0K)->0K(0K)
[149.872s][info][gc          ] GC(43) Pause Full (System.gc()) 778M->778M(5939M) 3384.248ms
[153.254s][info][gc,metaspace] GC(44) Metaspace: 40805K(42368K)->40805K(42368K) NonClass: 40805K(42368K)->40805K(42368K) Class: 0K(0K)->0K(0K)
[153.254s][info][gc          ] GC(44) Pause Full (System.gc()) 778M->778M(5939M) 3381.576ms
[156.691s][info][gc,metaspace] GC(45) Metaspace: 40805K(42368K)->40805K(42368K) NonClass: 40805K(42368K)->40805K(42368K) Class: 0K(0K)->0K(0K)
[156.691s][info][gc          ] GC(45) Pause Full (System.gc()) 778M->778M(5939M) 3436.940ms
[160.074s][info][gc,metaspace] GC(46) Metaspace: 40805K(42368K)->40805K(42368K) NonClass: 40805K(42368K)->40805K(42368K) Class: 0K(0K)->0K(0K)
[160.074s][info][gc          ] GC(46) Pause Full (System.gc()) 778M->778M(5939M) 3382.478ms
[163.506s][info][gc,metaspace] GC(47) Metaspace: 40805K(42368K)->40805K(42368K) NonClass: 40805K(42368K)->40805K(42368K) Class: 0K(0K)->0K(0K)
[163.506s][info][gc          ] GC(47) Pause Full (System.gc()) 778M->778M(5939M) 3431.393ms
[166.888s][info][gc,metaspace] GC(48) Metaspace: 40805K(42368K)->40805K(42368K) NonClass: 40805K(42368K)->40805K(42368K) Class: 0K(0K)->0K(0K)
[166.888s][info][gc          ] GC(48) Pause Full (System.gc()) 778M->778M(5939M) 3382.291ms
[170.278s][info][gc,metaspace] GC(49) Metaspace: 40805K(42368K)->40805K(42368K) NonClass: 40805K(42368K)->40805K(42368K) Class: 0K(0K)->0K(0K)
[170.278s][info][gc          ] GC(49) Pause Full (System.gc()) 778M->778M(5939M) 3389.661ms
[173.713s][info][gc,metaspace] GC(50) Metaspace: 40805K(42368K)->40805K(42368K) NonClass: 40805K(42368K)->40805K(42368K) Class: 0K(0K)->0K(0K)
[173.713s][info][gc          ] GC(50) Pause Full (System.gc()) 778M->778M(5939M) 3383.168ms
[177.097s][info][gc,metaspace] GC(51) Metaspace: 40805K(42368K)->40805K(42368K) NonClass: 40805K(42368K)->40805K(42368K) Class: 0K(0K)->0K(0K)
[177.097s][info][gc          ] GC(51) Pause Full (System.gc()) 778M->778M(5939M) 3383.666ms
[180.533s][info][gc,metaspace] GC(52) Metaspace: 40805K(42368K)->40805K(42368K) NonClass: 40805K(42368K)->40805K(42368K) Class: 0K(0K)->0K(0K)
[180.534s][info][gc          ] GC(52) Pause Full (System.gc()) 778M->778M(5939M) 3436.888ms
[183.916s][info][gc,metaspace] GC(53) Metaspace: 40805K(42368K)->40805K(42368K) NonClass: 40805K(42368K)->40805K(42368K) Class: 0K(0K)->0K(0K)
[183.916s][info][gc          ] GC(53) Pause Full (System.gc()) 778M->778M(5939M) 3382.042ms
[187.350s][info][gc,metaspace] GC(54) Metaspace: 40805K(42368K)->40805K(42368K) NonClass: 40805K(42368K)->40805K(42368K) Class: 0K(0K)->0K(0K)
[187.350s][info][gc          ] GC(54) Pause Full (System.gc()) 778M->778M(5939M) 3433.561ms
[190.974s][info][gc,metaspace] GC(55) Metaspace: 40805K(42368K)->40805K(42368K) NonClass: 40805K(42368K)->40805K(42368K) Class: 0K(0K)->0K(0K)
[190.974s][info][gc          ] GC(55) Pause Full (System.gc()) 778M->778M(5939M) 3624.589ms
[194.407s][info][gc,metaspace] GC(56) Metaspace: 40805K(42368K)->40805K(42368K) NonClass: 40805K(42368K)->40805K(42368K) Class: 0K(0K)->0K(0K)
[194.407s][info][gc          ] GC(56) Pause Full (System.gc()) 788M->778M(5939M) 3432.615ms
[197.791s][info][gc,metaspace] GC(57) Metaspace: 40805K(42368K)->40805K(42368K) NonClass: 40805K(42368K)->40805K(42368K) Class: 0K(0K)->0K(0K)
[197.791s][info][gc          ] GC(57) Pause Full (System.gc()) 778M->778M(5939M) 3383.333ms
[201.178s][info][gc,metaspace] GC(58) Metaspace: 40805K(42368K)->40805K(42368K) NonClass: 40805K(42368K)->40805K(42368K) Class: 0K(0K)->0K(0K)
[201.179s][info][gc          ] GC(58) Pause Full (System.gc()) 778M->778M(5939M) 3387.565ms
[204.611s][info][gc,metaspace] GC(59) Metaspace: 40805K(42368K)->40805K(42368K) NonClass: 40805K(42368K)->40805K(42368K) Class: 0K(0K)->0K(0K)
[204.611s][info][gc          ] GC(59) Pause Full (System.gc()) 778M->778M(5939M) 3432.478ms
[207.990s][info][gc,metaspace] GC(60) Metaspace: 40805K(42368K)->40805K(42368K) NonClass: 40805K(42368K)->40805K(42368K) Class: 0K(0K)->0K(0K)
[207.991s][info][gc          ] GC(60) Pause Full (System.gc()) 778M->778M(5939M) 3379.184ms
[211.423s][info][gc,metaspace] GC(61) Metaspace: 40805K(42368K)->40805K(42368K) NonClass: 40805K(42368K)->40805K(42368K) Class: 0K(0K)->0K(0K)
[211.423s][info][gc          ] GC(61) Pause Full (System.gc()) 778M->778M(5939M) 3432.199ms
[214.807s][info][gc,metaspace] GC(62) Metaspace: 40805K(42368K)->40805K(42368K) NonClass: 40805K(42368K)->40805K(42368K) Class: 0K(0K)->0K(0K)
[214.807s][info][gc          ] GC(62) Pause Full (System.gc()) 778M->778M(5939M) 3383.638ms
[218.190s][info][gc,metaspace] GC(63) Metaspace: 40805K(42368K)->40805K(42368K) NonClass: 40805K(42368K)->40805K(42368K) Class: 0K(0K)->0K(0K)
[218.190s][info][gc          ] GC(63) Pause Full (System.gc()) 778M->778M(5939M) 3382.963ms
[221.623s][info][gc,metaspace] GC(64) Metaspace: 40805K(42368K)->40805K(42368K) NonClass: 40805K(42368K)->40805K(42368K) Class: 0K(0K)->0K(0K)
[221.623s][info][gc          ] GC(64) Pause Full (System.gc()) 778M->778M(5939M) 3433.185ms
[225.005s][info][gc,metaspace] GC(65) Metaspace: 40805K(42368K)->40805K(42368K) NonClass: 40805K(42368K)->40805K(42368K) Class: 0K(0K)->0K(0K)
[225.005s][info][gc          ] GC(65) Pause Full (System.gc()) 778M->778M(5939M) 3381.581ms
[228.439s][info][gc,metaspace] GC(66) Metaspace: 40805K(42368K)->40805K(42368K) NonClass: 40805K(42368K)->40805K(42368K) Class: 0K(0K)->0K(0K)
[228.439s][info][gc          ] GC(66) Pause Full (System.gc()) 778M->778M(5939M) 3433.742ms
[231.822s][info][gc,metaspace] GC(67) Metaspace: 40805K(42368K)->40805K(42368K) NonClass: 40805K(42368K)->40805K(42368K) Class: 0K(0K)->0K(0K)
[231.822s][info][gc          ] GC(67) Pause Full (System.gc()) 778M->778M(5939M) 3383.501ms
[235.211s][info][gc,metaspace] GC(68) Metaspace: 40805K(42368K)->40805K(42368K) NonClass: 40805K(42368K)->40805K(42368K) Class: 0K(0K)->0K(0K)
[235.211s][info][gc          ] GC(68) Pause Full (System.gc()) 778M->778M(5939M) 3388.385ms
[238.643s][info][gc,metaspace] GC(69) Metaspace: 40805K(42368K)->40805K(42368K) NonClass: 40805K(42368K)->40805K(42368K) Class: 0K(0K)->0K(0K)
[238.643s][info][gc          ] GC(69) Pause Full (System.gc()) 778M->778M(5939M) 3432.174ms
[242.025s][info][gc,metaspace] GC(70) Metaspace: 40805K(42368K)->40805K(42368K) NonClass: 40805K(42368K)->40805K(42368K) Class: 0K(0K)->0K(0K)
[242.025s][info][gc          ] GC(70) Pause Full (System.gc()) 778M->778M(5939M) 3381.755ms
[245.457s][info][gc,metaspace] GC(71) Metaspace: 40805K(42368K)->40805K(42368K) NonClass: 40805K(42368K)->40805K(42368K) Class: 0K(0K)->0K(0K)
[245.457s][info][gc          ] GC(71) Pause Full (System.gc()) 778M->778M(5939M) 3432.307ms
[248.840s][info][gc,metaspace] GC(72) Metaspace: 40805K(42368K)->40805K(42368K) NonClass: 40805K(42368K)->40805K(42368K) Class: 0K(0K)->0K(0K)
[248.840s][info][gc          ] GC(72) Pause Full (System.gc()) 778M->778M(5939M) 3382.624ms
[252.228s][info][gc,metaspace] GC(73) Metaspace: 40806K(42368K)->40806K(42368K) NonClass: 40806K(42368K)->40806K(42368K) Class: 0K(0K)->0K(0K)
[252.228s][info][gc          ] GC(73) Pause Full (System.gc()) 778M->778M(5939M) 3387.649ms
[255.660s][info][gc,metaspace] GC(74) Metaspace: 40806K(42368K)->40806K(42368K) NonClass: 40806K(42368K)->40806K(42368K) Class: 0K(0K)->0K(0K)
[255.660s][info][gc          ] GC(74) Pause Full (System.gc()) 778M->778M(5939M) 3432.074ms
[259.043s][info][gc,metaspace] GC(75) Metaspace: 40806K(42368K)->40806K(42368K) NonClass: 40806K(42368K)->40806K(42368K) Class: 0K(0K)->0K(0K)
[259.043s][info][gc          ] GC(75) Pause Full (System.gc()) 788M->778M(5939M) 3382.869ms
[262.477s][info][gc,metaspace] GC(76) Metaspace: 40806K(42368K)->40806K(42368K) NonClass: 40806K(42368K)->40806K(42368K) Class: 0K(0K)->0K(0K)
[262.477s][info][gc          ] GC(76) Pause Full (System.gc()) 778M->778M(5939M) 3432.929ms
[265.859s][info][gc,metaspace] GC(77) Metaspace: 40806K(42368K)->40806K(42368K) NonClass: 40806K(42368K)->40806K(42368K) Class: 0K(0K)->0K(0K)
[265.859s][info][gc          ] GC(77) Pause Full (System.gc()) 778M->778M(5939M) 3382.038ms
[269.241s][info][gc,metaspace] GC(78) Metaspace: 40806K(42368K)->40806K(42368K) NonClass: 40806K(42368K)->40806K(42368K) Class: 0K(0K)->0K(0K)
[269.241s][info][gc          ] GC(78) Pause Full (System.gc()) 778M->778M(5939M) 3381.772ms
[272.662s][info][gc,metaspace] GC(79) Metaspace: 40806K(42368K)->40806K(42368K) NonClass: 40806K(42368K)->40806K(42368K) Class: 0K(0K)->0K(0K)
[272.663s][info][gc          ] GC(79) Pause Full (System.gc()) 778M->778M(5939M) 3421.027ms
[276.032s][info][gc,metaspace] GC(80) Metaspace: 40806K(42368K)->40806K(42368K) NonClass: 40806K(42368K)->40806K(42368K) Class: 0K(0K)->0K(0K)
[276.032s][info][gc          ] GC(80) Pause Full (System.gc()) 778M->778M(5939M) 3368.806ms
[279.449s][info][gc,metaspace] GC(81) Metaspace: 40806K(42368K)->40806K(42368K) NonClass: 40806K(42368K)->40806K(42368K) Class: 0K(0K)->0K(0K)
[279.449s][info][gc          ] GC(81) Pause Full (System.gc()) 778M->778M(5939M) 3416.766ms
[282.816s][info][gc,metaspace] GC(82) Metaspace: 40806K(42368K)->40806K(42368K) NonClass: 40806K(42368K)->40806K(42368K) Class: 0K(0K)->0K(0K)
[282.816s][info][gc          ] GC(82) Pause Full (System.gc()) 778M->778M(5939M) 3367.125ms
[286.182s][info][gc,metaspace] GC(83) Metaspace: 40806K(42368K)->40806K(42368K) NonClass: 40806K(42368K)->40806K(42368K) Class: 0K(0K)->0K(0K)
[286.182s][info][gc          ] GC(83) Pause Full (System.gc()) 778M->778M(5939M) 3366.168ms
[289.604s][info][gc,metaspace] GC(84) Metaspace: 40806K(42368K)->40806K(42368K) NonClass: 40806K(42368K)->40806K(42368K) Class: 0K(0K)->0K(0K)
[289.604s][info][gc          ] GC(84) Pause Full (System.gc()) 778M->778M(5939M) 3421.903ms
[292.971s][info][gc,metaspace] GC(85) Metaspace: 40806K(42368K)->40806K(42368K) NonClass: 40806K(42368K)->40806K(42368K) Class: 0K(0K)->0K(0K)
[292.971s][info][gc          ] GC(85) Pause Full (System.gc()) 778M->778M(5939M) 3366.466ms
[296.389s][info][gc,metaspace] GC(86) Metaspace: 40806K(42368K)->40806K(42368K) NonClass: 40806K(42368K)->40806K(42368K) Class: 0K(0K)->0K(0K)
[296.389s][info][gc          ] GC(86) Pause Full (System.gc()) 778M->778M(5939M) 3418.347ms
[299.759s][info][gc,metaspace] GC(87) Metaspace: 40806K(42368K)->40806K(42368K) NonClass: 40806K(42368K)->40806K(42368K) Class: 0K(0K)->0K(0K)
[299.759s][info][gc          ] GC(87) Pause Full (System.gc()) 778M->778M(5939M) 3369.166ms
[303.127s][info][gc,metaspace] GC(88) Metaspace: 40806K(42368K)->40806K(42368K) NonClass: 40806K(42368K)->40806K(42368K) Class: 0K(0K)->0K(0K)
[303.128s][info][gc          ] GC(88) Pause Full (System.gc()) 778M->778M(5939M) 3368.795ms
[306.549s][info][gc,metaspace] GC(89) Metaspace: 40806K(42368K)->40806K(42368K) NonClass: 40806K(42368K)->40806K(42368K) Class: 0K(0K)->0K(0K)
[306.549s][info][gc          ] GC(89) Pause Full (System.gc()) 778M->778M(5939M) 3420.870ms
[309.916s][info][gc,metaspace] GC(90) Metaspace: 40806K(42368K)->40806K(42368K) NonClass: 40806K(42368K)->40806K(42368K) Class: 0K(0K)->0K(0K)
[309.916s][info][gc          ] GC(90) Pause Full (System.gc()) 778M->778M(5939M) 3366.918ms
[313.332s][info][gc,metaspace] GC(91) Metaspace: 40806K(42368K)->40806K(42368K) NonClass: 40806K(42368K)->40806K(42368K) Class: 0K(0K)->0K(0K)
[313.332s][info][gc          ] GC(91) Pause Full (System.gc()) 778M->778M(5939M) 3416.354ms
[317.097s][info][gc,metaspace] GC(92) Metaspace: 40806K(42368K)->40806K(42368K) NonClass: 40806K(42368K)->40806K(42368K) Class: 0K(0K)->0K(0K)
[317.097s][info][gc          ] GC(92) Pause Full (System.gc()) 778M->778M(5939M) 3764.551ms
[320.513s][info][gc,metaspace] GC(93) Metaspace: 40806K(42368K)->40806K(42368K) NonClass: 40806K(42368K)->40806K(42368K) Class: 0K(0K)->0K(0K)
[320.513s][info][gc          ] GC(93) Pause Full (System.gc()) 778M->778M(5939M) 3416.255ms
[323.886s][info][gc,metaspace] GC(94) Metaspace: 40806K(42368K)->40806K(42368K) NonClass: 40806K(42368K)->40806K(42368K) Class: 0K(0K)->0K(0K)
[323.886s][info][gc          ] GC(94) Pause Full (System.gc()) 788M->778M(5939M) 3372.557ms
[327.255s][info][gc,metaspace] GC(95) Metaspace: 40806K(42368K)->40806K(42368K) NonClass: 40806K(42368K)->40806K(42368K) Class: 0K(0K)->0K(0K)
[327.255s][info][gc          ] GC(95) Pause Full (System.gc()) 778M->778M(5939M) 3368.959ms
[330.671s][info][gc,metaspace] GC(96) Metaspace: 40806K(42368K)->40806K(42368K) NonClass: 40806K(42368K)->40806K(42368K) Class: 0K(0K)->0K(0K)
[330.671s][info][gc          ] GC(96) Pause Full (System.gc()) 778M->778M(5939M) 3416.246ms
[334.038s][info][gc,metaspace] GC(97) Metaspace: 40806K(42368K)->40806K(42368K) NonClass: 40806K(42368K)->40806K(42368K) Class: 0K(0K)->0K(0K)
[334.038s][info][gc          ] GC(97) Pause Full (System.gc()) 778M->778M(5939M) 3366.513ms
[337.455s][info][gc,metaspace] GC(98) Metaspace: 40806K(42368K)->40806K(42368K) NonClass: 40806K(42368K)->40806K(42368K) Class: 0K(0K)->0K(0K)
[337.455s][info][gc          ] GC(98) Pause Full (System.gc()) 778M->778M(5939M) 3417.024ms
[340.824s][info][gc,metaspace] GC(99) Metaspace: 40806K(42368K)->40806K(42368K) NonClass: 40806K(42368K)->40806K(42368K) Class: 0K(0K)->0K(0K)
[340.824s][info][gc          ] GC(99) Pause Full (System.gc()) 778M->778M(5939M) 3368.964ms
[344.187s][info][gc,metaspace] GC(100) Metaspace: 40806K(42368K)->40806K(42368K) NonClass: 40806K(42368K)->40806K(42368K) Class: 0K(0K)->0K(0K)
[344.187s][info][gc          ] GC(100) Pause Full (System.gc()) 778M->778M(5939M) 3363.279ms
[347.606s][info][gc,metaspace] GC(101) Metaspace: 40806K(42368K)->40806K(42368K) NonClass: 40806K(42368K)->40806K(42368K) Class: 0K(0K)->0K(0K)
[347.606s][info][gc          ] GC(101) Pause Full (System.gc()) 778M->778M(5939M) 3418.069ms
[350.974s][info][gc,metaspace] GC(102) Metaspace: 40806K(42368K)->40806K(42368K) NonClass: 40806K(42368K)->40806K(42368K) Class: 0K(0K)->0K(0K)
[350.974s][info][gc          ] GC(102) Pause Full (System.gc()) 778M->778M(5939M) 3367.910ms
[354.392s][info][gc,metaspace] GC(103) Metaspace: 40806K(42368K)->40806K(42368K) NonClass: 40806K(42368K)->40806K(42368K) Class: 0K(0K)->0K(0K)
[354.392s][info][gc          ] GC(103) Pause Full (System.gc()) 778M->778M(5939M) 3418.454ms
[357.763s][info][gc,metaspace] GC(104) Metaspace: 40806K(42368K)->40806K(42368K) NonClass: 40806K(42368K)->40806K(42368K) Class: 0K(0K)->0K(0K)
[357.764s][info][gc          ] GC(104) Pause Full (System.gc()) 778M->778M(5939M) 3371.156ms
[361.130s][info][gc,metaspace] GC(105) Metaspace: 40806K(42368K)->40806K(42368K) NonClass: 40806K(42368K)->40806K(42368K) Class: 0K(0K)->0K(0K)
[361.130s][info][gc          ] GC(105) Pause Full (System.gc()) 778M->778M(5939M) 3366.324ms
[364.546s][info][gc,metaspace] GC(106) Metaspace: 40806K(42368K)->40806K(42368K) NonClass: 40806K(42368K)->40806K(42368K) Class: 0K(0K)->0K(0K)
[364.546s][info][gc          ] GC(106) Pause Full (System.gc()) 778M->778M(5939M) 3415.664ms
[367.913s][info][gc,metaspace] GC(107) Metaspace: 40806K(42368K)->40806K(42368K) NonClass: 40806K(42368K)->40806K(42368K) Class: 0K(0K)->0K(0K)
[367.913s][info][gc          ] GC(107) Pause Full (System.gc()) 778M->778M(5939M) 3366.726ms
[371.279s][info][gc,metaspace] GC(108) Metaspace: 40806K(42368K)->40806K(42368K) NonClass: 40806K(42368K)->40806K(42368K) Class: 0K(0K)->0K(0K)
[371.279s][info][gc          ] GC(108) Pause Full (System.gc()) 778M->778M(5939M) 3366.162ms
[375.102s][info][gc,metaspace] GC(109) Metaspace: 40806K(42368K)->40806K(42368K) NonClass: 40806K(42368K)->40806K(42368K) Class: 0K(0K)->0K(0K)
[375.102s][info][gc          ] GC(109) Pause Full (System.gc()) 778M->778M(5939M) 3772.692ms
After GCs... 
