Done; will start GCs... 
[35.011s][info][gc,metaspace] GC(11) Metaspace: 42912K(46528K)->42912K(46528K) NonClass: 36310K(37888K)->36310K(37888K) Class: 6602K(8640K)->6602K(8640K)
[35.011s][info][gc          ] GC(11) Pause Full (System.gc()) 1408M->1291M(5939M) 4874.292ms
[38.162s][info][gc,metaspace] GC(12) Metaspace: 42912K(46528K)->42912K(46528K) NonClass: 36310K(37888K)->36310K(37888K) Class: 6602K(8640K)->6602K(8640K)
[38.162s][info][gc          ] GC(12) Pause Full (System.gc()) 1291M->1291M(5939M) 3150.156ms
[42.311s][info][gc,metaspace] GC(13) Metaspace: 42912K(46528K)->42912K(46528K) NonClass: 36310K(37888K)->36310K(37888K) Class: 6602K(8640K)->6602K(8640K)
[42.311s][info][gc          ] GC(13) Pause Full (System.gc()) 1291M->1291M(5939M) 4148.486ms
[45.456s][info][gc,metaspace] GC(14) Metaspace: 42912K(46528K)->42912K(46528K) NonClass: 36310K(37888K)->36310K(37888K) Class: 6602K(8640K)->6602K(8640K)
[45.456s][info][gc          ] GC(14) Pause Full (System.gc()) 1291M->1291M(5939M) 3144.603ms
[48.594s][info][gc,metaspace] GC(15) Metaspace: 42912K(46528K)->42912K(46528K) NonClass: 36310K(37888K)->36310K(37888K) Class: 6602K(8640K)->6602K(8640K)
[48.594s][info][gc          ] GC(15) Pause Full (System.gc()) 1291M->1291M(5939M) 3138.427ms
[51.739s][info][gc,metaspace] GC(16) Metaspace: 42912K(46528K)->42912K(46528K) NonClass: 36310K(37888K)->36310K(37888K) Class: 6602K(8640K)->6602K(8640K)
[51.739s][info][gc          ] GC(16) Pause Full (System.gc()) 1291M->1291M(5939M) 3144.198ms
[54.932s][info][gc,metaspace] GC(17) Metaspace: 42912K(46528K)->42912K(46528K) NonClass: 36310K(37888K)->36310K(37888K) Class: 6602K(8640K)->6602K(8640K)
[54.932s][info][gc          ] GC(17) Pause Full (System.gc()) 1291M->1291M(5939M) 3193.256ms
[58.076s][info][gc,metaspace] GC(18) Metaspace: 42912K(46528K)->42912K(46528K) NonClass: 36310K(37888K)->36310K(37888K) Class: 6602K(8640K)->6602K(8640K)
[58.076s][info][gc          ] GC(18) Pause Full (System.gc()) 1291M->1291M(5939M) 3143.415ms
[61.222s][info][gc,metaspace] GC(19) Metaspace: 42912K(46528K)->42912K(46528K) NonClass: 36310K(37888K)->36310K(37888K) Class: 6602K(8640K)->6602K(8640K)
[61.222s][info][gc          ] GC(19) Pause Full (System.gc()) 1291M->1291M(5939M) 3146.140ms
[64.367s][info][gc,metaspace] GC(20) Metaspace: 42912K(46528K)->42912K(46528K) NonClass: 36310K(37888K)->36310K(37888K) Class: 6602K(8640K)->6602K(8640K)
[64.367s][info][gc          ] GC(20) Pause Full (System.gc()) 1291M->1291M(5939M) 3144.863ms
[67.513s][info][gc,metaspace] GC(21) Metaspace: 42912K(46528K)->42912K(46528K) NonClass: 36310K(37888K)->36310K(37888K) Class: 6602K(8640K)->6602K(8640K)
[67.513s][info][gc          ] GC(21) Pause Full (System.gc()) 1291M->1291M(5939M) 3145.007ms
[70.658s][info][gc,metaspace] GC(22) Metaspace: 42912K(46528K)->42912K(46528K) NonClass: 36310K(37888K)->36310K(37888K) Class: 6602K(8640K)->6602K(8640K)
[70.658s][info][gc          ] GC(22) Pause Full (System.gc()) 1301M->1291M(5939M) 3145.079ms
[73.848s][info][gc,metaspace] GC(23) Metaspace: 42912K(46528K)->42912K(46528K) NonClass: 36310K(37888K)->36310K(37888K) Class: 6602K(8640K)->6602K(8640K)
[73.848s][info][gc          ] GC(23) Pause Full (System.gc()) 1291M->1291M(5939M) 3190.175ms
[77.236s][info][gc,metaspace] GC(24) Metaspace: 42912K(46528K)->42912K(46528K) NonClass: 36310K(37888K)->36310K(37888K) Class: 6602K(8640K)->6602K(8640K)
[77.236s][info][gc          ] GC(24) Pause Full (System.gc()) 1291M->1291M(5939M) 3387.588ms
[81.374s][info][gc,metaspace] GC(25) Metaspace: 42912K(46528K)->42912K(46528K) NonClass: 36310K(37888K)->36310K(37888K) Class: 6602K(8640K)->6602K(8640K)
[81.374s][info][gc          ] GC(25) Pause Full (System.gc()) 1291M->1291M(5939M) 4137.749ms
[84.520s][info][gc,metaspace] GC(26) Metaspace: 42912K(46528K)->42912K(46528K) NonClass: 36310K(37888K)->36310K(37888K) Class: 6602K(8640K)->6602K(8640K)
[84.520s][info][gc          ] GC(26) Pause Full (System.gc()) 1291M->1291M(5939M) 3145.595ms
[87.665s][info][gc,metaspace] GC(27) Metaspace: 42912K(46528K)->42912K(46528K) NonClass: 36310K(37888K)->36310K(37888K) Class: 6602K(8640K)->6602K(8640K)
[87.665s][info][gc          ] GC(27) Pause Full (System.gc()) 1291M->1291M(5939M) 3145.268ms
[90.861s][info][gc,metaspace] GC(28) Metaspace: 42912K(46528K)->42912K(46528K) NonClass: 36310K(37888K)->36310K(37888K) Class: 6602K(8640K)->6602K(8640K)
[90.861s][info][gc          ] GC(28) Pause Full (System.gc()) 1291M->1291M(5939M) 3195.567ms
[94.007s][info][gc,metaspace] GC(29) Metaspace: 42912K(46528K)->42912K(46528K) NonClass: 36310K(37888K)->36310K(37888K) Class: 6602K(8640K)->6602K(8640K)
[94.007s][info][gc          ] GC(29) Pause Full (System.gc()) 1291M->1291M(5939M) 3146.023ms
[97.154s][info][gc,metaspace] GC(30) Metaspace: 42912K(46528K)->42912K(46528K) NonClass: 36310K(37888K)->36310K(37888K) Class: 6602K(8640K)->6602K(8640K)
[97.155s][info][gc          ] GC(30) Pause Full (System.gc()) 1291M->1291M(5939M) 3146.824ms
[100.299s][info][gc,metaspace] GC(31) Metaspace: 42912K(46528K)->42912K(46528K) NonClass: 36310K(37888K)->36310K(37888K) Class: 6602K(8640K)->6602K(8640K)
[100.299s][info][gc          ] GC(31) Pause Full (System.gc()) 1291M->1291M(5939M) 3143.995ms
[103.440s][info][gc,metaspace] GC(32) Metaspace: 42912K(46528K)->42912K(46528K) NonClass: 36310K(37888K)->36310K(37888K) Class: 6602K(8640K)->6602K(8640K)
[103.440s][info][gc          ] GC(32) Pause Full (System.gc()) 1291M->1291M(5939M) 3141.484ms
[106.586s][info][gc,metaspace] GC(33) Metaspace: 42912K(46528K)->42912K(46528K) NonClass: 36310K(37888K)->36310K(37888K) Class: 6602K(8640K)->6602K(8640K)
[106.587s][info][gc          ] GC(33) Pause Full (System.gc()) 1291M->1291M(5939M) 3145.906ms
[109.732s][info][gc,metaspace] GC(34) Metaspace: 42912K(46528K)->42912K(46528K) NonClass: 36310K(37888K)->36310K(37888K) Class: 6602K(8640K)->6602K(8640K)
[109.732s][info][gc          ] GC(34) Pause Full (System.gc()) 1291M->1291M(5939M) 3144.869ms
[112.926s][info][gc,metaspace] GC(35) Metaspace: 42912K(46528K)->42912K(46528K) NonClass: 36310K(37888K)->36310K(37888K) Class: 6602K(8640K)->6602K(8640K)
[112.926s][info][gc          ] GC(35) Pause Full (System.gc()) 1291M->1291M(5939M) 3193.939ms
[116.073s][info][gc,metaspace] GC(36) Metaspace: 42912K(46528K)->42912K(46528K) NonClass: 36310K(37888K)->36310K(37888K) Class: 6602K(8640K)->6602K(8640K)
[116.073s][info][gc          ] GC(36) Pause Full (System.gc()) 1291M->1291M(5939M) 3146.803ms
[119.219s][info][gc,metaspace] GC(37) Metaspace: 42912K(46528K)->42912K(46528K) NonClass: 36310K(37888K)->36310K(37888K) Class: 6602K(8640K)->6602K(8640K)
[119.219s][info][gc          ] GC(37) Pause Full (System.gc()) 1291M->1291M(5939M) 3145.865ms
[122.365s][info][gc,metaspace] GC(38) Metaspace: 42912K(46528K)->42912K(46528K) NonClass: 36310K(37888K)->36310K(37888K) Class: 6602K(8640K)->6602K(8640K)
[122.365s][info][gc          ] GC(38) Pause Full (System.gc()) 1291M->1291M(5939M) 3145.938ms
[125.510s][info][gc,metaspace] GC(39) Metaspace: 42912K(46528K)->42912K(46528K) NonClass: 36310K(37888K)->36310K(37888K) Class: 6602K(8640K)->6602K(8640K)
[125.511s][info][gc          ] GC(39) Pause Full (System.gc()) 1291M->1291M(5939M) 3145.323ms
[128.656s][info][gc,metaspace] GC(40) Metaspace: 42912K(46528K)->42912K(46528K) NonClass: 36310K(37888K)->36310K(37888K) Class: 6602K(8640K)->6602K(8640K)
[128.656s][info][gc          ] GC(40) Pause Full (System.gc()) 1291M->1291M(5939M) 3145.188ms
[131.852s][info][gc,metaspace] GC(41) Metaspace: 42912K(46528K)->42912K(46528K) NonClass: 36310K(37888K)->36310K(37888K) Class: 6602K(8640K)->6602K(8640K)
[131.852s][info][gc          ] GC(41) Pause Full (System.gc()) 1291M->1291M(5939M) 3195.827ms
[134.994s][info][gc,metaspace] GC(42) Metaspace: 42912K(46528K)->42912K(46528K) NonClass: 36310K(37888K)->36310K(37888K) Class: 6602K(8640K)->6602K(8640K)
[134.994s][info][gc          ] GC(42) Pause Full (System.gc()) 1301M->1291M(5939M) 3142.029ms
[138.139s][info][gc,metaspace] GC(43) Metaspace: 42912K(46528K)->42912K(46528K) NonClass: 36310K(37888K)->36310K(37888K) Class: 6602K(8640K)->6602K(8640K)
[138.139s][info][gc          ] GC(43) Pause Full (System.gc()) 1291M->1291M(5939M) 3144.502ms
[141.286s][info][gc,metaspace] GC(44) Metaspace: 42912K(46528K)->42912K(46528K) NonClass: 36310K(37888K)->36310K(37888K) Class: 6602K(8640K)->6602K(8640K)
[141.286s][info][gc          ] GC(44) Pause Full (System.gc()) 1291M->1291M(5939M) 3146.507ms
[144.430s][info][gc,metaspace] GC(45) Metaspace: 42912K(46528K)->42912K(46528K) NonClass: 36310K(37888K)->36310K(37888K) Class: 6602K(8640K)->6602K(8640K)
[144.430s][info][gc          ] GC(45) Pause Full (System.gc()) 1291M->1291M(5939M) 3144.053ms
[147.577s][info][gc,metaspace] GC(46) Metaspace: 42912K(46528K)->42912K(46528K) NonClass: 36310K(37888K)->36310K(37888K) Class: 6602K(8640K)->6602K(8640K)
[147.577s][info][gc          ] GC(46) Pause Full (System.gc()) 1291M->1291M(5939M) 3146.301ms
[150.722s][info][gc,metaspace] GC(47) Metaspace: 42912K(46528K)->42912K(46528K) NonClass: 36310K(37888K)->36310K(37888K) Class: 6602K(8640K)->6602K(8640K)
[150.722s][info][gc          ] GC(47) Pause Full (System.gc()) 1291M->1291M(5939M) 3145.334ms
[153.918s][info][gc,metaspace] GC(48) Metaspace: 42912K(46528K)->42912K(46528K) NonClass: 36310K(37888K)->36310K(37888K) Class: 6602K(8640K)->6602K(8640K)
[153.918s][info][gc          ] GC(48) Pause Full (System.gc()) 1291M->1291M(5939M) 3195.350ms
[157.064s][info][gc,metaspace] GC(49) Metaspace: 42912K(46528K)->42912K(46528K) NonClass: 36310K(37888K)->36310K(37888K) Class: 6602K(8640K)->6602K(8640K)
[157.064s][info][gc          ] GC(49) Pause Full (System.gc()) 1291M->1291M(5939M) 3145.676ms
[160.209s][info][gc,metaspace] GC(50) Metaspace: 42912K(46528K)->42912K(46528K) NonClass: 36310K(37888K)->36310K(37888K) Class: 6602K(8640K)->6602K(8640K)
[160.209s][info][gc          ] GC(50) Pause Full (System.gc()) 1291M->1291M(5939M) 3145.595ms
[163.351s][info][gc,metaspace] GC(51) Metaspace: 42912K(46528K)->42912K(46528K) NonClass: 36310K(37888K)->36310K(37888K) Class: 6602K(8640K)->6602K(8640K)
[163.351s][info][gc          ] GC(51) Pause Full (System.gc()) 1291M->1291M(5939M) 3141.093ms
[166.495s][info][gc,metaspace] GC(52) Metaspace: 42912K(46528K)->42912K(46528K) NonClass: 36310K(37888K)->36310K(37888K) Class: 6602K(8640K)->6602K(8640K)
[166.495s][info][gc          ] GC(52) Pause Full (System.gc()) 1291M->1291M(5939M) 3144.072ms
[169.640s][info][gc,metaspace] GC(53) Metaspace: 42912K(46528K)->42912K(46528K) NonClass: 36310K(37888K)->36310K(37888K) Class: 6602K(8640K)->6602K(8640K)
[169.640s][info][gc          ] GC(53) Pause Full (System.gc()) 1291M->1291M(5939M) 3144.547ms
[172.833s][info][gc,metaspace] GC(54) Metaspace: 42912K(46528K)->42912K(46528K) NonClass: 36310K(37888K)->36310K(37888K) Class: 6602K(8640K)->6602K(8640K)
[172.833s][info][gc          ] GC(54) Pause Full (System.gc()) 1291M->1291M(5939M) 3193.293ms
[175.979s][info][gc,metaspace] GC(55) Metaspace: 42912K(46528K)->42912K(46528K) NonClass: 36310K(37888K)->36310K(37888K) Class: 6602K(8640K)->6602K(8640K)
[175.979s][info][gc          ] GC(55) Pause Full (System.gc()) 1291M->1291M(5939M) 3145.763ms
[179.124s][info][gc,metaspace] GC(56) Metaspace: 42912K(46528K)->42912K(46528K) NonClass: 36310K(37888K)->36310K(37888K) Class: 6602K(8640K)->6602K(8640K)
[179.124s][info][gc          ] GC(56) Pause Full (System.gc()) 1291M->1291M(5939M) 3144.336ms
[182.270s][info][gc,metaspace] GC(57) Metaspace: 42912K(46528K)->42912K(46528K) NonClass: 36310K(37888K)->36310K(37888K) Class: 6602K(8640K)->6602K(8640K)
[182.270s][info][gc          ] GC(57) Pause Full (System.gc()) 1291M->1291M(5939M) 3145.698ms
[185.416s][info][gc,metaspace] GC(58) Metaspace: 42912K(46528K)->42912K(46528K) NonClass: 36310K(37888K)->36310K(37888K) Class: 6602K(8640K)->6602K(8640K)
[185.416s][info][gc          ] GC(58) Pause Full (System.gc()) 1291M->1291M(5939M) 3146.439ms
[188.561s][info][gc,metaspace] GC(59) Metaspace: 42912K(46528K)->42912K(46528K) NonClass: 36310K(37888K)->36310K(37888K) Class: 6602K(8640K)->6602K(8640K)
[188.562s][info][gc          ] GC(59) Pause Full (System.gc()) 1291M->1291M(5939M) 3144.982ms
[191.705s][info][gc,metaspace] GC(60) Metaspace: 42912K(46528K)->42912K(46528K) NonClass: 36310K(37888K)->36310K(37888K) Class: 6602K(8640K)->6602K(8640K)
[191.706s][info][gc          ] GC(60) Pause Full (System.gc()) 1291M->1291M(5939M) 3143.837ms
[194.898s][info][gc,metaspace] GC(61) Metaspace: 42912K(46528K)->42912K(46528K) NonClass: 36310K(37888K)->36310K(37888K) Class: 6602K(8640K)->6602K(8640K)
[194.898s][info][gc          ] GC(61) Pause Full (System.gc()) 1291M->1291M(5939M) 3191.937ms
[198.043s][info][gc,metaspace] GC(62) Metaspace: 42912K(46528K)->42912K(46528K) NonClass: 36310K(37888K)->36310K(37888K) Class: 6602K(8640K)->6602K(8640K)
[198.043s][info][gc          ] GC(62) Pause Full (System.gc()) 1301M->1291M(5939M) 3145.290ms
[201.188s][info][gc,metaspace] GC(63) Metaspace: 42912K(46528K)->42912K(46528K) NonClass: 36310K(37888K)->36310K(37888K) Class: 6602K(8640K)->6602K(8640K)
[201.188s][info][gc          ] GC(63) Pause Full (System.gc()) 1291M->1291M(5939M) 3144.711ms
[204.334s][info][gc,metaspace] GC(64) Metaspace: 42912K(46528K)->42912K(46528K) NonClass: 36310K(37888K)->36310K(37888K) Class: 6602K(8640K)->6602K(8640K)
[204.334s][info][gc          ] GC(64) Pause Full (System.gc()) 1291M->1291M(5939M) 3145.984ms
[207.480s][info][gc,metaspace] GC(65) Metaspace: 42912K(46528K)->42912K(46528K) NonClass: 36310K(37888K)->36310K(37888K) Class: 6602K(8640K)->6602K(8640K)
[207.480s][info][gc          ] GC(65) Pause Full (System.gc()) 1291M->1291M(5939M) 3145.242ms
[210.623s][info][gc,metaspace] GC(66) Metaspace: 42912K(46528K)->42912K(46528K) NonClass: 36310K(37888K)->36310K(37888K) Class: 6602K(8640K)->6602K(8640K)
[210.623s][info][gc          ] GC(66) Pause Full (System.gc()) 1291M->1291M(5939M) 3142.688ms
[213.767s][info][gc,metaspace] GC(67) Metaspace: 42912K(46528K)->42912K(46528K) NonClass: 36310K(37888K)->36310K(37888K) Class: 6602K(8640K)->6602K(8640K)
[213.767s][info][gc          ] GC(67) Pause Full (System.gc()) 1291M->1291M(5939M) 3144.585ms
[216.962s][info][gc,metaspace] GC(68) Metaspace: 42912K(46528K)->42912K(46528K) NonClass: 36310K(37888K)->36310K(37888K) Class: 6602K(8640K)->6602K(8640K)
[216.963s][info][gc          ] GC(68) Pause Full (System.gc()) 1291M->1291M(5939M) 3194.856ms
[220.107s][info][gc,metaspace] GC(69) Metaspace: 42912K(46528K)->42912K(46528K) NonClass: 36310K(37888K)->36310K(37888K) Class: 6602K(8640K)->6602K(8640K)
[220.107s][info][gc          ] GC(69) Pause Full (System.gc()) 1291M->1291M(5939M) 3144.254ms
[223.246s][info][gc,metaspace] GC(70) Metaspace: 42912K(46528K)->42912K(46528K) NonClass: 36310K(37888K)->36310K(37888K) Class: 6602K(8640K)->6602K(8640K)
[223.246s][info][gc          ] GC(70) Pause Full (System.gc()) 1291M->1291M(5939M) 3139.037ms
[226.392s][info][gc,metaspace] GC(71) Metaspace: 42912K(46528K)->42912K(46528K) NonClass: 36310K(37888K)->36310K(37888K) Class: 6602K(8640K)->6602K(8640K)
[226.393s][info][gc          ] GC(71) Pause Full (System.gc()) 1291M->1291M(5939M) 3146.127ms
[229.538s][info][gc,metaspace] GC(72) Metaspace: 42912K(46528K)->42912K(46528K) NonClass: 36310K(37888K)->36310K(37888K) Class: 6602K(8640K)->6602K(8640K)
[229.538s][info][gc          ] GC(72) Pause Full (System.gc()) 1291M->1291M(5939M) 3145.322ms
[232.683s][info][gc,metaspace] GC(73) Metaspace: 42912K(46528K)->42912K(46528K) NonClass: 36310K(37888K)->36310K(37888K) Class: 6602K(8640K)->6602K(8640K)
[232.683s][info][gc          ] GC(73) Pause Full (System.gc()) 1291M->1291M(5939M) 3144.235ms
[235.878s][info][gc,metaspace] GC(74) Metaspace: 42912K(46528K)->42912K(46528K) NonClass: 36310K(37888K)->36310K(37888K) Class: 6602K(8640K)->6602K(8640K)
[235.878s][info][gc          ] GC(74) Pause Full (System.gc()) 1291M->1291M(5939M) 3194.937ms
[239.023s][info][gc,metaspace] GC(75) Metaspace: 42912K(46528K)->42912K(46528K) NonClass: 36310K(37888K)->36310K(37888K) Class: 6602K(8640K)->6602K(8640K)
[239.023s][info][gc          ] GC(75) Pause Full (System.gc()) 1291M->1291M(5939M) 3145.174ms
[242.169s][info][gc,metaspace] GC(76) Metaspace: 42912K(46528K)->42912K(46528K) NonClass: 36310K(37888K)->36310K(37888K) Class: 6602K(8640K)->6602K(8640K)
[242.169s][info][gc          ] GC(76) Pause Full (System.gc()) 1291M->1291M(5939M) 3145.980ms
[245.316s][info][gc,metaspace] GC(77) Metaspace: 42912K(46528K)->42912K(46528K) NonClass: 36310K(37888K)->36310K(37888K) Class: 6602K(8640K)->6602K(8640K)
[245.316s][info][gc          ] GC(77) Pause Full (System.gc()) 1291M->1291M(5939M) 3146.292ms
[248.463s][info][gc,metaspace] GC(78) Metaspace: 42912K(46528K)->42912K(46528K) NonClass: 36310K(37888K)->36310K(37888K) Class: 6602K(8640K)->6602K(8640K)
[248.463s][info][gc          ] GC(78) Pause Full (System.gc()) 1291M->1291M(5939M) 3147.315ms
[251.611s][info][gc,metaspace] GC(79) Metaspace: 42912K(46528K)->42912K(46528K) NonClass: 36310K(37888K)->36310K(37888K) Class: 6602K(8640K)->6602K(8640K)
[251.611s][info][gc          ] GC(79) Pause Full (System.gc()) 1291M->1291M(5939M) 3147.853ms
[254.754s][info][gc,metaspace] GC(80) Metaspace: 42912K(46528K)->42912K(46528K) NonClass: 36310K(37888K)->36310K(37888K) Class: 6602K(8640K)->6602K(8640K)
[254.754s][info][gc          ] GC(80) Pause Full (System.gc()) 1291M->1291M(5939M) 3142.239ms
[257.949s][info][gc,metaspace] GC(81) Metaspace: 42912K(46528K)->42912K(46528K) NonClass: 36310K(37888K)->36310K(37888K) Class: 6602K(8640K)->6602K(8640K)
[257.949s][info][gc          ] GC(81) Pause Full (System.gc()) 1291M->1291M(5939M) 3194.866ms
[261.096s][info][gc,metaspace] GC(82) Metaspace: 42912K(46528K)->42912K(46528K) NonClass: 36310K(37888K)->36310K(37888K) Class: 6602K(8640K)->6602K(8640K)
[261.096s][info][gc          ] GC(82) Pause Full (System.gc()) 1301M->1291M(5939M) 3146.964ms
[264.241s][info][gc,metaspace] GC(83) Metaspace: 42912K(46528K)->42912K(46528K) NonClass: 36310K(37888K)->36310K(37888K) Class: 6602K(8640K)->6602K(8640K)
[264.241s][info][gc          ] GC(83) Pause Full (System.gc()) 1291M->1291M(5939M) 3145.020ms
[267.387s][info][gc,metaspace] GC(84) Metaspace: 42912K(46528K)->42912K(46528K) NonClass: 36310K(37888K)->36310K(37888K) Class: 6602K(8640K)->6602K(8640K)
[267.387s][info][gc          ] GC(84) Pause Full (System.gc()) 1291M->1291M(5939M) 3145.551ms
[270.533s][info][gc,metaspace] GC(85) Metaspace: 42912K(46528K)->42912K(46528K) NonClass: 36310K(37888K)->36310K(37888K) Class: 6602K(8640K)->6602K(8640K)
[270.533s][info][gc          ] GC(85) Pause Full (System.gc()) 1291M->1291M(5939M) 3145.295ms
[273.680s][info][gc,metaspace] GC(86) Metaspace: 42912K(46528K)->42912K(46528K) NonClass: 36310K(37888K)->36310K(37888K) Class: 6602K(8640K)->6602K(8640K)
[273.680s][info][gc          ] GC(86) Pause Full (System.gc()) 1291M->1291M(5939M) 3147.260ms
[276.876s][info][gc,metaspace] GC(87) Metaspace: 42912K(46528K)->42912K(46528K) NonClass: 36310K(37888K)->36310K(37888K) Class: 6602K(8640K)->6602K(8640K)
[276.876s][info][gc          ] GC(87) Pause Full (System.gc()) 1291M->1291M(5939M) 3195.726ms
[280.020s][info][gc,metaspace] GC(88) Metaspace: 42912K(46528K)->42912K(46528K) NonClass: 36310K(37888K)->36310K(37888K) Class: 6602K(8640K)->6602K(8640K)
[280.020s][info][gc          ] GC(88) Pause Full (System.gc()) 1291M->1291M(5939M) 3143.450ms
[283.160s][info][gc,metaspace] GC(89) Metaspace: 42912K(46528K)->42912K(46528K) NonClass: 36310K(37888K)->36310K(37888K) Class: 6602K(8640K)->6602K(8640K)
[283.160s][info][gc          ] GC(89) Pause Full (System.gc()) 1291M->1291M(5939M) 3140.000ms
[286.305s][info][gc,metaspace] GC(90) Metaspace: 42912K(46528K)->42912K(46528K) NonClass: 36310K(37888K)->36310K(37888K) Class: 6602K(8640K)->6602K(8640K)
[286.305s][info][gc          ] GC(90) Pause Full (System.gc()) 1291M->1291M(5939M) 3144.918ms
[289.450s][info][gc,metaspace] GC(91) Metaspace: 42912K(46528K)->42912K(46528K) NonClass: 36310K(37888K)->36310K(37888K) Class: 6602K(8640K)->6602K(8640K)
[289.450s][info][gc          ] GC(91) Pause Full (System.gc()) 1291M->1291M(5939M) 3145.193ms
[292.595s][info][gc,metaspace] GC(92) Metaspace: 42912K(46528K)->42912K(46528K) NonClass: 36310K(37888K)->36310K(37888K) Class: 6602K(8640K)->6602K(8640K)
[292.595s][info][gc          ] GC(92) Pause Full (System.gc()) 1291M->1291M(5939M) 3145.042ms
[295.741s][info][gc,metaspace] GC(93) Metaspace: 42912K(46528K)->42912K(46528K) NonClass: 36310K(37888K)->36310K(37888K) Class: 6602K(8640K)->6602K(8640K)
[295.741s][info][gc          ] GC(93) Pause Full (System.gc()) 1291M->1291M(5939M) 3145.422ms
[298.935s][info][gc,metaspace] GC(94) Metaspace: 42912K(46528K)->42912K(46528K) NonClass: 36310K(37888K)->36310K(37888K) Class: 6602K(8640K)->6602K(8640K)
[298.935s][info][gc          ] GC(94) Pause Full (System.gc()) 1291M->1291M(5939M) 3194.168ms
[302.080s][info][gc,metaspace] GC(95) Metaspace: 42912K(46528K)->42912K(46528K) NonClass: 36310K(37888K)->36310K(37888K) Class: 6602K(8640K)->6602K(8640K)
[302.080s][info][gc          ] GC(95) Pause Full (System.gc()) 1291M->1291M(5939M) 3144.843ms
[305.226s][info][gc,metaspace] GC(96) Metaspace: 42912K(46528K)->42912K(46528K) NonClass: 36310K(37888K)->36310K(37888K) Class: 6602K(8640K)->6602K(8640K)
[305.226s][info][gc          ] GC(96) Pause Full (System.gc()) 1291M->1291M(5939M) 3145.894ms
[308.372s][info][gc,metaspace] GC(97) Metaspace: 42912K(46528K)->42912K(46528K) NonClass: 36310K(37888K)->36310K(37888K) Class: 6602K(8640K)->6602K(8640K)
[308.372s][info][gc          ] GC(97) Pause Full (System.gc()) 1291M->1291M(5939M) 3145.583ms
[311.517s][info][gc,metaspace] GC(98) Metaspace: 42912K(46528K)->42912K(46528K) NonClass: 36310K(37888K)->36310K(37888K) Class: 6602K(8640K)->6602K(8640K)
[311.517s][info][gc          ] GC(98) Pause Full (System.gc()) 1291M->1291M(5939M) 3145.038ms
[314.663s][info][gc,metaspace] GC(99) Metaspace: 42912K(46528K)->42912K(46528K) NonClass: 36310K(37888K)->36310K(37888K) Class: 6602K(8640K)->6602K(8640K)
[314.663s][info][gc          ] GC(99) Pause Full (System.gc()) 1291M->1291M(5939M) 3145.704ms
[317.859s][info][gc,metaspace] GC(100) Metaspace: 42912K(46528K)->42912K(46528K) NonClass: 36310K(37888K)->36310K(37888K) Class: 6602K(8640K)->6602K(8640K)
[317.859s][info][gc          ] GC(100) Pause Full (System.gc()) 1291M->1291M(5939M) 3196.582ms
[321.002s][info][gc,metaspace] GC(101) Metaspace: 42912K(46528K)->42912K(46528K) NonClass: 36310K(37888K)->36310K(37888K) Class: 6602K(8640K)->6602K(8640K)
[321.002s][info][gc          ] GC(101) Pause Full (System.gc()) 1291M->1291M(5939M) 3142.123ms
[324.146s][info][gc,metaspace] GC(102) Metaspace: 42912K(46528K)->42912K(46528K) NonClass: 36310K(37888K)->36310K(37888K) Class: 6602K(8640K)->6602K(8640K)
[324.146s][info][gc          ] GC(102) Pause Full (System.gc()) 1301M->1291M(5939M) 3144.568ms
[327.291s][info][gc,metaspace] GC(103) Metaspace: 42912K(46528K)->42912K(46528K) NonClass: 36310K(37888K)->36310K(37888K) Class: 6602K(8640K)->6602K(8640K)
[327.291s][info][gc          ] GC(103) Pause Full (System.gc()) 1291M->1291M(5939M) 3144.704ms
[330.436s][info][gc,metaspace] GC(104) Metaspace: 42912K(46528K)->42912K(46528K) NonClass: 36310K(37888K)->36310K(37888K) Class: 6602K(8640K)->6602K(8640K)
[330.436s][info][gc          ] GC(104) Pause Full (System.gc()) 1291M->1291M(5939M) 3145.125ms
[333.583s][info][gc,metaspace] GC(105) Metaspace: 42912K(46528K)->42912K(46528K) NonClass: 36310K(37888K)->36310K(37888K) Class: 6602K(8640K)->6602K(8640K)
[333.583s][info][gc          ] GC(105) Pause Full (System.gc()) 1291M->1291M(5939M) 3146.792ms
[336.727s][info][gc,metaspace] GC(106) Metaspace: 42912K(46528K)->42912K(46528K) NonClass: 36310K(37888K)->36310K(37888K) Class: 6602K(8640K)->6602K(8640K)
[336.727s][info][gc          ] GC(106) Pause Full (System.gc()) 1291M->1291M(5939M) 3143.573ms
[339.922s][info][gc,metaspace] GC(107) Metaspace: 42912K(46528K)->42912K(46528K) NonClass: 36310K(37888K)->36310K(37888K) Class: 6602K(8640K)->6602K(8640K)
[339.922s][info][gc          ] GC(107) Pause Full (System.gc()) 1291M->1291M(5939M) 3194.982ms
[343.067s][info][gc,metaspace] GC(108) Metaspace: 42912K(46528K)->42912K(46528K) NonClass: 36310K(37888K)->36310K(37888K) Class: 6602K(8640K)->6602K(8640K)
[343.067s][info][gc          ] GC(108) Pause Full (System.gc()) 1291M->1291M(5939M) 3144.534ms
[346.211s][info][gc,metaspace] GC(109) Metaspace: 42912K(46528K)->42912K(46528K) NonClass: 36310K(37888K)->36310K(37888K) Class: 6602K(8640K)->6602K(8640K)
[346.211s][info][gc          ] GC(109) Pause Full (System.gc()) 1291M->1291M(5939M) 3144.478ms
[349.357s][info][gc,metaspace] GC(110) Metaspace: 42912K(46528K)->42912K(46528K) NonClass: 36310K(37888K)->36310K(37888K) Class: 6602K(8640K)->6602K(8640K)
[349.357s][info][gc          ] GC(110) Pause Full (System.gc()) 1291M->1291M(5939M) 3145.302ms
After GCs... 
