Done; will start GCs... 
[11.357s][info][gc,metaspace] GC(3) Metaspace: 28551K(29632K)->28551K(29632K) NonClass: 25169K(25664K)->25169K(25664K) Class: 3381K(3968K)->3381K(3968K)
[11.357s][info][gc          ] GC(3) Pause Full (System.gc()) 1308M->1289M(6144M) 443.101ms
[11.699s][info][gc,metaspace] GC(4) Metaspace: 28551K(29632K)->28551K(29632K) NonClass: 25169K(25664K)->25169K(25664K) Class: 3381K(3968K)->3381K(3968K)
[11.699s][info][gc          ] GC(4) Pause Full (System.gc()) 1289M->1289M(6144M) 341.499ms
[12.029s][info][gc,metaspace] GC(5) Metaspace: 28551K(29632K)->28551K(29632K) NonClass: 25169K(25664K)->25169K(25664K) Class: 3381K(3968K)->3381K(3968K)
[12.029s][info][gc          ] GC(5) Pause Full (System.gc()) 1289M->1289M(6144M) 330.469ms
[12.375s][info][gc,metaspace] GC(6) Metaspace: 28551K(29632K)->28551K(29632K) NonClass: 25170K(25664K)->25170K(25664K) Class: 3381K(3968K)->3381K(3968K)
[12.375s][info][gc          ] GC(6) Pause Full (System.gc()) 1289M->1289M(6144M) 345.632ms
[12.717s][info][gc,metaspace] GC(7) Metaspace: 28551K(29632K)->28551K(29632K) NonClass: 25170K(25664K)->25170K(25664K) Class: 3381K(3968K)->3381K(3968K)
[12.717s][info][gc          ] GC(7) Pause Full (System.gc()) 1289M->1289M(6144M) 342.070ms
[13.068s][info][gc,metaspace] GC(8) Metaspace: 28551K(29632K)->28551K(29632K) NonClass: 25170K(25664K)->25170K(25664K) Class: 3381K(3968K)->3381K(3968K)
[13.069s][info][gc          ] GC(8) Pause Full (System.gc()) 1289M->1289M(6144M) 351.197ms
[13.444s][info][gc,metaspace] GC(9) Metaspace: 28551K(29632K)->28551K(29632K) NonClass: 25170K(25664K)->25170K(25664K) Class: 3381K(3968K)->3381K(3968K)
[13.444s][info][gc          ] GC(9) Pause Full (System.gc()) 1289M->1289M(6144M) 375.497ms
[13.769s][info][gc,metaspace] GC(10) Metaspace: 28551K(29632K)->28551K(29632K) NonClass: 25170K(25664K)->25170K(25664K) Class: 3381K(3968K)->3381K(3968K)
[13.769s][info][gc          ] GC(10) Pause Full (System.gc()) 1289M->1289M(6144M) 324.999ms
[14.105s][info][gc,metaspace] GC(11) Metaspace: 28551K(29632K)->28551K(29632K) NonClass: 25170K(25664K)->25170K(25664K) Class: 3381K(3968K)->3381K(3968K)
[14.105s][info][gc          ] GC(11) Pause Full (System.gc()) 1289M->1289M(6144M) 335.667ms
[14.493s][info][gc,metaspace] GC(12) Metaspace: 28551K(29632K)->28551K(29632K) NonClass: 25170K(25664K)->25170K(25664K) Class: 3381K(3968K)->3381K(3968K)
[14.493s][info][gc          ] GC(12) Pause Full (System.gc()) 1289M->1289M(6144M) 387.620ms
[14.835s][info][gc,metaspace] GC(13) Metaspace: 28551K(29632K)->28551K(29632K) NonClass: 25170K(25664K)->25170K(25664K) Class: 3381K(3968K)->3381K(3968K)
[14.835s][info][gc          ] GC(13) Pause Full (System.gc()) 1289M->1289M(6144M) 341.696ms
[15.196s][info][gc,metaspace] GC(14) Metaspace: 28551K(29632K)->28551K(29632K) NonClass: 25170K(25664K)->25170K(25664K) Class: 3381K(3968K)->3381K(3968K)
[15.196s][info][gc          ] GC(14) Pause Full (System.gc()) 1289M->1289M(6144M) 361.543ms
[15.555s][info][gc,metaspace] GC(15) Metaspace: 28551K(29632K)->28551K(29632K) NonClass: 25170K(25664K)->25170K(25664K) Class: 3381K(3968K)->3381K(3968K)
[15.555s][info][gc          ] GC(15) Pause Full (System.gc()) 1289M->1289M(6144M) 358.166ms
[15.899s][info][gc,metaspace] GC(16) Metaspace: 28551K(29632K)->28551K(29632K) NonClass: 25170K(25664K)->25170K(25664K) Class: 3381K(3968K)->3381K(3968K)
[15.899s][info][gc          ] GC(16) Pause Full (System.gc()) 1289M->1289M(6144M) 344.259ms
[16.258s][info][gc,metaspace] GC(17) Metaspace: 28551K(29632K)->28551K(29632K) NonClass: 25170K(25664K)->25170K(25664K) Class: 3381K(3968K)->3381K(3968K)
[16.258s][info][gc          ] GC(17) Pause Full (System.gc()) 1289M->1289M(6144M) 358.555ms
[16.628s][info][gc,metaspace] GC(18) Metaspace: 28551K(29632K)->28551K(29632K) NonClass: 25170K(25664K)->25170K(25664K) Class: 3381K(3968K)->3381K(3968K)
[16.628s][info][gc          ] GC(18) Pause Full (System.gc()) 1289M->1289M(6144M) 366.275ms
[16.968s][info][gc,metaspace] GC(19) Metaspace: 28551K(29632K)->28551K(29632K) NonClass: 25170K(25664K)->25170K(25664K) Class: 3381K(3968K)->3381K(3968K)
[16.968s][info][gc          ] GC(19) Pause Full (System.gc()) 1289M->1289M(6144M) 339.676ms
[17.357s][info][gc,metaspace] GC(20) Metaspace: 28551K(29632K)->28551K(29632K) NonClass: 25170K(25664K)->25170K(25664K) Class: 3381K(3968K)->3381K(3968K)
[17.357s][info][gc          ] GC(20) Pause Full (System.gc()) 1289M->1289M(6144M) 389.127ms
[17.675s][info][gc,metaspace] GC(21) Metaspace: 28551K(29632K)->28551K(29632K) NonClass: 25170K(25664K)->25170K(25664K) Class: 3381K(3968K)->3381K(3968K)
[17.676s][info][gc          ] GC(21) Pause Full (System.gc()) 1289M->1289M(6144M) 318.040ms
[18.005s][info][gc,metaspace] GC(22) Metaspace: 28551K(29632K)->28551K(29632K) NonClass: 25170K(25664K)->25170K(25664K) Class: 3381K(3968K)->3381K(3968K)
[18.005s][info][gc          ] GC(22) Pause Full (System.gc()) 1289M->1289M(6144M) 328.959ms
[18.362s][info][gc,metaspace] GC(23) Metaspace: 28551K(29632K)->28551K(29632K) NonClass: 25170K(25664K)->25170K(25664K) Class: 3381K(3968K)->3381K(3968K)
[18.362s][info][gc          ] GC(23) Pause Full (System.gc()) 1289M->1289M(6144M) 357.436ms
[18.682s][info][gc,metaspace] GC(24) Metaspace: 28551K(29632K)->28551K(29632K) NonClass: 25170K(25664K)->25170K(25664K) Class: 3381K(3968K)->3381K(3968K)
[18.682s][info][gc          ] GC(24) Pause Full (System.gc()) 1289M->1289M(6144M) 320.090ms
[19.020s][info][gc,metaspace] GC(25) Metaspace: 28551K(29632K)->28551K(29632K) NonClass: 25170K(25664K)->25170K(25664K) Class: 3381K(3968K)->3381K(3968K)
[19.020s][info][gc          ] GC(25) Pause Full (System.gc()) 1289M->1289M(6144M) 337.592ms
[19.378s][info][gc,metaspace] GC(26) Metaspace: 28551K(29632K)->28551K(29632K) NonClass: 25170K(25664K)->25170K(25664K) Class: 3381K(3968K)->3381K(3968K)
[19.378s][info][gc          ] GC(26) Pause Full (System.gc()) 1289M->1289M(6144M) 358.006ms
[19.722s][info][gc,metaspace] GC(27) Metaspace: 28551K(29632K)->28551K(29632K) NonClass: 25170K(25664K)->25170K(25664K) Class: 3381K(3968K)->3381K(3968K)
[19.722s][info][gc          ] GC(27) Pause Full (System.gc()) 1289M->1289M(6144M) 343.662ms
[20.071s][info][gc,metaspace] GC(28) Metaspace: 28551K(29632K)->28551K(29632K) NonClass: 25170K(25664K)->25170K(25664K) Class: 3381K(3968K)->3381K(3968K)
[20.071s][info][gc          ] GC(28) Pause Full (System.gc()) 1289M->1289M(6144M) 349.338ms
[20.432s][info][gc,metaspace] GC(29) Metaspace: 28551K(29632K)->28551K(29632K) NonClass: 25170K(25664K)->25170K(25664K) Class: 3381K(3968K)->3381K(3968K)
[20.433s][info][gc          ] GC(29) Pause Full (System.gc()) 1289M->1289M(6144M) 361.168ms
[20.755s][info][gc,metaspace] GC(30) Metaspace: 28551K(29632K)->28551K(29632K) NonClass: 25170K(25664K)->25170K(25664K) Class: 3381K(3968K)->3381K(3968K)
[20.755s][info][gc          ] GC(30) Pause Full (System.gc()) 1289M->1289M(6144M) 322.541ms
[21.095s][info][gc,metaspace] GC(31) Metaspace: 28551K(29632K)->28551K(29632K) NonClass: 25170K(25664K)->25170K(25664K) Class: 3381K(3968K)->3381K(3968K)
[21.095s][info][gc          ] GC(31) Pause Full (System.gc()) 1289M->1289M(6144M) 339.966ms
[21.476s][info][gc,metaspace] GC(32) Metaspace: 28551K(29632K)->28551K(29632K) NonClass: 25170K(25664K)->25170K(25664K) Class: 3381K(3968K)->3381K(3968K)
[21.476s][info][gc          ] GC(32) Pause Full (System.gc()) 1289M->1289M(6144M) 380.932ms
[21.834s][info][gc,metaspace] GC(33) Metaspace: 28551K(29632K)->28551K(29632K) NonClass: 25170K(25664K)->25170K(25664K) Class: 3381K(3968K)->3381K(3968K)
[21.834s][info][gc          ] GC(33) Pause Full (System.gc()) 1289M->1289M(6144M) 353.337ms
[22.186s][info][gc,metaspace] GC(34) Metaspace: 28551K(29632K)->28551K(29632K) NonClass: 25170K(25664K)->25170K(25664K) Class: 3381K(3968K)->3381K(3968K)
[22.186s][info][gc          ] GC(34) Pause Full (System.gc()) 1289M->1289M(6144M) 352.315ms
[22.524s][info][gc,metaspace] GC(35) Metaspace: 28551K(29632K)->28551K(29632K) NonClass: 25170K(25664K)->25170K(25664K) Class: 3381K(3968K)->3381K(3968K)
[22.524s][info][gc          ] GC(35) Pause Full (System.gc()) 1289M->1289M(6144M) 338.012ms
[22.878s][info][gc,metaspace] GC(36) Metaspace: 28551K(29632K)->28551K(29632K) NonClass: 25170K(25664K)->25170K(25664K) Class: 3381K(3968K)->3381K(3968K)
[22.878s][info][gc          ] GC(36) Pause Full (System.gc()) 1289M->1289M(6144M) 353.361ms
[23.228s][info][gc,metaspace] GC(37) Metaspace: 28551K(29632K)->28551K(29632K) NonClass: 25170K(25664K)->25170K(25664K) Class: 3381K(3968K)->3381K(3968K)
[23.228s][info][gc          ] GC(37) Pause Full (System.gc()) 1289M->1289M(6144M) 350.234ms
[23.568s][info][gc,metaspace] GC(38) Metaspace: 28551K(29632K)->28551K(29632K) NonClass: 25170K(25664K)->25170K(25664K) Class: 3381K(3968K)->3381K(3968K)
[23.568s][info][gc          ] GC(38) Pause Full (System.gc()) 1289M->1289M(6144M) 339.951ms
[23.908s][info][gc,metaspace] GC(39) Metaspace: 28551K(29632K)->28551K(29632K) NonClass: 25170K(25664K)->25170K(25664K) Class: 3381K(3968K)->3381K(3968K)
[23.908s][info][gc          ] GC(39) Pause Full (System.gc()) 1289M->1289M(6144M) 339.871ms
[24.271s][info][gc,metaspace] GC(40) Metaspace: 28551K(29632K)->28551K(29632K) NonClass: 25170K(25664K)->25170K(25664K) Class: 3381K(3968K)->3381K(3968K)
[24.271s][info][gc          ] GC(40) Pause Full (System.gc()) 1289M->1289M(6144M) 362.795ms
[24.602s][info][gc,metaspace] GC(41) Metaspace: 28551K(29632K)->28551K(29632K) NonClass: 25170K(25664K)->25170K(25664K) Class: 3381K(3968K)->3381K(3968K)
[24.602s][info][gc          ] GC(41) Pause Full (System.gc()) 1289M->1289M(6144M) 330.586ms
[24.945s][info][gc,metaspace] GC(42) Metaspace: 28551K(29632K)->28551K(29632K) NonClass: 25170K(25664K)->25170K(25664K) Class: 3381K(3968K)->3381K(3968K)
[24.945s][info][gc          ] GC(42) Pause Full (System.gc()) 1289M->1289M(6144M) 343.787ms
[25.283s][info][gc,metaspace] GC(43) Metaspace: 28551K(29632K)->28551K(29632K) NonClass: 25170K(25664K)->25170K(25664K) Class: 3381K(3968K)->3381K(3968K)
[25.283s][info][gc          ] GC(43) Pause Full (System.gc()) 1289M->1289M(6144M) 337.777ms
[25.612s][info][gc,metaspace] GC(44) Metaspace: 28551K(29632K)->28551K(29632K) NonClass: 25170K(25664K)->25170K(25664K) Class: 3381K(3968K)->3381K(3968K)
[25.612s][info][gc          ] GC(44) Pause Full (System.gc()) 1289M->1289M(6144M) 328.430ms
[25.945s][info][gc,metaspace] GC(45) Metaspace: 28551K(29632K)->28551K(29632K) NonClass: 25170K(25664K)->25170K(25664K) Class: 3381K(3968K)->3381K(3968K)
[25.945s][info][gc          ] GC(45) Pause Full (System.gc()) 1289M->1289M(6144M) 333.226ms
[26.305s][info][gc,metaspace] GC(46) Metaspace: 28551K(29632K)->28551K(29632K) NonClass: 25170K(25664K)->25170K(25664K) Class: 3381K(3968K)->3381K(3968K)
[26.305s][info][gc          ] GC(46) Pause Full (System.gc()) 1289M->1289M(6144M) 359.557ms
[26.636s][info][gc,metaspace] GC(47) Metaspace: 28551K(29632K)->28551K(29632K) NonClass: 25170K(25664K)->25170K(25664K) Class: 3381K(3968K)->3381K(3968K)
[26.637s][info][gc          ] GC(47) Pause Full (System.gc()) 1289M->1289M(6144M) 331.672ms
[27.007s][info][gc,metaspace] GC(48) Metaspace: 28551K(29632K)->28551K(29632K) NonClass: 25170K(25664K)->25170K(25664K) Class: 3381K(3968K)->3381K(3968K)
[27.007s][info][gc          ] GC(48) Pause Full (System.gc()) 1289M->1289M(6144M) 365.890ms
[27.384s][info][gc,metaspace] GC(49) Metaspace: 28551K(29632K)->28551K(29632K) NonClass: 25170K(25664K)->25170K(25664K) Class: 3381K(3968K)->3381K(3968K)
[27.384s][info][gc          ] GC(49) Pause Full (System.gc()) 1289M->1289M(6144M) 377.645ms
[27.728s][info][gc,metaspace] GC(50) Metaspace: 28551K(29632K)->28551K(29632K) NonClass: 25170K(25664K)->25170K(25664K) Class: 3381K(3968K)->3381K(3968K)
[27.728s][info][gc          ] GC(50) Pause Full (System.gc()) 1289M->1289M(6144M) 343.811ms
[28.044s][info][gc,metaspace] GC(51) Metaspace: 28551K(29632K)->28551K(29632K) NonClass: 25170K(25664K)->25170K(25664K) Class: 3381K(3968K)->3381K(3968K)
[28.044s][info][gc          ] GC(51) Pause Full (System.gc()) 1289M->1289M(6144M) 316.051ms
[28.398s][info][gc,metaspace] GC(52) Metaspace: 28551K(29632K)->28551K(29632K) NonClass: 25170K(25664K)->25170K(25664K) Class: 3381K(3968K)->3381K(3968K)
[28.398s][info][gc          ] GC(52) Pause Full (System.gc()) 1289M->1289M(6144M) 353.310ms
[28.729s][info][gc,metaspace] GC(53) Metaspace: 28551K(29632K)->28551K(29632K) NonClass: 25170K(25664K)->25170K(25664K) Class: 3381K(3968K)->3381K(3968K)
[28.729s][info][gc          ] GC(53) Pause Full (System.gc()) 1289M->1289M(6144M) 331.446ms
[29.080s][info][gc,metaspace] GC(54) Metaspace: 28551K(29632K)->28551K(29632K) NonClass: 25170K(25664K)->25170K(25664K) Class: 3381K(3968K)->3381K(3968K)
[29.080s][info][gc          ] GC(54) Pause Full (System.gc()) 1289M->1289M(6144M) 350.615ms
[29.435s][info][gc,metaspace] GC(55) Metaspace: 28551K(29632K)->28551K(29632K) NonClass: 25170K(25664K)->25170K(25664K) Class: 3381K(3968K)->3381K(3968K)
[29.435s][info][gc          ] GC(55) Pause Full (System.gc()) 1289M->1289M(6144M) 354.673ms
[29.789s][info][gc,metaspace] GC(56) Metaspace: 28551K(29632K)->28551K(29632K) NonClass: 25170K(25664K)->25170K(25664K) Class: 3381K(3968K)->3381K(3968K)
[29.789s][info][gc          ] GC(56) Pause Full (System.gc()) 1289M->1289M(6144M) 354.372ms
[30.118s][info][gc,metaspace] GC(57) Metaspace: 28551K(29632K)->28551K(29632K) NonClass: 25170K(25664K)->25170K(25664K) Class: 3381K(3968K)->3381K(3968K)
[30.118s][info][gc          ] GC(57) Pause Full (System.gc()) 1289M->1289M(6144M) 328.723ms
[30.500s][info][gc,metaspace] GC(58) Metaspace: 28551K(29632K)->28551K(29632K) NonClass: 25170K(25664K)->25170K(25664K) Class: 3381K(3968K)->3381K(3968K)
[30.500s][info][gc          ] GC(58) Pause Full (System.gc()) 1289M->1289M(6144M) 381.515ms
[30.839s][info][gc,metaspace] GC(59) Metaspace: 28551K(29632K)->28551K(29632K) NonClass: 25170K(25664K)->25170K(25664K) Class: 3381K(3968K)->3381K(3968K)
[30.839s][info][gc          ] GC(59) Pause Full (System.gc()) 1289M->1289M(6144M) 339.182ms
[31.216s][info][gc,metaspace] GC(60) Metaspace: 28551K(29632K)->28551K(29632K) NonClass: 25170K(25664K)->25170K(25664K) Class: 3381K(3968K)->3381K(3968K)
[31.216s][info][gc          ] GC(60) Pause Full (System.gc()) 1289M->1289M(6144M) 377.142ms
[31.558s][info][gc,metaspace] GC(61) Metaspace: 28551K(29632K)->28551K(29632K) NonClass: 25170K(25664K)->25170K(25664K) Class: 3381K(3968K)->3381K(3968K)
[31.558s][info][gc          ] GC(61) Pause Full (System.gc()) 1289M->1289M(6144M) 342.202ms
[31.899s][info][gc,metaspace] GC(62) Metaspace: 28551K(29632K)->28551K(29632K) NonClass: 25170K(25664K)->25170K(25664K) Class: 3381K(3968K)->3381K(3968K)
[31.899s][info][gc          ] GC(62) Pause Full (System.gc()) 1289M->1289M(6144M) 340.409ms
[32.254s][info][gc,metaspace] GC(63) Metaspace: 28551K(29632K)->28551K(29632K) NonClass: 25170K(25664K)->25170K(25664K) Class: 3381K(3968K)->3381K(3968K)
[32.254s][info][gc          ] GC(63) Pause Full (System.gc()) 1289M->1289M(6144M) 355.248ms
[32.610s][info][gc,metaspace] GC(64) Metaspace: 28551K(29632K)->28551K(29632K) NonClass: 25170K(25664K)->25170K(25664K) Class: 3381K(3968K)->3381K(3968K)
[32.610s][info][gc          ] GC(64) Pause Full (System.gc()) 1289M->1289M(6144M) 355.713ms
[32.961s][info][gc,metaspace] GC(65) Metaspace: 28551K(29632K)->28551K(29632K) NonClass: 25170K(25664K)->25170K(25664K) Class: 3381K(3968K)->3381K(3968K)
[32.961s][info][gc          ] GC(65) Pause Full (System.gc()) 1289M->1289M(6144M) 350.662ms
[33.348s][info][gc,metaspace] GC(66) Metaspace: 28551K(29632K)->28551K(29632K) NonClass: 25170K(25664K)->25170K(25664K) Class: 3381K(3968K)->3381K(3968K)
[33.348s][info][gc          ] GC(66) Pause Full (System.gc()) 1289M->1289M(6144M) 387.618ms
[33.677s][info][gc,metaspace] GC(67) Metaspace: 28551K(29632K)->28551K(29632K) NonClass: 25170K(25664K)->25170K(25664K) Class: 3381K(3968K)->3381K(3968K)
[33.677s][info][gc          ] GC(67) Pause Full (System.gc()) 1289M->1289M(6144M) 328.784ms
[34.018s][info][gc,metaspace] GC(68) Metaspace: 28551K(29632K)->28551K(29632K) NonClass: 25170K(25664K)->25170K(25664K) Class: 3381K(3968K)->3381K(3968K)
[34.018s][info][gc          ] GC(68) Pause Full (System.gc()) 1289M->1289M(6144M) 340.398ms
[34.372s][info][gc,metaspace] GC(69) Metaspace: 28551K(29632K)->28551K(29632K) NonClass: 25170K(25664K)->25170K(25664K) Class: 3381K(3968K)->3381K(3968K)
[34.372s][info][gc          ] GC(69) Pause Full (System.gc()) 1289M->1289M(6144M) 354.662ms
[34.709s][info][gc,metaspace] GC(70) Metaspace: 28551K(29632K)->28551K(29632K) NonClass: 25170K(25664K)->25170K(25664K) Class: 3381K(3968K)->3381K(3968K)
[34.709s][info][gc          ] GC(70) Pause Full (System.gc()) 1289M->1289M(6144M) 336.854ms
[35.063s][info][gc,metaspace] GC(71) Metaspace: 28551K(29632K)->28551K(29632K) NonClass: 25170K(25664K)->25170K(25664K) Class: 3381K(3968K)->3381K(3968K)
[35.063s][info][gc          ] GC(71) Pause Full (System.gc()) 1289M->1289M(6144M) 353.380ms
[35.412s][info][gc,metaspace] GC(72) Metaspace: 28551K(29632K)->28551K(29632K) NonClass: 25170K(25664K)->25170K(25664K) Class: 3381K(3968K)->3381K(3968K)
[35.412s][info][gc          ] GC(72) Pause Full (System.gc()) 1289M->1289M(6144M) 348.795ms
[35.740s][info][gc,metaspace] GC(73) Metaspace: 28551K(29632K)->28551K(29632K) NonClass: 25170K(25664K)->25170K(25664K) Class: 3381K(3968K)->3381K(3968K)
[35.740s][info][gc          ] GC(73) Pause Full (System.gc()) 1289M->1289M(6144M) 328.305ms
[36.060s][info][gc,metaspace] GC(74) Metaspace: 28551K(29632K)->28551K(29632K) NonClass: 25170K(25664K)->25170K(25664K) Class: 3381K(3968K)->3381K(3968K)
[36.060s][info][gc          ] GC(74) Pause Full (System.gc()) 1289M->1289M(6144M) 319.763ms
[36.405s][info][gc,metaspace] GC(75) Metaspace: 28551K(29632K)->28551K(29632K) NonClass: 25170K(25664K)->25170K(25664K) Class: 3381K(3968K)->3381K(3968K)
[36.405s][info][gc          ] GC(75) Pause Full (System.gc()) 1289M->1289M(6144M) 344.687ms
[36.731s][info][gc,metaspace] GC(76) Metaspace: 28551K(29632K)->28551K(29632K) NonClass: 25170K(25664K)->25170K(25664K) Class: 3381K(3968K)->3381K(3968K)
[36.731s][info][gc          ] GC(76) Pause Full (System.gc()) 1289M->1289M(6144M) 326.374ms
[37.077s][info][gc,metaspace] GC(77) Metaspace: 28551K(29632K)->28551K(29632K) NonClass: 25170K(25664K)->25170K(25664K) Class: 3381K(3968K)->3381K(3968K)
[37.077s][info][gc          ] GC(77) Pause Full (System.gc()) 1289M->1289M(6144M) 345.458ms
[37.457s][info][gc,metaspace] GC(78) Metaspace: 28551K(29632K)->28551K(29632K) NonClass: 25170K(25664K)->25170K(25664K) Class: 3381K(3968K)->3381K(3968K)
[37.458s][info][gc          ] GC(78) Pause Full (System.gc()) 1289M->1289M(6144M) 376.530ms
[37.777s][info][gc,metaspace] GC(79) Metaspace: 28551K(29632K)->28551K(29632K) NonClass: 25170K(25664K)->25170K(25664K) Class: 3381K(3968K)->3381K(3968K)
[37.777s][info][gc          ] GC(79) Pause Full (System.gc()) 1289M->1289M(6144M) 319.599ms
[38.102s][info][gc,metaspace] GC(80) Metaspace: 28551K(29632K)->28551K(29632K) NonClass: 25170K(25664K)->25170K(25664K) Class: 3381K(3968K)->3381K(3968K)
[38.102s][info][gc          ] GC(80) Pause Full (System.gc()) 1289M->1289M(6144M) 324.579ms
[38.454s][info][gc,metaspace] GC(81) Metaspace: 28551K(29632K)->28551K(29632K) NonClass: 25170K(25664K)->25170K(25664K) Class: 3381K(3968K)->3381K(3968K)
[38.454s][info][gc          ] GC(81) Pause Full (System.gc()) 1289M->1289M(6144M) 352.106ms
[38.786s][info][gc,metaspace] GC(82) Metaspace: 28551K(29632K)->28551K(29632K) NonClass: 25170K(25664K)->25170K(25664K) Class: 3381K(3968K)->3381K(3968K)
[38.786s][info][gc          ] GC(82) Pause Full (System.gc()) 1289M->1289M(6144M) 331.570ms
[39.134s][info][gc,metaspace] GC(83) Metaspace: 28551K(29632K)->28551K(29632K) NonClass: 25170K(25664K)->25170K(25664K) Class: 3381K(3968K)->3381K(3968K)
[39.134s][info][gc          ] GC(83) Pause Full (System.gc()) 1289M->1289M(6144M) 348.251ms
[39.492s][info][gc,metaspace] GC(84) Metaspace: 28551K(29632K)->28551K(29632K) NonClass: 25170K(25664K)->25170K(25664K) Class: 3381K(3968K)->3381K(3968K)
[39.492s][info][gc          ] GC(84) Pause Full (System.gc()) 1289M->1289M(6144M) 357.918ms
[39.818s][info][gc,metaspace] GC(85) Metaspace: 28551K(29632K)->28551K(29632K) NonClass: 25170K(25664K)->25170K(25664K) Class: 3381K(3968K)->3381K(3968K)
[39.819s][info][gc          ] GC(85) Pause Full (System.gc()) 1289M->1289M(6144M) 326.469ms
[40.139s][info][gc,metaspace] GC(86) Metaspace: 28551K(29632K)->28551K(29632K) NonClass: 25170K(25664K)->25170K(25664K) Class: 3381K(3968K)->3381K(3968K)
[40.139s][info][gc          ] GC(86) Pause Full (System.gc()) 1289M->1289M(6144M) 320.786ms
[40.514s][info][gc,metaspace] GC(87) Metaspace: 28551K(29632K)->28551K(29632K) NonClass: 25170K(25664K)->25170K(25664K) Class: 3381K(3968K)->3381K(3968K)
[40.514s][info][gc          ] GC(87) Pause Full (System.gc()) 1289M->1289M(6144M) 374.253ms
[40.844s][info][gc,metaspace] GC(88) Metaspace: 28551K(29632K)->28551K(29632K) NonClass: 25170K(25664K)->25170K(25664K) Class: 3381K(3968K)->3381K(3968K)
[40.844s][info][gc          ] GC(88) Pause Full (System.gc()) 1289M->1289M(6144M) 330.101ms
[41.205s][info][gc,metaspace] GC(89) Metaspace: 28551K(29632K)->28551K(29632K) NonClass: 25170K(25664K)->25170K(25664K) Class: 3381K(3968K)->3381K(3968K)
[41.205s][info][gc          ] GC(89) Pause Full (System.gc()) 1289M->1289M(6144M) 361.046ms
[41.522s][info][gc,metaspace] GC(90) Metaspace: 28551K(29632K)->28551K(29632K) NonClass: 25170K(25664K)->25170K(25664K) Class: 3381K(3968K)->3381K(3968K)
[41.522s][info][gc          ] GC(90) Pause Full (System.gc()) 1289M->1289M(6144M) 316.902ms
[41.862s][info][gc,metaspace] GC(91) Metaspace: 28551K(29632K)->28551K(29632K) NonClass: 25170K(25664K)->25170K(25664K) Class: 3381K(3968K)->3381K(3968K)
[41.862s][info][gc          ] GC(91) Pause Full (System.gc()) 1289M->1289M(6144M) 339.998ms
[42.208s][info][gc,metaspace] GC(92) Metaspace: 28551K(29632K)->28551K(29632K) NonClass: 25170K(25664K)->25170K(25664K) Class: 3381K(3968K)->3381K(3968K)
[42.208s][info][gc          ] GC(92) Pause Full (System.gc()) 1289M->1289M(6144M) 345.542ms
[42.573s][info][gc,metaspace] GC(93) Metaspace: 28551K(29632K)->28551K(29632K) NonClass: 25170K(25664K)->25170K(25664K) Class: 3381K(3968K)->3381K(3968K)
[42.573s][info][gc          ] GC(93) Pause Full (System.gc()) 1289M->1289M(6144M) 360.613ms
[42.910s][info][gc,metaspace] GC(94) Metaspace: 28551K(29632K)->28551K(29632K) NonClass: 25170K(25664K)->25170K(25664K) Class: 3381K(3968K)->3381K(3968K)
[42.910s][info][gc          ] GC(94) Pause Full (System.gc()) 1289M->1289M(6144M) 337.052ms
[43.262s][info][gc,metaspace] GC(95) Metaspace: 28551K(29632K)->28551K(29632K) NonClass: 25170K(25664K)->25170K(25664K) Class: 3381K(3968K)->3381K(3968K)
[43.262s][info][gc          ] GC(95) Pause Full (System.gc()) 1289M->1289M(6144M) 352.324ms
[43.600s][info][gc,metaspace] GC(96) Metaspace: 28551K(29632K)->28551K(29632K) NonClass: 25170K(25664K)->25170K(25664K) Class: 3381K(3968K)->3381K(3968K)
[43.600s][info][gc          ] GC(96) Pause Full (System.gc()) 1289M->1289M(6144M) 337.661ms
[43.938s][info][gc,metaspace] GC(97) Metaspace: 28551K(29632K)->28551K(29632K) NonClass: 25170K(25664K)->25170K(25664K) Class: 3381K(3968K)->3381K(3968K)
[43.938s][info][gc          ] GC(97) Pause Full (System.gc()) 1289M->1289M(6144M) 337.690ms
[44.286s][info][gc,metaspace] GC(98) Metaspace: 28551K(29632K)->28551K(29632K) NonClass: 25170K(25664K)->25170K(25664K) Class: 3381K(3968K)->3381K(3968K)
[44.286s][info][gc          ] GC(98) Pause Full (System.gc()) 1289M->1289M(6144M) 347.874ms
[44.608s][info][gc,metaspace] GC(99) Metaspace: 28551K(29632K)->28551K(29632K) NonClass: 25170K(25664K)->25170K(25664K) Class: 3381K(3968K)->3381K(3968K)
[44.608s][info][gc          ] GC(99) Pause Full (System.gc()) 1289M->1289M(6144M) 322.484ms
[44.931s][info][gc,metaspace] GC(100) Metaspace: 28551K(29632K)->28551K(29632K) NonClass: 25170K(25664K)->25170K(25664K) Class: 3381K(3968K)->3381K(3968K)
[44.931s][info][gc          ] GC(100) Pause Full (System.gc()) 1289M->1289M(6144M) 322.544ms
[45.302s][info][gc,metaspace] GC(101) Metaspace: 28551K(29632K)->28551K(29632K) NonClass: 25170K(25664K)->25170K(25664K) Class: 3381K(3968K)->3381K(3968K)
[45.302s][info][gc          ] GC(101) Pause Full (System.gc()) 1289M->1289M(6144M) 370.966ms
[45.672s][info][gc,metaspace] GC(102) Metaspace: 28551K(29632K)->28551K(29632K) NonClass: 25170K(25664K)->25170K(25664K) Class: 3381K(3968K)->3381K(3968K)
[45.672s][info][gc          ] GC(102) Pause Full (System.gc()) 1289M->1289M(6144M) 370.270ms
After GCs... 
