Done; will start GCs... 
[11.189s][info][gc,metaspace] GC(3) Metaspace: 28542K(29632K)->28542K(29632K) NonClass: 25161K(25664K)->25161K(25664K) Class: 3381K(3968K)->3381K(3968K)
[11.189s][info][gc          ] GC(3) Pause Full (System.gc()) 1308M->1289M(6144M) 369.612ms
[11.511s][info][gc,metaspace] GC(4) Metaspace: 28542K(29632K)->28542K(29632K) NonClass: 25161K(25664K)->25161K(25664K) Class: 3381K(3968K)->3381K(3968K)
[11.511s][info][gc          ] GC(4) Pause Full (System.gc()) 1289M->1289M(6144M) 321.762ms
[11.813s][info][gc,metaspace] GC(5) Metaspace: 28542K(29632K)->28542K(29632K) NonClass: 25161K(25664K)->25161K(25664K) Class: 3381K(3968K)->3381K(3968K)
[11.813s][info][gc          ] GC(5) Pause Full (System.gc()) 1289M->1289M(6144M) 301.553ms
[12.104s][info][gc,metaspace] GC(6) Metaspace: 28542K(29632K)->28542K(29632K) NonClass: 25161K(25664K)->25161K(25664K) Class: 3381K(3968K)->3381K(3968K)
[12.104s][info][gc          ] GC(6) Pause Full (System.gc()) 1289M->1289M(6144M) 290.821ms
[12.481s][info][gc,metaspace] GC(7) Metaspace: 28543K(29632K)->28543K(29632K) NonClass: 25161K(25664K)->25161K(25664K) Class: 3381K(3968K)->3381K(3968K)
[12.481s][info][gc          ] GC(7) Pause Full (System.gc()) 1289M->1289M(6144M) 376.840ms
[12.762s][info][gc,metaspace] GC(8) Metaspace: 28543K(29632K)->28543K(29632K) NonClass: 25161K(25664K)->25161K(25664K) Class: 3381K(3968K)->3381K(3968K)
[12.762s][info][gc          ] GC(8) Pause Full (System.gc()) 1289M->1289M(6144M) 281.512ms
[13.058s][info][gc,metaspace] GC(9) Metaspace: 28543K(29632K)->28543K(29632K) NonClass: 25161K(25664K)->25161K(25664K) Class: 3381K(3968K)->3381K(3968K)
[13.058s][info][gc          ] GC(9) Pause Full (System.gc()) 1289M->1289M(6144M) 295.954ms
[13.373s][info][gc,metaspace] GC(10) Metaspace: 28543K(29632K)->28543K(29632K) NonClass: 25161K(25664K)->25161K(25664K) Class: 3381K(3968K)->3381K(3968K)
[13.373s][info][gc          ] GC(10) Pause Full (System.gc()) 1289M->1289M(6144M) 314.626ms
[13.674s][info][gc,metaspace] GC(11) Metaspace: 28543K(29632K)->28543K(29632K) NonClass: 25161K(25664K)->25161K(25664K) Class: 3381K(3968K)->3381K(3968K)
[13.674s][info][gc          ] GC(11) Pause Full (System.gc()) 1289M->1289M(6144M) 300.814ms
[13.966s][info][gc,metaspace] GC(12) Metaspace: 28543K(29632K)->28543K(29632K) NonClass: 25161K(25664K)->25161K(25664K) Class: 3381K(3968K)->3381K(3968K)
[13.966s][info][gc          ] GC(12) Pause Full (System.gc()) 1289M->1289M(6144M) 291.987ms
[14.316s][info][gc,metaspace] GC(13) Metaspace: 28543K(29632K)->28543K(29632K) NonClass: 25161K(25664K)->25161K(25664K) Class: 3381K(3968K)->3381K(3968K)
[14.316s][info][gc          ] GC(13) Pause Full (System.gc()) 1289M->1289M(6144M) 349.306ms
[14.634s][info][gc,metaspace] GC(14) Metaspace: 28543K(29632K)->28543K(29632K) NonClass: 25161K(25664K)->25161K(25664K) Class: 3381K(3968K)->3381K(3968K)
[14.634s][info][gc          ] GC(14) Pause Full (System.gc()) 1289M->1289M(6144M) 317.689ms
[14.957s][info][gc,metaspace] GC(15) Metaspace: 28543K(29632K)->28543K(29632K) NonClass: 25161K(25664K)->25161K(25664K) Class: 3381K(3968K)->3381K(3968K)
[14.957s][info][gc          ] GC(15) Pause Full (System.gc()) 1289M->1289M(6144M) 323.632ms
[15.308s][info][gc,metaspace] GC(16) Metaspace: 28543K(29632K)->28543K(29632K) NonClass: 25161K(25664K)->25161K(25664K) Class: 3381K(3968K)->3381K(3968K)
[15.309s][info][gc          ] GC(16) Pause Full (System.gc()) 1289M->1289M(6144M) 350.887ms
[15.596s][info][gc,metaspace] GC(17) Metaspace: 28543K(29632K)->28543K(29632K) NonClass: 25161K(25664K)->25161K(25664K) Class: 3381K(3968K)->3381K(3968K)
[15.596s][info][gc          ] GC(17) Pause Full (System.gc()) 1289M->1289M(6144M) 287.211ms
[15.892s][info][gc,metaspace] GC(18) Metaspace: 28543K(29632K)->28543K(29632K) NonClass: 25161K(25664K)->25161K(25664K) Class: 3381K(3968K)->3381K(3968K)
[15.892s][info][gc          ] GC(18) Pause Full (System.gc()) 1289M->1289M(6144M) 295.824ms
[16.252s][info][gc,metaspace] GC(19) Metaspace: 28543K(29632K)->28543K(29632K) NonClass: 25161K(25664K)->25161K(25664K) Class: 3381K(3968K)->3381K(3968K)
[16.252s][info][gc          ] GC(19) Pause Full (System.gc()) 1289M->1289M(6144M) 355.551ms
[16.551s][info][gc,metaspace] GC(20) Metaspace: 28543K(29632K)->28543K(29632K) NonClass: 25161K(25664K)->25161K(25664K) Class: 3381K(3968K)->3381K(3968K)
[16.551s][info][gc          ] GC(20) Pause Full (System.gc()) 1289M->1289M(6144M) 298.977ms
[16.844s][info][gc,metaspace] GC(21) Metaspace: 28543K(29632K)->28543K(29632K) NonClass: 25161K(25664K)->25161K(25664K) Class: 3381K(3968K)->3381K(3968K)
[16.844s][info][gc          ] GC(21) Pause Full (System.gc()) 1289M->1289M(6144M) 293.484ms
[17.139s][info][gc,metaspace] GC(22) Metaspace: 28543K(29632K)->28543K(29632K) NonClass: 25161K(25664K)->25161K(25664K) Class: 3381K(3968K)->3381K(3968K)
[17.139s][info][gc          ] GC(22) Pause Full (System.gc()) 1289M->1289M(6144M) 294.280ms
[17.477s][info][gc,metaspace] GC(23) Metaspace: 28543K(29632K)->28543K(29632K) NonClass: 25161K(25664K)->25161K(25664K) Class: 3381K(3968K)->3381K(3968K)
[17.478s][info][gc          ] GC(23) Pause Full (System.gc()) 1289M->1289M(6144M) 338.591ms
[17.786s][info][gc,metaspace] GC(24) Metaspace: 28543K(29632K)->28543K(29632K) NonClass: 25161K(25664K)->25161K(25664K) Class: 3381K(3968K)->3381K(3968K)
[17.786s][info][gc          ] GC(24) Pause Full (System.gc()) 1289M->1289M(6144M) 308.867ms
[18.070s][info][gc,metaspace] GC(25) Metaspace: 28543K(29632K)->28543K(29632K) NonClass: 25161K(25664K)->25161K(25664K) Class: 3381K(3968K)->3381K(3968K)
[18.070s][info][gc          ] GC(25) Pause Full (System.gc()) 1289M->1289M(6144M) 283.833ms
[18.393s][info][gc,metaspace] GC(26) Metaspace: 28543K(29632K)->28543K(29632K) NonClass: 25161K(25664K)->25161K(25664K) Class: 3381K(3968K)->3381K(3968K)
[18.393s][info][gc          ] GC(26) Pause Full (System.gc()) 1289M->1289M(6144M) 322.731ms
[18.680s][info][gc,metaspace] GC(27) Metaspace: 28543K(29632K)->28543K(29632K) NonClass: 25161K(25664K)->25161K(25664K) Class: 3381K(3968K)->3381K(3968K)
[18.680s][info][gc          ] GC(27) Pause Full (System.gc()) 1289M->1289M(6144M) 287.171ms
[18.978s][info][gc,metaspace] GC(28) Metaspace: 28543K(29632K)->28543K(29632K) NonClass: 25161K(25664K)->25161K(25664K) Class: 3381K(3968K)->3381K(3968K)
[18.978s][info][gc          ] GC(28) Pause Full (System.gc()) 1289M->1289M(6144M) 297.361ms
[19.317s][info][gc,metaspace] GC(29) Metaspace: 28543K(29632K)->28543K(29632K) NonClass: 25161K(25664K)->25161K(25664K) Class: 3381K(3968K)->3381K(3968K)
[19.317s][info][gc          ] GC(29) Pause Full (System.gc()) 1289M->1289M(6144M) 339.453ms
[19.609s][info][gc,metaspace] GC(30) Metaspace: 28543K(29632K)->28543K(29632K) NonClass: 25161K(25664K)->25161K(25664K) Class: 3381K(3968K)->3381K(3968K)
[19.609s][info][gc          ] GC(30) Pause Full (System.gc()) 1289M->1289M(6144M) 291.176ms
[19.911s][info][gc,metaspace] GC(31) Metaspace: 28543K(29632K)->28543K(29632K) NonClass: 25161K(25664K)->25161K(25664K) Class: 3381K(3968K)->3381K(3968K)
[19.912s][info][gc          ] GC(31) Pause Full (System.gc()) 1289M->1289M(6144M) 302.690ms
[20.256s][info][gc,metaspace] GC(32) Metaspace: 28543K(29632K)->28543K(29632K) NonClass: 25161K(25664K)->25161K(25664K) Class: 3381K(3968K)->3381K(3968K)
[20.256s][info][gc          ] GC(32) Pause Full (System.gc()) 1289M->1289M(6144M) 344.213ms
[20.549s][info][gc,metaspace] GC(33) Metaspace: 28543K(29632K)->28543K(29632K) NonClass: 25161K(25664K)->25161K(25664K) Class: 3381K(3968K)->3381K(3968K)
[20.550s][info][gc          ] GC(33) Pause Full (System.gc()) 1289M->1289M(6144M) 293.659ms
[20.861s][info][gc,metaspace] GC(34) Metaspace: 28543K(29632K)->28543K(29632K) NonClass: 25161K(25664K)->25161K(25664K) Class: 3381K(3968K)->3381K(3968K)
[20.861s][info][gc          ] GC(34) Pause Full (System.gc()) 1289M->1289M(6144M) 311.305ms
[21.179s][info][gc,metaspace] GC(35) Metaspace: 28543K(29632K)->28543K(29632K) NonClass: 25161K(25664K)->25161K(25664K) Class: 3381K(3968K)->3381K(3968K)
[21.179s][info][gc          ] GC(35) Pause Full (System.gc()) 1289M->1289M(6144M) 317.831ms
[21.499s][info][gc,metaspace] GC(36) Metaspace: 28543K(29632K)->28543K(29632K) NonClass: 25161K(25664K)->25161K(25664K) Class: 3381K(3968K)->3381K(3968K)
[21.499s][info][gc          ] GC(36) Pause Full (System.gc()) 1289M->1289M(6144M) 320.007ms
[21.795s][info][gc,metaspace] GC(37) Metaspace: 28543K(29632K)->28543K(29632K) NonClass: 25161K(25664K)->25161K(25664K) Class: 3381K(3968K)->3381K(3968K)
[21.795s][info][gc          ] GC(37) Pause Full (System.gc()) 1289M->1289M(6144M) 296.193ms
[22.088s][info][gc,metaspace] GC(38) Metaspace: 28543K(29632K)->28543K(29632K) NonClass: 25161K(25664K)->25161K(25664K) Class: 3381K(3968K)->3381K(3968K)
[22.088s][info][gc          ] GC(38) Pause Full (System.gc()) 1289M->1289M(6144M) 293.209ms
[22.430s][info][gc,metaspace] GC(39) Metaspace: 28543K(29632K)->28543K(29632K) NonClass: 25161K(25664K)->25161K(25664K) Class: 3381K(3968K)->3381K(3968K)
[22.430s][info][gc          ] GC(39) Pause Full (System.gc()) 1289M->1289M(6144M) 341.830ms
[22.720s][info][gc,metaspace] GC(40) Metaspace: 28543K(29632K)->28543K(29632K) NonClass: 25161K(25664K)->25161K(25664K) Class: 3381K(3968K)->3381K(3968K)
[22.720s][info][gc          ] GC(40) Pause Full (System.gc()) 1289M->1289M(6144M) 289.799ms
[23.017s][info][gc,metaspace] GC(41) Metaspace: 28543K(29632K)->28543K(29632K) NonClass: 25161K(25664K)->25161K(25664K) Class: 3381K(3968K)->3381K(3968K)
[23.017s][info][gc          ] GC(41) Pause Full (System.gc()) 1289M->1289M(6144M) 296.826ms
[23.373s][info][gc,metaspace] GC(42) Metaspace: 28543K(29632K)->28543K(29632K) NonClass: 25161K(25664K)->25161K(25664K) Class: 3381K(3968K)->3381K(3968K)
[23.373s][info][gc          ] GC(42) Pause Full (System.gc()) 1289M->1289M(6144M) 355.792ms
[23.657s][info][gc,metaspace] GC(43) Metaspace: 28543K(29632K)->28543K(29632K) NonClass: 25161K(25664K)->25161K(25664K) Class: 3381K(3968K)->3381K(3968K)
[23.657s][info][gc          ] GC(43) Pause Full (System.gc()) 1289M->1289M(6144M) 284.442ms
[23.951s][info][gc,metaspace] GC(44) Metaspace: 28543K(29632K)->28543K(29632K) NonClass: 25161K(25664K)->25161K(25664K) Class: 3381K(3968K)->3381K(3968K)
[23.951s][info][gc          ] GC(44) Pause Full (System.gc()) 1289M->1289M(6144M) 293.179ms
[24.299s][info][gc,metaspace] GC(45) Metaspace: 28543K(29632K)->28543K(29632K) NonClass: 25161K(25664K)->25161K(25664K) Class: 3381K(3968K)->3381K(3968K)
[24.299s][info][gc          ] GC(45) Pause Full (System.gc()) 1289M->1289M(6144M) 347.827ms
[24.586s][info][gc,metaspace] GC(46) Metaspace: 28543K(29632K)->28543K(29632K) NonClass: 25161K(25664K)->25161K(25664K) Class: 3381K(3968K)->3381K(3968K)
[24.586s][info][gc          ] GC(46) Pause Full (System.gc()) 1289M->1289M(6144M) 286.948ms
[24.867s][info][gc,metaspace] GC(47) Metaspace: 28543K(29632K)->28543K(29632K) NonClass: 25161K(25664K)->25161K(25664K) Class: 3381K(3968K)->3381K(3968K)
[24.867s][info][gc          ] GC(47) Pause Full (System.gc()) 1289M->1289M(6144M) 280.910ms
[25.152s][info][gc,metaspace] GC(48) Metaspace: 28543K(29632K)->28543K(29632K) NonClass: 25161K(25664K)->25161K(25664K) Class: 3381K(3968K)->3381K(3968K)
[25.152s][info][gc          ] GC(48) Pause Full (System.gc()) 1289M->1289M(6144M) 285.668ms
[25.467s][info][gc,metaspace] GC(49) Metaspace: 28543K(29632K)->28543K(29632K) NonClass: 25161K(25664K)->25161K(25664K) Class: 3381K(3968K)->3381K(3968K)
[25.467s][info][gc          ] GC(49) Pause Full (System.gc()) 1289M->1289M(6144M) 314.832ms
[25.754s][info][gc,metaspace] GC(50) Metaspace: 28543K(29632K)->28543K(29632K) NonClass: 25161K(25664K)->25161K(25664K) Class: 3381K(3968K)->3381K(3968K)
[25.754s][info][gc          ] GC(50) Pause Full (System.gc()) 1289M->1289M(6144M) 287.005ms
[26.042s][info][gc,metaspace] GC(51) Metaspace: 28543K(29632K)->28543K(29632K) NonClass: 25161K(25664K)->25161K(25664K) Class: 3381K(3968K)->3381K(3968K)
[26.042s][info][gc          ] GC(51) Pause Full (System.gc()) 1289M->1289M(6144M) 287.942ms
[26.350s][info][gc,metaspace] GC(52) Metaspace: 28543K(29632K)->28543K(29632K) NonClass: 25161K(25664K)->25161K(25664K) Class: 3381K(3968K)->3381K(3968K)
[26.350s][info][gc          ] GC(52) Pause Full (System.gc()) 1289M->1289M(6144M) 307.723ms
[26.674s][info][gc,metaspace] GC(53) Metaspace: 28543K(29632K)->28543K(29632K) NonClass: 25161K(25664K)->25161K(25664K) Class: 3381K(3968K)->3381K(3968K)
[26.674s][info][gc          ] GC(53) Pause Full (System.gc()) 1289M->1289M(6144M) 319.728ms
[27.000s][info][gc,metaspace] GC(54) Metaspace: 28543K(29632K)->28543K(29632K) NonClass: 25161K(25664K)->25161K(25664K) Class: 3381K(3968K)->3381K(3968K)
[27.000s][info][gc          ] GC(54) Pause Full (System.gc()) 1289M->1289M(6144M) 326.132ms
[27.311s][info][gc,metaspace] GC(55) Metaspace: 28543K(29632K)->28543K(29632K) NonClass: 25161K(25664K)->25161K(25664K) Class: 3381K(3968K)->3381K(3968K)
[27.311s][info][gc          ] GC(55) Pause Full (System.gc()) 1289M->1289M(6144M) 310.117ms
[27.593s][info][gc,metaspace] GC(56) Metaspace: 28543K(29632K)->28543K(29632K) NonClass: 25161K(25664K)->25161K(25664K) Class: 3381K(3968K)->3381K(3968K)
[27.593s][info][gc          ] GC(56) Pause Full (System.gc()) 1289M->1289M(6144M) 282.024ms
[27.875s][info][gc,metaspace] GC(57) Metaspace: 28543K(29632K)->28543K(29632K) NonClass: 25161K(25664K)->25161K(25664K) Class: 3381K(3968K)->3381K(3968K)
[27.875s][info][gc          ] GC(57) Pause Full (System.gc()) 1289M->1289M(6144M) 282.089ms
[28.171s][info][gc,metaspace] GC(58) Metaspace: 28543K(29632K)->28543K(29632K) NonClass: 25161K(25664K)->25161K(25664K) Class: 3381K(3968K)->3381K(3968K)
[28.171s][info][gc          ] GC(58) Pause Full (System.gc()) 1289M->1289M(6144M) 295.916ms
[28.474s][info][gc,metaspace] GC(59) Metaspace: 28543K(29632K)->28543K(29632K) NonClass: 25161K(25664K)->25161K(25664K) Class: 3381K(3968K)->3381K(3968K)
[28.474s][info][gc          ] GC(59) Pause Full (System.gc()) 1289M->1289M(6144M) 303.449ms
[28.756s][info][gc,metaspace] GC(60) Metaspace: 28543K(29632K)->28543K(29632K) NonClass: 25161K(25664K)->25161K(25664K) Class: 3381K(3968K)->3381K(3968K)
[28.756s][info][gc          ] GC(60) Pause Full (System.gc()) 1289M->1289M(6144M) 281.698ms
[29.085s][info][gc,metaspace] GC(61) Metaspace: 28543K(29632K)->28543K(29632K) NonClass: 25161K(25664K)->25161K(25664K) Class: 3381K(3968K)->3381K(3968K)
[29.085s][info][gc          ] GC(61) Pause Full (System.gc()) 1289M->1289M(6144M) 328.507ms
[29.411s][info][gc,metaspace] GC(62) Metaspace: 28543K(29632K)->28543K(29632K) NonClass: 25161K(25664K)->25161K(25664K) Class: 3381K(3968K)->3381K(3968K)
[29.412s][info][gc          ] GC(62) Pause Full (System.gc()) 1289M->1289M(6144M) 326.694ms
[29.693s][info][gc,metaspace] GC(63) Metaspace: 28543K(29632K)->28543K(29632K) NonClass: 25161K(25664K)->25161K(25664K) Class: 3381K(3968K)->3381K(3968K)
[29.693s][info][gc          ] GC(63) Pause Full (System.gc()) 1289M->1289M(6144M) 281.534ms
[30.001s][info][gc,metaspace] GC(64) Metaspace: 28543K(29632K)->28543K(29632K) NonClass: 25161K(25664K)->25161K(25664K) Class: 3381K(3968K)->3381K(3968K)
[30.001s][info][gc          ] GC(64) Pause Full (System.gc()) 1289M->1289M(6144M) 307.371ms
[30.321s][info][gc,metaspace] GC(65) Metaspace: 28543K(29632K)->28543K(29632K) NonClass: 25161K(25664K)->25161K(25664K) Class: 3381K(3968K)->3381K(3968K)
[30.321s][info][gc          ] GC(65) Pause Full (System.gc()) 1289M->1289M(6144M) 320.540ms
[30.602s][info][gc,metaspace] GC(66) Metaspace: 28543K(29632K)->28543K(29632K) NonClass: 25161K(25664K)->25161K(25664K) Class: 3381K(3968K)->3381K(3968K)
[30.602s][info][gc          ] GC(66) Pause Full (System.gc()) 1289M->1289M(6144M) 280.681ms
[30.883s][info][gc,metaspace] GC(67) Metaspace: 28543K(29632K)->28543K(29632K) NonClass: 25161K(25664K)->25161K(25664K) Class: 3381K(3968K)->3381K(3968K)
[30.883s][info][gc          ] GC(67) Pause Full (System.gc()) 1289M->1289M(6144M) 281.117ms
[31.175s][info][gc,metaspace] GC(68) Metaspace: 28543K(29632K)->28543K(29632K) NonClass: 25161K(25664K)->25161K(25664K) Class: 3381K(3968K)->3381K(3968K)
[31.175s][info][gc          ] GC(68) Pause Full (System.gc()) 1289M->1289M(6144M) 291.501ms
[31.501s][info][gc,metaspace] GC(69) Metaspace: 28543K(29632K)->28543K(29632K) NonClass: 25161K(25664K)->25161K(25664K) Class: 3381K(3968K)->3381K(3968K)
[31.501s][info][gc          ] GC(69) Pause Full (System.gc()) 1289M->1289M(6144M) 326.107ms
[31.826s][info][gc,metaspace] GC(70) Metaspace: 28543K(29632K)->28543K(29632K) NonClass: 25161K(25664K)->25161K(25664K) Class: 3381K(3968K)->3381K(3968K)
[31.826s][info][gc          ] GC(70) Pause Full (System.gc()) 1289M->1289M(6144M) 320.385ms
[32.121s][info][gc,metaspace] GC(71) Metaspace: 28543K(29632K)->28543K(29632K) NonClass: 25161K(25664K)->25161K(25664K) Class: 3381K(3968K)->3381K(3968K)
[32.121s][info][gc          ] GC(71) Pause Full (System.gc()) 1289M->1289M(6144M) 295.698ms
[32.438s][info][gc,metaspace] GC(72) Metaspace: 28543K(29632K)->28543K(29632K) NonClass: 25161K(25664K)->25161K(25664K) Class: 3381K(3968K)->3381K(3968K)
[32.438s][info][gc          ] GC(72) Pause Full (System.gc()) 1289M->1289M(6144M) 316.228ms
[32.737s][info][gc,metaspace] GC(73) Metaspace: 28543K(29632K)->28543K(29632K) NonClass: 25161K(25664K)->25161K(25664K) Class: 3381K(3968K)->3381K(3968K)
[32.737s][info][gc          ] GC(73) Pause Full (System.gc()) 1289M->1289M(6144M) 298.753ms
[33.036s][info][gc,metaspace] GC(74) Metaspace: 28543K(29632K)->28543K(29632K) NonClass: 25161K(25664K)->25161K(25664K) Class: 3381K(3968K)->3381K(3968K)
[33.036s][info][gc          ] GC(74) Pause Full (System.gc()) 1289M->1289M(6144M) 298.984ms
[33.385s][info][gc,metaspace] GC(75) Metaspace: 28543K(29632K)->28543K(29632K) NonClass: 25161K(25664K)->25161K(25664K) Class: 3381K(3968K)->3381K(3968K)
[33.386s][info][gc          ] GC(75) Pause Full (System.gc()) 1289M->1289M(6144M) 349.806ms
[33.682s][info][gc,metaspace] GC(76) Metaspace: 28543K(29632K)->28543K(29632K) NonClass: 25161K(25664K)->25161K(25664K) Class: 3381K(3968K)->3381K(3968K)
[33.682s][info][gc          ] GC(76) Pause Full (System.gc()) 1289M->1289M(6144M) 296.685ms
[33.992s][info][gc,metaspace] GC(77) Metaspace: 28543K(29632K)->28543K(29632K) NonClass: 25161K(25664K)->25161K(25664K) Class: 3381K(3968K)->3381K(3968K)
[33.992s][info][gc          ] GC(77) Pause Full (System.gc()) 1289M->1289M(6144M) 309.704ms
[34.314s][info][gc,metaspace] GC(78) Metaspace: 28543K(29632K)->28543K(29632K) NonClass: 25161K(25664K)->25161K(25664K) Class: 3381K(3968K)->3381K(3968K)
[34.314s][info][gc          ] GC(78) Pause Full (System.gc()) 1289M->1289M(6144M) 322.119ms
[34.605s][info][gc,metaspace] GC(79) Metaspace: 28543K(29632K)->28543K(29632K) NonClass: 25161K(25664K)->25161K(25664K) Class: 3381K(3968K)->3381K(3968K)
[34.605s][info][gc          ] GC(79) Pause Full (System.gc()) 1289M->1289M(6144M) 290.650ms
[34.909s][info][gc,metaspace] GC(80) Metaspace: 28543K(29632K)->28543K(29632K) NonClass: 25161K(25664K)->25161K(25664K) Class: 3381K(3968K)->3381K(3968K)
[34.909s][info][gc          ] GC(80) Pause Full (System.gc()) 1289M->1289M(6144M) 304.349ms
[35.244s][info][gc,metaspace] GC(81) Metaspace: 28543K(29632K)->28543K(29632K) NonClass: 25161K(25664K)->25161K(25664K) Class: 3381K(3968K)->3381K(3968K)
[35.244s][info][gc          ] GC(81) Pause Full (System.gc()) 1289M->1289M(6144M) 334.151ms
[35.532s][info][gc,metaspace] GC(82) Metaspace: 28543K(29632K)->28543K(29632K) NonClass: 25161K(25664K)->25161K(25664K) Class: 3381K(3968K)->3381K(3968K)
[35.532s][info][gc          ] GC(82) Pause Full (System.gc()) 1289M->1289M(6144M) 288.087ms
[35.825s][info][gc,metaspace] GC(83) Metaspace: 28543K(29632K)->28543K(29632K) NonClass: 25161K(25664K)->25161K(25664K) Class: 3381K(3968K)->3381K(3968K)
[35.825s][info][gc          ] GC(83) Pause Full (System.gc()) 1289M->1289M(6144M) 293.023ms
[36.152s][info][gc,metaspace] GC(84) Metaspace: 28543K(29632K)->28543K(29632K) NonClass: 25161K(25664K)->25161K(25664K) Class: 3381K(3968K)->3381K(3968K)
[36.152s][info][gc          ] GC(84) Pause Full (System.gc()) 1289M->1289M(6144M) 326.759ms
[36.456s][info][gc,metaspace] GC(85) Metaspace: 28543K(29632K)->28543K(29632K) NonClass: 25161K(25664K)->25161K(25664K) Class: 3381K(3968K)->3381K(3968K)
[36.456s][info][gc          ] GC(85) Pause Full (System.gc()) 1289M->1289M(6144M) 304.280ms
[36.741s][info][gc,metaspace] GC(86) Metaspace: 28543K(29632K)->28543K(29632K) NonClass: 25161K(25664K)->25161K(25664K) Class: 3381K(3968K)->3381K(3968K)
[36.741s][info][gc          ] GC(86) Pause Full (System.gc()) 1289M->1289M(6144M) 285.192ms
[37.070s][info][gc,metaspace] GC(87) Metaspace: 28543K(29632K)->28543K(29632K) NonClass: 25161K(25664K)->25161K(25664K) Class: 3381K(3968K)->3381K(3968K)
[37.070s][info][gc          ] GC(87) Pause Full (System.gc()) 1289M->1289M(6144M) 324.664ms
[37.383s][info][gc,metaspace] GC(88) Metaspace: 28543K(29632K)->28543K(29632K) NonClass: 25161K(25664K)->25161K(25664K) Class: 3381K(3968K)->3381K(3968K)
[37.383s][info][gc          ] GC(88) Pause Full (System.gc()) 1289M->1289M(6144M) 312.739ms
[37.678s][info][gc,metaspace] GC(89) Metaspace: 28543K(29632K)->28543K(29632K) NonClass: 25161K(25664K)->25161K(25664K) Class: 3381K(3968K)->3381K(3968K)
[37.678s][info][gc          ] GC(89) Pause Full (System.gc()) 1289M->1289M(6144M) 294.421ms
[37.956s][info][gc,metaspace] GC(90) Metaspace: 28543K(29632K)->28543K(29632K) NonClass: 25161K(25664K)->25161K(25664K) Class: 3381K(3968K)->3381K(3968K)
[37.956s][info][gc          ] GC(90) Pause Full (System.gc()) 1289M->1289M(6144M) 278.174ms
[38.280s][info][gc,metaspace] GC(91) Metaspace: 28543K(29632K)->28543K(29632K) NonClass: 25161K(25664K)->25161K(25664K) Class: 3381K(3968K)->3381K(3968K)
[38.280s][info][gc          ] GC(91) Pause Full (System.gc()) 1289M->1289M(6144M) 324.081ms
[38.569s][info][gc,metaspace] GC(92) Metaspace: 28543K(29632K)->28543K(29632K) NonClass: 25161K(25664K)->25161K(25664K) Class: 3381K(3968K)->3381K(3968K)
[38.569s][info][gc          ] GC(92) Pause Full (System.gc()) 1289M->1289M(6144M) 289.281ms
[38.886s][info][gc,metaspace] GC(93) Metaspace: 28543K(29632K)->28543K(29632K) NonClass: 25161K(25664K)->25161K(25664K) Class: 3381K(3968K)->3381K(3968K)
[38.886s][info][gc          ] GC(93) Pause Full (System.gc()) 1289M->1289M(6144M) 316.102ms
[39.206s][info][gc,metaspace] GC(94) Metaspace: 28543K(29632K)->28543K(29632K) NonClass: 25161K(25664K)->25161K(25664K) Class: 3381K(3968K)->3381K(3968K)
[39.206s][info][gc          ] GC(94) Pause Full (System.gc()) 1289M->1289M(6144M) 320.402ms
[39.542s][info][gc,metaspace] GC(95) Metaspace: 28543K(29632K)->28543K(29632K) NonClass: 25161K(25664K)->25161K(25664K) Class: 3381K(3968K)->3381K(3968K)
[39.543s][info][gc          ] GC(95) Pause Full (System.gc()) 1289M->1289M(6144M) 336.414ms
[39.833s][info][gc,metaspace] GC(96) Metaspace: 28543K(29632K)->28543K(29632K) NonClass: 25161K(25664K)->25161K(25664K) Class: 3381K(3968K)->3381K(3968K)
[39.834s][info][gc          ] GC(96) Pause Full (System.gc()) 1289M->1289M(6144M) 290.944ms
[40.138s][info][gc,metaspace] GC(97) Metaspace: 28543K(29632K)->28543K(29632K) NonClass: 25161K(25664K)->25161K(25664K) Class: 3381K(3968K)->3381K(3968K)
[40.138s][info][gc          ] GC(97) Pause Full (System.gc()) 1289M->1289M(6144M) 304.244ms
[40.464s][info][gc,metaspace] GC(98) Metaspace: 28543K(29632K)->28543K(29632K) NonClass: 25161K(25664K)->25161K(25664K) Class: 3381K(3968K)->3381K(3968K)
[40.464s][info][gc          ] GC(98) Pause Full (System.gc()) 1289M->1289M(6144M) 326.119ms
[40.752s][info][gc,metaspace] GC(99) Metaspace: 28543K(29632K)->28543K(29632K) NonClass: 25161K(25664K)->25161K(25664K) Class: 3381K(3968K)->3381K(3968K)
[40.752s][info][gc          ] GC(99) Pause Full (System.gc()) 1289M->1289M(6144M) 288.117ms
[41.045s][info][gc,metaspace] GC(100) Metaspace: 28543K(29632K)->28543K(29632K) NonClass: 25161K(25664K)->25161K(25664K) Class: 3381K(3968K)->3381K(3968K)
[41.045s][info][gc          ] GC(100) Pause Full (System.gc()) 1289M->1289M(6144M) 293.194ms
[41.395s][info][gc,metaspace] GC(101) Metaspace: 28543K(29632K)->28543K(29632K) NonClass: 25161K(25664K)->25161K(25664K) Class: 3381K(3968K)->3381K(3968K)
[41.395s][info][gc          ] GC(101) Pause Full (System.gc()) 1289M->1289M(6144M) 349.947ms
[41.683s][info][gc,metaspace] GC(102) Metaspace: 28543K(29632K)->28543K(29632K) NonClass: 25161K(25664K)->25161K(25664K) Class: 3381K(3968K)->3381K(3968K)
[41.683s][info][gc          ] GC(102) Pause Full (System.gc()) 1289M->1289M(6144M) 287.340ms
After GCs... 
