Done; will start GCs... 
[98.610s][info][gc,metaspace] GC(34) Metaspace: 281411K(370176K)->281411K(370176K) NonClass: 80066K(86080K)->80066K(86080K) Class: 201345K(284096K)->201345K(284096K)
[98.610s][info][gc          ] GC(34) Pause Young (System.gc()) 1034M->1006M(5928M) 421.780ms
[100.845s][info][gc,metaspace] GC(35) Metaspace: 281411K(370176K)->281411K(370176K) NonClass: 80066K(86080K)->80066K(86080K) Class: 201345K(284096K)->201345K(284096K)
[100.845s][info][gc          ] GC(35) Pause Full (System.gc()) 1006M->800M(5928M) 2235.140ms
[100.846s][info][gc,metaspace] GC(36) Metaspace: 281411K(370176K)->281411K(370176K) NonClass: 80066K(86080K)->80066K(86080K) Class: 201345K(284096K)->201345K(284096K)
[100.846s][info][gc          ] GC(36) Pause Young (System.gc()) 800M->800M(5676M) 1.081ms
[101.493s][info][gc,metaspace] GC(37) Metaspace: 281411K(370176K)->281411K(370176K) NonClass: 80066K(86080K)->80066K(86080K) Class: 201345K(284096K)->201345K(284096K)
[101.493s][info][gc          ] GC(37) Pause Full (System.gc()) 800M->800M(5676M) 646.661ms
[101.494s][info][gc,metaspace] GC(38) Metaspace: 281411K(370176K)->281411K(370176K) NonClass: 80066K(86080K)->80066K(86080K) Class: 201345K(284096K)->201345K(284096K)
[101.494s][info][gc          ] GC(38) Pause Young (System.gc()) 800M->800M(5802M) 0.870ms
[102.145s][info][gc,metaspace] GC(39) Metaspace: 281411K(370176K)->281411K(370176K) NonClass: 80066K(86080K)->80066K(86080K) Class: 201345K(284096K)->201345K(284096K)
[102.145s][info][gc          ] GC(39) Pause Full (System.gc()) 800M->800M(5802M) 650.963ms
[102.147s][info][gc,metaspace] GC(40) Metaspace: 281411K(370176K)->281411K(370176K) NonClass: 80066K(86080K)->80066K(86080K) Class: 201345K(284096K)->201345K(284096K)
[102.147s][info][gc          ] GC(40) Pause Young (System.gc()) 800M->800M(5823M) 2.209ms
[102.792s][info][gc,metaspace] GC(41) Metaspace: 281411K(370176K)->281411K(370176K) NonClass: 80066K(86080K)->80066K(86080K) Class: 201345K(284096K)->201345K(284096K)
[102.792s][info][gc          ] GC(41) Pause Full (System.gc()) 800M->800M(5823M) 645.034ms
[102.793s][info][gc,metaspace] GC(42) Metaspace: 281411K(370176K)->281411K(370176K) NonClass: 80066K(86080K)->80066K(86080K) Class: 201345K(284096K)->201345K(284096K)
[102.794s][info][gc          ] GC(42) Pause Young (System.gc()) 800M->800M(5812M) 0.898ms
[103.430s][info][gc,metaspace] GC(43) Metaspace: 281411K(370176K)->281411K(370176K) NonClass: 80066K(86080K)->80066K(86080K) Class: 201345K(284096K)->201345K(284096K)
[103.430s][info][gc          ] GC(43) Pause Full (System.gc()) 800M->800M(5812M) 636.045ms
[103.436s][info][gc,metaspace] GC(44) Metaspace: 281411K(370176K)->281411K(370176K) NonClass: 80066K(86080K)->80066K(86080K) Class: 201345K(284096K)->201345K(284096K)
[103.436s][info][gc          ] GC(44) Pause Young (System.gc()) 800M->800M(5849M) 2.312ms
[104.092s][info][gc,metaspace] GC(45) Metaspace: 281411K(370176K)->281411K(370176K) NonClass: 80066K(86080K)->80066K(86080K) Class: 201345K(284096K)->201345K(284096K)
[104.092s][info][gc          ] GC(45) Pause Full (System.gc()) 800M->800M(5849M) 655.565ms
[104.094s][info][gc,metaspace] GC(46) Metaspace: 281411K(370176K)->281411K(370176K) NonClass: 80066K(86080K)->80066K(86080K) Class: 201345K(284096K)->201345K(284096K)
[104.094s][info][gc          ] GC(46) Pause Young (System.gc()) 800M->800M(5835M) 1.892ms
[104.729s][info][gc,metaspace] GC(47) Metaspace: 281411K(370176K)->281411K(370176K) NonClass: 80066K(86080K)->80066K(86080K) Class: 201345K(284096K)->201345K(284096K)
[104.729s][info][gc          ] GC(47) Pause Full (System.gc()) 800M->800M(5835M) 635.341ms
[104.732s][info][gc,metaspace] GC(48) Metaspace: 281411K(370176K)->281411K(370176K) NonClass: 80066K(86080K)->80066K(86080K) Class: 201345K(284096K)->201345K(284096K)
[104.732s][info][gc          ] GC(48) Pause Young (System.gc()) 800M->800M(5876M) 2.164ms
[105.370s][info][gc,metaspace] GC(49) Metaspace: 281411K(370176K)->281411K(370176K) NonClass: 80066K(86080K)->80066K(86080K) Class: 201345K(284096K)->201345K(284096K)
[105.370s][info][gc          ] GC(49) Pause Full (System.gc()) 800M->800M(5876M) 638.624ms
[105.373s][info][gc,metaspace] GC(50) Metaspace: 281411K(370176K)->281411K(370176K) NonClass: 80066K(86080K)->80066K(86080K) Class: 201345K(284096K)->201345K(284096K)
[105.373s][info][gc          ] GC(50) Pause Young (System.gc()) 800M->800M(5862M) 2.117ms
[105.996s][info][gc,metaspace] GC(51) Metaspace: 281411K(370176K)->281411K(370176K) NonClass: 80066K(86080K)->80066K(86080K) Class: 201345K(284096K)->201345K(284096K)
[105.996s][info][gc          ] GC(51) Pause Full (System.gc()) 800M->800M(5862M) 623.577ms
[105.998s][info][gc,metaspace] GC(52) Metaspace: 281411K(370176K)->281411K(370176K) NonClass: 80066K(86080K)->80066K(86080K) Class: 201345K(284096K)->201345K(284096K)
[105.998s][info][gc          ] GC(52) Pause Young (System.gc()) 800M->800M(5904M) 1.956ms
[106.629s][info][gc,metaspace] GC(53) Metaspace: 281411K(370176K)->281411K(370176K) NonClass: 80066K(86080K)->80066K(86080K) Class: 201345K(284096K)->201345K(284096K)
[106.629s][info][gc          ] GC(53) Pause Full (System.gc()) 800M->800M(5904M) 630.186ms
[106.629s][info][gc,metaspace] GC(54) Metaspace: 281411K(370176K)->281411K(370176K) NonClass: 80066K(86080K)->80066K(86080K) Class: 201345K(284096K)->201345K(284096K)
[106.629s][info][gc          ] GC(54) Pause Young (System.gc()) 800M->800M(5890M) 0.706ms
[107.359s][info][gc,metaspace] GC(55) Metaspace: 281411K(370176K)->281411K(370176K) NonClass: 80066K(86080K)->80066K(86080K) Class: 201345K(284096K)->201345K(284096K)
[107.359s][info][gc          ] GC(55) Pause Full (System.gc()) 800M->800M(5890M) 729.132ms
[107.360s][info][gc,metaspace] GC(56) Metaspace: 281411K(370176K)->281411K(370176K) NonClass: 80066K(86080K)->80066K(86080K) Class: 201345K(284096K)->201345K(284096K)
[107.360s][info][gc          ] GC(56) Pause Young (System.gc()) 800M->800M(5930M) 0.828ms
[108.085s][info][gc,metaspace] GC(57) Metaspace: 281411K(370176K)->281411K(370176K) NonClass: 80066K(86080K)->80066K(86080K) Class: 201345K(284096K)->201345K(284096K)
[108.085s][info][gc          ] GC(57) Pause Full (System.gc()) 800M->800M(5930M) 725.086ms
[108.087s][info][gc,metaspace] GC(58) Metaspace: 281411K(370176K)->281411K(370176K) NonClass: 80066K(86080K)->80066K(86080K) Class: 201345K(284096K)->201345K(284096K)
[108.087s][info][gc          ] GC(58) Pause Young (System.gc()) 800M->800M(5917M) 2.150ms
[108.727s][info][gc,metaspace] GC(59) Metaspace: 281411K(370176K)->281411K(370176K) NonClass: 80066K(86080K)->80066K(86080K) Class: 201345K(284096K)->201345K(284096K)
[108.727s][info][gc          ] GC(59) Pause Full (System.gc()) 800M->800M(5917M) 639.619ms
[108.729s][info][gc,metaspace] GC(60) Metaspace: 281411K(370176K)->281411K(370176K) NonClass: 80066K(86080K)->80066K(86080K) Class: 201345K(284096K)->201345K(284096K)
[108.729s][info][gc          ] GC(60) Pause Young (System.gc()) 800M->800M(5956M) 2.044ms
[109.368s][info][gc,metaspace] GC(61) Metaspace: 281411K(370176K)->281411K(370176K) NonClass: 80066K(86080K)->80066K(86080K) Class: 201345K(284096K)->201345K(284096K)
[109.368s][info][gc          ] GC(61) Pause Full (System.gc()) 800M->800M(5956M) 638.830ms
[109.370s][info][gc,metaspace] GC(62) Metaspace: 281411K(370176K)->281411K(370176K) NonClass: 80066K(86080K)->80066K(86080K) Class: 201345K(284096K)->201345K(284096K)
[109.370s][info][gc          ] GC(62) Pause Young (System.gc()) 800M->800M(5943M) 1.934ms
[109.993s][info][gc,metaspace] GC(63) Metaspace: 281411K(370176K)->281411K(370176K) NonClass: 80066K(86080K)->80066K(86080K) Class: 201345K(284096K)->201345K(284096K)
[109.993s][info][gc          ] GC(63) Pause Full (System.gc()) 800M->800M(5943M) 622.672ms
[109.995s][info][gc,metaspace] GC(64) Metaspace: 281411K(370176K)->281411K(370176K) NonClass: 80066K(86080K)->80066K(86080K) Class: 201345K(284096K)->201345K(284096K)
[109.995s][info][gc          ] GC(64) Pause Young (System.gc()) 800M->800M(5979M) 2.196ms
[110.633s][info][gc,metaspace] GC(65) Metaspace: 281411K(370176K)->281411K(370176K) NonClass: 80066K(86080K)->80066K(86080K) Class: 201345K(284096K)->201345K(284096K)
[110.633s][info][gc          ] GC(65) Pause Full (System.gc()) 800M->800M(5979M) 638.394ms
[110.634s][info][gc,metaspace] GC(66) Metaspace: 281411K(370176K)->281411K(370176K) NonClass: 80066K(86080K)->80066K(86080K) Class: 201345K(284096K)->201345K(284096K)
[110.634s][info][gc          ] GC(66) Pause Young (System.gc()) 800M->800M(5968M) 0.796ms
[111.259s][info][gc,metaspace] GC(67) Metaspace: 281411K(370176K)->281411K(370176K) NonClass: 80066K(86080K)->80066K(86080K) Class: 201345K(284096K)->201345K(284096K)
[111.259s][info][gc          ] GC(67) Pause Full (System.gc()) 800M->800M(5968M) 625.070ms
[111.262s][info][gc,metaspace] GC(68) Metaspace: 281411K(370176K)->281411K(370176K) NonClass: 80066K(86080K)->80066K(86080K) Class: 201345K(284096K)->201345K(284096K)
[111.262s][info][gc          ] GC(68) Pause Young (System.gc()) 800M->800M(6000M) 2.189ms
[111.887s][info][gc,metaspace] GC(69) Metaspace: 281411K(370176K)->281411K(370176K) NonClass: 80066K(86080K)->80066K(86080K) Class: 201345K(284096K)->201345K(284096K)
[111.887s][info][gc          ] GC(69) Pause Full (System.gc()) 800M->800M(6000M) 625.093ms
[111.889s][info][gc,metaspace] GC(70) Metaspace: 281411K(370176K)->281411K(370176K) NonClass: 80066K(86080K)->80066K(86080K) Class: 201345K(284096K)->201345K(284096K)
[111.889s][info][gc          ] GC(70) Pause Young (System.gc()) 800M->800M(5990M) 1.966ms
[112.510s][info][gc,metaspace] GC(71) Metaspace: 281411K(370176K)->281411K(370176K) NonClass: 80066K(86080K)->80066K(86080K) Class: 201345K(284096K)->201345K(284096K)
[112.511s][info][gc          ] GC(71) Pause Full (System.gc()) 800M->800M(5990M) 621.412ms
[112.513s][info][gc,metaspace] GC(72) Metaspace: 281411K(370176K)->281411K(370176K) NonClass: 80066K(86080K)->80066K(86080K) Class: 201345K(284096K)->201345K(284096K)
[112.513s][info][gc          ] GC(72) Pause Young (System.gc()) 800M->800M(6019M) 2.272ms
[113.145s][info][gc,metaspace] GC(73) Metaspace: 281411K(370176K)->281411K(370176K) NonClass: 80066K(86080K)->80066K(86080K) Class: 201345K(284096K)->201345K(284096K)
[113.145s][info][gc          ] GC(73) Pause Full (System.gc()) 800M->800M(6019M) 632.423ms
[113.147s][info][gc,metaspace] GC(74) Metaspace: 281411K(370176K)->281411K(370176K) NonClass: 80066K(86080K)->80066K(86080K) Class: 201345K(284096K)->201345K(284096K)
[113.147s][info][gc          ] GC(74) Pause Young (System.gc()) 800M->800M(6010M) 1.823ms
[113.776s][info][gc,metaspace] GC(75) Metaspace: 281411K(370176K)->281411K(370176K) NonClass: 80066K(86080K)->80066K(86080K) Class: 201345K(284096K)->201345K(284096K)
[113.776s][info][gc          ] GC(75) Pause Full (System.gc()) 800M->800M(6010M) 628.510ms
[113.783s][info][gc,metaspace] GC(76) Metaspace: 281411K(370176K)->281411K(370176K) NonClass: 80066K(86080K)->80066K(86080K) Class: 201345K(284096K)->201345K(284096K)
[113.783s][info][gc          ] GC(76) Pause Young (System.gc()) 800M->800M(6036M) 2.099ms
[114.430s][info][gc,metaspace] GC(77) Metaspace: 281411K(370176K)->281411K(370176K) NonClass: 80066K(86080K)->80066K(86080K) Class: 201345K(284096K)->201345K(284096K)
[114.430s][info][gc          ] GC(77) Pause Full (System.gc()) 800M->800M(6036M) 647.679ms
[114.432s][info][gc,metaspace] GC(78) Metaspace: 281411K(370176K)->281411K(370176K) NonClass: 80066K(86080K)->80066K(86080K) Class: 201345K(284096K)->201345K(284096K)
[114.433s][info][gc          ] GC(78) Pause Young (System.gc()) 800M->800M(6028M) 2.101ms
[115.060s][info][gc,metaspace] GC(79) Metaspace: 281411K(370176K)->281411K(370176K) NonClass: 80066K(86080K)->80066K(86080K) Class: 201345K(284096K)->201345K(284096K)
[115.060s][info][gc          ] GC(79) Pause Full (System.gc()) 800M->800M(6028M) 627.524ms
[115.062s][info][gc,metaspace] GC(80) Metaspace: 281411K(370176K)->281411K(370176K) NonClass: 80066K(86080K)->80066K(86080K) Class: 201345K(284096K)->201345K(284096K)
[115.062s][info][gc          ] GC(80) Pause Young (System.gc()) 800M->800M(6052M) 2.228ms
[115.714s][info][gc,metaspace] GC(81) Metaspace: 281411K(370176K)->281411K(370176K) NonClass: 80066K(86080K)->80066K(86080K) Class: 201345K(284096K)->201345K(284096K)
[115.714s][info][gc          ] GC(81) Pause Full (System.gc()) 800M->800M(6052M) 651.304ms
[115.715s][info][gc,metaspace] GC(82) Metaspace: 281411K(370176K)->281411K(370176K) NonClass: 80066K(86080K)->80066K(86080K) Class: 201345K(284096K)->201345K(284096K)
[115.715s][info][gc          ] GC(82) Pause Young (System.gc()) 800M->800M(6044M) 0.732ms
[116.353s][info][gc,metaspace] GC(83) Metaspace: 281411K(370176K)->281411K(370176K) NonClass: 80066K(86080K)->80066K(86080K) Class: 201345K(284096K)->201345K(284096K)
[116.354s][info][gc          ] GC(83) Pause Full (System.gc()) 800M->800M(6044M) 638.764ms
[116.356s][info][gc,metaspace] GC(84) Metaspace: 281411K(370176K)->281411K(370176K) NonClass: 80066K(86080K)->80066K(86080K) Class: 201345K(284096K)->201345K(284096K)
[116.356s][info][gc          ] GC(84) Pause Young (System.gc()) 800M->800M(6065M) 1.962ms
[117.001s][info][gc,metaspace] GC(85) Metaspace: 281411K(370176K)->281411K(370176K) NonClass: 80066K(86080K)->80066K(86080K) Class: 201345K(284096K)->201345K(284096K)
[117.001s][info][gc          ] GC(85) Pause Full (System.gc()) 800M->800M(6065M) 645.793ms
[117.004s][info][gc,metaspace] GC(86) Metaspace: 281411K(370176K)->281411K(370176K) NonClass: 80066K(86080K)->80066K(86080K) Class: 201345K(284096K)->201345K(284096K)
[117.004s][info][gc          ] GC(86) Pause Young (System.gc()) 800M->800M(6058M) 2.036ms
[117.747s][info][gc,metaspace] GC(87) Metaspace: 281411K(370176K)->281411K(370176K) NonClass: 80066K(86080K)->80066K(86080K) Class: 201345K(284096K)->201345K(284096K)
[117.747s][info][gc          ] GC(87) Pause Full (System.gc()) 800M->800M(6058M) 743.635ms
[117.749s][info][gc,metaspace] GC(88) Metaspace: 281411K(370176K)->281411K(370176K) NonClass: 80066K(86080K)->80066K(86080K) Class: 201345K(284096K)->201345K(284096K)
[117.749s][info][gc          ] GC(88) Pause Young (System.gc()) 800M->800M(6076M) 1.925ms
[118.386s][info][gc,metaspace] GC(89) Metaspace: 281411K(370176K)->281411K(370176K) NonClass: 80066K(86080K)->80066K(86080K) Class: 201345K(284096K)->201345K(284096K)
[118.387s][info][gc          ] GC(89) Pause Full (System.gc()) 800M->800M(6076M) 637.073ms
[118.389s][info][gc,metaspace] GC(90) Metaspace: 281411K(370176K)->281411K(370176K) NonClass: 80066K(86080K)->80066K(86080K) Class: 201345K(284096K)->201345K(284096K)
[118.389s][info][gc          ] GC(90) Pause Young (System.gc()) 800M->800M(6071M) 1.822ms
[119.028s][info][gc,metaspace] GC(91) Metaspace: 281411K(370176K)->281411K(370176K) NonClass: 80066K(86080K)->80066K(86080K) Class: 201345K(284096K)->201345K(284096K)
[119.028s][info][gc          ] GC(91) Pause Full (System.gc()) 800M->800M(6071M) 639.513ms
[119.029s][info][gc,metaspace] GC(92) Metaspace: 281411K(370176K)->281411K(370176K) NonClass: 80066K(86080K)->80066K(86080K) Class: 201345K(284096K)->201345K(284096K)
[119.033s][info][gc          ] GC(92) Pause Young (System.gc()) 800M->800M(6086M) 4.762ms
[119.844s][info][gc,metaspace] GC(93) Metaspace: 281411K(370176K)->281411K(370176K) NonClass: 80066K(86080K)->80066K(86080K) Class: 201345K(284096K)->201345K(284096K)
[119.844s][info][gc          ] GC(93) Pause Full (System.gc()) 800M->800M(6086M) 810.750ms
[119.846s][info][gc,metaspace] GC(94) Metaspace: 281411K(370176K)->281411K(370176K) NonClass: 80066K(86080K)->80066K(86080K) Class: 201345K(284096K)->201345K(284096K)
[119.846s][info][gc          ] GC(94) Pause Young (System.gc()) 800M->800M(6081M) 2.096ms
[120.478s][info][gc,metaspace] GC(95) Metaspace: 281411K(370176K)->281411K(370176K) NonClass: 80066K(86080K)->80066K(86080K) Class: 201345K(284096K)->201345K(284096K)
[120.478s][info][gc          ] GC(95) Pause Full (System.gc()) 800M->800M(6081M) 632.149ms
[120.480s][info][gc,metaspace] GC(96) Metaspace: 281411K(370176K)->281411K(370176K) NonClass: 80066K(86080K)->80066K(86080K) Class: 201345K(284096K)->201345K(284096K)
[120.480s][info][gc          ] GC(96) Pause Young (System.gc()) 800M->800M(6095M) 2.008ms
[121.111s][info][gc,metaspace] GC(97) Metaspace: 281411K(370176K)->281411K(370176K) NonClass: 80066K(86080K)->80066K(86080K) Class: 201345K(284096K)->201345K(284096K)
[121.111s][info][gc          ] GC(97) Pause Full (System.gc()) 800M->800M(6095M) 630.817ms
[121.113s][info][gc,metaspace] GC(98) Metaspace: 281411K(370176K)->281411K(370176K) NonClass: 80066K(86080K)->80066K(86080K) Class: 201345K(284096K)->201345K(284096K)
[121.113s][info][gc          ] GC(98) Pause Young (System.gc()) 800M->800M(6091M) 1.899ms
[121.736s][info][gc,metaspace] GC(99) Metaspace: 281411K(370176K)->281411K(370176K) NonClass: 80066K(86080K)->80066K(86080K) Class: 201345K(284096K)->201345K(284096K)
[121.736s][info][gc          ] GC(99) Pause Full (System.gc()) 800M->800M(6091M) 622.208ms
[121.738s][info][gc,metaspace] GC(100) Metaspace: 281411K(370176K)->281411K(370176K) NonClass: 80066K(86080K)->80066K(86080K) Class: 201345K(284096K)->201345K(284096K)
[121.738s][info][gc          ] GC(100) Pause Young (System.gc()) 800M->800M(6102M) 1.938ms
[122.386s][info][gc,metaspace] GC(101) Metaspace: 281411K(370176K)->281411K(370176K) NonClass: 80066K(86080K)->80066K(86080K) Class: 201345K(284096K)->201345K(284096K)
[122.386s][info][gc          ] GC(101) Pause Full (System.gc()) 800M->800M(6102M) 648.671ms
[122.387s][info][gc,metaspace] GC(102) Metaspace: 281411K(370176K)->281411K(370176K) NonClass: 80066K(86080K)->80066K(86080K) Class: 201345K(284096K)->201345K(284096K)
[122.387s][info][gc          ] GC(102) Pause Young (System.gc()) 800M->800M(6099M) 0.734ms
[123.024s][info][gc,metaspace] GC(103) Metaspace: 281411K(370176K)->281411K(370176K) NonClass: 80066K(86080K)->80066K(86080K) Class: 201345K(284096K)->201345K(284096K)
[123.024s][info][gc          ] GC(103) Pause Full (System.gc()) 800M->800M(6099M) 636.933ms
[123.027s][info][gc,metaspace] GC(104) Metaspace: 281411K(370176K)->281411K(370176K) NonClass: 80066K(86080K)->80066K(86080K) Class: 201345K(284096K)->201345K(284096K)
[123.027s][info][gc          ] GC(104) Pause Young (System.gc()) 800M->800M(6109M) 2.206ms
[123.679s][info][gc,metaspace] GC(105) Metaspace: 281411K(370176K)->281411K(370176K) NonClass: 80066K(86080K)->80066K(86080K) Class: 201345K(284096K)->201345K(284096K)
[123.679s][info][gc          ] GC(105) Pause Full (System.gc()) 800M->800M(6109M) 652.193ms
[123.681s][info][gc,metaspace] GC(106) Metaspace: 281411K(370176K)->281411K(370176K) NonClass: 80066K(86080K)->80066K(86080K) Class: 201345K(284096K)->201345K(284096K)
[123.681s][info][gc          ] GC(106) Pause Young (System.gc()) 800M->800M(6105M) 1.866ms
[124.307s][info][gc,metaspace] GC(107) Metaspace: 281411K(370176K)->281411K(370176K) NonClass: 80066K(86080K)->80066K(86080K) Class: 201345K(284096K)->201345K(284096K)
[124.307s][info][gc          ] GC(107) Pause Full (System.gc()) 800M->800M(6105M) 626.277ms
[124.312s][info][gc,metaspace] GC(108) Metaspace: 281411K(370176K)->281411K(370176K) NonClass: 80066K(86080K)->80066K(86080K) Class: 201345K(284096K)->201345K(284096K)
[124.312s][info][gc          ] GC(108) Pause Young (System.gc()) 813M->800M(6114M) 0.832ms
[124.951s][info][gc,metaspace] GC(109) Metaspace: 281411K(370176K)->281411K(370176K) NonClass: 80066K(86080K)->80066K(86080K) Class: 201345K(284096K)->201345K(284096K)
[124.951s][info][gc          ] GC(109) Pause Full (System.gc()) 800M->800M(6114M) 638.447ms
[124.952s][info][gc,metaspace] GC(110) Metaspace: 281411K(370176K)->281411K(370176K) NonClass: 80066K(86080K)->80066K(86080K) Class: 201345K(284096K)->201345K(284096K)
[124.952s][info][gc          ] GC(110) Pause Young (System.gc()) 800M->800M(6111M) 0.754ms
[125.582s][info][gc,metaspace] GC(111) Metaspace: 281411K(370176K)->281411K(370176K) NonClass: 80066K(86080K)->80066K(86080K) Class: 201345K(284096K)->201345K(284096K)
[125.582s][info][gc          ] GC(111) Pause Full (System.gc()) 800M->800M(6111M) 630.246ms
[125.584s][info][gc,metaspace] GC(112) Metaspace: 281411K(370176K)->281411K(370176K) NonClass: 80066K(86080K)->80066K(86080K) Class: 201345K(284096K)->201345K(284096K)
[125.584s][info][gc          ] GC(112) Pause Young (System.gc()) 800M->800M(6119M) 1.945ms
[126.219s][info][gc,metaspace] GC(113) Metaspace: 281411K(370176K)->281411K(370176K) NonClass: 80066K(86080K)->80066K(86080K) Class: 201345K(284096K)->201345K(284096K)
[126.219s][info][gc          ] GC(113) Pause Full (System.gc()) 800M->800M(6119M) 635.262ms
[126.221s][info][gc,metaspace] GC(114) Metaspace: 281411K(370176K)->281411K(370176K) NonClass: 80066K(86080K)->80066K(86080K) Class: 201345K(284096K)->201345K(284096K)
[126.221s][info][gc          ] GC(114) Pause Young (System.gc()) 800M->800M(6116M) 1.811ms
[126.853s][info][gc,metaspace] GC(115) Metaspace: 281411K(370176K)->281411K(370176K) NonClass: 80066K(86080K)->80066K(86080K) Class: 201345K(284096K)->201345K(284096K)
[126.853s][info][gc          ] GC(115) Pause Full (System.gc()) 800M->800M(6116M) 631.984ms
[126.855s][info][gc,metaspace] GC(116) Metaspace: 281411K(370176K)->281411K(370176K) NonClass: 80066K(86080K)->80066K(86080K) Class: 201345K(284096K)->201345K(284096K)
[126.855s][info][gc          ] GC(116) Pause Young (System.gc()) 800M->800M(6123M) 1.885ms
[127.497s][info][gc,metaspace] GC(117) Metaspace: 281411K(370176K)->281411K(370176K) NonClass: 80066K(86080K)->80066K(86080K) Class: 201345K(284096K)->201345K(284096K)
[127.498s][info][gc          ] GC(117) Pause Full (System.gc()) 800M->800M(6123M) 642.030ms
[127.499s][info][gc,metaspace] GC(118) Metaspace: 281411K(370176K)->281411K(370176K) NonClass: 80066K(86080K)->80066K(86080K) Class: 201345K(284096K)->201345K(284096K)
[127.499s][info][gc          ] GC(118) Pause Young (System.gc()) 800M->800M(6121M) 0.859ms
[128.295s][info][gc,metaspace] GC(119) Metaspace: 281411K(370176K)->281411K(370176K) NonClass: 80066K(86080K)->80066K(86080K) Class: 201345K(284096K)->201345K(284096K)
[128.295s][info][gc          ] GC(119) Pause Full (System.gc()) 800M->800M(6121M) 796.013ms
[128.297s][info][gc,metaspace] GC(120) Metaspace: 281411K(370176K)->281411K(370176K) NonClass: 80066K(86080K)->80066K(86080K) Class: 201345K(284096K)->201345K(284096K)
[128.297s][info][gc          ] GC(120) Pause Young (System.gc()) 800M->800M(6126M) 1.938ms
[128.927s][info][gc,metaspace] GC(121) Metaspace: 281411K(370176K)->281411K(370176K) NonClass: 80066K(86080K)->80066K(86080K) Class: 201345K(284096K)->201345K(284096K)
[128.927s][info][gc          ] GC(121) Pause Full (System.gc()) 800M->800M(6126M) 630.347ms
[128.929s][info][gc,metaspace] GC(122) Metaspace: 281411K(370176K)->281411K(370176K) NonClass: 80066K(86080K)->80066K(86080K) Class: 201345K(284096K)->201345K(284096K)
[128.929s][info][gc          ] GC(122) Pause Young (System.gc()) 800M->800M(6124M) 1.847ms
[129.556s][info][gc,metaspace] GC(123) Metaspace: 281411K(370176K)->281411K(370176K) NonClass: 80066K(86080K)->80066K(86080K) Class: 201345K(284096K)->201345K(284096K)
[129.556s][info][gc          ] GC(123) Pause Full (System.gc()) 800M->800M(6124M) 626.788ms
[129.558s][info][gc,metaspace] GC(124) Metaspace: 281411K(370176K)->281411K(370176K) NonClass: 80066K(86080K)->80066K(86080K) Class: 201345K(284096K)->201345K(284096K)
[129.558s][info][gc          ] GC(124) Pause Young (System.gc()) 800M->800M(6129M) 2.133ms
[130.213s][info][gc,metaspace] GC(125) Metaspace: 281411K(370176K)->281411K(370176K) NonClass: 80066K(86080K)->80066K(86080K) Class: 201345K(284096K)->201345K(284096K)
[130.213s][info][gc          ] GC(125) Pause Full (System.gc()) 800M->800M(6129M) 654.581ms
[130.214s][info][gc,metaspace] GC(126) Metaspace: 281411K(370176K)->281411K(370176K) NonClass: 80066K(86080K)->80066K(86080K) Class: 201345K(284096K)->201345K(284096K)
[130.214s][info][gc          ] GC(126) Pause Young (System.gc()) 800M->800M(6127M) 0.736ms
[130.846s][info][gc,metaspace] GC(127) Metaspace: 281411K(370176K)->281411K(370176K) NonClass: 80066K(86080K)->80066K(86080K) Class: 201345K(284096K)->201345K(284096K)
[130.846s][info][gc          ] GC(127) Pause Full (System.gc()) 800M->800M(6127M) 631.780ms
[130.848s][info][gc,metaspace] GC(128) Metaspace: 281411K(370176K)->281411K(370176K) NonClass: 80066K(86080K)->80066K(86080K) Class: 201345K(284096K)->201345K(284096K)
[130.848s][info][gc          ] GC(128) Pause Young (System.gc()) 800M->800M(6131M) 2.188ms
[131.483s][info][gc,metaspace] GC(129) Metaspace: 281411K(370176K)->281411K(370176K) NonClass: 80066K(86080K)->80066K(86080K) Class: 201345K(284096K)->201345K(284096K)
[131.483s][info][gc          ] GC(129) Pause Full (System.gc()) 800M->800M(6131M) 634.721ms
[131.484s][info][gc,metaspace] GC(130) Metaspace: 281411K(370176K)->281411K(370176K) NonClass: 80066K(86080K)->80066K(86080K) Class: 201345K(284096K)->201345K(284096K)
[131.484s][info][gc          ] GC(130) Pause Young (System.gc()) 800M->800M(6130M) 0.856ms
[132.122s][info][gc,metaspace] GC(131) Metaspace: 281411K(370176K)->281411K(370176K) NonClass: 80066K(86080K)->80066K(86080K) Class: 201345K(284096K)->201345K(284096K)
[132.122s][info][gc          ] GC(131) Pause Full (System.gc()) 800M->800M(6130M) 638.716ms
[132.125s][info][gc,metaspace] GC(132) Metaspace: 281411K(370176K)->281411K(370176K) NonClass: 80066K(86080K)->80066K(86080K) Class: 201345K(284096K)->201345K(284096K)
[132.125s][info][gc          ] GC(132) Pause Young (System.gc()) 800M->800M(6133M) 1.938ms
[132.754s][info][gc,metaspace] GC(133) Metaspace: 281411K(370176K)->281411K(370176K) NonClass: 80066K(86080K)->80066K(86080K) Class: 201345K(284096K)->201345K(284096K)
[132.754s][info][gc          ] GC(133) Pause Full (System.gc()) 800M->800M(6133M) 629.358ms
[132.756s][info][gc,metaspace] GC(134) Metaspace: 281411K(370176K)->281411K(370176K) NonClass: 80066K(86080K)->80066K(86080K) Class: 201345K(284096K)->201345K(284096K)
[132.756s][info][gc          ] GC(134) Pause Young (System.gc()) 800M->800M(6132M) 1.806ms
[133.387s][info][gc,metaspace] GC(135) Metaspace: 281411K(370176K)->281411K(370176K) NonClass: 80066K(86080K)->80066K(86080K) Class: 201345K(284096K)->201345K(284096K)
[133.387s][info][gc          ] GC(135) Pause Full (System.gc()) 800M->800M(6132M) 631.377ms
[133.389s][info][gc,metaspace] GC(136) Metaspace: 281411K(370176K)->281411K(370176K) NonClass: 80066K(86080K)->80066K(86080K) Class: 201345K(284096K)->201345K(284096K)
[133.389s][info][gc          ] GC(136) Pause Young (System.gc()) 800M->800M(6135M) 1.882ms
[134.019s][info][gc,metaspace] GC(137) Metaspace: 281411K(370176K)->281411K(370176K) NonClass: 80066K(86080K)->80066K(86080K) Class: 201345K(284096K)->201345K(284096K)
[134.019s][info][gc          ] GC(137) Pause Full (System.gc()) 800M->800M(6135M) 629.941ms
[134.021s][info][gc,metaspace] GC(138) Metaspace: 281411K(370176K)->281411K(370176K) NonClass: 80066K(86080K)->80066K(86080K) Class: 201345K(284096K)->201345K(284096K)
[134.021s][info][gc          ] GC(138) Pause Young (System.gc()) 800M->800M(6134M) 1.932ms
[134.650s][info][gc,metaspace] GC(139) Metaspace: 281411K(370176K)->281411K(370176K) NonClass: 80066K(86080K)->80066K(86080K) Class: 201345K(284096K)->201345K(284096K)
[134.650s][info][gc          ] GC(139) Pause Full (System.gc()) 800M->800M(6134M) 628.602ms
[134.655s][info][gc,metaspace] GC(140) Metaspace: 281411K(370176K)->281411K(370176K) NonClass: 80066K(86080K)->80066K(86080K) Class: 201345K(284096K)->201345K(284096K)
[134.655s][info][gc          ] GC(140) Pause Young (System.gc()) 800M->800M(6136M) 0.969ms
[135.305s][info][gc,metaspace] GC(141) Metaspace: 281411K(370176K)->281411K(370176K) NonClass: 80066K(86080K)->80066K(86080K) Class: 201345K(284096K)->201345K(284096K)
[135.305s][info][gc          ] GC(141) Pause Full (System.gc()) 800M->800M(6136M) 649.741ms
[135.307s][info][gc,metaspace] GC(142) Metaspace: 281411K(370176K)->281411K(370176K) NonClass: 80066K(86080K)->80066K(86080K) Class: 201345K(284096K)->201345K(284096K)
[135.307s][info][gc          ] GC(142) Pause Young (System.gc()) 800M->800M(6136M) 1.949ms
[135.928s][info][gc,metaspace] GC(143) Metaspace: 281411K(370176K)->281411K(370176K) NonClass: 80066K(86080K)->80066K(86080K) Class: 201345K(284096K)->201345K(284096K)
[135.928s][info][gc          ] GC(143) Pause Full (System.gc()) 800M->800M(6136M) 620.984ms
[135.929s][info][gc,metaspace] GC(144) Metaspace: 281411K(370176K)->281411K(370176K) NonClass: 80066K(86080K)->80066K(86080K) Class: 201345K(284096K)->201345K(284096K)
[135.929s][info][gc          ] GC(144) Pause Young (System.gc()) 800M->800M(6137M) 0.784ms
[136.557s][info][gc,metaspace] GC(145) Metaspace: 281411K(370176K)->281411K(370176K) NonClass: 80066K(86080K)->80066K(86080K) Class: 201345K(284096K)->201345K(284096K)
[136.557s][info][gc          ] GC(145) Pause Full (System.gc()) 800M->800M(6137M) 627.540ms
[136.558s][info][gc,metaspace] GC(146) Metaspace: 281411K(370176K)->281411K(370176K) NonClass: 80066K(86080K)->80066K(86080K) Class: 201345K(284096K)->201345K(284096K)
[136.558s][info][gc          ] GC(146) Pause Young (System.gc()) 800M->800M(6137M) 0.724ms
[137.183s][info][gc,metaspace] GC(147) Metaspace: 281411K(370176K)->281411K(370176K) NonClass: 80066K(86080K)->80066K(86080K) Class: 201345K(284096K)->201345K(284096K)
[137.183s][info][gc          ] GC(147) Pause Full (System.gc()) 800M->800M(6137M) 625.418ms
[137.185s][info][gc,metaspace] GC(148) Metaspace: 281411K(370176K)->281411K(370176K) NonClass: 80066K(86080K)->80066K(86080K) Class: 201345K(284096K)->201345K(284096K)
[137.185s][info][gc          ] GC(148) Pause Young (System.gc()) 800M->800M(6138M) 2.102ms
[137.835s][info][gc,metaspace] GC(149) Metaspace: 281411K(370176K)->281411K(370176K) NonClass: 80066K(86080K)->80066K(86080K) Class: 201345K(284096K)->201345K(284096K)
[137.835s][info][gc          ] GC(149) Pause Full (System.gc()) 800M->800M(6138M) 649.734ms
[137.838s][info][gc,metaspace] GC(150) Metaspace: 281411K(370176K)->281411K(370176K) NonClass: 80066K(86080K)->80066K(86080K) Class: 201345K(284096K)->201345K(284096K)
[137.838s][info][gc          ] GC(150) Pause Young (System.gc()) 800M->800M(6138M) 2.151ms
[138.483s][info][gc,metaspace] GC(151) Metaspace: 281411K(370176K)->281411K(370176K) NonClass: 80066K(86080K)->80066K(86080K) Class: 201345K(284096K)->201345K(284096K)
[138.483s][info][gc          ] GC(151) Pause Full (System.gc()) 800M->800M(6138M) 645.460ms
[138.485s][info][gc,metaspace] GC(152) Metaspace: 281411K(370176K)->281411K(370176K) NonClass: 80066K(86080K)->80066K(86080K) Class: 201345K(284096K)->201345K(284096K)
[138.485s][info][gc          ] GC(152) Pause Young (System.gc()) 800M->800M(6139M) 2.162ms
[139.123s][info][gc,metaspace] GC(153) Metaspace: 281411K(370176K)->281411K(370176K) NonClass: 80066K(86080K)->80066K(86080K) Class: 201345K(284096K)->201345K(284096K)
[139.123s][info][gc          ] GC(153) Pause Full (System.gc()) 800M->800M(6139M) 637.693ms
[139.125s][info][gc,metaspace] GC(154) Metaspace: 281411K(370176K)->281411K(370176K) NonClass: 80066K(86080K)->80066K(86080K) Class: 201345K(284096K)->201345K(284096K)
[139.125s][info][gc          ] GC(154) Pause Young (System.gc()) 800M->800M(6139M) 1.917ms
[139.756s][info][gc,metaspace] GC(155) Metaspace: 281411K(370176K)->281411K(370176K) NonClass: 80066K(86080K)->80066K(86080K) Class: 201345K(284096K)->201345K(284096K)
[139.756s][info][gc          ] GC(155) Pause Full (System.gc()) 800M->800M(6139M) 630.949ms
[139.763s][info][gc,metaspace] GC(156) Metaspace: 281411K(370176K)->281411K(370176K) NonClass: 80066K(86080K)->80066K(86080K) Class: 201345K(284096K)->201345K(284096K)
[139.763s][info][gc          ] GC(156) Pause Young (System.gc()) 800M->800M(6140M) 2.078ms
[140.408s][info][gc,metaspace] GC(157) Metaspace: 281411K(370176K)->281411K(370176K) NonClass: 80066K(86080K)->80066K(86080K) Class: 201345K(284096K)->201345K(284096K)
[140.408s][info][gc          ] GC(157) Pause Full (System.gc()) 800M->800M(6140M) 645.230ms
[140.410s][info][gc,metaspace] GC(158) Metaspace: 281411K(370176K)->281411K(370176K) NonClass: 80066K(86080K)->80066K(86080K) Class: 201345K(284096K)->201345K(284096K)
[140.410s][info][gc          ] GC(158) Pause Young (System.gc()) 800M->800M(6140M) 2.147ms
[141.216s][info][gc,metaspace] GC(159) Metaspace: 281411K(370176K)->281411K(370176K) NonClass: 80066K(86080K)->80066K(86080K) Class: 201345K(284096K)->201345K(284096K)
[141.217s][info][gc          ] GC(159) Pause Full (System.gc()) 800M->800M(6140M) 806.231ms
[141.217s][info][gc,metaspace] GC(160) Metaspace: 281411K(370176K)->281411K(370176K) NonClass: 80066K(86080K)->80066K(86080K) Class: 201345K(284096K)->201345K(284096K)
[141.217s][info][gc          ] GC(160) Pause Young (System.gc()) 800M->800M(6141M) 0.783ms
[141.848s][info][gc,metaspace] GC(161) Metaspace: 281411K(370176K)->281411K(370176K) NonClass: 80066K(86080K)->80066K(86080K) Class: 201345K(284096K)->201345K(284096K)
[141.848s][info][gc          ] GC(161) Pause Full (System.gc()) 800M->800M(6141M) 630.915ms
[141.851s][info][gc,metaspace] GC(162) Metaspace: 281411K(370176K)->281411K(370176K) NonClass: 80066K(86080K)->80066K(86080K) Class: 201345K(284096K)->201345K(284096K)
[141.851s][info][gc          ] GC(162) Pause Young (System.gc()) 800M->800M(6140M) 1.948ms
[142.476s][info][gc,metaspace] GC(163) Metaspace: 281411K(370176K)->281411K(370176K) NonClass: 80066K(86080K)->80066K(86080K) Class: 201345K(284096K)->201345K(284096K)
[142.476s][info][gc          ] GC(163) Pause Full (System.gc()) 800M->800M(6140M) 625.919ms
[142.478s][info][gc,metaspace] GC(164) Metaspace: 281411K(370176K)->281411K(370176K) NonClass: 80066K(86080K)->80066K(86080K) Class: 201345K(284096K)->201345K(284096K)
[142.479s][info][gc          ] GC(164) Pause Young (System.gc()) 800M->800M(6141M) 1.862ms
[143.107s][info][gc,metaspace] GC(165) Metaspace: 281411K(370176K)->281411K(370176K) NonClass: 80066K(86080K)->80066K(86080K) Class: 201345K(284096K)->201345K(284096K)
[143.107s][info][gc          ] GC(165) Pause Full (System.gc()) 800M->800M(6141M) 628.397ms
[143.108s][info][gc,metaspace] GC(166) Metaspace: 281411K(370176K)->281411K(370176K) NonClass: 80066K(86080K)->80066K(86080K) Class: 201345K(284096K)->201345K(284096K)
[143.108s][info][gc          ] GC(166) Pause Young (System.gc()) 800M->800M(6141M) 0.890ms
[143.744s][info][gc,metaspace] GC(167) Metaspace: 281411K(370176K)->281411K(370176K) NonClass: 80066K(86080K)->80066K(86080K) Class: 201345K(284096K)->201345K(284096K)
[143.744s][info][gc          ] GC(167) Pause Full (System.gc()) 800M->800M(6141M) 636.379ms
[143.745s][info][gc,metaspace] GC(168) Metaspace: 281411K(370176K)->281411K(370176K) NonClass: 80066K(86080K)->80066K(86080K) Class: 201345K(284096K)->201345K(284096K)
[143.745s][info][gc          ] GC(168) Pause Young (System.gc()) 800M->800M(6141M) 0.838ms
[144.386s][info][gc,metaspace] GC(169) Metaspace: 281411K(370176K)->281411K(370176K) NonClass: 80066K(86080K)->80066K(86080K) Class: 201345K(284096K)->201345K(284096K)
[144.386s][info][gc          ] GC(169) Pause Full (System.gc()) 800M->800M(6141M) 640.189ms
[144.388s][info][gc,metaspace] GC(170) Metaspace: 281411K(370176K)->281411K(370176K) NonClass: 80066K(86080K)->80066K(86080K) Class: 201345K(284096K)->201345K(284096K)
[144.388s][info][gc          ] GC(170) Pause Young (System.gc()) 800M->800M(6141M) 1.991ms
[145.014s][info][gc,metaspace] GC(171) Metaspace: 281411K(370176K)->281411K(370176K) NonClass: 80066K(86080K)->80066K(86080K) Class: 201345K(284096K)->201345K(284096K)
[145.014s][info][gc          ] GC(171) Pause Full (System.gc()) 800M->800M(6141M) 626.532ms
[145.016s][info][gc,metaspace] GC(172) Metaspace: 281411K(370176K)->281411K(370176K) NonClass: 80066K(86080K)->80066K(86080K) Class: 201345K(284096K)->201345K(284096K)
[145.016s][info][gc          ] GC(172) Pause Young (System.gc()) 800M->800M(6142M) 1.889ms
[145.638s][info][gc,metaspace] GC(173) Metaspace: 281411K(370176K)->281411K(370176K) NonClass: 80066K(86080K)->80066K(86080K) Class: 201345K(284096K)->201345K(284096K)
[145.638s][info][gc          ] GC(173) Pause Full (System.gc()) 800M->800M(6142M) 621.122ms
[145.638s][info][gc,metaspace] GC(174) Metaspace: 281411K(370176K)->281411K(370176K) NonClass: 80066K(86080K)->80066K(86080K) Class: 201345K(284096K)->201345K(284096K)
[145.639s][info][gc          ] GC(174) Pause Young (System.gc()) 800M->800M(6142M) 0.783ms
[146.263s][info][gc,metaspace] GC(175) Metaspace: 281411K(370176K)->281411K(370176K) NonClass: 80066K(86080K)->80066K(86080K) Class: 201345K(284096K)->201345K(284096K)
[146.263s][info][gc          ] GC(175) Pause Full (System.gc()) 800M->800M(6142M) 624.924ms
[146.266s][info][gc,metaspace] GC(176) Metaspace: 281411K(370176K)->281411K(370176K) NonClass: 80066K(86080K)->80066K(86080K) Class: 201345K(284096K)->201345K(284096K)
[146.266s][info][gc          ] GC(176) Pause Young (System.gc()) 800M->800M(6142M) 1.912ms
[146.899s][info][gc,metaspace] GC(177) Metaspace: 281411K(370176K)->281411K(370176K) NonClass: 80066K(86080K)->80066K(86080K) Class: 201345K(284096K)->201345K(284096K)
[146.899s][info][gc          ] GC(177) Pause Full (System.gc()) 800M->800M(6142M) 633.642ms
[146.901s][info][gc,metaspace] GC(178) Metaspace: 281411K(370176K)->281411K(370176K) NonClass: 80066K(86080K)->80066K(86080K) Class: 201345K(284096K)->201345K(284096K)
[146.901s][info][gc          ] GC(178) Pause Young (System.gc()) 800M->800M(6142M) 2.067ms
[147.529s][info][gc,metaspace] GC(179) Metaspace: 281411K(370176K)->281411K(370176K) NonClass: 80066K(86080K)->80066K(86080K) Class: 201345K(284096K)->201345K(284096K)
[147.529s][info][gc          ] GC(179) Pause Full (System.gc()) 800M->800M(6142M) 627.352ms
[147.531s][info][gc,metaspace] GC(180) Metaspace: 281411K(370176K)->281411K(370176K) NonClass: 80066K(86080K)->80066K(86080K) Class: 201345K(284096K)->201345K(284096K)
[147.531s][info][gc          ] GC(180) Pause Young (System.gc()) 800M->800M(6142M) 1.866ms
[148.169s][info][gc,metaspace] GC(181) Metaspace: 281411K(370176K)->281411K(370176K) NonClass: 80066K(86080K)->80066K(86080K) Class: 201345K(284096K)->201345K(284096K)
[148.169s][info][gc          ] GC(181) Pause Full (System.gc()) 800M->800M(6142M) 637.743ms
[148.171s][info][gc,metaspace] GC(182) Metaspace: 281411K(370176K)->281411K(370176K) NonClass: 80066K(86080K)->80066K(86080K) Class: 201345K(284096K)->201345K(284096K)
[148.171s][info][gc          ] GC(182) Pause Young (System.gc()) 800M->800M(6142M) 1.894ms
[148.812s][info][gc,metaspace] GC(183) Metaspace: 281411K(370176K)->281411K(370176K) NonClass: 80066K(86080K)->80066K(86080K) Class: 201345K(284096K)->201345K(284096K)
[148.812s][info][gc          ] GC(183) Pause Full (System.gc()) 800M->800M(6142M) 641.289ms
[148.813s][info][gc,metaspace] GC(184) Metaspace: 281411K(370176K)->281411K(370176K) NonClass: 80066K(86080K)->80066K(86080K) Class: 201345K(284096K)->201345K(284096K)
[148.813s][info][gc          ] GC(184) Pause Young (System.gc()) 800M->800M(6143M) 0.868ms
[149.450s][info][gc,metaspace] GC(185) Metaspace: 281411K(370176K)->281411K(370176K) NonClass: 80066K(86080K)->80066K(86080K) Class: 201345K(284096K)->201345K(284096K)
[149.450s][info][gc          ] GC(185) Pause Full (System.gc()) 800M->800M(6143M) 636.768ms
[149.452s][info][gc,metaspace] GC(186) Metaspace: 281411K(370176K)->281411K(370176K) NonClass: 80066K(86080K)->80066K(86080K) Class: 201345K(284096K)->201345K(284096K)
[149.452s][info][gc          ] GC(186) Pause Young (System.gc()) 800M->800M(6142M) 1.870ms
[150.080s][info][gc,metaspace] GC(187) Metaspace: 281411K(370176K)->281411K(370176K) NonClass: 80066K(86080K)->80066K(86080K) Class: 201345K(284096K)->201345K(284096K)
[150.084s][info][gc          ] GC(187) Pause Full (System.gc()) 800M->800M(6142M) 632.353ms
[150.085s][info][gc,metaspace] GC(188) Metaspace: 281411K(370176K)->281411K(370176K) NonClass: 80066K(86080K)->80066K(86080K) Class: 201345K(284096K)->201345K(284096K)
[150.085s][info][gc          ] GC(188) Pause Young (System.gc()) 800M->800M(6143M) 0.757ms
[150.721s][info][gc,metaspace] GC(189) Metaspace: 281411K(370176K)->281411K(370176K) NonClass: 80066K(86080K)->80066K(86080K) Class: 201345K(284096K)->201345K(284096K)
[150.721s][info][gc          ] GC(189) Pause Full (System.gc()) 800M->800M(6143M) 636.198ms
[150.724s][info][gc,metaspace] GC(190) Metaspace: 281411K(370176K)->281411K(370176K) NonClass: 80066K(86080K)->80066K(86080K) Class: 201345K(284096K)->201345K(284096K)
[150.724s][info][gc          ] GC(190) Pause Young (System.gc()) 800M->800M(6143M) 2.050ms
[151.350s][info][gc,metaspace] GC(191) Metaspace: 281411K(370176K)->281411K(370176K) NonClass: 80066K(86080K)->80066K(86080K) Class: 201345K(284096K)->201345K(284096K)
[151.350s][info][gc          ] GC(191) Pause Full (System.gc()) 800M->800M(6143M) 626.817ms
[151.351s][info][gc,metaspace] GC(192) Metaspace: 281411K(370176K)->281411K(370176K) NonClass: 80066K(86080K)->80066K(86080K) Class: 201345K(284096K)->201345K(284096K)
[151.351s][info][gc          ] GC(192) Pause Young (System.gc()) 800M->800M(6143M) 0.745ms
[151.994s][info][gc,metaspace] GC(193) Metaspace: 281411K(370176K)->281411K(370176K) NonClass: 80066K(86080K)->80066K(86080K) Class: 201345K(284096K)->201345K(284096K)
[151.994s][info][gc          ] GC(193) Pause Full (System.gc()) 800M->800M(6143M) 642.484ms
[151.996s][info][gc,metaspace] GC(194) Metaspace: 281411K(370176K)->281411K(370176K) NonClass: 80066K(86080K)->80066K(86080K) Class: 201345K(284096K)->201345K(284096K)
[151.996s][info][gc          ] GC(194) Pause Young (System.gc()) 800M->800M(6143M) 2.093ms
[152.634s][info][gc,metaspace] GC(195) Metaspace: 281411K(370176K)->281411K(370176K) NonClass: 80066K(86080K)->80066K(86080K) Class: 201345K(284096K)->201345K(284096K)
[152.634s][info][gc          ] GC(195) Pause Full (System.gc()) 800M->800M(6143M) 637.375ms
[152.636s][info][gc,metaspace] GC(196) Metaspace: 281411K(370176K)->281411K(370176K) NonClass: 80066K(86080K)->80066K(86080K) Class: 201345K(284096K)->201345K(284096K)
[152.636s][info][gc          ] GC(196) Pause Young (System.gc()) 800M->800M(6143M) 2.103ms
[153.258s][info][gc,metaspace] GC(197) Metaspace: 281411K(370176K)->281411K(370176K) NonClass: 80066K(86080K)->80066K(86080K) Class: 201345K(284096K)->201345K(284096K)
[153.258s][info][gc          ] GC(197) Pause Full (System.gc()) 800M->800M(6143M) 622.191ms
[153.259s][info][gc,metaspace] GC(198) Metaspace: 281411K(370176K)->281411K(370176K) NonClass: 80066K(86080K)->80066K(86080K) Class: 201345K(284096K)->201345K(284096K)
[153.259s][info][gc          ] GC(198) Pause Young (System.gc()) 800M->800M(6143M) 0.881ms
[153.885s][info][gc,metaspace] GC(199) Metaspace: 281411K(370176K)->281411K(370176K) NonClass: 80066K(86080K)->80066K(86080K) Class: 201345K(284096K)->201345K(284096K)
[153.885s][info][gc          ] GC(199) Pause Full (System.gc()) 800M->800M(6143M) 626.252ms
[153.888s][info][gc,metaspace] GC(200) Metaspace: 281411K(370176K)->281411K(370176K) NonClass: 80066K(86080K)->80066K(86080K) Class: 201345K(284096K)->201345K(284096K)
[153.888s][info][gc          ] GC(200) Pause Young (System.gc()) 800M->800M(6143M) 1.971ms
[154.517s][info][gc,metaspace] GC(201) Metaspace: 281411K(370176K)->281411K(370176K) NonClass: 80066K(86080K)->80066K(86080K) Class: 201345K(284096K)->201345K(284096K)
[154.517s][info][gc          ] GC(201) Pause Full (System.gc()) 800M->800M(6143M) 629.811ms
[154.519s][info][gc,metaspace] GC(202) Metaspace: 281411K(370176K)->281411K(370176K) NonClass: 80066K(86080K)->80066K(86080K) Class: 201345K(284096K)->201345K(284096K)
[154.519s][info][gc          ] GC(202) Pause Young (System.gc()) 800M->800M(6143M) 1.891ms
[155.151s][info][gc,metaspace] GC(203) Metaspace: 281411K(370176K)->281411K(370176K) NonClass: 80066K(86080K)->80066K(86080K) Class: 201345K(284096K)->201345K(284096K)
[155.151s][info][gc          ] GC(203) Pause Full (System.gc()) 800M->800M(6143M) 631.183ms
[155.153s][info][gc,metaspace] GC(204) Metaspace: 281411K(370176K)->281411K(370176K) NonClass: 80066K(86080K)->80066K(86080K) Class: 201345K(284096K)->201345K(284096K)
[155.153s][info][gc          ] GC(204) Pause Young (System.gc()) 800M->800M(6143M) 2.165ms
[155.778s][info][gc,metaspace] GC(205) Metaspace: 281411K(370176K)->281411K(370176K) NonClass: 80066K(86080K)->80066K(86080K) Class: 201345K(284096K)->201345K(284096K)
[155.778s][info][gc          ] GC(205) Pause Full (System.gc()) 800M->800M(6143M) 625.257ms
[155.780s][info][gc,metaspace] GC(206) Metaspace: 281411K(370176K)->281411K(370176K) NonClass: 80066K(86080K)->80066K(86080K) Class: 201345K(284096K)->201345K(284096K)
[155.780s][info][gc          ] GC(206) Pause Young (System.gc()) 800M->800M(6143M) 1.864ms
[156.410s][info][gc,metaspace] GC(207) Metaspace: 281411K(370176K)->281411K(370176K) NonClass: 80066K(86080K)->80066K(86080K) Class: 201345K(284096K)->201345K(284096K)
[156.410s][info][gc          ] GC(207) Pause Full (System.gc()) 800M->800M(6143M) 630.029ms
[156.413s][info][gc,metaspace] GC(208) Metaspace: 281411K(370176K)->281411K(370176K) NonClass: 80066K(86080K)->80066K(86080K) Class: 201345K(284096K)->201345K(284096K)
[156.413s][info][gc          ] GC(208) Pause Young (System.gc()) 800M->800M(6143M) 2.064ms
[157.045s][info][gc,metaspace] GC(209) Metaspace: 281411K(370176K)->281411K(370176K) NonClass: 80066K(86080K)->80066K(86080K) Class: 201345K(284096K)->201345K(284096K)
[157.045s][info][gc          ] GC(209) Pause Full (System.gc()) 800M->800M(6143M) 632.283ms
[157.046s][info][gc,metaspace] GC(210) Metaspace: 281411K(370176K)->281411K(370176K) NonClass: 80066K(86080K)->80066K(86080K) Class: 201345K(284096K)->201345K(284096K)
[157.046s][info][gc          ] GC(210) Pause Young (System.gc()) 800M->800M(6143M) 0.891ms
[157.668s][info][gc,metaspace] GC(211) Metaspace: 281411K(370176K)->281411K(370176K) NonClass: 80066K(86080K)->80066K(86080K) Class: 201345K(284096K)->201345K(284096K)
[157.668s][info][gc          ] GC(211) Pause Full (System.gc()) 800M->800M(6143M) 621.597ms
[157.668s][info][gc,metaspace] GC(212) Metaspace: 281411K(370176K)->281411K(370176K) NonClass: 80066K(86080K)->80066K(86080K) Class: 201345K(284096K)->201345K(284096K)
[157.668s][info][gc          ] GC(212) Pause Young (System.gc()) 800M->800M(6143M) 0.778ms
[158.316s][info][gc,metaspace] GC(213) Metaspace: 281411K(370176K)->281411K(370176K) NonClass: 80066K(86080K)->80066K(86080K) Class: 201345K(284096K)->201345K(284096K)
[158.316s][info][gc          ] GC(213) Pause Full (System.gc()) 800M->800M(6143M) 647.654ms
[158.318s][info][gc,metaspace] GC(214) Metaspace: 281411K(370176K)->281411K(370176K) NonClass: 80066K(86080K)->80066K(86080K) Class: 201345K(284096K)->201345K(284096K)
[158.318s][info][gc          ] GC(214) Pause Young (System.gc()) 800M->800M(6143M) 1.974ms
[158.958s][info][gc,metaspace] GC(215) Metaspace: 281411K(370176K)->281411K(370176K) NonClass: 80066K(86080K)->80066K(86080K) Class: 201345K(284096K)->201345K(284096K)
[158.958s][info][gc          ] GC(215) Pause Full (System.gc()) 800M->800M(6143M) 639.381ms
[158.960s][info][gc,metaspace] GC(216) Metaspace: 281411K(370176K)->281411K(370176K) NonClass: 80066K(86080K)->80066K(86080K) Class: 201345K(284096K)->201345K(284096K)
[158.960s][info][gc          ] GC(216) Pause Young (System.gc()) 800M->800M(6143M) 2.013ms
[159.596s][info][gc,metaspace] GC(217) Metaspace: 281411K(370176K)->281411K(370176K) NonClass: 80066K(86080K)->80066K(86080K) Class: 201345K(284096K)->201345K(284096K)
[159.596s][info][gc          ] GC(217) Pause Full (System.gc()) 800M->800M(6143M) 635.769ms
[159.598s][info][gc,metaspace] GC(218) Metaspace: 281411K(370176K)->281411K(370176K) NonClass: 80066K(86080K)->80066K(86080K) Class: 201345K(284096K)->201345K(284096K)
[159.598s][info][gc          ] GC(218) Pause Young (System.gc()) 800M->800M(6143M) 2.075ms
[160.234s][info][gc,metaspace] GC(219) Metaspace: 281411K(370176K)->281411K(370176K) NonClass: 80066K(86080K)->80066K(86080K) Class: 201345K(284096K)->201345K(284096K)
[160.234s][info][gc          ] GC(219) Pause Full (System.gc()) 800M->800M(6143M) 636.370ms
[160.241s][info][gc,metaspace] GC(220) Metaspace: 281411K(370176K)->281411K(370176K) NonClass: 80066K(86080K)->80066K(86080K) Class: 201345K(284096K)->201345K(284096K)
[160.241s][info][gc          ] GC(220) Pause Young (System.gc()) 800M->800M(6143M) 2.005ms
[160.904s][info][gc,metaspace] GC(221) Metaspace: 281411K(370176K)->281411K(370176K) NonClass: 80066K(86080K)->80066K(86080K) Class: 201345K(284096K)->201345K(284096K)
[160.904s][info][gc          ] GC(221) Pause Full (System.gc()) 800M->800M(6143M) 662.965ms
[160.905s][info][gc,metaspace] GC(222) Metaspace: 281411K(370176K)->281411K(370176K) NonClass: 80066K(86080K)->80066K(86080K) Class: 201345K(284096K)->201345K(284096K)
[160.905s][info][gc          ] GC(222) Pause Young (System.gc()) 800M->800M(6143M) 0.792ms
[161.545s][info][gc,metaspace] GC(223) Metaspace: 281411K(370176K)->281411K(370176K) NonClass: 80066K(86080K)->80066K(86080K) Class: 201345K(284096K)->201345K(284096K)
[161.545s][info][gc          ] GC(223) Pause Full (System.gc()) 800M->800M(6143M) 639.926ms
[161.547s][info][gc,metaspace] GC(224) Metaspace: 281411K(370176K)->281411K(370176K) NonClass: 80066K(86080K)->80066K(86080K) Class: 201345K(284096K)->201345K(284096K)
[161.547s][info][gc          ] GC(224) Pause Young (System.gc()) 800M->800M(6143M) 2.058ms
[162.184s][info][gc,metaspace] GC(225) Metaspace: 281411K(370176K)->281411K(370176K) NonClass: 80066K(86080K)->80066K(86080K) Class: 201345K(284096K)->201345K(284096K)
[162.184s][info][gc          ] GC(225) Pause Full (System.gc()) 800M->800M(6143M) 636.718ms
[162.186s][info][gc,metaspace] GC(226) Metaspace: 281411K(370176K)->281411K(370176K) NonClass: 80066K(86080K)->80066K(86080K) Class: 201345K(284096K)->201345K(284096K)
[162.186s][info][gc          ] GC(226) Pause Young (System.gc()) 800M->800M(6143M) 2.081ms
[162.990s][info][gc,metaspace] GC(227) Metaspace: 281411K(370176K)->281411K(370176K) NonClass: 80066K(86080K)->80066K(86080K) Class: 201345K(284096K)->201345K(284096K)
[162.990s][info][gc          ] GC(227) Pause Full (System.gc()) 800M->800M(6143M) 803.640ms
[162.991s][info][gc,metaspace] GC(228) Metaspace: 281411K(370176K)->281411K(370176K) NonClass: 80066K(86080K)->80066K(86080K) Class: 201345K(284096K)->201345K(284096K)
[162.991s][info][gc          ] GC(228) Pause Young (System.gc()) 800M->800M(6143M) 0.729ms
[163.611s][info][gc,metaspace] GC(229) Metaspace: 281411K(370176K)->281411K(370176K) NonClass: 80066K(86080K)->80066K(86080K) Class: 201345K(284096K)->201345K(284096K)
[163.611s][info][gc          ] GC(229) Pause Full (System.gc()) 800M->800M(6143M) 620.802ms
[163.614s][info][gc,metaspace] GC(230) Metaspace: 281411K(370176K)->281411K(370176K) NonClass: 80066K(86080K)->80066K(86080K) Class: 201345K(284096K)->201345K(284096K)
[163.614s][info][gc          ] GC(230) Pause Young (System.gc()) 800M->800M(6143M) 2.091ms
[164.252s][info][gc,metaspace] GC(231) Metaspace: 281411K(370176K)->281411K(370176K) NonClass: 80066K(86080K)->80066K(86080K) Class: 201345K(284096K)->201345K(284096K)
[164.252s][info][gc          ] GC(231) Pause Full (System.gc()) 800M->800M(6143M) 638.732ms
[164.255s][info][gc,metaspace] GC(232) Metaspace: 281411K(370176K)->281411K(370176K) NonClass: 80066K(86080K)->80066K(86080K) Class: 201345K(284096K)->201345K(284096K)
[164.255s][info][gc          ] GC(232) Pause Young (System.gc()) 800M->800M(6143M) 2.153ms
[164.892s][info][gc,metaspace] GC(233) Metaspace: 281411K(370176K)->281411K(370176K) NonClass: 80066K(86080K)->80066K(86080K) Class: 201345K(284096K)->201345K(284096K)
[164.892s][info][gc          ] GC(233) Pause Full (System.gc()) 800M->800M(6143M) 636.902ms
After GCs... 
