Done; will start GCs... 
[95.339s][info][gc,metaspace] GC(34) Metaspace: 101170K(115456K)->101170K(115456K) NonClass: 72647K(78656K)->72647K(78656K) Class: 28522K(36800K)->28522K(36800K)
[95.339s][info][gc          ] GC(34) Pause Young (System.gc()) 1033M->1006M(5927M) 523.662ms
[97.013s][info][gc,metaspace] GC(35) Metaspace: 101170K(115456K)->101170K(115456K) NonClass: 72647K(78656K)->72647K(78656K) Class: 28522K(36800K)->28522K(36800K)
[97.013s][info][gc          ] GC(35) Pause Full (System.gc()) 1006M->800M(5927M) 1673.850ms
[97.016s][info][gc,metaspace] GC(36) Metaspace: 101170K(115456K)->101170K(115456K) NonClass: 72647K(78656K)->72647K(78656K) Class: 28522K(36800K)->28522K(36800K)
[97.016s][info][gc          ] GC(36) Pause Young (System.gc()) 800M->800M(5676M) 2.356ms
[97.771s][info][gc,metaspace] GC(37) Metaspace: 101170K(115456K)->101170K(115456K) NonClass: 72647K(78656K)->72647K(78656K) Class: 28522K(36800K)->28522K(36800K)
[97.771s][info][gc          ] GC(37) Pause Full (System.gc()) 800M->800M(5676M) 755.476ms
[97.774s][info][gc,metaspace] GC(38) Metaspace: 101170K(115456K)->101170K(115456K) NonClass: 72647K(78656K)->72647K(78656K) Class: 28522K(36800K)->28522K(36800K)
[97.774s][info][gc          ] GC(38) Pause Young (System.gc()) 800M->800M(5802M) 2.211ms
[98.590s][info][gc,metaspace] GC(39) Metaspace: 101170K(115456K)->101170K(115456K) NonClass: 72647K(78656K)->72647K(78656K) Class: 28522K(36800K)->28522K(36800K)
[98.590s][info][gc          ] GC(39) Pause Full (System.gc()) 800M->800M(5802M) 816.384ms
[98.591s][info][gc,metaspace] GC(40) Metaspace: 101170K(115456K)->101170K(115456K) NonClass: 72647K(78656K)->72647K(78656K) Class: 28522K(36800K)->28522K(36800K)
[98.591s][info][gc          ] GC(40) Pause Young (System.gc()) 800M->800M(5823M) 0.847ms
[99.338s][info][gc,metaspace] GC(41) Metaspace: 101170K(115456K)->101170K(115456K) NonClass: 72647K(78656K)->72647K(78656K) Class: 28522K(36800K)->28522K(36800K)
[99.338s][info][gc          ] GC(41) Pause Full (System.gc()) 800M->800M(5823M) 746.569ms
[99.340s][info][gc,metaspace] GC(42) Metaspace: 101170K(115456K)->101170K(115456K) NonClass: 72647K(78656K)->72647K(78656K) Class: 28522K(36800K)->28522K(36800K)
[99.340s][info][gc          ] GC(42) Pause Young (System.gc()) 800M->800M(5811M) 1.881ms
[100.087s][info][gc,metaspace] GC(43) Metaspace: 101170K(115456K)->101170K(115456K) NonClass: 72647K(78656K)->72647K(78656K) Class: 28522K(36800K)->28522K(36800K)
[100.087s][info][gc          ] GC(43) Pause Full (System.gc()) 800M->800M(5811M) 747.074ms
[100.093s][info][gc,metaspace] GC(44) Metaspace: 101170K(115456K)->101170K(115456K) NonClass: 72647K(78656K)->72647K(78656K) Class: 28522K(36800K)->28522K(36800K)
[100.093s][info][gc          ] GC(44) Pause Young (System.gc()) 800M->800M(5848M) 2.100ms
[100.910s][info][gc,metaspace] GC(45) Metaspace: 101170K(115456K)->101170K(115456K) NonClass: 72647K(78656K)->72647K(78656K) Class: 28522K(36800K)->28522K(36800K)
[100.910s][info][gc          ] GC(45) Pause Full (System.gc()) 800M->800M(5848M) 816.859ms
[100.913s][info][gc,metaspace] GC(46) Metaspace: 101170K(115456K)->101170K(115456K) NonClass: 72647K(78656K)->72647K(78656K) Class: 28522K(36800K)->28522K(36800K)
[100.913s][info][gc          ] GC(46) Pause Young (System.gc()) 800M->800M(5835M) 2.071ms
[101.708s][info][gc,metaspace] GC(47) Metaspace: 101170K(115456K)->101170K(115456K) NonClass: 72647K(78656K)->72647K(78656K) Class: 28522K(36800K)->28522K(36800K)
[101.708s][info][gc          ] GC(47) Pause Full (System.gc()) 800M->800M(5835M) 795.140ms
[101.710s][info][gc,metaspace] GC(48) Metaspace: 101170K(115456K)->101170K(115456K) NonClass: 72647K(78656K)->72647K(78656K) Class: 28522K(36800K)->28522K(36800K)
[101.710s][info][gc          ] GC(48) Pause Young (System.gc()) 800M->800M(5876M) 2.026ms
[102.464s][info][gc,metaspace] GC(49) Metaspace: 101170K(115456K)->101170K(115456K) NonClass: 72647K(78656K)->72647K(78656K) Class: 28522K(36800K)->28522K(36800K)
[102.464s][info][gc          ] GC(49) Pause Full (System.gc()) 800M->800M(5876M) 754.086ms
[102.466s][info][gc,metaspace] GC(50) Metaspace: 101170K(115456K)->101170K(115456K) NonClass: 72647K(78656K)->72647K(78656K) Class: 28522K(36800K)->28522K(36800K)
[102.466s][info][gc          ] GC(50) Pause Young (System.gc()) 800M->800M(5862M) 1.855ms
[103.315s][info][gc,metaspace] GC(51) Metaspace: 101170K(115456K)->101170K(115456K) NonClass: 72647K(78656K)->72647K(78656K) Class: 28522K(36800K)->28522K(36800K)
[103.315s][info][gc          ] GC(51) Pause Full (System.gc()) 800M->800M(5862M) 848.463ms
[103.317s][info][gc,metaspace] GC(52) Metaspace: 101170K(115456K)->101170K(115456K) NonClass: 72647K(78656K)->72647K(78656K) Class: 28522K(36800K)->28522K(36800K)
[103.317s][info][gc          ] GC(52) Pause Young (System.gc()) 800M->800M(5904M) 1.927ms
[104.130s][info][gc,metaspace] GC(53) Metaspace: 101170K(115456K)->101170K(115456K) NonClass: 72647K(78656K)->72647K(78656K) Class: 28522K(36800K)->28522K(36800K)
[104.130s][info][gc          ] GC(53) Pause Full (System.gc()) 800M->800M(5904M) 813.106ms
[104.132s][info][gc,metaspace] GC(54) Metaspace: 101170K(115456K)->101170K(115456K) NonClass: 72647K(78656K)->72647K(78656K) Class: 28522K(36800K)->28522K(36800K)
[104.132s][info][gc          ] GC(54) Pause Young (System.gc()) 800M->800M(5890M) 1.817ms
[104.897s][info][gc,metaspace] GC(55) Metaspace: 101170K(115456K)->101170K(115456K) NonClass: 72647K(78656K)->72647K(78656K) Class: 28522K(36800K)->28522K(36800K)
[104.897s][info][gc          ] GC(55) Pause Full (System.gc()) 800M->800M(5890M) 765.591ms
[104.899s][info][gc,metaspace] GC(56) Metaspace: 101170K(115456K)->101170K(115456K) NonClass: 72647K(78656K)->72647K(78656K) Class: 28522K(36800K)->28522K(36800K)
[104.899s][info][gc          ] GC(56) Pause Young (System.gc()) 800M->800M(5930M) 1.934ms
[105.718s][info][gc,metaspace] GC(57) Metaspace: 101170K(115456K)->101170K(115456K) NonClass: 72647K(78656K)->72647K(78656K) Class: 28522K(36800K)->28522K(36800K)
[105.718s][info][gc          ] GC(57) Pause Full (System.gc()) 800M->800M(5930M) 818.949ms
[105.724s][info][gc,metaspace] GC(58) Metaspace: 101170K(115456K)->101170K(115456K) NonClass: 72647K(78656K)->72647K(78656K) Class: 28522K(36800K)->28522K(36800K)
[105.724s][info][gc          ] GC(58) Pause Young (System.gc()) 800M->800M(5917M) 0.771ms
[106.522s][info][gc,metaspace] GC(59) Metaspace: 101170K(115456K)->101170K(115456K) NonClass: 72647K(78656K)->72647K(78656K) Class: 28522K(36800K)->28522K(36800K)
[106.522s][info][gc          ] GC(59) Pause Full (System.gc()) 800M->800M(5917M) 798.816ms
[106.524s][info][gc,metaspace] GC(60) Metaspace: 101170K(115456K)->101170K(115456K) NonClass: 72647K(78656K)->72647K(78656K) Class: 28522K(36800K)->28522K(36800K)
[106.524s][info][gc          ] GC(60) Pause Young (System.gc()) 800M->800M(5956M) 0.889ms
[107.276s][info][gc,metaspace] GC(61) Metaspace: 101170K(115456K)->101170K(115456K) NonClass: 72647K(78656K)->72647K(78656K) Class: 28522K(36800K)->28522K(36800K)
[107.276s][info][gc          ] GC(61) Pause Full (System.gc()) 800M->800M(5956M) 752.783ms
[107.278s][info][gc,metaspace] GC(62) Metaspace: 101170K(115456K)->101170K(115456K) NonClass: 72647K(78656K)->72647K(78656K) Class: 28522K(36800K)->28522K(36800K)
[107.278s][info][gc          ] GC(62) Pause Young (System.gc()) 800M->800M(5943M) 1.829ms
[108.045s][info][gc,metaspace] GC(63) Metaspace: 101170K(115456K)->101170K(115456K) NonClass: 72647K(78656K)->72647K(78656K) Class: 28522K(36800K)->28522K(36800K)
[108.045s][info][gc          ] GC(63) Pause Full (System.gc()) 800M->800M(5943M) 766.309ms
[108.047s][info][gc,metaspace] GC(64) Metaspace: 101170K(115456K)->101170K(115456K) NonClass: 72647K(78656K)->72647K(78656K) Class: 28522K(36800K)->28522K(36800K)
[108.047s][info][gc          ] GC(64) Pause Young (System.gc()) 800M->800M(5979M) 1.914ms
[108.830s][info][gc,metaspace] GC(65) Metaspace: 101170K(115456K)->101170K(115456K) NonClass: 72647K(78656K)->72647K(78656K) Class: 28522K(36800K)->28522K(36800K)
[108.830s][info][gc          ] GC(65) Pause Full (System.gc()) 800M->800M(5979M) 783.330ms
[108.831s][info][gc,metaspace] GC(66) Metaspace: 101170K(115456K)->101170K(115456K) NonClass: 72647K(78656K)->72647K(78656K) Class: 28522K(36800K)->28522K(36800K)
[108.831s][info][gc          ] GC(66) Pause Young (System.gc()) 800M->800M(5968M) 0.795ms
[109.629s][info][gc,metaspace] GC(67) Metaspace: 101170K(115456K)->101170K(115456K) NonClass: 72647K(78656K)->72647K(78656K) Class: 28522K(36800K)->28522K(36800K)
[109.629s][info][gc          ] GC(67) Pause Full (System.gc()) 800M->800M(5968M) 797.699ms
[109.631s][info][gc,metaspace] GC(68) Metaspace: 101170K(115456K)->101170K(115456K) NonClass: 72647K(78656K)->72647K(78656K) Class: 28522K(36800K)->28522K(36800K)
[109.631s][info][gc          ] GC(68) Pause Young (System.gc()) 800M->800M(6000M) 2.030ms
[110.380s][info][gc,metaspace] GC(69) Metaspace: 101170K(115456K)->101170K(115456K) NonClass: 72647K(78656K)->72647K(78656K) Class: 28522K(36800K)->28522K(36800K)
[110.380s][info][gc          ] GC(69) Pause Full (System.gc()) 800M->800M(6000M) 748.482ms
[110.380s][info][gc,metaspace] GC(70) Metaspace: 101170K(115456K)->101170K(115456K) NonClass: 72647K(78656K)->72647K(78656K) Class: 28522K(36800K)->28522K(36800K)
[110.380s][info][gc          ] GC(70) Pause Young (System.gc()) 800M->800M(5990M) 0.757ms
[111.140s][info][gc,metaspace] GC(71) Metaspace: 101170K(115456K)->101170K(115456K) NonClass: 72647K(78656K)->72647K(78656K) Class: 28522K(36800K)->28522K(36800K)
[111.140s][info][gc          ] GC(71) Pause Full (System.gc()) 800M->800M(5990M) 759.537ms
[111.142s][info][gc,metaspace] GC(72) Metaspace: 101170K(115456K)->101170K(115456K) NonClass: 72647K(78656K)->72647K(78656K) Class: 28522K(36800K)->28522K(36800K)
[111.142s][info][gc          ] GC(72) Pause Young (System.gc()) 800M->800M(6019M) 1.948ms
[111.926s][info][gc,metaspace] GC(73) Metaspace: 101170K(115456K)->101170K(115456K) NonClass: 72647K(78656K)->72647K(78656K) Class: 28522K(36800K)->28522K(36800K)
[111.926s][info][gc          ] GC(73) Pause Full (System.gc()) 800M->800M(6019M) 783.869ms
[111.928s][info][gc,metaspace] GC(74) Metaspace: 101170K(115456K)->101170K(115456K) NonClass: 72647K(78656K)->72647K(78656K) Class: 28522K(36800K)->28522K(36800K)
[111.928s][info][gc          ] GC(74) Pause Young (System.gc()) 800M->800M(6010M) 1.920ms
[112.707s][info][gc,metaspace] GC(75) Metaspace: 101170K(115456K)->101170K(115456K) NonClass: 72647K(78656K)->72647K(78656K) Class: 28522K(36800K)->28522K(36800K)
[112.707s][info][gc          ] GC(75) Pause Full (System.gc()) 800M->800M(6010M) 778.934ms
[112.709s][info][gc,metaspace] GC(76) Metaspace: 101170K(115456K)->101170K(115456K) NonClass: 72647K(78656K)->72647K(78656K) Class: 28522K(36800K)->28522K(36800K)
[112.709s][info][gc          ] GC(76) Pause Young (System.gc()) 800M->800M(6036M) 2.167ms
[113.468s][info][gc,metaspace] GC(77) Metaspace: 101170K(115456K)->101170K(115456K) NonClass: 72647K(78656K)->72647K(78656K) Class: 28522K(36800K)->28522K(36800K)
[113.468s][info][gc          ] GC(77) Pause Full (System.gc()) 800M->800M(6036M) 758.139ms
[113.470s][info][gc,metaspace] GC(78) Metaspace: 101170K(115456K)->101170K(115456K) NonClass: 72647K(78656K)->72647K(78656K) Class: 28522K(36800K)->28522K(36800K)
[113.470s][info][gc          ] GC(78) Pause Young (System.gc()) 800M->800M(6028M) 1.854ms
[114.244s][info][gc,metaspace] GC(79) Metaspace: 101170K(115456K)->101170K(115456K) NonClass: 72647K(78656K)->72647K(78656K) Class: 28522K(36800K)->28522K(36800K)
[114.244s][info][gc          ] GC(79) Pause Full (System.gc()) 800M->800M(6028M) 774.641ms
[114.246s][info][gc,metaspace] GC(80) Metaspace: 101170K(115456K)->101170K(115456K) NonClass: 72647K(78656K)->72647K(78656K) Class: 28522K(36800K)->28522K(36800K)
[114.246s][info][gc          ] GC(80) Pause Young (System.gc()) 800M->800M(6052M) 1.983ms
[115.041s][info][gc,metaspace] GC(81) Metaspace: 101170K(115456K)->101170K(115456K) NonClass: 72647K(78656K)->72647K(78656K) Class: 28522K(36800K)->28522K(36800K)
[115.041s][info][gc          ] GC(81) Pause Full (System.gc()) 800M->800M(6052M) 794.323ms
[115.043s][info][gc,metaspace] GC(82) Metaspace: 101170K(115456K)->101170K(115456K) NonClass: 72647K(78656K)->72647K(78656K) Class: 28522K(36800K)->28522K(36800K)
[115.043s][info][gc          ] GC(82) Pause Young (System.gc()) 800M->800M(6044M) 2.113ms
[115.831s][info][gc,metaspace] GC(83) Metaspace: 101170K(115456K)->101170K(115456K) NonClass: 72647K(78656K)->72647K(78656K) Class: 28522K(36800K)->28522K(36800K)
[115.831s][info][gc          ] GC(83) Pause Full (System.gc()) 800M->800M(6044M) 787.451ms
[115.833s][info][gc,metaspace] GC(84) Metaspace: 101170K(115456K)->101170K(115456K) NonClass: 72647K(78656K)->72647K(78656K) Class: 28522K(36800K)->28522K(36800K)
[115.833s][info][gc          ] GC(84) Pause Young (System.gc()) 800M->800M(6065M) 1.975ms
[116.620s][info][gc,metaspace] GC(85) Metaspace: 101170K(115456K)->101170K(115456K) NonClass: 72647K(78656K)->72647K(78656K) Class: 28522K(36800K)->28522K(36800K)
[116.620s][info][gc          ] GC(85) Pause Full (System.gc()) 800M->800M(6065M) 787.339ms
[116.627s][info][gc,metaspace] GC(86) Metaspace: 101170K(115456K)->101170K(115456K) NonClass: 72647K(78656K)->72647K(78656K) Class: 28522K(36800K)->28522K(36800K)
[116.627s][info][gc          ] GC(86) Pause Young (System.gc()) 800M->800M(6058M) 2.008ms
[117.454s][info][gc,metaspace] GC(87) Metaspace: 101170K(115456K)->101170K(115456K) NonClass: 72647K(78656K)->72647K(78656K) Class: 28522K(36800K)->28522K(36800K)
[117.454s][info][gc          ] GC(87) Pause Full (System.gc()) 800M->800M(6058M) 827.752ms
[117.456s][info][gc,metaspace] GC(88) Metaspace: 101170K(115456K)->101170K(115456K) NonClass: 72647K(78656K)->72647K(78656K) Class: 28522K(36800K)->28522K(36800K)
[117.456s][info][gc          ] GC(88) Pause Young (System.gc()) 800M->800M(6076M) 1.913ms
[118.243s][info][gc,metaspace] GC(89) Metaspace: 101170K(115456K)->101170K(115456K) NonClass: 72647K(78656K)->72647K(78656K) Class: 28522K(36800K)->28522K(36800K)
[118.243s][info][gc          ] GC(89) Pause Full (System.gc()) 800M->800M(6076M) 786.579ms
[118.245s][info][gc,metaspace] GC(90) Metaspace: 101170K(115456K)->101170K(115456K) NonClass: 72647K(78656K)->72647K(78656K) Class: 28522K(36800K)->28522K(36800K)
[118.245s][info][gc          ] GC(90) Pause Young (System.gc()) 800M->800M(6071M) 1.859ms
[119.026s][info][gc,metaspace] GC(91) Metaspace: 101170K(115456K)->101170K(115456K) NonClass: 72647K(78656K)->72647K(78656K) Class: 28522K(36800K)->28522K(36800K)
[119.026s][info][gc          ] GC(91) Pause Full (System.gc()) 800M->800M(6071M) 780.615ms
[119.028s][info][gc,metaspace] GC(92) Metaspace: 101170K(115456K)->101170K(115456K) NonClass: 72647K(78656K)->72647K(78656K) Class: 28522K(36800K)->28522K(36800K)
[119.028s][info][gc          ] GC(92) Pause Young (System.gc()) 800M->800M(6086M) 1.887ms
[119.783s][info][gc,metaspace] GC(93) Metaspace: 101170K(115456K)->101170K(115456K) NonClass: 72647K(78656K)->72647K(78656K) Class: 28522K(36800K)->28522K(36800K)
[119.783s][info][gc          ] GC(93) Pause Full (System.gc()) 800M->800M(6086M) 754.893ms
[119.785s][info][gc,metaspace] GC(94) Metaspace: 101170K(115456K)->101170K(115456K) NonClass: 72647K(78656K)->72647K(78656K) Class: 28522K(36800K)->28522K(36800K)
[119.785s][info][gc          ] GC(94) Pause Young (System.gc()) 800M->800M(6081M) 1.831ms
[120.561s][info][gc,metaspace] GC(95) Metaspace: 101170K(115456K)->101170K(115456K) NonClass: 72647K(78656K)->72647K(78656K) Class: 28522K(36800K)->28522K(36800K)
[120.561s][info][gc          ] GC(95) Pause Full (System.gc()) 800M->800M(6081M) 776.225ms
[120.562s][info][gc,metaspace] GC(96) Metaspace: 101170K(115456K)->101170K(115456K) NonClass: 72647K(78656K)->72647K(78656K) Class: 28522K(36800K)->28522K(36800K)
[120.562s][info][gc          ] GC(96) Pause Young (System.gc()) 800M->800M(6095M) 0.741ms
[121.364s][info][gc,metaspace] GC(97) Metaspace: 101170K(115456K)->101170K(115456K) NonClass: 72647K(78656K)->72647K(78656K) Class: 28522K(36800K)->28522K(36800K)
[121.364s][info][gc          ] GC(97) Pause Full (System.gc()) 800M->800M(6095M) 802.451ms
[121.365s][info][gc,metaspace] GC(98) Metaspace: 101170K(115456K)->101170K(115456K) NonClass: 72647K(78656K)->72647K(78656K) Class: 28522K(36800K)->28522K(36800K)
[121.365s][info][gc          ] GC(98) Pause Young (System.gc()) 800M->800M(6091M) 0.673ms
[122.187s][info][gc,metaspace] GC(99) Metaspace: 101170K(115456K)->101170K(115456K) NonClass: 72647K(78656K)->72647K(78656K) Class: 28522K(36800K)->28522K(36800K)
[122.187s][info][gc          ] GC(99) Pause Full (System.gc()) 800M->800M(6091M) 822.173ms
[122.190s][info][gc,metaspace] GC(100) Metaspace: 101170K(115456K)->101170K(115456K) NonClass: 72647K(78656K)->72647K(78656K) Class: 28522K(36800K)->28522K(36800K)
[122.190s][info][gc          ] GC(100) Pause Young (System.gc()) 800M->800M(6102M) 2.367ms
[122.990s][info][gc,metaspace] GC(101) Metaspace: 101170K(115456K)->101170K(115456K) NonClass: 72647K(78656K)->72647K(78656K) Class: 28522K(36800K)->28522K(36800K)
[122.990s][info][gc          ] GC(101) Pause Full (System.gc()) 800M->800M(6102M) 799.783ms
[122.992s][info][gc,metaspace] GC(102) Metaspace: 101170K(115456K)->101170K(115456K) NonClass: 72647K(78656K)->72647K(78656K) Class: 28522K(36800K)->28522K(36800K)
[122.992s][info][gc          ] GC(102) Pause Young (System.gc()) 800M->800M(6099M) 1.851ms
[123.788s][info][gc,metaspace] GC(103) Metaspace: 101170K(115456K)->101170K(115456K) NonClass: 72647K(78656K)->72647K(78656K) Class: 28522K(36800K)->28522K(36800K)
[123.788s][info][gc          ] GC(103) Pause Full (System.gc()) 800M->800M(6099M) 796.326ms
[123.790s][info][gc,metaspace] GC(104) Metaspace: 101170K(115456K)->101170K(115456K) NonClass: 72647K(78656K)->72647K(78656K) Class: 28522K(36800K)->28522K(36800K)
[123.790s][info][gc          ] GC(104) Pause Young (System.gc()) 813M->800M(6109M) 1.877ms
[124.723s][info][gc,metaspace] GC(105) Metaspace: 101170K(115456K)->101170K(115456K) NonClass: 72647K(78656K)->72647K(78656K) Class: 28522K(36800K)->28522K(36800K)
[124.723s][info][gc          ] GC(105) Pause Full (System.gc()) 800M->800M(6109M) 932.602ms
[124.725s][info][gc,metaspace] GC(106) Metaspace: 101170K(115456K)->101170K(115456K) NonClass: 72647K(78656K)->72647K(78656K) Class: 28522K(36800K)->28522K(36800K)
[124.725s][info][gc          ] GC(106) Pause Young (System.gc()) 800M->800M(6105M) 1.964ms
[125.478s][info][gc,metaspace] GC(107) Metaspace: 101170K(115456K)->101170K(115456K) NonClass: 72647K(78656K)->72647K(78656K) Class: 28522K(36800K)->28522K(36800K)
[125.478s][info][gc          ] GC(107) Pause Full (System.gc()) 800M->800M(6105M) 753.306ms
[125.480s][info][gc,metaspace] GC(108) Metaspace: 101170K(115456K)->101170K(115456K) NonClass: 72647K(78656K)->72647K(78656K) Class: 28522K(36800K)->28522K(36800K)
[125.480s][info][gc          ] GC(108) Pause Young (System.gc()) 800M->800M(6114M) 1.979ms
[126.279s][info][gc,metaspace] GC(109) Metaspace: 101170K(115456K)->101170K(115456K) NonClass: 72647K(78656K)->72647K(78656K) Class: 28522K(36800K)->28522K(36800K)
[126.279s][info][gc          ] GC(109) Pause Full (System.gc()) 800M->800M(6114M) 798.498ms
[126.281s][info][gc,metaspace] GC(110) Metaspace: 101170K(115456K)->101170K(115456K) NonClass: 72647K(78656K)->72647K(78656K) Class: 28522K(36800K)->28522K(36800K)
[126.281s][info][gc          ] GC(110) Pause Young (System.gc()) 800M->800M(6111M) 2.203ms
[127.033s][info][gc,metaspace] GC(111) Metaspace: 101170K(115456K)->101170K(115456K) NonClass: 72647K(78656K)->72647K(78656K) Class: 28522K(36800K)->28522K(36800K)
[127.033s][info][gc          ] GC(111) Pause Full (System.gc()) 800M->800M(6111M) 752.342ms
[127.036s][info][gc,metaspace] GC(112) Metaspace: 101170K(115456K)->101170K(115456K) NonClass: 72647K(78656K)->72647K(78656K) Class: 28522K(36800K)->28522K(36800K)
[127.036s][info][gc          ] GC(112) Pause Young (System.gc()) 800M->800M(6119M) 2.190ms
[127.812s][info][gc,metaspace] GC(113) Metaspace: 101170K(115456K)->101170K(115456K) NonClass: 72647K(78656K)->72647K(78656K) Class: 28522K(36800K)->28522K(36800K)
[127.812s][info][gc          ] GC(113) Pause Full (System.gc()) 800M->800M(6119M) 776.362ms
[127.819s][info][gc,metaspace] GC(114) Metaspace: 101170K(115456K)->101170K(115456K) NonClass: 72647K(78656K)->72647K(78656K) Class: 28522K(36800K)->28522K(36800K)
[127.819s][info][gc          ] GC(114) Pause Young (System.gc()) 800M->800M(6116M) 1.996ms
[128.620s][info][gc,metaspace] GC(115) Metaspace: 101170K(115456K)->101170K(115456K) NonClass: 72647K(78656K)->72647K(78656K) Class: 28522K(36800K)->28522K(36800K)
[128.620s][info][gc          ] GC(115) Pause Full (System.gc()) 800M->800M(6116M) 800.953ms
[128.622s][info][gc,metaspace] GC(116) Metaspace: 101170K(115456K)->101170K(115456K) NonClass: 72647K(78656K)->72647K(78656K) Class: 28522K(36800K)->28522K(36800K)
[128.622s][info][gc          ] GC(116) Pause Young (System.gc()) 800M->800M(6123M) 2.168ms
[129.394s][info][gc,metaspace] GC(117) Metaspace: 101170K(115456K)->101170K(115456K) NonClass: 72647K(78656K)->72647K(78656K) Class: 28522K(36800K)->28522K(36800K)
[129.394s][info][gc          ] GC(117) Pause Full (System.gc()) 800M->800M(6123M) 771.815ms
[129.396s][info][gc,metaspace] GC(118) Metaspace: 101170K(115456K)->101170K(115456K) NonClass: 72647K(78656K)->72647K(78656K) Class: 28522K(36800K)->28522K(36800K)
[129.396s][info][gc          ] GC(118) Pause Young (System.gc()) 800M->800M(6121M) 1.862ms
[130.165s][info][gc,metaspace] GC(119) Metaspace: 101170K(115456K)->101170K(115456K) NonClass: 72647K(78656K)->72647K(78656K) Class: 28522K(36800K)->28522K(36800K)
[130.165s][info][gc          ] GC(119) Pause Full (System.gc()) 800M->800M(6121M) 768.667ms
[130.167s][info][gc,metaspace] GC(120) Metaspace: 101170K(115456K)->101170K(115456K) NonClass: 72647K(78656K)->72647K(78656K) Class: 28522K(36800K)->28522K(36800K)
[130.167s][info][gc          ] GC(120) Pause Young (System.gc()) 800M->800M(6126M) 2.230ms
[130.973s][info][gc,metaspace] GC(121) Metaspace: 101170K(115456K)->101170K(115456K) NonClass: 72647K(78656K)->72647K(78656K) Class: 28522K(36800K)->28522K(36800K)
[130.973s][info][gc          ] GC(121) Pause Full (System.gc()) 800M->800M(6126M) 805.895ms
[130.975s][info][gc,metaspace] GC(122) Metaspace: 101170K(115456K)->101170K(115456K) NonClass: 72647K(78656K)->72647K(78656K) Class: 28522K(36800K)->28522K(36800K)
[130.975s][info][gc          ] GC(122) Pause Young (System.gc()) 800M->800M(6124M) 2.139ms
[131.780s][info][gc,metaspace] GC(123) Metaspace: 101170K(115456K)->101170K(115456K) NonClass: 72647K(78656K)->72647K(78656K) Class: 28522K(36800K)->28522K(36800K)
[131.780s][info][gc          ] GC(123) Pause Full (System.gc()) 800M->800M(6124M) 804.415ms
[131.781s][info][gc,metaspace] GC(124) Metaspace: 101170K(115456K)->101170K(115456K) NonClass: 72647K(78656K)->72647K(78656K) Class: 28522K(36800K)->28522K(36800K)
[131.781s][info][gc          ] GC(124) Pause Young (System.gc()) 800M->800M(6129M) 0.832ms
[132.718s][info][gc,metaspace] GC(125) Metaspace: 101170K(115456K)->101170K(115456K) NonClass: 72647K(78656K)->72647K(78656K) Class: 28522K(36800K)->28522K(36800K)
[132.719s][info][gc          ] GC(125) Pause Full (System.gc()) 800M->800M(6129M) 937.831ms
[132.721s][info][gc,metaspace] GC(126) Metaspace: 101170K(115456K)->101170K(115456K) NonClass: 72647K(78656K)->72647K(78656K) Class: 28522K(36800K)->28522K(36800K)
[132.721s][info][gc          ] GC(126) Pause Young (System.gc()) 800M->800M(6127M) 1.887ms
[133.508s][info][gc,metaspace] GC(127) Metaspace: 101170K(115456K)->101170K(115456K) NonClass: 72647K(78656K)->72647K(78656K) Class: 28522K(36800K)->28522K(36800K)
[133.509s][info][gc          ] GC(127) Pause Full (System.gc()) 800M->800M(6127M) 787.898ms
[133.511s][info][gc,metaspace] GC(128) Metaspace: 101170K(115456K)->101170K(115456K) NonClass: 72647K(78656K)->72647K(78656K) Class: 28522K(36800K)->28522K(36800K)
[133.511s][info][gc          ] GC(128) Pause Young (System.gc()) 800M->800M(6131M) 2.062ms
[134.354s][info][gc,metaspace] GC(129) Metaspace: 101170K(115456K)->101170K(115456K) NonClass: 72647K(78656K)->72647K(78656K) Class: 28522K(36800K)->28522K(36800K)
[134.354s][info][gc          ] GC(129) Pause Full (System.gc()) 800M->800M(6131M) 843.475ms
[134.357s][info][gc,metaspace] GC(130) Metaspace: 101170K(115456K)->101170K(115456K) NonClass: 72647K(78656K)->72647K(78656K) Class: 28522K(36800K)->28522K(36800K)
[134.357s][info][gc          ] GC(130) Pause Young (System.gc()) 800M->800M(6130M) 2.122ms
[135.117s][info][gc,metaspace] GC(131) Metaspace: 101170K(115456K)->101170K(115456K) NonClass: 72647K(78656K)->72647K(78656K) Class: 28522K(36800K)->28522K(36800K)
[135.117s][info][gc          ] GC(131) Pause Full (System.gc()) 800M->800M(6130M) 760.478ms
[135.118s][info][gc,metaspace] GC(132) Metaspace: 101170K(115456K)->101170K(115456K) NonClass: 72647K(78656K)->72647K(78656K) Class: 28522K(36800K)->28522K(36800K)
[135.118s][info][gc          ] GC(132) Pause Young (System.gc()) 800M->800M(6133M) 0.785ms
[135.923s][info][gc,metaspace] GC(133) Metaspace: 101170K(115456K)->101170K(115456K) NonClass: 72647K(78656K)->72647K(78656K) Class: 28522K(36800K)->28522K(36800K)
[135.923s][info][gc          ] GC(133) Pause Full (System.gc()) 800M->800M(6133M) 804.744ms
[135.925s][info][gc,metaspace] GC(134) Metaspace: 101170K(115456K)->101170K(115456K) NonClass: 72647K(78656K)->72647K(78656K) Class: 28522K(36800K)->28522K(36800K)
[135.925s][info][gc          ] GC(134) Pause Young (System.gc()) 800M->800M(6132M) 1.808ms
[136.691s][info][gc,metaspace] GC(135) Metaspace: 101170K(115456K)->101170K(115456K) NonClass: 72647K(78656K)->72647K(78656K) Class: 28522K(36800K)->28522K(36800K)
[136.691s][info][gc          ] GC(135) Pause Full (System.gc()) 800M->800M(6132M) 766.271ms
[136.692s][info][gc,metaspace] GC(136) Metaspace: 101170K(115456K)->101170K(115456K) NonClass: 72647K(78656K)->72647K(78656K) Class: 28522K(36800K)->28522K(36800K)
[136.692s][info][gc          ] GC(136) Pause Young (System.gc()) 800M->800M(6135M) 0.824ms
[137.469s][info][gc,metaspace] GC(137) Metaspace: 101170K(115456K)->101170K(115456K) NonClass: 72647K(78656K)->72647K(78656K) Class: 28522K(36800K)->28522K(36800K)
[137.469s][info][gc          ] GC(137) Pause Full (System.gc()) 800M->800M(6135M) 776.968ms
[137.471s][info][gc,metaspace] GC(138) Metaspace: 101170K(115456K)->101170K(115456K) NonClass: 72647K(78656K)->72647K(78656K) Class: 28522K(36800K)->28522K(36800K)
[137.471s][info][gc          ] GC(138) Pause Young (System.gc()) 800M->800M(6134M) 2.152ms
[138.256s][info][gc,metaspace] GC(139) Metaspace: 101170K(115456K)->101170K(115456K) NonClass: 72647K(78656K)->72647K(78656K) Class: 28522K(36800K)->28522K(36800K)
[138.256s][info][gc          ] GC(139) Pause Full (System.gc()) 800M->800M(6134M) 784.423ms
[138.258s][info][gc,metaspace] GC(140) Metaspace: 101170K(115456K)->101170K(115456K) NonClass: 72647K(78656K)->72647K(78656K) Class: 28522K(36800K)->28522K(36800K)
[138.258s][info][gc          ] GC(140) Pause Young (System.gc()) 800M->800M(6136M) 1.925ms
[139.031s][info][gc,metaspace] GC(141) Metaspace: 101170K(115456K)->101170K(115456K) NonClass: 72647K(78656K)->72647K(78656K) Class: 28522K(36800K)->28522K(36800K)
[139.031s][info][gc          ] GC(141) Pause Full (System.gc()) 800M->800M(6136M) 772.944ms
[139.037s][info][gc,metaspace] GC(142) Metaspace: 101170K(115456K)->101170K(115456K) NonClass: 72647K(78656K)->72647K(78656K) Class: 28522K(36800K)->28522K(36800K)
[139.037s][info][gc          ] GC(142) Pause Young (System.gc()) 800M->800M(6136M) 1.881ms
[139.849s][info][gc,metaspace] GC(143) Metaspace: 101170K(115456K)->101170K(115456K) NonClass: 72647K(78656K)->72647K(78656K) Class: 28522K(36800K)->28522K(36800K)
[139.849s][info][gc          ] GC(143) Pause Full (System.gc()) 800M->800M(6136M) 812.072ms
[139.851s][info][gc,metaspace] GC(144) Metaspace: 101170K(115456K)->101170K(115456K) NonClass: 72647K(78656K)->72647K(78656K) Class: 28522K(36800K)->28522K(36800K)
[139.851s][info][gc          ] GC(144) Pause Young (System.gc()) 800M->800M(6137M) 1.932ms
[140.636s][info][gc,metaspace] GC(145) Metaspace: 101170K(115456K)->101170K(115456K) NonClass: 72647K(78656K)->72647K(78656K) Class: 28522K(36800K)->28522K(36800K)
[140.636s][info][gc          ] GC(145) Pause Full (System.gc()) 800M->800M(6137M) 784.568ms
[140.637s][info][gc,metaspace] GC(146) Metaspace: 101170K(115456K)->101170K(115456K) NonClass: 72647K(78656K)->72647K(78656K) Class: 28522K(36800K)->28522K(36800K)
[140.637s][info][gc          ] GC(146) Pause Young (System.gc()) 800M->800M(6137M) 0.725ms
[141.399s][info][gc,metaspace] GC(147) Metaspace: 101170K(115456K)->101170K(115456K) NonClass: 72647K(78656K)->72647K(78656K) Class: 28522K(36800K)->28522K(36800K)
[141.399s][info][gc          ] GC(147) Pause Full (System.gc()) 800M->800M(6137M) 761.718ms
[141.401s][info][gc,metaspace] GC(148) Metaspace: 101170K(115456K)->101170K(115456K) NonClass: 72647K(78656K)->72647K(78656K) Class: 28522K(36800K)->28522K(36800K)
[141.401s][info][gc          ] GC(148) Pause Young (System.gc()) 800M->800M(6138M) 2.089ms
[142.192s][info][gc,metaspace] GC(149) Metaspace: 101170K(115456K)->101170K(115456K) NonClass: 72647K(78656K)->72647K(78656K) Class: 28522K(36800K)->28522K(36800K)
[142.192s][info][gc          ] GC(149) Pause Full (System.gc()) 800M->800M(6138M) 791.469ms
[142.194s][info][gc,metaspace] GC(150) Metaspace: 101170K(115456K)->101170K(115456K) NonClass: 72647K(78656K)->72647K(78656K) Class: 28522K(36800K)->28522K(36800K)
[142.194s][info][gc          ] GC(150) Pause Young (System.gc()) 800M->800M(6138M) 1.846ms
[142.970s][info][gc,metaspace] GC(151) Metaspace: 101170K(115456K)->101170K(115456K) NonClass: 72647K(78656K)->72647K(78656K) Class: 28522K(36800K)->28522K(36800K)
[142.970s][info][gc          ] GC(151) Pause Full (System.gc()) 800M->800M(6138M) 775.865ms
[142.973s][info][gc,metaspace] GC(152) Metaspace: 101170K(115456K)->101170K(115456K) NonClass: 72647K(78656K)->72647K(78656K) Class: 28522K(36800K)->28522K(36800K)
[142.973s][info][gc          ] GC(152) Pause Young (System.gc()) 800M->800M(6139M) 2.170ms
[143.740s][info][gc,metaspace] GC(153) Metaspace: 101170K(115456K)->101170K(115456K) NonClass: 72647K(78656K)->72647K(78656K) Class: 28522K(36800K)->28522K(36800K)
[143.740s][info][gc          ] GC(153) Pause Full (System.gc()) 800M->800M(6139M) 767.730ms
[143.742s][info][gc,metaspace] GC(154) Metaspace: 101170K(115456K)->101170K(115456K) NonClass: 72647K(78656K)->72647K(78656K) Class: 28522K(36800K)->28522K(36800K)
[143.743s][info][gc          ] GC(154) Pause Young (System.gc()) 800M->800M(6139M) 1.886ms
[144.519s][info][gc,metaspace] GC(155) Metaspace: 101170K(115456K)->101170K(115456K) NonClass: 72647K(78656K)->72647K(78656K) Class: 28522K(36800K)->28522K(36800K)
[144.519s][info][gc          ] GC(155) Pause Full (System.gc()) 800M->800M(6139M) 776.031ms
[144.524s][info][gc,metaspace] GC(156) Metaspace: 101170K(115456K)->101170K(115456K) NonClass: 72647K(78656K)->72647K(78656K) Class: 28522K(36800K)->28522K(36800K)
[144.524s][info][gc          ] GC(156) Pause Young (System.gc()) 800M->800M(6140M) 0.872ms
[145.327s][info][gc,metaspace] GC(157) Metaspace: 101170K(115456K)->101170K(115456K) NonClass: 72647K(78656K)->72647K(78656K) Class: 28522K(36800K)->28522K(36800K)
[145.327s][info][gc          ] GC(157) Pause Full (System.gc()) 800M->800M(6140M) 803.051ms
[145.328s][info][gc,metaspace] GC(158) Metaspace: 101170K(115456K)->101170K(115456K) NonClass: 72647K(78656K)->72647K(78656K) Class: 28522K(36800K)->28522K(36800K)
[145.328s][info][gc          ] GC(158) Pause Young (System.gc()) 800M->800M(6140M) 0.735ms
[146.098s][info][gc,metaspace] GC(159) Metaspace: 101170K(115456K)->101170K(115456K) NonClass: 72647K(78656K)->72647K(78656K) Class: 28522K(36800K)->28522K(36800K)
[146.099s][info][gc          ] GC(159) Pause Full (System.gc()) 800M->800M(6140M) 770.607ms
[146.101s][info][gc,metaspace] GC(160) Metaspace: 101170K(115456K)->101170K(115456K) NonClass: 72647K(78656K)->72647K(78656K) Class: 28522K(36800K)->28522K(36800K)
[146.101s][info][gc          ] GC(160) Pause Young (System.gc()) 800M->800M(6141M) 2.124ms
[146.860s][info][gc,metaspace] GC(161) Metaspace: 101170K(115456K)->101170K(115456K) NonClass: 72647K(78656K)->72647K(78656K) Class: 28522K(36800K)->28522K(36800K)
[146.860s][info][gc          ] GC(161) Pause Full (System.gc()) 800M->800M(6141M) 758.812ms
[146.862s][info][gc,metaspace] GC(162) Metaspace: 101170K(115456K)->101170K(115456K) NonClass: 72647K(78656K)->72647K(78656K) Class: 28522K(36800K)->28522K(36800K)
[146.862s][info][gc          ] GC(162) Pause Young (System.gc()) 800M->800M(6140M) 2.004ms
[147.634s][info][gc,metaspace] GC(163) Metaspace: 101170K(115456K)->101170K(115456K) NonClass: 72647K(78656K)->72647K(78656K) Class: 28522K(36800K)->28522K(36800K)
[147.634s][info][gc          ] GC(163) Pause Full (System.gc()) 800M->800M(6140M) 771.893ms
[147.636s][info][gc,metaspace] GC(164) Metaspace: 101170K(115456K)->101170K(115456K) NonClass: 72647K(78656K)->72647K(78656K) Class: 28522K(36800K)->28522K(36800K)
[147.636s][info][gc          ] GC(164) Pause Young (System.gc()) 800M->800M(6141M) 2.171ms
[148.421s][info][gc,metaspace] GC(165) Metaspace: 101170K(115456K)->101170K(115456K) NonClass: 72647K(78656K)->72647K(78656K) Class: 28522K(36800K)->28522K(36800K)
[148.421s][info][gc          ] GC(165) Pause Full (System.gc()) 800M->800M(6141M) 784.514ms
[148.423s][info][gc,metaspace] GC(166) Metaspace: 101170K(115456K)->101170K(115456K) NonClass: 72647K(78656K)->72647K(78656K) Class: 28522K(36800K)->28522K(36800K)
[148.423s][info][gc          ] GC(166) Pause Young (System.gc()) 800M->800M(6141M) 1.869ms
[149.216s][info][gc,metaspace] GC(167) Metaspace: 101170K(115456K)->101170K(115456K) NonClass: 72647K(78656K)->72647K(78656K) Class: 28522K(36800K)->28522K(36800K)
[149.216s][info][gc          ] GC(167) Pause Full (System.gc()) 800M->800M(6141M) 793.209ms
[149.218s][info][gc,metaspace] GC(168) Metaspace: 101170K(115456K)->101170K(115456K) NonClass: 72647K(78656K)->72647K(78656K) Class: 28522K(36800K)->28522K(36800K)
[149.218s][info][gc          ] GC(168) Pause Young (System.gc()) 800M->800M(6141M) 2.188ms
[150.007s][info][gc,metaspace] GC(169) Metaspace: 101170K(115456K)->101170K(115456K) NonClass: 72647K(78656K)->72647K(78656K) Class: 28522K(36800K)->28522K(36800K)
[150.007s][info][gc          ] GC(169) Pause Full (System.gc()) 800M->800M(6141M) 788.765ms
[150.013s][info][gc,metaspace] GC(170) Metaspace: 101170K(115456K)->101170K(115456K) NonClass: 72647K(78656K)->72647K(78656K) Class: 28522K(36800K)->28522K(36800K)
[150.013s][info][gc          ] GC(170) Pause Young (System.gc()) 800M->800M(6141M) 1.871ms
[150.775s][info][gc,metaspace] GC(171) Metaspace: 101170K(115456K)->101170K(115456K) NonClass: 72647K(78656K)->72647K(78656K) Class: 28522K(36800K)->28522K(36800K)
[150.775s][info][gc          ] GC(171) Pause Full (System.gc()) 800M->800M(6141M) 761.978ms
[150.778s][info][gc,metaspace] GC(172) Metaspace: 101170K(115456K)->101170K(115456K) NonClass: 72647K(78656K)->72647K(78656K) Class: 28522K(36800K)->28522K(36800K)
[150.778s][info][gc          ] GC(172) Pause Young (System.gc()) 800M->800M(6142M) 2.096ms
[151.555s][info][gc,metaspace] GC(173) Metaspace: 101170K(115456K)->101170K(115456K) NonClass: 72647K(78656K)->72647K(78656K) Class: 28522K(36800K)->28522K(36800K)
[151.555s][info][gc          ] GC(173) Pause Full (System.gc()) 800M->800M(6142M) 777.451ms
[151.556s][info][gc,metaspace] GC(174) Metaspace: 101170K(115456K)->101170K(115456K) NonClass: 72647K(78656K)->72647K(78656K) Class: 28522K(36800K)->28522K(36800K)
[151.556s][info][gc          ] GC(174) Pause Young (System.gc()) 800M->800M(6142M) 0.751ms
[152.311s][info][gc,metaspace] GC(175) Metaspace: 101170K(115456K)->101170K(115456K) NonClass: 72647K(78656K)->72647K(78656K) Class: 28522K(36800K)->28522K(36800K)
[152.311s][info][gc          ] GC(175) Pause Full (System.gc()) 800M->800M(6142M) 754.607ms
[152.313s][info][gc,metaspace] GC(176) Metaspace: 101170K(115456K)->101170K(115456K) NonClass: 72647K(78656K)->72647K(78656K) Class: 28522K(36800K)->28522K(36800K)
[152.313s][info][gc          ] GC(176) Pause Young (System.gc()) 800M->800M(6142M) 2.138ms
[153.102s][info][gc,metaspace] GC(177) Metaspace: 101170K(115456K)->101170K(115456K) NonClass: 72647K(78656K)->72647K(78656K) Class: 28522K(36800K)->28522K(36800K)
[153.102s][info][gc          ] GC(177) Pause Full (System.gc()) 800M->800M(6142M) 788.912ms
[153.103s][info][gc,metaspace] GC(178) Metaspace: 101170K(115456K)->101170K(115456K) NonClass: 72647K(78656K)->72647K(78656K) Class: 28522K(36800K)->28522K(36800K)
[153.103s][info][gc          ] GC(178) Pause Young (System.gc()) 800M->800M(6142M) 0.934ms
[153.925s][info][gc,metaspace] GC(179) Metaspace: 101170K(115456K)->101170K(115456K) NonClass: 72647K(78656K)->72647K(78656K) Class: 28522K(36800K)->28522K(36800K)
[153.925s][info][gc          ] GC(179) Pause Full (System.gc()) 800M->800M(6142M) 821.958ms
[153.927s][info][gc,metaspace] GC(180) Metaspace: 101170K(115456K)->101170K(115456K) NonClass: 72647K(78656K)->72647K(78656K) Class: 28522K(36800K)->28522K(36800K)
[153.927s][info][gc          ] GC(180) Pause Young (System.gc()) 800M->800M(6142M) 1.917ms
[154.696s][info][gc,metaspace] GC(181) Metaspace: 101170K(115456K)->101170K(115456K) NonClass: 72647K(78656K)->72647K(78656K) Class: 28522K(36800K)->28522K(36800K)
[154.696s][info][gc          ] GC(181) Pause Full (System.gc()) 800M->800M(6142M) 768.725ms
[154.697s][info][gc,metaspace] GC(182) Metaspace: 101170K(115456K)->101170K(115456K) NonClass: 72647K(78656K)->72647K(78656K) Class: 28522K(36800K)->28522K(36800K)
[154.697s][info][gc          ] GC(182) Pause Young (System.gc()) 800M->800M(6142M) 0.814ms
[155.479s][info][gc,metaspace] GC(183) Metaspace: 101170K(115456K)->101170K(115456K) NonClass: 72647K(78656K)->72647K(78656K) Class: 28522K(36800K)->28522K(36800K)
[155.479s][info][gc          ] GC(183) Pause Full (System.gc()) 800M->800M(6142M) 782.303ms
[155.484s][info][gc,metaspace] GC(184) Metaspace: 101170K(115456K)->101170K(115456K) NonClass: 72647K(78656K)->72647K(78656K) Class: 28522K(36800K)->28522K(36800K)
[155.484s][info][gc          ] GC(184) Pause Young (System.gc()) 800M->800M(6143M) 0.846ms
[156.291s][info][gc,metaspace] GC(185) Metaspace: 101170K(115456K)->101170K(115456K) NonClass: 72647K(78656K)->72647K(78656K) Class: 28522K(36800K)->28522K(36800K)
[156.291s][info][gc          ] GC(185) Pause Full (System.gc()) 800M->800M(6143M) 806.259ms
[156.293s][info][gc,metaspace] GC(186) Metaspace: 101170K(115456K)->101170K(115456K) NonClass: 72647K(78656K)->72647K(78656K) Class: 28522K(36800K)->28522K(36800K)
[156.293s][info][gc          ] GC(186) Pause Young (System.gc()) 800M->800M(6142M) 1.935ms
[157.240s][info][gc,metaspace] GC(187) Metaspace: 101170K(115456K)->101170K(115456K) NonClass: 72647K(78656K)->72647K(78656K) Class: 28522K(36800K)->28522K(36800K)
[157.240s][info][gc          ] GC(187) Pause Full (System.gc()) 800M->800M(6142M) 947.268ms
[157.242s][info][gc,metaspace] GC(188) Metaspace: 101170K(115456K)->101170K(115456K) NonClass: 72647K(78656K)->72647K(78656K) Class: 28522K(36800K)->28522K(36800K)
[157.242s][info][gc          ] GC(188) Pause Young (System.gc()) 800M->800M(6143M) 2.069ms
[158.042s][info][gc,metaspace] GC(189) Metaspace: 101170K(115456K)->101170K(115456K) NonClass: 72647K(78656K)->72647K(78656K) Class: 28522K(36800K)->28522K(36800K)
[158.042s][info][gc          ] GC(189) Pause Full (System.gc()) 800M->800M(6143M) 799.833ms
[158.043s][info][gc,metaspace] GC(190) Metaspace: 101170K(115456K)->101170K(115456K) NonClass: 72647K(78656K)->72647K(78656K) Class: 28522K(36800K)->28522K(36800K)
[158.043s][info][gc          ] GC(190) Pause Young (System.gc()) 800M->800M(6143M) 0.856ms
[158.829s][info][gc,metaspace] GC(191) Metaspace: 101170K(115456K)->101170K(115456K) NonClass: 72647K(78656K)->72647K(78656K) Class: 28522K(36800K)->28522K(36800K)
[158.829s][info][gc          ] GC(191) Pause Full (System.gc()) 800M->800M(6143M) 785.543ms
[158.831s][info][gc,metaspace] GC(192) Metaspace: 101170K(115456K)->101170K(115456K) NonClass: 72647K(78656K)->72647K(78656K) Class: 28522K(36800K)->28522K(36800K)
[158.831s][info][gc          ] GC(192) Pause Young (System.gc()) 800M->800M(6143M) 1.848ms
[159.623s][info][gc,metaspace] GC(193) Metaspace: 101170K(115456K)->101170K(115456K) NonClass: 72647K(78656K)->72647K(78656K) Class: 28522K(36800K)->28522K(36800K)
[159.623s][info][gc          ] GC(193) Pause Full (System.gc()) 800M->800M(6143M) 791.964ms
[159.625s][info][gc,metaspace] GC(194) Metaspace: 101170K(115456K)->101170K(115456K) NonClass: 72647K(78656K)->72647K(78656K) Class: 28522K(36800K)->28522K(36800K)
[159.625s][info][gc          ] GC(194) Pause Young (System.gc()) 800M->800M(6143M) 1.996ms
[160.379s][info][gc,metaspace] GC(195) Metaspace: 101170K(115456K)->101170K(115456K) NonClass: 72647K(78656K)->72647K(78656K) Class: 28522K(36800K)->28522K(36800K)
[160.379s][info][gc          ] GC(195) Pause Full (System.gc()) 800M->800M(6143M) 754.018ms
[160.381s][info][gc,metaspace] GC(196) Metaspace: 101170K(115456K)->101170K(115456K) NonClass: 72647K(78656K)->72647K(78656K) Class: 28522K(36800K)->28522K(36800K)
[160.381s][info][gc          ] GC(196) Pause Young (System.gc()) 800M->800M(6143M) 2.096ms
[161.166s][info][gc,metaspace] GC(197) Metaspace: 101170K(115456K)->101170K(115456K) NonClass: 72647K(78656K)->72647K(78656K) Class: 28522K(36800K)->28522K(36800K)
[161.166s][info][gc          ] GC(197) Pause Full (System.gc()) 800M->800M(6143M) 784.634ms
[161.167s][info][gc,metaspace] GC(198) Metaspace: 101170K(115456K)->101170K(115456K) NonClass: 72647K(78656K)->72647K(78656K) Class: 28522K(36800K)->28522K(36800K)
[161.167s][info][gc          ] GC(198) Pause Young (System.gc()) 800M->800M(6143M) 0.841ms
[162.018s][info][gc,metaspace] GC(199) Metaspace: 101170K(115456K)->101170K(115456K) NonClass: 72647K(78656K)->72647K(78656K) Class: 28522K(36800K)->28522K(36800K)
[162.018s][info][gc          ] GC(199) Pause Full (System.gc()) 800M->800M(6143M) 850.686ms
[162.020s][info][gc,metaspace] GC(200) Metaspace: 101170K(115456K)->101170K(115456K) NonClass: 72647K(78656K)->72647K(78656K) Class: 28522K(36800K)->28522K(36800K)
[162.020s][info][gc          ] GC(200) Pause Young (System.gc()) 800M->800M(6143M) 1.856ms
[162.842s][info][gc,metaspace] GC(201) Metaspace: 101170K(115456K)->101170K(115456K) NonClass: 72647K(78656K)->72647K(78656K) Class: 28522K(36800K)->28522K(36800K)
[162.842s][info][gc          ] GC(201) Pause Full (System.gc()) 800M->800M(6143M) 821.858ms
[162.844s][info][gc,metaspace] GC(202) Metaspace: 101170K(115456K)->101170K(115456K) NonClass: 72647K(78656K)->72647K(78656K) Class: 28522K(36800K)->28522K(36800K)
[162.844s][info][gc          ] GC(202) Pause Young (System.gc()) 800M->800M(6143M) 2.073ms
[163.617s][info][gc,metaspace] GC(203) Metaspace: 101170K(115456K)->101170K(115456K) NonClass: 72647K(78656K)->72647K(78656K) Class: 28522K(36800K)->28522K(36800K)
[163.617s][info][gc          ] GC(203) Pause Full (System.gc()) 800M->800M(6143M) 773.399ms
[163.618s][info][gc,metaspace] GC(204) Metaspace: 101170K(115456K)->101170K(115456K) NonClass: 72647K(78656K)->72647K(78656K) Class: 28522K(36800K)->28522K(36800K)
[163.618s][info][gc          ] GC(204) Pause Young (System.gc()) 800M->800M(6143M) 0.764ms
[164.377s][info][gc,metaspace] GC(205) Metaspace: 101170K(115456K)->101170K(115456K) NonClass: 72647K(78656K)->72647K(78656K) Class: 28522K(36800K)->28522K(36800K)
[164.378s][info][gc          ] GC(205) Pause Full (System.gc()) 800M->800M(6143M) 759.315ms
[164.380s][info][gc,metaspace] GC(206) Metaspace: 101170K(115456K)->101170K(115456K) NonClass: 72647K(78656K)->72647K(78656K) Class: 28522K(36800K)->28522K(36800K)
[164.380s][info][gc          ] GC(206) Pause Young (System.gc()) 800M->800M(6143M) 1.823ms
[165.158s][info][gc,metaspace] GC(207) Metaspace: 101170K(115456K)->101170K(115456K) NonClass: 72647K(78656K)->72647K(78656K) Class: 28522K(36800K)->28522K(36800K)
[165.158s][info][gc          ] GC(207) Pause Full (System.gc()) 800M->800M(6143M) 778.250ms
[165.160s][info][gc,metaspace] GC(208) Metaspace: 101170K(115456K)->101170K(115456K) NonClass: 72647K(78656K)->72647K(78656K) Class: 28522K(36800K)->28522K(36800K)
[165.160s][info][gc          ] GC(208) Pause Young (System.gc()) 800M->800M(6143M) 1.936ms
[165.918s][info][gc,metaspace] GC(209) Metaspace: 101170K(115456K)->101170K(115456K) NonClass: 72647K(78656K)->72647K(78656K) Class: 28522K(36800K)->28522K(36800K)
[165.918s][info][gc          ] GC(209) Pause Full (System.gc()) 800M->800M(6143M) 758.203ms
[165.919s][info][gc,metaspace] GC(210) Metaspace: 101170K(115456K)->101170K(115456K) NonClass: 72647K(78656K)->72647K(78656K) Class: 28522K(36800K)->28522K(36800K)
[165.919s][info][gc          ] GC(210) Pause Young (System.gc()) 800M->800M(6143M) 0.674ms
[166.715s][info][gc,metaspace] GC(211) Metaspace: 101170K(115456K)->101170K(115456K) NonClass: 72647K(78656K)->72647K(78656K) Class: 28522K(36800K)->28522K(36800K)
[166.715s][info][gc          ] GC(211) Pause Full (System.gc()) 800M->800M(6143M) 796.008ms
[166.720s][info][gc,metaspace] GC(212) Metaspace: 101170K(115456K)->101170K(115456K) NonClass: 72647K(78656K)->72647K(78656K) Class: 28522K(36800K)->28522K(36800K)
[166.720s][info][gc          ] GC(212) Pause Young (System.gc()) 800M->800M(6143M) 0.742ms
[167.524s][info][gc,metaspace] GC(213) Metaspace: 101170K(115456K)->101170K(115456K) NonClass: 72647K(78656K)->72647K(78656K) Class: 28522K(36800K)->28522K(36800K)
[167.524s][info][gc          ] GC(213) Pause Full (System.gc()) 800M->800M(6143M) 804.036ms
[167.525s][info][gc,metaspace] GC(214) Metaspace: 101170K(115456K)->101170K(115456K) NonClass: 72647K(78656K)->72647K(78656K) Class: 28522K(36800K)->28522K(36800K)
[167.525s][info][gc          ] GC(214) Pause Young (System.gc()) 800M->800M(6143M) 0.754ms
[168.320s][info][gc,metaspace] GC(215) Metaspace: 101170K(115456K)->101170K(115456K) NonClass: 72647K(78656K)->72647K(78656K) Class: 28522K(36800K)->28522K(36800K)
[168.320s][info][gc          ] GC(215) Pause Full (System.gc()) 800M->800M(6143M) 794.518ms
[168.321s][info][gc,metaspace] GC(216) Metaspace: 101170K(115456K)->101170K(115456K) NonClass: 72647K(78656K)->72647K(78656K) Class: 28522K(36800K)->28522K(36800K)
[168.321s][info][gc          ] GC(216) Pause Young (System.gc()) 800M->800M(6143M) 0.845ms
[169.137s][info][gc,metaspace] GC(217) Metaspace: 101170K(115456K)->101170K(115456K) NonClass: 72647K(78656K)->72647K(78656K) Class: 28522K(36800K)->28522K(36800K)
[169.137s][info][gc          ] GC(217) Pause Full (System.gc()) 800M->800M(6143M) 815.965ms
[169.139s][info][gc,metaspace] GC(218) Metaspace: 101170K(115456K)->101170K(115456K) NonClass: 72647K(78656K)->72647K(78656K) Class: 28522K(36800K)->28522K(36800K)
[169.139s][info][gc          ] GC(218) Pause Young (System.gc()) 800M->800M(6143M) 1.875ms
[169.915s][info][gc,metaspace] GC(219) Metaspace: 101170K(115456K)->101170K(115456K) NonClass: 72647K(78656K)->72647K(78656K) Class: 28522K(36800K)->28522K(36800K)
[169.915s][info][gc          ] GC(219) Pause Full (System.gc()) 800M->800M(6143M) 776.541ms
[169.918s][info][gc,metaspace] GC(220) Metaspace: 101170K(115456K)->101170K(115456K) NonClass: 72647K(78656K)->72647K(78656K) Class: 28522K(36800K)->28522K(36800K)
[169.918s][info][gc          ] GC(220) Pause Young (System.gc()) 800M->800M(6143M) 2.064ms
[170.693s][info][gc,metaspace] GC(221) Metaspace: 101170K(115456K)->101170K(115456K) NonClass: 72647K(78656K)->72647K(78656K) Class: 28522K(36800K)->28522K(36800K)
[170.693s][info][gc          ] GC(221) Pause Full (System.gc()) 800M->800M(6143M) 775.740ms
[170.696s][info][gc,metaspace] GC(222) Metaspace: 101170K(115456K)->101170K(115456K) NonClass: 72647K(78656K)->72647K(78656K) Class: 28522K(36800K)->28522K(36800K)
[170.696s][info][gc          ] GC(222) Pause Young (System.gc()) 800M->800M(6143M) 2.080ms
[171.509s][info][gc,metaspace] GC(223) Metaspace: 101170K(115456K)->101170K(115456K) NonClass: 72647K(78656K)->72647K(78656K) Class: 28522K(36800K)->28522K(36800K)
[171.509s][info][gc          ] GC(223) Pause Full (System.gc()) 800M->800M(6143M) 812.992ms
[171.510s][info][gc,metaspace] GC(224) Metaspace: 101170K(115456K)->101170K(115456K) NonClass: 72647K(78656K)->72647K(78656K) Class: 28522K(36800K)->28522K(36800K)
[171.510s][info][gc          ] GC(224) Pause Young (System.gc()) 800M->800M(6143M) 0.721ms
[172.371s][info][gc,metaspace] GC(225) Metaspace: 101170K(115456K)->101170K(115456K) NonClass: 72647K(78656K)->72647K(78656K) Class: 28522K(36800K)->28522K(36800K)
[172.371s][info][gc          ] GC(225) Pause Full (System.gc()) 800M->800M(6143M) 861.025ms
[172.373s][info][gc,metaspace] GC(226) Metaspace: 101170K(115456K)->101170K(115456K) NonClass: 72647K(78656K)->72647K(78656K) Class: 28522K(36800K)->28522K(36800K)
[172.373s][info][gc          ] GC(226) Pause Young (System.gc()) 800M->800M(6143M) 2.047ms
[173.174s][info][gc,metaspace] GC(227) Metaspace: 101170K(115456K)->101170K(115456K) NonClass: 72647K(78656K)->72647K(78656K) Class: 28522K(36800K)->28522K(36800K)
[173.174s][info][gc          ] GC(227) Pause Full (System.gc()) 800M->800M(6143M) 801.081ms
[173.176s][info][gc,metaspace] GC(228) Metaspace: 101170K(115456K)->101170K(115456K) NonClass: 72647K(78656K)->72647K(78656K) Class: 28522K(36800K)->28522K(36800K)
[173.176s][info][gc          ] GC(228) Pause Young (System.gc()) 800M->800M(6143M) 2.046ms
[173.983s][info][gc,metaspace] GC(229) Metaspace: 101170K(115456K)->101170K(115456K) NonClass: 72647K(78656K)->72647K(78656K) Class: 28522K(36800K)->28522K(36800K)
[173.983s][info][gc          ] GC(229) Pause Full (System.gc()) 800M->800M(6143M) 806.883ms
[173.984s][info][gc,metaspace] GC(230) Metaspace: 101170K(115456K)->101170K(115456K) NonClass: 72647K(78656K)->72647K(78656K) Class: 28522K(36800K)->28522K(36800K)
[173.984s][info][gc          ] GC(230) Pause Young (System.gc()) 800M->800M(6143M) 0.744ms
[174.779s][info][gc,metaspace] GC(231) Metaspace: 101170K(115456K)->101170K(115456K) NonClass: 72647K(78656K)->72647K(78656K) Class: 28522K(36800K)->28522K(36800K)
[174.779s][info][gc          ] GC(231) Pause Full (System.gc()) 800M->800M(6143M) 795.046ms
[174.781s][info][gc,metaspace] GC(232) Metaspace: 101170K(115456K)->101170K(115456K) NonClass: 72647K(78656K)->72647K(78656K) Class: 28522K(36800K)->28522K(36800K)
[174.781s][info][gc          ] GC(232) Pause Young (System.gc()) 800M->800M(6143M) 1.861ms
[175.669s][info][gc,metaspace] GC(233) Metaspace: 101170K(115456K)->101170K(115456K) NonClass: 72647K(78656K)->72647K(78656K) Class: 28522K(36800K)->28522K(36800K)
[175.669s][info][gc          ] GC(233) Pause Full (System.gc()) 800M->800M(6143M) 887.664ms
After GCs... 
