Done; will start GCs... 
[12.450s][info][gc,metaspace] GC(2) Metaspace: 25852K(26176K)->25852K(26176K) NonClass: 25852K(26176K)->25852K(26176K) Class: 0K(0K)->0K(0K)
[12.450s][info][gc          ] GC(2) Pause Full (System.gc()) 810M->771M(5939M) 3974.456ms
[14.602s][info][gc,metaspace] GC(3) Metaspace: 25852K(26176K)->25852K(26176K) NonClass: 25852K(26176K)->25852K(26176K) Class: 0K(0K)->0K(0K)
[14.602s][info][gc          ] GC(3) Pause Full (System.gc()) 771M->771M(5939M) 2151.118ms
[17.442s][info][gc,metaspace] GC(4) Metaspace: 25852K(26176K)->25852K(26176K) NonClass: 25852K(26176K)->25852K(26176K) Class: 0K(0K)->0K(0K)
[17.442s][info][gc          ] GC(4) Pause Full (System.gc()) 771M->771M(5939M) 2840.265ms
[19.596s][info][gc,metaspace] GC(5) Metaspace: 25852K(26176K)->25852K(26176K) NonClass: 25852K(26176K)->25852K(26176K) Class: 0K(0K)->0K(0K)
[19.596s][info][gc          ] GC(5) Pause Full (System.gc()) 771M->771M(5939M) 2153.778ms
[21.746s][info][gc,metaspace] GC(6) Metaspace: 25852K(26176K)->25852K(26176K) NonClass: 25852K(26176K)->25852K(26176K) Class: 0K(0K)->0K(0K)
[21.746s][info][gc          ] GC(6) Pause Full (System.gc()) 771M->771M(5939M) 2149.438ms
[23.894s][info][gc,metaspace] GC(7) Metaspace: 25852K(26176K)->25852K(26176K) NonClass: 25852K(26176K)->25852K(26176K) Class: 0K(0K)->0K(0K)
[23.894s][info][gc          ] GC(7) Pause Full (System.gc()) 771M->771M(5939M) 2148.458ms
[26.043s][info][gc,metaspace] GC(8) Metaspace: 25852K(26176K)->25852K(26176K) NonClass: 25852K(26176K)->25852K(26176K) Class: 0K(0K)->0K(0K)
[26.043s][info][gc          ] GC(8) Pause Full (System.gc()) 771M->771M(5939M) 2148.948ms
[28.192s][info][gc,metaspace] GC(9) Metaspace: 25852K(26176K)->25852K(26176K) NonClass: 25852K(26176K)->25852K(26176K) Class: 0K(0K)->0K(0K)
[28.192s][info][gc          ] GC(9) Pause Full (System.gc()) 771M->771M(5939M) 2148.929ms
[30.391s][info][gc,metaspace] GC(10) Metaspace: 25852K(26176K)->25852K(26176K) NonClass: 25852K(26176K)->25852K(26176K) Class: 0K(0K)->0K(0K)
[30.391s][info][gc          ] GC(10) Pause Full (System.gc()) 771M->771M(5939M) 2198.620ms
[32.541s][info][gc,metaspace] GC(11) Metaspace: 25852K(26176K)->25852K(26176K) NonClass: 25852K(26176K)->25852K(26176K) Class: 0K(0K)->0K(0K)
[32.541s][info][gc          ] GC(11) Pause Full (System.gc()) 771M->771M(5939M) 2150.313ms
[34.692s][info][gc,metaspace] GC(12) Metaspace: 25852K(26176K)->25852K(26176K) NonClass: 25852K(26176K)->25852K(26176K) Class: 0K(0K)->0K(0K)
[34.692s][info][gc          ] GC(12) Pause Full (System.gc()) 771M->771M(5939M) 2150.158ms
[36.846s][info][gc,metaspace] GC(13) Metaspace: 25852K(26176K)->25852K(26176K) NonClass: 25852K(26176K)->25852K(26176K) Class: 0K(0K)->0K(0K)
[36.846s][info][gc          ] GC(13) Pause Full (System.gc()) 771M->771M(5939M) 2154.686ms
[38.996s][info][gc,metaspace] GC(14) Metaspace: 25852K(26176K)->25852K(26176K) NonClass: 25852K(26176K)->25852K(26176K) Class: 0K(0K)->0K(0K)
[38.996s][info][gc          ] GC(14) Pause Full (System.gc()) 771M->771M(5939M) 2149.178ms
[41.145s][info][gc,metaspace] GC(15) Metaspace: 25852K(26176K)->25852K(26176K) NonClass: 25852K(26176K)->25852K(26176K) Class: 0K(0K)->0K(0K)
[41.145s][info][gc          ] GC(15) Pause Full (System.gc()) 771M->771M(5939M) 2148.932ms
[43.345s][info][gc,metaspace] GC(16) Metaspace: 25852K(26176K)->25852K(26176K) NonClass: 25852K(26176K)->25852K(26176K) Class: 0K(0K)->0K(0K)
[43.345s][info][gc          ] GC(16) Pause Full (System.gc()) 771M->771M(5939M) 2200.044ms
[45.494s][info][gc,metaspace] GC(17) Metaspace: 25852K(26176K)->25852K(26176K) NonClass: 25852K(26176K)->25852K(26176K) Class: 0K(0K)->0K(0K)
[45.494s][info][gc          ] GC(17) Pause Full (System.gc()) 771M->771M(5939M) 2149.085ms
[47.644s][info][gc,metaspace] GC(18) Metaspace: 25852K(26176K)->25852K(26176K) NonClass: 25852K(26176K)->25852K(26176K) Class: 0K(0K)->0K(0K)
[47.644s][info][gc          ] GC(18) Pause Full (System.gc()) 771M->771M(5939M) 2149.713ms
[49.793s][info][gc,metaspace] GC(19) Metaspace: 25852K(26176K)->25852K(26176K) NonClass: 25852K(26176K)->25852K(26176K) Class: 0K(0K)->0K(0K)
[49.793s][info][gc          ] GC(19) Pause Full (System.gc()) 771M->771M(5939M) 2149.305ms
[51.942s][info][gc,metaspace] GC(20) Metaspace: 25852K(26176K)->25852K(26176K) NonClass: 25852K(26176K)->25852K(26176K) Class: 0K(0K)->0K(0K)
[51.942s][info][gc          ] GC(20) Pause Full (System.gc()) 771M->771M(5939M) 2149.159ms
[54.095s][info][gc,metaspace] GC(21) Metaspace: 25852K(26176K)->25852K(26176K) NonClass: 25852K(26176K)->25852K(26176K) Class: 0K(0K)->0K(0K)
[54.096s][info][gc          ] GC(21) Pause Full (System.gc()) 771M->771M(5939M) 2152.928ms
[56.295s][info][gc,metaspace] GC(22) Metaspace: 25852K(26176K)->25852K(26176K) NonClass: 25852K(26176K)->25852K(26176K) Class: 0K(0K)->0K(0K)
[56.295s][info][gc          ] GC(22) Pause Full (System.gc()) 771M->771M(5939M) 2199.392ms
[58.444s][info][gc,metaspace] GC(23) Metaspace: 25852K(26176K)->25852K(26176K) NonClass: 25852K(26176K)->25852K(26176K) Class: 0K(0K)->0K(0K)
[58.444s][info][gc          ] GC(23) Pause Full (System.gc()) 771M->771M(5939M) 2149.190ms
[60.593s][info][gc,metaspace] GC(24) Metaspace: 25852K(26176K)->25852K(26176K) NonClass: 25852K(26176K)->25852K(26176K) Class: 0K(0K)->0K(0K)
[60.593s][info][gc          ] GC(24) Pause Full (System.gc()) 771M->771M(5939M) 2148.395ms
[62.743s][info][gc,metaspace] GC(25) Metaspace: 25852K(26176K)->25852K(26176K) NonClass: 25852K(26176K)->25852K(26176K) Class: 0K(0K)->0K(0K)
[62.743s][info][gc          ] GC(25) Pause Full (System.gc()) 771M->771M(5939M) 2149.667ms
[64.892s][info][gc,metaspace] GC(26) Metaspace: 25852K(26176K)->25852K(26176K) NonClass: 25852K(26176K)->25852K(26176K) Class: 0K(0K)->0K(0K)
[64.892s][info][gc          ] GC(26) Pause Full (System.gc()) 771M->771M(5939M) 2149.084ms
[67.041s][info][gc,metaspace] GC(27) Metaspace: 25852K(26176K)->25852K(26176K) NonClass: 25852K(26176K)->25852K(26176K) Class: 0K(0K)->0K(0K)
[67.041s][info][gc          ] GC(27) Pause Full (System.gc()) 771M->771M(5939M) 2149.330ms
[69.189s][info][gc,metaspace] GC(28) Metaspace: 25852K(26176K)->25852K(26176K) NonClass: 25852K(26176K)->25852K(26176K) Class: 0K(0K)->0K(0K)
[69.189s][info][gc          ] GC(28) Pause Full (System.gc()) 771M->771M(5939M) 2148.065ms
[71.394s][info][gc,metaspace] GC(29) Metaspace: 25852K(26176K)->25852K(26176K) NonClass: 25852K(26176K)->25852K(26176K) Class: 0K(0K)->0K(0K)
[71.394s][info][gc          ] GC(29) Pause Full (System.gc()) 771M->771M(5939M) 2204.258ms
[73.542s][info][gc,metaspace] GC(30) Metaspace: 25852K(26176K)->25852K(26176K) NonClass: 25852K(26176K)->25852K(26176K) Class: 0K(0K)->0K(0K)
[73.542s][info][gc          ] GC(30) Pause Full (System.gc()) 788M->771M(5939M) 2148.592ms
[75.691s][info][gc,metaspace] GC(31) Metaspace: 25852K(26176K)->25852K(26176K) NonClass: 25852K(26176K)->25852K(26176K) Class: 0K(0K)->0K(0K)
[75.691s][info][gc          ] GC(31) Pause Full (System.gc()) 771M->771M(5939M) 2148.294ms
[78.530s][info][gc,metaspace] GC(32) Metaspace: 25852K(26176K)->25852K(26176K) NonClass: 25852K(26176K)->25852K(26176K) Class: 0K(0K)->0K(0K)
[78.530s][info][gc          ] GC(32) Pause Full (System.gc()) 771M->771M(5939M) 2839.181ms
[80.681s][info][gc,metaspace] GC(33) Metaspace: 25852K(26176K)->25852K(26176K) NonClass: 25852K(26176K)->25852K(26176K) Class: 0K(0K)->0K(0K)
[80.681s][info][gc          ] GC(33) Pause Full (System.gc()) 771M->771M(5939M) 2150.963ms
[82.832s][info][gc,metaspace] GC(34) Metaspace: 25852K(26176K)->25852K(26176K) NonClass: 25852K(26176K)->25852K(26176K) Class: 0K(0K)->0K(0K)
[82.832s][info][gc          ] GC(34) Pause Full (System.gc()) 771M->771M(5939M) 2150.719ms
[84.982s][info][gc,metaspace] GC(35) Metaspace: 25852K(26176K)->25852K(26176K) NonClass: 25852K(26176K)->25852K(26176K) Class: 0K(0K)->0K(0K)
[84.982s][info][gc          ] GC(35) Pause Full (System.gc()) 771M->771M(5939M) 2149.447ms
[87.133s][info][gc,metaspace] GC(36) Metaspace: 25852K(26176K)->25852K(26176K) NonClass: 25852K(26176K)->25852K(26176K) Class: 0K(0K)->0K(0K)
[87.133s][info][gc          ] GC(36) Pause Full (System.gc()) 771M->771M(5939M) 2151.646ms
[89.337s][info][gc,metaspace] GC(37) Metaspace: 25852K(26176K)->25852K(26176K) NonClass: 25852K(26176K)->25852K(26176K) Class: 0K(0K)->0K(0K)
[89.337s][info][gc          ] GC(37) Pause Full (System.gc()) 771M->771M(5939M) 2203.934ms
[91.488s][info][gc,metaspace] GC(38) Metaspace: 25852K(26176K)->25852K(26176K) NonClass: 25852K(26176K)->25852K(26176K) Class: 0K(0K)->0K(0K)
[91.488s][info][gc          ] GC(38) Pause Full (System.gc()) 771M->771M(5939M) 2150.474ms
[93.638s][info][gc,metaspace] GC(39) Metaspace: 25852K(26176K)->25852K(26176K) NonClass: 25852K(26176K)->25852K(26176K) Class: 0K(0K)->0K(0K)
[93.638s][info][gc          ] GC(39) Pause Full (System.gc()) 771M->771M(5939M) 2149.804ms
[95.788s][info][gc,metaspace] GC(40) Metaspace: 25852K(26176K)->25852K(26176K) NonClass: 25852K(26176K)->25852K(26176K) Class: 0K(0K)->0K(0K)
[95.788s][info][gc          ] GC(40) Pause Full (System.gc()) 771M->771M(5939M) 2150.160ms
[97.938s][info][gc,metaspace] GC(41) Metaspace: 25852K(26176K)->25852K(26176K) NonClass: 25852K(26176K)->25852K(26176K) Class: 0K(0K)->0K(0K)
[97.938s][info][gc          ] GC(41) Pause Full (System.gc()) 771M->771M(5939M) 2149.790ms
[100.089s][info][gc,metaspace] GC(42) Metaspace: 25852K(26176K)->25852K(26176K) NonClass: 25852K(26176K)->25852K(26176K) Class: 0K(0K)->0K(0K)
[100.089s][info][gc          ] GC(42) Pause Full (System.gc()) 771M->771M(5939M) 2150.713ms
[102.289s][info][gc,metaspace] GC(43) Metaspace: 25852K(26176K)->25852K(26176K) NonClass: 25852K(26176K)->25852K(26176K) Class: 0K(0K)->0K(0K)
[102.289s][info][gc          ] GC(43) Pause Full (System.gc()) 771M->771M(5939M) 2200.271ms
[104.446s][info][gc,metaspace] GC(44) Metaspace: 25852K(26176K)->25852K(26176K) NonClass: 25852K(26176K)->25852K(26176K) Class: 0K(0K)->0K(0K)
[104.446s][info][gc          ] GC(44) Pause Full (System.gc()) 771M->771M(5939M) 2156.672ms
[106.597s][info][gc,metaspace] GC(45) Metaspace: 25852K(26176K)->25852K(26176K) NonClass: 25852K(26176K)->25852K(26176K) Class: 0K(0K)->0K(0K)
[106.597s][info][gc          ] GC(45) Pause Full (System.gc()) 771M->771M(5939M) 2150.806ms
[108.747s][info][gc,metaspace] GC(46) Metaspace: 25852K(26176K)->25852K(26176K) NonClass: 25852K(26176K)->25852K(26176K) Class: 0K(0K)->0K(0K)
[108.747s][info][gc          ] GC(46) Pause Full (System.gc()) 771M->771M(5939M) 2150.342ms
[110.897s][info][gc,metaspace] GC(47) Metaspace: 25852K(26176K)->25852K(26176K) NonClass: 25852K(26176K)->25852K(26176K) Class: 0K(0K)->0K(0K)
[110.897s][info][gc          ] GC(47) Pause Full (System.gc()) 771M->771M(5939M) 2150.077ms
[113.047s][info][gc,metaspace] GC(48) Metaspace: 25852K(26176K)->25852K(26176K) NonClass: 25852K(26176K)->25852K(26176K) Class: 0K(0K)->0K(0K)
[113.047s][info][gc          ] GC(48) Pause Full (System.gc()) 771M->771M(5939M) 2149.888ms
[115.197s][info][gc,metaspace] GC(49) Metaspace: 25852K(26176K)->25852K(26176K) NonClass: 25852K(26176K)->25852K(26176K) Class: 0K(0K)->0K(0K)
[115.197s][info][gc          ] GC(49) Pause Full (System.gc()) 771M->771M(5939M) 2149.569ms
[117.397s][info][gc,metaspace] GC(50) Metaspace: 25852K(26176K)->25852K(26176K) NonClass: 25852K(26176K)->25852K(26176K) Class: 0K(0K)->0K(0K)
[117.397s][info][gc          ] GC(50) Pause Full (System.gc()) 771M->771M(5939M) 2199.582ms
[119.547s][info][gc,metaspace] GC(51) Metaspace: 25852K(26176K)->25852K(26176K) NonClass: 25852K(26176K)->25852K(26176K) Class: 0K(0K)->0K(0K)
[119.547s][info][gc          ] GC(51) Pause Full (System.gc()) 771M->771M(5939M) 2150.170ms
[121.703s][info][gc,metaspace] GC(52) Metaspace: 25852K(26176K)->25852K(26176K) NonClass: 25852K(26176K)->25852K(26176K) Class: 0K(0K)->0K(0K)
[121.703s][info][gc          ] GC(52) Pause Full (System.gc()) 771M->771M(5939M) 2155.465ms
[123.853s][info][gc,metaspace] GC(53) Metaspace: 25852K(26176K)->25852K(26176K) NonClass: 25852K(26176K)->25852K(26176K) Class: 0K(0K)->0K(0K)
[123.853s][info][gc          ] GC(53) Pause Full (System.gc()) 771M->771M(5939M) 2149.922ms
[126.002s][info][gc,metaspace] GC(54) Metaspace: 25852K(26176K)->25852K(26176K) NonClass: 25852K(26176K)->25852K(26176K) Class: 0K(0K)->0K(0K)
[126.002s][info][gc          ] GC(54) Pause Full (System.gc()) 771M->771M(5939M) 2149.675ms
[128.155s][info][gc,metaspace] GC(55) Metaspace: 25852K(26176K)->25852K(26176K) NonClass: 25852K(26176K)->25852K(26176K) Class: 0K(0K)->0K(0K)
[128.155s][info][gc          ] GC(55) Pause Full (System.gc()) 771M->771M(5939M) 2152.395ms
[130.354s][info][gc,metaspace] GC(56) Metaspace: 25852K(26176K)->25852K(26176K) NonClass: 25852K(26176K)->25852K(26176K) Class: 0K(0K)->0K(0K)
[130.354s][info][gc          ] GC(56) Pause Full (System.gc()) 771M->771M(5939M) 2199.323ms
[132.504s][info][gc,metaspace] GC(57) Metaspace: 25852K(26176K)->25852K(26176K) NonClass: 25852K(26176K)->25852K(26176K) Class: 0K(0K)->0K(0K)
[132.504s][info][gc          ] GC(57) Pause Full (System.gc()) 771M->771M(5939M) 2149.169ms
[134.655s][info][gc,metaspace] GC(58) Metaspace: 25852K(26176K)->25852K(26176K) NonClass: 25852K(26176K)->25852K(26176K) Class: 0K(0K)->0K(0K)
[134.655s][info][gc          ] GC(58) Pause Full (System.gc()) 771M->771M(5939M) 2150.958ms
[136.805s][info][gc,metaspace] GC(59) Metaspace: 25852K(26176K)->25852K(26176K) NonClass: 25852K(26176K)->25852K(26176K) Class: 0K(0K)->0K(0K)
[136.805s][info][gc          ] GC(59) Pause Full (System.gc()) 771M->771M(5939M) 2150.590ms
[138.960s][info][gc,metaspace] GC(60) Metaspace: 25852K(26176K)->25852K(26176K) NonClass: 25852K(26176K)->25852K(26176K) Class: 0K(0K)->0K(0K)
[138.960s][info][gc          ] GC(60) Pause Full (System.gc()) 788M->771M(5939M) 2154.547ms
[141.111s][info][gc,metaspace] GC(61) Metaspace: 25852K(26176K)->25852K(26176K) NonClass: 25852K(26176K)->25852K(26176K) Class: 0K(0K)->0K(0K)
[141.111s][info][gc          ] GC(61) Pause Full (System.gc()) 771M->771M(5939M) 2151.154ms
[143.313s][info][gc,metaspace] GC(62) Metaspace: 25852K(26176K)->25852K(26176K) NonClass: 25852K(26176K)->25852K(26176K) Class: 0K(0K)->0K(0K)
[143.313s][info][gc          ] GC(62) Pause Full (System.gc()) 771M->771M(5939M) 2201.841ms
[145.705s][info][gc,metaspace] GC(63) Metaspace: 25852K(26176K)->25852K(26176K) NonClass: 25852K(26176K)->25852K(26176K) Class: 0K(0K)->0K(0K)
[145.705s][info][gc          ] GC(63) Pause Full (System.gc()) 771M->771M(5939M) 2391.247ms
[147.855s][info][gc,metaspace] GC(64) Metaspace: 25852K(26176K)->25852K(26176K) NonClass: 25852K(26176K)->25852K(26176K) Class: 0K(0K)->0K(0K)
[147.856s][info][gc          ] GC(64) Pause Full (System.gc()) 771M->771M(5939M) 2150.802ms
[150.006s][info][gc,metaspace] GC(65) Metaspace: 25852K(26176K)->25852K(26176K) NonClass: 25852K(26176K)->25852K(26176K) Class: 0K(0K)->0K(0K)
[150.006s][info][gc          ] GC(65) Pause Full (System.gc()) 771M->771M(5939M) 2150.712ms
[152.161s][info][gc,metaspace] GC(66) Metaspace: 25852K(26176K)->25852K(26176K) NonClass: 25852K(26176K)->25852K(26176K) Class: 0K(0K)->0K(0K)
[152.161s][info][gc          ] GC(66) Pause Full (System.gc()) 771M->771M(5939M) 2154.191ms
[154.363s][info][gc,metaspace] GC(67) Metaspace: 25852K(26176K)->25852K(26176K) NonClass: 25852K(26176K)->25852K(26176K) Class: 0K(0K)->0K(0K)
[154.363s][info][gc          ] GC(67) Pause Full (System.gc()) 771M->771M(5939M) 2201.900ms
[156.517s][info][gc,metaspace] GC(68) Metaspace: 25852K(26176K)->25852K(26176K) NonClass: 25852K(26176K)->25852K(26176K) Class: 0K(0K)->0K(0K)
[156.517s][info][gc          ] GC(68) Pause Full (System.gc()) 771M->771M(5939M) 2154.691ms
[158.672s][info][gc,metaspace] GC(69) Metaspace: 25852K(26176K)->25852K(26176K) NonClass: 25852K(26176K)->25852K(26176K) Class: 0K(0K)->0K(0K)
[158.672s][info][gc          ] GC(69) Pause Full (System.gc()) 771M->771M(5939M) 2154.069ms
[160.822s][info][gc,metaspace] GC(70) Metaspace: 25852K(26176K)->25852K(26176K) NonClass: 25852K(26176K)->25852K(26176K) Class: 0K(0K)->0K(0K)
[160.822s][info][gc          ] GC(70) Pause Full (System.gc()) 771M->771M(5939M) 2150.363ms
[162.973s][info][gc,metaspace] GC(71) Metaspace: 25852K(26176K)->25852K(26176K) NonClass: 25852K(26176K)->25852K(26176K) Class: 0K(0K)->0K(0K)
[162.973s][info][gc          ] GC(71) Pause Full (System.gc()) 771M->771M(5939M) 2150.495ms
[165.122s][info][gc,metaspace] GC(72) Metaspace: 25852K(26176K)->25852K(26176K) NonClass: 25852K(26176K)->25852K(26176K) Class: 0K(0K)->0K(0K)
[165.122s][info][gc          ] GC(72) Pause Full (System.gc()) 771M->771M(5939M) 2149.288ms
[167.323s][info][gc,metaspace] GC(73) Metaspace: 25852K(26176K)->25852K(26176K) NonClass: 25852K(26176K)->25852K(26176K) Class: 0K(0K)->0K(0K)
[167.323s][info][gc          ] GC(73) Pause Full (System.gc()) 771M->771M(5939M) 2200.423ms
[169.711s][info][gc,metaspace] GC(74) Metaspace: 25852K(26176K)->25852K(26176K) NonClass: 25852K(26176K)->25852K(26176K) Class: 0K(0K)->0K(0K)
[169.711s][info][gc          ] GC(74) Pause Full (System.gc()) 771M->771M(5939M) 2388.800ms
[171.862s][info][gc,metaspace] GC(75) Metaspace: 25852K(26176K)->25852K(26176K) NonClass: 25852K(26176K)->25852K(26176K) Class: 0K(0K)->0K(0K)
[171.862s][info][gc          ] GC(75) Pause Full (System.gc()) 771M->771M(5939M) 2150.695ms
[174.016s][info][gc,metaspace] GC(76) Metaspace: 25852K(26176K)->25852K(26176K) NonClass: 25852K(26176K)->25852K(26176K) Class: 0K(0K)->0K(0K)
[174.016s][info][gc          ] GC(76) Pause Full (System.gc()) 771M->771M(5939M) 2153.895ms
[176.167s][info][gc,metaspace] GC(77) Metaspace: 25852K(26176K)->25852K(26176K) NonClass: 25852K(26176K)->25852K(26176K) Class: 0K(0K)->0K(0K)
[176.167s][info][gc          ] GC(77) Pause Full (System.gc()) 771M->771M(5939M) 2150.700ms
[178.367s][info][gc,metaspace] GC(78) Metaspace: 25852K(26176K)->25852K(26176K) NonClass: 25852K(26176K)->25852K(26176K) Class: 0K(0K)->0K(0K)
[178.367s][info][gc          ] GC(78) Pause Full (System.gc()) 771M->771M(5939M) 2200.033ms
[180.517s][info][gc,metaspace] GC(79) Metaspace: 25852K(26176K)->25852K(26176K) NonClass: 25852K(26176K)->25852K(26176K) Class: 0K(0K)->0K(0K)
[180.517s][info][gc          ] GC(79) Pause Full (System.gc()) 771M->771M(5939M) 2150.178ms
[182.669s][info][gc,metaspace] GC(80) Metaspace: 25852K(26176K)->25852K(26176K) NonClass: 25852K(26176K)->25852K(26176K) Class: 0K(0K)->0K(0K)
[182.669s][info][gc          ] GC(80) Pause Full (System.gc()) 771M->771M(5939M) 2151.136ms
[184.818s][info][gc,metaspace] GC(81) Metaspace: 25852K(26176K)->25852K(26176K) NonClass: 25852K(26176K)->25852K(26176K) Class: 0K(0K)->0K(0K)
[184.818s][info][gc          ] GC(81) Pause Full (System.gc()) 771M->771M(5939M) 2149.334ms
[186.968s][info][gc,metaspace] GC(82) Metaspace: 25852K(26176K)->25852K(26176K) NonClass: 25852K(26176K)->25852K(26176K) Class: 0K(0K)->0K(0K)
[186.969s][info][gc          ] GC(82) Pause Full (System.gc()) 771M->771M(5939M) 2150.279ms
[189.118s][info][gc,metaspace] GC(83) Metaspace: 25852K(26176K)->25852K(26176K) NonClass: 25852K(26176K)->25852K(26176K) Class: 0K(0K)->0K(0K)
[189.118s][info][gc          ] GC(83) Pause Full (System.gc()) 771M->771M(5939M) 2149.777ms
[191.324s][info][gc,metaspace] GC(84) Metaspace: 25852K(26176K)->25852K(26176K) NonClass: 25852K(26176K)->25852K(26176K) Class: 0K(0K)->0K(0K)
[191.324s][info][gc          ] GC(84) Pause Full (System.gc()) 771M->771M(5939M) 2205.024ms
[193.713s][info][gc,metaspace] GC(85) Metaspace: 25852K(26176K)->25852K(26176K) NonClass: 25852K(26176K)->25852K(26176K) Class: 0K(0K)->0K(0K)
[193.713s][info][gc          ] GC(85) Pause Full (System.gc()) 771M->771M(5939M) 2389.357ms
[195.863s][info][gc,metaspace] GC(86) Metaspace: 25852K(26176K)->25852K(26176K) NonClass: 25852K(26176K)->25852K(26176K) Class: 0K(0K)->0K(0K)
[195.863s][info][gc          ] GC(86) Pause Full (System.gc()) 771M->771M(5939M) 2150.096ms
[198.013s][info][gc,metaspace] GC(87) Metaspace: 25852K(26176K)->25852K(26176K) NonClass: 25852K(26176K)->25852K(26176K) Class: 0K(0K)->0K(0K)
[198.013s][info][gc          ] GC(87) Pause Full (System.gc()) 771M->771M(5939M) 2149.783ms
[200.164s][info][gc,metaspace] GC(88) Metaspace: 25852K(26176K)->25852K(26176K) NonClass: 25852K(26176K)->25852K(26176K) Class: 0K(0K)->0K(0K)
[200.164s][info][gc          ] GC(88) Pause Full (System.gc()) 771M->771M(5939M) 2151.118ms
[202.365s][info][gc,metaspace] GC(89) Metaspace: 25852K(26176K)->25852K(26176K) NonClass: 25852K(26176K)->25852K(26176K) Class: 0K(0K)->0K(0K)
[202.365s][info][gc          ] GC(89) Pause Full (System.gc()) 788M->771M(5939M) 2200.418ms
[204.514s][info][gc,metaspace] GC(90) Metaspace: 25852K(26176K)->25852K(26176K) NonClass: 25852K(26176K)->25852K(26176K) Class: 0K(0K)->0K(0K)
[204.514s][info][gc          ] GC(90) Pause Full (System.gc()) 771M->771M(5939M) 2149.375ms
[206.671s][info][gc,metaspace] GC(91) Metaspace: 25852K(26176K)->25852K(26176K) NonClass: 25852K(26176K)->25852K(26176K) Class: 0K(0K)->0K(0K)
[206.671s][info][gc          ] GC(91) Pause Full (System.gc()) 771M->771M(5939M) 2156.767ms
[208.821s][info][gc,metaspace] GC(92) Metaspace: 25852K(26176K)->25852K(26176K) NonClass: 25852K(26176K)->25852K(26176K) Class: 0K(0K)->0K(0K)
[208.821s][info][gc          ] GC(92) Pause Full (System.gc()) 771M->771M(5939M) 2150.057ms
[210.972s][info][gc,metaspace] GC(93) Metaspace: 25852K(26176K)->25852K(26176K) NonClass: 25852K(26176K)->25852K(26176K) Class: 0K(0K)->0K(0K)
[210.972s][info][gc          ] GC(93) Pause Full (System.gc()) 771M->771M(5939M) 2150.151ms
[213.121s][info][gc,metaspace] GC(94) Metaspace: 25852K(26176K)->25852K(26176K) NonClass: 25852K(26176K)->25852K(26176K) Class: 0K(0K)->0K(0K)
[213.121s][info][gc          ] GC(94) Pause Full (System.gc()) 771M->771M(5939M) 2149.613ms
[215.321s][info][gc,metaspace] GC(95) Metaspace: 25852K(26176K)->25852K(26176K) NonClass: 25852K(26176K)->25852K(26176K) Class: 0K(0K)->0K(0K)
[215.321s][info][gc          ] GC(95) Pause Full (System.gc()) 771M->771M(5939M) 2199.385ms
[217.711s][info][gc,metaspace] GC(96) Metaspace: 25852K(26176K)->25852K(26176K) NonClass: 25852K(26176K)->25852K(26176K) Class: 0K(0K)->0K(0K)
[217.711s][info][gc          ] GC(96) Pause Full (System.gc()) 771M->771M(5939M) 2390.127ms
[219.862s][info][gc,metaspace] GC(97) Metaspace: 25852K(26176K)->25852K(26176K) NonClass: 25852K(26176K)->25852K(26176K) Class: 0K(0K)->0K(0K)
[219.862s][info][gc          ] GC(97) Pause Full (System.gc()) 771M->771M(5939M) 2150.759ms
[222.012s][info][gc,metaspace] GC(98) Metaspace: 25852K(26176K)->25852K(26176K) NonClass: 25852K(26176K)->25852K(26176K) Class: 0K(0K)->0K(0K)
[222.012s][info][gc          ] GC(98) Pause Full (System.gc()) 771M->771M(5939M) 2150.238ms
[224.168s][info][gc,metaspace] GC(99) Metaspace: 25852K(26176K)->25852K(26176K) NonClass: 25852K(26176K)->25852K(26176K) Class: 0K(0K)->0K(0K)
[224.168s][info][gc          ] GC(99) Pause Full (System.gc()) 771M->771M(5939M) 2155.336ms
[226.368s][info][gc,metaspace] GC(100) Metaspace: 25852K(26176K)->25852K(26176K) NonClass: 25852K(26176K)->25852K(26176K) Class: 0K(0K)->0K(0K)
[226.368s][info][gc          ] GC(100) Pause Full (System.gc()) 771M->771M(5939M) 2200.549ms
[228.690s][info][gc,metaspace] GC(101) Metaspace: 25852K(26176K)->25852K(26176K) NonClass: 25852K(26176K)->25852K(26176K) Class: 0K(0K)->0K(0K)
[228.690s][info][gc          ] GC(101) Pause Full (System.gc()) 771M->771M(5939M) 2321.259ms
After GCs... 
