[0.001s][info][metaspace]  - commit_granule_bytes: 65536.
[0.001s][info][metaspace]  - commit_granule_words: 8192.
[0.001s][info][metaspace]  - virtual_space_node_default_size: 8388608.
[0.001s][info][metaspace]  - enlarge_chunks_in_place: 1.
[0.001s][info][metaspace]  - use_allocation_guard: 0.
[0.005s][info][gc       ] Using Serial
[1.842s][info][metaspace] Reserving compressed class space anywhere
[1.842s][info][gc,metaspace] CDS archive(s) not mapped
[1.842s][info][gc,metaspace] Compressed class space mapped at: 0x00007fff18000000-0x00007fffd8000000, reserved size: 3221225472
[1.842s][info][gc,metaspace] UseCompressedClassPointers 1, UseCompactObjectHeaders 1, Use2c0 0narrow klass pointer bits 26, max shift 6
[1.842s][info][gc,metaspace] Narrow klass base: 0x00007fff18000000, Narrow klass shift: 6, Narrow klass range: 0xc0000000
Num Classes: 512
Num Objects per Class: 131072
Cycles: 100
Class association: random
Generate 512 classes...[4.077s][info][gc,metaspace] GC(0) Metaspace: 22975K(23360K)->22975K(23360K) NonClass: 20569K(20800K)->20569K(20800K) Class: 2406K(2560K)->2406K(2560K)
[4.077s][info][gc          ] GC(0) Pause Young (Allocation Failure) 1638M->4M(5939M) 14.618ms

Loading 512...[4.570s][info][gc,metaspace] GC(1) Metaspace: 24193K(24576K)->24193K(24576K) NonClass: 21494K(21696K)->21494K(21696K) Class: 2699K(2880K)->2699K(2880K)
[4.570s][info][gc          ] GC(1) Pause Full (System.gc()) 489M->3M(5939M) 128.674ms
Creating 131072 objects per class...
Done; will start GCs... 
[12.094s][info][gc,metaspace] GC(2) Metaspace: 26095K(26944K)->26095K(26944K) NonClass: 23136K(23552K)->23136K(23552K) Class: 2959K(3392K)->2959K(3392K)
[12.094s][info][gc          ] GC(2) Pause Full (System.gc()) 805M->771M(5939M) 3175.296ms
[13.973s][info][gc,metaspace] GC(3) Metaspace: 26095K(26944K)->26095K(26944K) NonClass: 23136K(23552K)->23136K(23552K) Class: 2959K(3392K)->2959K(3392K)
[13.973s][info][gc          ] GC(3) Pause Full (System.gc()) 771M->771M(5939M) 1879.103ms
[16.485s][info][gc,metaspace] GC(4) Metaspace: 26095K(26944K)->26095K(26944K) NonClass: 23136K(23552K)->23136K(23552K) Class: 2959K(3392K)->2959K(3392K)
[16.485s][info][gc          ] GC(4) Pause Full (System.gc()) 771M->771M(5939M) 2507.096ms
[18.363s][info][gc,metaspace] GC(5) Metaspace: 26095K(26944K)->26095K(26944K) NonClass: 23136K(23552K)->23136K(23552K) Class: 2959K(3392K)->2959K(3392K)
[18.363s][info][gc          ] GC(5) Pause Full (System.gc()) 771M->771M(5939M) 1878.084ms
[20.240s][info][gc,metaspace] GC(6) Metaspace: 26095K(26944K)->26095K(26944K) NonClass: 23136K(23552K)->23136K(23552K) Class: 2959K(3392K)->2959K(3392K)
[20.240s][info][gc          ] GC(6) Pause Full (System.gc()) 771M->771M(5939M) 1877.503ms
[22.123s][info][gc,metaspace] GC(7) Metaspace: 26095K(26944K)->26095K(26944K) NonClass: 23136K(23552K)->23136K(23552K) Class: 2959K(3392K)->2959K(3392K)
[22.123s][info][gc          ] GC(7) Pause Full (System.gc()) 771M->771M(5939M) 1882.068ms
[24.000s][info][gc,metaspace] GC(8) Metaspace: 26095K(26944K)->26095K(26944K) NonClass: 23136K(23552K)->23136K(23552K) Class: 2959K(3392K)->2959K(3392K)
[24.000s][info][gc          ] GC(8) Pause Full (System.gc()) 771M->771M(5939M) 1877.689ms
[25.878s][info][gc,metaspace] GC(9) Metaspace: 26095K(26944K)->26095K(26944K) NonClass: 23136K(23552K)->23136K(23552K) Class: 2959K(3392K)->2959K(3392K)
[25.878s][info][gc          ] GC(9) Pause Full (System.gc()) 771M->771M(5939M) 1877.894ms
[27.757s][info][gc,metaspace] GC(10) Metaspace: 26095K(26944K)->26095K(26944K) NonClass: 23136K(23552K)->23136K(23552K) Class: 2959K(3392K)->2959K(3392K)
[27.757s][info][gc          ] GC(10) Pause Full (System.gc()) 771M->771M(5939M) 1874.223ms
[29.634s][info][gc,metaspace] GC(11) Metaspace: 26095K(26944K)->26095K(26944K) NonClass: 23136K(23552K)->23136K(23552K) Class: 2959K(3392K)->2959K(3392K)
[29.634s][info][gc          ] GC(11) Pause Full (System.gc()) 771M->771M(5939M) 1877.206ms
[31.463s][info][gc,metaspace] GC(12) Metaspace: 26095K(26944K)->26095K(26944K) NonClass: 23136K(23552K)->23136K(23552K) Class: 2959K(3392K)->2959K(3392K)
[31.463s][info][gc          ] GC(12) Pause Full (System.gc()) 771M->771M(5939M) 1828.160ms
[33.340s][info][gc,metaspace] GC(13) Metaspace: 26095K(26944K)->26095K(26944K) NonClass: 23136K(23552K)->23136K(23552K) Class: 2959K(3392K)->2959K(3392K)
[33.340s][info][gc          ] GC(13) Pause Full (System.gc()) 771M->771M(5939M) 1877.543ms
[35.217s][info][gc,metaspace] GC(14) Metaspace: 26095K(26944K)->26095K(26944K) NonClass: 23136K(23552K)->23136K(23552K) Class: 2959K(3392K)->2959K(3392K)
[35.217s][info][gc          ] GC(14) Pause Full (System.gc()) 771M->771M(5939M) 1877.200ms
[37.095s][info][gc,metaspace] GC(15) Metaspace: 26095K(26944K)->26095K(26944K) NonClass: 23136K(23552K)->23136K(23552K) Class: 2959K(3392K)->2959K(3392K)
[37.095s][info][gc          ] GC(15) Pause Full (System.gc()) 771M->771M(5939M) 1877.269ms
[38.973s][info][gc,metaspace] GC(16) Metaspace: 26095K(26944K)->26095K(26944K) NonClass: 23136K(23552K)->23136K(23552K) Class: 2959K(3392K)->2959K(3392K)
[38.973s][info][gc          ] GC(16) Pause Full (System.gc()) 771M->771M(5939M) 1874.169ms
[40.855s][info][gc,metaspace] GC(17) Metaspace: 26095K(26944K)->26095K(26944K) NonClass: 23136K(23552K)->23136K(23552K) Class: 2959K(3392K)->2959K(3392K)
[40.855s][info][gc          ] GC(17) Pause Full (System.gc()) 771M->771M(5939M) 1881.856ms
[42.733s][info][gc,metaspace] GC(18) Metaspace: 26095K(26944K)->26095K(26944K) NonClass: 23136K(23552K)->23136K(23552K) Class: 2959K(3392K)->2959K(3392K)
[42.733s][info][gc          ] GC(18) Pause Full (System.gc()) 771M->771M(5939M) 1877.964ms
[44.611s][info][gc,metaspace] GC(19) Metaspace: 26095K(26944K)->26095K(26944K) NonClass: 23136K(23552K)->23136K(23552K) Class: 2959K(3392K)->2959K(3392K)
[44.611s][info][gc          ] GC(19) Pause Full (System.gc()) 771M->771M(5939M) 1877.588ms
[46.440s][info][gc,metaspace] GC(20) Metaspace: 26095K(26944K)->26095K(26944K) NonClass: 23136K(23552K)->23136K(23552K) Class: 2959K(3392K)->2959K(3392K)
[46.440s][info][gc          ] GC(20) Pause Full (System.gc()) 771M->771M(5939M) 1828.617ms
[48.318s][info][gc,metaspace] GC(21) Metaspace: 26095K(26944K)->26095K(26944K) NonClass: 23136K(23552K)->23136K(23552K) Class: 2959K(3392K)->2959K(3392K)
[48.318s][info][gc          ] GC(21) Pause Full (System.gc()) 771M->771M(5939M) 1877.748ms
[50.195s][info][gc,metaspace] GC(22) Metaspace: 26095K(26944K)->26095K(26944K) NonClass: 23136K(23552K)->23136K(23552K) Class: 2959K(3392K)->2959K(3392K)
[50.195s][info][gc          ] GC(22) Pause Full (System.gc()) 771M->771M(5939M) 1877.412ms
[52.072s][info][gc,metaspace] GC(23) Metaspace: 26095K(26944K)->26095K(26944K) NonClass: 23136K(23552K)->23136K(23552K) Class: 2959K(3392K)->2959K(3392K)
[52.073s][info][gc          ] GC(23) Pause Full (System.gc()) 771M->771M(5939M) 1877.224ms
[53.951s][info][gc,metaspace] GC(24) Metaspace: 26095K(26944K)->26095K(26944K) NonClass: 23136K(23552K)->23136K(23552K) Class: 2959K(3392K)->2959K(3392K)
[53.951s][info][gc          ] GC(24) Pause Full (System.gc()) 771M->771M(5939M) 1878.264ms
[55.829s][info][gc,metaspace] GC(25) Metaspace: 26095K(26944K)->26095K(26944K) NonClass: 23136K(23552K)->23136K(23552K) Class: 2959K(3392K)->2959K(3392K)
[55.829s][info][gc          ] GC(25) Pause Full (System.gc()) 771M->771M(5939M) 1878.056ms
[57.711s][info][gc,metaspace] GC(26) Metaspace: 26095K(26944K)->26095K(26944K) NonClass: 23136K(23552K)->23136K(23552K) Class: 2959K(3392K)->2959K(3392K)
[57.711s][info][gc          ] GC(26) Pause Full (System.gc()) 771M->771M(5939M) 1882.052ms
[59.589s][info][gc,metaspace] GC(27) Metaspace: 26095K(26944K)->26095K(26944K) NonClass: 23136K(23552K)->23136K(23552K) Class: 2959K(3392K)->2959K(3392K)
[59.589s][info][gc          ] GC(27) Pause Full (System.gc()) 771M->771M(5939M) 1877.894ms
[61.710s][info][gc,metaspace] GC(28) Metaspace: 26095K(26944K)->26095K(26944K) NonClass: 23136K(23552K)->23136K(23552K) Class: 2959K(3392K)->2959K(3392K)
[61.710s][info][gc          ] GC(28) Pause Full (System.gc()) 771M->771M(5939M) 2120.591ms
[63.588s][info][gc,metaspace] GC(29) Metaspace: 26095K(26944K)->26095K(26944K) NonClass: 23136K(23552K)->23136K(23552K) Class: 2959K(3392K)->2959K(3392K)
[63.588s][info][gc          ] GC(29) Pause Full (System.gc()) 771M->771M(5939M) 1878.120ms
[65.709s][info][gc,metaspace] GC(30) Metaspace: 26095K(26944K)->26095K(26944K) NonClass: 23136K(23552K)->23136K(23552K) Class: 2959K(3392K)->2959K(3392K)
[65.709s][info][gc          ] GC(30) Pause Full (System.gc()) 771M->771M(5939M) 2120.489ms
[67.587s][info][gc,metaspace] GC(31) Metaspace: 26095K(26944K)->26095K(26944K) NonClass: 23136K(23552K)->23136K(23552K) Class: 2959K(3392K)->2959K(3392K)
[67.587s][info][gc          ] GC(31) Pause Full (System.gc()) 771M->771M(5939M) 1877.862ms
[70.337s][info][gc,metaspace] GC(32) Metaspace: 26095K(26944K)->26095K(26944K) NonClass: 23136K(23552K)->23136K(23552K) Class: 2959K(3392K)->2959K(3392K)
[70.337s][info][gc          ] GC(32) Pause Full (System.gc()) 771M->771M(5939M) 2750.702ms
[72.215s][info][gc,metaspace] GC(33) Metaspace: 26095K(26944K)->26095K(26944K) NonClass: 23136K(23552K)->23136K(23552K) Class: 2959K(3392K)->2959K(3392K)
[72.215s][info][gc          ] GC(33) Pause Full (System.gc()) 788M->771M(5939M) 1877.293ms
[74.091s][info][gc,metaspace] GC(34) Metaspace: 26095K(26944K)->26095K(26944K) NonClass: 23136K(23552K)->23136K(23552K) Class: 2959K(3392K)->2959K(3392K)
[74.091s][info][gc          ] GC(34) Pause Full (System.gc()) 771M->771M(5939M) 1876.259ms
[75.972s][info][gc,metaspace] GC(35) Metaspace: 26095K(26944K)->26095K(26944K) NonClass: 23136K(23552K)->23136K(23552K) Class: 2959K(3392K)->2959K(3392K)
[75.972s][info][gc          ] GC(35) Pause Full (System.gc()) 771M->771M(5939M) 1880.974ms
[77.850s][info][gc,metaspace] GC(36) Metaspace: 26095K(26944K)->26095K(26944K) NonClass: 23136K(23552K)->23136K(23552K) Class: 2959K(3392K)->2959K(3392K)
[77.850s][info][gc          ] GC(36) Pause Full (System.gc()) 771M->771M(5939M) 1877.073ms
[79.727s][info][gc,metaspace] GC(37) Metaspace: 26095K(26944K)->26095K(26944K) NonClass: 23136K(23552K)->23136K(23552K) Class: 2959K(3392K)->2959K(3392K)
[79.727s][info][gc          ] GC(37) Pause Full (System.gc()) 771M->771M(5939M) 1872.810ms
[81.604s][info][gc,metaspace] GC(38) Metaspace: 26095K(26944K)->26095K(26944K) NonClass: 23136K(23552K)->23136K(23552K) Class: 2959K(3392K)->2959K(3392K)
[81.604s][info][gc          ] GC(38) Pause Full (System.gc()) 771M->771M(5939M) 1877.067ms
[83.720s][info][gc,metaspace] GC(39) Metaspace: 26095K(26944K)->26095K(26944K) NonClass: 23136K(23552K)->23136K(23552K) Class: 2959K(3392K)->2959K(3392K)
[83.720s][info][gc          ] GC(39) Pause Full (System.gc()) 771M->771M(5939M) 2116.185ms
[85.597s][info][gc,metaspace] GC(40) Metaspace: 26095K(26944K)->26095K(26944K) NonClass: 23136K(23552K)->23136K(23552K) Class: 2959K(3392K)->2959K(3392K)
[85.597s][info][gc          ] GC(40) Pause Full (System.gc()) 771M->771M(5939M) 1876.795ms
[87.715s][info][gc,metaspace] GC(41) Metaspace: 26095K(26944K)->26095K(26944K) NonClass: 23136K(23552K)->23136K(23552K) Class: 2959K(3392K)->2959K(3392K)
[87.715s][info][gc          ] GC(41) Pause Full (System.gc()) 771M->771M(5939M) 2117.995ms
[89.592s][info][gc,metaspace] GC(42) Metaspace: 26095K(26944K)->26095K(26944K) NonClass: 23136K(23552K)->23136K(23552K) Class: 2959K(3392K)->2959K(3392K)
[89.592s][info][gc          ] GC(42) Pause Full (System.gc()) 771M->771M(5939M) 1877.083ms
[91.712s][info][gc,metaspace] GC(43) Metaspace: 26095K(26944K)->26095K(26944K) NonClass: 23136K(23552K)->23136K(23552K) Class: 2959K(3392K)->2959K(3392K)
[91.712s][info][gc          ] GC(43) Pause Full (System.gc()) 771M->771M(5939M) 2119.118ms
[93.592s][info][gc,metaspace] GC(44) Metaspace: 26095K(26944K)->26095K(26944K) NonClass: 23136K(23552K)->23136K(23552K) Class: 2959K(3392K)->2959K(3392K)
[93.592s][info][gc          ] GC(44) Pause Full (System.gc()) 771M->771M(5939M) 1880.649ms
[95.711s][info][gc,metaspace] GC(45) Metaspace: 26095K(26944K)->26095K(26944K) NonClass: 23136K(23552K)->23136K(23552K) Class: 2959K(3392K)->2959K(3392K)
[95.711s][info][gc          ] GC(45) Pause Full (System.gc()) 771M->771M(5939M) 2118.368ms
[97.587s][info][gc,metaspace] GC(46) Metaspace: 26095K(26944K)->26095K(26944K) NonClass: 23136K(23552K)->23136K(23552K) Class: 2959K(3392K)->2959K(3392K)
[97.587s][info][gc          ] GC(46) Pause Full (System.gc()) 771M->771M(5939M) 1876.252ms
[99.414s][info][gc,metaspace] GC(47) Metaspace: 26095K(26944K)->26095K(26944K) NonClass: 23136K(23552K)->23136K(23552K) Class: 2959K(3392K)->2959K(3392K)
[99.414s][info][gc          ] GC(47) Pause Full (System.gc()) 771M->771M(5939M) 1826.445ms
[101.291s][info][gc,metaspace] GC(48) Metaspace: 26095K(26944K)->26095K(26944K) NonClass: 23136K(23552K)->23136K(23552K) Class: 2959K(3392K)->2959K(3392K)
[101.291s][info][gc          ] GC(48) Pause Full (System.gc()) 771M->771M(5939M) 1877.221ms
[103.168s][info][gc,metaspace] GC(49) Metaspace: 26095K(26944K)->26095K(26944K) NonClass: 23136K(23552K)->23136K(23552K) Class: 2959K(3392K)->2959K(3392K)
[103.168s][info][gc          ] GC(49) Pause Full (System.gc()) 771M->771M(5939M) 1877.323ms
[105.045s][info][gc,metaspace] GC(50) Metaspace: 26095K(26944K)->26095K(26944K) NonClass: 23136K(23552K)->23136K(23552K) Class: 2959K(3392K)->2959K(3392K)
[105.045s][info][gc          ] GC(50) Pause Full (System.gc()) 771M->771M(5939M) 1876.617ms
[106.922s][info][gc,metaspace] GC(51) Metaspace: 26095K(26944K)->26095K(26944K) NonClass: 23136K(23552K)->23136K(23552K) Class: 2959K(3392K)->2959K(3392K)
[106.922s][info][gc          ] GC(51) Pause Full (System.gc()) 771M->771M(5939M) 1876.436ms
[108.799s][info][gc,metaspace] GC(52) Metaspace: 26095K(26944K)->26095K(26944K) NonClass: 23136K(23552K)->23136K(23552K) Class: 2959K(3392K)->2959K(3392K)
[108.799s][info][gc          ] GC(52) Pause Full (System.gc()) 771M->771M(5939M) 1872.510ms
[110.675s][info][gc,metaspace] GC(53) Metaspace: 26095K(26944K)->26095K(26944K) NonClass: 23136K(23552K)->23136K(23552K) Class: 2959K(3392K)->2959K(3392K)
[110.675s][info][gc          ] GC(53) Pause Full (System.gc()) 771M->771M(5939M) 1876.615ms
[112.506s][info][gc,metaspace] GC(54) Metaspace: 26095K(26944K)->26095K(26944K) NonClass: 23136K(23552K)->23136K(23552K) Class: 2959K(3392K)->2959K(3392K)
[112.506s][info][gc          ] GC(54) Pause Full (System.gc()) 771M->771M(5939M) 1830.791ms
[114.383s][info][gc,metaspace] GC(55) Metaspace: 26095K(26944K)->26095K(26944K) NonClass: 23136K(23552K)->23136K(23552K) Class: 2959K(3392K)->2959K(3392K)
[114.383s][info][gc          ] GC(55) Pause Full (System.gc()) 771M->771M(5939M) 1876.379ms
[116.260s][info][gc,metaspace] GC(56) Metaspace: 26095K(26944K)->26095K(26944K) NonClass: 23136K(23552K)->23136K(23552K) Class: 2959K(3392K)->2959K(3392K)
[116.260s][info][gc          ] GC(56) Pause Full (System.gc()) 771M->771M(5939M) 1877.242ms
[118.137s][info][gc,metaspace] GC(57) Metaspace: 26095K(26944K)->26095K(26944K) NonClass: 23136K(23552K)->23136K(23552K) Class: 2959K(3392K)->2959K(3392K)
[118.137s][info][gc          ] GC(57) Pause Full (System.gc()) 771M->771M(5939M) 1877.248ms
[120.014s][info][gc,metaspace] GC(58) Metaspace: 26095K(26944K)->26095K(26944K) NonClass: 23136K(23552K)->23136K(23552K) Class: 2959K(3392K)->2959K(3392K)
[120.014s][info][gc          ] GC(58) Pause Full (System.gc()) 771M->771M(5939M) 1872.455ms
[121.891s][info][gc,metaspace] GC(59) Metaspace: 26095K(26944K)->26095K(26944K) NonClass: 23136K(23552K)->23136K(23552K) Class: 2959K(3392K)->2959K(3392K)
[121.891s][info][gc          ] GC(59) Pause Full (System.gc()) 771M->771M(5939M) 1876.777ms
[123.769s][info][gc,metaspace] GC(60) Metaspace: 26095K(26944K)->26095K(26944K) NonClass: 23136K(23552K)->23136K(23552K) Class: 2959K(3392K)->2959K(3392K)
[123.769s][info][gc          ] GC(60) Pause Full (System.gc()) 771M->771M(5939M) 1877.409ms
[125.646s][info][gc,metaspace] GC(61) Metaspace: 26095K(26944K)->26095K(26944K) NonClass: 23136K(23552K)->23136K(23552K) Class: 2959K(3392K)->2959K(3392K)
[125.646s][info][gc          ] GC(61) Pause Full (System.gc()) 771M->771M(5939M) 1872.800ms
[127.472s][info][gc,metaspace] GC(62) Metaspace: 26095K(26944K)->26095K(26944K) NonClass: 23136K(23552K)->23136K(23552K) Class: 2959K(3392K)->2959K(3392K)
[127.472s][info][gc          ] GC(62) Pause Full (System.gc()) 771M->771M(5939M) 1826.525ms
[129.350s][info][gc,metaspace] GC(63) Metaspace: 26095K(26944K)->26095K(26944K) NonClass: 23136K(23552K)->23136K(23552K) Class: 2959K(3392K)->2959K(3392K)
[129.350s][info][gc          ] GC(63) Pause Full (System.gc()) 771M->771M(5939M) 1877.201ms
[131.230s][info][gc,metaspace] GC(64) Metaspace: 26095K(26944K)->26095K(26944K) NonClass: 23136K(23552K)->23136K(23552K) Class: 2959K(3392K)->2959K(3392K)
[131.230s][info][gc          ] GC(64) Pause Full (System.gc()) 771M->771M(5939M) 1880.514ms
[133.108s][info][gc,metaspace] GC(65) Metaspace: 26095K(26944K)->26095K(26944K) NonClass: 23136K(23552K)->23136K(23552K) Class: 2959K(3392K)->2959K(3392K)
[133.108s][info][gc          ] GC(65) Pause Full (System.gc()) 771M->771M(5939M) 1877.202ms
[134.985s][info][gc,metaspace] GC(66) Metaspace: 26095K(26944K)->26095K(26944K) NonClass: 23136K(23552K)->23136K(23552K) Class: 2959K(3392K)->2959K(3392K)
[134.985s][info][gc          ] GC(66) Pause Full (System.gc()) 788M->771M(5939M) 1877.129ms
[136.862s][info][gc,metaspace] GC(67) Metaspace: 26095K(26944K)->26095K(26944K) NonClass: 23136K(23552K)->23136K(23552K) Class: 2959K(3392K)->2959K(3392K)
[136.862s][info][gc          ] GC(67) Pause Full (System.gc()) 771M->771M(5939M) 1872.927ms
[138.739s][info][gc,metaspace] GC(68) Metaspace: 26095K(26944K)->26095K(26944K) NonClass: 23136K(23552K)->23136K(23552K) Class: 2959K(3392K)->2959K(3392K)
[138.739s][info][gc          ] GC(68) Pause Full (System.gc()) 771M->771M(5939M) 1876.928ms
[140.616s][info][gc,metaspace] GC(69) Metaspace: 26095K(26944K)->26095K(26944K) NonClass: 23136K(23552K)->23136K(23552K) Class: 2959K(3392K)->2959K(3392K)
[140.616s][info][gc          ] GC(69) Pause Full (System.gc()) 771M->771M(5939M) 1876.457ms
[142.442s][info][gc,metaspace] GC(70) Metaspace: 26095K(26944K)->26095K(26944K) NonClass: 23136K(23552K)->23136K(23552K) Class: 2959K(3392K)->2959K(3392K)
[142.442s][info][gc          ] GC(70) Pause Full (System.gc()) 771M->771M(5939M) 1826.444ms
[144.319s][info][gc,metaspace] GC(71) Metaspace: 26095K(26944K)->26095K(26944K) NonClass: 23136K(23552K)->23136K(23552K) Class: 2959K(3392K)->2959K(3392K)
[144.319s][info][gc          ] GC(71) Pause Full (System.gc()) 771M->771M(5939M) 1876.497ms
[146.196s][info][gc,metaspace] GC(72) Metaspace: 26095K(26944K)->26095K(26944K) NonClass: 23136K(23552K)->23136K(23552K) Class: 2959K(3392K)->2959K(3392K)
[146.197s][info][gc          ] GC(72) Pause Full (System.gc()) 771M->771M(5939M) 1877.356ms
[148.074s][info][gc,metaspace] GC(73) Metaspace: 26095K(26944K)->26095K(26944K) NonClass: 23136K(23552K)->23136K(23552K) Class: 2959K(3392K)->2959K(3392K)
[148.074s][info][gc          ] GC(73) Pause Full (System.gc()) 771M->771M(5939M) 1877.161ms
[149.955s][info][gc,metaspace] GC(74) Metaspace: 26095K(26944K)->26095K(26944K) NonClass: 23136K(23552K)->23136K(23552K) Class: 2959K(3392K)->2959K(3392K)
[149.955s][info][gc          ] GC(74) Pause Full (System.gc()) 771M->771M(5939M) 1880.993ms
[151.832s][info][gc,metaspace] GC(75) Metaspace: 26095K(26944K)->26095K(26944K) NonClass: 23136K(23552K)->23136K(23552K) Class: 2959K(3392K)->2959K(3392K)
[151.832s][info][gc          ] GC(75) Pause Full (System.gc()) 771M->771M(5939M) 1877.163ms
[153.709s][info][gc,metaspace] GC(76) Metaspace: 26095K(26944K)->26095K(26944K) NonClass: 23136K(23552K)->23136K(23552K) Class: 2959K(3392K)->2959K(3392K)
[153.709s][info][gc          ] GC(76) Pause Full (System.gc()) 771M->771M(5939M) 1872.921ms
[155.586s][info][gc,metaspace] GC(77) Metaspace: 26095K(26944K)->26095K(26944K) NonClass: 23136K(23552K)->23136K(23552K) Class: 2959K(3392K)->2959K(3392K)
[155.586s][info][gc          ] GC(77) Pause Full (System.gc()) 771M->771M(5939M) 1876.539ms
[157.706s][info][gc,metaspace] GC(78) Metaspace: 26095K(26944K)->26095K(26944K) NonClass: 23136K(23552K)->23136K(23552K) Class: 2959K(3392K)->2959K(3392K)
[157.707s][info][gc          ] GC(78) Pause Full (System.gc()) 771M->771M(5939M) 2120.275ms
[159.584s][info][gc,metaspace] GC(79) Metaspace: 26095K(26944K)->26095K(26944K) NonClass: 23136K(23552K)->23136K(23552K) Class: 2959K(3392K)->2959K(3392K)
[159.584s][info][gc          ] GC(79) Pause Full (System.gc()) 771M->771M(5939M) 1877.058ms
[161.705s][info][gc,metaspace] GC(80) Metaspace: 26095K(26944K)->26095K(26944K) NonClass: 23136K(23552K)->23136K(23552K) Class: 2959K(3392K)->2959K(3392K)
[161.705s][info][gc          ] GC(80) Pause Full (System.gc()) 771M->771M(5939M) 2121.777ms
[163.582s][info][gc,metaspace] GC(81) Metaspace: 26095K(26944K)->26095K(26944K) NonClass: 23136K(23552K)->23136K(23552K) Class: 2959K(3392K)->2959K(3392K)
[163.582s][info][gc          ] GC(81) Pause Full (System.gc()) 771M->771M(5939M) 1876.658ms
[166.088s][info][gc,metaspace] GC(82) Metaspace: 26095K(26944K)->26095K(26944K) NonClass: 23136K(23552K)->23136K(23552K) Class: 2959K(3392K)->2959K(3392K)
[166.088s][info][gc          ] GC(82) Pause Full (System.gc()) 771M->771M(5939M) 2505.945ms
[167.969s][info][gc,metaspace] GC(83) Metaspace: 26095K(26944K)->26095K(26944K) NonClass: 23136K(23552K)->23136K(23552K) Class: 2959K(3392K)->2959K(3392K)
[167.969s][info][gc          ] GC(83) Pause Full (System.gc()) 771M->771M(5939M) 1880.576ms
[169.846s][info][gc,metaspace] GC(84) Metaspace: 26095K(26944K)->26095K(26944K) NonClass: 23136K(23552K)->23136K(23552K) Class: 2959K(3392K)->2959K(3392K)
[169.846s][info][gc          ] GC(84) Pause Full (System.gc()) 771M->771M(5939M) 1877.157ms
[171.724s][info][gc,metaspace] GC(85) Metaspace: 26095K(26944K)->26095K(26944K) NonClass: 23136K(23552K)->23136K(23552K) Class: 2959K(3392K)->2959K(3392K)
[171.724s][info][gc          ] GC(85) Pause Full (System.gc()) 771M->771M(5939M) 1877.259ms
[173.601s][info][gc,metaspace] GC(86) Metaspace: 26095K(26944K)->26095K(26944K) NonClass: 23136K(23552K)->23136K(23552K) Class: 2959K(3392K)->2959K(3392K)
[173.601s][info][gc          ] GC(86) Pause Full (System.gc()) 771M->771M(5939M) 1876.987ms
[175.736s][info][gc,metaspace] GC(87) Metaspace: 26095K(26944K)->26095K(26944K) NonClass: 23136K(23552K)->23136K(23552K) Class: 2959K(3392K)->2959K(3392K)
[175.736s][info][gc          ] GC(87) Pause Full (System.gc()) 771M->771M(5939M) 2135.642ms
[177.613s][info][gc,metaspace] GC(88) Metaspace: 26095K(26944K)->26095K(26944K) NonClass: 23136K(23552K)->23136K(23552K) Class: 2959K(3392K)->2959K(3392K)
[177.613s][info][gc          ] GC(88) Pause Full (System.gc()) 771M->771M(5939M) 1876.416ms
[179.440s][info][gc,metaspace] GC(89) Metaspace: 26095K(26944K)->26095K(26944K) NonClass: 23136K(23552K)->23136K(23552K) Class: 2959K(3392K)->2959K(3392K)
[179.440s][info][gc          ] GC(89) Pause Full (System.gc()) 771M->771M(5939M) 1827.393ms
[181.318s][info][gc,metaspace] GC(90) Metaspace: 26095K(26944K)->26095K(26944K) NonClass: 23136K(23552K)->23136K(23552K) Class: 2959K(3392K)->2959K(3392K)
[181.318s][info][gc          ] GC(90) Pause Full (System.gc()) 771M->771M(5939M) 1877.331ms
[183.196s][info][gc,metaspace] GC(91) Metaspace: 26095K(26944K)->26095K(26944K) NonClass: 23136K(23552K)->23136K(23552K) Class: 2959K(3392K)->2959K(3392K)
[183.196s][info][gc          ] GC(91) Pause Full (System.gc()) 771M->771M(5939M) 1873.427ms
[185.073s][info][gc,metaspace] GC(92) Metaspace: 26095K(26944K)->26095K(26944K) NonClass: 23136K(23552K)->23136K(23552K) Class: 2959K(3392K)->2959K(3392K)
[185.073s][info][gc          ] GC(92) Pause Full (System.gc()) 771M->771M(5939M) 1877.169ms
[186.954s][info][gc,metaspace] GC(93) Metaspace: 26095K(26944K)->26095K(26944K) NonClass: 23136K(23552K)->23136K(23552K) Class: 2959K(3392K)->2959K(3392K)
[186.954s][info][gc          ] GC(93) Pause Full (System.gc()) 771M->771M(5939M) 1880.660ms
[188.831s][info][gc,metaspace] GC(94) Metaspace: 26095K(26944K)->26095K(26944K) NonClass: 23136K(23552K)->23136K(23552K) Class: 2959K(3392K)->2959K(3392K)
[188.831s][info][gc          ] GC(94) Pause Full (System.gc()) 771M->771M(5939M) 1876.917ms
[190.708s][info][gc,metaspace] GC(95) Metaspace: 26095K(26944K)->26095K(26944K) NonClass: 23136K(23552K)->23136K(23552K) Class: 2959K(3392K)->2959K(3392K)
[190.708s][info][gc          ] GC(95) Pause Full (System.gc()) 771M->771M(5939M) 1877.324ms
[192.585s][info][gc,metaspace] GC(96) Metaspace: 26095K(26944K)->26095K(26944K) NonClass: 23136K(23552K)->23136K(23552K) Class: 2959K(3392K)->2959K(3392K)
[192.585s][info][gc          ] GC(96) Pause Full (System.gc()) 771M->771M(5939M) 1877.072ms
[194.413s][info][gc,metaspace] GC(97) Metaspace: 26095K(26944K)->26095K(26944K) NonClass: 23136K(23552K)->23136K(23552K) Class: 2959K(3392K)->2959K(3392K)
[194.413s][info][gc          ] GC(97) Pause Full (System.gc()) 771M->771M(5939M) 1827.236ms
[196.289s][info][gc,metaspace] GC(98) Metaspace: 26095K(26944K)->26095K(26944K) NonClass: 23136K(23552K)->23136K(23552K) Class: 2959K(3392K)->2959K(3392K)
[196.289s][info][gc          ] GC(98) Pause Full (System.gc()) 771M->771M(5939M) 1876.138ms
[198.166s][info][gc,metaspace] GC(99) Metaspace: 26095K(26944K)->26095K(26944K) NonClass: 23136K(23552K)->23136K(23552K) Class: 2959K(3392K)->2959K(3392K)
[198.166s][info][gc          ] GC(99) Pause Full (System.gc()) 788M->771M(5939M) 1876.990ms
[200.043s][info][gc,metaspace] GC(100) Metaspace: 26095K(26944K)->26095K(26944K) NonClass: 23136K(23552K)->23136K(23552K) Class: 2959K(3392K)->2959K(3392K)
[200.043s][info][gc          ] GC(100) Pause Full (System.gc()) 771M->771M(5939M) 1876.945ms
[201.921s][info][gc,metaspace] GC(101) Metaspace: 26095K(26944K)->26095K(26944K) NonClass: 23136K(23552K)->23136K(23552K) Class: 2959K(3392K)->2959K(3392K)
[201.921s][info][gc          ] GC(101) Pause Full (System.gc()) 771M->771M(5939M) 1877.458ms
After GCs... 
