Done; will start GCs... 
[308.039s][info][gc,metaspace] GC(61) Metaspace: 90678K(106176K)->90678K(106176K) NonClass: 71197K(78784K)->71197K(78784K) Class: 19481K(27392K)->19481K(27392K)
[308.040s][info][gc          ] GC(61) Pause Full (System.gc()) 217M->196M(3959M) 4241.903ms
[313.355s][info][gc,metaspace] GC(62) Metaspace: 90678K(106176K)->90678K(106176K) NonClass: 71197K(78784K)->71197K(78784K) Class: 19481K(27392K)->19481K(27392K)
[313.355s][info][gc          ] GC(62) Pause Full (System.gc()) 196M->195M(3959M) 5314.937ms
[317.558s][info][gc,metaspace] GC(63) Metaspace: 90678K(106176K)->90678K(106176K) NonClass: 71197K(78784K)->71197K(78784K) Class: 19481K(27392K)->19481K(27392K)
[317.558s][info][gc          ] GC(63) Pause Full (System.gc()) 195M->195M(3959M) 4202.635ms
[321.767s][info][gc,metaspace] GC(64) Metaspace: 90678K(106176K)->90678K(106176K) NonClass: 71197K(78784K)->71197K(78784K) Class: 19481K(27392K)->19481K(27392K)
[321.768s][info][gc          ] GC(64) Pause Full (System.gc()) 195M->195M(3959M) 4208.600ms
[325.979s][info][gc,metaspace] GC(65) Metaspace: 90678K(106176K)->90678K(106176K) NonClass: 71197K(78784K)->71197K(78784K) Class: 19481K(27392K)->19481K(27392K)
[325.979s][info][gc          ] GC(65) Pause Full (System.gc()) 197M->195M(3959M) 4211.303ms
[331.120s][info][gc,metaspace] GC(66) Metaspace: 90678K(106176K)->90678K(106176K) NonClass: 71197K(78784K)->71197K(78784K) Class: 19481K(27392K)->19481K(27392K)
[331.121s][info][gc          ] GC(66) Pause Full (System.gc()) 195M->195M(3959M) 5140.573ms
[335.326s][info][gc,metaspace] GC(67) Metaspace: 90678K(106176K)->90678K(106176K) NonClass: 71197K(78784K)->71197K(78784K) Class: 19481K(27392K)->19481K(27392K)
[335.326s][info][gc          ] GC(67) Pause Full (System.gc()) 195M->195M(3959M) 4204.704ms
[339.531s][info][gc,metaspace] GC(68) Metaspace: 90678K(106176K)->90678K(106176K) NonClass: 71197K(78784K)->71197K(78784K) Class: 19481K(27392K)->19481K(27392K)
[339.531s][info][gc          ] GC(68) Pause Full (System.gc()) 195M->195M(3959M) 4204.465ms
[343.738s][info][gc,metaspace] GC(69) Metaspace: 90678K(106176K)->90678K(106176K) NonClass: 71197K(78784K)->71197K(78784K) Class: 19481K(27392K)->19481K(27392K)
[343.738s][info][gc          ] GC(69) Pause Full (System.gc()) 195M->195M(3959M) 4206.472ms
[347.947s][info][gc,metaspace] GC(70) Metaspace: 90678K(106176K)->90678K(106176K) NonClass: 71197K(78784K)->71197K(78784K) Class: 19481K(27392K)->19481K(27392K)
[347.947s][info][gc          ] GC(70) Pause Full (System.gc()) 195M->195M(3959M) 4208.844ms
[352.150s][info][gc,metaspace] GC(71) Metaspace: 90678K(106176K)->90678K(106176K) NonClass: 71197K(78784K)->71197K(78784K) Class: 19481K(27392K)->19481K(27392K)
[352.150s][info][gc          ] GC(71) Pause Full (System.gc()) 195M->195M(3959M) 4202.171ms
[356.354s][info][gc,metaspace] GC(72) Metaspace: 90678K(106176K)->90678K(106176K) NonClass: 71197K(78784K)->71197K(78784K) Class: 19481K(27392K)->19481K(27392K)
[356.354s][info][gc          ] GC(72) Pause Full (System.gc()) 195M->195M(3959M) 4203.502ms
[360.562s][info][gc,metaspace] GC(73) Metaspace: 90678K(106176K)->90678K(106176K) NonClass: 71197K(78784K)->71197K(78784K) Class: 19481K(27392K)->19481K(27392K)
[360.562s][info][gc          ] GC(73) Pause Full (System.gc()) 195M->195M(3959M) 4207.120ms
[364.768s][info][gc,metaspace] GC(74) Metaspace: 90678K(106176K)->90678K(106176K) NonClass: 71197K(78784K)->71197K(78784K) Class: 19481K(27392K)->19481K(27392K)
[364.768s][info][gc          ] GC(74) Pause Full (System.gc()) 195M->195M(3959M) 4205.565ms
[368.974s][info][gc,metaspace] GC(75) Metaspace: 90678K(106176K)->90678K(106176K) NonClass: 71197K(78784K)->71197K(78784K) Class: 19481K(27392K)->19481K(27392K)
[368.975s][info][gc          ] GC(75) Pause Full (System.gc()) 195M->195M(3959M) 4206.102ms
[373.181s][info][gc,metaspace] GC(76) Metaspace: 90678K(106176K)->90678K(106176K) NonClass: 71197K(78784K)->71197K(78784K) Class: 19481K(27392K)->19481K(27392K)
[373.182s][info][gc          ] GC(76) Pause Full (System.gc()) 195M->195M(3959M) 4206.327ms
[377.391s][info][gc,metaspace] GC(77) Metaspace: 90678K(106176K)->90678K(106176K) NonClass: 71197K(78784K)->71197K(78784K) Class: 19481K(27392K)->19481K(27392K)
[377.392s][info][gc          ] GC(77) Pause Full (System.gc()) 195M->195M(3959M) 4209.409ms
[381.593s][info][gc,metaspace] GC(78) Metaspace: 90678K(106176K)->90678K(106176K) NonClass: 71197K(78784K)->71197K(78784K) Class: 19481K(27392K)->19481K(27392K)
[381.593s][info][gc          ] GC(78) Pause Full (System.gc()) 195M->195M(3959M) 4201.020ms
[385.800s][info][gc,metaspace] GC(79) Metaspace: 90678K(106176K)->90678K(106176K) NonClass: 71197K(78784K)->71197K(78784K) Class: 19481K(27392K)->19481K(27392K)
[385.800s][info][gc          ] GC(79) Pause Full (System.gc()) 195M->195M(3959M) 4206.658ms
[390.007s][info][gc,metaspace] GC(80) Metaspace: 90678K(106176K)->90678K(106176K) NonClass: 71197K(78784K)->71197K(78784K) Class: 19481K(27392K)->19481K(27392K)
[390.007s][info][gc          ] GC(80) Pause Full (System.gc()) 195M->195M(3959M) 4206.377ms
[394.218s][info][gc,metaspace] GC(81) Metaspace: 90678K(106176K)->90678K(106176K) NonClass: 71197K(78784K)->71197K(78784K) Class: 19481K(27392K)->19481K(27392K)
[394.218s][info][gc          ] GC(81) Pause Full (System.gc()) 197M->195M(3959M) 4210.170ms
[398.426s][info][gc,metaspace] GC(82) Metaspace: 90678K(106176K)->90678K(106176K) NonClass: 71197K(78784K)->71197K(78784K) Class: 19481K(27392K)->19481K(27392K)
[398.426s][info][gc          ] GC(82) Pause Full (System.gc()) 195M->195M(3959M) 4207.276ms
[402.629s][info][gc,metaspace] GC(83) Metaspace: 90678K(106176K)->90678K(106176K) NonClass: 71197K(78784K)->71197K(78784K) Class: 19481K(27392K)->19481K(27392K)
[402.629s][info][gc          ] GC(83) Pause Full (System.gc()) 195M->195M(3959M) 4202.357ms
[406.833s][info][gc,metaspace] GC(84) Metaspace: 90678K(106176K)->90678K(106176K) NonClass: 71197K(78784K)->71197K(78784K) Class: 19481K(27392K)->19481K(27392K)
[406.833s][info][gc          ] GC(84) Pause Full (System.gc()) 195M->195M(3959M) 4203.839ms
[411.040s][info][gc,metaspace] GC(85) Metaspace: 90678K(106176K)->90678K(106176K) NonClass: 71197K(78784K)->71197K(78784K) Class: 19481K(27392K)->19481K(27392K)
[411.040s][info][gc          ] GC(85) Pause Full (System.gc()) 195M->195M(3959M) 4206.676ms
[415.248s][info][gc,metaspace] GC(86) Metaspace: 90678K(106176K)->90678K(106176K) NonClass: 71197K(78784K)->71197K(78784K) Class: 19481K(27392K)->19481K(27392K)
[415.248s][info][gc          ] GC(86) Pause Full (System.gc()) 195M->195M(3959M) 4207.028ms
[419.455s][info][gc,metaspace] GC(87) Metaspace: 90678K(106176K)->90678K(106176K) NonClass: 71197K(78784K)->71197K(78784K) Class: 19481K(27392K)->19481K(27392K)
[419.455s][info][gc          ] GC(87) Pause Full (System.gc()) 195M->195M(3959M) 4206.993ms
[423.660s][info][gc,metaspace] GC(88) Metaspace: 90678K(106176K)->90678K(106176K) NonClass: 71197K(78784K)->71197K(78784K) Class: 19481K(27392K)->19481K(27392K)
[423.661s][info][gc          ] GC(88) Pause Full (System.gc()) 195M->195M(3959M) 4204.625ms
[427.864s][info][gc,metaspace] GC(89) Metaspace: 90678K(106176K)->90678K(106176K) NonClass: 71197K(78784K)->71197K(78784K) Class: 19481K(27392K)->19481K(27392K)
[427.865s][info][gc          ] GC(89) Pause Full (System.gc()) 195M->195M(3959M) 4203.521ms
[432.073s][info][gc,metaspace] GC(90) Metaspace: 90678K(106176K)->90678K(106176K) NonClass: 71197K(78784K)->71197K(78784K) Class: 19481K(27392K)->19481K(27392K)
[432.073s][info][gc          ] GC(90) Pause Full (System.gc()) 195M->195M(3959M) 4208.225ms
[436.277s][info][gc,metaspace] GC(91) Metaspace: 90678K(106176K)->90678K(106176K) NonClass: 71197K(78784K)->71197K(78784K) Class: 19481K(27392K)->19481K(27392K)
[436.277s][info][gc          ] GC(91) Pause Full (System.gc()) 195M->195M(3959M) 4203.261ms
[440.484s][info][gc,metaspace] GC(92) Metaspace: 90678K(106176K)->90678K(106176K) NonClass: 71197K(78784K)->71197K(78784K) Class: 19481K(27392K)->19481K(27392K)
[440.484s][info][gc          ] GC(92) Pause Full (System.gc()) 195M->195M(3959M) 4206.484ms
[444.692s][info][gc,metaspace] GC(93) Metaspace: 90678K(106176K)->90678K(106176K) NonClass: 71197K(78784K)->71197K(78784K) Class: 19481K(27392K)->19481K(27392K)
[444.692s][info][gc          ] GC(93) Pause Full (System.gc()) 195M->195M(3959M) 4207.085ms
[448.897s][info][gc,metaspace] GC(94) Metaspace: 90678K(106176K)->90678K(106176K) NonClass: 71197K(78784K)->71197K(78784K) Class: 19481K(27392K)->19481K(27392K)
[448.898s][info][gc          ] GC(94) Pause Full (System.gc()) 195M->195M(3959M) 4205.278ms
[453.102s][info][gc,metaspace] GC(95) Metaspace: 90678K(106176K)->90678K(106176K) NonClass: 71197K(78784K)->71197K(78784K) Class: 19481K(27392K)->19481K(27392K)
[453.102s][info][gc          ] GC(95) Pause Full (System.gc()) 195M->195M(3959M) 4204.189ms
[457.309s][info][gc,metaspace] GC(96) Metaspace: 90678K(106176K)->90678K(106176K) NonClass: 71197K(78784K)->71197K(78784K) Class: 19481K(27392K)->19481K(27392K)
[457.309s][info][gc          ] GC(96) Pause Full (System.gc()) 195M->195M(3959M) 4206.635ms
[461.512s][info][gc,metaspace] GC(97) Metaspace: 90678K(106176K)->90678K(106176K) NonClass: 71197K(78784K)->71197K(78784K) Class: 19481K(27392K)->19481K(27392K)
[461.512s][info][gc          ] GC(97) Pause Full (System.gc()) 197M->195M(3959M) 4201.837ms
[465.715s][info][gc,metaspace] GC(98) Metaspace: 90678K(106176K)->90678K(106176K) NonClass: 71197K(78784K)->71197K(78784K) Class: 19481K(27392K)->19481K(27392K)
[465.715s][info][gc          ] GC(98) Pause Full (System.gc()) 195M->195M(3959M) 4202.971ms
[469.925s][info][gc,metaspace] GC(99) Metaspace: 90678K(106176K)->90678K(106176K) NonClass: 71197K(78784K)->71197K(78784K) Class: 19481K(27392K)->19481K(27392K)
[469.925s][info][gc          ] GC(99) Pause Full (System.gc()) 195M->195M(3959M) 4209.413ms
[474.134s][info][gc,metaspace] GC(100) Metaspace: 90678K(106176K)->90678K(106176K) NonClass: 71197K(78784K)->71197K(78784K) Class: 19481K(27392K)->19481K(27392K)
[474.134s][info][gc          ] GC(100) Pause Full (System.gc()) 195M->195M(3959M) 4207.952ms
[478.338s][info][gc,metaspace] GC(101) Metaspace: 90678K(106176K)->90678K(106176K) NonClass: 71197K(78784K)->71197K(78784K) Class: 19481K(27392K)->19481K(27392K)
[478.338s][info][gc          ] GC(101) Pause Full (System.gc()) 195M->195M(3959M) 4203.120ms
[482.545s][info][gc,metaspace] GC(102) Metaspace: 90678K(106176K)->90678K(106176K) NonClass: 71197K(78784K)->71197K(78784K) Class: 19481K(27392K)->19481K(27392K)
[482.545s][info][gc          ] GC(102) Pause Full (System.gc()) 195M->195M(3959M) 4207.017ms
[486.748s][info][gc,metaspace] GC(103) Metaspace: 90678K(106176K)->90678K(106176K) NonClass: 71197K(78784K)->71197K(78784K) Class: 19481K(27392K)->19481K(27392K)
[486.749s][info][gc          ] GC(103) Pause Full (System.gc()) 195M->195M(3959M) 4202.852ms
[490.957s][info][gc,metaspace] GC(104) Metaspace: 90678K(106176K)->90678K(106176K) NonClass: 71197K(78784K)->71197K(78784K) Class: 19481K(27392K)->19481K(27392K)
[490.958s][info][gc          ] GC(104) Pause Full (System.gc()) 195M->195M(3959M) 4208.318ms
[495.165s][info][gc,metaspace] GC(105) Metaspace: 90678K(106176K)->90678K(106176K) NonClass: 71197K(78784K)->71197K(78784K) Class: 19481K(27392K)->19481K(27392K)
[495.165s][info][gc          ] GC(105) Pause Full (System.gc()) 195M->195M(3959M) 4207.403ms
[499.372s][info][gc,metaspace] GC(106) Metaspace: 90678K(106176K)->90678K(106176K) NonClass: 71197K(78784K)->71197K(78784K) Class: 19481K(27392K)->19481K(27392K)
[499.372s][info][gc          ] GC(106) Pause Full (System.gc()) 195M->195M(3959M) 4206.001ms
[503.579s][info][gc,metaspace] GC(107) Metaspace: 90678K(106176K)->90678K(106176K) NonClass: 71197K(78784K)->71197K(78784K) Class: 19481K(27392K)->19481K(27392K)
[503.579s][info][gc          ] GC(107) Pause Full (System.gc()) 195M->195M(3959M) 4206.230ms
[507.785s][info][gc,metaspace] GC(108) Metaspace: 90678K(106176K)->90678K(106176K) NonClass: 71197K(78784K)->71197K(78784K) Class: 19481K(27392K)->19481K(27392K)
[507.785s][info][gc          ] GC(108) Pause Full (System.gc()) 195M->195M(3959M) 4205.523ms
[511.988s][info][gc,metaspace] GC(109) Metaspace: 90678K(106176K)->90678K(106176K) NonClass: 71197K(78784K)->71197K(78784K) Class: 19481K(27392K)->19481K(27392K)
[511.989s][info][gc          ] GC(109) Pause Full (System.gc()) 195M->195M(3959M) 4203.201ms
[516.195s][info][gc,metaspace] GC(110) Metaspace: 90678K(106176K)->90678K(106176K) NonClass: 71197K(78784K)->71197K(78784K) Class: 19481K(27392K)->19481K(27392K)
[516.195s][info][gc          ] GC(110) Pause Full (System.gc()) 195M->195M(3959M) 4206.285ms
[520.399s][info][gc,metaspace] GC(111) Metaspace: 90678K(106176K)->90678K(106176K) NonClass: 71197K(78784K)->71197K(78784K) Class: 19481K(27392K)->19481K(27392K)
[520.400s][info][gc          ] GC(111) Pause Full (System.gc()) 195M->195M(3959M) 4203.785ms
[524.605s][info][gc,metaspace] GC(112) Metaspace: 90678K(106176K)->90678K(106176K) NonClass: 71197K(78784K)->71197K(78784K) Class: 19481K(27392K)->19481K(27392K)
[524.605s][info][gc          ] GC(112) Pause Full (System.gc()) 195M->195M(3959M) 4204.718ms
[528.805s][info][gc,metaspace] GC(113) Metaspace: 90678K(106176K)->90678K(106176K) NonClass: 71197K(78784K)->71197K(78784K) Class: 19481K(27392K)->19481K(27392K)
[528.805s][info][gc          ] GC(113) Pause Full (System.gc()) 197M->195M(3959M) 4199.425ms
[533.011s][info][gc,metaspace] GC(114) Metaspace: 90678K(106176K)->90678K(106176K) NonClass: 71197K(78784K)->71197K(78784K) Class: 19481K(27392K)->19481K(27392K)
[533.011s][info][gc          ] GC(114) Pause Full (System.gc()) 195M->195M(3959M) 4205.701ms
[537.213s][info][gc,metaspace] GC(115) Metaspace: 90678K(106176K)->90678K(106176K) NonClass: 71197K(78784K)->71197K(78784K) Class: 19481K(27392K)->19481K(27392K)
[537.213s][info][gc          ] GC(115) Pause Full (System.gc()) 195M->195M(3959M) 4201.449ms
[541.419s][info][gc,metaspace] GC(116) Metaspace: 90678K(106176K)->90678K(106176K) NonClass: 71197K(78784K)->71197K(78784K) Class: 19481K(27392K)->19481K(27392K)
[541.419s][info][gc          ] GC(116) Pause Full (System.gc()) 195M->195M(3959M) 4205.681ms
[545.623s][info][gc,metaspace] GC(117) Metaspace: 90678K(106176K)->90678K(106176K) NonClass: 71197K(78784K)->71197K(78784K) Class: 19481K(27392K)->19481K(27392K)
[545.623s][info][gc          ] GC(117) Pause Full (System.gc()) 195M->195M(3959M) 4203.648ms
[549.827s][info][gc,metaspace] GC(118) Metaspace: 90678K(106176K)->90678K(106176K) NonClass: 71197K(78784K)->71197K(78784K) Class: 19481K(27392K)->19481K(27392K)
[549.828s][info][gc          ] GC(118) Pause Full (System.gc()) 195M->195M(3959M) 4203.779ms
[554.032s][info][gc,metaspace] GC(119) Metaspace: 90678K(106176K)->90678K(106176K) NonClass: 71197K(78784K)->71197K(78784K) Class: 19481K(27392K)->19481K(27392K)
[554.032s][info][gc          ] GC(119) Pause Full (System.gc()) 195M->195M(3959M) 4203.905ms
[558.239s][info][gc,metaspace] GC(120) Metaspace: 90678K(106176K)->90678K(106176K) NonClass: 71197K(78784K)->71197K(78784K) Class: 19481K(27392K)->19481K(27392K)
[558.240s][info][gc          ] GC(120) Pause Full (System.gc()) 195M->195M(3959M) 4206.897ms
[562.443s][info][gc,metaspace] GC(121) Metaspace: 90678K(106176K)->90678K(106176K) NonClass: 71197K(78784K)->71197K(78784K) Class: 19481K(27392K)->19481K(27392K)
[562.443s][info][gc          ] GC(121) Pause Full (System.gc()) 195M->195M(3959M) 4202.985ms
[566.650s][info][gc,metaspace] GC(122) Metaspace: 90678K(106176K)->90678K(106176K) NonClass: 71197K(78784K)->71197K(78784K) Class: 19481K(27392K)->19481K(27392K)
[566.651s][info][gc          ] GC(122) Pause Full (System.gc()) 195M->195M(3959M) 4206.980ms
[570.853s][info][gc,metaspace] GC(123) Metaspace: 90678K(106176K)->90678K(106176K) NonClass: 71197K(78784K)->71197K(78784K) Class: 19481K(27392K)->19481K(27392K)
[570.854s][info][gc          ] GC(123) Pause Full (System.gc()) 195M->195M(3959M) 4202.604ms
[575.058s][info][gc,metaspace] GC(124) Metaspace: 90678K(106176K)->90678K(106176K) NonClass: 71197K(78784K)->71197K(78784K) Class: 19481K(27392K)->19481K(27392K)
[575.058s][info][gc          ] GC(124) Pause Full (System.gc()) 195M->195M(3959M) 4204.178ms
[579.263s][info][gc,metaspace] GC(125) Metaspace: 90678K(106176K)->90678K(106176K) NonClass: 71197K(78784K)->71197K(78784K) Class: 19481K(27392K)->19481K(27392K)
[579.263s][info][gc          ] GC(125) Pause Full (System.gc()) 195M->195M(3959M) 4204.516ms
[583.469s][info][gc,metaspace] GC(126) Metaspace: 90678K(106176K)->90678K(106176K) NonClass: 71197K(78784K)->71197K(78784K) Class: 19481K(27392K)->19481K(27392K)
[583.469s][info][gc          ] GC(126) Pause Full (System.gc()) 195M->195M(3959M) 4205.021ms
[587.672s][info][gc,metaspace] GC(127) Metaspace: 90678K(106176K)->90678K(106176K) NonClass: 71197K(78784K)->71197K(78784K) Class: 19481K(27392K)->19481K(27392K)
[587.673s][info][gc          ] GC(127) Pause Full (System.gc()) 195M->195M(3959M) 4203.025ms
[591.877s][info][gc,metaspace] GC(128) Metaspace: 90678K(106176K)->90678K(106176K) NonClass: 71197K(78784K)->71197K(78784K) Class: 19481K(27392K)->19481K(27392K)
[591.877s][info][gc          ] GC(128) Pause Full (System.gc()) 195M->195M(3959M) 4203.810ms
[596.082s][info][gc,metaspace] GC(129) Metaspace: 90678K(106176K)->90678K(106176K) NonClass: 71197K(78784K)->71197K(78784K) Class: 19481K(27392K)->19481K(27392K)
[596.082s][info][gc          ] GC(129) Pause Full (System.gc()) 197M->195M(3959M) 4204.616ms
[600.324s][info][gc,metaspace] GC(130) Metaspace: 90678K(106176K)->90678K(106176K) NonClass: 71197K(78784K)->71197K(78784K) Class: 19481K(27392K)->19481K(27392K)
[600.325s][info][gc          ] GC(130) Pause Full (System.gc()) 195M->195M(3959M) 4242.035ms
[604.531s][info][gc,metaspace] GC(131) Metaspace: 90678K(106176K)->90678K(106176K) NonClass: 71197K(78784K)->71197K(78784K) Class: 19481K(27392K)->19481K(27392K)
[604.532s][info][gc          ] GC(131) Pause Full (System.gc()) 195M->195M(3959M) 4206.462ms
[608.738s][info][gc,metaspace] GC(132) Metaspace: 90678K(106176K)->90678K(106176K) NonClass: 71197K(78784K)->71197K(78784K) Class: 19481K(27392K)->19481K(27392K)
[608.739s][info][gc          ] GC(132) Pause Full (System.gc()) 195M->195M(3959M) 4206.571ms
[612.940s][info][gc,metaspace] GC(133) Metaspace: 90678K(106176K)->90678K(106176K) NonClass: 71197K(78784K)->71197K(78784K) Class: 19481K(27392K)->19481K(27392K)
[612.941s][info][gc          ] GC(133) Pause Full (System.gc()) 195M->195M(3959M) 4201.294ms
[617.142s][info][gc,metaspace] GC(134) Metaspace: 90678K(106176K)->90678K(106176K) NonClass: 71197K(78784K)->71197K(78784K) Class: 19481K(27392K)->19481K(27392K)
[617.143s][info][gc          ] GC(134) Pause Full (System.gc()) 195M->195M(3959M) 4201.565ms
[621.342s][info][gc,metaspace] GC(135) Metaspace: 90678K(106176K)->90678K(106176K) NonClass: 71197K(78784K)->71197K(78784K) Class: 19481K(27392K)->19481K(27392K)
[621.342s][info][gc          ] GC(135) Pause Full (System.gc()) 195M->195M(3959M) 4199.197ms
[625.548s][info][gc,metaspace] GC(136) Metaspace: 90678K(106176K)->90678K(106176K) NonClass: 71197K(78784K)->71197K(78784K) Class: 19481K(27392K)->19481K(27392K)
[625.548s][info][gc          ] GC(136) Pause Full (System.gc()) 195M->195M(3959M) 4205.064ms
[629.751s][info][gc,metaspace] GC(137) Metaspace: 90678K(106176K)->90678K(106176K) NonClass: 71197K(78784K)->71197K(78784K) Class: 19481K(27392K)->19481K(27392K)
[629.751s][info][gc          ] GC(137) Pause Full (System.gc()) 195M->195M(3959M) 4202.280ms
[633.955s][info][gc,metaspace] GC(138) Metaspace: 90678K(106176K)->90678K(106176K) NonClass: 71197K(78784K)->71197K(78784K) Class: 19481K(27392K)->19481K(27392K)
[633.955s][info][gc          ] GC(138) Pause Full (System.gc()) 195M->195M(3959M) 4203.563ms
[638.159s][info][gc,metaspace] GC(139) Metaspace: 90678K(106176K)->90678K(106176K) NonClass: 71197K(78784K)->71197K(78784K) Class: 19481K(27392K)->19481K(27392K)
[638.159s][info][gc          ] GC(139) Pause Full (System.gc()) 195M->195M(3959M) 4203.410ms
[642.360s][info][gc,metaspace] GC(140) Metaspace: 90678K(106176K)->90678K(106176K) NonClass: 71197K(78784K)->71197K(78784K) Class: 19481K(27392K)->19481K(27392K)
[642.360s][info][gc          ] GC(140) Pause Full (System.gc()) 195M->195M(3959M) 4200.360ms
[646.566s][info][gc,metaspace] GC(141) Metaspace: 90678K(106176K)->90678K(106176K) NonClass: 71197K(78784K)->71197K(78784K) Class: 19481K(27392K)->19481K(27392K)
[646.566s][info][gc          ] GC(141) Pause Full (System.gc()) 195M->195M(3959M) 4206.245ms
[650.775s][info][gc,metaspace] GC(142) Metaspace: 90678K(106176K)->90678K(106176K) NonClass: 71197K(78784K)->71197K(78784K) Class: 19481K(27392K)->19481K(27392K)
[650.775s][info][gc          ] GC(142) Pause Full (System.gc()) 195M->195M(3959M) 4208.331ms
[654.977s][info][gc,metaspace] GC(143) Metaspace: 90678K(106176K)->90678K(106176K) NonClass: 71197K(78784K)->71197K(78784K) Class: 19481K(27392K)->19481K(27392K)
[654.977s][info][gc          ] GC(143) Pause Full (System.gc()) 195M->195M(3959M) 4200.907ms
[659.179s][info][gc,metaspace] GC(144) Metaspace: 90678K(106176K)->90678K(106176K) NonClass: 71197K(78784K)->71197K(78784K) Class: 19481K(27392K)->19481K(27392K)
[659.179s][info][gc          ] GC(144) Pause Full (System.gc()) 195M->195M(3959M) 4201.514ms
[663.379s][info][gc,metaspace] GC(145) Metaspace: 90678K(106176K)->90678K(106176K) NonClass: 71197K(78784K)->71197K(78784K) Class: 19481K(27392K)->19481K(27392K)
[663.380s][info][gc          ] GC(145) Pause Full (System.gc()) 197M->195M(3959M) 4199.713ms
[667.588s][info][gc,metaspace] GC(146) Metaspace: 90678K(106176K)->90678K(106176K) NonClass: 71197K(78784K)->71197K(78784K) Class: 19481K(27392K)->19481K(27392K)
[667.588s][info][gc          ] GC(146) Pause Full (System.gc()) 195M->195M(3959M) 4207.819ms
[671.794s][info][gc,metaspace] GC(147) Metaspace: 90678K(106176K)->90678K(106176K) NonClass: 71197K(78784K)->71197K(78784K) Class: 19481K(27392K)->19481K(27392K)
[671.794s][info][gc          ] GC(147) Pause Full (System.gc()) 195M->195M(3959M) 4205.202ms
[676.000s][info][gc,metaspace] GC(148) Metaspace: 90678K(106176K)->90678K(106176K) NonClass: 71197K(78784K)->71197K(78784K) Class: 19481K(27392K)->19481K(27392K)
[676.000s][info][gc          ] GC(148) Pause Full (System.gc()) 195M->195M(3959M) 4205.581ms
[680.201s][info][gc,metaspace] GC(149) Metaspace: 90678K(106176K)->90678K(106176K) NonClass: 71197K(78784K)->71197K(78784K) Class: 19481K(27392K)->19481K(27392K)
[680.202s][info][gc          ] GC(149) Pause Full (System.gc()) 195M->195M(3959M) 4201.286ms
[684.402s][info][gc,metaspace] GC(150) Metaspace: 90678K(106176K)->90678K(106176K) NonClass: 71197K(78784K)->71197K(78784K) Class: 19481K(27392K)->19481K(27392K)
[684.402s][info][gc          ] GC(150) Pause Full (System.gc()) 195M->195M(3959M) 4200.238ms
[688.604s][info][gc,metaspace] GC(151) Metaspace: 90678K(106176K)->90678K(106176K) NonClass: 71197K(78784K)->71197K(78784K) Class: 19481K(27392K)->19481K(27392K)
[688.604s][info][gc          ] GC(151) Pause Full (System.gc()) 195M->195M(3959M) 4200.983ms
[692.812s][info][gc,metaspace] GC(152) Metaspace: 90678K(106176K)->90678K(106176K) NonClass: 71197K(78784K)->71197K(78784K) Class: 19481K(27392K)->19481K(27392K)
[692.812s][info][gc          ] GC(152) Pause Full (System.gc()) 195M->195M(3959M) 4207.670ms
[697.012s][info][gc,metaspace] GC(153) Metaspace: 90678K(106176K)->90678K(106176K) NonClass: 71197K(78784K)->71197K(78784K) Class: 19481K(27392K)->19481K(27392K)
[697.013s][info][gc          ] GC(153) Pause Full (System.gc()) 195M->195M(3959M) 4199.847ms
[701.218s][info][gc,metaspace] GC(154) Metaspace: 90678K(106176K)->90678K(106176K) NonClass: 71197K(78784K)->71197K(78784K) Class: 19481K(27392K)->19481K(27392K)
[701.218s][info][gc          ] GC(154) Pause Full (System.gc()) 195M->195M(3959M) 4205.076ms
[705.414s][info][gc,metaspace] GC(155) Metaspace: 90678K(106176K)->90678K(106176K) NonClass: 71197K(78784K)->71197K(78784K) Class: 19481K(27392K)->19481K(27392K)
[705.415s][info][gc          ] GC(155) Pause Full (System.gc()) 195M->195M(3959M) 4195.851ms
[709.622s][info][gc,metaspace] GC(156) Metaspace: 90678K(106176K)->90678K(106176K) NonClass: 71197K(78784K)->71197K(78784K) Class: 19481K(27392K)->19481K(27392K)
[709.622s][info][gc          ] GC(156) Pause Full (System.gc()) 195M->195M(3959M) 4206.605ms
[713.824s][info][gc,metaspace] GC(157) Metaspace: 90678K(106176K)->90678K(106176K) NonClass: 71197K(78784K)->71197K(78784K) Class: 19481K(27392K)->19481K(27392K)
[713.824s][info][gc          ] GC(157) Pause Full (System.gc()) 195M->195M(3959M) 4201.490ms
[718.027s][info][gc,metaspace] GC(158) Metaspace: 90678K(106176K)->90678K(106176K) NonClass: 71197K(78784K)->71197K(78784K) Class: 19481K(27392K)->19481K(27392K)
[718.027s][info][gc          ] GC(158) Pause Full (System.gc()) 195M->195M(3959M) 4202.680ms
[722.227s][info][gc,metaspace] GC(159) Metaspace: 90678K(106176K)->90678K(106176K) NonClass: 71197K(78784K)->71197K(78784K) Class: 19481K(27392K)->19481K(27392K)
[722.227s][info][gc          ] GC(159) Pause Full (System.gc()) 195M->195M(3959M) 4199.793ms
[726.431s][info][gc,metaspace] GC(160) Metaspace: 90678K(106176K)->90678K(106176K) NonClass: 71197K(78784K)->71197K(78784K) Class: 19481K(27392K)->19481K(27392K)
[726.431s][info][gc          ] GC(160) Pause Full (System.gc()) 195M->195M(3959M) 4203.353ms
After GCs... 
