Done; will start GCs... 
[65.746s][info][gc,metaspace] GC(18) Metaspace: 61771K(68800K)->61771K(68800K) NonClass: 50875K(53888K)->50875K(53888K) Class: 10895K(14912K)->10895K(14912K)
[65.746s][info][gc          ] GC(18) Pause Full (System.gc()) 1486M->1299M(6136M) 821.025ms
[66.338s][info][gc,metaspace] GC(19) Metaspace: 61771K(68800K)->61771K(68800K) NonClass: 50875K(53888K)->50875K(53888K) Class: 10895K(14912K)->10895K(14912K)
[66.338s][info][gc          ] GC(19) Pause Full (System.gc()) 1299M->1299M(6136M) 591.906ms
[66.991s][info][gc,metaspace] GC(20) Metaspace: 61771K(68800K)->61771K(68800K) NonClass: 50875K(53888K)->50875K(53888K) Class: 10895K(14912K)->10895K(14912K)
[66.991s][info][gc          ] GC(20) Pause Full (System.gc()) 1299M->1299M(6136M) 653.087ms
[67.630s][info][gc,metaspace] GC(21) Metaspace: 61772K(68800K)->61772K(68800K) NonClass: 50876K(53888K)->50876K(53888K) Class: 10895K(14912K)->10895K(14912K)
[67.630s][info][gc          ] GC(21) Pause Full (System.gc()) 1299M->1299M(6136M) 638.383ms
[68.371s][info][gc,metaspace] GC(22) Metaspace: 61772K(68800K)->61772K(68800K) NonClass: 50876K(53888K)->50876K(53888K) Class: 10895K(14912K)->10895K(14912K)
[68.371s][info][gc          ] GC(22) Pause Full (System.gc()) 1299M->1299M(6136M) 740.624ms
[69.119s][info][gc,metaspace] GC(23) Metaspace: 61772K(68800K)->61772K(68800K) NonClass: 50876K(53888K)->50876K(53888K) Class: 10895K(14912K)->10895K(14912K)
[69.119s][info][gc          ] GC(23) Pause Full (System.gc()) 1299M->1299M(6136M) 748.344ms
[69.877s][info][gc,metaspace] GC(24) Metaspace: 61772K(68800K)->61772K(68800K) NonClass: 50876K(53888K)->50876K(53888K) Class: 10895K(14912K)->10895K(14912K)
[69.877s][info][gc          ] GC(24) Pause Full (System.gc()) 1299M->1299M(6136M) 757.282ms
[70.616s][info][gc,metaspace] GC(25) Metaspace: 61772K(68800K)->61772K(68800K) NonClass: 50876K(53888K)->50876K(53888K) Class: 10895K(14912K)->10895K(14912K)
[70.616s][info][gc          ] GC(25) Pause Full (System.gc()) 1299M->1299M(6136M) 738.889ms
[71.273s][info][gc,metaspace] GC(26) Metaspace: 61772K(68800K)->61772K(68800K) NonClass: 50876K(53888K)->50876K(53888K) Class: 10895K(14912K)->10895K(14912K)
[71.273s][info][gc          ] GC(26) Pause Full (System.gc()) 1299M->1299M(6136M) 656.874ms
[72.002s][info][gc,metaspace] GC(27) Metaspace: 61772K(68800K)->61772K(68800K) NonClass: 50876K(53888K)->50876K(53888K) Class: 10895K(14912K)->10895K(14912K)
[72.002s][info][gc          ] GC(27) Pause Full (System.gc()) 1299M->1299M(6136M) 728.782ms
[72.637s][info][gc,metaspace] GC(28) Metaspace: 61772K(68800K)->61772K(68800K) NonClass: 50876K(53888K)->50876K(53888K) Class: 10895K(14912K)->10895K(14912K)
[72.637s][info][gc          ] GC(28) Pause Full (System.gc()) 1299M->1299M(6136M) 634.903ms
[73.296s][info][gc,metaspace] GC(29) Metaspace: 61772K(68800K)->61772K(68800K) NonClass: 50876K(53888K)->50876K(53888K) Class: 10895K(14912K)->10895K(14912K)
[73.296s][info][gc          ] GC(29) Pause Full (System.gc()) 1299M->1299M(6136M) 658.341ms
[74.013s][info][gc,metaspace] GC(30) Metaspace: 61772K(68800K)->61772K(68800K) NonClass: 50876K(53888K)->50876K(53888K) Class: 10895K(14912K)->10895K(14912K)
[74.013s][info][gc          ] GC(30) Pause Full (System.gc()) 1299M->1299M(6136M) 716.794ms
[74.643s][info][gc,metaspace] GC(31) Metaspace: 61772K(68800K)->61772K(68800K) NonClass: 50876K(53888K)->50876K(53888K) Class: 10895K(14912K)->10895K(14912K)
[74.643s][info][gc          ] GC(31) Pause Full (System.gc()) 1299M->1299M(6136M) 629.667ms
[75.271s][info][gc,metaspace] GC(32) Metaspace: 61772K(68800K)->61772K(68800K) NonClass: 50876K(53888K)->50876K(53888K) Class: 10895K(14912K)->10895K(14912K)
[75.271s][info][gc          ] GC(32) Pause Full (System.gc()) 1299M->1299M(6136M) 627.825ms
[75.908s][info][gc,metaspace] GC(33) Metaspace: 61772K(68800K)->61772K(68800K) NonClass: 50876K(53888K)->50876K(53888K) Class: 10895K(14912K)->10895K(14912K)
[75.908s][info][gc          ] GC(33) Pause Full (System.gc()) 1299M->1299M(6136M) 637.345ms
[76.567s][info][gc,metaspace] GC(34) Metaspace: 61772K(68800K)->61772K(68800K) NonClass: 50876K(53888K)->50876K(53888K) Class: 10895K(14912K)->10895K(14912K)
[76.567s][info][gc          ] GC(34) Pause Full (System.gc()) 1299M->1299M(6136M) 653.881ms
[77.211s][info][gc,metaspace] GC(35) Metaspace: 61772K(68800K)->61772K(68800K) NonClass: 50876K(53888K)->50876K(53888K) Class: 10895K(14912K)->10895K(14912K)
[77.211s][info][gc          ] GC(35) Pause Full (System.gc()) 1299M->1299M(6136M) 644.536ms
[77.936s][info][gc,metaspace] GC(36) Metaspace: 61772K(68800K)->61772K(68800K) NonClass: 50876K(53888K)->50876K(53888K) Class: 10895K(14912K)->10895K(14912K)
[77.936s][info][gc          ] GC(36) Pause Full (System.gc()) 1299M->1299M(6136M) 724.651ms
[78.586s][info][gc,metaspace] GC(37) Metaspace: 61772K(68800K)->61772K(68800K) NonClass: 50876K(53888K)->50876K(53888K) Class: 10895K(14912K)->10895K(14912K)
[78.586s][info][gc          ] GC(37) Pause Full (System.gc()) 1299M->1299M(6136M) 649.453ms
[79.243s][info][gc,metaspace] GC(38) Metaspace: 61772K(68800K)->61772K(68800K) NonClass: 50876K(53888K)->50876K(53888K) Class: 10895K(14912K)->10895K(14912K)
[79.243s][info][gc          ] GC(38) Pause Full (System.gc()) 1299M->1299M(6136M) 656.809ms
[79.870s][info][gc,metaspace] GC(39) Metaspace: 61772K(68800K)->61772K(68800K) NonClass: 50876K(53888K)->50876K(53888K) Class: 10895K(14912K)->10895K(14912K)
[79.870s][info][gc          ] GC(39) Pause Full (System.gc()) 1299M->1299M(6136M) 627.229ms
[80.494s][info][gc,metaspace] GC(40) Metaspace: 61772K(68800K)->61772K(68800K) NonClass: 50876K(53888K)->50876K(53888K) Class: 10895K(14912K)->10895K(14912K)
[80.494s][info][gc          ] GC(40) Pause Full (System.gc()) 1299M->1299M(6136M) 623.600ms
[81.255s][info][gc,metaspace] GC(41) Metaspace: 61772K(68800K)->61772K(68800K) NonClass: 50876K(53888K)->50876K(53888K) Class: 10895K(14912K)->10895K(14912K)
[81.256s][info][gc          ] GC(41) Pause Full (System.gc()) 1299M->1299M(6136M) 761.347ms
[81.844s][info][gc,metaspace] GC(42) Metaspace: 61772K(68800K)->61772K(68800K) NonClass: 50876K(53888K)->50876K(53888K) Class: 10895K(14912K)->10895K(14912K)
[81.844s][info][gc          ] GC(42) Pause Full (System.gc()) 1299M->1299M(6136M) 584.173ms
[82.568s][info][gc,metaspace] GC(43) Metaspace: 61772K(68800K)->61772K(68800K) NonClass: 50876K(53888K)->50876K(53888K) Class: 10895K(14912K)->10895K(14912K)
[82.568s][info][gc          ] GC(43) Pause Full (System.gc()) 1299M->1299M(6136M) 723.403ms
[83.312s][info][gc,metaspace] GC(44) Metaspace: 61772K(68800K)->61772K(68800K) NonClass: 50876K(53888K)->50876K(53888K) Class: 10895K(14912K)->10895K(14912K)
[83.312s][info][gc          ] GC(44) Pause Full (System.gc()) 1299M->1299M(6136M) 743.846ms
[83.878s][info][gc,metaspace] GC(45) Metaspace: 61772K(68800K)->61772K(68800K) NonClass: 50876K(53888K)->50876K(53888K) Class: 10895K(14912K)->10895K(14912K)
[83.878s][info][gc          ] GC(45) Pause Full (System.gc()) 1299M->1299M(6136M) 565.620ms
[84.610s][info][gc,metaspace] GC(46) Metaspace: 61772K(68800K)->61772K(68800K) NonClass: 50876K(53888K)->50876K(53888K) Class: 10895K(14912K)->10895K(14912K)
[84.610s][info][gc          ] GC(46) Pause Full (System.gc()) 1299M->1299M(6136M) 731.967ms
[85.153s][info][gc,metaspace] GC(47) Metaspace: 61772K(68800K)->61772K(68800K) NonClass: 50876K(53888K)->50876K(53888K) Class: 10895K(14912K)->10895K(14912K)
[85.153s][info][gc          ] GC(47) Pause Full (System.gc()) 1299M->1299M(6136M) 543.541ms
[85.700s][info][gc,metaspace] GC(48) Metaspace: 61772K(68800K)->61772K(68800K) NonClass: 50876K(53888K)->50876K(53888K) Class: 10895K(14912K)->10895K(14912K)
[85.700s][info][gc          ] GC(48) Pause Full (System.gc()) 1299M->1299M(6136M) 546.441ms
[86.450s][info][gc,metaspace] GC(49) Metaspace: 61772K(68800K)->61772K(68800K) NonClass: 50876K(53888K)->50876K(53888K) Class: 10895K(14912K)->10895K(14912K)
[86.450s][info][gc          ] GC(49) Pause Full (System.gc()) 1299M->1299M(6136M) 749.630ms
[86.998s][info][gc,metaspace] GC(50) Metaspace: 61772K(68800K)->61772K(68800K) NonClass: 50876K(53888K)->50876K(53888K) Class: 10895K(14912K)->10895K(14912K)
[86.998s][info][gc          ] GC(50) Pause Full (System.gc()) 1299M->1299M(6136M) 543.551ms
[87.622s][info][gc,metaspace] GC(51) Metaspace: 61772K(68800K)->61772K(68800K) NonClass: 50876K(53888K)->50876K(53888K) Class: 10895K(14912K)->10895K(14912K)
[87.622s][info][gc          ] GC(51) Pause Full (System.gc()) 1299M->1299M(6136M) 624.150ms
[88.267s][info][gc,metaspace] GC(52) Metaspace: 61772K(68800K)->61772K(68800K) NonClass: 50876K(53888K)->50876K(53888K) Class: 10895K(14912K)->10895K(14912K)
[88.267s][info][gc          ] GC(52) Pause Full (System.gc()) 1299M->1299M(6136M) 645.054ms
[88.910s][info][gc,metaspace] GC(53) Metaspace: 61772K(68800K)->61772K(68800K) NonClass: 50876K(53888K)->50876K(53888K) Class: 10895K(14912K)->10895K(14912K)
[88.910s][info][gc          ] GC(53) Pause Full (System.gc()) 1299M->1299M(6136M) 642.381ms
[89.548s][info][gc,metaspace] GC(54) Metaspace: 61772K(68800K)->61772K(68800K) NonClass: 50876K(53888K)->50876K(53888K) Class: 10895K(14912K)->10895K(14912K)
[89.548s][info][gc          ] GC(54) Pause Full (System.gc()) 1299M->1299M(6136M) 637.680ms
[90.305s][info][gc,metaspace] GC(55) Metaspace: 61772K(68800K)->61772K(68800K) NonClass: 50876K(53888K)->50876K(53888K) Class: 10895K(14912K)->10895K(14912K)
[90.305s][info][gc          ] GC(55) Pause Full (System.gc()) 1299M->1299M(6136M) 756.873ms
[90.868s][info][gc,metaspace] GC(56) Metaspace: 61772K(68800K)->61772K(68800K) NonClass: 50876K(53888K)->50876K(53888K) Class: 10895K(14912K)->10895K(14912K)
[90.869s][info][gc          ] GC(56) Pause Full (System.gc()) 1299M->1299M(6136M) 563.400ms
[91.508s][info][gc,metaspace] GC(57) Metaspace: 61772K(68800K)->61772K(68800K) NonClass: 50876K(53888K)->50876K(53888K) Class: 10895K(14912K)->10895K(14912K)
[91.508s][info][gc          ] GC(57) Pause Full (System.gc()) 1299M->1299M(6136M) 639.325ms
[92.172s][info][gc,metaspace] GC(58) Metaspace: 61772K(68800K)->61772K(68800K) NonClass: 50876K(53888K)->50876K(53888K) Class: 10895K(14912K)->10895K(14912K)
[92.172s][info][gc          ] GC(58) Pause Full (System.gc()) 1299M->1299M(6136M) 659.109ms
[92.738s][info][gc,metaspace] GC(59) Metaspace: 61772K(68800K)->61772K(68800K) NonClass: 50876K(53888K)->50876K(53888K) Class: 10895K(14912K)->10895K(14912K)
[92.738s][info][gc          ] GC(59) Pause Full (System.gc()) 1299M->1299M(6136M) 566.325ms
[93.476s][info][gc,metaspace] GC(60) Metaspace: 61772K(68800K)->61772K(68800K) NonClass: 50876K(53888K)->50876K(53888K) Class: 10895K(14912K)->10895K(14912K)
[93.476s][info][gc          ] GC(60) Pause Full (System.gc()) 1299M->1299M(6136M) 737.707ms
[94.194s][info][gc,metaspace] GC(61) Metaspace: 61772K(68800K)->61772K(68800K) NonClass: 50876K(53888K)->50876K(53888K) Class: 10895K(14912K)->10895K(14912K)
[94.194s][info][gc          ] GC(61) Pause Full (System.gc()) 1299M->1299M(6136M) 717.439ms
[94.805s][info][gc,metaspace] GC(62) Metaspace: 61772K(68800K)->61772K(68800K) NonClass: 50876K(53888K)->50876K(53888K) Class: 10895K(14912K)->10895K(14912K)
[94.805s][info][gc          ] GC(62) Pause Full (System.gc()) 1299M->1299M(6136M) 610.924ms
[95.444s][info][gc,metaspace] GC(63) Metaspace: 61772K(68800K)->61772K(68800K) NonClass: 50876K(53888K)->50876K(53888K) Class: 10895K(14912K)->10895K(14912K)
[95.444s][info][gc          ] GC(63) Pause Full (System.gc()) 1299M->1299M(6136M) 639.131ms
[96.198s][info][gc,metaspace] GC(64) Metaspace: 61772K(68800K)->61772K(68800K) NonClass: 50876K(53888K)->50876K(53888K) Class: 10895K(14912K)->10895K(14912K)
[96.198s][info][gc          ] GC(64) Pause Full (System.gc()) 1299M->1299M(6136M) 753.376ms
[96.840s][info][gc,metaspace] GC(65) Metaspace: 61772K(68800K)->61772K(68800K) NonClass: 50876K(53888K)->50876K(53888K) Class: 10895K(14912K)->10895K(14912K)
[96.840s][info][gc          ] GC(65) Pause Full (System.gc()) 1299M->1299M(6136M) 642.390ms
[97.487s][info][gc,metaspace] GC(66) Metaspace: 61772K(68800K)->61772K(68800K) NonClass: 50876K(53888K)->50876K(53888K) Class: 10895K(14912K)->10895K(14912K)
[97.487s][info][gc          ] GC(66) Pause Full (System.gc()) 1299M->1299M(6136M) 646.268ms
[98.121s][info][gc,metaspace] GC(67) Metaspace: 61772K(68800K)->61772K(68800K) NonClass: 50876K(53888K)->50876K(53888K) Class: 10895K(14912K)->10895K(14912K)
[98.121s][info][gc          ] GC(67) Pause Full (System.gc()) 1299M->1299M(6136M) 634.328ms
[98.781s][info][gc,metaspace] GC(68) Metaspace: 61772K(68800K)->61772K(68800K) NonClass: 50876K(53888K)->50876K(53888K) Class: 10895K(14912K)->10895K(14912K)
[98.781s][info][gc          ] GC(68) Pause Full (System.gc()) 1299M->1299M(6136M) 659.556ms
[99.409s][info][gc,metaspace] GC(69) Metaspace: 61772K(68800K)->61772K(68800K) NonClass: 50876K(53888K)->50876K(53888K) Class: 10895K(14912K)->10895K(14912K)
[99.409s][info][gc          ] GC(69) Pause Full (System.gc()) 1299M->1299M(6136M) 628.180ms
[100.040s][info][gc,metaspace] GC(70) Metaspace: 61772K(68800K)->61772K(68800K) NonClass: 50876K(53888K)->50876K(53888K) Class: 10895K(14912K)->10895K(14912K)
[100.040s][info][gc          ] GC(70) Pause Full (System.gc()) 1299M->1299M(6136M) 630.387ms
[100.673s][info][gc,metaspace] GC(71) Metaspace: 61772K(68800K)->61772K(68800K) NonClass: 50876K(53888K)->50876K(53888K) Class: 10895K(14912K)->10895K(14912K)
[100.673s][info][gc          ] GC(71) Pause Full (System.gc()) 1299M->1299M(6136M) 632.902ms
[101.296s][info][gc,metaspace] GC(72) Metaspace: 61772K(68800K)->61772K(68800K) NonClass: 50876K(53888K)->50876K(53888K) Class: 10895K(14912K)->10895K(14912K)
[101.296s][info][gc          ] GC(72) Pause Full (System.gc()) 1299M->1299M(6136M) 622.567ms
[102.017s][info][gc,metaspace] GC(73) Metaspace: 61772K(68800K)->61772K(68800K) NonClass: 50876K(53888K)->50876K(53888K) Class: 10895K(14912K)->10895K(14912K)
[102.017s][info][gc          ] GC(73) Pause Full (System.gc()) 1299M->1299M(6136M) 720.673ms
[102.726s][info][gc,metaspace] GC(74) Metaspace: 61772K(68800K)->61772K(68800K) NonClass: 50876K(53888K)->50876K(53888K) Class: 10895K(14912K)->10895K(14912K)
[102.726s][info][gc          ] GC(74) Pause Full (System.gc()) 1299M->1299M(6136M) 705.231ms
[103.371s][info][gc,metaspace] GC(75) Metaspace: 61772K(68800K)->61772K(68800K) NonClass: 50876K(53888K)->50876K(53888K) Class: 10895K(14912K)->10895K(14912K)
[103.371s][info][gc          ] GC(75) Pause Full (System.gc()) 1299M->1299M(6136M) 644.459ms
[104.098s][info][gc,metaspace] GC(76) Metaspace: 61772K(68800K)->61772K(68800K) NonClass: 50876K(53888K)->50876K(53888K) Class: 10895K(14912K)->10895K(14912K)
[104.098s][info][gc          ] GC(76) Pause Full (System.gc()) 1299M->1299M(6136M) 726.423ms
[104.654s][info][gc,metaspace] GC(77) Metaspace: 61772K(68800K)->61772K(68800K) NonClass: 50876K(53888K)->50876K(53888K) Class: 10895K(14912K)->10895K(14912K)
[104.654s][info][gc          ] GC(77) Pause Full (System.gc()) 1299M->1299M(6136M) 556.270ms
[105.191s][info][gc,metaspace] GC(78) Metaspace: 61772K(68800K)->61772K(68800K) NonClass: 50876K(53888K)->50876K(53888K) Class: 10895K(14912K)->10895K(14912K)
[105.191s][info][gc          ] GC(78) Pause Full (System.gc()) 1299M->1299M(6136M) 536.631ms
[105.723s][info][gc,metaspace] GC(79) Metaspace: 61772K(68800K)->61772K(68800K) NonClass: 50876K(53888K)->50876K(53888K) Class: 10895K(14912K)->10895K(14912K)
[105.723s][info][gc          ] GC(79) Pause Full (System.gc()) 1299M->1299M(6136M) 531.733ms
[106.251s][info][gc,metaspace] GC(80) Metaspace: 61772K(68800K)->61772K(68800K) NonClass: 50876K(53888K)->50876K(53888K) Class: 10895K(14912K)->10895K(14912K)
[106.251s][info][gc          ] GC(80) Pause Full (System.gc()) 1299M->1299M(6136M) 527.868ms
[106.791s][info][gc,metaspace] GC(81) Metaspace: 61772K(68800K)->61772K(68800K) NonClass: 50876K(53888K)->50876K(53888K) Class: 10895K(14912K)->10895K(14912K)
[106.791s][info][gc          ] GC(81) Pause Full (System.gc()) 1299M->1299M(6136M) 539.928ms
[107.333s][info][gc,metaspace] GC(82) Metaspace: 61772K(68800K)->61772K(68800K) NonClass: 50876K(53888K)->50876K(53888K) Class: 10895K(14912K)->10895K(14912K)
[107.333s][info][gc          ] GC(82) Pause Full (System.gc()) 1299M->1299M(6136M) 541.816ms
[107.866s][info][gc,metaspace] GC(83) Metaspace: 61772K(68800K)->61772K(68800K) NonClass: 50876K(53888K)->50876K(53888K) Class: 10895K(14912K)->10895K(14912K)
[107.866s][info][gc          ] GC(83) Pause Full (System.gc()) 1299M->1299M(6136M) 533.179ms
[108.397s][info][gc,metaspace] GC(84) Metaspace: 61772K(68800K)->61772K(68800K) NonClass: 50876K(53888K)->50876K(53888K) Class: 10895K(14912K)->10895K(14912K)
[108.397s][info][gc          ] GC(84) Pause Full (System.gc()) 1299M->1299M(6136M) 530.902ms
[108.926s][info][gc,metaspace] GC(85) Metaspace: 61772K(68800K)->61772K(68800K) NonClass: 50876K(53888K)->50876K(53888K) Class: 10895K(14912K)->10895K(14912K)
[108.926s][info][gc          ] GC(85) Pause Full (System.gc()) 1299M->1299M(6136M) 528.075ms
[109.458s][info][gc,metaspace] GC(86) Metaspace: 61772K(68800K)->61772K(68800K) NonClass: 50876K(53888K)->50876K(53888K) Class: 10895K(14912K)->10895K(14912K)
[109.458s][info][gc          ] GC(86) Pause Full (System.gc()) 1299M->1299M(6136M) 531.906ms
[109.986s][info][gc,metaspace] GC(87) Metaspace: 61772K(68800K)->61772K(68800K) NonClass: 50876K(53888K)->50876K(53888K) Class: 10895K(14912K)->10895K(14912K)
[109.986s][info][gc          ] GC(87) Pause Full (System.gc()) 1299M->1299M(6136M) 527.905ms
[110.522s][info][gc,metaspace] GC(88) Metaspace: 61772K(68800K)->61772K(68800K) NonClass: 50876K(53888K)->50876K(53888K) Class: 10895K(14912K)->10895K(14912K)
[110.522s][info][gc          ] GC(88) Pause Full (System.gc()) 1299M->1299M(6136M) 536.183ms
[111.047s][info][gc,metaspace] GC(89) Metaspace: 61772K(68800K)->61772K(68800K) NonClass: 50876K(53888K)->50876K(53888K) Class: 10895K(14912K)->10895K(14912K)
[111.047s][info][gc          ] GC(89) Pause Full (System.gc()) 1299M->1299M(6136M) 524.445ms
[111.571s][info][gc,metaspace] GC(90) Metaspace: 61772K(68800K)->61772K(68800K) NonClass: 50876K(53888K)->50876K(53888K) Class: 10895K(14912K)->10895K(14912K)
[111.571s][info][gc          ] GC(90) Pause Full (System.gc()) 1299M->1299M(6136M) 524.017ms
[112.107s][info][gc,metaspace] GC(91) Metaspace: 61772K(68800K)->61772K(68800K) NonClass: 50876K(53888K)->50876K(53888K) Class: 10895K(14912K)->10895K(14912K)
[112.107s][info][gc          ] GC(91) Pause Full (System.gc()) 1299M->1299M(6136M) 535.337ms
[112.655s][info][gc,metaspace] GC(92) Metaspace: 61772K(68800K)->61772K(68800K) NonClass: 50876K(53888K)->50876K(53888K) Class: 10895K(14912K)->10895K(14912K)
[112.655s][info][gc          ] GC(92) Pause Full (System.gc()) 1299M->1299M(6136M) 548.180ms
[113.197s][info][gc,metaspace] GC(93) Metaspace: 61772K(68800K)->61772K(68800K) NonClass: 50876K(53888K)->50876K(53888K) Class: 10895K(14912K)->10895K(14912K)
[113.197s][info][gc          ] GC(93) Pause Full (System.gc()) 1299M->1299M(6136M) 537.760ms
[113.729s][info][gc,metaspace] GC(94) Metaspace: 61772K(68800K)->61772K(68800K) NonClass: 50876K(53888K)->50876K(53888K) Class: 10895K(14912K)->10895K(14912K)
[113.729s][info][gc          ] GC(94) Pause Full (System.gc()) 1299M->1299M(6136M) 531.373ms
[114.261s][info][gc,metaspace] GC(95) Metaspace: 61772K(68800K)->61772K(68800K) NonClass: 50876K(53888K)->50876K(53888K) Class: 10895K(14912K)->10895K(14912K)
[114.261s][info][gc          ] GC(95) Pause Full (System.gc()) 1299M->1299M(6136M) 532.198ms
[114.799s][info][gc,metaspace] GC(96) Metaspace: 61772K(68800K)->61772K(68800K) NonClass: 50876K(53888K)->50876K(53888K) Class: 10895K(14912K)->10895K(14912K)
[114.799s][info][gc          ] GC(96) Pause Full (System.gc()) 1299M->1299M(6136M) 537.327ms
[115.344s][info][gc,metaspace] GC(97) Metaspace: 61772K(68800K)->61772K(68800K) NonClass: 50876K(53888K)->50876K(53888K) Class: 10895K(14912K)->10895K(14912K)
[115.345s][info][gc          ] GC(97) Pause Full (System.gc()) 1299M->1299M(6136M) 545.691ms
[115.878s][info][gc,metaspace] GC(98) Metaspace: 61772K(68800K)->61772K(68800K) NonClass: 50876K(53888K)->50876K(53888K) Class: 10895K(14912K)->10895K(14912K)
[115.878s][info][gc          ] GC(98) Pause Full (System.gc()) 1299M->1299M(6136M) 533.580ms
[116.417s][info][gc,metaspace] GC(99) Metaspace: 61772K(68800K)->61772K(68800K) NonClass: 50876K(53888K)->50876K(53888K) Class: 10895K(14912K)->10895K(14912K)
[116.417s][info][gc          ] GC(99) Pause Full (System.gc()) 1299M->1299M(6136M) 538.932ms
[116.947s][info][gc,metaspace] GC(100) Metaspace: 61772K(68800K)->61772K(68800K) NonClass: 50876K(53888K)->50876K(53888K) Class: 10895K(14912K)->10895K(14912K)
[116.947s][info][gc          ] GC(100) Pause Full (System.gc()) 1299M->1299M(6136M) 529.089ms
[117.475s][info][gc,metaspace] GC(101) Metaspace: 61772K(68800K)->61772K(68800K) NonClass: 50876K(53888K)->50876K(53888K) Class: 10895K(14912K)->10895K(14912K)
[117.475s][info][gc          ] GC(101) Pause Full (System.gc()) 1299M->1299M(6136M) 527.709ms
[118.010s][info][gc,metaspace] GC(102) Metaspace: 61772K(68800K)->61772K(68800K) NonClass: 50876K(53888K)->50876K(53888K) Class: 10895K(14912K)->10895K(14912K)
[118.010s][info][gc          ] GC(102) Pause Full (System.gc()) 1299M->1299M(6136M) 534.830ms
[118.561s][info][gc,metaspace] GC(103) Metaspace: 61772K(68800K)->61772K(68800K) NonClass: 50876K(53888K)->50876K(53888K) Class: 10895K(14912K)->10895K(14912K)
[118.561s][info][gc          ] GC(103) Pause Full (System.gc()) 1299M->1299M(6136M) 546.877ms
[119.091s][info][gc,metaspace] GC(104) Metaspace: 61772K(68800K)->61772K(68800K) NonClass: 50876K(53888K)->50876K(53888K) Class: 10895K(14912K)->10895K(14912K)
[119.091s][info][gc          ] GC(104) Pause Full (System.gc()) 1299M->1299M(6136M) 530.379ms
[119.624s][info][gc,metaspace] GC(105) Metaspace: 61772K(68800K)->61772K(68800K) NonClass: 50876K(53888K)->50876K(53888K) Class: 10895K(14912K)->10895K(14912K)
[119.624s][info][gc          ] GC(105) Pause Full (System.gc()) 1299M->1299M(6136M) 532.631ms
[120.155s][info][gc,metaspace] GC(106) Metaspace: 61772K(68800K)->61772K(68800K) NonClass: 50876K(53888K)->50876K(53888K) Class: 10895K(14912K)->10895K(14912K)
[120.155s][info][gc          ] GC(106) Pause Full (System.gc()) 1299M->1299M(6136M) 530.635ms
[120.703s][info][gc,metaspace] GC(107) Metaspace: 61772K(68800K)->61772K(68800K) NonClass: 50876K(53888K)->50876K(53888K) Class: 10895K(14912K)->10895K(14912K)
[120.703s][info][gc          ] GC(107) Pause Full (System.gc()) 1299M->1299M(6136M) 547.473ms
[121.232s][info][gc,metaspace] GC(108) Metaspace: 61772K(68800K)->61772K(68800K) NonClass: 50876K(53888K)->50876K(53888K) Class: 10895K(14912K)->10895K(14912K)
[121.232s][info][gc          ] GC(108) Pause Full (System.gc()) 1299M->1299M(6136M) 528.861ms
[121.757s][info][gc,metaspace] GC(109) Metaspace: 61772K(68800K)->61772K(68800K) NonClass: 50876K(53888K)->50876K(53888K) Class: 10895K(14912K)->10895K(14912K)
[121.757s][info][gc          ] GC(109) Pause Full (System.gc()) 1299M->1299M(6136M) 524.975ms
[122.282s][info][gc,metaspace] GC(110) Metaspace: 61772K(68800K)->61772K(68800K) NonClass: 50876K(53888K)->50876K(53888K) Class: 10895K(14912K)->10895K(14912K)
[122.282s][info][gc          ] GC(110) Pause Full (System.gc()) 1299M->1299M(6136M) 525.269ms
[122.817s][info][gc,metaspace] GC(111) Metaspace: 61772K(68800K)->61772K(68800K) NonClass: 50876K(53888K)->50876K(53888K) Class: 10895K(14912K)->10895K(14912K)
[122.817s][info][gc          ] GC(111) Pause Full (System.gc()) 1307M->1299M(6136M) 534.509ms
[123.357s][info][gc,metaspace] GC(112) Metaspace: 61772K(68800K)->61772K(68800K) NonClass: 50876K(53888K)->50876K(53888K) Class: 10895K(14912K)->10895K(14912K)
[123.357s][info][gc          ] GC(112) Pause Full (System.gc()) 1299M->1299M(6136M) 539.556ms
[123.899s][info][gc,metaspace] GC(113) Metaspace: 61772K(68800K)->61772K(68800K) NonClass: 50876K(53888K)->50876K(53888K) Class: 10895K(14912K)->10895K(14912K)
[123.899s][info][gc          ] GC(113) Pause Full (System.gc()) 1299M->1299M(6136M) 537.339ms
[124.438s][info][gc,metaspace] GC(114) Metaspace: 61772K(68800K)->61772K(68800K) NonClass: 50876K(53888K)->50876K(53888K) Class: 10895K(14912K)->10895K(14912K)
[124.439s][info][gc          ] GC(114) Pause Full (System.gc()) 1299M->1299M(6136M) 539.776ms
[124.969s][info][gc,metaspace] GC(115) Metaspace: 61772K(68800K)->61772K(68800K) NonClass: 50876K(53888K)->50876K(53888K) Class: 10895K(14912K)->10895K(14912K)
[124.969s][info][gc          ] GC(115) Pause Full (System.gc()) 1299M->1299M(6136M) 530.692ms
[125.495s][info][gc,metaspace] GC(116) Metaspace: 61772K(68800K)->61772K(68800K) NonClass: 50876K(53888K)->50876K(53888K) Class: 10895K(14912K)->10895K(14912K)
[125.495s][info][gc          ] GC(116) Pause Full (System.gc()) 1299M->1299M(6136M) 525.882ms
[126.034s][info][gc,metaspace] GC(117) Metaspace: 61772K(68800K)->61772K(68800K) NonClass: 50876K(53888K)->50876K(53888K) Class: 10895K(14912K)->10895K(14912K)
[126.034s][info][gc          ] GC(117) Pause Full (System.gc()) 1299M->1299M(6136M) 538.348ms
After GCs... 
