Done; will start GCs... 
[66.986s][info][gc,metaspace] GC(18) Metaspace: 61769K(68800K)->61769K(68800K) NonClass: 50873K(53888K)->50873K(53888K) Class: 10895K(14912K)->10895K(14912K)
[66.986s][info][gc          ] GC(18) Pause Full (System.gc()) 1466M->1299M(6136M) 927.631ms
[67.621s][info][gc,metaspace] GC(19) Metaspace: 61769K(68800K)->61769K(68800K) NonClass: 50873K(53888K)->50873K(53888K) Class: 10895K(14912K)->10895K(14912K)
[67.622s][info][gc          ] GC(19) Pause Full (System.gc()) 1299M->1299M(6136M) 635.537ms
[68.444s][info][gc,metaspace] GC(20) Metaspace: 61769K(68800K)->61769K(68800K) NonClass: 50873K(53888K)->50873K(53888K) Class: 10895K(14912K)->10895K(14912K)
[68.444s][info][gc          ] GC(20) Pause Full (System.gc()) 1299M->1299M(6136M) 822.556ms
[69.242s][info][gc,metaspace] GC(21) Metaspace: 61770K(68800K)->61770K(68800K) NonClass: 50874K(53888K)->50874K(53888K) Class: 10895K(14912K)->10895K(14912K)
[69.242s][info][gc          ] GC(21) Pause Full (System.gc()) 1299M->1299M(6136M) 797.255ms
[70.036s][info][gc,metaspace] GC(22) Metaspace: 61770K(68800K)->61770K(68800K) NonClass: 50874K(53888K)->50874K(53888K) Class: 10895K(14912K)->10895K(14912K)
[70.036s][info][gc          ] GC(22) Pause Full (System.gc()) 1299M->1299M(6136M) 793.799ms
[70.858s][info][gc,metaspace] GC(23) Metaspace: 61770K(68800K)->61770K(68800K) NonClass: 50874K(53888K)->50874K(53888K) Class: 10895K(14912K)->10895K(14912K)
[70.858s][info][gc          ] GC(23) Pause Full (System.gc()) 1299M->1299M(6136M) 822.041ms
[71.647s][info][gc,metaspace] GC(24) Metaspace: 61770K(68800K)->61770K(68800K) NonClass: 50874K(53888K)->50874K(53888K) Class: 10895K(14912K)->10895K(14912K)
[71.647s][info][gc          ] GC(24) Pause Full (System.gc()) 1299M->1299M(6136M) 788.653ms
[72.491s][info][gc,metaspace] GC(25) Metaspace: 61770K(68800K)->61770K(68800K) NonClass: 50874K(53888K)->50874K(53888K) Class: 10895K(14912K)->10895K(14912K)
[72.491s][info][gc          ] GC(25) Pause Full (System.gc()) 1299M->1299M(6136M) 839.893ms
[73.313s][info][gc,metaspace] GC(26) Metaspace: 61770K(68800K)->61770K(68800K) NonClass: 50874K(53888K)->50874K(53888K) Class: 10895K(14912K)->10895K(14912K)
[73.313s][info][gc          ] GC(26) Pause Full (System.gc()) 1299M->1299M(6136M) 821.757ms
[74.025s][info][gc,metaspace] GC(27) Metaspace: 61770K(68800K)->61770K(68800K) NonClass: 50874K(53888K)->50874K(53888K) Class: 10895K(14912K)->10895K(14912K)
[74.025s][info][gc          ] GC(27) Pause Full (System.gc()) 1299M->1299M(6136M) 711.813ms
[74.818s][info][gc,metaspace] GC(28) Metaspace: 61770K(68800K)->61770K(68800K) NonClass: 50874K(53888K)->50874K(53888K) Class: 10895K(14912K)->10895K(14912K)
[74.818s][info][gc          ] GC(28) Pause Full (System.gc()) 1299M->1299M(6136M) 792.251ms
[75.435s][info][gc,metaspace] GC(29) Metaspace: 61770K(68800K)->61770K(68800K) NonClass: 50874K(53888K)->50874K(53888K) Class: 10895K(14912K)->10895K(14912K)
[75.435s][info][gc          ] GC(29) Pause Full (System.gc()) 1299M->1299M(6136M) 616.586ms
[76.224s][info][gc,metaspace] GC(30) Metaspace: 61770K(68800K)->61770K(68800K) NonClass: 50874K(53888K)->50874K(53888K) Class: 10895K(14912K)->10895K(14912K)
[76.224s][info][gc          ] GC(30) Pause Full (System.gc()) 1299M->1299M(6136M) 789.252ms
[77.016s][info][gc,metaspace] GC(31) Metaspace: 61770K(68800K)->61770K(68800K) NonClass: 50874K(53888K)->50874K(53888K) Class: 10895K(14912K)->10895K(14912K)
[77.016s][info][gc          ] GC(31) Pause Full (System.gc()) 1299M->1299M(6136M) 791.764ms
[77.736s][info][gc,metaspace] GC(32) Metaspace: 61770K(68800K)->61770K(68800K) NonClass: 50874K(53888K)->50874K(53888K) Class: 10895K(14912K)->10895K(14912K)
[77.736s][info][gc          ] GC(32) Pause Full (System.gc()) 1299M->1299M(6136M) 719.233ms
[78.568s][info][gc,metaspace] GC(33) Metaspace: 61770K(68800K)->61770K(68800K) NonClass: 50874K(53888K)->50874K(53888K) Class: 10895K(14912K)->10895K(14912K)
[78.568s][info][gc          ] GC(33) Pause Full (System.gc()) 1299M->1299M(6136M) 832.271ms
[79.365s][info][gc,metaspace] GC(34) Metaspace: 61770K(68800K)->61770K(68800K) NonClass: 50874K(53888K)->50874K(53888K) Class: 10895K(14912K)->10895K(14912K)
[79.365s][info][gc          ] GC(34) Pause Full (System.gc()) 1299M->1299M(6136M) 796.680ms
[80.070s][info][gc,metaspace] GC(35) Metaspace: 61770K(68800K)->61770K(68800K) NonClass: 50874K(53888K)->50874K(53888K) Class: 10895K(14912K)->10895K(14912K)
[80.070s][info][gc          ] GC(35) Pause Full (System.gc()) 1299M->1299M(6136M) 705.220ms
[80.790s][info][gc,metaspace] GC(36) Metaspace: 61770K(68800K)->61770K(68800K) NonClass: 50874K(53888K)->50874K(53888K) Class: 10895K(14912K)->10895K(14912K)
[80.791s][info][gc          ] GC(36) Pause Full (System.gc()) 1299M->1299M(6136M) 720.041ms
[81.585s][info][gc,metaspace] GC(37) Metaspace: 61770K(68800K)->61770K(68800K) NonClass: 50874K(53888K)->50874K(53888K) Class: 10895K(14912K)->10895K(14912K)
[81.585s][info][gc          ] GC(37) Pause Full (System.gc()) 1299M->1299M(6136M) 793.957ms
[82.292s][info][gc,metaspace] GC(38) Metaspace: 61770K(68800K)->61770K(68800K) NonClass: 50874K(53888K)->50874K(53888K) Class: 10895K(14912K)->10895K(14912K)
[82.292s][info][gc          ] GC(38) Pause Full (System.gc()) 1299M->1299M(6136M) 706.826ms
[83.093s][info][gc,metaspace] GC(39) Metaspace: 61770K(68800K)->61770K(68800K) NonClass: 50874K(53888K)->50874K(53888K) Class: 10895K(14912K)->10895K(14912K)
[83.093s][info][gc          ] GC(39) Pause Full (System.gc()) 1299M->1299M(6136M) 796.536ms
[83.834s][info][gc,metaspace] GC(40) Metaspace: 61770K(68800K)->61770K(68800K) NonClass: 50874K(53888K)->50874K(53888K) Class: 10895K(14912K)->10895K(14912K)
[83.834s][info][gc          ] GC(40) Pause Full (System.gc()) 1299M->1299M(6136M) 740.810ms
[84.557s][info][gc,metaspace] GC(41) Metaspace: 61770K(68800K)->61770K(68800K) NonClass: 50874K(53888K)->50874K(53888K) Class: 10895K(14912K)->10895K(14912K)
[84.557s][info][gc          ] GC(41) Pause Full (System.gc()) 1299M->1299M(6136M) 722.789ms
[85.353s][info][gc,metaspace] GC(42) Metaspace: 61770K(68800K)->61770K(68800K) NonClass: 50874K(53888K)->50874K(53888K) Class: 10895K(14912K)->10895K(14912K)
[85.353s][info][gc          ] GC(42) Pause Full (System.gc()) 1299M->1299M(6136M) 796.392ms
[86.098s][info][gc,metaspace] GC(43) Metaspace: 61770K(68800K)->61770K(68800K) NonClass: 50874K(53888K)->50874K(53888K) Class: 10895K(14912K)->10895K(14912K)
[86.098s][info][gc          ] GC(43) Pause Full (System.gc()) 1299M->1299M(6136M) 744.784ms
[86.896s][info][gc,metaspace] GC(44) Metaspace: 61770K(68800K)->61770K(68800K) NonClass: 50874K(53888K)->50874K(53888K) Class: 10895K(14912K)->10895K(14912K)
[86.896s][info][gc          ] GC(44) Pause Full (System.gc()) 1299M->1299M(6136M) 798.001ms
[87.690s][info][gc,metaspace] GC(45) Metaspace: 61770K(68800K)->61770K(68800K) NonClass: 50874K(53888K)->50874K(53888K) Class: 10895K(14912K)->10895K(14912K)
[87.690s][info][gc          ] GC(45) Pause Full (System.gc()) 1299M->1299M(6136M) 793.802ms
[88.413s][info][gc,metaspace] GC(46) Metaspace: 61770K(68800K)->61770K(68800K) NonClass: 50874K(53888K)->50874K(53888K) Class: 10895K(14912K)->10895K(14912K)
[88.413s][info][gc          ] GC(46) Pause Full (System.gc()) 1299M->1299M(6136M) 718.311ms
[89.123s][info][gc,metaspace] GC(47) Metaspace: 61770K(68800K)->61770K(68800K) NonClass: 50874K(53888K)->50874K(53888K) Class: 10895K(14912K)->10895K(14912K)
[89.123s][info][gc          ] GC(47) Pause Full (System.gc()) 1299M->1299M(6136M) 709.540ms
[89.948s][info][gc,metaspace] GC(48) Metaspace: 61770K(68800K)->61770K(68800K) NonClass: 50874K(53888K)->50874K(53888K) Class: 10895K(14912K)->10895K(14912K)
[89.948s][info][gc          ] GC(48) Pause Full (System.gc()) 1299M->1299M(6136M) 825.226ms
[90.649s][info][gc,metaspace] GC(49) Metaspace: 61770K(68800K)->61770K(68800K) NonClass: 50874K(53888K)->50874K(53888K) Class: 10895K(14912K)->10895K(14912K)
[90.649s][info][gc          ] GC(49) Pause Full (System.gc()) 1299M->1299M(6136M) 700.800ms
[91.376s][info][gc,metaspace] GC(50) Metaspace: 61770K(68800K)->61770K(68800K) NonClass: 50874K(53888K)->50874K(53888K) Class: 10895K(14912K)->10895K(14912K)
[91.376s][info][gc          ] GC(50) Pause Full (System.gc()) 1299M->1299M(6136M) 726.521ms
[92.072s][info][gc,metaspace] GC(51) Metaspace: 61770K(68800K)->61770K(68800K) NonClass: 50874K(53888K)->50874K(53888K) Class: 10895K(14912K)->10895K(14912K)
[92.072s][info][gc          ] GC(51) Pause Full (System.gc()) 1299M->1299M(6136M) 696.069ms
[92.763s][info][gc,metaspace] GC(52) Metaspace: 61770K(68800K)->61770K(68800K) NonClass: 50874K(53888K)->50874K(53888K) Class: 10895K(14912K)->10895K(14912K)
[92.763s][info][gc          ] GC(52) Pause Full (System.gc()) 1299M->1299M(6136M) 690.480ms
[93.574s][info][gc,metaspace] GC(53) Metaspace: 61770K(68800K)->61770K(68800K) NonClass: 50874K(53888K)->50874K(53888K) Class: 10895K(14912K)->10895K(14912K)
[93.574s][info][gc          ] GC(53) Pause Full (System.gc()) 1299M->1299M(6136M) 806.779ms
[94.331s][info][gc,metaspace] GC(54) Metaspace: 61770K(68800K)->61770K(68800K) NonClass: 50874K(53888K)->50874K(53888K) Class: 10895K(14912K)->10895K(14912K)
[94.331s][info][gc          ] GC(54) Pause Full (System.gc()) 1299M->1299M(6136M) 756.424ms
[95.119s][info][gc,metaspace] GC(55) Metaspace: 61770K(68800K)->61770K(68800K) NonClass: 50874K(53888K)->50874K(53888K) Class: 10895K(14912K)->10895K(14912K)
[95.119s][info][gc          ] GC(55) Pause Full (System.gc()) 1299M->1299M(6136M) 788.508ms
[95.929s][info][gc,metaspace] GC(56) Metaspace: 61770K(68800K)->61770K(68800K) NonClass: 50874K(53888K)->50874K(53888K) Class: 10895K(14912K)->10895K(14912K)
[95.929s][info][gc          ] GC(56) Pause Full (System.gc()) 1299M->1299M(6136M) 809.752ms
[96.723s][info][gc,metaspace] GC(57) Metaspace: 61770K(68800K)->61770K(68800K) NonClass: 50874K(53888K)->50874K(53888K) Class: 10895K(14912K)->10895K(14912K)
[96.723s][info][gc          ] GC(57) Pause Full (System.gc()) 1299M->1299M(6136M) 793.728ms
[97.379s][info][gc,metaspace] GC(58) Metaspace: 61770K(68800K)->61770K(68800K) NonClass: 50874K(53888K)->50874K(53888K) Class: 10895K(14912K)->10895K(14912K)
[97.379s][info][gc          ] GC(58) Pause Full (System.gc()) 1299M->1299M(6136M) 655.872ms
[98.087s][info][gc,metaspace] GC(59) Metaspace: 61770K(68800K)->61770K(68800K) NonClass: 50874K(53888K)->50874K(53888K) Class: 10895K(14912K)->10895K(14912K)
[98.087s][info][gc          ] GC(59) Pause Full (System.gc()) 1299M->1299M(6136M) 707.301ms
[98.699s][info][gc,metaspace] GC(60) Metaspace: 61770K(68800K)->61770K(68800K) NonClass: 50874K(53888K)->50874K(53888K) Class: 10895K(14912K)->10895K(14912K)
[98.699s][info][gc          ] GC(60) Pause Full (System.gc()) 1299M->1299M(6136M) 611.865ms
[99.421s][info][gc,metaspace] GC(61) Metaspace: 61770K(68800K)->61770K(68800K) NonClass: 50874K(53888K)->50874K(53888K) Class: 10895K(14912K)->10895K(14912K)
[99.421s][info][gc          ] GC(61) Pause Full (System.gc()) 1299M->1299M(6136M) 721.559ms
[100.215s][info][gc,metaspace] GC(62) Metaspace: 61770K(68800K)->61770K(68800K) NonClass: 50874K(53888K)->50874K(53888K) Class: 10895K(14912K)->10895K(14912K)
[100.215s][info][gc          ] GC(62) Pause Full (System.gc()) 1299M->1299M(6136M) 794.412ms
[101.013s][info][gc,metaspace] GC(63) Metaspace: 61770K(68800K)->61770K(68800K) NonClass: 50874K(53888K)->50874K(53888K) Class: 10895K(14912K)->10895K(14912K)
[101.013s][info][gc          ] GC(63) Pause Full (System.gc()) 1299M->1299M(6136M) 797.978ms
[101.818s][info][gc,metaspace] GC(64) Metaspace: 61770K(68800K)->61770K(68800K) NonClass: 50874K(53888K)->50874K(53888K) Class: 10895K(14912K)->10895K(14912K)
[101.818s][info][gc          ] GC(64) Pause Full (System.gc()) 1299M->1299M(6136M) 804.110ms
[102.600s][info][gc,metaspace] GC(65) Metaspace: 61770K(68800K)->61770K(68800K) NonClass: 50874K(53888K)->50874K(53888K) Class: 10895K(14912K)->10895K(14912K)
[102.600s][info][gc          ] GC(65) Pause Full (System.gc()) 1299M->1299M(6136M) 782.280ms
[103.410s][info][gc,metaspace] GC(66) Metaspace: 61770K(68800K)->61770K(68800K) NonClass: 50874K(53888K)->50874K(53888K) Class: 10895K(14912K)->10895K(14912K)
[103.414s][info][gc          ] GC(66) Pause Full (System.gc()) 1299M->1299M(6136M) 813.991ms
[104.150s][info][gc,metaspace] GC(67) Metaspace: 61770K(68800K)->61770K(68800K) NonClass: 50874K(53888K)->50874K(53888K) Class: 10895K(14912K)->10895K(14912K)
[104.150s][info][gc          ] GC(67) Pause Full (System.gc()) 1299M->1299M(6136M) 735.427ms
[104.885s][info][gc,metaspace] GC(68) Metaspace: 61770K(68800K)->61770K(68800K) NonClass: 50874K(53888K)->50874K(53888K) Class: 10895K(14912K)->10895K(14912K)
[104.885s][info][gc          ] GC(68) Pause Full (System.gc()) 1299M->1299M(6136M) 734.884ms
[105.686s][info][gc,metaspace] GC(69) Metaspace: 61770K(68800K)->61770K(68800K) NonClass: 50874K(53888K)->50874K(53888K) Class: 10895K(14912K)->10895K(14912K)
[105.686s][info][gc          ] GC(69) Pause Full (System.gc()) 1299M->1299M(6136M) 800.905ms
[106.478s][info][gc,metaspace] GC(70) Metaspace: 61770K(68800K)->61770K(68800K) NonClass: 50874K(53888K)->50874K(53888K) Class: 10895K(14912K)->10895K(14912K)
[106.478s][info][gc          ] GC(70) Pause Full (System.gc()) 1299M->1299M(6136M) 791.774ms
[107.267s][info][gc,metaspace] GC(71) Metaspace: 61770K(68800K)->61770K(68800K) NonClass: 50874K(53888K)->50874K(53888K) Class: 10895K(14912K)->10895K(14912K)
[107.267s][info][gc          ] GC(71) Pause Full (System.gc()) 1299M->1299M(6136M) 788.808ms
[107.987s][info][gc,metaspace] GC(72) Metaspace: 61770K(68800K)->61770K(68800K) NonClass: 50874K(53888K)->50874K(53888K) Class: 10895K(14912K)->10895K(14912K)
[107.987s][info][gc          ] GC(72) Pause Full (System.gc()) 1299M->1299M(6136M) 720.150ms
[108.786s][info][gc,metaspace] GC(73) Metaspace: 61770K(68800K)->61770K(68800K) NonClass: 50874K(53888K)->50874K(53888K) Class: 10895K(14912K)->10895K(14912K)
[108.786s][info][gc          ] GC(73) Pause Full (System.gc()) 1299M->1299M(6136M) 798.599ms
[109.452s][info][gc,metaspace] GC(74) Metaspace: 61770K(68800K)->61770K(68800K) NonClass: 50874K(53888K)->50874K(53888K) Class: 10895K(14912K)->10895K(14912K)
[109.452s][info][gc          ] GC(74) Pause Full (System.gc()) 1299M->1299M(6136M) 661.082ms
[110.240s][info][gc,metaspace] GC(75) Metaspace: 61770K(68800K)->61770K(68800K) NonClass: 50874K(53888K)->50874K(53888K) Class: 10895K(14912K)->10895K(14912K)
[110.240s][info][gc          ] GC(75) Pause Full (System.gc()) 1299M->1299M(6136M) 787.696ms
[110.932s][info][gc,metaspace] GC(76) Metaspace: 61770K(68800K)->61770K(68800K) NonClass: 50874K(53888K)->50874K(53888K) Class: 10895K(14912K)->10895K(14912K)
[110.932s][info][gc          ] GC(76) Pause Full (System.gc()) 1299M->1299M(6136M) 692.377ms
[111.721s][info][gc,metaspace] GC(77) Metaspace: 61770K(68800K)->61770K(68800K) NonClass: 50874K(53888K)->50874K(53888K) Class: 10895K(14912K)->10895K(14912K)
[111.721s][info][gc          ] GC(77) Pause Full (System.gc()) 1299M->1299M(6136M) 788.818ms
[112.529s][info][gc,metaspace] GC(78) Metaspace: 61770K(68800K)->61770K(68800K) NonClass: 50874K(53888K)->50874K(53888K) Class: 10895K(14912K)->10895K(14912K)
[112.530s][info][gc          ] GC(78) Pause Full (System.gc()) 1299M->1299M(6136M) 808.040ms
[113.228s][info][gc,metaspace] GC(79) Metaspace: 61770K(68800K)->61770K(68800K) NonClass: 50874K(53888K)->50874K(53888K) Class: 10895K(14912K)->10895K(14912K)
[113.228s][info][gc          ] GC(79) Pause Full (System.gc()) 1299M->1299M(6136M) 698.139ms
[113.924s][info][gc,metaspace] GC(80) Metaspace: 61770K(68800K)->61770K(68800K) NonClass: 50874K(53888K)->50874K(53888K) Class: 10895K(14912K)->10895K(14912K)
[113.924s][info][gc          ] GC(80) Pause Full (System.gc()) 1299M->1299M(6136M) 696.119ms
[114.776s][info][gc,metaspace] GC(81) Metaspace: 61770K(68800K)->61770K(68800K) NonClass: 50874K(53888K)->50874K(53888K) Class: 10895K(14912K)->10895K(14912K)
[114.776s][info][gc          ] GC(81) Pause Full (System.gc()) 1299M->1299M(6136M) 847.493ms
[115.588s][info][gc,metaspace] GC(82) Metaspace: 61770K(68800K)->61770K(68800K) NonClass: 50874K(53888K)->50874K(53888K) Class: 10895K(14912K)->10895K(14912K)
[115.588s][info][gc          ] GC(82) Pause Full (System.gc()) 1299M->1299M(6136M) 811.310ms
[116.389s][info][gc,metaspace] GC(83) Metaspace: 61770K(68800K)->61770K(68800K) NonClass: 50874K(53888K)->50874K(53888K) Class: 10895K(14912K)->10895K(14912K)
[116.389s][info][gc          ] GC(83) Pause Full (System.gc()) 1299M->1299M(6136M) 800.841ms
[117.176s][info][gc,metaspace] GC(84) Metaspace: 61770K(68800K)->61770K(68800K) NonClass: 50874K(53888K)->50874K(53888K) Class: 10895K(14912K)->10895K(14912K)
[117.176s][info][gc          ] GC(84) Pause Full (System.gc()) 1299M->1299M(6136M) 786.778ms
[117.908s][info][gc,metaspace] GC(85) Metaspace: 61770K(68800K)->61770K(68800K) NonClass: 50874K(53888K)->50874K(53888K) Class: 10895K(14912K)->10895K(14912K)
[117.908s][info][gc          ] GC(85) Pause Full (System.gc()) 1299M->1299M(6136M) 731.854ms
[118.692s][info][gc,metaspace] GC(86) Metaspace: 61770K(68800K)->61770K(68800K) NonClass: 50874K(53888K)->50874K(53888K) Class: 10895K(14912K)->10895K(14912K)
[118.692s][info][gc          ] GC(86) Pause Full (System.gc()) 1299M->1299M(6136M) 784.114ms
[119.317s][info][gc,metaspace] GC(87) Metaspace: 61770K(68800K)->61770K(68800K) NonClass: 50874K(53888K)->50874K(53888K) Class: 10895K(14912K)->10895K(14912K)
[119.317s][info][gc          ] GC(87) Pause Full (System.gc()) 1299M->1299M(6136M) 624.679ms
[119.913s][info][gc,metaspace] GC(88) Metaspace: 61770K(68800K)->61770K(68800K) NonClass: 50874K(53888K)->50874K(53888K) Class: 10895K(14912K)->10895K(14912K)
[119.913s][info][gc          ] GC(88) Pause Full (System.gc()) 1299M->1299M(6136M) 591.805ms
[120.562s][info][gc,metaspace] GC(89) Metaspace: 61770K(68800K)->61770K(68800K) NonClass: 50874K(53888K)->50874K(53888K) Class: 10895K(14912K)->10895K(14912K)
[120.563s][info][gc          ] GC(89) Pause Full (System.gc()) 1299M->1299M(6136M) 649.256ms
[121.170s][info][gc,metaspace] GC(90) Metaspace: 61770K(68800K)->61770K(68800K) NonClass: 50874K(53888K)->50874K(53888K) Class: 10895K(14912K)->10895K(14912K)
[121.170s][info][gc          ] GC(90) Pause Full (System.gc()) 1299M->1299M(6136M) 607.457ms
[121.775s][info][gc,metaspace] GC(91) Metaspace: 61770K(68800K)->61770K(68800K) NonClass: 50874K(53888K)->50874K(53888K) Class: 10895K(14912K)->10895K(14912K)
[121.775s][info][gc          ] GC(91) Pause Full (System.gc()) 1299M->1299M(6136M) 604.913ms
[122.383s][info][gc,metaspace] GC(92) Metaspace: 61770K(68800K)->61770K(68800K) NonClass: 50874K(53888K)->50874K(53888K) Class: 10895K(14912K)->10895K(14912K)
[122.383s][info][gc          ] GC(92) Pause Full (System.gc()) 1299M->1299M(6136M) 607.196ms
[122.982s][info][gc,metaspace] GC(93) Metaspace: 61770K(68800K)->61770K(68800K) NonClass: 50874K(53888K)->50874K(53888K) Class: 10895K(14912K)->10895K(14912K)
[122.982s][info][gc          ] GC(93) Pause Full (System.gc()) 1299M->1299M(6136M) 599.540ms
[123.592s][info][gc,metaspace] GC(94) Metaspace: 61770K(68800K)->61770K(68800K) NonClass: 50874K(53888K)->50874K(53888K) Class: 10895K(14912K)->10895K(14912K)
[123.592s][info][gc          ] GC(94) Pause Full (System.gc()) 1307M->1299M(6136M) 608.973ms
[124.238s][info][gc,metaspace] GC(95) Metaspace: 61770K(68800K)->61770K(68800K) NonClass: 50874K(53888K)->50874K(53888K) Class: 10895K(14912K)->10895K(14912K)
[124.238s][info][gc          ] GC(95) Pause Full (System.gc()) 1299M->1299M(6136M) 646.130ms
[124.837s][info][gc,metaspace] GC(96) Metaspace: 61770K(68800K)->61770K(68800K) NonClass: 50874K(53888K)->50874K(53888K) Class: 10895K(14912K)->10895K(14912K)
[124.837s][info][gc          ] GC(96) Pause Full (System.gc()) 1299M->1299M(6136M) 599.223ms
[125.438s][info][gc,metaspace] GC(97) Metaspace: 61770K(68800K)->61770K(68800K) NonClass: 50874K(53888K)->50874K(53888K) Class: 10895K(14912K)->10895K(14912K)
[125.438s][info][gc          ] GC(97) Pause Full (System.gc()) 1299M->1299M(6136M) 596.576ms
[126.037s][info][gc,metaspace] GC(98) Metaspace: 61770K(68800K)->61770K(68800K) NonClass: 50874K(53888K)->50874K(53888K) Class: 10895K(14912K)->10895K(14912K)
[126.037s][info][gc          ] GC(98) Pause Full (System.gc()) 1299M->1299M(6136M) 598.311ms
[126.659s][info][gc,metaspace] GC(99) Metaspace: 61770K(68800K)->61770K(68800K) NonClass: 50874K(53888K)->50874K(53888K) Class: 10895K(14912K)->10895K(14912K)
[126.659s][info][gc          ] GC(99) Pause Full (System.gc()) 1299M->1299M(6136M) 622.126ms
[127.275s][info][gc,metaspace] GC(100) Metaspace: 61770K(68800K)->61770K(68800K) NonClass: 50874K(53888K)->50874K(53888K) Class: 10895K(14912K)->10895K(14912K)
[127.275s][info][gc          ] GC(100) Pause Full (System.gc()) 1299M->1299M(6136M) 615.343ms
[127.870s][info][gc,metaspace] GC(101) Metaspace: 61770K(68800K)->61770K(68800K) NonClass: 50874K(53888K)->50874K(53888K) Class: 10895K(14912K)->10895K(14912K)
[127.870s][info][gc          ] GC(101) Pause Full (System.gc()) 1299M->1299M(6136M) 595.368ms
[128.476s][info][gc,metaspace] GC(102) Metaspace: 61770K(68800K)->61770K(68800K) NonClass: 50874K(53888K)->50874K(53888K) Class: 10895K(14912K)->10895K(14912K)
[128.476s][info][gc          ] GC(102) Pause Full (System.gc()) 1299M->1299M(6136M) 605.390ms
[129.080s][info][gc,metaspace] GC(103) Metaspace: 61770K(68800K)->61770K(68800K) NonClass: 50874K(53888K)->50874K(53888K) Class: 10895K(14912K)->10895K(14912K)
[129.080s][info][gc          ] GC(103) Pause Full (System.gc()) 1299M->1299M(6136M) 604.372ms
[129.677s][info][gc,metaspace] GC(104) Metaspace: 61770K(68800K)->61770K(68800K) NonClass: 50874K(53888K)->50874K(53888K) Class: 10895K(14912K)->10895K(14912K)
[129.677s][info][gc          ] GC(104) Pause Full (System.gc()) 1299M->1299M(6136M) 596.116ms
[130.272s][info][gc,metaspace] GC(105) Metaspace: 61770K(68800K)->61770K(68800K) NonClass: 50874K(53888K)->50874K(53888K) Class: 10895K(14912K)->10895K(14912K)
[130.272s][info][gc          ] GC(105) Pause Full (System.gc()) 1299M->1299M(6136M) 595.581ms
[130.879s][info][gc,metaspace] GC(106) Metaspace: 61770K(68800K)->61770K(68800K) NonClass: 50874K(53888K)->50874K(53888K) Class: 10895K(14912K)->10895K(14912K)
[130.879s][info][gc          ] GC(106) Pause Full (System.gc()) 1299M->1299M(6136M) 601.739ms
[131.485s][info][gc,metaspace] GC(107) Metaspace: 61770K(68800K)->61770K(68800K) NonClass: 50874K(53888K)->50874K(53888K) Class: 10895K(14912K)->10895K(14912K)
[131.485s][info][gc          ] GC(107) Pause Full (System.gc()) 1299M->1299M(6136M) 606.718ms
[132.088s][info][gc,metaspace] GC(108) Metaspace: 61770K(68800K)->61770K(68800K) NonClass: 50874K(53888K)->50874K(53888K) Class: 10895K(14912K)->10895K(14912K)
[132.088s][info][gc          ] GC(108) Pause Full (System.gc()) 1299M->1299M(6136M) 602.053ms
[132.697s][info][gc,metaspace] GC(109) Metaspace: 61770K(68800K)->61770K(68800K) NonClass: 50874K(53888K)->50874K(53888K) Class: 10895K(14912K)->10895K(14912K)
[132.697s][info][gc          ] GC(109) Pause Full (System.gc()) 1299M->1299M(6136M) 609.045ms
[133.366s][info][gc,metaspace] GC(110) Metaspace: 61770K(68800K)->61770K(68800K) NonClass: 50874K(53888K)->50874K(53888K) Class: 10895K(14912K)->10895K(14912K)
[133.366s][info][gc          ] GC(110) Pause Full (System.gc()) 1299M->1299M(6136M) 668.738ms
[133.965s][info][gc,metaspace] GC(111) Metaspace: 61770K(68800K)->61770K(68800K) NonClass: 50874K(53888K)->50874K(53888K) Class: 10895K(14912K)->10895K(14912K)
[133.965s][info][gc          ] GC(111) Pause Full (System.gc()) 1299M->1299M(6136M) 598.520ms
[134.570s][info][gc,metaspace] GC(112) Metaspace: 61770K(68800K)->61770K(68800K) NonClass: 50874K(53888K)->50874K(53888K) Class: 10895K(14912K)->10895K(14912K)
[134.570s][info][gc          ] GC(112) Pause Full (System.gc()) 1299M->1299M(6136M) 605.242ms
[135.167s][info][gc,metaspace] GC(113) Metaspace: 61770K(68800K)->61770K(68800K) NonClass: 50874K(53888K)->50874K(53888K) Class: 10895K(14912K)->10895K(14912K)
[135.167s][info][gc          ] GC(113) Pause Full (System.gc()) 1299M->1299M(6136M) 597.354ms
[135.781s][info][gc,metaspace] GC(114) Metaspace: 61770K(68800K)->61770K(68800K) NonClass: 50874K(53888K)->50874K(53888K) Class: 10895K(14912K)->10895K(14912K)
[135.781s][info][gc          ] GC(114) Pause Full (System.gc()) 1299M->1299M(6136M) 613.814ms
[136.407s][info][gc,metaspace] GC(115) Metaspace: 61770K(68800K)->61770K(68800K) NonClass: 50874K(53888K)->50874K(53888K) Class: 10895K(14912K)->10895K(14912K)
[136.407s][info][gc          ] GC(115) Pause Full (System.gc()) 1299M->1299M(6136M) 621.498ms
[136.998s][info][gc,metaspace] GC(116) Metaspace: 61770K(68800K)->61770K(68800K) NonClass: 50874K(53888K)->50874K(53888K) Class: 10895K(14912K)->10895K(14912K)
[136.998s][info][gc          ] GC(116) Pause Full (System.gc()) 1299M->1299M(6136M) 590.101ms
[137.607s][info][gc,metaspace] GC(117) Metaspace: 61770K(68800K)->61770K(68800K) NonClass: 50874K(53888K)->50874K(53888K) Class: 10895K(14912K)->10895K(14912K)
[137.607s][info][gc          ] GC(117) Pause Full (System.gc()) 1299M->1299M(6136M) 609.472ms
After GCs... 
