Done; will start GCs... 
[34.258s][info][gc,metaspace] GC(4) Metaspace: 26162K(26880K)->26162K(26880K) NonClass: 23317K(23680K)->23317K(23680K) Class: 2845K(3200K)->2845K(3200K)
[34.258s][info][gc          ] GC(4) Pause Full (System.gc()) 175M->166M(4096M) 615.999ms
[34.851s][info][gc,metaspace] GC(5) Metaspace: 26162K(26880K)->26162K(26880K) NonClass: 23317K(23680K)->23317K(23680K) Class: 2845K(3200K)->2845K(3200K)
[34.851s][info][gc          ] GC(5) Pause Full (System.gc()) 166M->166M(4096M) 592.640ms
[35.430s][info][gc,metaspace] GC(6) Metaspace: 26162K(26880K)->26162K(26880K) NonClass: 23317K(23680K)->23317K(23680K) Class: 2845K(3200K)->2845K(3200K)
[35.430s][info][gc          ] GC(6) Pause Full (System.gc()) 166M->166M(4096M) 579.388ms
[36.561s][info][gc,metaspace] GC(7) Metaspace: 26162K(26880K)->26162K(26880K) NonClass: 23317K(23680K)->23317K(23680K) Class: 2845K(3200K)->2845K(3200K)
[36.561s][info][gc          ] GC(7) Pause Full (System.gc()) 166M->166M(4096M) 1130.525ms
[37.980s][info][gc,metaspace] GC(8) Metaspace: 26162K(26880K)->26162K(26880K) NonClass: 23317K(23680K)->23317K(23680K) Class: 2845K(3200K)->2845K(3200K)
[37.980s][info][gc          ] GC(8) Pause Full (System.gc()) 166M->166M(4096M) 1418.723ms
[38.689s][info][gc,metaspace] GC(9) Metaspace: 26162K(26880K)->26162K(26880K) NonClass: 23317K(23680K)->23317K(23680K) Class: 2845K(3200K)->2845K(3200K)
[38.689s][info][gc          ] GC(9) Pause Full (System.gc()) 166M->166M(4096M) 708.365ms
[39.280s][info][gc,metaspace] GC(10) Metaspace: 26162K(26880K)->26162K(26880K) NonClass: 23317K(23680K)->23317K(23680K) Class: 2845K(3200K)->2845K(3200K)
[39.280s][info][gc          ] GC(10) Pause Full (System.gc()) 166M->166M(4096M) 590.670ms
[39.860s][info][gc,metaspace] GC(11) Metaspace: 26163K(26880K)->26163K(26880K) NonClass: 23318K(23680K)->23318K(23680K) Class: 2845K(3200K)->2845K(3200K)
[39.861s][info][gc          ] GC(11) Pause Full (System.gc()) 166M->166M(4096M) 580.253ms
[40.445s][info][gc,metaspace] GC(12) Metaspace: 26163K(26880K)->26163K(26880K) NonClass: 23318K(23680K)->23318K(23680K) Class: 2845K(3200K)->2845K(3200K)
[40.445s][info][gc          ] GC(12) Pause Full (System.gc()) 166M->166M(4096M) 583.555ms
[41.431s][info][gc,metaspace] GC(13) Metaspace: 26163K(26880K)->26163K(26880K) NonClass: 23318K(23680K)->23318K(23680K) Class: 2845K(3200K)->2845K(3200K)
[41.431s][info][gc          ] GC(13) Pause Full (System.gc()) 166M->166M(4096M) 986.225ms
[42.858s][info][gc,metaspace] GC(14) Metaspace: 26163K(26880K)->26163K(26880K) NonClass: 23318K(23680K)->23318K(23680K) Class: 2845K(3200K)->2845K(3200K)
[42.858s][info][gc          ] GC(14) Pause Full (System.gc()) 166M->166M(4096M) 1426.598ms
[43.702s][info][gc,metaspace] GC(15) Metaspace: 26163K(26880K)->26163K(26880K) NonClass: 23318K(23680K)->23318K(23680K) Class: 2845K(3200K)->2845K(3200K)
[43.702s][info][gc          ] GC(15) Pause Full (System.gc()) 166M->166M(4096M) 843.454ms
[44.280s][info][gc,metaspace] GC(16) Metaspace: 26163K(26880K)->26163K(26880K) NonClass: 23318K(23680K)->23318K(23680K) Class: 2845K(3200K)->2845K(3200K)
[44.280s][info][gc          ] GC(16) Pause Full (System.gc()) 166M->166M(4096M) 577.667ms
[44.867s][info][gc,metaspace] GC(17) Metaspace: 26163K(26880K)->26163K(26880K) NonClass: 23318K(23680K)->23318K(23680K) Class: 2845K(3200K)->2845K(3200K)
[44.867s][info][gc          ] GC(17) Pause Full (System.gc()) 166M->166M(4096M) 587.313ms
[45.451s][info][gc,metaspace] GC(18) Metaspace: 26163K(26880K)->26163K(26880K) NonClass: 23318K(23680K)->23318K(23680K) Class: 2845K(3200K)->2845K(3200K)
[45.451s][info][gc          ] GC(18) Pause Full (System.gc()) 166M->166M(4096M) 583.623ms
[46.033s][info][gc,metaspace] GC(19) Metaspace: 26163K(26880K)->26163K(26880K) NonClass: 23318K(23680K)->23318K(23680K) Class: 2845K(3200K)->2845K(3200K)
[46.033s][info][gc          ] GC(19) Pause Full (System.gc()) 166M->166M(4096M) 581.904ms
[46.616s][info][gc,metaspace] GC(20) Metaspace: 26163K(26880K)->26163K(26880K) NonClass: 23318K(23680K)->23318K(23680K) Class: 2845K(3200K)->2845K(3200K)
[46.616s][info][gc          ] GC(20) Pause Full (System.gc()) 166M->166M(4096M) 582.806ms
[47.846s][info][gc,metaspace] GC(21) Metaspace: 26163K(26880K)->26163K(26880K) NonClass: 23318K(23680K)->23318K(23680K) Class: 2845K(3200K)->2845K(3200K)
[47.847s][info][gc          ] GC(21) Pause Full (System.gc()) 166M->166M(4096M) 1230.237ms
[49.264s][info][gc,metaspace] GC(22) Metaspace: 26163K(26880K)->26163K(26880K) NonClass: 23318K(23680K)->23318K(23680K) Class: 2845K(3200K)->2845K(3200K)
[49.264s][info][gc          ] GC(22) Pause Full (System.gc()) 166M->166M(4096M) 1417.113ms
[49.873s][info][gc,metaspace] GC(23) Metaspace: 26163K(26880K)->26163K(26880K) NonClass: 23318K(23680K)->23318K(23680K) Class: 2845K(3200K)->2845K(3200K)
[49.873s][info][gc          ] GC(23) Pause Full (System.gc()) 166M->166M(4096M) 608.123ms
[50.455s][info][gc,metaspace] GC(24) Metaspace: 26163K(26880K)->26163K(26880K) NonClass: 23318K(23680K)->23318K(23680K) Class: 2845K(3200K)->2845K(3200K)
[50.455s][info][gc          ] GC(24) Pause Full (System.gc()) 166M->166M(4096M) 581.778ms
[51.040s][info][gc,metaspace] GC(25) Metaspace: 26163K(26880K)->26163K(26880K) NonClass: 23318K(23680K)->23318K(23680K) Class: 2845K(3200K)->2845K(3200K)
[51.040s][info][gc          ] GC(25) Pause Full (System.gc()) 166M->166M(4096M) 584.679ms
[51.621s][info][gc,metaspace] GC(26) Metaspace: 26163K(26880K)->26163K(26880K) NonClass: 23318K(23680K)->23318K(23680K) Class: 2845K(3200K)->2845K(3200K)
[51.621s][info][gc          ] GC(26) Pause Full (System.gc()) 166M->166M(4096M) 581.672ms
[52.203s][info][gc,metaspace] GC(27) Metaspace: 26163K(26880K)->26163K(26880K) NonClass: 23318K(23680K)->23318K(23680K) Class: 2845K(3200K)->2845K(3200K)
[52.203s][info][gc          ] GC(27) Pause Full (System.gc()) 166M->166M(4096M) 581.746ms
[52.783s][info][gc,metaspace] GC(28) Metaspace: 26163K(26880K)->26163K(26880K) NonClass: 23318K(23680K)->23318K(23680K) Class: 2845K(3200K)->2845K(3200K)
[52.783s][info][gc          ] GC(28) Pause Full (System.gc()) 166M->166M(4096M) 579.639ms
[54.092s][info][gc,metaspace] GC(29) Metaspace: 26163K(26880K)->26163K(26880K) NonClass: 23318K(23680K)->23318K(23680K) Class: 2845K(3200K)->2845K(3200K)
[54.093s][info][gc          ] GC(29) Pause Full (System.gc()) 166M->166M(4096M) 1309.451ms
[55.460s][info][gc,metaspace] GC(30) Metaspace: 26163K(26880K)->26163K(26880K) NonClass: 23318K(23680K)->23318K(23680K) Class: 2845K(3200K)->2845K(3200K)
[55.460s][info][gc          ] GC(30) Pause Full (System.gc()) 166M->166M(4096M) 1367.154ms
[56.046s][info][gc,metaspace] GC(31) Metaspace: 26163K(26880K)->26163K(26880K) NonClass: 23318K(23680K)->23318K(23680K) Class: 2845K(3200K)->2845K(3200K)
[56.046s][info][gc          ] GC(31) Pause Full (System.gc()) 166M->166M(4096M) 585.480ms
[57.347s][info][gc,metaspace] GC(32) Metaspace: 26163K(26880K)->26163K(26880K) NonClass: 23318K(23680K)->23318K(23680K) Class: 2845K(3200K)->2845K(3200K)
[57.347s][info][gc          ] GC(32) Pause Full (System.gc()) 166M->166M(4096M) 1301.100ms
[58.722s][info][gc,metaspace] GC(33) Metaspace: 26163K(26880K)->26163K(26880K) NonClass: 23318K(23680K)->23318K(23680K) Class: 2845K(3200K)->2845K(3200K)
[58.722s][info][gc          ] GC(33) Pause Full (System.gc()) 166M->166M(4096M) 1374.377ms
[59.300s][info][gc,metaspace] GC(34) Metaspace: 26163K(26880K)->26163K(26880K) NonClass: 23318K(23680K)->23318K(23680K) Class: 2845K(3200K)->2845K(3200K)
[59.300s][info][gc          ] GC(34) Pause Full (System.gc()) 166M->166M(4096M) 577.998ms
[60.574s][info][gc,metaspace] GC(35) Metaspace: 26163K(26880K)->26163K(26880K) NonClass: 23318K(23680K)->23318K(23680K) Class: 2845K(3200K)->2845K(3200K)
[60.574s][info][gc          ] GC(35) Pause Full (System.gc()) 166M->166M(4096M) 1273.614ms
[61.944s][info][gc,metaspace] GC(36) Metaspace: 26163K(26880K)->26163K(26880K) NonClass: 23318K(23680K)->23318K(23680K) Class: 2845K(3200K)->2845K(3200K)
[61.944s][info][gc          ] GC(36) Pause Full (System.gc()) 166M->166M(4096M) 1369.549ms
[62.526s][info][gc,metaspace] GC(37) Metaspace: 26163K(26880K)->26163K(26880K) NonClass: 23318K(23680K)->23318K(23680K) Class: 2845K(3200K)->2845K(3200K)
[62.526s][info][gc          ] GC(37) Pause Full (System.gc()) 166M->166M(4096M) 581.984ms
[63.118s][info][gc,metaspace] GC(38) Metaspace: 26163K(26880K)->26163K(26880K) NonClass: 23318K(23680K)->23318K(23680K) Class: 2845K(3200K)->2845K(3200K)
[63.118s][info][gc          ] GC(38) Pause Full (System.gc()) 166M->166M(4096M) 591.609ms
[63.699s][info][gc,metaspace] GC(39) Metaspace: 26163K(26880K)->26163K(26880K) NonClass: 23318K(23680K)->23318K(23680K) Class: 2845K(3200K)->2845K(3200K)
[63.699s][info][gc          ] GC(39) Pause Full (System.gc()) 166M->166M(4096M) 581.088ms
[64.281s][info][gc,metaspace] GC(40) Metaspace: 26163K(26880K)->26163K(26880K) NonClass: 23318K(23680K)->23318K(23680K) Class: 2845K(3200K)->2845K(3200K)
[64.281s][info][gc          ] GC(40) Pause Full (System.gc()) 166M->166M(4096M) 581.986ms
[64.865s][info][gc,metaspace] GC(41) Metaspace: 26163K(26880K)->26163K(26880K) NonClass: 23318K(23680K)->23318K(23680K) Class: 2845K(3200K)->2845K(3200K)
[64.865s][info][gc          ] GC(41) Pause Full (System.gc()) 166M->166M(4096M) 583.517ms
[66.220s][info][gc,metaspace] GC(42) Metaspace: 26163K(26880K)->26163K(26880K) NonClass: 23318K(23680K)->23318K(23680K) Class: 2845K(3200K)->2845K(3200K)
[66.220s][info][gc          ] GC(42) Pause Full (System.gc()) 166M->166M(4096M) 1355.069ms
[67.537s][info][gc,metaspace] GC(43) Metaspace: 26163K(26880K)->26163K(26880K) NonClass: 23318K(23680K)->23318K(23680K) Class: 2845K(3200K)->2845K(3200K)
[67.537s][info][gc          ] GC(43) Pause Full (System.gc()) 166M->166M(4096M) 1316.528ms
[68.118s][info][gc,metaspace] GC(44) Metaspace: 26163K(26880K)->26163K(26880K) NonClass: 23318K(23680K)->23318K(23680K) Class: 2845K(3200K)->2845K(3200K)
[68.119s][info][gc          ] GC(44) Pause Full (System.gc()) 166M->166M(4096M) 581.324ms
[68.697s][info][gc,metaspace] GC(45) Metaspace: 26163K(26880K)->26163K(26880K) NonClass: 23318K(23680K)->23318K(23680K) Class: 2845K(3200K)->2845K(3200K)
[68.698s][info][gc          ] GC(45) Pause Full (System.gc()) 166M->166M(4096M) 578.848ms
[69.290s][info][gc,metaspace] GC(46) Metaspace: 26163K(26880K)->26163K(26880K) NonClass: 23318K(23680K)->23318K(23680K) Class: 2845K(3200K)->2845K(3200K)
[69.290s][info][gc          ] GC(46) Pause Full (System.gc()) 166M->166M(4096M) 592.495ms
[69.868s][info][gc,metaspace] GC(47) Metaspace: 26163K(26880K)->26163K(26880K) NonClass: 23318K(23680K)->23318K(23680K) Class: 2845K(3200K)->2845K(3200K)
[69.868s][info][gc          ] GC(47) Pause Full (System.gc()) 166M->166M(4096M) 578.048ms
[71.233s][info][gc,metaspace] GC(48) Metaspace: 26163K(26880K)->26163K(26880K) NonClass: 23318K(23680K)->23318K(23680K) Class: 2845K(3200K)->2845K(3200K)
[71.233s][info][gc          ] GC(48) Pause Full (System.gc()) 166M->166M(4096M) 1363.879ms
[72.487s][info][gc,metaspace] GC(49) Metaspace: 26163K(26880K)->26163K(26880K) NonClass: 23318K(23680K)->23318K(23680K) Class: 2845K(3200K)->2845K(3200K)
[72.488s][info][gc          ] GC(49) Pause Full (System.gc()) 166M->166M(4096M) 1254.239ms
[73.070s][info][gc,metaspace] GC(50) Metaspace: 26163K(26880K)->26163K(26880K) NonClass: 23318K(23680K)->23318K(23680K) Class: 2845K(3200K)->2845K(3200K)
[73.070s][info][gc          ] GC(50) Pause Full (System.gc()) 166M->166M(4096M) 582.156ms
[73.651s][info][gc,metaspace] GC(51) Metaspace: 26163K(26880K)->26163K(26880K) NonClass: 23318K(23680K)->23318K(23680K) Class: 2845K(3200K)->2845K(3200K)
[73.651s][info][gc          ] GC(51) Pause Full (System.gc()) 167M->166M(4096M) 580.848ms
[74.234s][info][gc,metaspace] GC(52) Metaspace: 26163K(26880K)->26163K(26880K) NonClass: 23318K(23680K)->23318K(23680K) Class: 2845K(3200K)->2845K(3200K)
[74.234s][info][gc          ] GC(52) Pause Full (System.gc()) 166M->166M(4096M) 582.940ms
[74.816s][info][gc,metaspace] GC(53) Metaspace: 26163K(26880K)->26163K(26880K) NonClass: 23318K(23680K)->23318K(23680K) Class: 2845K(3200K)->2845K(3200K)
[74.816s][info][gc          ] GC(53) Pause Full (System.gc()) 166M->166M(4096M) 582.009ms
[75.406s][info][gc,metaspace] GC(54) Metaspace: 26163K(26880K)->26163K(26880K) NonClass: 23318K(23680K)->23318K(23680K) Class: 2845K(3200K)->2845K(3200K)
[75.407s][info][gc          ] GC(54) Pause Full (System.gc()) 166M->166M(4096M) 590.154ms
[76.673s][info][gc,metaspace] GC(55) Metaspace: 26163K(26880K)->26163K(26880K) NonClass: 23318K(23680K)->23318K(23680K) Class: 2845K(3200K)->2845K(3200K)
[76.674s][info][gc          ] GC(55) Pause Full (System.gc()) 166M->166M(4096M) 1265.551ms
[78.082s][info][gc,metaspace] GC(56) Metaspace: 26163K(26880K)->26163K(26880K) NonClass: 23318K(23680K)->23318K(23680K) Class: 2845K(3200K)->2845K(3200K)
[78.082s][info][gc          ] GC(56) Pause Full (System.gc()) 166M->166M(4096M) 1408.219ms
[78.665s][info][gc,metaspace] GC(57) Metaspace: 26163K(26880K)->26163K(26880K) NonClass: 23318K(23680K)->23318K(23680K) Class: 2845K(3200K)->2845K(3200K)
[78.665s][info][gc          ] GC(57) Pause Full (System.gc()) 166M->166M(4096M) 582.323ms
[79.475s][info][gc,metaspace] GC(58) Metaspace: 26163K(26880K)->26163K(26880K) NonClass: 23318K(23680K)->23318K(23680K) Class: 2845K(3200K)->2845K(3200K)
[79.475s][info][gc          ] GC(58) Pause Full (System.gc()) 166M->166M(4096M) 809.929ms
[80.887s][info][gc,metaspace] GC(59) Metaspace: 26163K(26880K)->26163K(26880K) NonClass: 23318K(23680K)->23318K(23680K) Class: 2845K(3200K)->2845K(3200K)
[80.888s][info][gc          ] GC(59) Pause Full (System.gc()) 166M->166M(4096M) 1412.631ms
[81.916s][info][gc,metaspace] GC(60) Metaspace: 26163K(26880K)->26163K(26880K) NonClass: 23318K(23680K)->23318K(23680K) Class: 2845K(3200K)->2845K(3200K)
[81.916s][info][gc          ] GC(60) Pause Full (System.gc()) 166M->166M(4096M) 1027.737ms
[82.499s][info][gc,metaspace] GC(61) Metaspace: 26163K(26880K)->26163K(26880K) NonClass: 23318K(23680K)->23318K(23680K) Class: 2845K(3200K)->2845K(3200K)
[82.499s][info][gc          ] GC(61) Pause Full (System.gc()) 166M->166M(4096M) 582.927ms
[83.081s][info][gc,metaspace] GC(62) Metaspace: 26163K(26880K)->26163K(26880K) NonClass: 23318K(23680K)->23318K(23680K) Class: 2845K(3200K)->2845K(3200K)
[83.081s][info][gc          ] GC(62) Pause Full (System.gc()) 166M->166M(4096M) 581.867ms
[83.664s][info][gc,metaspace] GC(63) Metaspace: 26163K(26880K)->26163K(26880K) NonClass: 23318K(23680K)->23318K(23680K) Class: 2845K(3200K)->2845K(3200K)
[83.664s][info][gc          ] GC(63) Pause Full (System.gc()) 166M->166M(4096M) 583.123ms
[84.254s][info][gc,metaspace] GC(64) Metaspace: 26163K(26880K)->26163K(26880K) NonClass: 23318K(23680K)->23318K(23680K) Class: 2845K(3200K)->2845K(3200K)
[84.255s][info][gc          ] GC(64) Pause Full (System.gc()) 166M->166M(4096M) 590.293ms
[84.838s][info][gc,metaspace] GC(65) Metaspace: 26163K(26880K)->26163K(26880K) NonClass: 23318K(23680K)->23318K(23680K) Class: 2845K(3200K)->2845K(3200K)
[84.838s][info][gc          ] GC(65) Pause Full (System.gc()) 166M->166M(4096M) 583.580ms
[85.420s][info][gc,metaspace] GC(66) Metaspace: 26163K(26880K)->26163K(26880K) NonClass: 23318K(23680K)->23318K(23680K) Class: 2845K(3200K)->2845K(3200K)
[85.421s][info][gc          ] GC(66) Pause Full (System.gc()) 166M->166M(4096M) 582.100ms
[86.004s][info][gc,metaspace] GC(67) Metaspace: 26163K(26880K)->26163K(26880K) NonClass: 23318K(23680K)->23318K(23680K) Class: 2845K(3200K)->2845K(3200K)
[86.005s][info][gc          ] GC(67) Pause Full (System.gc()) 166M->166M(4096M) 583.916ms
[87.282s][info][gc,metaspace] GC(68) Metaspace: 26163K(26880K)->26163K(26880K) NonClass: 23318K(23680K)->23318K(23680K) Class: 2845K(3200K)->2845K(3200K)
[87.282s][info][gc          ] GC(68) Pause Full (System.gc()) 166M->166M(4096M) 1277.050ms
[88.678s][info][gc,metaspace] GC(69) Metaspace: 26163K(26880K)->26163K(26880K) NonClass: 23318K(23680K)->23318K(23680K) Class: 2845K(3200K)->2845K(3200K)
[88.678s][info][gc          ] GC(69) Pause Full (System.gc()) 166M->166M(4096M) 1395.843ms
[89.257s][info][gc,metaspace] GC(70) Metaspace: 26163K(26880K)->26163K(26880K) NonClass: 23318K(23680K)->23318K(23680K) Class: 2845K(3200K)->2845K(3200K)
[89.258s][info][gc          ] GC(70) Pause Full (System.gc()) 166M->166M(4096M) 579.122ms
[89.840s][info][gc,metaspace] GC(71) Metaspace: 26163K(26880K)->26163K(26880K) NonClass: 23318K(23680K)->23318K(23680K) Class: 2845K(3200K)->2845K(3200K)
[89.840s][info][gc          ] GC(71) Pause Full (System.gc()) 166M->166M(4096M) 581.982ms
[90.429s][info][gc,metaspace] GC(72) Metaspace: 26163K(26880K)->26163K(26880K) NonClass: 23318K(23680K)->23318K(23680K) Class: 2845K(3200K)->2845K(3200K)
[90.429s][info][gc          ] GC(72) Pause Full (System.gc()) 166M->166M(4096M) 589.256ms
[91.013s][info][gc,metaspace] GC(73) Metaspace: 26163K(26880K)->26163K(26880K) NonClass: 23318K(23680K)->23318K(23680K) Class: 2845K(3200K)->2845K(3200K)
[91.014s][info][gc          ] GC(73) Pause Full (System.gc()) 166M->166M(4096M) 584.244ms
[92.295s][info][gc,metaspace] GC(74) Metaspace: 26163K(26880K)->26163K(26880K) NonClass: 23318K(23680K)->23318K(23680K) Class: 2845K(3200K)->2845K(3200K)
[92.295s][info][gc          ] GC(74) Pause Full (System.gc()) 166M->166M(4096M) 1281.376ms
[93.690s][info][gc,metaspace] GC(75) Metaspace: 26163K(26880K)->26163K(26880K) NonClass: 23318K(23680K)->23318K(23680K) Class: 2845K(3200K)->2845K(3200K)
[93.690s][info][gc          ] GC(75) Pause Full (System.gc()) 166M->166M(4096M) 1394.162ms
[94.271s][info][gc,metaspace] GC(76) Metaspace: 26163K(26880K)->26163K(26880K) NonClass: 23318K(23680K)->23318K(23680K) Class: 2845K(3200K)->2845K(3200K)
[94.271s][info][gc          ] GC(76) Pause Full (System.gc()) 166M->166M(4096M) 580.718ms
[94.850s][info][gc,metaspace] GC(77) Metaspace: 26163K(26880K)->26163K(26880K) NonClass: 23318K(23680K)->23318K(23680K) Class: 2845K(3200K)->2845K(3200K)
[94.850s][info][gc          ] GC(77) Pause Full (System.gc()) 166M->166M(4096M) 579.371ms
[95.432s][info][gc,metaspace] GC(78) Metaspace: 26163K(26880K)->26163K(26880K) NonClass: 23318K(23680K)->23318K(23680K) Class: 2845K(3200K)->2845K(3200K)
[95.432s][info][gc          ] GC(78) Pause Full (System.gc()) 166M->166M(4096M) 582.066ms
[96.015s][info][gc,metaspace] GC(79) Metaspace: 26163K(26880K)->26163K(26880K) NonClass: 23318K(23680K)->23318K(23680K) Class: 2845K(3200K)->2845K(3200K)
[96.015s][info][gc          ] GC(79) Pause Full (System.gc()) 166M->166M(4096M) 582.649ms
[97.310s][info][gc,metaspace] GC(80) Metaspace: 26163K(26880K)->26163K(26880K) NonClass: 23318K(23680K)->23318K(23680K) Class: 2845K(3200K)->2845K(3200K)
[97.311s][info][gc          ] GC(80) Pause Full (System.gc()) 166M->166M(4096M) 1294.807ms
[98.688s][info][gc,metaspace] GC(81) Metaspace: 26163K(26880K)->26163K(26880K) NonClass: 23318K(23680K)->23318K(23680K) Class: 2845K(3200K)->2845K(3200K)
[98.688s][info][gc          ] GC(81) Pause Full (System.gc()) 166M->166M(4096M) 1377.129ms
[99.282s][info][gc,metaspace] GC(82) Metaspace: 26163K(26880K)->26163K(26880K) NonClass: 23318K(23680K)->23318K(23680K) Class: 2845K(3200K)->2845K(3200K)
[99.282s][info][gc          ] GC(82) Pause Full (System.gc()) 166M->166M(4096M) 593.868ms
[99.861s][info][gc,metaspace] GC(83) Metaspace: 26163K(26880K)->26163K(26880K) NonClass: 23318K(23680K)->23318K(23680K) Class: 2845K(3200K)->2845K(3200K)
[99.862s][info][gc          ] GC(83) Pause Full (System.gc()) 166M->166M(4096M) 579.272ms
[100.449s][info][gc,metaspace] GC(84) Metaspace: 26163K(26880K)->26163K(26880K) NonClass: 23318K(23680K)->23318K(23680K) Class: 2845K(3200K)->2845K(3200K)
[100.449s][info][gc          ] GC(84) Pause Full (System.gc()) 166M->166M(4096M) 587.139ms
[101.029s][info][gc,metaspace] GC(85) Metaspace: 26163K(26880K)->26163K(26880K) NonClass: 23318K(23680K)->23318K(23680K) Class: 2845K(3200K)->2845K(3200K)
[101.029s][info][gc          ] GC(85) Pause Full (System.gc()) 166M->166M(4096M) 580.073ms
[102.364s][info][gc,metaspace] GC(86) Metaspace: 26163K(26880K)->26163K(26880K) NonClass: 23318K(23680K)->23318K(23680K) Class: 2845K(3200K)->2845K(3200K)
[102.364s][info][gc          ] GC(86) Pause Full (System.gc()) 166M->166M(4096M) 1334.301ms
[103.662s][info][gc,metaspace] GC(87) Metaspace: 26163K(26880K)->26163K(26880K) NonClass: 23318K(23680K)->23318K(23680K) Class: 2845K(3200K)->2845K(3200K)
[103.662s][info][gc          ] GC(87) Pause Full (System.gc()) 166M->166M(4096M) 1297.490ms
[104.245s][info][gc,metaspace] GC(88) Metaspace: 26163K(26880K)->26163K(26880K) NonClass: 23318K(23680K)->23318K(23680K) Class: 2845K(3200K)->2845K(3200K)
[104.245s][info][gc          ] GC(88) Pause Full (System.gc()) 166M->166M(4096M) 583.005ms
[104.828s][info][gc,metaspace] GC(89) Metaspace: 26163K(26880K)->26163K(26880K) NonClass: 23318K(23680K)->23318K(23680K) Class: 2845K(3200K)->2845K(3200K)
[104.828s][info][gc          ] GC(89) Pause Full (System.gc()) 166M->166M(4096M) 582.787ms
[105.419s][info][gc,metaspace] GC(90) Metaspace: 26163K(26880K)->26163K(26880K) NonClass: 23318K(23680K)->23318K(23680K) Class: 2845K(3200K)->2845K(3200K)
[105.419s][info][gc          ] GC(90) Pause Full (System.gc()) 166M->166M(4096M) 591.086ms
[106.002s][info][gc,metaspace] GC(91) Metaspace: 26163K(26880K)->26163K(26880K) NonClass: 23318K(23680K)->23318K(23680K) Class: 2845K(3200K)->2845K(3200K)
[106.002s][info][gc          ] GC(91) Pause Full (System.gc()) 166M->166M(4096M) 582.512ms
[106.583s][info][gc,metaspace] GC(92) Metaspace: 26163K(26880K)->26163K(26880K) NonClass: 23318K(23680K)->23318K(23680K) Class: 2845K(3200K)->2845K(3200K)
[106.583s][info][gc          ] GC(92) Pause Full (System.gc()) 166M->166M(4096M) 581.096ms
[107.831s][info][gc,metaspace] GC(93) Metaspace: 26163K(26880K)->26163K(26880K) NonClass: 23318K(23680K)->23318K(23680K) Class: 2845K(3200K)->2845K(3200K)
[107.831s][info][gc          ] GC(93) Pause Full (System.gc()) 166M->166M(4096M) 1247.835ms
[109.258s][info][gc,metaspace] GC(94) Metaspace: 26163K(26880K)->26163K(26880K) NonClass: 23318K(23680K)->23318K(23680K) Class: 2845K(3200K)->2845K(3200K)
[109.258s][info][gc          ] GC(94) Pause Full (System.gc()) 166M->166M(4096M) 1426.312ms
[109.841s][info][gc,metaspace] GC(95) Metaspace: 26163K(26880K)->26163K(26880K) NonClass: 23318K(23680K)->23318K(23680K) Class: 2845K(3200K)->2845K(3200K)
[109.841s][info][gc          ] GC(95) Pause Full (System.gc()) 166M->166M(4096M) 583.123ms
[110.426s][info][gc,metaspace] GC(96) Metaspace: 26163K(26880K)->26163K(26880K) NonClass: 23318K(23680K)->23318K(23680K) Class: 2845K(3200K)->2845K(3200K)
[110.426s][info][gc          ] GC(96) Pause Full (System.gc()) 166M->166M(4096M) 584.748ms
[111.012s][info][gc,metaspace] GC(97) Metaspace: 26163K(26880K)->26163K(26880K) NonClass: 23318K(23680K)->23318K(23680K) Class: 2845K(3200K)->2845K(3200K)
[111.012s][info][gc          ] GC(97) Pause Full (System.gc()) 166M->166M(4096M) 585.459ms
[111.595s][info][gc,metaspace] GC(98) Metaspace: 26163K(26880K)->26163K(26880K) NonClass: 23318K(23680K)->23318K(23680K) Class: 2845K(3200K)->2845K(3200K)
[111.595s][info][gc          ] GC(98) Pause Full (System.gc()) 166M->166M(4096M) 582.894ms
[112.870s][info][gc,metaspace] GC(99) Metaspace: 26163K(26880K)->26163K(26880K) NonClass: 23318K(23680K)->23318K(23680K) Class: 2845K(3200K)->2845K(3200K)
[112.870s][info][gc          ] GC(99) Pause Full (System.gc()) 166M->166M(4096M) 1275.223ms
[114.267s][info][gc,metaspace] GC(100) Metaspace: 26163K(26880K)->26163K(26880K) NonClass: 23318K(23680K)->23318K(23680K) Class: 2845K(3200K)->2845K(3200K)
[114.267s][info][gc          ] GC(100) Pause Full (System.gc()) 166M->166M(4096M) 1395.896ms
[114.850s][info][gc,metaspace] GC(101) Metaspace: 26163K(26880K)->26163K(26880K) NonClass: 23318K(23680K)->23318K(23680K) Class: 2845K(3200K)->2845K(3200K)
[114.850s][info][gc          ] GC(101) Pause Full (System.gc()) 166M->166M(4096M) 583.544ms
[115.433s][info][gc,metaspace] GC(102) Metaspace: 26163K(26880K)->26163K(26880K) NonClass: 23318K(23680K)->23318K(23680K) Class: 2845K(3200K)->2845K(3200K)
[115.433s][info][gc          ] GC(102) Pause Full (System.gc()) 166M->166M(4096M) 582.550ms
[116.014s][info][gc,metaspace] GC(103) Metaspace: 26163K(26880K)->26163K(26880K) NonClass: 23318K(23680K)->23318K(23680K) Class: 2845K(3200K)->2845K(3200K)
[116.014s][info][gc          ] GC(103) Pause Full (System.gc()) 166M->166M(4096M) 581.092ms
After GCs... 
