Done; will start GCs... 
[34.537s][info][gc,metaspace] GC(4) Metaspace: 26144K(26880K)->26144K(26880K) NonClass: 23299K(23680K)->23299K(23680K) Class: 2845K(3200K)->2845K(3200K)
[34.537s][info][gc          ] GC(4) Pause Full (System.gc()) 175M->166M(4096M) 644.137ms
[35.167s][info][gc,metaspace] GC(5) Metaspace: 26144K(26880K)->26144K(26880K) NonClass: 23299K(23680K)->23299K(23680K) Class: 2845K(3200K)->2845K(3200K)
[35.167s][info][gc          ] GC(5) Pause Full (System.gc()) 166M->166M(4096M) 629.899ms
[35.780s][info][gc,metaspace] GC(6) Metaspace: 26144K(26880K)->26144K(26880K) NonClass: 23299K(23680K)->23299K(23680K) Class: 2845K(3200K)->2845K(3200K)
[35.780s][info][gc          ] GC(6) Pause Full (System.gc()) 166M->166M(4096M) 612.199ms
[36.402s][info][gc,metaspace] GC(7) Metaspace: 26144K(26880K)->26144K(26880K) NonClass: 23299K(23680K)->23299K(23680K) Class: 2845K(3200K)->2845K(3200K)
[36.402s][info][gc          ] GC(7) Pause Full (System.gc()) 166M->166M(4096M) 622.191ms
[37.019s][info][gc,metaspace] GC(8) Metaspace: 26144K(26880K)->26144K(26880K) NonClass: 23299K(23680K)->23299K(23680K) Class: 2845K(3200K)->2845K(3200K)
[37.019s][info][gc          ] GC(8) Pause Full (System.gc()) 166M->166M(4096M) 616.653ms
[37.639s][info][gc,metaspace] GC(9) Metaspace: 26144K(26880K)->26144K(26880K) NonClass: 23299K(23680K)->23299K(23680K) Class: 2845K(3200K)->2845K(3200K)
[37.639s][info][gc          ] GC(9) Pause Full (System.gc()) 166M->166M(4096M) 619.450ms
[38.251s][info][gc,metaspace] GC(10) Metaspace: 26144K(26880K)->26144K(26880K) NonClass: 23299K(23680K)->23299K(23680K) Class: 2845K(3200K)->2845K(3200K)
[38.251s][info][gc          ] GC(10) Pause Full (System.gc()) 166M->166M(4096M) 611.913ms
[38.870s][info][gc,metaspace] GC(11) Metaspace: 26144K(26880K)->26144K(26880K) NonClass: 23299K(23680K)->23299K(23680K) Class: 2845K(3200K)->2845K(3200K)
[38.870s][info][gc          ] GC(11) Pause Full (System.gc()) 166M->166M(4096M) 619.002ms
[39.495s][info][gc,metaspace] GC(12) Metaspace: 26145K(26880K)->26145K(26880K) NonClass: 23300K(23680K)->23300K(23680K) Class: 2845K(3200K)->2845K(3200K)
[39.495s][info][gc          ] GC(12) Pause Full (System.gc()) 166M->166M(4096M) 624.138ms
[40.116s][info][gc,metaspace] GC(13) Metaspace: 26145K(26880K)->26145K(26880K) NonClass: 23300K(23680K)->23300K(23680K) Class: 2845K(3200K)->2845K(3200K)
[40.117s][info][gc          ] GC(13) Pause Full (System.gc()) 166M->166M(4096M) 621.331ms
[40.729s][info][gc,metaspace] GC(14) Metaspace: 26145K(26880K)->26145K(26880K) NonClass: 23300K(23680K)->23300K(23680K) Class: 2845K(3200K)->2845K(3200K)
[40.730s][info][gc          ] GC(14) Pause Full (System.gc()) 166M->166M(4096M) 612.707ms
[41.349s][info][gc,metaspace] GC(15) Metaspace: 26145K(26880K)->26145K(26880K) NonClass: 23300K(23680K)->23300K(23680K) Class: 2845K(3200K)->2845K(3200K)
[41.349s][info][gc          ] GC(15) Pause Full (System.gc()) 166M->166M(4096M) 619.059ms
[41.960s][info][gc,metaspace] GC(16) Metaspace: 26145K(26880K)->26145K(26880K) NonClass: 23300K(23680K)->23300K(23680K) Class: 2845K(3200K)->2845K(3200K)
[41.960s][info][gc          ] GC(16) Pause Full (System.gc()) 166M->166M(4096M) 610.516ms
[42.582s][info][gc,metaspace] GC(17) Metaspace: 26145K(26880K)->26145K(26880K) NonClass: 23300K(23680K)->23300K(23680K) Class: 2845K(3200K)->2845K(3200K)
[42.583s][info][gc          ] GC(17) Pause Full (System.gc()) 166M->166M(4096M) 622.730ms
[44.039s][info][gc,metaspace] GC(18) Metaspace: 26145K(26880K)->26145K(26880K) NonClass: 23300K(23680K)->23300K(23680K) Class: 2845K(3200K)->2845K(3200K)
[44.040s][info][gc          ] GC(18) Pause Full (System.gc()) 166M->166M(4096M) 1456.704ms
[45.319s][info][gc,metaspace] GC(19) Metaspace: 26145K(26880K)->26145K(26880K) NonClass: 23300K(23680K)->23300K(23680K) Class: 2845K(3200K)->2845K(3200K)
[45.319s][info][gc          ] GC(19) Pause Full (System.gc()) 166M->166M(4096M) 1278.560ms
[45.933s][info][gc,metaspace] GC(20) Metaspace: 26145K(26880K)->26145K(26880K) NonClass: 23300K(23680K)->23300K(23680K) Class: 2845K(3200K)->2845K(3200K)
[45.933s][info][gc          ] GC(20) Pause Full (System.gc()) 166M->166M(4096M) 613.935ms
[46.543s][info][gc,metaspace] GC(21) Metaspace: 26145K(26880K)->26145K(26880K) NonClass: 23300K(23680K)->23300K(23680K) Class: 2845K(3200K)->2845K(3200K)
[46.543s][info][gc          ] GC(21) Pause Full (System.gc()) 166M->166M(4096M) 610.368ms
[47.154s][info][gc,metaspace] GC(22) Metaspace: 26145K(26880K)->26145K(26880K) NonClass: 23300K(23680K)->23300K(23680K) Class: 2845K(3200K)->2845K(3200K)
[47.154s][info][gc          ] GC(22) Pause Full (System.gc()) 166M->166M(4096M) 610.287ms
[47.766s][info][gc,metaspace] GC(23) Metaspace: 26145K(26880K)->26145K(26880K) NonClass: 23300K(23680K)->23300K(23680K) Class: 2845K(3200K)->2845K(3200K)
[47.767s][info][gc          ] GC(23) Pause Full (System.gc()) 166M->166M(4096M) 612.570ms
[49.114s][info][gc,metaspace] GC(24) Metaspace: 26145K(26880K)->26145K(26880K) NonClass: 23300K(23680K)->23300K(23680K) Class: 2845K(3200K)->2845K(3200K)
[49.115s][info][gc          ] GC(24) Pause Full (System.gc()) 166M->166M(4096M) 1347.562ms
[50.524s][info][gc,metaspace] GC(25) Metaspace: 26145K(26880K)->26145K(26880K) NonClass: 23300K(23680K)->23300K(23680K) Class: 2845K(3200K)->2845K(3200K)
[50.524s][info][gc          ] GC(25) Pause Full (System.gc()) 166M->166M(4096M) 1409.363ms
[51.134s][info][gc,metaspace] GC(26) Metaspace: 26145K(26880K)->26145K(26880K) NonClass: 23300K(23680K)->23300K(23680K) Class: 2845K(3200K)->2845K(3200K)
[51.134s][info][gc          ] GC(26) Pause Full (System.gc()) 166M->166M(4096M) 609.996ms
[51.757s][info][gc,metaspace] GC(27) Metaspace: 26145K(26880K)->26145K(26880K) NonClass: 23300K(23680K)->23300K(23680K) Class: 2845K(3200K)->2845K(3200K)
[51.757s][info][gc          ] GC(27) Pause Full (System.gc()) 166M->166M(4096M) 622.896ms
[52.371s][info][gc,metaspace] GC(28) Metaspace: 26145K(26880K)->26145K(26880K) NonClass: 23300K(23680K)->23300K(23680K) Class: 2845K(3200K)->2845K(3200K)
[52.371s][info][gc          ] GC(28) Pause Full (System.gc()) 166M->166M(4096M) 613.063ms
[52.980s][info][gc,metaspace] GC(29) Metaspace: 26145K(26880K)->26145K(26880K) NonClass: 23300K(23680K)->23300K(23680K) Class: 2845K(3200K)->2845K(3200K)
[52.980s][info][gc          ] GC(29) Pause Full (System.gc()) 166M->166M(4096M) 609.657ms
[54.424s][info][gc,metaspace] GC(30) Metaspace: 26145K(26880K)->26145K(26880K) NonClass: 23300K(23680K)->23300K(23680K) Class: 2845K(3200K)->2845K(3200K)
[54.425s][info][gc          ] GC(30) Pause Full (System.gc()) 166M->166M(4096M) 1443.605ms
[55.705s][info][gc,metaspace] GC(31) Metaspace: 26145K(26880K)->26145K(26880K) NonClass: 23300K(23680K)->23300K(23680K) Class: 2845K(3200K)->2845K(3200K)
[55.705s][info][gc          ] GC(31) Pause Full (System.gc()) 166M->166M(4096M) 1280.586ms
[56.318s][info][gc,metaspace] GC(32) Metaspace: 26145K(26880K)->26145K(26880K) NonClass: 23300K(23680K)->23300K(23680K) Class: 2845K(3200K)->2845K(3200K)
[56.318s][info][gc          ] GC(32) Pause Full (System.gc()) 166M->166M(4096M) 612.807ms
[56.931s][info][gc,metaspace] GC(33) Metaspace: 26145K(26880K)->26145K(26880K) NonClass: 23300K(23680K)->23300K(23680K) Class: 2845K(3200K)->2845K(3200K)
[56.931s][info][gc          ] GC(33) Pause Full (System.gc()) 166M->166M(4096M) 612.459ms
[58.098s][info][gc,metaspace] GC(34) Metaspace: 26145K(26880K)->26145K(26880K) NonClass: 23300K(23680K)->23300K(23680K) Class: 2845K(3200K)->2845K(3200K)
[58.098s][info][gc          ] GC(34) Pause Full (System.gc()) 166M->166M(4096M) 1166.855ms
[59.605s][info][gc,metaspace] GC(35) Metaspace: 26145K(26880K)->26145K(26880K) NonClass: 23300K(23680K)->23300K(23680K) Class: 2845K(3200K)->2845K(3200K)
[59.606s][info][gc          ] GC(35) Pause Full (System.gc()) 166M->166M(4096M) 1506.616ms
[60.297s][info][gc,metaspace] GC(36) Metaspace: 26145K(26880K)->26145K(26880K) NonClass: 23300K(23680K)->23300K(23680K) Class: 2845K(3200K)->2845K(3200K)
[60.297s][info][gc          ] GC(36) Pause Full (System.gc()) 166M->166M(4096M) 690.996ms
[60.913s][info][gc,metaspace] GC(37) Metaspace: 26145K(26880K)->26145K(26880K) NonClass: 23300K(23680K)->23300K(23680K) Class: 2845K(3200K)->2845K(3200K)
[60.914s][info][gc          ] GC(37) Pause Full (System.gc()) 166M->166M(4096M) 616.419ms
[61.526s][info][gc,metaspace] GC(38) Metaspace: 26145K(26880K)->26145K(26880K) NonClass: 23300K(23680K)->23300K(23680K) Class: 2845K(3200K)->2845K(3200K)
[61.526s][info][gc          ] GC(38) Pause Full (System.gc()) 166M->166M(4096M) 612.764ms
[62.141s][info][gc,metaspace] GC(39) Metaspace: 26145K(26880K)->26145K(26880K) NonClass: 23300K(23680K)->23300K(23680K) Class: 2845K(3200K)->2845K(3200K)
[62.141s][info][gc          ] GC(39) Pause Full (System.gc()) 166M->166M(4096M) 614.669ms
[63.466s][info][gc,metaspace] GC(40) Metaspace: 26145K(26880K)->26145K(26880K) NonClass: 23300K(23680K)->23300K(23680K) Class: 2845K(3200K)->2845K(3200K)
[63.466s][info][gc          ] GC(40) Pause Full (System.gc()) 166M->166M(4096M) 1324.923ms
[64.890s][info][gc,metaspace] GC(41) Metaspace: 26145K(26880K)->26145K(26880K) NonClass: 23300K(23680K)->23300K(23680K) Class: 2845K(3200K)->2845K(3200K)
[64.890s][info][gc          ] GC(41) Pause Full (System.gc()) 166M->166M(4096M) 1423.518ms
[65.503s][info][gc,metaspace] GC(42) Metaspace: 26145K(26880K)->26145K(26880K) NonClass: 23300K(23680K)->23300K(23680K) Class: 2845K(3200K)->2845K(3200K)
[65.503s][info][gc          ] GC(42) Pause Full (System.gc()) 166M->166M(4096M) 613.129ms
[66.115s][info][gc,metaspace] GC(43) Metaspace: 26145K(26880K)->26145K(26880K) NonClass: 23300K(23680K)->23300K(23680K) Class: 2845K(3200K)->2845K(3200K)
[66.115s][info][gc          ] GC(43) Pause Full (System.gc()) 166M->166M(4096M) 611.122ms
[66.738s][info][gc,metaspace] GC(44) Metaspace: 26145K(26880K)->26145K(26880K) NonClass: 23300K(23680K)->23300K(23680K) Class: 2845K(3200K)->2845K(3200K)
[66.738s][info][gc          ] GC(44) Pause Full (System.gc()) 166M->166M(4096M) 622.862ms
[67.351s][info][gc,metaspace] GC(45) Metaspace: 26145K(26880K)->26145K(26880K) NonClass: 23300K(23680K)->23300K(23680K) Class: 2845K(3200K)->2845K(3200K)
[67.351s][info][gc          ] GC(45) Pause Full (System.gc()) 166M->166M(4096M) 613.448ms
[68.826s][info][gc,metaspace] GC(46) Metaspace: 26145K(26880K)->26145K(26880K) NonClass: 23300K(23680K)->23300K(23680K) Class: 2845K(3200K)->2845K(3200K)
[68.826s][info][gc          ] GC(46) Pause Full (System.gc()) 166M->166M(4096M) 1474.663ms
[70.064s][info][gc,metaspace] GC(47) Metaspace: 26145K(26880K)->26145K(26880K) NonClass: 23300K(23680K)->23300K(23680K) Class: 2845K(3200K)->2845K(3200K)
[70.065s][info][gc          ] GC(47) Pause Full (System.gc()) 166M->166M(4096M) 1238.068ms
[70.678s][info][gc,metaspace] GC(48) Metaspace: 26145K(26880K)->26145K(26880K) NonClass: 23300K(23680K)->23300K(23680K) Class: 2845K(3200K)->2845K(3200K)
[70.678s][info][gc          ] GC(48) Pause Full (System.gc()) 166M->166M(4096M) 613.650ms
[71.291s][info][gc,metaspace] GC(49) Metaspace: 26145K(26880K)->26145K(26880K) NonClass: 23300K(23680K)->23300K(23680K) Class: 2845K(3200K)->2845K(3200K)
[71.292s][info][gc          ] GC(49) Pause Full (System.gc()) 166M->166M(4096M) 612.985ms
[71.906s][info][gc,metaspace] GC(50) Metaspace: 26145K(26880K)->26145K(26880K) NonClass: 23300K(23680K)->23300K(23680K) Class: 2845K(3200K)->2845K(3200K)
[71.906s][info][gc          ] GC(50) Pause Full (System.gc()) 166M->166M(4096M) 613.970ms
[72.531s][info][gc,metaspace] GC(51) Metaspace: 26145K(26880K)->26145K(26880K) NonClass: 23300K(23680K)->23300K(23680K) Class: 2845K(3200K)->2845K(3200K)
[72.531s][info][gc          ] GC(51) Pause Full (System.gc()) 166M->166M(4096M) 625.331ms
[73.145s][info][gc,metaspace] GC(52) Metaspace: 26145K(26880K)->26145K(26880K) NonClass: 23300K(23680K)->23300K(23680K) Class: 2845K(3200K)->2845K(3200K)
[73.145s][info][gc          ] GC(52) Pause Full (System.gc()) 167M->166M(4096M) 613.419ms
[73.761s][info][gc,metaspace] GC(53) Metaspace: 26145K(26880K)->26145K(26880K) NonClass: 23300K(23680K)->23300K(23680K) Class: 2845K(3200K)->2845K(3200K)
[73.761s][info][gc          ] GC(53) Pause Full (System.gc()) 166M->166M(4096M) 616.019ms
[74.372s][info][gc,metaspace] GC(54) Metaspace: 26145K(26880K)->26145K(26880K) NonClass: 23300K(23680K)->23300K(23680K) Class: 2845K(3200K)->2845K(3200K)
[74.372s][info][gc          ] GC(54) Pause Full (System.gc()) 166M->166M(4096M) 610.855ms
[75.867s][info][gc,metaspace] GC(55) Metaspace: 26145K(26880K)->26145K(26880K) NonClass: 23300K(23680K)->23300K(23680K) Class: 2845K(3200K)->2845K(3200K)
[75.867s][info][gc          ] GC(55) Pause Full (System.gc()) 166M->166M(4096M) 1494.639ms
[77.121s][info][gc,metaspace] GC(56) Metaspace: 26145K(26880K)->26145K(26880K) NonClass: 23300K(23680K)->23300K(23680K) Class: 2845K(3200K)->2845K(3200K)
[77.121s][info][gc          ] GC(56) Pause Full (System.gc()) 166M->166M(4096M) 1253.117ms
[77.735s][info][gc,metaspace] GC(57) Metaspace: 26145K(26880K)->26145K(26880K) NonClass: 23300K(23680K)->23300K(23680K) Class: 2845K(3200K)->2845K(3200K)
[77.735s][info][gc          ] GC(57) Pause Full (System.gc()) 166M->166M(4096M) 613.933ms
[78.348s][info][gc,metaspace] GC(58) Metaspace: 26145K(26880K)->26145K(26880K) NonClass: 23300K(23680K)->23300K(23680K) Class: 2845K(3200K)->2845K(3200K)
[78.349s][info][gc          ] GC(58) Pause Full (System.gc()) 166M->166M(4096M) 613.706ms
[78.959s][info][gc,metaspace] GC(59) Metaspace: 26145K(26880K)->26145K(26880K) NonClass: 23300K(23680K)->23300K(23680K) Class: 2845K(3200K)->2845K(3200K)
[78.959s][info][gc          ] GC(59) Pause Full (System.gc()) 166M->166M(4096M) 610.414ms
[79.566s][info][gc,metaspace] GC(60) Metaspace: 26145K(26880K)->26145K(26880K) NonClass: 23300K(23680K)->23300K(23680K) Class: 2845K(3200K)->2845K(3200K)
[79.567s][info][gc          ] GC(60) Pause Full (System.gc()) 166M->166M(4096M) 607.425ms
[81.050s][info][gc,metaspace] GC(61) Metaspace: 26145K(26880K)->26145K(26880K) NonClass: 23300K(23680K)->23300K(23680K) Class: 2845K(3200K)->2845K(3200K)
[81.050s][info][gc          ] GC(61) Pause Full (System.gc()) 166M->166M(4096M) 1483.292ms
[82.323s][info][gc,metaspace] GC(62) Metaspace: 26145K(26880K)->26145K(26880K) NonClass: 23300K(23680K)->23300K(23680K) Class: 2845K(3200K)->2845K(3200K)
[82.323s][info][gc          ] GC(62) Pause Full (System.gc()) 166M->166M(4096M) 1272.717ms
[82.933s][info][gc,metaspace] GC(63) Metaspace: 26145K(26880K)->26145K(26880K) NonClass: 23300K(23680K)->23300K(23680K) Class: 2845K(3200K)->2845K(3200K)
[82.933s][info][gc          ] GC(63) Pause Full (System.gc()) 166M->166M(4096M) 609.988ms
[83.547s][info][gc,metaspace] GC(64) Metaspace: 26145K(26880K)->26145K(26880K) NonClass: 23300K(23680K)->23300K(23680K) Class: 2845K(3200K)->2845K(3200K)
[83.547s][info][gc          ] GC(64) Pause Full (System.gc()) 166M->166M(4096M) 613.650ms
[84.156s][info][gc,metaspace] GC(65) Metaspace: 26145K(26880K)->26145K(26880K) NonClass: 23300K(23680K)->23300K(23680K) Class: 2845K(3200K)->2845K(3200K)
[84.156s][info][gc          ] GC(65) Pause Full (System.gc()) 166M->166M(4096M) 608.965ms
[84.778s][info][gc,metaspace] GC(66) Metaspace: 26145K(26880K)->26145K(26880K) NonClass: 23300K(23680K)->23300K(23680K) Class: 2845K(3200K)->2845K(3200K)
[84.778s][info][gc          ] GC(66) Pause Full (System.gc()) 166M->166M(4096M) 621.914ms
[86.119s][info][gc,metaspace] GC(67) Metaspace: 26145K(26880K)->26145K(26880K) NonClass: 23300K(23680K)->23300K(23680K) Class: 2845K(3200K)->2845K(3200K)
[86.119s][info][gc          ] GC(67) Pause Full (System.gc()) 166M->166M(4096M) 1340.272ms
[87.521s][info][gc,metaspace] GC(68) Metaspace: 26145K(26880K)->26145K(26880K) NonClass: 23300K(23680K)->23300K(23680K) Class: 2845K(3200K)->2845K(3200K)
[87.521s][info][gc          ] GC(68) Pause Full (System.gc()) 166M->166M(4096M) 1401.671ms
[88.133s][info][gc,metaspace] GC(69) Metaspace: 26145K(26880K)->26145K(26880K) NonClass: 23300K(23680K)->23300K(23680K) Class: 2845K(3200K)->2845K(3200K)
[88.133s][info][gc          ] GC(69) Pause Full (System.gc()) 166M->166M(4096M) 611.725ms
[88.743s][info][gc,metaspace] GC(70) Metaspace: 26145K(26880K)->26145K(26880K) NonClass: 23300K(23680K)->23300K(23680K) Class: 2845K(3200K)->2845K(3200K)
[88.743s][info][gc          ] GC(70) Pause Full (System.gc()) 166M->166M(4096M) 609.839ms
[89.356s][info][gc,metaspace] GC(71) Metaspace: 26145K(26880K)->26145K(26880K) NonClass: 23300K(23680K)->23300K(23680K) Class: 2845K(3200K)->2845K(3200K)
[89.356s][info][gc          ] GC(71) Pause Full (System.gc()) 166M->166M(4096M) 613.221ms
[89.965s][info][gc,metaspace] GC(72) Metaspace: 26145K(26880K)->26145K(26880K) NonClass: 23300K(23680K)->23300K(23680K) Class: 2845K(3200K)->2845K(3200K)
[89.965s][info][gc          ] GC(72) Pause Full (System.gc()) 166M->166M(4096M) 608.837ms
[91.312s][info][gc,metaspace] GC(73) Metaspace: 26145K(26880K)->26145K(26880K) NonClass: 23300K(23680K)->23300K(23680K) Class: 2845K(3200K)->2845K(3200K)
[91.312s][info][gc          ] GC(73) Pause Full (System.gc()) 166M->166M(4096M) 1346.999ms
[92.686s][info][gc,metaspace] GC(74) Metaspace: 26145K(26880K)->26145K(26880K) NonClass: 23300K(23680K)->23300K(23680K) Class: 2845K(3200K)->2845K(3200K)
[92.686s][info][gc          ] GC(74) Pause Full (System.gc()) 166M->166M(4096M) 1373.609ms
[93.658s][info][gc,metaspace] GC(75) Metaspace: 26145K(26880K)->26145K(26880K) NonClass: 23300K(23680K)->23300K(23680K) Class: 2845K(3200K)->2845K(3200K)
[93.659s][info][gc          ] GC(75) Pause Full (System.gc()) 166M->166M(4096M) 972.149ms
[95.171s][info][gc,metaspace] GC(76) Metaspace: 26145K(26880K)->26145K(26880K) NonClass: 23300K(23680K)->23300K(23680K) Class: 2845K(3200K)->2845K(3200K)
[95.172s][info][gc          ] GC(76) Pause Full (System.gc()) 166M->166M(4096M) 1512.738ms
[95.981s][info][gc,metaspace] GC(77) Metaspace: 26145K(26880K)->26145K(26880K) NonClass: 23300K(23680K)->23300K(23680K) Class: 2845K(3200K)->2845K(3200K)
[95.981s][info][gc          ] GC(77) Pause Full (System.gc()) 166M->166M(4096M) 808.986ms
[96.601s][info][gc,metaspace] GC(78) Metaspace: 26145K(26880K)->26145K(26880K) NonClass: 23300K(23680K)->23300K(23680K) Class: 2845K(3200K)->2845K(3200K)
[96.601s][info][gc          ] GC(78) Pause Full (System.gc()) 166M->166M(4096M) 620.258ms
[97.209s][info][gc,metaspace] GC(79) Metaspace: 26145K(26880K)->26145K(26880K) NonClass: 23300K(23680K)->23300K(23680K) Class: 2845K(3200K)->2845K(3200K)
[97.209s][info][gc          ] GC(79) Pause Full (System.gc()) 166M->166M(4096M) 607.483ms
[97.821s][info][gc,metaspace] GC(80) Metaspace: 26145K(26880K)->26145K(26880K) NonClass: 23300K(23680K)->23300K(23680K) Class: 2845K(3200K)->2845K(3200K)
[97.822s][info][gc          ] GC(80) Pause Full (System.gc()) 166M->166M(4096M) 612.296ms
[98.844s][info][gc,metaspace] GC(81) Metaspace: 26145K(26880K)->26145K(26880K) NonClass: 23300K(23680K)->23300K(23680K) Class: 2845K(3200K)->2845K(3200K)
[98.844s][info][gc          ] GC(81) Pause Full (System.gc()) 166M->166M(4096M) 1022.384ms
[100.352s][info][gc,metaspace] GC(82) Metaspace: 26145K(26880K)->26145K(26880K) NonClass: 23300K(23680K)->23300K(23680K) Class: 2845K(3200K)->2845K(3200K)
[100.353s][info][gc          ] GC(82) Pause Full (System.gc()) 166M->166M(4096M) 1509.026ms
[101.173s][info][gc,metaspace] GC(83) Metaspace: 26145K(26880K)->26145K(26880K) NonClass: 23300K(23680K)->23300K(23680K) Class: 2845K(3200K)->2845K(3200K)
[101.173s][info][gc          ] GC(83) Pause Full (System.gc()) 166M->166M(4096M) 819.375ms
[101.788s][info][gc,metaspace] GC(84) Metaspace: 26145K(26880K)->26145K(26880K) NonClass: 23300K(23680K)->23300K(23680K) Class: 2845K(3200K)->2845K(3200K)
[101.789s][info][gc          ] GC(84) Pause Full (System.gc()) 166M->166M(4096M) 615.223ms
[102.404s][info][gc,metaspace] GC(85) Metaspace: 26145K(26880K)->26145K(26880K) NonClass: 23300K(23680K)->23300K(23680K) Class: 2845K(3200K)->2845K(3200K)
[102.404s][info][gc          ] GC(85) Pause Full (System.gc()) 166M->166M(4096M) 615.648ms
[103.015s][info][gc,metaspace] GC(86) Metaspace: 26145K(26880K)->26145K(26880K) NonClass: 23300K(23680K)->23300K(23680K) Class: 2845K(3200K)->2845K(3200K)
[103.015s][info][gc          ] GC(86) Pause Full (System.gc()) 166M->166M(4096M) 610.882ms
[104.184s][info][gc,metaspace] GC(87) Metaspace: 26145K(26880K)->26145K(26880K) NonClass: 23300K(23680K)->23300K(23680K) Class: 2845K(3200K)->2845K(3200K)
[104.184s][info][gc          ] GC(87) Pause Full (System.gc()) 166M->166M(4096M) 1168.502ms
[105.674s][info][gc,metaspace] GC(88) Metaspace: 26145K(26880K)->26145K(26880K) NonClass: 23300K(23680K)->23300K(23680K) Class: 2845K(3200K)->2845K(3200K)
[105.676s][info][gc          ] GC(88) Pause Full (System.gc()) 166M->166M(4096M) 1491.760ms
[106.723s][info][gc,metaspace] GC(89) Metaspace: 26145K(26880K)->26145K(26880K) NonClass: 23300K(23680K)->23300K(23680K) Class: 2845K(3200K)->2845K(3200K)
[106.723s][info][gc          ] GC(89) Pause Full (System.gc()) 166M->166M(4096M) 1046.621ms
[108.219s][info][gc,metaspace] GC(90) Metaspace: 26145K(26880K)->26145K(26880K) NonClass: 23300K(23680K)->23300K(23680K) Class: 2845K(3200K)->2845K(3200K)
[108.219s][info][gc          ] GC(90) Pause Full (System.gc()) 166M->166M(4096M) 1495.428ms
[109.072s][info][gc,metaspace] GC(91) Metaspace: 26145K(26880K)->26145K(26880K) NonClass: 23300K(23680K)->23300K(23680K) Class: 2845K(3200K)->2845K(3200K)
[109.072s][info][gc          ] GC(91) Pause Full (System.gc()) 166M->166M(4096M) 852.927ms
[109.682s][info][gc,metaspace] GC(92) Metaspace: 26145K(26880K)->26145K(26880K) NonClass: 23300K(23680K)->23300K(23680K) Class: 2845K(3200K)->2845K(3200K)
[109.682s][info][gc          ] GC(92) Pause Full (System.gc()) 166M->166M(4096M) 609.670ms
[110.294s][info][gc,metaspace] GC(93) Metaspace: 26145K(26880K)->26145K(26880K) NonClass: 23300K(23680K)->23300K(23680K) Class: 2845K(3200K)->2845K(3200K)
[110.294s][info][gc          ] GC(93) Pause Full (System.gc()) 166M->166M(4096M) 612.184ms
[110.906s][info][gc,metaspace] GC(94) Metaspace: 26145K(26880K)->26145K(26880K) NonClass: 23300K(23680K)->23300K(23680K) Class: 2845K(3200K)->2845K(3200K)
[110.906s][info][gc          ] GC(94) Pause Full (System.gc()) 166M->166M(4096M) 611.676ms
[112.278s][info][gc,metaspace] GC(95) Metaspace: 26145K(26880K)->26145K(26880K) NonClass: 23300K(23680K)->23300K(23680K) Class: 2845K(3200K)->2845K(3200K)
[112.278s][info][gc          ] GC(95) Pause Full (System.gc()) 166M->166M(4096M) 1371.421ms
[113.596s][info][gc,metaspace] GC(96) Metaspace: 26145K(26880K)->26145K(26880K) NonClass: 23300K(23680K)->23300K(23680K) Class: 2845K(3200K)->2845K(3200K)
[113.596s][info][gc          ] GC(96) Pause Full (System.gc()) 166M->166M(4096M) 1317.369ms
[114.205s][info][gc,metaspace] GC(97) Metaspace: 26145K(26880K)->26145K(26880K) NonClass: 23300K(23680K)->23300K(23680K) Class: 2845K(3200K)->2845K(3200K)
[114.205s][info][gc          ] GC(97) Pause Full (System.gc()) 166M->166M(4096M) 609.252ms
[114.824s][info][gc,metaspace] GC(98) Metaspace: 26145K(26880K)->26145K(26880K) NonClass: 23300K(23680K)->23300K(23680K) Class: 2845K(3200K)->2845K(3200K)
[114.824s][info][gc          ] GC(98) Pause Full (System.gc()) 166M->166M(4096M) 618.896ms
[115.435s][info][gc,metaspace] GC(99) Metaspace: 26145K(26880K)->26145K(26880K) NonClass: 23300K(23680K)->23300K(23680K) Class: 2845K(3200K)->2845K(3200K)
[115.435s][info][gc          ] GC(99) Pause Full (System.gc()) 166M->166M(4096M) 610.718ms
[116.050s][info][gc,metaspace] GC(100) Metaspace: 26145K(26880K)->26145K(26880K) NonClass: 23300K(23680K)->23300K(23680K) Class: 2845K(3200K)->2845K(3200K)
[116.050s][info][gc          ] GC(100) Pause Full (System.gc()) 166M->166M(4096M) 614.450ms
[117.343s][info][gc,metaspace] GC(101) Metaspace: 26145K(26880K)->26145K(26880K) NonClass: 23300K(23680K)->23300K(23680K) Class: 2845K(3200K)->2845K(3200K)
[117.343s][info][gc          ] GC(101) Pause Full (System.gc()) 166M->166M(4096M) 1292.611ms
[118.798s][info][gc,metaspace] GC(102) Metaspace: 26145K(26880K)->26145K(26880K) NonClass: 23300K(23680K)->23300K(23680K) Class: 2845K(3200K)->2845K(3200K)
[118.798s][info][gc          ] GC(102) Pause Full (System.gc()) 166M->166M(4096M) 1454.435ms
[119.413s][info][gc,metaspace] GC(103) Metaspace: 26145K(26880K)->26145K(26880K) NonClass: 23300K(23680K)->23300K(23680K) Class: 2845K(3200K)->2845K(3200K)
[119.413s][info][gc          ] GC(103) Pause Full (System.gc()) 166M->166M(4096M) 615.038ms
After GCs... 
