[0.002s][info][metaspace]  - commit_granule_bytes: 65536.
[0.002s][info][metaspace]  - commit_granule_words: 8192.
[0.002s][info][metaspace]  - virtual_space_node_default_size: 8388608.
[0.002s][info][metaspace]  - enlarge_chunks_in_place: 1.
[0.002s][info][metaspace]  - use_allocation_guard: 0.
[0.003s][info][gc,init  ] CardTable entry size: 512
[0.003s][info][gc       ] Using G1
[0.009s][info][gc,init  ] Version: 23-internal-adhoc.thomas.source (release)
[0.009s][info][gc,init  ] CPUs: 8 total, 8 available
[0.009s][info][gc,init  ] Memory: 15662M
[0.009s][info][gc,init  ] Large Page Support: Disabled
[0.009s][info][gc,init  ] NUMA Support: Disabled
[0.009s][info][gc,init  ] Compressed Oops: Enabled (Zero based)
[0.009s][info][gc,init  ] Heap Region Size: 8M
[0.009s][info][gc,init  ] Heap Min Capacity: 10G
[0.009s][info][gc,init  ] Heap Initial Capacity: 10G
[0.009s][info][gc,init  ] Heap Max Capacity: 10G
[0.009s][info][gc,init  ] Pre-touch: Disabled
[0.009s][info][gc,init  ] Parallel Workers: 8
[0.009s][info][gc,init  ] Concurrent Workers: 2
[0.009s][info][gc,init  ] Concurrent Refinement Workers: 8
[0.009s][info][gc,init  ] Periodic GC: Disabled
[0.009s][info][metaspace] Reserving compressed class space anywhere
[0.009s][info][gc,metaspace] CDS archive(s) not mapped
[0.009s][info][gc,metaspace] Compressed class space mapped at: 0x000000006d000000-0x00000000ad000000, reserved size: 1073741824
[0.009s][info][gc,metaspace] UseCompressedClassPointers 1, UseCompactObjectHeaders 1, UseKlassTable 1, narrow klass pointer bits 22, max shift 10
[0.009s][info][gc,metaspace] Narrow klass base: 0x000000006d000000, Narrow klass shift: 9, Narrow klass range: 0x40000000

SPECjbb2015 Java Business Benchmark
 (c) Standard Performance Evaluation Corporation, 2015

Preparing to launch All-in-one SPECjbb2015.

Reading property file: /shared/projects/openjdk/benchmarks/test-hyperaligning-lilliput/SPECjbb2015_1.00-jdk16+/jdk-22bit-klasstable-ON-24-05-22_130258/./config/specjbb2015.props

     0s: Enumerating plugins...
     0s:    Connectivity:
     0s:             HTTP_Grizzly: Grizzly HTTP server, JDK HTTP client
     0s:              NIO_Grizzly: Grizzly NIO server, Grizzly NIO client
     0s:               HTTP_Jetty: Jetty HTTP server, JDK HTTP client
     0s:    Snapshot:
     0s:                 InMemory: Stores snapshots in heap memory
     0s:    Data Writers:
     0s:                     Demo: Send all frame to listener
     0s:                   InFile: Writing Data into file
     0s:                   Silent: Drop all frames
     0s: 
     0s: Kit validation is skipped.
     0s: Tests are skipped.
     0s: 
     0s: [0.919s][info][metaspace   ] Arena @0x00007f1ad854c150 (non-class arena): commit failure (requested size: 96)
[0.919s][info][metaspace   ] ChkMgr @0x00007f1ad8541080 (non-class-space): failed to commit 96 words on chunk @0x00007f1ad8ca5c20, f, base 0x00007f1a994e0000, level lv07.
[0.919s][info][metaspace   ] Arena @0x00007f1ad854c150 (non-class arena): failed to allocate new chunk for requested word size 96.
[0.919s][info][metaspace   ] Arena @0x00007f1ad854c150 (non-class arena): allocation failed, returned null.
[0.919s][info][metaspace   ] Arena @0x00007f1ad854c150 (non-class arena): commit failure (requested size: 96)
[0.919s][info][metaspace   ] ChkMgr @0x00007f1ad8541080 (non-class-space): failed to commit 96 words on chunk @0x00007f1ad8ca5c20, f, base 0x00007f1a994e0000, level lv07.
[0.919s][info][metaspace   ] Arena @0x00007f1ad854c150 (non-class arena): failed to allocate new chunk for requested word size 96.
[0.919s][info][metaspace   ] Arena @0x00007f1ad854c150 (non-class arena): allocation failed, returned null.
[0.919s][info][metaspace   ] Arena @0x00007f1ad854c150 (non-class arena): commit failure (requested size: 96)
[0.919s][info][metaspace   ] ChkMgr @0x00007f1ad8541080 (non-class-space): failed to commit 96 words on chunk @0x00007f1ad8ca5c20, f, base 0x00007f1a994e0000, level lv07.
[0.919s][info][metaspace   ] Arena @0x00007f1ad854c150 (non-class arena): failed to allocate new chunk for requested word size 96.
[0.919s][info][metaspace   ] Arena @0x00007f1ad854c150 (non-class arena): allocation failed, returned null.
[0.919s][info][gc,start    ] GC(0) Pause Young (Concurrent Start) (Metadata GC Threshold)
[0.919s][info][gc,task     ] GC(0) Using 8 workers of 8 for evacuation
[0.925s][info][gc,phases   ] GC(0)   Pre Evacuate Collection Set: 0.23ms
[0.925s][info][gc,phases   ] GC(0)   Merge Heap Roots: 0.09ms
[0.925s][info][gc,phases   ] GC(0)   Evacuate Collection Set: 4.81ms
[0.925s][info][gc,phases   ] GC(0)   Post Evacuate Collection Set: 0.43ms
[0.925s][info][gc,phases   ] GC(0)   Other: 0.56ms
[0.925s][info][gc,heap     ] GC(0) Eden regions: 32->0(63)
[0.925s][info][gc,heap     ] GC(0) Survivor regions: 0->1(8)
[0.925s][info][gc,heap     ] GC(0) Old regions: 0->0
[0.925s][info][gc,heap     ] GC(0) Humongous regions: 0->0
[0.925s][info][gc,metaspace] GC(0) Metaspace: 21422K(21504K)->21422K(21504K) NonClass: 21422K(21504K)->21422K(21504K) Class: 0K(0K)->0K(0K)
[0.925s][info][gc          ] GC(0) Pause Young (Concurrent Start) (Metadata GC Threshold) 252M->4M(10240M) 6.260ms
[0.925s][info][gc,cpu      ] GC(0) User=0.02s Sys=0.02s Real=0.00s
[0.925s][info][gc          ] GC(1) Concurrent Mark Cycle
[0.925s][info][gc,marking  ] GC(1) Concurrent Scan Root Regions
[0.925s][info][metaspace   ] CLMS @0x00007f1ad854c120 : GC threshold increased: 22020096->22347776.
[0.928s][info][gc,marking  ] GC(1) Concurrent Scan Root Regions 2.785ms
[0.928s][info][gc,marking  ] GC(1) Concurrent Mark
[0.928s][info][gc,marking  ] GC(1) Concurrent Mark From Roots
[0.928s][info][gc,task     ] GC(1) Using 2 workers of 2 for marking
[0.928s][info][gc,marking  ] GC(1) Concurrent Mark From Roots 0.624ms
[0.928s][info][gc,marking  ] GC(1) Concurrent Preclean
[0.928s][info][gc,marking  ] GC(1) Concurrent Preclean 0.006ms
[0.928s][info][gc,start    ] GC(1) Pause Remark
[0.929s][info][gc          ] GC(1) Pause Remark 12M->12M(10240M) 0.753ms
[0.929s][info][gc,cpu      ] GC(1) User=0.01s Sys=0.00s Real=0.00s
[0.929s][info][gc,marking  ] GC(1) Concurrent Mark 1.475ms
[0.929s][info][gc,marking  ] GC(1) Concurrent Rebuild Remembered Sets and Scrub Regions
[0.929s][info][gc,marking  ] GC(1) Concurrent Rebuild Remembered Sets and Scrub Regions 0.073ms
[0.929s][info][gc,start    ] GC(1) Pause Cleanup
[0.929s][info][gc          ] GC(1) Pause Cleanup 12M->12M(10240M) 0.018ms
[0.929s][info][gc,cpu      ] GC(1) User=0.00s Sys=0.00s Real=0.00s
[0.929s][info][gc,marking  ] GC(1) Concurrent Clear Claimed Marks
[0.929s][info][gc,marking  ] GC(1) Concurrent Clear Claimed Marks 0.014ms
[0.929s][info][gc,marking  ] GC(1) Concurrent Cleanup for Next Mark
[0.943s][info][gc,marking  ] GC(1) Concurrent Cleanup for Next Mark 13.970ms
[0.943s][info][gc          ] GC(1) Concurrent Mark Cycle 18.511ms
Ladies and gentlemen, this is your Controller speaking.
     1s: We are delighted in having you for benchmark run today.
     1s: 
     1s: Binary log file is ./specjbb2015-C-20240522-00001.data.gz
     1s: 
     1s: Performing handshake with all agents ...
     1s: 
     1s:  Agent Group1.TxInjector.CompositeTxInjector has attached to Controller
     1s:  Agent Group1.Backend.CompositeBackend has attached to Controller
     1s: 
     1s: All agents have connected.
     1s: 
     1s: Attached agents info:

Group "Group1"
    TxInjectors:
        CompositeTxInjector, includes { Driver } @ [local in-Java link]
    Backends:
        CompositeBackend, includes { SM(2),SP(2) } @ [local in-Java link]

     1s: Initializing... (init[1.489s][info][gc,start    ] GC(2) Pause Young (Normal) (G1 Evacuation Pause)
[1.489s][info][gc,task     ] GC(2) Using 8 workers of 8 for evacuation
[1.591s][info][gc,phases   ] GC(2)   Pre Evacuate Collection Set: 0.23ms
[1.591s][info][gc,phases   ] GC(2)   Merge Heap Roots: 0.04ms
[1.591s][info][gc,phases   ] GC(2)   Evacuate Collection Set: 100.76ms
[1.591s][info][gc,phases   ] GC(2)   Post Evacuate Collection Set: 0.79ms
[1.591s][info][gc,phases   ] GC(2)   Other: 0.06ms
[1.591s][info][gc,heap     ] GC(2) Eden regions: 63->0(56)
[1.591s][info][gc,heap     ] GC(2) Survivor regions: 1->8(8)
[1.591s][info][gc,heap     ] GC(2) Old regions: 0->23
[1.591s][info][gc,heap     ] GC(2) Humongous regions: 3->3
[1.591s][info][gc,metaspace] GC(2) Metaspace: 23719K(23808K)->23719K(23808K) NonClass: 23719K(23808K)->23719K(23808K) Class: 0K(0K)->0K(0K)
[1.591s][info][gc          ] GC(2) Pause Young (Normal) (G1 Evacuation Pause) 532M->267M(10240M) 101.997ms
[1.591s][info][gc,cpu      ] GC(2) User=0.64s Sys=0.14s Real=0.10s
[1.836s][info][gc,start    ] GC(3) Pause Young (Normal) (G1 Evacuation Pause)
[1.836s][info][gc,task     ] GC(3) Using 8 workers of 8 for evacuation
[2.020s][info][gc,phases   ] GC(3)   Pre Evacuate Collection Set: 0.22ms
[2.021s][info][gc,phases   ] GC(3)   Merge Heap Roots: 0.41ms
[2.021s][info][gc,phases   ] GC(3)   Evacuate Collection Set: 183.43ms
[2.021s][info][gc,phases   ] GC(3)   Post Evacuate Collection Set: 0.52ms
[2.021s][info][gc,phases   ] GC(3)   Other: 0.05ms
[2.021s][info][gc,heap     ] GC(3) Eden regions: 56->0(56)
[2.021s][info][gc,heap     ] GC(3) Survivor regions: 8->8(8)
[2.021s][info][gc,heap     ] GC(3) Old regions: 23->68
[2.021s][info][gc,heap     ] GC(3) Humongous regions: 3->3
[2.021s][info][gc,metaspace] GC(3) Metaspace: 23732K(23808K)->23732K(23808K) NonClass: 23732K(23808K)->23732K(23808K) Class: 0K(0K)->0K(0K)
[2.021s][info][gc          ] GC(3) Pause Young (Normal) (G1 Evacuation Pause) 715M->628M(10240M) 184.781ms
[2.021s][info][gc,cpu      ] GC(3) User=1.39s Sys=0.06s Real=0.18s
[2.421s][info][gc,start    ] GC(4) Pause Young (Normal) (G1 Evacuation Pause)
[2.421s][info][gc,task     ] GC(4) Using 8 workers of 8 for evacuation
[2.543s][info][gc,phases   ] GC(4)   Pre Evacuate Collection Set: 0.21ms
[2.543s][info][gc,phases   ] GC(4)   Merge Heap Roots: 0.05ms
[2.543s][info][gc,phases   ] GC(4)   Evacuate Collection Set: 121.32ms
[2.543s][info][gc,phases   ] GC(4)   Post Evacuate Collection Set: 0.22ms
[2.543s][info][gc,phases   ] GC(4)   Other: 0.06ms
[2.543s][info][gc,heap     ] GC(4) Eden regions: 56->0(56)
[2.543s][info][gc,heap     ] GC(4) Survivor regions: 8->8(8)
[2.543s][info][gc,heap     ] GC(4) Old regions: 68->101
[2.543s][info][gc,heap     ] GC(4) Humongous regions: 3->3
[2.543s][info][gc,metaspace] GC(4) Metaspace: 23811K(23936K)->23811K(23936K) NonClass: 23811K(23936K)->23811K(23936K) Class: 0K(0K)->0K(0K)
[2.543s][info][gc          ] GC(4) Pause Young (Normal) (G1 Evacuation Pause) 1076M->896M(10240M) 121.996ms
[2.543s][info][gc,cpu      ] GC(4) User=0.92s Sys=0.05s Real=0.12s
) OK
     2s: 
     2s: Check whether properties are compliant
     2s: (validation=PASSED) Property settings are COMPLIANT.
     2s: 
     2s: Searching for high-bound for max-jOPS possible for this system
     2s: Searching from base IR = 100
     2s:       rampup IR =      0 [reconfig (term) [2.923s][info][gc,start    ] GC(5) Pause Full (System.gc())
[2.923s][info][gc,task     ] GC(5) Using 8 workers of 8 for full compaction
[2.923s][info][gc,phases,start] GC(5) Phase 1: Mark live objects
[2.935s][info][gc,phases      ] GC(5) Phase 1: Mark live objects 12.000ms
[2.935s][info][gc,phases,start] GC(5) Phase 2: Prepare compaction
[2.944s][info][gc,phases      ] GC(5) Phase 2: Prepare compaction 8.466ms
[2.944s][info][gc,phases,start] GC(5) Phase 3: Adjust pointers
[2.956s][info][gc,phases      ] GC(5) Phase 3: Adjust pointers 12.236ms
[2.956s][info][gc,phases,start] GC(5) Phase 4: Compact heap
[2.968s][info][gc,phases      ] GC(5) Phase 4: Compact heap 12.414ms
[2.968s][info][gc,phases,start] GC(5) Phase 5: Reset Metadata
[2.970s][info][gc,phases      ] GC(5) Phase 5: Reset Metadata 1.242ms
[2.980s][info][gc,heap        ] GC(5) Eden regions: 27->0(64)
[2.980s][info][gc,heap        ] GC(5) Survivor regions: 8->0(8)
[2.980s][info][gc,heap        ] GC(5) Old regions: 101->13
[2.980s][info][gc,heap        ] GC(5) Humongous regions: 3->3
[2.980s][info][gc,metaspace   ] GC(5) Metaspace: 24065K(24192K)->24065K(24192K) NonClass: 24065K(24192K)->24065K(24192K) Class: 0K(0K)->0K(0K)
[2.980s][info][gc             ] GC(5) Pause Full (System.gc()) 1106M->89M(10240M) 57.487ms
[2.980s][info][gc,cpu         ] GC(5) User=0.35s Sys=0.00s Real=0.06s
(init[3.314s][info][gc,start       ] GC(6) Pause Young (Normal) (G1 Evacuation Pause)
[3.314s][info][gc,task        ] GC(6) Using 8 workers of 8 for evacuation
[3.438s][info][gc,phases      ] GC(6)   Pre Evacuate Collection Set: 0.23ms
[3.438s][info][gc,phases      ] GC(6)   Merge Heap Roots: 0.04ms
[3.438s][info][gc,phases      ] GC(6)   Evacuate Collection Set: 123.00ms
[3.438s][info][gc,phases      ] GC(6)   Post Evacuate Collection Set: 0.48ms
[3.438s][info][gc,phases      ] GC(6)   Other: 0.05ms
[3.438s][info][gc,heap        ] GC(6) Eden regions: 64->0(56)
[3.438s][info][gc,heap        ] GC(6) Survivor regions: 0->8(8)
[3.438s][info][gc,heap        ] GC(6) Old regions: 13->56
[3.438s][info][gc,heap        ] GC(6) Humongous regions: 3->3
[3.438s][info][gc,metaspace   ] GC(6) Metaspace: 24075K(24192K)->24075K(24192K) NonClass: 24075K(24192K)->24075K(24192K) Class: 0K(0K)->0K(0K)
[3.438s][info][gc             ] GC(6) Pause Young (Normal) (G1 Evacuation Pause) 601M->497M(10240M) 123.908ms
[3.438s][info][gc,cpu         ] GC(6) User=0.97s Sys=0.00s Real=0.13s
[3.698s][info][gc,start       ] GC(7) Pause Young (Normal) (G1 Evacuation Pause)
[3.698s][info][gc,task        ] GC(7) Using 8 workers of 8 for evacuation
[3.804s][info][gc,phases      ] GC(7)   Pre Evacuate Collection Set: 0.21ms
[3.804s][info][gc,phases      ] GC(7)   Merge Heap Roots: 0.29ms
[3.804s][info][gc,phases      ] GC(7)   Evacuate Collection Set: 105.00ms
[3.804s][info][gc,phases      ] GC(7)   Post Evacuate Collection Set: 0.33ms
[3.804s][info][gc,phases      ] GC(7)   Other: 0.05ms
[3.804s][info][gc,heap        ] GC(7) Eden regions: 56->0(56)
[3.804s][info][gc,heap        ] GC(7) Survivor regions: 8->8(8)
[3.804s][info][gc,heap        ] GC(7) Old regions: 56->86
[3.804s][info][gc,heap        ] GC(7) Humongous regions: 3->3
[3.804s][info][gc,metaspace   ] GC(7) Metaspace: 24081K(24192K)->24081K(24192K) NonClass: 24081K(24192K)->24081K(24192K) Class: 0K(0K)->0K(0K)
[3.804s][info][gc             ] GC(7) Pause Young (Normal) (G1 Evacuation Pause) 945M->737M(10240M) 106.015ms
[3.804s][info][gc,cpu         ] GC(7) User=0.77s Sys=0.00s Real=0.10s
) ] ... (rIR:aIR:PR = 0:0:0) (tPR = 0) [OK] 
     6s:       rampup IR =     10 ..[9.508s][info][gc,start       ] GC(8) Pause Young (Normal) (G1 Evacuation Pause)
[9.508s][info][gc,task        ] GC(8) Using 8 workers of 8 for evacuation
[9.595s][info][gc,phases      ] GC(8)   Pre Evacuate Collection Set: 0.25ms
[9.595s][info][gc,phases      ] GC(8)   Merge Heap Roots: 0.13ms
[9.595s][info][gc,phases      ] GC(8)   Evacuate Collection Set: 86.28ms
[9.595s][info][gc,phases      ] GC(8)   Post Evacuate Collection Set: 0.51ms
[9.595s][info][gc,phases      ] GC(8)   Other: 0.05ms
[9.595s][info][gc,heap        ] GC(8) Eden regions: 56->0(56)
[9.595s][info][gc,heap        ] GC(8) Survivor regions: 8->8(8)
[9.595s][info][gc,heap        ] GC(8) Old regions: 86->105
[9.595s][info][gc,heap        ] GC(8) Humongous regions: 3->3
[9.595s][info][gc,metaspace   ] GC(8) Metaspace: 25289K(25408K)->25289K(25408K) NonClass: 25289K(25408K)->25289K(25408K) Class: 0K(0K)->0K(0K)
[9.595s][info][gc             ] GC(8) Pause Young (Normal) (G1 Evacuation Pause) 1185M->889M(10240M) 87.350ms
[9.595s][info][gc,cpu         ] GC(8) User=0.68s Sys=0.00s Real=0.08s
. (rIR:aIR:PR = 10:12:12) (tPR = 781) [OK] 
    10s:       rampup IR =     20 ... (rIR:aIR:PR = 20:20:20) (tPR = 1626) [OK] 
    13s:       rampup IR =     30 .... (rIR:aIR:PR = 30:26:26) (tPR = 1852) [OK] 
    17s:       rampup IR =     40 .... (rIR:aIR:PR = 40:41:41) (tPR = 3167) [OK] 
    21s:       rampup IR =     50 .... (rIR:aIR:PR = 50:52:50) (tPR = 3604) [OK] 
    25s:       rampup IR =     60 .... (rIR:aIR:PR = 60:60:59) (tPR = 3724) [OK] 
    29s:       rampup IR =     70 .... (rIR:aIR:PR = 70:74:72) (tPR = 4758) [OK] 
    33s:       rampup IR =     80 .... (rIR:aIR:PR = 80:83:81) (tPR = 4570) [OK] 
    37s:       rampup IR =     90 .... (rIR:aIR:PR = 90:88:86) (tPR = 4228) [OK] 
    41s:       rampup IR =    100 .... (rIR:aIR:PR = 100:103:101) (tPR = 4387) [OK] 
    45s:    snapshot, IR =    100 ..[47.592s][info][gc,start       ] GC(9) Pause Young (Normal) (G1 Evacuation Pause)
[47.592s][info][gc,task        ] GC(9) Using 8 workers of 8 for evacuation
[47.641s][info][gc,phases      ] GC(9)   Pre Evacuate Collection Set: 0.27ms
[47.641s][info][gc,phases      ] GC(9)   Merge Heap Roots: 0.37ms
[47.641s][info][gc,phases      ] GC(9)   Evacuate Collection Set: 48.32ms
[47.641s][info][gc,phases      ] GC(9)   Post Evacuate Collection Set: 0.38ms
[47.641s][info][gc,phases      ] GC(9)   Other: 0.05ms
[47.641s][info][gc,heap        ] GC(9) Eden regions: 56->0(59)
[47.641s][info][gc,heap        ] GC(9) Survivor regions: 8->5(8)
[47.641s][info][gc,heap        ] GC(9) Old regions: 105->116
[47.641s][info][gc,heap        ] GC(9) Humongous regions: 3->3
[47.641s][info][gc,metaspace   ] GC(9) Metaspace: 26131K(26240K)->26131K(26240K) NonClass: 26131K(26240K)->26131K(26240K) Class: 0K(0K)->0K(0K)
[47.641s][info][gc             ] GC(9) Pause Young (Normal) (G1 Evacuation Pause) 1337M->943M(10240M) 49.514ms
[47.641s][info][gc,cpu         ] GC(9) User=0.37s Sys=0.02s Real=0.05s
..|........................[73.709s][info][gc,start       ] GC(10) Pause Young (Normal) (G1 Evacuation Pause)
[73.709s][info][gc,task        ] GC(10) Using 8 workers of 8 for evacuation
[73.733s][info][gc,phases      ] GC(10)   Pre Evacuate Collection Set: 0.27ms
[73.733s][info][gc,phases      ] GC(10)   Merge Heap Roots: 0.17ms
[73.733s][info][gc,phases      ] GC(10)   Evacuate Collection Set: 23.84ms
[73.734s][info][gc,phases      ] GC(10)   Post Evacuate Collection Set: 0.35ms
[73.734s][info][gc,phases      ] GC(10)   Other: 0.06ms
[73.734s][info][gc,heap        ] GC(10) Eden regions: 59->0(56)
[73.734s][info][gc,heap        ] GC(10) Survivor regions: 5->8(8)
[73.734s][info][gc,heap        ] GC(10) Old regions: 116->116
[73.734s][info][gc,heap        ] GC(10) Humongous regions: 3->3
[73.734s][info][gc,metaspace   ] GC(10) Metaspace: 28132K(28288K)->28132K(28288K) NonClass: 28132K(28288K)->28132K(28288K) Class: 0K(0K)->0K(0K)
[73.734s][info][gc             ] GC(10) Pause Young (Normal) (G1 Evacuation Pause) 1415M->970M(10240M) 24.806ms
[73.734s][info][gc,cpu         ] GC(10) User=0.20s Sys=0.00s Real=0.02s
...... (rIR:aIR:PR = 100:99:97) (tPR = 3057) [OK] 
    79s: Performing snapshot: (quiescence.....) (stop TxI) (stop BE) (saving... 103369 Kb) (term) [86.266s][info][gc,start       ] GC(11) Pause Full (System.gc())
[86.266s][info][gc,task        ] GC(11) Using 8 workers of 8 for full compaction
[86.267s][info][gc,phases,start] GC(11) Phase 1: Mark live objects
[86.280s][info][gc,phases      ] GC(11) Phase 1: Mark live objects 13.451ms
[86.280s][info][gc,phases,start] GC(11) Phase 2: Prepare compaction
[86.283s][info][gc,phases      ] GC(11) Phase 2: Prepare compaction 3.307ms
[86.283s][info][gc,phases,start] GC(11) Phase 3: Adjust pointers
[86.292s][info][gc,phases      ] GC(11) Phase 3: Adjust pointers 8.425ms
[86.292s][info][gc,phases,start] GC(11) Phase 4: Compact heap
[86.296s][info][gc,phases      ] GC(11) Phase 4: Compact heap 3.902ms
[86.296s][info][gc,phases,start] GC(11) Phase 5: Reset Metadata
[86.300s][info][gc,phases      ] GC(11) Phase 5: Reset Metadata 4.286ms
[86.311s][info][gc,heap        ] GC(11) Eden regions: 38->0(64)
[86.311s][info][gc,heap        ] GC(11) Survivor regions: 8->0(8)
[86.311s][info][gc,heap        ] GC(11) Old regions: 116->12
[86.311s][info][gc,heap        ] GC(11) Humongous regions: 77->18
[86.311s][info][gc,metaspace   ] GC(11) Metaspace: 28293K(28480K)->28293K(28480K) NonClass: 28293K(28480K)->28293K(28480K) Class: 0K(0K)->0K(0K)
[86.311s][info][gc             ] GC(11) Pause Full (System.gc()) 1860M->211M(10240M) 45.072ms
[86.311s][info][gc,cpu         ] GC(11) User=0.26s Sys=0.01s Real=0.04s
(init[86.882s][info][gc,start       ] GC(12) Pause Young (Normal) (G1 Evacuation Pause)
[86.882s][info][gc,task        ] GC(12) Using 8 workers of 8 for evacuation
[86.993s][info][gc,phases      ] GC(12)   Pre Evacuate Collection Set: 0.21ms
[86.993s][info][gc,phases      ] GC(12)   Merge Heap Roots: 0.16ms
[86.993s][info][gc,phases      ] GC(12)   Evacuate Collection Set: 110.05ms
[86.993s][info][gc,phases      ] GC(12)   Post Evacuate Collection Set: 0.29ms
[86.993s][info][gc,phases      ] GC(12)   Other: 0.05ms
[86.993s][info][gc,heap        ] GC(12) Eden regions: 64->0(56)
[86.993s][info][gc,heap        ] GC(12) Survivor regions: 0->8(8)
[86.993s][info][gc,heap        ] GC(12) Old regions: 12->26
[86.993s][info][gc,heap        ] GC(12) Humongous regions: 24->24
[86.993s][info][gc,metaspace   ] GC(12) Metaspace: 28368K(28480K)->28368K(28480K) NonClass: 28368K(28480K)->28368K(28480K) Class: 0K(0K)->0K(0K)
[86.993s][info][gc             ] GC(12) Pause Young (Normal) (G1 Evacuation Pause) 771M->432M(10240M) 110.926ms
[86.993s][info][gc,cpu         ] GC(12) User=0.84s Sys=0.01s Real=0.11s
[87.285s][info][gc,start       ] GC(13) Pause Young (Normal) (G1 Evacuation Pause)
[87.285s][info][gc,task        ] GC(13) Using 8 workers of 8 for evacuation
[87.427s][info][gc,phases      ] GC(13)   Pre Evacuate Collection Set: 0.22ms
[87.427s][info][gc,phases      ] GC(13)   Merge Heap Roots: 0.19ms
[87.427s][info][gc,phases      ] GC(13)   Evacuate Collection Set: 140.98ms
[87.427s][info][gc,phases      ] GC(13)   Post Evacuate Collection Set: 0.31ms
[87.427s][info][gc,phases      ] GC(13)   Other: 0.05ms
[87.427s][info][gc,heap        ] GC(13) Eden regions: 56->0(56)
[87.427s][info][gc,heap        ] GC(13) Survivor regions: 8->8(8)
[87.427s][info][gc,heap        ] GC(13) Old regions: 26->58
[87.427s][info][gc,heap        ] GC(13) Humongous regions: 28->28
[87.427s][info][gc,metaspace   ] GC(13) Metaspace: 28384K(28544K)->28384K(28544K) NonClass: 28384K(28544K)->28384K(28544K) Class: 0K(0K)->0K(0K)
[87.427s][info][gc             ] GC(13) Pause Young (Normal) (G1 Evacuation Pause) 912M->723M(10240M) 141.888ms
[87.427s][info][gc,cpu         ] GC(13) User=1.12s Sys=0.00s Real=0.15s
[87.951s][info][gc,start       ] GC(14) Pause Young (Normal) (G1 Evacuation Pause)
[87.951s][info][gc,task        ] GC(14) Using 8 workers of 8 for evacuation
[88.065s][info][gc,phases      ] GC(14)   Pre Evacuate Collection Set: 0.23ms
[88.065s][info][gc,phases      ] GC(14)   Merge Heap Roots: 0.29ms
[88.065s][info][gc,phases      ] GC(14)   Evacuate Collection Set: 112.76ms
[88.065s][info][gc,phases      ] GC(14)   Post Evacuate Collection Set: 0.39ms
[88.065s][info][gc,phases      ] GC(14)   Other: 0.05ms
[88.065s][info][gc,heap        ] GC(14) Eden regions: 56->0(56)
[88.065s][info][gc,heap        ] GC(14) Survivor regions: 8->8(8)
[88.065s][info][gc,heap        ] GC(14) Old regions: 58->80
[88.065s][info][gc,heap        ] GC(14) Humongous regions: 35->35
[88.065s][info][gc,metaspace   ] GC(14) Metaspace: 28391K(28544K)->28391K(28544K) NonClass: 28391K(28544K)->28391K(28544K) Class: 0K(0K)->0K(0K)
[88.065s][info][gc             ] GC(14) Pause Young (Normal) (G1 Evacuation Pause) 1227M->951M(10240M) 113.848ms
[88.065s][info][gc,cpu         ] GC(14) User=0.89s Sys=0.00s Real=0.11s
[88.117s][info][gc,start       ] GC(15) Pause Young (Normal) (G1 Evacuation Pause)
[88.117s][info][gc,task        ] GC(15) Using 8 workers of 8 for evacuation
[88.268s][info][gc,phases      ] GC(15)   Pre Evacuate Collection Set: 0.22ms
[88.268s][info][gc,phases      ] GC(15)   Merge Heap Roots: 0.17ms
[88.268s][info][gc,phases      ] GC(15)   Evacuate Collection Set: 149.76ms
[88.268s][info][gc,phases      ] GC(15)   Post Evacuate Collection Set: 0.21ms
[88.268s][info][gc,phases      ] GC(15)   Other: 0.05ms
[88.268s][info][gc,heap        ] GC(15) Eden regions: 56->0(56)
[88.268s][info][gc,heap        ] GC(15) Survivor regions: 8->8(8)
[88.268s][info][gc,heap        ] GC(15) Old regions: 80->131
[88.268s][info][gc,heap        ] GC(15) Humongous regions: 35->35
[88.268s][info][gc,metaspace   ] GC(15) Metaspace: 28391K(28544K)->28391K(28544K) NonClass: 28391K(28544K)->28391K(28544K) Class: 0K(0K)->0K(0K)
[88.268s][info][gc             ] GC(15) Pause Young (Normal) (G1 Evacuation Pause) 1399M->1359M(10240M) 150.554ms
[88.268s][info][gc,cpu         ] GC(15) User=1.18s Sys=0.01s Real=0.15s
) ...
    91s:       rampup IR =      0 ... (rIR:aIR:PR = 0:0:0) (tPR = 0) [OK] 
    94s:       rampup IR =     10 ... (rIR:aIR:PR = 10:11:11) (tPR = 166) [OK] 
    97s:       rampup IR =     20 ... (rIR:aIR:PR = 20:21:21) (tPR = 509) [OK] 
   100s:       rampup IR =     30 .... (rIR:aIR:PR = 30:31:31) (tPR = 741) [OK] 
   104s:       rampup IR =     40 .... (rIR:aIR:PR = 40:40:40) (tPR = 926) [OK] 
   108s:       rampup IR =     50 .... (rIR:aIR:PR = 50:51:51) (tPR = 1204) [OK] 
   112s:       rampup IR =     60 .... (rIR:aIR:PR = 60:63:61) (tPR = 1471) [OK] 
   116s:       rampup IR =     70 .... (rIR:aIR:PR = 70:73:71) (tPR = 1714) [OK] 
   120s:       rampup IR =     80 .... (rIR:aIR:PR = 80:80:78) (tPR = 1914) [OK] 
   124s:       rampup IR =     90 .... (rIR:aIR:PR = 90:96:94) (tPR = 2098) [OK] 
   128s:       rampup IR =    100 .... (rIR:aIR:PR = 100:101:99) (tPR = 2285) [OK] 
   132s:       trying IR =    200 ...[136.292s][info][gc,start       ] GC(16) Pause Young (Normal) (G1 Evacuation Pause)
[136.292s][info][gc,task        ] GC(16) Using 8 workers of 8 for evacuation
[136.363s][info][gc,phases      ] GC(16)   Pre Evacuate Collection Set: 0.27ms
[136.363s][info][gc,phases      ] GC(16)   Merge Heap Roots: 0.43ms
[136.363s][info][gc,phases      ] GC(16)   Evacuate Collection Set: 69.25ms
[136.363s][info][gc,phases      ] GC(16)   Post Evacuate Collection Set: 0.46ms
[136.363s][info][gc,phases      ] GC(16)   Other: 0.06ms
[136.363s][info][gc,heap        ] GC(16) Eden regions: 56->0(56)
[136.363s][info][gc,heap        ] GC(16) Survivor regions: 8->8(8)
[136.363s][info][gc,heap        ] GC(16) Old regions: 131->148
[136.363s][info][gc,heap        ] GC(16) Humongous regions: 35->35
[136.363s][info][gc,metaspace   ] GC(16) Metaspace: 28539K(28736K)->28539K(28736K) NonClass: 28539K(28736K)->28539K(28736K) Class: 0K(0K)->0K(0K)
[136.363s][info][gc             ] GC(16) Pause Young (Normal) (G1 Evacuation Pause) 1807M->1499M(10240M) 70.606ms
[136.363s][info][gc,cpu         ] GC(16) User=0.54s Sys=0.01s Real=0.07s
. (rIR:aIR:PR = 200:196:191) (tPR = 4017) [OK] 
   136s:       trying IR =    220 .... (rIR:aIR:PR = 220:220:215) (tPR = 4106) [OK] 
   140s:       trying IR =    244 .... (rIR:aIR:PR = 244:237:232) (tPR = 4358) [OK] 
   144s:       trying IR =    273 .... (rIR:aIR:PR = 273:271:265) (tPR = 5645) [OK] 
   148s:       trying IR =    307 .[150.099s][info][gc,start       ] GC(17) Pause Young (Normal) (G1 Evacuation Pause)
[150.099s][info][gc,task        ] GC(17) Using 8 workers of 8 for evacuation
[150.140s][info][gc,phases      ] GC(17)   Pre Evacuate Collection Set: 0.27ms
[150.140s][info][gc,phases      ] GC(17)   Merge Heap Roots: 0.43ms
[150.140s][info][gc,phases      ] GC(17)   Evacuate Collection Set: 39.62ms
[150.140s][info][gc,phases      ] GC(17)   Post Evacuate Collection Set: 0.43ms
[150.140s][info][gc,phases      ] GC(17)   Other: 0.05ms
[150.140s][info][gc,heap        ] GC(17) Eden regions: 56->0(59)
[150.140s][info][gc,heap        ] GC(17) Survivor regions: 8->5(8)
[150.140s][info][gc,heap        ] GC(17) Old regions: 148->157
[150.140s][info][gc,heap        ] GC(17) Humongous regions: 35->35
[150.140s][info][gc,metaspace   ] GC(17) Metaspace: 28664K(28800K)->28664K(28800K) NonClass: 28664K(28800K)->28664K(28800K) Class: 0K(0K)->0K(0K)
[150.140s][info][gc             ] GC(17) Pause Young (Normal) (G1 Evacuation Pause) 1947M->1542M(10240M) 40.926ms
[150.140s][info][gc,cpu         ] GC(17) User=0.32s Sys=0.00s Real=0.04s
... (rIR:aIR:PR = 307:311:304) (tPR = 5604) [OK] 
   152s:       trying IR =    349 .....[158.134s][info][gc,start       ] GC(18) Pause Young (Normal) (G1 Evacuation Pause)
[158.134s][info][gc,task        ] GC(18) Using 8 workers of 8 for evacuation
[158.163s][info][gc,phases      ] GC(18)   Pre Evacuate Collection Set: 0.27ms
[158.163s][info][gc,phases      ] GC(18)   Merge Heap Roots: 0.36ms
[158.163s][info][gc,phases      ] GC(18)   Evacuate Collection Set: 27.65ms
[158.163s][info][gc,phases      ] GC(18)   Post Evacuate Collection Set: 0.34ms
[158.163s][info][gc,phases      ] GC(18)   Other: 0.05ms
[158.163s][info][gc,heap        ] GC(18) Eden regions: 59->0(56)
[158.163s][info][gc,heap        ] GC(18) Survivor regions: 5->8(8)
[158.163s][info][gc,heap        ] GC(18) Old regions: 157->157
[158.163s][info][gc,heap        ] GC(18) Humongous regions: 35->35
[158.163s][info][gc,metaspace   ] GC(18) Metaspace: 28708K(28864K)->28708K(28864K) NonClass: 28708K(28864K)->28708K(28864K) Class: 0K(0K)->0K(0K)
[158.163s][info][gc             ] GC(18) Pause Young (Normal) (G1 Evacuation Pause) 2014M->1565M(10240M) 28.813ms
[158.163s][info][gc,cpu         ] GC(18) User=0.22s Sys=0.00s Real=0.03s
. (rIR:aIR:PR = 349:352:344) (tPR = 6379) [OK] 
   158s:       trying IR =    399 .... (rIR:aIR:PR = 399:406:397) (tPR = 7462) [OK] 
   162s:       trying IR =    458 ..[164.751s][info][gc,start       ] GC(19) Pause Young (Normal) (G1 Evacuation Pause)
[164.751s][info][gc,task        ] GC(19) Using 8 workers of 8 for evacuation
[164.789s][info][gc,phases      ] GC(19)   Pre Evacuate Collection Set: 0.28ms
[164.789s][info][gc,phases      ] GC(19)   Merge Heap Roots: 0.36ms
[164.789s][info][gc,phases      ] GC(19)   Evacuate Collection Set: 36.82ms
[164.789s][info][gc,phases      ] GC(19)   Post Evacuate Collection Set: 0.40ms
[164.789s][info][gc,phases      ] GC(19)   Other: 0.06ms
[164.789s][info][gc,heap        ] GC(19) Eden regions: 56->0(76)
[164.789s][info][gc,heap        ] GC(19) Survivor regions: 8->7(8)
[164.789s][info][gc,heap        ] GC(19) Old regions: 157->161
[164.789s][info][gc,heap        ] GC(19) Humongous regions: 35->35
[164.789s][info][gc,metaspace   ] GC(19) Metaspace: 28755K(28864K)->28755K(28864K) NonClass: 28755K(28864K)->28755K(28864K) Class: 0K(0K)->0K(0K)
[164.789s][info][gc             ] GC(19) Pause Young (Normal) (G1 Evacuation Pause) 2013M->1592M(10240M) 38.053ms
[164.789s][info][gc,cpu         ] GC(19) User=0.29s Sys=0.00s Real=0.04s
.. (rIR:aIR:PR = 458:462:453) (tPR = 8716) [OK] 
   166s:       trying IR =    530 .... (rIR:aIR:PR = 530:535:524) (tPR = 9467) [OK] 
   170s:       trying IR =    616 .[172.119s][info][gc,start       ] GC(20) Pause Young (Normal) (G1 Evacuation Pause)
[172.120s][info][gc,task        ] GC(20) Using 8 workers of 8 for evacuation
[172.161s][info][gc,phases      ] GC(20)   Pre Evacuate Collection Set: 0.29ms
[172.162s][info][gc,phases      ] GC(20)   Merge Heap Roots: 0.32ms
[172.162s][info][gc,phases      ] GC(20)   Evacuate Collection Set: 40.87ms
[172.162s][info][gc,phases      ] GC(20)   Post Evacuate Collection Set: 0.41ms
[172.162s][info][gc,phases      ] GC(20)   Other: 0.06ms
[172.162s][info][gc,heap        ] GC(20) Eden regions: 82->0(173)
[172.162s][info][gc,heap        ] GC(20) Survivor regions: 7->9(12)
[172.162s][info][gc,heap        ] GC(20) Old regions: 161->164
[172.162s][info][gc,heap        ] GC(20) Humongous regions: 35->35
[172.162s][info][gc,metaspace   ] GC(20) Metaspace: 28783K(28992K)->28783K(28992K) NonClass: 28783K(28992K)->28783K(28992K) Class: 0K(0K)->0K(0K)
[172.162s][info][gc             ] GC(20) Pause Young (Normal) (G1 Evacuation Pause) 2248M->1627M(10240M) 42.081ms
[172.162s][info][gc,cpu         ] GC(20) User=0.30s Sys=0.03s Real=0.04s
... (rIR:aIR:PR = 616:619:606) (tPR = 10153) [OK] 
   174s:       trying IR =    719 .... (rIR:aIR:PR = 719:716:702) (tPR = 13042) [OK] 
   178s:       trying IR =    843 .... (rIR:aIR:PR = 843:834:818) (tPR = 15702) [OK] 
   182s:       trying IR =    992 .[183.972s][info][gc,start       ] GC(21) Pause Young (Normal) (G1 Evacuation Pause)
[183.972s][info][gc,task        ] GC(21) Using 8 workers of 8 for evacuation
[184.032s][info][gc,phases      ] GC(21)   Pre Evacuate Collection Set: 0.29ms
[184.032s][info][gc,phases      ] GC(21)   Merge Heap Roots: 0.29ms
[184.032s][info][gc,phases      ] GC(21)   Evacuate Collection Set: 58.98ms
[184.032s][info][gc,phases      ] GC(21)   Post Evacuate Collection Set: 0.58ms
[184.032s][info][gc,phases      ] GC(21)   Other: 0.08ms
[184.032s][info][gc,heap        ] GC(21) Eden regions: 190->0(236)
[184.032s][info][gc,heap        ] GC(21) Survivor regions: 9->18(25)
[184.032s][info][gc,heap        ] GC(21) Old regions: 164->164
[184.032s][info][gc,heap        ] GC(21) Humongous regions: 35->35
[184.032s][info][gc,metaspace   ] GC(21) Metaspace: 28830K(28992K)->28830K(28992K) NonClass: 28830K(28992K)->28830K(28992K) Class: 0K(0K)->0K(0K)
[184.032s][info][gc             ] GC(21) Pause Young (Normal) (G1 Evacuation Pause) 3147M->1704M(10240M) 60.372ms
[184.032s][info][gc,cpu         ] GC(21) User=0.45s Sys=0.02s Real=0.06s
... (rIR:aIR:PR = 992:996:974) (tPR = 17220) [OK] 
   186s:       trying IR =   1170 .... (rIR:aIR:PR = 1170:1159:1134) (tPR = 20396) [OK] 
   190s:       trying IR =   1384 ...[193.634s][info][gc,start       ] GC(22) Pause Young (Normal) (G1 Evacuation Pause)
[193.634s][info][gc,task        ] GC(22) Using 8 workers of 8 for evacuation
[193.722s][info][gc,phases      ] GC(22)   Pre Evacuate Collection Set: 0.29ms
[193.722s][info][gc,phases      ] GC(22)   Merge Heap Roots: 0.27ms
[193.722s][info][gc,phases      ] GC(22)   Evacuate Collection Set: 86.41ms
[193.722s][info][gc,phases      ] GC(22)   Post Evacuate Collection Set: 0.59ms
[193.722s][info][gc,phases      ] GC(22)   Other: 0.07ms
[193.722s][info][gc,heap        ] GC(22) Eden regions: 244->0(223)
[193.722s][info][gc,heap        ] GC(22) Survivor regions: 18->28(33)
[193.722s][info][gc,heap        ] GC(22) Old regions: 164->164
[193.722s][info][gc,heap        ] GC(22) Humongous regions: 35->35
[193.722s][info][gc,metaspace   ] GC(22) Metaspace: 28979K(29184K)->28979K(29184K) NonClass: 28979K(29184K)->28979K(29184K) Class: 0K(0K)->0K(0K)
[193.722s][info][gc             ] GC(22) Pause Young (Normal) (G1 Evacuation Pause) 3656M->1782M(10240M) 87.758ms
[193.722s][info][gc,cpu         ] GC(22) User=0.67s Sys=0.02s Real=0.09s
. (rIR:aIR:PR = 1384:1387:1369) (tPR = 23981) [OK] 
   194s:       trying IR =   1641 .... (rIR:aIR:PR = 1641:1648:1630) (tPR = 26599) [OK] 
   198s:       trying IR =   1949 .[200.089s][info][gc,start       ] GC(23) Pause Young (Normal) (G1 Evacuation Pause)
[200.090s][info][gc,task        ] GC(23) Using 8 workers of 8 for evacuation
[200.194s][info][gc,phases      ] GC(23)   Pre Evacuate Collection Set: 0.30ms
[200.194s][info][gc,phases      ] GC(23)   Merge Heap Roots: 0.29ms
[200.194s][info][gc,phases      ] GC(23)   Evacuate Collection Set: 103.65ms
[200.194s][info][gc,phases      ] GC(23)   Post Evacuate Collection Set: 0.61ms
[200.194s][info][gc,phases      ] GC(23)   Other: 0.06ms
[200.194s][info][gc,heap        ] GC(23) Eden regions: 226->0(238)
[200.194s][info][gc,heap        ] GC(23) Survivor regions: 28->24(32)
[200.194s][info][gc,heap        ] GC(23) Old regions: 164->176
[200.194s][info][gc,heap        ] GC(23) Humongous regions: 35->35
[200.194s][info][gc,metaspace   ] GC(23) Metaspace: 29017K(29184K)->29017K(29184K) NonClass: 29017K(29184K)->29017K(29184K) Class: 0K(0K)->0K(0K)
[200.195s][info][gc             ] GC(23) Pause Young (Normal) (G1 Evacuation Pause) 3590M->1844M(10240M) 105.021ms
[200.195s][info][gc,cpu         ] GC(23) User=0.80s Sys=0.02s Real=0.10s
... (rIR:aIR:PR = 1949:1940:1933) (tPR = 32697) [OK] 
   202s:       trying IR =   2319 ...[205.720s][info][gc,start       ] GC(24) Pause Young (Normal) (G1 Evacuation Pause)
[205.720s][info][gc,task        ] GC(24) Using 8 workers of 8 for evacuation
[205.818s][info][gc,phases      ] GC(24)   Pre Evacuate Collection Set: 0.29ms
[205.818s][info][gc,phases      ] GC(24)   Merge Heap Roots: 0.27ms
[205.818s][info][gc,phases      ] GC(24)   Evacuate Collection Set: 97.37ms
[205.818s][info][gc,phases      ] GC(24)   Post Evacuate Collection Set: 0.60ms
[205.818s][info][gc,phases      ] GC(24)   Other: 0.07ms
[205.818s][info][gc,heap        ] GC(24) Eden regions: 250->0(301)
[205.818s][info][gc,heap        ] GC(24) Survivor regions: 24->24(35)
[205.818s][info][gc,heap        ] GC(24) Old regions: 176->185
[205.818s][info][gc,heap        ] GC(24) Humongous regions: 35->35
[205.818s][info][gc,metaspace   ] GC(24) Metaspace: 29049K(29184K)->29049K(29184K) NonClass: 29049K(29184K)->29049K(29184K) Class: 0K(0K)->0K(0K)
[205.818s][info][gc             ] GC(24) Pause Young (Normal) (G1 Evacuation Pause) 3844M->1920M(10240M) 98.751ms
[205.818s][info][gc,cpu         ] GC(24) User=0.74s Sys=0.03s Real=0.10s
. (rIR:aIR:PR = 2319:2297:2297) (tPR = 37024) [OK] 
   206s:       trying IR =   2762 .... (rIR:aIR:PR = 2762:2775:2775) (tPR = 44114) [OK] 
   210s:       trying IR =   3295 .[211.706s][info][gc,start       ] GC(25) Pause Young (Normal) (G1 Evacuation Pause)
[211.706s][info][gc,task        ] GC(25) Using 8 workers of 8 for evacuation
[211.820s][info][gc,phases      ] GC(25)   Pre Evacuate Collection Set: 0.27ms
[211.820s][info][gc,phases      ] GC(25)   Merge Heap Roots: 0.29ms
[211.820s][info][gc,phases      ] GC(25)   Evacuate Collection Set: 112.50ms
[211.820s][info][gc,phases      ] GC(25)   Post Evacuate Collection Set: 0.75ms
[211.820s][info][gc,phases      ] GC(25)   Other: 0.07ms
[211.820s][info][gc,heap        ] GC(25) Eden regions: 304->0(312)
[211.820s][info][gc,heap        ] GC(25) Survivor regions: 24->29(41)
[211.820s][info][gc,heap        ] GC(25) Old regions: 185->193
[211.820s][info][gc,heap        ] GC(25) Humongous regions: 35->35
[211.820s][info][gc,metaspace   ] GC(25) Metaspace: 29256K(29440K)->29256K(29440K) NonClass: 29256K(29440K)->29256K(29440K) Class: 0K(0K)->0K(0K)
[211.820s][info][gc             ] GC(25) Pause Young (Normal) (G1 Evacuation Pause) 4352M->2022M(10240M) 114.003ms
[211.820s][info][gc,cpu         ] GC(25) User=0.85s Sys=0.05s Real=0.11s
... (rIR:aIR:PR = 3295:3308:3307) (tPR = 49691) [OK] 
   214s:       trying IR =   3934 ..[217.088s][info][gc,start       ] GC(26) Pause Young (Normal) (G1 Evacuation Pause)
[217.088s][info][gc,task        ] GC(26) Using 8 workers of 8 for evacuation
[217.208s][info][gc,phases      ] GC(26)   Pre Evacuate Collection Set: 0.29ms
[217.208s][info][gc,phases      ] GC(26)   Merge Heap Roots: 0.35ms
[217.208s][info][gc,phases      ] GC(26)   Evacuate Collection Set: 118.41ms
[217.208s][info][gc,phases      ] GC(26)   Post Evacuate Collection Set: 0.77ms
[217.208s][info][gc,phases      ] GC(26)   Other: 0.06ms
[217.208s][info][gc,heap        ] GC(26) Eden regions: 313->0(352)
[217.208s][info][gc,heap        ] GC(26) Survivor regions: 29->31(43)
[217.208s][info][gc,heap        ] GC(26) Old regions: 193->201
[217.208s][info][gc,heap        ] GC(26) Humongous regions: 35->35
[217.208s][info][gc,metaspace   ] GC(26) Metaspace: 29514K(29696K)->29514K(29696K) NonClass: 29514K(29696K)->29514K(29696K) Class: 0K(0K)->0K(0K)
[217.208s][info][gc             ] GC(26) Pause Young (Normal) (G1 Evacuation Pause) 4526M->2106M(10240M) 120.018ms
[217.208s][info][gc,cpu         ] GC(26) User=0.90s Sys=0.04s Real=0.12s
.. (rIR:aIR:PR = 3934:3951:3951) (tPR = 58489) [OK] 
   218s:       trying IR =   4701 ...[221.973s][info][gc,start       ] GC(27) Pause Young (Normal) (G1 Evacuation Pause)
[221.973s][info][gc,task        ] GC(27) Using 8 workers of 8 for evacuation
[222.107s][info][gc,phases      ] GC(27)   Pre Evacuate Collection Set: 0.25ms
[222.107s][info][gc,phases      ] GC(27)   Merge Heap Roots: 0.34ms
[222.107s][info][gc,phases      ] GC(27)   Evacuate Collection Set: 132.49ms
[222.107s][info][gc,phases      ] GC(27)   Post Evacuate Collection Set: 0.81ms
[222.107s][info][gc,phases      ] GC(27)   Other: 0.07ms
[222.107s][info][gc,heap        ] GC(27) Eden regions: 340->0(369)
[222.107s][info][gc,heap        ] GC(27) Survivor regions: 31->33(47)
[222.107s][info][gc,heap        ] GC(27) Old regions: 201->210
[222.107s][info][gc,heap        ] GC(27) Humongous regions: 35->35
[222.107s][info][gc,metaspace   ] GC(27) Metaspace: 29541K(29696K)->29541K(29696K) NonClass: 29541K(29696K)->29541K(29696K) Class: 0K(0K)->0K(0K)
[222.107s][info][gc             ] GC(27) Pause Young (Normal) (G1 Evacuation Pause) 4826M->2190M(10240M) 134.082ms
[222.107s][info][gc,cpu         ] GC(27) User=1.01s Sys=0.05s Real=0.14s
. (rIR:aIR:PR = 4701:4727:4727) (tPR = 72782) [OK] 
   222s:       trying IR =   5621 ...[226.390s][info][gc,start       ] GC(28) Pause Young (Normal) (G1 Evacuation Pause)
[226.390s][info][gc,task        ] GC(28) Using 8 workers of 8 for evacuation
[226.521s][info][gc,phases      ] GC(28)   Pre Evacuate Collection Set: 0.27ms
[226.521s][info][gc,phases      ] GC(28)   Merge Heap Roots: 0.34ms
[226.521s][info][gc,phases      ] GC(28)   Evacuate Collection Set: 129.31ms
[226.521s][info][gc,phases      ] GC(28)   Post Evacuate Collection Set: 0.82ms
[226.521s][info][gc,phases      ] GC(28)   Other: 0.07ms
[226.521s][info][gc,heap        ] GC(28) Eden regions: 366->0(389)
[226.521s][info][gc,heap        ] GC(28) Survivor regions: 33->34(50)
[226.521s][info][gc,heap        ] GC(28) Old regions: 210->219
[226.521s][info][gc,heap        ] GC(28) Humongous regions: 35->35
[226.521s][info][gc,metaspace   ] GC(28) Metaspace: 29558K(29760K)->29558K(29760K) NonClass: 29558K(29760K)->29558K(29760K) Class: 0K(0K)->0K(0K)
[226.521s][info][gc             ] GC(28) Pause Young (Normal) (G1 Evacuation Pause) 5118M->2268M(10240M) 130.949ms
[226.521s][info][gc,cpu         ] GC(28) User=0.98s Sys=0.05s Real=0.13s
. (rIR:aIR:PR = 5621:5517:5436) (tPR = 81034) [OK] 
   226s:       trying IR =   6725 ...[230.241s][info][gc,start       ] GC(29) Pause Young (Normal) (G1 Evacuation Pause)
[230.241s][info][gc,task        ] GC(29) Using 8 workers of 8 for evacuation
[230.383s][info][gc,phases      ] GC(29)   Pre Evacuate Collection Set: 0.26ms
[230.383s][info][gc,phases      ] GC(29)   Merge Heap Roots: 0.39ms
[230.383s][info][gc,phases      ] GC(29)   Evacuate Collection Set: 140.45ms
[230.383s][info][gc,phases      ] GC(29)   Post Evacuate Collection Set: 0.87ms
[230.383s][info][gc,phases      ] GC(29)   Other: 0.07ms
[230.383s][info][gc,heap        ] GC(29) Eden regions: 387->0(421)
[230.383s][info][gc,heap        ] GC(29) Survivor regions: 34->38(53)
[230.383s][info][gc,heap        ] GC(29) Old regions: 219->227
[230.383s][info][gc,heap        ] GC(29) Humongous regions: 35->35
[230.383s][info][gc,metaspace   ] GC(29) Metaspace: 29579K(29760K)->29579K(29760K) NonClass: 29579K(29760K)->29579K(29760K) Class: 0K(0K)->0K(0K)
[230.383s][info][gc             ] GC(29) Pause Young (Normal) (G1 Evacuation Pause) 5364M->2371M(10240M) 142.177ms
[230.383s][info][gc,cpu         ] GC(29) User=1.07s Sys=0.04s Real=0.14s
. (rIR:aIR:PR = 6725:6663:6648) (tPR = 101436) [OK] 
   230s:       trying IR =   8050 ...[233.688s][info][gc,start       ] GC(30) Pause Young (Normal) (G1 Evacuation Pause)
[233.688s][info][gc,task        ] GC(30) Using 8 workers of 8 for evacuation
[233.832s][info][gc,phases      ] GC(30)   Pre Evacuate Collection Set: 0.26ms
[233.832s][info][gc,phases      ] GC(30)   Merge Heap Roots: 0.36ms
[233.832s][info][gc,phases      ] GC(30)   Evacuate Collection Set: 142.79ms
[233.832s][info][gc,phases      ] GC(30)   Post Evacuate Collection Set: 0.94ms
[233.832s][info][gc,phases      ] GC(30)   Other: 0.08ms
[233.832s][info][gc,heap        ] GC(30) Eden regions: 419->0(426)
[233.832s][info][gc,heap        ] GC(30) Survivor regions: 38->37(58)
[233.833s][info][gc,heap        ] GC(30) Old regions: 227->236
[233.833s][info][gc,heap        ] GC(30) Humongous regions: 35->35
[233.833s][info][gc,metaspace   ] GC(30) Metaspace: 29588K(29760K)->29588K(29760K) NonClass: 29588K(29760K)->29588K(29760K) Class: 0K(0K)->0K(0K)
[233.833s][info][gc             ] GC(30) Pause Young (Normal) (G1 Evacuation Pause) 5723M->2430M(10240M) 144.552ms
[233.833s][info][gc,cpu         ] GC(30) User=1.07s Sys=0.06s Real=0.14s
. (rIR:aIR:PR = 8050:8149:8149) (tPR = 121282) [OK] 
   234s:       trying IR =   9640 ..[236.802s][info][gc,start       ] GC(31) Pause Young (Normal) (G1 Evacuation Pause)
[236.802s][info][gc,task        ] GC(31) Using 8 workers of 8 for evacuation
[236.946s][info][gc,phases      ] GC(31)   Pre Evacuate Collection Set: 0.25ms
[236.946s][info][gc,phases      ] GC(31)   Merge Heap Roots: 0.35ms
[236.946s][info][gc,phases      ] GC(31)   Evacuate Collection Set: 142.19ms
[236.946s][info][gc,phases      ] GC(31)   Post Evacuate Collection Set: 0.95ms
[236.946s][info][gc,phases      ] GC(31)   Other: 0.07ms
[236.946s][info][gc,heap        ] GC(31) Eden regions: 424->0(488)
[236.946s][info][gc,heap        ] GC(31) Survivor regions: 37->40(58)
[236.946s][info][gc,heap        ] GC(31) Old regions: 236->244
[236.946s][info][gc,heap        ] GC(31) Humongous regions: 35->35
[236.946s][info][gc,metaspace   ] GC(31) Metaspace: 29591K(29760K)->29591K(29760K) NonClass: 29591K(29760K)->29591K(29760K) Class: 0K(0K)->0K(0K)
[236.946s][info][gc             ] GC(31) Pause Young (Normal) (G1 Evacuation Pause) 5822M->2515M(10240M) 143.950ms
[236.946s][info][gc,cpu         ] GC(31) User=1.12s Sys=0.01s Real=0.15s
.. (rIR:aIR:PR = 9640:9477:9477) (tPR = 145372) [OK] 
   238s:       trying IR =  11548 .[240.039s][info][gc,start       ] GC(32) Pause Young (Normal) (G1 Evacuation Pause)
[240.039s][info][gc,task        ] GC(32) Using 8 workers of 8 for evacuation
[240.192s][info][gc,phases      ] GC(32)   Pre Evacuate Collection Set: 0.28ms
[240.192s][info][gc,phases      ] GC(32)   Merge Heap Roots: 0.38ms
[240.192s][info][gc,phases      ] GC(32)   Evacuate Collection Set: 151.33ms
[240.192s][info][gc,phases      ] GC(32)   Post Evacuate Collection Set: 0.99ms
[240.192s][info][gc,phases      ] GC(32)   Other: 0.07ms
[240.192s][info][gc,heap        ] GC(32) Eden regions: 482->0(469)
[240.192s][info][gc,heap        ] GC(32) Survivor regions: 40->40(66)
[240.192s][info][gc,heap        ] GC(32) Old regions: 244->252
[240.192s][info][gc,heap        ] GC(32) Humongous regions: 35->35
[240.192s][info][gc,metaspace   ] GC(32) Metaspace: 29613K(29760K)->29613K(29760K) NonClass: 29613K(29760K)->29613K(29760K) Class: 0K(0K)->0K(0K)
[240.192s][info][gc             ] GC(32) Pause Young (Normal) (G1 Evacuation Pause) 6371M->2578M(10240M) 153.169ms
[240.192s][info][gc,cpu         ] GC(32) User=1.13s Sys=0.07s Real=0.15s
...[242.730s][info][gc,start       ] GC(33) Pause Young (Normal) (G1 Evacuation Pause)
[242.730s][info][gc,task        ] GC(33) Using 8 workers of 8 for evacuation
[242.870s][info][gc,phases      ] GC(33)   Pre Evacuate Collection Set: 0.29ms
[242.870s][info][gc,phases      ] GC(33)   Merge Heap Roots: 0.44ms
[242.870s][info][gc,phases      ] GC(33)   Evacuate Collection Set: 137.95ms
[242.870s][info][gc,phases      ] GC(33)   Post Evacuate Collection Set: 0.99ms
[242.870s][info][gc,phases      ] GC(33)   Other: 0.07ms
[242.870s][info][gc,heap        ] GC(33) Eden regions: 466->0(538)
[242.870s][info][gc,heap        ] GC(33) Survivor regions: 40->40(64)
[242.870s][info][gc,heap        ] GC(33) Old regions: 252->260
[242.870s][info][gc,heap        ] GC(33) Humongous regions: 35->35
[242.870s][info][gc,metaspace   ] GC(33) Metaspace: 29624K(29760K)->29624K(29760K) NonClass: 29624K(29760K)->29624K(29760K) Class: 0K(0K)->0K(0K)
[242.870s][info][gc             ] GC(33) Pause Young (Normal) (G1 Evacuation Pause) 6306M->2640M(10240M) 139.878ms
[242.870s][info][gc,cpu         ] GC(33) User=1.08s Sys=0.03s Real=0.14s
...[245.922s][info][gc,start       ] GC(34) Pause Young (Normal) (G1 Evacuation Pause)
[245.922s][info][gc,task        ] GC(34) Using 8 workers of 8 for evacuation
[246.080s][info][gc,phases      ] GC(34)   Pre Evacuate Collection Set: 0.27ms
[246.080s][info][gc,phases      ] GC(34)   Merge Heap Roots: 0.45ms
[246.080s][info][gc,phases      ] GC(34)   Evacuate Collection Set: 156.40ms
[246.080s][info][gc,phases      ] GC(34)   Post Evacuate Collection Set: 1.05ms
[246.080s][info][gc,phases      ] GC(34)   Other: 0.08ms
[246.080s][info][gc,heap        ] GC(34) Eden regions: 534->0(612)
[246.080s][info][gc,heap        ] GC(34) Survivor regions: 40->42(72)
[246.080s][info][gc,heap        ] GC(34) Old regions: 260->267
[246.080s][info][gc,heap        ] GC(34) Humongous regions: 35->35
[246.080s][info][gc,metaspace   ] GC(34) Metaspace: 29627K(29760K)->29627K(29760K) NonClass: 29627K(29760K)->29627K(29760K) Class: 0K(0K)->0K(0K)
[246.080s][info][gc             ] GC(34) Pause Young (Normal) (G1 Evacuation Pause) 6912M->2719M(10240M) 158.383ms
[246.080s][info][gc,cpu         ] GC(34) User=1.18s Sys=0.06s Real=0.16s
. (rIR:aIR:PR = 11548:11161:11161) (tPR = 170029) [OK] 
   246s:       trying IR =  13837 ..[249.276s][info][gc,start       ] GC(35) Pause Young (Normal) (G1 Evacuation Pause)
[249.277s][info][gc,task        ] GC(35) Using 8 workers of 8 for evacuation
[249.449s][info][gc,phases      ] GC(35)   Pre Evacuate Collection Set: 0.28ms
[249.449s][info][gc,phases      ] GC(35)   Merge Heap Roots: 0.42ms
[249.449s][info][gc,phases      ] GC(35)   Evacuate Collection Set: 170.32ms
[249.449s][info][gc,phases      ] GC(35)   Post Evacuate Collection Set: 1.10ms
[249.449s][info][gc,phases      ] GC(35)   Other: 0.07ms
[249.449s][info][gc,heap        ] GC(35) Eden regions: 602->0(552)
[249.449s][info][gc,heap        ] GC(35) Survivor regions: 42->52(81)
[249.449s][info][gc,heap        ] GC(35) Old regions: 267->267
[249.449s][info][gc,heap        ] GC(35) Humongous regions: 35->35
[249.449s][info][gc,metaspace   ] GC(35) Metaspace: 29627K(29760K)->29627K(29760K) NonClass: 29627K(29760K)->29627K(29760K) Class: 0K(0K)->0K(0K)
[249.449s][info][gc             ] GC(35) Pause Young (Normal) (G1 Evacuation Pause) 7535M->2803M(10240M) 172.326ms
[249.449s][info][gc,cpu         ] GC(35) User=1.29s Sys=0.06s Real=0.17s
...[252.294s][info][gc,start       ] GC(36) Pause Young (Normal) (G1 Evacuation Pause)
[252.294s][info][gc,task        ] GC(36) Using 8 workers of 8 for evacuation
[252.468s][info][gc,phases      ] GC(36)   Pre Evacuate Collection Set: 0.25ms
[252.468s][info][gc,phases      ] GC(36)   Merge Heap Roots: 0.40ms
[252.468s][info][gc,phases      ] GC(36)   Evacuate Collection Set: 172.53ms
[252.468s][info][gc,phases      ] GC(36)   Post Evacuate Collection Set: 1.06ms
[252.468s][info][gc,phases      ] GC(36)   Other: 0.07ms
[252.468s][info][gc,heap        ] GC(36) Eden regions: 545->0(496)
[252.468s][info][gc,heap        ] GC(36) Survivor regions: 52->47(75)
[252.468s][info][gc,heap        ] GC(36) Old regions: 267->277
[252.468s][info][gc,heap        ] GC(36) Humongous regions: 35->35
[252.468s][info][gc,metaspace   ] GC(36) Metaspace: 29628K(29760K)->29628K(29760K) NonClass: 29628K(29760K)->29628K(29760K) Class: 0K(0K)->0K(0K)
[252.468s][info][gc             ] GC(36) Pause Young (Normal) (G1 Evacuation Pause) 7163M->2843M(10240M) 174.457ms
[252.468s][info][gc,cpu         ] GC(36) User=1.36s Sys=0.01s Real=0.18s
...[255.186s][info][gc,start       ] GC(37) Pause Young (Normal) (G1 Evacuation Pause)
[255.186s][info][gc,task        ] GC(37) Using 8 workers of 8 for evacuation
[255.339s][info][gc,phases      ] GC(37)   Pre Evacuate Collection Set: 0.29ms
[255.339s][info][gc,phases      ] GC(37)   Merge Heap Roots: 0.41ms
[255.339s][info][gc,phases      ] GC(37)   Evacuate Collection Set: 151.31ms
[255.339s][info][gc,phases      ] GC(37)   Post Evacuate Collection Set: 0.94ms
[255.339s][info][gc,phases      ] GC(37)   Other: 0.06ms
[255.339s][info][gc,heap        ] GC(37) Eden regions: 498->0(615)
[255.339s][info][gc,heap        ] GC(37) Survivor regions: 47->43(69)
[255.339s][info][gc,heap        ] GC(37) Old regions: 277->286
[255.339s][info][gc,heap        ] GC(37) Humongous regions: 35->35
[255.339s][info][gc,metaspace   ] GC(37) Metaspace: 29629K(29760K)->29629K(29760K) NonClass: 29629K(29760K)->29629K(29760K) Class: 0K(0K)->0K(0K)
[255.339s][info][gc             ] GC(37) Pause Young (Normal) (G1 Evacuation Pause) 6827M->2879M(10240M) 153.150ms
[255.339s][info][gc,cpu         ] GC(37) User=1.19s Sys=0.02s Real=0.16s
....[258.621s][info][gc,start       ] GC(38) Pause Young (Normal) (G1 Evacuation Pause)
[258.621s][info][gc,task        ] GC(38) Using 8 workers of 8 for evacuation
[258.785s][info][gc,phases      ] GC(38)   Pre Evacuate Collection Set: 0.28ms
[258.785s][info][gc,phases      ] GC(38)   Merge Heap Roots: 0.45ms
[258.785s][info][gc,phases      ] GC(38)   Evacuate Collection Set: 161.61ms
[258.785s][info][gc,phases      ] GC(38)   Post Evacuate Collection Set: 1.10ms
[258.785s][info][gc,phases      ] GC(38)   Other: 0.09ms
[258.785s][info][gc,heap        ] GC(38) Eden regions: 614->0(516)
[258.785s][info][gc,heap        ] GC(38) Survivor regions: 43->52(83)
[258.785s][info][gc,heap        ] GC(38) Old regions: 286->286
[258.785s][info][gc,heap        ] GC(38) Humongous regions: 35->35
[258.785s][info][gc,metaspace   ] GC(38) Metaspace: 29631K(29760K)->29631K(29760K) NonClass: 29631K(29760K)->29631K(29760K) Class: 0K(0K)->0K(0K)
[258.785s][info][gc             ] GC(38) Pause Young (Normal) (G1 Evacuation Pause) 7791M->2947M(10240M) 163.659ms
[258.785s][info][gc,cpu         ] GC(38) User=1.26s Sys=0.02s Real=0.16s
..[261.499s][info][gc,start       ] GC(39) Pause Young (Normal) (G1 Evacuation Pause)
[261.499s][info][gc,task        ] GC(39) Using 8 workers of 8 for evacuation
[261.667s][info][gc,phases      ] GC(39)   Pre Evacuate Collection Set: 0.27ms
[261.667s][info][gc,phases      ] GC(39)   Merge Heap Roots: 0.41ms
[261.667s][info][gc,phases      ] GC(39)   Evacuate Collection Set: 165.59ms
[261.667s][info][gc,phases      ] GC(39)   Post Evacuate Collection Set: 1.01ms
[261.667s][info][gc,phases      ] GC(39)   Other: 0.07ms
[261.667s][info][gc,heap        ] GC(39) Eden regions: 510->0(642)
[261.667s][info][gc,heap        ] GC(39) Survivor regions: 52->46(71)
[261.667s][info][gc,heap        ] GC(39) Old regions: 286->296
[261.667s][info][gc,heap        ] GC(39) Humongous regions: 35->35
[261.667s][info][gc,metaspace   ] GC(39) Metaspace: 29643K(29824K)->29643K(29824K) NonClass: 29643K(29824K)->29643K(29824K) Class: 0K(0K)->0K(0K)
[261.667s][info][gc             ] GC(39) Pause Young (Normal) (G1 Evacuation Pause) 7027M->2983M(10240M) 167.493ms
[261.667s][info][gc,cpu         ] GC(39) User=1.31s Sys=0.02s Real=0.17s
....[264.964s][info][gc,start       ] GC(40) Pause Young (Normal) (G1 Evacuation Pause)
[264.964s][info][gc,task        ] GC(40) Using 8 workers of 8 for evacuation
[265.126s][info][gc,phases      ] GC(40)   Pre Evacuate Collection Set: 0.28ms
[265.126s][info][gc,phases      ] GC(40)   Merge Heap Roots: 0.45ms
[265.126s][info][gc,phases      ] GC(40)   Evacuate Collection Set: 159.65ms
[265.126s][info][gc,phases      ] GC(40)   Post Evacuate Collection Set: 1.14ms
[265.126s][info][gc,phases      ] GC(40)   Other: 0.09ms
[265.126s][info][gc,heap        ] GC(40) Eden regions: 640->0(693)
[265.126s][info][gc,heap        ] GC(40) Survivor regions: 46->44(86)
[265.126s][info][gc,heap        ] GC(40) Old regions: 296->304
[265.126s][info][gc,heap        ] GC(40) Humongous regions: 35->35
[265.126s][info][gc,metaspace   ] GC(40) Metaspace: 29648K(29824K)->29648K(29824K) NonClass: 29648K(29824K)->29648K(29824K) Class: 0K(0K)->0K(0K)
[265.126s][info][gc             ] GC(40) Pause Young (Normal) (G1 Evacuation Pause) 8103M->3031M(10240M) 161.750ms
[265.126s][info][gc,cpu         ] GC(40) User=1.23s Sys=0.04s Real=0.17s
....[268.766s][info][gc,start       ] GC(41) Pause Young (Normal) (G1 Evacuation Pause)
[268.766s][info][gc,task        ] GC(41) Using 8 workers of 8 for evacuation
[268.942s][info][gc,phases      ] GC(41)   Pre Evacuate Collection Set: 0.26ms
[268.942s][info][gc,phases      ] GC(41)   Merge Heap Roots: 0.46ms
[268.942s][info][gc,phases      ] GC(41)   Evacuate Collection Set: 174.02ms
[268.942s][info][gc,phases      ] GC(41)   Post Evacuate Collection Set: 1.22ms
[268.942s][info][gc,phases      ] GC(41)   Other: 0.08ms
[268.942s][info][gc,heap        ] GC(41) Eden regions: 691->0(581)
[268.942s][info][gc,heap        ] GC(41) Survivor regions: 44->52(92)
[268.942s][info][gc,heap        ] GC(41) Old regions: 304->304
[268.942s][info][gc,heap        ] GC(41) Humongous regions: 35->35
[268.942s][info][gc,metaspace   ] GC(41) Metaspace: 29650K(29824K)->29650K(29824K) NonClass: 29650K(29824K)->29650K(29824K) Class: 0K(0K)->0K(0K)
[268.942s][info][gc             ] GC(41) Pause Young (Normal) (G1 Evacuation Pause) 8559M->3095M(10240M) 176.173ms
[268.942s][info][gc,cpu         ] GC(41) User=1.32s Sys=0.06s Real=0.17s
...[272.013s][info][gc,start       ] GC(42) Pause Young (Normal) (G1 Evacuation Pause)
[272.013s][info][gc,task        ] GC(42) Using 8 workers of 8 for evacuation
[272.177s][info][gc,phases      ] GC(42)   Pre Evacuate Collection Set: 0.28ms
[272.177s][info][gc,phases      ] GC(42)   Merge Heap Roots: 0.43ms
[272.177s][info][gc,phases      ] GC(42)   Evacuate Collection Set: 162.84ms
[272.177s][info][gc,phases      ] GC(42)   Post Evacuate Collection Set: 1.04ms
[272.177s][info][gc,phases      ] GC(42)   Other: 0.06ms
[272.177s][info][gc,heap        ] GC(42) Eden regions: 576->0(667)
[272.177s][info][gc,heap        ] GC(42) Survivor regions: 52->46(79)
[272.177s][info][gc,heap        ] GC(42) Old regions: 304->313
[272.177s][info][gc,heap        ] GC(42) Humongous regions: 35->35
[272.177s][info][gc,metaspace   ] GC(42) Metaspace: 29651K(29824K)->29651K(29824K) NonClass: 29651K(29824K)->29651K(29824K) Class: 0K(0K)->0K(0K)
[272.177s][info][gc             ] GC(42) Pause Young (Normal) (G1 Evacuation Pause) 7703M->3116M(10240M) 164.800ms
[272.177s][info][gc,cpu         ] GC(42) User=1.28s Sys=0.01s Real=0.17s
....[275.710s][info][gc,start       ] GC(43) Pause Young (Normal) (G1 Evacuation Pause)
[275.710s][info][gc,task        ] GC(43) Using 8 workers of 8 for evacuation
[275.869s][info][gc,phases      ] GC(43)   Pre Evacuate Collection Set: 0.30ms
[275.870s][info][gc,phases      ] GC(43)   Merge Heap Roots: 0.45ms
[275.870s][info][gc,phases      ] GC(43)   Evacuate Collection Set: 157.12ms
[275.870s][info][gc,phases      ] GC(43)   Post Evacuate Collection Set: 1.14ms
[275.870s][info][gc,phases      ] GC(43)   Other: 0.06ms
[275.870s][info][gc,heap        ] GC(43) Eden regions: 666->0(638)
[275.870s][info][gc,heap        ] GC(43) Survivor regions: 46->54(89)
[275.870s][info][gc,heap        ] GC(43) Old regions: 313->313
[275.870s][info][gc,heap        ] GC(43) Humongous regions: 35->35
[275.870s][info][gc,metaspace   ] GC(43) Metaspace: 29655K(29888K)->29655K(29888K) NonClass: 29655K(29888K)->29655K(29888K) Class: 0K(0K)->0K(0K)
[275.870s][info][gc             ] GC(43) Pause Young (Normal) (G1 Evacuation Pause) 8444M->3180M(10240M) 159.202ms
[275.870s][info][gc,cpu         ] GC(43) User=1.25s Sys=0.00s Real=0.16s
. (rIR:aIR:PR = 13837:13505:12327) (tPR = 182900) [PR is under limit] 
   276s: Re-initializing (term) [276.836s][info][gc,start       ] GC(44) Pause Full (System.gc())
[276.836s][info][gc,task        ] GC(44) Using 8 workers of 8 for full compaction
[276.836s][info][gc,phases,start] GC(44) Phase 1: Mark live objects
[276.852s][info][gc,phases      ] GC(44) Phase 1: Mark live objects 15.032ms
[276.852s][info][gc,phases,start] GC(44) Phase 2: Prepare compaction
[276.857s][info][gc,phases      ] GC(44) Phase 2: Prepare compaction 5.651ms
[276.857s][info][gc,phases,start] GC(44) Phase 3: Adjust pointers
[276.868s][info][gc,phases      ] GC(44) Phase 3: Adjust pointers 11.216ms
[276.868s][info][gc,phases,start] GC(44) Phase 4: Compact heap
[276.874s][info][gc,phases      ] GC(44) Phase 4: Compact heap 5.704ms
[276.874s][info][gc,phases,start] GC(44) Phase 5: Reset Metadata
[276.878s][info][gc,phases      ] GC(44) Phase 5: Reset Metadata 4.244ms
[276.891s][info][gc,heap        ] GC(44) Eden regions: 175->0(768)
[276.891s][info][gc,heap        ] GC(44) Survivor regions: 54->0(89)
[276.891s][info][gc,heap        ] GC(44) Old regions: 313->12
[276.891s][info][gc,heap        ] GC(44) Humongous regions: 35->18
[276.891s][info][gc,metaspace   ] GC(44) Metaspace: 29661K(29888K)->29661K(29888K) NonClass: 29661K(29888K)->29661K(29888K) Class: 0K(0K)->0K(0K)
[276.891s][info][gc             ] GC(44) Pause Full (System.gc()) 4574M->212M(10240M) 54.491ms
[276.891s][info][gc,cpu         ] GC(44) User=0.33s Sys=0.00s Real=0.05s
(init) ... OK
   280s: Searching from base IR = 11548
   280s:       rampup IR =      0 ... (rIR:aIR:PR = 0:0:0) (tPR = 0) [OK] 
   283s:       rampup IR =   1155 .... (rIR:aIR:PR = 1155:1140:1115) (tPR = 23277) [OK] 
   287s:       rampup IR =   2310 .... (rIR:aIR:PR = 2310:2308:2257) (tPR = 43564) [OK] 
   291s:       rampup IR =   3464 ...[295.820s][info][gc,start       ] GC(45) Pause Young (Normal) (G1 Evacuation Pause)
[295.820s][info][gc,task        ] GC(45) Using 8 workers of 8 for evacuation
[296.298s][info][gc,mmu         ] GC(45) MMU target violated: 201.0ms (200.0ms/201.0ms)
[296.298s][info][gc,phases      ] GC(45)   Pre Evacuate Collection Set: 0.29ms
[296.298s][info][gc,phases      ] GC(45)   Merge Heap Roots: 0.49ms
[296.298s][info][gc,phases      ] GC(45)   Evacuate Collection Set: 475.72ms
[296.298s][info][gc,phases      ] GC(45)   Post Evacuate Collection Set: 1.26ms
[296.298s][info][gc,phases      ] GC(45)   Other: 0.14ms
[296.298s][info][gc,heap        ] GC(45) Eden regions: 768->0(584)
[296.298s][info][gc,heap        ] GC(45) Survivor regions: 0->96(96)
[296.298s][info][gc,heap        ] GC(45) Old regions: 12->30
[296.298s][info][gc,heap        ] GC(45) Humongous regions: 35->34
[296.298s][info][gc,metaspace   ] GC(45) Metaspace: 29685K(29888K)->29685K(29888K) NonClass: 29685K(29888K)->29685K(29888K) Class: 0K(0K)->0K(0K)
[296.298s][info][gc             ] GC(45) Pause Young (Normal) (G1 Evacuation Pause) 6492M->1251M(10240M) 478.019ms
[296.298s][info][gc,cpu         ] GC(45) User=3.67s Sys=0.08s Real=0.48s
.... (rIR:aIR:PR = 3464:3456:3390) (tPR = 58490) [OK] 
   299s:       rampup IR =   4619 ...[302.754s][info][gc,start       ] GC(46) Pause Young (Normal) (G1 Evacuation Pause)
[302.754s][info][gc,task        ] GC(46) Using 8 workers of 8 for evacuation
[303.086s][info][gc,mmu         ] GC(46) MMU target violated: 201.0ms (200.0ms/201.0ms)
[303.086s][info][gc,phases      ] GC(46)   Pre Evacuate Collection Set: 0.31ms
[303.086s][info][gc,phases      ] GC(46)   Merge Heap Roots: 0.27ms
[303.086s][info][gc,phases      ] GC(46)   Evacuate Collection Set: 330.36ms
[303.086s][info][gc,phases      ] GC(46)   Post Evacuate Collection Set: 1.02ms
[303.086s][info][gc,phases      ] GC(46)   Other: 0.10ms
[303.086s][info][gc,heap        ] GC(46) Eden regions: 593->0(354)
[303.086s][info][gc,heap        ] GC(46) Survivor regions: 96->29(87)
[303.086s][info][gc,heap        ] GC(46) Old regions: 30->111
[303.086s][info][gc,heap        ] GC(46) Humongous regions: 34->34
[303.086s][info][gc,metaspace   ] GC(46) Metaspace: 29687K(29888K)->29687K(29888K) NonClass: 29687K(29888K)->29687K(29888K) Class: 0K(0K)->0K(0K)
[303.086s][info][gc             ] GC(46) Pause Young (Normal) (G1 Evacuation Pause) 5995M->1356M(10240M) 332.157ms
[303.086s][info][gc,cpu         ] GC(46) User=2.62s Sys=0.00s Real=0.34s
. (rIR:aIR:PR = 4619:4620:4599) (tPR = 76129) [OK] 
   303s:       rampup IR =   5774 ...[306.933s][info][gc,start       ] GC(47) Pause Young (Normal) (G1 Evacuation Pause)
[306.933s][info][gc,task        ] GC(47) Using 8 workers of 8 for evacuation
[307.057s][info][gc,phases      ] GC(47)   Pre Evacuate Collection Set: 0.26ms
[307.057s][info][gc,phases      ] GC(47)   Merge Heap Roots: 0.32ms
[307.057s][info][gc,phases      ] GC(47)   Evacuate Collection Set: 122.35ms
[307.057s][info][gc,phases      ] GC(47)   Post Evacuate Collection Set: 0.91ms
[307.057s][info][gc,phases      ] GC(47)   Other: 0.06ms
[307.057s][info][gc,heap        ] GC(47) Eden regions: 429->0(153)
[307.057s][info][gc,heap        ] GC(47) Survivor regions: 29->44(58)
[307.057s][info][gc,heap        ] GC(47) Old regions: 111->111
[307.057s][info][gc,heap        ] GC(47) Humongous regions: 34->34
[307.057s][info][gc,metaspace   ] GC(47) Metaspace: 29692K(29888K)->29692K(29888K) NonClass: 29692K(29888K)->29692K(29888K) Class: 0K(0K)->0K(0K)
[307.057s][info][gc             ] GC(47) Pause Young (Normal) (G1 Evacuation Pause) 4788M->1476M(10240M) 124.023ms
[307.057s][info][gc,cpu         ] GC(47) User=0.98s Sys=0.01s Real=0.13s
. (rIR:aIR:PR = 5774:5790:5790) (tPR = 91853) [OK] 
   307s:       rampup IR =   6929 .[308.675s][info][gc,start       ] GC(48) Pause Young (Normal) (G1 Evacuation Pause)
[308.675s][info][gc,task        ] GC(48) Using 8 workers of 8 for evacuation
[308.802s][info][gc,phases      ] GC(48)   Pre Evacuate Collection Set: 0.25ms
[308.802s][info][gc,phases      ] GC(48)   Merge Heap Roots: 0.27ms
[308.802s][info][gc,phases      ] GC(48)   Evacuate Collection Set: 125.65ms
[308.802s][info][gc,phases      ] GC(48)   Post Evacuate Collection Set: 0.65ms
[308.802s][info][gc,phases      ] GC(48)   Other: 0.05ms
[308.802s][info][gc,heap        ] GC(48) Eden regions: 194->0(654)
[308.802s][info][gc,heap        ] GC(48) Survivor regions: 44->15(30)
[308.802s][info][gc,heap        ] GC(48) Old regions: 111->146
[308.802s][info][gc,heap        ] GC(48) Humongous regions: 34->34
[308.802s][info][gc,metaspace   ] GC(48) Metaspace: 29695K(29888K)->29695K(29888K) NonClass: 29695K(29888K)->29695K(29888K) Class: 0K(0K)->0K(0K)
[308.802s][info][gc             ] GC(48) Pause Young (Normal) (G1 Evacuation Pause) 3028M->1528M(10240M) 127.019ms
[308.802s][info][gc,cpu         ] GC(48) User=0.99s Sys=0.00s Real=0.13s
... (rIR:aIR:PR = 6929:6980:6980) (tPR = 107746) [OK] 
   311s:       rampup IR =   8084 ...[314.350s][info][gc,start       ] GC(49) Pause Young (Normal) (G1 Evacuation Pause)
[314.350s][info][gc,task        ] GC(49) Using 8 workers of 8 for evacuation
[314.468s][info][gc,phases      ] GC(49)   Pre Evacuate Collection Set: 0.30ms
[314.468s][info][gc,phases      ] GC(49)   Merge Heap Roots: 0.43ms
[314.468s][info][gc,phases      ] GC(49)   Evacuate Collection Set: 115.96ms
[314.468s][info][gc,phases      ] GC(49)   Post Evacuate Collection Set: 1.15ms
[314.468s][info][gc,phases      ] GC(49)   Other: 0.07ms
[314.468s][info][gc,heap        ] GC(49) Eden regions: 656->0(533)
[314.468s][info][gc,heap        ] GC(49) Survivor regions: 15->39(84)
[314.468s][info][gc,heap        ] GC(49) Old regions: 146->146
[314.468s][info][gc,heap        ] GC(49) Humongous regions: 34->34
[314.468s][info][gc,metaspace   ] GC(49) Metaspace: 29696K(29888K)->29696K(29888K) NonClass: 29696K(29888K)->29696K(29888K) Class: 0K(0K)->0K(0K)
[314.468s][info][gc             ] GC(49) Pause Young (Normal) (G1 Evacuation Pause) 6776M->1720M(10240M) 118.041ms
[314.468s][info][gc,cpu         ] GC(49) User=0.93s Sys=0.00s Real=0.12s
.. (rIR:aIR:PR = 8084:8025:8025) (tPR = 122038) [OK] 
   316s:       rampup IR =   9238 ..[318.398s][info][gc,start       ] GC(50) Pause Young (Normal) (G1 Evacuation Pause)
[318.398s][info][gc,task        ] GC(50) Using 8 workers of 8 for evacuation
[318.541s][info][gc,phases      ] GC(50)   Pre Evacuate Collection Set: 0.29ms
[318.542s][info][gc,phases      ] GC(50)   Merge Heap Roots: 0.44ms
[318.542s][info][gc,phases      ] GC(50)   Evacuate Collection Set: 141.33ms
[318.542s][info][gc,phases      ] GC(50)   Post Evacuate Collection Set: 1.11ms
[318.542s][info][gc,phases      ] GC(50)   Other: 0.06ms
[318.542s][info][gc,heap        ] GC(50) Eden regions: 532->0(490)
[318.542s][info][gc,heap        ] GC(50) Survivor regions: 39->48(72)
[318.542s][info][gc,heap        ] GC(50) Old regions: 146->146
[318.542s][info][gc,heap        ] GC(50) Humongous regions: 34->34
[318.542s][info][gc,metaspace   ] GC(50) Metaspace: 29697K(29888K)->29697K(29888K) NonClass: 29697K(29888K)->29697K(29888K) Class: 0K(0K)->0K(0K)
[318.542s][info][gc             ] GC(50) Pause Young (Normal) (G1 Evacuation Pause) 5976M->1792M(10240M) 143.377ms
[318.542s][info][gc,cpu         ] GC(50) User=1.13s Sys=0.00s Real=0.14s
.. (rIR:aIR:PR = 9238:9142:9142) (tPR = 141103) [OK] 
   320s:       rampup IR =  10393 .[321.736s][info][gc,start       ] GC(51) Pause Young (Normal) (G1 Evacuation Pause)
[321.736s][info][gc,task        ] GC(51) Using 8 workers of 8 for evacuation
[321.892s][info][gc,phases      ] GC(51)   Pre Evacuate Collection Set: 0.27ms
[321.892s][info][gc,phases      ] GC(51)   Merge Heap Roots: 0.39ms
[321.892s][info][gc,phases      ] GC(51)   Evacuate Collection Set: 154.04ms
[321.892s][info][gc,phases      ] GC(51)   Post Evacuate Collection Set: 1.04ms
[321.892s][info][gc,phases      ] GC(51)   Other: 0.06ms
[321.892s][info][gc,heap        ] GC(51) Eden regions: 486->0(583)
[321.892s][info][gc,heap        ] GC(51) Survivor regions: 48->42(67)
[321.892s][info][gc,heap        ] GC(51) Old regions: 146->159
[321.892s][info][gc,heap        ] GC(51) Humongous regions: 34->34
[321.892s][info][gc,metaspace   ] GC(51) Metaspace: 29700K(29888K)->29700K(29888K) NonClass: 29700K(29888K)->29700K(29888K) Class: 0K(0K)->0K(0K)
[321.892s][info][gc             ] GC(51) Pause Young (Normal) (G1 Evacuation Pause) 5680M->1843M(10240M) 155.936ms
[321.892s][info][gc,cpu         ] GC(51) User=1.23s Sys=0.00s Real=0.15s
... (rIR:aIR:PR = 10393:10612:10599) (tPR = 162113) [OK] 
   324s:       rampup IR =  11548 [325.342s][info][gc,start       ] GC(52) Pause Young (Normal) (G1 Evacuation Pause)
[325.342s][info][gc,task        ] GC(52) Using 8 workers of 8 for evacuation
[325.492s][info][gc,phases      ] GC(52)   Pre Evacuate Collection Set: 0.29ms
[325.492s][info][gc,phases      ] GC(52)   Merge Heap Roots: 0.46ms
[325.492s][info][gc,phases      ] GC(52)   Evacuate Collection Set: 147.41ms
[325.492s][info][gc,phases      ] GC(52)   Post Evacuate Collection Set: 1.13ms
[325.492s][info][gc,phases      ] GC(52)   Other: 0.89ms
[325.492s][info][gc,heap        ] GC(52) Eden regions: 579->0(605)
[325.492s][info][gc,heap        ] GC(52) Survivor regions: 42->43(78)
[325.492s][info][gc,heap        ] GC(52) Old regions: 159->167
[325.492s][info][gc,heap        ] GC(52) Humongous regions: 34->34
[325.492s][info][gc,metaspace   ] GC(52) Metaspace: 29701K(29888K)->29701K(29888K) NonClass: 29701K(29888K)->29701K(29888K) Class: 0K(0K)->0K(0K)
[325.493s][info][gc             ] GC(52) Pause Young (Normal) (G1 Evacuation Pause) 6475M->1923M(10240M) 150.316ms
[325.493s][info][gc,cpu         ] GC(52) User=1.18s Sys=0.00s Real=0.15s
....[328.903s][info][gc,start       ] GC(53) Pause Young (Normal) (G1 Evacuation Pause)
[328.903s][info][gc,task        ] GC(53) Using 8 workers of 8 for evacuation
[329.061s][info][gc,phases      ] GC(53)   Pre Evacuate Collection Set: 0.26ms
[329.061s][info][gc,phases      ] GC(53)   Merge Heap Roots: 0.44ms
[329.061s][info][gc,phases      ] GC(53)   Evacuate Collection Set: 156.29ms
[329.061s][info][gc,phases      ] GC(53)   Post Evacuate Collection Set: 1.10ms
[329.061s][info][gc,phases      ] GC(53)   Other: 0.06ms
[329.061s][info][gc,heap        ] GC(53) Eden regions: 602->0(522)
[329.061s][info][gc,heap        ] GC(53) Survivor regions: 43->52(81)
[329.061s][info][gc,heap        ] GC(53) Old regions: 167->167
[329.061s][info][gc,heap        ] GC(53) Humongous regions: 34->34
[329.061s][info][gc,metaspace   ] GC(53) Metaspace: 29705K(29888K)->29705K(29888K) NonClass: 29705K(29888K)->29705K(29888K) Class: 0K(0K)->0K(0K)
[329.061s][info][gc             ] GC(53) Pause Young (Normal) (G1 Evacuation Pause) 6739M->1995M(10240M) 158.277ms
[329.061s][info][gc,cpu         ] GC(53) User=1.25s Sys=0.00s Real=0.16s
.. (rIR:aIR:PR = 11548:11380:11667) (tPR = 172363) [OK] 
   330s:    snapshot, IR =  11548 .[331.958s][info][gc,start       ] GC(54) Pause Young (Normal) (G1 Evacuation Pause)
[331.958s][info][gc,task        ] GC(54) Using 8 workers of 8 for evacuation
[332.122s][info][gc,phases      ] GC(54)   Pre Evacuate Collection Set: 0.28ms
[332.122s][info][gc,phases      ] GC(54)   Merge Heap Roots: 0.43ms
[332.122s][info][gc,phases      ] GC(54)   Evacuate Collection Set: 161.75ms
[332.122s][info][gc,phases      ] GC(54)   Post Evacuate Collection Set: 1.03ms
[332.122s][info][gc,phases      ] GC(54)   Other: 0.06ms
[332.122s][info][gc,heap        ] GC(54) Eden regions: 517->0(641)
[332.122s][info][gc,heap        ] GC(54) Survivor regions: 52->44(72)
[332.122s][info][gc,heap        ] GC(54) Old regions: 167->178
[332.122s][info][gc,heap        ] GC(54) Humongous regions: 34->34
[332.122s][info][gc,metaspace   ] GC(54) Metaspace: 29709K(29888K)->29709K(29888K) NonClass: 29709K(29888K)->29709K(29888K) Class: 0K(0K)->0K(0K)
[332.122s][info][gc             ] GC(54) Pause Young (Normal) (G1 Evacuation Pause) 6131M->2020M(10240M) 163.679ms
[332.122s][info][gc,cpu         ] GC(54) User=1.28s Sys=0.00s Real=0.16s
....|[335.824s][info][gc,start       ] GC(55) Pause Young (Normal) (G1 Evacuation Pause)
[335.825s][info][gc,task        ] GC(55) Using 8 workers of 8 for evacuation
[335.982s][info][gc,phases      ] GC(55)   Pre Evacuate Collection Set: 0.30ms
[335.982s][info][gc,phases      ] GC(55)   Merge Heap Roots: 0.44ms
[335.982s][info][gc,phases      ] GC(55)   Evacuate Collection Set: 155.30ms
[335.982s][info][gc,phases      ] GC(55)   Post Evacuate Collection Set: 1.14ms
[335.982s][info][gc,phases      ] GC(55)   Other: 0.06ms
[335.982s][info][gc,heap        ] GC(55) Eden regions: 638->0(583)
[335.982s][info][gc,heap        ] GC(55) Survivor regions: 44->51(86)
[335.982s][info][gc,heap        ] GC(55) Old regions: 178->178
[335.982s][info][gc,heap        ] GC(55) Humongous regions: 34->34
[335.982s][info][gc,metaspace   ] GC(55) Metaspace: 29709K(29888K)->29709K(29888K) NonClass: 29709K(29888K)->29709K(29888K) Class: 0K(0K)->0K(0K)
[335.982s][info][gc             ] GC(55) Pause Young (Normal) (G1 Evacuation Pause) 7124M->2076M(10240M) 157.393ms
[335.982s][info][gc,cpu         ] GC(55) User=1.23s Sys=0.00s Real=0.16s
...[339.234s][info][gc,start       ] GC(56) Pause Young (Normal) (G1 Evacuation Pause)
[339.234s][info][gc,task        ] GC(56) Using 8 workers of 8 for evacuation
[339.393s][info][gc,phases      ] GC(56)   Pre Evacuate Collection Set: 0.28ms
[339.393s][info][gc,phases      ] GC(56)   Merge Heap Roots: 0.47ms
[339.393s][info][gc,phases      ] GC(56)   Evacuate Collection Set: 156.81ms
[339.393s][info][gc,phases      ] GC(56)   Post Evacuate Collection Set: 1.03ms
[339.393s][info][gc,phases      ] GC(56)   Other: 0.06ms
[339.393s][info][gc,heap        ] GC(56) Eden regions: 580->0(696)
[339.393s][info][gc,heap        ] GC(56) Survivor regions: 51->45(79)
[339.393s][info][gc,heap        ] GC(56) Old regions: 178->188
[339.393s][info][gc,heap        ] GC(56) Humongous regions: 34->34
[339.393s][info][gc,metaspace   ] GC(56) Metaspace: 29709K(29888K)->29709K(29888K) NonClass: 29709K(29888K)->29709K(29888K) Class: 0K(0K)->0K(0K)
[339.393s][info][gc             ] GC(56) Pause Young (Normal) (G1 Evacuation Pause) 6716M->2103M(10240M) 158.785ms
[339.393s][info][gc,cpu         ] GC(56) User=1.25s Sys=0.00s Real=0.16s
....[343.283s][info][gc,start       ] GC(57) Pause Young (Normal) (G1 Evacuation Pause)
[343.283s][info][gc,task        ] GC(57) Using 8 workers of 8 for evacuation
[343.439s][info][gc,phases      ] GC(57)   Pre Evacuate Collection Set: 0.32ms
[343.439s][info][gc,phases      ] GC(57)   Merge Heap Roots: 0.47ms
[343.439s][info][gc,phases      ] GC(57)   Evacuate Collection Set: 154.52ms
[343.439s][info][gc,phases      ] GC(57)   Post Evacuate Collection Set: 1.20ms
[343.439s][info][gc,phases      ] GC(57)   Other: 0.07ms
[343.439s][info][gc,heap        ] GC(57) Eden regions: 694->0(645)
[343.439s][info][gc,heap        ] GC(57) Survivor regions: 45->52(93)
[343.439s][info][gc,heap        ] GC(57) Old regions: 188->188
[343.439s][info][gc,heap        ] GC(57) Humongous regions: 34->34
[343.439s][info][gc,metaspace   ] GC(57) Metaspace: 29710K(29888K)->29710K(29888K) NonClass: 29710K(29888K)->29710K(29888K) Class: 0K(0K)->0K(0K)
[343.439s][info][gc             ] GC(57) Pause Young (Normal) (G1 Evacuation Pause) 7655M->2159M(10240M) 156.723ms
[343.439s][info][gc,cpu         ] GC(57) User=1.24s Sys=0.00s Real=0.16s
....[347.071s][info][gc,start       ] GC(58) Pause Young (Normal) (G1 Evacuation Pause)
[347.071s][info][gc,task        ] GC(58) Using 8 workers of 8 for evacuation
[347.240s][info][gc,phases      ] GC(58)   Pre Evacuate Collection Set: 0.30ms
[347.240s][info][gc,phases      ] GC(58)   Merge Heap Roots: 0.45ms
[347.240s][info][gc,phases      ] GC(58)   Evacuate Collection Set: 166.23ms
[347.240s][info][gc,phases      ] GC(58)   Post Evacuate Collection Set: 1.18ms
[347.240s][info][gc,phases      ] GC(58)   Other: 0.07ms
[347.240s][info][gc,heap        ] GC(58) Eden regions: 640->0(635)
[347.240s][info][gc,heap        ] GC(58) Survivor regions: 52->54(87)
[347.240s][info][gc,heap        ] GC(58) Old regions: 188->192
[347.240s][info][gc,heap        ] GC(58) Humongous regions: 34->34
[347.240s][info][gc,metaspace   ] GC(58) Metaspace: 29711K(29888K)->29711K(29888K) NonClass: 29711K(29888K)->29711K(29888K) Class: 0K(0K)->0K(0K)
[347.240s][info][gc             ] GC(58) Pause Young (Normal) (G1 Evacuation Pause) 7279M->2202M(10240M) 168.354ms
[347.240s][info][gc,cpu         ] GC(58) User=1.32s Sys=0.00s Real=0.17s
....[350.764s][info][gc,start       ] GC(59) Pause Young (Normal) (G1 Evacuation Pause)
[350.764s][info][gc,task        ] GC(59) Using 8 workers of 8 for evacuation
[350.929s][info][gc,phases      ] GC(59)   Pre Evacuate Collection Set: 0.28ms
[350.929s][info][gc,phases      ] GC(59)   Merge Heap Roots: 0.46ms
[350.929s][info][gc,phases      ] GC(59)   Evacuate Collection Set: 162.40ms
[350.929s][info][gc,phases      ] GC(59)   Post Evacuate Collection Set: 1.11ms
[350.929s][info][gc,phases      ] GC(59)   Other: 0.07ms
[350.929s][info][gc,heap        ] GC(59) Eden regions: 633->0(721)
[350.929s][info][gc,heap        ] GC(59) Survivor regions: 54->47(86)
[350.929s][info][gc,heap        ] GC(59) Old regions: 192->201
[350.929s][info][gc,heap        ] GC(59) Humongous regions: 34->34
[350.929s][info][gc,metaspace   ] GC(59) Metaspace: 29711K(29888K)->29711K(29888K) NonClass: 29711K(29888K)->29711K(29888K) Class: 0K(0K)->0K(0K)
[350.929s][info][gc             ] GC(59) Pause Young (Normal) (G1 Evacuation Pause) 7266M->2221M(10240M) 164.458ms
[350.929s][info][gc,cpu         ] GC(59) User=1.29s Sys=0.01s Real=0.17s
....[355.060s][info][gc,start       ] GC(60) Pause Young (Normal) (G1 Evacuation Pause)
[355.060s][info][gc,task        ] GC(60) Using 8 workers of 8 for evacuation
[355.220s][info][gc,phases      ] GC(60)   Pre Evacuate Collection Set: 0.32ms
[355.220s][info][gc,phases      ] GC(60)   Merge Heap Roots: 0.48ms
[355.220s][info][gc,phases      ] GC(60)   Evacuate Collection Set: 157.69ms
[355.220s][info][gc,phases      ] GC(60)   Post Evacuate Collection Set: 1.24ms
[355.220s][info][gc,phases      ] GC(60)   Other: 0.07ms
[355.220s][info][gc,heap        ] GC(60) Eden regions: 721->0(716)
[355.220s][info][gc,heap        ] GC(60) Survivor regions: 47->52(96)
[355.220s][info][gc,heap        ] GC(60) Old regions: 201->201
[355.220s][info][gc,heap        ] GC(60) Humongous regions: 34->34
[355.220s][info][gc,metaspace   ] GC(60) Metaspace: 29714K(29888K)->29714K(29888K) NonClass: 29714K(29888K)->29714K(29888K) Class: 0K(0K)->0K(0K)
[355.220s][info][gc             ] GC(60) Pause Young (Normal) (G1 Evacuation Pause) 7989M->2265M(10240M) 159.951ms
[355.220s][info][gc,cpu         ] GC(60) User=1.26s Sys=0.00s Real=0.16s
....[359.305s][info][gc,start       ] GC(61) Pause Young (Normal) (G1 Evacuation Pause)
[359.305s][info][gc,task        ] GC(61) Using 8 workers of 8 for evacuation
[359.469s][info][gc,phases      ] GC(61)   Pre Evacuate Collection Set: 0.29ms
[359.469s][info][gc,phases      ] GC(61)   Merge Heap Roots: 0.48ms
[359.469s][info][gc,phases      ] GC(61)   Evacuate Collection Set: 161.59ms
[359.469s][info][gc,phases      ] GC(61)   Post Evacuate Collection Set: 1.23ms
[359.469s][info][gc,phases      ] GC(61)   Other: 0.07ms
[359.469s][info][gc,heap        ] GC(61) Eden regions: 716->0(716)
[359.469s][info][gc,heap        ] GC(61) Survivor regions: 52->52(96)
[359.469s][info][gc,heap        ] GC(61) Old regions: 201->204
[359.469s][info][gc,heap        ] GC(61) Humongous regions: 34->34
[359.469s][info][gc,metaspace   ] GC(61) Metaspace: 29714K(29888K)->29714K(29888K) NonClass: 29714K(29888K)->29714K(29888K) Class: 0K(0K)->0K(0K)
[359.469s][info][gc             ] GC(61) Pause Young (Normal) (G1 Evacuation Pause) 7993M->2286M(10240M) 163.781ms
[359.469s][info][gc,cpu         ] GC(61) User=1.29s Sys=0.00s Real=0.17s
.....[363.596s][info][gc,start       ] GC(62) Pause Young (Normal) (G1 Evacuation Pause)
[363.596s][info][gc,task        ] GC(62) Using 8 workers of 8 for evacuation
[363.763s][info][gc,phases      ] GC(62)   Pre Evacuate Collection Set: 0.31ms
[363.763s][info][gc,phases      ] GC(62)   Merge Heap Roots: 0.50ms
[363.763s][info][gc,phases      ] GC(62)   Evacuate Collection Set: 164.59ms
[363.763s][info][gc,phases      ] GC(62)   Post Evacuate Collection Set: 1.28ms
[363.763s][info][gc,phases      ] GC(62)   Other: 0.08ms
[363.763s][info][gc,heap        ] GC(62) Eden regions: 716->0(715)
[363.763s][info][gc,heap        ] GC(62) Survivor regions: 52->53(96)
[363.763s][info][gc,heap        ] GC(62) Old regions: 204->206
[363.763s][info][gc,heap        ] GC(62) Humongous regions: 34->34
[363.763s][info][gc,metaspace   ] GC(62) Metaspace: 29715K(29888K)->29715K(29888K) NonClass: 29715K(29888K)->29715K(29888K) Class: 0K(0K)->0K(0K)
[363.763s][info][gc             ] GC(62) Pause Young (Normal) (G1 Evacuation Pause) 8014M->2313M(10240M) 166.924ms
[363.763s][info][gc,cpu         ] GC(62) User=1.31s Sys=0.01s Real=0.16s
.. (rIR:aIR:PR = 11548:11665:11642) (tPR = 174498) [OK] 
   365s: Performing snapshot: (quiescence.....) (stop TxI) (stop BE) (saving... 226623 Kb) (term) [375.741s][info][gc,start       ] GC(63) Pause Full (System.gc())
[375.741s][info][gc,task        ] GC(63) Using 8 workers of 8 for full compaction
[375.741s][info][gc,phases,start] GC(63) Phase 1: Mark live objects
[375.757s][info][gc,phases      ] GC(63) Phase 1: Mark live objects 15.130ms
[375.757s][info][gc,phases,start] GC(63) Phase 2: Prepare compaction
[375.763s][info][gc,phases      ] GC(63) Phase 2: Prepare compaction 6.470ms
[375.763s][info][gc,phases,start] GC(63) Phase 3: Adjust pointers
[375.775s][info][gc,phases      ] GC(63) Phase 3: Adjust pointers 12.086ms
[375.775s][info][gc,phases,start] GC(63) Phase 4: Compact heap
[375.781s][info][gc,phases      ] GC(63) Phase 4: Compact heap 6.263ms
[375.781s][info][gc,phases,start] GC(63) Phase 5: Reset Metadata
[375.786s][info][gc,phases      ] GC(63) Phase 5: Reset Metadata 4.479ms
[375.797s][info][gc,heap        ] GC(63) Eden regions: 414->0(768)
[375.797s][info][gc,heap        ] GC(63) Survivor regions: 53->0(96)
[375.797s][info][gc,heap        ] GC(63) Old regions: 206->13
[375.797s][info][gc,heap        ] GC(63) Humongous regions: 198->33
[375.797s][info][gc,metaspace   ] GC(63) Metaspace: 29716K(29888K)->29716K(29888K) NonClass: 29716K(29888K)->29716K(29888K) Class: 0K(0K)->0K(0K)
[375.797s][info][gc             ] GC(63) Pause Full (System.gc()) 6931M->333M(10240M) 56.257ms
[375.797s][info][gc,cpu         ] GC(63) User=0.36s Sys=0.00s Real=0.06s
(init) ...
   381s:       rampup IR =      0 ... (rIR:aIR:PR = 0:0:0) (tPR = 0) [OK] 
   384s:       rampup IR =   1155 ..... (rIR:aIR:PR = 1155:1159:1159) (tPR = 17569) [OK] 
   389s:       rampup IR =   2310 .... (rIR:aIR:PR = 2310:2280:2280) (tPR = 34834) [OK] 
   393s:       rampup IR =   3464 .[394.827s][info][gc,start       ] GC(64) Pause Young (Normal) (G1 Evacuation Pause)
[394.827s][info][gc,task        ] GC(64) Using 8 workers of 8 for evacuation
[395.561s][info][gc,mmu         ] GC(64) MMU target violated: 201.0ms (200.0ms/201.0ms)
[395.561s][info][gc,phases      ] GC(64)   Pre Evacuate Collection Set: 0.25ms
[395.561s][info][gc,phases      ] GC(64)   Merge Heap Roots: 1.00ms
[395.561s][info][gc,phases      ] GC(64)   Evacuate Collection Set: 730.66ms
[395.561s][info][gc,phases      ] GC(64)   Post Evacuate Collection Set: 1.67ms
[395.561s][info][gc,phases      ] GC(64)   Other: 0.11ms
[395.561s][info][gc,heap        ] GC(64) Eden regions: 768->0(373)
[395.561s][info][gc,heap        ] GC(64) Survivor regions: 0->96(96)
[395.561s][info][gc,heap        ] GC(64) Old regions: 13->67
[395.561s][info][gc,heap        ] GC(64) Humongous regions: 86->81
[395.561s][info][gc,metaspace   ] GC(64) Metaspace: 29775K(29952K)->29775K(29952K) NonClass: 29775K(29952K)->29775K(29952K) Class: 0K(0K)->0K(0K)
[395.561s][info][gc             ] GC(64) Pause Young (Normal) (G1 Evacuation Pause) 6901M->1913M(10240M) 733.807ms
[395.561s][info][gc,cpu         ] GC(64) User=5.78s Sys=0.00s Real=0.73s
.... (rIR:aIR:PR = 3464:3463:3463) (tPR = 51153) [OK] 
   398s:       rampup IR =   4619 ..[401.028s][info][gc,start       ] GC(65) Pause Young (Normal) (G1 Evacuation Pause)
[401.028s][info][gc,task        ] GC(65) Using 8 workers of 8 for evacuation
[401.441s][info][gc,mmu         ] GC(65) MMU target violated: 201.0ms (200.0ms/201.0ms)
[401.441s][info][gc,phases      ] GC(65)   Pre Evacuate Collection Set: 0.27ms
[401.441s][info][gc,phases      ] GC(65)   Merge Heap Roots: 0.80ms
[401.441s][info][gc,phases      ] GC(65)   Evacuate Collection Set: 411.09ms
[401.441s][info][gc,phases      ] GC(65)   Post Evacuate Collection Set: 0.76ms
[401.441s][info][gc,phases      ] GC(65)   Other: 0.09ms
[401.441s][info][gc,heap        ] GC(65) Eden regions: 364->0(269)
[401.441s][info][gc,heap        ] GC(65) Survivor regions: 96->23(58)
[401.441s][info][gc,heap        ] GC(65) Old regions: 67->161
[401.441s][info][gc,heap        ] GC(65) Humongous regions: 81->81
[401.441s][info][gc,metaspace   ] GC(65) Metaspace: 29778K(29952K)->29778K(29952K) NonClass: 29778K(29952K)->29778K(29952K) Class: 0K(0K)->0K(0K)
[401.441s][info][gc             ] GC(65) Pause Young (Normal) (G1 Evacuation Pause) 4825M->2077M(10240M) 413.126ms
[401.441s][info][gc,cpu         ] GC(65) User=3.25s Sys=0.00s Real=0.41s
.... (rIR:aIR:PR = 4619:4604:4604) (tPR = 67948) [OK] 
   404s:       rampup IR =   5774 .[405.684s][info][gc,start       ] GC(66) Pause Young (Normal) (G1 Evacuation Pause)
[405.684s][info][gc,task        ] GC(66) Using 8 workers of 8 for evacuation
[405.784s][info][gc,phases      ] GC(66)   Pre Evacuate Collection Set: 0.27ms
[405.784s][info][gc,phases      ] GC(66)   Merge Heap Roots: 0.41ms
[405.784s][info][gc,phases      ] GC(66)   Evacuate Collection Set: 98.80ms
[405.784s][info][gc,phases      ] GC(66)   Post Evacuate Collection Set: 0.83ms
[405.784s][info][gc,phases      ] GC(66)   Other: 0.06ms
[405.784s][info][gc,heap        ] GC(66) Eden regions: 332->0(178)
[405.784s][info][gc,heap        ] GC(66) Survivor regions: 23->35(45)
[405.784s][info][gc,heap        ] GC(66) Old regions: 161->161
[405.784s][info][gc,heap        ] GC(66) Humongous regions: 81->81
[405.784s][info][gc,metaspace   ] GC(66) Metaspace: 29790K(29952K)->29790K(29952K) NonClass: 29790K(29952K)->29790K(29952K) Class: 0K(0K)->0K(0K)
[405.784s][info][gc             ] GC(66) Pause Young (Normal) (G1 Evacuation Pause) 4733M->2173M(10240M) 100.479ms
[405.784s][info][gc,cpu         ] GC(66) User=0.79s Sys=0.00s Real=0.10s
... (rIR:aIR:PR = 5774:5823:5823) (tPR = 84249) [OK] 
   408s:       rampup IR =   6929 [408.723s][info][gc,start       ] GC(67) Pause Young (Normal) (G1 Evacuation Pause)
[408.723s][info][gc,task        ] GC(67) Using 8 workers of 8 for evacuation
[408.838s][info][gc,phases      ] GC(67)   Pre Evacuate Collection Set: 0.28ms
[408.838s][info][gc,phases      ] GC(67)   Merge Heap Roots: 0.38ms
[408.838s][info][gc,phases      ] GC(67)   Evacuate Collection Set: 112.69ms
[408.838s][info][gc,phases      ] GC(67)   Post Evacuate Collection Set: 0.79ms
[408.838s][info][gc,phases      ] GC(67)   Other: 0.06ms
[408.838s][info][gc,heap        ] GC(67) Eden regions: 264->0(322)
[408.838s][info][gc,heap        ] GC(67) Survivor regions: 35->31(38)
[408.838s][info][gc,heap        ] GC(67) Old regions: 161->172
[408.838s][info][gc,heap        ] GC(67) Humongous regions: 81->81
[408.838s][info][gc,metaspace   ] GC(67) Metaspace: 29790K(29952K)->29790K(29952K) NonClass: 29790K(29952K)->29790K(29952K) Class: 0K(0K)->0K(0K)
[408.838s][info][gc             ] GC(67) Pause Young (Normal) (G1 Evacuation Pause) 4285M->2229M(10240M) 114.332ms
[408.838s][info][gc,cpu         ] GC(67) User=0.90s Sys=0.00s Real=0.12s
...[412.097s][info][gc,start       ] GC(68) Pause Young (Normal) (G1 Evacuation Pause)
[412.097s][info][gc,task        ] GC(68) Using 8 workers of 8 for evacuation
[412.214s][info][gc,phases      ] GC(68)   Pre Evacuate Collection Set: 0.27ms
[412.214s][info][gc,phases      ] GC(68)   Merge Heap Roots: 0.34ms
[412.214s][info][gc,phases      ] GC(68)   Evacuate Collection Set: 115.35ms
[412.214s][info][gc,phases      ] GC(68)   Post Evacuate Collection Set: 0.73ms
[412.214s][info][gc,phases      ] GC(68)   Other: 0.07ms
[412.214s][info][gc,heap        ] GC(68) Eden regions: 342->0(351)
[412.214s][info][gc,heap        ] GC(68) Survivor regions: 31->32(47)
[412.214s][info][gc,heap        ] GC(68) Old regions: 172->182
[412.214s][info][gc,heap        ] GC(68) Humongous regions: 81->81
[412.214s][info][gc,metaspace   ] GC(68) Metaspace: 29804K(29952K)->29804K(29952K) NonClass: 29804K(29952K)->29804K(29952K) Class: 0K(0K)->0K(0K)
[412.214s][info][gc             ] GC(68) Pause Young (Normal) (G1 Evacuation Pause) 4965M->2319M(10240M) 116.897ms
[412.214s][info][gc,cpu         ] GC(68) User=0.92s Sys=0.01s Real=0.11s
. (rIR:aIR:PR = 6929:6914:6914) (tPR = 102481) [OK] 
   412s:       rampup IR =   8084 ..[415.351s][info][gc,start       ] GC(69) Pause Young (Normal) (G1 Evacuation Pause)
[415.351s][info][gc,task        ] GC(69) Using 8 workers of 8 for evacuation
[415.466s][info][gc,phases      ] GC(69)   Pre Evacuate Collection Set: 0.28ms
[415.466s][info][gc,phases      ] GC(69)   Merge Heap Roots: 0.36ms
[415.466s][info][gc,phases      ] GC(69)   Evacuate Collection Set: 113.14ms
[415.466s][info][gc,phases      ] GC(69)   Post Evacuate Collection Set: 0.82ms
[415.466s][info][gc,phases      ] GC(69)   Other: 0.06ms
[415.466s][info][gc,heap        ] GC(69) Eden regions: 366->0(423)
[415.466s][info][gc,heap        ] GC(69) Survivor regions: 32->34(50)
[415.466s][info][gc,heap        ] GC(69) Old regions: 182->189
[415.466s][info][gc,heap        ] GC(69) Humongous regions: 81->81
[415.466s][info][gc,metaspace   ] GC(69) Metaspace: 29804K(29952K)->29804K(29952K) NonClass: 29804K(29952K)->29804K(29952K) Class: 0K(0K)->0K(0K)
[415.466s][info][gc             ] GC(69) Pause Young (Normal) (G1 Evacuation Pause) 5247M->2387M(10240M) 114.785ms
[415.466s][info][gc,cpu         ] GC(69) User=0.90s Sys=0.00s Real=0.11s
.. (rIR:aIR:PR = 8084:8055:8046) (tPR = 122345) [OK] 
   416s:       rampup IR =   9238 ..[418.793s][info][gc,start       ] GC(70) Pause Young (Normal) (G1 Evacuation Pause)
[418.793s][info][gc,task        ] GC(70) Using 8 workers of 8 for evacuation
[418.924s][info][gc,phases      ] GC(70)   Pre Evacuate Collection Set: 0.29ms
[418.924s][info][gc,phases      ] GC(70)   Merge Heap Roots: 0.42ms
[418.924s][info][gc,phases      ] GC(70)   Evacuate Collection Set: 129.13ms
[418.924s][info][gc,phases      ] GC(70)   Post Evacuate Collection Set: 0.94ms
[418.924s][info][gc,phases      ] GC(70)   Other: 0.07ms
[418.924s][info][gc,heap        ] GC(70) Eden regions: 446->0(457)
[418.924s][info][gc,heap        ] GC(70) Survivor regions: 34->37(60)
[418.924s][info][gc,heap        ] GC(70) Old regions: 189->196
[418.924s][info][gc,heap        ] GC(70) Humongous regions: 81->81
[418.924s][info][gc,metaspace   ] GC(70) Metaspace: 29810K(29952K)->29810K(29952K) NonClass: 29810K(29952K)->29810K(29952K) Class: 0K(0K)->0K(0K)
[418.924s][info][gc             ] GC(70) Pause Young (Normal) (G1 Evacuation Pause) 5955M->2473M(10240M) 130.974ms
[418.924s][info][gc,cpu         ] GC(70) User=1.03s Sys=0.00s Real=0.13s
.. (rIR:aIR:PR = 9238:9138:9138) (tPR = 138455) [OK] 
   420s:       rampup IR =  10393 .[422.107s][info][gc,start       ] GC(71) Pause Young (Normal) (G1 Evacuation Pause)
[422.107s][info][gc,task        ] GC(71) Using 8 workers of 8 for evacuation
[422.247s][info][gc,phases      ] GC(71)   Pre Evacuate Collection Set: 0.27ms
[422.247s][info][gc,phases      ] GC(71)   Merge Heap Roots: 0.41ms
[422.247s][info][gc,phases      ] GC(71)   Evacuate Collection Set: 137.85ms
[422.247s][info][gc,phases      ] GC(71)   Post Evacuate Collection Set: 0.99ms
[422.247s][info][gc,phases      ] GC(71)   Other: 0.07ms
[422.247s][info][gc,heap        ] GC(71) Eden regions: 467->0(464)
[422.247s][info][gc,heap        ] GC(71) Survivor regions: 37->41(63)
[422.247s][info][gc,heap        ] GC(71) Old regions: 196->203
[422.247s][info][gc,heap        ] GC(71) Humongous regions: 81->81
[422.247s][info][gc,metaspace   ] GC(71) Metaspace: 29812K(29952K)->29812K(29952K) NonClass: 29812K(29952K)->29812K(29952K) Class: 0K(0K)->0K(0K)
[422.247s][info][gc             ] GC(71) Pause Young (Normal) (G1 Evacuation Pause) 6209M->2562M(10240M) 139.723ms
[422.247s][info][gc,cpu         ] GC(71) User=1.10s Sys=0.00s Real=0.14s
... (rIR:aIR:PR = 10393:10591:10568) (tPR = 153817) [OK] 
   424s:       rampup IR =  11548 [425.145s][info][gc,start       ] GC(72) Pause Young (Normal) (G1 Evacuation Pause)
[425.145s][info][gc,task        ] GC(72) Using 8 workers of 8 for evacuation
[425.282s][info][gc,phases      ] GC(72)   Pre Evacuate Collection Set: 0.30ms
[425.282s][info][gc,phases      ] GC(72)   Merge Heap Roots: 0.39ms
[425.282s][info][gc,phases      ] GC(72)   Evacuate Collection Set: 135.15ms
[425.282s][info][gc,phases      ] GC(72)   Post Evacuate Collection Set: 0.95ms
[425.282s][info][gc,phases      ] GC(72)   Other: 0.07ms
[425.282s][info][gc,heap        ] GC(72) Eden regions: 471->0(545)
[425.282s][info][gc,heap        ] GC(72) Survivor regions: 41->41(64)
[425.282s][info][gc,heap        ] GC(72) Old regions: 203->211
[425.282s][info][gc,heap        ] GC(72) Humongous regions: 81->81
[425.282s][info][gc,metaspace   ] GC(72) Metaspace: 29820K(29952K)->29820K(29952K) NonClass: 29820K(29952K)->29820K(29952K) Class: 0K(0K)->0K(0K)
[425.282s][info][gc             ] GC(72) Pause Young (Normal) (G1 Evacuation Pause) 6330M->2622M(10240M) 136.992ms
[425.282s][info][gc,cpu         ] GC(72) User=1.07s Sys=0.00s Real=0.14s
...[428.225s][info][gc,start       ] GC(73) Pause Young (Normal) (G1 Evacuation Pause)
[428.225s][info][gc,task        ] GC(73) Using 8 workers of 8 for evacuation
[428.371s][info][gc,phases      ] GC(73)   Pre Evacuate Collection Set: 0.30ms
[428.371s][info][gc,phases      ] GC(73)   Merge Heap Roots: 0.40ms
[428.371s][info][gc,phases      ] GC(73)   Evacuate Collection Set: 144.40ms
[428.371s][info][gc,phases      ] GC(73)   Post Evacuate Collection Set: 1.01ms
[428.371s][info][gc,phases      ] GC(73)   Other: 0.06ms
[428.371s][info][gc,heap        ] GC(73) Eden regions: 549->0(571)
[428.371s][info][gc,heap        ] GC(73) Survivor regions: 41->43(74)
[428.371s][info][gc,heap        ] GC(73) Old regions: 211->218
[428.371s][info][gc,heap        ] GC(73) Humongous regions: 81->81
[428.371s][info][gc,metaspace   ] GC(73) Metaspace: 29820K(29952K)->29820K(29952K) NonClass: 29820K(29952K)->29820K(29952K) Class: 0K(0K)->0K(0K)
[428.371s][info][gc             ] GC(73) Pause Young (Normal) (G1 Evacuation Pause) 7014M->2696M(10240M) 146.296ms
[428.371s][info][gc,cpu         ] GC(73) User=1.16s Sys=0.00s Real=0.15s
....[431.650s][info][gc,start       ] GC(74) Pause Young (Normal) (G1 Evacuation Pause)
[431.650s][info][gc,task        ] GC(74) Using 8 workers of 8 for evacuation
[431.794s][info][gc,phases      ] GC(74)   Pre Evacuate Collection Set: 0.32ms
[431.794s][info][gc,phases      ] GC(74)   Merge Heap Roots: 0.44ms
[431.794s][info][gc,phases      ] GC(74)   Evacuate Collection Set: 141.58ms
[431.794s][info][gc,phases      ] GC(74)   Post Evacuate Collection Set: 1.04ms
[431.794s][info][gc,phases      ] GC(74)   Other: 0.06ms
[431.794s][info][gc,heap        ] GC(74) Eden regions: 572->0(636)
[431.794s][info][gc,heap        ] GC(74) Survivor regions: 43->43(77)
[431.794s][info][gc,heap        ] GC(74) Old regions: 218->225
[431.794s][info][gc,heap        ] GC(74) Humongous regions: 81->81
[431.794s][info][gc,metaspace   ] GC(74) Metaspace: 29820K(29952K)->29820K(29952K) NonClass: 29820K(29952K)->29820K(29952K) Class: 0K(0K)->0K(0K)
[431.794s][info][gc             ] GC(74) Pause Young (Normal) (G1 Evacuation Pause) 7272M->2750M(10240M) 143.563ms
[431.794s][info][gc,cpu         ] GC(74) User=1.13s Sys=0.00s Real=0.14s
.. (rIR:aIR:PR = 11548:11894:11932) (tPR = 173375) [OK] 
   433s:       trying IR =  11648 .[435.499s][info][gc,start       ] GC(75) Pause Young (Normal) (G1 Evacuation Pause)
[435.499s][info][gc,task        ] GC(75) Using 8 workers of 8 for evacuation
[435.653s][info][gc,phases      ] GC(75)   Pre Evacuate Collection Set: 0.27ms
[435.653s][info][gc,phases      ] GC(75)   Merge Heap Roots: 0.45ms
[435.653s][info][gc,phases      ] GC(75)   Evacuate Collection Set: 152.14ms
[435.653s][info][gc,phases      ] GC(75)   Post Evacuate Collection Set: 1.13ms
[435.653s][info][gc,phases      ] GC(75)   Other: 0.07ms
[435.653s][info][gc,heap        ] GC(75) Eden regions: 632->0(577)
[435.653s][info][gc,heap        ] GC(75) Survivor regions: 43->51(85)
[435.653s][info][gc,heap        ] GC(75) Old regions: 225->225
[435.653s][info][gc,heap        ] GC(75) Humongous regions: 81->81
[435.653s][info][gc,metaspace   ] GC(75) Metaspace: 29820K(29952K)->29820K(29952K) NonClass: 29820K(29952K)->29820K(29952K) Class: 0K(0K)->0K(0K)
[435.653s][info][gc             ] GC(75) Pause Young (Normal) (G1 Evacuation Pause) 7806M->2814M(10240M) 154.217ms
[435.653s][info][gc,cpu         ] GC(75) User=1.21s Sys=0.00s Real=0.15s
.... (rIR:aIR:PR = 11648:11688:11643) (tPR = 173289) [OK] 
   438s:       trying IR =  11668 [438.897s][info][gc,start       ] GC(76) Pause Young (Normal) (G1 Evacuation Pause)
[438.897s][info][gc,task        ] GC(76) Using 8 workers of 8 for evacuation
[439.056s][info][gc,phases      ] GC(76)   Pre Evacuate Collection Set: 0.28ms
[439.056s][info][gc,phases      ] GC(76)   Merge Heap Roots: 0.43ms
[439.056s][info][gc,phases      ] GC(76)   Evacuate Collection Set: 157.10ms
[439.056s][info][gc,phases      ] GC(76)   Post Evacuate Collection Set: 1.08ms
[439.056s][info][gc,phases      ] GC(76)   Other: 0.06ms
[439.056s][info][gc,heap        ] GC(76) Eden regions: 571->0(709)
[439.056s][info][gc,heap        ] GC(76) Survivor regions: 51->44(78)
[439.056s][info][gc,heap        ] GC(76) Old regions: 225->235
[439.056s][info][gc,heap        ] GC(76) Humongous regions: 81->81
[439.056s][info][gc,metaspace   ] GC(76) Metaspace: 29820K(29952K)->29820K(29952K) NonClass: 29820K(29952K)->29820K(29952K) Class: 0K(0K)->0K(0K)
[439.056s][info][gc             ] GC(76) Pause Young (Normal) (G1 Evacuation Pause) 7382M->2838M(10240M) 159.076ms
[439.056s][info][gc,cpu         ] GC(76) User=1.25s Sys=0.00s Real=0.16s
.... (rIR:aIR:PR = 11668:11955:11979) (tPR = 184932) [OK] 
   442s:       trying IR =  11692 [442.980s][info][gc,start       ] GC(77) Pause Young (Normal) (G1 Evacuation Pause)
[442.980s][info][gc,task        ] GC(77) Using 8 workers of 8 for evacuation
[443.139s][info][gc,phases      ] GC(77)   Pre Evacuate Collection Set: 0.26ms
[443.139s][info][gc,phases      ] GC(77)   Merge Heap Roots: 0.47ms
[443.139s][info][gc,phases      ] GC(77)   Evacuate Collection Set: 156.77ms
[443.139s][info][gc,phases      ] GC(77)   Post Evacuate Collection Set: 1.32ms
[443.139s][info][gc,phases      ] GC(77)   Other: 0.07ms
[443.139s][info][gc,heap        ] GC(77) Eden regions: 705->0(619)
[443.139s][info][gc,heap        ] GC(77) Survivor regions: 44->53(94)
[443.139s][info][gc,heap        ] GC(77) Old regions: 235->235
[443.139s][info][gc,heap        ] GC(77) Humongous regions: 81->81
[443.139s][info][gc,metaspace   ] GC(77) Metaspace: 29820K(29952K)->29820K(29952K) NonClass: 29820K(29952K)->29820K(29952K) Class: 0K(0K)->0K(0K)
[443.139s][info][gc             ] GC(77) Pause Young (Normal) (G1 Evacuation Pause) 8478M->2906M(10240M) 159.031ms
[443.139s][info][gc,cpu         ] GC(77) User=1.25s Sys=0.00s Real=0.16s
...[446.660s][info][gc,start       ] GC(78) Pause Young (Normal) (G1 Evacuation Pause)
[446.660s][info][gc,task        ] GC(78) Using 8 workers of 8 for evacuation
[446.822s][info][gc,phases      ] GC(78)   Pre Evacuate Collection Set: 0.30ms
[446.822s][info][gc,phases      ] GC(78)   Merge Heap Roots: 0.45ms
[446.822s][info][gc,phases      ] GC(78)   Evacuate Collection Set: 159.59ms
[446.822s][info][gc,phases      ] GC(78)   Post Evacuate Collection Set: 1.13ms
[446.822s][info][gc,phases      ] GC(78)   Other: 0.06ms
[446.822s][info][gc,heap        ] GC(78) Eden regions: 614->0(721)
[446.822s][info][gc,heap        ] GC(78) Survivor regions: 53->47(84)
[446.822s][info][gc,heap        ] GC(78) Old regions: 235->244
[446.822s][info][gc,heap        ] GC(78) Humongous regions: 81->81
[446.822s][info][gc,metaspace   ] GC(78) Metaspace: 29820K(29952K)->29820K(29952K) NonClass: 29820K(29952K)->29820K(29952K) Class: 0K(0K)->0K(0K)
[446.822s][info][gc             ] GC(78) Pause Young (Normal) (G1 Evacuation Pause) 7818M->2929M(10240M) 161.687ms
[446.822s][info][gc,cpu         ] GC(78) User=1.27s Sys=0.00s Real=0.16s
.... (rIR:aIR:PR = 11692:11820:11935) (tPR = 177464) [OK] 
   449s:       trying IR =  11721 [450.839s][info][gc,start       ] GC(79) Pause Young (Normal) (G1 Evacuation Pause)
[450.839s][info][gc,task        ] GC(79) Using 8 workers of 8 for evacuation
[450.998s][info][gc,phases      ] GC(79)   Pre Evacuate Collection Set: 0.30ms
[450.998s][info][gc,phases      ] GC(79)   Merge Heap Roots: 0.46ms
[450.998s][info][gc,phases      ] GC(79)   Evacuate Collection Set: 156.68ms
[450.998s][info][gc,phases      ] GC(79)   Post Evacuate Collection Set: 1.36ms
[450.998s][info][gc,phases      ] GC(79)   Other: 0.06ms
[450.998s][info][gc,heap        ] GC(79) Eden regions: 721->0(695)
[450.998s][info][gc,heap        ] GC(79) Survivor regions: 47->53(96)
[450.998s][info][gc,heap        ] GC(79) Old regions: 244->244
[450.998s][info][gc,heap        ] GC(79) Humongous regions: 81->81
[450.998s][info][gc,metaspace   ] GC(79) Metaspace: 29820K(29952K)->29820K(29952K) NonClass: 29820K(29952K)->29820K(29952K) Class: 0K(0K)->0K(0K)
[450.998s][info][gc             ] GC(79) Pause Young (Normal) (G1 Evacuation Pause) 8697M->2977M(10240M) 159.017ms
[450.998s][info][gc,cpu         ] GC(79) User=1.25s Sys=0.00s Real=0.16s
....[454.939s][info][gc,start       ] GC(80) Pause Young (Normal) (G1 Evacuation Pause)
[454.939s][info][gc,task        ] GC(80) Using 8 workers of 8 for evacuation
[455.107s][info][gc,phases      ] GC(80)   Pre Evacuate Collection Set: 0.29ms
[455.107s][info][gc,phases      ] GC(80)   Merge Heap Roots: 0.48ms
[455.107s][info][gc,phases      ] GC(80)   Evacuate Collection Set: 166.57ms
[455.107s][info][gc,phases      ] GC(80)   Post Evacuate Collection Set: 1.25ms
[455.107s][info][gc,phases      ] GC(80)   Other: 0.06ms
[455.107s][info][gc,heap        ] GC(80) Eden regions: 687->0(715)
[455.107s][info][gc,heap        ] GC(80) Survivor regions: 53->53(93)
[455.108s][info][gc,heap        ] GC(80) Old regions: 244->247
[455.108s][info][gc,heap        ] GC(80) Humongous regions: 81->81
[455.108s][info][gc,metaspace   ] GC(80) Metaspace: 29820K(29952K)->29820K(29952K) NonClass: 29820K(29952K)->29820K(29952K) Class: 0K(0K)->0K(0K)
[455.108s][info][gc             ] GC(80) Pause Young (Normal) (G1 Evacuation Pause) 8473M->3002M(10240M) 168.786ms
[455.108s][info][gc,cpu         ] GC(80) User=1.33s Sys=0.00s Real=0.17s
.. (rIR:aIR:PR = 11721:11828:11959) (tPR = 180680) [OK] 
   455s:       trying IR =  11755 ..[459.114s][info][gc,start       ] GC(81) Pause Young (Normal) (G1 Evacuation Pause)
[459.114s][info][gc,task        ] GC(81) Using 8 workers of 8 for evacuation
[459.289s][info][gc,phases      ] GC(81)   Pre Evacuate Collection Set: 0.28ms
[459.289s][info][gc,phases      ] GC(81)   Merge Heap Roots: 0.57ms
[459.289s][info][gc,phases      ] GC(81)   Evacuate Collection Set: 172.52ms
[459.289s][info][gc,phases      ] GC(81)   Post Evacuate Collection Set: 1.36ms
[459.289s][info][gc,phases      ] GC(81)   Other: 0.07ms
[459.289s][info][gc,heap        ] GC(81) Eden regions: 713->0(686)
[459.289s][info][gc,heap        ] GC(81) Survivor regions: 53->55(96)
[459.289s][info][gc,heap        ] GC(81) Old regions: 247->249
[459.289s][info][gc,heap        ] GC(81) Humongous regions: 81->81
[459.289s][info][gc,metaspace   ] GC(81) Metaspace: 29823K(30016K)->29823K(30016K) NonClass: 29823K(30016K)->29823K(30016K) Class: 0K(0K)->0K(0K)
[459.289s][info][gc             ] GC(81) Pause Young (Normal) (G1 Evacuation Pause) 8706M->3037M(10240M) 174.923ms
[459.289s][info][gc,cpu         ] GC(81) User=1.37s Sys=0.00s Real=0.18s
.... (rIR:aIR:PR = 11755:11615:11596) (tPR = 166430) [OK] 
   462s:       trying IR =  11797 [463.199s][info][gc,start       ] GC(82) Pause Young (Normal) (G1 Evacuation Pause)
[463.199s][info][gc,task        ] GC(82) Using 8 workers of 8 for evacuation
[463.366s][info][gc,phases      ] GC(82)   Pre Evacuate Collection Set: 0.28ms
[463.366s][info][gc,phases      ] GC(82)   Merge Heap Roots: 0.50ms
[463.366s][info][gc,phases      ] GC(82)   Evacuate Collection Set: 164.63ms
[463.366s][info][gc,phases      ] GC(82)   Post Evacuate Collection Set: 1.28ms
[463.366s][info][gc,phases      ] GC(82)   Other: 0.06ms
[463.366s][info][gc,heap        ] GC(82) Eden regions: 681->0(721)
[463.366s][info][gc,heap        ] GC(82) Survivor regions: 55->47(92)
[463.366s][info][gc,heap        ] GC(82) Old regions: 249->257
[463.366s][info][gc,heap        ] GC(82) Humongous regions: 81->81
[463.366s][info][gc,metaspace   ] GC(82) Metaspace: 29823K(30016K)->29823K(30016K) NonClass: 29823K(30016K)->29823K(30016K) Class: 0K(0K)->0K(0K)
[463.366s][info][gc             ] GC(82) Pause Young (Normal) (G1 Evacuation Pause) 8485M->3045M(10240M) 166.900ms
[463.366s][info][gc,cpu         ] GC(82) User=1.31s Sys=0.00s Real=0.16s
....[467.267s][info][gc,start       ] GC(83) Pause Young (Normal) (G1 Evacuation Pause)
[467.267s][info][gc,task        ] GC(83) Using 8 workers of 8 for evacuation
[467.429s][info][gc,phases      ] GC(83)   Pre Evacuate Collection Set: 0.32ms
[467.429s][info][gc,phases      ] GC(83)   Merge Heap Roots: 0.50ms
[467.429s][info][gc,phases      ] GC(83)   Evacuate Collection Set: 159.53ms
[467.429s][info][gc,phases      ] GC(83)   Post Evacuate Collection Set: 1.33ms
[467.429s][info][gc,phases      ] GC(83)   Other: 0.08ms
[467.429s][info][gc,heap        ] GC(83) Eden regions: 721->0(715)
[467.429s][info][gc,heap        ] GC(83) Survivor regions: 47->53(96)
[467.429s][info][gc,heap        ] GC(83) Old regions: 257->257
[467.429s][info][gc,heap        ] GC(83) Humongous regions: 81->81
[467.429s][info][gc,metaspace   ] GC(83) Metaspace: 29823K(30016K)->29823K(30016K) NonClass: 29823K(30016K)->29823K(30016K) Class: 0K(0K)->0K(0K)
[467.429s][info][gc             ] GC(83) Pause Young (Normal) (G1 Evacuation Pause) 8813M->3093M(10240M) 161.927ms
[467.429s][info][gc,cpu         ] GC(83) User=1.27s Sys=0.00s Real=0.16s
.....[471.468s][info][gc,start       ] GC(84) Pause Young (Normal) (G1 Evacuation Pause)
[471.468s][info][gc,task        ] GC(84) Using 8 workers of 8 for evacuation
[471.633s][info][gc,phases      ] GC(84)   Pre Evacuate Collection Set: 0.29ms
[471.633s][info][gc,phases      ] GC(84)   Merge Heap Roots: 0.50ms
[471.633s][info][gc,phases      ] GC(84)   Evacuate Collection Set: 163.14ms
[471.633s][info][gc,phases      ] GC(84)   Post Evacuate Collection Set: 1.22ms
[471.633s][info][gc,phases      ] GC(84)   Other: 0.07ms
[471.633s][info][gc,heap        ] GC(84) Eden regions: 715->0(716)
[471.633s][info][gc,heap        ] GC(84) Survivor regions: 53->52(96)
[471.633s][info][gc,heap        ] GC(84) Old regions: 257->260
[471.633s][info][gc,heap        ] GC(84) Humongous regions: 81->81
[471.633s][info][gc,metaspace   ] GC(84) Metaspace: 29823K(30016K)->29823K(30016K) NonClass: 29823K(30016K)->29823K(30016K) Class: 0K(0K)->0K(0K)
[471.633s][info][gc             ] GC(84) Pause Young (Normal) (G1 Evacuation Pause) 8813M->3107M(10240M) 165.342ms
[471.633s][info][gc,cpu         ] GC(84) User=1.30s Sys=0.00s Real=0.16s
.. (rIR:aIR:PR = 11797:12240:12241) (tPR = 185243) [OK] 
   473s:       trying IR =  11847 ..[475.630s][info][gc,start       ] GC(85) Pause Young (Normal) (G1 Evacuation Pause)
[475.630s][info][gc,task        ] GC(85) Using 8 workers of 8 for evacuation
[475.797s][info][gc,phases      ] GC(85)   Pre Evacuate Collection Set: 0.29ms
[475.797s][info][gc,phases      ] GC(85)   Merge Heap Roots: 0.50ms
[475.797s][info][gc,phases      ] GC(85)   Evacuate Collection Set: 164.54ms
[475.797s][info][gc,phases      ] GC(85)   Post Evacuate Collection Set: 1.29ms
[475.797s][info][gc,phases      ] GC(85)   Other: 0.07ms
[475.797s][info][gc,heap        ] GC(85) Eden regions: 716->0(716)
[475.797s][info][gc,heap        ] GC(85) Survivor regions: 52->52(96)
[475.797s][info][gc,heap        ] GC(85) Old regions: 260->263
[475.797s][info][gc,heap        ] GC(85) Humongous regions: 81->81
[475.797s][info][gc,metaspace   ] GC(85) Metaspace: 29823K(30016K)->29823K(30016K) NonClass: 29823K(30016K)->29823K(30016K) Class: 0K(0K)->0K(0K)
[475.797s][info][gc             ] GC(85) Pause Young (Normal) (G1 Evacuation Pause) 8835M->3127M(10240M) 166.823ms
[475.797s][info][gc,cpu         ] GC(85) User=1.32s Sys=0.00s Real=0.17s
.... (rIR:aIR:PR = 11847:11598:11606) (tPR = 167947) [OK] 
   479s:       trying IR =  11906 [479.878s][info][gc,start       ] GC(86) Pause Young (Normal) (G1 Evacuation Pause)
[479.878s][info][gc,task        ] GC(86) Using 8 workers of 8 for evacuation
[480.047s][info][gc,phases      ] GC(86)   Pre Evacuate Collection Set: 0.29ms
[480.047s][info][gc,phases      ] GC(86)   Merge Heap Roots: 0.59ms
[480.047s][info][gc,phases      ] GC(86)   Evacuate Collection Set: 167.43ms
[480.047s][info][gc,phases      ] GC(86)   Post Evacuate Collection Set: 1.36ms
[480.047s][info][gc,phases      ] GC(86)   Other: 0.06ms
[480.047s][info][gc,heap        ] GC(86) Eden regions: 716->0(715)
[480.047s][info][gc,heap        ] GC(86) Survivor regions: 52->53(96)
[480.047s][info][gc,heap        ] GC(86) Old regions: 263->265
[480.047s][info][gc,heap        ] GC(86) Humongous regions: 81->81
[480.047s][info][gc,metaspace   ] GC(86) Metaspace: 29825K(30016K)->29825K(30016K) NonClass: 29825K(30016K)->29825K(30016K) Class: 0K(0K)->0K(0K)
[480.047s][info][gc             ] GC(86) Pause Young (Normal) (G1 Evacuation Pause) 8855M->3157M(10240M) 169.889ms
[480.047s][info][gc,cpu         ] GC(86) User=1.34s Sys=0.01s Real=0.17s
....[484.028s][info][gc,start       ] GC(87) Pause Young (Normal) (G1 Evacuation Pause)
[484.028s][info][gc,task        ] GC(87) Using 8 workers of 8 for evacuation
[484.206s][info][gc,phases      ] GC(87)   Pre Evacuate Collection Set: 0.28ms
[484.206s][info][gc,phases      ] GC(87)   Merge Heap Roots: 0.52ms
[484.206s][info][gc,phases      ] GC(87)   Evacuate Collection Set: 175.41ms
[484.206s][info][gc,phases      ] GC(87)   Post Evacuate Collection Set: 1.27ms
[484.206s][info][gc,phases      ] GC(87)   Other: 0.07ms
[484.206s][info][gc,heap        ] GC(87) Eden regions: 715->0(713)
[484.206s][info][gc,heap        ] GC(87) Survivor regions: 53->55(96)
[484.206s][info][gc,heap        ] GC(87) Old regions: 265->268
[484.206s][info][gc,heap        ] GC(87) Humongous regions: 81->81
[484.206s][info][gc,metaspace   ] GC(87) Metaspace: 29828K(30016K)->29828K(30016K) NonClass: 29828K(30016K)->29828K(30016K) Class: 0K(0K)->0K(0K)
[484.206s][info][gc             ] GC(87) Pause Young (Normal) (G1 Evacuation Pause) 8877M->3194M(10240M) 177.687ms
[484.206s][info][gc,cpu         ] GC(87) User=1.40s Sys=0.00s Real=0.18s
.. (rIR:aIR:PR = 11906:11921:12087) (tPR = 183351) [OK] 
   485s:       trying IR =  11978 ..[488.210s][info][gc,start       ] GC(88) Pause Young (Normal) (G1 Evacuation Pause)
[488.210s][info][gc,task        ] GC(88) Using 8 workers of 8 for evacuation
[488.379s][info][gc,phases      ] GC(88)   Pre Evacuate Collection Set: 0.31ms
[488.379s][info][gc,phases      ] GC(88)   Merge Heap Roots: 0.52ms
[488.379s][info][gc,phases      ] GC(88)   Evacuate Collection Set: 166.12ms
[488.379s][info][gc,phases      ] GC(88)   Post Evacuate Collection Set: 1.40ms
[488.379s][info][gc,phases      ] GC(88)   Other: 0.08ms
[488.379s][info][gc,heap        ] GC(88) Eden regions: 713->0(715)
[488.379s][info][gc,heap        ] GC(88) Survivor regions: 55->53(96)
[488.379s][info][gc,heap        ] GC(88) Old regions: 268->271
[488.379s][info][gc,heap        ] GC(88) Humongous regions: 81->81
[488.379s][info][gc,metaspace   ] GC(88) Metaspace: 29828K(30016K)->29828K(30016K) NonClass: 29828K(30016K)->29828K(30016K) Class: 0K(0K)->0K(0K)
[488.379s][info][gc             ] GC(88) Pause Young (Normal) (G1 Evacuation Pause) 8898M->3199M(10240M) 168.571ms
[488.379s][info][gc,cpu         ] GC(88) User=1.33s Sys=0.00s Real=0.17s
.... (rIR:aIR:PR = 11978:12108:12105) (tPR = 181446) [OK] 
   491s:       trying IR =  12064 [492.272s][info][gc,start       ] GC(89) Pause Young (Normal) (G1 Evacuation Pause)
[492.273s][info][gc,task        ] GC(89) Using 8 workers of 8 for evacuation
[492.446s][info][gc,phases      ] GC(89)   Pre Evacuate Collection Set: 0.32ms
[492.446s][info][gc,phases      ] GC(89)   Merge Heap Roots: 0.52ms
[492.446s][info][gc,phases      ] GC(89)   Evacuate Collection Set: 171.20ms
[492.446s][info][gc,phases      ] GC(89)   Post Evacuate Collection Set: 1.34ms
[492.446s][info][gc,phases      ] GC(89)   Other: 0.06ms
[492.446s][info][gc,heap        ] GC(89) Eden regions: 715->0(714)
[492.446s][info][gc,heap        ] GC(89) Survivor regions: 53->54(96)
[492.446s][info][gc,heap        ] GC(89) Old regions: 271->273
[492.446s][info][gc,heap        ] GC(89) Humongous regions: 81->81
[492.446s][info][gc,metaspace   ] GC(89) Metaspace: 29828K(30016K)->29828K(30016K) NonClass: 29828K(30016K)->29828K(30016K) Class: 0K(0K)->0K(0K)
[492.446s][info][gc             ] GC(89) Pause Young (Normal) (G1 Evacuation Pause) 8919M->3224M(10240M) 173.585ms
[492.446s][info][gc,cpu         ] GC(89) User=1.36s Sys=0.00s Real=0.18s
....[496.255s][info][gc,start       ] GC(90) Pause Young (Normal) (G1 Evacuation Pause)
[496.255s][info][gc,task        ] GC(90) Using 8 workers of 8 for evacuation
[496.436s][info][gc,phases      ] GC(90)   Pre Evacuate Collection Set: 0.30ms
[496.436s][info][gc,phases      ] GC(90)   Merge Heap Roots: 0.51ms
[496.436s][info][gc,phases      ] GC(90)   Evacuate Collection Set: 178.98ms
[496.436s][info][gc,phases      ] GC(90)   Post Evacuate Collection Set: 1.30ms
[496.436s][info][gc,phases      ] GC(90)   Other: 0.06ms
[496.436s][info][gc,heap        ] GC(90) Eden regions: 714->0(708)
[496.436s][info][gc,heap        ] GC(90) Survivor regions: 54->56(96)
[496.436s][info][gc,heap        ] GC(90) Old regions: 273->276
[496.436s][info][gc,heap        ] GC(90) Humongous regions: 81->81
[496.436s][info][gc,metaspace   ] GC(90) Metaspace: 29828K(30016K)->29828K(30016K) NonClass: 29828K(30016K)->29828K(30016K) Class: 0K(0K)->0K(0K)
[496.436s][info][gc             ] GC(90) Pause Young (Normal) (G1 Evacuation Pause) 8936M->3262M(10240M) 181.285ms
[496.436s][info][gc,cpu         ] GC(90) User=1.43s Sys=0.00s Real=0.19s
... (rIR:aIR:PR = 12064:12335:12579) (tPR = 185754) [OK] 
   498s:       trying IR =  12167 .[500.250s][info][gc,start       ] GC(91) Pause Young (Normal) (G1 Evacuation Pause)
[500.250s][info][gc,task        ] GC(91) Using 8 workers of 8 for evacuation
[500.427s][info][gc,phases      ] GC(91)   Pre Evacuate Collection Set: 0.26ms
[500.427s][info][gc,phases      ] GC(91)   Merge Heap Roots: 0.52ms
[500.427s][info][gc,phases      ] GC(91)   Evacuate Collection Set: 174.94ms
[500.427s][info][gc,phases      ] GC(91)   Post Evacuate Collection Set: 1.24ms
[500.427s][info][gc,phases      ] GC(91)   Other: 0.06ms
[500.427s][info][gc,heap        ] GC(91) Eden regions: 706->0(718)
[500.427s][info][gc,heap        ] GC(91) Survivor regions: 56->50(96)
[500.427s][info][gc,heap        ] GC(91) Old regions: 276->284
[500.427s][info][gc,heap        ] GC(91) Humongous regions: 81->81
[500.427s][info][gc,metaspace   ] GC(91) Metaspace: 29828K(30016K)->29828K(30016K) NonClass: 29828K(30016K)->29828K(30016K) Class: 0K(0K)->0K(0K)
[500.427s][info][gc             ] GC(91) Pause Young (Normal) (G1 Evacuation Pause) 8910M->3284M(10240M) 177.143ms
[500.427s][info][gc,cpu         ] GC(91) User=1.39s Sys=0.00s Real=0.18s
.... (rIR:aIR:PR = 12167:12022:11897) (tPR = 174367) [OK] 
   503s:       trying IR =  12291 [504.346s][info][gc,start       ] GC(92) Pause Young (Normal) (G1 Evacuation Pause)
[504.346s][info][gc,task        ] GC(92) Using 8 workers of 8 for evacuation
[504.509s][info][gc,phases      ] GC(92)   Pre Evacuate Collection Set: 0.28ms
[504.509s][info][gc,phases      ] GC(92)   Merge Heap Roots: 0.52ms
[504.509s][info][gc,phases      ] GC(92)   Evacuate Collection Set: 160.51ms
[504.509s][info][gc,phases      ] GC(92)   Post Evacuate Collection Set: 1.34ms
[504.509s][info][gc,phases      ] GC(92)   Other: 0.06ms
[504.509s][info][gc,heap        ] GC(92) Eden regions: 718->0(716)
[504.509s][info][gc,heap        ] GC(92) Survivor regions: 50->52(96)
[504.509s][info][gc,heap        ] GC(92) Old regions: 284->284
[504.509s][info][gc,heap        ] GC(92) Humongous regions: 81->81
[504.509s][info][gc,metaspace   ] GC(92) Metaspace: 29828K(30016K)->29828K(30016K) NonClass: 29828K(30016K)->29828K(30016K) Class: 0K(0K)->0K(0K)
[504.509s][info][gc             ] GC(92) Pause Young (Normal) (G1 Evacuation Pause) 9028M->3300M(10240M) 162.849ms
[504.509s][info][gc,cpu         ] GC(92) User=1.28s Sys=0.00s Real=0.16s
....[508.339s][info][gc,start       ] GC(93) Pause Young (Normal) (G1 Evacuation Pause)
[508.339s][info][gc,task        ] GC(93) Using 8 workers of 8 for evacuation
[508.515s][info][gc,phases      ] GC(93)   Pre Evacuate Collection Set: 0.29ms
[508.515s][info][gc,phases      ] GC(93)   Merge Heap Roots: 0.55ms
[508.515s][info][gc,phases      ] GC(93)   Evacuate Collection Set: 174.06ms
[508.515s][info][gc,phases      ] GC(93)   Post Evacuate Collection Set: 1.28ms
[508.515s][info][gc,phases      ] GC(93)   Other: 0.07ms
[508.515s][info][gc,heap        ] GC(93) Eden regions: 716->0(714)
[508.515s][info][gc,heap        ] GC(93) Survivor regions: 52->54(96)
[508.515s][info][gc,heap        ] GC(93) Old regions: 284->288
[508.515s][info][gc,heap        ] GC(93) Humongous regions: 81->81
[508.515s][info][gc,metaspace   ] GC(93) Metaspace: 29828K(30016K)->29828K(30016K) NonClass: 29828K(30016K)->29828K(30016K) Class: 0K(0K)->0K(0K)
[508.515s][info][gc             ] GC(93) Pause Young (Normal) (G1 Evacuation Pause) 9028M->3344M(10240M) 176.373ms
[508.515s][info][gc,cpu         ] GC(93) User=1.39s Sys=0.00s Real=0.17s
.. (rIR:aIR:PR = 12291:12188:12339) (tPR = 189359) [OK] 
   509s:       trying IR =  12440 ..[512.328s][info][gc,start       ] GC(94) Pause Young (Normal) (G1 Evacuation Pause)
[512.328s][info][gc,task        ] GC(94) Using 8 workers of 8 for evacuation
[512.498s][info][gc,phases      ] GC(94)   Pre Evacuate Collection Set: 0.31ms
[512.498s][info][gc,phases      ] GC(94)   Merge Heap Roots: 0.54ms
[512.498s][info][gc,phases      ] GC(94)   Evacuate Collection Set: 167.96ms
[512.498s][info][gc,phases      ] GC(94)   Post Evacuate Collection Set: 1.38ms
[512.498s][info][gc,phases      ] GC(94)   Other: 0.06ms
[512.498s][info][gc,heap        ] GC(94) Eden regions: 714->0(714)
[512.498s][info][gc,heap        ] GC(94) Survivor regions: 54->54(96)
[512.498s][info][gc,heap        ] GC(94) Old regions: 288->290
[512.498s][info][gc,heap        ] GC(94) Humongous regions: 81->81
[512.498s][info][gc,metaspace   ] GC(94) Metaspace: 29828K(30016K)->29828K(30016K) NonClass: 29828K(30016K)->29828K(30016K) Class: 0K(0K)->0K(0K)
[512.498s][info][gc             ] GC(94) Pause Young (Normal) (G1 Evacuation Pause) 9056M->3360M(10240M) 170.383ms
[512.498s][info][gc,cpu         ] GC(94) User=1.34s Sys=0.00s Real=0.17s
... (rIR:aIR:PR = 12440:12952:12743) (tPR = 190587) [OK] 
   514s:       trying IR =  12618 .[516.340s][info][gc,start       ] GC(95) Pause Young (Normal) (G1 Evacuation Pause)
[516.341s][info][gc,task        ] GC(95) Using 8 workers of 8 for evacuation
[516.513s][info][gc,phases      ] GC(95)   Pre Evacuate Collection Set: 0.32ms
[516.513s][info][gc,phases      ] GC(95)   Merge Heap Roots: 0.60ms
[516.513s][info][gc,phases      ] GC(95)   Evacuate Collection Set: 170.27ms
[516.513s][info][gc,phases      ] GC(95)   Post Evacuate Collection Set: 1.42ms
[516.513s][info][gc,phases      ] GC(95)   Other: 0.06ms
[516.513s][info][gc,heap        ] GC(95) Eden regions: 714->0(714)
[516.513s][info][gc,heap        ] GC(95) Survivor regions: 54->54(96)
[516.513s][info][gc,heap        ] GC(95) Old regions: 290->293
[516.513s][info][gc,heap        ] GC(95) Humongous regions: 81->81
[516.513s][info][gc,metaspace   ] GC(95) Metaspace: 29832K(30016K)->29832K(30016K) NonClass: 29832K(30016K)->29832K(30016K) Class: 0K(0K)->0K(0K)
[516.513s][info][gc             ] GC(95) Pause Young (Normal) (G1 Evacuation Pause) 9072M->3381M(10240M) 172.812ms
[516.513s][info][gc,cpu         ] GC(95) User=1.35s Sys=0.01s Real=0.17s
....[520.237s][info][gc,start       ] GC(96) Pause Young (Normal) (G1 Evacuation Pause)
[520.237s][info][gc,task        ] GC(96) Using 8 workers of 8 for evacuation
[520.416s][info][gc,phases      ] GC(96)   Pre Evacuate Collection Set: 0.29ms
[520.416s][info][gc,phases      ] GC(96)   Merge Heap Roots: 0.60ms
[520.416s][info][gc,phases      ] GC(96)   Evacuate Collection Set: 176.46ms
[520.416s][info][gc,phases      ] GC(96)   Post Evacuate Collection Set: 1.31ms
[520.416s][info][gc,phases      ] GC(96)   Other: 0.07ms
[520.416s][info][gc,heap        ] GC(96) Eden regions: 714->0(713)
[520.416s][info][gc,heap        ] GC(96) Survivor regions: 54->55(96)
[520.416s][info][gc,heap        ] GC(96) Old regions: 293->296
[520.416s][info][gc,heap        ] GC(96) Humongous regions: 81->81
[520.416s][info][gc,metaspace   ] GC(96) Metaspace: 29832K(30016K)->29832K(30016K) NonClass: 29832K(30016K)->29832K(30016K) Class: 0K(0K)->0K(0K)
[520.416s][info][gc             ] GC(96) Pause Young (Normal) (G1 Evacuation Pause) 9093M->3409M(10240M) 178.911ms
[520.416s][info][gc,cpu         ] GC(96) User=1.41s Sys=0.00s Real=0.18s
.... (rIR:aIR:PR = 12618:12421:12410) (tPR = 188187) [OK] 
   523s:       trying IR =  12832 [524.175s][info][gc,start       ] GC(97) Pause Young (Normal) (G1 Evacuation Pause)
[524.175s][info][gc,task        ] GC(97) Using 8 workers of 8 for evacuation
[524.351s][info][gc,phases      ] GC(97)   Pre Evacuate Collection Set: 0.30ms
[524.351s][info][gc,phases      ] GC(97)   Merge Heap Roots: 0.55ms
[524.351s][info][gc,phases      ] GC(97)   Evacuate Collection Set: 173.92ms
[524.351s][info][gc,phases      ] GC(97)   Post Evacuate Collection Set: 1.34ms
[524.351s][info][gc,phases      ] GC(97)   Other: 0.07ms
[524.351s][info][gc,heap        ] GC(97) Eden regions: 713->0(713)
[524.351s][info][gc,heap        ] GC(97) Survivor regions: 55->55(96)
[524.351s][info][gc,heap        ] GC(97) Old regions: 296->298
[524.351s][info][gc,heap        ] GC(97) Humongous regions: 81->81
[524.351s][info][gc,metaspace   ] GC(97) Metaspace: 29832K(30016K)->29832K(30016K) NonClass: 29832K(30016K)->29832K(30016K) Class: 0K(0K)->0K(0K)
[524.351s][info][gc             ] GC(97) Pause Young (Normal) (G1 Evacuation Pause) 9113M->3434M(10240M) 176.302ms
[524.351s][info][gc,cpu         ] GC(97) User=1.39s Sys=0.00s Real=0.18s
....[528.032s][info][gc,start       ] GC(98) Pause Young (Normal) (G1 Evacuation Pause)
[528.032s][info][gc,task        ] GC(98) Using 8 workers of 8 for evacuation
[528.205s][info][gc,phases      ] GC(98)   Pre Evacuate Collection Set: 0.28ms
[528.205s][info][gc,phases      ] GC(98)   Merge Heap Roots: 0.53ms
[528.205s][info][gc,phases      ] GC(98)   Evacuate Collection Set: 171.18ms
[528.205s][info][gc,phases      ] GC(98)   Post Evacuate Collection Set: 1.27ms
[528.205s][info][gc,phases      ] GC(98)   Other: 0.08ms
[528.205s][info][gc,heap        ] GC(98) Eden regions: 713->0(714)
[528.205s][info][gc,heap        ] GC(98) Survivor regions: 55->54(96)
[528.205s][info][gc,heap        ] GC(98) Old regions: 298->301
[528.205s][info][gc,heap        ] GC(98) Humongous regions: 81->81
[528.205s][info][gc,metaspace   ] GC(98) Metaspace: 29832K(30016K)->29832K(30016K) NonClass: 29832K(30016K)->29832K(30016K) Class: 0K(0K)->0K(0K)
[528.205s][info][gc             ] GC(98) Pause Young (Normal) (G1 Evacuation Pause) 9138M->3447M(10240M) 173.468ms
[528.205s][info][gc,cpu         ] GC(98) User=1.37s Sys=0.00s Real=0.17s
. (rIR:aIR:PR = 12832:12673:12612) (tPR = 178543) [OK] 
   528s:       trying IR =  13089 ...[531.998s][info][gc,start       ] GC(99) Pause Young (Normal) (G1 Evacuation Pause)
[531.998s][info][gc,task        ] GC(99) Using 8 workers of 8 for evacuation
[532.174s][info][gc,phases      ] GC(99)   Pre Evacuate Collection Set: 0.28ms
[532.174s][info][gc,phases      ] GC(99)   Merge Heap Roots: 0.53ms
[532.174s][info][gc,phases      ] GC(99)   Evacuate Collection Set: 174.01ms
[532.174s][info][gc,phases      ] GC(99)   Post Evacuate Collection Set: 1.47ms
[532.174s][info][gc,phases      ] GC(99)   Other: 0.07ms
[532.174s][info][gc,heap        ] GC(99) Eden regions: 714->0(713)
[532.174s][info][gc,heap        ] GC(99) Survivor regions: 54->55(96)
[532.174s][info][gc,heap        ] GC(99) Old regions: 301->303
[532.174s][info][gc,heap        ] GC(99) Humongous regions: 81->81
[532.174s][info][gc,metaspace   ] GC(99) Metaspace: 29833K(30016K)->29833K(30016K) NonClass: 29833K(30016K)->29833K(30016K) Class: 0K(0K)->0K(0K)
[532.174s][info][gc             ] GC(99) Pause Young (Normal) (G1 Evacuation Pause) 9159M->3472M(10240M) 176.500ms
[532.174s][info][gc,cpu         ] GC(99) User=1.38s Sys=0.00s Real=0.17s
....[535.889s][info][gc,start       ] GC(100) Pause Young (Normal) (G1 Evacuation Pause)
[535.889s][info][gc,task        ] GC(100) Using 8 workers of 8 for evacuation
[536.068s][info][gc,phases      ] GC(100)   Pre Evacuate Collection Set: 0.27ms
[536.068s][info][gc,phases      ] GC(100)   Merge Heap Roots: 0.55ms
[536.068s][info][gc,phases      ] GC(100)   Evacuate Collection Set: 176.10ms
[536.068s][info][gc,phases      ] GC(100)   Post Evacuate Collection Set: 1.30ms
[536.068s][info][gc,phases      ] GC(100)   Other: 0.07ms
[536.068s][info][gc,heap        ] GC(100) Eden regions: 713->0(713)
[536.068s][info][gc,heap        ] GC(100) Survivor regions: 55->55(96)
[536.068s][info][gc,heap        ] GC(100) Old regions: 303->306
[536.068s][info][gc,heap        ] GC(100) Humongous regions: 81->81
[536.068s][info][gc,metaspace   ] GC(100) Metaspace: 29833K(30016K)->29833K(30016K) NonClass: 29833K(30016K)->29833K(30016K) Class: 0K(0K)->0K(0K)
[536.068s][info][gc             ] GC(100) Pause Young (Normal) (G1 Evacuation Pause) 9176M->3493M(10240M) 178.419ms
[536.068s][info][gc,cpu         ] GC(100) User=1.40s Sys=0.00s Real=0.18s
....[539.787s][info][gc,start       ] GC(101) Pause Young (Normal) (G1 Evacuation Pause)
[539.787s][info][gc,task        ] GC(101) Using 8 workers of 8 for evacuation
[539.966s][info][gc,phases      ] GC(101)   Pre Evacuate Collection Set: 0.27ms
[539.966s][info][gc,phases      ] GC(101)   Merge Heap Roots: 0.54ms
[539.966s][info][gc,phases      ] GC(101)   Evacuate Collection Set: 176.84ms
[539.966s][info][gc,phases      ] GC(101)   Post Evacuate Collection Set: 1.34ms
[539.966s][info][gc,phases      ] GC(101)   Other: 0.06ms
[539.966s][info][gc,heap        ] GC(101) Eden regions: 713->0(712)
[539.966s][info][gc,heap        ] GC(101) Survivor regions: 55->56(96)
[539.966s][info][gc,heap        ] GC(101) Old regions: 306->309
[539.966s][info][gc,heap        ] GC(101) Humongous regions: 81->81
[539.966s][info][gc,metaspace   ] GC(101) Metaspace: 29833K(30016K)->29833K(30016K) NonClass: 29833K(30016K)->29833K(30016K) Class: 0K(0K)->0K(0K)
[539.966s][info][gc             ] GC(101) Pause Young (Normal) (G1 Evacuation Pause) 9197M->3523M(10240M) 179.206ms
[539.966s][info][gc,cpu         ] GC(101) User=1.41s Sys=0.00s Real=0.18s
.... (rIR:aIR:PR = 13089:13131:12549) (tPR = 186346) [OK] 
   543s:       trying IR =  13397 [543.693s][info][gc,start       ] GC(102) Pause Young (Normal) (G1 Evacuation Pause)
[543.693s][info][gc,task        ] GC(102) Using 8 workers of 8 for evacuation
[543.867s][info][gc,phases      ] GC(102)   Pre Evacuate Collection Set: 0.27ms
[543.867s][info][gc,phases      ] GC(102)   Merge Heap Roots: 0.56ms
[543.867s][info][gc,phases      ] GC(102)   Evacuate Collection Set: 172.19ms
[543.867s][info][gc,phases      ] GC(102)   Post Evacuate Collection Set: 1.31ms
[543.867s][info][gc,phases      ] GC(102)   Other: 0.06ms
[543.867s][info][gc,heap        ] GC(102) Eden regions: 712->0(715)
[543.867s][info][gc,heap        ] GC(102) Survivor regions: 56->53(96)
[543.867s][info][gc,heap        ] GC(102) Old regions: 309->311
[543.867s][info][gc,heap        ] GC(102) Humongous regions: 81->81
[543.867s][info][gc,metaspace   ] GC(102) Metaspace: 29833K(30016K)->29833K(30016K) NonClass: 29833K(30016K)->29833K(30016K) Class: 0K(0K)->0K(0K)
[543.867s][info][gc             ] GC(102) Pause Young (Normal) (G1 Evacuation Pause) 9219M->3524M(10240M) 174.524ms
[543.868s][info][gc,cpu         ] GC(102) User=1.37s Sys=0.00s Real=0.18s
...[547.539s][info][gc,start       ] GC(103) Pause Young (Normal) (G1 Evacuation Pause)
[547.539s][info][gc,task        ] GC(103) Using 8 workers of 8 for evacuation
[547.714s][info][gc,phases      ] GC(103)   Pre Evacuate Collection Set: 0.30ms
[547.715s][info][gc,phases      ] GC(103)   Merge Heap Roots: 0.54ms
[547.715s][info][gc,phases      ] GC(103)   Evacuate Collection Set: 173.07ms
[547.715s][info][gc,phases      ] GC(103)   Post Evacuate Collection Set: 1.38ms
[547.715s][info][gc,phases      ] GC(103)   Other: 0.06ms
[547.715s][info][gc,heap        ] GC(103) Eden regions: 715->0(713)
[547.715s][info][gc,heap        ] GC(103) Survivor regions: 53->54(96)
[547.715s][info][gc,heap        ] GC(103) Old regions: 311->314
[547.715s][info][gc,heap        ] GC(103) Humongous regions: 81->81
[547.715s][info][gc,metaspace   ] GC(103) Metaspace: 29833K(30016K)->29833K(30016K) NonClass: 29833K(30016K)->29833K(30016K) Class: 0K(0K)->0K(0K)
[547.715s][info][gc             ] GC(103) Pause Young (Normal) (G1 Evacuation Pause) 9244M->3549M(10240M) 175.523ms
[547.715s][info][gc,cpu         ] GC(103) User=1.38s Sys=0.00s Real=0.17s
.... (rIR:aIR:PR = 13397:13559:13070) (tPR = 192358) [OK] 
   550s:       trying IR =  13767 [551.410s][info][gc,start       ] GC(104) Pause Young (Normal) (G1 Evacuation Pause)
[551.410s][info][gc,task        ] GC(104) Using 8 workers of 8 for evacuation
[551.579s][info][gc,phases      ] GC(104)   Pre Evacuate Collection Set: 0.28ms
[551.579s][info][gc,phases      ] GC(104)   Merge Heap Roots: 0.54ms
[551.579s][info][gc,phases      ] GC(104)   Evacuate Collection Set: 167.05ms
[551.579s][info][gc,phases      ] GC(104)   Post Evacuate Collection Set: 1.26ms
[551.579s][info][gc,phases      ] GC(104)   Other: 0.07ms
[551.579s][info][gc,heap        ] GC(104) Eden regions: 713->0(712)
[551.579s][info][gc,heap        ] GC(104) Survivor regions: 54->53(96)
[551.579s][info][gc,heap        ] GC(104) Old regions: 314->317
[551.579s][info][gc,heap        ] GC(104) Humongous regions: 81->81
[551.579s][info][gc,metaspace   ] GC(104) Metaspace: 29833K(30016K)->29833K(30016K) NonClass: 29833K(30016K)->29833K(30016K) Class: 0K(0K)->0K(0K)
[551.579s][info][gc             ] GC(104) Pause Young (Normal) (G1 Evacuation Pause) 9253M->3567M(10240M) 169.325ms
[551.579s][info][gc,cpu         ] GC(104) User=1.33s Sys=0.00s Real=0.17s
....[555.284s][info][gc,start       ] GC(105) Pause Young (Normal) (G1 Evacuation Pause)
[555.284s][info][gc,task        ] GC(105) Using 8 workers of 8 for evacuation
[555.456s][info][gc,phases      ] GC(105)   Pre Evacuate Collection Set: 0.27ms
[555.456s][info][gc,phases      ] GC(105)   Merge Heap Roots: 0.55ms
[555.456s][info][gc,phases      ] GC(105)   Evacuate Collection Set: 170.15ms
[555.456s][info][gc,phases      ] GC(105)   Post Evacuate Collection Set: 1.29ms
[555.456s][info][gc,phases      ] GC(105)   Other: 0.07ms
[555.456s][info][gc,heap        ] GC(105) Eden regions: 712->0(710)
[555.456s][info][gc,heap        ] GC(105) Survivor regions: 53->53(96)
[555.456s][info][gc,heap        ] GC(105) Old regions: 317->319
[555.456s][info][gc,heap        ] GC(105) Humongous regions: 81->81
[555.456s][info][gc,metaspace   ] GC(105) Metaspace: 29833K(30016K)->29833K(30016K) NonClass: 29833K(30016K)->29833K(30016K) Class: 0K(0K)->0K(0K)
[555.456s][info][gc             ] GC(105) Pause Young (Normal) (G1 Evacuation Pause) 9263M->3585M(10240M) 172.476ms
[555.456s][info][gc,cpu         ] GC(105) User=1.36s Sys=0.00s Real=0.18s
....[559.223s][info][gc,start       ] GC(106) Pause Young (Normal) (G1 Evacuation Pause)
[559.223s][info][gc,task        ] GC(106) Using 8 workers of 8 for evacuation
[559.393s][info][gc,phases      ] GC(106)   Pre Evacuate Collection Set: 0.32ms
[559.393s][info][gc,phases      ] GC(106)   Merge Heap Roots: 0.54ms
[559.393s][info][gc,phases      ] GC(106)   Evacuate Collection Set: 167.63ms
[559.393s][info][gc,phases      ] GC(106)   Post Evacuate Collection Set: 1.29ms
[559.393s][info][gc,phases      ] GC(106)   Other: 0.07ms
[559.393s][info][gc,heap        ] GC(106) Eden regions: 710->0(707)
[559.393s][info][gc,heap        ] GC(106) Survivor regions: 53->53(96)
[559.393s][info][gc,heap        ] GC(106) Old regions: 319->322
[559.393s][info][gc,heap        ] GC(106) Humongous regions: 81->81
[559.393s][info][gc,metaspace   ] GC(106) Metaspace: 29833K(30016K)->29833K(30016K) NonClass: 29833K(30016K)->29833K(30016K) Class: 0K(0K)->0K(0K)
[559.393s][info][gc             ] GC(106) Pause Young (Normal) (G1 Evacuation Pause) 9265M->3611M(10240M) 169.993ms
[559.393s][info][gc,cpu         ] GC(106) User=1.34s Sys=0.00s Real=0.17s
....[563.159s][info][gc,start       ] GC(107) Pause Young (Normal) (G1 Evacuation Pause)
[563.159s][info][gc,task        ] GC(107) Using 8 workers of 8 for evacuation
[563.336s][info][gc,phases      ] GC(107)   Pre Evacuate Collection Set: 0.26ms
[563.336s][info][gc,phases      ] GC(107)   Merge Heap Roots: 0.55ms
[563.336s][info][gc,phases      ] GC(107)   Evacuate Collection Set: 175.03ms
[563.336s][info][gc,phases      ] GC(107)   Post Evacuate Collection Set: 1.37ms
[563.336s][info][gc,phases      ] GC(107)   Other: 0.06ms
[563.336s][info][gc,heap        ] GC(107) Eden regions: 707->0(702)
[563.336s][info][gc,heap        ] GC(107) Survivor regions: 53->54(95)
[563.336s][info][gc,heap        ] GC(107) Old regions: 322->325
[563.336s][info][gc,heap        ] GC(107) Humongous regions: 81->81
[563.336s][info][gc,metaspace   ] GC(107) Metaspace: 29833K(30016K)->29833K(30016K) NonClass: 29833K(30016K)->29833K(30016K) Class: 0K(0K)->0K(0K)
[563.336s][info][gc             ] GC(107) Pause Young (Normal) (G1 Evacuation Pause) 9267M->3643M(10240M) 177.414ms
[563.336s][info][gc,cpu         ] GC(107) User=1.40s Sys=0.00s Real=0.18s
....[566.897s][info][gc,start       ] GC(108) Pause Young (Normal) (G1 Evacuation Pause)
[566.897s][info][gc,task        ] GC(108) Using 8 workers of 8 for evacuation
[567.070s][info][gc,phases      ] GC(108)   Pre Evacuate Collection Set: 0.26ms
[567.071s][info][gc,phases      ] GC(108)   Merge Heap Roots: 0.55ms
[567.071s][info][gc,phases      ] GC(108)   Evacuate Collection Set: 171.53ms
[567.071s][info][gc,phases      ] GC(108)   Post Evacuate Collection Set: 1.30ms
[567.071s][info][gc,phases      ] GC(108)   Other: 0.06ms
[567.071s][info][gc,heap        ] GC(108) Eden regions: 702->0(699)
[567.071s][info][gc,heap        ] GC(108) Survivor regions: 54->54(95)
[567.071s][info][gc,heap        ] GC(108) Old regions: 325->328
[567.071s][info][gc,heap        ] GC(108) Humongous regions: 81->81
[567.071s][info][gc,metaspace   ] GC(108) Metaspace: 29833K(30016K)->29833K(30016K) NonClass: 29833K(30016K)->29833K(30016K) Class: 0K(0K)->0K(0K)
[567.071s][info][gc             ] GC(108) Pause Young (Normal) (G1 Evacuation Pause) 9259M->3660M(10240M) 173.828ms
[567.071s][info][gc,cpu         ] GC(108) User=1.37s Sys=0.00s Real=0.17s
...[570.737s][info][gc,start       ] GC(109) Pause Young (Normal) (G1 Evacuation Pause)
[570.737s][info][gc,task        ] GC(109) Using 8 workers of 8 for evacuation
[570.908s][info][gc,phases      ] GC(109)   Pre Evacuate Collection Set: 0.26ms
[570.908s][info][gc,phases      ] GC(109)   Merge Heap Roots: 0.60ms
[570.908s][info][gc,phases      ] GC(109)   Evacuate Collection Set: 168.48ms
[570.908s][info][gc,phases      ] GC(109)   Post Evacuate Collection Set: 1.31ms
[570.908s][info][gc,phases      ] GC(109)   Other: 0.06ms
[570.908s][info][gc,heap        ] GC(109) Eden regions: 699->0(700)
[570.908s][info][gc,heap        ] GC(109) Survivor regions: 54->52(95)
[570.908s][info][gc,heap        ] GC(109) Old regions: 328->331
[570.908s][info][gc,heap        ] GC(109) Humongous regions: 81->81
[570.908s][info][gc,metaspace   ] GC(109) Metaspace: 29835K(30016K)->29835K(30016K) NonClass: 29835K(30016K)->29835K(30016K) Class: 0K(0K)->0K(0K)
[570.908s][info][gc             ] GC(109) Pause Young (Normal) (G1 Evacuation Pause) 9252M->3671M(10240M) 170.839ms
[570.908s][info][gc,cpu         ] GC(109) User=1.34s Sys=0.00s Real=0.17s
....[574.563s][info][gc,start       ] GC(110) Pause Young (Normal) (G1 Evacuation Pause)
[574.563s][info][gc,task        ] GC(110) Using 8 workers of 8 for evacuation
[574.738s][info][gc,phases      ] GC(110)   Pre Evacuate Collection Set: 0.28ms
[574.738s][info][gc,phases      ] GC(110)   Merge Heap Roots: 0.56ms
[574.738s][info][gc,phases      ] GC(110)   Evacuate Collection Set: 172.44ms
[574.738s][info][gc,phases      ] GC(110)   Post Evacuate Collection Set: 1.28ms
[574.738s][info][gc,phases      ] GC(110)   Other: 0.06ms
[574.738s][info][gc,heap        ] GC(110) Eden regions: 700->0(694)
[574.738s][info][gc,heap        ] GC(110) Survivor regions: 52->54(94)
[574.738s][info][gc,heap        ] GC(110) Old regions: 331->333
[574.738s][info][gc,heap        ] GC(110) Humongous regions: 81->81
[574.738s][info][gc,metaspace   ] GC(110) Metaspace: 29835K(30016K)->29835K(30016K) NonClass: 29835K(30016K)->29835K(30016K) Class: 0K(0K)->0K(0K)
[574.738s][info][gc             ] GC(110) Pause Young (Normal) (G1 Evacuation Pause) 9271M->3708M(10240M) 174.771ms
[574.738s][info][gc,cpu         ] GC(110) User=1.38s Sys=0.00s Real=0.18s
....[578.316s][info][gc,start       ] GC(111) Pause Young (Normal) (G1 Evacuation Pause)
[578.316s][info][gc,task        ] GC(111) Using 8 workers of 8 for evacuation
[578.483s][info][gc,phases      ] GC(111)   Pre Evacuate Collection Set: 0.28ms
[578.483s][info][gc,phases      ] GC(111)   Merge Heap Roots: 0.54ms
[578.483s][info][gc,phases      ] GC(111)   Evacuate Collection Set: 165.01ms
[578.483s][info][gc,phases      ] GC(111)   Post Evacuate Collection Set: 1.23ms
[578.483s][info][gc,phases      ] GC(111)   Other: 0.07ms
[578.483s][info][gc,heap        ] GC(111) Eden regions: 694->0(693)
[578.483s][info][gc,heap        ] GC(111) Survivor regions: 54->53(94)
[578.483s][info][gc,heap        ] GC(111) Old regions: 333->336
[578.483s][info][gc,heap        ] GC(111) Humongous regions: 81->81
[578.483s][info][gc,metaspace   ] GC(111) Metaspace: 29836K(30016K)->29836K(30016K) NonClass: 29836K(30016K)->29836K(30016K) Class: 0K(0K)->0K(0K)
[578.483s][info][gc             ] GC(111) Pause Young (Normal) (G1 Evacuation Pause) 9260M->3720M(10240M) 167.266ms
[578.483s][info][gc,cpu         ] GC(111) User=1.32s Sys=0.00s Real=0.16s
... (rIR:aIR:PR = 13767:13422:12730) (tPR = 184851) [PR is under limit] 
   580s: Re-initializing (term) [581.034s][info][gc,start       ] GC(112) Pause Full (System.gc())
[581.034s][info][gc,task        ] GC(112) Using 8 workers of 8 for full compaction
[581.034s][info][gc,phases,start] GC(112) Phase 1: Mark live objects
[581.048s][info][gc,phases      ] GC(112) Phase 1: Mark live objects 13.413ms
[581.048s][info][gc,phases,start] GC(112) Phase 2: Prepare compaction
[581.056s][info][gc,phases      ] GC(112) Phase 2: Prepare compaction 8.128ms
[581.056s][info][gc,phases,start] GC(112) Phase 3: Adjust pointers
[581.070s][info][gc,phases      ] GC(112) Phase 3: Adjust pointers 13.673ms
[581.070s][info][gc,phases,start] GC(112) Phase 4: Compact heap
[581.078s][info][gc,phases      ] GC(112) Phase 4: Compact heap 8.183ms
[581.078s][info][gc,phases,start] GC(112) Phase 5: Reset Metadata
[581.082s][info][gc,phases      ] GC(112) Phase 5: Reset Metadata 4.090ms
[581.093s][info][gc,heap        ] GC(112) Eden regions: 502->0(768)
[581.093s][info][gc,heap        ] GC(112) Survivor regions: 53->0(94)
[581.094s][info][gc,heap        ] GC(112) Old regions: 336->12
[581.094s][info][gc,heap        ] GC(112) Humongous regions: 81->33
[581.094s][info][gc,metaspace   ] GC(112) Metaspace: 29838K(30016K)->29838K(30016K) NonClass: 29838K(30016K)->29838K(30016K) Class: 0K(0K)->0K(0K)
[581.094s][info][gc             ] GC(112) Pause Full (System.gc()) 7728M->333M(10240M) 59.316ms
[581.094s][info][gc,cpu         ] GC(112) User=0.39s Sys=0.00s Real=0.06s
(init) ... OK
   586s: Searching from base IR = 13397
   586s:       rampup IR =      0 ... (rIR:aIR:PR = 0:0:0) (tPR = 0) [OK] 
   589s:       rampup IR =   1340 .... (rIR:aIR:PR = 1340:1319:1319) (tPR = 19523) [OK] 
   593s:       rampup IR =   2679 .... (rIR:aIR:PR = 2679:2643:2642) (tPR = 38104) [OK] 
   597s:       rampup IR =   4019 .[598.689s][info][gc,start       ] GC(113) Pause Young (Normal) (G1 Evacuation Pause)
[598.689s][info][gc,task        ] GC(113) Using 8 workers of 8 for evacuation
[599.416s][info][gc,mmu         ] GC(113) MMU target violated: 201.0ms (200.0ms/201.0ms)
[599.416s][info][gc,phases      ] GC(113)   Pre Evacuate Collection Set: 0.27ms
[599.416s][info][gc,phases      ] GC(113)   Merge Heap Roots: 0.84ms
[599.416s][info][gc,phases      ] GC(113)   Evacuate Collection Set: 724.43ms
[599.416s][info][gc,phases      ] GC(113)   Post Evacuate Collection Set: 1.62ms
[599.416s][info][gc,phases      ] GC(113)   Other: 0.10ms
[599.416s][info][gc,heap        ] GC(113) Eden regions: 768->0(372)
[599.416s][info][gc,heap        ] GC(113) Survivor regions: 0->96(96)
[599.416s][info][gc,heap        ] GC(113) Old regions: 12->65
[599.416s][info][gc,heap        ] GC(113) Humongous regions: 86->81
[599.416s][info][gc,metaspace   ] GC(113) Metaspace: 29855K(30080K)->29855K(30080K) NonClass: 29855K(30080K)->29855K(30080K) Class: 0K(0K)->0K(0K)
[599.416s][info][gc             ] GC(113) Pause Young (Normal) (G1 Evacuation Pause) 6901M->1905M(10240M) 727.379ms
[599.416s][info][gc,cpu         ] GC(113) User=5.73s Sys=0.01s Real=0.73s
.... (rIR:aIR:PR = 4019:4033:4035) (tPR = 60802) [OK] 
   602s:       rampup IR =   5359 .[604.218s][info][gc,start       ] GC(114) Pause Young (Normal) (G1 Evacuation Pause)
[604.218s][info][gc,task        ] GC(114) Using 8 workers of 8 for evacuation
[604.627s][info][gc,mmu         ] GC(114) MMU target violated: 201.0ms (200.0ms/201.0ms)
[604.627s][info][gc,phases      ] GC(114)   Pre Evacuate Collection Set: 0.29ms
[604.627s][info][gc,phases      ] GC(114)   Merge Heap Roots: 0.81ms
[604.627s][info][gc,phases      ] GC(114)   Evacuate Collection Set: 407.65ms
[604.627s][info][gc,phases      ] GC(114)   Post Evacuate Collection Set: 0.82ms
[604.627s][info][gc,phases      ] GC(114)   Other: 0.09ms
[604.627s][info][gc,heap        ] GC(114) Eden regions: 365->0(263)
[604.627s][info][gc,heap        ] GC(114) Survivor regions: 96->23(58)
[604.627s][info][gc,heap        ] GC(114) Old regions: 65->159
[604.627s][info][gc,heap        ] GC(114) Humongous regions: 81->81
[604.627s][info][gc,metaspace   ] GC(114) Metaspace: 29857K(30080K)->29857K(30080K) NonClass: 29857K(30080K)->29857K(30080K) Class: 0K(0K)->0K(0K)
[604.627s][info][gc             ] GC(114) Pause Young (Normal) (G1 Evacuation Pause) 4825M->2073M(10240M) 409.769ms
[604.627s][info][gc,cpu         ] GC(114) User=3.23s Sys=0.00s Real=0.41s
.... (rIR:aIR:PR = 5359:5374:5374) (tPR = 80128) [OK] 
   607s:       rampup IR =   6699 [608.208s][info][gc,start       ] GC(115) Pause Young (Normal) (G1 Evacuation Pause)
[608.209s][info][gc,task        ] GC(115) Using 8 workers of 8 for evacuation
[608.315s][info][gc,phases      ] GC(115)   Pre Evacuate Collection Set: 0.28ms
[608.315s][info][gc,phases      ] GC(115)   Merge Heap Roots: 0.40ms
[608.315s][info][gc,phases      ] GC(115)   Evacuate Collection Set: 104.84ms
[608.315s][info][gc,phases      ] GC(115)   Post Evacuate Collection Set: 0.91ms
[608.315s][info][gc,phases      ] GC(115)   Other: 0.06ms
[608.315s][info][gc,heap        ] GC(115) Eden regions: 329->0(163)
[608.315s][info][gc,heap        ] GC(115) Survivor regions: 23->35(44)
[608.315s][info][gc,heap        ] GC(115) Old regions: 159->159
[608.315s][info][gc,heap        ] GC(115) Humongous regions: 81->81
[608.315s][info][gc,metaspace   ] GC(115) Metaspace: 29857K(30080K)->29857K(30080K) NonClass: 29857K(30080K)->29857K(30080K) Class: 0K(0K)->0K(0K)
[608.315s][info][gc             ] GC(115) Pause Young (Normal) (G1 Evacuation Pause) 4705M->2169M(10240M) 106.610ms
[608.315s][info][gc,cpu         ] GC(115) User=0.84s Sys=0.00s Real=0.10s
...[610.707s][info][gc,start       ] GC(116) Pause Young (Normal) (G1 Evacuation Pause)
[610.707s][info][gc,task        ] GC(116) Using 8 workers of 8 for evacuation
[610.820s][info][gc,phases      ] GC(116)   Pre Evacuate Collection Set: 0.26ms
[610.820s][info][gc,phases      ] GC(116)   Merge Heap Roots: 0.37ms
[610.820s][info][gc,phases      ] GC(116)   Evacuate Collection Set: 111.98ms
[610.820s][info][gc,phases      ] GC(116)   Post Evacuate Collection Set: 0.65ms
[610.820s][info][gc,phases      ] GC(116)   Other: 0.05ms
[610.820s][info][gc,heap        ] GC(116) Eden regions: 240->0(387)
[610.820s][info][gc,heap        ] GC(116) Survivor regions: 35->18(35)
[610.820s][info][gc,heap        ] GC(116) Old regions: 159->185
[610.820s][info][gc,heap        ] GC(116) Humongous regions: 81->81
[610.820s][info][gc,metaspace   ] GC(116) Metaspace: 29857K(30080K)->29857K(30080K) NonClass: 29857K(30080K)->29857K(30080K) Class: 0K(0K)->0K(0K)
[610.820s][info][gc             ] GC(116) Pause Young (Normal) (G1 Evacuation Pause) 4089M->2237M(10240M) 113.453ms
[610.820s][info][gc,cpu         ] GC(116) User=0.89s Sys=0.00s Real=0.11s
. (rIR:aIR:PR = 6699:6741:6741) (tPR = 100475) [OK] 
   611s:       rampup IR =   8038 ..[614.566s][info][gc,start       ] GC(117) Pause Young (Normal) (G1 Evacuation Pause)
[614.566s][info][gc,task        ] GC(117) Using 8 workers of 8 for evacuation
[614.669s][info][gc,phases      ] GC(117)   Pre Evacuate Collection Set: 0.29ms
[614.669s][info][gc,phases      ] GC(117)   Merge Heap Roots: 0.40ms
[614.669s][info][gc,phases      ] GC(117)   Evacuate Collection Set: 101.44ms
[614.669s][info][gc,phases      ] GC(117)   Post Evacuate Collection Set: 0.85ms
[614.669s][info][gc,phases      ] GC(117)   Other: 0.06ms
[614.669s][info][gc,heap        ] GC(117) Eden regions: 434->0(339)
[614.669s][info][gc,heap        ] GC(117) Survivor regions: 18->33(57)
[614.669s][info][gc,heap        ] GC(117) Old regions: 185->185
[614.669s][info][gc,heap        ] GC(117) Humongous regions: 81->81
[614.669s][info][gc,metaspace   ] GC(117) Metaspace: 29857K(30080K)->29857K(30080K) NonClass: 29857K(30080K)->29857K(30080K) Class: 0K(0K)->0K(0K)
[614.669s][info][gc             ] GC(117) Pause Young (Normal) (G1 Evacuation Pause) 5709M->2361M(10240M) 103.163ms
[614.669s][info][gc,cpu         ] GC(117) User=0.81s Sys=0.00s Real=0.10s
.. (rIR:aIR:PR = 8038:8227:8240) (tPR = 126526) [OK] 
   615s:       rampup IR =   9378 .[617.311s][info][gc,start       ] GC(118) Pause Young (Normal) (G1 Evacuation Pause)
[617.311s][info][gc,task        ] GC(118) Using 8 workers of 8 for evacuation
[617.433s][info][gc,phases      ] GC(118)   Pre Evacuate Collection Set: 0.30ms
[617.433s][info][gc,phases      ] GC(118)   Merge Heap Roots: 0.39ms
[617.433s][info][gc,phases      ] GC(118)   Evacuate Collection Set: 120.52ms
[617.433s][info][gc,phases      ] GC(118)   Post Evacuate Collection Set: 0.88ms
[617.433s][info][gc,phases      ] GC(118)   Other: 0.06ms
[617.433s][info][gc,heap        ] GC(118) Eden regions: 353->0(376)
[617.433s][info][gc,heap        ] GC(118) Survivor regions: 33->37(49)
[617.433s][info][gc,heap        ] GC(118) Old regions: 185->191
[617.433s][info][gc,heap        ] GC(118) Humongous regions: 81->81
[617.433s][info][gc,metaspace   ] GC(118) Metaspace: 29857K(30080K)->29857K(30080K) NonClass: 29857K(30080K)->29857K(30080K) Class: 0K(0K)->0K(0K)
[617.433s][info][gc             ] GC(118) Pause Young (Normal) (G1 Evacuation Pause) 5185M->2435M(10240M) 122.273ms
[617.433s][info][gc,cpu         ] GC(118) User=0.96s Sys=0.00s Real=0.12s
...[620.165s][info][gc,start       ] GC(119) Pause Young (Normal) (G1 Evacuation Pause)
[620.165s][info][gc,task        ] GC(119) Using 8 workers of 8 for evacuation
[620.298s][info][gc,phases      ] GC(119)   Pre Evacuate Collection Set: 0.27ms
[620.298s][info][gc,phases      ] GC(119)   Merge Heap Roots: 0.41ms
[620.298s][info][gc,phases      ] GC(119)   Evacuate Collection Set: 131.57ms
[620.298s][info][gc,phases      ] GC(119)   Post Evacuate Collection Set: 0.82ms
[620.298s][info][gc,phases      ] GC(119)   Other: 0.07ms
[620.298s][info][gc,heap        ] GC(119) Eden regions: 391->0(453)
[620.298s][info][gc,heap        ] GC(119) Survivor regions: 37->36(54)
[620.298s][info][gc,heap        ] GC(119) Old regions: 191->200
[620.298s][info][gc,heap        ] GC(119) Humongous regions: 81->81
[620.298s][info][gc,metaspace   ] GC(119) Metaspace: 29857K(30080K)->29857K(30080K) NonClass: 29857K(30080K)->29857K(30080K) Class: 0K(0K)->0K(0K)
[620.298s][info][gc             ] GC(119) Pause Young (Normal) (G1 Evacuation Pause) 5563M->2509M(10240M) 133.274ms
[620.298s][info][gc,cpu         ] GC(119) User=1.04s Sys=0.00s Real=0.14s
. (rIR:aIR:PR = 9378:9557:9538) (tPR = 144853) [OK] 
   620s:       rampup IR =  10718 ..[623.220s][info][gc,start       ] GC(120) Pause Young (Normal) (G1 Evacuation Pause)
[623.220s][info][gc,task        ] GC(120) Using 8 workers of 8 for evacuation
[623.352s][info][gc,phases      ] GC(120)   Pre Evacuate Collection Set: 0.28ms
[623.352s][info][gc,phases      ] GC(120)   Merge Heap Roots: 0.43ms
[623.352s][info][gc,phases      ] GC(120)   Evacuate Collection Set: 130.79ms
[623.352s][info][gc,phases      ] GC(120)   Post Evacuate Collection Set: 0.89ms
[623.352s][info][gc,phases      ] GC(120)   Other: 0.07ms
[623.352s][info][gc,heap        ] GC(120) Eden regions: 461->0(495)
[623.352s][info][gc,heap        ] GC(120) Survivor regions: 36->38(63)
[623.352s][info][gc,heap        ] GC(120) Old regions: 200->208
[623.352s][info][gc,heap        ] GC(120) Humongous regions: 81->81
[623.352s][info][gc,metaspace   ] GC(120) Metaspace: 29859K(30080K)->29859K(30080K) NonClass: 29859K(30080K)->29859K(30080K) Class: 0K(0K)->0K(0K)
[623.352s][info][gc             ] GC(120) Pause Young (Normal) (G1 Evacuation Pause) 6197M->2583M(10240M) 132.587ms
[623.352s][info][gc,cpu         ] GC(120) User=1.04s Sys=0.00s Real=0.13s
...[626.504s][info][gc,start       ] GC(121) Pause Young (Normal) (G1 Evacuation Pause)
[626.504s][info][gc,task        ] GC(121) Using 8 workers of 8 for evacuation
[626.648s][info][gc,phases      ] GC(121)   Pre Evacuate Collection Set: 0.27ms
[626.648s][info][gc,phases      ] GC(121)   Merge Heap Roots: 0.50ms
[626.648s][info][gc,phases      ] GC(121)   Evacuate Collection Set: 141.82ms
[626.648s][info][gc,phases      ] GC(121)   Post Evacuate Collection Set: 1.01ms
[626.648s][info][gc,phases      ] GC(121)   Other: 0.07ms
[626.648s][info][gc,heap        ] GC(121) Eden regions: 500->0(496)
[626.648s][info][gc,heap        ] GC(121) Survivor regions: 38->42(68)
[626.648s][info][gc,heap        ] GC(121) Old regions: 208->215
[626.648s][info][gc,heap        ] GC(121) Humongous regions: 81->81
[626.648s][info][gc,metaspace   ] GC(121) Metaspace: 29859K(30080K)->29859K(30080K) NonClass: 29859K(30080K)->29859K(30080K) Class: 0K(0K)->0K(0K)
[626.648s][info][gc             ] GC(121) Pause Young (Normal) (G1 Evacuation Pause) 6583M->2668M(10240M) 143.797ms
[626.648s][info][gc,cpu         ] GC(121) User=1.13s Sys=0.00s Real=0.15s
.... (rIR:aIR:PR = 10718:10522:10532) (tPR = 154947) [OK] 
   629s:       rampup IR =  12057 [629.760s][info][gc,start       ] GC(122) Pause Young (Normal) (G1 Evacuation Pause)
[629.760s][info][gc,task        ] GC(122) Using 8 workers of 8 for evacuation
[629.902s][info][gc,phases      ] GC(122)   Pre Evacuate Collection Set: 0.30ms
[629.902s][info][gc,phases      ] GC(122)   Merge Heap Roots: 0.48ms
[629.902s][info][gc,phases      ] GC(122)   Evacuate Collection Set: 140.17ms
[629.902s][info][gc,phases      ] GC(122)   Post Evacuate Collection Set: 1.01ms
[629.902s][info][gc,phases      ] GC(122)   Other: 0.07ms
[629.902s][info][gc,heap        ] GC(122) Eden regions: 498->0(568)
[629.902s][info][gc,heap        ] GC(122) Survivor regions: 42->41(68)
[629.902s][info][gc,heap        ] GC(122) Old regions: 215->222
[629.902s][info][gc,heap        ] GC(122) Humongous regions: 81->81
[629.902s][info][gc,metaspace   ] GC(122) Metaspace: 29859K(30080K)->29859K(30080K) NonClass: 29859K(30080K)->29859K(30080K) Class: 0K(0K)->0K(0K)
[629.902s][info][gc             ] GC(122) Pause Young (Normal) (G1 Evacuation Pause) 6652M->2721M(10240M) 142.187ms
[629.902s][info][gc,cpu         ] GC(122) User=1.12s Sys=0.00s Real=0.14s
...[632.962s][info][gc,start       ] GC(123) Pause Young (Normal) (G1 Evacuation Pause)
[632.962s][info][gc,task        ] GC(123) Using 8 workers of 8 for evacuation
[633.107s][info][gc,phases      ] GC(123)   Pre Evacuate Collection Set: 0.30ms
[633.107s][info][gc,phases      ] GC(123)   Merge Heap Roots: 0.53ms
[633.107s][info][gc,phases      ] GC(123)   Evacuate Collection Set: 142.47ms
[633.107s][info][gc,phases      ] GC(123)   Post Evacuate Collection Set: 1.04ms
[633.107s][info][gc,phases      ] GC(123)   Other: 0.07ms
[633.107s][info][gc,heap        ] GC(123) Eden regions: 566->0(602)
[633.107s][info][gc,heap        ] GC(123) Survivor regions: 41->43(76)
[633.107s][info][gc,heap        ] GC(123) Old regions: 222->229
[633.107s][info][gc,heap        ] GC(123) Humongous regions: 81->81
[633.107s][info][gc,metaspace   ] GC(123) Metaspace: 29859K(30080K)->29859K(30080K) NonClass: 29859K(30080K)->29859K(30080K) Class: 0K(0K)->0K(0K)
[633.107s][info][gc             ] GC(123) Pause Young (Normal) (G1 Evacuation Pause) 7249M->2793M(10240M) 144.553ms
[633.107s][info][gc,cpu         ] GC(123) User=1.13s Sys=0.00s Real=0.15s
.. (rIR:aIR:PR = 12057:12064:12070) (tPR = 186589) [OK] 
   634s:       rampup IR =  13397 .[636.411s][info][gc,start       ] GC(124) Pause Young (Normal) (G1 Evacuation Pause)
[636.412s][info][gc,task        ] GC(124) Using 8 workers of 8 for evacuation
[636.568s][info][gc,phases      ] GC(124)   Pre Evacuate Collection Set: 0.29ms
[636.568s][info][gc,phases      ] GC(124)   Merge Heap Roots: 0.49ms
[636.568s][info][gc,phases      ] GC(124)   Evacuate Collection Set: 154.23ms
[636.568s][info][gc,phases      ] GC(124)   Post Evacuate Collection Set: 1.22ms
[636.568s][info][gc,phases      ] GC(124)   Other: 0.06ms
[636.568s][info][gc,heap        ] GC(124) Eden regions: 600->0(523)
[636.568s][info][gc,heap        ] GC(124) Survivor regions: 43->51(81)
[636.568s][info][gc,heap        ] GC(124) Old regions: 229->229
[636.568s][info][gc,heap        ] GC(124) Humongous regions: 81->81
[636.568s][info][gc,metaspace   ] GC(124) Metaspace: 29859K(30080K)->29859K(30080K) NonClass: 29859K(30080K)->29859K(30080K) Class: 0K(0K)->0K(0K)
[636.568s][info][gc             ] GC(124) Pause Young (Normal) (G1 Evacuation Pause) 7593M->2861M(10240M) 156.425ms
[636.568s][info][gc,cpu         ] GC(124) User=1.23s Sys=0.00s Real=0.16s
...[639.225s][info][gc,start       ] GC(125) Pause Young (Normal) (G1 Evacuation Pause)
[639.226s][info][gc,task        ] GC(125) Using 8 workers of 8 for evacuation
[639.395s][info][gc,phases      ] GC(125)   Pre Evacuate Collection Set: 0.27ms
[639.395s][info][gc,phases      ] GC(125)   Merge Heap Roots: 0.45ms
[639.395s][info][gc,phases      ] GC(125)   Evacuate Collection Set: 167.14ms
[639.395s][info][gc,phases      ] GC(125)   Post Evacuate Collection Set: 1.06ms
[639.395s][info][gc,phases      ] GC(125)   Other: 0.07ms
[639.395s][info][gc,heap        ] GC(125) Eden regions: 517->0(612)
[639.395s][info][gc,heap        ] GC(125) Survivor regions: 51->47(71)
[639.395s][info][gc,heap        ] GC(125) Old regions: 229->240
[639.395s][info][gc,heap        ] GC(125) Humongous regions: 81->81
[639.395s][info][gc,metaspace   ] GC(125) Metaspace: 29859K(30080K)->29859K(30080K) NonClass: 29859K(30080K)->29859K(30080K) Class: 0K(0K)->0K(0K)
[639.395s][info][gc             ] GC(125) Pause Young (Normal) (G1 Evacuation Pause) 6997M->2912M(10240M) 169.118ms
[639.395s][info][gc,cpu         ] GC(125) User=1.34s Sys=0.00s Real=0.17s
...[642.529s][info][gc,start       ] GC(126) Pause Young (Normal) (G1 Evacuation Pause)
[642.529s][info][gc,task        ] GC(126) Using 8 workers of 8 for evacuation
[642.686s][info][gc,phases      ] GC(126)   Pre Evacuate Collection Set: 0.28ms
[642.686s][info][gc,phases      ] GC(126)   Merge Heap Roots: 0.48ms
[642.686s][info][gc,phases      ] GC(126)   Evacuate Collection Set: 155.10ms
[642.686s][info][gc,phases      ] GC(126)   Post Evacuate Collection Set: 1.12ms
[642.686s][info][gc,phases      ] GC(126)   Other: 0.08ms
[642.686s][info][gc,heap        ] GC(126) Eden regions: 609->0(699)
[642.686s][info][gc,heap        ] GC(126) Survivor regions: 47->45(82)
[642.686s][info][gc,heap        ] GC(126) Old regions: 240->247
[642.686s][info][gc,heap        ] GC(126) Humongous regions: 81->81
[642.686s][info][gc,metaspace   ] GC(126) Metaspace: 29859K(30080K)->29859K(30080K) NonClass: 29859K(30080K)->29859K(30080K) Class: 0K(0K)->0K(0K)
[642.686s][info][gc             ] GC(126) Pause Young (Normal) (G1 Evacuation Pause) 7784M->2953M(10240M) 157.181ms
[642.686s][info][gc,cpu         ] GC(126) User=1.24s Sys=0.00s Real=0.16s
....[646.363s][info][gc,start       ] GC(127) Pause Young (Normal) (G1 Evacuation Pause)
[646.363s][info][gc,task        ] GC(127) Using 8 workers of 8 for evacuation
[646.519s][info][gc,phases      ] GC(127)   Pre Evacuate Collection Set: 0.28ms
[646.519s][info][gc,phases      ] GC(127)   Merge Heap Roots: 0.50ms
[646.519s][info][gc,phases      ] GC(127)   Evacuate Collection Set: 153.70ms
[646.519s][info][gc,phases      ] GC(127)   Post Evacuate Collection Set: 1.26ms
[646.519s][info][gc,phases      ] GC(127)   Other: 0.07ms
[646.519s][info][gc,heap        ] GC(127) Eden regions: 694->0(656)
[646.519s][info][gc,heap        ] GC(127) Survivor regions: 45->51(93)
[646.519s][info][gc,heap        ] GC(127) Old regions: 247->247
[646.519s][info][gc,heap        ] GC(127) Humongous regions: 81->81
[646.519s][info][gc,metaspace   ] GC(127) Metaspace: 29859K(30080K)->29859K(30080K) NonClass: 29859K(30080K)->29859K(30080K) Class: 0K(0K)->0K(0K)
[646.519s][info][gc             ] GC(127) Pause Young (Normal) (G1 Evacuation Pause) 8505M->3005M(10240M) 155.966ms
[646.519s][info][gc,cpu         ] GC(127) User=1.22s Sys=0.01s Real=0.16s
....[649.849s][info][gc,start       ] GC(128) Pause Young (Normal) (G1 Evacuation Pause)
[649.849s][info][gc,task        ] GC(128) Using 8 workers of 8 for evacuation
[650.017s][info][gc,phases      ] GC(128)   Pre Evacuate Collection Set: 0.27ms
[650.017s][info][gc,phases      ] GC(128)   Merge Heap Roots: 0.51ms
[650.017s][info][gc,phases      ] GC(128)   Evacuate Collection Set: 166.15ms
[650.017s][info][gc,phases      ] GC(128)   Post Evacuate Collection Set: 1.16ms
[650.017s][info][gc,phases      ] GC(128)   Other: 0.06ms
[650.017s][info][gc,heap        ] GC(128) Eden regions: 645->0(720)
[650.017s][info][gc,heap        ] GC(128) Survivor regions: 51->48(87)
[650.017s][info][gc,heap        ] GC(128) Old regions: 247->256
[650.017s][info][gc,heap        ] GC(128) Humongous regions: 81->81
[650.017s][info][gc,metaspace   ] GC(128) Metaspace: 29859K(30080K)->29859K(30080K) NonClass: 29859K(30080K)->29859K(30080K) Class: 0K(0K)->0K(0K)
[650.017s][info][gc             ] GC(128) Pause Young (Normal) (G1 Evacuation Pause) 8165M->3045M(10240M) 168.267ms
[650.017s][info][gc,cpu         ] GC(128) User=1.32s Sys=0.00s Real=0.17s
....[653.752s][info][gc,start       ] GC(129) Pause Young (Normal) (G1 Evacuation Pause)
[653.752s][info][gc,task        ] GC(129) Using 8 workers of 8 for evacuation
[653.918s][info][gc,phases      ] GC(129)   Pre Evacuate Collection Set: 0.27ms
[653.918s][info][gc,phases      ] GC(129)   Merge Heap Roots: 0.53ms
[653.918s][info][gc,phases      ] GC(129)   Evacuate Collection Set: 164.20ms
[653.918s][info][gc,phases      ] GC(129)   Post Evacuate Collection Set: 1.27ms
[653.918s][info][gc,phases      ] GC(129)   Other: 0.07ms
[653.918s][info][gc,heap        ] GC(129) Eden regions: 720->0(649)
[653.918s][info][gc,heap        ] GC(129) Survivor regions: 48->54(96)
[653.918s][info][gc,heap        ] GC(129) Old regions: 256->256
[653.918s][info][gc,heap        ] GC(129) Humongous regions: 81->81
[653.918s][info][gc,metaspace   ] GC(129) Metaspace: 29859K(30080K)->29859K(30080K) NonClass: 29859K(30080K)->29859K(30080K) Class: 0K(0K)->0K(0K)
[653.918s][info][gc             ] GC(129) Pause Young (Normal) (G1 Evacuation Pause) 8805M->3097M(10240M) 166.483ms
[653.918s][info][gc,cpu         ] GC(129) User=1.31s Sys=0.00s Real=0.17s
...[657.221s][info][gc,start       ] GC(130) Pause Young (Normal) (G1 Evacuation Pause)
[657.221s][info][gc,task        ] GC(130) Using 8 workers of 8 for evacuation
[657.397s][info][gc,phases      ] GC(130)   Pre Evacuate Collection Set: 0.29ms
[657.397s][info][gc,phases      ] GC(130)   Merge Heap Roots: 0.52ms
[657.397s][info][gc,phases      ] GC(130)   Evacuate Collection Set: 174.39ms
[657.397s][info][gc,phases      ] GC(130)   Post Evacuate Collection Set: 1.15ms
[657.397s][info][gc,phases      ] GC(130)   Other: 0.06ms
[657.397s][info][gc,heap        ] GC(130) Eden regions: 641->0(718)
[657.397s][info][gc,heap        ] GC(130) Survivor regions: 54->50(87)
[657.397s][info][gc,heap        ] GC(130) Old regions: 256->265
[657.397s][info][gc,heap        ] GC(130) Humongous regions: 81->81
[657.397s][info][gc,metaspace   ] GC(130) Metaspace: 29859K(30080K)->29859K(30080K) NonClass: 29859K(30080K)->29859K(30080K) Class: 0K(0K)->0K(0K)
[657.397s][info][gc             ] GC(130) Pause Young (Normal) (G1 Evacuation Pause) 8225M->3131M(10240M) 176.562ms
[657.397s][info][gc,cpu         ] GC(130) User=1.39s Sys=0.00s Real=0.18s
....[661.106s][info][gc,start       ] GC(131) Pause Young (Normal) (G1 Evacuation Pause)
[661.106s][info][gc,task        ] GC(131) Using 8 workers of 8 for evacuation
[661.267s][info][gc,phases      ] GC(131)   Pre Evacuate Collection Set: 0.30ms
[661.268s][info][gc,phases      ] GC(131)   Merge Heap Roots: 0.53ms
[661.268s][info][gc,phases      ] GC(131)   Evacuate Collection Set: 159.70ms
[661.268s][info][gc,phases      ] GC(131)   Post Evacuate Collection Set: 1.28ms
[661.268s][info][gc,phases      ] GC(131)   Other: 0.07ms
[661.268s][info][gc,heap        ] GC(131) Eden regions: 718->0(704)
[661.268s][info][gc,heap        ] GC(131) Survivor regions: 50->53(96)
[661.268s][info][gc,heap        ] GC(131) Old regions: 265->265
[661.268s][info][gc,heap        ] GC(131) Humongous regions: 81->81
[661.268s][info][gc,metaspace   ] GC(131) Metaspace: 29859K(30080K)->29859K(30080K) NonClass: 29859K(30080K)->29859K(30080K) Class: 0K(0K)->0K(0K)
[661.268s][info][gc             ] GC(131) Pause Young (Normal) (G1 Evacuation Pause) 8875M->3155M(10240M) 162.017ms
[661.268s][info][gc,cpu         ] GC(131) User=1.28s Sys=0.00s Real=0.17s
....[664.778s][info][gc,start       ] GC(132) Pause Young (Normal) (G1 Evacuation Pause)
[664.778s][info][gc,task        ] GC(132) Using 8 workers of 8 for evacuation
[664.949s][info][gc,phases      ] GC(132)   Pre Evacuate Collection Set: 0.28ms
[664.949s][info][gc,phases      ] GC(132)   Merge Heap Roots: 0.54ms
[664.949s][info][gc,phases      ] GC(132)   Evacuate Collection Set: 169.32ms
[664.949s][info][gc,phases      ] GC(132)   Post Evacuate Collection Set: 1.26ms
[664.949s][info][gc,phases      ] GC(132)   Other: 0.07ms
[664.949s][info][gc,heap        ] GC(132) Eden regions: 693->0(715)
[664.949s][info][gc,heap        ] GC(132) Survivor regions: 53->53(94)
[664.949s][info][gc,heap        ] GC(132) Old regions: 265->268
[664.949s][info][gc,heap        ] GC(132) Humongous regions: 81->81
[664.949s][info][gc,metaspace   ] GC(132) Metaspace: 29859K(30080K)->29859K(30080K) NonClass: 29859K(30080K)->29859K(30080K) Class: 0K(0K)->0K(0K)
[664.949s][info][gc             ] GC(132) Pause Young (Normal) (G1 Evacuation Pause) 8699M->3178M(10240M) 171.609ms
[664.949s][info][gc,cpu         ] GC(132) User=1.35s Sys=0.01s Real=0.17s
 (rIR:aIR:PR = 13397:13126:12773) (tPR = 189192) [OK] 
   664s:    snapshot, IR =  13397 ...[668.642s][info][gc,start       ] GC(133) Pause Young (Normal) (G1 Evacuation Pause)
[668.642s][info][gc,task        ] GC(133) Using 8 workers of 8 for evacuation
[668.810s][info][gc,phases      ] GC(133)   Pre Evacuate Collection Set: 0.29ms
[668.810s][info][gc,phases      ] GC(133)   Merge Heap Roots: 0.54ms
[668.810s][info][gc,phases      ] GC(133)   Evacuate Collection Set: 165.26ms
[668.810s][info][gc,phases      ] GC(133)   Post Evacuate Collection Set: 1.27ms
[668.810s][info][gc,phases      ] GC(133)   Other: 0.06ms
[668.810s][info][gc,heap        ] GC(133) Eden regions: 714->0(716)
[668.810s][info][gc,heap        ] GC(133) Survivor regions: 53->52(96)
[668.810s][info][gc,heap        ] GC(133) Old regions: 268->270
[668.810s][info][gc,heap        ] GC(133) Humongous regions: 81->81
[668.810s][info][gc,metaspace   ] GC(133) Metaspace: 29861K(30080K)->29861K(30080K) NonClass: 29861K(30080K)->29861K(30080K) Class: 0K(0K)->0K(0K)
[668.810s][info][gc             ] GC(133) Pause Young (Normal) (G1 Evacuation Pause) 8890M->3194M(10240M) 167.561ms
[668.810s][info][gc,cpu         ] GC(133) User=1.32s Sys=0.00s Real=0.17s
....|[672.437s][info][gc,start       ] GC(134) Pause Young (Normal) (G1 Evacuation Pause)
[672.437s][info][gc,task        ] GC(134) Using 8 workers of 8 for evacuation
[672.609s][info][gc,phases      ] GC(134)   Pre Evacuate Collection Set: 0.27ms
[672.609s][info][gc,phases      ] GC(134)   Merge Heap Roots: 0.55ms
[672.609s][info][gc,phases      ] GC(134)   Evacuate Collection Set: 169.82ms
[672.609s][info][gc,phases      ] GC(134)   Post Evacuate Collection Set: 1.24ms
[672.609s][info][gc,phases      ] GC(134)   Other: 0.06ms
[672.609s][info][gc,heap        ] GC(134) Eden regions: 716->0(714)
[672.609s][info][gc,heap        ] GC(134) Survivor regions: 52->54(96)
[672.609s][info][gc,heap        ] GC(134) Old regions: 270->273
[672.609s][info][gc,heap        ] GC(134) Humongous regions: 81->81
[672.609s][info][gc,metaspace   ] GC(134) Metaspace: 29862K(30080K)->29862K(30080K) NonClass: 29862K(30080K)->29862K(30080K) Class: 0K(0K)->0K(0K)
[672.609s][info][gc             ] GC(134) Pause Young (Normal) (G1 Evacuation Pause) 8922M->3226M(10240M) 172.114ms
[672.609s][info][gc,cpu         ] GC(134) User=1.36s Sys=0.00s Real=0.17s
....[676.377s][info][gc,start       ] GC(135) Pause Young (Normal) (G1 Evacuation Pause)
[676.377s][info][gc,task        ] GC(135) Using 8 workers of 8 for evacuation
[676.548s][info][gc,phases      ] GC(135)   Pre Evacuate Collection Set: 0.28ms
[676.548s][info][gc,phases      ] GC(135)   Merge Heap Roots: 0.54ms
[676.548s][info][gc,phases      ] GC(135)   Evacuate Collection Set: 168.59ms
[676.548s][info][gc,phases      ] GC(135)   Post Evacuate Collection Set: 1.28ms
[676.548s][info][gc,phases      ] GC(135)   Other: 0.06ms
[676.548s][info][gc,heap        ] GC(135) Eden regions: 714->0(716)
[676.548s][info][gc,heap        ] GC(135) Survivor regions: 54->52(96)
[676.548s][info][gc,heap        ] GC(135) Old regions: 273->275
[676.548s][info][gc,heap        ] GC(135) Humongous regions: 81->81
[676.548s][info][gc,metaspace   ] GC(135) Metaspace: 29862K(30080K)->29862K(30080K) NonClass: 29862K(30080K)->29862K(30080K) Class: 0K(0K)->0K(0K)
[676.548s][info][gc             ] GC(135) Pause Young (Normal) (G1 Evacuation Pause) 8938M->3236M(10240M) 170.883ms
[676.548s][info][gc,cpu         ] GC(135) User=1.35s Sys=0.00s Real=0.17s
....[680.219s][info][gc,start       ] GC(136) Pause Young (Normal) (G1 Evacuation Pause)
[680.219s][info][gc,task        ] GC(136) Using 8 workers of 8 for evacuation
[680.390s][info][gc,phases      ] GC(136)   Pre Evacuate Collection Set: 0.30ms
[680.390s][info][gc,phases      ] GC(136)   Merge Heap Roots: 0.55ms
[680.390s][info][gc,phases      ] GC(136)   Evacuate Collection Set: 169.37ms
[680.390s][info][gc,phases      ] GC(136)   Post Evacuate Collection Set: 1.27ms
[680.390s][info][gc,phases      ] GC(136)   Other: 0.06ms
[680.390s][info][gc,heap        ] GC(136) Eden regions: 716->0(715)
[680.390s][info][gc,heap        ] GC(136) Survivor regions: 52->53(96)
[680.390s][info][gc,heap        ] GC(136) Old regions: 275->278
[680.390s][info][gc,heap        ] GC(136) Humongous regions: 81->81
[680.390s][info][gc,metaspace   ] GC(136) Metaspace: 29862K(30080K)->29862K(30080K) NonClass: 29862K(30080K)->29862K(30080K) Class: 0K(0K)->0K(0K)
[680.390s][info][gc             ] GC(136) Pause Young (Normal) (G1 Evacuation Pause) 8964M->3262M(10240M) 171.685ms
[680.390s][info][gc,cpu         ] GC(136) User=1.35s Sys=0.00s Real=0.17s
....[684.176s][info][gc,start       ] GC(137) Pause Young (Normal) (G1 Evacuation Pause)
[684.176s][info][gc,task        ] GC(137) Using 8 workers of 8 for evacuation
[684.351s][info][gc,phases      ] GC(137)   Pre Evacuate Collection Set: 0.26ms
[684.351s][info][gc,phases      ] GC(137)   Merge Heap Roots: 0.55ms
[684.351s][info][gc,phases      ] GC(137)   Evacuate Collection Set: 172.63ms
[684.351s][info][gc,phases      ] GC(137)   Post Evacuate Collection Set: 1.30ms
[684.351s][info][gc,phases      ] GC(137)   Other: 0.07ms
[684.351s][info][gc,heap        ] GC(137) Eden regions: 715->0(714)
[684.351s][info][gc,heap        ] GC(137) Survivor regions: 53->54(96)
[684.351s][info][gc,heap        ] GC(137) Old regions: 278->281
[684.351s][info][gc,heap        ] GC(137) Humongous regions: 81->81
[684.351s][info][gc,metaspace   ] GC(137) Metaspace: 29862K(30080K)->29862K(30080K) NonClass: 29862K(30080K)->29862K(30080K) Class: 0K(0K)->0K(0K)
[684.351s][info][gc             ] GC(137) Pause Young (Normal) (G1 Evacuation Pause) 8982M->3294M(10240M) 174.951ms
[684.351s][info][gc,cpu         ] GC(137) User=1.38s Sys=0.00s Real=0.17s
...[687.853s][info][gc,start       ] GC(138) Pause Young (Normal) (G1 Evacuation Pause)
[687.853s][info][gc,task        ] GC(138) Using 8 workers of 8 for evacuation
[688.022s][info][gc,phases      ] GC(138)   Pre Evacuate Collection Set: 0.29ms
[688.022s][info][gc,phases      ] GC(138)   Merge Heap Roots: 0.55ms
[688.022s][info][gc,phases      ] GC(138)   Evacuate Collection Set: 166.87ms
[688.022s][info][gc,phases      ] GC(138)   Post Evacuate Collection Set: 1.28ms
[688.022s][info][gc,phases      ] GC(138)   Other: 0.07ms
[688.022s][info][gc,heap        ] GC(138) Eden regions: 714->0(715)
[688.022s][info][gc,heap        ] GC(138) Survivor regions: 54->53(96)
[688.022s][info][gc,heap        ] GC(138) Old regions: 281->283
[688.022s][info][gc,heap        ] GC(138) Humongous regions: 81->81
[688.022s][info][gc,metaspace   ] GC(138) Metaspace: 29865K(30080K)->29865K(30080K) NonClass: 29865K(30080K)->29865K(30080K) Class: 0K(0K)->0K(0K)
[688.022s][info][gc             ] GC(138) Pause Young (Normal) (G1 Evacuation Pause) 9006M->3309M(10240M) 169.199ms
[688.023s][info][gc,cpu         ] GC(138) User=1.33s Sys=0.00s Real=0.17s
....[691.715s][info][gc,start       ] GC(139) Pause Young (Normal) (G1 Evacuation Pause)
[691.715s][info][gc,task        ] GC(139) Using 8 workers of 8 for evacuation
[691.900s][info][gc,phases      ] GC(139)   Pre Evacuate Collection Set: 0.26ms
[691.900s][info][gc,phases      ] GC(139)   Merge Heap Roots: 0.55ms
[691.900s][info][gc,phases      ] GC(139)   Evacuate Collection Set: 181.99ms
[691.900s][info][gc,phases      ] GC(139)   Post Evacuate Collection Set: 1.28ms
[691.900s][info][gc,phases      ] GC(139)   Other: 0.06ms
[691.900s][info][gc,heap        ] GC(139) Eden regions: 715->0(679)
[691.900s][info][gc,heap        ] GC(139) Survivor regions: 53->57(96)
[691.900s][info][gc,heap        ] GC(139) Old regions: 283->286
[691.900s][info][gc,heap        ] GC(139) Humongous regions: 81->81
[691.900s][info][gc,metaspace   ] GC(139) Metaspace: 29865K(30080K)->29865K(30080K) NonClass: 29865K(30080K)->29865K(30080K) Class: 0K(0K)->0K(0K)
[691.900s][info][gc             ] GC(139) Pause Young (Normal) (G1 Evacuation Pause) 9029M->3362M(10240M) 184.284ms
[691.900s][info][gc,cpu         ] GC(139) User=1.45s Sys=0.00s Real=0.19s
....[695.378s][info][gc,start       ] GC(140) Pause Young (Normal) (G1 Evacuation Pause)
[695.378s][info][gc,task        ] GC(140) Using 8 workers of 8 for evacuation
[695.552s][info][gc,phases      ] GC(140)   Pre Evacuate Collection Set: 0.29ms
[695.552s][info][gc,phases      ] GC(140)   Merge Heap Roots: 0.56ms
[695.552s][info][gc,phases      ] GC(140)   Evacuate Collection Set: 171.53ms
[695.552s][info][gc,phases      ] GC(140)   Post Evacuate Collection Set: 1.19ms
[695.552s][info][gc,phases      ] GC(140)   Other: 0.12ms
[695.552s][info][gc,heap        ] GC(140) Eden regions: 678->0(720)
[695.552s][info][gc,heap        ] GC(140) Survivor regions: 57->48(92)
[695.552s][info][gc,heap        ] GC(140) Old regions: 286->294
[695.552s][info][gc,heap        ] GC(140) Humongous regions: 81->81
[695.552s][info][gc,metaspace   ] GC(140) Metaspace: 29865K(30080K)->29865K(30080K) NonClass: 29865K(30080K)->29865K(30080K) Class: 0K(0K)->0K(0K)
[695.552s][info][gc             ] GC(140) Pause Young (Normal) (G1 Evacuation Pause) 8786M->3357M(10240M) 173.810ms
[695.552s][info][gc,cpu         ] GC(140) User=1.37s Sys=0.00s Real=0.17s
....[699.293s][info][gc,start       ] GC(141) Pause Young (Normal) (G1 Evacuation Pause)
[699.293s][info][gc,task        ] GC(141) Using 8 workers of 8 for evacuation
[699.462s][info][gc,phases      ] GC(141)   Pre Evacuate Collection Set: 0.29ms
[699.462s][info][gc,phases      ] GC(141)   Merge Heap Roots: 0.55ms
[699.462s][info][gc,phases      ] GC(141)   Evacuate Collection Set: 166.67ms
[699.462s][info][gc,phases      ] GC(141)   Post Evacuate Collection Set: 1.29ms
[699.462s][info][gc,phases      ] GC(141)   Other: 0.06ms
[699.462s][info][gc,heap        ] GC(141) Eden regions: 720->0(714)
[699.462s][info][gc,heap        ] GC(141) Survivor regions: 48->54(96)
[699.462s][info][gc,heap        ] GC(141) Old regions: 294->294
[699.462s][info][gc,heap        ] GC(141) Humongous regions: 81->81
[699.462s][info][gc,metaspace   ] GC(141) Metaspace: 29865K(30080K)->29865K(30080K) NonClass: 29865K(30080K)->29865K(30080K) Class: 0K(0K)->0K(0K)
[699.462s][info][gc             ] GC(141) Pause Young (Normal) (G1 Evacuation Pause) 9117M->3405M(10240M) 169.023ms
[699.462s][info][gc,cpu         ] GC(141) User=1.33s Sys=0.00s Real=0.17s
... (rIR:aIR:PR = 13397:13502:12614) (tPR = 185592) [PR is under limit] 
   701s: Re-initializing (term) [702.184s][info][gc,start       ] GC(142) Pause Full (System.gc())
[702.184s][info][gc,task        ] GC(142) Using 8 workers of 8 for full compaction
[702.185s][info][gc,phases,start] GC(142) Phase 1: Mark live objects
[702.199s][info][gc,phases      ] GC(142) Phase 1: Mark live objects 14.783ms
[702.199s][info][gc,phases,start] GC(142) Phase 2: Prepare compaction
[702.207s][info][gc,phases      ] GC(142) Phase 2: Prepare compaction 7.686ms
[702.207s][info][gc,phases,start] GC(142) Phase 3: Adjust pointers
[702.220s][info][gc,phases      ] GC(142) Phase 3: Adjust pointers 13.336ms
[702.220s][info][gc,phases,start] GC(142) Phase 4: Compact heap
[702.228s][info][gc,phases      ] GC(142) Phase 4: Compact heap 7.562ms
[702.228s][info][gc,phases,start] GC(142) Phase 5: Reset Metadata
[702.232s][info][gc,phases      ] GC(142) Phase 5: Reset Metadata 4.024ms
[702.243s][info][gc,heap        ] GC(142) Eden regions: 510->0(768)
[702.243s][info][gc,heap        ] GC(142) Survivor regions: 54->0(96)
[702.243s][info][gc,heap        ] GC(142) Old regions: 294->13
[702.243s][info][gc,heap        ] GC(142) Humongous regions: 81->33
[702.243s][info][gc,metaspace   ] GC(142) Metaspace: 29868K(30080K)->29868K(30080K) NonClass: 29868K(30080K)->29868K(30080K) Class: 0K(0K)->0K(0K)
[702.243s][info][gc             ] GC(142) Pause Full (System.gc()) 7477M->333M(10240M) 58.565ms
[702.243s][info][gc,cpu         ] GC(142) User=0.38s Sys=0.01s Real=0.06s
(init) ... OK
   707s: high-bound for max-jOPS is measured to be 13837
   707s: 
   707s: Restarting (term) [707.778s][info][gc,start       ] GC(143) Pause Full (System.gc())
[707.778s][info][gc,task        ] GC(143) Using 8 workers of 8 for full compaction
[707.779s][info][gc,phases,start] GC(143) Phase 1: Mark live objects
[707.791s][info][gc,phases      ] GC(143) Phase 1: Mark live objects 12.603ms
[707.791s][info][gc,phases,start] GC(143) Phase 2: Prepare compaction
[707.796s][info][gc,phases      ] GC(143) Phase 2: Prepare compaction 5.017ms
[707.796s][info][gc,phases,start] GC(143) Phase 3: Adjust pointers
[707.807s][info][gc,phases      ] GC(143) Phase 3: Adjust pointers 10.566ms
[707.807s][info][gc,phases,start] GC(143) Phase 4: Compact heap
[707.812s][info][gc,phases      ] GC(143) Phase 4: Compact heap 4.979ms
[707.812s][info][gc,phases,start] GC(143) Phase 5: Reset Metadata
[707.816s][info][gc,phases      ] GC(143) Phase 5: Reset Metadata 3.949ms
[707.827s][info][gc,heap        ] GC(143) Eden regions: 459->0(768)
[707.827s][info][gc,heap        ] GC(143) Survivor regions: 0->0(96)
[707.827s][info][gc,heap        ] GC(143) Old regions: 13->12
[707.827s][info][gc,heap        ] GC(143) Humongous regions: 86->33
[707.827s][info][gc,metaspace   ] GC(143) Metaspace: 29882K(30080K)->29882K(30080K) NonClass: 29882K(30080K)->29882K(30080K) Class: 0K(0K)->0K(0K)
[707.827s][info][gc             ] GC(143) Pause Full (System.gc()) 4425M->332M(10240M) 48.423ms
[707.827s][info][gc,cpu         ] GC(143) User=0.30s Sys=0.01s Real=0.05s
(init) ... OK
   713s: 
   713s: Warmup for building throughput-responsetime curve
   713s: (10%)   IR =   1384 .............[726.888s][info][gc,start       ] GC(144) Pause Young (Normal) (G1 Evacuation Pause)
[726.888s][info][gc,task        ] GC(144) Using 8 workers of 8 for evacuation
[727.617s][info][gc,mmu         ] GC(144) MMU target violated: 201.0ms (200.0ms/201.0ms)
[727.617s][info][gc,phases      ] GC(144)   Pre Evacuate Collection Set: 0.30ms
[727.617s][info][gc,phases      ] GC(144)   Merge Heap Roots: 1.01ms
[727.617s][info][gc,phases      ] GC(144)   Evacuate Collection Set: 725.55ms
[727.617s][info][gc,phases      ] GC(144)   Post Evacuate Collection Set: 1.62ms
[727.617s][info][gc,phases      ] GC(144)   Other: 0.11ms
[727.617s][info][gc,heap        ] GC(144) Eden regions: 768->0(367)
[727.617s][info][gc,heap        ] GC(144) Survivor regions: 0->96(96)
[727.617s][info][gc,heap        ] GC(144) Old regions: 12->65
[727.617s][info][gc,heap        ] GC(144) Humongous regions: 86->81
[727.617s][info][gc,metaspace   ] GC(144) Metaspace: 29902K(30080K)->29902K(30080K) NonClass: 29902K(30080K)->29902K(30080K) Class: 0K(0K)->0K(0K)
[727.617s][info][gc             ] GC(144) Pause Young (Normal) (G1 Evacuation Pause) 6900M->1904M(10240M) 728.692ms
[727.617s][info][gc,cpu         ] GC(144) User=5.74s Sys=0.00s Real=0.73s
.................[744.287s][info][gc,start       ] GC(145) Pause Young (Normal) (G1 Evacuation Pause)
[744.287s][info][gc,task        ] GC(145) Using 8 workers of 8 for evacuation
[744.695s][info][gc,mmu         ] GC(145) MMU target violated: 201.0ms (200.0ms/201.0ms)
[744.695s][info][gc,phases      ] GC(145)   Pre Evacuate Collection Set: 0.30ms
[744.695s][info][gc,phases      ] GC(145)   Merge Heap Roots: 0.81ms
[744.695s][info][gc,phases      ] GC(145)   Evacuate Collection Set: 405.56ms
[744.695s][info][gc,phases      ] GC(145)   Post Evacuate Collection Set: 0.78ms
[744.695s][info][gc,phases      ] GC(145)   Other: 0.09ms
[744.695s][info][gc,heap        ] GC(145) Eden regions: 366->0(272)
[744.695s][info][gc,heap        ] GC(145) Survivor regions: 96->22(58)
[744.695s][info][gc,heap        ] GC(145) Old regions: 65->158
[744.695s][info][gc,heap        ] GC(145) Humongous regions: 81->81
[744.695s][info][gc,metaspace   ] GC(145) Metaspace: 29902K(30080K)->29902K(30080K) NonClass: 29902K(30080K)->29902K(30080K) Class: 0K(0K)->0K(0K)
[744.695s][info][gc             ] GC(145) Pause Young (Normal) (G1 Evacuation Pause) 4832M->2060M(10240M) 407.652ms
[744.695s][info][gc,cpu         ] GC(145) User=3.21s Sys=0.00s Real=0.40s
................[760.120s][info][gc,start       ] GC(146) Pause Young (Normal) (G1 Evacuation Pause)
[760.120s][info][gc,task        ] GC(146) Using 8 workers of 8 for evacuation
[760.221s][info][gc,phases      ] GC(146)   Pre Evacuate Collection Set: 0.28ms
[760.221s][info][gc,phases      ] GC(146)   Merge Heap Roots: 0.44ms
[760.221s][info][gc,phases      ] GC(146)   Evacuate Collection Set: 99.31ms
[760.221s][info][gc,phases      ] GC(146)   Post Evacuate Collection Set: 0.79ms
[760.221s][info][gc,phases      ] GC(146)   Other: 0.07ms
[760.221s][info][gc,heap        ] GC(146) Eden regions: 329->0(194)
[760.221s][info][gc,heap        ] GC(146) Survivor regions: 22->33(44)
[760.221s][info][gc,heap        ] GC(146) Old regions: 158->158
[760.221s][info][gc,heap        ] GC(146) Humongous regions: 81->81
[760.221s][info][gc,metaspace   ] GC(146) Metaspace: 29902K(30080K)->29902K(30080K) NonClass: 29902K(30080K)->29902K(30080K) Class: 0K(0K)->0K(0K)
[760.221s][info][gc             ] GC(146) Pause Young (Normal) (G1 Evacuation Pause) 4692M->2148M(10240M) 101.020ms
[760.221s][info][gc,cpu         ] GC(146) User=0.79s Sys=0.00s Real=0.10s
.............[773.457s][info][gc,start       ] GC(147) Pause Young (Normal) (G1 Evacuation Pause)
[773.457s][info][gc,task        ] GC(147) Using 8 workers of 8 for evacuation
[773.573s][info][gc,phases      ] GC(147)   Pre Evacuate Collection Set: 0.29ms
[773.573s][info][gc,phases      ] GC(147)   Merge Heap Roots: 0.40ms
[773.573s][info][gc,phases      ] GC(147)   Evacuate Collection Set: 114.47ms
[773.573s][info][gc,phases      ] GC(147)   Post Evacuate Collection Set: 0.73ms
[773.573s][info][gc,phases      ] GC(147)   Other: 0.06ms
[773.573s][info][gc,heap        ] GC(147) Eden regions: 272->0(318)
[773.573s][info][gc,heap        ] GC(147) Survivor regions: 33->30(39)
[773.573s][info][gc,heap        ] GC(147) Old regions: 158->169
[773.573s][info][gc,heap        ] GC(147) Humongous regions: 81->81
[773.573s][info][gc,metaspace   ] GC(147) Metaspace: 29902K(30080K)->29902K(30080K) NonClass: 29902K(30080K)->29902K(30080K) Class: 0K(0K)->0K(0K)
[773.573s][info][gc             ] GC(147) Pause Young (Normal) (G1 Evacuation Pause) 4324M->2207M(10240M) 116.082ms
[773.574s][info][gc,cpu         ] GC(147) User=0.92s Sys=0.00s Real=0.11s
.................[789.903s][info][gc,start       ] GC(148) Pause Young (Normal) (G1 Evacuation Pause)
[789.903s][info][gc,task        ] GC(148) Using 8 workers of 8 for evacuation
[790.017s][info][gc,phases      ] GC(148)   Pre Evacuate Collection Set: 0.26ms
[790.017s][info][gc,phases      ] GC(148)   Merge Heap Roots: 0.44ms
[790.017s][info][gc,phases      ] GC(148)   Evacuate Collection Set: 112.73ms
[790.017s][info][gc,phases      ] GC(148)   Post Evacuate Collection Set: 0.80ms
[790.017s][info][gc,phases      ] GC(148)   Other: 0.06ms
[790.017s][info][gc,heap        ] GC(148) Eden regions: 336->0(351)
[790.017s][info][gc,heap        ] GC(148) Survivor regions: 30->31(46)
[790.017s][info][gc,heap        ] GC(148) Old regions: 169->178
[790.017s][info][gc,heap        ] GC(148) Humongous regions: 81->81
[790.017s][info][gc,metaspace   ] GC(148) Metaspace: 29904K(30080K)->29904K(30080K) NonClass: 29904K(30080K)->29904K(30080K) Class: 0K(0K)->0K(0K)
[790.017s][info][gc             ] GC(148) Pause Young (Normal) (G1 Evacuation Pause) 4895M->2288M(10240M) 114.405ms
[790.018s][info][gc,cpu         ] GC(148) User=0.90s Sys=0.00s Real=0.12s
..................[807.953s][info][gc,start       ] GC(149) Pause Young (Normal) (G1 Evacuation Pause)
[807.954s][info][gc,task        ] GC(149) Using 8 workers of 8 for evacuation
[808.070s][info][gc,phases      ] GC(149)   Pre Evacuate Collection Set: 0.30ms
[808.070s][info][gc,phases      ] GC(149)   Merge Heap Roots: 0.51ms
[808.070s][info][gc,phases      ] GC(149)   Evacuate Collection Set: 115.13ms
[808.070s][info][gc,phases      ] GC(149)   Post Evacuate Collection Set: 0.78ms
[808.070s][info][gc,phases      ] GC(149)   Other: 0.06ms
[808.070s][info][gc,heap        ] GC(149) Eden regions: 365->0(410)
[808.070s][info][gc,heap        ] GC(149) Survivor regions: 31->34(50)
[808.070s][info][gc,heap        ] GC(149) Old regions: 178->186
[808.070s][info][gc,heap        ] GC(149) Humongous regions: 81->81
[808.070s][info][gc,metaspace   ] GC(149) Metaspace: 29904K(30080K)->29904K(30080K) NonClass: 29904K(30080K)->29904K(30080K) Class: 0K(0K)->0K(0K)
[808.070s][info][gc             ] GC(149) Pause Young (Normal) (G1 Evacuation Pause) 5208M->2371M(10240M) 116.919ms
[808.070s][info][gc,cpu         ] GC(149) User=0.92s Sys=0.00s Real=0.12s
.....................[829.400s][info][gc,start       ] GC(150) Pause Young (Normal) (G1 Evacuation Pause)
[829.400s][info][gc,task        ] GC(150) Using 8 workers of 8 for evacuation
[829.524s][info][gc,phases      ] GC(150)   Pre Evacuate Collection Set: 0.28ms
[829.524s][info][gc,phases      ] GC(150)   Merge Heap Roots: 0.46ms
[829.524s][info][gc,phases      ] GC(150)   Evacuate Collection Set: 122.45ms
[829.524s][info][gc,phases      ] GC(150)   Post Evacuate Collection Set: 0.87ms
[829.524s][info][gc,phases      ] GC(150)   Other: 0.06ms
[829.524s][info][gc,heap        ] GC(150) Eden regions: 434->0(480)
[829.524s][info][gc,heap        ] GC(150) Survivor regions: 34->35(59)
[829.524s][info][gc,heap        ] GC(150) Old regions: 186->193
[829.524s][info][gc,heap        ] GC(150) Humongous regions: 81->81
[829.524s][info][gc,metaspace   ] GC(150) Metaspace: 29904K(30080K)->29904K(30080K) NonClass: 29904K(30080K)->29904K(30080K) Class: 0K(0K)->0K(0K)
[829.524s][info][gc             ] GC(150) Pause Young (Normal) (G1 Evacuation Pause) 5843M->2443M(10240M) 124.291ms
[829.524s][info][gc,cpu         ] GC(150) User=0.98s Sys=0.00s Real=0.12s
........................[853.544s][info][gc,start       ] GC(151) Pause Young (Normal) (G1 Evacuation Pause)
[853.544s][info][gc,task        ] GC(151) Using 8 workers of 8 for evacuation
[853.675s][info][gc,phases      ] GC(151)   Pre Evacuate Collection Set: 0.32ms
[853.675s][info][gc,phases      ] GC(151)   Merge Heap Roots: 0.55ms
[853.675s][info][gc,phases      ] GC(151)   Evacuate Collection Set: 129.13ms
[853.675s][info][gc,phases      ] GC(151)   Post Evacuate Collection Set: 0.94ms
[853.675s][info][gc,phases      ] GC(151)   Other: 0.08ms
[853.675s][info][gc,heap        ] GC(151) Eden regions: 489->0(505)
[853.675s][info][gc,heap        ] GC(151) Survivor regions: 35->39(66)
[853.675s][info][gc,heap        ] GC(151) Old regions: 193->200
[853.675s][info][gc,heap        ] GC(151) Humongous regions: 81->81
[853.675s][info][gc,metaspace   ] GC(151) Metaspace: 29907K(30080K)->29907K(30080K) NonClass: 29907K(30080K)->29907K(30080K) Class: 0K(0K)->0K(0K)
[853.675s][info][gc             ] GC(151) Pause Young (Normal) (G1 Evacuation Pause) 6355M->2522M(10240M) 131.143ms
[853.675s][info][gc,cpu         ] GC(151) User=1.03s Sys=0.00s Real=0.13s
..........................[878.795s][info][gc,start       ] GC(152) Pause Young (Normal) (G1 Evacuation Pause)
[878.795s][info][gc,task        ] GC(152) Using 8 workers of 8 for evacuation
[878.934s][info][gc,phases      ] GC(152)   Pre Evacuate Collection Set: 0.34ms
[878.934s][info][gc,phases      ] GC(152)   Merge Heap Roots: 0.57ms
[878.934s][info][gc,phases      ] GC(152)   Evacuate Collection Set: 137.35ms
[878.934s][info][gc,phases      ] GC(152)   Post Evacuate Collection Set: 0.94ms
[878.934s][info][gc,phases      ] GC(152)   Other: 0.07ms
[878.934s][info][gc,heap        ] GC(152) Eden regions: 511->0(543)
[878.934s][info][gc,heap        ] GC(152) Survivor regions: 39->41(69)
[878.934s][info][gc,heap        ] GC(152) Old regions: 200->206
[878.934s][info][gc,heap        ] GC(152) Humongous regions: 81->81
[878.934s][info][gc,metaspace   ] GC(152) Metaspace: 29907K(30080K)->29907K(30080K) NonClass: 29907K(30080K)->29907K(30080K) Class: 0K(0K)->0K(0K)
[878.934s][info][gc             ] GC(152) Pause Young (Normal) (G1 Evacuation Pause) 6610M->2592M(10240M) 139.403ms
[878.934s][info][gc,cpu         ] GC(152) User=1.10s Sys=0.00s Real=0.14s
............... (rIR:aIR:PR = 1384:1384:1384) (tPR = 20772) [OK] 
   893s: 
   893s: Building throughput-responsetime curve
   893s: ( 0%)   IR =      0 ...|............................................................ (rIR:aIR:PR = 0:0:0) (tPR = 0) [OK] 
   956s: Performance info:
         Transaction,    Success,    Partial,     Failed,   Receipts, AvgBarcode, 
         Response times:
             Request,    Success,    Partial,     Failed,   SkipFail,     Probes,    Samples,      min,      p50,      p90,      p95,      p99,      max, 

   956s: ( 1%)   IR =    138 ....|............................................................ (rIR:aIR:PR = 138:138:138) (tPR = 2084) [OK] 
  1020s: Performance info:
         Transaction,    Success,    Partial,     Failed,   Receipts, AvgBarcode, 
             Overall,       8284,          0,          0,       7865,      59.46, 
         Response times:
             Request,    Success,    Partial,     Failed,   SkipFail,     Probes,    Samples,      min,      p50,      p90,      p95,      p99,      max, 
       TotalPurchase,       7865,          0,          0,          0,       7278,       8219,      300,      400,      500,      600,      700,     1100,
     InStorePurchase,       4137,          0,          0,          0,       3898,       4350,      300,      400,      500,      500,      700,     1000,
      OnlinePurchase,       2901,          0,          0,          0,       2671,       2995,      300,      400,      600,      600,      700,     1000,
        InstPurchase,        827,          0,          0,          0,        709,        874,      400,      500,      600,      600,      800,     1100,
          AssocOfCat,         10,          0,          0,          0,          8,          8,    22000,    22000,    25000,    25000,    25000,    25000,
      AssocOfProduct,         84,          0,          0,          0,         79,         87,      400,      600,      700,      700,      800,      800,
      BusinessReport,         23,          0,          0,          0,         20,         22,    23000,    24500,    33700,    34000,    34000,    34000,
          CustBuyBeh,         82,          0,          0,          0,         79,         87,      200,      300,      400,      400,      400,      400,
       ProductReturn,        220,          0,          0,          0,        167,        245,      200,      300,      300,      300,      454,      600,

  1020s: ( 2%)   IR =    277 ....|......................[1047.012s][info][gc,start       ] GC(153) Pause Young (Normal) (G1 Evacuation Pause)
[1047.012s][info][gc,task        ] GC(153) Using 8 workers of 8 for evacuation
[1047.152s][info][gc,phases      ] GC(153)   Pre Evacuate Collection Set: 0.29ms
[1047.152s][info][gc,phases      ] GC(153)   Merge Heap Roots: 0.53ms
[1047.152s][info][gc,phases      ] GC(153)   Evacuate Collection Set: 138.47ms
[1047.152s][info][gc,phases      ] GC(153)   Post Evacuate Collection Set: 1.02ms
[1047.152s][info][gc,phases      ] GC(153)   Other: 0.07ms
[1047.152s][info][gc,heap        ] GC(153) Eden regions: 544->0(610)
[1047.152s][info][gc,heap        ] GC(153) Survivor regions: 41->41(74)
[1047.152s][info][gc,heap        ] GC(153) Old regions: 206->213
[1047.152s][info][gc,heap        ] GC(153) Humongous regions: 81->81
[1047.152s][info][gc,metaspace   ] GC(153) Metaspace: 29916K(30080K)->29916K(30080K) NonClass: 29916K(30080K)->29916K(30080K) Class: 0K(0K)->0K(0K)
[1047.152s][info][gc             ] GC(153) Pause Young (Normal) (G1 Evacuation Pause) 6944M->2647M(10240M) 140.515ms
[1047.152s][info][gc,cpu         ] GC(153) User=1.10s Sys=0.00s Real=0.14s
...................................... (rIR:aIR:PR = 277:278:278) (tPR = 4134) [OK] 
  1084s: Performance info:
         Transaction,    Success,    Partial,     Failed,   Receipts, AvgBarcode, 
             Overall,      16665,          0,          0,      15829,      59.50, 
         Response times:
             Request,    Success,    Partial,     Failed,   SkipFail,     Probes,    Samples,      min,      p50,      p90,      p95,      p99,      max, 
       TotalPurchase,      15829,          0,          0,          0,      14930,      16579,      300,      500,      700,      800,      900,   143000,
     InStorePurchase,       8327,          0,          0,          0,       7881,       8611,      300,      500,      700,      700,      900,   143000,
      OnlinePurchase,       5836,          0,          0,          0,       5534,       6182,      300,      500,      700,      800,      900,     1600,
        InstPurchase,       1666,          0,          0,          0,       1515,       1786,      400,      600,      700,      800,     1000,     1200,
          AssocOfCat,         17,          0,          0,          0,         16,         16,    17400,    22000,    23300,    24000,    24000,    24000,
      AssocOfProduct,        167,          0,          0,          0,        118,        173,      300,      600,      800,      800,      926,     1000,
      BusinessReport,         43,          0,          0,          0,         41,         44,    19900,    24000,    28500,    34250,    35000,    35000,
          CustBuyBeh,        164,          0,          0,          0,        110,        164,      200,      300,      500,      600,     1435,     1500,
       ProductReturn,        445,          0,          0,          0,        394,        559,      200,      300,      600,      600,      800,     1700,

  1084s: ( 3%)   IR =    415 ....|............................................................ (rIR:aIR:PR = 415:415:415) (tPR = 6255) [OK] 
  1148s: Performance info:
         Transaction,    Success,    Partial,     Failed,   Receipts, AvgBarcode, 
             Overall,      24922,          0,          0,      23669,      59.47, 
         Response times:
             Request,    Success,    Partial,     Failed,   SkipFail,     Probes,    Samples,      min,      p50,      p90,      p95,      p99,      max, 
       TotalPurchase,      23669,          0,          0,          0,      22469,      24772,      300,      600,      800,      900,     1100,     1600,
     InStorePurchase,      12454,          0,          0,          0,      11854,      12936,      300,      500,      800,      900,     1100,     1600,
      OnlinePurchase,       8720,          0,          0,          0,       8324,       9217,      300,      600,      800,      900,     1100,     1600,
        InstPurchase,       2495,          0,          0,          0,       2291,       2619,      400,      600,      900,     1000,     1200,     1600,
          AssocOfCat,         27,          0,          0,          0,         25,         26,    22000,    22500,    24000,    24000,    24000,    24000,
      AssocOfProduct,        251,          0,          0,          0,        200,        267,      400,      800,     1000,     1100,     1332,     1400,
      BusinessReport,         62,          0,          0,          0,         61,         66,    24000,    25000,    29000,    44000,    44000,    44000,
          CustBuyBeh,        253,          0,          0,          0,        191,        256,      200,      300,      400,      400,      743,     1000,
       ProductReturn,        660,          0,          0,          0,        559,        697,      200,      400,      700,      800,     1000,     1300,

  1148s: ( 4%)   IR =    553 ......|.[1156.915s][info][gc,start       ] GC(154) Pause Young (Normal) (G1 Evacuation Pause)
[1156.915s][info][gc,task        ] GC(154) Using 8 workers of 8 for evacuation
[1157.060s][info][gc,phases      ] GC(154)   Pre Evacuate Collection Set: 0.32ms
[1157.060s][info][gc,phases      ] GC(154)   Merge Heap Roots: 0.59ms
[1157.060s][info][gc,phases      ] GC(154)   Evacuate Collection Set: 142.69ms
[1157.060s][info][gc,phases      ] GC(154)   Post Evacuate Collection Set: 1.17ms
[1157.060s][info][gc,phases      ] GC(154)   Other: 0.07ms
[1157.060s][info][gc,heap        ] GC(154) Eden regions: 609->0(593)
[1157.060s][info][gc,heap        ] GC(154) Survivor regions: 41->47(82)
[1157.060s][info][gc,heap        ] GC(154) Old regions: 213->213
[1157.060s][info][gc,heap        ] GC(154) Humongous regions: 81->81
[1157.060s][info][gc,metaspace   ] GC(154) Metaspace: 29917K(30080K)->29917K(30080K) NonClass: 29917K(30080K)->29917K(30080K) Class: 0K(0K)->0K(0K)
[1157.060s][info][gc             ] GC(154) Pause Young (Normal) (G1 Evacuation Pause) 7519M->2699M(10240M) 144.973ms
[1157.060s][info][gc,cpu         ] GC(154) User=1.13s Sys=0.00s Real=0.15s
........................................................... (rIR:aIR:PR = 553:553:553) (tPR = 8216) [OK] 
  1214s: Performance info:
         Transaction,    Success,    Partial,     Failed,   Receipts, AvgBarcode, 
             Overall,      33244,          0,          0,      31577,      59.46, 
         Response times:
             Request,    Success,    Partial,     Failed,   SkipFail,     Probes,    Samples,      min,      p50,      p90,      p95,      p99,      max, 
       TotalPurchase,      31577,          0,          0,          0,      30139,      34198,      300,      700,     1000,     1100,     1300,   149000,
     InStorePurchase,      16617,          0,          0,          0,      16037,      18143,      300,      600,     1000,     1100,     1300,   148000,
      OnlinePurchase,      11639,          0,          0,          0,      11050,      12463,      300,      700,     1000,     1100,     1300,   149000,
        InstPurchase,       3321,          0,          0,          0,       3052,       3592,      400,      700,     1000,     1100,     1300,     2100,
          AssocOfCat,         35,          0,          0,          0,         32,         36,    18600,    22500,    24000,    24000,    24000,    24000,
      AssocOfProduct,        331,          0,          0,          0,        280,        406,      400,      900,     1200,     1300,     1493,     2300,
      BusinessReport,         84,          0,          0,          0,         75,         90,    21000,    25000,    31600,    34000,    35000,    35000,
          CustBuyBeh,        334,          0,          0,          0,        269,        362,      100,      300,      700,      800,     1074,     2100,
       ProductReturn,        883,          0,          0,          0,        730,        884,      200,      300,      700,      900,     1200,     1500,

  1214s: ( 5%)   IR =    692 .....|......[1226.342s][info][gc,start       ] GC(155) Pause Young (Normal) (G1 Evacuation Pause)
[1226.342s][info][gc,task        ] GC(155) Using 8 workers of 8 for evacuation
[1226.495s][info][gc,phases      ] GC(155)   Pre Evacuate Collection Set: 0.31ms
[1226.495s][info][gc,phases      ] GC(155)   Merge Heap Roots: 0.60ms
[1226.495s][info][gc,phases      ] GC(155)   Evacuate Collection Set: 150.97ms
[1226.495s][info][gc,phases      ] GC(155)   Post Evacuate Collection Set: 1.10ms
[1226.495s][info][gc,phases      ] GC(155)   Other: 0.08ms
[1226.495s][info][gc,heap        ] GC(155) Eden regions: 588->0(619)
[1226.495s][info][gc,heap        ] GC(155) Survivor regions: 47->49(80)
[1226.495s][info][gc,heap        ] GC(155) Old regions: 213->216
[1226.495s][info][gc,heap        ] GC(155) Humongous regions: 81->81
[1226.495s][info][gc,metaspace   ] GC(155) Metaspace: 29920K(30080K)->29920K(30080K) NonClass: 29920K(30080K)->29920K(30080K) Class: 0K(0K)->0K(0K)
[1226.495s][info][gc             ] GC(155) Pause Young (Normal) (G1 Evacuation Pause) 7403M->2735M(10240M) 153.175ms
[1226.496s][info][gc,cpu         ] GC(155) User=1.20s Sys=0.00s Real=0.15s
...................................................... (rIR:aIR:PR = 692:692:692) (tPR = 10117) [OK] 
  1279s: Performance info:
         Transaction,    Success,    Partial,     Failed,   Receipts, AvgBarcode, 
             Overall,      41561,          0,          0,      39475,      59.49, 
         Response times:
             Request,    Success,    Partial,     Failed,   SkipFail,     Probes,    Samples,      min,      p50,      p90,      p95,      p99,      max, 
       TotalPurchase,      39475,          0,          0,          0,      37877,      42091,      300,      700,     1100,     1200,     1500,   155000,
     InStorePurchase,      20781,          0,          0,          0,      20021,      22049,      300,      800,     1100,     1200,     1500,     7100,
      OnlinePurchase,      14542,          0,          0,          0,      14017,      15662,      300,      700,     1100,     1200,     1500,   155000,
        InstPurchase,       4152,          0,          0,          0,       3839,       4380,      400,      800,     1200,     1300,     1500,   155000,
          AssocOfCat,         41,          0,          0,          0,         39,         44,    17000,    23000,    24000,    24000,    36000,    36000,
      AssocOfProduct,        416,          0,          0,          0,        345,        471,      500,     1000,     1300,     1400,     1784,     6900,
      BusinessReport,        104,          0,          0,          0,         98,        110,    21000,    26000,    27000,    27000,    39780,    40000,
          CustBuyBeh,        417,          0,          0,          0,        332,        428,      200,      400,      900,     1000,     1371,     6200,
       ProductReturn,       1108,          0,          0,          0,        960,       1146,      200,      600,     1000,     1200,     1600,     5000,

  1279s: ( 6%)   IR =    830 .....|[1286.018s][info][gc,start       ] GC(156) Pause Young (Normal) (G1 Evacuation Pause)
[1286.019s][info][gc,task        ] GC(156) Using 8 workers of 8 for evacuation
[1286.174s][info][gc,phases      ] GC(156)   Pre Evacuate Collection Set: 0.31ms
[1286.174s][info][gc,phases      ] GC(156)   Merge Heap Roots: 0.59ms
[1286.174s][info][gc,phases      ] GC(156)   Evacuate Collection Set: 152.86ms
[1286.174s][info][gc,phases      ] GC(156)   Post Evacuate Collection Set: 1.17ms
[1286.174s][info][gc,phases      ] GC(156)   Other: 0.08ms
[1286.174s][info][gc,heap        ] GC(156) Eden regions: 615->0(669)
[1286.174s][info][gc,heap        ] GC(156) Survivor regions: 49->49(83)
[1286.174s][info][gc,heap        ] GC(156) Old regions: 216->219
[1286.174s][info][gc,heap        ] GC(156) Humongous regions: 81->81
[1286.174s][info][gc,metaspace   ] GC(156) Metaspace: 29921K(30080K)->29921K(30080K) NonClass: 29921K(30080K)->29921K(30080K) Class: 0K(0K)->0K(0K)
[1286.174s][info][gc             ] GC(156) Pause Young (Normal) (G1 Evacuation Pause) 7655M->2763M(10240M) 155.172ms
[1286.174s][info][gc,cpu         ] GC(156) User=1.21s Sys=0.00s Real=0.15s
.......................................................[1340.538s][info][gc,start       ] GC(157) Pause Young (Normal) (G1 Evacuation Pause)
[1340.538s][info][gc,task        ] GC(157) Using 8 workers of 8 for evacuation
[1340.695s][info][gc,phases      ] GC(157)   Pre Evacuate Collection Set: 0.31ms
[1340.695s][info][gc,phases      ] GC(157)   Merge Heap Roots: 0.60ms
[1340.695s][info][gc,phases      ] GC(157)   Evacuate Collection Set: 154.56ms
[1340.695s][info][gc,phases      ] GC(157)   Post Evacuate Collection Set: 1.18ms
[1340.695s][info][gc,phases      ] GC(157)   Other: 0.07ms
[1340.695s][info][gc,heap        ] GC(157) Eden regions: 666->0(710)
[1340.695s][info][gc,heap        ] GC(157) Survivor regions: 49->50(90)
[1340.695s][info][gc,heap        ] GC(157) Old regions: 219->222
[1340.695s][info][gc,heap        ] GC(157) Humongous regions: 81->81
[1340.695s][info][gc,metaspace   ] GC(157) Metaspace: 29923K(30080K)->29923K(30080K) NonClass: 29923K(30080K)->29923K(30080K) Class: 0K(0K)->0K(0K)
[1340.695s][info][gc             ] GC(157) Pause Young (Normal) (G1 Evacuation Pause) 8091M->2794M(10240M) 156.879ms
[1340.695s][info][gc,cpu         ] GC(157) User=1.23s Sys=0.00s Real=0.15s
..... (rIR:aIR:PR = 830:831:831) (tPR = 12357) [OK] 
  1344s: Performance info:
         Transaction,    Success,    Partial,     Failed,   Receipts, AvgBarcode, 
             Overall,      49910,          0,          0,      47412,      59.48, 
         Response times:
             Request,    Success,    Partial,     Failed,   SkipFail,     Probes,    Samples,      min,      p50,      p90,      p95,      p99,      max, 
       TotalPurchase,      47412,          0,          0,          0,      45598,      50557,      300,      800,     1300,     1400,     1800,   167000,
     InStorePurchase,      24971,          0,          0,          0,      24175,      26671,      300,      800,     1300,     1400,     1700,   167000,
      OnlinePurchase,      17450,          0,          0,          0,      16756,      18609,      300,      800,     1300,     1400,     1800,   159000,
        InstPurchase,       4991,          0,          0,          0,       4667,       5277,      400,      900,     1300,     1400,     1800,   157000,
          AssocOfCat,         50,          0,          0,          0,         47,         54,    17800,    23000,    25000,    29000,    30000,    30000,
      AssocOfProduct,        495,          0,          0,          0,        401,        514,      500,     1000,     1500,     1700,     2270,   160000,
      BusinessReport,        126,          0,          0,          0,         90,        131,    19400,    26000,    30800,    35400,    45000,    45000,
          CustBuyBeh,        498,          0,          0,          0,        422,        575,      300,      900,     1200,     1300,     1600,     6000,
       ProductReturn,       1329,          0,          0,          0,       1177,       1396,      200,      900,     1300,     1400,     1800,     8700,

  1344s: ( 7%)   IR =    969 .....|........................................[1390.540s][info][gc,start       ] GC(158) Pause Young (Normal) (G1 Evacuation Pause)
[1390.540s][info][gc,task        ] GC(158) Using 8 workers of 8 for evacuation
[1390.698s][info][gc,phases      ] GC(158)   Pre Evacuate Collection Set: 0.29ms
[1390.698s][info][gc,phases      ] GC(158)   Merge Heap Roots: 0.61ms
[1390.698s][info][gc,phases      ] GC(158)   Evacuate Collection Set: 155.59ms
[1390.698s][info][gc,phases      ] GC(158)   Post Evacuate Collection Set: 1.24ms
[1390.698s][info][gc,phases      ] GC(158)   Other: 0.08ms
[1390.698s][info][gc,heap        ] GC(158) Eden regions: 706->0(715)
[1390.698s][info][gc,heap        ] GC(158) Survivor regions: 50->53(95)
[1390.698s][info][gc,heap        ] GC(158) Old regions: 222->222
[1390.698s][info][gc,heap        ] GC(158) Humongous regions: 81->81
[1390.698s][info][gc,metaspace   ] GC(158) Metaspace: 29924K(30080K)->29924K(30080K) NonClass: 29924K(30080K)->29924K(30080K) Class: 0K(0K)->0K(0K)
[1390.698s][info][gc             ] GC(158) Pause Young (Normal) (G1 Evacuation Pause) 8442M->2814M(10240M) 157.958ms
[1390.698s][info][gc,cpu         ] GC(158) User=1.24s Sys=0.00s Real=0.16s
.................... (rIR:aIR:PR = 969:969:969) (tPR = 14437) [OK] 
  1410s: Performance info:
         Transaction,    Success,    Partial,     Failed,   Receipts, AvgBarcode, 
             Overall,      58169,          0,          0,      55264,      59.47, 
         Response times:
             Request,    Success,    Partial,     Failed,   SkipFail,     Probes,    Samples,      min,      p50,      p90,      p95,      p99,      max, 
       TotalPurchase,      55264,          0,          0,          0,      53627,      59153,      300,      900,     1400,     1500,     1800,   160000,
     InStorePurchase,      29068,          0,          0,          0,      28282,      31028,      300,      900,     1400,     1500,     1800,   160000,
      OnlinePurchase,      20372,          0,          0,          0,      19826,      21880,      400,      900,     1400,     1500,     1800,   160000,
        InstPurchase,       5824,          0,          0,          0,       5519,       6245,      400,     1100,     1500,     1600,     1900,   160000,
          AssocOfCat,         58,          0,          0,          0,         52,         62,    18400,    24000,    25000,    27000,    34000,    34000,
      AssocOfProduct,        581,          0,          0,          0,        483,        625,      400,     1000,     1600,     1700,     1900,     2100,
      BusinessReport,        144,          0,          0,          0,         99,        147,    21000,    26000,    28000,    31000,    37600,    40000,
          CustBuyBeh,        581,          0,          0,          0,        479,        611,      300,      900,     1300,     1400,     1700,     6500,
       ProductReturn,       1541,          0,          0,          0,       1399,       1713,      200,      600,     1200,     1400,     1800,     4500,

  1410s: ( 8%)   IR =   1107 ......|.....................[1437.354s][info][gc,start       ] GC(159) Pause Young (Normal) (G1 Evacuation Pause)
[1437.354s][info][gc,task        ] GC(159) Using 8 workers of 8 for evacuation
[1437.517s][info][gc,phases      ] GC(159)   Pre Evacuate Collection Set: 0.30ms
[1437.517s][info][gc,phases      ] GC(159)   Merge Heap Roots: 0.59ms
[1437.517s][info][gc,phases      ] GC(159)   Evacuate Collection Set: 161.35ms
[1437.517s][info][gc,phases      ] GC(159)   Post Evacuate Collection Set: 1.36ms
[1437.517s][info][gc,phases      ] GC(159)   Other: 0.07ms
[1437.517s][info][gc,heap        ] GC(159) Eden regions: 715->0(715)
[1437.517s][info][gc,heap        ] GC(159) Survivor regions: 53->53(96)
[1437.517s][info][gc,heap        ] GC(159) Old regions: 222->223
[1437.517s][info][gc,heap        ] GC(159) Humongous regions: 81->81
[1437.517s][info][gc,metaspace   ] GC(159) Metaspace: 29926K(30080K)->29926K(30080K) NonClass: 29926K(30080K)->29926K(30080K) Class: 0K(0K)->0K(0K)
[1437.517s][info][gc             ] GC(159) Pause Young (Normal) (G1 Evacuation Pause) 8534M->2824M(10240M) 163.838ms
[1437.517s][info][gc,cpu         ] GC(159) User=1.29s Sys=0.00s Real=0.17s
....................................... (rIR:aIR:PR = 1107:1108:1108) (tPR = 16450) [OK] 
  1476s: Performance info:
         Transaction,    Success,    Partial,     Failed,   Receipts, AvgBarcode, 
             Overall,      66523,          0,          0,      63202,      59.47, 
         Response times:
             Request,    Success,    Partial,     Failed,   SkipFail,     Probes,    Samples,      min,      p50,      p90,      p95,      p99,      max, 
       TotalPurchase,      63202,          0,          0,          0,      60912,      68231,      300,     1000,     1600,     1700,     2000,    12000,
     InStorePurchase,      33257,          0,          0,          0,      32206,      35950,      400,      900,     1500,     1700,     2000,    12000,
      OnlinePurchase,      23289,          0,          0,          0,      22528,      25178,      300,     1100,     1600,     1700,     2021,    12000,
        InstPurchase,       6656,          0,          0,          0,       6178,       7103,      400,     1000,     1600,     1700,     2000,    11400,
          AssocOfCat,         65,          0,          0,          0,         62,         71,    17800,    24000,    26800,    28400,   196000,   196000,
      AssocOfProduct,        665,          0,          0,          0,        565,        722,      600,     1400,     1900,     2000,     2885,    12100,
      BusinessReport,        163,          0,          0,          0,        121,        177,    21000,    26000,    29000,    31100,    36000,    36000,
          CustBuyBeh,        662,          0,          0,          0,        550,        687,      200,     1000,     1500,     1600,     2000,     9800,
       ProductReturn,       1766,          0,          0,          0,       1559,       1835,      200,      800,     1500,     1600,     1900,    10300,

  1476s: ( 9%)   IR =   1245 ....[1480.816s][info][gc,start       ] GC(160) Pause Young (Normal) (G1 Evacuation Pause)
[1480.816s][info][gc,task        ] GC(160) Using 8 workers of 8 for evacuation
[1480.980s][info][gc,phases      ] GC(160)   Pre Evacuate Collection Set: 0.35ms
[1480.980s][info][gc,phases      ] GC(160)   Merge Heap Roots: 0.67ms
[1480.980s][info][gc,phases      ] GC(160)   Evacuate Collection Set: 161.42ms
[1480.980s][info][gc,phases      ] GC(160)   Post Evacuate Collection Set: 1.26ms
[1480.980s][info][gc,phases      ] GC(160)   Other: 0.07ms
[1480.980s][info][gc,heap        ] GC(160) Eden regions: 715->0(716)
[1480.980s][info][gc,heap        ] GC(160) Survivor regions: 53->52(96)
[1480.980s][info][gc,heap        ] GC(160) Old regions: 223->227
[1480.980s][info][gc,heap        ] GC(160) Humongous regions: 81->81
[1480.980s][info][gc,metaspace   ] GC(160) Metaspace: 29928K(30080K)->29928K(30080K) NonClass: 29928K(30080K)->29928K(30080K) Class: 0K(0K)->0K(0K)
[1480.980s][info][gc             ] GC(160) Pause Young (Normal) (G1 Evacuation Pause) 8544M->2841M(10240M) 163.917ms
[1480.980s][info][gc,cpu         ] GC(160) User=1.28s Sys=0.01s Real=0.16s
.|......................................[1520.024s][info][gc,start       ] GC(161) Pause Young (Normal) (G1 Evacuation Pause)
[1520.024s][info][gc,task        ] GC(161) Using 8 workers of 8 for evacuation
[1520.187s][info][gc,phases      ] GC(161)   Pre Evacuate Collection Set: 0.30ms
[1520.187s][info][gc,phases      ] GC(161)   Merge Heap Roots: 0.59ms
[1520.187s][info][gc,phases      ] GC(161)   Evacuate Collection Set: 160.17ms
[1520.187s][info][gc,phases      ] GC(161)   Post Evacuate Collection Set: 1.30ms
[1520.187s][info][gc,phases      ] GC(161)   Other: 0.06ms
[1520.187s][info][gc,heap        ] GC(161) Eden regions: 716->0(717)
[1520.187s][info][gc,heap        ] GC(161) Survivor regions: 52->51(96)
[1520.187s][info][gc,heap        ] GC(161) Old regions: 227->229
[1520.187s][info][gc,heap        ] GC(161) Humongous regions: 81->81
[1520.187s][info][gc,metaspace   ] GC(161) Metaspace: 29928K(30080K)->29928K(30080K) NonClass: 29928K(30080K)->29928K(30080K) Class: 0K(0K)->0K(0K)
[1520.187s][info][gc             ] GC(161) Pause Young (Normal) (G1 Evacuation Pause) 8569M->2852M(10240M) 162.540ms
[1520.187s][info][gc,cpu         ] GC(161) User=1.28s Sys=0.00s Real=0.17s
...................... (rIR:aIR:PR = 1245:1246:1246) (tPR = 18698) [OK] 
  1541s: Performance info:
         Transaction,    Success,    Partial,     Failed,   Receipts, AvgBarcode, 
             Overall,      74772,          0,          0,      71038,      59.48, 
         Response times:
             Request,    Success,    Partial,     Failed,   SkipFail,     Probes,    Samples,      min,      p50,      p90,      p95,      p99,      max, 
       TotalPurchase,      71038,          0,          0,          0,      68908,      75938,      400,     1100,     1700,     1900,     2300,   170000,
     InStorePurchase,      37391,          0,          0,          0,      36416,      39922,      400,     1000,     1600,     1800,     2200,   169000,
      OnlinePurchase,      26171,          0,          0,          0,      25380,      27932,      400,     1200,     1800,     1900,     2300,   166000,
        InstPurchase,       7476,          0,          0,          0,       7112,       8084,      400,     1100,     1700,     1900,     2315,   170000,
          AssocOfCat,         74,          0,          0,          0,         71,         80,    18400,    24000,    25000,    26000,    30000,    30000,
      AssocOfProduct,        745,          0,          0,          0,        617,        797,      500,     1100,     1700,     1900,     2504,    14000,
      BusinessReport,        187,          0,          0,          0,        142,        214,    21000,    27000,    28000,    30250,    35000,    35000,
          CustBuyBeh,        747,          0,          0,          0,        661,        845,      300,     1200,     1600,     1700,     2000,    10600,
       ProductReturn,       1981,          0,          0,          0,       1803,       2127,      200,     1000,     1600,     1800,     2100,    14100,

  1541s: (10%)   IR =   1384 .....|..........[1557.339s][info][gc,start       ] GC(162) Pause Young (Normal) (G1 Evacuation Pause)
[1557.339s][info][gc,task        ] GC(162) Using 8 workers of 8 for evacuation
[1557.500s][info][gc,phases      ] GC(162)   Pre Evacuate Collection Set: 0.30ms
[1557.500s][info][gc,phases      ] GC(162)   Merge Heap Roots: 0.63ms
[1557.500s][info][gc,phases      ] GC(162)   Evacuate Collection Set: 159.31ms
[1557.500s][info][gc,phases      ] GC(162)   Post Evacuate Collection Set: 1.28ms
[1557.500s][info][gc,phases      ] GC(162)   Other: 0.07ms
[1557.500s][info][gc,heap        ] GC(162) Eden regions: 717->0(716)
[1557.500s][info][gc,heap        ] GC(162) Survivor regions: 51->52(96)
[1557.500s][info][gc,heap        ] GC(162) Old regions: 229->231
[1557.500s][info][gc,heap        ] GC(162) Humongous regions: 81->81
[1557.500s][info][gc,metaspace   ] GC(162) Metaspace: 29928K(30080K)->29928K(30080K) NonClass: 29928K(30080K)->29928K(30080K) Class: 0K(0K)->0K(0K)
[1557.500s][info][gc             ] GC(162) Pause Young (Normal) (G1 Evacuation Pause) 8588M->2878M(10240M) 161.745ms
[1557.501s][info][gc,cpu         ] GC(162) User=1.27s Sys=0.00s Real=0.16s
....................................[1592.532s][info][gc,start       ] GC(163) Pause Young (Normal) (G1 Evacuation Pause)
[1592.532s][info][gc,task        ] GC(163) Using 8 workers of 8 for evacuation
[1592.693s][info][gc,phases      ] GC(163)   Pre Evacuate Collection Set: 0.30ms
[1592.693s][info][gc,phases      ] GC(163)   Merge Heap Roots: 0.53ms
[1592.693s][info][gc,phases      ] GC(163)   Evacuate Collection Set: 158.69ms
[1592.693s][info][gc,phases      ] GC(163)   Post Evacuate Collection Set: 1.28ms
[1592.693s][info][gc,phases      ] GC(163)   Other: 0.07ms
[1592.693s][info][gc,heap        ] GC(163) Eden regions: 716->0(717)
[1592.693s][info][gc,heap        ] GC(163) Survivor regions: 52->51(96)
[1592.693s][info][gc,heap        ] GC(163) Old regions: 231->234
[1592.693s][info][gc,heap        ] GC(163) Humongous regions: 81->81
[1592.693s][info][gc,metaspace   ] GC(163) Metaspace: 29928K(30080K)->29928K(30080K) NonClass: 29928K(30080K)->29928K(30080K) Class: 0K(0K)->0K(0K)
[1592.693s][info][gc             ] GC(163) Pause Young (Normal) (G1 Evacuation Pause) 8606M->2893M(10240M) 161.014ms
[1592.693s][info][gc,cpu         ] GC(163) User=1.26s Sys=0.00s Real=0.16s
.............. (rIR:aIR:PR = 1384:1385:1385) (tPR = 20600) [OK] 
  1606s: Performance info:
         Transaction,    Success,    Partial,     Failed,   Receipts, AvgBarcode, 
             Overall,      83363,          0,          0,      79190,      59.48, 
         Response times:
             Request,    Success,    Partial,     Failed,   SkipFail,     Probes,    Samples,      min,      p50,      p90,      p95,      p99,      max, 
       TotalPurchase,      79190,          0,          0,          0,      76689,      84568,      300,     1200,     1800,     2000,     2500,    10700,
     InStorePurchase,      41641,          0,          0,          0,      40395,      44325,      300,     1100,     1800,     2000,     2500,    10600,
      OnlinePurchase,      29215,          0,          0,          0,      28300,      31218,      400,     1200,     1900,     2000,     2500,    10700,
        InstPurchase,       8334,          0,          0,          0,       7994,       9025,      400,     1200,     1900,     2100,     2500,    10600,
          AssocOfCat,         83,          0,          0,          0,         79,         89,    17600,    24000,    25000,    26500,    30000,    30000,
      AssocOfProduct,        833,          0,          0,          0,        693,        852,      600,     1600,     2100,     2200,     2600,     6700,
      BusinessReport,        211,          0,          0,          0,        157,        233,    19800,    27000,    31000,    34000,    45660,   189000,
          CustBuyBeh,        833,          0,          0,          0,        694,        879,      200,     1100,     1700,     1900,     2300,     2600,
       ProductReturn,       2213,          0,          0,          0,       2041,       2404,      200,     1100,     1700,     1900,     2300,    10800,

  1606s: (11%)   IR =   1522 .........|..........[1625.753s][info][gc,start       ] GC(164) Pause Young (Normal) (G1 Evacuation Pause)
[1625.753s][info][gc,task        ] GC(164) Using 8 workers of 8 for evacuation
[1625.914s][info][gc,phases      ] GC(164)   Pre Evacuate Collection Set: 0.28ms
[1625.914s][info][gc,phases      ] GC(164)   Merge Heap Roots: 0.54ms
[1625.914s][info][gc,phases      ] GC(164)   Evacuate Collection Set: 158.87ms
[1625.914s][info][gc,phases      ] GC(164)   Post Evacuate Collection Set: 1.28ms
[1625.914s][info][gc,phases      ] GC(164)   Other: 0.07ms
[1625.914s][info][gc,heap        ] GC(164) Eden regions: 717->0(717)
[1625.914s][info][gc,heap        ] GC(164) Survivor regions: 51->51(96)
[1625.914s][info][gc,heap        ] GC(164) Old regions: 234->236
[1625.914s][info][gc,heap        ] GC(164) Humongous regions: 81->81
[1625.914s][info][gc,metaspace   ] GC(164) Metaspace: 29933K(30080K)->29933K(30080K) NonClass: 29933K(30080K)->29933K(30080K) Class: 0K(0K)->0K(0K)
[1625.914s][info][gc             ] GC(164) Pause Young (Normal) (G1 Evacuation Pause) 8629M->2912M(10240M) 161.173ms
[1625.914s][info][gc,cpu         ] GC(164) User=1.27s Sys=0.00s Real=0.16s
................................[1657.968s][info][gc,start       ] GC(165) Pause Young (Normal) (G1 Evacuation Pause)
[1657.968s][info][gc,task        ] GC(165) Using 8 workers of 8 for evacuation
[1658.128s][info][gc,phases      ] GC(165)   Pre Evacuate Collection Set: 0.32ms
[1658.128s][info][gc,phases      ] GC(165)   Merge Heap Roots: 0.57ms
[1658.128s][info][gc,phases      ] GC(165)   Evacuate Collection Set: 158.06ms
[1658.128s][info][gc,phases      ] GC(165)   Post Evacuate Collection Set: 1.28ms
[1658.128s][info][gc,phases      ] GC(165)   Other: 0.10ms
[1658.128s][info][gc,heap        ] GC(165) Eden regions: 717->0(717)
[1658.128s][info][gc,heap        ] GC(165) Survivor regions: 51->51(96)
[1658.128s][info][gc,heap        ] GC(165) Old regions: 236->238
[1658.128s][info][gc,heap        ] GC(165) Humongous regions: 81->81
[1658.128s][info][gc,metaspace   ] GC(165) Metaspace: 29933K(30080K)->29933K(30080K) NonClass: 29933K(30080K)->29933K(30080K) Class: 0K(0K)->0K(0K)
[1658.129s][info][gc             ] GC(165) Pause Young (Normal) (G1 Evacuation Pause) 8648M->2927M(10240M) 160.453ms
[1658.129s][info][gc,cpu         ] GC(165) User=1.27s Sys=0.00s Real=0.16s
.................. (rIR:aIR:PR = 1522:1522:1522) (tPR = 22553) [OK] 
  1675s: Performance info:
         Transaction,    Success,    Partial,     Failed,   Receipts, AvgBarcode, 
             Overall,      91395,          0,          0,      86823,      59.47, 
         Response times:
             Request,    Success,    Partial,     Failed,   SkipFail,     Probes,    Samples,      min,      p50,      p90,      p95,      p99,      max, 
       TotalPurchase,      86823,          0,          0,          0,      84253,      98434,      400,     1300,     2000,     2200,     2600,   171000,
     InStorePurchase,      45676,          0,          0,          0,      44621,      51882,      400,     1300,     2000,     2200,     2700,   171000,
      OnlinePurchase,      32019,          0,          0,          0,      30980,      36151,      400,     1300,     2000,     2200,     2600,   167000,
        InstPurchase,       9128,          0,          0,          0,       8652,      10401,      500,     1100,     1900,     2100,     2600,   167000,
          AssocOfCat,         91,          0,          0,          0,         80,        104,    18200,    25000,    27000,    28750,    37000,    37000,
      AssocOfProduct,        907,          0,          0,          0,        801,       1053,      500,     1300,     2100,     2300,     2700,    11800,
      BusinessReport,        230,          0,          0,          0,        179,        275,    21000,    28000,    31000,    33000,    42960,    46000,
          CustBuyBeh,        920,          0,          0,          0,        779,       1045,      200,     1200,     1900,     2070,     2554,    14300,
       ProductReturn,       2424,          0,          0,          0,       2259,       2812,      200,      900,     1800,     2000,     2500,   163000,

  1675s: (12%)   IR =   1660 ....|.........[1688.717s][info][gc,start       ] GC(166) Pause Young (Normal) (G1 Evacuation Pause)
[1688.717s][info][gc,task        ] GC(166) Using 8 workers of 8 for evacuation
[1688.879s][info][gc,phases      ] GC(166)   Pre Evacuate Collection Set: 0.35ms
[1688.879s][info][gc,phases      ] GC(166)   Merge Heap Roots: 0.68ms
[1688.879s][info][gc,phases      ] GC(166)   Evacuate Collection Set: 159.37ms
[1688.879s][info][gc,phases      ] GC(166)   Post Evacuate Collection Set: 1.28ms
[1688.879s][info][gc,phases      ] GC(166)   Other: 0.09ms
[1688.879s][info][gc,heap        ] GC(166) Eden regions: 717->0(718)
[1688.879s][info][gc,heap        ] GC(166) Survivor regions: 51->50(96)
[1688.879s][info][gc,heap        ] GC(166) Old regions: 238->241
[1688.879s][info][gc,heap        ] GC(166) Humongous regions: 81->81
[1688.879s][info][gc,metaspace   ] GC(166) Metaspace: 29933K(30080K)->29933K(30080K) NonClass: 29933K(30080K)->29933K(30080K) Class: 0K(0K)->0K(0K)
[1688.879s][info][gc             ] GC(166) Pause Young (Normal) (G1 Evacuation Pause) 8663M->2942M(10240M) 161.886ms
[1688.879s][info][gc,cpu         ] GC(166) User=1.27s Sys=0.00s Real=0.16s
.............................[1718.122s][info][gc,start       ] GC(167) Pause Young (Normal) (G1 Evacuation Pause)
[1718.122s][info][gc,task        ] GC(167) Using 8 workers of 8 for evacuation
[1718.283s][info][gc,phases      ] GC(167)   Pre Evacuate Collection Set: 0.32ms
[1718.283s][info][gc,phases      ] GC(167)   Merge Heap Roots: 0.66ms
[1718.283s][info][gc,phases      ] GC(167)   Evacuate Collection Set: 159.02ms
[1718.283s][info][gc,phases      ] GC(167)   Post Evacuate Collection Set: 1.26ms
[1718.283s][info][gc,phases      ] GC(167)   Other: 0.07ms
[1718.283s][info][gc,heap        ] GC(167) Eden regions: 718->0(717)
[1718.283s][info][gc,heap        ] GC(167) Survivor regions: 50->51(96)
[1718.283s][info][gc,heap        ] GC(167) Old regions: 241->243
[1718.283s][info][gc,heap        ] GC(167) Humongous regions: 81->81
[1718.283s][info][gc,metaspace   ] GC(167) Metaspace: 29933K(30080K)->29933K(30080K) NonClass: 29933K(30080K)->29933K(30080K) Class: 0K(0K)->0K(0K)
[1718.283s][info][gc             ] GC(167) Pause Young (Normal) (G1 Evacuation Pause) 8686M->2968M(10240M) 161.469ms
[1718.283s][info][gc,cpu         ] GC(167) User=1.26s Sys=0.00s Real=0.16s
...................... (rIR:aIR:PR = 1660:1660:1660) (tPR = 24862) [OK] 
  1739s: Performance info:
         Transaction,    Success,    Partial,     Failed,   Receipts, AvgBarcode, 
             Overall,      99640,          0,          0,      94653,      59.47, 
         Response times:
             Request,    Success,    Partial,     Failed,   SkipFail,     Probes,    Samples,      min,      p50,      p90,      p95,      p99,      max, 
       TotalPurchase,      94653,          0,          0,          0,      91933,      99532,      300,     1300,     2100,     2300,     2900,   167000,
     InStorePurchase,      49832,          0,          0,          0,      48513,      52406,      400,     1300,     2100,     2300,     2800,   167000,
      OnlinePurchase,      34843,          0,          0,          0,      33927,      36692,      300,     1400,     2100,     2400,     2900,   167000,
        InstPurchase,       9978,          0,          0,          0,       9493,      10434,      500,     1500,     2200,     2400,     2900,   164000,
          AssocOfCat,        101,          0,          0,          0,         91,        105,    18400,    25000,    28000,    29000,    32940,    33000,
      AssocOfProduct,        997,          0,          0,          0,        839,       1007,      500,     1100,     2100,     2300,     2700,   164000,
      BusinessReport,        253,          0,          0,          0,        194,        254,    19400,    27000,    32000,    35000,    41250,    45000,
          CustBuyBeh,        990,          0,          0,          0,        868,       1047,      200,      900,     2000,     2200,     2600,    13500,
       ProductReturn,       2646,          0,          0,          0,       2444,       2802,      300,     1500,     2100,     2300,     2997,   167000,

  1739s: (13%)   IR =   1799 .......[1746.830s][info][gc,start       ] GC(168) Pause Young (Normal) (G1 Evacuation Pause)
[1746.830s][info][gc,task        ] GC(168) Using 8 workers of 8 for evacuation
[1746.991s][info][gc,phases      ] GC(168)   Pre Evacuate Collection Set: 0.32ms
[1746.991s][info][gc,phases      ] GC(168)   Merge Heap Roots: 0.68ms
[1746.991s][info][gc,phases      ] GC(168)   Evacuate Collection Set: 158.66ms
[1746.991s][info][gc,phases      ] GC(168)   Post Evacuate Collection Set: 1.22ms
[1746.991s][info][gc,phases      ] GC(168)   Other: 0.08ms
[1746.991s][info][gc,heap        ] GC(168) Eden regions: 717->0(717)
[1746.991s][info][gc,heap        ] GC(168) Survivor regions: 51->51(96)
[1746.991s][info][gc,heap        ] GC(168) Old regions: 243->245
[1746.991s][info][gc,heap        ] GC(168) Humongous regions: 81->81
[1746.991s][info][gc,metaspace   ] GC(168) Metaspace: 29935K(30080K)->29935K(30080K) NonClass: 29935K(30080K)->29935K(30080K) Class: 0K(0K)->0K(0K)
[1746.991s][info][gc             ] GC(168) Pause Young (Normal) (G1 Evacuation Pause) 8704M->2983M(10240M) 161.140ms
[1746.991s][info][gc,cpu         ] GC(168) User=1.26s Sys=0.00s Real=0.16s
.|..........................[1773.891s][info][gc,start       ] GC(169) Pause Young (Normal) (G1 Evacuation Pause)
[1773.891s][info][gc,task        ] GC(169) Using 8 workers of 8 for evacuation
[1774.051s][info][gc,phases      ] GC(169)   Pre Evacuate Collection Set: 0.32ms
[1774.051s][info][gc,phases      ] GC(169)   Merge Heap Roots: 0.66ms
[1774.051s][info][gc,phases      ] GC(169)   Evacuate Collection Set: 157.71ms
[1774.051s][info][gc,phases      ] GC(169)   Post Evacuate Collection Set: 1.29ms
[1774.051s][info][gc,phases      ] GC(169)   Other: 0.07ms
[1774.051s][info][gc,heap        ] GC(169) Eden regions: 717->0(718)
[1774.051s][info][gc,heap        ] GC(169) Survivor regions: 51->50(96)
[1774.051s][info][gc,heap        ] GC(169) Old regions: 245->248
[1774.051s][info][gc,heap        ] GC(169) Humongous regions: 81->81
[1774.051s][info][gc,metaspace   ] GC(169) Metaspace: 29935K(30080K)->29935K(30080K) NonClass: 29935K(30080K)->29935K(30080K) Class: 0K(0K)->0K(0K)
[1774.051s][info][gc             ] GC(169) Pause Young (Normal) (G1 Evacuation Pause) 8719M->2998M(10240M) 160.180ms
[1774.052s][info][gc,cpu         ] GC(169) User=1.26s Sys=0.00s Real=0.16s
...........................[1800.926s][info][gc,start       ] GC(170) Pause Young (Normal) (G1 Evacuation Pause)
[1800.926s][info][gc,task        ] GC(170) Using 8 workers of 8 for evacuation
[1801.090s][info][gc,phases      ] GC(170)   Pre Evacuate Collection Set: 0.29ms
[1801.090s][info][gc,phases      ] GC(170)   Merge Heap Roots: 0.55ms
[1801.090s][info][gc,phases      ] GC(170)   Evacuate Collection Set: 161.49ms
[1801.090s][info][gc,phases      ] GC(170)   Post Evacuate Collection Set: 1.23ms
[1801.090s][info][gc,phases      ] GC(170)   Other: 0.08ms
[1801.090s][info][gc,heap        ] GC(170) Eden regions: 718->0(717)
[1801.090s][info][gc,heap        ] GC(170) Survivor regions: 50->51(96)
[1801.090s][info][gc,heap        ] GC(170) Old regions: 248->250
[1801.090s][info][gc,heap        ] GC(170) Humongous regions: 81->81
[1801.090s][info][gc,metaspace   ] GC(170) Metaspace: 29936K(30080K)->29936K(30080K) NonClass: 29936K(30080K)->29936K(30080K) Class: 0K(0K)->0K(0K)
[1801.090s][info][gc             ] GC(170) Pause Young (Normal) (G1 Evacuation Pause) 8742M->3025M(10240M) 163.774ms
[1801.090s][info][gc,cpu         ] GC(170) User=1.29s Sys=0.00s Real=0.16s
....... (rIR:aIR:PR = 1799:1800:1800) (tPR = 26719) [OK] 
  1807s: Performance info:
         Transaction,    Success,    Partial,     Failed,   Receipts, AvgBarcode, 
             Overall,     108025,          0,          0,     102628,      59.48, 
         Response times:
             Request,    Success,    Partial,     Failed,   SkipFail,     Probes,    Samples,      min,      p50,      p90,      p95,      p99,      max, 
       TotalPurchase,     102628,          0,          0,          0,      99836,     114828,      300,     1400,     2300,     2500,     3200,   167000,
     InStorePurchase,      54037,          0,          0,          0,      52648,      60375,      300,     1500,     2300,     2500,     3200,   167000,
      OnlinePurchase,      37794,          0,          0,          0,      36798,      42253,      300,     1400,     2300,     2500,     3200,   167000,
        InstPurchase,      10797,          0,          0,          0,      10390,      12200,      400,     1400,     2200,     2500,     3200,   167000,
          AssocOfCat,        107,          0,          0,          0,        104,        122,    18100,    25000,    29700,    30000,    38000,    38000,
      AssocOfProduct,       1086,          0,          0,          0,        939,       1174,      500,     1400,     2400,     2700,     3325,    15200,
      BusinessReport,        266,          0,          0,          0,        209,        297,    21000,    28000,    33000,    40000,    51800,   190000,
          CustBuyBeh,       1078,          0,          0,          0,        938,       1165,      400,     1600,     2200,     2400,     3100,    11500,
       ProductReturn,       2860,          0,          0,          0,       2646,       3226,      200,     1400,     2200,     2400,     3000,   166000,

  1807s: (14%)   IR =   1937 ......|............[1826.560s][info][gc,start       ] GC(171) Pause Young (Normal) (G1 Evacuation Pause)
[1826.560s][info][gc,task        ] GC(171) Using 8 workers of 8 for evacuation
[1826.725s][info][gc,phases      ] GC(171)   Pre Evacuate Collection Set: 0.32ms
[1826.725s][info][gc,phases      ] GC(171)   Merge Heap Roots: 0.59ms
[1826.725s][info][gc,phases      ] GC(171)   Evacuate Collection Set: 163.37ms
[1826.725s][info][gc,phases      ] GC(171)   Post Evacuate Collection Set: 1.28ms
[1826.725s][info][gc,phases      ] GC(171)   Other: 0.06ms
[1826.725s][info][gc,heap        ] GC(171) Eden regions: 717->0(717)
[1826.725s][info][gc,heap        ] GC(171) Survivor regions: 51->51(96)
[1826.725s][info][gc,heap        ] GC(171) Old regions: 250->252
[1826.725s][info][gc,heap        ] GC(171) Humongous regions: 81->81
[1826.725s][info][gc,metaspace   ] GC(171) Metaspace: 29943K(30080K)->29943K(30080K) NonClass: 29943K(30080K)->29943K(30080K) Class: 0K(0K)->0K(0K)
[1826.726s][info][gc             ] GC(171) Pause Young (Normal) (G1 Evacuation Pause) 8761M->3044M(10240M) 165.773ms
[1826.726s][info][gc,cpu         ] GC(171) User=1.30s Sys=0.00s Real=0.16s
..........................[1851.838s][info][gc,start       ] GC(172) Pause Young (Normal) (G1 Evacuation Pause)
[1851.838s][info][gc,task        ] GC(172) Using 8 workers of 8 for evacuation
[1852.004s][info][gc,phases      ] GC(172)   Pre Evacuate Collection Set: 0.33ms
[1852.004s][info][gc,phases      ] GC(172)   Merge Heap Roots: 0.69ms
[1852.004s][info][gc,phases      ] GC(172)   Evacuate Collection Set: 164.07ms
[1852.004s][info][gc,phases      ] GC(172)   Post Evacuate Collection Set: 1.26ms
[1852.004s][info][gc,phases      ] GC(172)   Other: 0.07ms
[1852.004s][info][gc,heap        ] GC(172) Eden regions: 717->0(715)
[1852.004s][info][gc,heap        ] GC(172) Survivor regions: 51->53(96)
[1852.004s][info][gc,heap        ] GC(172) Old regions: 252->255
[1852.004s][info][gc,heap        ] GC(172) Humongous regions: 81->81
[1852.004s][info][gc,metaspace   ] GC(172) Metaspace: 29945K(30080K)->29945K(30080K) NonClass: 29945K(30080K)->29945K(30080K) Class: 0K(0K)->0K(0K)
[1852.004s][info][gc             ] GC(172) Pause Young (Normal) (G1 Evacuation Pause) 8780M->3074M(10240M) 166.535ms
[1852.005s][info][gc,cpu         ] GC(172) User=1.31s Sys=0.00s Real=0.16s
...................... (rIR:aIR:PR = 1937:1936:1936) (tPR = 29053) [OK] 
  1873s: Performance info:
         Transaction,    Success,    Partial,     Failed,   Receipts, AvgBarcode, 
             Overall,     116302,          0,          0,     110488,      59.47, 
         Response times:
             Request,    Success,    Partial,     Failed,   SkipFail,     Probes,    Samples,      min,      p50,      p90,      p95,      p99,      max, 
       TotalPurchase,     110488,          0,          0,          0,     107440,     119874,      300,     1500,     2400,     2600,     3300,   170000,
     InStorePurchase,      58131,          0,          0,          0,      56491,      62947,      400,     1500,     2400,     2600,     3200,   170000,
      OnlinePurchase,      40729,          0,          0,          0,      39809,      44345,      300,     1600,     2400,     2600,     3300,   169000,
        InstPurchase,      11628,          0,          0,          0,      11140,      12582,      400,     1600,     2400,     2700,     3400,   170000,
          AssocOfCat,        116,          0,          0,          0,        112,        128,    18700,    25000,    30000,    31550,   153860,   202000,
      AssocOfProduct,       1157,          0,          0,          0,       1005,       1231,      400,     1900,     2700,     2900,     3500,    14200,
      BusinessReport,        293,          0,          0,          0,        212,        291,    22000,    28000,    36000,    41000,    47320,   197000,
          CustBuyBeh,       1167,          0,          0,          0,       1050,       1267,      200,      900,     2200,     2400,     3100,    16400,
       ProductReturn,       3081,          0,          0,          0,       2840,       3383,      200,      900,     2000,     2300,     3116,    22000,

  1873s: (15%)   IR =   2076 ..[1876.669s][info][gc,start       ] GC(173) Pause Young (Normal) (G1 Evacuation Pause)
[1876.669s][info][gc,task        ] GC(173) Using 8 workers of 8 for evacuation
[1876.832s][info][gc,phases      ] GC(173)   Pre Evacuate Collection Set: 0.31ms
[1876.832s][info][gc,phases      ] GC(173)   Merge Heap Roots: 0.59ms
[1876.832s][info][gc,phases      ] GC(173)   Evacuate Collection Set: 161.33ms
[1876.832s][info][gc,phases      ] GC(173)   Post Evacuate Collection Set: 1.28ms
[1876.832s][info][gc,phases      ] GC(173)   Other: 0.08ms
[1876.832s][info][gc,heap        ] GC(173) Eden regions: 715->0(716)
[1876.832s][info][gc,heap        ] GC(173) Survivor regions: 53->52(96)
[1876.832s][info][gc,heap        ] GC(173) Old regions: 255->258
[1876.832s][info][gc,heap        ] GC(173) Humongous regions: 81->81
[1876.832s][info][gc,metaspace   ] GC(173) Metaspace: 29949K(30144K)->29949K(30144K) NonClass: 29949K(30144K)->29949K(30144K) Class: 0K(0K)->0K(0K)
[1876.832s][info][gc             ] GC(173) Pause Young (Normal) (G1 Evacuation Pause) 8794M->3093M(10240M) 163.744ms
[1876.833s][info][gc,cpu         ] GC(173) User=1.29s Sys=0.00s Real=0.16s
......|..................[1900.158s][info][gc,start       ] GC(174) Pause Young (Normal) (G1 Evacuation Pause)
[1900.158s][info][gc,task        ] GC(174) Using 8 workers of 8 for evacuation
[1900.320s][info][gc,phases      ] GC(174)   Pre Evacuate Collection Set: 0.31ms
[1900.320s][info][gc,phases      ] GC(174)   Merge Heap Roots: 0.60ms
[1900.320s][info][gc,phases      ] GC(174)   Evacuate Collection Set: 159.92ms
[1900.320s][info][gc,phases      ] GC(174)   Post Evacuate Collection Set: 1.22ms
[1900.320s][info][gc,phases      ] GC(174)   Other: 0.07ms
[1900.320s][info][gc,heap        ] GC(174) Eden regions: 716->0(717)
[1900.320s][info][gc,heap        ] GC(174) Survivor regions: 52->51(96)
[1900.320s][info][gc,heap        ] GC(174) Old regions: 258->260
[1900.320s][info][gc,heap        ] GC(174) Humongous regions: 81->81
[1900.320s][info][gc,metaspace   ] GC(174) Metaspace: 29949K(30144K)->29949K(30144K) NonClass: 29949K(30144K)->29949K(30144K) Class: 0K(0K)->0K(0K)
[1900.320s][info][gc             ] GC(174) Pause Young (Normal) (G1 Evacuation Pause) 8821M->3100M(10240M) 162.261ms
[1900.320s][info][gc,cpu         ] GC(174) User=1.28s Sys=0.01s Real=0.16s
.......................[1923.591s][info][gc,start       ] GC(175) Pause Young (Normal) (G1 Evacuation Pause)
[1923.591s][info][gc,task        ] GC(175) Using 8 workers of 8 for evacuation
[1923.755s][info][gc,phases      ] GC(175)   Pre Evacuate Collection Set: 0.30ms
[1923.755s][info][gc,phases      ] GC(175)   Merge Heap Roots: 0.60ms
[1923.755s][info][gc,phases      ] GC(175)   Evacuate Collection Set: 161.93ms
[1923.755s][info][gc,phases      ] GC(175)   Post Evacuate Collection Set: 1.30ms
[1923.755s][info][gc,phases      ] GC(175)   Other: 0.07ms
[1923.755s][info][gc,heap        ] GC(175) Eden regions: 717->0(717)
[1923.755s][info][gc,heap        ] GC(175) Survivor regions: 51->51(96)
[1923.755s][info][gc,heap        ] GC(175) Old regions: 260->262
[1923.755s][info][gc,heap        ] GC(175) Humongous regions: 81->81
[1923.755s][info][gc,metaspace   ] GC(175) Metaspace: 29949K(30144K)->29949K(30144K) NonClass: 29949K(30144K)->29949K(30144K) Class: 0K(0K)->0K(0K)
[1923.755s][info][gc             ] GC(175) Pause Young (Normal) (G1 Evacuation Pause) 8836M->3123M(10240M) 164.347ms
[1923.755s][info][gc,cpu         ] GC(175) User=1.29s Sys=0.00s Real=0.16s
................... (rIR:aIR:PR = 2076:2075:2075) (tPR = 31095) [OK] 
  1941s: Performance info:
         Transaction,    Success,    Partial,     Failed,   Receipts, AvgBarcode, 
             Overall,     124566,          0,          0,     118335,      59.48, 
         Response times:
             Request,    Success,    Partial,     Failed,   SkipFail,     Probes,    Samples,      min,      p50,      p90,      p95,      p99,      max, 
       TotalPurchase,     118335,          0,          0,          0,     115028,     132247,      300,     1600,     2500,     2800,     3700,   174000,
     InStorePurchase,      62259,          0,          0,          0,      60665,      69540,      400,     1500,     2500,     2700,     3700,   168000,
      OnlinePurchase,      43620,          0,          0,          0,      42445,      48817,      300,     1600,     2500,     2800,     3700,   174000,
        InstPurchase,      12456,          0,          0,          0,      11918,      13890,      500,     1700,     2600,     2900,     3809,   170000,
          AssocOfCat,        123,          0,          0,          0,         96,        148,    18300,    26000,    29000,    30000,    38510,    39000,
      AssocOfProduct,       1252,          0,          0,          0,       1148,       1503,      600,     2300,     2900,     3200,    12168,    17700,
      BusinessReport,        309,          0,          0,          0,        231,        332,    22000,    28000,    34000,    36350,   144700,   202000,
          CustBuyBeh,       1247,          0,          0,          0,       1064,       1350,      100,     1400,     2400,     2700,     3800,    18100,
       ProductReturn,       3300,          0,          0,          0,       3018,       3677,      200,     1500,     2500,     2700,     3922,   167000,

  1941s: (16%)   IR =   2214 ....[1946.752s][info][gc,start       ] GC(176) Pause Young (Normal) (G1 Evacuation Pause)
[1946.752s][info][gc,task        ] GC(176) Using 8 workers of 8 for evacuation
[1946.917s][info][gc,phases      ] GC(176)   Pre Evacuate Collection Set: 0.29ms
[1946.917s][info][gc,phases      ] GC(176)   Merge Heap Roots: 0.63ms
[1946.917s][info][gc,phases      ] GC(176)   Evacuate Collection Set: 163.01ms
[1946.917s][info][gc,phases      ] GC(176)   Post Evacuate Collection Set: 1.30ms
[1946.917s][info][gc,phases      ] GC(176)   Other: 0.08ms
[1946.917s][info][gc,heap        ] GC(176) Eden regions: 717->0(716)
[1946.917s][info][gc,heap        ] GC(176) Survivor regions: 51->52(96)
[1946.917s][info][gc,heap        ] GC(176) Old regions: 262->265
[1946.917s][info][gc,heap        ] GC(176) Humongous regions: 81->81
[1946.917s][info][gc,metaspace   ] GC(176) Metaspace: 29952K(30144K)->29952K(30144K) NonClass: 29952K(30144K)->29952K(30144K) Class: 0K(0K)->0K(0K)
[1946.917s][info][gc             ] GC(176) Pause Young (Normal) (G1 Evacuation Pause) 8859M->3146M(10240M) 165.456ms
[1946.917s][info][gc,cpu         ] GC(176) User=1.30s Sys=0.00s Real=0.17s
.....|.................[1968.792s][info][gc,start       ] GC(177) Pause Young (Normal) (G1 Evacuation Pause)
[1968.792s][info][gc,task        ] GC(177) Using 8 workers of 8 for evacuation
[1968.954s][info][gc,phases      ] GC(177)   Pre Evacuate Collection Set: 0.32ms
[1968.954s][info][gc,phases      ] GC(177)   Merge Heap Roots: 0.61ms
[1968.954s][info][gc,phases      ] GC(177)   Evacuate Collection Set: 159.31ms
[1968.954s][info][gc,phases      ] GC(177)   Post Evacuate Collection Set: 1.27ms
[1968.954s][info][gc,phases      ] GC(177)   Other: 0.08ms
[1968.954s][info][gc,heap        ] GC(177) Eden regions: 716->0(717)
[1968.954s][info][gc,heap        ] GC(177) Survivor regions: 52->51(96)
[1968.954s][info][gc,heap        ] GC(177) Old regions: 265->267
[1968.954s][info][gc,heap        ] GC(177) Humongous regions: 81->81
[1968.954s][info][gc,metaspace   ] GC(177) Metaspace: 29952K(30144K)->29952K(30144K) NonClass: 29952K(30144K)->29952K(30144K) Class: 0K(0K)->0K(0K)
[1968.954s][info][gc             ] GC(177) Pause Young (Normal) (G1 Evacuation Pause) 8874M->3157M(10240M) 161.724ms
[1968.954s][info][gc,cpu         ] GC(177) User=1.27s Sys=0.00s Real=0.16s
......................[1990.788s][info][gc,start       ] GC(178) Pause Young (Normal) (G1 Evacuation Pause)
[1990.788s][info][gc,task        ] GC(178) Using 8 workers of 8 for evacuation
[1990.950s][info][gc,phases      ] GC(178)   Pre Evacuate Collection Set: 0.30ms
[1990.950s][info][gc,phases      ] GC(178)   Merge Heap Roots: 0.56ms
[1990.950s][info][gc,phases      ] GC(178)   Evacuate Collection Set: 160.28ms
[1990.950s][info][gc,phases      ] GC(178)   Post Evacuate Collection Set: 1.25ms
[1990.950s][info][gc,phases      ] GC(178)   Other: 0.07ms
[1990.950s][info][gc,heap        ] GC(178) Eden regions: 717->0(717)
[1990.950s][info][gc,heap        ] GC(178) Survivor regions: 51->51(96)
[1990.950s][info][gc,heap        ] GC(178) Old regions: 267->269
[1990.950s][info][gc,heap        ] GC(178) Humongous regions: 81->81
[1990.950s][info][gc,metaspace   ] GC(178) Metaspace: 29952K(30144K)->29952K(30144K) NonClass: 29952K(30144K)->29952K(30144K) Class: 0K(0K)->0K(0K)
[1990.950s][info][gc             ] GC(178) Pause Young (Normal) (G1 Evacuation Pause) 8893M->3178M(10240M) 162.602ms
[1990.950s][info][gc,cpu         ] GC(178) User=1.28s Sys=0.00s Real=0.16s
..................... (rIR:aIR:PR = 2214:2215:2215) (tPR = 32785) [OK] 
  2010s: Performance info:
         Transaction,    Success,    Partial,     Failed,   Receipts, AvgBarcode, 
             Overall,     133038,          0,          0,     126404,      59.48, 
         Response times:
             Request,    Success,    Partial,     Failed,   SkipFail,     Probes,    Samples,      min,      p50,      p90,      p95,      p99,      max, 
       TotalPurchase,     126404,          0,          0,          0,     122420,     143133,      300,     1700,     2700,     3000,     3800,   173000,
     InStorePurchase,      66488,          0,          0,          0,      64378,      74882,      400,     1700,     2700,     2900,     3800,   173000,
      OnlinePurchase,      46588,          0,          0,          0,      45390,      53327,      300,     1600,     2700,     3000,     3700,   173000,
        InstPurchase,      13328,          0,          0,          0,      12652,      14924,      400,     1800,     2800,     3000,     3800,   173000,
          AssocOfCat,        134,          0,          0,          0,         89,        134,    17600,    26000,    29000,    32250,    46950,    48000,
      AssocOfProduct,       1327,          0,          0,          0,       1163,       1484,      400,     1300,     2700,     3000,     3600,   169000,
      BusinessReport,        330,          0,          0,          0,        245,        348,    24000,    28000,    34000,    36000,    47000,   196000,
          CustBuyBeh,       1332,          0,          0,          0,       1164,       1466,      100,      600,     1630,     2000,     2900,   169000,
       ProductReturn,       3511,          0,          0,          0,       3215,       3949,      200,     1700,     2700,     2900,     3700,   170000,

  2010s: (17%)   IR =   2352 .[2012.648s][info][gc,start       ] GC(179) Pause Young (Normal) (G1 Evacuation Pause)
[2012.648s][info][gc,task        ] GC(179) Using 8 workers of 8 for evacuation
[2012.810s][info][gc,phases      ] GC(179)   Pre Evacuate Collection Set: 0.31ms
[2012.810s][info][gc,phases      ] GC(179)   Merge Heap Roots: 0.60ms
[2012.810s][info][gc,phases      ] GC(179)   Evacuate Collection Set: 160.11ms
[2012.810s][info][gc,phases      ] GC(179)   Post Evacuate Collection Set: 1.24ms
[2012.810s][info][gc,phases      ] GC(179)   Other: 0.06ms
[2012.810s][info][gc,heap        ] GC(179) Eden regions: 717->0(717)
[2012.810s][info][gc,heap        ] GC(179) Survivor regions: 51->51(96)
[2012.810s][info][gc,heap        ] GC(179) Old regions: 269->272
[2012.810s][info][gc,heap        ] GC(179) Humongous regions: 81->81
[2012.810s][info][gc,metaspace   ] GC(179) Metaspace: 29952K(30144K)->29952K(30144K) NonClass: 29952K(30144K)->29952K(30144K) Class: 0K(0K)->0K(0K)
[2012.810s][info][gc             ] GC(179) Pause Young (Normal) (G1 Evacuation Pause) 8914M->3194M(10240M) 162.466ms
[2012.810s][info][gc,cpu         ] GC(179) User=1.28s Sys=0.00s Real=0.16s
.......|..............[2033.276s][info][gc,start       ] GC(180) Pause Young (Normal) (G1 Evacuation Pause)
[2033.276s][info][gc,task        ] GC(180) Using 8 workers of 8 for evacuation
[2033.440s][info][gc,phases      ] GC(180)   Pre Evacuate Collection Set: 0.32ms
[2033.440s][info][gc,phases      ] GC(180)   Merge Heap Roots: 0.58ms
[2033.440s][info][gc,phases      ] GC(180)   Evacuate Collection Set: 161.35ms
[2033.440s][info][gc,phases      ] GC(180)   Post Evacuate Collection Set: 1.25ms
[2033.440s][info][gc,phases      ] GC(180)   Other: 0.08ms
[2033.440s][info][gc,heap        ] GC(180) Eden regions: 717->0(716)
[2033.440s][info][gc,heap        ] GC(180) Survivor regions: 51->52(96)
[2033.440s][info][gc,heap        ] GC(180) Old regions: 272->274
[2033.440s][info][gc,heap        ] GC(180) Humongous regions: 81->81
[2033.440s][info][gc,metaspace   ] GC(180) Metaspace: 29952K(30144K)->29952K(30144K) NonClass: 29952K(30144K)->29952K(30144K) Class: 0K(0K)->0K(0K)
[2033.440s][info][gc             ] GC(180) Pause Young (Normal) (G1 Evacuation Pause) 8930M->3220M(10240M) 163.740ms
[2033.440s][info][gc,cpu         ] GC(180) User=1.29s Sys=0.00s Real=0.16s
....................[2053.961s][info][gc,start       ] GC(181) Pause Young (Normal) (G1 Evacuation Pause)
[2053.961s][info][gc,task        ] GC(181) Using 8 workers of 8 for evacuation
[2054.124s][info][gc,phases      ] GC(181)   Pre Evacuate Collection Set: 0.32ms
[2054.125s][info][gc,phases      ] GC(181)   Merge Heap Roots: 0.67ms
[2054.125s][info][gc,phases      ] GC(181)   Evacuate Collection Set: 160.67ms
[2054.125s][info][gc,phases      ] GC(181)   Post Evacuate Collection Set: 1.26ms
[2054.125s][info][gc,phases      ] GC(181)   Other: 0.08ms
[2054.125s][info][gc,heap        ] GC(181) Eden regions: 716->0(717)
[2054.125s][info][gc,heap        ] GC(181) Survivor regions: 52->51(96)
[2054.125s][info][gc,heap        ] GC(181) Old regions: 274->276
[2054.125s][info][gc,heap        ] GC(181) Humongous regions: 81->81
[2054.125s][info][gc,metaspace   ] GC(181) Metaspace: 29952K(30144K)->29952K(30144K) NonClass: 29952K(30144K)->29952K(30144K) Class: 0K(0K)->0K(0K)
[2054.125s][info][gc             ] GC(181) Pause Young (Normal) (G1 Evacuation Pause) 8948M->3230M(10240M) 163.166ms
[2054.125s][info][gc,cpu         ] GC(181) User=1.28s Sys=0.00s Real=0.16s
.....................[2074.554s][info][gc,start       ] GC(182) Pause Young (Normal) (G1 Evacuation Pause)
[2074.554s][info][gc,task        ] GC(182) Using 8 workers of 8 for evacuation
[2074.715s][info][gc,phases      ] GC(182)   Pre Evacuate Collection Set: 0.30ms
[2074.715s][info][gc,phases      ] GC(182)   Merge Heap Roots: 0.54ms
[2074.715s][info][gc,phases      ] GC(182)   Evacuate Collection Set: 159.37ms
[2074.715s][info][gc,phases      ] GC(182)   Post Evacuate Collection Set: 1.26ms
[2074.715s][info][gc,phases      ] GC(182)   Other: 0.07ms
[2074.715s][info][gc,heap        ] GC(182) Eden regions: 717->0(717)
[2074.715s][info][gc,heap        ] GC(182) Survivor regions: 51->51(96)
[2074.715s][info][gc,heap        ] GC(182) Old regions: 276->279
[2074.715s][info][gc,heap        ] GC(182) Humongous regions: 81->81
[2074.715s][info][gc,metaspace   ] GC(182) Metaspace: 29952K(30144K)->29952K(30144K) NonClass: 29952K(30144K)->29952K(30144K) Class: 0K(0K)->0K(0K)
[2074.715s][info][gc             ] GC(182) Pause Young (Normal) (G1 Evacuation Pause) 8966M->3248M(10240M) 161.678ms
[2074.715s][info][gc,cpu         ] GC(182) User=1.27s Sys=0.00s Real=0.16s
..... (rIR:aIR:PR = 2352:2352:2352) (tPR = 34999) [OK] 
  2078s: Performance info:
         Transaction,    Success,    Partial,     Failed,   Receipts, AvgBarcode, 
             Overall,     141399,          0,          0,     134327,      59.47, 
         Response times:
             Request,    Success,    Partial,     Failed,   SkipFail,     Probes,    Samples,      min,      p50,      p90,      p95,      p99,      max, 
       TotalPurchase,     134327,          0,          0,          0,     130815,     150150,      300,     1700,     2800,     3100,     5300,   171000,
     InStorePurchase,      70713,          0,          0,          0,      68982,      78854,      300,     1800,     2800,     3100,     5500,   169000,
      OnlinePurchase,      49467,          0,          0,          0,      48288,      55463,      300,     1800,     2800,     3100,     5100,   171000,
        InstPurchase,      14147,          0,          0,          0,      13545,      15833,      500,     1500,     2800,     3100,     4900,   169000,
          AssocOfCat,        143,          0,          0,          0,        101,        161,    19000,    26000,    31000,    38800,   199760,   201000,
      AssocOfProduct,       1418,          0,          0,          0,       1223,       1538,      700,     2400,     3200,     3500,    10283,   168000,
      BusinessReport,        356,          0,          0,          0,        281,        389,    24000,    29000,    37000,    39000,    60400,   204000,
          CustBuyBeh,       1415,          0,          0,          0,       1229,       1540,      300,     1900,     2800,     3095,    12900,    28000,
       ProductReturn,       3740,          0,          0,          0,       3542,       4290,      200,     1600,     2700,     3000,     4018,   168000,

  2078s: (18%)   IR =   2491 .......|........[2094.381s][info][gc,start       ] GC(183) Pause Young (Normal) (G1 Evacuation Pause)
[2094.381s][info][gc,task        ] GC(183) Using 8 workers of 8 for evacuation
[2094.542s][info][gc,phases      ] GC(183)   Pre Evacuate Collection Set: 0.32ms
[2094.542s][info][gc,phases      ] GC(183)   Merge Heap Roots: 0.55ms
[2094.542s][info][gc,phases      ] GC(183)   Evacuate Collection Set: 159.05ms
[2094.542s][info][gc,phases      ] GC(183)   Post Evacuate Collection Set: 1.26ms
[2094.542s][info][gc,phases      ] GC(183)   Other: 0.08ms
[2094.542s][info][gc,heap        ] GC(183) Eden regions: 717->0(717)
[2094.542s][info][gc,heap        ] GC(183) Survivor regions: 51->51(96)
[2094.542s][info][gc,heap        ] GC(183) Old regions: 279->281
[2094.542s][info][gc,heap        ] GC(183) Humongous regions: 81->81
[2094.542s][info][gc,metaspace   ] GC(183) Metaspace: 29952K(30144K)->29952K(30144K) NonClass: 29952K(30144K)->29952K(30144K) Class: 0K(0K)->0K(0K)
[2094.542s][info][gc             ] GC(183) Pause Young (Normal) (G1 Evacuation Pause) 8984M->3267M(10240M) 161.394ms
[2094.542s][info][gc,cpu         ] GC(183) User=1.26s Sys=0.00s Real=0.16s
...................[2113.884s][info][gc,start       ] GC(184) Pause Young (Normal) (G1 Evacuation Pause)
[2113.884s][info][gc,task        ] GC(184) Using 8 workers of 8 for evacuation
[2114.047s][info][gc,phases      ] GC(184)   Pre Evacuate Collection Set: 0.29ms
[2114.047s][info][gc,phases      ] GC(184)   Merge Heap Roots: 0.59ms
[2114.047s][info][gc,phases      ] GC(184)   Evacuate Collection Set: 160.55ms
[2114.047s][info][gc,phases      ] GC(184)   Post Evacuate Collection Set: 1.27ms
[2114.047s][info][gc,phases      ] GC(184)   Other: 0.07ms
[2114.047s][info][gc,heap        ] GC(184) Eden regions: 717->0(717)
[2114.047s][info][gc,heap        ] GC(184) Survivor regions: 51->51(96)
[2114.047s][info][gc,heap        ] GC(184) Old regions: 281->283
[2114.047s][info][gc,heap        ] GC(184) Humongous regions: 81->81
[2114.047s][info][gc,metaspace   ] GC(184) Metaspace: 29952K(30144K)->29952K(30144K) NonClass: 29952K(30144K)->29952K(30144K) Class: 0K(0K)->0K(0K)
[2114.047s][info][gc             ] GC(184) Pause Young (Normal) (G1 Evacuation Pause) 9003M->3285M(10240M) 162.897ms
[2114.047s][info][gc,cpu         ] GC(184) User=1.28s Sys=0.01s Real=0.17s
....................[2133.349s][info][gc,start       ] GC(185) Pause Young (Normal) (G1 Evacuation Pause)
[2133.349s][info][gc,task        ] GC(185) Using 8 workers of 8 for evacuation
[2133.510s][info][gc,phases      ] GC(185)   Pre Evacuate Collection Set: 0.34ms
[2133.510s][info][gc,phases      ] GC(185)   Merge Heap Roots: 0.62ms
[2133.510s][info][gc,phases      ] GC(185)   Evacuate Collection Set: 158.63ms
[2133.510s][info][gc,phases      ] GC(185)   Post Evacuate Collection Set: 1.29ms
[2133.510s][info][gc,phases      ] GC(185)   Other: 0.10ms
[2133.510s][info][gc,heap        ] GC(185) Eden regions: 717->0(717)
[2133.510s][info][gc,heap        ] GC(185) Survivor regions: 51->51(96)
[2133.510s][info][gc,heap        ] GC(185) Old regions: 283->285
[2133.510s][info][gc,heap        ] GC(185) Humongous regions: 81->81
[2133.510s][info][gc,metaspace   ] GC(185) Metaspace: 29952K(30144K)->29952K(30144K) NonClass: 29952K(30144K)->29952K(30144K) Class: 0K(0K)->0K(0K)
[2133.510s][info][gc             ] GC(185) Pause Young (Normal) (G1 Evacuation Pause) 9021M->3304M(10240M) 161.116ms
[2133.510s][info][gc,cpu         ] GC(185) User=1.27s Sys=0.00s Real=0.16s
............. (rIR:aIR:PR = 2491:2489:2489) (tPR = 36769) [OK] 
  2145s: Performance info:
         Transaction,    Success,    Partial,     Failed,   Receipts, AvgBarcode, 
             Overall,     149417,          0,          0,     141947,      59.48, 
         Response times:
             Request,    Success,    Partial,     Failed,   SkipFail,     Probes,    Samples,      min,      p50,      p90,      p95,      p99,      max, 
       TotalPurchase,     141947,          0,          0,          0,     138357,     155922,      400,     1800,     3000,     3200,     4700,   173000,
     InStorePurchase,      74670,          0,          0,          0,      72866,      81786,      400,     1800,     2900,     3200,     4700,   170000,
      OnlinePurchase,      52304,          0,          0,          0,      51136,      57669,      400,     1800,     2900,     3200,     4500,   173000,
        InstPurchase,      14973,          0,          0,          0,      14355,      16467,      500,     2000,     3100,     3300,     4932,   171000,
          AssocOfCat,        148,          0,          0,          0,        113,        165,    17900,    26000,    30000,    31700,    90020,   191000,
      AssocOfProduct,       1495,          0,          0,          0,       1338,       1663,      600,     2000,     3000,     3300,     4172,   164000,
      BusinessReport,        372,          0,          0,          0,        283,        404,    24000,    29000,    35000,    37000,    46950,    65000,
          CustBuyBeh,       1497,          0,          0,          0,       1308,       1610,      200,     1800,     2700,     3100,     5278,   168000,
       ProductReturn,       3958,          0,          0,          0,       3633,       4291,      200,     1800,     2900,     3200,     5508,   168000,

  2145s: (19%)   IR =   2629 ......[2152.494s][info][gc,start       ] GC(186) Pause Young (Normal) (G1 Evacuation Pause)
[2152.494s][info][gc,task        ] GC(186) Using 8 workers of 8 for evacuation
[2152.657s][info][gc,phases      ] GC(186)   Pre Evacuate Collection Set: 0.29ms
[2152.657s][info][gc,phases      ] GC(186)   Merge Heap Roots: 0.54ms
[2152.657s][info][gc,phases      ] GC(186)   Evacuate Collection Set: 160.43ms
[2152.657s][info][gc,phases      ] GC(186)   Post Evacuate Collection Set: 1.30ms
[2152.657s][info][gc,phases      ] GC(186)   Other: 0.07ms
[2152.657s][info][gc,heap        ] GC(186) Eden regions: 717->0(717)
[2152.657s][info][gc,heap        ] GC(186) Survivor regions: 51->51(96)
[2152.657s][info][gc,heap        ] GC(186) Old regions: 285->288
[2152.657s][info][gc,heap        ] GC(186) Humongous regions: 81->81
[2152.657s][info][gc,metaspace   ] GC(186) Metaspace: 29952K(30144K)->29952K(30144K) NonClass: 29952K(30144K)->29952K(30144K) Class: 0K(0K)->0K(0K)
[2152.657s][info][gc             ] GC(186) Pause Young (Normal) (G1 Evacuation Pause) 9040M->3323M(10240M) 162.754ms
[2152.657s][info][gc,cpu         ] GC(186) User=1.28s Sys=0.00s Real=0.17s
..|................[2170.976s][info][gc,start       ] GC(187) Pause Young (Normal) (G1 Evacuation Pause)
[2170.976s][info][gc,task        ] GC(187) Using 8 workers of 8 for evacuation
[2171.139s][info][gc,phases      ] GC(187)   Pre Evacuate Collection Set: 0.29ms
[2171.139s][info][gc,phases      ] GC(187)   Merge Heap Roots: 0.56ms
[2171.139s][info][gc,phases      ] GC(187)   Evacuate Collection Set: 160.80ms
[2171.139s][info][gc,phases      ] GC(187)   Post Evacuate Collection Set: 1.30ms
[2171.139s][info][gc,phases      ] GC(187)   Other: 0.08ms
[2171.139s][info][gc,heap        ] GC(187) Eden regions: 717->0(717)
[2171.139s][info][gc,heap        ] GC(187) Survivor regions: 51->51(96)
[2171.139s][info][gc,heap        ] GC(187) Old regions: 288->290
[2171.139s][info][gc,heap        ] GC(187) Humongous regions: 81->81
[2171.139s][info][gc,metaspace   ] GC(187) Metaspace: 29952K(30144K)->29952K(30144K) NonClass: 29952K(30144K)->29952K(30144K) Class: 0K(0K)->0K(0K)
[2171.139s][info][gc             ] GC(187) Pause Young (Normal) (G1 Evacuation Pause) 9059M->3345M(10240M) 163.166ms
[2171.139s][info][gc,cpu         ] GC(187) User=1.28s Sys=0.00s Real=0.16s
...................[2189.497s][info][gc,start       ] GC(188) Pause Young (Normal) (G1 Evacuation Pause)
[2189.497s][info][gc,task        ] GC(188) Using 8 workers of 8 for evacuation
[2189.659s][info][gc,phases      ] GC(188)   Pre Evacuate Collection Set: 0.33ms
[2189.659s][info][gc,phases      ] GC(188)   Merge Heap Roots: 0.61ms
[2189.659s][info][gc,phases      ] GC(188)   Evacuate Collection Set: 159.99ms
[2189.659s][info][gc,phases      ] GC(188)   Post Evacuate Collection Set: 1.30ms
[2189.659s][info][gc,phases      ] GC(188)   Other: 0.07ms
[2189.659s][info][gc,heap        ] GC(188) Eden regions: 717->0(717)
[2189.659s][info][gc,heap        ] GC(188) Survivor regions: 51->51(96)
[2189.659s][info][gc,heap        ] GC(188) Old regions: 290->293
[2189.659s][info][gc,heap        ] GC(188) Humongous regions: 81->81
[2189.659s][info][gc,metaspace   ] GC(188) Metaspace: 29952K(30144K)->29952K(30144K) NonClass: 29952K(30144K)->29952K(30144K) Class: 0K(0K)->0K(0K)
[2189.659s][info][gc             ] GC(188) Pause Young (Normal) (G1 Evacuation Pause) 9081M->3364M(10240M) 162.445ms
[2189.659s][info][gc,cpu         ] GC(188) User=1.28s Sys=0.00s Real=0.16s
..................[2207.898s][info][gc,start       ] GC(189) Pause Young (Normal) (G1 Evacuation Pause)
[2207.898s][info][gc,task        ] GC(189) Using 8 workers of 8 for evacuation
[2208.059s][info][gc,phases      ] GC(189)   Pre Evacuate Collection Set: 0.29ms
[2208.059s][info][gc,phases      ] GC(189)   Merge Heap Roots: 0.56ms
[2208.059s][info][gc,phases      ] GC(189)   Evacuate Collection Set: 158.81ms
[2208.059s][info][gc,phases      ] GC(189)   Post Evacuate Collection Set: 1.27ms
[2208.059s][info][gc,phases      ] GC(189)   Other: 0.07ms
[2208.059s][info][gc,heap        ] GC(189) Eden regions: 717->0(717)
[2208.059s][info][gc,heap        ] GC(189) Survivor regions: 51->51(96)
[2208.059s][info][gc,heap        ] GC(189) Old regions: 293->295
[2208.059s][info][gc,heap        ] GC(189) Humongous regions: 81->81
[2208.059s][info][gc,metaspace   ] GC(189) Metaspace: 29952K(30144K)->29952K(30144K) NonClass: 29952K(30144K)->29952K(30144K) Class: 0K(0K)->0K(0K)
[2208.059s][info][gc             ] GC(189) Pause Young (Normal) (G1 Evacuation Pause) 9100M->3379M(10240M) 161.118ms
[2208.059s][info][gc,cpu         ] GC(189) User=1.27s Sys=0.00s Real=0.16s
....... (rIR:aIR:PR = 2629:2630:2630) (tPR = 38682) [OK] 
  2214s: Performance info:
         Transaction,    Success,    Partial,     Failed,   Receipts, AvgBarcode, 
             Overall,     157854,          0,          0,     149978,      59.48, 
         Response times:
             Request,    Success,    Partial,     Failed,   SkipFail,     Probes,    Samples,      min,      p50,      p90,      p95,      p99,      max, 
       TotalPurchase,     149978,          0,          0,          0,     146236,     167147,      300,     1900,     3100,     3400,     5800,   170000,
     InStorePurchase,      78929,          0,          0,          0,      77120,      87807,      400,     1800,     3100,     3400,     5700,   168000,
      OnlinePurchase,      55229,          0,          0,          0,      53991,      61817,      300,     2000,     3100,     3400,     5900,   170000,
        InstPurchase,      15820,          0,          0,          0,      15125,      17523,      500,     1900,     3100,     3400,     6100,   170000,
          AssocOfCat,        158,          0,          0,          0,        117,        179,    19100,    26000,    30000,    33000,    42600,    45000,
      AssocOfProduct,       1569,          0,          0,          0,       1431,       1804,      700,     2300,     3500,     3800,     8535,   167000,
      BusinessReport,        393,          0,          0,          0,        314,        426,    21000,    29000,    35000,    37000,    59650,   216000,
          CustBuyBeh,       1575,          0,          0,          0,       1387,       1710,      200,     1900,     3000,     3400,    12345,   165000,
       ProductReturn,       4181,          0,          0,          0,       3894,       4730,      200,     1600,     3000,     3300,     5900,    33000,

  2214s: (20%)   IR =   2767 .....|......[2225.835s][info][gc,start       ] GC(190) Pause Young (Normal) (G1 Evacuation Pause)
[2225.835s][info][gc,task        ] GC(190) Using 8 workers of 8 for evacuation
[2225.998s][info][gc,phases      ] GC(190)   Pre Evacuate Collection Set: 0.33ms
[2225.998s][info][gc,phases      ] GC(190)   Merge Heap Roots: 0.68ms
[2225.998s][info][gc,phases      ] GC(190)   Evacuate Collection Set: 160.69ms
[2225.998s][info][gc,phases      ] GC(190)   Post Evacuate Collection Set: 1.29ms
[2225.998s][info][gc,phases      ] GC(190)   Other: 0.07ms
[2225.998s][info][gc,heap        ] GC(190) Eden regions: 717->0(717)
[2225.998s][info][gc,heap        ] GC(190) Survivor regions: 51->51(96)
[2225.998s][info][gc,heap        ] GC(190) Old regions: 295->297
[2225.998s][info][gc,heap        ] GC(190) Humongous regions: 81->81
[2225.998s][info][gc,metaspace   ] GC(190) Metaspace: 29952K(30144K)->29952K(30144K) NonClass: 29952K(30144K)->29952K(30144K) Class: 0K(0K)->0K(0K)
[2225.998s][info][gc             ] GC(190) Pause Young (Normal) (G1 Evacuation Pause) 9115M->3401M(10240M) 163.222ms
[2225.999s][info][gc,cpu         ] GC(190) User=1.28s Sys=0.00s Real=0.17s
..................[2243.360s][info][gc,start       ] GC(191) Pause Young (Normal) (G1 Evacuation Pause)
[2243.360s][info][gc,task        ] GC(191) Using 8 workers of 8 for evacuation
[2243.522s][info][gc,phases      ] GC(191)   Pre Evacuate Collection Set: 0.33ms
[2243.522s][info][gc,phases      ] GC(191)   Merge Heap Roots: 0.61ms
[2243.522s][info][gc,phases      ] GC(191)   Evacuate Collection Set: 159.47ms
[2243.522s][info][gc,phases      ] GC(191)   Post Evacuate Collection Set: 1.28ms
[2243.522s][info][gc,phases      ] GC(191)   Other: 0.07ms
[2243.522s][info][gc,heap        ] GC(191) Eden regions: 717->0(717)
[2243.522s][info][gc,heap        ] GC(191) Survivor regions: 51->51(96)
[2243.522s][info][gc,heap        ] GC(191) Old regions: 297->299
[2243.522s][info][gc,heap        ] GC(191) Humongous regions: 81->81
[2243.522s][info][gc,metaspace   ] GC(191) Metaspace: 29955K(30144K)->29955K(30144K) NonClass: 29955K(30144K)->29955K(30144K) Class: 0K(0K)->0K(0K)
[2243.522s][info][gc             ] GC(191) Pause Young (Normal) (G1 Evacuation Pause) 9137M->3415M(10240M) 161.901ms
[2243.522s][info][gc,cpu         ] GC(191) User=1.27s Sys=0.00s Real=0.16s
.................[2260.982s][info][gc,start       ] GC(192) Pause Young (Normal) (G1 Evacuation Pause)
[2260.982s][info][gc,task        ] GC(192) Using 8 workers of 8 for evacuation
[2261.145s][info][gc,phases      ] GC(192)   Pre Evacuate Collection Set: 0.32ms
[2261.145s][info][gc,phases      ] GC(192)   Merge Heap Roots: 0.71ms
[2261.145s][info][gc,phases      ] GC(192)   Evacuate Collection Set: 160.55ms
[2261.145s][info][gc,phases      ] GC(192)   Post Evacuate Collection Set: 1.30ms
[2261.145s][info][gc,phases      ] GC(192)   Other: 0.07ms
[2261.145s][info][gc,heap        ] GC(192) Eden regions: 717->0(717)
[2261.145s][info][gc,heap        ] GC(192) Survivor regions: 51->51(96)
[2261.145s][info][gc,heap        ] GC(192) Old regions: 299->302
[2261.145s][info][gc,heap        ] GC(192) Humongous regions: 81->81
[2261.145s][info][gc,metaspace   ] GC(192) Metaspace: 29955K(30144K)->29955K(30144K) NonClass: 29955K(30144K)->29955K(30144K) Class: 0K(0K)->0K(0K)
[2261.145s][info][gc             ] GC(192) Pause Young (Normal) (G1 Evacuation Pause) 9151M->3437M(10240M) 163.100ms
[2261.145s][info][gc,cpu         ] GC(192) User=1.28s Sys=0.00s Real=0.16s
..................[2278.559s][info][gc,start       ] GC(193) Pause Young (Normal) (G1 Evacuation Pause)
[2278.559s][info][gc,task        ] GC(193) Using 8 workers of 8 for evacuation
[2278.722s][info][gc,phases      ] GC(193)   Pre Evacuate Collection Set: 0.30ms
[2278.722s][info][gc,phases      ] GC(193)   Merge Heap Roots: 0.69ms
[2278.722s][info][gc,phases      ] GC(193)   Evacuate Collection Set: 160.38ms
[2278.722s][info][gc,phases      ] GC(193)   Post Evacuate Collection Set: 1.27ms
[2278.722s][info][gc,phases      ] GC(193)   Other: 0.08ms
[2278.722s][info][gc,heap        ] GC(193) Eden regions: 717->0(716)
[2278.722s][info][gc,heap        ] GC(193) Survivor regions: 51->52(96)
[2278.722s][info][gc,heap        ] GC(193) Old regions: 302->304
[2278.722s][info][gc,heap        ] GC(193) Humongous regions: 81->81
[2278.722s][info][gc,metaspace   ] GC(193) Metaspace: 29955K(30144K)->29955K(30144K) NonClass: 29955K(30144K)->29955K(30144K) Class: 0K(0K)->0K(0K)
[2278.722s][info][gc             ] GC(193) Pause Young (Normal) (G1 Evacuation Pause) 9173M->3460M(10240M) 162.851ms
[2278.722s][info][gc,cpu         ] GC(193) User=1.28s Sys=0.00s Real=0.16s
. (rIR:aIR:PR = 2767:2768:2768) (tPR = 41118) [OK] 
  2279s: Performance info:
         Transaction,    Success,    Partial,     Failed,   Receipts, AvgBarcode, 
             Overall,     166133,          0,          0,     157815,      59.47, 
         Response times:
             Request,    Success,    Partial,     Failed,   SkipFail,     Probes,    Samples,      min,      p50,      p90,      p95,      p99,      max, 
       TotalPurchase,     157815,          0,          0,          0,     154111,     168814,      300,     2000,     3200,     3600,     7300,   173000,
     InStorePurchase,      83107,          0,          0,          0,      81371,      88872,      400,     2000,     3200,     3500,     7800,   173000,
      OnlinePurchase,      58090,          0,          0,          0,      56821,      62246,      300,     2000,     3300,     3600,     7200,   169000,
        InstPurchase,      16618,          0,          0,          0,      15919,      17696,      500,     1900,     3300,     3600,     6300,   169000,
          AssocOfCat,        166,          0,          0,          0,        120,        180,    18700,    27000,    32000,    36900,   203000,   203000,
      AssocOfProduct,       1662,          0,          0,          0,       1456,       1737,      600,     1900,     3300,     3700,     7068,    36000,
      BusinessReport,        413,          0,          0,          0,        343,        454,    25000,    30000,    36000,    39500,    50000,   211000,
          CustBuyBeh,       1670,          0,          0,          0,       1481,       1783,      200,      800,     2260,     2700,     4000,    34000,
       ProductReturn,       4407,          0,          0,          0,       4127,       4693,      200,     1600,     3100,     3400,     5306,   168000,

  2279s: (21%)   IR =   2906 ....|...........[2295.195s][info][gc,start       ] GC(194) Pause Young (Normal) (G1 Evacuation Pause)
[2295.195s][info][gc,task        ] GC(194) Using 8 workers of 8 for evacuation
[2295.361s][info][gc,phases      ] GC(194)   Pre Evacuate Collection Set: 0.30ms
[2295.361s][info][gc,phases      ] GC(194)   Merge Heap Roots: 0.61ms
[2295.361s][info][gc,phases      ] GC(194)   Evacuate Collection Set: 163.77ms
[2295.361s][info][gc,phases      ] GC(194)   Post Evacuate Collection Set: 1.33ms
[2295.361s][info][gc,phases      ] GC(194)   Other: 0.07ms
[2295.361s][info][gc,heap        ] GC(194) Eden regions: 716->0(717)
[2295.361s][info][gc,heap        ] GC(194) Survivor regions: 52->51(96)
[2295.361s][info][gc,heap        ] GC(194) Old regions: 304->306
[2295.361s][info][gc,heap        ] GC(194) Humongous regions: 81->81
[2295.361s][info][gc,metaspace   ] GC(194) Metaspace: 29955K(30144K)->29955K(30144K) NonClass: 29955K(30144K)->29955K(30144K) Class: 0K(0K)->0K(0K)
[2295.361s][info][gc             ] GC(194) Pause Young (Normal) (G1 Evacuation Pause) 9188M->3474M(10240M) 166.214ms
[2295.361s][info][gc,cpu         ] GC(194) User=1.30s Sys=0.00s Real=0.17s
.................[2311.851s][info][gc,start       ] GC(195) Pause Young (Normal) (G1 Evacuation Pause)
[2311.851s][info][gc,task        ] GC(195) Using 8 workers of 8 for evacuation
[2312.014s][info][gc,phases      ] GC(195)   Pre Evacuate Collection Set: 0.32ms
[2312.014s][info][gc,phases      ] GC(195)   Merge Heap Roots: 0.60ms
[2312.014s][info][gc,phases      ] GC(195)   Evacuate Collection Set: 160.10ms
[2312.014s][info][gc,phases      ] GC(195)   Post Evacuate Collection Set: 1.27ms
[2312.014s][info][gc,phases      ] GC(195)   Other: 0.07ms
[2312.014s][info][gc,heap        ] GC(195) Eden regions: 717->0(717)
[2312.014s][info][gc,heap        ] GC(195) Survivor regions: 51->51(96)
[2312.014s][info][gc,heap        ] GC(195) Old regions: 306->309
[2312.014s][info][gc,heap        ] GC(195) Humongous regions: 81->81
[2312.014s][info][gc,metaspace   ] GC(195) Metaspace: 29955K(30144K)->29955K(30144K) NonClass: 29955K(30144K)->29955K(30144K) Class: 0K(0K)->0K(0K)
[2312.014s][info][gc             ] GC(195) Pause Young (Normal) (G1 Evacuation Pause) 9210M->3489M(10240M) 162.509ms
[2312.014s][info][gc,cpu         ] GC(195) User=1.27s Sys=0.00s Real=0.16s
.................[2328.586s][info][gc,start       ] GC(196) Pause Young (Normal) (G1 Evacuation Pause)
[2328.586s][info][gc,task        ] GC(196) Using 8 workers of 8 for evacuation
[2328.749s][info][gc,phases      ] GC(196)   Pre Evacuate Collection Set: 0.31ms
[2328.749s][info][gc,phases      ] GC(196)   Merge Heap Roots: 0.58ms
[2328.749s][info][gc,phases      ] GC(196)   Evacuate Collection Set: 160.69ms
[2328.749s][info][gc,phases      ] GC(196)   Post Evacuate Collection Set: 1.29ms
[2328.749s][info][gc,phases      ] GC(196)   Other: 0.06ms
[2328.749s][info][gc,heap        ] GC(196) Eden regions: 717->0(717)
[2328.749s][info][gc,heap        ] GC(196) Survivor regions: 51->51(96)
[2328.749s][info][gc,heap        ] GC(196) Old regions: 309->311
[2328.749s][info][gc,heap        ] GC(196) Humongous regions: 81->81
[2328.749s][info][gc,metaspace   ] GC(196) Metaspace: 29955K(30144K)->29955K(30144K) NonClass: 29955K(30144K)->29955K(30144K) Class: 0K(0K)->0K(0K)
[2328.749s][info][gc             ] GC(196) Pause Young (Normal) (G1 Evacuation Pause) 9225M->3507M(10240M) 163.061ms
[2328.749s][info][gc,cpu         ] GC(196) User=1.28s Sys=0.00s Real=0.16s
............... (rIR:aIR:PR = 2906:2906:2906) (tPR = 43470) [OK] 
  2343s: Performance info:
         Transaction,    Success,    Partial,     Failed,   Receipts, AvgBarcode, 
             Overall,     174564,          0,          0,     165833,      59.47, 
         Response times:
             Request,    Success,    Partial,     Failed,   SkipFail,     Probes,    Samples,      min,      p50,      p90,      p95,      p99,      max, 
       TotalPurchase,     165833,          0,          0,          0,     162096,     174868,      300,     2000,     3400,     3700,     5000,   173000,
     InStorePurchase,      87319,          0,          0,          0,      85652,      92193,      400,     2000,     3300,     3600,     5000,   173000,
      OnlinePurchase,      61047,          0,          0,          0,      59602,      64185,      300,     2000,     3400,     3700,     5100,   173000,
        InstPurchase,      17467,          0,          0,          0,      16842,      18490,      500,     2200,     3500,     3800,     5009,   173000,
          AssocOfCat,        176,          0,          0,          0,        122,        162,    19400,    27000,    31000,    33850,    46370,    47000,
      AssocOfProduct,       1748,          0,          0,          0,       1573,       1814,      600,     2700,     3800,     4000,     8170,   169000,
      BusinessReport,        435,          0,          0,          0,        361,        471,    22000,    30000,    38000,    47400,   152280,   213000,
          CustBuyBeh,       1744,          0,          0,          0,       1580,       1834,      300,     1900,     3200,     3500,     4465,    42000,
       ProductReturn,       4628,          0,          0,          0,       4354,       4892,      200,     2000,     3300,     3600,     4400,   169000,

  2343s: (22%)   IR =   3044 .[2345.220s][info][gc,start       ] GC(197) Pause Young (Normal) (G1 Evacuation Pause)
[2345.220s][info][gc,task        ] GC(197) Using 8 workers of 8 for evacuation
[2345.384s][info][gc,phases      ] GC(197)   Pre Evacuate Collection Set: 0.31ms
[2345.384s][info][gc,phases      ] GC(197)   Merge Heap Roots: 0.58ms
[2345.384s][info][gc,phases      ] GC(197)   Evacuate Collection Set: 162.10ms
[2345.384s][info][gc,phases      ] GC(197)   Post Evacuate Collection Set: 1.28ms
[2345.384s][info][gc,phases      ] GC(197)   Other: 0.06ms
[2345.384s][info][gc,heap        ] GC(197) Eden regions: 717->0(716)
[2345.384s][info][gc,heap        ] GC(197) Survivor regions: 51->52(96)
[2345.384s][info][gc,heap        ] GC(197) Old regions: 311->313
[2345.384s][info][gc,heap        ] GC(197) Humongous regions: 81->81
[2345.384s][info][gc,metaspace   ] GC(197) Metaspace: 29956K(30144K)->29956K(30144K) NonClass: 29956K(30144K)->29956K(30144K) Class: 0K(0K)->0K(0K)
[2345.384s][info][gc             ] GC(197) Pause Young (Normal) (G1 Evacuation Pause) 9243M->3535M(10240M) 164.476ms
[2345.385s][info][gc,cpu         ] GC(197) User=1.30s Sys=0.00s Real=0.16s
....|............[2361.133s][info][gc,start       ] GC(198) Pause Young (Normal) (G1 Evacuation Pause)
[2361.133s][info][gc,task        ] GC(198) Using 8 workers of 8 for evacuation
[2361.294s][info][gc,phases      ] GC(198)   Pre Evacuate Collection Set: 0.31ms
[2361.294s][info][gc,phases      ] GC(198)   Merge Heap Roots: 0.63ms
[2361.294s][info][gc,phases      ] GC(198)   Evacuate Collection Set: 158.70ms
[2361.294s][info][gc,phases      ] GC(198)   Post Evacuate Collection Set: 1.33ms
[2361.294s][info][gc,phases      ] GC(198)   Other: 0.07ms
[2361.294s][info][gc,heap        ] GC(198) Eden regions: 716->0(718)
[2361.294s][info][gc,heap        ] GC(198) Survivor regions: 52->50(96)
[2361.294s][info][gc,heap        ] GC(198) Old regions: 313->316
[2361.294s][info][gc,heap        ] GC(198) Humongous regions: 81->81
[2361.294s][info][gc,metaspace   ] GC(198) Metaspace: 29956K(30144K)->29956K(30144K) NonClass: 29956K(30144K)->29956K(30144K) Class: 0K(0K)->0K(0K)
[2361.294s][info][gc             ] GC(198) Pause Young (Normal) (G1 Evacuation Pause) 9263M->3541M(10240M) 161.173ms
[2361.294s][info][gc,cpu         ] GC(198) User=1.26s Sys=0.01s Real=0.16s
................[2377.082s][info][gc,start       ] GC(199) Pause Young (Normal) (G1 Evacuation Pause)
[2377.082s][info][gc,task        ] GC(199) Using 8 workers of 8 for evacuation
[2377.248s][info][gc,phases      ] GC(199)   Pre Evacuate Collection Set: 0.32ms
[2377.248s][info][gc,phases      ] GC(199)   Merge Heap Roots: 0.57ms
[2377.248s][info][gc,phases      ] GC(199)   Evacuate Collection Set: 163.51ms
[2377.248s][info][gc,phases      ] GC(199)   Post Evacuate Collection Set: 1.27ms
[2377.248s][info][gc,phases      ] GC(199)   Other: 0.06ms
[2377.248s][info][gc,heap        ] GC(199) Eden regions: 718->0(715)
[2377.248s][info][gc,heap        ] GC(199) Survivor regions: 50->51(96)
[2377.248s][info][gc,heap        ] GC(199) Old regions: 316->318
[2377.248s][info][gc,heap        ] GC(199) Humongous regions: 81->81
[2377.248s][info][gc,metaspace   ] GC(199) Metaspace: 29956K(30144K)->29956K(30144K) NonClass: 29956K(30144K)->29956K(30144K) Class: 0K(0K)->0K(0K)
[2377.248s][info][gc             ] GC(199) Pause Young (Normal) (G1 Evacuation Pause) 9285M->3569M(10240M) 165.865ms
[2377.248s][info][gc,cpu         ] GC(199) User=1.30s Sys=0.00s Real=0.17s
................[2392.944s][info][gc,start       ] GC(200) Pause Young (Normal) (G1 Evacuation Pause)
[2392.944s][info][gc,task        ] GC(200) Using 8 workers of 8 for evacuation
[2393.106s][info][gc,phases      ] GC(200)   Pre Evacuate Collection Set: 0.30ms
[2393.106s][info][gc,phases      ] GC(200)   Merge Heap Roots: 0.66ms
[2393.106s][info][gc,phases      ] GC(200)   Evacuate Collection Set: 159.33ms
[2393.106s][info][gc,phases      ] GC(200)   Post Evacuate Collection Set: 1.28ms
[2393.106s][info][gc,phases      ] GC(200)   Other: 0.08ms
[2393.106s][info][gc,heap        ] GC(200) Eden regions: 715->0(713)
[2393.106s][info][gc,heap        ] GC(200) Survivor regions: 51->51(96)
[2393.106s][info][gc,heap        ] GC(200) Old regions: 318->320
[2393.106s][info][gc,heap        ] GC(200) Humongous regions: 81->81
[2393.106s][info][gc,metaspace   ] GC(200) Metaspace: 29956K(30144K)->29956K(30144K) NonClass: 29956K(30144K)->29956K(30144K) Class: 0K(0K)->0K(0K)
[2393.106s][info][gc             ] GC(200) Pause Young (Normal) (G1 Evacuation Pause) 9289M->3583M(10240M) 161.811ms
[2393.106s][info][gc,cpu         ] GC(200) User=1.27s Sys=0.00s Real=0.17s
................ (rIR:aIR:PR = 3044:3043:3043) (tPR = 45236) [OK] 
  2408s: Performance info:
         Transaction,    Success,    Partial,     Failed,   Receipts, AvgBarcode, 
             Overall,     182671,          0,          0,     173526,      59.48, 
         Response times:
             Request,    Success,    Partial,     Failed,   SkipFail,     Probes,    Samples,      min,      p50,      p90,      p95,      p99,      max, 
       TotalPurchase,     173526,          0,          0,          0,     169846,     185735,      300,     2100,     3500,     3900,     7900,   176000,
     InStorePurchase,      91283,          0,          0,          0,      89824,      98124,      400,     2100,     3500,     3900,     8600,   176000,
      OnlinePurchase,      63958,          0,          0,          0,      62432,      68102,      300,     2100,     3600,     3900,     7600,   176000,
        InstPurchase,      18285,          0,          0,          0,      17590,      19509,      500,     2200,     3600,     3900,     6390,   176000,
          AssocOfCat,        183,          0,          0,          0,        132,        179,    19600,    28000,    31000,    34000,    56400,    66000,
      AssocOfProduct,       1836,          0,          0,          0,       1625,       1926,      400,     1700,     3600,     3900,     4700,    29000,
      BusinessReport,        456,          0,          0,          0,        370,        490,    24000,    31000,    38000,    41000,    75500,   199000,
          CustBuyBeh,       1824,          0,          0,          0,       1626,       1878,      200,     1800,     3300,     3700,     6231,   171000,
       ProductReturn,       4846,          0,          0,          0,       4517,       5126,      300,     2300,     3500,     3800,    10065,   170000,

  2408s: (23%)   IR =   3183 [2408.816s][info][gc,start       ] GC(201) Pause Young (Normal) (G1 Evacuation Pause)
[2408.816s][info][gc,task        ] GC(201) Using 8 workers of 8 for evacuation
[2408.979s][info][gc,phases      ] GC(201)   Pre Evacuate Collection Set: 0.34ms
[2408.979s][info][gc,phases      ] GC(201)   Merge Heap Roots: 0.57ms
[2408.979s][info][gc,phases      ] GC(201)   Evacuate Collection Set: 160.83ms
[2408.979s][info][gc,phases      ] GC(201)   Post Evacuate Collection Set: 1.27ms
[2408.979s][info][gc,phases      ] GC(201)   Other: 0.07ms
[2408.979s][info][gc,heap        ] GC(201) Eden regions: 713->0(708)
[2408.979s][info][gc,heap        ] GC(201) Survivor regions: 51->52(96)
[2408.979s][info][gc,heap        ] GC(201) Old regions: 320->323
[2408.979s][info][gc,heap        ] GC(201) Humongous regions: 81->81
[2408.979s][info][gc,metaspace   ] GC(201) Metaspace: 29957K(30144K)->29957K(30144K) NonClass: 29957K(30144K)->29957K(30144K) Class: 0K(0K)->0K(0K)
[2408.979s][info][gc             ] GC(201) Pause Young (Normal) (G1 Evacuation Pause) 9287M->3609M(10240M) 163.214ms
[2408.979s][info][gc,cpu         ] GC(201) User=1.28s Sys=0.00s Real=0.16s
.....|..........[2423.822s][info][gc,start       ] GC(202) Pause Young (Normal) (G1 Evacuation Pause)
[2423.822s][info][gc,task        ] GC(202) Using 8 workers of 8 for evacuation
[2423.986s][info][gc,phases      ] GC(202)   Pre Evacuate Collection Set: 0.33ms
[2423.986s][info][gc,phases      ] GC(202)   Merge Heap Roots: 0.73ms
[2423.986s][info][gc,phases      ] GC(202)   Evacuate Collection Set: 160.65ms
[2423.986s][info][gc,phases      ] GC(202)   Post Evacuate Collection Set: 1.34ms
[2423.986s][info][gc,phases      ] GC(202)   Other: 0.07ms
[2423.986s][info][gc,heap        ] GC(202) Eden regions: 708->0(708)
[2423.986s][info][gc,heap        ] GC(202) Survivor regions: 52->51(95)
[2423.986s][info][gc,heap        ] GC(202) Old regions: 323->325
[2423.986s][info][gc,heap        ] GC(202) Humongous regions: 81->81
[2423.986s][info][gc,metaspace   ] GC(202) Metaspace: 29957K(30144K)->29957K(30144K) NonClass: 29957K(30144K)->29957K(30144K) Class: 0K(0K)->0K(0K)
[2423.986s][info][gc             ] GC(202) Pause Young (Normal) (G1 Evacuation Pause) 9273M->3624M(10240M) 163.256ms
[2423.986s][info][gc,cpu         ] GC(202) User=1.28s Sys=0.00s Real=0.17s
...............[2438.809s][info][gc,start       ] GC(203) Pause Young (Normal) (G1 Evacuation Pause)
[2438.809s][info][gc,task        ] GC(203) Using 8 workers of 8 for evacuation
[2438.975s][info][gc,phases      ] GC(203)   Pre Evacuate Collection Set: 0.28ms
[2438.975s][info][gc,phases      ] GC(203)   Merge Heap Roots: 0.68ms
[2438.975s][info][gc,phases      ] GC(203)   Evacuate Collection Set: 163.75ms
[2438.975s][info][gc,phases      ] GC(203)   Post Evacuate Collection Set: 1.29ms
[2438.975s][info][gc,phases      ] GC(203)   Other: 0.08ms
[2438.975s][info][gc,heap        ] GC(203) Eden regions: 708->0(704)
[2438.975s][info][gc,heap        ] GC(203) Survivor regions: 51->52(95)
[2438.975s][info][gc,heap        ] GC(203) Old regions: 325->327
[2438.975s][info][gc,heap        ] GC(203) Humongous regions: 81->81
[2438.975s][info][gc,metaspace   ] GC(203) Metaspace: 29957K(30144K)->29957K(30144K) NonClass: 29957K(30144K)->29957K(30144K) Class: 0K(0K)->0K(0K)
[2438.975s][info][gc             ] GC(203) Pause Young (Normal) (G1 Evacuation Pause) 9288M->3651M(10240M) 166.199ms
[2438.975s][info][gc,cpu         ] GC(203) User=1.31s Sys=0.00s Real=0.16s
...............[2453.782s][info][gc,start       ] GC(204) Pause Young (Normal) (G1 Evacuation Pause)
[2453.782s][info][gc,task        ] GC(204) Using 8 workers of 8 for evacuation
[2453.944s][info][gc,phases      ] GC(204)   Pre Evacuate Collection Set: 0.31ms
[2453.944s][info][gc,phases      ] GC(204)   Merge Heap Roots: 0.56ms
[2453.944s][info][gc,phases      ] GC(204)   Evacuate Collection Set: 160.38ms
[2453.944s][info][gc,phases      ] GC(204)   Post Evacuate Collection Set: 1.24ms
[2453.944s][info][gc,phases      ] GC(204)   Other: 0.07ms
[2453.944s][info][gc,heap        ] GC(204) Eden regions: 704->0(703)
[2453.944s][info][gc,heap        ] GC(204) Survivor regions: 52->51(95)
[2453.944s][info][gc,heap        ] GC(204) Old regions: 327->330
[2453.944s][info][gc,heap        ] GC(204) Humongous regions: 81->81
[2453.944s][info][gc,metaspace   ] GC(204) Metaspace: 29957K(30144K)->29957K(30144K) NonClass: 29957K(30144K)->29957K(30144K) Class: 0K(0K)->0K(0K)
[2453.944s][info][gc             ] GC(204) Pause Young (Normal) (G1 Evacuation Pause) 9283M->3664M(10240M) 162.687ms
[2453.944s][info][gc,cpu         ] GC(204) User=1.28s Sys=0.00s Real=0.16s
...............[2468.788s][info][gc,start       ] GC(205) Pause Young (Normal) (G1 Evacuation Pause)
[2468.788s][info][gc,task        ] GC(205) Using 8 workers of 8 for evacuation
[2468.950s][info][gc,phases      ] GC(205)   Pre Evacuate Collection Set: 0.32ms
[2468.950s][info][gc,phases      ] GC(205)   Merge Heap Roots: 0.66ms
[2468.950s][info][gc,phases      ] GC(205)   Evacuate Collection Set: 159.90ms
[2468.950s][info][gc,phases      ] GC(205)   Post Evacuate Collection Set: 1.24ms
[2468.950s][info][gc,phases      ] GC(205)   Other: 0.07ms
[2468.950s][info][gc,heap        ] GC(205) Eden regions: 703->0(701)
[2468.950s][info][gc,heap        ] GC(205) Survivor regions: 51->51(95)
[2468.950s][info][gc,heap        ] GC(205) Old regions: 330->332
[2468.950s][info][gc,heap        ] GC(205) Humongous regions: 81->81
[2468.950s][info][gc,metaspace   ] GC(205) Metaspace: 29957K(30144K)->29957K(30144K) NonClass: 29957K(30144K)->29957K(30144K) Class: 0K(0K)->0K(0K)
[2468.950s][info][gc             ] GC(205) Pause Young (Normal) (G1 Evacuation Pause) 9288M->3679M(10240M) 162.347ms
[2468.950s][info][gc,cpu         ] GC(205) User=1.28s Sys=0.00s Real=0.16s
..... (rIR:aIR:PR = 3183:3183:3183) (tPR = 46922) [OK] 
  2473s: Performance info:
         Transaction,    Success,    Partial,     Failed,   Receipts, AvgBarcode, 
             Overall,     191070,          0,          0,     181521,      59.48, 
         Response times:
             Request,    Success,    Partial,     Failed,   SkipFail,     Probes,    Samples,      min,      p50,      p90,      p95,      p99,      max, 
       TotalPurchase,     181521,          0,          0,          0,     176956,     193326,      300,     2200,     3700,     4100,     8700,   198000,
     InStorePurchase,      95490,          0,          0,          0,      93198,     101426,      300,     2200,     3600,     4100,     8400,   172000,
      OnlinePurchase,      66890,          0,          0,          0,      65396,      71589,      400,     2200,     3700,     4100,     9100,   198000,
        InstPurchase,      19141,          0,          0,          0,      18362,      20311,      500,     2400,     3800,     4200,     9800,   172000,
          AssocOfCat,        192,          0,          0,          0,        135,        196,    22000,    28000,    34000,    36150,    45600,    65000,
      AssocOfProduct,       1914,          0,          0,          0,       1704,       1990,      600,     2000,     3800,     4300,     6709,   172000,
      BusinessReport,        476,          0,          0,          0,        374,        501,    25000,    31000,    37000,    40900,    58000,   213000,
          CustBuyBeh,       1916,          0,          0,          0,       1736,       2035,      300,     2600,     3700,     4000,    15992,   168000,
       ProductReturn,       5051,          0,          0,          0,       4758,       5470,      200,     2100,     3500,     4000,     9958,   171000,

  2473s: (24%)   IR =   3321 ....|.....[2483.272s][info][gc,start       ] GC(206) Pause Young (Normal) (G1 Evacuation Pause)
[2483.272s][info][gc,task        ] GC(206) Using 8 workers of 8 for evacuation
[2483.436s][info][gc,phases      ] GC(206)   Pre Evacuate Collection Set: 0.31ms
[2483.436s][info][gc,phases      ] GC(206)   Merge Heap Roots: 0.56ms
[2483.436s][info][gc,phases      ] GC(206)   Evacuate Collection Set: 161.14ms
[2483.436s][info][gc,phases      ] GC(206)   Post Evacuate Collection Set: 1.26ms
[2483.436s][info][gc,phases      ] GC(206)   Other: 0.07ms
[2483.436s][info][gc,heap        ] GC(206) Eden regions: 701->0(698)
[2483.436s][info][gc,heap        ] GC(206) Survivor regions: 51->51(94)
[2483.436s][info][gc,heap        ] GC(206) Old regions: 332->335
[2483.436s][info][gc,heap        ] GC(206) Humongous regions: 81->81
[2483.436s][info][gc,metaspace   ] GC(206) Metaspace: 29957K(30144K)->29957K(30144K) NonClass: 29957K(30144K)->29957K(30144K) Class: 0K(0K)->0K(0K)
[2483.436s][info][gc             ] GC(206) Pause Young (Normal) (G1 Evacuation Pause) 9287M->3701M(10240M) 163.479ms
[2483.436s][info][gc,cpu         ] GC(206) User=1.29s Sys=0.00s Real=0.17s
..............[2497.535s][info][gc,start       ] GC(207) Pause Young (Normal) (G1 Evacuation Pause)
[2497.535s][info][gc,task        ] GC(207) Using 8 workers of 8 for evacuation
[2497.699s][info][gc,phases      ] GC(207)   Pre Evacuate Collection Set: 0.34ms
[2497.699s][info][gc,phases      ] GC(207)   Merge Heap Roots: 0.70ms
[2497.699s][info][gc,phases      ] GC(207)   Evacuate Collection Set: 160.19ms
[2497.699s][info][gc,phases      ] GC(207)   Post Evacuate Collection Set: 1.25ms
[2497.699s][info][gc,phases      ] GC(207)   Other: 0.85ms
[2497.699s][info][gc,heap        ] GC(207) Eden regions: 698->0(696)
[2497.699s][info][gc,heap        ] GC(207) Survivor regions: 51->51(94)
[2497.699s][info][gc,heap        ] GC(207) Old regions: 335->337
[2497.699s][info][gc,heap        ] GC(207) Humongous regions: 81->81
[2497.699s][info][gc,metaspace   ] GC(207) Metaspace: 29957K(30144K)->29957K(30144K) NonClass: 29957K(30144K)->29957K(30144K) Class: 0K(0K)->0K(0K)
[2497.699s][info][gc             ] GC(207) Pause Young (Normal) (G1 Evacuation Pause) 9285M->3717M(10240M) 163.496ms
[2497.699s][info][gc,cpu         ] GC(207) User=1.28s Sys=0.01s Real=0.17s
...............[2511.739s][info][gc,start       ] GC(208) Pause Young (Normal) (G1 Evacuation Pause)
[2511.739s][info][gc,task        ] GC(208) Using 8 workers of 8 for evacuation
[2511.901s][info][gc,phases      ] GC(208)   Pre Evacuate Collection Set: 0.32ms
[2511.901s][info][gc,phases      ] GC(208)   Merge Heap Roots: 0.62ms
[2511.901s][info][gc,phases      ] GC(208)   Evacuate Collection Set: 159.57ms
[2511.901s][info][gc,phases      ] GC(208)   Post Evacuate Collection Set: 1.34ms
[2511.901s][info][gc,phases      ] GC(208)   Other: 0.08ms
[2511.901s][info][gc,heap        ] GC(208) Eden regions: 696->0(693)
[2511.901s][info][gc,heap        ] GC(208) Survivor regions: 51->51(94)
[2511.901s][info][gc,heap        ] GC(208) Old regions: 337->340
[2511.901s][info][gc,heap        ] GC(208) Humongous regions: 81->81
[2511.901s][info][gc,metaspace   ] GC(208) Metaspace: 29957K(30144K)->29957K(30144K) NonClass: 29957K(30144K)->29957K(30144K) Class: 0K(0K)->0K(0K)
[2511.901s][info][gc             ] GC(208) Pause Young (Normal) (G1 Evacuation Pause) 9285M->3737M(10240M) 162.096ms
[2511.901s][info][gc,cpu         ] GC(208) User=1.28s Sys=0.00s Real=0.16s
.............[2525.683s][info][gc,start       ] GC(209) Pause Young (Normal) (G1 Evacuation Pause)
[2525.683s][info][gc,task        ] GC(209) Using 8 workers of 8 for evacuation
[2525.848s][info][gc,phases      ] GC(209)   Pre Evacuate Collection Set: 0.30ms
[2525.848s][info][gc,phases      ] GC(209)   Merge Heap Roots: 0.63ms
[2525.848s][info][gc,phases      ] GC(209)   Evacuate Collection Set: 162.61ms
[2525.848s][info][gc,phases      ] GC(209)   Post Evacuate Collection Set: 1.25ms
[2525.848s][info][gc,phases      ] GC(209)   Other: 0.07ms
[2525.848s][info][gc,heap        ] GC(209) Eden regions: 693->0(689)
[2525.848s][info][gc,heap        ] GC(209) Survivor regions: 51->52(93)
[2525.848s][info][gc,heap        ] GC(209) Old regions: 340->342
[2525.848s][info][gc,heap        ] GC(209) Humongous regions: 81->81
[2525.848s][info][gc,metaspace   ] GC(209) Metaspace: 29957K(30144K)->29957K(30144K) NonClass: 29957K(30144K)->29957K(30144K) Class: 0K(0K)->0K(0K)
[2525.848s][info][gc             ] GC(209) Pause Young (Normal) (G1 Evacuation Pause) 9281M->3765M(10240M) 165.005ms
[2525.848s][info][gc,cpu         ] GC(209) User=1.29s Sys=0.00s Real=0.17s
............. (rIR:aIR:PR = 3321:3321:3321) (tPR = 49429) [OK] 
  2537s: Performance info:
         Transaction,    Success,    Partial,     Failed,   Receipts, AvgBarcode, 
             Overall,     200332,          0,          0,     190331,      59.47, 
         Response times:
             Request,    Success,    Partial,     Failed,   SkipFail,     Probes,    Samples,      min,      p50,      p90,      p95,      p99,      max, 
       TotalPurchase,     190331,          0,          0,          0,     186331,     200439,      400,     2300,     3800,     4200,    13000,   173000,
     InStorePurchase,     100209,          0,          0,          0,      98498,     105692,      400,     2300,     3800,     4200,    14200,   173000,
      OnlinePurchase,      70104,          0,          0,          0,      68569,      73837,      400,     2300,     3900,     4300,    13162,   173000,
        InstPurchase,      20018,          0,          0,          0,      19264,      20910,      500,     2100,     3800,     4200,     7400,   173000,
          AssocOfCat,        200,          0,          0,          0,        139,        184,    23000,    29000,    33500,    37000,    83700,   218000,
      AssocOfProduct,       1994,          0,          0,          0,       1786,       2101,      600,     2700,     4100,     4600,    12698,   172000,
      BusinessReport,        502,          0,          0,          0,        404,        507,    25000,    31000,    38000,    42000,    58920,    84000,
          CustBuyBeh,       2005,          0,          0,          0,       1796,       2048,      200,     2200,     3700,     4100,     9300,   172000,
       ProductReturn,       5300,          0,          0,          0,       5043,       5680,      200,     2400,     3800,     4300,    17038,   168000,

  2537s: (25%)   IR =   3459 .[2539.710s][info][gc,start       ] GC(210) Pause Young (Normal) (G1 Evacuation Pause)
[2539.710s][info][gc,task        ] GC(210) Using 8 workers of 8 for evacuation
[2539.871s][info][gc,phases      ] GC(210)   Pre Evacuate Collection Set: 0.31ms
[2539.871s][info][gc,phases      ] GC(210)   Merge Heap Roots: 0.60ms
[2539.871s][info][gc,phases      ] GC(210)   Evacuate Collection Set: 158.84ms
[2539.871s][info][gc,phases      ] GC(210)   Post Evacuate Collection Set: 1.31ms
[2539.871s][info][gc,phases      ] GC(210)   Other: 0.07ms
[2539.871s][info][gc,heap        ] GC(210) Eden regions: 689->0(688)
[2539.871s][info][gc,heap        ] GC(210) Survivor regions: 52->51(93)
[2539.871s][info][gc,heap        ] GC(210) Old regions: 342->345
[2539.871s][info][gc,heap        ] GC(210) Humongous regions: 81->81
[2539.871s][info][gc,metaspace   ] GC(210) Metaspace: 29957K(30144K)->29957K(30144K) NonClass: 29957K(30144K)->29957K(30144K) Class: 0K(0K)->0K(0K)
[2539.871s][info][gc             ] GC(210) Pause Young (Normal) (G1 Evacuation Pause) 9277M->3776M(10240M) 161.282ms
[2539.871s][info][gc,cpu         ] GC(210) User=1.27s Sys=0.00s Real=0.16s
....|..........[2553.190s][info][gc,start       ] GC(211) Pause Young (Normal) (G1 Evacuation Pause)
[2553.190s][info][gc,task        ] GC(211) Using 8 workers of 8 for evacuation
[2553.352s][info][gc,phases      ] GC(211)   Pre Evacuate Collection Set: 0.28ms
[2553.352s][info][gc,phases      ] GC(211)   Merge Heap Roots: 0.59ms
[2553.352s][info][gc,phases      ] GC(211)   Evacuate Collection Set: 159.78ms
[2553.352s][info][gc,phases      ] GC(211)   Post Evacuate Collection Set: 1.27ms
[2553.352s][info][gc,phases      ] GC(211)   Other: 0.06ms
[2553.352s][info][gc,heap        ] GC(211) Eden regions: 688->0(686)
[2553.352s][info][gc,heap        ] GC(211) Survivor regions: 51->51(93)
[2553.352s][info][gc,heap        ] GC(211) Old regions: 345->347
[2553.352s][info][gc,heap        ] GC(211) Humongous regions: 81->81
[2553.352s][info][gc,metaspace   ] GC(211) Metaspace: 29957K(30144K)->29957K(30144K) NonClass: 29957K(30144K)->29957K(30144K) Class: 0K(0K)->0K(0K)
[2553.352s][info][gc             ] GC(211) Pause Young (Normal) (G1 Evacuation Pause) 9280M->3796M(10240M) 162.111ms
[2553.352s][info][gc,cpu         ] GC(211) User=1.28s Sys=0.00s Real=0.16s
.............[2566.630s][info][gc,start       ] GC(212) Pause Young (Normal) (G1 Evacuation Pause)
[2566.630s][info][gc,task        ] GC(212) Using 8 workers of 8 for evacuation
[2566.792s][info][gc,phases      ] GC(212)   Pre Evacuate Collection Set: 0.30ms
[2566.792s][info][gc,phases      ] GC(212)   Merge Heap Roots: 0.56ms
[2566.792s][info][gc,phases      ] GC(212)   Evacuate Collection Set: 159.18ms
[2566.792s][info][gc,phases      ] GC(212)   Post Evacuate Collection Set: 1.25ms
[2566.792s][info][gc,phases      ] GC(212)   Other: 0.07ms
[2566.792s][info][gc,heap        ] GC(212) Eden regions: 686->0(686)
[2566.792s][info][gc,heap        ] GC(212) Survivor regions: 51->50(93)
[2566.792s][info][gc,heap        ] GC(212) Old regions: 347->349
[2566.792s][info][gc,heap        ] GC(212) Humongous regions: 81->81
[2566.792s][info][gc,metaspace   ] GC(212) Metaspace: 29957K(30144K)->29957K(30144K) NonClass: 29957K(30144K)->29957K(30144K) Class: 0K(0K)->0K(0K)
[2566.792s][info][gc             ] GC(212) Pause Young (Normal) (G1 Evacuation Pause) 9284M->3811M(10240M) 161.496ms
[2566.792s][info][gc,cpu         ] GC(212) User=1.26s Sys=0.00s Real=0.16s
..............[2579.911s][info][gc,start       ] GC(213) Pause Young (Normal) (G1 Evacuation Pause)
[2579.911s][info][gc,task        ] GC(213) Using 8 workers of 8 for evacuation
[2580.071s][info][gc,phases      ] GC(213)   Pre Evacuate Collection Set: 0.33ms
[2580.071s][info][gc,phases      ] GC(213)   Merge Heap Roots: 0.56ms
[2580.071s][info][gc,phases      ] GC(213)   Evacuate Collection Set: 157.47ms
[2580.071s][info][gc,phases      ] GC(213)   Post Evacuate Collection Set: 1.28ms
[2580.071s][info][gc,phases      ] GC(213)   Other: 0.07ms
[2580.071s][info][gc,heap        ] GC(213) Eden regions: 686->0(683)
[2580.071s][info][gc,heap        ] GC(213) Survivor regions: 50->50(92)
[2580.071s][info][gc,heap        ] GC(213) Old regions: 349->352
[2580.071s][info][gc,heap        ] GC(213) Humongous regions: 81->81
[2580.071s][info][gc,metaspace   ] GC(213) Metaspace: 29957K(30144K)->29957K(30144K) NonClass: 29957K(30144K)->29957K(30144K) Class: 0K(0K)->0K(0K)
[2580.071s][info][gc             ] GC(213) Pause Young (Normal) (G1 Evacuation Pause) 9299M->3828M(10240M) 159.834ms
[2580.071s][info][gc,cpu         ] GC(213) User=1.25s Sys=0.01s Real=0.16s
.............[2593.329s][info][gc,start       ] GC(214) Pause Young (Normal) (G1 Evacuation Pause)
[2593.329s][info][gc,task        ] GC(214) Using 8 workers of 8 for evacuation
[2593.489s][info][gc,phases      ] GC(214)   Pre Evacuate Collection Set: 0.29ms
[2593.489s][info][gc,phases      ] GC(214)   Merge Heap Roots: 0.59ms
[2593.489s][info][gc,phases      ] GC(214)   Evacuate Collection Set: 158.27ms
[2593.489s][info][gc,phases      ] GC(214)   Post Evacuate Collection Set: 1.24ms
[2593.489s][info][gc,phases      ] GC(214)   Other: 0.06ms
[2593.489s][info][gc,heap        ] GC(214) Eden regions: 683->0(680)
[2593.489s][info][gc,heap        ] GC(214) Survivor regions: 50->50(92)
[2593.489s][info][gc,heap        ] GC(214) Old regions: 352->355
[2593.489s][info][gc,heap        ] GC(214) Humongous regions: 81->81
[2593.489s][info][gc,metaspace   ] GC(214) Metaspace: 29957K(30144K)->29957K(30144K) NonClass: 29957K(30144K)->29957K(30144K) Class: 0K(0K)->0K(0K)
[2593.490s][info][gc             ] GC(214) Pause Young (Normal) (G1 Evacuation Pause) 9292M->3852M(10240M) 160.591ms
[2593.490s][info][gc,cpu         ] GC(214) User=1.27s Sys=0.00s Real=0.16s
.......... (rIR:aIR:PR = 3459:3459:3459) (tPR = 51485) [OK] 
  2602s: Performance info:
         Transaction,    Success,    Partial,     Failed,   Receipts, AvgBarcode, 
             Overall,     207619,          0,          0,     197240,      59.48, 
         Response times:
             Request,    Success,    Partial,     Failed,   SkipFail,     Probes,    Samples,      min,      p50,      p90,      p95,      p99,      max, 
       TotalPurchase,     197240,          0,          0,          0,     192311,     210142,      400,     2400,     4000,     4400,    10000,   171000,
     InStorePurchase,     103766,          0,          0,          0,     101219,     110422,      400,     2300,     3900,     4400,    10200,   171000,
      OnlinePurchase,      72700,          0,          0,          0,      70885,      77363,      400,     2500,     4000,     4400,     8200,   171000,
        InstPurchase,      20774,          0,          0,          0,      20207,      22357,      500,     2500,     4100,     4500,    12000,   168000,
          AssocOfCat,        209,          0,          0,          0,        141,        197,    18700,    29000,    34000,    36000,    47080,    51000,
      AssocOfProduct,       2068,          0,          0,          0,       1871,       2222,      700,     2700,     4200,     4600,     8754,   166000,
      BusinessReport,        515,          0,          0,          0,        411,        544,    25000,    31000,    40000,    46000,    54000,   218000,
          CustBuyBeh,       2078,          0,          0,          0,       1868,       2161,      200,     2400,     3800,     4200,    16376,   168000,
       ProductReturn,       5508,          0,          0,          0,       5119,       5790,      300,     2500,     4000,     4400,    10690,   168000,

  2602s: (26%)   IR =   3598 ...[2606.505s][info][gc,start       ] GC(215) Pause Young (Normal) (G1 Evacuation Pause)
[2606.506s][info][gc,task        ] GC(215) Using 8 workers of 8 for evacuation
[2606.666s][info][gc,phases      ] GC(215)   Pre Evacuate Collection Set: 0.31ms
[2606.666s][info][gc,phases      ] GC(215)   Merge Heap Roots: 0.61ms
[2606.666s][info][gc,phases      ] GC(215)   Evacuate Collection Set: 158.32ms
[2606.666s][info][gc,phases      ] GC(215)   Post Evacuate Collection Set: 1.26ms
[2606.666s][info][gc,phases      ] GC(215)   Other: 0.07ms
[2606.666s][info][gc,heap        ] GC(215) Eden regions: 680->0(676)
[2606.666s][info][gc,heap        ] GC(215) Survivor regions: 50->51(92)
[2606.666s][info][gc,heap        ] GC(215) Old regions: 355->357
[2606.666s][info][gc,heap        ] GC(215) Humongous regions: 81->81
[2606.666s][info][gc,metaspace   ] GC(215) Metaspace: 29957K(30144K)->29957K(30144K) NonClass: 29957K(30144K)->29957K(30144K) Class: 0K(0K)->0K(0K)
[2606.666s][info][gc             ] GC(215) Pause Young (Normal) (G1 Evacuation Pause) 9292M->3877M(10240M) 160.709ms
[2606.666s][info][gc,cpu         ] GC(215) User=1.27s Sys=0.00s Real=0.17s
...|..........[2619.142s][info][gc,start       ] GC(216) Pause Young (Normal) (G1 Evacuation Pause)
[2619.142s][info][gc,task        ] GC(216) Using 8 workers of 8 for evacuation
[2619.304s][info][gc,phases      ] GC(216)   Pre Evacuate Collection Set: 0.31ms
[2619.304s][info][gc,phases      ] GC(216)   Merge Heap Roots: 0.57ms
[2619.304s][info][gc,phases      ] GC(216)   Evacuate Collection Set: 159.51ms
[2619.304s][info][gc,phases      ] GC(216)   Post Evacuate Collection Set: 1.26ms
[2619.304s][info][gc,phases      ] GC(216)   Other: 0.06ms
[2619.304s][info][gc,heap        ] GC(216) Eden regions: 676->0(675)
[2619.304s][info][gc,heap        ] GC(216) Survivor regions: 51->50(91)
[2619.304s][info][gc,heap        ] GC(216) Old regions: 357->360
[2619.304s][info][gc,heap        ] GC(216) Humongous regions: 81->81
[2619.304s][info][gc,metaspace   ] GC(216) Metaspace: 29958K(30144K)->29958K(30144K) NonClass: 29958K(30144K)->29958K(30144K) Class: 0K(0K)->0K(0K)
[2619.304s][info][gc             ] GC(216) Pause Young (Normal) (G1 Evacuation Pause) 9285M->3893M(10240M) 161.840ms
[2619.304s][info][gc,cpu         ] GC(216) User=1.28s Sys=0.00s Real=0.16s
............[2631.943s][info][gc,start       ] GC(217) Pause Young (Normal) (G1 Evacuation Pause)
[2631.943s][info][gc,task        ] GC(217) Using 8 workers of 8 for evacuation
[2632.104s][info][gc,phases      ] GC(217)   Pre Evacuate Collection Set: 0.31ms
[2632.104s][info][gc,phases      ] GC(217)   Merge Heap Roots: 0.57ms
[2632.104s][info][gc,phases      ] GC(217)   Evacuate Collection Set: 158.76ms
[2632.104s][info][gc,phases      ] GC(217)   Post Evacuate Collection Set: 1.24ms
[2632.104s][info][gc,phases      ] GC(217)   Other: 0.07ms
[2632.104s][info][gc,heap        ] GC(217) Eden regions: 675->0(673)
[2632.104s][info][gc,heap        ] GC(217) Survivor regions: 50->50(91)
[2632.104s][info][gc,heap        ] GC(217) Old regions: 360->362
[2632.104s][info][gc,heap        ] GC(217) Humongous regions: 81->81
[2632.104s][info][gc,metaspace   ] GC(217) Metaspace: 29958K(30144K)->29958K(30144K) NonClass: 29958K(30144K)->29958K(30144K) Class: 0K(0K)->0K(0K)
[2632.104s][info][gc             ] GC(217) Pause Young (Normal) (G1 Evacuation Pause) 9293M->3913M(10240M) 161.090ms
[2632.105s][info][gc,cpu         ] GC(217) User=1.27s Sys=0.00s Real=0.16s
.............[2644.538s][info][gc,start       ] GC(218) Pause Young (Normal) (G1 Evacuation Pause)
[2644.538s][info][gc,task        ] GC(218) Using 8 workers of 8 for evacuation
[2644.699s][info][gc,phases      ] GC(218)   Pre Evacuate Collection Set: 0.30ms
[2644.699s][info][gc,phases      ] GC(218)   Merge Heap Roots: 0.69ms
[2644.699s][info][gc,phases      ] GC(218)   Evacuate Collection Set: 159.19ms
[2644.699s][info][gc,phases      ] GC(218)   Post Evacuate Collection Set: 1.23ms
[2644.699s][info][gc,phases      ] GC(218)   Other: 0.07ms
[2644.699s][info][gc,heap        ] GC(218) Eden regions: 673->0(668)
[2644.699s][info][gc,heap        ] GC(218) Survivor regions: 50->51(91)
[2644.699s][info][gc,heap        ] GC(218) Old regions: 362->365
[2644.699s][info][gc,heap        ] GC(218) Humongous regions: 81->81
[2644.699s][info][gc,metaspace   ] GC(218) Metaspace: 29961K(30144K)->29961K(30144K) NonClass: 29961K(30144K)->29961K(30144K) Class: 0K(0K)->0K(0K)
[2644.699s][info][gc             ] GC(218) Pause Young (Normal) (G1 Evacuation Pause) 9297M->3943M(10240M) 161.617ms
[2644.699s][info][gc,cpu         ] GC(218) User=1.27s Sys=0.00s Real=0.16s
.............[2657.154s][info][gc,start       ] GC(219) Pause Young (Normal) (G1 Evacuation Pause)
[2657.155s][info][gc,task        ] GC(219) Using 8 workers of 8 for evacuation
[2657.314s][info][gc,phases      ] GC(219)   Pre Evacuate Collection Set: 0.28ms
[2657.314s][info][gc,phases      ] GC(219)   Merge Heap Roots: 0.64ms
[2657.314s][info][gc,phases      ] GC(219)   Evacuate Collection Set: 157.34ms
[2657.314s][info][gc,phases      ] GC(219)   Post Evacuate Collection Set: 1.25ms
[2657.314s][info][gc,phases      ] GC(219)   Other: 0.07ms
[2657.314s][info][gc,heap        ] GC(219) Eden regions: 668->0(668)
[2657.314s][info][gc,heap        ] GC(219) Survivor regions: 51->50(90)
[2657.314s][info][gc,heap        ] GC(219) Old regions: 365->367
[2657.314s][info][gc,heap        ] GC(219) Humongous regions: 81->81
[2657.314s][info][gc,metaspace   ] GC(219) Metaspace: 29961K(30144K)->29961K(30144K) NonClass: 29961K(30144K)->29961K(30144K) Class: 0K(0K)->0K(0K)
[2657.314s][info][gc             ] GC(219) Pause Young (Normal) (G1 Evacuation Pause) 9287M->3952M(10240M) 159.741ms
[2657.314s][info][gc,cpu         ] GC(219) User=1.25s Sys=0.00s Real=0.16s
............ (rIR:aIR:PR = 3598:3598:3598) (tPR = 53503) [OK] 
  2668s: Performance info:
         Transaction,    Success,    Partial,     Failed,   Receipts, AvgBarcode, 
             Overall,     216528,          0,          0,     205677,      59.48, 
         Response times:
             Request,    Success,    Partial,     Failed,   SkipFail,     Probes,    Samples,      min,      p50,      p90,      p95,      p99,      max, 
       TotalPurchase,     205677,          0,          0,          0,     201087,     223036,      300,     2400,     4100,     4600,    14900,   169000,
     InStorePurchase,     108267,          0,          0,          0,     106066,     117351,      300,     2400,     4100,     4600,    14100,   169000,
      OnlinePurchase,      75767,          0,          0,          0,      74083,      82034,      400,     2600,     4200,     4700,    15665,   169000,
        InstPurchase,      21643,          0,          0,          0,      20938,      23651,      400,     2200,     4100,     4600,    16048,   169000,
          AssocOfCat,        217,          0,          0,          0,        163,        240,    19100,    29000,    36000,    42950,    55720,    61000,
      AssocOfProduct,       2172,          0,          0,          0,       1982,       2356,      800,     2900,     4400,     4800,    11658,   168000,
      BusinessReport,        537,          0,          0,          0,        450,        600,    26000,    32000,    40000,    50950,    75000,   222000,
          CustBuyBeh,       2171,          0,          0,          0,       2015,       2420,      400,     2500,     3900,     4300,    10400,   169000,
       ProductReturn,       5754,          0,          0,          0,       5313,       6130,      200,     2100,     4000,     4500,    10469,   168000,

  2668s: (27%)   IR =   3736 [2669.692s][info][gc,start       ] GC(220) Pause Young (Normal) (G1 Evacuation Pause)
[2669.692s][info][gc,task        ] GC(220) Using 8 workers of 8 for evacuation
[2669.854s][info][gc,phases      ] GC(220)   Pre Evacuate Collection Set: 0.28ms
[2669.854s][info][gc,phases      ] GC(220)   Merge Heap Roots: 0.63ms
[2669.854s][info][gc,phases      ] GC(220)   Evacuate Collection Set: 160.10ms
[2669.854s][info][gc,phases      ] GC(220)   Post Evacuate Collection Set: 1.21ms
[2669.854s][info][gc,phases      ] GC(220)   Other: 0.06ms
[2669.854s][info][gc,heap        ] GC(220) Eden regions: 668->0(663)
[2669.854s][info][gc,heap        ] GC(220) Survivor regions: 50->51(90)
[2669.854s][info][gc,heap        ] GC(220) Old regions: 367->370
[2669.854s][info][gc,heap        ] GC(220) Humongous regions: 81->81
[2669.854s][info][gc,metaspace   ] GC(220) Metaspace: 29961K(30144K)->29961K(30144K) NonClass: 29961K(30144K)->29961K(30144K) Class: 0K(0K)->0K(0K)
[2669.854s][info][gc             ] GC(220) Pause Young (Normal) (G1 Evacuation Pause) 9296M->3984M(10240M) 162.417ms
[2669.854s][info][gc,cpu         ] GC(220) User=1.27s Sys=0.00s Real=0.16s
......|......[2681.665s][info][gc,start       ] GC(221) Pause Young (Normal) (G1 Evacuation Pause)
[2681.665s][info][gc,task        ] GC(221) Using 8 workers of 8 for evacuation
[2681.826s][info][gc,phases      ] GC(221)   Pre Evacuate Collection Set: 0.30ms
[2681.826s][info][gc,phases      ] GC(221)   Merge Heap Roots: 0.60ms
[2681.826s][info][gc,phases      ] GC(221)   Evacuate Collection Set: 158.39ms
[2681.826s][info][gc,phases      ] GC(221)   Post Evacuate Collection Set: 1.28ms
[2681.826s][info][gc,phases      ] GC(221)   Other: 0.07ms
[2681.826s][info][gc,heap        ] GC(221) Eden regions: 663->0(662)
[2681.826s][info][gc,heap        ] GC(221) Survivor regions: 51->50(90)
[2681.826s][info][gc,heap        ] GC(221) Old regions: 370->373
[2681.826s][info][gc,heap        ] GC(221) Humongous regions: 81->81
[2681.826s][info][gc,metaspace   ] GC(221) Metaspace: 29962K(30144K)->29962K(30144K) NonClass: 29962K(30144K)->29962K(30144K) Class: 0K(0K)->0K(0K)
[2681.826s][info][gc             ] GC(221) Pause Young (Normal) (G1 Evacuation Pause) 9288M->3993M(10240M) 160.786ms
[2681.826s][info][gc,cpu         ] GC(221) User=1.26s Sys=0.00s Real=0.17s
............[2693.678s][info][gc,start       ] GC(222) Pause Young (Normal) (G1 Evacuation Pause)
[2693.678s][info][gc,task        ] GC(222) Using 8 workers of 8 for evacuation
[2693.841s][info][gc,phases      ] GC(222)   Pre Evacuate Collection Set: 0.31ms
[2693.841s][info][gc,phases      ] GC(222)   Merge Heap Roots: 0.56ms
[2693.841s][info][gc,phases      ] GC(222)   Evacuate Collection Set: 160.21ms
[2693.841s][info][gc,phases      ] GC(222)   Post Evacuate Collection Set: 1.25ms
[2693.841s][info][gc,phases      ] GC(222)   Other: 0.07ms
[2693.841s][info][gc,heap        ] GC(222) Eden regions: 662->0(660)
[2693.841s][info][gc,heap        ] GC(222) Survivor regions: 50->50(89)
[2693.841s][info][gc,heap        ] GC(222) Old regions: 373->375
[2693.841s][info][gc,heap        ] GC(222) Humongous regions: 81->81
[2693.841s][info][gc,metaspace   ] GC(222) Metaspace: 29962K(30144K)->29962K(30144K) NonClass: 29962K(30144K)->29962K(30144K) Class: 0K(0K)->0K(0K)
[2693.841s][info][gc             ] GC(222) Pause Young (Normal) (G1 Evacuation Pause) 9289M->4019M(10240M) 162.538ms
[2693.841s][info][gc,cpu         ] GC(222) User=1.27s Sys=0.01s Real=0.16s
............[2705.614s][info][gc,start       ] GC(223) Pause Young (Normal) (G1 Evacuation Pause)
[2705.614s][info][gc,task        ] GC(223) Using 8 workers of 8 for evacuation
[2705.775s][info][gc,phases      ] GC(223)   Pre Evacuate Collection Set: 0.31ms
[2705.775s][info][gc,phases      ] GC(223)   Merge Heap Roots: 0.57ms
[2705.775s][info][gc,phases      ] GC(223)   Evacuate Collection Set: 158.66ms
[2705.775s][info][gc,phases      ] GC(223)   Post Evacuate Collection Set: 1.22ms
[2705.775s][info][gc,phases      ] GC(223)   Other: 0.07ms
[2705.775s][info][gc,heap        ] GC(223) Eden regions: 660->0(657)
[2705.775s][info][gc,heap        ] GC(223) Survivor regions: 50->50(89)
[2705.775s][info][gc,heap        ] GC(223) Old regions: 375->378
[2705.775s][info][gc,heap        ] GC(223) Humongous regions: 81->81
[2705.775s][info][gc,metaspace   ] GC(223) Metaspace: 29962K(30144K)->29962K(30144K) NonClass: 29962K(30144K)->29962K(30144K) Class: 0K(0K)->0K(0K)
[2705.775s][info][gc             ] GC(223) Pause Young (Normal) (G1 Evacuation Pause) 9299M->4042M(10240M) 160.936ms
[2705.775s][info][gc,cpu         ] GC(223) User=1.27s Sys=0.00s Real=0.16s
............[2717.490s][info][gc,start       ] GC(224) Pause Young (Normal) (G1 Evacuation Pause)
[2717.490s][info][gc,task        ] GC(224) Using 8 workers of 8 for evacuation
[2717.652s][info][gc,phases      ] GC(224)   Pre Evacuate Collection Set: 0.30ms
[2717.652s][info][gc,phases      ] GC(224)   Merge Heap Roots: 0.62ms
[2717.652s][info][gc,phases      ] GC(224)   Evacuate Collection Set: 160.00ms
[2717.652s][info][gc,phases      ] GC(224)   Post Evacuate Collection Set: 1.21ms
[2717.652s][info][gc,phases      ] GC(224)   Other: 0.07ms
[2717.652s][info][gc,heap        ] GC(224) Eden regions: 657->0(654)
[2717.652s][info][gc,heap        ] GC(224) Survivor regions: 50->50(89)
[2717.652s][info][gc,heap        ] GC(224) Old regions: 378->381
[2717.652s][info][gc,heap        ] GC(224) Humongous regions: 81->81
[2717.652s][info][gc,metaspace   ] GC(224) Metaspace: 29962K(30144K)->29962K(30144K) NonClass: 29962K(30144K)->29962K(30144K) Class: 0K(0K)->0K(0K)
[2717.652s][info][gc             ] GC(224) Pause Young (Normal) (G1 Evacuation Pause) 9298M->4064M(10240M) 162.344ms
[2717.652s][info][gc,cpu         ] GC(224) User=1.27s Sys=0.00s Real=0.16s
............[2729.342s][info][gc,start       ] GC(225) Pause Young (Normal) (G1 Evacuation Pause)
[2729.342s][info][gc,task        ] GC(225) Using 8 workers of 8 for evacuation
[2729.501s][info][gc,phases      ] GC(225)   Pre Evacuate Collection Set: 0.28ms
[2729.501s][info][gc,phases      ] GC(225)   Merge Heap Roots: 0.61ms
[2729.501s][info][gc,phases      ] GC(225)   Evacuate Collection Set: 156.85ms
[2729.501s][info][gc,phases      ] GC(225)   Post Evacuate Collection Set: 1.23ms
[2729.501s][info][gc,phases      ] GC(225)   Other: 0.07ms
[2729.501s][info][gc,heap        ] GC(225) Eden regions: 654->0(649)
[2729.501s][info][gc,heap        ] GC(225) Survivor regions: 50->51(88)
[2729.501s][info][gc,heap        ] GC(225) Old regions: 381->384
[2729.501s][info][gc,heap        ] GC(225) Humongous regions: 81->81
[2729.501s][info][gc,metaspace   ] GC(225) Metaspace: 29962K(30144K)->29962K(30144K) NonClass: 29962K(30144K)->29962K(30144K) Class: 0K(0K)->0K(0K)
[2729.501s][info][gc             ] GC(225) Pause Young (Normal) (G1 Evacuation Pause) 9296M->4090M(10240M) 159.185ms
[2729.502s][info][gc,cpu         ] GC(225) User=1.25s Sys=0.00s Real=0.16s
...... (rIR:aIR:PR = 3736:3736:3736) (tPR = 55699) [OK] 
  2734s: Performance info:
         Transaction,    Success,    Partial,     Failed,   Receipts, AvgBarcode, 
             Overall,     224280,          0,          0,     213047,      59.47, 
         Response times:
             Request,    Success,    Partial,     Failed,   SkipFail,     Probes,    Samples,      min,      p50,      p90,      p95,      p99,      max, 
       TotalPurchase,     213046,          0,          0,          0,     208156,     230899,      300,     2500,     4300,     4800,    16200,   201000,
     InStorePurchase,     112127,          0,          0,          0,     109862,     121747,      400,     2500,     4300,     4800,    16700,   201000,
      OnlinePurchase,      78463,          0,          0,          0,      76763,      85109,      300,     2500,     4300,     4800,    15700,   201000,
        InstPurchase,      22456,          0,          0,          0,      21531,      24043,      500,     2500,     4300,     4800,    15656,   169000,
          AssocOfCat,        225,          0,          0,          0,        161,        241,    19400,    29000,    37000,    44900,   136920,   216000,
      AssocOfProduct,       2248,          0,          0,          0,       1980,       2371,      600,     3100,     4700,     5100,    12300,   168000,
      BusinessReport,        567,          0,          0,          0,        474,        619,    25000,    32000,    40000,    48000,    65200,   218000,
          CustBuyBeh,       2250,          0,          0,          0,       2018,       2418,      200,     2900,     4310,     5000,    19467,   167000,
       ProductReturn,       5943,          0,          0,          0,       5494,       6373,      200,     2300,     4000,     4500,     8734,   169000,

  2734s: (28%)   IR =   3874 ....|.[2740.813s][info][gc,start       ] GC(226) Pause Young (Normal) (G1 Evacuation Pause)
[2740.813s][info][gc,task        ] GC(226) Using 8 workers of 8 for evacuation
[2740.973s][info][gc,phases      ] GC(226)   Pre Evacuate Collection Set: 0.30ms
[2740.973s][info][gc,phases      ] GC(226)   Merge Heap Roots: 0.62ms
[2740.973s][info][gc,phases      ] GC(226)   Evacuate Collection Set: 157.80ms
[2740.973s][info][gc,phases      ] GC(226)   Post Evacuate Collection Set: 1.19ms
[2740.973s][info][gc,phases      ] GC(226)   Other: 0.08ms
[2740.973s][info][gc,heap        ] GC(226) Eden regions: 649->0(649)
[2740.973s][info][gc,heap        ] GC(226) Survivor regions: 51->50(88)
[2740.973s][info][gc,heap        ] GC(226) Old regions: 384->386
[2740.973s][info][gc,heap        ] GC(226) Humongous regions: 81->81
[2740.973s][info][gc,metaspace   ] GC(226) Metaspace: 29962K(30144K)->29962K(30144K) NonClass: 29962K(30144K)->29962K(30144K) Class: 0K(0K)->0K(0K)
[2740.973s][info][gc             ] GC(226) Pause Young (Normal) (G1 Evacuation Pause) 9282M->4108M(10240M) 160.117ms
[2740.973s][info][gc,cpu         ] GC(226) User=1.26s Sys=0.00s Real=0.16s
...........[2752.081s][info][gc,start       ] GC(227) Pause Young (Normal) (G1 Evacuation Pause)
[2752.081s][info][gc,task        ] GC(227) Using 8 workers of 8 for evacuation
[2752.242s][info][gc,phases      ] GC(227)   Pre Evacuate Collection Set: 0.28ms
[2752.242s][info][gc,phases      ] GC(227)   Merge Heap Roots: 0.56ms
[2752.242s][info][gc,phases      ] GC(227)   Evacuate Collection Set: 159.26ms
[2752.242s][info][gc,phases      ] GC(227)   Post Evacuate Collection Set: 1.23ms
[2752.242s][info][gc,phases      ] GC(227)   Other: 0.06ms
[2752.242s][info][gc,heap        ] GC(227) Eden regions: 649->0(646)
[2752.242s][info][gc,heap        ] GC(227) Survivor regions: 50->50(88)
[2752.242s][info][gc,heap        ] GC(227) Old regions: 386->389
[2752.242s][info][gc,heap        ] GC(227) Humongous regions: 81->81
[2752.242s][info][gc,metaspace   ] GC(227) Metaspace: 29962K(30144K)->29962K(30144K) NonClass: 29962K(30144K)->29962K(30144K) Class: 0K(0K)->0K(0K)
[2752.242s][info][gc             ] GC(227) Pause Young (Normal) (G1 Evacuation Pause) 9300M->4131M(10240M) 161.532ms
[2752.242s][info][gc,cpu         ] GC(227) User=1.27s Sys=0.00s Real=0.16s
............[2763.413s][info][gc,start       ] GC(228) Pause Young (Normal) (G1 Evacuation Pause)
[2763.413s][info][gc,task        ] GC(228) Using 8 workers of 8 for evacuation
[2763.580s][info][gc,phases      ] GC(228)   Pre Evacuate Collection Set: 0.28ms
[2763.580s][info][gc,phases      ] GC(228)   Merge Heap Roots: 0.58ms
[2763.580s][info][gc,phases      ] GC(228)   Evacuate Collection Set: 165.28ms
[2763.580s][info][gc,phases      ] GC(228)   Post Evacuate Collection Set: 1.24ms
[2763.580s][info][gc,phases      ] GC(228)   Other: 0.08ms
[2763.580s][info][gc,heap        ] GC(228) Eden regions: 646->0(639)
[2763.580s][info][gc,heap        ] GC(228) Survivor regions: 50->52(87)
[2763.580s][info][gc,heap        ] GC(228) Old regions: 389->392
[2763.580s][info][gc,heap        ] GC(228) Humongous regions: 81->81
[2763.580s][info][gc,metaspace   ] GC(228) Metaspace: 29962K(30144K)->29962K(30144K) NonClass: 29962K(30144K)->29962K(30144K) Class: 0K(0K)->0K(0K)
[2763.581s][info][gc             ] GC(228) Pause Young (Normal) (G1 Evacuation Pause) 9299M->4169M(10240M) 167.587ms
[2763.581s][info][gc,cpu         ] GC(228) User=1.32s Sys=0.00s Real=0.17s
...........[2774.608s][info][gc,start       ] GC(229) Pause Young (Normal) (G1 Evacuation Pause)
[2774.608s][info][gc,task        ] GC(229) Using 8 workers of 8 for evacuation
[2774.767s][info][gc,phases      ] GC(229)   Pre Evacuate Collection Set: 0.31ms
[2774.767s][info][gc,phases      ] GC(229)   Merge Heap Roots: 0.64ms
[2774.767s][info][gc,phases      ] GC(229)   Evacuate Collection Set: 156.60ms
[2774.767s][info][gc,phases      ] GC(229)   Post Evacuate Collection Set: 1.18ms
[2774.767s][info][gc,phases      ] GC(229)   Other: 0.08ms
[2774.767s][info][gc,heap        ] GC(229) Eden regions: 639->0(646)
[2774.767s][info][gc,heap        ] GC(229) Survivor regions: 52->44(87)
[2774.767s][info][gc,heap        ] GC(229) Old regions: 392->401
[2774.767s][info][gc,heap        ] GC(229) Humongous regions: 81->81
[2774.767s][info][gc,metaspace   ] GC(229) Metaspace: 29962K(30144K)->29962K(30144K) NonClass: 29962K(30144K)->29962K(30144K) Class: 0K(0K)->0K(0K)
[2774.767s][info][gc             ] GC(229) Pause Young (Normal) (G1 Evacuation Pause) 9281M->4170M(10240M) 158.945ms
[2774.767s][info][gc,cpu         ] GC(229) User=1.25s Sys=0.00s Real=0.16s
...........[2785.863s][info][gc,start       ] GC(230) Pause Young (Normal) (G1 Evacuation Pause)
[2785.863s][info][gc,task        ] GC(230) Using 8 workers of 8 for evacuation
[2786.017s][info][gc,phases      ] GC(230)   Pre Evacuate Collection Set: 0.30ms
[2786.017s][info][gc,phases      ] GC(230)   Merge Heap Roots: 0.58ms
[2786.017s][info][gc,phases      ] GC(230)   Evacuate Collection Set: 151.92ms
[2786.017s][info][gc,phases      ] GC(230)   Post Evacuate Collection Set: 1.21ms
[2786.017s][info][gc,phases      ] GC(230)   Other: 0.06ms
[2786.017s][info][gc,heap        ] GC(230) Eden regions: 646->0(634)
[2786.017s][info][gc,heap        ] GC(230) Survivor regions: 44->50(87)
[2786.017s][info][gc,heap        ] GC(230) Old regions: 401->401
[2786.017s][info][gc,heap        ] GC(230) Humongous regions: 81->81
[2786.017s][info][gc,metaspace   ] GC(230) Metaspace: 29962K(30144K)->29962K(30144K) NonClass: 29962K(30144K)->29962K(30144K) Class: 0K(0K)->0K(0K)
[2786.017s][info][gc             ] GC(230) Pause Young (Normal) (G1 Evacuation Pause) 9338M->4222M(10240M) 154.208ms
[2786.017s][info][gc,cpu         ] GC(230) User=1.21s Sys=0.01s Real=0.16s
...........[2796.907s][info][gc,start       ] GC(231) Pause Young (Normal) (G1 Evacuation Pause)
[2796.907s][info][gc,task        ] GC(231) Using 8 workers of 8 for evacuation
[2797.067s][info][gc,phases      ] GC(231)   Pre Evacuate Collection Set: 0.30ms
[2797.067s][info][gc,phases      ] GC(231)   Merge Heap Roots: 0.58ms
[2797.067s][info][gc,phases      ] GC(231)   Evacuate Collection Set: 158.22ms
[2797.067s][info][gc,phases      ] GC(231)   Post Evacuate Collection Set: 1.19ms
[2797.067s][info][gc,phases      ] GC(231)   Other: 0.07ms
[2797.067s][info][gc,heap        ] GC(231) Eden regions: 634->0(631)
[2797.067s][info][gc,heap        ] GC(231) Survivor regions: 50->50(86)
[2797.067s][info][gc,heap        ] GC(231) Old regions: 401->404
[2797.067s][info][gc,heap        ] GC(231) Humongous regions: 81->81
[2797.067s][info][gc,metaspace   ] GC(231) Metaspace: 29962K(30144K)->29962K(30144K) NonClass: 29962K(30144K)->29962K(30144K) Class: 0K(0K)->0K(0K)
[2797.067s][info][gc             ] GC(231) Pause Young (Normal) (G1 Evacuation Pause) 9294M->4245M(10240M) 160.498ms
[2797.067s][info][gc,cpu         ] GC(231) User=1.26s Sys=0.00s Real=0.16s
... (rIR:aIR:PR = 3874:3873:3873) (tPR = 57172) [OK] 
  2799s: Performance info:
         Transaction,    Success,    Partial,     Failed,   Receipts, AvgBarcode, 
             Overall,     232592,          0,          0,     220959,      59.47, 
         Response times:
             Request,    Success,    Partial,     Failed,   SkipFail,     Probes,    Samples,      min,      p50,      p90,      p95,      p99,      max, 
       TotalPurchase,     220959,          0,          0,          0,     215408,     231860,      300,     2600,     4400,     5000,    23000,   237000,
     InStorePurchase,     116291,          0,          0,          0,     113465,     121932,      300,     2500,     4400,     4900,    23670,   178000,
      OnlinePurchase,      81426,          0,          0,          0,      79405,      85366,      300,     2600,     4500,     5000,    23000,   179000,
        InstPurchase,      23242,          0,          0,          0,      22538,      24562,      500,     2900,     4600,     5100,    23000,   237000,
          AssocOfCat,        234,          0,          0,          0,        169,        241,    24000,    29000,    36000,    41000,    62220,    72000,
      AssocOfProduct,       2323,          0,          0,          0,       2105,       2483,      600,     3200,     4860,     5400,    24320,   167000,
      BusinessReport,        580,          0,          0,          0,        493,        648,    24000,    32000,    42000,    50000,    88040,   225000,
          CustBuyBeh,       2318,          0,          0,          0,       2130,       2456,      300,     2700,     4400,     4900,    23000,   163000,
       ProductReturn,       6178,          0,          0,          0,       5825,       6466,      200,     2200,     4300,     4900,    17400,   204000,

  2799s: (29%)   IR =   4013 ....|....[2807.615s][info][gc,start       ] GC(232) Pause Young (Normal) (G1 Evacuation Pause)
[2807.615s][info][gc,task        ] GC(232) Using 8 workers of 8 for evacuation
[2807.775s][info][gc,phases      ] GC(232)   Pre Evacuate Collection Set: 0.31ms
[2807.775s][info][gc,phases      ] GC(232)   Merge Heap Roots: 0.63ms
[2807.775s][info][gc,phases      ] GC(232)   Evacuate Collection Set: 157.69ms
[2807.775s][info][gc,phases      ] GC(232)   Post Evacuate Collection Set: 1.21ms
[2807.775s][info][gc,phases      ] GC(232)   Other: 0.07ms
[2807.775s][info][gc,heap        ] GC(232) Eden regions: 631->0(627)
[2807.775s][info][gc,heap        ] GC(232) Survivor regions: 50->51(86)
[2807.775s][info][gc,heap        ] GC(232) Old regions: 404->406
[2807.775s][info][gc,heap        ] GC(232) Humongous regions: 81->81
[2807.775s][info][gc,metaspace   ] GC(232) Metaspace: 29962K(30144K)->29962K(30144K) NonClass: 29962K(30144K)->29962K(30144K) Class: 0K(0K)->0K(0K)
[2807.775s][info][gc             ] GC(232) Pause Young (Normal) (G1 Evacuation Pause) 9293M->4272M(10240M) 160.053ms
[2807.775s][info][gc,cpu         ] GC(232) User=1.26s Sys=0.00s Real=0.16s
..........[2818.123s][info][gc,start       ] GC(233) Pause Young (Normal) (G1 Evacuation Pause)
[2818.123s][info][gc,task        ] GC(233) Using 8 workers of 8 for evacuation
[2818.282s][info][gc,phases      ] GC(233)   Pre Evacuate Collection Set: 0.30ms
[2818.282s][info][gc,phases      ] GC(233)   Merge Heap Roots: 0.63ms
[2818.282s][info][gc,phases      ] GC(233)   Evacuate Collection Set: 156.45ms
[2818.282s][info][gc,phases      ] GC(233)   Post Evacuate Collection Set: 1.19ms
[2818.282s][info][gc,phases      ] GC(233)   Other: 0.06ms
[2818.282s][info][gc,heap        ] GC(233) Eden regions: 627->0(626)
[2818.282s][info][gc,heap        ] GC(233) Survivor regions: 51->50(85)
[2818.282s][info][gc,heap        ] GC(233) Old regions: 406->409
[2818.282s][info][gc,heap        ] GC(233) Humongous regions: 81->81
[2818.282s][info][gc,metaspace   ] GC(233) Metaspace: 29962K(30144K)->29962K(30144K) NonClass: 29962K(30144K)->29962K(30144K) Class: 0K(0K)->0K(0K)
[2818.282s][info][gc             ] GC(233) Pause Young (Normal) (G1 Evacuation Pause) 9288M->4291M(10240M) 158.769ms
[2818.282s][info][gc,cpu         ] GC(233) User=1.24s Sys=0.00s Real=0.16s
...........[2828.830s][info][gc,start       ] GC(234) Pause Young (Normal) (G1 Evacuation Pause)
[2828.830s][info][gc,task        ] GC(234) Using 8 workers of 8 for evacuation
[2828.991s][info][gc,phases      ] GC(234)   Pre Evacuate Collection Set: 0.32ms
[2828.991s][info][gc,phases      ] GC(234)   Merge Heap Roots: 0.56ms
[2828.991s][info][gc,phases      ] GC(234)   Evacuate Collection Set: 158.87ms
[2828.991s][info][gc,phases      ] GC(234)   Post Evacuate Collection Set: 1.14ms
[2828.991s][info][gc,phases      ] GC(234)   Other: 0.08ms
[2828.991s][info][gc,heap        ] GC(234) Eden regions: 626->0(623)
[2828.991s][info][gc,heap        ] GC(234) Survivor regions: 50->50(85)
[2828.991s][info][gc,heap        ] GC(234) Old regions: 409->412
[2828.991s][info][gc,heap        ] GC(234) Humongous regions: 81->81
[2828.991s][info][gc,metaspace   ] GC(234) Metaspace: 29962K(30144K)->29962K(30144K) NonClass: 29962K(30144K)->29962K(30144K) Class: 0K(0K)->0K(0K)
[2828.991s][info][gc             ] GC(234) Pause Young (Normal) (G1 Evacuation Pause) 9299M->4313M(10240M) 161.104ms
[2828.991s][info][gc,cpu         ] GC(234) User=1.27s Sys=0.00s Real=0.16s
..........[2839.218s][info][gc,start       ] GC(235) Pause Young (Normal) (G1 Evacuation Pause)
[2839.218s][info][gc,task        ] GC(235) Using 8 workers of 8 for evacuation
[2839.380s][info][gc,phases      ] GC(235)   Pre Evacuate Collection Set: 0.29ms
[2839.380s][info][gc,phases      ] GC(235)   Merge Heap Roots: 0.56ms
[2839.380s][info][gc,phases      ] GC(235)   Evacuate Collection Set: 159.96ms
[2839.380s][info][gc,phases      ] GC(235)   Post Evacuate Collection Set: 1.17ms
[2839.380s][info][gc,phases      ] GC(235)   Other: 0.06ms
[2839.380s][info][gc,heap        ] GC(235) Eden regions: 623->0(620)
[2839.380s][info][gc,heap        ] GC(235) Survivor regions: 50->50(85)
[2839.380s][info][gc,heap        ] GC(235) Old regions: 412->415
[2839.380s][info][gc,heap        ] GC(235) Humongous regions: 81->81
[2839.380s][info][gc,metaspace   ] GC(235) Metaspace: 29962K(30144K)->29962K(30144K) NonClass: 29962K(30144K)->29962K(30144K) Class: 0K(0K)->0K(0K)
[2839.380s][info][gc             ] GC(235) Pause Young (Normal) (G1 Evacuation Pause) 9297M->4336M(10240M) 162.164ms
[2839.380s][info][gc,cpu         ] GC(235) User=1.28s Sys=0.00s Real=0.16s
...........[2849.707s][info][gc,start       ] GC(236) Pause Young (Normal) (G1 Evacuation Pause)
[2849.707s][info][gc,task        ] GC(236) Using 8 workers of 8 for evacuation
[2849.866s][info][gc,phases      ] GC(236)   Pre Evacuate Collection Set: 0.28ms
[2849.866s][info][gc,phases      ] GC(236)   Merge Heap Roots: 0.58ms
[2849.866s][info][gc,phases      ] GC(236)   Evacuate Collection Set: 157.30ms
[2849.866s][info][gc,phases      ] GC(236)   Post Evacuate Collection Set: 1.16ms
[2849.866s][info][gc,phases      ] GC(236)   Other: 0.07ms
[2849.866s][info][gc,heap        ] GC(236) Eden regions: 620->0(623)
[2849.866s][info][gc,heap        ] GC(236) Survivor regions: 50->44(84)
[2849.866s][info][gc,heap        ] GC(236) Old regions: 415->424
[2849.866s][info][gc,heap        ] GC(236) Humongous regions: 81->81
[2849.866s][info][gc,metaspace   ] GC(236) Metaspace: 29962K(30144K)->29962K(30144K) NonClass: 29962K(30144K)->29962K(30144K) Class: 0K(0K)->0K(0K)
[2849.866s][info][gc             ] GC(236) Pause Young (Normal) (G1 Evacuation Pause) 9296M->4357M(10240M) 159.525ms
[2849.866s][info][gc,cpu         ] GC(236) User=1.25s Sys=0.00s Real=0.16s
..........[2860.126s][info][gc,start       ] GC(237) Pause Young (Normal) (G1 Evacuation Pause)
[2860.126s][info][gc,task        ] GC(237) Using 8 workers of 8 for evacuation
[2860.279s][info][gc,phases      ] GC(237)   Pre Evacuate Collection Set: 0.30ms
[2860.279s][info][gc,phases      ] GC(237)   Merge Heap Roots: 0.68ms
[2860.279s][info][gc,phases      ] GC(237)   Evacuate Collection Set: 150.83ms
[2860.279s][info][gc,phases      ] GC(237)   Post Evacuate Collection Set: 1.17ms
[2860.279s][info][gc,phases      ] GC(237)   Other: 0.08ms
[2860.279s][info][gc,heap        ] GC(237) Eden regions: 623->0(611)
[2860.279s][info][gc,heap        ] GC(237) Survivor regions: 44->50(84)
[2860.279s][info][gc,heap        ] GC(237) Old regions: 424->424
[2860.279s][info][gc,heap        ] GC(237) Humongous regions: 81->81
[2860.279s][info][gc,metaspace   ] GC(237) Metaspace: 29962K(30144K)->29962K(30144K) NonClass: 29962K(30144K)->29962K(30144K) Class: 0K(0K)->0K(0K)
[2860.279s][info][gc             ] GC(237) Pause Young (Normal) (G1 Evacuation Pause) 9341M->4405M(10240M) 153.216ms
[2860.279s][info][gc,cpu         ] GC(237) User=1.20s Sys=0.00s Real=0.15s
.... (rIR:aIR:PR = 4013:4012:4012) (tPR = 59687) [OK] 
  2863s: Performance info:
         Transaction,    Success,    Partial,     Failed,   Receipts, AvgBarcode, 
             Overall,     240983,          0,          0,     228909,      59.48, 
         Response times:
             Request,    Success,    Partial,     Failed,   SkipFail,     Probes,    Samples,      min,      p50,      p90,      p95,      p99,      max, 
       TotalPurchase,     228909,          0,          0,          0,     223706,     241006,      400,     2600,     4500,     5100,    19800,   176000,
     InStorePurchase,     120507,          0,          0,          0,     117972,     126852,      400,     2600,     4500,     5100,    21000,   176000,
      OnlinePurchase,      84276,          0,          0,          0,      82368,      88707,      400,     2600,     4500,     5100,    19792,   169000,
        InstPurchase,      24126,          0,          0,          0,      23366,      25447,      500,     2900,     4700,     5200,    19600,   168000,
          AssocOfCat,        243,          0,          0,          0,        186,        241,    19600,    29000,    36000,    39000,    61860,    70000,
      AssocOfProduct,       2413,          0,          0,          0,       2200,       2512,      600,     3200,     5000,     5600,    15983,   165000,
      BusinessReport,        601,          0,          0,          0,        498,        610,    25000,    32000,    41000,    48000,    75780,   189000,
          CustBuyBeh,       2431,          0,          0,          0,       2212,       2511,      200,     2300,     4200,     4800,    15488,    56000,
       ProductReturn,       6386,          0,          0,          0,       6030,       6696,      300,     3000,     4600,     5100,    23000,   168000,

  2863s: (30%)   IR =   4151 ....|..[2870.201s][info][gc,start       ] GC(238) Pause Young (Normal) (G1 Evacuation Pause)
[2870.201s][info][gc,task        ] GC(238) Using 8 workers of 8 for evacuation
[2870.361s][info][gc,phases      ] GC(238)   Pre Evacuate Collection Set: 0.29ms
[2870.361s][info][gc,phases      ] GC(238)   Merge Heap Roots: 0.71ms
[2870.361s][info][gc,phases      ] GC(238)   Evacuate Collection Set: 157.12ms
[2870.361s][info][gc,phases      ] GC(238)   Post Evacuate Collection Set: 1.22ms
[2870.361s][info][gc,phases      ] GC(238)   Other: 0.07ms
[2870.361s][info][gc,heap        ] GC(238) Eden regions: 611->0(614)
[2870.361s][info][gc,heap        ] GC(238) Survivor regions: 50->44(83)
[2870.361s][info][gc,heap        ] GC(238) Old regions: 424->433
[2870.361s][info][gc,heap        ] GC(238) Humongous regions: 81->81
[2870.361s][info][gc,metaspace   ] GC(238) Metaspace: 29962K(30144K)->29962K(30144K) NonClass: 29962K(30144K)->29962K(30144K) Class: 0K(0K)->0K(0K)
[2870.361s][info][gc             ] GC(238) Pause Young (Normal) (G1 Evacuation Pause) 9293M->4431M(10240M) 159.547ms
[2870.361s][info][gc,cpu         ] GC(238) User=1.25s Sys=0.01s Real=0.16s
..........[2880.263s][info][gc,start       ] GC(239) Pause Young (Normal) (G1 Evacuation Pause)
[2880.263s][info][gc,task        ] GC(239) Using 8 workers of 8 for evacuation
[2880.414s][info][gc,phases      ] GC(239)   Pre Evacuate Collection Set: 0.30ms
[2880.414s][info][gc,phases      ] GC(239)   Merge Heap Roots: 0.59ms
[2880.414s][info][gc,phases      ] GC(239)   Evacuate Collection Set: 148.50ms
[2880.414s][info][gc,phases      ] GC(239)   Post Evacuate Collection Set: 1.20ms
[2880.414s][info][gc,phases      ] GC(239)   Other: 0.07ms
[2880.414s][info][gc,heap        ] GC(239) Eden regions: 614->0(604)
[2880.414s][info][gc,heap        ] GC(239) Survivor regions: 44->49(83)
[2880.414s][info][gc,heap        ] GC(239) Old regions: 433->433
[2880.414s][info][gc,heap        ] GC(239) Humongous regions: 81->81
[2880.414s][info][gc,metaspace   ] GC(239) Metaspace: 29962K(30144K)->29962K(30144K) NonClass: 29962K(30144K)->29962K(30144K) Class: 0K(0K)->0K(0K)
[2880.414s][info][gc             ] GC(239) Pause Young (Normal) (G1 Evacuation Pause) 9343M->4471M(10240M) 150.796ms
[2880.414s][info][gc,cpu         ] GC(239) User=1.18s Sys=0.00s Real=0.15s
..........[2890.095s][info][gc,start       ] GC(240) Pause Young (Normal) (G1 Evacuation Pause)
[2890.096s][info][gc,task        ] GC(240) Using 8 workers of 8 for evacuation
[2890.252s][info][gc,phases      ] GC(240)   Pre Evacuate Collection Set: 0.35ms
[2890.252s][info][gc,phases      ] GC(240)   Merge Heap Roots: 0.69ms
[2890.252s][info][gc,phases      ] GC(240)   Evacuate Collection Set: 154.38ms
[2890.252s][info][gc,phases      ] GC(240)   Post Evacuate Collection Set: 1.11ms
[2890.252s][info][gc,phases      ] GC(240)   Other: 0.07ms
[2890.252s][info][gc,heap        ] GC(240) Eden regions: 604->0(606)
[2890.252s][info][gc,heap        ] GC(240) Survivor regions: 49->43(82)
[2890.252s][info][gc,heap        ] GC(240) Old regions: 433->443
[2890.252s][info][gc,heap        ] GC(240) Humongous regions: 81->81
[2890.252s][info][gc,metaspace   ] GC(240) Metaspace: 29962K(30144K)->29962K(30144K) NonClass: 29962K(30144K)->29962K(30144K) Class: 0K(0K)->0K(0K)
[2890.252s][info][gc             ] GC(240) Pause Young (Normal) (G1 Evacuation Pause) 9303M->4501M(10240M) 156.733ms
[2890.252s][info][gc,cpu         ] GC(240) User=1.23s Sys=0.01s Real=0.16s
..........[2899.869s][info][gc,start       ] GC(241) Pause Young (Normal) (G1 Evacuation Pause)
[2899.869s][info][gc,task        ] GC(241) Using 8 workers of 8 for evacuation
[2900.020s][info][gc,phases      ] GC(241)   Pre Evacuate Collection Set: 0.33ms
[2900.020s][info][gc,phases      ] GC(241)   Merge Heap Roots: 0.64ms
[2900.020s][info][gc,phases      ] GC(241)   Evacuate Collection Set: 148.83ms
[2900.020s][info][gc,phases      ] GC(241)   Post Evacuate Collection Set: 1.15ms
[2900.020s][info][gc,phases      ] GC(241)   Other: 0.06ms
[2900.020s][info][gc,heap        ] GC(241) Eden regions: 606->0(600)
[2900.020s][info][gc,heap        ] GC(241) Survivor regions: 43->43(82)
[2900.020s][info][gc,heap        ] GC(241) Old regions: 443->449
[2900.020s][info][gc,heap        ] GC(241) Humongous regions: 81->81
[2900.020s][info][gc,metaspace   ] GC(241) Metaspace: 29962K(30144K)->29962K(30144K) NonClass: 29962K(30144K)->29962K(30144K) Class: 0K(0K)->0K(0K)
[2900.020s][info][gc             ] GC(241) Pause Young (Normal) (G1 Evacuation Pause) 9349M->4556M(10240M) 151.176ms
[2900.020s][info][gc,cpu         ] GC(241) User=1.19s Sys=0.00s Real=0.15s
..........[2909.643s][info][gc,start       ] GC(242) Pause Young (Normal) (G1 Evacuation Pause)
[2909.643s][info][gc,task        ] GC(242) Using 8 workers of 8 for evacuation
[2909.793s][info][gc,phases      ] GC(242)   Pre Evacuate Collection Set: 0.29ms
[2909.793s][info][gc,phases      ] GC(242)   Merge Heap Roots: 0.55ms
[2909.793s][info][gc,phases      ] GC(242)   Evacuate Collection Set: 147.46ms
[2909.793s][info][gc,phases      ] GC(242)   Post Evacuate Collection Set: 1.12ms
[2909.793s][info][gc,phases      ] GC(242)   Other: 0.06ms
[2909.793s][info][gc,heap        ] GC(242) Eden regions: 600->0(593)
[2909.793s][info][gc,heap        ] GC(242) Survivor regions: 43->43(81)
[2909.793s][info][gc,heap        ] GC(242) Old regions: 449->456
[2909.793s][info][gc,heap        ] GC(242) Humongous regions: 81->81
[2909.793s][info][gc,metaspace   ] GC(242) Metaspace: 29962K(30144K)->29962K(30144K) NonClass: 29962K(30144K)->29962K(30144K) Class: 0K(0K)->0K(0K)
[2909.793s][info][gc             ] GC(242) Pause Young (Normal) (G1 Evacuation Pause) 9356M->4610M(10240M) 149.603ms
[2909.793s][info][gc,cpu         ] GC(242) User=1.17s Sys=0.01s Real=0.15s
.........[2919.318s][info][gc,start       ] GC(243) Pause Young (Normal) (G1 Evacuation Pause)
[2919.318s][info][gc,task        ] GC(243) Using 8 workers of 8 for evacuation
[2919.470s][info][gc,phases      ] GC(243)   Pre Evacuate Collection Set: 0.30ms
[2919.470s][info][gc,phases      ] GC(243)   Merge Heap Roots: 0.56ms
[2919.470s][info][gc,phases      ] GC(243)   Evacuate Collection Set: 149.31ms
[2919.470s][info][gc,phases      ] GC(243)   Post Evacuate Collection Set: 1.11ms
[2919.470s][info][gc,phases      ] GC(243)   Other: 0.06ms
[2919.470s][info][gc,heap        ] GC(243) Eden regions: 593->0(586)
[2919.470s][info][gc,heap        ] GC(243) Survivor regions: 43->43(80)
[2919.470s][info][gc,heap        ] GC(243) Old regions: 456->463
[2919.470s][info][gc,heap        ] GC(243) Humongous regions: 81->81
[2919.470s][info][gc,metaspace   ] GC(243) Metaspace: 29962K(30144K)->29962K(30144K) NonClass: 29962K(30144K)->29962K(30144K) Class: 0K(0K)->0K(0K)
[2919.470s][info][gc             ] GC(243) Pause Young (Normal) (G1 Evacuation Pause) 9354M->4662M(10240M) 151.468ms
[2919.470s][info][gc,cpu         ] GC(243) User=1.19s Sys=0.00s Real=0.15s
......... (rIR:aIR:PR = 4151:4151:4151) (tPR = 61835) [OK] 
  2927s: Performance info:
         Transaction,    Success,    Partial,     Failed,   Receipts, AvgBarcode, 
             Overall,     249218,          0,          0,     236747,      59.47, 
         Response times:
             Request,    Success,    Partial,     Failed,   SkipFail,     Probes,    Samples,      min,      p50,      p90,      p95,      p99,      max, 
       TotalPurchase,     236746,          0,          0,          0,     231094,     248811,      300,     2800,     4700,     5400,    24000,   255000,
     InStorePurchase,     124582,          0,          0,          0,     121919,     131081,      400,     2800,     4700,     5400,    26000,   254000,
      OnlinePurchase,      87279,          0,          0,          0,      85037,      91551,      300,     2700,     4700,     5400,    22000,   254000,
        InstPurchase,      24885,          0,          0,          0,      24138,      26179,      500,     2600,     4800,     5400,    24000,   255000,
          AssocOfCat,        251,          0,          0,          0,        201,        268,    21000,    30000,    39000,    45550,    95930,   186000,
      AssocOfProduct,       2489,          0,          0,          0,       2270,       2636,      400,     2600,     4900,     5500,    26630,   164000,
      BusinessReport,        622,          0,          0,          0,        537,        664,    26000,    33000,    44000,    50000,    73800,   209000,
          CustBuyBeh,       2502,          0,          0,          0,       2299,       2605,      300,     2200,     4500,     5200,    20832,   155000,
       ProductReturn,       6607,          0,          0,          0,       6272,       6970,      300,     3000,     4800,     5400,    28000,   255000,

  2927s: (31%)   IR =   4289 .[2928.814s][info][gc,start       ] GC(244) Pause Young (Normal) (G1 Evacuation Pause)
[2928.814s][info][gc,task        ] GC(244) Using 8 workers of 8 for evacuation
[2928.963s][info][gc,phases      ] GC(244)   Pre Evacuate Collection Set: 0.31ms
[2928.963s][info][gc,phases      ] GC(244)   Merge Heap Roots: 0.64ms
[2928.963s][info][gc,phases      ] GC(244)   Evacuate Collection Set: 147.15ms
[2928.963s][info][gc,phases      ] GC(244)   Post Evacuate Collection Set: 1.13ms
[2928.963s][info][gc,phases      ] GC(244)   Other: 0.06ms
[2928.963s][info][gc,heap        ] GC(244) Eden regions: 586->0(578)
[2928.963s][info][gc,heap        ] GC(244) Survivor regions: 43->44(79)
[2928.963s][info][gc,heap        ] GC(244) Old regions: 463->469
[2928.963s][info][gc,heap        ] GC(244) Humongous regions: 81->81
[2928.963s][info][gc,metaspace   ] GC(244) Metaspace: 29962K(30144K)->29962K(30144K) NonClass: 29962K(30144K)->29962K(30144K) Class: 0K(0K)->0K(0K)
[2928.963s][info][gc             ] GC(244) Pause Young (Normal) (G1 Evacuation Pause) 9350M->4720M(10240M) 149.428ms
[2928.963s][info][gc,cpu         ] GC(244) User=1.17s Sys=0.00s Real=0.15s
...|......[2937.902s][info][gc,start       ] GC(245) Pause Young (Normal) (G1 Evacuation Pause)
[2937.902s][info][gc,task        ] GC(245) Using 8 workers of 8 for evacuation
[2938.049s][info][gc,phases      ] GC(245)   Pre Evacuate Collection Set: 0.31ms
[2938.049s][info][gc,phases      ] GC(245)   Merge Heap Roots: 0.61ms
[2938.049s][info][gc,phases      ] GC(245)   Evacuate Collection Set: 144.88ms
[2938.049s][info][gc,phases      ] GC(245)   Post Evacuate Collection Set: 1.11ms
[2938.049s][info][gc,phases      ] GC(245)   Other: 0.06ms
[2938.049s][info][gc,heap        ] GC(245) Eden regions: 578->0(572)
[2938.049s][info][gc,heap        ] GC(245) Survivor regions: 44->43(78)
[2938.049s][info][gc,heap        ] GC(245) Old regions: 469->477
[2938.049s][info][gc,heap        ] GC(245) Humongous regions: 81->81
[2938.049s][info][gc,metaspace   ] GC(245) Metaspace: 29962K(30144K)->29962K(30144K) NonClass: 29962K(30144K)->29962K(30144K) Class: 0K(0K)->0K(0K)
[2938.049s][info][gc             ] GC(245) Pause Young (Normal) (G1 Evacuation Pause) 9344M->4769M(10240M) 147.109ms
[2938.049s][info][gc,cpu         ] GC(245) User=1.16s Sys=0.00s Real=0.15s
.........[2946.888s][info][gc,start       ] GC(246) Pause Young (Normal) (G1 Evacuation Pause)
[2946.888s][info][gc,task        ] GC(246) Using 8 workers of 8 for evacuation
[2947.036s][info][gc,phases      ] GC(246)   Pre Evacuate Collection Set: 0.30ms
[2947.036s][info][gc,phases      ] GC(246)   Merge Heap Roots: 0.55ms
[2947.036s][info][gc,phases      ] GC(246)   Evacuate Collection Set: 146.02ms
[2947.036s][info][gc,phases      ] GC(246)   Post Evacuate Collection Set: 1.09ms
[2947.036s][info][gc,phases      ] GC(246)   Other: 0.06ms
[2947.036s][info][gc,heap        ] GC(246) Eden regions: 572->0(566)
[2947.036s][info][gc,heap        ] GC(246) Survivor regions: 43->43(77)
[2947.036s][info][gc,heap        ] GC(246) Old regions: 477->483
[2947.036s][info][gc,heap        ] GC(246) Humongous regions: 81->81
[2947.036s][info][gc,metaspace   ] GC(246) Metaspace: 29962K(30144K)->29962K(30144K) NonClass: 29962K(30144K)->29962K(30144K) Class: 0K(0K)->0K(0K)
[2947.036s][info][gc             ] GC(246) Pause Young (Normal) (G1 Evacuation Pause) 9345M->4824M(10240M) 148.157ms
[2947.036s][info][gc,cpu         ] GC(246) User=1.17s Sys=0.00s Real=0.15s
.........[2955.773s][info][gc,start       ] GC(247) Pause Young (Normal) (G1 Evacuation Pause)
[2955.773s][info][gc,task        ] GC(247) Using 8 workers of 8 for evacuation
[2955.923s][info][gc,phases      ] GC(247)   Pre Evacuate Collection Set: 0.28ms
[2955.923s][info][gc,phases      ] GC(247)   Merge Heap Roots: 0.57ms
[2955.923s][info][gc,phases      ] GC(247)   Evacuate Collection Set: 147.98ms
[2955.923s][info][gc,phases      ] GC(247)   Post Evacuate Collection Set: 1.10ms
[2955.923s][info][gc,phases      ] GC(247)   Other: 0.06ms
[2955.923s][info][gc,heap        ] GC(247) Eden regions: 566->0(558)
[2955.923s][info][gc,heap        ] GC(247) Survivor regions: 43->43(77)
[2955.923s][info][gc,heap        ] GC(247) Old regions: 483->491
[2955.923s][info][gc,heap        ] GC(247) Humongous regions: 81->81
[2955.923s][info][gc,metaspace   ] GC(247) Metaspace: 29962K(30144K)->29962K(30144K) NonClass: 29962K(30144K)->29962K(30144K) Class: 0K(0K)->0K(0K)
[2955.923s][info][gc             ] GC(247) Pause Young (Normal) (G1 Evacuation Pause) 9352M->4885M(10240M) 150.116ms
[2955.923s][info][gc,cpu         ] GC(247) User=1.18s Sys=0.00s Real=0.15s
.........[2964.539s][info][gc,start       ] GC(248) Pause Young (Normal) (G1 Evacuation Pause)
[2964.539s][info][gc,task        ] GC(248) Using 8 workers of 8 for evacuation
[2964.688s][info][gc,phases      ] GC(248)   Pre Evacuate Collection Set: 0.26ms
[2964.688s][info][gc,phases      ] GC(248)   Merge Heap Roots: 0.62ms
[2964.688s][info][gc,phases      ] GC(248)   Evacuate Collection Set: 146.71ms
[2964.688s][info][gc,phases      ] GC(248)   Post Evacuate Collection Set: 1.08ms
[2964.688s][info][gc,phases      ] GC(248)   Other: 0.06ms
[2964.688s][info][gc,heap        ] GC(248) Eden regions: 558->0(551)
[2964.688s][info][gc,heap        ] GC(248) Survivor regions: 43->43(76)
[2964.688s][info][gc,heap        ] GC(248) Old regions: 491->498
[2964.688s][info][gc,heap        ] GC(248) Humongous regions: 81->81
[2964.688s][info][gc,metaspace   ] GC(248) Metaspace: 29962K(30144K)->29962K(30144K) NonClass: 29962K(30144K)->29962K(30144K) Class: 0K(0K)->0K(0K)
[2964.688s][info][gc             ] GC(248) Pause Young (Normal) (G1 Evacuation Pause) 9349M->4939M(10240M) 148.853ms
[2964.688s][info][gc,cpu         ] GC(248) User=1.17s Sys=0.00s Real=0.15s
........[2973.308s][info][gc,start       ] GC(249) Pause Young (Concurrent Start) (G1 Evacuation Pause)
[2973.308s][info][gc,task        ] GC(249) Using 8 workers of 8 for evacuation
[2973.454s][info][gc,phases      ] GC(249)   Pre Evacuate Collection Set: 0.34ms
[2973.454s][info][gc,phases      ] GC(249)   Merge Heap Roots: 0.54ms
[2973.454s][info][gc,phases      ] GC(249)   Evacuate Collection Set: 144.21ms
[2973.454s][info][gc,phases      ] GC(249)   Post Evacuate Collection Set: 1.08ms
[2973.454s][info][gc,phases      ] GC(249)   Other: 0.09ms
[2973.454s][info][gc,heap        ] GC(249) Eden regions: 551->0(546)
[2973.454s][info][gc,heap        ] GC(249) Survivor regions: 43->42(75)
[2973.454s][info][gc,heap        ] GC(249) Old regions: 498->505
[2973.454s][info][gc,heap        ] GC(249) Humongous regions: 81->81
[2973.454s][info][gc,metaspace   ] GC(249) Metaspace: 29962K(30144K)->29962K(30144K) NonClass: 29962K(30144K)->29962K(30144K) Class: 0K(0K)->0K(0K)
[2973.454s][info][gc             ] GC(249) Pause Young (Concurrent Start) (G1 Evacuation Pause) 9347M->4989M(10240M) 146.402ms
[2973.455s][info][gc             ] GC(250) Concurrent Mark Cycle
[2973.455s][info][gc,marking     ] GC(250) Concurrent Scan Root Regions
[2973.455s][info][gc,cpu         ] GC(249) User=1.16s Sys=0.00s Real=0.14s
.[2973.644s][info][gc,marking     ] GC(250) Concurrent Scan Root Regions 189.386ms
[2973.644s][info][gc,marking     ] GC(250) Concurrent Mark
[2973.644s][info][gc,marking     ] GC(250) Concurrent Mark From Roots
[2973.644s][info][gc,task        ] GC(250) Using 2 workers of 2 for marking
[2974.214s][info][gc,marking     ] GC(250) Concurrent Mark From Roots 569.558ms
[2974.214s][info][gc,marking     ] GC(250) Concurrent Preclean
[2974.214s][info][gc,marking     ] GC(250) Concurrent Preclean 0.300ms
[2974.214s][info][gc,start       ] GC(250) Pause Remark
[2974.216s][info][gc             ] GC(250) Pause Remark 5497M->4009M(10240M) 2.443ms
[2974.217s][info][gc,cpu         ] GC(250) User=0.02s Sys=0.00s Real=0.01s
[2974.217s][info][gc,marking     ] GC(250) Concurrent Mark 572.576ms
[2974.217s][info][gc,marking     ] GC(250) Concurrent Rebuild Remembered Sets and Scrub Regions
.[2974.562s][info][gc,marking     ] GC(250) Concurrent Rebuild Remembered Sets and Scrub Regions 345.899ms
[2974.563s][info][gc,start       ] GC(250) Pause Cleanup
[2974.563s][info][gc             ] GC(250) Pause Cleanup 4196M->4196M(10240M) 0.346ms
[2974.563s][info][gc,cpu         ] GC(250) User=0.00s Sys=0.00s Real=0.00s
[2974.563s][info][gc,marking     ] GC(250) Concurrent Clear Claimed Marks
[2974.563s][info][gc,marking     ] GC(250) Concurrent Clear Claimed Marks 0.049ms
[2974.563s][info][gc,marking     ] GC(250) Concurrent Cleanup for Next Mark
[2974.572s][info][gc,marking     ] GC(250) Concurrent Cleanup for Next Mark 8.962ms
[2974.572s][info][gc             ] GC(250) Concurrent Mark Cycle 1117.604ms
.......[2981.775s][info][gc,start       ] GC(251) Pause Young (Prepare Mixed) (G1 Evacuation Pause)
[2981.775s][info][gc,task        ] GC(251) Using 8 workers of 8 for evacuation
[2981.922s][info][gc,phases      ] GC(251)   Pre Evacuate Collection Set: 0.29ms
[2981.922s][info][gc,phases      ] GC(251)   Merge Heap Roots: 0.73ms
[2981.922s][info][gc,phases      ] GC(251)   Evacuate Collection Set: 144.32ms
[2981.922s][info][gc,phases      ] GC(251)   Post Evacuate Collection Set: 1.15ms
[2981.922s][info][gc,phases      ] GC(251)   Other: 0.08ms
[2981.922s][info][gc,heap        ] GC(251) Eden regions: 546->0(721)
[2981.922s][info][gc,heap        ] GC(251) Survivor regions: 42->43(74)
[2981.922s][info][gc,heap        ] GC(251) Old regions: 367->374
[2981.922s][info][gc,heap        ] GC(251) Humongous regions: 33->33
[2981.922s][info][gc,metaspace   ] GC(251) Metaspace: 29962K(30144K)->29962K(30144K) NonClass: 29962K(30144K)->29962K(30144K) Class: 0K(0K)->0K(0K)
[2981.922s][info][gc             ] GC(251) Pause Young (Prepare Mixed) (G1 Evacuation Pause) 7869M->3570M(10240M) 146.687ms
[2981.922s][info][gc,cpu         ] GC(251) User=1.16s Sys=0.00s Real=0.15s
.......... (rIR:aIR:PR = 4289:4289:4289) (tPR = 63851) [OK] 
  2991s: Performance info:
         Transaction,    Success,    Partial,     Failed,   Receipts, AvgBarcode, 
             Overall,     257443,          0,          0,     244567,      59.47, 
         Response times:
             Request,    Success,    Partial,     Failed,   SkipFail,     Probes,    Samples,      min,      p50,      p90,      p95,      p99,      max, 
       TotalPurchase,     244567,          0,          0,          0,     239266,     256512,      400,     2900,     5000,     5700,    28000,   239000,
     InStorePurchase,     128716,          0,          0,          0,     126090,     134985,      400,     2800,     4900,     5600,    28000,   239000,
      OnlinePurchase,      90091,          0,          0,          0,      88288,      94567,      400,     2900,     5000,     5700,    27000,   158000,
        InstPurchase,      25760,          0,          0,          0,      24888,      26960,      500,     3100,     5100,     5800,    31000,   239000,
          AssocOfCat,        257,          0,          0,          0,        206,        280,    21000,    31000,    41000,    57000,   116820,   180000,
      AssocOfProduct,       2569,          0,          0,          0,       2327,       2680,      600,     3400,     5300,     6200,    41000,   155000,
      BusinessReport,        647,          0,          0,          0,        549,        707,    26000,    33000,    46000,    54000,    82680,   189000,
          CustBuyBeh,       2577,          0,          0,          0,       2364,       2669,      300,     2900,     4700,     5400,    30000,    73000,
       ProductReturn,       6826,          0,          0,          0,       6416,       7111,      300,     3100,     4900,     5700,    35000,   238000,

  2991s: (32%)   IR =   4428 .[2992.630s][info][gc,start       ] GC(252) Pause Young (Mixed) (G1 Evacuation Pause)
[2992.630s][info][gc,task        ] GC(252) Using 8 workers of 8 for evacuation
[2992.783s][info][gc,phases      ] GC(252)   Pre Evacuate Collection Set: 0.30ms
[2992.783s][info][gc,phases      ] GC(252)   Merge Heap Roots: 0.64ms
[2992.783s][info][gc,phases      ] GC(252)   Evacuate Collection Set: 150.44ms
[2992.783s][info][gc,phases      ] GC(252)   Post Evacuate Collection Set: 1.39ms
[2992.783s][info][gc,phases      ] GC(252)   Other: 0.08ms
[2992.783s][info][gc,heap        ] GC(252) Eden regions: 687->0(714)
[2992.783s][info][gc,heap        ] GC(252) Survivor regions: 43->50(92)
[2992.783s][info][gc,heap        ] GC(252) Old regions: 374->344
[2992.783s][info][gc,heap        ] GC(252) Humongous regions: 33->33
[2992.783s][info][gc,metaspace   ] GC(252) Metaspace: 29962K(30144K)->29962K(30144K) NonClass: 29962K(30144K)->29962K(30144K) Class: 0K(0K)->0K(0K)
[2992.783s][info][gc             ] GC(252) Pause Young (Mixed) (G1 Evacuation Pause) 9066M->3384M(10240M) 152.998ms
[2992.783s][info][gc,cpu         ] GC(252) User=1.21s Sys=0.00s Real=0.15s
....|......[3002.706s][info][gc,start       ] GC(253) Pause Young (Mixed) (G1 Evacuation Pause)
[3002.706s][info][gc,task        ] GC(253) Using 8 workers of 8 for evacuation
[3002.868s][info][gc,phases      ] GC(253)   Pre Evacuate Collection Set: 0.33ms
[3002.868s][info][gc,phases      ] GC(253)   Merge Heap Roots: 0.68ms
[3002.868s][info][gc,phases      ] GC(253)   Evacuate Collection Set: 159.48ms
[3002.868s][info][gc,phases      ] GC(253)   Post Evacuate Collection Set: 1.49ms
[3002.868s][info][gc,phases      ] GC(253)   Other: 0.08ms
[3002.868s][info][gc,heap        ] GC(253) Eden regions: 661->0(717)
[3002.868s][info][gc,heap        ] GC(253) Survivor regions: 50->51(89)
[3002.868s][info][gc,heap        ] GC(253) Old regions: 344->317
[3002.868s][info][gc,heap        ] GC(253) Humongous regions: 33->33
[3002.868s][info][gc,metaspace   ] GC(253) Metaspace: 29962K(30144K)->29962K(30144K) NonClass: 29962K(30144K)->29962K(30144K) Class: 0K(0K)->0K(0K)
[3002.868s][info][gc             ] GC(253) Pause Young (Mixed) (G1 Evacuation Pause) 8672M->3173M(10240M) 162.187ms
[3002.868s][info][gc,cpu         ] GC(253) User=1.27s Sys=0.00s Real=0.16s
..........[3013.276s][info][gc,start       ] GC(254) Pause Young (Mixed) (G1 Evacuation Pause)
[3013.276s][info][gc,task        ] GC(254) Using 8 workers of 8 for evacuation
[3013.436s][info][gc,phases      ] GC(254)   Pre Evacuate Collection Set: 0.32ms
[3013.436s][info][gc,phases      ] GC(254)   Merge Heap Roots: 0.69ms
[3013.436s][info][gc,phases      ] GC(254)   Evacuate Collection Set: 157.55ms
[3013.436s][info][gc,phases      ] GC(254)   Post Evacuate Collection Set: 1.51ms
[3013.436s][info][gc,phases      ] GC(254)   Other: 0.08ms
[3013.436s][info][gc,heap        ] GC(254) Eden regions: 692->0(178)
[3013.436s][info][gc,heap        ] GC(254) Survivor regions: 51->50(93)
[3013.436s][info][gc,heap        ] GC(254) Old regions: 317->289
[3013.436s][info][gc,heap        ] GC(254) Humongous regions: 33->33
[3013.436s][info][gc,metaspace   ] GC(254) Metaspace: 29962K(30144K)->29962K(30144K) NonClass: 29962K(30144K)->29962K(30144K) Class: 0K(0K)->0K(0K)
[3013.436s][info][gc             ] GC(254) Pause Young (Mixed) (G1 Evacuation Pause) 8709M->2948M(10240M) 160.284ms
[3013.436s][info][gc,cpu         ] GC(254) User=1.26s Sys=0.00s Real=0.16s
....[3016.811s][info][gc,start       ] GC(255) Pause Young (Mixed) (G1 Evacuation Pause)
[3016.811s][info][gc,task        ] GC(255) Using 8 workers of 8 for evacuation
[3016.954s][info][gc,phases      ] GC(255)   Pre Evacuate Collection Set: 0.27ms
[3016.954s][info][gc,phases      ] GC(255)   Merge Heap Roots: 0.69ms
[3016.954s][info][gc,phases      ] GC(255)   Evacuate Collection Set: 141.81ms
[3016.954s][info][gc,phases      ] GC(255)   Post Evacuate Collection Set: 0.80ms
[3016.954s][info][gc,phases      ] GC(255)   Other: 0.06ms
[3016.954s][info][gc,heap        ] GC(255) Eden regions: 235->0(752)
[3016.954s][info][gc,heap        ] GC(255) Survivor regions: 50->16(36)
[3016.954s][info][gc,heap        ] GC(255) Old regions: 289->297
[3016.954s][info][gc,heap        ] GC(255) Humongous regions: 33->33
[3016.954s][info][gc,metaspace   ] GC(255) Metaspace: 29962K(30144K)->29962K(30144K) NonClass: 29962K(30144K)->29962K(30144K) Class: 0K(0K)->0K(0K)
[3016.955s][info][gc             ] GC(255) Pause Young (Mixed) (G1 Evacuation Pause) 4828M->2735M(10240M) 143.780ms
[3016.955s][info][gc,cpu         ] GC(255) User=1.13s Sys=0.00s Real=0.14s
...........[3028.306s][info][gc,start       ] GC(256) Pause Young (Mixed) (G1 Evacuation Pause)
[3028.306s][info][gc,task        ] GC(256) Using 8 workers of 8 for evacuation
[3028.439s][info][gc,phases      ] GC(256)   Pre Evacuate Collection Set: 0.33ms
[3028.439s][info][gc,phases      ] GC(256)   Merge Heap Roots: 0.75ms
[3028.439s][info][gc,phases      ] GC(256)   Evacuate Collection Set: 127.39ms
[3028.439s][info][gc,phases      ] GC(256)   Merge Optional Heap Roots: 0.10ms
[3028.439s][info][gc,phases      ] GC(256)   Evacuate Optional Collection Set: 2.56ms
[3028.439s][info][gc,phases      ] GC(256)   Post Evacuate Collection Set: 1.59ms
[3028.439s][info][gc,phases      ] GC(256)   Other: 0.09ms
[3028.439s][info][gc,heap        ] GC(256) Eden regions: 752->0(726)
[3028.439s][info][gc,heap        ] GC(256) Survivor regions: 16->40(96)
[3028.439s][info][gc,heap        ] GC(256) Old regions: 297->221
[3028.439s][info][gc,heap        ] GC(256) Humongous regions: 33->33
[3028.439s][info][gc,metaspace   ] GC(256) Metaspace: 29962K(30144K)->29962K(30144K) NonClass: 29962K(30144K)->29962K(30144K) Class: 0K(0K)->0K(0K)
[3028.439s][info][gc             ] GC(256) Pause Young (Mixed) (G1 Evacuation Pause) 8751M->2323M(10240M) 132.959ms
[3028.439s][info][gc,cpu         ] GC(256) User=1.05s Sys=0.01s Real=0.13s
...........[3039.386s][info][gc,start       ] GC(257) Pause Young (Mixed) (G1 Evacuation Pause)
[3039.386s][info][gc,task        ] GC(257) Using 8 workers of 8 for evacuation
[3039.546s][info][gc,phases      ] GC(257)   Pre Evacuate Collection Set: 0.31ms
[3039.546s][info][gc,phases      ] GC(257)   Merge Heap Roots: 0.77ms
[3039.546s][info][gc,phases      ] GC(257)   Evacuate Collection Set: 156.08ms
[3039.546s][info][gc,phases      ] GC(257)   Merge Optional Heap Roots: 0.10ms
[3039.546s][info][gc,phases      ] GC(257)   Evacuate Optional Collection Set: 0.81ms
[3039.546s][info][gc,phases      ] GC(257)   Post Evacuate Collection Set: 1.43ms
[3039.546s][info][gc,phases      ] GC(257)   Other: 0.08ms
[3039.546s][info][gc,heap        ] GC(257) Eden regions: 728->0(638)
[3039.546s][info][gc,heap        ] GC(257) Survivor regions: 40->50(96)
[3039.546s][info][gc,heap        ] GC(257) Old regions: 221->191
[3039.546s][info][gc,heap        ] GC(257) Humongous regions: 33->33
[3039.546s][info][gc,metaspace   ] GC(257) Metaspace: 29962K(30144K)->29962K(30144K) NonClass: 29962K(30144K)->29962K(30144K) Class: 0K(0K)->0K(0K)
[3039.546s][info][gc             ] GC(257) Pause Young (Mixed) (G1 Evacuation Pause) 8147M->2163M(10240M) 159.721ms
[3039.546s][info][gc,cpu         ] GC(257) User=1.25s Sys=0.00s Real=0.16s
...........[3049.633s][info][gc,start       ] GC(258) Pause Young (Mixed) (G1 Evacuation Pause)
[3049.633s][info][gc,task        ] GC(258) Using 8 workers of 8 for evacuation
[3049.790s][info][gc,phases      ] GC(258)   Pre Evacuate Collection Set: 0.33ms
[3049.790s][info][gc,phases      ] GC(258)   Merge Heap Roots: 0.58ms
[3049.790s][info][gc,phases      ] GC(258)   Evacuate Collection Set: 154.72ms
[3049.790s][info][gc,phases      ] GC(258)   Post Evacuate Collection Set: 1.23ms
[3049.790s][info][gc,phases      ] GC(258)   Other: 0.08ms
[3049.790s][info][gc,heap        ] GC(258) Eden regions: 670->0(723)
[3049.790s][info][gc,heap        ] GC(258) Survivor regions: 50->45(90)
[3049.790s][info][gc,heap        ] GC(258) Old regions: 191->194
[3049.791s][info][gc,heap        ] GC(258) Humongous regions: 33->33
[3049.791s][info][gc,metaspace   ] GC(258) Metaspace: 29962K(30144K)->29962K(30144K) NonClass: 29962K(30144K)->29962K(30144K) Class: 0K(0K)->0K(0K)
[3049.791s][info][gc             ] GC(258) Pause Young (Mixed) (G1 Evacuation Pause) 7523M->2150M(10240M) 157.078ms
[3049.791s][info][gc,cpu         ] GC(258) User=1.23s Sys=0.00s Real=0.16s
....... (rIR:aIR:PR = 4428:4430:4430) (tPR = 65444) [OK] 
  3056s: Performance info:
         Transaction,    Success,    Partial,     Failed,   Receipts, AvgBarcode, 
             Overall,     265928,          0,          0,     252651,      59.47, 
         Response times:
             Request,    Success,    Partial,     Failed,   SkipFail,     Probes,    Samples,      min,      p50,      p90,      p95,      p99,      max, 
       TotalPurchase,     252651,          0,          0,          0,     246709,     269753,      400,     2900,     5100,     5800,    26000,   173000,
     InStorePurchase,     132993,          0,          0,          0,     129972,     141828,      400,     3000,     5100,     5800,    26000,   171000,
      OnlinePurchase,      93086,          0,          0,          0,      91145,      99800,      400,     3000,     5100,     5700,    26000,   173000,
        InstPurchase,      26572,          0,          0,          0,      25592,      28125,      500,     2700,     5100,     5800,    24000,   171000,
          AssocOfCat,        265,          0,          0,          0,        220,        303,    21000,    31000,    38000,    40000,   144000,   196000,
      AssocOfProduct,       2648,          0,          0,          0,       2428,       2816,      700,     3700,     5500,     6100,    22830,   171000,
      BusinessReport,        665,          0,          0,          0,        570,        731,    27000,    34000,    45000,    51000,    77360,   211000,
          CustBuyBeh,       2662,          0,          0,          0,       2424,       2770,      300,     3200,     5100,     5600,    27000,   167000,
       ProductReturn,       7037,          0,          0,          0,       6547,       7363,      200,     3000,     5000,     5700,    26360,   171000,

  3056s: (33%)   IR =   4566 ...[3060.416s][info][gc,start       ] GC(259) Pause Young (Normal) (G1 Evacuation Pause)
[3060.416s][info][gc,task        ] GC(259) Using 8 workers of 8 for evacuation
[3060.570s][info][gc,phases      ] GC(259)   Pre Evacuate Collection Set: 0.32ms
[3060.570s][info][gc,phases      ] GC(259)   Merge Heap Roots: 0.55ms
[3060.570s][info][gc,phases      ] GC(259)   Evacuate Collection Set: 151.70ms
[3060.570s][info][gc,phases      ] GC(259)   Post Evacuate Collection Set: 1.28ms
[3060.570s][info][gc,phases      ] GC(259)   Other: 0.08ms
[3060.570s][info][gc,heap        ] GC(259) Eden regions: 723->0(716)
[3060.570s][info][gc,heap        ] GC(259) Survivor regions: 45->52(96)
[3060.570s][info][gc,heap        ] GC(259) Old regions: 194->194
[3060.570s][info][gc,heap        ] GC(259) Humongous regions: 33->33
[3060.570s][info][gc,metaspace   ] GC(259) Metaspace: 29962K(30144K)->29962K(30144K) NonClass: 29962K(30144K)->29962K(30144K) Class: 0K(0K)->0K(0K)
[3060.570s][info][gc             ] GC(259) Pause Young (Normal) (G1 Evacuation Pause) 7934M->2202M(10240M) 154.061ms
[3060.570s][info][gc,cpu         ] GC(259) User=1.21s Sys=0.01s Real=0.15s
..|.........[3071.176s][info][gc,start       ] GC(260) Pause Young (Normal) (G1 Evacuation Pause)
[3071.176s][info][gc,task        ] GC(260) Using 8 workers of 8 for evacuation
[3071.336s][info][gc,phases      ] GC(260)   Pre Evacuate Collection Set: 0.33ms
[3071.336s][info][gc,phases      ] GC(260)   Merge Heap Roots: 0.60ms
[3071.336s][info][gc,phases      ] GC(260)   Evacuate Collection Set: 157.64ms
[3071.336s][info][gc,phases      ] GC(260)   Post Evacuate Collection Set: 1.29ms
[3071.336s][info][gc,phases      ] GC(260)   Other: 0.07ms
[3071.336s][info][gc,heap        ] GC(260) Eden regions: 716->0(717)
[3071.336s][info][gc,heap        ] GC(260) Survivor regions: 52->51(96)
[3071.336s][info][gc,heap        ] GC(260) Old regions: 194->196
[3071.336s][info][gc,heap        ] GC(260) Humongous regions: 33->33
[3071.336s][info][gc,metaspace   ] GC(260) Metaspace: 29962K(30144K)->29962K(30144K) NonClass: 29962K(30144K)->29962K(30144K) Class: 0K(0K)->0K(0K)
[3071.336s][info][gc             ] GC(260) Pause Young (Normal) (G1 Evacuation Pause) 7930M->2214M(10240M) 160.071ms
[3071.336s][info][gc,cpu         ] GC(260) User=1.26s Sys=0.00s Real=0.16s
...........[3081.786s][info][gc,start       ] GC(261) Pause Young (Normal) (G1 Evacuation Pause)
[3081.786s][info][gc,task        ] GC(261) Using 8 workers of 8 for evacuation
[3081.947s][info][gc,phases      ] GC(261)   Pre Evacuate Collection Set: 0.32ms
[3081.948s][info][gc,phases      ] GC(261)   Merge Heap Roots: 0.55ms
[3081.948s][info][gc,phases      ] GC(261)   Evacuate Collection Set: 159.03ms
[3081.948s][info][gc,phases      ] GC(261)   Post Evacuate Collection Set: 1.31ms
[3081.948s][info][gc,phases      ] GC(261)   Other: 0.06ms
[3081.948s][info][gc,heap        ] GC(261) Eden regions: 717->0(717)
[3081.948s][info][gc,heap        ] GC(261) Survivor regions: 51->51(96)
[3081.948s][info][gc,heap        ] GC(261) Old regions: 196->198
[3081.948s][info][gc,heap        ] GC(261) Humongous regions: 33->33
[3081.948s][info][gc,metaspace   ] GC(261) Metaspace: 29962K(30144K)->29962K(30144K) NonClass: 29962K(30144K)->29962K(30144K) Class: 0K(0K)->0K(0K)
[3081.948s][info][gc             ] GC(261) Pause Young (Normal) (G1 Evacuation Pause) 7950M->2231M(10240M) 161.404ms
[3081.948s][info][gc,cpu         ] GC(261) User=1.26s Sys=0.01s Real=0.16s
..........[3092.370s][info][gc,start       ] GC(262) Pause Young (Normal) (G1 Evacuation Pause)
[3092.371s][info][gc,task        ] GC(262) Using 8 workers of 8 for evacuation
[3092.533s][info][gc,phases      ] GC(262)   Pre Evacuate Collection Set: 0.28ms
[3092.533s][info][gc,phases      ] GC(262)   Merge Heap Roots: 0.62ms
[3092.533s][info][gc,phases      ] GC(262)   Evacuate Collection Set: 160.29ms
[3092.533s][info][gc,phases      ] GC(262)   Post Evacuate Collection Set: 1.25ms
[3092.533s][info][gc,phases      ] GC(262)   Other: 0.07ms
[3092.533s][info][gc,heap        ] GC(262) Eden regions: 717->0(716)
[3092.533s][info][gc,heap        ] GC(262) Survivor regions: 51->52(96)
[3092.533s][info][gc,heap        ] GC(262) Old regions: 198->201
[3092.533s][info][gc,heap        ] GC(262) Humongous regions: 33->33
[3092.533s][info][gc,metaspace   ] GC(262) Metaspace: 29962K(30144K)->29962K(30144K) NonClass: 29962K(30144K)->29962K(30144K) Class: 0K(0K)->0K(0K)
[3092.533s][info][gc             ] GC(262) Pause Young (Normal) (G1 Evacuation Pause) 7967M->2258M(10240M) 162.627ms
[3092.533s][info][gc,cpu         ] GC(262) User=1.28s Sys=0.00s Real=0.16s
...........[3102.962s][info][gc,start       ] GC(263) Pause Young (Normal) (G1 Evacuation Pause)
[3102.962s][info][gc,task        ] GC(263) Using 8 workers of 8 for evacuation
[3103.122s][info][gc,phases      ] GC(263)   Pre Evacuate Collection Set: 0.31ms
[3103.122s][info][gc,phases      ] GC(263)   Merge Heap Roots: 0.56ms
[3103.122s][info][gc,phases      ] GC(263)   Evacuate Collection Set: 158.07ms
[3103.122s][info][gc,phases      ] GC(263)   Post Evacuate Collection Set: 1.29ms
[3103.122s][info][gc,phases      ] GC(263)   Other: 0.07ms
[3103.122s][info][gc,heap        ] GC(263) Eden regions: 716->0(717)
[3103.122s][info][gc,heap        ] GC(263) Survivor regions: 52->51(96)
[3103.122s][info][gc,heap        ] GC(263) Old regions: 201->203
[3103.122s][info][gc,heap        ] GC(263) Humongous regions: 33->33
[3103.122s][info][gc,metaspace   ] GC(263) Metaspace: 29962K(30144K)->29962K(30144K) NonClass: 29962K(30144K)->29962K(30144K) Class: 0K(0K)->0K(0K)
[3103.122s][info][gc             ] GC(263) Pause Young (Normal) (G1 Evacuation Pause) 7986M->2269M(10240M) 160.431ms
[3103.122s][info][gc,cpu         ] GC(263) User=1.26s Sys=0.00s Real=0.16s
..........[3113.521s][info][gc,start       ] GC(264) Pause Young (Normal) (G1 Evacuation Pause)
[3113.521s][info][gc,task        ] GC(264) Using 8 workers of 8 for evacuation
[3113.687s][info][gc,phases      ] GC(264)   Pre Evacuate Collection Set: 0.30ms
[3113.687s][info][gc,phases      ] GC(264)   Merge Heap Roots: 0.61ms
[3113.687s][info][gc,phases      ] GC(264)   Evacuate Collection Set: 164.13ms
[3113.687s][info][gc,phases      ] GC(264)   Post Evacuate Collection Set: 1.30ms
[3113.687s][info][gc,phases      ] GC(264)   Other: 0.07ms
[3113.687s][info][gc,heap        ] GC(264) Eden regions: 717->0(715)
[3113.687s][info][gc,heap        ] GC(264) Survivor regions: 51->53(96)
[3113.687s][info][gc,heap        ] GC(264) Old regions: 203->205
[3113.687s][info][gc,heap        ] GC(264) Humongous regions: 33->33
[3113.687s][info][gc,metaspace   ] GC(264) Metaspace: 29962K(30144K)->29962K(30144K) NonClass: 29962K(30144K)->29962K(30144K) Class: 0K(0K)->0K(0K)
[3113.687s][info][gc             ] GC(264) Pause Young (Normal) (G1 Evacuation Pause) 8005M->2303M(10240M) 166.580ms
[3113.687s][info][gc,cpu         ] GC(264) User=1.31s Sys=0.00s Real=0.17s
......... (rIR:aIR:PR = 4566:4566:4566) (tPR = 67462) [OK] 
  3121s: Performance info:
         Transaction,    Success,    Partial,     Failed,   Receipts, AvgBarcode, 
             Overall,     274139,          0,          0,     260435,      59.47, 
         Response times:
             Request,    Success,    Partial,     Failed,   SkipFail,     Probes,    Samples,      min,      p50,      p90,      p95,      p99,      max, 
       TotalPurchase,     260435,          0,          0,          0,     255496,     278295,      300,     3000,     5200,     5900,    37000,   222000,
     InStorePurchase,     137112,          0,          0,          0,     134587,     146280,      400,     2900,     5100,     5800,    37000,   221000,
      OnlinePurchase,      95884,          0,          0,          0,      94149,     102644,      300,     3000,     5200,     5900,    34000,   222000,
        InstPurchase,      27439,          0,          0,          0,      26760,      29371,      500,     3300,     5300,     6000,    43000,   221000,
          AssocOfCat,        273,          0,          0,          0,        227,        331,    22000,    30000,    35800,    39000,    51360,   211000,
      AssocOfProduct,       2747,          0,          0,          0,       2497,       2919,      500,     2400,     5200,     5800,    31400,   173000,
      BusinessReport,        683,          0,          0,          0,        561,        687,    25000,    34000,    44000,    50000,   123320,   220000,
          CustBuyBeh,       2742,          0,          0,          0,       2484,       2897,      700,     3000,     5100,     5700,    41000,   166000,
       ProductReturn,       7259,          0,          0,          0,       6867,       7756,      200,     1900,     4900,     5600,    32000,   165000,

  3121s: (34%)   IR =   4705 ..[3124.112s][info][gc,start       ] GC(265) Pause Young (Normal) (G1 Evacuation Pause)
[3124.113s][info][gc,task        ] GC(265) Using 8 workers of 8 for evacuation
[3124.273s][info][gc,phases      ] GC(265)   Pre Evacuate Collection Set: 0.31ms
[3124.273s][info][gc,phases      ] GC(265)   Merge Heap Roots: 0.55ms
[3124.273s][info][gc,phases      ] GC(265)   Evacuate Collection Set: 158.04ms
[3124.273s][info][gc,phases      ] GC(265)   Post Evacuate Collection Set: 1.31ms
[3124.273s][info][gc,phases      ] GC(265)   Other: 0.07ms
[3124.273s][info][gc,heap        ] GC(265) Eden regions: 715->0(717)
[3124.273s][info][gc,heap        ] GC(265) Survivor regions: 53->51(96)
[3124.273s][info][gc,heap        ] GC(265) Old regions: 205->208
[3124.273s][info][gc,heap        ] GC(265) Humongous regions: 33->33
[3124.273s][info][gc,metaspace   ] GC(265) Metaspace: 29962K(30144K)->29962K(30144K) NonClass: 29962K(30144K)->29962K(30144K) Class: 0K(0K)->0K(0K)
[3124.273s][info][gc             ] GC(265) Pause Young (Normal) (G1 Evacuation Pause) 8023M->2310M(10240M) 160.416ms
[3124.273s][info][gc,cpu         ] GC(265) User=1.26s Sys=0.00s Real=0.16s
...|.......[3134.419s][info][gc,start       ] GC(266) Pause Young (Normal) (G1 Evacuation Pause)
[3134.419s][info][gc,task        ] GC(266) Using 8 workers of 8 for evacuation
[3134.579s][info][gc,phases      ] GC(266)   Pre Evacuate Collection Set: 0.26ms
[3134.579s][info][gc,phases      ] GC(266)   Merge Heap Roots: 0.57ms
[3134.579s][info][gc,phases      ] GC(266)   Evacuate Collection Set: 158.07ms
[3134.579s][info][gc,phases      ] GC(266)   Post Evacuate Collection Set: 1.30ms
[3134.579s][info][gc,phases      ] GC(266)   Other: 0.07ms
[3134.579s][info][gc,heap        ] GC(266) Eden regions: 717->0(717)
[3134.579s][info][gc,heap        ] GC(266) Survivor regions: 51->51(96)
[3134.579s][info][gc,heap        ] GC(266) Old regions: 208->210
[3134.579s][info][gc,heap        ] GC(266) Humongous regions: 33->33
[3134.579s][info][gc,metaspace   ] GC(266) Metaspace: 29962K(30144K)->29962K(30144K) NonClass: 29962K(30144K)->29962K(30144K) Class: 0K(0K)->0K(0K)
[3134.579s][info][gc             ] GC(266) Pause Young (Normal) (G1 Evacuation Pause) 8046M->2328M(10240M) 160.386ms
[3134.579s][info][gc,cpu         ] GC(266) User=1.26s Sys=0.00s Real=0.16s
..........[3144.725s][info][gc,start       ] GC(267) Pause Young (Normal) (G1 Evacuation Pause)
[3144.725s][info][gc,task        ] GC(267) Using 8 workers of 8 for evacuation
[3144.887s][info][gc,phases      ] GC(267)   Pre Evacuate Collection Set: 0.30ms
[3144.887s][info][gc,phases      ] GC(267)   Merge Heap Roots: 0.60ms
[3144.887s][info][gc,phases      ] GC(267)   Evacuate Collection Set: 159.48ms
[3144.887s][info][gc,phases      ] GC(267)   Post Evacuate Collection Set: 1.28ms
[3144.887s][info][gc,phases      ] GC(267)   Other: 0.06ms
[3144.887s][info][gc,heap        ] GC(267) Eden regions: 717->0(716)
[3144.887s][info][gc,heap        ] GC(267) Survivor regions: 51->52(96)
[3144.887s][info][gc,heap        ] GC(267) Old regions: 210->212
[3144.887s][info][gc,heap        ] GC(267) Humongous regions: 33->33
[3144.887s][info][gc,metaspace   ] GC(267) Metaspace: 29962K(30144K)->29962K(30144K) NonClass: 29962K(30144K)->29962K(30144K) Class: 0K(0K)->0K(0K)
[3144.887s][info][gc             ] GC(267) Pause Young (Normal) (G1 Evacuation Pause) 8064M->2351M(10240M) 161.872ms
[3144.887s][info][gc,cpu         ] GC(267) User=1.27s Sys=0.00s Real=0.17s
...........[3155.014s][info][gc,start       ] GC(268) Pause Young (Normal) (G1 Evacuation Pause)
[3155.014s][info][gc,task        ] GC(268) Using 8 workers of 8 for evacuation
[3155.174s][info][gc,phases      ] GC(268)   Pre Evacuate Collection Set: 0.29ms
[3155.175s][info][gc,phases      ] GC(268)   Merge Heap Roots: 0.54ms
[3155.175s][info][gc,phases      ] GC(268)   Evacuate Collection Set: 158.20ms
[3155.175s][info][gc,phases      ] GC(268)   Post Evacuate Collection Set: 1.32ms
[3155.175s][info][gc,phases      ] GC(268)   Other: 0.06ms
[3155.175s][info][gc,heap        ] GC(268) Eden regions: 716->0(718)
[3155.175s][info][gc,heap        ] GC(268) Survivor regions: 52->50(96)
[3155.175s][info][gc,heap        ] GC(268) Old regions: 212->215
[3155.175s][info][gc,heap        ] GC(268) Humongous regions: 33->33
[3155.175s][info][gc,metaspace   ] GC(268) Metaspace: 29962K(30144K)->29962K(30144K) NonClass: 29962K(30144K)->29962K(30144K) Class: 0K(0K)->0K(0K)
[3155.175s][info][gc             ] GC(268) Pause Young (Normal) (G1 Evacuation Pause) 8079M->2358M(10240M) 160.557ms
[3155.175s][info][gc,cpu         ] GC(268) User=1.26s Sys=0.00s Real=0.16s
..........[3165.302s][info][gc,start       ] GC(269) Pause Young (Normal) (G1 Evacuation Pause)
[3165.302s][info][gc,task        ] GC(269) Using 8 workers of 8 for evacuation
[3165.463s][info][gc,phases      ] GC(269)   Pre Evacuate Collection Set: 0.30ms
[3165.463s][info][gc,phases      ] GC(269)   Merge Heap Roots: 0.55ms
[3165.463s][info][gc,phases      ] GC(269)   Evacuate Collection Set: 159.01ms
[3165.463s][info][gc,phases      ] GC(269)   Post Evacuate Collection Set: 1.30ms
[3165.463s][info][gc,phases      ] GC(269)   Other: 0.07ms
[3165.463s][info][gc,heap        ] GC(269) Eden regions: 718->0(717)
[3165.463s][info][gc,heap        ] GC(269) Survivor regions: 50->51(96)
[3165.463s][info][gc,heap        ] GC(269) Old regions: 215->217
[3165.463s][info][gc,heap        ] GC(269) Humongous regions: 33->33
[3165.463s][info][gc,metaspace   ] GC(269) Metaspace: 29962K(30144K)->29962K(30144K) NonClass: 29962K(30144K)->29962K(30144K) Class: 0K(0K)->0K(0K)
[3165.463s][info][gc             ] GC(269) Pause Young (Normal) (G1 Evacuation Pause) 8102M->2385M(10240M) 161.359ms
[3165.463s][info][gc,cpu         ] GC(269) User=1.27s Sys=0.00s Real=0.16s
..........[3175.670s][info][gc,start       ] GC(270) Pause Young (Normal) (G1 Evacuation Pause)
[3175.670s][info][gc,task        ] GC(270) Using 8 workers of 8 for evacuation
[3175.831s][info][gc,phases      ] GC(270)   Pre Evacuate Collection Set: 0.29ms
[3175.831s][info][gc,phases      ] GC(270)   Merge Heap Roots: 0.56ms
[3175.831s][info][gc,phases      ] GC(270)   Evacuate Collection Set: 159.19ms
[3175.831s][info][gc,phases      ] GC(270)   Post Evacuate Collection Set: 1.32ms
[3175.831s][info][gc,phases      ] GC(270)   Other: 0.07ms
[3175.831s][info][gc,heap        ] GC(270) Eden regions: 717->0(717)
[3175.831s][info][gc,heap        ] GC(270) Survivor regions: 51->51(96)
[3175.831s][info][gc,heap        ] GC(270) Old regions: 217->220
[3175.831s][info][gc,heap        ] GC(270) Humongous regions: 33->33
[3175.831s][info][gc,metaspace   ] GC(270) Metaspace: 29962K(30144K)->29962K(30144K) NonClass: 29962K(30144K)->29962K(30144K) Class: 0K(0K)->0K(0K)
[3175.831s][info][gc             ] GC(270) Pause Young (Normal) (G1 Evacuation Pause) 8121M->2405M(10240M) 161.573ms
[3175.832s][info][gc,cpu         ] GC(270) User=1.27s Sys=0.00s Real=0.16s
..........[3185.876s][info][gc,start       ] GC(271) Pause Young (Normal) (G1 Evacuation Pause)
[3185.876s][info][gc,task        ] GC(271) Using 8 workers of 8 for evacuation
[3186.036s][info][gc,phases      ] GC(271)   Pre Evacuate Collection Set: 0.34ms
[3186.036s][info][gc,phases      ] GC(271)   Merge Heap Roots: 0.55ms
[3186.036s][info][gc,phases      ] GC(271)   Evacuate Collection Set: 157.04ms
[3186.036s][info][gc,phases      ] GC(271)   Post Evacuate Collection Set: 1.30ms
[3186.036s][info][gc,phases      ] GC(271)   Other: 0.07ms
[3186.036s][info][gc,heap        ] GC(271) Eden regions: 717->0(717)
[3186.036s][info][gc,heap        ] GC(271) Survivor regions: 51->51(96)
[3186.036s][info][gc,heap        ] GC(271) Old regions: 220->222
[3186.036s][info][gc,heap        ] GC(271) Humongous regions: 33->33
[3186.036s][info][gc,metaspace   ] GC(271) Metaspace: 29962K(30144K)->29962K(30144K) NonClass: 29962K(30144K)->29962K(30144K) Class: 0K(0K)->0K(0K)
[3186.036s][info][gc             ] GC(271) Pause Young (Normal) (G1 Evacuation Pause) 8141M->2423M(10240M) 159.454ms
[3186.036s][info][gc,cpu         ] GC(271) User=1.25s Sys=0.00s Real=0.16s
.. (rIR:aIR:PR = 4705:4706:4706) (tPR = 69509) [OK] 
  3186s: Performance info:
         Transaction,    Success,    Partial,     Failed,   Receipts, AvgBarcode, 
             Overall,     283827,          0,          0,     269629,      59.48, 
         Response times:
             Request,    Success,    Partial,     Failed,   SkipFail,     Probes,    Samples,      min,      p50,      p90,      p95,      p99,      max, 
       TotalPurchase,     269629,          0,          0,          0,     263304,     287377,      300,     3100,     5300,     6100,    29000,   175000,
     InStorePurchase,     141928,          0,          0,          0,     138982,     151585,      300,     3000,     5300,     6100,    29000,   175000,
      OnlinePurchase,      99305,          0,          0,          0,      96866,     105646,      300,     3000,     5300,     6100,    30000,   174000,
        InstPurchase,      28396,          0,          0,          0,      27456,      30146,      400,     3300,     5500,     6300,    30000,   173000,
          AssocOfCat,        283,          0,          0,          0,        233,        333,    21000,    31000,    38600,    40000,    50320,    59000,
      AssocOfProduct,       2838,          0,          0,          0,       2515,       2915,      500,     3000,     5300,     6000,    31000,   166000,
      BusinessReport,        711,          0,          0,          0,        602,        771,    27000,    34000,    49800,    53000,    98000,   222000,
          CustBuyBeh,       2843,          0,          0,          0,       2564,       2966,      200,     2100,     4900,     5600,    19297,   173000,
       ProductReturn,       7523,          0,          0,          0,       7142,       8039,      200,     3100,     5300,     6100,    30000,   174000,

  3186s: (35%)   IR =   4843 .....|...[3195.918s][info][gc,start       ] GC(272) Pause Young (Normal) (G1 Evacuation Pause)
[3195.918s][info][gc,task        ] GC(272) Using 8 workers of 8 for evacuation
[3196.079s][info][gc,phases      ] GC(272)   Pre Evacuate Collection Set: 0.34ms
[3196.079s][info][gc,phases      ] GC(272)   Merge Heap Roots: 0.61ms
[3196.079s][info][gc,phases      ] GC(272)   Evacuate Collection Set: 157.86ms
[3196.079s][info][gc,phases      ] GC(272)   Post Evacuate Collection Set: 1.27ms
[3196.079s][info][gc,phases      ] GC(272)   Other: 0.09ms
[3196.079s][info][gc,heap        ] GC(272) Eden regions: 717->0(717)
[3196.079s][info][gc,heap        ] GC(272) Survivor regions: 51->51(96)
[3196.079s][info][gc,heap        ] GC(272) Old regions: 222->224
[3196.079s][info][gc,heap        ] GC(272) Humongous regions: 33->33
[3196.079s][info][gc,metaspace   ] GC(272) Metaspace: 29962K(30144K)->29962K(30144K) NonClass: 29962K(30144K)->29962K(30144K) Class: 0K(0K)->0K(0K)
[3196.079s][info][gc             ] GC(272) Pause Young (Normal) (G1 Evacuation Pause) 8159M->2439M(10240M) 160.316ms
[3196.079s][info][gc,cpu         ] GC(272) User=1.25s Sys=0.00s Real=0.16s
..........[3205.914s][info][gc,start       ] GC(273) Pause Young (Normal) (G1 Evacuation Pause)
[3205.914s][info][gc,task        ] GC(273) Using 8 workers of 8 for evacuation
[3206.081s][info][gc,phases      ] GC(273)   Pre Evacuate Collection Set: 0.31ms
[3206.081s][info][gc,phases      ] GC(273)   Merge Heap Roots: 0.58ms
[3206.081s][info][gc,phases      ] GC(273)   Evacuate Collection Set: 164.98ms
[3206.081s][info][gc,phases      ] GC(273)   Post Evacuate Collection Set: 1.26ms
[3206.081s][info][gc,phases      ] GC(273)   Other: 0.06ms
[3206.081s][info][gc,heap        ] GC(273) Eden regions: 717->0(716)
[3206.081s][info][gc,heap        ] GC(273) Survivor regions: 51->52(96)
[3206.081s][info][gc,heap        ] GC(273) Old regions: 224->227
[3206.081s][info][gc,heap        ] GC(273) Humongous regions: 33->33
[3206.081s][info][gc,metaspace   ] GC(273) Metaspace: 29962K(30144K)->29962K(30144K) NonClass: 29962K(30144K)->29962K(30144K) Class: 0K(0K)->0K(0K)
[3206.081s][info][gc             ] GC(273) Pause Young (Normal) (G1 Evacuation Pause) 8175M->2470M(10240M) 167.323ms
[3206.082s][info][gc,cpu         ] GC(273) User=1.32s Sys=0.00s Real=0.17s
..........[3215.924s][info][gc,start       ] GC(274) Pause Young (Normal) (G1 Evacuation Pause)
[3215.924s][info][gc,task        ] GC(274) Using 8 workers of 8 for evacuation
[3216.086s][info][gc,phases      ] GC(274)   Pre Evacuate Collection Set: 0.30ms
[3216.086s][info][gc,phases      ] GC(274)   Merge Heap Roots: 0.59ms
[3216.086s][info][gc,phases      ] GC(274)   Evacuate Collection Set: 159.91ms
[3216.086s][info][gc,phases      ] GC(274)   Post Evacuate Collection Set: 1.31ms
[3216.086s][info][gc,phases      ] GC(274)   Other: 0.07ms
[3216.086s][info][gc,heap        ] GC(274) Eden regions: 716->0(717)
[3216.086s][info][gc,heap        ] GC(274) Survivor regions: 52->51(96)
[3216.086s][info][gc,heap        ] GC(274) Old regions: 227->229
[3216.086s][info][gc,heap        ] GC(274) Humongous regions: 33->33
[3216.086s][info][gc,metaspace   ] GC(274) Metaspace: 29962K(30144K)->29962K(30144K) NonClass: 29962K(30144K)->29962K(30144K) Class: 0K(0K)->0K(0K)
[3216.086s][info][gc             ] GC(274) Pause Young (Normal) (G1 Evacuation Pause) 8198M->2482M(10240M) 162.303ms
[3216.086s][info][gc,cpu         ] GC(274) User=1.28s Sys=0.00s Real=0.17s
..........[3225.969s][info][gc,start       ] GC(275) Pause Young (Normal) (G1 Evacuation Pause)
[3225.970s][info][gc,task        ] GC(275) Using 8 workers of 8 for evacuation
[3226.130s][info][gc,phases      ] GC(275)   Pre Evacuate Collection Set: 0.30ms
[3226.130s][info][gc,phases      ] GC(275)   Merge Heap Roots: 0.55ms
[3226.130s][info][gc,phases      ] GC(275)   Evacuate Collection Set: 158.58ms
[3226.130s][info][gc,phases      ] GC(275)   Post Evacuate Collection Set: 1.28ms
[3226.130s][info][gc,phases      ] GC(275)   Other: 0.08ms
[3226.130s][info][gc,heap        ] GC(275) Eden regions: 717->0(717)
[3226.130s][info][gc,heap        ] GC(275) Survivor regions: 51->51(96)
[3226.130s][info][gc,heap        ] GC(275) Old regions: 229->232
[3226.130s][info][gc,heap        ] GC(275) Humongous regions: 33->33
[3226.130s][info][gc,metaspace   ] GC(275) Metaspace: 29962K(30144K)->29962K(30144K) NonClass: 29962K(30144K)->29962K(30144K) Class: 0K(0K)->0K(0K)
[3226.130s][info][gc             ] GC(275) Pause Young (Normal) (G1 Evacuation Pause) 8218M->2497M(10240M) 160.913ms
[3226.130s][info][gc,cpu         ] GC(275) User=1.26s Sys=0.00s Real=0.16s
..........[3235.934s][info][gc,start       ] GC(276) Pause Young (Normal) (G1 Evacuation Pause)
[3235.934s][info][gc,task        ] GC(276) Using 8 workers of 8 for evacuation
[3236.096s][info][gc,phases      ] GC(276)   Pre Evacuate Collection Set: 0.29ms
[3236.096s][info][gc,phases      ] GC(276)   Merge Heap Roots: 0.56ms
[3236.096s][info][gc,phases      ] GC(276)   Evacuate Collection Set: 159.91ms
[3236.096s][info][gc,phases      ] GC(276)   Post Evacuate Collection Set: 1.32ms
[3236.096s][info][gc,phases      ] GC(276)   Other: 0.08ms
[3236.096s][info][gc,heap        ] GC(276) Eden regions: 717->0(717)
[3236.096s][info][gc,heap        ] GC(276) Survivor regions: 51->51(96)
[3236.096s][info][gc,heap        ] GC(276) Old regions: 232->234
[3236.096s][info][gc,heap        ] GC(276) Humongous regions: 33->33
[3236.096s][info][gc,metaspace   ] GC(276) Metaspace: 29962K(30144K)->29962K(30144K) NonClass: 29962K(30144K)->29962K(30144K) Class: 0K(0K)->0K(0K)
[3236.096s][info][gc             ] GC(276) Pause Young (Normal) (G1 Evacuation Pause) 8233M->2516M(10240M) 162.290ms
[3236.096s][info][gc,cpu         ] GC(276) User=1.28s Sys=0.00s Real=0.17s
..........[3245.938s][info][gc,start       ] GC(277) Pause Young (Normal) (G1 Evacuation Pause)
[3245.938s][info][gc,task        ] GC(277) Using 8 workers of 8 for evacuation
[3246.100s][info][gc,phases      ] GC(277)   Pre Evacuate Collection Set: 0.33ms
[3246.100s][info][gc,phases      ] GC(277)   Merge Heap Roots: 0.60ms
[3246.100s][info][gc,phases      ] GC(277)   Evacuate Collection Set: 159.32ms
[3246.100s][info][gc,phases      ] GC(277)   Post Evacuate Collection Set: 1.31ms
[3246.100s][info][gc,phases      ] GC(277)   Other: 0.08ms
[3246.100s][info][gc,heap        ] GC(277) Eden regions: 717->0(716)
[3246.100s][info][gc,heap        ] GC(277) Survivor regions: 51->52(96)
[3246.100s][info][gc,heap        ] GC(277) Old regions: 234->236
[3246.100s][info][gc,heap        ] GC(277) Humongous regions: 33->33
[3246.100s][info][gc,metaspace   ] GC(277) Metaspace: 29962K(30144K)->29962K(30144K) NonClass: 29962K(30144K)->29962K(30144K) Class: 0K(0K)->0K(0K)
[3246.100s][info][gc             ] GC(277) Pause Young (Normal) (G1 Evacuation Pause) 8252M->2542M(10240M) 161.782ms
[3246.100s][info][gc,cpu         ] GC(277) User=1.27s Sys=0.00s Real=0.16s
....... (rIR:aIR:PR = 4843:4842:4842) (tPR = 71858) [OK] 
  3251s: Performance info:
         Transaction,    Success,    Partial,     Failed,   Receipts, AvgBarcode, 
             Overall,     290863,          0,          0,     276316,      59.47, 
         Response times:
             Request,    Success,    Partial,     Failed,   SkipFail,     Probes,    Samples,      min,      p50,      p90,      p95,      p99,      max, 
       TotalPurchase,     276316,          0,          0,          0,     268579,     294983,      300,     3200,     5500,     6300,    22000,   195000,
     InStorePurchase,     145424,          0,          0,          0,     141449,     155204,      400,     3200,     5500,     6300,    22000,   195000,
      OnlinePurchase,     101842,          0,          0,          0,      98777,     108630,      300,     3100,     5500,     6200,    21000,   195000,
        InstPurchase,      29050,          0,          0,          0,      28353,      31149,      500,     3200,     5600,     6300,    25000,   172000,
          AssocOfCat,        294,          0,          0,          0,        235,        311,    21000,    31000,    39000,    45000,    87400,   214000,
      AssocOfProduct,       2902,          0,          0,          0,       2671,       3121,      600,     3500,     5800,     6700,    28000,   170000,
      BusinessReport,        729,          0,          0,          0,        615,        725,    28000,    35000,    49000,    53000,   183000,   224000,
          CustBuyBeh,       2907,          0,          0,          0,       2676,       3081,      400,     3300,     5400,     6390,    29180,   168000,
       ProductReturn,       7715,          0,          0,          0,       7446,       8452,      200,     2700,     5300,     6100,    25000,   170000,

  3251s: (36%)   IR =   4981 ...[3255.903s][info][gc,start       ] GC(278) Pause Young (Normal) (G1 Evacuation Pause)
[3255.903s][info][gc,task        ] GC(278) Using 8 workers of 8 for evacuation
[3256.063s][info][gc,phases      ] GC(278)   Pre Evacuate Collection Set: 0.28ms
[3256.063s][info][gc,phases      ] GC(278)   Merge Heap Roots: 0.56ms
[3256.063s][info][gc,phases      ] GC(278)   Evacuate Collection Set: 157.75ms
[3256.063s][info][gc,phases      ] GC(278)   Post Evacuate Collection Set: 1.29ms
[3256.063s][info][gc,phases      ] GC(278)   Other: 0.07ms
[3256.063s][info][gc,heap        ] GC(278) Eden regions: 716->0(717)
[3256.063s][info][gc,heap        ] GC(278) Survivor regions: 52->51(96)
[3256.063s][info][gc,heap        ] GC(278) Old regions: 236->239
[3256.063s][info][gc,heap        ] GC(278) Humongous regions: 33->33
[3256.063s][info][gc,metaspace   ] GC(278) Metaspace: 29962K(30144K)->29962K(30144K) NonClass: 29962K(30144K)->29962K(30144K) Class: 0K(0K)->0K(0K)
[3256.063s][info][gc             ] GC(278) Pause Young (Normal) (G1 Evacuation Pause) 8270M->2558M(10240M) 160.062ms
[3256.064s][info][gc,cpu         ] GC(278) User=1.26s Sys=0.00s Real=0.16s
....|......[3265.587s][info][gc,start       ] GC(279) Pause Young (Normal) (G1 Evacuation Pause)
[3265.587s][info][gc,task        ] GC(279) Using 8 workers of 8 for evacuation
[3265.748s][info][gc,phases      ] GC(279)   Pre Evacuate Collection Set: 0.30ms
[3265.748s][info][gc,phases      ] GC(279)   Merge Heap Roots: 0.56ms
[3265.748s][info][gc,phases      ] GC(279)   Evacuate Collection Set: 159.20ms
[3265.748s][info][gc,phases      ] GC(279)   Post Evacuate Collection Set: 1.31ms
[3265.748s][info][gc,phases      ] GC(279)   Other: 0.07ms
[3265.748s][info][gc,heap        ] GC(279) Eden regions: 717->0(717)
[3265.748s][info][gc,heap        ] GC(279) Survivor regions: 51->51(96)
[3265.748s][info][gc,heap        ] GC(279) Old regions: 239->241
[3265.748s][info][gc,heap        ] GC(279) Humongous regions: 33->33
[3265.748s][info][gc,metaspace   ] GC(279) Metaspace: 29962K(30144K)->29962K(30144K) NonClass: 29962K(30144K)->29962K(30144K) Class: 0K(0K)->0K(0K)
[3265.748s][info][gc             ] GC(279) Pause Young (Normal) (G1 Evacuation Pause) 8294M->2576M(10240M) 161.573ms
[3265.748s][info][gc,cpu         ] GC(279) User=1.28s Sys=0.00s Real=0.16s
..........[3275.353s][info][gc,start       ] GC(280) Pause Young (Normal) (G1 Evacuation Pause)
[3275.353s][info][gc,task        ] GC(280) Using 8 workers of 8 for evacuation
[3275.516s][info][gc,phases      ] GC(280)   Pre Evacuate Collection Set: 0.32ms
[3275.516s][info][gc,phases      ] GC(280)   Merge Heap Roots: 0.55ms
[3275.516s][info][gc,phases      ] GC(280)   Evacuate Collection Set: 161.52ms
[3275.516s][info][gc,phases      ] GC(280)   Post Evacuate Collection Set: 1.28ms
[3275.516s][info][gc,phases      ] GC(280)   Other: 0.06ms
[3275.516s][info][gc,heap        ] GC(280) Eden regions: 717->0(716)
[3275.516s][info][gc,heap        ] GC(280) Survivor regions: 51->52(96)
[3275.516s][info][gc,heap        ] GC(280) Old regions: 241->243
[3275.516s][info][gc,heap        ] GC(280) Humongous regions: 33->33
[3275.516s][info][gc,metaspace   ] GC(280) Metaspace: 29962K(30144K)->29962K(30144K) NonClass: 29962K(30144K)->29962K(30144K) Class: 0K(0K)->0K(0K)
[3275.516s][info][gc             ] GC(280) Pause Young (Normal) (G1 Evacuation Pause) 8312M->2602M(10240M) 163.887ms
[3275.516s][info][gc,cpu         ] GC(280) User=1.29s Sys=0.00s Real=0.17s
.........[3285.059s][info][gc,start       ] GC(281) Pause Young (Normal) (G1 Evacuation Pause)
[3285.059s][info][gc,task        ] GC(281) Using 8 workers of 8 for evacuation
[3285.222s][info][gc,phases      ] GC(281)   Pre Evacuate Collection Set: 0.30ms
[3285.222s][info][gc,phases      ] GC(281)   Merge Heap Roots: 0.56ms
[3285.222s][info][gc,phases      ] GC(281)   Evacuate Collection Set: 160.64ms
[3285.222s][info][gc,phases      ] GC(281)   Post Evacuate Collection Set: 1.35ms
[3285.222s][info][gc,phases      ] GC(281)   Other: 0.06ms
[3285.222s][info][gc,heap        ] GC(281) Eden regions: 716->0(717)
[3285.222s][info][gc,heap        ] GC(281) Survivor regions: 52->51(96)
[3285.222s][info][gc,heap        ] GC(281) Old regions: 243->246
[3285.222s][info][gc,heap        ] GC(281) Humongous regions: 33->33
[3285.222s][info][gc,metaspace   ] GC(281) Metaspace: 29962K(30144K)->29962K(30144K) NonClass: 29962K(30144K)->29962K(30144K) Class: 0K(0K)->0K(0K)
[3285.222s][info][gc             ] GC(281) Pause Young (Normal) (G1 Evacuation Pause) 8330M->2613M(10240M) 163.040ms
[3285.222s][info][gc,cpu         ] GC(281) User=1.28s Sys=0.00s Real=0.16s
..........[3294.853s][info][gc,start       ] GC(282) Pause Young (Normal) (G1 Evacuation Pause)
[3294.853s][info][gc,task        ] GC(282) Using 8 workers of 8 for evacuation
[3295.014s][info][gc,phases      ] GC(282)   Pre Evacuate Collection Set: 0.33ms
[3295.014s][info][gc,phases      ] GC(282)   Merge Heap Roots: 0.62ms
[3295.014s][info][gc,phases      ] GC(282)   Evacuate Collection Set: 159.28ms
[3295.014s][info][gc,phases      ] GC(282)   Post Evacuate Collection Set: 1.29ms
[3295.014s][info][gc,phases      ] GC(282)   Other: 0.07ms
[3295.014s][info][gc,heap        ] GC(282) Eden regions: 717->0(716)
[3295.014s][info][gc,heap        ] GC(282) Survivor regions: 51->52(96)
[3295.014s][info][gc,heap        ] GC(282) Old regions: 246->248
[3295.014s][info][gc,heap        ] GC(282) Humongous regions: 33->33
[3295.014s][info][gc,metaspace   ] GC(282) Metaspace: 29962K(30144K)->29962K(30144K) NonClass: 29962K(30144K)->29962K(30144K) Class: 0K(0K)->0K(0K)
[3295.014s][info][gc             ] GC(282) Pause Young (Normal) (G1 Evacuation Pause) 8349M->2636M(10240M) 161.720ms
[3295.014s][info][gc,cpu         ] GC(282) User=1.28s Sys=0.00s Real=0.16s
..........[3304.474s][info][gc,start       ] GC(283) Pause Young (Normal) (G1 Evacuation Pause)
[3304.474s][info][gc,task        ] GC(283) Using 8 workers of 8 for evacuation
[3304.641s][info][gc,phases      ] GC(283)   Pre Evacuate Collection Set: 0.31ms
[3304.641s][info][gc,phases      ] GC(283)   Merge Heap Roots: 0.60ms
[3304.641s][info][gc,phases      ] GC(283)   Evacuate Collection Set: 163.85ms
[3304.641s][info][gc,phases      ] GC(283)   Post Evacuate Collection Set: 1.33ms
[3304.641s][info][gc,phases      ] GC(283)   Other: 0.08ms
[3304.641s][info][gc,heap        ] GC(283) Eden regions: 716->0(716)
[3304.641s][info][gc,heap        ] GC(283) Survivor regions: 52->52(96)
[3304.641s][info][gc,heap        ] GC(283) Old regions: 248->250
[3304.641s][info][gc,heap        ] GC(283) Humongous regions: 33->33
[3304.641s][info][gc,metaspace   ] GC(283) Metaspace: 29962K(30144K)->29962K(30144K) NonClass: 29962K(30144K)->29962K(30144K) Class: 0K(0K)->0K(0K)
[3304.641s][info][gc             ] GC(283) Pause Young (Normal) (G1 Evacuation Pause) 8364M->2658M(10240M) 166.297ms
[3304.641s][info][gc,cpu         ] GC(283) User=1.31s Sys=0.00s Real=0.17s
.........[3314.225s][info][gc,start       ] GC(284) Pause Young (Normal) (G1 Evacuation Pause)
[3314.225s][info][gc,task        ] GC(284) Using 8 workers of 8 for evacuation
[3314.386s][info][gc,phases      ] GC(284)   Pre Evacuate Collection Set: 0.29ms
[3314.386s][info][gc,phases      ] GC(284)   Merge Heap Roots: 0.55ms
[3314.386s][info][gc,phases      ] GC(284)   Evacuate Collection Set: 158.21ms
[3314.386s][info][gc,phases      ] GC(284)   Post Evacuate Collection Set: 1.34ms
[3314.386s][info][gc,phases      ] GC(284)   Other: 0.07ms
[3314.386s][info][gc,heap        ] GC(284) Eden regions: 716->0(717)
[3314.386s][info][gc,heap        ] GC(284) Survivor regions: 52->51(96)
[3314.386s][info][gc,heap        ] GC(284) Old regions: 250->253
[3314.386s][info][gc,heap        ] GC(284) Humongous regions: 33->33
[3314.386s][info][gc,metaspace   ] GC(284) Metaspace: 29962K(30144K)->29962K(30144K) NonClass: 29962K(30144K)->29962K(30144K) Class: 0K(0K)->0K(0K)
[3314.386s][info][gc             ] GC(284) Pause Young (Normal) (G1 Evacuation Pause) 8386M->2669M(10240M) 160.621ms
[3314.386s][info][gc,cpu         ] GC(284) User=1.27s Sys=0.00s Real=0.17s
...... (rIR:aIR:PR = 4981:4980:4979) (tPR = 74177) [OK] 
  3319s: Performance info:
         Transaction,    Success,    Partial,     Failed,   Receipts, AvgBarcode, 
             Overall,     299655,          0,          0,     284692,      59.48, 
         Response times:
             Request,    Success,    Partial,     Failed,   SkipFail,     Probes,    Samples,      min,      p50,      p90,      p95,      p99,      max, 
       TotalPurchase,     284729,          0,          0,          0,     278920,     314110,      300,     3200,     5700,     6500,    37000,   268000,
     InStorePurchase,     149908,          0,          0,          0,     146945,     165266,      300,     3200,     5600,     6500,    36000,   268000,
      OnlinePurchase,     104821,          0,          0,          0,     102897,     115883,      400,     3300,     5700,     6500,    38000,   267000,
        InstPurchase,      30000,          0,          0,          0,      29078,      32961,      500,     3300,     5700,     6500,    36000,   175000,
          AssocOfCat,        301,          0,          0,          0,        224,        301,    22000,    33000,    41000,    48900,    81780,   209000,
      AssocOfProduct,       2990,          0,          0,          0,       2730,       3223,      700,     3700,     6100,     7100,    40000,   170000,
      BusinessReport,        751,          0,          0,          0,        650,        844,    27000,    35000,    47000,    51750,    95100,   226000,
          CustBuyBeh,       3002,          0,          0,          0,       2746,       3261,      200,     3300,     5700,     6500,    30000,   172000,
       ProductReturn,       7936,          0,          0,          0,       7469,       8689,      200,     2800,     5600,     6600,    33000,   175000,

  3319s: (37%)   IR =   5120 ....|[3323.830s][info][gc,start       ] GC(285) Pause Young (Normal) (G1 Evacuation Pause)
[3323.830s][info][gc,task        ] GC(285) Using 8 workers of 8 for evacuation
[3323.993s][info][gc,phases      ] GC(285)   Pre Evacuate Collection Set: 0.30ms
[3323.993s][info][gc,phases      ] GC(285)   Merge Heap Roots: 0.57ms
[3323.993s][info][gc,phases      ] GC(285)   Evacuate Collection Set: 160.88ms
[3323.993s][info][gc,phases      ] GC(285)   Post Evacuate Collection Set: 1.35ms
[3323.993s][info][gc,phases      ] GC(285)   Other: 0.07ms
[3323.993s][info][gc,heap        ] GC(285) Eden regions: 717->0(716)
[3323.993s][info][gc,heap        ] GC(285) Survivor regions: 51->52(96)
[3323.993s][info][gc,heap        ] GC(285) Old regions: 253->255
[3323.993s][info][gc,heap        ] GC(285) Humongous regions: 33->33
[3323.993s][info][gc,metaspace   ] GC(285) Metaspace: 29962K(30144K)->29962K(30144K) NonClass: 29962K(30144K)->29962K(30144K) Class: 0K(0K)->0K(0K)
[3323.993s][info][gc             ] GC(285) Pause Young (Normal) (G1 Evacuation Pause) 8405M->2691M(10240M) 163.295ms
[3323.993s][info][gc,cpu         ] GC(285) User=1.28s Sys=0.00s Real=0.16s
.........[3333.215s][info][gc,start       ] GC(286) Pause Young (Normal) (G1 Evacuation Pause)
[3333.215s][info][gc,task        ] GC(286) Using 8 workers of 8 for evacuation
[3333.376s][info][gc,phases      ] GC(286)   Pre Evacuate Collection Set: 0.32ms
[3333.376s][info][gc,phases      ] GC(286)   Merge Heap Roots: 0.55ms
[3333.376s][info][gc,phases      ] GC(286)   Evacuate Collection Set: 159.00ms
[3333.376s][info][gc,phases      ] GC(286)   Post Evacuate Collection Set: 1.29ms
[3333.376s][info][gc,phases      ] GC(286)   Other: 0.06ms
[3333.376s][info][gc,heap        ] GC(286) Eden regions: 716->0(716)
[3333.376s][info][gc,heap        ] GC(286) Survivor regions: 52->52(96)
[3333.376s][info][gc,heap        ] GC(286) Old regions: 255->257
[3333.376s][info][gc,heap        ] GC(286) Humongous regions: 33->33
[3333.376s][info][gc,metaspace   ] GC(286) Metaspace: 29962K(30144K)->29962K(30144K) NonClass: 29962K(30144K)->29962K(30144K) Class: 0K(0K)->0K(0K)
[3333.376s][info][gc             ] GC(286) Pause Young (Normal) (G1 Evacuation Pause) 8419M->2710M(10240M) 161.352ms
[3333.376s][info][gc,cpu         ] GC(286) User=1.27s Sys=0.00s Real=0.17s
..........[3342.642s][info][gc,start       ] GC(287) Pause Young (Normal) (G1 Evacuation Pause)
[3342.642s][info][gc,task        ] GC(287) Using 8 workers of 8 for evacuation
[3342.808s][info][gc,phases      ] GC(287)   Pre Evacuate Collection Set: 0.32ms
[3342.808s][info][gc,phases      ] GC(287)   Merge Heap Roots: 0.66ms
[3342.808s][info][gc,phases      ] GC(287)   Evacuate Collection Set: 163.05ms
[3342.808s][info][gc,phases      ] GC(287)   Post Evacuate Collection Set: 1.32ms
[3342.808s][info][gc,phases      ] GC(287)   Other: 0.07ms
[3342.808s][info][gc,heap        ] GC(287) Eden regions: 716->0(716)
[3342.808s][info][gc,heap        ] GC(287) Survivor regions: 52->52(96)
[3342.808s][info][gc,heap        ] GC(287) Old regions: 257->260
[3342.808s][info][gc,heap        ] GC(287) Humongous regions: 33->33
[3342.808s][info][gc,metaspace   ] GC(287) Metaspace: 29962K(30144K)->29962K(30144K) NonClass: 29962K(30144K)->29962K(30144K) Class: 0K(0K)->0K(0K)
[3342.808s][info][gc             ] GC(287) Pause Young (Normal) (G1 Evacuation Pause) 8438M->2729M(10240M) 165.562ms
[3342.808s][info][gc,cpu         ] GC(287) User=1.30s Sys=0.00s Real=0.17s
.........[3352.093s][info][gc,start       ] GC(288) Pause Young (Normal) (G1 Evacuation Pause)
[3352.093s][info][gc,task        ] GC(288) Using 8 workers of 8 for evacuation
[3352.255s][info][gc,phases      ] GC(288)   Pre Evacuate Collection Set: 0.29ms
[3352.255s][info][gc,phases      ] GC(288)   Merge Heap Roots: 0.56ms
[3352.255s][info][gc,phases      ] GC(288)   Evacuate Collection Set: 160.46ms
[3352.255s][info][gc,phases      ] GC(288)   Post Evacuate Collection Set: 1.29ms
[3352.255s][info][gc,phases      ] GC(288)   Other: 0.07ms
[3352.256s][info][gc,heap        ] GC(288) Eden regions: 716->0(717)
[3352.256s][info][gc,heap        ] GC(288) Survivor regions: 52->51(96)
[3352.256s][info][gc,heap        ] GC(288) Old regions: 260->262
[3352.256s][info][gc,heap        ] GC(288) Humongous regions: 33->33
[3352.256s][info][gc,metaspace   ] GC(288) Metaspace: 29962K(30144K)->29962K(30144K) NonClass: 29962K(30144K)->29962K(30144K) Class: 0K(0K)->0K(0K)
[3352.256s][info][gc             ] GC(288) Pause Young (Normal) (G1 Evacuation Pause) 8457M->2744M(10240M) 162.781ms
[3352.256s][info][gc,cpu         ] GC(288) User=1.28s Sys=0.00s Real=0.16s
..........[3361.596s][info][gc,start       ] GC(289) Pause Young (Normal) (G1 Evacuation Pause)
[3361.596s][info][gc,task        ] GC(289) Using 8 workers of 8 for evacuation
[3361.758s][info][gc,phases      ] GC(289)   Pre Evacuate Collection Set: 0.32ms
[3361.758s][info][gc,phases      ] GC(289)   Merge Heap Roots: 0.65ms
[3361.758s][info][gc,phases      ] GC(289)   Evacuate Collection Set: 159.00ms
[3361.758s][info][gc,phases      ] GC(289)   Post Evacuate Collection Set: 1.32ms
[3361.758s][info][gc,phases      ] GC(289)   Other: 0.08ms
[3361.758s][info][gc,heap        ] GC(289) Eden regions: 717->0(716)
[3361.758s][info][gc,heap        ] GC(289) Survivor regions: 51->52(96)
[3361.758s][info][gc,heap        ] GC(289) Old regions: 262->264
[3361.758s][info][gc,heap        ] GC(289) Humongous regions: 33->33
[3361.758s][info][gc,metaspace   ] GC(289) Metaspace: 29962K(30144K)->29962K(30144K) NonClass: 29962K(30144K)->29962K(30144K) Class: 0K(0K)->0K(0K)
[3361.758s][info][gc             ] GC(289) Pause Young (Normal) (G1 Evacuation Pause) 8480M->2770M(10240M) 161.528ms
[3361.758s][info][gc,cpu         ] GC(289) User=1.26s Sys=0.01s Real=0.16s
.........[3371.021s][info][gc,start       ] GC(290) Pause Young (Normal) (G1 Evacuation Pause)
[3371.021s][info][gc,task        ] GC(290) Using 8 workers of 8 for evacuation
[3371.182s][info][gc,phases      ] GC(290)   Pre Evacuate Collection Set: 0.33ms
[3371.182s][info][gc,phases      ] GC(290)   Merge Heap Roots: 0.56ms
[3371.182s][info][gc,phases      ] GC(290)   Evacuate Collection Set: 158.34ms
[3371.182s][info][gc,phases      ] GC(290)   Post Evacuate Collection Set: 1.32ms
[3371.182s][info][gc,phases      ] GC(290)   Other: 0.07ms
[3371.182s][info][gc,heap        ] GC(290) Eden regions: 716->0(717)
[3371.182s][info][gc,heap        ] GC(290) Survivor regions: 52->51(96)
[3371.182s][info][gc,heap        ] GC(290) Old regions: 264->267
[3371.182s][info][gc,heap        ] GC(290) Humongous regions: 33->33
[3371.182s][info][gc,metaspace   ] GC(290) Metaspace: 29962K(30144K)->29962K(30144K) NonClass: 29962K(30144K)->29962K(30144K) Class: 0K(0K)->0K(0K)
[3371.182s][info][gc             ] GC(290) Pause Young (Normal) (G1 Evacuation Pause) 8498M->2781M(10240M) 160.765ms
[3371.182s][info][gc,cpu         ] GC(290) User=1.27s Sys=0.00s Real=0.16s
..........[3380.519s][info][gc,start       ] GC(291) Pause Young (Normal) (G1 Evacuation Pause)
[3380.519s][info][gc,task        ] GC(291) Using 8 workers of 8 for evacuation
[3380.684s][info][gc,phases      ] GC(291)   Pre Evacuate Collection Set: 0.32ms
[3380.684s][info][gc,phases      ] GC(291)   Merge Heap Roots: 0.70ms
[3380.684s][info][gc,phases      ] GC(291)   Evacuate Collection Set: 162.11ms
[3380.684s][info][gc,phases      ] GC(291)   Post Evacuate Collection Set: 1.36ms
[3380.684s][info][gc,phases      ] GC(291)   Other: 0.07ms
[3380.684s][info][gc,heap        ] GC(291) Eden regions: 717->0(717)
[3380.684s][info][gc,heap        ] GC(291) Survivor regions: 51->51(96)
[3380.684s][info][gc,heap        ] GC(291) Old regions: 267->269
[3380.684s][info][gc,heap        ] GC(291) Humongous regions: 33->33
[3380.684s][info][gc,metaspace   ] GC(291) Metaspace: 29962K(30144K)->29962K(30144K) NonClass: 29962K(30144K)->29962K(30144K) Class: 0K(0K)->0K(0K)
[3380.684s][info][gc             ] GC(291) Pause Young (Normal) (G1 Evacuation Pause) 8517M->2799M(10240M) 164.686ms
[3380.684s][info][gc,cpu         ] GC(291) User=1.30s Sys=0.00s Real=0.16s
... (rIR:aIR:PR = 5120:5119:5118) (tPR = 75953) [OK] 
  3383s: Performance info:
         Transaction,    Success,    Partial,     Failed,   Receipts, AvgBarcode, 
             Overall,     307265,          0,          0,     291902,      59.48, 
         Response times:
             Request,    Success,    Partial,     Failed,   SkipFail,     Probes,    Samples,      min,      p50,      p90,      p95,      p99,      max, 
       TotalPurchase,     291937,          0,          0,          0,     286273,     307124,      300,     3300,     5900,     6900,    37000,   177000,
     InStorePurchase,     153688,          0,          0,          0,     150981,     161697,      300,     3300,     5900,     6800,    36000,   177000,
      OnlinePurchase,     107559,          0,          0,          0,     105350,     112897,      400,     3400,     5900,     6900,    38000,   176000,
        InstPurchase,      30690,          0,          0,          0,      29942,      32530,      500,     3600,     6000,     6900,    39000,   177000,
          AssocOfCat,        305,          0,          0,          0,        237,        335,    25000,    33000,    41000,    50000,    68000,    86000,
      AssocOfProduct,       3068,          0,          0,          0,       2882,       3277,      500,     2500,     6300,     7610,    27220,   175000,
      BusinessReport,        766,          0,          0,          0,        660,        807,    25000,    35000,    50000,    56600,   107000,   224000,
          CustBuyBeh,       3071,          0,          0,          0,       2838,       3275,      200,     3100,     5500,     6400,    42000,   169000,
       ProductReturn,       8153,          0,          0,          0,       7705,       8501,      200,     3500,     5800,     6600,    40000,   175000,

  3383s: (38%)   IR =   5258 ....|..[3389.826s][info][gc,start       ] GC(292) Pause Young (Normal) (G1 Evacuation Pause)
[3389.826s][info][gc,task        ] GC(292) Using 8 workers of 8 for evacuation
[3389.991s][info][gc,phases      ] GC(292)   Pre Evacuate Collection Set: 0.29ms
[3389.991s][info][gc,phases      ] GC(292)   Merge Heap Roots: 0.56ms
[3389.991s][info][gc,phases      ] GC(292)   Evacuate Collection Set: 162.90ms
[3389.991s][info][gc,phases      ] GC(292)   Post Evacuate Collection Set: 1.30ms
[3389.991s][info][gc,phases      ] GC(292)   Other: 0.07ms
[3389.991s][info][gc,heap        ] GC(292) Eden regions: 717->0(715)
[3389.991s][info][gc,heap        ] GC(292) Survivor regions: 51->53(96)
[3389.991s][info][gc,heap        ] GC(292) Old regions: 269->271
[3389.991s][info][gc,heap        ] GC(292) Humongous regions: 33->33
[3389.991s][info][gc,metaspace   ] GC(292) Metaspace: 29963K(30144K)->29963K(30144K) NonClass: 29963K(30144K)->29963K(30144K) Class: 0K(0K)->0K(0K)
[3389.991s][info][gc             ] GC(292) Pause Young (Normal) (G1 Evacuation Pause) 8535M->2830M(10240M) 165.252ms
[3389.991s][info][gc,cpu         ] GC(292) User=1.30s Sys=0.00s Real=0.16s
.........[3399.050s][info][gc,start       ] GC(293) Pause Young (Normal) (G1 Evacuation Pause)
[3399.050s][info][gc,task        ] GC(293) Using 8 workers of 8 for evacuation
[3399.214s][info][gc,phases      ] GC(293)   Pre Evacuate Collection Set: 0.27ms
[3399.214s][info][gc,phases      ] GC(293)   Merge Heap Roots: 0.58ms
[3399.214s][info][gc,phases      ] GC(293)   Evacuate Collection Set: 161.52ms
[3399.214s][info][gc,phases      ] GC(293)   Post Evacuate Collection Set: 1.36ms
[3399.214s][info][gc,phases      ] GC(293)   Other: 0.06ms
[3399.214s][info][gc,heap        ] GC(293) Eden regions: 715->0(716)
[3399.214s][info][gc,heap        ] GC(293) Survivor regions: 53->52(96)
[3399.214s][info][gc,heap        ] GC(293) Old regions: 271->274
[3399.214s][info][gc,heap        ] GC(293) Humongous regions: 33->33
[3399.214s][info][gc,metaspace   ] GC(293) Metaspace: 29963K(30144K)->29963K(30144K) NonClass: 29963K(30144K)->29963K(30144K) Class: 0K(0K)->0K(0K)
[3399.214s][info][gc             ] GC(293) Pause Young (Normal) (G1 Evacuation Pause) 8550M->2840M(10240M) 163.954ms
[3399.214s][info][gc,cpu         ] GC(293) User=1.29s Sys=0.00s Real=0.16s
.........[3408.216s][info][gc,start       ] GC(294) Pause Young (Normal) (G1 Evacuation Pause)
[3408.216s][info][gc,task        ] GC(294) Using 8 workers of 8 for evacuation
[3408.380s][info][gc,phases      ] GC(294)   Pre Evacuate Collection Set: 0.30ms
[3408.380s][info][gc,phases      ] GC(294)   Merge Heap Roots: 0.56ms
[3408.380s][info][gc,phases      ] GC(294)   Evacuate Collection Set: 161.16ms
[3408.380s][info][gc,phases      ] GC(294)   Post Evacuate Collection Set: 1.34ms
[3408.380s][info][gc,phases      ] GC(294)   Other: 0.06ms
[3408.380s][info][gc,heap        ] GC(294) Eden regions: 716->0(716)
[3408.380s][info][gc,heap        ] GC(294) Survivor regions: 52->52(96)
[3408.380s][info][gc,heap        ] GC(294) Old regions: 274->276
[3408.380s][info][gc,heap        ] GC(294) Humongous regions: 33->33
[3408.380s][info][gc,metaspace   ] GC(294) Metaspace: 29963K(30144K)->29963K(30144K) NonClass: 29963K(30144K)->29963K(30144K) Class: 0K(0K)->0K(0K)
[3408.380s][info][gc             ] GC(294) Pause Young (Normal) (G1 Evacuation Pause) 8568M->2862M(10240M) 163.552ms
[3408.380s][info][gc,cpu         ] GC(294) User=1.28s Sys=0.00s Real=0.16s
.........[3417.400s][info][gc,start       ] GC(295) Pause Young (Normal) (G1 Evacuation Pause)
[3417.400s][info][gc,task        ] GC(295) Using 8 workers of 8 for evacuation
[3417.561s][info][gc,phases      ] GC(295)   Pre Evacuate Collection Set: 0.30ms
[3417.561s][info][gc,phases      ] GC(295)   Merge Heap Roots: 0.55ms
[3417.561s][info][gc,phases      ] GC(295)   Evacuate Collection Set: 158.81ms
[3417.561s][info][gc,phases      ] GC(295)   Post Evacuate Collection Set: 1.31ms
[3417.561s][info][gc,phases      ] GC(295)   Other: 0.07ms
[3417.561s][info][gc,heap        ] GC(295) Eden regions: 716->0(717)
[3417.561s][info][gc,heap        ] GC(295) Survivor regions: 52->51(96)
[3417.561s][info][gc,heap        ] GC(295) Old regions: 276->278
[3417.561s][info][gc,heap        ] GC(295) Humongous regions: 33->33
[3417.561s][info][gc,metaspace   ] GC(295) Metaspace: 29963K(30144K)->29963K(30144K) NonClass: 29963K(30144K)->29963K(30144K) Class: 0K(0K)->0K(0K)
[3417.561s][info][gc             ] GC(295) Pause Young (Normal) (G1 Evacuation Pause) 8590M->2869M(10240M) 161.162ms
[3417.561s][info][gc,cpu         ] GC(295) User=1.27s Sys=0.00s Real=0.16s
..........[3426.640s][info][gc,start       ] GC(296) Pause Young (Normal) (G1 Evacuation Pause)
[3426.640s][info][gc,task        ] GC(296) Using 8 workers of 8 for evacuation
[3426.802s][info][gc,phases      ] GC(296)   Pre Evacuate Collection Set: 0.31ms
[3426.802s][info][gc,phases      ] GC(296)   Merge Heap Roots: 0.57ms
[3426.802s][info][gc,phases      ] GC(296)   Evacuate Collection Set: 159.44ms
[3426.802s][info][gc,phases      ] GC(296)   Post Evacuate Collection Set: 1.29ms
[3426.802s][info][gc,phases      ] GC(296)   Other: 0.06ms
[3426.802s][info][gc,heap        ] GC(296) Eden regions: 717->0(716)
[3426.802s][info][gc,heap        ] GC(296) Survivor regions: 51->52(96)
[3426.802s][info][gc,heap        ] GC(296) Old regions: 278->281
[3426.802s][info][gc,heap        ] GC(296) Humongous regions: 33->33
[3426.802s][info][gc,metaspace   ] GC(296) Metaspace: 29963K(30144K)->29963K(30144K) NonClass: 29963K(30144K)->29963K(30144K) Class: 0K(0K)->0K(0K)
[3426.802s][info][gc             ] GC(296) Pause Young (Normal) (G1 Evacuation Pause) 8605M->2896M(10240M) 161.789ms
[3426.802s][info][gc,cpu         ] GC(296) User=1.27s Sys=0.00s Real=0.16s
.........[3435.828s][info][gc,start       ] GC(297) Pause Young (Normal) (G1 Evacuation Pause)
[3435.828s][info][gc,task        ] GC(297) Using 8 workers of 8 for evacuation
[3435.991s][info][gc,phases      ] GC(297)   Pre Evacuate Collection Set: 0.31ms
[3435.991s][info][gc,phases      ] GC(297)   Merge Heap Roots: 0.66ms
[3435.991s][info][gc,phases      ] GC(297)   Evacuate Collection Set: 160.32ms
[3435.991s][info][gc,phases      ] GC(297)   Post Evacuate Collection Set: 1.29ms
[3435.991s][info][gc,phases      ] GC(297)   Other: 0.06ms
[3435.991s][info][gc,heap        ] GC(297) Eden regions: 716->0(716)
[3435.991s][info][gc,heap        ] GC(297) Survivor regions: 52->52(96)
[3435.991s][info][gc,heap        ] GC(297) Old regions: 281->283
[3435.991s][info][gc,heap        ] GC(297) Humongous regions: 33->33
[3435.991s][info][gc,metaspace   ] GC(297) Metaspace: 29963K(30144K)->29963K(30144K) NonClass: 29963K(30144K)->29963K(30144K) Class: 0K(0K)->0K(0K)
[3435.991s][info][gc             ] GC(297) Pause Young (Normal) (G1 Evacuation Pause) 8624M->2919M(10240M) 162.810ms
[3435.991s][info][gc,cpu         ] GC(297) User=1.28s Sys=0.00s Real=0.16s
.........[3445.051s][info][gc,start       ] GC(298) Pause Young (Normal) (G1 Evacuation Pause)
[3445.051s][info][gc,task        ] GC(298) Using 8 workers of 8 for evacuation
[3445.211s][info][gc,phases      ] GC(298)   Pre Evacuate Collection Set: 0.31ms
[3445.211s][info][gc,phases      ] GC(298)   Merge Heap Roots: 0.63ms
[3445.211s][info][gc,phases      ] GC(298)   Evacuate Collection Set: 158.37ms
[3445.211s][info][gc,phases      ] GC(298)   Post Evacuate Collection Set: 1.36ms
[3445.211s][info][gc,phases      ] GC(298)   Other: 0.10ms
[3445.211s][info][gc,heap        ] GC(298) Eden regions: 716->0(717)
[3445.211s][info][gc,heap        ] GC(298) Survivor regions: 52->51(96)
[3445.211s][info][gc,heap        ] GC(298) Old regions: 283->285
[3445.211s][info][gc,heap        ] GC(298) Humongous regions: 33->33
[3445.211s][info][gc,metaspace   ] GC(298) Metaspace: 29963K(30144K)->29963K(30144K) NonClass: 29963K(30144K)->29963K(30144K) Class: 0K(0K)->0K(0K)
[3445.211s][info][gc             ] GC(298) Pause Young (Normal) (G1 Evacuation Pause) 8647M->2926M(10240M) 160.918ms
[3445.211s][info][gc,cpu         ] GC(298) User=1.26s Sys=0.00s Real=0.16s
... (rIR:aIR:PR = 5258:5256:5256) (tPR = 78381) [OK] 
  3447s: Performance info:
         Transaction,    Success,    Partial,     Failed,   Receipts, AvgBarcode, 
             Overall,     315635,          0,          0,     299847,      59.47, 
         Response times:
             Request,    Success,    Partial,     Failed,   SkipFail,     Probes,    Samples,      min,      p50,      p90,      p95,      p99,      max, 
       TotalPurchase,     299843,          0,          0,          0,     293438,     314841,      300,     3500,     6200,     7200,    44000,   296000,
     InStorePurchase,     157800,          0,          0,          0,     154639,     165802,      400,     3500,     6200,     7200,    44000,   296000,
      OnlinePurchase,     110484,          0,          0,          0,     108185,     115681,      300,     3500,     6100,     7200,    45000,   296000,
        InstPurchase,      31559,          0,          0,          0,      30614,      33358,      500,     3300,     6200,     7300,    42000,   296000,
          AssocOfCat,        312,          0,          0,          0,        251,        339,    21000,    32000,    41000,    47000,   107000,   155000,
      AssocOfProduct,       3150,          0,          0,          0,       2887,       3320,      500,     4300,     6700,     7895,    47790,   173000,
      BusinessReport,        785,          0,          0,          0,        647,        792,    26000,    35000,    50000,    58000,   197210,   235000,
          CustBuyBeh,       3166,          0,          0,          0,       2937,       3387,      300,     3600,     6200,     7200,    34000,   173000,
       ProductReturn,       8376,          0,          0,          0,       7917,       8812,      200,     3400,     6000,     6900,    43870,   172000,

  3447s: (39%)   IR =   5396 .....|.[3454.066s][info][gc,start       ] GC(299) Pause Young (Normal) (G1 Evacuation Pause)
[3454.066s][info][gc,task        ] GC(299) Using 8 workers of 8 for evacuation
[3454.232s][info][gc,phases      ] GC(299)   Pre Evacuate Collection Set: 0.32ms
[3454.232s][info][gc,phases      ] GC(299)   Merge Heap Roots: 0.62ms
[3454.232s][info][gc,phases      ] GC(299)   Evacuate Collection Set: 164.09ms
[3454.232s][info][gc,phases      ] GC(299)   Post Evacuate Collection Set: 1.30ms
[3454.232s][info][gc,phases      ] GC(299)   Other: 0.07ms
[3454.232s][info][gc,heap        ] GC(299) Eden regions: 717->0(716)
[3454.232s][info][gc,heap        ] GC(299) Survivor regions: 51->52(96)
[3454.232s][info][gc,heap        ] GC(299) Old regions: 285->288
[3454.232s][info][gc,heap        ] GC(299) Humongous regions: 33->33
[3454.232s][info][gc,metaspace   ] GC(299) Metaspace: 29963K(30144K)->29963K(30144K) NonClass: 29963K(30144K)->29963K(30144K) Class: 0K(0K)->0K(0K)
[3454.232s][info][gc             ] GC(299) Pause Young (Normal) (G1 Evacuation Pause) 8662M->2957M(10240M) 166.545ms
[3454.232s][info][gc,cpu         ] GC(299) User=1.31s Sys=0.00s Real=0.16s
.........[3463.053s][info][gc,start       ] GC(300) Pause Young (Normal) (G1 Evacuation Pause)
[3463.053s][info][gc,task        ] GC(300) Using 8 workers of 8 for evacuation
[3463.213s][info][gc,phases      ] GC(300)   Pre Evacuate Collection Set: 0.30ms
[3463.213s][info][gc,phases      ] GC(300)   Merge Heap Roots: 0.55ms
[3463.213s][info][gc,phases      ] GC(300)   Evacuate Collection Set: 157.64ms
[3463.213s][info][gc,phases      ] GC(300)   Post Evacuate Collection Set: 1.35ms
[3463.213s][info][gc,phases      ] GC(300)   Other: 0.07ms
[3463.213s][info][gc,heap        ] GC(300) Eden regions: 716->0(717)
[3463.213s][info][gc,heap        ] GC(300) Survivor regions: 52->51(96)
[3463.213s][info][gc,heap        ] GC(300) Old regions: 288->290
[3463.213s][info][gc,heap        ] GC(300) Humongous regions: 33->33
[3463.213s][info][gc,metaspace   ] GC(300) Metaspace: 29963K(30144K)->29963K(30144K) NonClass: 29963K(30144K)->29963K(30144K) Class: 0K(0K)->0K(0K)
[3463.213s][info][gc             ] GC(300) Pause Young (Normal) (G1 Evacuation Pause) 8685M->2963M(10240M) 160.047ms
[3463.213s][info][gc,cpu         ] GC(300) User=1.26s Sys=0.00s Real=0.16s
.........[3471.954s][info][gc,start       ] GC(301) Pause Young (Normal) (G1 Evacuation Pause)
[3471.954s][info][gc,task        ] GC(301) Using 8 workers of 8 for evacuation
[3472.117s][info][gc,phases      ] GC(301)   Pre Evacuate Collection Set: 0.30ms
[3472.117s][info][gc,phases      ] GC(301)   Merge Heap Roots: 0.56ms
[3472.117s][info][gc,phases      ] GC(301)   Evacuate Collection Set: 160.60ms
[3472.117s][info][gc,phases      ] GC(301)   Post Evacuate Collection Set: 1.32ms
[3472.117s][info][gc,phases      ] GC(301)   Other: 0.07ms
[3472.117s][info][gc,heap        ] GC(301) Eden regions: 717->0(717)
[3472.117s][info][gc,heap        ] GC(301) Survivor regions: 51->51(96)
[3472.117s][info][gc,heap        ] GC(301) Old regions: 290->292
[3472.117s][info][gc,heap        ] GC(301) Humongous regions: 33->33
[3472.117s][info][gc,metaspace   ] GC(301) Metaspace: 29964K(30144K)->29964K(30144K) NonClass: 29964K(30144K)->29964K(30144K) Class: 0K(0K)->0K(0K)
[3472.117s][info][gc             ] GC(301) Pause Young (Normal) (G1 Evacuation Pause) 8699M->2986M(10240M) 162.978ms
[3472.117s][info][gc,cpu         ] GC(301) User=1.28s Sys=0.00s Real=0.17s
.........[3480.978s][info][gc,start       ] GC(302) Pause Young (Normal) (G1 Evacuation Pause)
[3480.978s][info][gc,task        ] GC(302) Using 8 workers of 8 for evacuation
[3481.138s][info][gc,phases      ] GC(302)   Pre Evacuate Collection Set: 0.30ms
[3481.138s][info][gc,phases      ] GC(302)   Merge Heap Roots: 0.55ms
[3481.138s][info][gc,phases      ] GC(302)   Evacuate Collection Set: 158.13ms
[3481.138s][info][gc,phases      ] GC(302)   Post Evacuate Collection Set: 1.30ms
[3481.138s][info][gc,phases      ] GC(302)   Other: 0.06ms
[3481.138s][info][gc,heap        ] GC(302) Eden regions: 717->0(717)
[3481.138s][info][gc,heap        ] GC(302) Survivor regions: 51->51(96)
[3481.138s][info][gc,heap        ] GC(302) Old regions: 292->295
[3481.138s][info][gc,heap        ] GC(302) Humongous regions: 33->33
[3481.138s][info][gc,metaspace   ] GC(302) Metaspace: 29964K(30144K)->29964K(30144K) NonClass: 29964K(30144K)->29964K(30144K) Class: 0K(0K)->0K(0K)
[3481.138s][info][gc             ] GC(302) Pause Young (Normal) (G1 Evacuation Pause) 8722M->3002M(10240M) 160.484ms
[3481.138s][info][gc,cpu         ] GC(302) User=1.26s Sys=0.01s Real=0.16s
.........[3489.942s][info][gc,start       ] GC(303) Pause Young (Normal) (G1 Evacuation Pause)
[3489.942s][info][gc,task        ] GC(303) Using 8 workers of 8 for evacuation
[3490.103s][info][gc,phases      ] GC(303)   Pre Evacuate Collection Set: 0.30ms
[3490.103s][info][gc,phases      ] GC(303)   Merge Heap Roots: 0.57ms
[3490.103s][info][gc,phases      ] GC(303)   Evacuate Collection Set: 159.13ms
[3490.103s][info][gc,phases      ] GC(303)   Post Evacuate Collection Set: 1.29ms
[3490.103s][info][gc,phases      ] GC(303)   Other: 0.06ms
[3490.103s][info][gc,heap        ] GC(303) Eden regions: 717->0(717)
[3490.103s][info][gc,heap        ] GC(303) Survivor regions: 51->51(96)
[3490.103s][info][gc,heap        ] GC(303) Old regions: 295->297
[3490.103s][info][gc,heap        ] GC(303) Humongous regions: 33->33
[3490.103s][info][gc,metaspace   ] GC(303) Metaspace: 29964K(30144K)->29964K(30144K) NonClass: 29964K(30144K)->29964K(30144K) Class: 0K(0K)->0K(0K)
[3490.103s][info][gc             ] GC(303) Pause Young (Normal) (G1 Evacuation Pause) 8738M->3021M(10240M) 161.501ms
[3490.104s][info][gc,cpu         ] GC(303) User=1.27s Sys=0.00s Real=0.16s
.........[3498.926s][info][gc,start       ] GC(304) Pause Young (Normal) (G1 Evacuation Pause)
[3498.926s][info][gc,task        ] GC(304) Using 8 workers of 8 for evacuation
[3499.087s][info][gc,phases      ] GC(304)   Pre Evacuate Collection Set: 0.31ms
[3499.087s][info][gc,phases      ] GC(304)   Merge Heap Roots: 0.55ms
[3499.087s][info][gc,phases      ] GC(304)   Evacuate Collection Set: 158.35ms
[3499.087s][info][gc,phases      ] GC(304)   Post Evacuate Collection Set: 1.33ms
[3499.087s][info][gc,phases      ] GC(304)   Other: 0.06ms
[3499.087s][info][gc,heap        ] GC(304) Eden regions: 717->0(717)
[3499.087s][info][gc,heap        ] GC(304) Survivor regions: 51->51(96)
[3499.087s][info][gc,heap        ] GC(304) Old regions: 297->299
[3499.087s][info][gc,heap        ] GC(304) Humongous regions: 33->33
[3499.087s][info][gc,metaspace   ] GC(304) Metaspace: 29964K(30144K)->29964K(30144K) NonClass: 29964K(30144K)->29964K(30144K) Class: 0K(0K)->0K(0K)
[3499.087s][info][gc             ] GC(304) Pause Young (Normal) (G1 Evacuation Pause) 8757M->3043M(10240M) 160.742ms
[3499.087s][info][gc,cpu         ] GC(304) User=1.26s Sys=0.00s Real=0.16s
.........[3507.907s][info][gc,start       ] GC(305) Pause Young (Normal) (G1 Evacuation Pause)
[3507.907s][info][gc,task        ] GC(305) Using 8 workers of 8 for evacuation
[3508.068s][info][gc,phases      ] GC(305)   Pre Evacuate Collection Set: 0.29ms
[3508.068s][info][gc,phases      ] GC(305)   Merge Heap Roots: 0.58ms
[3508.068s][info][gc,phases      ] GC(305)   Evacuate Collection Set: 158.76ms
[3508.068s][info][gc,phases      ] GC(305)   Post Evacuate Collection Set: 1.32ms
[3508.068s][info][gc,phases      ] GC(305)   Other: 0.06ms
[3508.068s][info][gc,heap        ] GC(305) Eden regions: 717->0(717)
[3508.068s][info][gc,heap        ] GC(305) Survivor regions: 51->51(96)
[3508.068s][info][gc,heap        ] GC(305) Old regions: 299->302
[3508.068s][info][gc,heap        ] GC(305) Humongous regions: 33->33
[3508.068s][info][gc,metaspace   ] GC(305) Metaspace: 29965K(30144K)->29965K(30144K) NonClass: 29965K(30144K)->29965K(30144K) Class: 0K(0K)->0K(0K)
[3508.068s][info][gc             ] GC(305) Pause Young (Normal) (G1 Evacuation Pause) 8779M->3062M(10240M) 161.153ms
[3508.068s][info][gc,cpu         ] GC(305) User=1.26s Sys=0.00s Real=0.16s
..... (rIR:aIR:PR = 5396:5397:5397) (tPR = 80064) [OK] 
  3512s: Performance info:
         Transaction,    Success,    Partial,     Failed,   Receipts, AvgBarcode, 
             Overall,     323959,          0,          0,     307739,      59.47, 
         Response times:
             Request,    Success,    Partial,     Failed,   SkipFail,     Probes,    Samples,      min,      p50,      p90,      p95,      p99,      max, 
       TotalPurchase,     307738,          0,          0,          0,     301807,     328752,      300,     3500,     6200,     7200,    42000,   176000,
     InStorePurchase,     161985,          0,          0,          0,     159197,     173076,      300,     3500,     6200,     7200,    42000,   176000,
      OnlinePurchase,     113402,          0,          0,          0,     111280,     121222,      400,     3500,     6200,     7200,    42000,   175000,
        InstPurchase,      32351,          0,          0,          0,      31330,      34454,      500,     3600,     6400,     7500,    37000,   171000,
          AssocOfCat,        326,          0,          0,          0,        259,        347,    25000,    34000,    41000,    44000,    57760,    87000,
      AssocOfProduct,       3242,          0,          0,          0,       3002,       3477,      400,     3400,     6600,     7700,    40880,   170000,
      BusinessReport,        812,          0,          0,          0,        696,        889,    22000,    36000,    52000,    56000,    94100,   227000,
          CustBuyBeh,       3234,          0,          0,          0,       3005,       3458,      200,     2800,     5900,     6900,    39410,    85000,
       ProductReturn,       8607,          0,          0,          0,       8172,       9235,      200,     3500,     6100,     7100,    45000,   171000,

  3512s: (40%)   IR =   5535 ....|[3516.791s][info][gc,start       ] GC(306) Pause Young (Normal) (G1 Evacuation Pause)
[3516.791s][info][gc,task        ] GC(306) Using 8 workers of 8 for evacuation
[3516.955s][info][gc,phases      ] GC(306)   Pre Evacuate Collection Set: 0.29ms
[3516.955s][info][gc,phases      ] GC(306)   Merge Heap Roots: 0.56ms
[3516.955s][info][gc,phases      ] GC(306)   Evacuate Collection Set: 161.23ms
[3516.955s][info][gc,phases      ] GC(306)   Post Evacuate Collection Set: 1.42ms
[3516.955s][info][gc,phases      ] GC(306)   Other: 0.07ms
[3516.955s][info][gc,heap        ] GC(306) Eden regions: 717->0(716)
[3516.955s][info][gc,heap        ] GC(306) Survivor regions: 51->52(96)
[3516.955s][info][gc,heap        ] GC(306) Old regions: 302->304
[3516.955s][info][gc,heap        ] GC(306) Humongous regions: 33->33
[3516.955s][info][gc,metaspace   ] GC(306) Metaspace: 29965K(30144K)->29965K(30144K) NonClass: 29965K(30144K)->29965K(30144K) Class: 0K(0K)->0K(0K)
[3516.955s][info][gc             ] GC(306) Pause Young (Normal) (G1 Evacuation Pause) 8798M->3086M(10240M) 163.723ms
[3516.955s][info][gc,cpu         ] GC(306) User=1.29s Sys=0.00s Real=0.16s
........[3525.531s][info][gc,start       ] GC(307) Pause Young (Normal) (G1 Evacuation Pause)
[3525.531s][info][gc,task        ] GC(307) Using 8 workers of 8 for evacuation
[3525.693s][info][gc,phases      ] GC(307)   Pre Evacuate Collection Set: 0.32ms
[3525.693s][info][gc,phases      ] GC(307)   Merge Heap Roots: 0.63ms
[3525.693s][info][gc,phases      ] GC(307)   Evacuate Collection Set: 159.11ms
[3525.693s][info][gc,phases      ] GC(307)   Post Evacuate Collection Set: 1.36ms
[3525.693s][info][gc,phases      ] GC(307)   Other: 0.07ms
[3525.693s][info][gc,heap        ] GC(307) Eden regions: 716->0(717)
[3525.693s][info][gc,heap        ] GC(307) Survivor regions: 52->51(96)
[3525.693s][info][gc,heap        ] GC(307) Old regions: 304->307
[3525.693s][info][gc,heap        ] GC(307) Humongous regions: 33->33
[3525.693s][info][gc,metaspace   ] GC(307) Metaspace: 29965K(30144K)->29965K(30144K) NonClass: 29965K(30144K)->29965K(30144K) Class: 0K(0K)->0K(0K)
[3525.693s][info][gc             ] GC(307) Pause Young (Normal) (G1 Evacuation Pause) 8814M->3101M(10240M) 161.644ms
[3525.693s][info][gc,cpu         ] GC(307) User=1.27s Sys=0.00s Real=0.16s
.........[3534.212s][info][gc,start       ] GC(308) Pause Young (Normal) (G1 Evacuation Pause)
[3534.212s][info][gc,task        ] GC(308) Using 8 workers of 8 for evacuation
[3534.373s][info][gc,phases      ] GC(308)   Pre Evacuate Collection Set: 0.30ms
[3534.373s][info][gc,phases      ] GC(308)   Merge Heap Roots: 0.56ms
[3534.373s][info][gc,phases      ] GC(308)   Evacuate Collection Set: 158.46ms
[3534.373s][info][gc,phases      ] GC(308)   Post Evacuate Collection Set: 1.34ms
[3534.373s][info][gc,phases      ] GC(308)   Other: 0.07ms
[3534.373s][info][gc,heap        ] GC(308) Eden regions: 717->0(717)
[3534.373s][info][gc,heap        ] GC(308) Survivor regions: 51->51(96)
[3534.373s][info][gc,heap        ] GC(308) Old regions: 307->309
[3534.373s][info][gc,heap        ] GC(308) Humongous regions: 33->33
[3534.373s][info][gc,metaspace   ] GC(308) Metaspace: 29965K(30144K)->29965K(30144K) NonClass: 29965K(30144K)->29965K(30144K) Class: 0K(0K)->0K(0K)
[3534.373s][info][gc             ] GC(308) Pause Young (Normal) (G1 Evacuation Pause) 8837M->3121M(10240M) 160.867ms
[3534.373s][info][gc,cpu         ] GC(308) User=1.27s Sys=0.00s Real=0.16s
.........[3542.991s][info][gc,start       ] GC(309) Pause Young (Normal) (G1 Evacuation Pause)
[3542.991s][info][gc,task        ] GC(309) Using 8 workers of 8 for evacuation
[3543.151s][info][gc,phases      ] GC(309)   Pre Evacuate Collection Set: 0.29ms
[3543.152s][info][gc,phases      ] GC(309)   Merge Heap Roots: 0.68ms
[3543.152s][info][gc,phases      ] GC(309)   Evacuate Collection Set: 158.24ms
[3543.152s][info][gc,phases      ] GC(309)   Post Evacuate Collection Set: 1.32ms
[3543.152s][info][gc,phases      ] GC(309)   Other: 0.07ms
[3543.152s][info][gc,heap        ] GC(309) Eden regions: 717->0(717)
[3543.152s][info][gc,heap        ] GC(309) Survivor regions: 51->51(96)
[3543.152s][info][gc,heap        ] GC(309) Old regions: 309->312
[3543.152s][info][gc,heap        ] GC(309) Humongous regions: 33->33
[3543.152s][info][gc,metaspace   ] GC(309) Metaspace: 29965K(30144K)->29965K(30144K) NonClass: 29965K(30144K)->29965K(30144K) Class: 0K(0K)->0K(0K)
[3543.152s][info][gc             ] GC(309) Pause Young (Normal) (G1 Evacuation Pause) 8857M->3140M(10240M) 160.751ms
[3543.152s][info][gc,cpu         ] GC(309) User=1.27s Sys=0.00s Real=0.16s
.........[3551.791s][info][gc,start       ] GC(310) Pause Young (Normal) (G1 Evacuation Pause)
[3551.791s][info][gc,task        ] GC(310) Using 8 workers of 8 for evacuation
[3551.956s][info][gc,phases      ] GC(310)   Pre Evacuate Collection Set: 0.29ms
[3551.956s][info][gc,phases      ] GC(310)   Merge Heap Roots: 0.58ms
[3551.956s][info][gc,phases      ] GC(310)   Evacuate Collection Set: 162.56ms
[3551.956s][info][gc,phases      ] GC(310)   Post Evacuate Collection Set: 1.29ms
[3551.956s][info][gc,phases      ] GC(310)   Other: 0.06ms
[3551.956s][info][gc,heap        ] GC(310) Eden regions: 717->0(716)
[3551.956s][info][gc,heap        ] GC(310) Survivor regions: 51->52(96)
[3551.956s][info][gc,heap        ] GC(310) Old regions: 312->314
[3551.956s][info][gc,heap        ] GC(310) Humongous regions: 33->33
[3551.956s][info][gc,metaspace   ] GC(310) Metaspace: 29965K(30144K)->29965K(30144K) NonClass: 29965K(30144K)->29965K(30144K) Class: 0K(0K)->0K(0K)
[3551.956s][info][gc             ] GC(310) Pause Young (Normal) (G1 Evacuation Pause) 8876M->3167M(10240M) 164.929ms
[3551.956s][info][gc,cpu         ] GC(310) User=1.30s Sys=0.00s Real=0.17s
........[3560.478s][info][gc,start       ] GC(311) Pause Young (Normal) (G1 Evacuation Pause)
[3560.478s][info][gc,task        ] GC(311) Using 8 workers of 8 for evacuation
[3560.645s][info][gc,phases      ] GC(311)   Pre Evacuate Collection Set: 0.29ms
[3560.645s][info][gc,phases      ] GC(311)   Merge Heap Roots: 0.55ms
[3560.645s][info][gc,phases      ] GC(311)   Evacuate Collection Set: 165.02ms
[3560.645s][info][gc,phases      ] GC(311)   Post Evacuate Collection Set: 1.34ms
[3560.645s][info][gc,phases      ] GC(311)   Other: 0.07ms
[3560.645s][info][gc,heap        ] GC(311) Eden regions: 716->0(715)
[3560.645s][info][gc,heap        ] GC(311) Survivor regions: 52->53(96)
[3560.645s][info][gc,heap        ] GC(311) Old regions: 314->316
[3560.645s][info][gc,heap        ] GC(311) Humongous regions: 33->33
[3560.645s][info][gc,metaspace   ] GC(311) Metaspace: 29965K(30144K)->29965K(30144K) NonClass: 29965K(30144K)->29965K(30144K) Class: 0K(0K)->0K(0K)
[3560.645s][info][gc             ] GC(311) Pause Young (Normal) (G1 Evacuation Pause) 8895M->3190M(10240M) 167.405ms
[3560.645s][info][gc,cpu         ] GC(311) User=1.31s Sys=0.00s Real=0.16s
.........[3569.206s][info][gc,start       ] GC(312) Pause Young (Normal) (G1 Evacuation Pause)
[3569.206s][info][gc,task        ] GC(312) Using 8 workers of 8 for evacuation
[3569.369s][info][gc,phases      ] GC(312)   Pre Evacuate Collection Set: 0.29ms
[3569.369s][info][gc,phases      ] GC(312)   Merge Heap Roots: 0.57ms
[3569.369s][info][gc,phases      ] GC(312)   Evacuate Collection Set: 160.19ms
[3569.369s][info][gc,phases      ] GC(312)   Post Evacuate Collection Set: 1.31ms
[3569.369s][info][gc,phases      ] GC(312)   Other: 0.08ms
[3569.369s][info][gc,heap        ] GC(312) Eden regions: 715->0(716)
[3569.369s][info][gc,heap        ] GC(312) Survivor regions: 53->52(96)
[3569.369s][info][gc,heap        ] GC(312) Old regions: 316->319
[3569.369s][info][gc,heap        ] GC(312) Humongous regions: 33->33
[3569.369s][info][gc,metaspace   ] GC(312) Metaspace: 29965K(30144K)->29965K(30144K) NonClass: 29965K(30144K)->29965K(30144K) Class: 0K(0K)->0K(0K)
[3569.369s][info][gc             ] GC(312) Pause Young (Normal) (G1 Evacuation Pause) 8910M->3200M(10240M) 162.574ms
[3569.369s][info][gc,cpu         ] GC(312) User=1.28s Sys=0.00s Real=0.16s
........ (rIR:aIR:PR = 5535:5534:5534) (tPR = 82597) [OK] 
  3576s: Performance info:
         Transaction,    Success,    Partial,     Failed,   Receipts, AvgBarcode, 
             Overall,     332226,          0,          0,     315606,      59.47, 
         Response times:
             Request,    Success,    Partial,     Failed,   SkipFail,     Probes,    Samples,      min,      p50,      p90,      p95,      p99,      max, 
       TotalPurchase,     315606,          0,          0,          0,     309107,     331273,      300,     3600,     6400,     7600,    40000,   279000,
     InStorePurchase,     166095,          0,          0,          0,     163216,     174895,      400,     3500,     6400,     7600,    40000,   279000,
      OnlinePurchase,     116275,          0,          0,          0,     113781,     121778,      300,     3600,     6400,     7600,    41000,   277000,
        InstPurchase,      33236,          0,          0,          0,      32110,      34600,      500,     3700,     6500,     7700,    38000,   277000,
          AssocOfCat,        333,          0,          0,          0,        263,        351,    24000,    34000,    44000,    50400,    83440,    97000,
      AssocOfProduct,       3314,          0,          0,          0,       3086,       3570,      700,     4100,     6500,     7700,    50290,   171000,
      BusinessReport,        832,          0,          0,          0,        690,        875,    26000,    37000,    52000,    57200,   101240,   224000,
          CustBuyBeh,       3322,          0,          0,          0,       3043,       3416,      200,     3900,     6600,     7600,    35830,   168000,
       ProductReturn,       8821,          0,          0,          0,       8378,       9275,      200,     4000,     6500,     7700,    39240,   278000,

  3576s: (41%)   IR =   5673 .[3577.869s][info][gc,start       ] GC(313) Pause Young (Normal) (G1 Evacuation Pause)
[3577.869s][info][gc,task        ] GC(313) Using 8 workers of 8 for evacuation
[3578.029s][info][gc,phases      ] GC(313)   Pre Evacuate Collection Set: 0.31ms
[3578.029s][info][gc,phases      ] GC(313)   Merge Heap Roots: 0.58ms
[3578.029s][info][gc,phases      ] GC(313)   Evacuate Collection Set: 157.83ms
[3578.029s][info][gc,phases      ] GC(313)   Post Evacuate Collection Set: 1.31ms
[3578.029s][info][gc,phases      ] GC(313)   Other: 0.06ms
[3578.029s][info][gc,heap        ] GC(313) Eden regions: 716->0(717)
[3578.029s][info][gc,heap        ] GC(313) Survivor regions: 52->51(96)
[3578.029s][info][gc,heap        ] GC(313) Old regions: 319->321
[3578.029s][info][gc,heap        ] GC(313) Humongous regions: 33->33
[3578.029s][info][gc,metaspace   ] GC(313) Metaspace: 29965K(30144K)->29965K(30144K) NonClass: 29965K(30144K)->29965K(30144K) Class: 0K(0K)->0K(0K)
[3578.029s][info][gc             ] GC(313) Pause Young (Normal) (G1 Evacuation Pause) 8928M->3210M(10240M) 160.227ms
[3578.029s][info][gc,cpu         ] GC(313) User=1.26s Sys=0.00s Real=0.16s
...|.....[3586.405s][info][gc,start       ] GC(314) Pause Young (Normal) (G1 Evacuation Pause)
[3586.405s][info][gc,task        ] GC(314) Using 8 workers of 8 for evacuation
[3586.567s][info][gc,phases      ] GC(314)   Pre Evacuate Collection Set: 0.33ms
[3586.567s][info][gc,phases      ] GC(314)   Merge Heap Roots: 0.66ms
[3586.567s][info][gc,phases      ] GC(314)   Evacuate Collection Set: 159.94ms
[3586.567s][info][gc,phases      ] GC(314)   Post Evacuate Collection Set: 1.31ms
[3586.567s][info][gc,phases      ] GC(314)   Other: 0.07ms
[3586.567s][info][gc,heap        ] GC(314) Eden regions: 717->0(717)
[3586.567s][info][gc,heap        ] GC(314) Survivor regions: 51->51(96)
[3586.567s][info][gc,heap        ] GC(314) Old regions: 321->323
[3586.567s][info][gc,heap        ] GC(314) Humongous regions: 33->33
[3586.567s][info][gc,metaspace   ] GC(314) Metaspace: 29965K(30144K)->29965K(30144K) NonClass: 29965K(30144K)->29965K(30144K) Class: 0K(0K)->0K(0K)
[3586.567s][info][gc             ] GC(314) Pause Young (Normal) (G1 Evacuation Pause) 8946M->3230M(10240M) 162.437ms
[3586.567s][info][gc,cpu         ] GC(314) User=1.28s Sys=0.00s Real=0.17s
.........[3594.968s][info][gc,start       ] GC(315) Pause Young (Normal) (G1 Evacuation Pause)
[3594.968s][info][gc,task        ] GC(315) Using 8 workers of 8 for evacuation
[3595.129s][info][gc,phases      ] GC(315)   Pre Evacuate Collection Set: 0.30ms
[3595.129s][info][gc,phases      ] GC(315)   Merge Heap Roots: 0.61ms
[3595.129s][info][gc,phases      ] GC(315)   Evacuate Collection Set: 158.70ms
[3595.129s][info][gc,phases      ] GC(315)   Post Evacuate Collection Set: 1.34ms
[3595.129s][info][gc,phases      ] GC(315)   Other: 0.07ms
[3595.129s][info][gc,heap        ] GC(315) Eden regions: 717->0(717)
[3595.129s][info][gc,heap        ] GC(315) Survivor regions: 51->51(96)
[3595.129s][info][gc,heap        ] GC(315) Old regions: 323->326
[3595.129s][info][gc,heap        ] GC(315) Humongous regions: 33->33
[3595.129s][info][gc,metaspace   ] GC(315) Metaspace: 29965K(30144K)->29965K(30144K) NonClass: 29965K(30144K)->29965K(30144K) Class: 0K(0K)->0K(0K)
[3595.129s][info][gc             ] GC(315) Pause Young (Normal) (G1 Evacuation Pause) 8966M->3252M(10240M) 161.178ms
[3595.129s][info][gc,cpu         ] GC(315) User=1.26s Sys=0.01s Real=0.16s
........[3603.506s][info][gc,start       ] GC(316) Pause Young (Normal) (G1 Evacuation Pause)
[3603.506s][info][gc,task        ] GC(316) Using 8 workers of 8 for evacuation
[3603.670s][info][gc,phases      ] GC(316)   Pre Evacuate Collection Set: 0.29ms
[3603.670s][info][gc,phases      ] GC(316)   Merge Heap Roots: 0.57ms
[3603.670s][info][gc,phases      ] GC(316)   Evacuate Collection Set: 162.19ms
[3603.670s][info][gc,phases      ] GC(316)   Post Evacuate Collection Set: 1.29ms
[3603.670s][info][gc,phases      ] GC(316)   Other: 0.07ms
[3603.670s][info][gc,heap        ] GC(316) Eden regions: 717->0(716)
[3603.670s][info][gc,heap        ] GC(316) Survivor regions: 51->52(96)
[3603.670s][info][gc,heap        ] GC(316) Old regions: 326->328
[3603.670s][info][gc,heap        ] GC(316) Humongous regions: 33->33
[3603.670s][info][gc,metaspace   ] GC(316) Metaspace: 29965K(30144K)->29965K(30144K) NonClass: 29965K(30144K)->29965K(30144K) Class: 0K(0K)->0K(0K)
[3603.670s][info][gc             ] GC(316) Pause Young (Normal) (G1 Evacuation Pause) 8988M->3275M(10240M) 164.547ms
[3603.670s][info][gc,cpu         ] GC(316) User=1.29s Sys=0.01s Real=0.17s
.........[3611.988s][info][gc,start       ] GC(317) Pause Young (Normal) (G1 Evacuation Pause)
[3611.988s][info][gc,task        ] GC(317) Using 8 workers of 8 for evacuation
[3612.149s][info][gc,phases      ] GC(317)   Pre Evacuate Collection Set: 0.31ms
[3612.149s][info][gc,phases      ] GC(317)   Merge Heap Roots: 0.56ms
[3612.149s][info][gc,phases      ] GC(317)   Evacuate Collection Set: 159.28ms
[3612.149s][info][gc,phases      ] GC(317)   Post Evacuate Collection Set: 1.30ms
[3612.149s][info][gc,phases      ] GC(317)   Other: 0.07ms
[3612.149s][info][gc,heap        ] GC(317) Eden regions: 716->0(717)
[3612.149s][info][gc,heap        ] GC(317) Survivor regions: 52->51(96)
[3612.149s][info][gc,heap        ] GC(317) Old regions: 328->330
[3612.149s][info][gc,heap        ] GC(317) Humongous regions: 33->33
[3612.149s][info][gc,metaspace   ] GC(317) Metaspace: 29965K(30144K)->29965K(30144K) NonClass: 29965K(30144K)->29965K(30144K) Class: 0K(0K)->0K(0K)
[3612.149s][info][gc             ] GC(317) Pause Young (Normal) (G1 Evacuation Pause) 9003M->3289M(10240M) 161.664ms
[3612.149s][info][gc,cpu         ] GC(317) User=1.27s Sys=0.00s Real=0.16s
........[3620.545s][info][gc,start       ] GC(318) Pause Young (Normal) (G1 Evacuation Pause)
[3620.545s][info][gc,task        ] GC(318) Using 8 workers of 8 for evacuation
[3620.708s][info][gc,phases      ] GC(318)   Pre Evacuate Collection Set: 0.30ms
[3620.708s][info][gc,phases      ] GC(318)   Merge Heap Roots: 0.61ms
[3620.708s][info][gc,phases      ] GC(318)   Evacuate Collection Set: 160.79ms
[3620.708s][info][gc,phases      ] GC(318)   Post Evacuate Collection Set: 1.30ms
[3620.708s][info][gc,phases      ] GC(318)   Other: 0.06ms
[3620.708s][info][gc,heap        ] GC(318) Eden regions: 717->0(717)
[3620.708s][info][gc,heap        ] GC(318) Survivor regions: 51->51(96)
[3620.708s][info][gc,heap        ] GC(318) Old regions: 330->333
[3620.708s][info][gc,heap        ] GC(318) Humongous regions: 33->33
[3620.708s][info][gc,metaspace   ] GC(318) Metaspace: 29965K(30144K)->29965K(30144K) NonClass: 29965K(30144K)->29965K(30144K) Class: 0K(0K)->0K(0K)
[3620.708s][info][gc             ] GC(318) Pause Young (Normal) (G1 Evacuation Pause) 9025M->3308M(10240M) 163.211ms
[3620.709s][info][gc,cpu         ] GC(318) User=1.28s Sys=0.00s Real=0.17s
.........[3629.004s][info][gc,start       ] GC(319) Pause Young (Normal) (G1 Evacuation Pause)
[3629.004s][info][gc,task        ] GC(319) Using 8 workers of 8 for evacuation
[3629.175s][info][gc,phases      ] GC(319)   Pre Evacuate Collection Set: 0.29ms
[3629.175s][info][gc,phases      ] GC(319)   Merge Heap Roots: 0.59ms
[3629.175s][info][gc,phases      ] GC(319)   Evacuate Collection Set: 168.69ms
[3629.175s][info][gc,phases      ] GC(319)   Post Evacuate Collection Set: 1.29ms
[3629.175s][info][gc,phases      ] GC(319)   Other: 0.07ms
[3629.175s][info][gc,heap        ] GC(319) Eden regions: 717->0(715)
[3629.175s][info][gc,heap        ] GC(319) Survivor regions: 51->53(96)
[3629.175s][info][gc,heap        ] GC(319) Old regions: 333->335
[3629.175s][info][gc,heap        ] GC(319) Humongous regions: 33->33
[3629.175s][info][gc,metaspace   ] GC(319) Metaspace: 29965K(30144K)->29965K(30144K) NonClass: 29965K(30144K)->29965K(30144K) Class: 0K(0K)->0K(0K)
[3629.175s][info][gc             ] GC(319) Pause Young (Normal) (G1 Evacuation Pause) 9044M->3340M(10240M) 171.075ms
[3629.175s][info][gc,cpu         ] GC(319) User=1.34s Sys=0.01s Real=0.17s
........[3637.557s][info][gc,start       ] GC(320) Pause Young (Normal) (G1 Evacuation Pause)
[3637.557s][info][gc,task        ] GC(320) Using 8 workers of 8 for evacuation
[3637.722s][info][gc,phases      ] GC(320)   Pre Evacuate Collection Set: 0.29ms
[3637.722s][info][gc,phases      ] GC(320)   Merge Heap Roots: 0.57ms
[3637.722s][info][gc,phases      ] GC(320)   Evacuate Collection Set: 163.34ms
[3637.722s][info][gc,phases      ] GC(320)   Post Evacuate Collection Set: 1.29ms
[3637.722s][info][gc,phases      ] GC(320)   Other: 0.06ms
[3637.722s][info][gc,heap        ] GC(320) Eden regions: 715->0(716)
[3637.722s][info][gc,heap        ] GC(320) Survivor regions: 53->52(96)
[3637.722s][info][gc,heap        ] GC(320) Old regions: 335->337
[3637.722s][info][gc,heap        ] GC(320) Humongous regions: 33->33
[3637.722s][info][gc,metaspace   ] GC(320) Metaspace: 29965K(30144K)->29965K(30144K) NonClass: 29965K(30144K)->29965K(30144K) Class: 0K(0K)->0K(0K)
[3637.722s][info][gc             ] GC(320) Pause Young (Normal) (G1 Evacuation Pause) 9060M->3351M(10240M) 165.678ms
[3637.722s][info][gc,cpu         ] GC(320) User=1.30s Sys=0.00s Real=0.16s
.... (rIR:aIR:PR = 5673:5673:5673) (tPR = 84690) [OK] 
  3640s: Performance info:
         Transaction,    Success,    Partial,     Failed,   Receipts, AvgBarcode, 
             Overall,     340584,          0,          0,     323542,      59.48, 
         Response times:
             Request,    Success,    Partial,     Failed,   SkipFail,     Probes,    Samples,      min,      p50,      p90,      p95,      p99,      max, 
       TotalPurchase,     323542,          0,          0,          0,     317733,     339926,      400,     3700,     6600,     7900,    47000,   306000,
     InStorePurchase,     170301,          0,          0,          0,     167514,     179003,      400,     3600,     6500,     7800,    47000,   306000,
      OnlinePurchase,     119177,          0,          0,          0,     117003,     125030,      400,     3700,     6600,     7900,    47000,   306000,
        InstPurchase,      34064,          0,          0,          0,      33216,      35893,      500,     3900,     6600,     7900,    48000,   306000,
          AssocOfCat,        341,          0,          0,          0,        259,        349,    25000,    34000,    48000,    59000,   206000,   231000,
      AssocOfProduct,       3405,          0,          0,          0,       3214,       3628,      900,     4000,     6610,     8155,    43710,   306000,
      BusinessReport,        850,          0,          0,          0,        735,        904,    26000,    37000,    54000,    65000,   201950,   238000,
          CustBuyBeh,       3407,          0,          0,          0,       3103,       3475,      200,     2600,     6000,     7200,    41000,   176000,
       ProductReturn,       9039,          0,          0,          0,       8628,       9524,      200,     3600,     6400,     7800,    51000,   305000,

  3640s: (42%)   IR =   5812 .....|[3646.062s][info][gc,start       ] GC(321) Pause Young (Normal) (G1 Evacuation Pause)
[3646.062s][info][gc,task        ] GC(321) Using 8 workers of 8 for evacuation
[3646.223s][info][gc,phases      ] GC(321)   Pre Evacuate Collection Set: 0.30ms
[3646.223s][info][gc,phases      ] GC(321)   Merge Heap Roots: 0.57ms
[3646.223s][info][gc,phases      ] GC(321)   Evacuate Collection Set: 159.00ms
[3646.223s][info][gc,phases      ] GC(321)   Post Evacuate Collection Set: 1.29ms
[3646.223s][info][gc,phases      ] GC(321)   Other: 0.06ms
[3646.223s][info][gc,heap        ] GC(321) Eden regions: 716->0(717)
[3646.223s][info][gc,heap        ] GC(321) Survivor regions: 52->51(96)
[3646.223s][info][gc,heap        ] GC(321) Old regions: 337->340
[3646.223s][info][gc,heap        ] GC(321) Humongous regions: 33->33
[3646.223s][info][gc,metaspace   ] GC(321) Metaspace: 29965K(30144K)->29965K(30144K) NonClass: 29965K(30144K)->29965K(30144K) Class: 0K(0K)->0K(0K)
[3646.223s][info][gc             ] GC(321) Pause Young (Normal) (G1 Evacuation Pause) 9079M->3365M(10240M) 161.354ms
[3646.223s][info][gc,cpu         ] GC(321) User=1.27s Sys=0.00s Real=0.16s
........[3654.383s][info][gc,start       ] GC(322) Pause Young (Normal) (G1 Evacuation Pause)
[3654.384s][info][gc,task        ] GC(322) Using 8 workers of 8 for evacuation
[3654.552s][info][gc,phases      ] GC(322)   Pre Evacuate Collection Set: 0.31ms
[3654.552s][info][gc,phases      ] GC(322)   Merge Heap Roots: 0.57ms
[3654.552s][info][gc,phases      ] GC(322)   Evacuate Collection Set: 165.96ms
[3654.552s][info][gc,phases      ] GC(322)   Post Evacuate Collection Set: 1.34ms
[3654.552s][info][gc,phases      ] GC(322)   Other: 0.07ms
[3654.552s][info][gc,heap        ] GC(322) Eden regions: 717->0(715)
[3654.552s][info][gc,heap        ] GC(322) Survivor regions: 51->53(96)
[3654.552s][info][gc,heap        ] GC(322) Old regions: 340->342
[3654.552s][info][gc,heap        ] GC(322) Humongous regions: 33->33
[3654.552s][info][gc,metaspace   ] GC(322) Metaspace: 29965K(30144K)->29965K(30144K) NonClass: 29965K(30144K)->29965K(30144K) Class: 0K(0K)->0K(0K)
[3654.552s][info][gc             ] GC(322) Pause Young (Normal) (G1 Evacuation Pause) 9101M->3399M(10240M) 168.389ms
[3654.552s][info][gc,cpu         ] GC(322) User=1.33s Sys=0.01s Real=0.17s
........[3662.652s][info][gc,start       ] GC(323) Pause Young (Normal) (G1 Evacuation Pause)
[3662.652s][info][gc,task        ] GC(323) Using 8 workers of 8 for evacuation
[3662.815s][info][gc,phases      ] GC(323)   Pre Evacuate Collection Set: 0.30ms
[3662.815s][info][gc,phases      ] GC(323)   Merge Heap Roots: 0.56ms
[3662.815s][info][gc,phases      ] GC(323)   Evacuate Collection Set: 160.50ms
[3662.815s][info][gc,phases      ] GC(323)   Post Evacuate Collection Set: 1.31ms
[3662.815s][info][gc,phases      ] GC(323)   Other: 0.07ms
[3662.815s][info][gc,heap        ] GC(323) Eden regions: 715->0(716)
[3662.815s][info][gc,heap        ] GC(323) Survivor regions: 53->52(96)
[3662.815s][info][gc,heap        ] GC(323) Old regions: 342->344
[3662.815s][info][gc,heap        ] GC(323) Humongous regions: 33->33
[3662.815s][info][gc,metaspace   ] GC(323) Metaspace: 29965K(30144K)->29965K(30144K) NonClass: 29965K(30144K)->29965K(30144K) Class: 0K(0K)->0K(0K)
[3662.815s][info][gc             ] GC(323) Pause Young (Normal) (G1 Evacuation Pause) 9119M->3406M(10240M) 162.872ms
[3662.815s][info][gc,cpu         ] GC(323) User=1.28s Sys=0.00s Real=0.16s
.........[3670.986s][info][gc,start       ] GC(324) Pause Young (Normal) (G1 Evacuation Pause)
[3670.986s][info][gc,task        ] GC(324) Using 8 workers of 8 for evacuation
[3671.151s][info][gc,phases      ] GC(324)   Pre Evacuate Collection Set: 0.30ms
[3671.151s][info][gc,phases      ] GC(324)   Merge Heap Roots: 0.60ms
[3671.151s][info][gc,phases      ] GC(324)   Evacuate Collection Set: 162.98ms
[3671.151s][info][gc,phases      ] GC(324)   Post Evacuate Collection Set: 1.31ms
[3671.151s][info][gc,phases      ] GC(324)   Other: 0.07ms
[3671.151s][info][gc,heap        ] GC(324) Eden regions: 716->0(717)
[3671.151s][info][gc,heap        ] GC(324) Survivor regions: 52->51(96)
[3671.151s][info][gc,heap        ] GC(324) Old regions: 344->347
[3671.151s][info][gc,heap        ] GC(324) Humongous regions: 33->33
[3671.151s][info][gc,metaspace   ] GC(324) Metaspace: 29965K(30144K)->29965K(30144K) NonClass: 29965K(30144K)->29965K(30144K) Class: 0K(0K)->0K(0K)
[3671.152s][info][gc             ] GC(324) Pause Young (Normal) (G1 Evacuation Pause) 9134M->3422M(10240M) 165.415ms
[3671.152s][info][gc,cpu         ] GC(324) User=1.30s Sys=0.00s Real=0.16s
........[3679.353s][info][gc,start       ] GC(325) Pause Young (Normal) (G1 Evacuation Pause)
[3679.353s][info][gc,task        ] GC(325) Using 8 workers of 8 for evacuation
[3679.515s][info][gc,phases      ] GC(325)   Pre Evacuate Collection Set: 0.29ms
[3679.515s][info][gc,phases      ] GC(325)   Merge Heap Roots: 0.64ms
[3679.515s][info][gc,phases      ] GC(325)   Evacuate Collection Set: 159.93ms
[3679.515s][info][gc,phases      ] GC(325)   Post Evacuate Collection Set: 1.30ms
[3679.515s][info][gc,phases      ] GC(325)   Other: 0.07ms
[3679.515s][info][gc,heap        ] GC(325) Eden regions: 717->0(716)
[3679.515s][info][gc,heap        ] GC(325) Survivor regions: 51->52(96)
[3679.515s][info][gc,heap        ] GC(325) Old regions: 347->349
[3679.515s][info][gc,heap        ] GC(325) Humongous regions: 33->33
[3679.515s][info][gc,metaspace   ] GC(325) Metaspace: 29965K(30144K)->29965K(30144K) NonClass: 29965K(30144K)->29965K(30144K) Class: 0K(0K)->0K(0K)
[3679.515s][info][gc             ] GC(325) Pause Young (Normal) (G1 Evacuation Pause) 9158M->3444M(10240M) 162.391ms
[3679.515s][info][gc,cpu         ] GC(325) User=1.28s Sys=0.00s Real=0.16s
........[3687.692s][info][gc,start       ] GC(326) Pause Young (Normal) (G1 Evacuation Pause)
[3687.692s][info][gc,task        ] GC(326) Using 8 workers of 8 for evacuation
[3687.857s][info][gc,phases      ] GC(326)   Pre Evacuate Collection Set: 0.32ms
[3687.857s][info][gc,phases      ] GC(326)   Merge Heap Roots: 0.57ms
[3687.857s][info][gc,phases      ] GC(326)   Evacuate Collection Set: 162.94ms
[3687.858s][info][gc,phases      ] GC(326)   Post Evacuate Collection Set: 1.33ms
[3687.858s][info][gc,phases      ] GC(326)   Other: 0.07ms
[3687.858s][info][gc,heap        ] GC(326) Eden regions: 716->0(716)
[3687.858s][info][gc,heap        ] GC(326) Survivor regions: 52->52(96)
[3687.858s][info][gc,heap        ] GC(326) Old regions: 349->351
[3687.858s][info][gc,heap        ] GC(326) Humongous regions: 33->33
[3687.858s][info][gc,metaspace   ] GC(326) Metaspace: 29965K(30144K)->29965K(30144K) NonClass: 29965K(30144K)->29965K(30144K) Class: 0K(0K)->0K(0K)
[3687.858s][info][gc             ] GC(326) Pause Young (Normal) (G1 Evacuation Pause) 9172M->3467M(10240M) 165.346ms
[3687.858s][info][gc,cpu         ] GC(326) User=1.30s Sys=0.00s Real=0.17s
.........[3696.017s][info][gc,start       ] GC(327) Pause Young (Normal) (G1 Evacuation Pause)
[3696.017s][info][gc,task        ] GC(327) Using 8 workers of 8 for evacuation
[3696.178s][info][gc,phases      ] GC(327)   Pre Evacuate Collection Set: 0.30ms
[3696.178s][info][gc,phases      ] GC(327)   Merge Heap Roots: 0.57ms
[3696.178s][info][gc,phases      ] GC(327)   Evacuate Collection Set: 158.75ms
[3696.178s][info][gc,phases      ] GC(327)   Post Evacuate Collection Set: 1.32ms
[3696.178s][info][gc,phases      ] GC(327)   Other: 0.07ms
[3696.178s][info][gc,heap        ] GC(327) Eden regions: 716->0(717)
[3696.178s][info][gc,heap        ] GC(327) Survivor regions: 52->51(96)
[3696.178s][info][gc,heap        ] GC(327) Old regions: 351->354
[3696.178s][info][gc,heap        ] GC(327) Humongous regions: 33->33
[3696.178s][info][gc,metaspace   ] GC(327) Metaspace: 29965K(30144K)->29965K(30144K) NonClass: 29965K(30144K)->29965K(30144K) Class: 0K(0K)->0K(0K)
[3696.178s][info][gc             ] GC(327) Pause Young (Normal) (G1 Evacuation Pause) 9195M->3477M(10240M) 161.153ms
[3696.178s][info][gc,cpu         ] GC(327) User=1.27s Sys=0.00s Real=0.16s
........[3704.355s][info][gc,start       ] GC(328) Pause Young (Normal) (G1 Evacuation Pause)
[3704.355s][info][gc,task        ] GC(328) Using 8 workers of 8 for evacuation
[3704.517s][info][gc,phases      ] GC(328)   Pre Evacuate Collection Set: 0.28ms
[3704.517s][info][gc,phases      ] GC(328)   Merge Heap Roots: 0.64ms
[3704.517s][info][gc,phases      ] GC(328)   Evacuate Collection Set: 159.77ms
[3704.517s][info][gc,phases      ] GC(328)   Post Evacuate Collection Set: 1.31ms
[3704.517s][info][gc,phases      ] GC(328)   Other: 0.07ms
[3704.517s][info][gc,heap        ] GC(328) Eden regions: 717->0(716)
[3704.517s][info][gc,heap        ] GC(328) Survivor regions: 51->52(96)
[3704.517s][info][gc,heap        ] GC(328) Old regions: 354->356
[3704.517s][info][gc,heap        ] GC(328) Humongous regions: 33->33
[3704.517s][info][gc,metaspace   ] GC(328) Metaspace: 29965K(30144K)->29965K(30144K) NonClass: 29965K(30144K)->29965K(30144K) Class: 0K(0K)->0K(0K)
[3704.517s][info][gc             ] GC(328) Pause Young (Normal) (G1 Evacuation Pause) 9213M->3500M(10240M) 162.208ms
[3704.517s][info][gc,cpu         ] GC(328) User=1.28s Sys=0.00s Real=0.17s
.. (rIR:aIR:PR = 5812:5811:5810) (tPR = 86134) [OK] 
  3705s: Performance info:
         Transaction,    Success,    Partial,     Failed,   Receipts, AvgBarcode, 
             Overall,     348748,          0,          0,     331335,      59.48, 
         Response times:
             Request,    Success,    Partial,     Failed,   SkipFail,     Probes,    Samples,      min,      p50,      p90,      p95,      p99,      max, 
       TotalPurchase,     331399,          0,          0,          0,     325352,     353927,      400,     3700,     6800,     8100,    50000,   363000,
     InStorePurchase,     174446,          0,          0,          0,     171104,     185999,      400,     3700,     6700,     8000,    49000,   363000,
      OnlinePurchase,     122093,          0,          0,          0,     119952,     130316,      400,     3800,     6800,     8200,    50000,   363000,
        InstPurchase,      34860,          0,          0,          0,      34296,      37612,      500,     3900,     6900,     8200,    52000,   362000,
          AssocOfCat,        348,          0,          0,          0,        271,        376,    26000,    36000,    47000,    53000,    87000,   115000,
      AssocOfProduct,       3481,          0,          0,          0,       3201,       3640,      500,     4400,     7400,     8700,    41000,   172000,
      BusinessReport,        875,          0,          0,          0,        795,        961,    29000,    38000,    54000,    59000,   172100,   246000,
          CustBuyBeh,       3495,          0,          0,          0,       3270,       3725,      200,     3900,     6500,     7500,    56480,   362000,
       ProductReturn,       9241,          0,          0,          0,       8833,       9924,      200,     4100,     6800,     8075,    59000,   362000,

  3705s: (43%)   IR =   5950 .....|.[3712.533s][info][gc,start       ] GC(329) Pause Young (Normal) (G1 Evacuation Pause)
[3712.533s][info][gc,task        ] GC(329) Using 8 workers of 8 for evacuation
[3712.695s][info][gc,phases      ] GC(329)   Pre Evacuate Collection Set: 0.32ms
[3712.695s][info][gc,phases      ] GC(329)   Merge Heap Roots: 0.57ms
[3712.695s][info][gc,phases      ] GC(329)   Evacuate Collection Set: 160.45ms
[3712.695s][info][gc,phases      ] GC(329)   Post Evacuate Collection Set: 1.33ms
[3712.695s][info][gc,phases      ] GC(329)   Other: 0.06ms
[3712.695s][info][gc,heap        ] GC(329) Eden regions: 716->0(716)
[3712.695s][info][gc,heap        ] GC(329) Survivor regions: 52->52(96)
[3712.695s][info][gc,heap        ] GC(329) Old regions: 356->358
[3712.695s][info][gc,heap        ] GC(329) Humongous regions: 33->33
[3712.695s][info][gc,metaspace   ] GC(329) Metaspace: 29965K(30144K)->29965K(30144K) NonClass: 29965K(30144K)->29965K(30144K) Class: 0K(0K)->0K(0K)
[3712.695s][info][gc             ] GC(329) Pause Young (Normal) (G1 Evacuation Pause) 9228M->3519M(10240M) 162.868ms
[3712.695s][info][gc,cpu         ] GC(329) User=1.27s Sys=0.00s Real=0.16s
........[3720.611s][info][gc,start       ] GC(330) Pause Young (Normal) (G1 Evacuation Pause)
[3720.611s][info][gc,task        ] GC(330) Using 8 workers of 8 for evacuation
[3720.778s][info][gc,phases      ] GC(330)   Pre Evacuate Collection Set: 0.29ms
[3720.778s][info][gc,phases      ] GC(330)   Merge Heap Roots: 0.63ms
[3720.778s][info][gc,phases      ] GC(330)   Evacuate Collection Set: 164.58ms
[3720.778s][info][gc,phases      ] GC(330)   Post Evacuate Collection Set: 1.36ms
[3720.778s][info][gc,phases      ] GC(330)   Other: 0.09ms
[3720.778s][info][gc,heap        ] GC(330) Eden regions: 716->0(715)
[3720.778s][info][gc,heap        ] GC(330) Survivor regions: 52->53(96)
[3720.778s][info][gc,heap        ] GC(330) Old regions: 358->361
[3720.778s][info][gc,heap        ] GC(330) Humongous regions: 33->33
[3720.778s][info][gc,metaspace   ] GC(330) Metaspace: 29965K(30144K)->29965K(30144K) NonClass: 29965K(30144K)->29965K(30144K) Class: 0K(0K)->0K(0K)
[3720.778s][info][gc             ] GC(330) Pause Young (Normal) (G1 Evacuation Pause) 9247M->3546M(10240M) 167.090ms
[3720.778s][info][gc,cpu         ] GC(330) User=1.31s Sys=0.01s Real=0.17s
........[3728.698s][info][gc,start       ] GC(331) Pause Young (Normal) (G1 Evacuation Pause)
[3728.698s][info][gc,task        ] GC(331) Using 8 workers of 8 for evacuation
[3728.861s][info][gc,phases      ] GC(331)   Pre Evacuate Collection Set: 0.29ms
[3728.861s][info][gc,phases      ] GC(331)   Merge Heap Roots: 0.57ms
[3728.861s][info][gc,phases      ] GC(331)   Evacuate Collection Set: 160.02ms
[3728.861s][info][gc,phases      ] GC(331)   Post Evacuate Collection Set: 1.36ms
[3728.861s][info][gc,phases      ] GC(331)   Other: 0.07ms
[3728.861s][info][gc,heap        ] GC(331) Eden regions: 715->0(716)
[3728.861s][info][gc,heap        ] GC(331) Survivor regions: 53->52(96)
[3728.861s][info][gc,heap        ] GC(331) Old regions: 361->363
[3728.861s][info][gc,heap        ] GC(331) Humongous regions: 33->33
[3728.861s][info][gc,metaspace   ] GC(331) Metaspace: 29965K(30144K)->29965K(30144K) NonClass: 29965K(30144K)->29965K(30144K) Class: 0K(0K)->0K(0K)
[3728.861s][info][gc             ] GC(331) Pause Young (Normal) (G1 Evacuation Pause) 9266M->3556M(10240M) 162.452ms
[3728.861s][info][gc,cpu         ] GC(331) User=1.28s Sys=0.00s Real=0.16s
........[3736.858s][info][gc,start       ] GC(332) Pause Young (Normal) (G1 Evacuation Pause)
[3736.858s][info][gc,task        ] GC(332) Using 8 workers of 8 for evacuation
[3737.020s][info][gc,phases      ] GC(332)   Pre Evacuate Collection Set: 0.34ms
[3737.020s][info][gc,phases      ] GC(332)   Merge Heap Roots: 0.58ms
[3737.020s][info][gc,phases      ] GC(332)   Evacuate Collection Set: 159.21ms
[3737.020s][info][gc,phases      ] GC(332)   Post Evacuate Collection Set: 1.33ms
[3737.020s][info][gc,phases      ] GC(332)   Other: 0.06ms
[3737.020s][info][gc,heap        ] GC(332) Eden regions: 716->0(716)
[3737.020s][info][gc,heap        ] GC(332) Survivor regions: 52->51(96)
[3737.020s][info][gc,heap        ] GC(332) Old regions: 363->365
[3737.020s][info][gc,heap        ] GC(332) Humongous regions: 33->33
[3737.020s][info][gc,metaspace   ] GC(332) Metaspace: 29965K(30144K)->29965K(30144K) NonClass: 29965K(30144K)->29965K(30144K) Class: 0K(0K)->0K(0K)
[3737.020s][info][gc             ] GC(332) Pause Young (Normal) (G1 Evacuation Pause) 9284M->3567M(10240M) 161.661ms
[3737.020s][info][gc,cpu         ] GC(332) User=1.27s Sys=0.00s Real=0.16s
........[3744.942s][info][gc,start       ] GC(333) Pause Young (Normal) (G1 Evacuation Pause)
[3744.942s][info][gc,task        ] GC(333) Using 8 workers of 8 for evacuation
[3745.108s][info][gc,phases      ] GC(333)   Pre Evacuate Collection Set: 0.30ms
[3745.109s][info][gc,phases      ] GC(333)   Merge Heap Roots: 0.56ms
[3745.109s][info][gc,phases      ] GC(333)   Evacuate Collection Set: 163.39ms
[3745.109s][info][gc,phases      ] GC(333)   Post Evacuate Collection Set: 1.32ms
[3745.109s][info][gc,phases      ] GC(333)   Other: 0.07ms
[3745.109s][info][gc,heap        ] GC(333) Eden regions: 716->0(711)
[3745.109s][info][gc,heap        ] GC(333) Survivor regions: 51->52(96)
[3745.109s][info][gc,heap        ] GC(333) Old regions: 365->368
[3745.109s][info][gc,heap        ] GC(333) Humongous regions: 33->33
[3745.109s][info][gc,metaspace   ] GC(333) Metaspace: 29965K(30144K)->29965K(30144K) NonClass: 29965K(30144K)->29965K(30144K) Class: 0K(0K)->0K(0K)
[3745.109s][info][gc             ] GC(333) Pause Young (Normal) (G1 Evacuation Pause) 9295M->3594M(10240M) 166.567ms
[3745.109s][info][gc,cpu         ] GC(333) User=1.31s Sys=0.00s Real=0.17s
........[3753.084s][info][gc,start       ] GC(334) Pause Young (Normal) (G1 Evacuation Pause)
[3753.084s][info][gc,task        ] GC(334) Using 8 workers of 8 for evacuation
[3753.245s][info][gc,phases      ] GC(334)   Pre Evacuate Collection Set: 0.30ms
[3753.245s][info][gc,phases      ] GC(334)   Merge Heap Roots: 0.58ms
[3753.245s][info][gc,phases      ] GC(334)   Evacuate Collection Set: 158.08ms
[3753.245s][info][gc,phases      ] GC(334)   Post Evacuate Collection Set: 1.33ms
[3753.245s][info][gc,phases      ] GC(334)   Other: 0.07ms
[3753.245s][info][gc,heap        ] GC(334) Eden regions: 711->0(711)
[3753.245s][info][gc,heap        ] GC(334) Survivor regions: 52->51(96)
[3753.245s][info][gc,heap        ] GC(334) Old regions: 368->370
[3753.245s][info][gc,heap        ] GC(334) Humongous regions: 33->33
[3753.245s][info][gc,metaspace   ] GC(334) Metaspace: 29965K(30144K)->29965K(30144K) NonClass: 29965K(30144K)->29965K(30144K) Class: 0K(0K)->0K(0K)
[3753.245s][info][gc             ] GC(334) Pause Young (Normal) (G1 Evacuation Pause) 9282M->3606M(10240M) 160.496ms
[3753.245s][info][gc,cpu         ] GC(334) User=1.27s Sys=0.00s Real=0.16s
........[3761.104s][info][gc,start       ] GC(335) Pause Young (Normal) (G1 Evacuation Pause)
[3761.104s][info][gc,task        ] GC(335) Using 8 workers of 8 for evacuation
[3761.268s][info][gc,phases      ] GC(335)   Pre Evacuate Collection Set: 0.30ms
[3761.268s][info][gc,phases      ] GC(335)   Merge Heap Roots: 0.64ms
[3761.268s][info][gc,phases      ] GC(335)   Evacuate Collection Set: 161.02ms
[3761.268s][info][gc,phases      ] GC(335)   Post Evacuate Collection Set: 1.32ms
[3761.268s][info][gc,phases      ] GC(335)   Other: 0.06ms
[3761.268s][info][gc,heap        ] GC(335) Eden regions: 711->0(708)
[3761.268s][info][gc,heap        ] GC(335) Survivor regions: 51->51(96)
[3761.268s][info][gc,heap        ] GC(335) Old regions: 370->373
[3761.268s][info][gc,heap        ] GC(335) Humongous regions: 33->33
[3761.268s][info][gc,metaspace   ] GC(335) Metaspace: 29965K(30144K)->29965K(30144K) NonClass: 29965K(30144K)->29965K(30144K) Class: 0K(0K)->0K(0K)
[3761.268s][info][gc             ] GC(335) Pause Young (Normal) (G1 Evacuation Pause) 9294M->3629M(10240M) 163.491ms
[3761.268s][info][gc,cpu         ] GC(335) User=1.29s Sys=0.00s Real=0.17s
........[3769.165s][info][gc,start       ] GC(336) Pause Young (Normal) (G1 Evacuation Pause)
[3769.165s][info][gc,task        ] GC(336) Using 8 workers of 8 for evacuation
[3769.328s][info][gc,phases      ] GC(336)   Pre Evacuate Collection Set: 0.34ms
[3769.328s][info][gc,phases      ] GC(336)   Merge Heap Roots: 0.65ms
[3769.328s][info][gc,phases      ] GC(336)   Evacuate Collection Set: 160.32ms
[3769.328s][info][gc,phases      ] GC(336)   Post Evacuate Collection Set: 1.30ms
[3769.328s][info][gc,phases      ] GC(336)   Other: 0.07ms
[3769.328s][info][gc,heap        ] GC(336) Eden regions: 708->0(706)
[3769.328s][info][gc,heap        ] GC(336) Survivor regions: 51->51(95)
[3769.328s][info][gc,heap        ] GC(336) Old regions: 373->375
[3769.328s][info][gc,heap        ] GC(336) Humongous regions: 33->33
[3769.328s][info][gc,metaspace   ] GC(336) Metaspace: 29965K(30144K)->29965K(30144K) NonClass: 29965K(30144K)->29965K(30144K) Class: 0K(0K)->0K(0K)
[3769.328s][info][gc             ] GC(336) Pause Young (Normal) (G1 Evacuation Pause) 9293M->3649M(10240M) 162.815ms
[3769.328s][info][gc,cpu         ] GC(336) User=1.28s Sys=0.00s Real=0.17s
... (rIR:aIR:PR = 5950:5951:5951) (tPR = 87921) [OK] 
  3771s: Performance info:
         Transaction,    Success,    Partial,     Failed,   Receipts, AvgBarcode, 
             Overall,     358938,          0,          0,     341009,      59.47, 
         Response times:
             Request,    Success,    Partial,     Failed,   SkipFail,     Probes,    Samples,      min,      p50,      p90,      p95,      p99,      max, 
       TotalPurchase,     341009,          0,          0,          0,     334109,     363770,      400,     3900,     7000,     8400,    44000,   269000,
     InStorePurchase,     179451,          0,          0,          0,     176230,     191629,      400,     3700,     6900,     8200,    44000,   269000,
      OnlinePurchase,     125645,          0,          0,          0,     123119,     133866,      400,     4000,     7100,     8500,    43000,   199000,
        InstPurchase,      35913,          0,          0,          0,      34760,      38275,      500,     4000,     7200,     8500,    45000,   269000,
          AssocOfCat,        358,          0,          0,          0,        278,        366,    28000,    35000,    46000,    50000,    73950,    95000,
      AssocOfProduct,       3584,          0,          0,          0,       3324,       3801,      700,     4100,     7500,     8700,    37000,   176000,
      BusinessReport,        893,          0,          0,          0,        773,        962,    26000,    38000,    54000,    60000,   127000,   231000,
          CustBuyBeh,       3594,          0,          0,          0,       3373,       3925,      300,     3900,     6500,     7700,    54000,   176000,
       ProductReturn,       9500,          0,          0,          0,       9009,      10099,      200,     4000,     7200,     8700,    45000,   270000,

  3771s: (44%)   IR =   6088 ....|.[3777.008s][info][gc,start       ] GC(337) Pause Young (Normal) (G1 Evacuation Pause)
[3777.008s][info][gc,task        ] GC(337) Using 8 workers of 8 for evacuation
[3777.172s][info][gc,phases      ] GC(337)   Pre Evacuate Collection Set: 0.27ms
[3777.172s][info][gc,phases      ] GC(337)   Merge Heap Roots: 0.59ms
[3777.172s][info][gc,phases      ] GC(337)   Evacuate Collection Set: 162.28ms
[3777.172s][info][gc,phases      ] GC(337)   Post Evacuate Collection Set: 1.30ms
[3777.172s][info][gc,phases      ] GC(337)   Other: 0.06ms
[3777.172s][info][gc,heap        ] GC(337) Eden regions: 706->0(701)
[3777.172s][info][gc,heap        ] GC(337) Survivor regions: 51->52(95)
[3777.172s][info][gc,heap        ] GC(337) Old regions: 375->378
[3777.172s][info][gc,heap        ] GC(337) Humongous regions: 33->33
[3777.172s][info][gc,metaspace   ] GC(337) Metaspace: 29965K(30144K)->29965K(30144K) NonClass: 29965K(30144K)->29965K(30144K) Class: 0K(0K)->0K(0K)
[3777.173s][info][gc             ] GC(337) Pause Young (Normal) (G1 Evacuation Pause) 9297M->3676M(10240M) 164.627ms
[3777.173s][info][gc,cpu         ] GC(337) User=1.30s Sys=0.00s Real=0.16s
........[3784.765s][info][gc,start       ] GC(338) Pause Young (Normal) (G1 Evacuation Pause)
[3784.765s][info][gc,task        ] GC(338) Using 8 workers of 8 for evacuation
[3784.932s][info][gc,phases      ] GC(338)   Pre Evacuate Collection Set: 0.27ms
[3784.932s][info][gc,phases      ] GC(338)   Merge Heap Roots: 0.61ms
[3784.932s][info][gc,phases      ] GC(338)   Evacuate Collection Set: 165.28ms
[3784.932s][info][gc,phases      ] GC(338)   Post Evacuate Collection Set: 1.27ms
[3784.932s][info][gc,phases      ] GC(338)   Other: 0.06ms
[3784.932s][info][gc,heap        ] GC(338) Eden regions: 701->0(697)
[3784.932s][info][gc,heap        ] GC(338) Survivor regions: 52->53(95)
[3784.932s][info][gc,heap        ] GC(338) Old regions: 378->380
[3784.932s][info][gc,heap        ] GC(338) Humongous regions: 33->33
[3784.932s][info][gc,metaspace   ] GC(338) Metaspace: 29965K(30144K)->29965K(30144K) NonClass: 29965K(30144K)->29965K(30144K) Class: 0K(0K)->0K(0K)
[3784.932s][info][gc             ] GC(338) Pause Young (Normal) (G1 Evacuation Pause) 9284M->3699M(10240M) 167.657ms
[3784.932s][info][gc,cpu         ] GC(338) User=1.32s Sys=0.00s Real=0.17s
........[3792.529s][info][gc,start       ] GC(339) Pause Young (Normal) (G1 Evacuation Pause)
[3792.529s][info][gc,task        ] GC(339) Using 8 workers of 8 for evacuation
[3792.691s][info][gc,phases      ] GC(339)   Pre Evacuate Collection Set: 0.31ms
[3792.691s][info][gc,phases      ] GC(339)   Merge Heap Roots: 0.57ms
[3792.691s][info][gc,phases      ] GC(339)   Evacuate Collection Set: 159.39ms
[3792.691s][info][gc,phases      ] GC(339)   Post Evacuate Collection Set: 1.34ms
[3792.691s][info][gc,phases      ] GC(339)   Other: 0.07ms
[3792.691s][info][gc,heap        ] GC(339) Eden regions: 697->0(699)
[3792.691s][info][gc,heap        ] GC(339) Survivor regions: 53->51(94)
[3792.691s][info][gc,heap        ] GC(339) Old regions: 380->382
[3792.691s][info][gc,heap        ] GC(339) Humongous regions: 33->33
[3792.691s][info][gc,metaspace   ] GC(339) Metaspace: 29965K(30144K)->29965K(30144K) NonClass: 29965K(30144K)->29965K(30144K) Class: 0K(0K)->0K(0K)
[3792.691s][info][gc             ] GC(339) Pause Young (Normal) (G1 Evacuation Pause) 9275M->3706M(10240M) 161.832ms
[3792.691s][info][gc,cpu         ] GC(339) User=1.28s Sys=0.00s Real=0.16s
.......[3800.222s][info][gc,start       ] GC(340) Pause Young (Normal) (G1 Evacuation Pause)
[3800.222s][info][gc,task        ] GC(340) Using 8 workers of 8 for evacuation
[3800.386s][info][gc,phases      ] GC(340)   Pre Evacuate Collection Set: 0.28ms
[3800.386s][info][gc,phases      ] GC(340)   Merge Heap Roots: 0.63ms
[3800.386s][info][gc,phases      ] GC(340)   Evacuate Collection Set: 161.61ms
[3800.386s][info][gc,phases      ] GC(340)   Post Evacuate Collection Set: 1.31ms
[3800.386s][info][gc,phases      ] GC(340)   Other: 0.07ms
[3800.386s][info][gc,heap        ] GC(340) Eden regions: 699->0(696)
[3800.386s][info][gc,heap        ] GC(340) Survivor regions: 51->51(94)
[3800.386s][info][gc,heap        ] GC(340) Old regions: 382->385
[3800.386s][info][gc,heap        ] GC(340) Humongous regions: 33->33
[3800.386s][info][gc,metaspace   ] GC(340) Metaspace: 29965K(30144K)->29965K(30144K) NonClass: 29965K(30144K)->29965K(30144K) Class: 0K(0K)->0K(0K)
[3800.386s][info][gc             ] GC(340) Pause Young (Normal) (G1 Evacuation Pause) 9298M->3727M(10240M) 164.042ms
[3800.386s][info][gc,cpu         ] GC(340) User=1.29s Sys=0.00s Real=0.17s
........[3807.928s][info][gc,start       ] GC(341) Pause Young (Normal) (G1 Evacuation Pause)
[3807.928s][info][gc,task        ] GC(341) Using 8 workers of 8 for evacuation
[3808.091s][info][gc,phases      ] GC(341)   Pre Evacuate Collection Set: 0.33ms
[3808.091s][info][gc,phases      ] GC(341)   Merge Heap Roots: 0.63ms
[3808.091s][info][gc,phases      ] GC(341)   Evacuate Collection Set: 160.62ms
[3808.091s][info][gc,phases      ] GC(341)   Post Evacuate Collection Set: 1.32ms
[3808.091s][info][gc,phases      ] GC(341)   Other: 0.07ms
[3808.091s][info][gc,heap        ] GC(341) Eden regions: 696->0(692)
[3808.091s][info][gc,heap        ] GC(341) Survivor regions: 51->52(94)
[3808.091s][info][gc,heap        ] GC(341) Old regions: 385->387
[3808.091s][info][gc,heap        ] GC(341) Humongous regions: 33->33
[3808.091s][info][gc,metaspace   ] GC(341) Metaspace: 29965K(30144K)->29965K(30144K) NonClass: 29965K(30144K)->29965K(30144K) Class: 0K(0K)->0K(0K)
[3808.091s][info][gc             ] GC(341) Pause Young (Normal) (G1 Evacuation Pause) 9295M->3751M(10240M) 163.102ms
[3808.091s][info][gc,cpu         ] GC(341) User=1.28s Sys=0.00s Real=0.16s
........[3815.610s][info][gc,start       ] GC(342) Pause Young (Normal) (G1 Evacuation Pause)
[3815.610s][info][gc,task        ] GC(342) Using 8 workers of 8 for evacuation
[3815.775s][info][gc,phases      ] GC(342)   Pre Evacuate Collection Set: 0.27ms
[3815.775s][info][gc,phases      ] GC(342)   Merge Heap Roots: 0.57ms
[3815.775s][info][gc,phases      ] GC(342)   Evacuate Collection Set: 162.83ms
[3815.775s][info][gc,phases      ] GC(342)   Post Evacuate Collection Set: 1.28ms
[3815.775s][info][gc,phases      ] GC(342)   Other: 0.08ms
[3815.775s][info][gc,heap        ] GC(342) Eden regions: 692->0(689)
[3815.775s][info][gc,heap        ] GC(342) Survivor regions: 52->52(93)
[3815.775s][info][gc,heap        ] GC(342) Old regions: 387->390
[3815.775s][info][gc,heap        ] GC(342) Humongous regions: 33->33
[3815.775s][info][gc,metaspace   ] GC(342) Metaspace: 29965K(30144K)->29965K(30144K) NonClass: 29965K(30144K)->29965K(30144K) Class: 0K(0K)->0K(0K)
[3815.775s][info][gc             ] GC(342) Pause Young (Normal) (G1 Evacuation Pause) 9287M->3775M(10240M) 165.160ms
[3815.775s][info][gc,cpu         ] GC(342) User=1.30s Sys=0.00s Real=0.16s
.......[3823.292s][info][gc,start       ] GC(343) Pause Young (Normal) (G1 Evacuation Pause)
[3823.292s][info][gc,task        ] GC(343) Using 8 workers of 8 for evacuation
[3823.456s][info][gc,phases      ] GC(343)   Pre Evacuate Collection Set: 0.30ms
[3823.456s][info][gc,phases      ] GC(343)   Merge Heap Roots: 0.58ms
[3823.456s][info][gc,phases      ] GC(343)   Evacuate Collection Set: 161.41ms
[3823.456s][info][gc,phases      ] GC(343)   Post Evacuate Collection Set: 1.29ms
[3823.456s][info][gc,phases      ] GC(343)   Other: 0.07ms
[3823.456s][info][gc,heap        ] GC(343) Eden regions: 689->0(689)
[3823.456s][info][gc,heap        ] GC(343) Survivor regions: 52->51(93)
[3823.456s][info][gc,heap        ] GC(343) Old regions: 390->392
[3823.456s][info][gc,heap        ] GC(343) Humongous regions: 33->33
[3823.456s][info][gc,metaspace   ] GC(343) Metaspace: 29965K(30144K)->29965K(30144K) NonClass: 29965K(30144K)->29965K(30144K) Class: 0K(0K)->0K(0K)
[3823.456s][info][gc             ] GC(343) Pause Young (Normal) (G1 Evacuation Pause) 9287M->3787M(10240M) 163.802ms
[3823.456s][info][gc,cpu         ] GC(343) User=1.29s Sys=0.00s Real=0.17s
........[3830.931s][info][gc,start       ] GC(344) Pause Young (Normal) (G1 Evacuation Pause)
[3830.932s][info][gc,task        ] GC(344) Using 8 workers of 8 for evacuation
[3831.094s][info][gc,phases      ] GC(344)   Pre Evacuate Collection Set: 0.29ms
[3831.095s][info][gc,phases      ] GC(344)   Merge Heap Roots: 0.57ms
[3831.095s][info][gc,phases      ] GC(344)   Evacuate Collection Set: 160.77ms
[3831.095s][info][gc,phases      ] GC(344)   Post Evacuate Collection Set: 1.28ms
[3831.095s][info][gc,phases      ] GC(344)   Other: 0.07ms
[3831.095s][info][gc,heap        ] GC(344) Eden regions: 689->0(686)
[3831.095s][info][gc,heap        ] GC(344) Survivor regions: 51->51(93)
[3831.095s][info][gc,heap        ] GC(344) Old regions: 392->395
[3831.095s][info][gc,heap        ] GC(344) Humongous regions: 33->33
[3831.095s][info][gc,metaspace   ] GC(344) Metaspace: 29965K(30144K)->29965K(30144K) NonClass: 29965K(30144K)->29965K(30144K) Class: 0K(0K)->0K(0K)
[3831.095s][info][gc             ] GC(344) Pause Young (Normal) (G1 Evacuation Pause) 9299M->3807M(10240M) 163.118ms
[3831.095s][info][gc,cpu         ] GC(344) User=1.28s Sys=0.00s Real=0.16s
..... (rIR:aIR:PR = 6088:6087:6087) (tPR = 89748) [OK] 
  3835s: Performance info:
         Transaction,    Success,    Partial,     Failed,   Receipts, AvgBarcode, 
             Overall,     365698,          0,          0,     347398,      59.48, 
         Response times:
             Request,    Success,    Partial,     Failed,   SkipFail,     Probes,    Samples,      min,      p50,      p90,      p95,      p99,      max, 
       TotalPurchase,     347398,          0,          0,          0,     340004,     365260,      300,     4000,     7300,     8900,    56000,   277000,
     InStorePurchase,     182817,          0,          0,          0,     178994,     191804,      400,     3900,     7200,     8800,    56000,   276000,
      OnlinePurchase,     128011,          0,          0,          0,     125356,     134725,      300,     4000,     7300,     8900,    57000,   276000,
        InstPurchase,      36570,          0,          0,          0,      35654,      38731,      500,     4300,     7400,     9040,    55000,   277000,
          AssocOfCat,        364,          0,          0,          0,        303,        406,    27000,    35000,    49000,    56300,   212860,   215000,
      AssocOfProduct,       3667,          0,          0,          0,       3432,       3895,      400,     4400,     7300,     9000,    62080,   177000,
      BusinessReport,        912,          0,          0,          0,        795,        969,    28000,    39000,    56000,    68000,   201600,   240000,
          CustBuyBeh,       3660,          0,          0,          0,       3422,       3878,      200,     3500,     6500,     7900,    62000,   177000,
       ProductReturn,       9697,          0,          0,          0,       9175,       9969,      200,     3700,     6800,     8200,    59000,   176000,

  3835s: (45%)   IR =   6227 ..[3838.430s][info][gc,start       ] GC(345) Pause Young (Normal) (G1 Evacuation Pause)
[3838.430s][info][gc,task        ] GC(345) Using 8 workers of 8 for evacuation
[3838.591s][info][gc,phases      ] GC(345)   Pre Evacuate Collection Set: 0.30ms
[3838.591s][info][gc,phases      ] GC(345)   Merge Heap Roots: 0.57ms
[3838.591s][info][gc,phases      ] GC(345)   Evacuate Collection Set: 159.40ms
[3838.591s][info][gc,phases      ] GC(345)   Post Evacuate Collection Set: 1.32ms
[3838.591s][info][gc,phases      ] GC(345)   Other: 0.06ms
[3838.591s][info][gc,heap        ] GC(345) Eden regions: 686->0(683)
[3838.591s][info][gc,heap        ] GC(345) Survivor regions: 51->51(93)
[3838.591s][info][gc,heap        ] GC(345) Old regions: 395->398
[3838.591s][info][gc,heap        ] GC(345) Humongous regions: 33->33
[3838.591s][info][gc,metaspace   ] GC(345) Metaspace: 29965K(30144K)->29965K(30144K) NonClass: 29965K(30144K)->29965K(30144K) Class: 0K(0K)->0K(0K)
[3838.591s][info][gc             ] GC(345) Pause Young (Normal) (G1 Evacuation Pause) 9295M->3824M(10240M) 161.800ms
[3838.591s][info][gc,cpu         ] GC(345) User=1.27s Sys=0.00s Real=0.16s
.....|...[3845.862s][info][gc,start       ] GC(346) Pause Young (Normal) (G1 Evacuation Pause)
[3845.863s][info][gc,task        ] GC(346) Using 8 workers of 8 for evacuation
[3846.024s][info][gc,phases      ] GC(346)   Pre Evacuate Collection Set: 0.31ms
[3846.024s][info][gc,phases      ] GC(346)   Merge Heap Roots: 0.57ms
[3846.024s][info][gc,phases      ] GC(346)   Evacuate Collection Set: 159.20ms
[3846.024s][info][gc,phases      ] GC(346)   Post Evacuate Collection Set: 1.32ms
[3846.024s][info][gc,phases      ] GC(346)   Other: 0.07ms
[3846.024s][info][gc,heap        ] GC(346) Eden regions: 683->0(681)
[3846.024s][info][gc,heap        ] GC(346) Survivor regions: 51->51(92)
[3846.024s][info][gc,heap        ] GC(346) Old regions: 398->400
[3846.024s][info][gc,heap        ] GC(346) Humongous regions: 33->33
[3846.024s][info][gc,metaspace   ] GC(346) Metaspace: 29965K(30144K)->29965K(30144K) NonClass: 29965K(30144K)->29965K(30144K) Class: 0K(0K)->0K(0K)
[3846.024s][info][gc             ] GC(346) Pause Young (Normal) (G1 Evacuation Pause) 9288M->3845M(10240M) 161.614ms
[3846.024s][info][gc,cpu         ] GC(346) User=1.26s Sys=0.00s Real=0.16s
.......[3853.238s][info][gc,start       ] GC(347) Pause Young (Normal) (G1 Evacuation Pause)
[3853.238s][info][gc,task        ] GC(347) Using 8 workers of 8 for evacuation
[3853.401s][info][gc,phases      ] GC(347)   Pre Evacuate Collection Set: 0.28ms
[3853.401s][info][gc,phases      ] GC(347)   Merge Heap Roots: 0.61ms
[3853.401s][info][gc,phases      ] GC(347)   Evacuate Collection Set: 161.03ms
[3853.401s][info][gc,phases      ] GC(347)   Post Evacuate Collection Set: 1.29ms
[3853.401s][info][gc,phases      ] GC(347)   Other: 0.06ms
[3853.401s][info][gc,heap        ] GC(347) Eden regions: 681->0(676)
[3853.401s][info][gc,heap        ] GC(347) Survivor regions: 51->52(92)
[3853.401s][info][gc,heap        ] GC(347) Old regions: 400->403
[3853.401s][info][gc,heap        ] GC(347) Humongous regions: 33->33
[3853.401s][info][gc,metaspace   ] GC(347) Metaspace: 29965K(30144K)->29965K(30144K) NonClass: 29965K(30144K)->29965K(30144K) Class: 0K(0K)->0K(0K)
[3853.401s][info][gc             ] GC(347) Pause Young (Normal) (G1 Evacuation Pause) 9293M->3874M(10240M) 163.419ms
[3853.401s][info][gc,cpu         ] GC(347) User=1.28s Sys=0.00s Real=0.16s
.......[3860.537s][info][gc,start       ] GC(348) Pause Young (Normal) (G1 Evacuation Pause)
[3860.537s][info][gc,task        ] GC(348) Using 8 workers of 8 for evacuation
[3860.700s][info][gc,phases      ] GC(348)   Pre Evacuate Collection Set: 0.30ms
[3860.700s][info][gc,phases      ] GC(348)   Merge Heap Roots: 0.57ms
[3860.700s][info][gc,phases      ] GC(348)   Evacuate Collection Set: 160.42ms
[3860.700s][info][gc,phases      ] GC(348)   Post Evacuate Collection Set: 1.25ms
[3860.700s][info][gc,phases      ] GC(348)   Other: 0.06ms
[3860.700s][info][gc,heap        ] GC(348) Eden regions: 676->0(676)
[3860.700s][info][gc,heap        ] GC(348) Survivor regions: 52->51(91)
[3860.700s][info][gc,heap        ] GC(348) Old regions: 403->405
[3860.700s][info][gc,heap        ] GC(348) Humongous regions: 33->33
[3860.700s][info][gc,metaspace   ] GC(348) Metaspace: 29965K(30144K)->29965K(30144K) NonClass: 29965K(30144K)->29965K(30144K) Class: 0K(0K)->0K(0K)
[3860.700s][info][gc             ] GC(348) Pause Young (Normal) (G1 Evacuation Pause) 9282M->3891M(10240M) 162.754ms
[3860.700s][info][gc,cpu         ] GC(348) User=1.28s Sys=0.00s Real=0.16s
........[3867.915s][info][gc,start       ] GC(349) Pause Young (Normal) (G1 Evacuation Pause)
[3867.915s][info][gc,task        ] GC(349) Using 8 workers of 8 for evacuation
[3868.074s][info][gc,phases      ] GC(349)   Pre Evacuate Collection Set: 0.30ms
[3868.074s][info][gc,phases      ] GC(349)   Merge Heap Roots: 0.59ms
[3868.074s][info][gc,phases      ] GC(349)   Evacuate Collection Set: 156.99ms
[3868.074s][info][gc,phases      ] GC(349)   Post Evacuate Collection Set: 1.25ms
[3868.074s][info][gc,phases      ] GC(349)   Other: 0.07ms
[3868.074s][info][gc,heap        ] GC(349) Eden regions: 676->0(673)
[3868.074s][info][gc,heap        ] GC(349) Survivor regions: 51->51(91)
[3868.074s][info][gc,heap        ] GC(349) Old regions: 405->408
[3868.074s][info][gc,heap        ] GC(349) Humongous regions: 33->33
[3868.074s][info][gc,metaspace   ] GC(349) Metaspace: 29965K(30144K)->29965K(30144K) NonClass: 29965K(30144K)->29965K(30144K) Class: 0K(0K)->0K(0K)
[3868.074s][info][gc             ] GC(349) Pause Young (Normal) (G1 Evacuation Pause) 9299M->3913M(10240M) 159.333ms
[3868.074s][info][gc,cpu         ] GC(349) User=1.25s Sys=0.00s Real=0.16s
.......[3875.248s][info][gc,start       ] GC(350) Pause Young (Normal) (G1 Evacuation Pause)
[3875.248s][info][gc,task        ] GC(350) Using 8 workers of 8 for evacuation
[3875.408s][info][gc,phases      ] GC(350)   Pre Evacuate Collection Set: 0.29ms
[3875.408s][info][gc,phases      ] GC(350)   Merge Heap Roots: 0.58ms
[3875.408s][info][gc,phases      ] GC(350)   Evacuate Collection Set: 158.15ms
[3875.408s][info][gc,phases      ] GC(350)   Post Evacuate Collection Set: 1.26ms
[3875.408s][info][gc,phases      ] GC(350)   Other: 0.08ms
[3875.408s][info][gc,heap        ] GC(350) Eden regions: 673->0(670)
[3875.408s][info][gc,heap        ] GC(350) Survivor regions: 51->51(91)
[3875.408s][info][gc,heap        ] GC(350) Old regions: 408->411
[3875.408s][info][gc,heap        ] GC(350) Humongous regions: 33->33
[3875.408s][info][gc,metaspace   ] GC(350) Metaspace: 29965K(30144K)->29965K(30144K) NonClass: 29965K(30144K)->29965K(30144K) Class: 0K(0K)->0K(0K)
[3875.408s][info][gc             ] GC(350) Pause Young (Normal) (G1 Evacuation Pause) 9297M->3933M(10240M) 160.502ms
[3875.408s][info][gc,cpu         ] GC(350) User=1.27s Sys=0.00s Real=0.16s
.......[3882.421s][info][gc,start       ] GC(351) Pause Young (Normal) (G1 Evacuation Pause)
[3882.422s][info][gc,task        ] GC(351) Using 8 workers of 8 for evacuation
[3882.582s][info][gc,phases      ] GC(351)   Pre Evacuate Collection Set: 0.31ms
[3882.582s][info][gc,phases      ] GC(351)   Merge Heap Roots: 0.56ms
[3882.582s][info][gc,phases      ] GC(351)   Evacuate Collection Set: 158.30ms
[3882.582s][info][gc,phases      ] GC(351)   Post Evacuate Collection Set: 1.23ms
[3882.582s][info][gc,phases      ] GC(351)   Other: 0.06ms
[3882.582s][info][gc,heap        ] GC(351) Eden regions: 670->0(668)
[3882.582s][info][gc,heap        ] GC(351) Survivor regions: 51->51(91)
[3882.582s][info][gc,heap        ] GC(351) Old regions: 411->413
[3882.582s][info][gc,heap        ] GC(351) Humongous regions: 33->33
[3882.582s][info][gc,metaspace   ] GC(351) Metaspace: 29965K(30144K)->29965K(30144K) NonClass: 29965K(30144K)->29965K(30144K) Class: 0K(0K)->0K(0K)
[3882.582s][info][gc             ] GC(351) Pause Young (Normal) (G1 Evacuation Pause) 9293M->3951M(10240M) 160.622ms
[3882.582s][info][gc,cpu         ] GC(351) User=1.26s Sys=0.00s Real=0.16s
.......[3889.718s][info][gc,start       ] GC(352) Pause Young (Normal) (G1 Evacuation Pause)
[3889.718s][info][gc,task        ] GC(352) Using 8 workers of 8 for evacuation
[3889.882s][info][gc,phases      ] GC(352)   Pre Evacuate Collection Set: 0.30ms
[3889.882s][info][gc,phases      ] GC(352)   Merge Heap Roots: 0.56ms
[3889.882s][info][gc,phases      ] GC(352)   Evacuate Collection Set: 161.68ms
[3889.882s][info][gc,phases      ] GC(352)   Post Evacuate Collection Set: 1.23ms
[3889.882s][info][gc,phases      ] GC(352)   Other: 0.06ms
[3889.882s][info][gc,heap        ] GC(352) Eden regions: 668->0(665)
[3889.882s][info][gc,heap        ] GC(352) Survivor regions: 51->51(90)
[3889.882s][info][gc,heap        ] GC(352) Old regions: 413->416
[3889.882s][info][gc,heap        ] GC(352) Humongous regions: 33->33
[3889.882s][info][gc,metaspace   ] GC(352) Metaspace: 29965K(30144K)->29965K(30144K) NonClass: 29965K(30144K)->29965K(30144K) Class: 0K(0K)->0K(0K)
[3889.882s][info][gc             ] GC(352) Pause Young (Normal) (G1 Evacuation Pause) 9295M->3977M(10240M) 163.966ms
[3889.882s][info][gc,cpu         ] GC(352) User=1.29s Sys=0.00s Real=0.16s
........[3896.914s][info][gc,start       ] GC(353) Pause Young (Normal) (G1 Evacuation Pause)
[3896.915s][info][gc,task        ] GC(353) Using 8 workers of 8 for evacuation
[3897.073s][info][gc,phases      ] GC(353)   Pre Evacuate Collection Set: 0.32ms
[3897.073s][info][gc,phases      ] GC(353)   Merge Heap Roots: 0.57ms
[3897.073s][info][gc,phases      ] GC(353)   Evacuate Collection Set: 156.51ms
[3897.073s][info][gc,phases      ] GC(353)   Post Evacuate Collection Set: 1.26ms
[3897.073s][info][gc,phases      ] GC(353)   Other: 0.06ms
[3897.073s][info][gc,heap        ] GC(353) Eden regions: 665->0(662)
[3897.073s][info][gc,heap        ] GC(353) Survivor regions: 51->51(90)
[3897.073s][info][gc,heap        ] GC(353) Old regions: 416->419
[3897.073s][info][gc,heap        ] GC(353) Humongous regions: 33->33
[3897.073s][info][gc,metaspace   ] GC(353) Metaspace: 29965K(30144K)->29965K(30144K) NonClass: 29965K(30144K)->29965K(30144K) Class: 0K(0K)->0K(0K)
[3897.073s][info][gc             ] GC(353) Pause Young (Normal) (G1 Evacuation Pause) 9297M->3995M(10240M) 158.858ms
[3897.073s][info][gc,cpu         ] GC(353) User=1.24s Sys=0.01s Real=0.16s
...... (rIR:aIR:PR = 6227:6228:6228) (tPR = 92896) [OK] 
  3902s: Performance info:
         Transaction,    Success,    Partial,     Failed,   Receipts, AvgBarcode, 
             Overall,     375537,          0,          0,     356752,      59.48, 
         Response times:
             Request,    Success,    Partial,     Failed,   SkipFail,     Probes,    Samples,      min,      p50,      p90,      p95,      p99,      max, 
       TotalPurchase,     356752,          0,          0,          0,     349888,     392737,      300,     4100,     7400,     9000,    54000,   335000,
     InStorePurchase,     187741,          0,          0,          0,     184463,     206732,      400,     4200,     7400,     9000,    56000,   335000,
      OnlinePurchase,     131461,          0,          0,          0,     128785,     144565,      300,     4000,     7400,     9000,    52000,   335000,
        InstPurchase,      37550,          0,          0,          0,      36640,      41440,      500,     3700,     7400,     8900,    52000,   335000,
          AssocOfCat,        375,          0,          0,          0,        307,        409,    19800,    35000,    49000,    55500,   104100,   215000,
      AssocOfProduct,       3763,          0,          0,          0,       3491,       4141,      700,     3700,     7600,     9300,    40580,   171000,
      BusinessReport,        938,          0,          0,          0,        782,        993,    28000,    39000,    55000,    65000,   145600,   231000,
          CustBuyBeh,       3760,          0,          0,          0,       3525,       4137,      200,     3400,     6900,     8500,    49000,   334000,
       ProductReturn,       9949,          0,          0,          0,       9467,      10859,      200,     4000,     7200,     8800,    68400,   181000,

  3902s: (46%)   IR =   6365 .[3904.103s][info][gc,start       ] GC(354) Pause Young (Normal) (G1 Evacuation Pause)
[3904.103s][info][gc,task        ] GC(354) Using 8 workers of 8 for evacuation
[3904.263s][info][gc,phases      ] GC(354)   Pre Evacuate Collection Set: 0.34ms
[3904.263s][info][gc,phases      ] GC(354)   Merge Heap Roots: 0.71ms
[3904.263s][info][gc,phases      ] GC(354)   Evacuate Collection Set: 157.31ms
[3904.263s][info][gc,phases      ] GC(354)   Post Evacuate Collection Set: 1.22ms
[3904.263s][info][gc,phases      ] GC(354)   Other: 0.06ms
[3904.263s][info][gc,heap        ] GC(354) Eden regions: 662->0(659)
[3904.263s][info][gc,heap        ] GC(354) Survivor regions: 51->51(90)
[3904.263s][info][gc,heap        ] GC(354) Old regions: 419->422
[3904.263s][info][gc,heap        ] GC(354) Humongous regions: 33->33
[3904.263s][info][gc,metaspace   ] GC(354) Metaspace: 29965K(30144K)->29965K(30144K) NonClass: 29965K(30144K)->29965K(30144K) Class: 0K(0K)->0K(0K)
[3904.263s][info][gc             ] GC(354) Pause Young (Normal) (G1 Evacuation Pause) 9291M->4020M(10240M) 159.782ms
[3904.263s][info][gc,cpu         ] GC(354) User=1.25s Sys=0.00s Real=0.16s
...|....[3911.135s][info][gc,start       ] GC(355) Pause Young (Normal) (G1 Evacuation Pause)
[3911.135s][info][gc,task        ] GC(355) Using 8 workers of 8 for evacuation
[3911.298s][info][gc,phases      ] GC(355)   Pre Evacuate Collection Set: 0.29ms
[3911.298s][info][gc,phases      ] GC(355)   Merge Heap Roots: 0.58ms
[3911.298s][info][gc,phases      ] GC(355)   Evacuate Collection Set: 160.62ms
[3911.298s][info][gc,phases      ] GC(355)   Post Evacuate Collection Set: 1.30ms
[3911.298s][info][gc,phases      ] GC(355)   Other: 0.07ms
[3911.298s][info][gc,heap        ] GC(355) Eden regions: 659->0(657)
[3911.298s][info][gc,heap        ] GC(355) Survivor regions: 51->51(89)
[3911.298s][info][gc,heap        ] GC(355) Old regions: 422->424
[3911.298s][info][gc,heap        ] GC(355) Humongous regions: 33->33
[3911.298s][info][gc,metaspace   ] GC(355) Metaspace: 29965K(30144K)->29965K(30144K) NonClass: 29965K(30144K)->29965K(30144K) Class: 0K(0K)->0K(0K)
[3911.298s][info][gc             ] GC(355) Pause Young (Normal) (G1 Evacuation Pause) 9292M->4038M(10240M) 163.000ms
[3911.298s][info][gc,cpu         ] GC(355) User=1.28s Sys=0.00s Real=0.17s
.......[3918.068s][info][gc,start       ] GC(356) Pause Young (Normal) (G1 Evacuation Pause)
[3918.068s][info][gc,task        ] GC(356) Using 8 workers of 8 for evacuation
[3918.227s][info][gc,phases      ] GC(356)   Pre Evacuate Collection Set: 0.29ms
[3918.227s][info][gc,phases      ] GC(356)   Merge Heap Roots: 0.56ms
[3918.227s][info][gc,phases      ] GC(356)   Evacuate Collection Set: 156.71ms
[3918.227s][info][gc,phases      ] GC(356)   Post Evacuate Collection Set: 1.25ms
[3918.227s][info][gc,phases      ] GC(356)   Other: 0.06ms
[3918.227s][info][gc,heap        ] GC(356) Eden regions: 657->0(654)
[3918.227s][info][gc,heap        ] GC(356) Survivor regions: 51->51(89)
[3918.227s][info][gc,heap        ] GC(356) Old regions: 424->427
[3918.227s][info][gc,heap        ] GC(356) Humongous regions: 33->33
[3918.227s][info][gc,metaspace   ] GC(356) Metaspace: 29965K(30144K)->29965K(30144K) NonClass: 29965K(30144K)->29965K(30144K) Class: 0K(0K)->0K(0K)
[3918.227s][info][gc             ] GC(356) Pause Young (Normal) (G1 Evacuation Pause) 9294M->4061M(10240M) 159.023ms
[3918.227s][info][gc,cpu         ] GC(356) User=1.24s Sys=0.00s Real=0.16s
......[3924.960s][info][gc,start       ] GC(357) Pause Young (Normal) (G1 Evacuation Pause)
[3924.960s][info][gc,task        ] GC(357) Using 8 workers of 8 for evacuation
[3925.119s][info][gc,phases      ] GC(357)   Pre Evacuate Collection Set: 0.30ms
[3925.119s][info][gc,phases      ] GC(357)   Merge Heap Roots: 0.58ms
[3925.119s][info][gc,phases      ] GC(357)   Evacuate Collection Set: 157.03ms
[3925.119s][info][gc,phases      ] GC(357)   Post Evacuate Collection Set: 1.23ms
[3925.119s][info][gc,phases      ] GC(357)   Other: 0.06ms
[3925.119s][info][gc,heap        ] GC(357) Eden regions: 654->0(653)
[3925.119s][info][gc,heap        ] GC(357) Survivor regions: 51->50(89)
[3925.119s][info][gc,heap        ] GC(357) Old regions: 427->430
[3925.119s][info][gc,heap        ] GC(357) Humongous regions: 33->33
[3925.119s][info][gc,metaspace   ] GC(357) Metaspace: 29965K(30144K)->29965K(30144K) NonClass: 29965K(30144K)->29965K(30144K) Class: 0K(0K)->0K(0K)
[3925.119s][info][gc             ] GC(357) Pause Young (Normal) (G1 Evacuation Pause) 9293M->4080M(10240M) 159.320ms
[3925.119s][info][gc,cpu         ] GC(357) User=1.25s Sys=0.00s Real=0.16s
.......[3931.851s][info][gc,start       ] GC(358) Pause Young (Normal) (G1 Evacuation Pause)
[3931.852s][info][gc,task        ] GC(358) Using 8 workers of 8 for evacuation
[3932.010s][info][gc,phases      ] GC(358)   Pre Evacuate Collection Set: 0.28ms
[3932.010s][info][gc,phases      ] GC(358)   Merge Heap Roots: 0.57ms
[3932.010s][info][gc,phases      ] GC(358)   Evacuate Collection Set: 155.79ms
[3932.010s][info][gc,phases      ] GC(358)   Post Evacuate Collection Set: 1.29ms
[3932.010s][info][gc,phases      ] GC(358)   Other: 0.06ms
[3932.010s][info][gc,heap        ] GC(358) Eden regions: 653->0(650)
[3932.010s][info][gc,heap        ] GC(358) Survivor regions: 50->50(88)
[3932.010s][info][gc,heap        ] GC(358) Old regions: 430->433
[3932.010s][info][gc,heap        ] GC(358) Humongous regions: 33->33
[3932.010s][info][gc,metaspace   ] GC(358) Metaspace: 29965K(30144K)->29965K(30144K) NonClass: 29965K(30144K)->29965K(30144K) Class: 0K(0K)->0K(0K)
[3932.010s][info][gc             ] GC(358) Pause Young (Normal) (G1 Evacuation Pause) 9304M->4103M(10240M) 158.126ms
[3932.010s][info][gc,cpu         ] GC(358) User=1.25s Sys=0.00s Real=0.16s
.......[3938.741s][info][gc,start       ] GC(359) Pause Young (Normal) (G1 Evacuation Pause)
[3938.741s][info][gc,task        ] GC(359) Using 8 workers of 8 for evacuation
[3938.902s][info][gc,phases      ] GC(359)   Pre Evacuate Collection Set: 0.32ms
[3938.902s][info][gc,phases      ] GC(359)   Merge Heap Roots: 0.57ms
[3938.902s][info][gc,phases      ] GC(359)   Evacuate Collection Set: 159.23ms
[3938.902s][info][gc,phases      ] GC(359)   Post Evacuate Collection Set: 1.24ms
[3938.902s][info][gc,phases      ] GC(359)   Other: 0.07ms
[3938.902s][info][gc,heap        ] GC(359) Eden regions: 650->0(645)
[3938.902s][info][gc,heap        ] GC(359) Survivor regions: 50->51(88)
[3938.902s][info][gc,heap        ] GC(359) Old regions: 433->436
[3938.902s][info][gc,heap        ] GC(359) Humongous regions: 33->33
[3938.902s][info][gc,metaspace   ] GC(359) Metaspace: 29965K(30144K)->29965K(30144K) NonClass: 29965K(30144K)->29965K(30144K) Class: 0K(0K)->0K(0K)
[3938.902s][info][gc             ] GC(359) Pause Young (Normal) (G1 Evacuation Pause) 9303M->4131M(10240M) 161.561ms
[3938.902s][info][gc,cpu         ] GC(359) User=1.27s Sys=0.00s Real=0.16s
.......[3945.577s][info][gc,start       ] GC(360) Pause Young (Normal) (G1 Evacuation Pause)
[3945.578s][info][gc,task        ] GC(360) Using 8 workers of 8 for evacuation
[3945.738s][info][gc,phases      ] GC(360)   Pre Evacuate Collection Set: 0.28ms
[3945.738s][info][gc,phases      ] GC(360)   Merge Heap Roots: 0.57ms
[3945.738s][info][gc,phases      ] GC(360)   Evacuate Collection Set: 158.00ms
[3945.738s][info][gc,phases      ] GC(360)   Post Evacuate Collection Set: 1.20ms
[3945.738s][info][gc,phases      ] GC(360)   Other: 0.07ms
[3945.738s][info][gc,heap        ] GC(360) Eden regions: 645->0(642)
[3945.738s][info][gc,heap        ] GC(360) Survivor regions: 51->51(87)
[3945.738s][info][gc,heap        ] GC(360) Old regions: 436->439
[3945.738s][info][gc,heap        ] GC(360) Humongous regions: 33->33
[3945.738s][info][gc,metaspace   ] GC(360) Metaspace: 29965K(30144K)->29965K(30144K) NonClass: 29965K(30144K)->29965K(30144K) Class: 0K(0K)->0K(0K)
[3945.738s][info][gc             ] GC(360) Pause Young (Normal) (G1 Evacuation Pause) 9291M->4152M(10240M) 160.272ms
[3945.738s][info][gc,cpu         ] GC(360) User=1.26s Sys=0.00s Real=0.16s
.......[3952.387s][info][gc,start       ] GC(361) Pause Young (Normal) (G1 Evacuation Pause)
[3952.387s][info][gc,task        ] GC(361) Using 8 workers of 8 for evacuation
[3952.548s][info][gc,phases      ] GC(361)   Pre Evacuate Collection Set: 0.28ms
[3952.548s][info][gc,phases      ] GC(361)   Merge Heap Roots: 0.57ms
[3952.548s][info][gc,phases      ] GC(361)   Evacuate Collection Set: 158.67ms
[3952.548s][info][gc,phases      ] GC(361)   Post Evacuate Collection Set: 1.27ms
[3952.548s][info][gc,phases      ] GC(361)   Other: 0.07ms
[3952.548s][info][gc,heap        ] GC(361) Eden regions: 642->0(640)
[3952.548s][info][gc,heap        ] GC(361) Survivor regions: 51->51(87)
[3952.548s][info][gc,heap        ] GC(361) Old regions: 439->441
[3952.548s][info][gc,heap        ] GC(361) Humongous regions: 33->33
[3952.548s][info][gc,metaspace   ] GC(361) Metaspace: 29965K(30144K)->29965K(30144K) NonClass: 29965K(30144K)->29965K(30144K) Class: 0K(0K)->0K(0K)
[3952.548s][info][gc             ] GC(361) Pause Young (Normal) (G1 Evacuation Pause) 9288M->4175M(10240M) 160.988ms
[3952.548s][info][gc,cpu         ] GC(361) User=1.27s Sys=0.00s Real=0.16s
.......[3959.202s][info][gc,start       ] GC(362) Pause Young (Normal) (G1 Evacuation Pause)
[3959.202s][info][gc,task        ] GC(362) Using 8 workers of 8 for evacuation
[3959.361s][info][gc,phases      ] GC(362)   Pre Evacuate Collection Set: 0.29ms
[3959.361s][info][gc,phases      ] GC(362)   Merge Heap Roots: 0.62ms
[3959.361s][info][gc,phases      ] GC(362)   Evacuate Collection Set: 156.98ms
[3959.361s][info][gc,phases      ] GC(362)   Post Evacuate Collection Set: 1.20ms
[3959.361s][info][gc,phases      ] GC(362)   Other: 0.06ms
[3959.361s][info][gc,heap        ] GC(362) Eden regions: 640->0(637)
[3959.361s][info][gc,heap        ] GC(362) Survivor regions: 51->51(87)
[3959.361s][info][gc,heap        ] GC(362) Old regions: 441->444
[3959.361s][info][gc,heap        ] GC(362) Humongous regions: 33->33
[3959.361s][info][gc,metaspace   ] GC(362) Metaspace: 29965K(30144K)->29965K(30144K) NonClass: 29965K(30144K)->29965K(30144K) Class: 0K(0K)->0K(0K)
[3959.361s][info][gc             ] GC(362) Pause Young (Normal) (G1 Evacuation Pause) 9295M->4198M(10240M) 159.312ms
[3959.361s][info][gc,cpu         ] GC(362) User=1.25s Sys=0.00s Real=0.16s
......[3965.954s][info][gc,start       ] GC(363) Pause Young (Normal) (G1 Evacuation Pause)
[3965.954s][info][gc,task        ] GC(363) Using 8 workers of 8 for evacuation
[3966.112s][info][gc,phases      ] GC(363)   Pre Evacuate Collection Set: 0.30ms
[3966.112s][info][gc,phases      ] GC(363)   Merge Heap Roots: 0.58ms
[3966.112s][info][gc,phases      ] GC(363)   Evacuate Collection Set: 155.90ms
[3966.112s][info][gc,phases      ] GC(363)   Post Evacuate Collection Set: 1.21ms
[3966.112s][info][gc,phases      ] GC(363)   Other: 0.09ms
[3966.112s][info][gc,heap        ] GC(363) Eden regions: 637->0(636)
[3966.112s][info][gc,heap        ] GC(363) Survivor regions: 51->50(86)
[3966.112s][info][gc,heap        ] GC(363) Old regions: 444->447
[3966.112s][info][gc,heap        ] GC(363) Humongous regions: 33->33
[3966.112s][info][gc,metaspace   ] GC(363) Metaspace: 29965K(30144K)->29965K(30144K) NonClass: 29965K(30144K)->29965K(30144K) Class: 0K(0K)->0K(0K)
[3966.112s][info][gc             ] GC(363) Pause Young (Normal) (G1 Evacuation Pause) 9294M->4218M(10240M) 158.224ms
[3966.112s][info][gc,cpu         ] GC(363) User=1.24s Sys=0.00s Real=0.16s
.. (rIR:aIR:PR = 6365:6364:6364) (tPR = 94935) [OK] 
  3966s: Performance info:
         Transaction,    Success,    Partial,     Failed,   Receipts, AvgBarcode, 
             Overall,     383017,          0,          0,     363835,      59.48, 
         Response times:
             Request,    Success,    Partial,     Failed,   SkipFail,     Probes,    Samples,      min,      p50,      p90,      p95,      p99,      max, 
       TotalPurchase,     363836,          0,          0,          0,     354877,     382171,      400,     4200,     7700,     9700,    60000,   396000,
     InStorePurchase,     191460,          0,          0,          0,     186965,     201019,      400,     4200,     7700,     9800,    61000,   396000,
      OnlinePurchase,     134087,          0,          0,          0,     130860,     140981,      400,     4100,     7700,     9600,    60000,   396000,
        InstPurchase,      38289,          0,          0,          0,      37052,      40171,      500,     4200,     7700,     9600,    60000,   236000,
          AssocOfCat,        380,          0,          0,          0,        296,        385,    23000,    36000,    47000,    53000,   137340,   220000,
      AssocOfProduct,       3831,          0,          0,          0,       3553,       4051,      700,     4100,     7800,     9900,    69480,   180000,
      BusinessReport,        960,          0,          0,          0,        842,       1016,    31000,    39000,    56000,    62000,   116830,   221000,
          CustBuyBeh,       3839,          0,          0,          0,       3572,       4074,      300,     4000,     7600,     9400,    51250,   228000,
       ProductReturn,      10171,          0,          0,          0,       9643,      10627,      200,     3900,     7900,    10000,    62720,   191000,

  3966s: (47%)   IR =   6503 ....|.[3972.586s][info][gc,start       ] GC(364) Pause Young (Normal) (G1 Evacuation Pause)
[3972.586s][info][gc,task        ] GC(364) Using 8 workers of 8 for evacuation
[3972.748s][info][gc,phases      ] GC(364)   Pre Evacuate Collection Set: 0.29ms
[3972.748s][info][gc,phases      ] GC(364)   Merge Heap Roots: 0.57ms
[3972.748s][info][gc,phases      ] GC(364)   Evacuate Collection Set: 160.23ms
[3972.748s][info][gc,phases      ] GC(364)   Post Evacuate Collection Set: 1.21ms
[3972.748s][info][gc,phases      ] GC(364)   Other: 0.07ms
[3972.748s][info][gc,heap        ] GC(364) Eden regions: 636->0(631)
[3972.748s][info][gc,heap        ] GC(364) Survivor regions: 50->51(86)
[3972.748s][info][gc,heap        ] GC(364) Old regions: 447->450
[3972.748s][info][gc,heap        ] GC(364) Humongous regions: 33->33
[3972.748s][info][gc,metaspace   ] GC(364) Metaspace: 29965K(30144K)->29965K(30144K) NonClass: 29965K(30144K)->29965K(30144K) Class: 0K(0K)->0K(0K)
[3972.748s][info][gc             ] GC(364) Pause Young (Normal) (G1 Evacuation Pause) 9306M->4249M(10240M) 162.507ms
[3972.748s][info][gc,cpu         ] GC(364) User=1.28s Sys=0.00s Real=0.16s
......[3979.075s][info][gc,start       ] GC(365) Pause Young (Normal) (G1 Evacuation Pause)
[3979.075s][info][gc,task        ] GC(365) Using 8 workers of 8 for evacuation
[3979.235s][info][gc,phases      ] GC(365)   Pre Evacuate Collection Set: 0.31ms
[3979.235s][info][gc,phases      ] GC(365)   Merge Heap Roots: 0.58ms
[3979.235s][info][gc,phases      ] GC(365)   Evacuate Collection Set: 157.85ms
[3979.235s][info][gc,phases      ] GC(365)   Post Evacuate Collection Set: 1.25ms
[3979.235s][info][gc,phases      ] GC(365)   Other: 0.06ms
[3979.235s][info][gc,heap        ] GC(365) Eden regions: 631->0(628)
[3979.235s][info][gc,heap        ] GC(365) Survivor regions: 51->51(86)
[3979.235s][info][gc,heap        ] GC(365) Old regions: 450->453
[3979.235s][info][gc,heap        ] GC(365) Humongous regions: 33->33
[3979.235s][info][gc,metaspace   ] GC(365) Metaspace: 29965K(30144K)->29965K(30144K) NonClass: 29965K(30144K)->29965K(30144K) Class: 0K(0K)->0K(0K)
[3979.235s][info][gc             ] GC(365) Pause Young (Normal) (G1 Evacuation Pause) 9297M->4272M(10240M) 160.212ms
[3979.235s][info][gc,cpu         ] GC(365) User=1.26s Sys=0.00s Real=0.16s
.......[3985.587s][info][gc,start       ] GC(366) Pause Young (Normal) (G1 Evacuation Pause)
[3985.587s][info][gc,task        ] GC(366) Using 8 workers of 8 for evacuation
[3985.747s][info][gc,phases      ] GC(366)   Pre Evacuate Collection Set: 0.29ms
[3985.747s][info][gc,phases      ] GC(366)   Merge Heap Roots: 0.56ms
[3985.747s][info][gc,phases      ] GC(366)   Evacuate Collection Set: 157.98ms
[3985.747s][info][gc,phases      ] GC(366)   Post Evacuate Collection Set: 1.26ms
[3985.747s][info][gc,phases      ] GC(366)   Other: 0.07ms
[3985.747s][info][gc,heap        ] GC(366) Eden regions: 628->0(625)
[3985.747s][info][gc,heap        ] GC(366) Survivor regions: 51->51(85)
[3985.747s][info][gc,heap        ] GC(366) Old regions: 453->456
[3985.747s][info][gc,heap        ] GC(366) Humongous regions: 33->33
[3985.747s][info][gc,metaspace   ] GC(366) Metaspace: 29965K(30144K)->29965K(30144K) NonClass: 29965K(30144K)->29965K(30144K) Class: 0K(0K)->0K(0K)
[3985.747s][info][gc             ] GC(366) Pause Young (Normal) (G1 Evacuation Pause) 9296M->4296M(10240M) 160.307ms
[3985.747s][info][gc,cpu         ] GC(366) User=1.26s Sys=0.00s Real=0.16s
......[3992.074s][info][gc,start       ] GC(367) Pause Young (Normal) (G1 Evacuation Pause)
[3992.074s][info][gc,task        ] GC(367) Using 8 workers of 8 for evacuation
[3992.235s][info][gc,phases      ] GC(367)   Pre Evacuate Collection Set: 0.27ms
[3992.235s][info][gc,phases      ] GC(367)   Merge Heap Roots: 0.57ms
[3992.235s][info][gc,phases      ] GC(367)   Evacuate Collection Set: 158.59ms
[3992.235s][info][gc,phases      ] GC(367)   Post Evacuate Collection Set: 1.20ms
[3992.235s][info][gc,phases      ] GC(367)   Other: 0.07ms
[3992.235s][info][gc,heap        ] GC(367) Eden regions: 625->0(624)
[3992.235s][info][gc,heap        ] GC(367) Survivor regions: 51->50(85)
[3992.235s][info][gc,heap        ] GC(367) Old regions: 456->459
[3992.235s][info][gc,heap        ] GC(367) Humongous regions: 33->33
[3992.235s][info][gc,metaspace   ] GC(367) Metaspace: 29965K(30144K)->29965K(30144K) NonClass: 29965K(30144K)->29965K(30144K) Class: 0K(0K)->0K(0K)
[3992.235s][info][gc             ] GC(367) Pause Young (Normal) (G1 Evacuation Pause) 9296M->4313M(10240M) 160.819ms
[3992.235s][info][gc,cpu         ] GC(367) User=1.27s Sys=0.00s Real=0.16s
.......[3998.566s][info][gc,start       ] GC(368) Pause Young (Normal) (G1 Evacuation Pause)
[3998.566s][info][gc,task        ] GC(368) Using 8 workers of 8 for evacuation
[3998.725s][info][gc,phases      ] GC(368)   Pre Evacuate Collection Set: 0.30ms
[3998.725s][info][gc,phases      ] GC(368)   Merge Heap Roots: 0.58ms
[3998.725s][info][gc,phases      ] GC(368)   Evacuate Collection Set: 156.75ms
[3998.725s][info][gc,phases      ] GC(368)   Post Evacuate Collection Set: 1.20ms
[3998.725s][info][gc,phases      ] GC(368)   Other: 0.07ms
[3998.725s][info][gc,heap        ] GC(368) Eden regions: 624->0(621)
[3998.725s][info][gc,heap        ] GC(368) Survivor regions: 50->50(85)
[3998.725s][info][gc,heap        ] GC(368) Old regions: 459->462
[3998.725s][info][gc,heap        ] GC(368) Humongous regions: 33->33
[3998.725s][info][gc,metaspace   ] GC(368) Metaspace: 29965K(30144K)->29965K(30144K) NonClass: 29965K(30144K)->29965K(30144K) Class: 0K(0K)->0K(0K)
[3998.725s][info][gc             ] GC(368) Pause Young (Normal) (G1 Evacuation Pause) 9305M->4338M(10240M) 159.044ms
[3998.725s][info][gc,cpu         ] GC(368) User=1.25s Sys=0.00s Real=0.15s
......[4004.973s][info][gc,start       ] GC(369) Pause Young (Normal) (G1 Evacuation Pause)
[4004.973s][info][gc,task        ] GC(369) Using 8 workers of 8 for evacuation
[4005.130s][info][gc,phases      ] GC(369)   Pre Evacuate Collection Set: 0.31ms
[4005.130s][info][gc,phases      ] GC(369)   Merge Heap Roots: 0.56ms
[4005.130s][info][gc,phases      ] GC(369)   Evacuate Collection Set: 155.37ms
[4005.130s][info][gc,phases      ] GC(369)   Post Evacuate Collection Set: 1.16ms
[4005.130s][info][gc,phases      ] GC(369)   Other: 0.07ms
[4005.130s][info][gc,heap        ] GC(369) Eden regions: 621->0(618)
[4005.130s][info][gc,heap        ] GC(369) Survivor regions: 50->50(84)
[4005.130s][info][gc,heap        ] GC(369) Old regions: 462->465
[4005.130s][info][gc,heap        ] GC(369) Humongous regions: 33->33
[4005.130s][info][gc,metaspace   ] GC(369) Metaspace: 29965K(30144K)->29965K(30144K) NonClass: 29965K(30144K)->29965K(30144K) Class: 0K(0K)->0K(0K)
[4005.130s][info][gc             ] GC(369) Pause Young (Normal) (G1 Evacuation Pause) 9306M->4358M(10240M) 157.607ms
[4005.130s][info][gc,cpu         ] GC(369) User=1.24s Sys=0.00s Real=0.16s
.......[4011.399s][info][gc,start       ] GC(370) Pause Young (Normal) (G1 Evacuation Pause)
[4011.399s][info][gc,task        ] GC(370) Using 8 workers of 8 for evacuation
[4011.559s][info][gc,phases      ] GC(370)   Pre Evacuate Collection Set: 0.31ms
[4011.559s][info][gc,phases      ] GC(370)   Merge Heap Roots: 0.56ms
[4011.559s][info][gc,phases      ] GC(370)   Evacuate Collection Set: 157.81ms
[4011.559s][info][gc,phases      ] GC(370)   Post Evacuate Collection Set: 1.20ms
[4011.559s][info][gc,phases      ] GC(370)   Other: 0.06ms
[4011.559s][info][gc,heap        ] GC(370) Eden regions: 618->0(613)
[4011.559s][info][gc,heap        ] GC(370) Survivor regions: 50->51(84)
[4011.559s][info][gc,heap        ] GC(370) Old regions: 465->468
[4011.559s][info][gc,heap        ] GC(370) Humongous regions: 33->33
[4011.559s][info][gc,metaspace   ] GC(370) Metaspace: 29965K(30144K)->29965K(30144K) NonClass: 29965K(30144K)->29965K(30144K) Class: 0K(0K)->0K(0K)
[4011.559s][info][gc             ] GC(370) Pause Young (Normal) (G1 Evacuation Pause) 9302M->4390M(10240M) 160.090ms
[4011.559s][info][gc,cpu         ] GC(370) User=1.26s Sys=0.00s Real=0.16s
......[4017.745s][info][gc,start       ] GC(371) Pause Young (Normal) (G1 Evacuation Pause)
[4017.745s][info][gc,task        ] GC(371) Using 8 workers of 8 for evacuation
[4017.909s][info][gc,phases      ] GC(371)   Pre Evacuate Collection Set: 0.27ms
[4017.909s][info][gc,phases      ] GC(371)   Merge Heap Roots: 0.61ms
[4017.909s][info][gc,phases      ] GC(371)   Evacuate Collection Set: 161.87ms
[4017.909s][info][gc,phases      ] GC(371)   Post Evacuate Collection Set: 1.13ms
[4017.909s][info][gc,phases      ] GC(371)   Other: 0.06ms
[4017.909s][info][gc,heap        ] GC(371) Eden regions: 613->0(613)
[4017.909s][info][gc,heap        ] GC(371) Survivor regions: 51->46(83)
[4017.909s][info][gc,heap        ] GC(371) Old regions: 468->478
[4017.909s][info][gc,heap        ] GC(371) Humongous regions: 33->33
[4017.909s][info][gc,metaspace   ] GC(371) Metaspace: 29965K(30144K)->29965K(30144K) NonClass: 29965K(30144K)->29965K(30144K) Class: 0K(0K)->0K(0K)
[4017.909s][info][gc             ] GC(371) Pause Young (Normal) (G1 Evacuation Pause) 9294M->4427M(10240M) 164.072ms
[4017.909s][info][gc,cpu         ] GC(371) User=1.29s Sys=0.00s Real=0.17s
......[4024.078s][info][gc,start       ] GC(372) Pause Young (Normal) (G1 Evacuation Pause)
[4024.078s][info][gc,task        ] GC(372) Using 8 workers of 8 for evacuation
[4024.228s][info][gc,phases      ] GC(372)   Pre Evacuate Collection Set: 0.29ms
[4024.228s][info][gc,phases      ] GC(372)   Merge Heap Roots: 0.56ms
[4024.228s][info][gc,phases      ] GC(372)   Evacuate Collection Set: 148.07ms
[4024.228s][info][gc,phases      ] GC(372)   Post Evacuate Collection Set: 1.14ms
[4024.228s][info][gc,phases      ] GC(372)   Other: 0.07ms
[4024.228s][info][gc,heap        ] GC(372) Eden regions: 613->0(610)
[4024.228s][info][gc,heap        ] GC(372) Survivor regions: 46->44(83)
[4024.228s][info][gc,heap        ] GC(372) Old regions: 478->485
[4024.228s][info][gc,heap        ] GC(372) Humongous regions: 33->33
[4024.228s][info][gc,metaspace   ] GC(372) Metaspace: 29965K(30144K)->29965K(30144K) NonClass: 29965K(30144K)->29965K(30144K) Class: 0K(0K)->0K(0K)
[4024.228s][info][gc             ] GC(372) Pause Young (Normal) (G1 Evacuation Pause) 9331M->4465M(10240M) 150.292ms
[4024.228s][info][gc,cpu         ] GC(372) User=1.18s Sys=0.00s Real=0.15s
.......[4030.461s][info][gc,start       ] GC(373) Pause Young (Normal) (G1 Evacuation Pause)
[4030.461s][info][gc,task        ] GC(373) Using 8 workers of 8 for evacuation
[4030.613s][info][gc,phases      ] GC(373)   Pre Evacuate Collection Set: 0.30ms
[4030.613s][info][gc,phases      ] GC(373)   Merge Heap Roots: 0.62ms
[4030.613s][info][gc,phases      ] GC(373)   Evacuate Collection Set: 149.29ms
[4030.613s][info][gc,phases      ] GC(373)   Post Evacuate Collection Set: 1.14ms
[4030.613s][info][gc,phases      ] GC(373)   Other: 0.06ms
[4030.613s][info][gc,heap        ] GC(373) Eden regions: 610->0(604)
[4030.613s][info][gc,heap        ] GC(373) Survivor regions: 44->44(82)
[4030.613s][info][gc,heap        ] GC(373) Old regions: 485->491
[4030.613s][info][gc,heap        ] GC(373) Humongous regions: 33->33
[4030.613s][info][gc,metaspace   ] GC(373) Metaspace: 29965K(30144K)->29965K(30144K) NonClass: 29965K(30144K)->29965K(30144K) Class: 0K(0K)->0K(0K)
[4030.613s][info][gc             ] GC(373) Pause Young (Normal) (G1 Evacuation Pause) 9345M->4519M(10240M) 151.535ms
[4030.613s][info][gc,cpu         ] GC(373) User=1.19s Sys=0.00s Real=0.15s
. (rIR:aIR:PR = 6503:6506:6506) (tPR = 96604) [OK] 
  4031s: Performance info:
         Transaction,    Success,    Partial,     Failed,   Receipts, AvgBarcode, 
             Overall,     390693,          0,          0,     371140,      59.48, 
         Response times:
             Request,    Success,    Partial,     Failed,   SkipFail,     Probes,    Samples,      min,      p50,      p90,      p95,      p99,      max, 
       TotalPurchase,     371140,          0,          0,          0,     359127,     386101,      300,     4400,     8000,    10700,    69000,   304000,
     InStorePurchase,     195321,          0,          0,          0,     188398,     202640,      400,     4300,     8000,    10700,    69000,   304000,
      OnlinePurchase,     136779,          0,          0,          0,     132597,     142323,      300,     4400,     8000,    10700,    70000,   304000,
        InstPurchase,      39040,          0,          0,          0,      38132,      41138,      500,     4600,     8100,    10500,    66000,   260000,
          AssocOfCat,        389,          0,          0,          0,        327,        442,    29000,    37000,    52700,    62000,   196420,   209000,
      AssocOfProduct,       3892,          0,          0,          0,       3654,       4102,      400,     4000,     8300,    10700,    60970,   190000,
      BusinessReport,        975,          0,          0,          0,        843,       1012,    26000,    40000,    57000,    68350,   197090,   223000,
          CustBuyBeh,       3919,          0,          0,          0,       3668,       4117,      300,     3300,     7600,     9900,    66820,   193000,
       ProductReturn,      10378,          0,          0,          0,       9931,      10923,      200,     3800,     7800,    10400,    68760,   303000,

  4031s: (48%)   IR =   6642 ....|.[4036.584s][info][gc,start       ] GC(374) Pause Young (Normal) (G1 Evacuation Pause)
[4036.584s][info][gc,task        ] GC(374) Using 8 workers of 8 for evacuation
[4036.734s][info][gc,phases      ] GC(374)   Pre Evacuate Collection Set: 0.31ms
[4036.734s][info][gc,phases      ] GC(374)   Merge Heap Roots: 0.55ms
[4036.734s][info][gc,phases      ] GC(374)   Evacuate Collection Set: 148.43ms
[4036.734s][info][gc,phases      ] GC(374)   Post Evacuate Collection Set: 1.15ms
[4036.734s][info][gc,phases      ] GC(374)   Other: 0.06ms
[4036.734s][info][gc,heap        ] GC(374) Eden regions: 604->0(597)
[4036.734s][info][gc,heap        ] GC(374) Survivor regions: 44->44(81)
[4036.734s][info][gc,heap        ] GC(374) Old regions: 491->498
[4036.734s][info][gc,heap        ] GC(374) Humongous regions: 33->33
[4036.734s][info][gc,metaspace   ] GC(374) Metaspace: 29965K(30144K)->29965K(30144K) NonClass: 29965K(30144K)->29965K(30144K) Class: 0K(0K)->0K(0K)
[4036.734s][info][gc             ] GC(374) Pause Young (Normal) (G1 Evacuation Pause) 9351M->4579M(10240M) 150.646ms
[4036.734s][info][gc,cpu         ] GC(374) User=1.19s Sys=0.00s Real=0.15s
......[4042.659s][info][gc,start       ] GC(375) Pause Young (Normal) (G1 Evacuation Pause)
[4042.659s][info][gc,task        ] GC(375) Using 8 workers of 8 for evacuation
[4042.809s][info][gc,phases      ] GC(375)   Pre Evacuate Collection Set: 0.33ms
[4042.809s][info][gc,phases      ] GC(375)   Merge Heap Roots: 0.61ms
[4042.809s][info][gc,phases      ] GC(375)   Evacuate Collection Set: 147.90ms
[4042.809s][info][gc,phases      ] GC(375)   Post Evacuate Collection Set: 1.15ms
[4042.809s][info][gc,phases      ] GC(375)   Other: 0.06ms
[4042.809s][info][gc,heap        ] GC(375) Eden regions: 597->0(590)
[4042.809s][info][gc,heap        ] GC(375) Survivor regions: 44->44(81)
[4042.809s][info][gc,heap        ] GC(375) Old regions: 498->505
[4042.809s][info][gc,heap        ] GC(375) Humongous regions: 33->33
[4042.809s][info][gc,metaspace   ] GC(375) Metaspace: 29965K(30144K)->29965K(30144K) NonClass: 29965K(30144K)->29965K(30144K) Class: 0K(0K)->0K(0K)
[4042.809s][info][gc             ] GC(375) Pause Young (Normal) (G1 Evacuation Pause) 9355M->4631M(10240M) 150.197ms
[4042.809s][info][gc,cpu         ] GC(375) User=1.18s Sys=0.00s Real=0.15s
......[4048.622s][info][gc,start       ] GC(376) Pause Young (Normal) (G1 Evacuation Pause)
[4048.622s][info][gc,task        ] GC(376) Using 8 workers of 8 for evacuation
[4048.770s][info][gc,phases      ] GC(376)   Pre Evacuate Collection Set: 0.30ms
[4048.770s][info][gc,phases      ] GC(376)   Merge Heap Roots: 0.55ms
[4048.770s][info][gc,phases      ] GC(376)   Evacuate Collection Set: 146.60ms
[4048.770s][info][gc,phases      ] GC(376)   Post Evacuate Collection Set: 1.16ms
[4048.770s][info][gc,phases      ] GC(376)   Other: 0.07ms
[4048.770s][info][gc,heap        ] GC(376) Eden regions: 590->0(584)
[4048.770s][info][gc,heap        ] GC(376) Survivor regions: 44->43(80)
[4048.770s][info][gc,heap        ] GC(376) Old regions: 505->513
[4048.770s][info][gc,heap        ] GC(376) Humongous regions: 33->33
[4048.770s][info][gc,metaspace   ] GC(376) Metaspace: 29965K(30144K)->29965K(30144K) NonClass: 29965K(30144K)->29965K(30144K) Class: 0K(0K)->0K(0K)
[4048.770s][info][gc             ] GC(376) Pause Young (Normal) (G1 Evacuation Pause) 9351M->4685M(10240M) 148.823ms
[4048.770s][info][gc,cpu         ] GC(376) User=1.17s Sys=0.00s Real=0.15s
......[4054.575s][info][gc,start       ] GC(377) Pause Young (Normal) (G1 Evacuation Pause)
[4054.575s][info][gc,task        ] GC(377) Using 8 workers of 8 for evacuation
[4054.725s][info][gc,phases      ] GC(377)   Pre Evacuate Collection Set: 0.27ms
[4054.725s][info][gc,phases      ] GC(377)   Merge Heap Roots: 0.57ms
[4054.725s][info][gc,phases      ] GC(377)   Evacuate Collection Set: 148.25ms
[4054.725s][info][gc,phases      ] GC(377)   Post Evacuate Collection Set: 1.11ms
[4054.725s][info][gc,phases      ] GC(377)   Other: 0.06ms
[4054.725s][info][gc,heap        ] GC(377) Eden regions: 584->0(576)
[4054.725s][info][gc,heap        ] GC(377) Survivor regions: 43->44(79)
[4054.725s][info][gc,heap        ] GC(377) Old regions: 513->519
[4054.725s][info][gc,heap        ] GC(377) Humongous regions: 33->33
[4054.725s][info][gc,metaspace   ] GC(377) Metaspace: 29965K(30144K)->29965K(30144K) NonClass: 29965K(30144K)->29965K(30144K) Class: 0K(0K)->0K(0K)
[4054.725s][info][gc             ] GC(377) Pause Young (Normal) (G1 Evacuation Pause) 9357M->4743M(10240M) 150.392ms
[4054.725s][info][gc,cpu         ] GC(377) User=1.18s Sys=0.00s Real=0.15s
......[4060.411s][info][gc,start       ] GC(378) Pause Young (Normal) (G1 Evacuation Pause)
[4060.411s][info][gc,task        ] GC(378) Using 8 workers of 8 for evacuation
[4060.560s][info][gc,phases      ] GC(378)   Pre Evacuate Collection Set: 0.30ms
[4060.560s][info][gc,phases      ] GC(378)   Merge Heap Roots: 0.53ms
[4060.560s][info][gc,phases      ] GC(378)   Evacuate Collection Set: 146.74ms
[4060.560s][info][gc,phases      ] GC(378)   Post Evacuate Collection Set: 1.09ms
[4060.560s][info][gc,phases      ] GC(378)   Other: 0.07ms
[4060.560s][info][gc,heap        ] GC(378) Eden regions: 576->0(569)
[4060.560s][info][gc,heap        ] GC(378) Survivor regions: 44->44(78)
[4060.560s][info][gc,heap        ] GC(378) Old regions: 519->526
[4060.560s][info][gc,heap        ] GC(378) Humongous regions: 33->33
[4060.560s][info][gc,metaspace   ] GC(378) Metaspace: 29965K(30144K)->29965K(30144K) NonClass: 29965K(30144K)->29965K(30144K) Class: 0K(0K)->0K(0K)
[4060.560s][info][gc             ] GC(378) Pause Young (Normal) (G1 Evacuation Pause) 9351M->4799M(10240M) 148.873ms
[4060.560s][info][gc,cpu         ] GC(378) User=1.17s Sys=0.00s Real=0.15s
.....[4066.227s][info][gc,start       ] GC(379) Pause Young (Normal) (G1 Evacuation Pause)
[4066.227s][info][gc,task        ] GC(379) Using 8 workers of 8 for evacuation
[4066.373s][info][gc,phases      ] GC(379)   Pre Evacuate Collection Set: 0.28ms
[4066.373s][info][gc,phases      ] GC(379)   Merge Heap Roots: 0.54ms
[4066.373s][info][gc,phases      ] GC(379)   Evacuate Collection Set: 144.17ms
[4066.373s][info][gc,phases      ] GC(379)   Post Evacuate Collection Set: 1.10ms
[4066.373s][info][gc,phases      ] GC(379)   Other: 0.06ms
[4066.373s][info][gc,heap        ] GC(379) Eden regions: 569->0(564)
[4066.373s][info][gc,heap        ] GC(379) Survivor regions: 44->43(77)
[4066.373s][info][gc,heap        ] GC(379) Old regions: 526->533
[4066.373s][info][gc,heap        ] GC(379) Humongous regions: 33->33
[4066.373s][info][gc,metaspace   ] GC(379) Metaspace: 29965K(30144K)->29965K(30144K) NonClass: 29965K(30144K)->29965K(30144K) Class: 0K(0K)->0K(0K)
[4066.373s][info][gc             ] GC(379) Pause Young (Normal) (G1 Evacuation Pause) 9351M->4851M(10240M) 146.341ms
[4066.373s][info][gc,cpu         ] GC(379) User=1.15s Sys=0.00s Real=0.14s
......[4071.906s][info][gc,start       ] GC(380) Pause Young (Normal) (G1 Evacuation Pause)
[4071.906s][info][gc,task        ] GC(380) Using 8 workers of 8 for evacuation
[4072.053s][info][gc,phases      ] GC(380)   Pre Evacuate Collection Set: 0.28ms
[4072.053s][info][gc,phases      ] GC(380)   Merge Heap Roots: 0.53ms
[4072.053s][info][gc,phases      ] GC(380)   Evacuate Collection Set: 145.30ms
[4072.053s][info][gc,phases      ] GC(380)   Post Evacuate Collection Set: 1.09ms
[4072.053s][info][gc,phases      ] GC(380)   Other: 0.06ms
[4072.053s][info][gc,heap        ] GC(380) Eden regions: 564->0(557)
[4072.053s][info][gc,heap        ] GC(380) Survivor regions: 43->43(76)
[4072.053s][info][gc,heap        ] GC(380) Old regions: 533->540
[4072.053s][info][gc,heap        ] GC(380) Humongous regions: 33->33
[4072.053s][info][gc,metaspace   ] GC(380) Metaspace: 29965K(30144K)->29965K(30144K) NonClass: 29965K(30144K)->29965K(30144K) Class: 0K(0K)->0K(0K)
[4072.053s][info][gc             ] GC(380) Pause Young (Normal) (G1 Evacuation Pause) 9363M->4907M(10240M) 147.406ms
[4072.053s][info][gc,cpu         ] GC(380) User=1.16s Sys=0.01s Real=0.14s
......[4077.561s][info][gc,start       ] GC(381) Pause Young (Normal) (G1 Evacuation Pause)
[4077.561s][info][gc,task        ] GC(381) Using 8 workers of 8 for evacuation
[4077.709s][info][gc,phases      ] GC(381)   Pre Evacuate Collection Set: 0.30ms
[4077.709s][info][gc,phases      ] GC(381)   Merge Heap Roots: 0.53ms
[4077.709s][info][gc,phases      ] GC(381)   Evacuate Collection Set: 146.39ms
[4077.709s][info][gc,phases      ] GC(381)   Post Evacuate Collection Set: 1.09ms
[4077.709s][info][gc,phases      ] GC(381)   Other: 0.06ms
[4077.709s][info][gc,heap        ] GC(381) Eden regions: 557->0(549)
[4077.709s][info][gc,heap        ] GC(381) Survivor regions: 43->43(75)
[4077.709s][info][gc,heap        ] GC(381) Old regions: 540->548
[4077.709s][info][gc,heap        ] GC(381) Humongous regions: 33->33
[4077.709s][info][gc,metaspace   ] GC(381) Metaspace: 29965K(30144K)->29965K(30144K) NonClass: 29965K(30144K)->29965K(30144K) Class: 0K(0K)->0K(0K)
[4077.709s][info][gc             ] GC(381) Pause Young (Normal) (G1 Evacuation Pause) 9363M->4966M(10240M) 148.521ms
[4077.709s][info][gc,cpu         ] GC(381) User=1.17s Sys=0.00s Real=0.15s
.....[4083.140s][info][gc,start       ] GC(382) Pause Young (Concurrent Start) (G1 Evacuation Pause)
[4083.140s][info][gc,task        ] GC(382) Using 8 workers of 8 for evacuation
[4083.289s][info][gc,phases      ] GC(382)   Pre Evacuate Collection Set: 0.31ms
[4083.289s][info][gc,phases      ] GC(382)   Merge Heap Roots: 0.52ms
[4083.289s][info][gc,phases      ] GC(382)   Evacuate Collection Set: 147.31ms
[4083.289s][info][gc,phases      ] GC(382)   Post Evacuate Collection Set: 1.08ms
[4083.289s][info][gc,phases      ] GC(382)   Other: 0.08ms
[4083.289s][info][gc,heap        ] GC(382) Eden regions: 549->0(541)
[4083.289s][info][gc,heap        ] GC(382) Survivor regions: 43->43(74)
[4083.289s][info][gc,heap        ] GC(382) Old regions: 548->556
[4083.289s][info][gc,heap        ] GC(382) Humongous regions: 33->33
[4083.289s][info][gc,metaspace   ] GC(382) Metaspace: 29965K(30144K)->29965K(30144K) NonClass: 29965K(30144K)->29965K(30144K) Class: 0K(0K)->0K(0K)
[4083.289s][info][gc             ] GC(382) Pause Young (Concurrent Start) (G1 Evacuation Pause) 9358M->5029M(10240M) 149.426ms
[4083.289s][info][gc             ] GC(383) Concurrent Mark Cycle
[4083.289s][info][gc,cpu         ] GC(382) User=1.17s Sys=0.00s Real=0.15s
[4083.289s][info][gc,marking     ] GC(383) Concurrent Scan Root Regions
.[4083.546s][info][gc,marking     ] GC(383) Concurrent Scan Root Regions 256.713ms
[4083.546s][info][gc,marking     ] GC(383) Concurrent Mark
[4083.546s][info][gc,marking     ] GC(383) Concurrent Mark From Roots
[4083.546s][info][gc,task        ] GC(383) Using 2 workers of 2 for marking
[4084.375s][info][gc,marking     ] GC(383) Concurrent Mark From Roots 828.272ms
[4084.375s][info][gc,marking     ] GC(383) Concurrent Preclean
[4084.375s][info][gc,marking     ] GC(383) Concurrent Preclean 0.431ms
[4084.375s][info][gc,start       ] GC(383) Pause Remark
[4084.378s][info][gc             ] GC(383) Pause Remark 6029M->5109M(10240M) 3.326ms
[4084.379s][info][gc,cpu         ] GC(383) User=0.02s Sys=0.00s Real=0.01s
[4084.379s][info][gc,marking     ] GC(383) Concurrent Mark 832.368ms
[4084.379s][info][gc,marking     ] GC(383) Concurrent Rebuild Remembered Sets and Scrub Regions
.[4084.804s][info][gc,marking     ] GC(383) Concurrent Rebuild Remembered Sets and Scrub Regions 425.239ms
[4084.804s][info][gc,start       ] GC(383) Pause Cleanup
[4084.804s][info][gc             ] GC(383) Pause Cleanup 5433M->5433M(10240M) 0.381ms
[4084.804s][info][gc,cpu         ] GC(383) User=0.00s Sys=0.00s Real=0.00s
[4084.805s][info][gc,marking     ] GC(383) Concurrent Clear Claimed Marks
[4084.805s][info][gc,marking     ] GC(383) Concurrent Clear Claimed Marks 0.043ms
[4084.805s][info][gc,marking     ] GC(383) Concurrent Cleanup for Next Mark
[4084.814s][info][gc,marking     ] GC(383) Concurrent Cleanup for Next Mark 9.197ms
[4084.814s][info][gc             ] GC(383) Concurrent Mark Cycle 1524.400ms
....[4088.614s][info][gc,start       ] GC(384) Pause Young (Prepare Mixed) (G1 Evacuation Pause)
[4088.614s][info][gc,task        ] GC(384) Using 8 workers of 8 for evacuation
[4088.761s][info][gc,phases      ] GC(384)   Pre Evacuate Collection Set: 0.29ms
[4088.761s][info][gc,phases      ] GC(384)   Merge Heap Roots: 0.77ms
[4088.761s][info][gc,phases      ] GC(384)   Evacuate Collection Set: 144.09ms
[4088.761s][info][gc,phases      ] GC(384)   Post Evacuate Collection Set: 1.16ms
[4088.761s][info][gc,phases      ] GC(384)   Other: 0.08ms
[4088.761s][info][gc,heap        ] GC(384) Eden regions: 541->0(650)
[4088.761s][info][gc,heap        ] GC(384) Survivor regions: 43->42(73)
[4088.761s][info][gc,heap        ] GC(384) Old regions: 441->449
[4088.761s][info][gc,heap        ] GC(384) Humongous regions: 33->33
[4088.761s][info][gc,metaspace   ] GC(384) Metaspace: 29965K(30144K)->29965K(30144K) NonClass: 29965K(30144K)->29965K(30144K) Class: 0K(0K)->0K(0K)
[4088.761s][info][gc             ] GC(384) Pause Young (Prepare Mixed) (G1 Evacuation Pause) 8437M->4165M(10240M) 146.540ms
[4088.761s][info][gc,cpu         ] GC(384) User=1.16s Sys=0.00s Real=0.15s
......[4095.235s][info][gc,start       ] GC(385) Pause Young (Mixed) (G1 Evacuation Pause)
[4095.235s][info][gc,task        ] GC(385) Using 8 workers of 8 for evacuation
[4095.386s][info][gc,phases      ] GC(385)   Pre Evacuate Collection Set: 0.33ms
[4095.386s][info][gc,phases      ] GC(385)   Merge Heap Roots: 0.75ms
[4095.386s][info][gc,phases      ] GC(385)   Evacuate Collection Set: 147.91ms
[4095.386s][info][gc,phases      ] GC(385)   Post Evacuate Collection Set: 1.50ms
[4095.386s][info][gc,phases      ] GC(385)   Other: 0.08ms
[4095.386s][info][gc,heap        ] GC(385) Eden regions: 650->0(706)
[4095.386s][info][gc,heap        ] GC(385) Survivor regions: 42->49(87)
[4095.386s][info][gc,heap        ] GC(385) Old regions: 449->322
[4095.386s][info][gc,heap        ] GC(385) Humongous regions: 33->33
[4095.386s][info][gc,metaspace   ] GC(385) Metaspace: 29965K(30144K)->29965K(30144K) NonClass: 29965K(30144K)->29965K(30144K) Class: 0K(0K)->0K(0K)
[4095.386s][info][gc             ] GC(385) Pause Young (Mixed) (G1 Evacuation Pause) 9365M->3207M(10240M) 150.701ms
[4095.386s][info][gc,cpu         ] GC(385) User=1.19s Sys=0.00s Real=0.16s
. (rIR:aIR:PR = 6642:6629:6629) (tPR = 98224) [OK] 
  4095s: Performance info:
         Transaction,    Success,    Partial,     Failed,   Receipts, AvgBarcode, 
             Overall,     398156,          0,          0,     378248,      59.48, 
         Response times:
             Request,    Success,    Partial,     Failed,   SkipFail,     Probes,    Samples,      min,      p50,      p90,      p95,      p99,      max, 
       TotalPurchase,     378245,          0,          0,          0,     357722,     383777,      400,     4500,     8300,    11300,    54000,   379000,
     InStorePurchase,     199297,          0,          0,          0,     188534,     202023,      400,     4500,     8200,    11300,    55000,   379000,
      OnlinePurchase,     139212,          0,          0,          0,     131690,     141120,      400,     4400,     8300,    11100,    52000,   379000,
        InstPurchase,      39736,          0,          0,          0,      37498,      40634,      500,     4800,     8500,    12300,    55000,   293000,
          AssocOfCat,        396,          0,          0,          0,        324,        429,    29000,    38000,    54000,    86000,   177300,   207000,
      AssocOfProduct,       3985,          0,          0,          0,       3718,       4223,      800,     4400,     8300,    11680,    50520,   200000,
      BusinessReport,        993,          0,          0,          0,        894,       1084,    31000,    42000,    58000,    79000,   139650,   241000,
          CustBuyBeh,       3982,          0,          0,          0,       3757,       4300,      300,     3600,     8000,    11695,    50990,   284000,
       ProductReturn,      10549,          0,          0,          0,      10076,      11016,      300,     4800,     8300,    11515,    55000,   226000,

  4095s: (49%)   IR =   6780 ....|..[4102.161s][info][gc,start       ] GC(386) Pause Young (Mixed) (G1 Evacuation Pause)
[4102.161s][info][gc,task        ] GC(386) Using 8 workers of 8 for evacuation
[4102.325s][info][gc,phases      ] GC(386)   Pre Evacuate Collection Set: 0.30ms
[4102.325s][info][gc,phases      ] GC(386)   Merge Heap Roots: 0.70ms
[4102.325s][info][gc,phases      ] GC(386)   Evacuate Collection Set: 161.79ms
[4102.325s][info][gc,phases      ] GC(386)   Post Evacuate Collection Set: 1.44ms
[4102.325s][info][gc,phases      ] GC(386)   Other: 0.08ms
[4102.325s][info][gc,heap        ] GC(386) Eden regions: 695->0(713)
[4102.325s][info][gc,heap        ] GC(386) Survivor regions: 49->50(93)
[4102.325s][info][gc,heap        ] GC(386) Old regions: 322->286
[4102.325s][info][gc,heap        ] GC(386) Humongous regions: 33->33
[4102.325s][info][gc,metaspace   ] GC(386) Metaspace: 29965K(30144K)->29965K(30144K) NonClass: 29965K(30144K)->29965K(30144K) Class: 0K(0K)->0K(0K)
[4102.325s][info][gc             ] GC(386) Pause Young (Mixed) (G1 Evacuation Pause) 8767M->2929M(10240M) 164.474ms
[4102.325s][info][gc,cpu         ] GC(386) User=1.29s Sys=0.00s Real=0.16s
.......[4109.200s][info][gc,start       ] GC(387) Pause Young (Mixed) (G1 Evacuation Pause)
[4109.200s][info][gc,task        ] GC(387) Using 8 workers of 8 for evacuation
[4109.365s][info][gc,phases      ] GC(387)   Pre Evacuate Collection Set: 0.32ms
[4109.365s][info][gc,phases      ] GC(387)   Merge Heap Roots: 0.69ms
[4109.365s][info][gc,phases      ] GC(387)   Evacuate Collection Set: 162.66ms
[4109.365s][info][gc,phases      ] GC(387)   Post Evacuate Collection Set: 1.48ms
[4109.365s][info][gc,phases      ] GC(387)   Other: 0.08ms
[4109.365s][info][gc,heap        ] GC(387) Eden regions: 707->0(716)
[4109.365s][info][gc,heap        ] GC(387) Survivor regions: 50->51(95)
[4109.365s][info][gc,heap        ] GC(387) Old regions: 286->250
[4109.365s][info][gc,heap        ] GC(387) Humongous regions: 33->33
[4109.365s][info][gc,metaspace   ] GC(387) Metaspace: 29965K(30144K)->29965K(30144K) NonClass: 29965K(30144K)->29965K(30144K) Class: 0K(0K)->0K(0K)
[4109.365s][info][gc             ] GC(387) Pause Young (Mixed) (G1 Evacuation Pause) 8585M->2644M(10240M) 165.371ms
[4109.365s][info][gc,cpu         ] GC(387) User=1.30s Sys=0.00s Real=0.16s
.......[4116.335s][info][gc,start       ] GC(388) Pause Young (Mixed) (G1 Evacuation Pause)
[4116.335s][info][gc,task        ] GC(388) Using 8 workers of 8 for evacuation
[4116.501s][info][gc,phases      ] GC(388)   Pre Evacuate Collection Set: 0.34ms
[4116.501s][info][gc,phases      ] GC(388)   Merge Heap Roots: 0.90ms
[4116.501s][info][gc,phases      ] GC(388)   Evacuate Collection Set: 163.16ms
[4116.501s][info][gc,phases      ] GC(388)   Post Evacuate Collection Set: 1.42ms
[4116.501s][info][gc,phases      ] GC(388)   Other: 0.09ms
[4116.501s][info][gc,heap        ] GC(388) Eden regions: 715->0(716)
[4116.501s][info][gc,heap        ] GC(388) Survivor regions: 51->52(96)
[4116.501s][info][gc,heap        ] GC(388) Old regions: 250->213
[4116.501s][info][gc,heap        ] GC(388) Humongous regions: 33->33
[4116.501s][info][gc,metaspace   ] GC(388) Metaspace: 29965K(30144K)->29965K(30144K) NonClass: 29965K(30144K)->29965K(30144K) Class: 0K(0K)->0K(0K)
[4116.501s][info][gc             ] GC(388) Pause Young (Mixed) (G1 Evacuation Pause) 8364M->2358M(10240M) 166.044ms
[4116.501s][info][gc,cpu         ] GC(388) User=1.30s Sys=0.00s Real=0.17s
.......[4123.414s][info][gc,start       ] GC(389) Pause Young (Mixed) (G1 Evacuation Pause)
[4123.414s][info][gc,task        ] GC(389) Using 8 workers of 8 for evacuation
[4123.580s][info][gc,phases      ] GC(389)   Pre Evacuate Collection Set: 0.33ms
[4123.580s][info][gc,phases      ] GC(389)   Merge Heap Roots: 0.74ms
[4123.580s][info][gc,phases      ] GC(389)   Evacuate Collection Set: 162.21ms
[4123.580s][info][gc,phases      ] GC(389)   Merge Optional Heap Roots: 0.09ms
[4123.580s][info][gc,phases      ] GC(389)   Evacuate Optional Collection Set: 0.75ms
[4123.580s][info][gc,phases      ] GC(389)   Post Evacuate Collection Set: 1.51ms
[4123.580s][info][gc,phases      ] GC(389)   Other: 0.08ms
[4123.580s][info][gc,heap        ] GC(389) Eden regions: 716->0(717)
[4123.580s][info][gc,heap        ] GC(389) Survivor regions: 52->51(96)
[4123.580s][info][gc,heap        ] GC(389) Old regions: 213->174
[4123.580s][info][gc,heap        ] GC(389) Humongous regions: 33->33
[4123.580s][info][gc,metaspace   ] GC(389) Metaspace: 29965K(30144K)->29965K(30144K) NonClass: 29965K(30144K)->29965K(30144K) Class: 0K(0K)->0K(0K)
[4123.580s][info][gc             ] GC(389) Pause Young (Mixed) (G1 Evacuation Pause) 8086M->2042M(10240M) 165.875ms
[4123.580s][info][gc,cpu         ] GC(389) User=1.30s Sys=0.00s Real=0.17s
........[4130.614s][info][gc,start       ] GC(390) Pause Young (Mixed) (G1 Evacuation Pause)
[4130.614s][info][gc,task        ] GC(390) Using 8 workers of 8 for evacuation
[4130.780s][info][gc,phases      ] GC(390)   Pre Evacuate Collection Set: 0.33ms
[4130.780s][info][gc,phases      ] GC(390)   Merge Heap Roots: 0.73ms
[4130.780s][info][gc,phases      ] GC(390)   Evacuate Collection Set: 163.21ms
[4130.780s][info][gc,phases      ] GC(390)   Post Evacuate Collection Set: 1.30ms
[4130.780s][info][gc,phases      ] GC(390)   Other: 0.08ms
[4130.780s][info][gc,heap        ] GC(390) Eden regions: 717->0(716)
[4130.780s][info][gc,heap        ] GC(390) Survivor regions: 51->52(96)
[4130.780s][info][gc,heap        ] GC(390) Old regions: 174->156
[4130.780s][info][gc,heap        ] GC(390) Humongous regions: 33->33
[4130.780s][info][gc,metaspace   ] GC(390) Metaspace: 29965K(30144K)->29965K(30144K) NonClass: 29965K(30144K)->29965K(30144K) Class: 0K(0K)->0K(0K)
[4130.780s][info][gc             ] GC(390) Pause Young (Mixed) (G1 Evacuation Pause) 7778M->1906M(10240M) 165.777ms
[4130.780s][info][gc,cpu         ] GC(390) User=1.31s Sys=0.00s Real=0.17s
.......[4137.674s][info][gc,start       ] GC(391) Pause Young (Normal) (G1 Evacuation Pause)
[4137.674s][info][gc,task        ] GC(391) Using 8 workers of 8 for evacuation
[4137.835s][info][gc,phases      ] GC(391)   Pre Evacuate Collection Set: 0.30ms
[4137.835s][info][gc,phases      ] GC(391)   Merge Heap Roots: 0.56ms
[4137.835s][info][gc,phases      ] GC(391)   Evacuate Collection Set: 159.50ms
[4137.835s][info][gc,phases      ] GC(391)   Post Evacuate Collection Set: 1.29ms
[4137.835s][info][gc,phases      ] GC(391)   Other: 0.06ms
[4137.835s][info][gc,heap        ] GC(391) Eden regions: 716->0(716)
[4137.835s][info][gc,heap        ] GC(391) Survivor regions: 52->52(96)
[4137.835s][info][gc,heap        ] GC(391) Old regions: 156->159
[4137.835s][info][gc,heap        ] GC(391) Humongous regions: 33->33
[4137.835s][info][gc,metaspace   ] GC(391) Metaspace: 29965K(30144K)->29965K(30144K) NonClass: 29965K(30144K)->29965K(30144K) Class: 0K(0K)->0K(0K)
[4137.835s][info][gc             ] GC(391) Pause Young (Normal) (G1 Evacuation Pause) 7634M->1922M(10240M) 161.857ms
[4137.835s][info][gc,cpu         ] GC(391) User=1.27s Sys=0.01s Real=0.16s
.......[4144.787s][info][gc,start       ] GC(392) Pause Young (Normal) (G1 Evacuation Pause)
[4144.787s][info][gc,task        ] GC(392) Using 8 workers of 8 for evacuation
[4144.952s][info][gc,phases      ] GC(392)   Pre Evacuate Collection Set: 0.29ms
[4144.952s][info][gc,phases      ] GC(392)   Merge Heap Roots: 0.57ms
[4144.952s][info][gc,phases      ] GC(392)   Evacuate Collection Set: 162.61ms
[4144.952s][info][gc,phases      ] GC(392)   Post Evacuate Collection Set: 1.29ms
[4144.952s][info][gc,phases      ] GC(392)   Other: 0.06ms
[4144.952s][info][gc,heap        ] GC(392) Eden regions: 716->0(715)
[4144.952s][info][gc,heap        ] GC(392) Survivor regions: 52->53(96)
[4144.952s][info][gc,heap        ] GC(392) Old regions: 159->161
[4144.952s][info][gc,heap        ] GC(392) Humongous regions: 33->33
[4144.952s][info][gc,metaspace   ] GC(392) Metaspace: 29965K(30144K)->29965K(30144K) NonClass: 29965K(30144K)->29965K(30144K) Class: 0K(0K)->0K(0K)
[4144.952s][info][gc             ] GC(392) Pause Young (Normal) (G1 Evacuation Pause) 7650M->1949M(10240M) 164.944ms
[4144.952s][info][gc,cpu         ] GC(392) User=1.30s Sys=0.00s Real=0.16s
.......[4151.884s][info][gc,start       ] GC(393) Pause Young (Normal) (G1 Evacuation Pause)
[4151.884s][info][gc,task        ] GC(393) Using 8 workers of 8 for evacuation
[4152.046s][info][gc,phases      ] GC(393)   Pre Evacuate Collection Set: 0.33ms
[4152.046s][info][gc,phases      ] GC(393)   Merge Heap Roots: 0.55ms
[4152.046s][info][gc,phases      ] GC(393)   Evacuate Collection Set: 159.33ms
[4152.046s][info][gc,phases      ] GC(393)   Post Evacuate Collection Set: 1.30ms
[4152.046s][info][gc,phases      ] GC(393)   Other: 0.07ms
[4152.046s][info][gc,heap        ] GC(393) Eden regions: 715->0(716)
[4152.046s][info][gc,heap        ] GC(393) Survivor regions: 53->52(96)
[4152.046s][info][gc,heap        ] GC(393) Old regions: 161->164
[4152.046s][info][gc,heap        ] GC(393) Humongous regions: 33->33
[4152.046s][info][gc,metaspace   ] GC(393) Metaspace: 29965K(30144K)->29965K(30144K) NonClass: 29965K(30144K)->29965K(30144K) Class: 0K(0K)->0K(0K)
[4152.046s][info][gc             ] GC(393) Pause Young (Normal) (G1 Evacuation Pause) 7669M->1961M(10240M) 161.734ms
[4152.046s][info][gc,cpu         ] GC(393) User=1.27s Sys=0.00s Real=0.17s
.......[4159.057s][info][gc,start       ] GC(394) Pause Young (Normal) (G1 Evacuation Pause)
[4159.057s][info][gc,task        ] GC(394) Using 8 workers of 8 for evacuation
[4159.220s][info][gc,phases      ] GC(394)   Pre Evacuate Collection Set: 0.29ms
[4159.220s][info][gc,phases      ] GC(394)   Merge Heap Roots: 0.55ms
[4159.220s][info][gc,phases      ] GC(394)   Evacuate Collection Set: 160.85ms
[4159.220s][info][gc,phases      ] GC(394)   Post Evacuate Collection Set: 1.27ms
[4159.220s][info][gc,phases      ] GC(394)   Other: 0.07ms
[4159.220s][info][gc,heap        ] GC(394) Eden regions: 716->0(716)
[4159.220s][info][gc,heap        ] GC(394) Survivor regions: 52->52(96)
[4159.220s][info][gc,heap        ] GC(394) Old regions: 164->166
[4159.220s][info][gc,heap        ] GC(394) Humongous regions: 33->33
[4159.220s][info][gc,metaspace   ] GC(394) Metaspace: 29965K(30144K)->29965K(30144K) NonClass: 29965K(30144K)->29965K(30144K) Class: 0K(0K)->0K(0K)
[4159.220s][info][gc             ] GC(394) Pause Young (Normal) (G1 Evacuation Pause) 7689M->1981M(10240M) 163.161ms
[4159.220s][info][gc,cpu         ] GC(394) User=1.28s Sys=0.00s Real=0.16s
. (rIR:aIR:PR = 6780:6783:6783) (tPR = 100803) [OK] 
  4159s: Performance info:
         Transaction,    Success,    Partial,     Failed,   Receipts, AvgBarcode, 
             Overall,     407334,          0,          0,     386945,      59.47, 
         Response times:
             Request,    Success,    Partial,     Failed,   SkipFail,     Probes,    Samples,      min,      p50,      p90,      p95,      p99,      max, 
       TotalPurchase,     386945,          0,          0,          0,     360420,     387176,      400,     4700,     8500,    11100,    64000,   438000,
     InStorePurchase,     203844,          0,          0,          0,     189284,     202817,      400,     4700,     8500,    11100,    65000,   435000,
      OnlinePurchase,     142443,          0,          0,          0,     132709,     142735,      400,     4600,     8500,    11100,    63000,   438000,
        InstPurchase,      40658,          0,          0,          0,      38427,      41624,      500,     4700,     8500,    10900,    60000,   296000,
          AssocOfCat,        407,          0,          0,          0,        333,        439,    29000,    37000,    51000,    56000,   106600,   147000,
      AssocOfProduct,       4076,          0,          0,          0,       3789,       4289,      800,     4900,     8300,    10900,    61000,   177000,
      BusinessReport,       1018,          0,          0,          0,        886,       1068,    30000,    41000,    57000,    67550,   148480,   224000,
          CustBuyBeh,       4085,          0,          0,          0,       3798,       4282,      200,     3600,     8400,    10600,    56000,   174000,
       ProductReturn,      10803,          0,          0,          0,      10256,      11257,      200,     4800,     8200,    10800,    63000,   270000,

  4159s: (50%)   IR =   6918 ....|..[4166.052s][info][gc,start       ] GC(395) Pause Young (Normal) (G1 Evacuation Pause)
[4166.052s][info][gc,task        ] GC(395) Using 8 workers of 8 for evacuation
[4166.214s][info][gc,phases      ] GC(395)   Pre Evacuate Collection Set: 0.31ms
[4166.214s][info][gc,phases      ] GC(395)   Merge Heap Roots: 0.55ms
[4166.214s][info][gc,phases      ] GC(395)   Evacuate Collection Set: 159.62ms
[4166.214s][info][gc,phases      ] GC(395)   Post Evacuate Collection Set: 1.25ms
[4166.214s][info][gc,phases      ] GC(395)   Other: 0.06ms
[4166.214s][info][gc,heap        ] GC(395) Eden regions: 716->0(717)
[4166.214s][info][gc,heap        ] GC(395) Survivor regions: 52->51(96)
[4166.214s][info][gc,heap        ] GC(395) Old regions: 166->169
[4166.214s][info][gc,heap        ] GC(395) Humongous regions: 33->33
[4166.214s][info][gc,metaspace   ] GC(395) Metaspace: 29965K(30144K)->29965K(30144K) NonClass: 29965K(30144K)->29965K(30144K) Class: 0K(0K)->0K(0K)
[4166.214s][info][gc             ] GC(395) Pause Young (Normal) (G1 Evacuation Pause) 7709M->1996M(10240M) 161.953ms
[4166.214s][info][gc,cpu         ] GC(395) User=1.28s Sys=0.00s Real=0.16s
.......[4173.005s][info][gc,start       ] GC(396) Pause Young (Normal) (G1 Evacuation Pause)
[4173.005s][info][gc,task        ] GC(396) Using 8 workers of 8 for evacuation
[4173.166s][info][gc,phases      ] GC(396)   Pre Evacuate Collection Set: 0.30ms
[4173.166s][info][gc,phases      ] GC(396)   Merge Heap Roots: 0.55ms
[4173.166s][info][gc,phases      ] GC(396)   Evacuate Collection Set: 158.41ms
[4173.166s][info][gc,phases      ] GC(396)   Post Evacuate Collection Set: 1.29ms
[4173.166s][info][gc,phases      ] GC(396)   Other: 0.06ms
[4173.166s][info][gc,heap        ] GC(396) Eden regions: 717->0(717)
[4173.166s][info][gc,heap        ] GC(396) Survivor regions: 51->51(96)
[4173.166s][info][gc,heap        ] GC(396) Old regions: 169->171
[4173.166s][info][gc,heap        ] GC(396) Humongous regions: 33->33
[4173.166s][info][gc,metaspace   ] GC(396) Metaspace: 29965K(30144K)->29965K(30144K) NonClass: 29965K(30144K)->29965K(30144K) Class: 0K(0K)->0K(0K)
[4173.166s][info][gc             ] GC(396) Pause Young (Normal) (G1 Evacuation Pause) 7732M->2011M(10240M) 160.755ms
[4173.166s][info][gc,cpu         ] GC(396) User=1.27s Sys=0.00s Real=0.17s
.......[4179.988s][info][gc,start       ] GC(397) Pause Young (Normal) (G1 Evacuation Pause)
[4179.988s][info][gc,task        ] GC(397) Using 8 workers of 8 for evacuation
[4180.152s][info][gc,phases      ] GC(397)   Pre Evacuate Collection Set: 0.29ms
[4180.152s][info][gc,phases      ] GC(397)   Merge Heap Roots: 0.64ms
[4180.152s][info][gc,phases      ] GC(397)   Evacuate Collection Set: 161.92ms
[4180.152s][info][gc,phases      ] GC(397)   Post Evacuate Collection Set: 1.32ms
[4180.152s][info][gc,phases      ] GC(397)   Other: 0.06ms
[4180.152s][info][gc,heap        ] GC(397) Eden regions: 717->0(716)
[4180.152s][info][gc,heap        ] GC(397) Survivor regions: 51->52(96)
[4180.152s][info][gc,heap        ] GC(397) Old regions: 171->173
[4180.152s][info][gc,heap        ] GC(397) Humongous regions: 33->33
[4180.152s][info][gc,metaspace   ] GC(397) Metaspace: 29965K(30144K)->29965K(30144K) NonClass: 29965K(30144K)->29965K(30144K) Class: 0K(0K)->0K(0K)
[4180.152s][info][gc             ] GC(397) Pause Young (Normal) (G1 Evacuation Pause) 7747M->2039M(10240M) 164.353ms
[4180.152s][info][gc,cpu         ] GC(397) User=1.29s Sys=0.00s Real=0.16s
.......[4186.987s][info][gc,start       ] GC(398) Pause Young (Normal) (G1 Evacuation Pause)
[4186.987s][info][gc,task        ] GC(398) Using 8 workers of 8 for evacuation
[4187.147s][info][gc,phases      ] GC(398)   Pre Evacuate Collection Set: 0.30ms
[4187.147s][info][gc,phases      ] GC(398)   Merge Heap Roots: 0.54ms
[4187.147s][info][gc,phases      ] GC(398)   Evacuate Collection Set: 158.50ms
[4187.147s][info][gc,phases      ] GC(398)   Post Evacuate Collection Set: 1.29ms
[4187.147s][info][gc,phases      ] GC(398)   Other: 0.07ms
[4187.147s][info][gc,heap        ] GC(398) Eden regions: 716->0(717)
[4187.147s][info][gc,heap        ] GC(398) Survivor regions: 52->51(96)
[4187.147s][info][gc,heap        ] GC(398) Old regions: 173->176
[4187.147s][info][gc,heap        ] GC(398) Humongous regions: 33->33
[4187.147s][info][gc,metaspace   ] GC(398) Metaspace: 29965K(30144K)->29965K(30144K) NonClass: 29965K(30144K)->29965K(30144K) Class: 0K(0K)->0K(0K)
[4187.147s][info][gc             ] GC(398) Pause Young (Normal) (G1 Evacuation Pause) 7767M->2054M(10240M) 160.832ms
[4187.147s][info][gc,cpu         ] GC(398) User=1.26s Sys=0.00s Real=0.16s
.......[4193.936s][info][gc,start       ] GC(399) Pause Young (Normal) (G1 Evacuation Pause)
[4193.936s][info][gc,task        ] GC(399) Using 8 workers of 8 for evacuation
[4194.096s][info][gc,phases      ] GC(399)   Pre Evacuate Collection Set: 0.33ms
[4194.096s][info][gc,phases      ] GC(399)   Merge Heap Roots: 0.69ms
[4194.096s][info][gc,phases      ] GC(399)   Evacuate Collection Set: 157.47ms
[4194.096s][info][gc,phases      ] GC(399)   Post Evacuate Collection Set: 1.28ms
[4194.096s][info][gc,phases      ] GC(399)   Other: 0.07ms
[4194.096s][info][gc,heap        ] GC(399) Eden regions: 717->0(718)
[4194.096s][info][gc,heap        ] GC(399) Survivor regions: 51->50(96)
[4194.096s][info][gc,heap        ] GC(399) Old regions: 176->178
[4194.096s][info][gc,heap        ] GC(399) Humongous regions: 33->33
[4194.096s][info][gc,metaspace   ] GC(399) Metaspace: 29965K(30144K)->29965K(30144K) NonClass: 29965K(30144K)->29965K(30144K) Class: 0K(0K)->0K(0K)
[4194.096s][info][gc             ] GC(399) Pause Young (Normal) (G1 Evacuation Pause) 7790M->2065M(10240M) 159.997ms
[4194.096s][info][gc,cpu         ] GC(399) User=1.25s Sys=0.00s Real=0.16s
.......[4200.969s][info][gc,start       ] GC(400) Pause Young (Normal) (G1 Evacuation Pause)
[4200.969s][info][gc,task        ] GC(400) Using 8 workers of 8 for evacuation
[4201.129s][info][gc,phases      ] GC(400)   Pre Evacuate Collection Set: 0.32ms
[4201.129s][info][gc,phases      ] GC(400)   Merge Heap Roots: 0.54ms
[4201.129s][info][gc,phases      ] GC(400)   Evacuate Collection Set: 157.72ms
[4201.129s][info][gc,phases      ] GC(400)   Post Evacuate Collection Set: 1.27ms
[4201.129s][info][gc,phases      ] GC(400)   Other: 0.06ms
[4201.129s][info][gc,heap        ] GC(400) Eden regions: 718->0(716)
[4201.129s][info][gc,heap        ] GC(400) Survivor regions: 50->52(96)
[4201.129s][info][gc,heap        ] GC(400) Old regions: 178->181
[4201.129s][info][gc,heap        ] GC(400) Humongous regions: 33->33
[4201.129s][info][gc,metaspace   ] GC(400) Metaspace: 29965K(30144K)->29965K(30144K) NonClass: 29965K(30144K)->29965K(30144K) Class: 0K(0K)->0K(0K)
[4201.129s][info][gc             ] GC(400) Pause Young (Normal) (G1 Evacuation Pause) 7809M->2096M(10240M) 160.070ms
[4201.129s][info][gc,cpu         ] GC(400) User=1.26s Sys=0.00s Real=0.16s
.......[4207.998s][info][gc,start       ] GC(401) Pause Young (Normal) (G1 Evacuation Pause)
[4207.998s][info][gc,task        ] GC(401) Using 8 workers of 8 for evacuation
[4208.159s][info][gc,phases      ] GC(401)   Pre Evacuate Collection Set: 0.33ms
[4208.159s][info][gc,phases      ] GC(401)   Merge Heap Roots: 0.59ms
[4208.159s][info][gc,phases      ] GC(401)   Evacuate Collection Set: 158.35ms
[4208.159s][info][gc,phases      ] GC(401)   Post Evacuate Collection Set: 1.25ms
[4208.159s][info][gc,phases      ] GC(401)   Other: 0.07ms
[4208.159s][info][gc,heap        ] GC(401) Eden regions: 716->0(717)
[4208.159s][info][gc,heap        ] GC(401) Survivor regions: 52->51(96)
[4208.159s][info][gc,heap        ] GC(401) Old regions: 181->183
[4208.159s][info][gc,heap        ] GC(401) Humongous regions: 33->33
[4208.159s][info][gc,metaspace   ] GC(401) Metaspace: 29965K(30144K)->29965K(30144K) NonClass: 29965K(30144K)->29965K(30144K) Class: 0K(0K)->0K(0K)
[4208.159s][info][gc             ] GC(401) Pause Young (Normal) (G1 Evacuation Pause) 7824M->2107M(10240M) 160.712ms
[4208.159s][info][gc,cpu         ] GC(401) User=1.27s Sys=0.00s Real=0.16s
.......[4214.968s][info][gc,start       ] GC(402) Pause Young (Normal) (G1 Evacuation Pause)
[4214.968s][info][gc,task        ] GC(402) Using 8 workers of 8 for evacuation
[4215.129s][info][gc,phases      ] GC(402)   Pre Evacuate Collection Set: 0.31ms
[4215.129s][info][gc,phases      ] GC(402)   Merge Heap Roots: 0.62ms
[4215.129s][info][gc,phases      ] GC(402)   Evacuate Collection Set: 158.96ms
[4215.129s][info][gc,phases      ] GC(402)   Post Evacuate Collection Set: 1.27ms
[4215.129s][info][gc,phases      ] GC(402)   Other: 0.07ms
[4215.129s][info][gc,heap        ] GC(402) Eden regions: 717->0(717)
[4215.129s][info][gc,heap        ] GC(402) Survivor regions: 51->51(96)
[4215.129s][info][gc,heap        ] GC(402) Old regions: 183->185
[4215.129s][info][gc,heap        ] GC(402) Humongous regions: 33->33
[4215.129s][info][gc,metaspace   ] GC(402) Metaspace: 29965K(30144K)->29965K(30144K) NonClass: 29965K(30144K)->29965K(30144K) Class: 0K(0K)->0K(0K)
[4215.129s][info][gc             ] GC(402) Pause Young (Normal) (G1 Evacuation Pause) 7843M->2131M(10240M) 161.363ms
[4215.129s][info][gc,cpu         ] GC(402) User=1.27s Sys=0.00s Real=0.16s
.......[4221.902s][info][gc,start       ] GC(403) Pause Young (Normal) (G1 Evacuation Pause)
[4221.902s][info][gc,task        ] GC(403) Using 8 workers of 8 for evacuation
[4222.063s][info][gc,phases      ] GC(403)   Pre Evacuate Collection Set: 0.31ms
[4222.063s][info][gc,phases      ] GC(403)   Merge Heap Roots: 0.56ms
[4222.063s][info][gc,phases      ] GC(403)   Evacuate Collection Set: 158.92ms
[4222.063s][info][gc,phases      ] GC(403)   Post Evacuate Collection Set: 1.24ms
[4222.063s][info][gc,phases      ] GC(403)   Other: 0.07ms
[4222.063s][info][gc,heap        ] GC(403) Eden regions: 717->0(717)
[4222.063s][info][gc,heap        ] GC(403) Survivor regions: 51->51(96)
[4222.063s][info][gc,heap        ] GC(403) Old regions: 185->188
[4222.063s][info][gc,heap        ] GC(403) Humongous regions: 33->33
[4222.063s][info][gc,metaspace   ] GC(403) Metaspace: 29965K(30144K)->29965K(30144K) NonClass: 29965K(30144K)->29965K(30144K) Class: 0K(0K)->0K(0K)
[4222.063s][info][gc             ] GC(403) Pause Young (Normal) (G1 Evacuation Pause) 7867M->2147M(10240M) 161.247ms
[4222.063s][info][gc,cpu         ] GC(403) User=1.27s Sys=0.00s Real=0.16s
.. (rIR:aIR:PR = 6918:6918:6918) (tPR = 102678) [OK] 
  4223s: Performance info:
         Transaction,    Success,    Partial,     Failed,   Receipts, AvgBarcode, 
             Overall,     415309,          0,          0,     394580,      59.48, 
         Response times:
             Request,    Success,    Partial,     Failed,   SkipFail,     Probes,    Samples,      min,      p50,      p90,      p95,      p99,      max, 
       TotalPurchase,     394580,          0,          0,          0,     360779,     386081,      400,     4700,     8600,    11200,    60000,   342000,
     InStorePurchase,     207804,          0,          0,          0,     190199,     203048,      400,     4700,     8600,    11200,    60000,   342000,
      OnlinePurchase,     145246,          0,          0,          0,     132286,     141607,      400,     4700,     8700,    11300,    60000,   342000,
        InstPurchase,      41530,          0,          0,          0,      38294,      41426,      500,     5000,     8600,    11300,    61000,   239000,
          AssocOfCat,        413,          0,          0,          0,        338,        427,    28000,    37000,    54000,    61600,   134240,   219000,
      AssocOfProduct,       4156,          0,          0,          0,       3894,       4425,      700,     4600,     8800,    11500,    52740,   170000,
      BusinessReport,       1040,          0,          0,          0,        891,       1074,    29000,    44000,    60000,    69000,   107250,   231000,
          CustBuyBeh,       4158,          0,          0,          0,       3848,       4312,      200,     5000,     8600,    11600,    57000,   171000,
       ProductReturn,      10962,          0,          0,          0,       9269,      10199,      200,     4700,     8700,    11700,    67000,   221000,

  4223s: (51%)   IR =   7057 .....[4228.813s][info][gc,start       ] GC(404) Pause Young (Normal) (G1 Evacuation Pause)
[4228.813s][info][gc,task        ] GC(404) Using 8 workers of 8 for evacuation
[4228.977s][info][gc,phases      ] GC(404)   Pre Evacuate Collection Set: 0.32ms
[4228.977s][info][gc,phases      ] GC(404)   Merge Heap Roots: 0.55ms
[4228.977s][info][gc,phases      ] GC(404)   Evacuate Collection Set: 162.08ms
[4228.977s][info][gc,phases      ] GC(404)   Post Evacuate Collection Set: 1.28ms
[4228.977s][info][gc,phases      ] GC(404)   Other: 0.07ms
[4228.977s][info][gc,heap        ] GC(404) Eden regions: 717->0(716)
[4228.977s][info][gc,heap        ] GC(404) Survivor regions: 51->52(96)
[4228.977s][info][gc,heap        ] GC(404) Old regions: 188->190
[4228.977s][info][gc,heap        ] GC(404) Humongous regions: 33->33
[4228.977s][info][gc,metaspace   ] GC(404) Metaspace: 29968K(30144K)->29968K(30144K) NonClass: 29968K(30144K)->29968K(30144K) Class: 0K(0K)->0K(0K)
[4228.977s][info][gc             ] GC(404) Pause Young (Normal) (G1 Evacuation Pause) 7883M->2174M(10240M) 164.447ms
[4228.977s][info][gc,cpu         ] GC(404) User=1.30s Sys=0.00s Real=0.17s
..|....[4235.748s][info][gc,start       ] GC(405) Pause Young (Normal) (G1 Evacuation Pause)
[4235.749s][info][gc,task        ] GC(405) Using 8 workers of 8 for evacuation
[4235.915s][info][gc,phases      ] GC(405)   Pre Evacuate Collection Set: 0.29ms
[4235.915s][info][gc,phases      ] GC(405)   Merge Heap Roots: 0.55ms
[4235.915s][info][gc,phases      ] GC(405)   Evacuate Collection Set: 163.78ms
[4235.915s][info][gc,phases      ] GC(405)   Post Evacuate Collection Set: 1.35ms
[4235.915s][info][gc,phases      ] GC(405)   Other: 0.07ms
[4235.915s][info][gc,heap        ] GC(405) Eden regions: 716->0(715)
[4235.915s][info][gc,heap        ] GC(405) Survivor regions: 52->53(96)
[4235.915s][info][gc,heap        ] GC(405) Old regions: 190->193
[4235.915s][info][gc,heap        ] GC(405) Humongous regions: 33->33
[4235.915s][info][gc,metaspace   ] GC(405) Metaspace: 29968K(30144K)->29968K(30144K) NonClass: 29968K(30144K)->29968K(30144K) Class: 0K(0K)->0K(0K)
[4235.915s][info][gc             ] GC(405) Pause Young (Normal) (G1 Evacuation Pause) 7902M->2202M(10240M) 166.180ms
[4235.915s][info][gc,cpu         ] GC(405) User=1.31s Sys=0.00s Real=0.16s
.......[4242.523s][info][gc,start       ] GC(406) Pause Young (Normal) (G1 Evacuation Pause)
[4242.523s][info][gc,task        ] GC(406) Using 8 workers of 8 for evacuation
[4242.685s][info][gc,phases      ] GC(406)   Pre Evacuate Collection Set: 0.28ms
[4242.685s][info][gc,phases      ] GC(406)   Merge Heap Roots: 0.61ms
[4242.685s][info][gc,phases      ] GC(406)   Evacuate Collection Set: 159.53ms
[4242.685s][info][gc,phases      ] GC(406)   Post Evacuate Collection Set: 1.28ms
[4242.685s][info][gc,phases      ] GC(406)   Other: 0.09ms
[4242.685s][info][gc,heap        ] GC(406) Eden regions: 715->0(717)
[4242.685s][info][gc,heap        ] GC(406) Survivor regions: 53->51(96)
[4242.685s][info][gc,heap        ] GC(406) Old regions: 193->195
[4242.685s][info][gc,heap        ] GC(406) Humongous regions: 33->33
[4242.685s][info][gc,metaspace   ] GC(406) Metaspace: 29968K(30144K)->29968K(30144K) NonClass: 29968K(30144K)->29968K(30144K) Class: 0K(0K)->0K(0K)
[4242.685s][info][gc             ] GC(406) Pause Young (Normal) (G1 Evacuation Pause) 7922M->2209M(10240M) 161.942ms
[4242.685s][info][gc,cpu         ] GC(406) User=1.27s Sys=0.00s Real=0.16s
.......[4249.423s][info][gc,start       ] GC(407) Pause Young (Normal) (G1 Evacuation Pause)
[4249.423s][info][gc,task        ] GC(407) Using 8 workers of 8 for evacuation
[4249.587s][info][gc,phases      ] GC(407)   Pre Evacuate Collection Set: 0.28ms
[4249.587s][info][gc,phases      ] GC(407)   Merge Heap Roots: 0.57ms
[4249.587s][info][gc,phases      ] GC(407)   Evacuate Collection Set: 161.23ms
[4249.587s][info][gc,phases      ] GC(407)   Post Evacuate Collection Set: 1.28ms
[4249.587s][info][gc,phases      ] GC(407)   Other: 0.06ms
[4249.587s][info][gc,heap        ] GC(407) Eden regions: 717->0(716)
[4249.587s][info][gc,heap        ] GC(407) Survivor regions: 51->52(96)
[4249.587s][info][gc,heap        ] GC(407) Old regions: 195->198
[4249.587s][info][gc,heap        ] GC(407) Humongous regions: 33->33
[4249.587s][info][gc,metaspace   ] GC(407) Metaspace: 29968K(30144K)->29968K(30144K) NonClass: 29968K(30144K)->29968K(30144K) Class: 0K(0K)->0K(0K)
[4249.587s][info][gc             ] GC(407) Pause Young (Normal) (G1 Evacuation Pause) 7945M->2233M(10240M) 163.564ms
[4249.587s][info][gc,cpu         ] GC(407) User=1.29s Sys=0.00s Real=0.17s
.......[4256.162s][info][gc,start       ] GC(408) Pause Young (Normal) (G1 Evacuation Pause)
[4256.162s][info][gc,task        ] GC(408) Using 8 workers of 8 for evacuation
[4256.323s][info][gc,phases      ] GC(408)   Pre Evacuate Collection Set: 0.30ms
[4256.323s][info][gc,phases      ] GC(408)   Merge Heap Roots: 0.55ms
[4256.323s][info][gc,phases      ] GC(408)   Evacuate Collection Set: 159.54ms
[4256.323s][info][gc,phases      ] GC(408)   Post Evacuate Collection Set: 1.33ms
[4256.323s][info][gc,phases      ] GC(408)   Other: 0.08ms
[4256.323s][info][gc,heap        ] GC(408) Eden regions: 716->0(717)
[4256.323s][info][gc,heap        ] GC(408) Survivor regions: 52->51(96)
[4256.324s][info][gc,heap        ] GC(408) Old regions: 198->200
[4256.324s][info][gc,heap        ] GC(408) Humongous regions: 33->33
[4256.324s][info][gc,metaspace   ] GC(408) Metaspace: 29968K(30144K)->29968K(30144K) NonClass: 29968K(30144K)->29968K(30144K) Class: 0K(0K)->0K(0K)
[4256.324s][info][gc             ] GC(408) Pause Young (Normal) (G1 Evacuation Pause) 7961M->2248M(10240M) 161.924ms
[4256.324s][info][gc,cpu         ] GC(408) User=1.27s Sys=0.01s Real=0.16s
.......[4263.020s][info][gc,start       ] GC(409) Pause Young (Normal) (G1 Evacuation Pause)
[4263.020s][info][gc,task        ] GC(409) Using 8 workers of 8 for evacuation
[4263.183s][info][gc,phases      ] GC(409)   Pre Evacuate Collection Set: 0.32ms
[4263.183s][info][gc,phases      ] GC(409)   Merge Heap Roots: 0.57ms
[4263.183s][info][gc,phases      ] GC(409)   Evacuate Collection Set: 161.41ms
[4263.183s][info][gc,phases      ] GC(409)   Post Evacuate Collection Set: 1.27ms
[4263.183s][info][gc,phases      ] GC(409)   Other: 0.09ms
[4263.183s][info][gc,heap        ] GC(409) Eden regions: 717->0(716)
[4263.183s][info][gc,heap        ] GC(409) Survivor regions: 51->52(96)
[4263.183s][info][gc,heap        ] GC(409) Old regions: 200->203
[4263.183s][info][gc,heap        ] GC(409) Humongous regions: 33->33
[4263.183s][info][gc,metaspace   ] GC(409) Metaspace: 29968K(30144K)->29968K(30144K) NonClass: 29968K(30144K)->29968K(30144K) Class: 0K(0K)->0K(0K)
[4263.183s][info][gc             ] GC(409) Pause Young (Normal) (G1 Evacuation Pause) 7984M->2272M(10240M) 163.814ms
[4263.183s][info][gc,cpu         ] GC(409) User=1.28s Sys=0.00s Real=0.16s
......[4269.918s][info][gc,start       ] GC(410) Pause Young (Normal) (G1 Evacuation Pause)
[4269.918s][info][gc,task        ] GC(410) Using 8 workers of 8 for evacuation
[4270.081s][info][gc,phases      ] GC(410)   Pre Evacuate Collection Set: 0.30ms
[4270.081s][info][gc,phases      ] GC(410)   Merge Heap Roots: 0.56ms
[4270.081s][info][gc,phases      ] GC(410)   Evacuate Collection Set: 160.89ms
[4270.081s][info][gc,phases      ] GC(410)   Post Evacuate Collection Set: 1.30ms
[4270.081s][info][gc,phases      ] GC(410)   Other: 0.07ms
[4270.081s][info][gc,heap        ] GC(410) Eden regions: 716->0(716)
[4270.081s][info][gc,heap        ] GC(410) Survivor regions: 52->52(96)
[4270.081s][info][gc,heap        ] GC(410) Old regions: 203->205
[4270.081s][info][gc,heap        ] GC(410) Humongous regions: 33->33
[4270.081s][info][gc,metaspace   ] GC(410) Metaspace: 29968K(30144K)->29968K(30144K) NonClass: 29968K(30144K)->29968K(30144K) Class: 0K(0K)->0K(0K)
[4270.081s][info][gc             ] GC(410) Pause Young (Normal) (G1 Evacuation Pause) 8000M->2295M(10240M) 163.246ms
[4270.081s][info][gc,cpu         ] GC(410) User=1.28s Sys=0.00s Real=0.16s
.......[4276.775s][info][gc,start       ] GC(411) Pause Young (Normal) (G1 Evacuation Pause)
[4276.775s][info][gc,task        ] GC(411) Using 8 workers of 8 for evacuation
[4276.942s][info][gc,phases      ] GC(411)   Pre Evacuate Collection Set: 0.30ms
[4276.942s][info][gc,phases      ] GC(411)   Merge Heap Roots: 0.55ms
[4276.942s][info][gc,phases      ] GC(411)   Evacuate Collection Set: 164.72ms
[4276.942s][info][gc,phases      ] GC(411)   Post Evacuate Collection Set: 1.28ms
[4276.942s][info][gc,phases      ] GC(411)   Other: 0.06ms
[4276.942s][info][gc,heap        ] GC(411) Eden regions: 716->0(715)
[4276.942s][info][gc,heap        ] GC(411) Survivor regions: 52->53(96)
[4276.942s][info][gc,heap        ] GC(411) Old regions: 205->207
[4276.942s][info][gc,heap        ] GC(411) Humongous regions: 33->33
[4276.942s][info][gc,metaspace   ] GC(411) Metaspace: 29968K(30144K)->29968K(30144K) NonClass: 29968K(30144K)->29968K(30144K) Class: 0K(0K)->0K(0K)
[4276.942s][info][gc             ] GC(411) Pause Young (Normal) (G1 Evacuation Pause) 8023M->2322M(10240M) 167.054ms
[4276.942s][info][gc,cpu         ] GC(411) User=1.32s Sys=0.00s Real=0.17s
.......[4283.672s][info][gc,start       ] GC(412) Pause Young (Normal) (G1 Evacuation Pause)
[4283.672s][info][gc,task        ] GC(412) Using 8 workers of 8 for evacuation
[4283.835s][info][gc,phases      ] GC(412)   Pre Evacuate Collection Set: 0.30ms
[4283.835s][info][gc,phases      ] GC(412)   Merge Heap Roots: 0.55ms
[4283.835s][info][gc,phases      ] GC(412)   Evacuate Collection Set: 160.28ms
[4283.835s][info][gc,phases      ] GC(412)   Post Evacuate Collection Set: 1.28ms
[4283.835s][info][gc,phases      ] GC(412)   Other: 0.07ms
[4283.835s][info][gc,heap        ] GC(412) Eden regions: 715->0(717)
[4283.835s][info][gc,heap        ] GC(412) Survivor regions: 53->51(96)
[4283.835s][info][gc,heap        ] GC(412) Old regions: 207->210
[4283.835s][info][gc,heap        ] GC(412) Humongous regions: 33->33
[4283.835s][info][gc,metaspace   ] GC(412) Metaspace: 29968K(30144K)->29968K(30144K) NonClass: 29968K(30144K)->29968K(30144K) Class: 0K(0K)->0K(0K)
[4283.835s][info][gc             ] GC(412) Pause Young (Normal) (G1 Evacuation Pause) 8042M->2326M(10240M) 162.629ms
[4283.835s][info][gc,cpu         ] GC(412) User=1.28s Sys=0.00s Real=0.16s
.......[4290.425s][info][gc,start       ] GC(413) Pause Young (Normal) (G1 Evacuation Pause)
[4290.425s][info][gc,task        ] GC(413) Using 8 workers of 8 for evacuation
[4290.589s][info][gc,phases      ] GC(413)   Pre Evacuate Collection Set: 0.29ms
[4290.589s][info][gc,phases      ] GC(413)   Merge Heap Roots: 0.56ms
[4290.589s][info][gc,phases      ] GC(413)   Evacuate Collection Set: 161.17ms
[4290.589s][info][gc,phases      ] GC(413)   Post Evacuate Collection Set: 1.34ms
[4290.589s][info][gc,phases      ] GC(413)   Other: 0.06ms
[4290.589s][info][gc,heap        ] GC(413) Eden regions: 717->0(717)
[4290.589s][info][gc,heap        ] GC(413) Survivor regions: 51->51(96)
[4290.589s][info][gc,heap        ] GC(413) Old regions: 210->212
[4290.589s][info][gc,heap        ] GC(413) Humongous regions: 33->33
[4290.589s][info][gc,metaspace   ] GC(413) Metaspace: 29968K(30144K)->29968K(30144K) NonClass: 29968K(30144K)->29968K(30144K) Class: 0K(0K)->0K(0K)
[4290.589s][info][gc             ] GC(413) Pause Young (Normal) (G1 Evacuation Pause) 8062M->2346M(10240M) 163.557ms
[4290.589s][info][gc,cpu         ] GC(413) User=1.29s Sys=0.00s Real=0.17s
. (rIR:aIR:PR = 7057:7058:7058) (tPR = 104232) [OK] 
  4290s: Performance info:
         Transaction,    Success,    Partial,     Failed,   Receipts, AvgBarcode, 
             Overall,     425597,          0,          0,     404329,      59.47, 
         Response times:
             Request,    Success,    Partial,     Failed,   SkipFail,     Probes,    Samples,      min,      p50,      p90,      p95,      p99,      max, 
       TotalPurchase,     404329,          0,          0,          0,     359693,     405143,      300,     4800,     8900,    12300,    70000,   365000,
     InStorePurchase,     213143,          0,          0,          0,     189067,     212532,      300,     4700,     8800,    12200,    73670,   365000,
      OnlinePurchase,     148705,          0,          0,          0,     132909,     149657,      300,     5000,     9000,    12600,    68000,   365000,
        InstPurchase,      42481,          0,          0,          0,      37717,      42954,      500,     4500,     8800,    11900,    68000,   291000,
          AssocOfCat,        426,          0,          0,          0,        336,        479,    29000,    38000,    56000,    70000,   154200,   220000,
      AssocOfProduct,       4262,          0,          0,          0,       3965,       4660,      700,     5400,     9300,    14395,    74000,   179000,
      BusinessReport,       1059,          0,          0,          0,        936,       1137,    27000,    43000,    60200,    72000,   157240,   236000,
          CustBuyBeh,       4253,          0,          0,          0,       3962,       4603,      200,     5000,     9100,    14580,    76920,   366000,
       ProductReturn,      11268,          0,          0,          0,       9647,      11155,      200,     4800,     8800,    11500,    65000,   289000,

  4290s: (52%)   IR =   7195 ....|..[4297.215s][info][gc,start       ] GC(414) Pause Young (Normal) (G1 Evacuation Pause)
[4297.215s][info][gc,task        ] GC(414) Using 8 workers of 8 for evacuation
[4297.380s][info][gc,phases      ] GC(414)   Pre Evacuate Collection Set: 0.32ms
[4297.380s][info][gc,phases      ] GC(414)   Merge Heap Roots: 0.64ms
[4297.380s][info][gc,phases      ] GC(414)   Evacuate Collection Set: 162.43ms
[4297.380s][info][gc,phases      ] GC(414)   Post Evacuate Collection Set: 1.32ms
[4297.380s][info][gc,phases      ] GC(414)   Other: 0.06ms
[4297.380s][info][gc,heap        ] GC(414) Eden regions: 717->0(716)
[4297.380s][info][gc,heap        ] GC(414) Survivor regions: 51->52(96)
[4297.380s][info][gc,heap        ] GC(414) Old regions: 212->215
[4297.380s][info][gc,heap        ] GC(414) Humongous regions: 33->33
[4297.380s][info][gc,metaspace   ] GC(414) Metaspace: 29968K(30144K)->29968K(30144K) NonClass: 29968K(30144K)->29968K(30144K) Class: 0K(0K)->0K(0K)
[4297.380s][info][gc             ] GC(414) Pause Young (Normal) (G1 Evacuation Pause) 8082M->2373M(10240M) 164.904ms
[4297.380s][info][gc,cpu         ] GC(414) User=1.29s Sys=0.00s Real=0.17s
......[4303.911s][info][gc,start       ] GC(415) Pause Young (Normal) (G1 Evacuation Pause)
[4303.911s][info][gc,task        ] GC(415) Using 8 workers of 8 for evacuation
[4304.073s][info][gc,phases      ] GC(415)   Pre Evacuate Collection Set: 0.30ms
[4304.073s][info][gc,phases      ] GC(415)   Merge Heap Roots: 0.57ms
[4304.073s][info][gc,phases      ] GC(415)   Evacuate Collection Set: 159.49ms
[4304.073s][info][gc,phases      ] GC(415)   Post Evacuate Collection Set: 1.37ms
[4304.073s][info][gc,phases      ] GC(415)   Other: 0.07ms
[4304.073s][info][gc,heap        ] GC(415) Eden regions: 716->0(717)
[4304.073s][info][gc,heap        ] GC(415) Survivor regions: 52->51(96)
[4304.073s][info][gc,heap        ] GC(415) Old regions: 215->217
[4304.073s][info][gc,heap        ] GC(415) Humongous regions: 33->33
[4304.073s][info][gc,metaspace   ] GC(415) Metaspace: 29968K(30144K)->29968K(30144K) NonClass: 29968K(30144K)->29968K(30144K) Class: 0K(0K)->0K(0K)
[4304.073s][info][gc             ] GC(415) Pause Young (Normal) (G1 Evacuation Pause) 8101M->2384M(10240M) 161.934ms
[4304.073s][info][gc,cpu         ] GC(415) User=1.27s Sys=0.00s Real=0.16s
.......[4310.668s][info][gc,start       ] GC(416) Pause Young (Normal) (G1 Evacuation Pause)
[4310.668s][info][gc,task        ] GC(416) Using 8 workers of 8 for evacuation
[4310.833s][info][gc,phases      ] GC(416)   Pre Evacuate Collection Set: 0.29ms
[4310.833s][info][gc,phases      ] GC(416)   Merge Heap Roots: 0.55ms
[4310.833s][info][gc,phases      ] GC(416)   Evacuate Collection Set: 162.91ms
[4310.833s][info][gc,phases      ] GC(416)   Post Evacuate Collection Set: 1.31ms
[4310.833s][info][gc,phases      ] GC(416)   Other: 0.07ms
[4310.833s][info][gc,heap        ] GC(416) Eden regions: 717->0(715)
[4310.833s][info][gc,heap        ] GC(416) Survivor regions: 51->53(96)
[4310.833s][info][gc,heap        ] GC(416) Old regions: 217->219
[4310.833s][info][gc,heap        ] GC(416) Humongous regions: 33->33
[4310.833s][info][gc,metaspace   ] GC(416) Metaspace: 29968K(30144K)->29968K(30144K) NonClass: 29968K(30144K)->29968K(30144K) Class: 0K(0K)->0K(0K)
[4310.833s][info][gc             ] GC(416) Pause Young (Normal) (G1 Evacuation Pause) 8120M->2419M(10240M) 165.263ms
[4310.833s][info][gc,cpu         ] GC(416) User=1.29s Sys=0.00s Real=0.16s
.......[4317.342s][info][gc,start       ] GC(417) Pause Young (Normal) (G1 Evacuation Pause)
[4317.342s][info][gc,task        ] GC(417) Using 8 workers of 8 for evacuation
[4317.510s][info][gc,phases      ] GC(417)   Pre Evacuate Collection Set: 0.30ms
[4317.510s][info][gc,phases      ] GC(417)   Merge Heap Roots: 0.55ms
[4317.510s][info][gc,phases      ] GC(417)   Evacuate Collection Set: 165.44ms
[4317.510s][info][gc,phases      ] GC(417)   Post Evacuate Collection Set: 1.33ms
[4317.510s][info][gc,phases      ] GC(417)   Other: 0.06ms
[4317.510s][info][gc,heap        ] GC(417) Eden regions: 715->0(715)
[4317.510s][info][gc,heap        ] GC(417) Survivor regions: 53->53(96)
[4317.510s][info][gc,heap        ] GC(417) Old regions: 219->222
[4317.510s][info][gc,heap        ] GC(417) Humongous regions: 33->33
[4317.510s][info][gc,metaspace   ] GC(417) Metaspace: 29968K(30144K)->29968K(30144K) NonClass: 29968K(30144K)->29968K(30144K) Class: 0K(0K)->0K(0K)
[4317.510s][info][gc             ] GC(417) Pause Young (Normal) (G1 Evacuation Pause) 8139M->2439M(10240M) 167.816ms
[4317.510s][info][gc,cpu         ] GC(417) User=1.32s Sys=0.00s Real=0.17s
......[4324.020s][info][gc,start       ] GC(418) Pause Young (Normal) (G1 Evacuation Pause)
[4324.021s][info][gc,task        ] GC(418) Using 8 workers of 8 for evacuation
[4324.185s][info][gc,phases      ] GC(418)   Pre Evacuate Collection Set: 0.31ms
[4324.185s][info][gc,phases      ] GC(418)   Merge Heap Roots: 0.55ms
[4324.185s][info][gc,phases      ] GC(418)   Evacuate Collection Set: 162.16ms
[4324.185s][info][gc,phases      ] GC(418)   Post Evacuate Collection Set: 1.30ms
[4324.185s][info][gc,phases      ] GC(418)   Other: 0.06ms
[4324.185s][info][gc,heap        ] GC(418) Eden regions: 715->0(716)
[4324.185s][info][gc,heap        ] GC(418) Survivor regions: 53->52(96)
[4324.185s][info][gc,heap        ] GC(418) Old regions: 222->224
[4324.185s][info][gc,heap        ] GC(418) Humongous regions: 33->33
[4324.185s][info][gc,metaspace   ] GC(418) Metaspace: 29968K(30144K)->29968K(30144K) NonClass: 29968K(30144K)->29968K(30144K) Class: 0K(0K)->0K(0K)
[4324.185s][info][gc             ] GC(418) Pause Young (Normal) (G1 Evacuation Pause) 8159M->2446M(10240M) 164.519ms
[4324.185s][info][gc,cpu         ] GC(418) User=1.29s Sys=0.01s Real=0.16s
.......[4330.834s][info][gc,start       ] GC(419) Pause Young (Normal) (G1 Evacuation Pause)
[4330.834s][info][gc,task        ] GC(419) Using 8 workers of 8 for evacuation
[4331.000s][info][gc,phases      ] GC(419)   Pre Evacuate Collection Set: 0.28ms
[4331.000s][info][gc,phases      ] GC(419)   Merge Heap Roots: 0.56ms
[4331.000s][info][gc,phases      ] GC(419)   Evacuate Collection Set: 163.62ms
[4331.000s][info][gc,phases      ] GC(419)   Post Evacuate Collection Set: 1.30ms
[4331.000s][info][gc,phases      ] GC(419)   Other: 0.07ms
[4331.000s][info][gc,heap        ] GC(419) Eden regions: 716->0(715)
[4331.000s][info][gc,heap        ] GC(419) Survivor regions: 52->53(96)
[4331.000s][info][gc,heap        ] GC(419) Old regions: 224->227
[4331.000s][info][gc,heap        ] GC(419) Humongous regions: 33->33
[4331.000s][info][gc,metaspace   ] GC(419) Metaspace: 29968K(30144K)->29968K(30144K) NonClass: 29968K(30144K)->29968K(30144K) Class: 0K(0K)->0K(0K)
[4331.000s][info][gc             ] GC(419) Pause Young (Normal) (G1 Evacuation Pause) 8174M->2475M(10240M) 165.982ms
[4331.000s][info][gc,cpu         ] GC(419) User=1.31s Sys=0.00s Real=0.17s
.......[4337.492s][info][gc,start       ] GC(420) Pause Young (Normal) (G1 Evacuation Pause)
[4337.492s][info][gc,task        ] GC(420) Using 8 workers of 8 for evacuation
[4337.657s][info][gc,phases      ] GC(420)   Pre Evacuate Collection Set: 0.30ms
[4337.657s][info][gc,phases      ] GC(420)   Merge Heap Roots: 0.55ms
[4337.657s][info][gc,phases      ] GC(420)   Evacuate Collection Set: 162.82ms
[4337.657s][info][gc,phases      ] GC(420)   Post Evacuate Collection Set: 1.29ms
[4337.657s][info][gc,phases      ] GC(420)   Other: 0.06ms
[4337.657s][info][gc,heap        ] GC(420) Eden regions: 715->0(715)
[4337.657s][info][gc,heap        ] GC(420) Survivor regions: 53->53(96)
[4337.657s][info][gc,heap        ] GC(420) Old regions: 227->229
[4337.657s][info][gc,heap        ] GC(420) Humongous regions: 33->33
[4337.657s][info][gc,metaspace   ] GC(420) Metaspace: 29968K(30144K)->29968K(30144K) NonClass: 29968K(30144K)->29968K(30144K) Class: 0K(0K)->0K(0K)
[4337.657s][info][gc             ] GC(420) Pause Young (Normal) (G1 Evacuation Pause) 8195M->2494M(10240M) 165.184ms
[4337.657s][info][gc,cpu         ] GC(420) User=1.30s Sys=0.01s Real=0.17s
......[4344.148s][info][gc,start       ] GC(421) Pause Young (Normal) (G1 Evacuation Pause)
[4344.148s][info][gc,task        ] GC(421) Using 8 workers of 8 for evacuation
[4344.311s][info][gc,phases      ] GC(421)   Pre Evacuate Collection Set: 0.30ms
[4344.311s][info][gc,phases      ] GC(421)   Merge Heap Roots: 0.55ms
[4344.311s][info][gc,phases      ] GC(421)   Evacuate Collection Set: 160.95ms
[4344.311s][info][gc,phases      ] GC(421)   Post Evacuate Collection Set: 1.29ms
[4344.311s][info][gc,phases      ] GC(421)   Other: 0.06ms
[4344.311s][info][gc,heap        ] GC(421) Eden regions: 715->0(716)
[4344.311s][info][gc,heap        ] GC(421) Survivor regions: 53->52(96)
[4344.311s][info][gc,heap        ] GC(421) Old regions: 229->232
[4344.311s][info][gc,heap        ] GC(421) Humongous regions: 33->33
[4344.311s][info][gc,metaspace   ] GC(421) Metaspace: 29968K(30144K)->29968K(30144K) NonClass: 29968K(30144K)->29968K(30144K) Class: 0K(0K)->0K(0K)
[4344.311s][info][gc             ] GC(421) Pause Young (Normal) (G1 Evacuation Pause) 8214M->2506M(10240M) 163.299ms
[4344.311s][info][gc,cpu         ] GC(421) User=1.28s Sys=0.00s Real=0.16s
.......[4350.921s][info][gc,start       ] GC(422) Pause Young (Normal) (G1 Evacuation Pause)
[4350.921s][info][gc,task        ] GC(422) Using 8 workers of 8 for evacuation
[4351.084s][info][gc,phases      ] GC(422)   Pre Evacuate Collection Set: 0.29ms
[4351.084s][info][gc,phases      ] GC(422)   Merge Heap Roots: 0.56ms
[4351.084s][info][gc,phases      ] GC(422)   Evacuate Collection Set: 160.20ms
[4351.084s][info][gc,phases      ] GC(422)   Post Evacuate Collection Set: 1.32ms
[4351.084s][info][gc,phases      ] GC(422)   Other: 0.06ms
[4351.084s][info][gc,heap        ] GC(422) Eden regions: 716->0(717)
[4351.084s][info][gc,heap        ] GC(422) Survivor regions: 52->51(96)
[4351.084s][info][gc,heap        ] GC(422) Old regions: 232->234
[4351.084s][info][gc,heap        ] GC(422) Humongous regions: 33->33
[4351.084s][info][gc,metaspace   ] GC(422) Metaspace: 29968K(30144K)->29968K(30144K) NonClass: 29968K(30144K)->29968K(30144K) Class: 0K(0K)->0K(0K)
[4351.084s][info][gc             ] GC(422) Pause Young (Normal) (G1 Evacuation Pause) 8234M->2522M(10240M) 162.552ms
[4351.084s][info][gc,cpu         ] GC(422) User=1.28s Sys=0.00s Real=0.16s
..... (rIR:aIR:PR = 7195:7177:7177) (tPR = 105862) [OK] 
  4355s: Performance info:
         Transaction,    Success,    Partial,     Failed,   Receipts, AvgBarcode, 
             Overall,     431728,          0,          0,     410059,      59.47, 
         Response times:
             Request,    Success,    Partial,     Failed,   SkipFail,     Probes,    Samples,      min,      p50,      p90,      p95,      p99,      max, 
       TotalPurchase,     410058,          0,          0,          0,     361268,     387988,      300,     4800,     8900,    11300,    62000,   364000,
     InStorePurchase,     216370,          0,          0,          0,     189316,     202903,      300,     4800,     8900,    11300,    63000,   364000,
      OnlinePurchase,     150420,          0,          0,          0,     133494,     143412,      300,     4700,     8800,    11200,    61000,   362000,
        InstPurchase,      43268,          0,          0,          0,      38458,      41673,      500,     5200,     9100,    11900,    66000,   363000,
          AssocOfCat,        430,          0,          0,          0,        339,        455,    28000,    38000,    53000,    62400,   134520,   209000,
      AssocOfProduct,       4337,          0,          0,          0,       4025,       4512,      900,     6000,     9900,    12700,    67000,   344000,
      BusinessReport,       1080,          0,          0,          0,        918,       1082,    31000,    44500,    59000,    73000,   156540,   242000,
          CustBuyBeh,       4327,          0,          0,          0,       4063,       4585,      700,     5200,     9300,    12800,    62140,   362000,
       ProductReturn,      11497,          0,          0,          0,       9733,      10699,      200,     4300,     8400,    10800,    65000,   340000,

  4355s: (53%)   IR =   7334 ..[4357.741s][info][gc,start       ] GC(423) Pause Young (Normal) (G1 Evacuation Pause)
[4357.741s][info][gc,task        ] GC(423) Using 8 workers of 8 for evacuation
[4357.906s][info][gc,phases      ] GC(423)   Pre Evacuate Collection Set: 0.30ms
[4357.906s][info][gc,phases      ] GC(423)   Merge Heap Roots: 0.57ms
[4357.906s][info][gc,phases      ] GC(423)   Evacuate Collection Set: 162.33ms
[4357.906s][info][gc,phases      ] GC(423)   Post Evacuate Collection Set: 1.34ms
[4357.906s][info][gc,phases      ] GC(423)   Other: 0.07ms
[4357.906s][info][gc,heap        ] GC(423) Eden regions: 717->0(716)
[4357.906s][info][gc,heap        ] GC(423) Survivor regions: 51->52(96)
[4357.906s][info][gc,heap        ] GC(423) Old regions: 234->237
[4357.906s][info][gc,heap        ] GC(423) Humongous regions: 33->33
[4357.906s][info][gc,metaspace   ] GC(423) Metaspace: 29968K(30144K)->29968K(30144K) NonClass: 29968K(30144K)->29968K(30144K) Class: 0K(0K)->0K(0K)
[4357.906s][info][gc             ] GC(423) Pause Young (Normal) (G1 Evacuation Pause) 8258M->2549M(10240M) 164.765ms
[4357.906s][info][gc,cpu         ] GC(423) User=1.29s Sys=0.00s Real=0.17s
......|[4364.256s][info][gc,start       ] GC(424) Pause Young (Normal) (G1 Evacuation Pause)
[4364.256s][info][gc,task        ] GC(424) Using 8 workers of 8 for evacuation
[4364.418s][info][gc,phases      ] GC(424)   Pre Evacuate Collection Set: 0.29ms
[4364.418s][info][gc,phases      ] GC(424)   Merge Heap Roots: 0.57ms
[4364.418s][info][gc,phases      ] GC(424)   Evacuate Collection Set: 159.59ms
[4364.418s][info][gc,phases      ] GC(424)   Post Evacuate Collection Set: 1.33ms
[4364.418s][info][gc,phases      ] GC(424)   Other: 0.07ms
[4364.418s][info][gc,heap        ] GC(424) Eden regions: 716->0(716)
[4364.418s][info][gc,heap        ] GC(424) Survivor regions: 52->52(96)
[4364.418s][info][gc,heap        ] GC(424) Old regions: 237->239
[4364.418s][info][gc,heap        ] GC(424) Humongous regions: 33->33
[4364.418s][info][gc,metaspace   ] GC(424) Metaspace: 29968K(30144K)->29968K(30144K) NonClass: 29968K(30144K)->29968K(30144K) Class: 0K(0K)->0K(0K)
[4364.418s][info][gc             ] GC(424) Pause Young (Normal) (G1 Evacuation Pause) 8277M->2565M(10240M) 161.984ms
[4364.418s][info][gc,cpu         ] GC(424) User=1.27s Sys=0.00s Real=0.16s
.......[4370.865s][info][gc,start       ] GC(425) Pause Young (Normal) (G1 Evacuation Pause)
[4370.865s][info][gc,task        ] GC(425) Using 8 workers of 8 for evacuation
[4371.029s][info][gc,phases      ] GC(425)   Pre Evacuate Collection Set: 0.30ms
[4371.029s][info][gc,phases      ] GC(425)   Merge Heap Roots: 0.56ms
[4371.029s][info][gc,phases      ] GC(425)   Evacuate Collection Set: 161.28ms
[4371.029s][info][gc,phases      ] GC(425)   Post Evacuate Collection Set: 1.37ms
[4371.029s][info][gc,phases      ] GC(425)   Other: 0.06ms
[4371.029s][info][gc,heap        ] GC(425) Eden regions: 716->0(716)
[4371.029s][info][gc,heap        ] GC(425) Survivor regions: 52->52(96)
[4371.029s][info][gc,heap        ] GC(425) Old regions: 239->242
[4371.029s][info][gc,heap        ] GC(425) Humongous regions: 33->33
[4371.029s][info][gc,metaspace   ] GC(425) Metaspace: 29968K(30144K)->29968K(30144K) NonClass: 29968K(30144K)->29968K(30144K) Class: 0K(0K)->0K(0K)
[4371.029s][info][gc             ] GC(425) Pause Young (Normal) (G1 Evacuation Pause) 8293M->2584M(10240M) 163.726ms
[4371.029s][info][gc,cpu         ] GC(425) User=1.29s Sys=0.00s Real=0.17s
.......[4377.484s][info][gc,start       ] GC(426) Pause Young (Normal) (G1 Evacuation Pause)
[4377.484s][info][gc,task        ] GC(426) Using 8 workers of 8 for evacuation
[4377.646s][info][gc,phases      ] GC(426)   Pre Evacuate Collection Set: 0.31ms
[4377.646s][info][gc,phases      ] GC(426)   Merge Heap Roots: 0.55ms
[4377.647s][info][gc,phases      ] GC(426)   Evacuate Collection Set: 160.19ms
[4377.647s][info][gc,phases      ] GC(426)   Post Evacuate Collection Set: 1.31ms
[4377.647s][info][gc,phases      ] GC(426)   Other: 0.06ms
[4377.647s][info][gc,heap        ] GC(426) Eden regions: 716->0(717)
[4377.647s][info][gc,heap        ] GC(426) Survivor regions: 52->51(96)
[4377.647s][info][gc,heap        ] GC(426) Old regions: 242->244
[4377.647s][info][gc,heap        ] GC(426) Humongous regions: 33->33
[4377.647s][info][gc,metaspace   ] GC(426) Metaspace: 29968K(30144K)->29968K(30144K) NonClass: 29968K(30144K)->29968K(30144K) Class: 0K(0K)->0K(0K)
[4377.647s][info][gc             ] GC(426) Pause Young (Normal) (G1 Evacuation Pause) 8312M->2600M(10240M) 162.566ms
[4377.647s][info][gc,cpu         ] GC(426) User=1.28s Sys=0.00s Real=0.17s
......[4384.103s][info][gc,start       ] GC(427) Pause Young (Normal) (G1 Evacuation Pause)
[4384.103s][info][gc,task        ] GC(427) Using 8 workers of 8 for evacuation
[4384.267s][info][gc,phases      ] GC(427)   Pre Evacuate Collection Set: 0.30ms
[4384.267s][info][gc,phases      ] GC(427)   Merge Heap Roots: 0.56ms
[4384.267s][info][gc,phases      ] GC(427)   Evacuate Collection Set: 162.14ms
[4384.267s][info][gc,phases      ] GC(427)   Post Evacuate Collection Set: 1.32ms
[4384.267s][info][gc,phases      ] GC(427)   Other: 0.06ms
[4384.267s][info][gc,heap        ] GC(427) Eden regions: 717->0(715)
[4384.267s][info][gc,heap        ] GC(427) Survivor regions: 51->53(96)
[4384.267s][info][gc,heap        ] GC(427) Old regions: 244->246
[4384.267s][info][gc,heap        ] GC(427) Humongous regions: 33->33
[4384.267s][info][gc,metaspace   ] GC(427) Metaspace: 29968K(30144K)->29968K(30144K) NonClass: 29968K(30144K)->29968K(30144K) Class: 0K(0K)->0K(0K)
[4384.267s][info][gc             ] GC(427) Pause Young (Normal) (G1 Evacuation Pause) 8336M->2631M(10240M) 164.510ms
[4384.267s][info][gc,cpu         ] GC(427) User=1.29s Sys=0.00s Real=0.17s
.......[4390.679s][info][gc,start       ] GC(428) Pause Young (Normal) (G1 Evacuation Pause)
[4390.679s][info][gc,task        ] GC(428) Using 8 workers of 8 for evacuation
[4390.843s][info][gc,phases      ] GC(428)   Pre Evacuate Collection Set: 0.30ms
[4390.843s][info][gc,phases      ] GC(428)   Merge Heap Roots: 0.55ms
[4390.843s][info][gc,phases      ] GC(428)   Evacuate Collection Set: 162.29ms
[4390.843s][info][gc,phases      ] GC(428)   Post Evacuate Collection Set: 1.30ms
[4390.843s][info][gc,phases      ] GC(428)   Other: 0.06ms
[4390.843s][info][gc,heap        ] GC(428) Eden regions: 715->0(715)
[4390.843s][info][gc,heap        ] GC(428) Survivor regions: 53->53(96)
[4390.843s][info][gc,heap        ] GC(428) Old regions: 246->249
[4390.843s][info][gc,heap        ] GC(428) Humongous regions: 33->33
[4390.843s][info][gc,metaspace   ] GC(428) Metaspace: 29968K(30144K)->29968K(30144K) NonClass: 29968K(30144K)->29968K(30144K) Class: 0K(0K)->0K(0K)
[4390.843s][info][gc             ] GC(428) Pause Young (Normal) (G1 Evacuation Pause) 8351M->2651M(10240M) 164.642ms
[4390.843s][info][gc,cpu         ] GC(428) User=1.30s Sys=0.00s Real=0.16s
......[4397.258s][info][gc,start       ] GC(429) Pause Young (Normal) (G1 Evacuation Pause)
[4397.258s][info][gc,task        ] GC(429) Using 8 workers of 8 for evacuation
[4397.425s][info][gc,phases      ] GC(429)   Pre Evacuate Collection Set: 0.28ms
[4397.425s][info][gc,phases      ] GC(429)   Merge Heap Roots: 0.57ms
[4397.425s][info][gc,phases      ] GC(429)   Evacuate Collection Set: 164.19ms
[4397.425s][info][gc,phases      ] GC(429)   Post Evacuate Collection Set: 1.30ms
[4397.425s][info][gc,phases      ] GC(429)   Other: 0.09ms
[4397.425s][info][gc,heap        ] GC(429) Eden regions: 715->0(715)
[4397.425s][info][gc,heap        ] GC(429) Survivor regions: 53->53(96)
[4397.425s][info][gc,heap        ] GC(429) Old regions: 249->251
[4397.425s][info][gc,heap        ] GC(429) Humongous regions: 33->33
[4397.425s][info][gc,metaspace   ] GC(429) Metaspace: 29968K(30144K)->29968K(30144K) NonClass: 29968K(30144K)->29968K(30144K) Class: 0K(0K)->0K(0K)
[4397.425s][info][gc             ] GC(429) Pause Young (Normal) (G1 Evacuation Pause) 8371M->2670M(10240M) 166.602ms
[4397.425s][info][gc,cpu         ] GC(429) User=1.32s Sys=0.00s Real=0.16s
.......[4403.869s][info][gc,start       ] GC(430) Pause Young (Normal) (G1 Evacuation Pause)
[4403.869s][info][gc,task        ] GC(430) Using 8 workers of 8 for evacuation
[4404.033s][info][gc,phases      ] GC(430)   Pre Evacuate Collection Set: 0.28ms
[4404.033s][info][gc,phases      ] GC(430)   Merge Heap Roots: 0.64ms
[4404.033s][info][gc,phases      ] GC(430)   Evacuate Collection Set: 161.63ms
[4404.033s][info][gc,phases      ] GC(430)   Post Evacuate Collection Set: 1.29ms
[4404.033s][info][gc,phases      ] GC(430)   Other: 0.08ms
[4404.033s][info][gc,heap        ] GC(430) Eden regions: 715->0(715)
[4404.033s][info][gc,heap        ] GC(430) Survivor regions: 53->53(96)
[4404.033s][info][gc,heap        ] GC(430) Old regions: 251->254
[4404.033s][info][gc,heap        ] GC(430) Humongous regions: 33->33
[4404.033s][info][gc,metaspace   ] GC(430) Metaspace: 29968K(30144K)->29968K(30144K) NonClass: 29968K(30144K)->29968K(30144K) Class: 0K(0K)->0K(0K)
[4404.033s][info][gc             ] GC(430) Pause Young (Normal) (G1 Evacuation Pause) 8390M->2690M(10240M) 164.064ms
[4404.033s][info][gc,cpu         ] GC(430) User=1.29s Sys=0.00s Real=0.16s
......[4410.423s][info][gc,start       ] GC(431) Pause Young (Normal) (G1 Evacuation Pause)
[4410.423s][info][gc,task        ] GC(431) Using 8 workers of 8 for evacuation
[4410.586s][info][gc,phases      ] GC(431)   Pre Evacuate Collection Set: 0.31ms
[4410.586s][info][gc,phases      ] GC(431)   Merge Heap Roots: 0.57ms
[4410.586s][info][gc,phases      ] GC(431)   Evacuate Collection Set: 160.00ms
[4410.586s][info][gc,phases      ] GC(431)   Post Evacuate Collection Set: 1.32ms
[4410.586s][info][gc,phases      ] GC(431)   Other: 0.07ms
[4410.586s][info][gc,heap        ] GC(431) Eden regions: 715->0(716)
[4410.586s][info][gc,heap        ] GC(431) Survivor regions: 53->52(96)
[4410.586s][info][gc,heap        ] GC(431) Old regions: 254->256
[4410.586s][info][gc,heap        ] GC(431) Humongous regions: 33->33
[4410.586s][info][gc,metaspace   ] GC(431) Metaspace: 29968K(30144K)->29968K(30144K) NonClass: 29968K(30144K)->29968K(30144K) Class: 0K(0K)->0K(0K)
[4410.586s][info][gc             ] GC(431) Pause Young (Normal) (G1 Evacuation Pause) 8410M->2703M(10240M) 162.411ms
[4410.586s][info][gc,cpu         ] GC(431) User=1.27s Sys=0.00s Real=0.17s
.......[4416.955s][info][gc,start       ] GC(432) Pause Young (Normal) (G1 Evacuation Pause)
[4416.955s][info][gc,task        ] GC(432) Using 8 workers of 8 for evacuation
[4417.116s][info][gc,phases      ] GC(432)   Pre Evacuate Collection Set: 0.30ms
[4417.116s][info][gc,phases      ] GC(432)   Merge Heap Roots: 0.57ms
[4417.116s][info][gc,phases      ] GC(432)   Evacuate Collection Set: 158.73ms
[4417.116s][info][gc,phases      ] GC(432)   Post Evacuate Collection Set: 1.32ms
[4417.116s][info][gc,phases      ] GC(432)   Other: 0.06ms
[4417.116s][info][gc,heap        ] GC(432) Eden regions: 716->0(717)
[4417.116s][info][gc,heap        ] GC(432) Survivor regions: 52->51(96)
[4417.116s][info][gc,heap        ] GC(432) Old regions: 256->259
[4417.116s][info][gc,heap        ] GC(432) Humongous regions: 33->33
[4417.116s][info][gc,metaspace   ] GC(432) Metaspace: 29968K(30144K)->29968K(30144K) NonClass: 29968K(30144K)->29968K(30144K) Class: 0K(0K)->0K(0K)
[4417.116s][info][gc             ] GC(432) Pause Young (Normal) (G1 Evacuation Pause) 8431M->2714M(10240M) 161.105ms
[4417.116s][info][gc,cpu         ] GC(432) User=1.27s Sys=0.00s Real=0.17s
......[4423.567s][info][gc,start       ] GC(433) Pause Young (Normal) (G1 Evacuation Pause)
[4423.567s][info][gc,task        ] GC(433) Using 8 workers of 8 for evacuation
[4423.729s][info][gc,phases      ] GC(433)   Pre Evacuate Collection Set: 0.30ms
[4423.729s][info][gc,phases      ] GC(433)   Merge Heap Roots: 0.57ms
[4423.729s][info][gc,phases      ] GC(433)   Evacuate Collection Set: 160.41ms
[4423.729s][info][gc,phases      ] GC(433)   Post Evacuate Collection Set: 1.32ms
[4423.729s][info][gc,phases      ] GC(433)   Other: 0.08ms
[4423.730s][info][gc,heap        ] GC(433) Eden regions: 717->0(716)
[4423.730s][info][gc,heap        ] GC(433) Survivor regions: 51->52(96)
[4423.730s][info][gc,heap        ] GC(433) Old regions: 259->261
[4423.730s][info][gc,heap        ] GC(433) Humongous regions: 33->33
[4423.730s][info][gc,metaspace   ] GC(433) Metaspace: 29968K(30144K)->29968K(30144K) NonClass: 29968K(30144K)->29968K(30144K) Class: 0K(0K)->0K(0K)
[4423.730s][info][gc             ] GC(433) Pause Young (Normal) (G1 Evacuation Pause) 8450M->2746M(10240M) 162.799ms
[4423.730s][info][gc,cpu         ] GC(433) User=1.28s Sys=0.00s Real=0.16s
. (rIR:aIR:PR = 7334:7306:7302) (tPR = 109316) [OK] 
  4423s: Performance info:
         Transaction,    Success,    Partial,     Failed,   Receipts, AvgBarcode, 
             Overall,     440379,          0,          0,     418347,      59.48, 
         Response times:
             Request,    Success,    Partial,     Failed,   SkipFail,     Probes,    Samples,      min,      p50,      p90,      p95,      p99,      max, 
       TotalPurchase,     418549,          0,          0,          0,     357975,     410108,      400,     5100,     9700,    13800,    70000,   346000,
     InStorePurchase,     219888,          0,          0,          0,     187901,     215072,      400,     5200,     9700,    14000,    70000,   346000,
      OnlinePurchase,     154576,          0,          0,          0,     131882,     150860,      400,     5200,     9600,    13600,    71390,   344000,
        InstPurchase,      44085,          0,          0,          0,      38192,      44176,      500,     5000,     9700,    13600,    67000,   344000,
          AssocOfCat,        438,          0,          0,          0,        355,        508,    29000,    39500,    57000,    69200,   118550,   219000,
      AssocOfProduct,       4420,          0,          0,          0,       4135,       4953,      700,     5500,     9900,    14300,    70000,   345000,
      BusinessReport,       1104,          0,          0,          0,        984,       1247,    31000,    45000,    61000,    70600,   132560,   237000,
          CustBuyBeh,       4420,          0,          0,          0,       4142,       5017,      300,     6000,    10300,    16400,    77820,   344000,
       ProductReturn,      11670,          0,          0,          0,      10044,      11778,      200,     4800,     9500,    12300,    65000,   344000,

  4423s: (54%)   IR =   7472 ......[4430.060s][info][gc,start       ] GC(434) Pause Young (Normal) (G1 Evacuation Pause)
[4430.060s][info][gc,task        ] GC(434) Using 8 workers of 8 for evacuation
[4430.223s][info][gc,phases      ] GC(434)   Pre Evacuate Collection Set: 0.29ms
[4430.223s][info][gc,phases      ] GC(434)   Merge Heap Roots: 0.57ms
[4430.223s][info][gc,phases      ] GC(434)   Evacuate Collection Set: 160.54ms
[4430.223s][info][gc,phases      ] GC(434)   Post Evacuate Collection Set: 1.29ms
[4430.223s][info][gc,phases      ] GC(434)   Other: 0.06ms
[4430.223s][info][gc,heap        ] GC(434) Eden regions: 716->0(717)
[4430.223s][info][gc,heap        ] GC(434) Survivor regions: 52->51(96)
[4430.223s][info][gc,heap        ] GC(434) Old regions: 261->264
[4430.223s][info][gc,heap        ] GC(434) Humongous regions: 33->33
[4430.223s][info][gc,metaspace   ] GC(434) Metaspace: 29968K(30144K)->29968K(30144K) NonClass: 29968K(30144K)->29968K(30144K) Class: 0K(0K)->0K(0K)
[4430.223s][info][gc             ] GC(434) Pause Young (Normal) (G1 Evacuation Pause) 8474M->2754M(10240M) 162.890ms
[4430.223s][info][gc,cpu         ] GC(434) User=1.28s Sys=0.00s Real=0.16s
...|...[4436.557s][info][gc,start       ] GC(435) Pause Young (Normal) (G1 Evacuation Pause)
[4436.557s][info][gc,task        ] GC(435) Using 8 workers of 8 for evacuation
[4436.721s][info][gc,phases      ] GC(435)   Pre Evacuate Collection Set: 0.30ms
[4436.721s][info][gc,phases      ] GC(435)   Merge Heap Roots: 0.56ms
[4436.721s][info][gc,phases      ] GC(435)   Evacuate Collection Set: 161.73ms
[4436.721s][info][gc,phases      ] GC(435)   Post Evacuate Collection Set: 1.37ms
[4436.721s][info][gc,phases      ] GC(435)   Other: 0.07ms
[4436.721s][info][gc,heap        ] GC(435) Eden regions: 717->0(716)
[4436.721s][info][gc,heap        ] GC(435) Survivor regions: 51->52(96)
[4436.721s][info][gc,heap        ] GC(435) Old regions: 264->266
[4436.721s][info][gc,heap        ] GC(435) Humongous regions: 33->33
[4436.721s][info][gc,metaspace   ] GC(435) Metaspace: 29968K(30144K)->29968K(30144K) NonClass: 29968K(30144K)->29968K(30144K) Class: 0K(0K)->0K(0K)
[4436.721s][info][gc             ] GC(435) Pause Young (Normal) (G1 Evacuation Pause) 8490M->2781M(10240M) 164.169ms
[4436.721s][info][gc,cpu         ] GC(435) User=1.29s Sys=0.00s Real=0.16s
.......[4443.030s][info][gc,start       ] GC(436) Pause Young (Normal) (G1 Evacuation Pause)
[4443.030s][info][gc,task        ] GC(436) Using 8 workers of 8 for evacuation
[4443.198s][info][gc,phases      ] GC(436)   Pre Evacuate Collection Set: 0.30ms
[4443.198s][info][gc,phases      ] GC(436)   Merge Heap Roots: 0.57ms
[4443.198s][info][gc,phases      ] GC(436)   Evacuate Collection Set: 165.43ms
[4443.198s][info][gc,phases      ] GC(436)   Post Evacuate Collection Set: 1.32ms
[4443.198s][info][gc,phases      ] GC(436)   Other: 0.07ms
[4443.198s][info][gc,heap        ] GC(436) Eden regions: 716->0(715)
[4443.198s][info][gc,heap        ] GC(436) Survivor regions: 52->53(96)
[4443.198s][info][gc,heap        ] GC(436) Old regions: 266->269
[4443.198s][info][gc,heap        ] GC(436) Humongous regions: 33->33
[4443.198s][info][gc,metaspace   ] GC(436) Metaspace: 29968K(30144K)->29968K(30144K) NonClass: 29968K(30144K)->29968K(30144K) Class: 0K(0K)->0K(0K)
[4443.198s][info][gc             ] GC(436) Pause Young (Normal) (G1 Evacuation Pause) 8509M->2813M(10240M) 167.846ms
[4443.198s][info][gc,cpu         ] GC(436) User=1.32s Sys=0.00s Real=0.17s
......[4449.490s][info][gc,start       ] GC(437) Pause Young (Normal) (G1 Evacuation Pause)
[4449.490s][info][gc,task        ] GC(437) Using 8 workers of 8 for evacuation
[4449.655s][info][gc,phases      ] GC(437)   Pre Evacuate Collection Set: 0.30ms
[4449.655s][info][gc,phases      ] GC(437)   Merge Heap Roots: 0.56ms
[4449.655s][info][gc,phases      ] GC(437)   Evacuate Collection Set: 162.36ms
[4449.655s][info][gc,phases      ] GC(437)   Post Evacuate Collection Set: 1.30ms
[4449.655s][info][gc,phases      ] GC(437)   Other: 0.06ms
[4449.655s][info][gc,heap        ] GC(437) Eden regions: 715->0(715)
[4449.655s][info][gc,heap        ] GC(437) Survivor regions: 53->53(96)
[4449.655s][info][gc,heap        ] GC(437) Old regions: 269->271
[4449.655s][info][gc,heap        ] GC(437) Humongous regions: 33->33
[4449.655s][info][gc,metaspace   ] GC(437) Metaspace: 29971K(30144K)->29971K(30144K) NonClass: 29971K(30144K)->29971K(30144K) Class: 0K(0K)->0K(0K)
[4449.655s][info][gc             ] GC(437) Pause Young (Normal) (G1 Evacuation Pause) 8533M->2834M(10240M) 164.721ms
[4449.655s][info][gc,cpu         ] GC(437) User=1.29s Sys=0.01s Real=0.16s
.......[4455.943s][info][gc,start       ] GC(438) Pause Young (Normal) (G1 Evacuation Pause)
[4455.943s][info][gc,task        ] GC(438) Using 8 workers of 8 for evacuation
[4456.105s][info][gc,phases      ] GC(438)   Pre Evacuate Collection Set: 0.30ms
[4456.106s][info][gc,phases      ] GC(438)   Merge Heap Roots: 0.56ms
[4456.106s][info][gc,phases      ] GC(438)   Evacuate Collection Set: 160.55ms
[4456.106s][info][gc,phases      ] GC(438)   Post Evacuate Collection Set: 1.33ms
[4456.106s][info][gc,phases      ] GC(438)   Other: 0.07ms
[4456.106s][info][gc,heap        ] GC(438) Eden regions: 715->0(717)
[4456.106s][info][gc,heap        ] GC(438) Survivor regions: 53->51(96)
[4456.106s][info][gc,heap        ] GC(438) Old regions: 271->274
[4456.106s][info][gc,heap        ] GC(438) Humongous regions: 33->33
[4456.106s][info][gc,metaspace   ] GC(438) Metaspace: 29971K(30144K)->29971K(30144K) NonClass: 29971K(30144K)->29971K(30144K) Class: 0K(0K)->0K(0K)
[4456.106s][info][gc             ] GC(438) Pause Young (Normal) (G1 Evacuation Pause) 8554M->2834M(10240M) 162.951ms
[4456.106s][info][gc,cpu         ] GC(438) User=1.28s Sys=0.00s Real=0.16s
......[4462.379s][info][gc,start       ] GC(439) Pause Young (Normal) (G1 Evacuation Pause)
[4462.379s][info][gc,task        ] GC(439) Using 8 workers of 8 for evacuation
[4462.542s][info][gc,phases      ] GC(439)   Pre Evacuate Collection Set: 0.33ms
[4462.542s][info][gc,phases      ] GC(439)   Merge Heap Roots: 0.56ms
[4462.542s][info][gc,phases      ] GC(439)   Evacuate Collection Set: 160.32ms
[4462.542s][info][gc,phases      ] GC(439)   Post Evacuate Collection Set: 1.30ms
[4462.542s][info][gc,phases      ] GC(439)   Other: 0.06ms
[4462.542s][info][gc,heap        ] GC(439) Eden regions: 717->0(717)
[4462.542s][info][gc,heap        ] GC(439) Survivor regions: 51->51(96)
[4462.542s][info][gc,heap        ] GC(439) Old regions: 274->276
[4462.542s][info][gc,heap        ] GC(439) Humongous regions: 33->33
[4462.542s][info][gc,metaspace   ] GC(439) Metaspace: 29971K(30144K)->29971K(30144K) NonClass: 29971K(30144K)->29971K(30144K) Class: 0K(0K)->0K(0K)
[4462.542s][info][gc             ] GC(439) Pause Young (Normal) (G1 Evacuation Pause) 8570M->2854M(10240M) 162.723ms
[4462.542s][info][gc,cpu         ] GC(439) User=1.28s Sys=0.00s Real=0.16s
......[4468.871s][info][gc,start       ] GC(440) Pause Young (Normal) (G1 Evacuation Pause)
[4468.871s][info][gc,task        ] GC(440) Using 8 workers of 8 for evacuation
[4469.035s][info][gc,phases      ] GC(440)   Pre Evacuate Collection Set: 0.31ms
[4469.035s][info][gc,phases      ] GC(440)   Merge Heap Roots: 0.65ms
[4469.035s][info][gc,phases      ] GC(440)   Evacuate Collection Set: 161.74ms
[4469.035s][info][gc,phases      ] GC(440)   Post Evacuate Collection Set: 1.31ms
[4469.035s][info][gc,phases      ] GC(440)   Other: 0.07ms
[4469.035s][info][gc,heap        ] GC(440) Eden regions: 717->0(717)
[4469.035s][info][gc,heap        ] GC(440) Survivor regions: 51->51(96)
[4469.035s][info][gc,heap        ] GC(440) Old regions: 276->279
[4469.035s][info][gc,heap        ] GC(440) Humongous regions: 33->33
[4469.035s][info][gc,metaspace   ] GC(440) Metaspace: 29971K(30144K)->29971K(30144K) NonClass: 29971K(30144K)->29971K(30144K) Class: 0K(0K)->0K(0K)
[4469.035s][info][gc             ] GC(440) Pause Young (Normal) (G1 Evacuation Pause) 8590M->2878M(10240M) 164.211ms
[4469.035s][info][gc,cpu         ] GC(440) User=1.29s Sys=0.00s Real=0.16s
.......[4475.339s][info][gc,start       ] GC(441) Pause Young (Normal) (G1 Evacuation Pause)
[4475.339s][info][gc,task        ] GC(441) Using 8 workers of 8 for evacuation
[4475.506s][info][gc,phases      ] GC(441)   Pre Evacuate Collection Set: 0.29ms
[4475.506s][info][gc,phases      ] GC(441)   Merge Heap Roots: 0.61ms
[4475.506s][info][gc,phases      ] GC(441)   Evacuate Collection Set: 165.10ms
[4475.506s][info][gc,phases      ] GC(441)   Post Evacuate Collection Set: 1.30ms
[4475.506s][info][gc,phases      ] GC(441)   Other: 0.07ms
[4475.506s][info][gc,heap        ] GC(441) Eden regions: 717->0(715)
[4475.506s][info][gc,heap        ] GC(441) Survivor regions: 51->53(96)
[4475.506s][info][gc,heap        ] GC(441) Old regions: 279->281
[4475.506s][info][gc,heap        ] GC(441) Humongous regions: 33->33
[4475.506s][info][gc,metaspace   ] GC(441) Metaspace: 29971K(30144K)->29971K(30144K) NonClass: 29971K(30144K)->29971K(30144K) Class: 0K(0K)->0K(0K)
[4475.506s][info][gc             ] GC(441) Pause Young (Normal) (G1 Evacuation Pause) 8614M->2910M(10240M) 167.506ms
[4475.506s][info][gc,cpu         ] GC(441) User=1.32s Sys=0.00s Real=0.17s
......[4481.821s][info][gc,start       ] GC(442) Pause Young (Normal) (G1 Evacuation Pause)
[4481.821s][info][gc,task        ] GC(442) Using 8 workers of 8 for evacuation
[4481.988s][info][gc,phases      ] GC(442)   Pre Evacuate Collection Set: 0.28ms
[4481.988s][info][gc,phases      ] GC(442)   Merge Heap Roots: 0.58ms
[4481.988s][info][gc,phases      ] GC(442)   Evacuate Collection Set: 165.22ms
[4481.988s][info][gc,phases      ] GC(442)   Post Evacuate Collection Set: 1.31ms
[4481.988s][info][gc,phases      ] GC(442)   Other: 0.08ms
[4481.988s][info][gc,heap        ] GC(442) Eden regions: 715->0(715)
[4481.988s][info][gc,heap        ] GC(442) Survivor regions: 53->53(96)
[4481.988s][info][gc,heap        ] GC(442) Old regions: 281->284
[4481.988s][info][gc,heap        ] GC(442) Humongous regions: 33->33
[4481.988s][info][gc,metaspace   ] GC(442) Metaspace: 29971K(30144K)->29971K(30144K) NonClass: 29971K(30144K)->29971K(30144K) Class: 0K(0K)->0K(0K)
[4481.988s][info][gc             ] GC(442) Pause Young (Normal) (G1 Evacuation Pause) 8630M->2934M(10240M) 167.611ms
[4481.989s][info][gc,cpu         ] GC(442) User=1.32s Sys=0.00s Real=0.17s
.......[4488.275s][info][gc,start       ] GC(443) Pause Young (Normal) (G1 Evacuation Pause)
[4488.275s][info][gc,task        ] GC(443) Using 8 workers of 8 for evacuation
[4488.437s][info][gc,phases      ] GC(443)   Pre Evacuate Collection Set: 0.31ms
[4488.437s][info][gc,phases      ] GC(443)   Merge Heap Roots: 0.63ms
[4488.437s][info][gc,phases      ] GC(443)   Evacuate Collection Set: 159.99ms
[4488.437s][info][gc,phases      ] GC(443)   Post Evacuate Collection Set: 1.29ms
[4488.437s][info][gc,phases      ] GC(443)   Other: 0.07ms
[4488.437s][info][gc,heap        ] GC(443) Eden regions: 715->0(716)
[4488.437s][info][gc,heap        ] GC(443) Survivor regions: 53->52(96)
[4488.437s][info][gc,heap        ] GC(443) Old regions: 284->286
[4488.437s][info][gc,heap        ] GC(443) Humongous regions: 33->33
[4488.437s][info][gc,metaspace   ] GC(443) Metaspace: 29971K(30144K)->29971K(30144K) NonClass: 29971K(30144K)->29971K(30144K) Class: 0K(0K)->0K(0K)
[4488.437s][info][gc             ] GC(443) Pause Young (Normal) (G1 Evacuation Pause) 8654M->2947M(10240M) 162.417ms
[4488.437s][info][gc,cpu         ] GC(443) User=1.27s Sys=0.00s Real=0.17s
..... (rIR:aIR:PR = 7472:7468:7468) (tPR = 110760) [OK] 
  4492s: Performance info:
         Transaction,    Success,    Partial,     Failed,   Receipts, AvgBarcode, 
             Overall,     449418,          0,          0,     426908,      59.47, 
         Response times:
             Request,    Success,    Partial,     Failed,   SkipFail,     Probes,    Samples,      min,      p50,      p90,      p95,      p99,      max, 
       TotalPurchase,     426908,          0,          0,          0,     361670,     417265,      400,     5200,     9900,    15900,    74000,   393000,
     InStorePurchase,     224368,          0,          0,          0,     190262,     219120,      400,     5100,     9900,    15700,    73000,   393000,
      OnlinePurchase,     157564,          0,          0,          0,     133287,     153537,      400,     5100,    10000,    16000,    73620,   392000,
        InstPurchase,      44976,          0,          0,          0,      38121,      44608,      400,     5700,    10100,    17400,    78000,   321000,
          AssocOfCat,        451,          0,          0,          0,        351,        486,    30000,    40000,    60000,    81000,   134860,   213000,
      AssocOfProduct,       4496,          0,          0,          0,       4236,       5104,      700,     6100,    10400,    16000,    76000,   182000,
      BusinessReport,       1122,          0,          0,          0,        987,       1273,    33000,    46000,    67000,    94900,   166160,   248000,
          CustBuyBeh,       4509,          0,          0,          0,       4203,       5105,      300,     4500,     9700,    14870,    68000,   320000,
       ProductReturn,      11932,          0,          0,          0,      10292,      12189,      200,     5400,    10200,    15800,    73000,   301000,

  4492s: (55%)   IR =   7610 .[4494.656s][info][gc,start       ] GC(444) Pause Young (Normal) (G1 Evacuation Pause)
[4494.656s][info][gc,task        ] GC(444) Using 8 workers of 8 for evacuation
[4494.827s][info][gc,phases      ] GC(444)   Pre Evacuate Collection Set: 0.31ms
[4494.827s][info][gc,phases      ] GC(444)   Merge Heap Roots: 0.58ms
[4494.827s][info][gc,phases      ] GC(444)   Evacuate Collection Set: 168.61ms
[4494.827s][info][gc,phases      ] GC(444)   Post Evacuate Collection Set: 1.27ms
[4494.827s][info][gc,phases      ] GC(444)   Other: 0.07ms
[4494.827s][info][gc,heap        ] GC(444) Eden regions: 716->0(714)
[4494.827s][info][gc,heap        ] GC(444) Survivor regions: 52->54(96)
[4494.827s][info][gc,heap        ] GC(444) Old regions: 286->289
[4494.827s][info][gc,heap        ] GC(444) Humongous regions: 33->33
[4494.827s][info][gc,metaspace   ] GC(444) Metaspace: 29971K(30144K)->29971K(30144K) NonClass: 29971K(30144K)->29971K(30144K) Class: 0K(0K)->0K(0K)
[4494.827s][info][gc             ] GC(444) Pause Young (Normal) (G1 Evacuation Pause) 8675M->2978M(10240M) 170.985ms
[4494.827s][info][gc,cpu         ] GC(444) User=1.35s Sys=0.00s Real=0.17s
....|..[4501.035s][info][gc,start       ] GC(445) Pause Young (Normal) (G1 Evacuation Pause)
[4501.035s][info][gc,task        ] GC(445) Using 8 workers of 8 for evacuation
[4501.197s][info][gc,phases      ] GC(445)   Pre Evacuate Collection Set: 0.30ms
[4501.197s][info][gc,phases      ] GC(445)   Merge Heap Roots: 0.55ms
[4501.197s][info][gc,phases      ] GC(445)   Evacuate Collection Set: 159.40ms
[4501.197s][info][gc,phases      ] GC(445)   Post Evacuate Collection Set: 1.31ms
[4501.197s][info][gc,phases      ] GC(445)   Other: 0.06ms
[4501.197s][info][gc,heap        ] GC(445) Eden regions: 714->0(717)
[4501.197s][info][gc,heap        ] GC(445) Survivor regions: 54->51(96)
[4501.197s][info][gc,heap        ] GC(445) Old regions: 289->291
[4501.197s][info][gc,heap        ] GC(445) Humongous regions: 33->33
[4501.197s][info][gc,metaspace   ] GC(445) Metaspace: 29971K(30144K)->29971K(30144K) NonClass: 29971K(30144K)->29971K(30144K) Class: 0K(0K)->0K(0K)
[4501.197s][info][gc             ] GC(445) Pause Young (Normal) (G1 Evacuation Pause) 8690M->2979M(10240M) 161.749ms
[4501.197s][info][gc,cpu         ] GC(445) User=1.28s Sys=0.00s Real=0.17s
.......[4507.372s][info][gc,start       ] GC(446) Pause Young (Normal) (G1 Evacuation Pause)
[4507.372s][info][gc,task        ] GC(446) Using 8 workers of 8 for evacuation
[4507.537s][info][gc,phases      ] GC(446)   Pre Evacuate Collection Set: 0.30ms
[4507.537s][info][gc,phases      ] GC(446)   Merge Heap Roots: 0.56ms
[4507.537s][info][gc,phases      ] GC(446)   Evacuate Collection Set: 163.30ms
[4507.537s][info][gc,phases      ] GC(446)   Post Evacuate Collection Set: 1.35ms
[4507.537s][info][gc,phases      ] GC(446)   Other: 0.07ms
[4507.537s][info][gc,heap        ] GC(446) Eden regions: 717->0(716)
[4507.537s][info][gc,heap        ] GC(446) Survivor regions: 51->52(96)
[4507.537s][info][gc,heap        ] GC(446) Old regions: 291->294
[4507.537s][info][gc,heap        ] GC(446) Humongous regions: 33->33
[4507.537s][info][gc,metaspace   ] GC(446) Metaspace: 29971K(30144K)->29971K(30144K) NonClass: 29971K(30144K)->29971K(30144K) Class: 0K(0K)->0K(0K)
[4507.537s][info][gc             ] GC(446) Pause Young (Normal) (G1 Evacuation Pause) 8715M->3003M(10240M) 165.718ms
[4507.537s][info][gc,cpu         ] GC(446) User=1.30s Sys=0.00s Real=0.17s
......[4513.705s][info][gc,start       ] GC(447) Pause Young (Normal) (G1 Evacuation Pause)
[4513.705s][info][gc,task        ] GC(447) Using 8 workers of 8 for evacuation
[4513.874s][info][gc,phases      ] GC(447)   Pre Evacuate Collection Set: 0.29ms
[4513.874s][info][gc,phases      ] GC(447)   Merge Heap Roots: 0.57ms
[4513.874s][info][gc,phases      ] GC(447)   Evacuate Collection Set: 166.82ms
[4513.874s][info][gc,phases      ] GC(447)   Post Evacuate Collection Set: 1.33ms
[4513.874s][info][gc,phases      ] GC(447)   Other: 0.06ms
[4513.874s][info][gc,heap        ] GC(447) Eden regions: 716->0(715)
[4513.874s][info][gc,heap        ] GC(447) Survivor regions: 52->53(96)
[4513.874s][info][gc,heap        ] GC(447) Old regions: 294->296
[4513.874s][info][gc,heap        ] GC(447) Humongous regions: 33->33
[4513.874s][info][gc,metaspace   ] GC(447) Metaspace: 29971K(30144K)->29971K(30144K) NonClass: 29971K(30144K)->29971K(30144K) Class: 0K(0K)->0K(0K)
[4513.874s][info][gc             ] GC(447) Pause Young (Normal) (G1 Evacuation Pause) 8731M->3035M(10240M) 169.229ms
[4513.874s][info][gc,cpu         ] GC(447) User=1.33s Sys=0.00s Real=0.17s
......[4519.942s][info][gc,start       ] GC(448) Pause Young (Normal) (G1 Evacuation Pause)
[4519.943s][info][gc,task        ] GC(448) Using 8 workers of 8 for evacuation
[4520.104s][info][gc,phases      ] GC(448)   Pre Evacuate Collection Set: 0.32ms
[4520.104s][info][gc,phases      ] GC(448)   Merge Heap Roots: 0.57ms
[4520.104s][info][gc,phases      ] GC(448)   Evacuate Collection Set: 159.47ms
[4520.104s][info][gc,phases      ] GC(448)   Post Evacuate Collection Set: 1.33ms
[4520.104s][info][gc,phases      ] GC(448)   Other: 0.07ms
[4520.104s][info][gc,heap        ] GC(448) Eden regions: 715->0(717)
[4520.104s][info][gc,heap        ] GC(448) Survivor regions: 53->51(96)
[4520.104s][info][gc,heap        ] GC(448) Old regions: 296->299
[4520.104s][info][gc,heap        ] GC(448) Humongous regions: 33->33
[4520.104s][info][gc,metaspace   ] GC(448) Metaspace: 29971K(30144K)->29971K(30144K) NonClass: 29971K(30144K)->29971K(30144K) Class: 0K(0K)->0K(0K)
[4520.104s][info][gc             ] GC(448) Pause Young (Normal) (G1 Evacuation Pause) 8755M->3039M(10240M) 161.905ms
[4520.104s][info][gc,cpu         ] GC(448) User=1.28s Sys=0.00s Real=0.16s
.......[4526.336s][info][gc,start       ] GC(449) Pause Young (Normal) (G1 Evacuation Pause)
[4526.336s][info][gc,task        ] GC(449) Using 8 workers of 8 for evacuation
[4526.499s][info][gc,phases      ] GC(449)   Pre Evacuate Collection Set: 0.30ms
[4526.499s][info][gc,phases      ] GC(449)   Merge Heap Roots: 0.58ms
[4526.499s][info][gc,phases      ] GC(449)   Evacuate Collection Set: 160.83ms
[4526.499s][info][gc,phases      ] GC(449)   Post Evacuate Collection Set: 1.31ms
[4526.499s][info][gc,phases      ] GC(449)   Other: 0.07ms
[4526.499s][info][gc,heap        ] GC(449) Eden regions: 717->0(717)
[4526.499s][info][gc,heap        ] GC(449) Survivor regions: 51->51(96)
[4526.499s][info][gc,heap        ] GC(449) Old regions: 299->301
[4526.499s][info][gc,heap        ] GC(449) Humongous regions: 33->33
[4526.499s][info][gc,metaspace   ] GC(449) Metaspace: 29971K(30144K)->29971K(30144K) NonClass: 29971K(30144K)->29971K(30144K) Class: 0K(0K)->0K(0K)
[4526.499s][info][gc             ] GC(449) Pause Young (Normal) (G1 Evacuation Pause) 8775M->3055M(10240M) 163.243ms
[4526.499s][info][gc,cpu         ] GC(449) User=1.28s Sys=0.00s Real=0.16s
......[4532.670s][info][gc,start       ] GC(450) Pause Young (Normal) (G1 Evacuation Pause)
[4532.670s][info][gc,task        ] GC(450) Using 8 workers of 8 for evacuation
[4532.835s][info][gc,phases      ] GC(450)   Pre Evacuate Collection Set: 0.30ms
[4532.835s][info][gc,phases      ] GC(450)   Merge Heap Roots: 0.57ms
[4532.835s][info][gc,phases      ] GC(450)   Evacuate Collection Set: 162.48ms
[4532.835s][info][gc,phases      ] GC(450)   Post Evacuate Collection Set: 1.32ms
[4532.835s][info][gc,phases      ] GC(450)   Other: 0.07ms
[4532.835s][info][gc,heap        ] GC(450) Eden regions: 717->0(716)
[4532.835s][info][gc,heap        ] GC(450) Survivor regions: 51->52(96)
[4532.835s][info][gc,heap        ] GC(450) Old regions: 301->304
[4532.835s][info][gc,heap        ] GC(450) Humongous regions: 33->33
[4532.835s][info][gc,metaspace   ] GC(450) Metaspace: 29971K(30144K)->29971K(30144K) NonClass: 29971K(30144K)->29971K(30144K) Class: 0K(0K)->0K(0K)
[4532.835s][info][gc             ] GC(450) Pause Young (Normal) (G1 Evacuation Pause) 8791M->3087M(10240M) 164.873ms
[4532.835s][info][gc,cpu         ] GC(450) User=1.30s Sys=0.00s Real=0.16s
......[4538.909s][info][gc,start       ] GC(451) Pause Young (Normal) (G1 Evacuation Pause)
[4538.909s][info][gc,task        ] GC(451) Using 8 workers of 8 for evacuation
[4539.073s][info][gc,phases      ] GC(451)   Pre Evacuate Collection Set: 0.27ms
[4539.073s][info][gc,phases      ] GC(451)   Merge Heap Roots: 0.56ms
[4539.073s][info][gc,phases      ] GC(451)   Evacuate Collection Set: 162.24ms
[4539.073s][info][gc,phases      ] GC(451)   Post Evacuate Collection Set: 1.26ms
[4539.073s][info][gc,phases      ] GC(451)   Other: 0.07ms
[4539.073s][info][gc,heap        ] GC(451) Eden regions: 716->0(716)
[4539.073s][info][gc,heap        ] GC(451) Survivor regions: 52->52(96)
[4539.073s][info][gc,heap        ] GC(451) Old regions: 304->306
[4539.073s][info][gc,heap        ] GC(451) Humongous regions: 33->33
[4539.073s][info][gc,metaspace   ] GC(451) Metaspace: 29971K(30144K)->29971K(30144K) NonClass: 29971K(30144K)->29971K(30144K) Class: 0K(0K)->0K(0K)
[4539.073s][info][gc             ] GC(451) Pause Young (Normal) (G1 Evacuation Pause) 8815M->3102M(10240M) 164.540ms
[4539.073s][info][gc,cpu         ] GC(451) User=1.29s Sys=0.00s Real=0.16s
.......[4545.264s][info][gc,start       ] GC(452) Pause Young (Normal) (G1 Evacuation Pause)
[4545.264s][info][gc,task        ] GC(452) Using 8 workers of 8 for evacuation
[4545.432s][info][gc,phases      ] GC(452)   Pre Evacuate Collection Set: 0.29ms
[4545.432s][info][gc,phases      ] GC(452)   Merge Heap Roots: 0.56ms
[4545.432s][info][gc,phases      ] GC(452)   Evacuate Collection Set: 165.72ms
[4545.432s][info][gc,phases      ] GC(452)   Post Evacuate Collection Set: 1.32ms
[4545.432s][info][gc,phases      ] GC(452)   Other: 0.07ms
[4545.432s][info][gc,heap        ] GC(452) Eden regions: 716->0(715)
[4545.432s][info][gc,heap        ] GC(452) Survivor regions: 52->53(96)
[4545.432s][info][gc,heap        ] GC(452) Old regions: 306->309
[4545.432s][info][gc,heap        ] GC(452) Humongous regions: 33->33
[4545.432s][info][gc,metaspace   ] GC(452) Metaspace: 29971K(30144K)->29971K(30144K) NonClass: 29971K(30144K)->29971K(30144K) Class: 0K(0K)->0K(0K)
[4545.432s][info][gc             ] GC(452) Pause Young (Normal) (G1 Evacuation Pause) 8830M->3133M(10240M) 168.112ms
[4545.432s][info][gc,cpu         ] GC(452) User=1.32s Sys=0.00s Real=0.17s
......[4551.577s][info][gc,start       ] GC(453) Pause Young (Normal) (G1 Evacuation Pause)
[4551.577s][info][gc,task        ] GC(453) Using 8 workers of 8 for evacuation
[4551.744s][info][gc,phases      ] GC(453)   Pre Evacuate Collection Set: 0.30ms
[4551.744s][info][gc,phases      ] GC(453)   Merge Heap Roots: 0.66ms
[4551.744s][info][gc,phases      ] GC(453)   Evacuate Collection Set: 164.95ms
[4551.744s][info][gc,phases      ] GC(453)   Post Evacuate Collection Set: 1.30ms
[4551.744s][info][gc,phases      ] GC(453)   Other: 0.08ms
[4551.744s][info][gc,heap        ] GC(453) Eden regions: 715->0(714)
[4551.744s][info][gc,heap        ] GC(453) Survivor regions: 53->54(96)
[4551.744s][info][gc,heap        ] GC(453) Old regions: 309->311
[4551.744s][info][gc,heap        ] GC(453) Humongous regions: 33->33
[4551.744s][info][gc,metaspace   ] GC(453) Metaspace: 29971K(30144K)->29971K(30144K) NonClass: 29971K(30144K)->29971K(30144K) Class: 0K(0K)->0K(0K)
[4551.745s][info][gc             ] GC(453) Pause Young (Normal) (G1 Evacuation Pause) 8853M->3158M(10240M) 167.429ms
[4551.745s][info][gc,cpu         ] GC(453) User=1.31s Sys=0.00s Real=0.16s
......[4557.880s][info][gc,start       ] GC(454) Pause Young (Normal) (G1 Evacuation Pause)
[4557.880s][info][gc,task        ] GC(454) Using 8 workers of 8 for evacuation
[4558.043s][info][gc,phases      ] GC(454)   Pre Evacuate Collection Set: 0.29ms
[4558.043s][info][gc,phases      ] GC(454)   Merge Heap Roots: 0.58ms
[4558.043s][info][gc,phases      ] GC(454)   Evacuate Collection Set: 160.50ms
[4558.043s][info][gc,phases      ] GC(454)   Post Evacuate Collection Set: 1.31ms
[4558.043s][info][gc,phases      ] GC(454)   Other: 0.07ms
[4558.043s][info][gc,heap        ] GC(454) Eden regions: 714->0(716)
[4558.043s][info][gc,heap        ] GC(454) Survivor regions: 54->52(96)
[4558.043s][info][gc,heap        ] GC(454) Old regions: 311->314
[4558.043s][info][gc,heap        ] GC(454) Humongous regions: 33->33
[4558.043s][info][gc,metaspace   ] GC(454) Metaspace: 29971K(30144K)->29971K(30144K) NonClass: 29971K(30144K)->29971K(30144K) Class: 0K(0K)->0K(0K)
[4558.043s][info][gc             ] GC(454) Pause Young (Normal) (G1 Evacuation Pause) 8870M->3163M(10240M) 162.902ms
[4558.043s][info][gc,cpu         ] GC(454) User=1.28s Sys=0.00s Real=0.16s
. (rIR:aIR:PR = 7610:7644:7643) (tPR = 112682) [OK] 
  4558s: Performance info:
         Transaction,    Success,    Partial,     Failed,   Receipts, AvgBarcode, 
             Overall,     459242,          0,          0,     436292,      59.48, 
         Response times:
             Request,    Success,    Partial,     Failed,   SkipFail,     Probes,    Samples,      min,      p50,      p90,      p95,      p99,      max, 
       TotalPurchase,     436322,          0,          0,          0,     358554,     391084,      300,     5200,    10400,    17400,    77000,   347000,
     InStorePurchase,     230466,          0,          0,          0,     189302,     206408,      400,     5200,    10400,    17400,    76000,   346000,
      OnlinePurchase,     160087,          0,          0,          0,     131799,     143739,      300,     5200,    10400,    17600,    80000,   347000,
        InstPurchase,      45769,          0,          0,          0,      37453,      40937,      400,     5300,    10400,    17200,    76000,   307000,
          AssocOfCat,        458,          0,          0,          0,        381,        526,    29000,    40000,    62000,    88650,   211190,   223000,
      AssocOfProduct,       4569,          0,          0,          0,       4282,       4910,      400,     4950,    10400,    14800,    72780,   347000,
      BusinessReport,       1148,          0,          0,          0,       1006,       1220,    31000,    47000,    68000,    87000,   152590,   232000,
          CustBuyBeh,       4586,          0,          0,          0,       4325,       5019,      300,     5500,    10200,    17000,    85000,   184000,
       ProductReturn,      12195,          0,          0,          0,       9272,      10400,      200,     5500,    10500,    17700,    79000,   307000,

  4558s: (56%)   IR =   7749 ....|.[4564.270s][info][gc,start       ] GC(455) Pause Young (Normal) (G1 Evacuation Pause)
[4564.270s][info][gc,task        ] GC(455) Using 8 workers of 8 for evacuation
[4564.433s][info][gc,phases      ] GC(455)   Pre Evacuate Collection Set: 0.32ms
[4564.433s][info][gc,phases      ] GC(455)   Merge Heap Roots: 0.73ms
[4564.433s][info][gc,phases      ] GC(455)   Evacuate Collection Set: 160.99ms
[4564.433s][info][gc,phases      ] GC(455)   Post Evacuate Collection Set: 1.32ms
[4564.433s][info][gc,phases      ] GC(455)   Other: 0.08ms
[4564.433s][info][gc,heap        ] GC(455) Eden regions: 716->0(717)
[4564.433s][info][gc,heap        ] GC(455) Survivor regions: 52->51(96)
[4564.433s][info][gc,heap        ] GC(455) Old regions: 314->316
[4564.433s][info][gc,heap        ] GC(455) Humongous regions: 33->33
[4564.433s][info][gc,metaspace   ] GC(455) Metaspace: 29971K(30144K)->29971K(30144K) NonClass: 29971K(30144K)->29971K(30144K) Class: 0K(0K)->0K(0K)
[4564.433s][info][gc             ] GC(455) Pause Young (Normal) (G1 Evacuation Pause) 8891M->3173M(10240M) 163.583ms
[4564.433s][info][gc,cpu         ] GC(455) User=1.28s Sys=0.01s Real=0.16s
.......[4570.544s][info][gc,start       ] GC(456) Pause Young (Normal) (G1 Evacuation Pause)
[4570.545s][info][gc,task        ] GC(456) Using 8 workers of 8 for evacuation
[4570.708s][info][gc,phases      ] GC(456)   Pre Evacuate Collection Set: 0.32ms
[4570.708s][info][gc,phases      ] GC(456)   Merge Heap Roots: 0.65ms
[4570.708s][info][gc,phases      ] GC(456)   Evacuate Collection Set: 161.17ms
[4570.708s][info][gc,phases      ] GC(456)   Post Evacuate Collection Set: 1.29ms
[4570.708s][info][gc,phases      ] GC(456)   Other: 0.06ms
[4570.708s][info][gc,heap        ] GC(456) Eden regions: 717->0(717)
[4570.708s][info][gc,heap        ] GC(456) Survivor regions: 51->51(96)
[4570.708s][info][gc,heap        ] GC(456) Old regions: 316->319
[4570.708s][info][gc,heap        ] GC(456) Humongous regions: 33->33
[4570.708s][info][gc,metaspace   ] GC(456) Metaspace: 29971K(30144K)->29971K(30144K) NonClass: 29971K(30144K)->29971K(30144K) Class: 0K(0K)->0K(0K)
[4570.708s][info][gc             ] GC(456) Pause Young (Normal) (G1 Evacuation Pause) 8909M->3198M(10240M) 163.638ms
[4570.708s][info][gc,cpu         ] GC(456) User=1.28s Sys=0.00s Real=0.17s
......[4576.753s][info][gc,start       ] GC(457) Pause Young (Normal) (G1 Evacuation Pause)
[4576.753s][info][gc,task        ] GC(457) Using 8 workers of 8 for evacuation
[4576.920s][info][gc,phases      ] GC(457)   Pre Evacuate Collection Set: 0.31ms
[4576.920s][info][gc,phases      ] GC(457)   Merge Heap Roots: 0.59ms
[4576.920s][info][gc,phases      ] GC(457)   Evacuate Collection Set: 164.04ms
[4576.920s][info][gc,phases      ] GC(457)   Post Evacuate Collection Set: 1.41ms
[4576.920s][info][gc,phases      ] GC(457)   Other: 0.07ms
[4576.920s][info][gc,heap        ] GC(457) Eden regions: 717->0(716)
[4576.920s][info][gc,heap        ] GC(457) Survivor regions: 51->52(96)
[4576.920s][info][gc,heap        ] GC(457) Old regions: 319->321
[4576.920s][info][gc,heap        ] GC(457) Humongous regions: 33->33
[4576.920s][info][gc,metaspace   ] GC(457) Metaspace: 29971K(30144K)->29971K(30144K) NonClass: 29971K(30144K)->29971K(30144K) Class: 0K(0K)->0K(0K)
[4576.920s][info][gc             ] GC(457) Pause Young (Normal) (G1 Evacuation Pause) 8934M->3225M(10240M) 166.549ms
[4576.920s][info][gc,cpu         ] GC(457) User=1.31s Sys=0.00s Real=0.17s
......[4583.070s][info][gc,start       ] GC(458) Pause Young (Normal) (G1 Evacuation Pause)
[4583.070s][info][gc,task        ] GC(458) Using 8 workers of 8 for evacuation
[4583.232s][info][gc,phases      ] GC(458)   Pre Evacuate Collection Set: 0.33ms
[4583.232s][info][gc,phases      ] GC(458)   Merge Heap Roots: 0.58ms
[4583.232s][info][gc,phases      ] GC(458)   Evacuate Collection Set: 159.44ms
[4583.232s][info][gc,phases      ] GC(458)   Post Evacuate Collection Set: 1.31ms
[4583.232s][info][gc,phases      ] GC(458)   Other: 0.06ms
[4583.232s][info][gc,heap        ] GC(458) Eden regions: 716->0(717)
[4583.232s][info][gc,heap        ] GC(458) Survivor regions: 52->51(96)
[4583.232s][info][gc,heap        ] GC(458) Old regions: 321->324
[4583.232s][info][gc,heap        ] GC(458) Humongous regions: 33->33
[4583.232s][info][gc,metaspace   ] GC(458) Metaspace: 29971K(30144K)->29971K(30144K) NonClass: 29971K(30144K)->29971K(30144K) Class: 0K(0K)->0K(0K)
[4583.232s][info][gc             ] GC(458) Pause Young (Normal) (G1 Evacuation Pause) 8953M->3234M(10240M) 161.871ms
[4583.232s][info][gc,cpu         ] GC(458) User=1.27s Sys=0.00s Real=0.16s
......[4589.360s][info][gc,start       ] GC(459) Pause Young (Normal) (G1 Evacuation Pause)
[4589.360s][info][gc,task        ] GC(459) Using 8 workers of 8 for evacuation
[4589.526s][info][gc,phases      ] GC(459)   Pre Evacuate Collection Set: 0.28ms
[4589.526s][info][gc,phases      ] GC(459)   Merge Heap Roots: 0.58ms
[4589.526s][info][gc,phases      ] GC(459)   Evacuate Collection Set: 164.30ms
[4589.526s][info][gc,phases      ] GC(459)   Post Evacuate Collection Set: 1.31ms
[4589.526s][info][gc,phases      ] GC(459)   Other: 0.06ms
[4589.526s][info][gc,heap        ] GC(459) Eden regions: 717->0(716)
[4589.526s][info][gc,heap        ] GC(459) Survivor regions: 51->52(96)
[4589.526s][info][gc,heap        ] GC(459) Old regions: 324->326
[4589.526s][info][gc,heap        ] GC(459) Humongous regions: 33->33
[4589.526s][info][gc,metaspace   ] GC(459) Metaspace: 29971K(30144K)->29971K(30144K) NonClass: 29971K(30144K)->29971K(30144K) Class: 0K(0K)->0K(0K)
[4589.526s][info][gc             ] GC(459) Pause Young (Normal) (G1 Evacuation Pause) 8970M->3266M(10240M) 166.675ms
[4589.526s][info][gc,cpu         ] GC(459) User=1.31s Sys=0.00s Real=0.17s
.......[4595.580s][info][gc,start       ] GC(460) Pause Young (Normal) (G1 Evacuation Pause)
[4595.580s][info][gc,task        ] GC(460) Using 8 workers of 8 for evacuation
[4595.750s][info][gc,phases      ] GC(460)   Pre Evacuate Collection Set: 0.28ms
[4595.750s][info][gc,phases      ] GC(460)   Merge Heap Roots: 0.64ms
[4595.750s][info][gc,phases      ] GC(460)   Evacuate Collection Set: 167.79ms
[4595.750s][info][gc,phases      ] GC(460)   Post Evacuate Collection Set: 1.29ms
[4595.750s][info][gc,phases      ] GC(460)   Other: 0.07ms
[4595.750s][info][gc,heap        ] GC(460) Eden regions: 716->0(715)
[4595.750s][info][gc,heap        ] GC(460) Survivor regions: 52->53(96)
[4595.750s][info][gc,heap        ] GC(460) Old regions: 326->329
[4595.750s][info][gc,heap        ] GC(460) Humongous regions: 33->33
[4595.750s][info][gc,metaspace   ] GC(460) Metaspace: 29971K(30144K)->29971K(30144K) NonClass: 29971K(30144K)->29971K(30144K) Class: 0K(0K)->0K(0K)
[4595.750s][info][gc             ] GC(460) Pause Young (Normal) (G1 Evacuation Pause) 8994M->3294M(10240M) 170.210ms
[4595.750s][info][gc,cpu         ] GC(460) User=1.34s Sys=0.00s Real=0.17s
......[4601.737s][info][gc,start       ] GC(461) Pause Young (Normal) (G1 Evacuation Pause)
[4601.737s][info][gc,task        ] GC(461) Using 8 workers of 8 for evacuation
[4601.903s][info][gc,phases      ] GC(461)   Pre Evacuate Collection Set: 0.30ms
[4601.903s][info][gc,phases      ] GC(461)   Merge Heap Roots: 0.58ms
[4601.903s][info][gc,phases      ] GC(461)   Evacuate Collection Set: 164.38ms
[4601.903s][info][gc,phases      ] GC(461)   Post Evacuate Collection Set: 1.35ms
[4601.903s][info][gc,phases      ] GC(461)   Other: 0.06ms
[4601.903s][info][gc,heap        ] GC(461) Eden regions: 715->0(716)
[4601.903s][info][gc,heap        ] GC(461) Survivor regions: 53->52(96)
[4601.903s][info][gc,heap        ] GC(461) Old regions: 329->331
[4601.903s][info][gc,heap        ] GC(461) Humongous regions: 33->33
[4601.904s][info][gc,metaspace   ] GC(461) Metaspace: 29971K(30144K)->29971K(30144K) NonClass: 29971K(30144K)->29971K(30144K) Class: 0K(0K)->0K(0K)
[4601.904s][info][gc             ] GC(461) Pause Young (Normal) (G1 Evacuation Pause) 9014M->3306M(10240M) 166.819ms
[4601.904s][info][gc,cpu         ] GC(461) User=1.31s Sys=0.00s Real=0.16s
......[4607.949s][info][gc,start       ] GC(462) Pause Young (Normal) (G1 Evacuation Pause)
[4607.949s][info][gc,task        ] GC(462) Using 8 workers of 8 for evacuation
[4608.110s][info][gc,phases      ] GC(462)   Pre Evacuate Collection Set: 0.29ms
[4608.110s][info][gc,phases      ] GC(462)   Merge Heap Roots: 0.69ms
[4608.110s][info][gc,phases      ] GC(462)   Evacuate Collection Set: 158.61ms
[4608.110s][info][gc,phases      ] GC(462)   Post Evacuate Collection Set: 1.31ms
[4608.110s][info][gc,phases      ] GC(462)   Other: 0.07ms
[4608.110s][info][gc,heap        ] GC(462) Eden regions: 716->0(717)
[4608.110s][info][gc,heap        ] GC(462) Survivor regions: 52->51(96)
[4608.110s][info][gc,heap        ] GC(462) Old regions: 331->334
[4608.110s][info][gc,heap        ] GC(462) Humongous regions: 33->33
[4608.110s][info][gc,metaspace   ] GC(462) Metaspace: 29971K(30144K)->29971K(30144K) NonClass: 29971K(30144K)->29971K(30144K) Class: 0K(0K)->0K(0K)
[4608.110s][info][gc             ] GC(462) Pause Young (Normal) (G1 Evacuation Pause) 9034M->3317M(10240M) 161.112ms
[4608.110s][info][gc,cpu         ] GC(462) User=1.27s Sys=0.00s Real=0.16s
......[4614.078s][info][gc,start       ] GC(463) Pause Young (Normal) (G1 Evacuation Pause)
[4614.078s][info][gc,task        ] GC(463) Using 8 workers of 8 for evacuation
[4614.240s][info][gc,phases      ] GC(463)   Pre Evacuate Collection Set: 0.32ms
[4614.240s][info][gc,phases      ] GC(463)   Merge Heap Roots: 0.58ms
[4614.240s][info][gc,phases      ] GC(463)   Evacuate Collection Set: 159.87ms
[4614.240s][info][gc,phases      ] GC(463)   Post Evacuate Collection Set: 1.28ms
[4614.240s][info][gc,phases      ] GC(463)   Other: 0.06ms
[4614.240s][info][gc,heap        ] GC(463) Eden regions: 717->0(716)
[4614.240s][info][gc,heap        ] GC(463) Survivor regions: 51->52(96)
[4614.240s][info][gc,heap        ] GC(463) Old regions: 334->336
[4614.240s][info][gc,heap        ] GC(463) Humongous regions: 33->33
[4614.240s][info][gc,metaspace   ] GC(463) Metaspace: 29971K(30144K)->29971K(30144K) NonClass: 29971K(30144K)->29971K(30144K) Class: 0K(0K)->0K(0K)
[4614.240s][info][gc             ] GC(463) Pause Young (Normal) (G1 Evacuation Pause) 9053M->3346M(10240M) 162.257ms
[4614.240s][info][gc,cpu         ] GC(463) User=1.27s Sys=0.00s Real=0.16s
......[4620.358s][info][gc,start       ] GC(464) Pause Young (Normal) (G1 Evacuation Pause)
[4620.358s][info][gc,task        ] GC(464) Using 8 workers of 8 for evacuation
[4620.524s][info][gc,phases      ] GC(464)   Pre Evacuate Collection Set: 0.28ms
[4620.524s][info][gc,phases      ] GC(464)   Merge Heap Roots: 0.64ms
[4620.524s][info][gc,phases      ] GC(464)   Evacuate Collection Set: 164.23ms
[4620.524s][info][gc,phases      ] GC(464)   Post Evacuate Collection Set: 1.36ms
[4620.524s][info][gc,phases      ] GC(464)   Other: 0.06ms
[4620.524s][info][gc,heap        ] GC(464) Eden regions: 716->0(715)
[4620.524s][info][gc,heap        ] GC(464) Survivor regions: 52->53(96)
[4620.524s][info][gc,heap        ] GC(464) Old regions: 336->339
[4620.524s][info][gc,heap        ] GC(464) Humongous regions: 33->33
[4620.524s][info][gc,metaspace   ] GC(464) Metaspace: 29971K(30144K)->29971K(30144K) NonClass: 29971K(30144K)->29971K(30144K) Class: 0K(0K)->0K(0K)
[4620.525s][info][gc             ] GC(464) Pause Young (Normal) (G1 Evacuation Pause) 9074M->3373M(10240M) 166.705ms
[4620.525s][info][gc,cpu         ] GC(464) User=1.31s Sys=0.01s Real=0.16s
... (rIR:aIR:PR = 7749:7743:7743) (tPR = 115578) [OK] 
  4622s: Performance info:
         Transaction,    Success,    Partial,     Failed,   Receipts, AvgBarcode, 
             Overall,     466498,          0,          0,     443276,      59.48, 
         Response times:
             Request,    Success,    Partial,     Failed,   SkipFail,     Probes,    Samples,      min,      p50,      p90,      p95,      p99,      max, 
       TotalPurchase,     443276,          0,          0,          0,     362218,     386840,      300,     5400,    10900,    21000,    88000,   457000,
     InStorePurchase,     232201,          0,          0,          0,     190379,     202964,      300,     5300,    10900,    20000,    87000,   457000,
      OnlinePurchase,     164288,          0,          0,          0,     133401,     142346,      300,     5500,    10900,    22000,    89000,   455000,
        InstPurchase,      46787,          0,          0,          0,      38438,      41530,      400,     5300,    11100,    22000,    87000,   368000,
          AssocOfCat,        466,          0,          0,          0,        383,        493,    27000,    40000,    59000,    80200,   137480,   165000,
      AssocOfProduct,       4674,          0,          0,          0,       4354,       4869,      500,     5900,    11500,    21000,    87300,   272000,
      BusinessReport,       1167,          0,          0,          0,       1014,       1191,    33000,    47000,    65000,    81000,   195640,   359000,
          CustBuyBeh,       4666,          0,          0,          0,       4343,       4900,      300,     5100,    11100,    19890,    90000,   339000,
       ProductReturn,      12249,          0,          0,          0,       9440,      10437,      200,     4800,    10300,    16600,    77000,   457000,

  4622s: (57%)   IR =   7887 ...[4626.438s][info][gc,start       ] GC(465) Pause Young (Normal) (G1 Evacuation Pause)
[4626.438s][info][gc,task        ] GC(465) Using 8 workers of 8 for evacuation
[4626.601s][info][gc,phases      ] GC(465)   Pre Evacuate Collection Set: 0.31ms
[4626.601s][info][gc,phases      ] GC(465)   Merge Heap Roots: 0.59ms
[4626.601s][info][gc,phases      ] GC(465)   Evacuate Collection Set: 160.66ms
[4626.601s][info][gc,phases      ] GC(465)   Post Evacuate Collection Set: 1.33ms
[4626.601s][info][gc,phases      ] GC(465)   Other: 0.07ms
[4626.601s][info][gc,heap        ] GC(465) Eden regions: 715->0(716)
[4626.601s][info][gc,heap        ] GC(465) Survivor regions: 53->52(96)
[4626.601s][info][gc,heap        ] GC(465) Old regions: 339->341
[4626.601s][info][gc,heap        ] GC(465) Humongous regions: 33->33
[4626.601s][info][gc,metaspace   ] GC(465) Metaspace: 29971K(30144K)->29971K(30144K) NonClass: 29971K(30144K)->29971K(30144K) Class: 0K(0K)->0K(0K)
[4626.601s][info][gc             ] GC(465) Pause Young (Normal) (G1 Evacuation Pause) 9093M->3384M(10240M) 163.102ms
[4626.601s][info][gc,cpu         ] GC(465) User=1.28s Sys=0.00s Real=0.16s
....|..[4632.492s][info][gc,start       ] GC(466) Pause Young (Normal) (G1 Evacuation Pause)
[4632.492s][info][gc,task        ] GC(466) Using 8 workers of 8 for evacuation
[4632.661s][info][gc,phases      ] GC(466)   Pre Evacuate Collection Set: 0.29ms
[4632.661s][info][gc,phases      ] GC(466)   Merge Heap Roots: 0.57ms
[4632.661s][info][gc,phases      ] GC(466)   Evacuate Collection Set: 167.21ms
[4632.661s][info][gc,phases      ] GC(466)   Post Evacuate Collection Set: 1.32ms
[4632.661s][info][gc,phases      ] GC(466)   Other: 0.06ms
[4632.661s][info][gc,heap        ] GC(466) Eden regions: 716->0(714)
[4632.661s][info][gc,heap        ] GC(466) Survivor regions: 52->54(96)
[4632.661s][info][gc,heap        ] GC(466) Old regions: 341->344
[4632.661s][info][gc,heap        ] GC(466) Humongous regions: 33->33
[4632.661s][info][gc,metaspace   ] GC(466) Metaspace: 29971K(30144K)->29971K(30144K) NonClass: 29971K(30144K)->29971K(30144K) Class: 0K(0K)->0K(0K)
[4632.661s][info][gc             ] GC(466) Pause Young (Normal) (G1 Evacuation Pause) 9112M->3416M(10240M) 169.598ms
[4632.661s][info][gc,cpu         ] GC(466) User=1.33s Sys=0.00s Real=0.17s
.......[4638.674s][info][gc,start       ] GC(467) Pause Young (Normal) (G1 Evacuation Pause)
[4638.674s][info][gc,task        ] GC(467) Using 8 workers of 8 for evacuation
[4638.839s][info][gc,phases      ] GC(467)   Pre Evacuate Collection Set: 0.28ms
[4638.839s][info][gc,phases      ] GC(467)   Merge Heap Roots: 0.58ms
[4638.839s][info][gc,phases      ] GC(467)   Evacuate Collection Set: 163.01ms
[4638.839s][info][gc,phases      ] GC(467)   Post Evacuate Collection Set: 1.30ms
[4638.839s][info][gc,phases      ] GC(467)   Other: 0.07ms
[4638.839s][info][gc,heap        ] GC(467) Eden regions: 714->0(716)
[4638.839s][info][gc,heap        ] GC(467) Survivor regions: 54->52(96)
[4638.839s][info][gc,heap        ] GC(467) Old regions: 344->346
[4638.839s][info][gc,heap        ] GC(467) Humongous regions: 33->33
[4638.839s][info][gc,metaspace   ] GC(467) Metaspace: 29971K(30144K)->29971K(30144K) NonClass: 29971K(30144K)->29971K(30144K) Class: 0K(0K)->0K(0K)
[4638.839s][info][gc             ] GC(467) Pause Young (Normal) (G1 Evacuation Pause) 9128M->3424M(10240M) 165.366ms
[4638.839s][info][gc,cpu         ] GC(467) User=1.30s Sys=0.01s Real=0.17s
......[4644.871s][info][gc,start       ] GC(468) Pause Young (Normal) (G1 Evacuation Pause)
[4644.871s][info][gc,task        ] GC(468) Using 8 workers of 8 for evacuation
[4645.035s][info][gc,phases      ] GC(468)   Pre Evacuate Collection Set: 0.29ms
[4645.035s][info][gc,phases      ] GC(468)   Merge Heap Roots: 0.65ms
[4645.035s][info][gc,phases      ] GC(468)   Evacuate Collection Set: 161.36ms
[4645.035s][info][gc,phases      ] GC(468)   Post Evacuate Collection Set: 1.31ms
[4645.035s][info][gc,phases      ] GC(468)   Other: 0.07ms
[4645.035s][info][gc,heap        ] GC(468) Eden regions: 716->0(715)
[4645.035s][info][gc,heap        ] GC(468) Survivor regions: 52->53(96)
[4645.035s][info][gc,heap        ] GC(468) Old regions: 346->349
[4645.035s][info][gc,heap        ] GC(468) Humongous regions: 33->33
[4645.035s][info][gc,metaspace   ] GC(468) Metaspace: 29971K(30144K)->29971K(30144K) NonClass: 29971K(30144K)->29971K(30144K) Class: 0K(0K)->0K(0K)
[4645.035s][info][gc             ] GC(468) Pause Young (Normal) (G1 Evacuation Pause) 9152M->3449M(10240M) 163.820ms
[4645.035s][info][gc,cpu         ] GC(468) User=1.29s Sys=0.00s Real=0.16s
......[4650.969s][info][gc,start       ] GC(469) Pause Young (Normal) (G1 Evacuation Pause)
[4650.969s][info][gc,task        ] GC(469) Using 8 workers of 8 for evacuation
[4651.132s][info][gc,phases      ] GC(469)   Pre Evacuate Collection Set: 0.33ms
[4651.132s][info][gc,phases      ] GC(469)   Merge Heap Roots: 0.64ms
[4651.132s][info][gc,phases      ] GC(469)   Evacuate Collection Set: 160.06ms
[4651.132s][info][gc,phases      ] GC(469)   Post Evacuate Collection Set: 1.34ms
[4651.132s][info][gc,phases      ] GC(469)   Other: 0.06ms
[4651.132s][info][gc,heap        ] GC(469) Eden regions: 715->0(716)
[4651.132s][info][gc,heap        ] GC(469) Survivor regions: 53->52(96)
[4651.132s][info][gc,heap        ] GC(469) Old regions: 349->351
[4651.132s][info][gc,heap        ] GC(469) Humongous regions: 33->33
[4651.132s][info][gc,metaspace   ] GC(469) Metaspace: 29971K(30144K)->29971K(30144K) NonClass: 29971K(30144K)->29971K(30144K) Class: 0K(0K)->0K(0K)
[4651.132s][info][gc             ] GC(469) Pause Young (Normal) (G1 Evacuation Pause) 9169M->3461M(10240M) 162.585ms
[4651.132s][info][gc,cpu         ] GC(469) User=1.28s Sys=0.00s Real=0.16s
......[4657.205s][info][gc,start       ] GC(470) Pause Young (Normal) (G1 Evacuation Pause)
[4657.206s][info][gc,task        ] GC(470) Using 8 workers of 8 for evacuation
[4657.368s][info][gc,phases      ] GC(470)   Pre Evacuate Collection Set: 0.29ms
[4657.368s][info][gc,phases      ] GC(470)   Merge Heap Roots: 0.58ms
[4657.368s][info][gc,phases      ] GC(470)   Evacuate Collection Set: 160.23ms
[4657.368s][info][gc,phases      ] GC(470)   Post Evacuate Collection Set: 1.33ms
[4657.368s][info][gc,phases      ] GC(470)   Other: 0.06ms
[4657.368s][info][gc,heap        ] GC(470) Eden regions: 716->0(717)
[4657.368s][info][gc,heap        ] GC(470) Survivor regions: 52->51(96)
[4657.368s][info][gc,heap        ] GC(470) Old regions: 351->354
[4657.368s][info][gc,heap        ] GC(470) Humongous regions: 33->33
[4657.368s][info][gc,metaspace   ] GC(470) Metaspace: 29971K(30144K)->29971K(30144K) NonClass: 29971K(30144K)->29971K(30144K) Class: 0K(0K)->0K(0K)
[4657.368s][info][gc             ] GC(470) Pause Young (Normal) (G1 Evacuation Pause) 9189M->3478M(10240M) 162.630ms
[4657.368s][info][gc,cpu         ] GC(470) User=1.28s Sys=0.00s Real=0.17s
......[4663.378s][info][gc,start       ] GC(471) Pause Young (Normal) (G1 Evacuation Pause)
[4663.378s][info][gc,task        ] GC(471) Using 8 workers of 8 for evacuation
[4663.544s][info][gc,phases      ] GC(471)   Pre Evacuate Collection Set: 0.30ms
[4663.544s][info][gc,phases      ] GC(471)   Merge Heap Roots: 0.57ms
[4663.544s][info][gc,phases      ] GC(471)   Evacuate Collection Set: 164.36ms
[4663.544s][info][gc,phases      ] GC(471)   Post Evacuate Collection Set: 1.29ms
[4663.544s][info][gc,phases      ] GC(471)   Other: 0.06ms
[4663.544s][info][gc,heap        ] GC(471) Eden regions: 717->0(715)
[4663.544s][info][gc,heap        ] GC(471) Survivor regions: 51->53(96)
[4663.544s][info][gc,heap        ] GC(471) Old regions: 354->356
[4663.544s][info][gc,heap        ] GC(471) Humongous regions: 33->33
[4663.544s][info][gc,metaspace   ] GC(471) Metaspace: 29971K(30144K)->29971K(30144K) NonClass: 29971K(30144K)->29971K(30144K) Class: 0K(0K)->0K(0K)
[4663.544s][info][gc             ] GC(471) Pause Young (Normal) (G1 Evacuation Pause) 9214M->3510M(10240M) 166.730ms
[4663.544s][info][gc,cpu         ] GC(471) User=1.32s Sys=0.01s Real=0.16s
......[4669.550s][info][gc,start       ] GC(472) Pause Young (Normal) (G1 Evacuation Pause)
[4669.550s][info][gc,task        ] GC(472) Using 8 workers of 8 for evacuation
[4669.715s][info][gc,phases      ] GC(472)   Pre Evacuate Collection Set: 0.31ms
[4669.715s][info][gc,phases      ] GC(472)   Merge Heap Roots: 0.62ms
[4669.715s][info][gc,phases      ] GC(472)   Evacuate Collection Set: 161.70ms
[4669.715s][info][gc,phases      ] GC(472)   Post Evacuate Collection Set: 1.33ms
[4669.715s][info][gc,phases      ] GC(472)   Other: 0.08ms
[4669.715s][info][gc,heap        ] GC(472) Eden regions: 715->0(716)
[4669.715s][info][gc,heap        ] GC(472) Survivor regions: 53->52(96)
[4669.715s][info][gc,heap        ] GC(472) Old regions: 356->359
[4669.715s][info][gc,heap        ] GC(472) Humongous regions: 33->33
[4669.715s][info][gc,metaspace   ] GC(472) Metaspace: 29971K(30144K)->29971K(30144K) NonClass: 29971K(30144K)->29971K(30144K) Class: 0K(0K)->0K(0K)
[4669.715s][info][gc             ] GC(472) Pause Young (Normal) (G1 Evacuation Pause) 9230M->3527M(10240M) 164.195ms
[4669.715s][info][gc,cpu         ] GC(472) User=1.28s Sys=0.00s Real=0.16s
......[4675.624s][info][gc,start       ] GC(473) Pause Young (Normal) (G1 Evacuation Pause)
[4675.624s][info][gc,task        ] GC(473) Using 8 workers of 8 for evacuation
[4675.789s][info][gc,phases      ] GC(473)   Pre Evacuate Collection Set: 0.31ms
[4675.789s][info][gc,phases      ] GC(473)   Merge Heap Roots: 0.58ms
[4675.789s][info][gc,phases      ] GC(473)   Evacuate Collection Set: 163.51ms
[4675.789s][info][gc,phases      ] GC(473)   Post Evacuate Collection Set: 1.31ms
[4675.789s][info][gc,phases      ] GC(473)   Other: 0.06ms
[4675.789s][info][gc,heap        ] GC(473) Eden regions: 716->0(716)
[4675.789s][info][gc,heap        ] GC(473) Survivor regions: 52->52(96)
[4675.789s][info][gc,heap        ] GC(473) Old regions: 359->361
[4675.789s][info][gc,heap        ] GC(473) Humongous regions: 33->33
[4675.789s][info][gc,metaspace   ] GC(473) Metaspace: 29971K(30144K)->29971K(30144K) NonClass: 29971K(30144K)->29971K(30144K) Class: 0K(0K)->0K(0K)
[4675.789s][info][gc             ] GC(473) Pause Young (Normal) (G1 Evacuation Pause) 9255M->3547M(10240M) 165.905ms
[4675.790s][info][gc,cpu         ] GC(473) User=1.30s Sys=0.00s Real=0.17s
......[4681.798s][info][gc,start       ] GC(474) Pause Young (Normal) (G1 Evacuation Pause)
[4681.798s][info][gc,task        ] GC(474) Using 8 workers of 8 for evacuation
[4681.964s][info][gc,phases      ] GC(474)   Pre Evacuate Collection Set: 0.30ms
[4681.964s][info][gc,phases      ] GC(474)   Merge Heap Roots: 0.66ms
[4681.964s][info][gc,phases      ] GC(474)   Evacuate Collection Set: 162.94ms
[4681.964s][info][gc,phases      ] GC(474)   Post Evacuate Collection Set: 1.32ms
[4681.964s][info][gc,phases      ] GC(474)   Other: 0.09ms
[4681.964s][info][gc,heap        ] GC(474) Eden regions: 716->0(715)
[4681.964s][info][gc,heap        ] GC(474) Survivor regions: 52->52(96)
[4681.964s][info][gc,heap        ] GC(474) Old regions: 361->364
[4681.964s][info][gc,heap        ] GC(474) Humongous regions: 33->33
[4681.964s][info][gc,metaspace   ] GC(474) Metaspace: 29971K(30144K)->29971K(30144K) NonClass: 29971K(30144K)->29971K(30144K) Class: 0K(0K)->0K(0K)
[4681.964s][info][gc             ] GC(474) Pause Young (Normal) (G1 Evacuation Pause) 9275M->3563M(10240M) 165.435ms
[4681.964s][info][gc,cpu         ] GC(474) User=1.30s Sys=0.00s Real=0.16s
......[4687.875s][info][gc,start       ] GC(475) Pause Young (Normal) (G1 Evacuation Pause)
[4687.875s][info][gc,task        ] GC(475) Using 8 workers of 8 for evacuation
[4688.039s][info][gc,phases      ] GC(475)   Pre Evacuate Collection Set: 0.29ms
[4688.039s][info][gc,phases      ] GC(475)   Merge Heap Roots: 0.57ms
[4688.039s][info][gc,phases      ] GC(475)   Evacuate Collection Set: 161.20ms
[4688.039s][info][gc,phases      ] GC(475)   Post Evacuate Collection Set: 1.33ms
[4688.039s][info][gc,phases      ] GC(475)   Other: 0.06ms
[4688.039s][info][gc,heap        ] GC(475) Eden regions: 715->0(715)
[4688.039s][info][gc,heap        ] GC(475) Survivor regions: 52->51(96)
[4688.039s][info][gc,heap        ] GC(475) Old regions: 364->366
[4688.039s][info][gc,heap        ] GC(475) Humongous regions: 33->33
[4688.039s][info][gc,metaspace   ] GC(475) Metaspace: 29971K(30144K)->29971K(30144K) NonClass: 29971K(30144K)->29971K(30144K) Class: 0K(0K)->0K(0K)
[4688.039s][info][gc             ] GC(475) Pause Young (Normal) (G1 Evacuation Pause) 9283M->3579M(10240M) 163.604ms
[4688.039s][info][gc,cpu         ] GC(475) User=1.28s Sys=0.01s Real=0.17s
... (rIR:aIR:PR = 7887:7858:7859) (tPR = 116004) [OK] 
  4689s: Performance info:
         Transaction,    Success,    Partial,     Failed,   Receipts, AvgBarcode, 
             Overall,     474760,          0,          0,     450929,      59.48, 
         Response times:
             Request,    Success,    Partial,     Failed,   SkipFail,     Probes,    Samples,      min,      p50,      p90,      p95,      p99,      max, 
       TotalPurchase,     450892,          0,          0,          0,     359412,     404074,      300,     5500,    10800,    15400,    76000,   313000,
     InStorePurchase,     237796,          0,          0,          0,     188974,     212110,      400,     5500,    10700,    15400,    75000,   313000,
      OnlinePurchase,     165667,          0,          0,          0,     132437,     148795,      300,     5500,    10900,    15300,    77000,   313000,
        InstPurchase,      47429,          0,          0,          0,      38001,      43169,      500,     5600,    11000,    15800,    79000,   240000,
          AssocOfCat,        476,          0,          0,          0,        385,        502,    20000,    42000,    60700,    77000,   147790,   222000,
      AssocOfProduct,       4767,          0,          0,          0,       4521,       5307,      700,     5200,    10400,    15000,    67000,   313000,
      BusinessReport,       1192,          0,          0,          0,       1065,       1344,    32000,    49000,    67000,    79000,   201250,   237000,
          CustBuyBeh,       4762,          0,          0,          0,       4476,       5259,      200,     5500,    11300,    16500,    62000,   180000,
       ProductReturn,      12632,          0,          0,          0,       9600,      11105,      200,     5800,    10900,    14870,    82000,   210000,

  4689s: (58%)   IR =   8025 ...[4693.902s][info][gc,start       ] GC(476) Pause Young (Normal) (G1 Evacuation Pause)
[4693.902s][info][gc,task        ] GC(476) Using 8 workers of 8 for evacuation
[4694.065s][info][gc,phases      ] GC(476)   Pre Evacuate Collection Set: 0.26ms
[4694.065s][info][gc,phases      ] GC(476)   Merge Heap Roots: 0.68ms
[4694.065s][info][gc,phases      ] GC(476)   Evacuate Collection Set: 161.15ms
[4694.065s][info][gc,phases      ] GC(476)   Post Evacuate Collection Set: 1.29ms
[4694.065s][info][gc,phases      ] GC(476)   Other: 0.06ms
[4694.065s][info][gc,heap        ] GC(476) Eden regions: 715->0(710)
[4694.065s][info][gc,heap        ] GC(476) Survivor regions: 51->52(96)
[4694.065s][info][gc,heap        ] GC(476) Old regions: 366->369
[4694.065s][info][gc,heap        ] GC(476) Humongous regions: 33->33
[4694.065s][info][gc,metaspace   ] GC(476) Metaspace: 29971K(30144K)->29971K(30144K) NonClass: 29971K(30144K)->29971K(30144K) Class: 0K(0K)->0K(0K)
[4694.065s][info][gc             ] GC(476) Pause Young (Normal) (G1 Evacuation Pause) 9299M->3603M(10240M) 163.588ms
[4694.066s][info][gc,cpu         ] GC(476) User=1.29s Sys=0.00s Real=0.16s
....|..[4699.894s][info][gc,start       ] GC(477) Pause Young (Normal) (G1 Evacuation Pause)
[4699.894s][info][gc,task        ] GC(477) Using 8 workers of 8 for evacuation
[4700.060s][info][gc,phases      ] GC(477)   Pre Evacuate Collection Set: 0.32ms
[4700.060s][info][gc,phases      ] GC(477)   Merge Heap Roots: 0.58ms
[4700.060s][info][gc,phases      ] GC(477)   Evacuate Collection Set: 163.15ms
[4700.060s][info][gc,phases      ] GC(477)   Post Evacuate Collection Set: 1.29ms
[4700.060s][info][gc,phases      ] GC(477)   Other: 0.08ms
[4700.060s][info][gc,heap        ] GC(477) Eden regions: 710->0(710)
[4700.060s][info][gc,heap        ] GC(477) Survivor regions: 52->51(96)
[4700.060s][info][gc,heap        ] GC(477) Old regions: 369->371
[4700.060s][info][gc,heap        ] GC(477) Humongous regions: 33->33
[4700.060s][info][gc,metaspace   ] GC(477) Metaspace: 29971K(30144K)->29971K(30144K) NonClass: 29971K(30144K)->29971K(30144K) Class: 0K(0K)->0K(0K)
[4700.060s][info][gc             ] GC(477) Pause Young (Normal) (G1 Evacuation Pause) 9283M->3619M(10240M) 165.554ms
[4700.060s][info][gc,cpu         ] GC(477) User=1.31s Sys=0.00s Real=0.17s
......[4705.956s][info][gc,start       ] GC(478) Pause Young (Normal) (G1 Evacuation Pause)
[4705.956s][info][gc,task        ] GC(478) Using 8 workers of 8 for evacuation
[4706.125s][info][gc,phases      ] GC(478)   Pre Evacuate Collection Set: 0.28ms
[4706.125s][info][gc,phases      ] GC(478)   Merge Heap Roots: 0.62ms
[4706.125s][info][gc,phases      ] GC(478)   Evacuate Collection Set: 166.74ms
[4706.125s][info][gc,phases      ] GC(478)   Post Evacuate Collection Set: 1.34ms
[4706.125s][info][gc,phases      ] GC(478)   Other: 0.07ms
[4706.125s][info][gc,heap        ] GC(478) Eden regions: 710->0(701)
[4706.125s][info][gc,heap        ] GC(478) Survivor regions: 51->54(96)
[4706.125s][info][gc,heap        ] GC(478) Old regions: 371->374
[4706.125s][info][gc,heap        ] GC(478) Humongous regions: 33->33
[4706.125s][info][gc,metaspace   ] GC(478) Metaspace: 29971K(30144K)->29971K(30144K) NonClass: 29971K(30144K)->29971K(30144K) Class: 0K(0K)->0K(0K)
[4706.125s][info][gc             ] GC(478) Pause Young (Normal) (G1 Evacuation Pause) 9299M->3659M(10240M) 169.202ms
[4706.125s][info][gc,cpu         ] GC(478) User=1.33s Sys=0.00s Real=0.16s
......[4711.949s][info][gc,start       ] GC(479) Pause Young (Normal) (G1 Evacuation Pause)
[4711.949s][info][gc,task        ] GC(479) Using 8 workers of 8 for evacuation
[4712.114s][info][gc,phases      ] GC(479)   Pre Evacuate Collection Set: 0.29ms
[4712.114s][info][gc,phases      ] GC(479)   Merge Heap Roots: 0.65ms
[4712.114s][info][gc,phases      ] GC(479)   Evacuate Collection Set: 162.37ms
[4712.114s][info][gc,phases      ] GC(479)   Post Evacuate Collection Set: 1.28ms
[4712.114s][info][gc,phases      ] GC(479)   Other: 0.06ms
[4712.114s][info][gc,heap        ] GC(479) Eden regions: 701->0(702)
[4712.114s][info][gc,heap        ] GC(479) Survivor regions: 54->52(95)
[4712.114s][info][gc,heap        ] GC(479) Old regions: 374->377
[4712.114s][info][gc,heap        ] GC(479) Humongous regions: 33->33
[4712.114s][info][gc,metaspace   ] GC(479) Metaspace: 29971K(30144K)->29971K(30144K) NonClass: 29971K(30144K)->29971K(30144K) Class: 0K(0K)->0K(0K)
[4712.114s][info][gc             ] GC(479) Pause Young (Normal) (G1 Evacuation Pause) 9267M->3665M(10240M) 164.791ms
[4712.114s][info][gc,cpu         ] GC(479) User=1.29s Sys=0.00s Real=0.16s
......[4717.822s][info][gc,start       ] GC(480) Pause Young (Normal) (G1 Evacuation Pause)
[4717.822s][info][gc,task        ] GC(480) Using 8 workers of 8 for evacuation
[4717.986s][info][gc,phases      ] GC(480)   Pre Evacuate Collection Set: 0.29ms
[4717.986s][info][gc,phases      ] GC(480)   Merge Heap Roots: 0.60ms
[4717.986s][info][gc,phases      ] GC(480)   Evacuate Collection Set: 162.13ms
[4717.986s][info][gc,phases      ] GC(480)   Post Evacuate Collection Set: 1.28ms
[4717.986s][info][gc,phases      ] GC(480)   Other: 0.07ms
[4717.986s][info][gc,heap        ] GC(480) Eden regions: 702->0(702)
[4717.986s][info][gc,heap        ] GC(480) Survivor regions: 52->51(95)
[4717.986s][info][gc,heap        ] GC(480) Old regions: 377->379
[4717.986s][info][gc,heap        ] GC(480) Humongous regions: 33->33
[4717.986s][info][gc,metaspace   ] GC(480) Metaspace: 29971K(30144K)->29971K(30144K) NonClass: 29971K(30144K)->29971K(30144K) Class: 0K(0K)->0K(0K)
[4717.986s][info][gc             ] GC(480) Pause Young (Normal) (G1 Evacuation Pause) 9281M->3681M(10240M) 164.515ms
[4717.986s][info][gc,cpu         ] GC(480) User=1.30s Sys=0.00s Real=0.17s
......[4723.781s][info][gc,start       ] GC(481) Pause Young (Normal) (G1 Evacuation Pause)
[4723.782s][info][gc,task        ] GC(481) Using 8 workers of 8 for evacuation
[4723.949s][info][gc,phases      ] GC(481)   Pre Evacuate Collection Set: 0.32ms
[4723.949s][info][gc,phases      ] GC(481)   Merge Heap Roots: 0.57ms
[4723.949s][info][gc,phases      ] GC(481)   Evacuate Collection Set: 165.35ms
[4723.949s][info][gc,phases      ] GC(481)   Post Evacuate Collection Set: 1.29ms
[4723.949s][info][gc,phases      ] GC(481)   Other: 0.07ms
[4723.949s][info][gc,heap        ] GC(481) Eden regions: 702->0(697)
[4723.949s][info][gc,heap        ] GC(481) Survivor regions: 51->52(95)
[4723.949s][info][gc,heap        ] GC(481) Old regions: 379->382
[4723.949s][info][gc,heap        ] GC(481) Humongous regions: 33->33
[4723.949s][info][gc,metaspace   ] GC(481) Metaspace: 29971K(30144K)->29971K(30144K) NonClass: 29971K(30144K)->29971K(30144K) Class: 0K(0K)->0K(0K)
[4723.949s][info][gc             ] GC(481) Pause Young (Normal) (G1 Evacuation Pause) 9297M->3710M(10240M) 167.739ms
[4723.949s][info][gc,cpu         ] GC(481) User=1.31s Sys=0.00s Real=0.17s
......[4729.622s][info][gc,start       ] GC(482) Pause Young (Normal) (G1 Evacuation Pause)
[4729.622s][info][gc,task        ] GC(482) Using 8 workers of 8 for evacuation
[4729.787s][info][gc,phases      ] GC(482)   Pre Evacuate Collection Set: 0.31ms
[4729.787s][info][gc,phases      ] GC(482)   Merge Heap Roots: 0.57ms
[4729.787s][info][gc,phases      ] GC(482)   Evacuate Collection Set: 162.17ms
[4729.787s][info][gc,phases      ] GC(482)   Post Evacuate Collection Set: 1.30ms
[4729.787s][info][gc,phases      ] GC(482)   Other: 0.07ms
[4729.787s][info][gc,heap        ] GC(482) Eden regions: 697->0(697)
[4729.787s][info][gc,heap        ] GC(482) Survivor regions: 52->51(94)
[4729.787s][info][gc,heap        ] GC(482) Old regions: 382->384
[4729.787s][info][gc,heap        ] GC(482) Humongous regions: 33->33
[4729.787s][info][gc,metaspace   ] GC(482) Metaspace: 29971K(30144K)->29971K(30144K) NonClass: 29971K(30144K)->29971K(30144K) Class: 0K(0K)->0K(0K)
[4729.787s][info][gc             ] GC(482) Pause Young (Normal) (G1 Evacuation Pause) 9286M->3723M(10240M) 164.561ms
[4729.787s][info][gc,cpu         ] GC(482) User=1.30s Sys=0.00s Real=0.17s
......[4735.534s][info][gc,start       ] GC(483) Pause Young (Normal) (G1 Evacuation Pause)
[4735.534s][info][gc,task        ] GC(483) Using 8 workers of 8 for evacuation
[4735.697s][info][gc,phases      ] GC(483)   Pre Evacuate Collection Set: 0.29ms
[4735.697s][info][gc,phases      ] GC(483)   Merge Heap Roots: 0.59ms
[4735.697s][info][gc,phases      ] GC(483)   Evacuate Collection Set: 160.67ms
[4735.697s][info][gc,phases      ] GC(483)   Post Evacuate Collection Set: 1.29ms
[4735.697s][info][gc,phases      ] GC(483)   Other: 0.07ms
[4735.697s][info][gc,heap        ] GC(483) Eden regions: 697->0(694)
[4735.697s][info][gc,heap        ] GC(483) Survivor regions: 51->51(94)
[4735.697s][info][gc,heap        ] GC(483) Old regions: 384->387
[4735.697s][info][gc,heap        ] GC(483) Humongous regions: 33->33
[4735.697s][info][gc,metaspace   ] GC(483) Metaspace: 29971K(30144K)->29971K(30144K) NonClass: 29971K(30144K)->29971K(30144K) Class: 0K(0K)->0K(0K)
[4735.697s][info][gc             ] GC(483) Pause Young (Normal) (G1 Evacuation Pause) 9299M->3745M(10240M) 163.056ms
[4735.697s][info][gc,cpu         ] GC(483) User=1.28s Sys=0.00s Real=0.17s
......[4741.373s][info][gc,start       ] GC(484) Pause Young (Normal) (G1 Evacuation Pause)
[4741.373s][info][gc,task        ] GC(484) Using 8 workers of 8 for evacuation
[4741.536s][info][gc,phases      ] GC(484)   Pre Evacuate Collection Set: 0.29ms
[4741.536s][info][gc,phases      ] GC(484)   Merge Heap Roots: 0.69ms
[4741.536s][info][gc,phases      ] GC(484)   Evacuate Collection Set: 160.97ms
[4741.536s][info][gc,phases      ] GC(484)   Post Evacuate Collection Set: 1.28ms
[4741.536s][info][gc,phases      ] GC(484)   Other: 0.07ms
[4741.536s][info][gc,heap        ] GC(484) Eden regions: 694->0(691)
[4741.536s][info][gc,heap        ] GC(484) Survivor regions: 51->51(94)
[4741.536s][info][gc,heap        ] GC(484) Old regions: 387->390
[4741.536s][info][gc,heap        ] GC(484) Humongous regions: 33->33
[4741.536s][info][gc,metaspace   ] GC(484) Metaspace: 29971K(30144K)->29971K(30144K) NonClass: 29971K(30144K)->29971K(30144K) Class: 0K(0K)->0K(0K)
[4741.536s][info][gc             ] GC(484) Pause Young (Normal) (G1 Evacuation Pause) 9297M->3762M(10240M) 163.466ms
[4741.536s][info][gc,cpu         ] GC(484) User=1.28s Sys=0.00s Real=0.17s
.....[4747.063s][info][gc,start       ] GC(485) Pause Young (Normal) (G1 Evacuation Pause)
[4747.063s][info][gc,task        ] GC(485) Using 8 workers of 8 for evacuation
[4747.225s][info][gc,phases      ] GC(485)   Pre Evacuate Collection Set: 0.29ms
[4747.225s][info][gc,phases      ] GC(485)   Merge Heap Roots: 0.58ms
[4747.225s][info][gc,phases      ] GC(485)   Evacuate Collection Set: 159.48ms
[4747.225s][info][gc,phases      ] GC(485)   Post Evacuate Collection Set: 1.33ms
[4747.225s][info][gc,phases      ] GC(485)   Other: 0.07ms
[4747.225s][info][gc,heap        ] GC(485) Eden regions: 691->0(689)
[4747.225s][info][gc,heap        ] GC(485) Survivor regions: 51->51(93)
[4747.225s][info][gc,heap        ] GC(485) Old regions: 390->392
[4747.225s][info][gc,heap        ] GC(485) Humongous regions: 33->33
[4747.225s][info][gc,metaspace   ] GC(485) Metaspace: 29971K(30144K)->29971K(30144K) NonClass: 29971K(30144K)->29971K(30144K) Class: 0K(0K)->0K(0K)
[4747.225s][info][gc             ] GC(485) Pause Young (Normal) (G1 Evacuation Pause) 9290M->3783M(10240M) 161.907ms
[4747.225s][info][gc,cpu         ] GC(485) User=1.27s Sys=0.00s Real=0.16s
......[4752.897s][info][gc,start       ] GC(486) Pause Young (Normal) (G1 Evacuation Pause)
[4752.897s][info][gc,task        ] GC(486) Using 8 workers of 8 for evacuation
[4753.060s][info][gc,phases      ] GC(486)   Pre Evacuate Collection Set: 0.32ms
[4753.061s][info][gc,phases      ] GC(486)   Merge Heap Roots: 0.66ms
[4753.061s][info][gc,phases      ] GC(486)   Evacuate Collection Set: 160.82ms
[4753.061s][info][gc,phases      ] GC(486)   Post Evacuate Collection Set: 1.31ms
[4753.061s][info][gc,phases      ] GC(486)   Other: 0.08ms
[4753.061s][info][gc,heap        ] GC(486) Eden regions: 689->0(686)
[4753.061s][info][gc,heap        ] GC(486) Survivor regions: 51->51(93)
[4753.061s][info][gc,heap        ] GC(486) Old regions: 392->395
[4753.061s][info][gc,heap        ] GC(486) Humongous regions: 33->33
[4753.061s][info][gc,metaspace   ] GC(486) Metaspace: 29971K(30144K)->29971K(30144K) NonClass: 29971K(30144K)->29971K(30144K) Class: 0K(0K)->0K(0K)
[4753.061s][info][gc             ] GC(486) Pause Young (Normal) (G1 Evacuation Pause) 9295M->3804M(10240M) 163.335ms
[4753.061s][info][gc,cpu         ] GC(486) User=1.28s Sys=0.00s Real=0.16s
..... (rIR:aIR:PR = 8025:8000:8000) (tPR = 119020) [OK] 
  4757s: Performance info:
         Transaction,    Success,    Partial,     Failed,   Receipts, AvgBarcode, 
             Overall,     480804,          0,          0,     456727,      59.47, 
         Response times:
             Request,    Success,    Partial,     Failed,   SkipFail,     Probes,    Samples,      min,      p50,      p90,      p95,      p99,      max, 
       TotalPurchase,     456727,          0,          0,          0,     357685,     403745,      300,     5500,    11500,    18600,    77000,   410000,
     InStorePurchase,     239191,          0,          0,          0,     188773,     212709,      400,     5500,    11400,    19100,    78000,   410000,
      OnlinePurchase,     169280,          0,          0,          0,     131485,     148764,      300,     5400,    11400,    17900,    77000,   407000,
        InstPurchase,      48256,          0,          0,          0,      37427,      42272,      500,     5500,    11600,    18800,    74000,   329000,
          AssocOfCat,        479,          0,          0,          0,        397,        517,    23000,    43000,    61200,    80500,   215460,   223000,
      AssocOfProduct,       4832,          0,          0,          0,       3329,       3951,      700,     5500,    11200,    19580,    74920,   187000,
      BusinessReport,       1206,          0,          0,          0,       1073,       1346,    28000,    49500,    68000,    88000,   159300,   249000,
          CustBuyBeh,       4803,          0,          0,          0,       3376,       3986,      200,     4550,    11300,    16365,    64000,   346000,
       ProductReturn,      12758,          0,          0,          0,       9945,      11538,      200,     5300,    11400,    17500,    72000,   300000,

  4757s: (59%)   IR =   8164 .[4758.615s][info][gc,start       ] GC(487) Pause Young (Normal) (G1 Evacuation Pause)
[4758.615s][info][gc,task        ] GC(487) Using 8 workers of 8 for evacuation
[4758.779s][info][gc,phases      ] GC(487)   Pre Evacuate Collection Set: 0.29ms
[4758.779s][info][gc,phases      ] GC(487)   Merge Heap Roots: 0.65ms
[4758.779s][info][gc,phases      ] GC(487)   Evacuate Collection Set: 162.04ms
[4758.779s][info][gc,phases      ] GC(487)   Post Evacuate Collection Set: 1.36ms
[4758.779s][info][gc,phases      ] GC(487)   Other: 0.06ms
[4758.779s][info][gc,heap        ] GC(487) Eden regions: 686->0(681)
[4758.779s][info][gc,heap        ] GC(487) Survivor regions: 51->52(93)
[4758.779s][info][gc,heap        ] GC(487) Old regions: 395->398
[4758.779s][info][gc,heap        ] GC(487) Humongous regions: 33->33
[4758.779s][info][gc,metaspace   ] GC(487) Metaspace: 29971K(30144K)->29971K(30144K) NonClass: 29971K(30144K)->29971K(30144K) Class: 0K(0K)->0K(0K)
[4758.779s][info][gc             ] GC(487) Pause Young (Normal) (G1 Evacuation Pause) 9292M->3833M(10240M) 164.557ms
[4758.779s][info][gc,cpu         ] GC(487) User=1.30s Sys=0.00s Real=0.17s
.....[4764.256s][info][gc,start       ] GC(488) Pause Young (Normal) (G1 Evacuation Pause)
[4764.256s][info][gc,task        ] GC(488) Using 8 workers of 8 for evacuation
[4764.420s][info][gc,phases      ] GC(488)   Pre Evacuate Collection Set: 0.31ms
[4764.420s][info][gc,phases      ] GC(488)   Merge Heap Roots: 0.58ms
[4764.420s][info][gc,phases      ] GC(488)   Evacuate Collection Set: 161.69ms
[4764.420s][info][gc,phases      ] GC(488)   Post Evacuate Collection Set: 1.35ms
[4764.420s][info][gc,phases      ] GC(488)   Other: 0.08ms
[4764.420s][info][gc,heap        ] GC(488) Eden regions: 681->0(679)
[4764.420s][info][gc,heap        ] GC(488) Survivor regions: 52->52(92)
[4764.420s][info][gc,heap        ] GC(488) Old regions: 398->400
[4764.420s][info][gc,heap        ] GC(488) Humongous regions: 33->33
[4764.420s][info][gc,metaspace   ] GC(488) Metaspace: 29971K(30144K)->29971K(30144K) NonClass: 29971K(30144K)->29971K(30144K) Class: 0K(0K)->0K(0K)
[4764.420s][info][gc             ] GC(488) Pause Young (Normal) (G1 Evacuation Pause) 9281M->3855M(10240M) 164.174ms
[4764.420s][info][gc,cpu         ] GC(488) User=1.29s Sys=0.00s Real=0.16s
....|..[4769.847s][info][gc,start       ] GC(489) Pause Young (Normal) (G1 Evacuation Pause)
[4769.847s][info][gc,task        ] GC(489) Using 8 workers of 8 for evacuation
[4770.008s][info][gc,phases      ] GC(489)   Pre Evacuate Collection Set: 0.33ms
[4770.008s][info][gc,phases      ] GC(489)   Merge Heap Roots: 0.58ms
[4770.008s][info][gc,phases      ] GC(489)   Evacuate Collection Set: 158.11ms
[4770.008s][info][gc,phases      ] GC(489)   Post Evacuate Collection Set: 1.33ms
[4770.008s][info][gc,phases      ] GC(489)   Other: 0.06ms
[4770.008s][info][gc,heap        ] GC(489) Eden regions: 679->0(678)
[4770.008s][info][gc,heap        ] GC(489) Survivor regions: 52->51(92)
[4770.008s][info][gc,heap        ] GC(489) Old regions: 400->403
[4770.008s][info][gc,heap        ] GC(489) Humongous regions: 33->33
[4770.008s][info][gc,metaspace   ] GC(489) Metaspace: 29971K(30144K)->29971K(30144K) NonClass: 29971K(30144K)->29971K(30144K) Class: 0K(0K)->0K(0K)
[4770.008s][info][gc             ] GC(489) Pause Young (Normal) (G1 Evacuation Pause) 9287M->3868M(10240M) 160.549ms
[4770.008s][info][gc,cpu         ] GC(489) User=1.27s Sys=0.00s Real=0.16s
......[4775.475s][info][gc,start       ] GC(490) Pause Young (Normal) (G1 Evacuation Pause)
[4775.475s][info][gc,task        ] GC(490) Using 8 workers of 8 for evacuation
[4775.637s][info][gc,phases      ] GC(490)   Pre Evacuate Collection Set: 0.29ms
[4775.637s][info][gc,phases      ] GC(490)   Merge Heap Roots: 0.57ms
[4775.637s][info][gc,phases      ] GC(490)   Evacuate Collection Set: 159.50ms
[4775.637s][info][gc,phases      ] GC(490)   Post Evacuate Collection Set: 1.30ms
[4775.637s][info][gc,phases      ] GC(490)   Other: 0.06ms
[4775.637s][info][gc,heap        ] GC(490) Eden regions: 678->0(675)
[4775.637s][info][gc,heap        ] GC(490) Survivor regions: 51->51(92)
[4775.637s][info][gc,heap        ] GC(490) Old regions: 403->406
[4775.637s][info][gc,heap        ] GC(490) Humongous regions: 33->33
[4775.637s][info][gc,metaspace   ] GC(490) Metaspace: 29971K(30144K)->29971K(30144K) NonClass: 29971K(30144K)->29971K(30144K) Class: 0K(0K)->0K(0K)
[4775.637s][info][gc             ] GC(490) Pause Young (Normal) (G1 Evacuation Pause) 9292M->3895M(10240M) 161.881ms
[4775.637s][info][gc,cpu         ] GC(490) User=1.28s Sys=0.00s Real=0.17s
.....[4781.061s][info][gc,start       ] GC(491) Pause Young (Normal) (G1 Evacuation Pause)
[4781.061s][info][gc,task        ] GC(491) Using 8 workers of 8 for evacuation
[4781.229s][info][gc,phases      ] GC(491)   Pre Evacuate Collection Set: 0.29ms
[4781.229s][info][gc,phases      ] GC(491)   Merge Heap Roots: 0.58ms
[4781.229s][info][gc,phases      ] GC(491)   Evacuate Collection Set: 165.16ms
[4781.229s][info][gc,phases      ] GC(491)   Post Evacuate Collection Set: 1.29ms
[4781.229s][info][gc,phases      ] GC(491)   Other: 0.07ms
[4781.229s][info][gc,heap        ] GC(491) Eden regions: 675->0(668)
[4781.229s][info][gc,heap        ] GC(491) Survivor regions: 51->53(91)
[4781.229s][info][gc,heap        ] GC(491) Old regions: 406->409
[4781.229s][info][gc,heap        ] GC(491) Humongous regions: 33->33
[4781.229s][info][gc,metaspace   ] GC(491) Metaspace: 29971K(30144K)->29971K(30144K) NonClass: 29971K(30144K)->29971K(30144K) Class: 0K(0K)->0K(0K)
[4781.229s][info][gc             ] GC(491) Pause Young (Normal) (G1 Evacuation Pause) 9295M->3934M(10240M) 167.521ms
[4781.229s][info][gc,cpu         ] GC(491) User=1.32s Sys=0.00s Real=0.17s
......[4786.676s][info][gc,start       ] GC(492) Pause Young (Normal) (G1 Evacuation Pause)
[4786.676s][info][gc,task        ] GC(492) Using 8 workers of 8 for evacuation
[4786.840s][info][gc,phases      ] GC(492)   Pre Evacuate Collection Set: 0.31ms
[4786.840s][info][gc,phases      ] GC(492)   Merge Heap Roots: 0.58ms
[4786.840s][info][gc,phases      ] GC(492)   Evacuate Collection Set: 161.18ms
[4786.840s][info][gc,phases      ] GC(492)   Post Evacuate Collection Set: 1.28ms
[4786.840s][info][gc,phases      ] GC(492)   Other: 0.06ms
[4786.840s][info][gc,heap        ] GC(492) Eden regions: 668->0(669)
[4786.840s][info][gc,heap        ] GC(492) Survivor regions: 53->51(91)
[4786.840s][info][gc,heap        ] GC(492) Old regions: 409->412
[4786.840s][info][gc,heap        ] GC(492) Humongous regions: 33->33
[4786.840s][info][gc,metaspace   ] GC(492) Metaspace: 29971K(30144K)->29971K(30144K) NonClass: 29971K(30144K)->29971K(30144K) Class: 0K(0K)->0K(0K)
[4786.840s][info][gc             ] GC(492) Pause Young (Normal) (G1 Evacuation Pause) 9278M->3940M(10240M) 163.562ms
[4786.840s][info][gc,cpu         ] GC(492) User=1.28s Sys=0.00s Real=0.16s
.....[4792.262s][info][gc,start       ] GC(493) Pause Young (Normal) (G1 Evacuation Pause)
[4792.262s][info][gc,task        ] GC(493) Using 8 workers of 8 for evacuation
[4792.424s][info][gc,phases      ] GC(493)   Pre Evacuate Collection Set: 0.35ms
[4792.424s][info][gc,phases      ] GC(493)   Merge Heap Roots: 0.63ms
[4792.424s][info][gc,phases      ] GC(493)   Evacuate Collection Set: 159.17ms
[4792.424s][info][gc,phases      ] GC(493)   Post Evacuate Collection Set: 1.24ms
[4792.424s][info][gc,phases      ] GC(493)   Other: 0.08ms
[4792.424s][info][gc,heap        ] GC(493) Eden regions: 669->0(667)
[4792.424s][info][gc,heap        ] GC(493) Survivor regions: 51->51(90)
[4792.424s][info][gc,heap        ] GC(493) Old regions: 412->414
[4792.424s][info][gc,heap        ] GC(493) Humongous regions: 33->33
[4792.424s][info][gc,metaspace   ] GC(493) Metaspace: 29971K(30144K)->29971K(30144K) NonClass: 29971K(30144K)->29971K(30144K) Class: 0K(0K)->0K(0K)
[4792.424s][info][gc             ] GC(493) Pause Young (Normal) (G1 Evacuation Pause) 9292M->3959M(10240M) 161.606ms
[4792.424s][info][gc,cpu         ] GC(493) User=1.27s Sys=0.01s Real=0.16s
......[4797.675s][info][gc,start       ] GC(494) Pause Young (Normal) (G1 Evacuation Pause)
[4797.675s][info][gc,task        ] GC(494) Using 8 workers of 8 for evacuation
[4797.837s][info][gc,phases      ] GC(494)   Pre Evacuate Collection Set: 0.29ms
[4797.837s][info][gc,phases      ] GC(494)   Merge Heap Roots: 0.58ms
[4797.837s][info][gc,phases      ] GC(494)   Evacuate Collection Set: 159.79ms
[4797.837s][info][gc,phases      ] GC(494)   Post Evacuate Collection Set: 1.24ms
[4797.837s][info][gc,phases      ] GC(494)   Other: 0.06ms
[4797.837s][info][gc,heap        ] GC(494) Eden regions: 667->0(664)
[4797.837s][info][gc,heap        ] GC(494) Survivor regions: 51->51(90)
[4797.837s][info][gc,heap        ] GC(494) Old regions: 414->417
[4797.837s][info][gc,heap        ] GC(494) Humongous regions: 33->33
[4797.837s][info][gc,metaspace   ] GC(494) Metaspace: 29971K(30144K)->29971K(30144K) NonClass: 29971K(30144K)->29971K(30144K) Class: 0K(0K)->0K(0K)
[4797.837s][info][gc             ] GC(494) Pause Young (Normal) (G1 Evacuation Pause) 9295M->3986M(10240M) 162.107ms
[4797.837s][info][gc,cpu         ] GC(494) User=1.28s Sys=0.00s Real=0.17s
.....[4803.202s][info][gc,start       ] GC(495) Pause Young (Normal) (G1 Evacuation Pause)
[4803.202s][info][gc,task        ] GC(495) Using 8 workers of 8 for evacuation
[4803.365s][info][gc,phases      ] GC(495)   Pre Evacuate Collection Set: 0.32ms
[4803.365s][info][gc,phases      ] GC(495)   Merge Heap Roots: 0.58ms
[4803.365s][info][gc,phases      ] GC(495)   Evacuate Collection Set: 160.14ms
[4803.365s][info][gc,phases      ] GC(495)   Post Evacuate Collection Set: 1.25ms
[4803.365s][info][gc,phases      ] GC(495)   Other: 0.08ms
[4803.365s][info][gc,heap        ] GC(495) Eden regions: 664->0(659)
[4803.365s][info][gc,heap        ] GC(495) Survivor regions: 51->52(90)
[4803.365s][info][gc,heap        ] GC(495) Old regions: 417->420
[4803.365s][info][gc,heap        ] GC(495) Humongous regions: 33->33
[4803.365s][info][gc,metaspace   ] GC(495) Metaspace: 29971K(30144K)->29971K(30144K) NonClass: 29971K(30144K)->29971K(30144K) Class: 0K(0K)->0K(0K)
[4803.365s][info][gc             ] GC(495) Pause Young (Normal) (G1 Evacuation Pause) 9298M->4013M(10240M) 162.517ms
[4803.365s][info][gc,cpu         ] GC(495) User=1.28s Sys=0.00s Real=0.16s
......[4808.617s][info][gc,start       ] GC(496) Pause Young (Normal) (G1 Evacuation Pause)
[4808.617s][info][gc,task        ] GC(496) Using 8 workers of 8 for evacuation
[4808.783s][info][gc,phases      ] GC(496)   Pre Evacuate Collection Set: 0.28ms
[4808.783s][info][gc,phases      ] GC(496)   Merge Heap Roots: 0.57ms
[4808.783s][info][gc,phases      ] GC(496)   Evacuate Collection Set: 163.33ms
[4808.783s][info][gc,phases      ] GC(496)   Post Evacuate Collection Set: 1.31ms
[4808.783s][info][gc,phases      ] GC(496)   Other: 0.07ms
[4808.783s][info][gc,heap        ] GC(496) Eden regions: 659->0(658)
[4808.783s][info][gc,heap        ] GC(496) Survivor regions: 52->51(89)
[4808.783s][info][gc,heap        ] GC(496) Old regions: 420->423
[4808.783s][info][gc,heap        ] GC(496) Humongous regions: 33->33
[4808.783s][info][gc,metaspace   ] GC(496) Metaspace: 29971K(30144K)->29971K(30144K) NonClass: 29971K(30144K)->29971K(30144K) Class: 0K(0K)->0K(0K)
[4808.783s][info][gc             ] GC(496) Pause Young (Normal) (G1 Evacuation Pause) 9285M->4027M(10240M) 165.692ms
[4808.783s][info][gc,cpu         ] GC(496) User=1.30s Sys=0.00s Real=0.16s
.....[4813.992s][info][gc,start       ] GC(497) Pause Young (Normal) (G1 Evacuation Pause)
[4813.992s][info][gc,task        ] GC(497) Using 8 workers of 8 for evacuation
[4814.168s][info][gc,phases      ] GC(497)   Pre Evacuate Collection Set: 0.30ms
[4814.168s][info][gc,phases      ] GC(497)   Merge Heap Roots: 0.64ms
[4814.168s][info][gc,phases      ] GC(497)   Evacuate Collection Set: 173.04ms
[4814.168s][info][gc,phases      ] GC(497)   Post Evacuate Collection Set: 1.36ms
[4814.168s][info][gc,phases      ] GC(497)   Other: 0.07ms
[4814.168s][info][gc,heap        ] GC(497) Eden regions: 658->0(655)
[4814.168s][info][gc,heap        ] GC(497) Survivor regions: 51->51(89)
[4814.168s][info][gc,heap        ] GC(497) Old regions: 423->426
[4814.168s][info][gc,heap        ] GC(497) Humongous regions: 33->33
[4814.168s][info][gc,metaspace   ] GC(497) Metaspace: 29971K(30144K)->29971K(30144K) NonClass: 29971K(30144K)->29971K(30144K) Class: 0K(0K)->0K(0K)
[4814.168s][info][gc             ] GC(497) Pause Young (Normal) (G1 Evacuation Pause) 9291M->4051M(10240M) 175.541ms
[4814.168s][info][gc,cpu         ] GC(497) User=1.23s Sys=0.00s Real=0.18s
.....[4819.398s][info][gc,start       ] GC(498) Pause Young (Normal) (G1 Evacuation Pause)
[4819.398s][info][gc,task        ] GC(498) Using 8 workers of 8 for evacuation
[4819.562s][info][gc,phases      ] GC(498)   Pre Evacuate Collection Set: 0.31ms
[4819.563s][info][gc,phases      ] GC(498)   Merge Heap Roots: 0.58ms
[4819.563s][info][gc,phases      ] GC(498)   Evacuate Collection Set: 162.11ms
[4819.563s][info][gc,phases      ] GC(498)   Post Evacuate Collection Set: 1.26ms
[4819.563s][info][gc,phases      ] GC(498)   Other: 0.07ms
[4819.563s][info][gc,heap        ] GC(498) Eden regions: 655->0(650)
[4819.563s][info][gc,heap        ] GC(498) Survivor regions: 51->52(89)
[4819.563s][info][gc,heap        ] GC(498) Old regions: 426->429
[4819.563s][info][gc,heap        ] GC(498) Humongous regions: 33->33
[4819.563s][info][gc,metaspace   ] GC(498) Metaspace: 29971K(30144K)->29971K(30144K) NonClass: 29971K(30144K)->29971K(30144K) Class: 0K(0K)->0K(0K)
[4819.563s][info][gc             ] GC(498) Pause Young (Normal) (G1 Evacuation Pause) 9291M->4082M(10240M) 165.222ms
[4819.563s][info][gc,cpu         ] GC(498) User=1.29s Sys=0.00s Real=0.16s
......[4824.769s][info][gc,start       ] GC(499) Pause Young (Normal) (G1 Evacuation Pause)
[4824.769s][info][gc,task        ] GC(499) Using 8 workers of 8 for evacuation
[4824.933s][info][gc,phases      ] GC(499)   Pre Evacuate Collection Set: 0.28ms
[4824.933s][info][gc,phases      ] GC(499)   Merge Heap Roots: 0.57ms
[4824.933s][info][gc,phases      ] GC(499)   Evacuate Collection Set: 161.87ms
[4824.933s][info][gc,phases      ] GC(499)   Post Evacuate Collection Set: 1.22ms
[4824.933s][info][gc,phases      ] GC(499)   Other: 0.07ms
[4824.933s][info][gc,heap        ] GC(499) Eden regions: 650->0(649)
[4824.933s][info][gc,heap        ] GC(499) Survivor regions: 52->51(88)
[4824.933s][info][gc,heap        ] GC(499) Old regions: 429->432
[4824.933s][info][gc,heap        ] GC(499) Humongous regions: 33->33
[4824.933s][info][gc,metaspace   ] GC(499) Metaspace: 29971K(30144K)->29971K(30144K) NonClass: 29971K(30144K)->29971K(30144K) Class: 0K(0K)->0K(0K)
[4824.933s][info][gc             ] GC(499) Pause Young (Normal) (G1 Evacuation Pause) 9282M->4102M(10240M) 164.151ms
[4824.933s][info][gc,cpu         ] GC(499) User=1.30s Sys=0.00s Real=0.16s
... (rIR:aIR:PR = 8164:8149:8148) (tPR = 121260) [OK] 
  4827s: Performance info:
         Transaction,    Success,    Partial,     Failed,   Receipts, AvgBarcode, 
             Overall,     490083,          0,          0,     465538,      59.48, 
         Response times:
             Request,    Success,    Partial,     Failed,   SkipFail,     Probes,    Samples,      min,      p50,      p90,      p95,      p99,      max, 
       TotalPurchase,     465567,          0,          0,          0,     359098,     422562,      300,     5700,    12500,    31000,    92000,   509000,
     InStorePurchase,     244620,          0,          0,          0,     187986,     220958,      300,     5700,    12500,    31000,    90000,   509000,
      OnlinePurchase,     171971,          0,          0,          0,     132665,     156041,      300,     5700,    12400,    34000,    96000,   508000,
        InstPurchase,      48976,          0,          0,          0,      38447,      45563,      500,     5900,    12500,    28000,    92000,   390000,
          AssocOfCat,        489,          0,          0,          0,        417,        573,    31000,    43000,    64600,    93300,   213000,   228000,
      AssocOfProduct,       4923,          0,          0,          0,       3458,       4321,      900,     6600,    12500,    31000,   100000,   286000,
      BusinessReport,       1226,          0,          0,          0,       1108,       1427,    25000,    51000,    72000,   111200,   220440,   300000,
          CustBuyBeh,       4971,          0,          0,          0,       3469,       4286,      300,     5400,    13000,    34000,    82130,   389000,
       ProductReturn,      12940,          0,          0,          0,      10097,      12205,      300,     6300,    12900,    31000,    96000,   391000,

  4827s: (60%)   IR =   8302 ..[4830.003s][info][gc,start       ] GC(500) Pause Young (Normal) (G1 Evacuation Pause)
[4830.003s][info][gc,task        ] GC(500) Using 8 workers of 8 for evacuation
[4830.164s][info][gc,phases      ] GC(500)   Pre Evacuate Collection Set: 0.29ms
[4830.164s][info][gc,phases      ] GC(500)   Merge Heap Roots: 0.57ms
[4830.164s][info][gc,phases      ] GC(500)   Evacuate Collection Set: 159.06ms
[4830.164s][info][gc,phases      ] GC(500)   Post Evacuate Collection Set: 1.26ms
[4830.164s][info][gc,phases      ] GC(500)   Other: 0.06ms
[4830.164s][info][gc,heap        ] GC(500) Eden regions: 649->0(646)
[4830.164s][info][gc,heap        ] GC(500) Survivor regions: 51->51(88)
[4830.164s][info][gc,heap        ] GC(500) Old regions: 432->435
[4830.164s][info][gc,heap        ] GC(500) Humongous regions: 33->33
[4830.164s][info][gc,metaspace   ] GC(500) Metaspace: 29971K(30144K)->29971K(30144K) NonClass: 29971K(30144K)->29971K(30144K) Class: 0K(0K)->0K(0K)
[4830.164s][info][gc             ] GC(500) Pause Young (Normal) (G1 Evacuation Pause) 9294M->4121M(10240M) 161.370ms
[4830.164s][info][gc,cpu         ] GC(500) User=1.27s Sys=0.01s Real=0.16s
.....[4835.166s][info][gc,start       ] GC(501) Pause Young (Normal) (G1 Evacuation Pause)
[4835.166s][info][gc,task        ] GC(501) Using 8 workers of 8 for evacuation
[4835.326s][info][gc,phases      ] GC(501)   Pre Evacuate Collection Set: 0.29ms
[4835.326s][info][gc,phases      ] GC(501)   Merge Heap Roots: 0.62ms
[4835.326s][info][gc,phases      ] GC(501)   Evacuate Collection Set: 158.07ms
[4835.326s][info][gc,phases      ] GC(501)   Post Evacuate Collection Set: 1.24ms
[4835.326s][info][gc,phases      ] GC(501)   Other: 0.06ms
[4835.326s][info][gc,heap        ] GC(501) Eden regions: 646->0(645)
[4835.326s][info][gc,heap        ] GC(501) Survivor regions: 51->50(88)
[4835.326s][info][gc,heap        ] GC(501) Old regions: 435->438
[4835.326s][info][gc,heap        ] GC(501) Humongous regions: 33->33
[4835.326s][info][gc,metaspace   ] GC(501) Metaspace: 29971K(30144K)->29971K(30144K) NonClass: 29971K(30144K)->29971K(30144K) Class: 0K(0K)->0K(0K)
[4835.326s][info][gc             ] GC(501) Pause Young (Normal) (G1 Evacuation Pause) 9289M->4141M(10240M) 160.425ms
[4835.326s][info][gc,cpu         ] GC(501) User=1.26s Sys=0.00s Real=0.16s
.....[4840.367s][info][gc,start       ] GC(502) Pause Young (Normal) (G1 Evacuation Pause)
[4840.367s][info][gc,task        ] GC(502) Using 8 workers of 8 for evacuation
[4840.528s][info][gc,phases      ] GC(502)   Pre Evacuate Collection Set: 0.28ms
[4840.528s][info][gc,phases      ] GC(502)   Merge Heap Roots: 0.60ms
[4840.528s][info][gc,phases      ] GC(502)   Evacuate Collection Set: 158.35ms
[4840.528s][info][gc,phases      ] GC(502)   Post Evacuate Collection Set: 1.27ms
[4840.528s][info][gc,phases      ] GC(502)   Other: 0.06ms
[4840.528s][info][gc,heap        ] GC(502) Eden regions: 645->0(640)
[4840.528s][info][gc,heap        ] GC(502) Survivor regions: 50->51(87)
[4840.528s][info][gc,heap        ] GC(502) Old regions: 438->441
[4840.528s][info][gc,heap        ] GC(502) Humongous regions: 33->33
[4840.528s][info][gc,metaspace   ] GC(502) Metaspace: 29971K(30144K)->29971K(30144K) NonClass: 29971K(30144K)->29971K(30144K) Class: 0K(0K)->0K(0K)
[4840.528s][info][gc             ] GC(502) Pause Young (Normal) (G1 Evacuation Pause) 9301M->4169M(10240M) 160.705ms
[4840.528s][info][gc,cpu         ] GC(502) User=1.26s Sys=0.00s Real=0.16s
.....[4845.555s][info][gc,start       ] GC(503) Pause Young (Normal) (G1 Evacuation Pause)
[4845.555s][info][gc,task        ] GC(503) Using 8 workers of 8 for evacuation
[4845.716s][info][gc,phases      ] GC(503)   Pre Evacuate Collection Set: 0.29ms
[4845.717s][info][gc,phases      ] GC(503)   Merge Heap Roots: 0.59ms
[4845.717s][info][gc,phases      ] GC(503)   Evacuate Collection Set: 159.37ms
[4845.717s][info][gc,phases      ] GC(503)   Post Evacuate Collection Set: 1.23ms
[4845.717s][info][gc,phases      ] GC(503)   Other: 0.06ms
[4845.717s][info][gc,heap        ] GC(503) Eden regions: 640->0(637)
[4845.717s][info][gc,heap        ] GC(503) Survivor regions: 51->51(87)
[4845.717s][info][gc,heap        ] GC(503) Old regions: 441->444
[4845.717s][info][gc,heap        ] GC(503) Humongous regions: 33->33
[4845.717s][info][gc,metaspace   ] GC(503) Metaspace: 29971K(30144K)->29971K(30144K) NonClass: 29971K(30144K)->29971K(30144K) Class: 0K(0K)->0K(0K)
[4845.717s][info][gc             ] GC(503) Pause Young (Normal) (G1 Evacuation Pause) 9289M->4193M(10240M) 161.682ms
[4845.717s][info][gc,cpu         ] GC(503) User=1.27s Sys=0.00s Real=0.17s
......|[4850.761s][info][gc,start       ] GC(504) Pause Young (Normal) (G1 Evacuation Pause)
[4850.761s][info][gc,task        ] GC(504) Using 8 workers of 8 for evacuation
[4850.926s][info][gc,phases      ] GC(504)   Pre Evacuate Collection Set: 0.28ms
[4850.926s][info][gc,phases      ] GC(504)   Merge Heap Roots: 0.56ms
[4850.926s][info][gc,phases      ] GC(504)   Evacuate Collection Set: 162.64ms
[4850.926s][info][gc,phases      ] GC(504)   Post Evacuate Collection Set: 1.24ms
[4850.926s][info][gc,phases      ] GC(504)   Other: 0.07ms
[4850.926s][info][gc,heap        ] GC(504) Eden regions: 637->0(634)
[4850.926s][info][gc,heap        ] GC(504) Survivor regions: 51->51(86)
[4850.926s][info][gc,heap        ] GC(504) Old regions: 444->447
[4850.926s][info][gc,heap        ] GC(504) Humongous regions: 33->33
[4850.926s][info][gc,metaspace   ] GC(504) Metaspace: 29971K(30144K)->29971K(30144K) NonClass: 29971K(30144K)->29971K(30144K) Class: 0K(0K)->0K(0K)
[4850.926s][info][gc             ] GC(504) Pause Young (Normal) (G1 Evacuation Pause) 9289M->4217M(10240M) 164.926ms
[4850.926s][info][gc,cpu         ] GC(504) User=1.30s Sys=0.00s Real=0.17s
.....[4855.771s][info][gc,start       ] GC(505) Pause Young (Normal) (G1 Evacuation Pause)
[4855.771s][info][gc,task        ] GC(505) Using 8 workers of 8 for evacuation
[4855.936s][info][gc,phases      ] GC(505)   Pre Evacuate Collection Set: 0.30ms
[4855.936s][info][gc,phases      ] GC(505)   Merge Heap Roots: 0.57ms
[4855.936s][info][gc,phases      ] GC(505)   Evacuate Collection Set: 162.42ms
[4855.936s][info][gc,phases      ] GC(505)   Post Evacuate Collection Set: 1.21ms
[4855.936s][info][gc,phases      ] GC(505)   Other: 0.07ms
[4855.936s][info][gc,heap        ] GC(505) Eden regions: 634->0(633)
[4855.936s][info][gc,heap        ] GC(505) Survivor regions: 51->47(86)
[4855.936s][info][gc,heap        ] GC(505) Old regions: 447->456
[4855.936s][info][gc,heap        ] GC(505) Humongous regions: 33->33
[4855.936s][info][gc,metaspace   ] GC(505) Metaspace: 29971K(30144K)->29971K(30144K) NonClass: 29971K(30144K)->29971K(30144K) Class: 0K(0K)->0K(0K)
[4855.936s][info][gc             ] GC(505) Pause Young (Normal) (G1 Evacuation Pause) 9289M->4259M(10240M) 164.691ms
[4855.936s][info][gc,cpu         ] GC(505) User=1.30s Sys=0.00s Real=0.17s
.....[4860.924s][info][gc,start       ] GC(506) Pause Young (Normal) (G1 Evacuation Pause)
[4860.924s][info][gc,task        ] GC(506) Using 8 workers of 8 for evacuation
[4861.073s][info][gc,phases      ] GC(506)   Pre Evacuate Collection Set: 0.30ms
[4861.073s][info][gc,phases      ] GC(506)   Merge Heap Roots: 0.56ms
[4861.073s][info][gc,phases      ] GC(506)   Evacuate Collection Set: 147.27ms
[4861.073s][info][gc,phases      ] GC(506)   Post Evacuate Collection Set: 1.17ms
[4861.073s][info][gc,phases      ] GC(506)   Other: 0.06ms
[4861.073s][info][gc,heap        ] GC(506) Eden regions: 633->0(632)
[4861.073s][info][gc,heap        ] GC(506) Survivor regions: 47->44(85)
[4861.073s][info][gc,heap        ] GC(506) Old regions: 456->463
[4861.073s][info][gc,heap        ] GC(506) Humongous regions: 33->33
[4861.073s][info][gc,metaspace   ] GC(506) Metaspace: 29971K(30144K)->29971K(30144K) NonClass: 29971K(30144K)->29971K(30144K) Class: 0K(0K)->0K(0K)
[4861.073s][info][gc             ] GC(506) Pause Young (Normal) (G1 Evacuation Pause) 9323M->4289M(10240M) 149.491ms
[4861.073s][info][gc,cpu         ] GC(506) User=1.18s Sys=0.00s Real=0.15s
.....[4866.003s][info][gc,start       ] GC(507) Pause Young (Normal) (G1 Evacuation Pause)
[4866.003s][info][gc,task        ] GC(507) Using 8 workers of 8 for evacuation
[4866.154s][info][gc,phases      ] GC(507)   Pre Evacuate Collection Set: 0.29ms
[4866.154s][info][gc,phases      ] GC(507)   Merge Heap Roots: 0.56ms
[4866.154s][info][gc,phases      ] GC(507)   Evacuate Collection Set: 149.07ms
[4866.154s][info][gc,phases      ] GC(507)   Post Evacuate Collection Set: 1.22ms
[4866.154s][info][gc,phases      ] GC(507)   Other: 0.08ms
[4866.154s][info][gc,heap        ] GC(507) Eden regions: 632->0(618)
[4866.154s][info][gc,heap        ] GC(507) Survivor regions: 44->51(85)
[4866.154s][info][gc,heap        ] GC(507) Old regions: 463->463
[4866.154s][info][gc,heap        ] GC(507) Humongous regions: 33->33
[4866.154s][info][gc,metaspace   ] GC(507) Metaspace: 29971K(30144K)->29971K(30144K) NonClass: 29971K(30144K)->29971K(30144K) Class: 0K(0K)->0K(0K)
[4866.154s][info][gc             ] GC(507) Pause Young (Normal) (G1 Evacuation Pause) 9345M->4345M(10240M) 151.335ms
[4866.154s][info][gc,cpu         ] GC(507) User=1.19s Sys=0.01s Real=0.15s
.....[4870.980s][info][gc,start       ] GC(508) Pause Young (Normal) (G1 Evacuation Pause)
[4870.980s][info][gc,task        ] GC(508) Using 8 workers of 8 for evacuation
[4871.140s][info][gc,phases      ] GC(508)   Pre Evacuate Collection Set: 0.28ms
[4871.140s][info][gc,phases      ] GC(508)   Merge Heap Roots: 0.57ms
[4871.140s][info][gc,phases      ] GC(508)   Evacuate Collection Set: 157.81ms
[4871.140s][info][gc,phases      ] GC(508)   Post Evacuate Collection Set: 1.19ms
[4871.140s][info][gc,phases      ] GC(508)   Other: 0.07ms
[4871.140s][info][gc,heap        ] GC(508) Eden regions: 618->0(615)
[4871.140s][info][gc,heap        ] GC(508) Survivor regions: 51->51(84)
[4871.140s][info][gc,heap        ] GC(508) Old regions: 463->466
[4871.140s][info][gc,heap        ] GC(508) Humongous regions: 33->33
[4871.140s][info][gc,metaspace   ] GC(508) Metaspace: 29971K(30144K)->29971K(30144K) NonClass: 29971K(30144K)->29971K(30144K) Class: 0K(0K)->0K(0K)
[4871.140s][info][gc             ] GC(508) Pause Young (Normal) (G1 Evacuation Pause) 9289M->4371M(10240M) 160.048ms
[4871.140s][info][gc,cpu         ] GC(508) User=1.25s Sys=0.00s Real=0.16s
.....[4875.972s][info][gc,start       ] GC(509) Pause Young (Normal) (G1 Evacuation Pause)
[4875.972s][info][gc,task        ] GC(509) Using 8 workers of 8 for evacuation
[4876.134s][info][gc,phases      ] GC(509)   Pre Evacuate Collection Set: 0.29ms
[4876.134s][info][gc,phases      ] GC(509)   Merge Heap Roots: 0.56ms
[4876.134s][info][gc,phases      ] GC(509)   Evacuate Collection Set: 160.28ms
[4876.134s][info][gc,phases      ] GC(509)   Post Evacuate Collection Set: 1.18ms
[4876.134s][info][gc,phases      ] GC(509)   Other: 0.07ms
[4876.134s][info][gc,heap        ] GC(509) Eden regions: 615->0(618)
[4876.134s][info][gc,heap        ] GC(509) Survivor regions: 51->45(84)
[4876.134s][info][gc,heap        ] GC(509) Old regions: 466->475
[4876.134s][info][gc,heap        ] GC(509) Humongous regions: 33->33
[4876.134s][info][gc,metaspace   ] GC(509) Metaspace: 29971K(30144K)->29971K(30144K) NonClass: 29971K(30144K)->29971K(30144K) Class: 0K(0K)->0K(0K)
[4876.134s][info][gc             ] GC(509) Pause Young (Normal) (G1 Evacuation Pause) 9291M->4399M(10240M) 162.518ms
[4876.134s][info][gc,cpu         ] GC(509) User=1.28s Sys=0.00s Real=0.16s
.....[4880.893s][info][gc,start       ] GC(510) Pause Young (Normal) (G1 Evacuation Pause)
[4880.893s][info][gc,task        ] GC(510) Using 8 workers of 8 for evacuation
[4881.043s][info][gc,phases      ] GC(510)   Pre Evacuate Collection Set: 0.29ms
[4881.043s][info][gc,phases      ] GC(510)   Merge Heap Roots: 0.56ms
[4881.043s][info][gc,phases      ] GC(510)   Evacuate Collection Set: 148.31ms
[4881.043s][info][gc,phases      ] GC(510)   Post Evacuate Collection Set: 1.19ms
[4881.043s][info][gc,phases      ] GC(510)   Other: 0.06ms
[4881.043s][info][gc,heap        ] GC(510) Eden regions: 618->0(613)
[4881.043s][info][gc,heap        ] GC(510) Survivor regions: 45->44(83)
[4881.043s][info][gc,heap        ] GC(510) Old regions: 475->482
[4881.044s][info][gc,heap        ] GC(510) Humongous regions: 33->33
[4881.044s][info][gc,metaspace   ] GC(510) Metaspace: 29971K(30144K)->29971K(30144K) NonClass: 29971K(30144K)->29971K(30144K) Class: 0K(0K)->0K(0K)
[4881.044s][info][gc             ] GC(510) Pause Young (Normal) (G1 Evacuation Pause) 9343M->4445M(10240M) 150.559ms
[4881.044s][info][gc,cpu         ] GC(510) User=1.18s Sys=0.00s Real=0.15s
.....[4885.866s][info][gc,start       ] GC(511) Pause Young (Normal) (G1 Evacuation Pause)
[4885.866s][info][gc,task        ] GC(511) Using 8 workers of 8 for evacuation
[4886.018s][info][gc,phases      ] GC(511)   Pre Evacuate Collection Set: 0.28ms
[4886.018s][info][gc,phases      ] GC(511)   Merge Heap Roots: 0.57ms
[4886.018s][info][gc,phases      ] GC(511)   Evacuate Collection Set: 149.25ms
[4886.018s][info][gc,phases      ] GC(511)   Post Evacuate Collection Set: 1.15ms
[4886.018s][info][gc,phases      ] GC(511)   Other: 0.06ms
[4886.018s][info][gc,heap        ] GC(511) Eden regions: 613->0(606)
[4886.018s][info][gc,heap        ] GC(511) Survivor regions: 44->44(83)
[4886.018s][info][gc,heap        ] GC(511) Old regions: 482->489
[4886.018s][info][gc,heap        ] GC(511) Humongous regions: 33->33
[4886.018s][info][gc,metaspace   ] GC(511) Metaspace: 29971K(30144K)->29971K(30144K) NonClass: 29971K(30144K)->29971K(30144K) Class: 0K(0K)->0K(0K)
[4886.018s][info][gc             ] GC(511) Pause Young (Normal) (G1 Evacuation Pause) 9349M->4499M(10240M) 151.461ms
[4886.018s][info][gc,cpu         ] GC(511) User=1.19s Sys=0.00s Real=0.15s
.....[4890.848s][info][gc,start       ] GC(512) Pause Young (Normal) (G1 Evacuation Pause)
[4890.848s][info][gc,task        ] GC(512) Using 8 workers of 8 for evacuation
[4891.004s][info][gc,phases      ] GC(512)   Pre Evacuate Collection Set: 0.27ms
[4891.005s][info][gc,phases      ] GC(512)   Merge Heap Roots: 0.56ms
[4891.005s][info][gc,phases      ] GC(512)   Evacuate Collection Set: 154.16ms
[4891.005s][info][gc,phases      ] GC(512)   Post Evacuate Collection Set: 1.11ms
[4891.005s][info][gc,phases      ] GC(512)   Other: 0.06ms
[4891.005s][info][gc,heap        ] GC(512) Eden regions: 606->0(597)
[4891.005s][info][gc,heap        ] GC(512) Survivor regions: 44->45(82)
[4891.005s][info][gc,heap        ] GC(512) Old regions: 489->496
[4891.005s][info][gc,heap        ] GC(512) Humongous regions: 33->33
[4891.005s][info][gc,metaspace   ] GC(512) Metaspace: 29971K(30144K)->29971K(30144K) NonClass: 29971K(30144K)->29971K(30144K) Class: 0K(0K)->0K(0K)
[4891.005s][info][gc             ] GC(512) Pause Young (Normal) (G1 Evacuation Pause) 9347M->4566M(10240M) 156.308ms
[4891.005s][info][gc,cpu         ] GC(512) User=1.23s Sys=0.00s Real=0.15s
....[4895.711s][info][gc,start       ] GC(513) Pause Young (Normal) (G1 Evacuation Pause)
[4895.711s][info][gc,task        ] GC(513) Using 8 workers of 8 for evacuation
[4895.870s][info][gc,phases      ] GC(513)   Pre Evacuate Collection Set: 0.29ms
[4895.870s][info][gc,phases      ] GC(513)   Merge Heap Roots: 0.55ms
[4895.870s][info][gc,phases      ] GC(513)   Evacuate Collection Set: 156.09ms
[4895.870s][info][gc,phases      ] GC(513)   Post Evacuate Collection Set: 1.14ms
[4895.870s][info][gc,phases      ] GC(513)   Other: 0.06ms
[4895.870s][info][gc,heap        ] GC(513) Eden regions: 597->0(588)
[4895.870s][info][gc,heap        ] GC(513) Survivor regions: 45->46(81)
[4895.870s][info][gc,heap        ] GC(513) Old regions: 496->503
[4895.870s][info][gc,heap        ] GC(513) Humongous regions: 33->33
[4895.870s][info][gc,metaspace   ] GC(513) Metaspace: 29971K(30144K)->29971K(30144K) NonClass: 29971K(30144K)->29971K(30144K) Class: 0K(0K)->0K(0K)
[4895.870s][info][gc             ] GC(513) Pause Young (Normal) (G1 Evacuation Pause) 9342M->4627M(10240M) 158.266ms
[4895.870s][info][gc,cpu         ] GC(513) User=1.24s Sys=0.00s Real=0.16s
.....[4900.496s][info][gc,start       ] GC(514) Pause Young (Normal) (G1 Evacuation Pause)
[4900.496s][info][gc,task        ] GC(514) Using 8 workers of 8 for evacuation
[4900.645s][info][gc,phases      ] GC(514)   Pre Evacuate Collection Set: 0.29ms
[4900.645s][info][gc,phases      ] GC(514)   Merge Heap Roots: 0.55ms
[4900.645s][info][gc,phases      ] GC(514)   Evacuate Collection Set: 146.98ms
[4900.645s][info][gc,phases      ] GC(514)   Post Evacuate Collection Set: 1.11ms
[4900.645s][info][gc,phases      ] GC(514)   Other: 0.07ms
[4900.645s][info][gc,heap        ] GC(514) Eden regions: 588->0(585)
[4900.645s][info][gc,heap        ] GC(514) Survivor regions: 46->44(80)
[4900.645s][info][gc,heap        ] GC(514) Old regions: 503->510
[4900.645s][info][gc,heap        ] GC(514) Humongous regions: 33->33
[4900.645s][info][gc,metaspace   ] GC(514) Metaspace: 29971K(30144K)->29971K(30144K) NonClass: 29971K(30144K)->29971K(30144K) Class: 0K(0K)->0K(0K)
[4900.645s][info][gc             ] GC(514) Pause Young (Normal) (G1 Evacuation Pause) 9331M->4667M(10240M) 149.124ms
[4900.645s][info][gc,cpu         ] GC(514) User=1.17s Sys=0.00s Real=0.14s
.....[4905.325s][info][gc,start       ] GC(515) Pause Young (Normal) (G1 Evacuation Pause)
[4905.325s][info][gc,task        ] GC(515) Using 8 workers of 8 for evacuation
[4905.472s][info][gc,phases      ] GC(515)   Pre Evacuate Collection Set: 0.31ms
[4905.472s][info][gc,phases      ] GC(515)   Merge Heap Roots: 0.65ms
[4905.472s][info][gc,phases      ] GC(515)   Evacuate Collection Set: 145.17ms
[4905.472s][info][gc,phases      ] GC(515)   Post Evacuate Collection Set: 1.07ms
[4905.472s][info][gc,phases      ] GC(515)   Other: 0.07ms
[4905.472s][info][gc,heap        ] GC(515) Eden regions: 585->0(578)
[4905.472s][info][gc,heap        ] GC(515) Survivor regions: 44->44(79)
[4905.472s][info][gc,heap        ] GC(515) Old regions: 510->517
[4905.472s][info][gc,heap        ] GC(515) Humongous regions: 33->33
[4905.472s][info][gc,metaspace   ] GC(515) Metaspace: 29971K(30144K)->29971K(30144K) NonClass: 29971K(30144K)->29971K(30144K) Class: 0K(0K)->0K(0K)
[4905.472s][info][gc             ] GC(515) Pause Young (Normal) (G1 Evacuation Pause) 9347M->4722M(10240M) 147.439ms
[4905.472s][info][gc,cpu         ] GC(515) User=1.16s Sys=0.01s Real=0.15s
.....[4910.111s][info][gc,start       ] GC(516) Pause Young (Normal) (G1 Evacuation Pause)
[4910.111s][info][gc,task        ] GC(516) Using 8 workers of 8 for evacuation
[4910.257s][info][gc,phases      ] GC(516)   Pre Evacuate Collection Set: 0.33ms
[4910.258s][info][gc,phases      ] GC(516)   Merge Heap Roots: 0.68ms
[4910.258s][info][gc,phases      ] GC(516)   Evacuate Collection Set: 143.79ms
[4910.258s][info][gc,phases      ] GC(516)   Post Evacuate Collection Set: 1.11ms
[4910.258s][info][gc,phases      ] GC(516)   Other: 0.08ms
[4910.258s][info][gc,heap        ] GC(516) Eden regions: 578->0(573)
[4910.258s][info][gc,heap        ] GC(516) Survivor regions: 44->43(78)
[4910.258s][info][gc,heap        ] GC(516) Old regions: 517->524
[4910.258s][info][gc,heap        ] GC(516) Humongous regions: 33->33
[4910.258s][info][gc,metaspace   ] GC(516) Metaspace: 29971K(30144K)->29971K(30144K) NonClass: 29971K(30144K)->29971K(30144K) Class: 0K(0K)->0K(0K)
[4910.258s][info][gc             ] GC(516) Pause Young (Normal) (G1 Evacuation Pause) 9346M->4775M(10240M) 146.118ms
[4910.258s][info][gc,cpu         ] GC(516) User=1.15s Sys=0.00s Real=0.15s
. (rIR:aIR:PR = 8302:8304:8303) (tPR = 123402) [OK] 
  4910s: Performance info:
         Transaction,    Success,    Partial,     Failed,   Receipts, AvgBarcode, 
             Overall,     499524,          0,          0,     474731,      59.47, 
         Response times:
             Request,    Success,    Partial,     Failed,   SkipFail,     Probes,    Samples,      min,      p50,      p90,      p95,      p99,      max, 
       TotalPurchase,     474766,          0,          0,          0,     360901,     502243,      300,     5700,    13900,    42000,   107000,   494000,
     InStorePurchase,     249740,          0,          0,          0,     190111,     263714,      300,     5600,    13800,    42000,   107000,   494000,
      OnlinePurchase,     175250,          0,          0,          0,     132811,     185064,      400,     5800,    14000,    42000,   106000,   492000,
        InstPurchase,      49776,          0,          0,          0,      37979,      53465,      400,     5400,    14000,    45000,   112000,   408000,
          AssocOfCat,        504,          0,          0,          0,        393,        638,    28000,    46000,    70000,   101150,   194220,   393000,
      AssocOfProduct,       4980,          0,          0,          0,       3561,       5329,      700,     6100,    13900,    51000,   112000,   493000,
      BusinessReport,       1253,          0,          0,          0,       1134,       1793,    31000,    52000,    77600,   112300,   208180,   232000,
          CustBuyBeh,       4963,          0,          0,          0,       3525,       5182,      300,     5500,    13000,    45000,   104000,   206000,
       ProductReturn,      13103,          0,          0,          0,       9115,      13165,      200,     5300,    13600,    33000,   100680,   407000,

  4910s: (61%)   IR =   8441 ...[4914.586s][info][gc,start       ] GC(517) Pause Young (Normal) (G1 Evacuation Pause)
[4914.586s][info][gc,task        ] GC(517) Using 8 workers of 8 for evacuation
[4914.739s][info][gc,phases      ] GC(517)   Pre Evacuate Collection Set: 0.28ms
[4914.739s][info][gc,phases      ] GC(517)   Merge Heap Roots: 0.54ms
[4914.739s][info][gc,phases      ] GC(517)   Evacuate Collection Set: 150.84ms
[4914.739s][info][gc,phases      ] GC(517)   Post Evacuate Collection Set: 1.11ms
[4914.739s][info][gc,phases      ] GC(517)   Other: 0.07ms
[4914.739s][info][gc,heap        ] GC(517) Eden regions: 573->0(564)
[4914.739s][info][gc,heap        ] GC(517) Survivor regions: 43->44(77)
[4914.739s][info][gc,heap        ] GC(517) Old regions: 524->531
[4914.739s][info][gc,heap        ] GC(517) Humongous regions: 33->33
[4914.739s][info][gc,metaspace   ] GC(517) Metaspace: 29971K(30144K)->29971K(30144K) NonClass: 29971K(30144K)->29971K(30144K) Class: 0K(0K)->0K(0K)
[4914.739s][info][gc             ] GC(517) Pause Young (Normal) (G1 Evacuation Pause) 9359M->4839M(10240M) 152.979ms
[4914.739s][info][gc,cpu         ] GC(517) User=1.20s Sys=0.01s Real=0.15s
.....[4919.072s][info][gc,start       ] GC(518) Pause Young (Normal) (G1 Evacuation Pause)
[4919.072s][info][gc,task        ] GC(518) Using 8 workers of 8 for evacuation
[4919.225s][info][gc,phases      ] GC(518)   Pre Evacuate Collection Set: 0.28ms
[4919.225s][info][gc,phases      ] GC(518)   Merge Heap Roots: 0.55ms
[4919.225s][info][gc,phases      ] GC(518)   Evacuate Collection Set: 151.36ms
[4919.225s][info][gc,phases      ] GC(518)   Post Evacuate Collection Set: 1.07ms
[4919.226s][info][gc,phases      ] GC(518)   Other: 0.06ms
[4919.226s][info][gc,heap        ] GC(518) Eden regions: 564->0(558)
[4919.226s][info][gc,heap        ] GC(518) Survivor regions: 44->43(76)
[4919.226s][info][gc,heap        ] GC(518) Old regions: 531->539
[4919.226s][info][gc,heap        ] GC(518) Humongous regions: 33->33
[4919.226s][info][gc,metaspace   ] GC(518) Metaspace: 29971K(30144K)->29971K(30144K) NonClass: 29971K(30144K)->29971K(30144K) Class: 0K(0K)->0K(0K)
[4919.226s][info][gc             ] GC(518) Pause Young (Normal) (G1 Evacuation Pause) 9351M->4893M(10240M) 153.455ms
[4919.226s][info][gc,cpu         ] GC(518) User=1.21s Sys=0.00s Real=0.15s
...|.[4923.627s][info][gc,start       ] GC(519) Pause Young (Normal) (G1 Evacuation Pause)
[4923.627s][info][gc,task        ] GC(519) Using 8 workers of 8 for evacuation
[4923.780s][info][gc,phases      ] GC(519)   Pre Evacuate Collection Set: 0.28ms
[4923.780s][info][gc,phases      ] GC(519)   Merge Heap Roots: 0.54ms
[4923.780s][info][gc,phases      ] GC(519)   Evacuate Collection Set: 151.25ms
[4923.780s][info][gc,phases      ] GC(519)   Post Evacuate Collection Set: 1.08ms
[4923.780s][info][gc,phases      ] GC(519)   Other: 0.06ms
[4923.780s][info][gc,heap        ] GC(519) Eden regions: 558->0(547)
[4923.780s][info][gc,heap        ] GC(519) Survivor regions: 43->45(76)
[4923.780s][info][gc,heap        ] GC(519) Old regions: 539->546
[4923.780s][info][gc,heap        ] GC(519) Humongous regions: 33->33
[4923.780s][info][gc,metaspace   ] GC(519) Metaspace: 29971K(30144K)->29971K(30144K) NonClass: 29971K(30144K)->29971K(30144K) Class: 0K(0K)->0K(0K)
[4923.780s][info][gc             ] GC(519) Pause Young (Normal) (G1 Evacuation Pause) 9357M->4962M(10240M) 153.356ms
[4923.780s][info][gc,cpu         ] GC(519) User=1.20s Sys=0.00s Real=0.15s
....[4927.922s][info][gc,start       ] GC(520) Pause Young (Concurrent Start) (G1 Evacuation Pause)
[4927.922s][info][gc,task        ] GC(520) Using 8 workers of 8 for evacuation
[4928.069s][info][gc,phases      ] GC(520)   Pre Evacuate Collection Set: 0.33ms
[4928.069s][info][gc,phases      ] GC(520)   Merge Heap Roots: 0.56ms
[4928.069s][info][gc,phases      ] GC(520)   Evacuate Collection Set: 144.65ms
[4928.069s][info][gc,phases      ] GC(520)   Post Evacuate Collection Set: 1.08ms
[4928.069s][info][gc,phases      ] GC(520)   Other: 0.09ms
[4928.069s][info][gc,heap        ] GC(520) Eden regions: 547->0(546)
[4928.069s][info][gc,heap        ] GC(520) Survivor regions: 45->42(74)
[4928.069s][info][gc,heap        ] GC(520) Old regions: 546->553
[4928.069s][info][gc,heap        ] GC(520) Humongous regions: 33->33
[4928.069s][info][gc,metaspace   ] GC(520) Metaspace: 29971K(30144K)->29971K(30144K) NonClass: 29971K(30144K)->29971K(30144K) Class: 0K(0K)->0K(0K)
[4928.069s][info][gc             ] GC(520) Pause Young (Concurrent Start) (G1 Evacuation Pause) 9338M->5002M(10240M) 146.848ms
[4928.069s][info][gc             ] GC(521) Concurrent Mark Cycle
[4928.069s][info][gc,marking     ] GC(521) Concurrent Scan Root Regions
[4928.069s][info][gc,cpu         ] GC(520) User=1.15s Sys=0.00s Real=0.15s
.[4928.488s][info][gc,marking     ] GC(521) Concurrent Scan Root Regions 418.897ms
[4928.488s][info][gc,marking     ] GC(521) Concurrent Mark
[4928.488s][info][gc,marking     ] GC(521) Concurrent Mark From Roots
[4928.488s][info][gc,task        ] GC(521) Using 2 workers of 2 for marking
.[4929.275s][info][gc,marking     ] GC(521) Concurrent Mark From Roots 787.245ms
[4929.275s][info][gc,marking     ] GC(521) Concurrent Preclean
[4929.276s][info][gc,marking     ] GC(521) Concurrent Preclean 0.507ms
[4929.276s][info][gc,start       ] GC(521) Pause Remark
[4929.279s][info][gc             ] GC(521) Pause Remark 6274M->5506M(10240M) 3.354ms
[4929.279s][info][gc,cpu         ] GC(521) User=0.02s Sys=0.00s Real=0.00s
[4929.279s][info][gc,marking     ] GC(521) Concurrent Mark 791.418ms
[4929.279s][info][gc,marking     ] GC(521) Concurrent Rebuild Remembered Sets and Scrub Regions
[4929.818s][info][gc,marking     ] GC(521) Concurrent Rebuild Remembered Sets and Scrub Regions 538.766ms
[4929.818s][info][gc,start       ] GC(521) Pause Cleanup
[4929.819s][info][gc             ] GC(521) Pause Cleanup 6104M->6104M(10240M) 0.374ms
[4929.819s][info][gc,cpu         ] GC(521) User=0.00s Sys=0.00s Real=0.00s
[4929.819s][info][gc,marking     ] GC(521) Concurrent Clear Claimed Marks
[4929.819s][info][gc,marking     ] GC(521) Concurrent Clear Claimed Marks 0.050ms
[4929.819s][info][gc,marking     ] GC(521) Concurrent Cleanup for Next Mark
[4929.831s][info][gc,marking     ] GC(521) Concurrent Cleanup for Next Mark 12.653ms
[4929.831s][info][gc             ] GC(521) Concurrent Mark Cycle 1762.592ms
...[4932.374s][info][gc,start       ] GC(522) Pause Young (Prepare Mixed) (G1 Evacuation Pause)
[4932.374s][info][gc,task        ] GC(522) Using 8 workers of 8 for evacuation
[4932.522s][info][gc,phases      ] GC(522)   Pre Evacuate Collection Set: 0.27ms
[4932.522s][info][gc,phases      ] GC(522)   Merge Heap Roots: 0.75ms
[4932.522s][info][gc,phases      ] GC(522)   Evacuate Collection Set: 145.70ms
[4932.522s][info][gc,phases      ] GC(522)   Post Evacuate Collection Set: 1.19ms
[4932.522s][info][gc,phases      ] GC(522)   Other: 0.08ms
[4932.522s][info][gc,heap        ] GC(522) Eden regions: 546->0(632)
[4932.522s][info][gc,heap        ] GC(522) Survivor regions: 42->43(74)
[4932.522s][info][gc,heap        ] GC(522) Old regions: 457->465
[4932.522s][info][gc,heap        ] GC(522) Humongous regions: 33->33
[4932.522s][info][gc,metaspace   ] GC(522) Metaspace: 29971K(30144K)->29971K(30144K) NonClass: 29971K(30144K)->29971K(30144K) Class: 0K(0K)->0K(0K)
[4932.522s][info][gc             ] GC(522) Pause Young (Prepare Mixed) (G1 Evacuation Pause) 8602M->4301M(10240M) 148.129ms
[4932.522s][info][gc,cpu         ] GC(522) User=1.17s Sys=0.00s Real=0.15s
.....[4937.363s][info][gc,start       ] GC(523) Pause Young (Mixed) (G1 Evacuation Pause)
[4937.363s][info][gc,task        ] GC(523) Using 8 workers of 8 for evacuation
[4937.515s][info][gc,phases      ] GC(523)   Pre Evacuate Collection Set: 0.33ms
[4937.515s][info][gc,phases      ] GC(523)   Merge Heap Roots: 0.65ms
[4937.515s][info][gc,phases      ] GC(523)   Evacuate Collection Set: 149.38ms
[4937.515s][info][gc,phases      ] GC(523)   Post Evacuate Collection Set: 1.46ms
[4937.515s][info][gc,phases      ] GC(523)   Other: 0.09ms
[4937.515s][info][gc,heap        ] GC(523) Eden regions: 632->0(718)
[4937.515s][info][gc,heap        ] GC(523) Survivor regions: 43->50(85)
[4937.515s][info][gc,heap        ] GC(523) Old regions: 465->338
[4937.515s][info][gc,heap        ] GC(523) Humongous regions: 33->33
[4937.515s][info][gc,metaspace   ] GC(523) Metaspace: 29971K(30144K)->29971K(30144K) NonClass: 29971K(30144K)->29971K(30144K) Class: 0K(0K)->0K(0K)
[4937.515s][info][gc             ] GC(523) Pause Young (Mixed) (G1 Evacuation Pause) 9357M->3339M(10240M) 152.056ms
[4937.515s][info][gc,cpu         ] GC(523) User=1.20s Sys=0.00s Real=0.15s
.....[4942.999s][info][gc,start       ] GC(524) Pause Young (Mixed) (G1 Evacuation Pause)
[4942.999s][info][gc,task        ] GC(524) Using 8 workers of 8 for evacuation
[4943.163s][info][gc,phases      ] GC(524)   Pre Evacuate Collection Set: 0.35ms
[4943.163s][info][gc,phases      ] GC(524)   Merge Heap Roots: 0.79ms
[4943.163s][info][gc,phases      ] GC(524)   Evacuate Collection Set: 161.34ms
[4943.163s][info][gc,phases      ] GC(524)   Post Evacuate Collection Set: 1.46ms
[4943.163s][info][gc,phases      ] GC(524)   Other: 0.08ms
[4943.163s][info][gc,heap        ] GC(524) Eden regions: 716->0(687)
[4943.163s][info][gc,heap        ] GC(524) Survivor regions: 50->54(96)
[4943.163s][info][gc,heap        ] GC(524) Old regions: 338->297
[4943.163s][info][gc,heap        ] GC(524) Humongous regions: 33->33
[4943.163s][info][gc,metaspace   ] GC(524) Metaspace: 29971K(30144K)->29971K(30144K) NonClass: 29971K(30144K)->29971K(30144K) Class: 0K(0K)->0K(0K)
[4943.163s][info][gc             ] GC(524) Pause Young (Mixed) (G1 Evacuation Pause) 9067M->3046M(10240M) 164.173ms
[4943.163s][info][gc,cpu         ] GC(524) User=1.29s Sys=0.00s Real=0.16s
......[4948.365s][info][gc,start       ] GC(525) Pause Young (Mixed) (G1 Evacuation Pause)
[4948.365s][info][gc,task        ] GC(525) Using 8 workers of 8 for evacuation
[4948.534s][info][gc,phases      ] GC(525)   Pre Evacuate Collection Set: 0.31ms
[4948.534s][info][gc,phases      ] GC(525)   Merge Heap Roots: 0.70ms
[4948.534s][info][gc,phases      ] GC(525)   Evacuate Collection Set: 166.04ms
[4948.534s][info][gc,phases      ] GC(525)   Post Evacuate Collection Set: 1.39ms
[4948.534s][info][gc,phases      ] GC(525)   Other: 0.08ms
[4948.534s][info][gc,heap        ] GC(525) Eden regions: 675->0(716)
[4948.534s][info][gc,heap        ] GC(525) Survivor regions: 54->52(92)
[4948.534s][info][gc,heap        ] GC(525) Old regions: 297->260
[4948.534s][info][gc,heap        ] GC(525) Humongous regions: 33->33
[4948.534s][info][gc,metaspace   ] GC(525) Metaspace: 29971K(30144K)->29971K(30144K) NonClass: 29971K(30144K)->29971K(30144K) Class: 0K(0K)->0K(0K)
[4948.534s][info][gc             ] GC(525) Pause Young (Mixed) (G1 Evacuation Pause) 8446M->2732M(10240M) 168.641ms
[4948.534s][info][gc,cpu         ] GC(525) User=1.33s Sys=0.00s Real=0.17s
......[4954.182s][info][gc,start       ] GC(526) Pause Young (Mixed) (G1 Evacuation Pause)
[4954.182s][info][gc,task        ] GC(526) Using 8 workers of 8 for evacuation
[4954.359s][info][gc,phases      ] GC(526)   Pre Evacuate Collection Set: 0.31ms
[4954.359s][info][gc,phases      ] GC(526)   Merge Heap Roots: 0.73ms
[4954.359s][info][gc,phases      ] GC(526)   Evacuate Collection Set: 173.33ms
[4954.359s][info][gc,phases      ] GC(526)   Merge Optional Heap Roots: 0.09ms
[4954.359s][info][gc,phases      ] GC(526)   Evacuate Optional Collection Set: 1.33ms
[4954.359s][info][gc,phases      ] GC(526)   Post Evacuate Collection Set: 1.52ms
[4954.359s][info][gc,phases      ] GC(526)   Other: 0.09ms
[4954.359s][info][gc,heap        ] GC(526) Eden regions: 716->0(655)
[4954.359s][info][gc,heap        ] GC(526) Survivor regions: 52->53(96)
[4954.359s][info][gc,heap        ] GC(526) Old regions: 260->196
[4954.359s][info][gc,heap        ] GC(526) Humongous regions: 33->33
[4954.359s][info][gc,metaspace   ] GC(526) Metaspace: 29971K(30144K)->29971K(30144K) NonClass: 29971K(30144K)->29971K(30144K) Class: 0K(0K)->0K(0K)
[4954.359s][info][gc             ] GC(526) Pause Young (Mixed) (G1 Evacuation Pause) 8460M->2232M(10240M) 177.540ms
[4954.360s][info][gc,cpu         ] GC(526) User=1.35s Sys=0.00s Real=0.18s
.....[4959.488s][info][gc,start       ] GC(527) Pause Young (Mixed) (G1 Evacuation Pause)
[4959.488s][info][gc,task        ] GC(527) Using 8 workers of 8 for evacuation
[4959.657s][info][gc,phases      ] GC(527)   Pre Evacuate Collection Set: 0.32ms
[4959.657s][info][gc,phases      ] GC(527)   Merge Heap Roots: 0.83ms
[4959.657s][info][gc,phases      ] GC(527)   Evacuate Collection Set: 167.03ms
[4959.657s][info][gc,phases      ] GC(527)   Post Evacuate Collection Set: 1.35ms
[4959.657s][info][gc,phases      ] GC(527)   Other: 0.07ms
[4959.657s][info][gc,heap        ] GC(527) Eden regions: 661->0(716)
[4959.657s][info][gc,heap        ] GC(527) Survivor regions: 53->52(90)
[4959.657s][info][gc,heap        ] GC(527) Old regions: 196->159
[4959.657s][info][gc,heap        ] GC(527) Humongous regions: 33->33
[4959.657s][info][gc,metaspace   ] GC(527) Metaspace: 29971K(30144K)->29971K(30144K) NonClass: 29971K(30144K)->29971K(30144K) Class: 0K(0K)->0K(0K)
[4959.657s][info][gc             ] GC(527) Pause Young (Mixed) (G1 Evacuation Pause) 7520M->1922M(10240M) 169.739ms
[4959.657s][info][gc,cpu         ] GC(527) User=1.33s Sys=0.01s Real=0.17s
......[4965.294s][info][gc,start       ] GC(528) Pause Young (Mixed) (G1 Evacuation Pause)
[4965.294s][info][gc,task        ] GC(528) Using 8 workers of 8 for evacuation
[4965.468s][info][gc,phases      ] GC(528)   Pre Evacuate Collection Set: 0.30ms
[4965.468s][info][gc,phases      ] GC(528)   Merge Heap Roots: 0.66ms
[4965.468s][info][gc,phases      ] GC(528)   Evacuate Collection Set: 172.56ms
[4965.468s][info][gc,phases      ] GC(528)   Post Evacuate Collection Set: 1.30ms
[4965.468s][info][gc,phases      ] GC(528)   Other: 0.07ms
[4965.468s][info][gc,heap        ] GC(528) Eden regions: 716->0(714)
[4965.469s][info][gc,heap        ] GC(528) Survivor regions: 52->54(96)
[4965.469s][info][gc,heap        ] GC(528) Old regions: 159->155
[4965.469s][info][gc,heap        ] GC(528) Humongous regions: 33->33
[4965.469s][info][gc,metaspace   ] GC(528) Metaspace: 29971K(30144K)->29971K(30144K) NonClass: 29971K(30144K)->29971K(30144K) Class: 0K(0K)->0K(0K)
[4965.469s][info][gc             ] GC(528) Pause Young (Mixed) (G1 Evacuation Pause) 7650M->1906M(10240M) 175.022ms
[4965.469s][info][gc,cpu         ] GC(528) User=1.38s Sys=0.00s Real=0.18s
.....[4970.992s][info][gc,start       ] GC(529) Pause Young (Normal) (G1 Evacuation Pause)
[4970.992s][info][gc,task        ] GC(529) Using 8 workers of 8 for evacuation
[4971.157s][info][gc,phases      ] GC(529)   Pre Evacuate Collection Set: 0.28ms
[4971.157s][info][gc,phases      ] GC(529)   Merge Heap Roots: 0.56ms
[4971.157s][info][gc,phases      ] GC(529)   Evacuate Collection Set: 162.43ms
[4971.157s][info][gc,phases      ] GC(529)   Post Evacuate Collection Set: 1.27ms
[4971.157s][info][gc,phases      ] GC(529)   Other: 0.08ms
[4971.157s][info][gc,heap        ] GC(529) Eden regions: 714->0(716)
[4971.157s][info][gc,heap        ] GC(529) Survivor regions: 54->52(96)
[4971.157s][info][gc,heap        ] GC(529) Old regions: 155->158
[4971.157s][info][gc,heap        ] GC(529) Humongous regions: 33->33
[4971.157s][info][gc,metaspace   ] GC(529) Metaspace: 29971K(30144K)->29971K(30144K) NonClass: 29971K(30144K)->29971K(30144K) Class: 0K(0K)->0K(0K)
[4971.157s][info][gc             ] GC(529) Pause Young (Normal) (G1 Evacuation Pause) 7618M->1913M(10240M) 164.759ms
[4971.157s][info][gc,cpu         ] GC(529) User=1.29s Sys=0.00s Real=0.17s
......[4976.746s][info][gc,start       ] GC(530) Pause Young (Normal) (G1 Evacuation Pause)
[4976.746s][info][gc,task        ] GC(530) Using 8 workers of 8 for evacuation
[4976.913s][info][gc,phases      ] GC(530)   Pre Evacuate Collection Set: 0.29ms
[4976.913s][info][gc,phases      ] GC(530)   Merge Heap Roots: 0.55ms
[4976.913s][info][gc,phases      ] GC(530)   Evacuate Collection Set: 165.01ms
[4976.913s][info][gc,phases      ] GC(530)   Post Evacuate Collection Set: 1.31ms
[4976.913s][info][gc,phases      ] GC(530)   Other: 0.07ms
[4976.913s][info][gc,heap        ] GC(530) Eden regions: 716->0(715)
[4976.913s][info][gc,heap        ] GC(530) Survivor regions: 52->53(96)
[4976.913s][info][gc,heap        ] GC(530) Old regions: 158->160
[4976.913s][info][gc,heap        ] GC(530) Humongous regions: 33->33
[4976.913s][info][gc,metaspace   ] GC(530) Metaspace: 29971K(30144K)->29971K(30144K) NonClass: 29971K(30144K)->29971K(30144K) Class: 0K(0K)->0K(0K)
[4976.913s][info][gc             ] GC(530) Pause Young (Normal) (G1 Evacuation Pause) 7641M->1944M(10240M) 167.358ms
[4976.913s][info][gc,cpu         ] GC(530) User=1.32s Sys=0.00s Real=0.16s
...... (rIR:aIR:PR = 8441:8428:8428) (tPR = 124632) [OK] 
  4982s: Performance info:
         Transaction,    Success,    Partial,     Failed,   Receipts, AvgBarcode, 
             Overall,     507416,          0,          0,     481976,      59.48, 
         Response times:
             Request,    Success,    Partial,     Failed,   SkipFail,     Probes,    Samples,      min,      p50,      p90,      p95,      p99,      max, 
       TotalPurchase,     481976,          0,          0,          0,     359724,     428080,      400,     5700,    13900,    35000,    82000,   553000,
     InStorePurchase,     254047,          0,          0,          0,     189215,     224839,      400,     5600,    13800,    35000,    82000,   552000,
      OnlinePurchase,     176821,          0,          0,          0,     132985,     158135,      400,     5700,    13900,    35000,    82000,   553000,
        InstPurchase,      51108,          0,          0,          0,      37524,      45106,      500,     5800,    13600,    35000,    83000,   396000,
          AssocOfCat,        508,          0,          0,          0,        403,        563,    29000,    46000,    69000,    98800,   207720,   233000,
      AssocOfProduct,       5127,          0,          0,          0,       3586,       4517,      600,     5600,    13800,    30000,    81820,   384000,
      BusinessReport,       1270,          0,          0,          0,       1139,       1498,    31000,    53000,    87000,   120050,   221010,   318000,
          CustBuyBeh,       5063,          0,          0,          0,       3613,       4589,      300,     5200,    12600,    36500,    83000,   245000,
       ProductReturn,      13472,          0,          0,          0,       9326,      11403,      200,     6000,    14000,    36000,    89000,   396000,

  4982s: (62%)   IR =   8579 [4982.488s][info][gc,start       ] GC(531) Pause Young (Normal) (G1 Evacuation Pause)
[4982.488s][info][gc,task        ] GC(531) Using 8 workers of 8 for evacuation
[4982.655s][info][gc,phases      ] GC(531)   Pre Evacuate Collection Set: 0.30ms
[4982.655s][info][gc,phases      ] GC(531)   Merge Heap Roots: 0.55ms
[4982.655s][info][gc,phases      ] GC(531)   Evacuate Collection Set: 165.06ms
[4982.655s][info][gc,phases      ] GC(531)   Post Evacuate Collection Set: 1.35ms
[4982.655s][info][gc,phases      ] GC(531)   Other: 0.06ms
[4982.655s][info][gc,heap        ] GC(531) Eden regions: 715->0(715)
[4982.655s][info][gc,heap        ] GC(531) Survivor regions: 53->53(96)
[4982.655s][info][gc,heap        ] GC(531) Old regions: 160->162
[4982.655s][info][gc,heap        ] GC(531) Humongous regions: 33->33
[4982.655s][info][gc,metaspace   ] GC(531) Metaspace: 29971K(30144K)->29971K(30144K) NonClass: 29971K(30144K)->29971K(30144K) Class: 0K(0K)->0K(0K)
[4982.655s][info][gc             ] GC(531) Pause Young (Normal) (G1 Evacuation Pause) 7664M->1959M(10240M) 167.470ms
[4982.655s][info][gc,cpu         ] GC(531) User=1.32s Sys=0.00s Real=0.16s
.....[4988.108s][info][gc,start       ] GC(532) Pause Young (Normal) (G1 Evacuation Pause)
[4988.108s][info][gc,task        ] GC(532) Using 8 workers of 8 for evacuation
[4988.274s][info][gc,phases      ] GC(532)   Pre Evacuate Collection Set: 0.33ms
[4988.274s][info][gc,phases      ] GC(532)   Merge Heap Roots: 0.55ms
[4988.274s][info][gc,phases      ] GC(532)   Evacuate Collection Set: 163.43ms
[4988.274s][info][gc,phases      ] GC(532)   Post Evacuate Collection Set: 1.33ms
[4988.274s][info][gc,phases      ] GC(532)   Other: 0.06ms
[4988.274s][info][gc,heap        ] GC(532) Eden regions: 715->0(716)
[4988.274s][info][gc,heap        ] GC(532) Survivor regions: 53->52(96)
[4988.274s][info][gc,heap        ] GC(532) Old regions: 162->165
[4988.274s][info][gc,heap        ] GC(532) Humongous regions: 33->33
[4988.274s][info][gc,metaspace   ] GC(532) Metaspace: 29971K(30144K)->29971K(30144K) NonClass: 29971K(30144K)->29971K(30144K) Class: 0K(0K)->0K(0K)
[4988.274s][info][gc             ] GC(532) Pause Young (Normal) (G1 Evacuation Pause) 7679M->1975M(10240M) 165.835ms
[4988.274s][info][gc,cpu         ] GC(532) User=1.30s Sys=0.00s Real=0.16s
......[4993.643s][info][gc,start       ] GC(533) Pause Young (Normal) (G1 Evacuation Pause)
[4993.643s][info][gc,task        ] GC(533) Using 8 workers of 8 for evacuation
[4993.810s][info][gc,phases      ] GC(533)   Pre Evacuate Collection Set: 0.29ms
[4993.810s][info][gc,phases      ] GC(533)   Merge Heap Roots: 0.63ms
[4993.810s][info][gc,phases      ] GC(533)   Evacuate Collection Set: 164.61ms
[4993.810s][info][gc,phases      ] GC(533)   Post Evacuate Collection Set: 1.34ms
[4993.810s][info][gc,phases      ] GC(533)   Other: 0.06ms
[4993.810s][info][gc,heap        ] GC(533) Eden regions: 716->0(715)
[4993.810s][info][gc,heap        ] GC(533) Survivor regions: 52->53(96)
[4993.810s][info][gc,heap        ] GC(533) Old regions: 165->167
[4993.810s][info][gc,heap        ] GC(533) Humongous regions: 33->33
[4993.810s][info][gc,metaspace   ] GC(533) Metaspace: 29971K(30144K)->29971K(30144K) NonClass: 29971K(30144K)->29971K(30144K) Class: 0K(0K)->0K(0K)
[4993.810s][info][gc             ] GC(533) Pause Young (Normal) (G1 Evacuation Pause) 7703M->1999M(10240M) 167.068ms
[4993.810s][info][gc,cpu         ] GC(533) User=1.31s Sys=0.00s Real=0.17s
......[4999.309s][info][gc,start       ] GC(534) Pause Young (Normal) (G1 Evacuation Pause)
[4999.309s][info][gc,task        ] GC(534) Using 8 workers of 8 for evacuation
[4999.476s][info][gc,phases      ] GC(534)   Pre Evacuate Collection Set: 0.29ms
[4999.476s][info][gc,phases      ] GC(534)   Merge Heap Roots: 0.55ms
[4999.476s][info][gc,phases      ] GC(534)   Evacuate Collection Set: 164.89ms
[4999.476s][info][gc,phases      ] GC(534)   Post Evacuate Collection Set: 1.32ms
[4999.476s][info][gc,phases      ] GC(534)   Other: 0.07ms
[4999.476s][info][gc,heap        ] GC(534) Eden regions: 715->0(715)
[4999.476s][info][gc,heap        ] GC(534) Survivor regions: 53->53(96)
[4999.476s][info][gc,heap        ] GC(534) Old regions: 167->170
[4999.476s][info][gc,heap        ] GC(534) Humongous regions: 33->33
[4999.476s][info][gc,metaspace   ] GC(534) Metaspace: 29971K(30144K)->29971K(30144K) NonClass: 29971K(30144K)->29971K(30144K) Class: 0K(0K)->0K(0K)
[4999.476s][info][gc             ] GC(534) Pause Young (Normal) (G1 Evacuation Pause) 7719M->2020M(10240M) 167.247ms
[4999.476s][info][gc,cpu         ] GC(534) User=1.32s Sys=0.00s Real=0.17s
.|....[5004.883s][info][gc,start       ] GC(535) Pause Young (Normal) (G1 Evacuation Pause)
[5004.883s][info][gc,task        ] GC(535) Using 8 workers of 8 for evacuation
[5005.045s][info][gc,phases      ] GC(535)   Pre Evacuate Collection Set: 0.32ms
[5005.045s][info][gc,phases      ] GC(535)   Merge Heap Roots: 0.55ms
[5005.045s][info][gc,phases      ] GC(535)   Evacuate Collection Set: 159.87ms
[5005.045s][info][gc,phases      ] GC(535)   Post Evacuate Collection Set: 1.33ms
[5005.045s][info][gc,phases      ] GC(535)   Other: 0.06ms
[5005.045s][info][gc,heap        ] GC(535) Eden regions: 715->0(717)
[5005.045s][info][gc,heap        ] GC(535) Survivor regions: 53->51(96)
[5005.045s][info][gc,heap        ] GC(535) Old regions: 170->172
[5005.045s][info][gc,heap        ] GC(535) Humongous regions: 33->33
[5005.045s][info][gc,metaspace   ] GC(535) Metaspace: 29971K(30144K)->29971K(30144K) NonClass: 29971K(30144K)->29971K(30144K) Class: 0K(0K)->0K(0K)
[5005.045s][info][gc             ] GC(535) Pause Young (Normal) (G1 Evacuation Pause) 7740M->2023M(10240M) 162.269ms
[5005.046s][info][gc,cpu         ] GC(535) User=1.28s Sys=0.00s Real=0.16s
......[5010.496s][info][gc,start       ] GC(536) Pause Young (Normal) (G1 Evacuation Pause)
[5010.496s][info][gc,task        ] GC(536) Using 8 workers of 8 for evacuation
[5010.662s][info][gc,phases      ] GC(536)   Pre Evacuate Collection Set: 0.29ms
[5010.662s][info][gc,phases      ] GC(536)   Merge Heap Roots: 0.56ms
[5010.662s][info][gc,phases      ] GC(536)   Evacuate Collection Set: 163.86ms
[5010.662s][info][gc,phases      ] GC(536)   Post Evacuate Collection Set: 1.28ms
[5010.662s][info][gc,phases      ] GC(536)   Other: 0.07ms
[5010.662s][info][gc,heap        ] GC(536) Eden regions: 717->0(716)
[5010.662s][info][gc,heap        ] GC(536) Survivor regions: 51->52(96)
[5010.662s][info][gc,heap        ] GC(536) Old regions: 172->175
[5010.662s][info][gc,heap        ] GC(536) Humongous regions: 33->33
[5010.662s][info][gc,metaspace   ] GC(536) Metaspace: 29971K(30144K)->29971K(30144K) NonClass: 29971K(30144K)->29971K(30144K) Class: 0K(0K)->0K(0K)
[5010.662s][info][gc             ] GC(536) Pause Young (Normal) (G1 Evacuation Pause) 7759M->2051M(10240M) 166.192ms
[5010.662s][info][gc,cpu         ] GC(536) User=1.31s Sys=0.00s Real=0.16s
.....[5016.193s][info][gc,start       ] GC(537) Pause Young (Normal) (G1 Evacuation Pause)
[5016.193s][info][gc,task        ] GC(537) Using 8 workers of 8 for evacuation
[5016.361s][info][gc,phases      ] GC(537)   Pre Evacuate Collection Set: 0.32ms
[5016.361s][info][gc,phases      ] GC(537)   Merge Heap Roots: 0.56ms
[5016.361s][info][gc,phases      ] GC(537)   Evacuate Collection Set: 165.06ms
[5016.361s][info][gc,phases      ] GC(537)   Post Evacuate Collection Set: 1.29ms
[5016.361s][info][gc,phases      ] GC(537)   Other: 0.07ms
[5016.361s][info][gc,heap        ] GC(537) Eden regions: 716->0(715)
[5016.361s][info][gc,heap        ] GC(537) Survivor regions: 52->53(96)
[5016.361s][info][gc,heap        ] GC(537) Old regions: 175->177
[5016.361s][info][gc,heap        ] GC(537) Humongous regions: 33->33
[5016.361s][info][gc,metaspace   ] GC(537) Metaspace: 29971K(30144K)->29971K(30144K) NonClass: 29971K(30144K)->29971K(30144K) Class: 0K(0K)->0K(0K)
[5016.361s][info][gc             ] GC(537) Pause Young (Normal) (G1 Evacuation Pause) 7779M->2079M(10240M) 167.426ms
[5016.361s][info][gc,cpu         ] GC(537) User=1.31s Sys=0.00s Real=0.17s
......[5021.683s][info][gc,start       ] GC(538) Pause Young (Normal) (G1 Evacuation Pause)
[5021.683s][info][gc,task        ] GC(538) Using 8 workers of 8 for evacuation
[5021.849s][info][gc,phases      ] GC(538)   Pre Evacuate Collection Set: 0.29ms
[5021.849s][info][gc,phases      ] GC(538)   Merge Heap Roots: 0.55ms
[5021.849s][info][gc,phases      ] GC(538)   Evacuate Collection Set: 163.68ms
[5021.849s][info][gc,phases      ] GC(538)   Post Evacuate Collection Set: 1.27ms
[5021.849s][info][gc,phases      ] GC(538)   Other: 0.07ms
[5021.849s][info][gc,heap        ] GC(538) Eden regions: 715->0(715)
[5021.849s][info][gc,heap        ] GC(538) Survivor regions: 53->53(96)
[5021.849s][info][gc,heap        ] GC(538) Old regions: 177->180
[5021.849s][info][gc,heap        ] GC(538) Humongous regions: 33->33
[5021.849s][info][gc,metaspace   ] GC(538) Metaspace: 29971K(30144K)->29971K(30144K) NonClass: 29971K(30144K)->29971K(30144K) Class: 0K(0K)->0K(0K)
[5021.849s][info][gc             ] GC(538) Pause Young (Normal) (G1 Evacuation Pause) 7799M->2100M(10240M) 166.006ms
[5021.849s][info][gc,cpu         ] GC(538) User=1.31s Sys=0.01s Real=0.17s
.....[5027.180s][info][gc,start       ] GC(539) Pause Young (Normal) (G1 Evacuation Pause)
[5027.180s][info][gc,task        ] GC(539) Using 8 workers of 8 for evacuation
[5027.352s][info][gc,phases      ] GC(539)   Pre Evacuate Collection Set: 0.31ms
[5027.352s][info][gc,phases      ] GC(539)   Merge Heap Roots: 0.61ms
[5027.352s][info][gc,phases      ] GC(539)   Evacuate Collection Set: 169.89ms
[5027.352s][info][gc,phases      ] GC(539)   Post Evacuate Collection Set: 1.30ms
[5027.352s][info][gc,phases      ] GC(539)   Other: 0.07ms
[5027.352s][info][gc,heap        ] GC(539) Eden regions: 715->0(714)
[5027.352s][info][gc,heap        ] GC(539) Survivor regions: 53->54(96)
[5027.352s][info][gc,heap        ] GC(539) Old regions: 180->183
[5027.352s][info][gc,heap        ] GC(539) Humongous regions: 33->33
[5027.352s][info][gc,metaspace   ] GC(539) Metaspace: 29971K(30144K)->29971K(30144K) NonClass: 29971K(30144K)->29971K(30144K) Class: 0K(0K)->0K(0K)
[5027.352s][info][gc             ] GC(539) Pause Young (Normal) (G1 Evacuation Pause) 7820M->2132M(10240M) 172.310ms
[5027.353s][info][gc,cpu         ] GC(539) User=1.36s Sys=0.01s Real=0.17s
......[5032.843s][info][gc,start       ] GC(540) Pause Young (Normal) (G1 Evacuation Pause)
[5032.843s][info][gc,task        ] GC(540) Using 8 workers of 8 for evacuation
[5033.014s][info][gc,phases      ] GC(540)   Pre Evacuate Collection Set: 0.30ms
[5033.014s][info][gc,phases      ] GC(540)   Merge Heap Roots: 0.62ms
[5033.014s][info][gc,phases      ] GC(540)   Evacuate Collection Set: 168.11ms
[5033.014s][info][gc,phases      ] GC(540)   Post Evacuate Collection Set: 1.31ms
[5033.014s][info][gc,phases      ] GC(540)   Other: 0.07ms
[5033.014s][info][gc,heap        ] GC(540) Eden regions: 714->0(715)
[5033.014s][info][gc,heap        ] GC(540) Survivor regions: 54->53(96)
[5033.014s][info][gc,heap        ] GC(540) Old regions: 183->185
[5033.014s][info][gc,heap        ] GC(540) Humongous regions: 33->33
[5033.014s][info][gc,metaspace   ] GC(540) Metaspace: 29971K(30144K)->29971K(30144K) NonClass: 29971K(30144K)->29971K(30144K) Class: 0K(0K)->0K(0K)
[5033.014s][info][gc             ] GC(540) Pause Young (Normal) (G1 Evacuation Pause) 7844M->2145M(10240M) 170.556ms
[5033.014s][info][gc,cpu         ] GC(540) User=1.34s Sys=0.00s Real=0.17s
.....[5038.328s][info][gc,start       ] GC(541) Pause Young (Normal) (G1 Evacuation Pause)
[5038.328s][info][gc,task        ] GC(541) Using 8 workers of 8 for evacuation
[5038.497s][info][gc,phases      ] GC(541)   Pre Evacuate Collection Set: 0.29ms
[5038.497s][info][gc,phases      ] GC(541)   Merge Heap Roots: 0.56ms
[5038.497s][info][gc,phases      ] GC(541)   Evacuate Collection Set: 166.52ms
[5038.497s][info][gc,phases      ] GC(541)   Post Evacuate Collection Set: 1.28ms
[5038.497s][info][gc,phases      ] GC(541)   Other: 0.09ms
[5038.497s][info][gc,heap        ] GC(541) Eden regions: 715->0(715)
[5038.497s][info][gc,heap        ] GC(541) Survivor regions: 53->53(96)
[5038.497s][info][gc,heap        ] GC(541) Old regions: 185->188
[5038.497s][info][gc,heap        ] GC(541) Humongous regions: 33->33
[5038.497s][info][gc,metaspace   ] GC(541) Metaspace: 29971K(30144K)->29971K(30144K) NonClass: 29971K(30144K)->29971K(30144K) Class: 0K(0K)->0K(0K)
[5038.497s][info][gc             ] GC(541) Pause Young (Normal) (G1 Evacuation Pause) 7865M->2165M(10240M) 168.867ms
[5038.497s][info][gc,cpu         ] GC(541) User=1.33s Sys=0.00s Real=0.17s
......[5044.026s][info][gc,start       ] GC(542) Pause Young (Normal) (G1 Evacuation Pause)
[5044.026s][info][gc,task        ] GC(542) Using 8 workers of 8 for evacuation
[5044.189s][info][gc,phases      ] GC(542)   Pre Evacuate Collection Set: 0.32ms
[5044.189s][info][gc,phases      ] GC(542)   Merge Heap Roots: 0.56ms
[5044.189s][info][gc,phases      ] GC(542)   Evacuate Collection Set: 160.08ms
[5044.189s][info][gc,phases      ] GC(542)   Post Evacuate Collection Set: 1.33ms
[5044.189s][info][gc,phases      ] GC(542)   Other: 0.07ms
[5044.189s][info][gc,heap        ] GC(542) Eden regions: 715->0(717)
[5044.189s][info][gc,heap        ] GC(542) Survivor regions: 53->51(96)
[5044.189s][info][gc,heap        ] GC(542) Old regions: 188->190
[5044.189s][info][gc,heap        ] GC(542) Humongous regions: 33->33
[5044.189s][info][gc,metaspace   ] GC(542) Metaspace: 29971K(30144K)->29971K(30144K) NonClass: 29971K(30144K)->29971K(30144K) Class: 0K(0K)->0K(0K)
[5044.189s][info][gc             ] GC(542) Pause Young (Normal) (G1 Evacuation Pause) 7885M->2169M(10240M) 162.511ms
[5044.189s][info][gc,cpu         ] GC(542) User=1.28s Sys=0.00s Real=0.16s
......[5049.762s][info][gc,start       ] GC(543) Pause Young (Normal) (G1 Evacuation Pause)
[5049.762s][info][gc,task        ] GC(543) Using 8 workers of 8 for evacuation
[5049.927s][info][gc,phases      ] GC(543)   Pre Evacuate Collection Set: 0.29ms
[5049.927s][info][gc,phases      ] GC(543)   Merge Heap Roots: 0.58ms
[5049.927s][info][gc,phases      ] GC(543)   Evacuate Collection Set: 162.93ms
[5049.927s][info][gc,phases      ] GC(543)   Post Evacuate Collection Set: 1.28ms
[5049.927s][info][gc,phases      ] GC(543)   Other: 0.06ms
[5049.927s][info][gc,heap        ] GC(543) Eden regions: 717->0(716)
[5049.927s][info][gc,heap        ] GC(543) Survivor regions: 51->52(96)
[5049.927s][info][gc,heap        ] GC(543) Old regions: 190->193
[5049.927s][info][gc,heap        ] GC(543) Humongous regions: 33->33
[5049.927s][info][gc,metaspace   ] GC(543) Metaspace: 29971K(30144K)->29971K(30144K) NonClass: 29971K(30144K)->29971K(30144K) Class: 0K(0K)->0K(0K)
[5049.927s][info][gc             ] GC(543) Pause Young (Normal) (G1 Evacuation Pause) 7905M->2197M(10240M) 165.280ms
[5049.927s][info][gc,cpu         ] GC(543) User=1.29s Sys=0.01s Real=0.17s
.....[5055.454s][info][gc,start       ] GC(544) Pause Young (Normal) (G1 Evacuation Pause)
[5055.454s][info][gc,task        ] GC(544) Using 8 workers of 8 for evacuation
[5055.619s][info][gc,phases      ] GC(544)   Pre Evacuate Collection Set: 0.29ms
[5055.619s][info][gc,phases      ] GC(544)   Merge Heap Roots: 0.56ms
[5055.619s][info][gc,phases      ] GC(544)   Evacuate Collection Set: 162.95ms
[5055.619s][info][gc,phases      ] GC(544)   Post Evacuate Collection Set: 1.33ms
[5055.619s][info][gc,phases      ] GC(544)   Other: 0.07ms
[5055.619s][info][gc,heap        ] GC(544) Eden regions: 716->0(716)
[5055.619s][info][gc,heap        ] GC(544) Survivor regions: 52->52(96)
[5055.619s][info][gc,heap        ] GC(544) Old regions: 193->195
[5055.619s][info][gc,heap        ] GC(544) Humongous regions: 33->33
[5055.619s][info][gc,metaspace   ] GC(544) Metaspace: 29971K(30144K)->29971K(30144K) NonClass: 29971K(30144K)->29971K(30144K) Class: 0K(0K)->0K(0K)
[5055.619s][info][gc             ] GC(544) Pause Young (Normal) (G1 Evacuation Pause) 7925M->2218M(10240M) 165.332ms
[5055.619s][info][gc,cpu         ] GC(544) User=1.30s Sys=0.00s Real=0.17s
...... (rIR:aIR:PR = 8579:8587:8585) (tPR = 127616) [OK] 
  5060s: Performance info:
         Transaction,    Success,    Partial,     Failed,   Receipts, AvgBarcode, 
             Overall,     517912,          0,          0,     492174,      59.48, 
         Response times:
             Request,    Success,    Partial,     Failed,   SkipFail,     Probes,    Samples,      min,      p50,      p90,      p95,      p99,      max, 
       TotalPurchase,     492284,          0,          0,          0,     360103,     472836,      300,     6000,    13500,    31000,    93630,   464000,
     InStorePurchase,     258624,          0,          0,          0,     189524,     248186,      400,     5900,    13600,    30000,    91000,   464000,
      OnlinePurchase,     181734,          0,          0,          0,     132110,     173801,      300,     6000,    13400,    31000,    96000,   464000,
        InstPurchase,      51926,          0,          0,          0,      38469,      50849,      500,     6200,    13500,    32000,    96000,   360000,
          AssocOfCat,        518,          0,          0,          0,        442,        707,    29000,    46000,    63000,    72000,   220920,   233000,
      AssocOfProduct,       5168,          0,          0,          0,       3596,       4931,      700,     6900,    14300,    29400,    85680,   192000,
      BusinessReport,       1285,          0,          0,          0,       1110,       1613,    27000,    53000,    75600,    89000,   208440,   282000,
          CustBuyBeh,       5192,          0,          0,          0,       3655,       4989,      300,     6000,    14400,    32000,    88000,   286000,
       ProductReturn,      13583,          0,          0,          0,       9574,      12854,      200,     5900,    13200,    33000,    94000,   287000,

  5060s: (63%)   IR =   8717 [5061.134s][info][gc,start       ] GC(545) Pause Young (Normal) (G1 Evacuation Pause)
[5061.134s][info][gc,task        ] GC(545) Using 8 workers of 8 for evacuation
[5061.298s][info][gc,phases      ] GC(545)   Pre Evacuate Collection Set: 0.31ms
[5061.298s][info][gc,phases      ] GC(545)   Merge Heap Roots: 0.56ms
[5061.298s][info][gc,phases      ] GC(545)   Evacuate Collection Set: 161.55ms
[5061.298s][info][gc,phases      ] GC(545)   Post Evacuate Collection Set: 1.30ms
[5061.298s][info][gc,phases      ] GC(545)   Other: 0.06ms
[5061.298s][info][gc,heap        ] GC(545) Eden regions: 716->0(717)
[5061.298s][info][gc,heap        ] GC(545) Survivor regions: 52->51(96)
[5061.298s][info][gc,heap        ] GC(545) Old regions: 195->198
[5061.298s][info][gc,heap        ] GC(545) Humongous regions: 33->33
[5061.298s][info][gc,metaspace   ] GC(545) Metaspace: 29971K(30144K)->29971K(30144K) NonClass: 29971K(30144K)->29971K(30144K) Class: 0K(0K)->0K(0K)
[5061.298s][info][gc             ] GC(545) Pause Young (Normal) (G1 Evacuation Pause) 7946M->2231M(10240M) 163.912ms
[5061.298s][info][gc,cpu         ] GC(545) User=1.29s Sys=0.00s Real=0.17s
.....[5066.629s][info][gc,start       ] GC(546) Pause Young (Normal) (G1 Evacuation Pause)
[5066.629s][info][gc,task        ] GC(546) Using 8 workers of 8 for evacuation
[5066.798s][info][gc,phases      ] GC(546)   Pre Evacuate Collection Set: 0.28ms
[5066.798s][info][gc,phases      ] GC(546)   Merge Heap Roots: 0.55ms
[5066.798s][info][gc,phases      ] GC(546)   Evacuate Collection Set: 167.31ms
[5066.798s][info][gc,phases      ] GC(546)   Post Evacuate Collection Set: 1.32ms
[5066.798s][info][gc,phases      ] GC(546)   Other: 0.06ms
[5066.798s][info][gc,heap        ] GC(546) Eden regions: 717->0(714)
[5066.798s][info][gc,heap        ] GC(546) Survivor regions: 51->54(96)
[5066.798s][info][gc,heap        ] GC(546) Old regions: 198->200
[5066.798s][info][gc,heap        ] GC(546) Humongous regions: 33->33
[5066.798s][info][gc,metaspace   ] GC(546) Metaspace: 29971K(30144K)->29971K(30144K) NonClass: 29971K(30144K)->29971K(30144K) Class: 0K(0K)->0K(0K)
[5066.798s][info][gc             ] GC(546) Pause Young (Normal) (G1 Evacuation Pause) 7967M->2271M(10240M) 169.663ms
[5066.798s][info][gc,cpu         ] GC(546) User=1.33s Sys=0.01s Real=0.17s
....|..[5072.101s][info][gc,start       ] GC(547) Pause Young (Normal) (G1 Evacuation Pause)
[5072.101s][info][gc,task        ] GC(547) Using 8 workers of 8 for evacuation
[5072.269s][info][gc,phases      ] GC(547)   Pre Evacuate Collection Set: 0.28ms
[5072.269s][info][gc,phases      ] GC(547)   Merge Heap Roots: 0.58ms
[5072.269s][info][gc,phases      ] GC(547)   Evacuate Collection Set: 165.16ms
[5072.269s][info][gc,phases      ] GC(547)   Post Evacuate Collection Set: 1.32ms
[5072.269s][info][gc,phases      ] GC(547)   Other: 0.07ms
[5072.269s][info][gc,heap        ] GC(547) Eden regions: 714->0(715)
[5072.269s][info][gc,heap        ] GC(547) Survivor regions: 54->53(96)
[5072.269s][info][gc,heap        ] GC(547) Old regions: 200->203
[5072.269s][info][gc,heap        ] GC(547) Humongous regions: 33->33
[5072.269s][info][gc,metaspace   ] GC(547) Metaspace: 29971K(30144K)->29971K(30144K) NonClass: 29971K(30144K)->29971K(30144K) Class: 0K(0K)->0K(0K)
[5072.269s][info][gc             ] GC(547) Pause Young (Normal) (G1 Evacuation Pause) 7983M->2283M(10240M) 167.568ms
[5072.269s][info][gc,cpu         ] GC(547) User=1.32s Sys=0.00s Real=0.17s
.....[5077.635s][info][gc,start       ] GC(548) Pause Young (Normal) (G1 Evacuation Pause)
[5077.635s][info][gc,task        ] GC(548) Using 8 workers of 8 for evacuation
[5077.804s][info][gc,phases      ] GC(548)   Pre Evacuate Collection Set: 0.32ms
[5077.804s][info][gc,phases      ] GC(548)   Merge Heap Roots: 0.57ms
[5077.804s][info][gc,phases      ] GC(548)   Evacuate Collection Set: 167.13ms
[5077.804s][info][gc,phases      ] GC(548)   Post Evacuate Collection Set: 1.27ms
[5077.804s][info][gc,phases      ] GC(548)   Other: 0.06ms
[5077.804s][info][gc,heap        ] GC(548) Eden regions: 715->0(715)
[5077.804s][info][gc,heap        ] GC(548) Survivor regions: 53->53(96)
[5077.804s][info][gc,heap        ] GC(548) Old regions: 203->205
[5077.804s][info][gc,heap        ] GC(548) Humongous regions: 33->33
[5077.804s][info][gc,metaspace   ] GC(548) Metaspace: 29971K(30144K)->29971K(30144K) NonClass: 29971K(30144K)->29971K(30144K) Class: 0K(0K)->0K(0K)
[5077.804s][info][gc             ] GC(548) Pause Young (Normal) (G1 Evacuation Pause) 8003M->2303M(10240M) 169.481ms
[5077.804s][info][gc,cpu         ] GC(548) User=1.34s Sys=0.00s Real=0.17s
......[5083.113s][info][gc,start       ] GC(549) Pause Young (Normal) (G1 Evacuation Pause)
[5083.113s][info][gc,task        ] GC(549) Using 8 workers of 8 for evacuation
[5083.276s][info][gc,phases      ] GC(549)   Pre Evacuate Collection Set: 0.28ms
[5083.276s][info][gc,phases      ] GC(549)   Merge Heap Roots: 0.56ms
[5083.276s][info][gc,phases      ] GC(549)   Evacuate Collection Set: 160.38ms
[5083.276s][info][gc,phases      ] GC(549)   Post Evacuate Collection Set: 1.29ms
[5083.276s][info][gc,phases      ] GC(549)   Other: 0.08ms
[5083.276s][info][gc,heap        ] GC(549) Eden regions: 715->0(717)
[5083.276s][info][gc,heap        ] GC(549) Survivor regions: 53->51(96)
[5083.276s][info][gc,heap        ] GC(549) Old regions: 205->208
[5083.276s][info][gc,heap        ] GC(549) Humongous regions: 33->33
[5083.276s][info][gc,metaspace   ] GC(549) Metaspace: 29971K(30144K)->29971K(30144K) NonClass: 29971K(30144K)->29971K(30144K) Class: 0K(0K)->0K(0K)
[5083.276s][info][gc             ] GC(549) Pause Young (Normal) (G1 Evacuation Pause) 8023M->2312M(10240M) 162.723ms
[5083.276s][info][gc,cpu         ] GC(549) User=1.28s Sys=0.00s Real=0.17s
.....[5088.725s][info][gc,start       ] GC(550) Pause Young (Normal) (G1 Evacuation Pause)
[5088.725s][info][gc,task        ] GC(550) Using 8 workers of 8 for evacuation
[5088.892s][info][gc,phases      ] GC(550)   Pre Evacuate Collection Set: 0.28ms
[5088.892s][info][gc,phases      ] GC(550)   Merge Heap Roots: 0.56ms
[5088.892s][info][gc,phases      ] GC(550)   Evacuate Collection Set: 164.36ms
[5088.892s][info][gc,phases      ] GC(550)   Post Evacuate Collection Set: 1.30ms
[5088.892s][info][gc,phases      ] GC(550)   Other: 0.07ms
[5088.892s][info][gc,heap        ] GC(550) Eden regions: 717->0(715)
[5088.892s][info][gc,heap        ] GC(550) Survivor regions: 51->53(96)
[5088.892s][info][gc,heap        ] GC(550) Old regions: 208->211
[5088.892s][info][gc,heap        ] GC(550) Humongous regions: 33->33
[5088.892s][info][gc,metaspace   ] GC(550) Metaspace: 29971K(30144K)->29971K(30144K) NonClass: 29971K(30144K)->29971K(30144K) Class: 0K(0K)->0K(0K)
[5088.892s][info][gc             ] GC(550) Pause Young (Normal) (G1 Evacuation Pause) 8048M->2348M(10240M) 166.717ms
[5088.892s][info][gc,cpu         ] GC(550) User=1.31s Sys=0.00s Real=0.17s
......[5094.314s][info][gc,start       ] GC(551) Pause Young (Normal) (G1 Evacuation Pause)
[5094.314s][info][gc,task        ] GC(551) Using 8 workers of 8 for evacuation
[5094.485s][info][gc,phases      ] GC(551)   Pre Evacuate Collection Set: 0.28ms
[5094.485s][info][gc,phases      ] GC(551)   Merge Heap Roots: 0.56ms
[5094.485s][info][gc,phases      ] GC(551)   Evacuate Collection Set: 168.10ms
[5094.485s][info][gc,phases      ] GC(551)   Post Evacuate Collection Set: 1.31ms
[5094.485s][info][gc,phases      ] GC(551)   Other: 0.06ms
[5094.485s][info][gc,heap        ] GC(551) Eden regions: 715->0(715)
[5094.485s][info][gc,heap        ] GC(551) Survivor regions: 53->53(96)
[5094.485s][info][gc,heap        ] GC(551) Old regions: 211->213
[5094.485s][info][gc,heap        ] GC(551) Humongous regions: 33->33
[5094.485s][info][gc,metaspace   ] GC(551) Metaspace: 29971K(30144K)->29971K(30144K) NonClass: 29971K(30144K)->29971K(30144K) Class: 0K(0K)->0K(0K)
[5094.485s][info][gc             ] GC(551) Pause Young (Normal) (G1 Evacuation Pause) 8068M->2369M(10240M) 170.477ms
[5094.485s][info][gc,cpu         ] GC(551) User=1.34s Sys=0.00s Real=0.17s
.....[5099.877s][info][gc,start       ] GC(552) Pause Young (Normal) (G1 Evacuation Pause)
[5099.877s][info][gc,task        ] GC(552) Using 8 workers of 8 for evacuation
[5100.045s][info][gc,phases      ] GC(552)   Pre Evacuate Collection Set: 0.31ms
[5100.045s][info][gc,phases      ] GC(552)   Merge Heap Roots: 0.55ms
[5100.045s][info][gc,phases      ] GC(552)   Evacuate Collection Set: 165.02ms
[5100.045s][info][gc,phases      ] GC(552)   Post Evacuate Collection Set: 1.35ms
[5100.045s][info][gc,phases      ] GC(552)   Other: 0.07ms
[5100.045s][info][gc,heap        ] GC(552) Eden regions: 715->0(715)
[5100.045s][info][gc,heap        ] GC(552) Survivor regions: 53->53(96)
[5100.045s][info][gc,heap        ] GC(552) Old regions: 213->216
[5100.045s][info][gc,heap        ] GC(552) Humongous regions: 33->33
[5100.045s][info][gc,metaspace   ] GC(552) Metaspace: 29971K(30144K)->29971K(30144K) NonClass: 29971K(30144K)->29971K(30144K) Class: 0K(0K)->0K(0K)
[5100.045s][info][gc             ] GC(552) Pause Young (Normal) (G1 Evacuation Pause) 8089M->2385M(10240M) 167.442ms
[5100.045s][info][gc,cpu         ] GC(552) User=1.31s Sys=0.00s Real=0.16s
......[5105.339s][info][gc,start       ] GC(553) Pause Young (Normal) (G1 Evacuation Pause)
[5105.339s][info][gc,task        ] GC(553) Using 8 workers of 8 for evacuation
[5105.505s][info][gc,phases      ] GC(553)   Pre Evacuate Collection Set: 0.29ms
[5105.505s][info][gc,phases      ] GC(553)   Merge Heap Roots: 0.57ms
[5105.505s][info][gc,phases      ] GC(553)   Evacuate Collection Set: 163.70ms
[5105.505s][info][gc,phases      ] GC(553)   Post Evacuate Collection Set: 1.30ms
[5105.505s][info][gc,phases      ] GC(553)   Other: 0.06ms
[5105.505s][info][gc,heap        ] GC(553) Eden regions: 715->0(715)
[5105.505s][info][gc,heap        ] GC(553) Survivor regions: 53->53(96)
[5105.505s][info][gc,heap        ] GC(553) Old regions: 216->218
[5105.505s][info][gc,heap        ] GC(553) Humongous regions: 33->33
[5105.505s][info][gc,metaspace   ] GC(553) Metaspace: 29971K(30144K)->29971K(30144K) NonClass: 29971K(30144K)->29971K(30144K) Class: 0K(0K)->0K(0K)
[5105.505s][info][gc             ] GC(553) Pause Young (Normal) (G1 Evacuation Pause) 8105M->2405M(10240M) 166.062ms
[5105.505s][info][gc,cpu         ] GC(553) User=1.31s Sys=0.00s Real=0.16s
.....[5110.894s][info][gc,start       ] GC(554) Pause Young (Normal) (G1 Evacuation Pause)
[5110.894s][info][gc,task        ] GC(554) Using 8 workers of 8 for evacuation
[5111.060s][info][gc,phases      ] GC(554)   Pre Evacuate Collection Set: 0.28ms
[5111.060s][info][gc,phases      ] GC(554)   Merge Heap Roots: 0.56ms
[5111.060s][info][gc,phases      ] GC(554)   Evacuate Collection Set: 163.68ms
[5111.060s][info][gc,phases      ] GC(554)   Post Evacuate Collection Set: 1.29ms
[5111.060s][info][gc,phases      ] GC(554)   Other: 0.06ms
[5111.060s][info][gc,heap        ] GC(554) Eden regions: 715->0(715)
[5111.060s][info][gc,heap        ] GC(554) Survivor regions: 53->53(96)
[5111.060s][info][gc,heap        ] GC(554) Old regions: 218->221
[5111.060s][info][gc,heap        ] GC(554) Humongous regions: 33->33
[5111.060s][info][gc,metaspace   ] GC(554) Metaspace: 29971K(30144K)->29971K(30144K) NonClass: 29971K(30144K)->29971K(30144K) Class: 0K(0K)->0K(0K)
[5111.060s][info][gc             ] GC(554) Pause Young (Normal) (G1 Evacuation Pause) 8125M->2426M(10240M) 166.028ms
[5111.060s][info][gc,cpu         ] GC(554) User=1.31s Sys=0.01s Real=0.17s
......[5116.435s][info][gc,start       ] GC(555) Pause Young (Normal) (G1 Evacuation Pause)
[5116.435s][info][gc,task        ] GC(555) Using 8 workers of 8 for evacuation
[5116.601s][info][gc,phases      ] GC(555)   Pre Evacuate Collection Set: 0.29ms
[5116.601s][info][gc,phases      ] GC(555)   Merge Heap Roots: 0.55ms
[5116.601s][info][gc,phases      ] GC(555)   Evacuate Collection Set: 163.71ms
[5116.601s][info][gc,phases      ] GC(555)   Post Evacuate Collection Set: 1.31ms
[5116.601s][info][gc,phases      ] GC(555)   Other: 0.06ms
[5116.601s][info][gc,heap        ] GC(555) Eden regions: 715->0(715)
[5116.601s][info][gc,heap        ] GC(555) Survivor regions: 53->53(96)
[5116.601s][info][gc,heap        ] GC(555) Old regions: 221->223
[5116.601s][info][gc,heap        ] GC(555) Humongous regions: 33->33
[5116.601s][info][gc,metaspace   ] GC(555) Metaspace: 29971K(30144K)->29971K(30144K) NonClass: 29971K(30144K)->29971K(30144K) Class: 0K(0K)->0K(0K)
[5116.601s][info][gc             ] GC(555) Pause Young (Normal) (G1 Evacuation Pause) 8146M->2447M(10240M) 166.101ms
[5116.601s][info][gc,cpu         ] GC(555) User=1.31s Sys=0.00s Real=0.17s
.....[5121.929s][info][gc,start       ] GC(556) Pause Young (Normal) (G1 Evacuation Pause)
[5121.929s][info][gc,task        ] GC(556) Using 8 workers of 8 for evacuation
[5122.090s][info][gc,phases      ] GC(556)   Pre Evacuate Collection Set: 0.31ms
[5122.090s][info][gc,phases      ] GC(556)   Merge Heap Roots: 0.55ms
[5122.090s][info][gc,phases      ] GC(556)   Evacuate Collection Set: 159.15ms
[5122.090s][info][gc,phases      ] GC(556)   Post Evacuate Collection Set: 1.29ms
[5122.090s][info][gc,phases      ] GC(556)   Other: 0.06ms
[5122.090s][info][gc,heap        ] GC(556) Eden regions: 715->0(717)
[5122.090s][info][gc,heap        ] GC(556) Survivor regions: 53->51(96)
[5122.090s][info][gc,heap        ] GC(556) Old regions: 223->226
[5122.090s][info][gc,heap        ] GC(556) Humongous regions: 33->33
[5122.090s][info][gc,metaspace   ] GC(556) Metaspace: 29971K(30144K)->29971K(30144K) NonClass: 29971K(30144K)->29971K(30144K) Class: 0K(0K)->0K(0K)
[5122.090s][info][gc             ] GC(556) Pause Young (Normal) (G1 Evacuation Pause) 8167M->2456M(10240M) 161.496ms
[5122.090s][info][gc,cpu         ] GC(556) User=1.27s Sys=0.00s Real=0.16s
......[5127.402s][info][gc,start       ] GC(557) Pause Young (Normal) (G1 Evacuation Pause)
[5127.402s][info][gc,task        ] GC(557) Using 8 workers of 8 for evacuation
[5127.568s][info][gc,phases      ] GC(557)   Pre Evacuate Collection Set: 0.31ms
[5127.568s][info][gc,phases      ] GC(557)   Merge Heap Roots: 0.56ms
[5127.568s][info][gc,phases      ] GC(557)   Evacuate Collection Set: 164.12ms
[5127.568s][info][gc,phases      ] GC(557)   Post Evacuate Collection Set: 1.32ms
[5127.568s][info][gc,phases      ] GC(557)   Other: 0.07ms
[5127.568s][info][gc,heap        ] GC(557) Eden regions: 717->0(716)
[5127.568s][info][gc,heap        ] GC(557) Survivor regions: 51->52(96)
[5127.568s][info][gc,heap        ] GC(557) Old regions: 226->229
[5127.568s][info][gc,heap        ] GC(557) Humongous regions: 33->33
[5127.568s][info][gc,metaspace   ] GC(557) Metaspace: 29971K(30144K)->29971K(30144K) NonClass: 29971K(30144K)->29971K(30144K) Class: 0K(0K)->0K(0K)
[5127.568s][info][gc             ] GC(557) Pause Young (Normal) (G1 Evacuation Pause) 8192M->2480M(10240M) 166.519ms
[5127.568s][info][gc,cpu         ] GC(557) User=1.31s Sys=0.00s Real=0.17s
... (rIR:aIR:PR = 8717:8724:8722) (tPR = 130154) [OK] 
  5129s: Performance info:
         Transaction,    Success,    Partial,     Failed,   Receipts, AvgBarcode, 
             Overall,     525810,          0,          0,     499544,      59.48, 
         Response times:
             Request,    Success,    Partial,     Failed,   SkipFail,     Probes,    Samples,      min,      p50,      p90,      p95,      p99,      max, 
       TotalPurchase,     499646,          0,          0,          0,     360144,     418620,      300,     6100,    13800,    35000,   120000,   630000,
     InStorePurchase,     262640,          0,          0,          0,     189530,     219873,      300,     6200,    13900,    35000,   119000,   630000,
      OnlinePurchase,     184809,          0,          0,          0,     132503,     154076,      300,     5900,    13700,    34000,   119000,   630000,
        InstPurchase,      52197,          0,          0,          0,      38111,      44671,      500,     6300,    13800,    37000,   122000,   630000,
          AssocOfCat,        522,          0,          0,          0,        441,        648,    27000,    47000,    68000,    86100,   209590,   227000,
      AssocOfProduct,       5222,          0,          0,          0,       3756,       4573,      600,     5500,    12600,    48300,   117260,   362000,
      BusinessReport,       1316,          0,          0,          0,       1170,       1517,    30000,    54000,    76000,   101100,   216640,   423000,
          CustBuyBeh,       5283,          0,          0,          0,       3692,       4547,      300,     6700,    14700,    27000,   128000,   381000,
       ProductReturn,      13992,          0,          0,          0,       9850,      11831,      300,     6000,    13400,    38000,   124000,   381000,

  5129s: (64%)   IR =   8856 ..[5132.963s][info][gc,start       ] GC(558) Pause Young (Normal) (G1 Evacuation Pause)
[5132.963s][info][gc,task        ] GC(558) Using 8 workers of 8 for evacuation
[5133.125s][info][gc,phases      ] GC(558)   Pre Evacuate Collection Set: 0.31ms
[5133.126s][info][gc,phases      ] GC(558)   Merge Heap Roots: 0.59ms
[5133.126s][info][gc,phases      ] GC(558)   Evacuate Collection Set: 160.41ms
[5133.126s][info][gc,phases      ] GC(558)   Post Evacuate Collection Set: 1.37ms
[5133.126s][info][gc,phases      ] GC(558)   Other: 0.07ms
[5133.126s][info][gc,heap        ] GC(558) Eden regions: 716->0(717)
[5133.126s][info][gc,heap        ] GC(558) Survivor regions: 52->51(96)
[5133.126s][info][gc,heap        ] GC(558) Old regions: 229->231
[5133.126s][info][gc,heap        ] GC(558) Humongous regions: 33->33
[5133.126s][info][gc,metaspace   ] GC(558) Metaspace: 29971K(30144K)->29971K(30144K) NonClass: 29971K(30144K)->29971K(30144K) Class: 0K(0K)->0K(0K)
[5133.126s][info][gc             ] GC(558) Pause Young (Normal) (G1 Evacuation Pause) 8208M->2496M(10240M) 162.884ms
[5133.126s][info][gc,cpu         ] GC(558) User=1.28s Sys=0.00s Real=0.16s
......[5138.409s][info][gc,start       ] GC(559) Pause Young (Normal) (G1 Evacuation Pause)
[5138.409s][info][gc,task        ] GC(559) Using 8 workers of 8 for evacuation
[5138.575s][info][gc,phases      ] GC(559)   Pre Evacuate Collection Set: 0.29ms
[5138.575s][info][gc,phases      ] GC(559)   Merge Heap Roots: 0.58ms
[5138.575s][info][gc,phases      ] GC(559)   Evacuate Collection Set: 163.64ms
[5138.575s][info][gc,phases      ] GC(559)   Post Evacuate Collection Set: 1.35ms
[5138.575s][info][gc,phases      ] GC(559)   Other: 0.07ms
[5138.575s][info][gc,heap        ] GC(559) Eden regions: 717->0(715)
[5138.575s][info][gc,heap        ] GC(559) Survivor regions: 51->53(96)
[5138.575s][info][gc,heap        ] GC(559) Old regions: 231->233
[5138.575s][info][gc,heap        ] GC(559) Humongous regions: 33->33
[5138.575s][info][gc,metaspace   ] GC(559) Metaspace: 29971K(30144K)->29971K(30144K) NonClass: 29971K(30144K)->29971K(30144K) Class: 0K(0K)->0K(0K)
[5138.575s][info][gc             ] GC(559) Pause Young (Normal) (G1 Evacuation Pause) 8232M->2527M(10240M) 166.063ms
[5138.575s][info][gc,cpu         ] GC(559) User=1.31s Sys=0.00s Real=0.16s
...|..[5143.859s][info][gc,start       ] GC(560) Pause Young (Normal) (G1 Evacuation Pause)
[5143.859s][info][gc,task        ] GC(560) Using 8 workers of 8 for evacuation
[5144.025s][info][gc,phases      ] GC(560)   Pre Evacuate Collection Set: 0.29ms
[5144.025s][info][gc,phases      ] GC(560)   Merge Heap Roots: 0.58ms
[5144.025s][info][gc,phases      ] GC(560)   Evacuate Collection Set: 163.65ms
[5144.025s][info][gc,phases      ] GC(560)   Post Evacuate Collection Set: 1.32ms
[5144.025s][info][gc,phases      ] GC(560)   Other: 0.09ms
[5144.025s][info][gc,heap        ] GC(560) Eden regions: 715->0(716)
[5144.025s][info][gc,heap        ] GC(560) Survivor regions: 53->52(96)
[5144.025s][info][gc,heap        ] GC(560) Old regions: 233->236
[5144.025s][info][gc,heap        ] GC(560) Humongous regions: 33->33
[5144.025s][info][gc,metaspace   ] GC(560) Metaspace: 29971K(30144K)->29971K(30144K) NonClass: 29971K(30144K)->29971K(30144K) Class: 0K(0K)->0K(0K)
[5144.025s][info][gc             ] GC(560) Pause Young (Normal) (G1 Evacuation Pause) 8247M->2544M(10240M) 166.047ms
[5144.025s][info][gc,cpu         ] GC(560) User=1.30s Sys=0.01s Real=0.16s
......[5149.356s][info][gc,start       ] GC(561) Pause Young (Normal) (G1 Evacuation Pause)
[5149.356s][info][gc,task        ] GC(561) Using 8 workers of 8 for evacuation
[5149.524s][info][gc,phases      ] GC(561)   Pre Evacuate Collection Set: 0.31ms
[5149.524s][info][gc,phases      ] GC(561)   Merge Heap Roots: 0.57ms
[5149.524s][info][gc,phases      ] GC(561)   Evacuate Collection Set: 165.44ms
[5149.524s][info][gc,phases      ] GC(561)   Post Evacuate Collection Set: 1.34ms
[5149.524s][info][gc,phases      ] GC(561)   Other: 0.07ms
[5149.524s][info][gc,heap        ] GC(561) Eden regions: 716->0(716)
[5149.524s][info][gc,heap        ] GC(561) Survivor regions: 52->52(96)
[5149.524s][info][gc,heap        ] GC(561) Old regions: 236->239
[5149.524s][info][gc,heap        ] GC(561) Humongous regions: 33->33
[5149.524s][info][gc,metaspace   ] GC(561) Metaspace: 29971K(30144K)->29971K(30144K) NonClass: 29971K(30144K)->29971K(30144K) Class: 0K(0K)->0K(0K)
[5149.524s][info][gc             ] GC(561) Pause Young (Normal) (G1 Evacuation Pause) 8272M->2566M(10240M) 167.862ms
[5149.524s][info][gc,cpu         ] GC(561) User=1.32s Sys=0.00s Real=0.16s
.....[5154.755s][info][gc,start       ] GC(562) Pause Young (Normal) (G1 Evacuation Pause)
[5154.755s][info][gc,task        ] GC(562) Using 8 workers of 8 for evacuation
[5154.921s][info][gc,phases      ] GC(562)   Pre Evacuate Collection Set: 0.26ms
[5154.921s][info][gc,phases      ] GC(562)   Merge Heap Roots: 0.57ms
[5154.921s][info][gc,phases      ] GC(562)   Evacuate Collection Set: 163.48ms
[5154.921s][info][gc,phases      ] GC(562)   Post Evacuate Collection Set: 1.30ms
[5154.921s][info][gc,phases      ] GC(562)   Other: 0.07ms
[5154.921s][info][gc,heap        ] GC(562) Eden regions: 716->0(715)
[5154.921s][info][gc,heap        ] GC(562) Survivor regions: 52->53(96)
[5154.921s][info][gc,heap        ] GC(562) Old regions: 239->241
[5154.921s][info][gc,heap        ] GC(562) Humongous regions: 33->33
[5154.921s][info][gc,metaspace   ] GC(562) Metaspace: 29971K(30144K)->29971K(30144K) NonClass: 29971K(30144K)->29971K(30144K) Class: 0K(0K)->0K(0K)
[5154.921s][info][gc             ] GC(562) Pause Young (Normal) (G1 Evacuation Pause) 8294M->2590M(10240M) 165.802ms
[5154.921s][info][gc,cpu         ] GC(562) User=1.30s Sys=0.00s Real=0.17s
.....[5160.109s][info][gc,start       ] GC(563) Pause Young (Normal) (G1 Evacuation Pause)
[5160.109s][info][gc,task        ] GC(563) Using 8 workers of 8 for evacuation
[5160.272s][info][gc,phases      ] GC(563)   Pre Evacuate Collection Set: 0.33ms
[5160.272s][info][gc,phases      ] GC(563)   Merge Heap Roots: 0.57ms
[5160.272s][info][gc,phases      ] GC(563)   Evacuate Collection Set: 160.15ms
[5160.272s][info][gc,phases      ] GC(563)   Post Evacuate Collection Set: 1.28ms
[5160.272s][info][gc,phases      ] GC(563)   Other: 0.07ms
[5160.272s][info][gc,heap        ] GC(563) Eden regions: 715->0(716)
[5160.272s][info][gc,heap        ] GC(563) Survivor regions: 53->52(96)
[5160.272s][info][gc,heap        ] GC(563) Old regions: 241->244
[5160.272s][info][gc,heap        ] GC(563) Humongous regions: 33->33
[5160.272s][info][gc,metaspace   ] GC(563) Metaspace: 29971K(30144K)->29971K(30144K) NonClass: 29971K(30144K)->29971K(30144K) Class: 0K(0K)->0K(0K)
[5160.272s][info][gc             ] GC(563) Pause Young (Normal) (G1 Evacuation Pause) 8310M->2603M(10240M) 162.574ms
[5160.272s][info][gc,cpu         ] GC(563) User=1.28s Sys=0.00s Real=0.16s
......[5165.542s][info][gc,start       ] GC(564) Pause Young (Normal) (G1 Evacuation Pause)
[5165.542s][info][gc,task        ] GC(564) Using 8 workers of 8 for evacuation
[5165.708s][info][gc,phases      ] GC(564)   Pre Evacuate Collection Set: 0.29ms
[5165.708s][info][gc,phases      ] GC(564)   Merge Heap Roots: 0.57ms
[5165.708s][info][gc,phases      ] GC(564)   Evacuate Collection Set: 163.76ms
[5165.708s][info][gc,phases      ] GC(564)   Post Evacuate Collection Set: 1.31ms
[5165.708s][info][gc,phases      ] GC(564)   Other: 0.07ms
[5165.708s][info][gc,heap        ] GC(564) Eden regions: 716->0(715)
[5165.708s][info][gc,heap        ] GC(564) Survivor regions: 52->53(96)
[5165.708s][info][gc,heap        ] GC(564) Old regions: 244->247
[5165.708s][info][gc,heap        ] GC(564) Humongous regions: 33->33
[5165.708s][info][gc,metaspace   ] GC(564) Metaspace: 29971K(30144K)->29971K(30144K) NonClass: 29971K(30144K)->29971K(30144K) Class: 0K(0K)->0K(0K)
[5165.708s][info][gc             ] GC(564) Pause Young (Normal) (G1 Evacuation Pause) 8331M->2632M(10240M) 166.141ms
[5165.708s][info][gc,cpu         ] GC(564) User=1.30s Sys=0.01s Real=0.17s
.....[5171.030s][info][gc,start       ] GC(565) Pause Young (Normal) (G1 Evacuation Pause)
[5171.030s][info][gc,task        ] GC(565) Using 8 workers of 8 for evacuation
[5171.194s][info][gc,phases      ] GC(565)   Pre Evacuate Collection Set: 0.29ms
[5171.194s][info][gc,phases      ] GC(565)   Merge Heap Roots: 0.60ms
[5171.194s][info][gc,phases      ] GC(565)   Evacuate Collection Set: 161.79ms
[5171.194s][info][gc,phases      ] GC(565)   Post Evacuate Collection Set: 1.31ms
[5171.194s][info][gc,phases      ] GC(565)   Other: 0.08ms
[5171.194s][info][gc,heap        ] GC(565) Eden regions: 715->0(717)
[5171.194s][info][gc,heap        ] GC(565) Survivor regions: 53->51(96)
[5171.194s][info][gc,heap        ] GC(565) Old regions: 247->249
[5171.194s][info][gc,heap        ] GC(565) Humongous regions: 33->33
[5171.194s][info][gc,metaspace   ] GC(565) Metaspace: 29971K(30144K)->29971K(30144K) NonClass: 29971K(30144K)->29971K(30144K) Class: 0K(0K)->0K(0K)
[5171.194s][info][gc             ] GC(565) Pause Young (Normal) (G1 Evacuation Pause) 8352M->2641M(10240M) 164.207ms
[5171.194s][info][gc,cpu         ] GC(565) User=1.29s Sys=0.00s Real=0.16s
......[5176.461s][info][gc,start       ] GC(566) Pause Young (Normal) (G1 Evacuation Pause)
[5176.461s][info][gc,task        ] GC(566) Using 8 workers of 8 for evacuation
[5176.627s][info][gc,phases      ] GC(566)   Pre Evacuate Collection Set: 0.32ms
[5176.627s][info][gc,phases      ] GC(566)   Merge Heap Roots: 0.65ms
[5176.627s][info][gc,phases      ] GC(566)   Evacuate Collection Set: 164.10ms
[5176.627s][info][gc,phases      ] GC(566)   Post Evacuate Collection Set: 1.30ms
[5176.627s][info][gc,phases      ] GC(566)   Other: 0.06ms
[5176.627s][info][gc,heap        ] GC(566) Eden regions: 717->0(716)
[5176.627s][info][gc,heap        ] GC(566) Survivor regions: 51->52(96)
[5176.627s][info][gc,heap        ] GC(566) Old regions: 249->252
[5176.627s][info][gc,heap        ] GC(566) Humongous regions: 33->33
[5176.627s][info][gc,metaspace   ] GC(566) Metaspace: 29971K(30144K)->29971K(30144K) NonClass: 29971K(30144K)->29971K(30144K) Class: 0K(0K)->0K(0K)
[5176.627s][info][gc             ] GC(566) Pause Young (Normal) (G1 Evacuation Pause) 8377M->2665M(10240M) 166.574ms
[5176.628s][info][gc,cpu         ] GC(566) User=1.31s Sys=0.00s Real=0.17s
.....[5181.995s][info][gc,start       ] GC(567) Pause Young (Normal) (G1 Evacuation Pause)
[5181.995s][info][gc,task        ] GC(567) Using 8 workers of 8 for evacuation
[5182.157s][info][gc,phases      ] GC(567)   Pre Evacuate Collection Set: 0.30ms
[5182.157s][info][gc,phases      ] GC(567)   Merge Heap Roots: 0.56ms
[5182.157s][info][gc,phases      ] GC(567)   Evacuate Collection Set: 159.35ms
[5182.157s][info][gc,phases      ] GC(567)   Post Evacuate Collection Set: 1.33ms
[5182.157s][info][gc,phases      ] GC(567)   Other: 0.07ms
[5182.157s][info][gc,heap        ] GC(567) Eden regions: 716->0(717)
[5182.157s][info][gc,heap        ] GC(567) Survivor regions: 52->51(96)
[5182.157s][info][gc,heap        ] GC(567) Old regions: 252->254
[5182.157s][info][gc,heap        ] GC(567) Humongous regions: 33->33
[5182.157s][info][gc,metaspace   ] GC(567) Metaspace: 29971K(30144K)->29971K(30144K) NonClass: 29971K(30144K)->29971K(30144K) Class: 0K(0K)->0K(0K)
[5182.157s][info][gc             ] GC(567) Pause Young (Normal) (G1 Evacuation Pause) 8393M->2681M(10240M) 161.742ms
[5182.157s][info][gc,cpu         ] GC(567) User=1.27s Sys=0.00s Real=0.17s
......[5187.465s][info][gc,start       ] GC(568) Pause Young (Normal) (G1 Evacuation Pause)
[5187.465s][info][gc,task        ] GC(568) Using 8 workers of 8 for evacuation
[5187.630s][info][gc,phases      ] GC(568)   Pre Evacuate Collection Set: 0.30ms
[5187.630s][info][gc,phases      ] GC(568)   Merge Heap Roots: 0.57ms
[5187.630s][info][gc,phases      ] GC(568)   Evacuate Collection Set: 162.65ms
[5187.630s][info][gc,phases      ] GC(568)   Post Evacuate Collection Set: 1.34ms
[5187.630s][info][gc,phases      ] GC(568)   Other: 0.07ms
[5187.630s][info][gc,heap        ] GC(568) Eden regions: 717->0(716)
[5187.630s][info][gc,heap        ] GC(568) Survivor regions: 51->52(96)
[5187.630s][info][gc,heap        ] GC(568) Old regions: 254->257
[5187.630s][info][gc,heap        ] GC(568) Humongous regions: 33->33
[5187.630s][info][gc,metaspace   ] GC(568) Metaspace: 29971K(30144K)->29971K(30144K) NonClass: 29971K(30144K)->29971K(30144K) Class: 0K(0K)->0K(0K)
[5187.631s][info][gc             ] GC(568) Pause Young (Normal) (G1 Evacuation Pause) 8417M->2706M(10240M) 165.068ms
[5187.631s][info][gc,cpu         ] GC(568) User=1.29s Sys=0.00s Real=0.17s
.....[5192.857s][info][gc,start       ] GC(569) Pause Young (Normal) (G1 Evacuation Pause)
[5192.857s][info][gc,task        ] GC(569) Using 8 workers of 8 for evacuation
[5193.019s][info][gc,phases      ] GC(569)   Pre Evacuate Collection Set: 0.30ms
[5193.019s][info][gc,phases      ] GC(569)   Merge Heap Roots: 0.58ms
[5193.019s][info][gc,phases      ] GC(569)   Evacuate Collection Set: 159.69ms
[5193.019s][info][gc,phases      ] GC(569)   Post Evacuate Collection Set: 1.28ms
[5193.019s][info][gc,phases      ] GC(569)   Other: 0.07ms
[5193.019s][info][gc,heap        ] GC(569) Eden regions: 716->0(717)
[5193.019s][info][gc,heap        ] GC(569) Survivor regions: 52->51(96)
[5193.019s][info][gc,heap        ] GC(569) Old regions: 257->259
[5193.019s][info][gc,heap        ] GC(569) Humongous regions: 33->33
[5193.019s][info][gc,metaspace   ] GC(569) Metaspace: 29971K(30144K)->29971K(30144K) NonClass: 29971K(30144K)->29971K(30144K) Class: 0K(0K)->0K(0K)
[5193.019s][info][gc             ] GC(569) Pause Young (Normal) (G1 Evacuation Pause) 8434M->2719M(10240M) 162.067ms
[5193.019s][info][gc,cpu         ] GC(569) User=1.28s Sys=0.00s Real=0.16s
.....[5198.269s][info][gc,start       ] GC(570) Pause Young (Normal) (G1 Evacuation Pause)
[5198.269s][info][gc,task        ] GC(570) Using 8 workers of 8 for evacuation
[5198.432s][info][gc,phases      ] GC(570)   Pre Evacuate Collection Set: 0.31ms
[5198.432s][info][gc,phases      ] GC(570)   Merge Heap Roots: 0.57ms
[5198.432s][info][gc,phases      ] GC(570)   Evacuate Collection Set: 160.30ms
[5198.432s][info][gc,phases      ] GC(570)   Post Evacuate Collection Set: 1.31ms
[5198.432s][info][gc,phases      ] GC(570)   Other: 0.06ms
[5198.432s][info][gc,heap        ] GC(570) Eden regions: 717->0(717)
[5198.432s][info][gc,heap        ] GC(570) Survivor regions: 51->51(96)
[5198.432s][info][gc,heap        ] GC(570) Old regions: 259->262
[5198.432s][info][gc,heap        ] GC(570) Humongous regions: 33->33
[5198.432s][info][gc,metaspace   ] GC(570) Metaspace: 29971K(30144K)->29971K(30144K) NonClass: 29971K(30144K)->29971K(30144K) Class: 0K(0K)->0K(0K)
[5198.432s][info][gc             ] GC(570) Pause Young (Normal) (G1 Evacuation Pause) 8455M->2743M(10240M) 162.701ms
[5198.432s][info][gc,cpu         ] GC(570) User=1.27s Sys=0.00s Real=0.16s
.... (rIR:aIR:PR = 8856:8849:8851) (tPR = 131091) [OK] 
  5201s: Performance info:
         Transaction,    Success,    Partial,     Failed,   Receipts, AvgBarcode, 
             Overall,     533222,          0,          0,     506385,      59.48, 
         Response times:
             Request,    Success,    Partial,     Failed,   SkipFail,     Probes,    Samples,      min,      p50,      p90,      p95,      p99,      max, 
       TotalPurchase,     506319,          0,          0,          0,     359476,     429168,      300,     6100,    15300,    40000,   107000,   454000,
     InStorePurchase,     266845,          0,          0,          0,     188645,     224925,      300,     6000,    15300,    39000,   106000,   452000,
      OnlinePurchase,     186229,          0,          0,          0,     133216,     159011,      400,     6200,    15200,    41000,   107000,   454000,
        InstPurchase,      53245,          0,          0,          0,      37615,      45232,      400,     6500,    15700,    43000,   110000,   453000,
          AssocOfCat,        530,          0,          0,          0,        416,        578,    28000,    47000,    71200,   130100,   189360,   216000,
      AssocOfProduct,       5300,          0,          0,          0,       3865,       4870,      700,     6400,    15600,    41450,    99000,   238000,
      BusinessReport,       1333,          0,          0,          0,       1188,       1559,    30000,    54000,    78000,   102000,   203000,   347000,
          CustBuyBeh,       5332,          0,          0,          0,       3838,       4745,      300,     5500,    14140,    35000,   103000,   238000,
       ProductReturn,      14280,          0,          0,          0,      10007,      12298,      200,     5600,    15000,    38000,   104000,   440000,

  5201s: (65%)   IR =   8994 ..[5203.878s][info][gc,start       ] GC(571) Pause Young (Normal) (G1 Evacuation Pause)
[5203.878s][info][gc,task        ] GC(571) Using 8 workers of 8 for evacuation
[5204.042s][info][gc,phases      ] GC(571)   Pre Evacuate Collection Set: 0.29ms
[5204.042s][info][gc,phases      ] GC(571)   Merge Heap Roots: 0.58ms
[5204.042s][info][gc,phases      ] GC(571)   Evacuate Collection Set: 161.90ms
[5204.042s][info][gc,phases      ] GC(571)   Post Evacuate Collection Set: 1.37ms
[5204.042s][info][gc,phases      ] GC(571)   Other: 0.06ms
[5204.042s][info][gc,heap        ] GC(571) Eden regions: 717->0(717)
[5204.042s][info][gc,heap        ] GC(571) Survivor regions: 51->51(96)
[5204.042s][info][gc,heap        ] GC(571) Old regions: 262->264
[5204.042s][info][gc,heap        ] GC(571) Humongous regions: 33->33
[5204.042s][info][gc,metaspace   ] GC(571) Metaspace: 29971K(30144K)->29971K(30144K) NonClass: 29971K(30144K)->29971K(30144K) Class: 0K(0K)->0K(0K)
[5204.042s][info][gc             ] GC(571) Pause Young (Normal) (G1 Evacuation Pause) 8479M->2759M(10240M) 164.338ms
[5204.042s][info][gc,cpu         ] GC(571) User=1.29s Sys=0.00s Real=0.16s
.....[5209.163s][info][gc,start       ] GC(572) Pause Young (Normal) (G1 Evacuation Pause)
[5209.163s][info][gc,task        ] GC(572) Using 8 workers of 8 for evacuation
[5209.335s][info][gc,phases      ] GC(572)   Pre Evacuate Collection Set: 0.28ms
[5209.335s][info][gc,phases      ] GC(572)   Merge Heap Roots: 0.57ms
[5209.335s][info][gc,phases      ] GC(572)   Evacuate Collection Set: 170.13ms
[5209.335s][info][gc,phases      ] GC(572)   Post Evacuate Collection Set: 1.38ms
[5209.335s][info][gc,phases      ] GC(572)   Other: 0.06ms
[5209.335s][info][gc,heap        ] GC(572) Eden regions: 717->0(714)
[5209.335s][info][gc,heap        ] GC(572) Survivor regions: 51->54(96)
[5209.335s][info][gc,heap        ] GC(572) Old regions: 264->267
[5209.335s][info][gc,heap        ] GC(572) Humongous regions: 33->33
[5209.336s][info][gc,metaspace   ] GC(572) Metaspace: 29971K(30144K)->29971K(30144K) NonClass: 29971K(30144K)->29971K(30144K) Class: 0K(0K)->0K(0K)
[5209.336s][info][gc             ] GC(572) Pause Young (Normal) (G1 Evacuation Pause) 8495M->2804M(10240M) 172.564ms
[5209.336s][info][gc,cpu         ] GC(572) User=1.36s Sys=0.00s Real=0.17s
.....[5214.538s][info][gc,start       ] GC(573) Pause Young (Normal) (G1 Evacuation Pause)
[5214.538s][info][gc,task        ] GC(573) Using 8 workers of 8 for evacuation
[5214.708s][info][gc,phases      ] GC(573)   Pre Evacuate Collection Set: 0.30ms
[5214.708s][info][gc,phases      ] GC(573)   Merge Heap Roots: 0.57ms
[5214.708s][info][gc,phases      ] GC(573)   Evacuate Collection Set: 167.57ms
[5214.708s][info][gc,phases      ] GC(573)   Post Evacuate Collection Set: 1.27ms
[5214.708s][info][gc,phases      ] GC(573)   Other: 0.06ms
[5214.708s][info][gc,heap        ] GC(573) Eden regions: 714->0(714)
[5214.708s][info][gc,heap        ] GC(573) Survivor regions: 54->54(96)
[5214.708s][info][gc,heap        ] GC(573) Old regions: 267->270
[5214.708s][info][gc,heap        ] GC(573) Humongous regions: 33->33
[5214.708s][info][gc,metaspace   ] GC(573) Metaspace: 29971K(30144K)->29971K(30144K) NonClass: 29971K(30144K)->29971K(30144K) Class: 0K(0K)->0K(0K)
[5214.708s][info][gc             ] GC(573) Pause Young (Normal) (G1 Evacuation Pause) 8516M->2828M(10240M) 169.910ms
[5214.708s][info][gc,cpu         ] GC(573) User=1.33s Sys=0.00s Real=0.17s
..|....[5219.937s][info][gc,start       ] GC(574) Pause Young (Concurrent Start) (G1 Evacuation Pause)
[5219.937s][info][gc,task        ] GC(574) Using 8 workers of 8 for evacuation
[5220.102s][info][gc,phases      ] GC(574)   Pre Evacuate Collection Set: 0.34ms
[5220.102s][info][gc,phases      ] GC(574)   Merge Heap Roots: 0.56ms
[5220.102s][info][gc,phases      ] GC(574)   Evacuate Collection Set: 162.76ms
[5220.102s][info][gc,phases      ] GC(574)   Post Evacuate Collection Set: 1.32ms
[5220.102s][info][gc,phases      ] GC(574)   Other: 0.10ms
[5220.102s][info][gc,heap        ] GC(574) Eden regions: 714->0(715)
[5220.102s][info][gc,heap        ] GC(574) Survivor regions: 54->53(96)
[5220.102s][info][gc,heap        ] GC(574) Old regions: 270->272
[5220.102s][info][gc,heap        ] GC(574) Humongous regions: 33->33
[5220.102s][info][gc,metaspace   ] GC(574) Metaspace: 29971K(30144K)->29971K(30144K) NonClass: 29971K(30144K)->29971K(30144K) Class: 0K(0K)->0K(0K)
[5220.102s][info][gc             ] GC(574) Pause Young (Concurrent Start) (G1 Evacuation Pause) 8540M->2837M(10240M) 165.217ms
[5220.102s][info][gc,cpu         ] GC(574) User=1.30s Sys=0.00s Real=0.16s
[5220.102s][info][gc             ] GC(575) Concurrent Mark Cycle
[5220.102s][info][gc,marking     ] GC(575) Concurrent Scan Root Regions
[5220.350s][info][gc,marking     ] GC(575) Concurrent Scan Root Regions 247.868ms
[5220.350s][info][gc,marking     ] GC(575) Concurrent Mark
[5220.350s][info][gc,marking     ] GC(575) Concurrent Mark From Roots
[5220.350s][info][gc,task        ] GC(575) Using 2 workers of 2 for marking
.[5221.324s][info][gc,marking     ] GC(575) Concurrent Mark From Roots 973.589ms
[5221.324s][info][gc,marking     ] GC(575) Concurrent Preclean
[5221.324s][info][gc,marking     ] GC(575) Concurrent Preclean 0.205ms
[5221.324s][info][gc,start       ] GC(575) Pause Remark
[5221.326s][info][gc             ] GC(575) Pause Remark 4157M->3893M(10240M) 1.610ms
[5221.326s][info][gc,cpu         ] GC(575) User=0.01s Sys=0.00s Real=0.01s
[5221.327s][info][gc,marking     ] GC(575) Concurrent Mark 976.103ms
[5221.327s][info][gc,marking     ] GC(575) Concurrent Rebuild Remembered Sets and Scrub Regions
.[5221.962s][info][gc,marking     ] GC(575) Concurrent Rebuild Remembered Sets and Scrub Regions 635.341ms
[5221.962s][info][gc,start       ] GC(575) Pause Cleanup
[5221.962s][info][gc             ] GC(575) Pause Cleanup 4721M->4721M(10240M) 0.311ms
[5221.962s][info][gc,cpu         ] GC(575) User=0.00s Sys=0.00s Real=0.00s
[5221.962s][info][gc,marking     ] GC(575) Concurrent Clear Claimed Marks
[5221.962s][info][gc,marking     ] GC(575) Concurrent Clear Claimed Marks 0.068ms
[5221.963s][info][gc,marking     ] GC(575) Concurrent Cleanup for Next Mark
[5221.976s][info][gc,marking     ] GC(575) Concurrent Cleanup for Next Mark 13.605ms
[5221.976s][info][gc             ] GC(575) Concurrent Mark Cycle 1873.718ms
...[5225.275s][info][gc,start       ] GC(576) Pause Young (Prepare Mixed) (G1 Evacuation Pause)
[5225.275s][info][gc,task        ] GC(576) Using 8 workers of 8 for evacuation
[5225.442s][info][gc,phases      ] GC(576)   Pre Evacuate Collection Set: 0.27ms
[5225.442s][info][gc,phases      ] GC(576)   Merge Heap Roots: 0.93ms
[5225.442s][info][gc,phases      ] GC(576)   Evacuate Collection Set: 164.81ms
[5225.442s][info][gc,phases      ] GC(576)   Post Evacuate Collection Set: 1.40ms
[5225.442s][info][gc,phases      ] GC(576)   Other: 0.07ms
[5225.442s][info][gc,heap        ] GC(576) Eden regions: 715->0(716)
[5225.442s][info][gc,heap        ] GC(576) Survivor regions: 53->52(96)
[5225.442s][info][gc,heap        ] GC(576) Old regions: 239->242
[5225.442s][info][gc,heap        ] GC(576) Humongous regions: 33->33
[5225.442s][info][gc,metaspace   ] GC(576) Metaspace: 29971K(30144K)->29971K(30144K) NonClass: 29971K(30144K)->29971K(30144K) Class: 0K(0K)->0K(0K)
[5225.442s][info][gc             ] GC(576) Pause Young (Prepare Mixed) (G1 Evacuation Pause) 8293M->2590M(10240M) 167.621ms
[5225.442s][info][gc,cpu         ] GC(576) User=1.31s Sys=0.00s Real=0.17s
.....[5230.647s][info][gc,start       ] GC(577) Pause Young (Mixed) (G1 Evacuation Pause)
[5230.647s][info][gc,task        ] GC(577) Using 8 workers of 8 for evacuation
[5230.819s][info][gc,phases      ] GC(577)   Pre Evacuate Collection Set: 0.34ms
[5230.819s][info][gc,phases      ] GC(577)   Merge Heap Roots: 0.86ms
[5230.819s][info][gc,phases      ] GC(577)   Evacuate Collection Set: 169.94ms
[5230.819s][info][gc,phases      ] GC(577)   Post Evacuate Collection Set: 1.42ms
[5230.819s][info][gc,phases      ] GC(577)   Other: 0.08ms
[5230.819s][info][gc,heap        ] GC(577) Eden regions: 716->0(715)
[5230.819s][info][gc,heap        ] GC(577) Survivor regions: 52->53(96)
[5230.819s][info][gc,heap        ] GC(577) Old regions: 242->131
[5230.819s][info][gc,heap        ] GC(577) Humongous regions: 33->33
[5230.819s][info][gc,metaspace   ] GC(577) Metaspace: 29971K(30144K)->29971K(30144K) NonClass: 29971K(30144K)->29971K(30144K) Class: 0K(0K)->0K(0K)
[5230.819s][info][gc             ] GC(577) Pause Young (Mixed) (G1 Evacuation Pause) 8318M->1708M(10240M) 172.780ms
[5230.819s][info][gc,cpu         ] GC(577) User=1.36s Sys=0.00s Real=0.17s
......[5235.924s][info][gc,start       ] GC(578) Pause Young (Normal) (G1 Evacuation Pause)
[5235.924s][info][gc,task        ] GC(578) Using 8 workers of 8 for evacuation
[5236.085s][info][gc,phases      ] GC(578)   Pre Evacuate Collection Set: 0.31ms
[5236.085s][info][gc,phases      ] GC(578)   Merge Heap Roots: 0.64ms
[5236.085s][info][gc,phases      ] GC(578)   Evacuate Collection Set: 158.68ms
[5236.085s][info][gc,phases      ] GC(578)   Post Evacuate Collection Set: 1.27ms
[5236.085s][info][gc,phases      ] GC(578)   Other: 0.07ms
[5236.085s][info][gc,heap        ] GC(578) Eden regions: 715->0(716)
[5236.085s][info][gc,heap        ] GC(578) Survivor regions: 53->52(96)
[5236.085s][info][gc,heap        ] GC(578) Old regions: 131->133
[5236.085s][info][gc,heap        ] GC(578) Humongous regions: 33->33
[5236.085s][info][gc,metaspace   ] GC(578) Metaspace: 29971K(30144K)->29971K(30144K) NonClass: 29971K(30144K)->29971K(30144K) Class: 0K(0K)->0K(0K)
[5236.085s][info][gc             ] GC(578) Pause Young (Normal) (G1 Evacuation Pause) 7428M->1716M(10240M) 161.095ms
[5236.086s][info][gc,cpu         ] GC(578) User=1.27s Sys=0.00s Real=0.16s
.....[5241.260s][info][gc,start       ] GC(579) Pause Young (Normal) (G1 Evacuation Pause)
[5241.260s][info][gc,task        ] GC(579) Using 8 workers of 8 for evacuation
[5241.432s][info][gc,phases      ] GC(579)   Pre Evacuate Collection Set: 0.30ms
[5241.432s][info][gc,phases      ] GC(579)   Merge Heap Roots: 0.54ms
[5241.432s][info][gc,phases      ] GC(579)   Evacuate Collection Set: 169.95ms
[5241.432s][info][gc,phases      ] GC(579)   Post Evacuate Collection Set: 1.29ms
[5241.432s][info][gc,phases      ] GC(579)   Other: 0.06ms
[5241.432s][info][gc,heap        ] GC(579) Eden regions: 716->0(714)
[5241.432s][info][gc,heap        ] GC(579) Survivor regions: 52->54(96)
[5241.432s][info][gc,heap        ] GC(579) Old regions: 133->136
[5241.432s][info][gc,heap        ] GC(579) Humongous regions: 33->33
[5241.432s][info][gc,metaspace   ] GC(579) Metaspace: 29971K(30144K)->29971K(30144K) NonClass: 29971K(30144K)->29971K(30144K) Class: 0K(0K)->0K(0K)
[5241.432s][info][gc             ] GC(579) Pause Young (Normal) (G1 Evacuation Pause) 7444M->1753M(10240M) 172.296ms
[5241.432s][info][gc,cpu         ] GC(579) User=1.36s Sys=0.00s Real=0.17s
.....[5246.585s][info][gc,start       ] GC(580) Pause Young (Normal) (G1 Evacuation Pause)
[5246.586s][info][gc,task        ] GC(580) Using 8 workers of 8 for evacuation
[5246.753s][info][gc,phases      ] GC(580)   Pre Evacuate Collection Set: 0.29ms
[5246.753s][info][gc,phases      ] GC(580)   Merge Heap Roots: 0.55ms
[5246.753s][info][gc,phases      ] GC(580)   Evacuate Collection Set: 165.14ms
[5246.753s][info][gc,phases      ] GC(580)   Post Evacuate Collection Set: 1.30ms
[5246.753s][info][gc,phases      ] GC(580)   Other: 0.07ms
[5246.753s][info][gc,heap        ] GC(580) Eden regions: 714->0(715)
[5246.753s][info][gc,heap        ] GC(580) Survivor regions: 54->53(96)
[5246.753s][info][gc,heap        ] GC(580) Old regions: 136->138
[5246.753s][info][gc,heap        ] GC(580) Humongous regions: 33->33
[5246.753s][info][gc,metaspace   ] GC(580) Metaspace: 29971K(30144K)->29971K(30144K) NonClass: 29971K(30144K)->29971K(30144K) Class: 0K(0K)->0K(0K)
[5246.753s][info][gc             ] GC(580) Pause Young (Normal) (G1 Evacuation Pause) 7465M->1765M(10240M) 167.479ms
[5246.753s][info][gc,cpu         ] GC(580) User=1.32s Sys=0.00s Real=0.17s
......[5251.888s][info][gc,start       ] GC(581) Pause Young (Normal) (G1 Evacuation Pause)
[5251.888s][info][gc,task        ] GC(581) Using 8 workers of 8 for evacuation
[5252.053s][info][gc,phases      ] GC(581)   Pre Evacuate Collection Set: 0.29ms
[5252.053s][info][gc,phases      ] GC(581)   Merge Heap Roots: 0.59ms
[5252.053s][info][gc,phases      ] GC(581)   Evacuate Collection Set: 162.80ms
[5252.053s][info][gc,phases      ] GC(581)   Post Evacuate Collection Set: 1.27ms
[5252.053s][info][gc,phases      ] GC(581)   Other: 0.06ms
[5252.053s][info][gc,heap        ] GC(581) Eden regions: 715->0(716)
[5252.053s][info][gc,heap        ] GC(581) Survivor regions: 53->52(96)
[5252.053s][info][gc,heap        ] GC(581) Old regions: 138->141
[5252.053s][info][gc,heap        ] GC(581) Humongous regions: 33->33
[5252.053s][info][gc,metaspace   ] GC(581) Metaspace: 29971K(30144K)->29971K(30144K) NonClass: 29971K(30144K)->29971K(30144K) Class: 0K(0K)->0K(0K)
[5252.053s][info][gc             ] GC(581) Pause Young (Normal) (G1 Evacuation Pause) 7485M->1777M(10240M) 165.157ms
[5252.053s][info][gc,cpu         ] GC(581) User=1.30s Sys=0.01s Real=0.16s
.....[5257.244s][info][gc,start       ] GC(582) Pause Young (Normal) (G1 Evacuation Pause)
[5257.244s][info][gc,task        ] GC(582) Using 8 workers of 8 for evacuation
[5257.417s][info][gc,phases      ] GC(582)   Pre Evacuate Collection Set: 0.30ms
[5257.417s][info][gc,phases      ] GC(582)   Merge Heap Roots: 0.56ms
[5257.417s][info][gc,phases      ] GC(582)   Evacuate Collection Set: 170.77ms
[5257.417s][info][gc,phases      ] GC(582)   Post Evacuate Collection Set: 1.28ms
[5257.417s][info][gc,phases      ] GC(582)   Other: 0.08ms
[5257.417s][info][gc,heap        ] GC(582) Eden regions: 716->0(714)
[5257.417s][info][gc,heap        ] GC(582) Survivor regions: 52->54(96)
[5257.417s][info][gc,heap        ] GC(582) Old regions: 141->143
[5257.417s][info][gc,heap        ] GC(582) Humongous regions: 33->33
[5257.417s][info][gc,metaspace   ] GC(582) Metaspace: 29971K(30144K)->29971K(30144K) NonClass: 29971K(30144K)->29971K(30144K) Class: 0K(0K)->0K(0K)
[5257.418s][info][gc             ] GC(582) Pause Young (Normal) (G1 Evacuation Pause) 7505M->1817M(10240M) 173.139ms
[5257.418s][info][gc,cpu         ] GC(582) User=1.36s Sys=0.00s Real=0.18s
.....[5262.506s][info][gc,start       ] GC(583) Pause Young (Normal) (G1 Evacuation Pause)
[5262.506s][info][gc,task        ] GC(583) Using 8 workers of 8 for evacuation
[5262.673s][info][gc,phases      ] GC(583)   Pre Evacuate Collection Set: 0.29ms
[5262.673s][info][gc,phases      ] GC(583)   Merge Heap Roots: 0.55ms
[5262.673s][info][gc,phases      ] GC(583)   Evacuate Collection Set: 164.28ms
[5262.673s][info][gc,phases      ] GC(583)   Post Evacuate Collection Set: 1.27ms
[5262.673s][info][gc,phases      ] GC(583)   Other: 0.07ms
[5262.673s][info][gc,heap        ] GC(583) Eden regions: 714->0(715)
[5262.673s][info][gc,heap        ] GC(583) Survivor regions: 54->53(96)
[5262.673s][info][gc,heap        ] GC(583) Old regions: 143->146
[5262.673s][info][gc,heap        ] GC(583) Humongous regions: 33->33
[5262.673s][info][gc,metaspace   ] GC(583) Metaspace: 29971K(30144K)->29971K(30144K) NonClass: 29971K(30144K)->29971K(30144K) Class: 0K(0K)->0K(0K)
[5262.673s][info][gc             ] GC(583) Pause Young (Normal) (G1 Evacuation Pause) 7529M->1831M(10240M) 166.584ms
[5262.673s][info][gc,cpu         ] GC(583) User=1.32s Sys=0.00s Real=0.16s
.....[5267.722s][info][gc,start       ] GC(584) Pause Young (Normal) (G1 Evacuation Pause)
[5267.722s][info][gc,task        ] GC(584) Using 8 workers of 8 for evacuation
[5267.888s][info][gc,phases      ] GC(584)   Pre Evacuate Collection Set: 0.29ms
[5267.888s][info][gc,phases      ] GC(584)   Merge Heap Roots: 0.56ms
[5267.888s][info][gc,phases      ] GC(584)   Evacuate Collection Set: 163.55ms
[5267.888s][info][gc,phases      ] GC(584)   Post Evacuate Collection Set: 1.32ms
[5267.888s][info][gc,phases      ] GC(584)   Other: 0.07ms
[5267.888s][info][gc,heap        ] GC(584) Eden regions: 715->0(716)
[5267.888s][info][gc,heap        ] GC(584) Survivor regions: 53->52(96)
[5267.888s][info][gc,heap        ] GC(584) Old regions: 146->148
[5267.888s][info][gc,heap        ] GC(584) Humongous regions: 33->33
[5267.888s][info][gc,metaspace   ] GC(584) Metaspace: 29971K(30144K)->29971K(30144K) NonClass: 29971K(30144K)->29971K(30144K) Class: 0K(0K)->0K(0K)
[5267.888s][info][gc             ] GC(584) Pause Young (Normal) (G1 Evacuation Pause) 7551M->1843M(10240M) 165.927ms
[5267.888s][info][gc,cpu         ] GC(584) User=1.30s Sys=0.00s Real=0.17s
......[5272.972s][info][gc,start       ] GC(585) Pause Young (Normal) (G1 Evacuation Pause)
[5272.972s][info][gc,task        ] GC(585) Using 8 workers of 8 for evacuation
[5273.140s][info][gc,phases      ] GC(585)   Pre Evacuate Collection Set: 0.30ms
[5273.140s][info][gc,phases      ] GC(585)   Merge Heap Roots: 0.56ms
[5273.140s][info][gc,phases      ] GC(585)   Evacuate Collection Set: 165.18ms
[5273.140s][info][gc,phases      ] GC(585)   Post Evacuate Collection Set: 1.26ms
[5273.140s][info][gc,phases      ] GC(585)   Other: 0.06ms
[5273.140s][info][gc,heap        ] GC(585) Eden regions: 716->0(715)
[5273.140s][info][gc,heap        ] GC(585) Survivor regions: 52->53(96)
[5273.140s][info][gc,heap        ] GC(585) Old regions: 148->151
[5273.140s][info][gc,heap        ] GC(585) Humongous regions: 33->33
[5273.140s][info][gc,metaspace   ] GC(585) Metaspace: 29971K(30144K)->29971K(30144K) NonClass: 29971K(30144K)->29971K(30144K) Class: 0K(0K)->0K(0K)
[5273.140s][info][gc             ] GC(585) Pause Young (Normal) (G1 Evacuation Pause) 7571M->1867M(10240M) 167.488ms
[5273.140s][info][gc,cpu         ] GC(585) User=1.32s Sys=0.00s Real=0.17s
.....[5278.247s][info][gc,start       ] GC(586) Pause Young (Normal) (G1 Evacuation Pause)
[5278.247s][info][gc,task        ] GC(586) Using 8 workers of 8 for evacuation
[5278.413s][info][gc,phases      ] GC(586)   Pre Evacuate Collection Set: 0.30ms
[5278.413s][info][gc,phases      ] GC(586)   Merge Heap Roots: 0.56ms
[5278.413s][info][gc,phases      ] GC(586)   Evacuate Collection Set: 163.45ms
[5278.413s][info][gc,phases      ] GC(586)   Post Evacuate Collection Set: 1.28ms
[5278.413s][info][gc,phases      ] GC(586)   Other: 0.06ms
[5278.413s][info][gc,heap        ] GC(586) Eden regions: 715->0(716)
[5278.413s][info][gc,heap        ] GC(586) Survivor regions: 53->52(96)
[5278.413s][info][gc,heap        ] GC(586) Old regions: 151->154
[5278.413s][info][gc,heap        ] GC(586) Humongous regions: 33->33
[5278.413s][info][gc,metaspace   ] GC(586) Metaspace: 29971K(30144K)->29971K(30144K) NonClass: 29971K(30144K)->29971K(30144K) Class: 0K(0K)->0K(0K)
[5278.413s][info][gc             ] GC(586) Pause Young (Normal) (G1 Evacuation Pause) 7587M->1884M(10240M) 165.795ms
[5278.413s][info][gc,cpu         ] GC(586) User=1.31s Sys=0.00s Real=0.16s
... (rIR:aIR:PR = 8994:9084:9084) (tPR = 135763) [OK] 
  5280s: Performance info:
         Transaction,    Success,    Partial,     Failed,   Receipts, AvgBarcode, 
             Overall,     592109,          0,          0,     562800,      59.47, 
         Response times:
             Request,    Success,    Partial,     Failed,   SkipFail,     Probes,    Samples,      min,      p50,      p90,      p95,      p99,      max, 
       TotalPurchase,     562800,          0,          0,          0,     387859,     479184,      300,     6300,    22000,    62000,   170000,  1400000,
     InStorePurchase,     296366,          0,          0,          0,     203522,     250851,      300,     6200,    22000,    62000,   169000,  1400000,
      OnlinePurchase,     207519,          0,          0,          0,     142779,     176703,      300,     6500,    21000,    63000,   171000,  1400000,
        InstPurchase,      58915,          0,          0,          0,      41558,      51630,      400,     6300,    21000,    62000,   161000,  1400000,
          AssocOfCat,        587,          0,          0,          0,        493,        711,    31000,    49000,    95000,   130800,   228760,   345000,
      AssocOfProduct,       5847,          0,          0,          0,       4189,       5371,      700,     7000,    24000,    72400,   158280,   275000,
      BusinessReport,       1468,          0,          0,          0,       1293,       1772,    32000,    55000,    99000,   154000,   235540,   584000,
          CustBuyBeh,       5906,          0,          0,          0,       4208,       5432,      300,     6100,    25000,    68000,   198700,   466000,
       ProductReturn,      15501,          0,          0,          0,      10946,      13789,      300,     6100,    21000,    63000,   151000,   526000,

  5280s: (66%)   IR =   9132 ..[5283.601s][info][gc,start       ] GC(587) Pause Young (Normal) (G1 Evacuation Pause)
[5283.601s][info][gc,task        ] GC(587) Using 8 workers of 8 for evacuation
[5283.765s][info][gc,phases      ] GC(587)   Pre Evacuate Collection Set: 0.32ms
[5283.766s][info][gc,phases      ] GC(587)   Merge Heap Roots: 0.58ms
[5283.766s][info][gc,phases      ] GC(587)   Evacuate Collection Set: 162.48ms
[5283.766s][info][gc,phases      ] GC(587)   Post Evacuate Collection Set: 1.37ms
[5283.766s][info][gc,phases      ] GC(587)   Other: 0.09ms
[5283.766s][info][gc,heap        ] GC(587) Eden regions: 716->0(716)
[5283.766s][info][gc,heap        ] GC(587) Survivor regions: 52->52(96)
[5283.766s][info][gc,heap        ] GC(587) Old regions: 154->156
[5283.766s][info][gc,heap        ] GC(587) Humongous regions: 33->33
[5283.766s][info][gc,metaspace   ] GC(587) Metaspace: 29971K(30144K)->29971K(30144K) NonClass: 29971K(30144K)->29971K(30144K) Class: 0K(0K)->0K(0K)
[5283.766s][info][gc             ] GC(587) Pause Young (Normal) (G1 Evacuation Pause) 7612M->1905M(10240M) 164.965ms
[5283.766s][info][gc,cpu         ] GC(587) User=1.29s Sys=0.00s Real=0.16s
.....[5288.894s][info][gc,start       ] GC(588) Pause Young (Normal) (G1 Evacuation Pause)
[5288.894s][info][gc,task        ] GC(588) Using 8 workers of 8 for evacuation
[5289.059s][info][gc,phases      ] GC(588)   Pre Evacuate Collection Set: 0.30ms
[5289.059s][info][gc,phases      ] GC(588)   Merge Heap Roots: 0.58ms
[5289.059s][info][gc,phases      ] GC(588)   Evacuate Collection Set: 162.58ms
[5289.059s][info][gc,phases      ] GC(588)   Post Evacuate Collection Set: 1.38ms
[5289.059s][info][gc,phases      ] GC(588)   Other: 0.07ms
[5289.059s][info][gc,heap        ] GC(588) Eden regions: 716->0(716)
[5289.059s][info][gc,heap        ] GC(588) Survivor regions: 52->52(96)
[5289.059s][info][gc,heap        ] GC(588) Old regions: 156->159
[5289.059s][info][gc,heap        ] GC(588) Humongous regions: 33->33
[5289.059s][info][gc,metaspace   ] GC(588) Metaspace: 29971K(30144K)->29971K(30144K) NonClass: 29971K(30144K)->29971K(30144K) Class: 0K(0K)->0K(0K)
[5289.059s][info][gc             ] GC(588) Pause Young (Normal) (G1 Evacuation Pause) 7633M->1927M(10240M) 165.062ms
[5289.059s][info][gc,cpu         ] GC(588) User=1.30s Sys=0.00s Real=0.17s
......[5294.220s][info][gc,start       ] GC(589) Pause Young (Normal) (G1 Evacuation Pause)
[5294.220s][info][gc,task        ] GC(589) Using 8 workers of 8 for evacuation
[5294.387s][info][gc,phases      ] GC(589)   Pre Evacuate Collection Set: 0.29ms
[5294.387s][info][gc,phases      ] GC(589)   Merge Heap Roots: 0.56ms
[5294.387s][info][gc,phases      ] GC(589)   Evacuate Collection Set: 165.22ms
[5294.387s][info][gc,phases      ] GC(589)   Post Evacuate Collection Set: 1.30ms
[5294.387s][info][gc,phases      ] GC(589)   Other: 0.07ms
[5294.387s][info][gc,heap        ] GC(589) Eden regions: 716->0(716)
[5294.387s][info][gc,heap        ] GC(589) Survivor regions: 52->52(96)
[5294.387s][info][gc,heap        ] GC(589) Old regions: 159->162
[5294.387s][info][gc,heap        ] GC(589) Humongous regions: 33->33
[5294.387s][info][gc,metaspace   ] GC(589) Metaspace: 29971K(30144K)->29971K(30144K) NonClass: 29971K(30144K)->29971K(30144K) Class: 0K(0K)->0K(0K)
[5294.387s][info][gc             ] GC(589) Pause Young (Normal) (G1 Evacuation Pause) 7655M->1948M(10240M) 167.568ms
[5294.387s][info][gc,cpu         ] GC(589) User=1.32s Sys=0.00s Real=0.17s
.....[5299.393s][info][gc,start       ] GC(590) Pause Young (Normal) (G1 Evacuation Pause)
[5299.393s][info][gc,task        ] GC(590) Using 8 workers of 8 for evacuation
[5299.558s][info][gc,phases      ] GC(590)   Pre Evacuate Collection Set: 0.31ms
[5299.558s][info][gc,phases      ] GC(590)   Merge Heap Roots: 0.57ms
[5299.558s][info][gc,phases      ] GC(590)   Evacuate Collection Set: 163.00ms
[5299.558s][info][gc,phases      ] GC(590)   Post Evacuate Collection Set: 1.35ms
[5299.558s][info][gc,phases      ] GC(590)   Other: 0.07ms
[5299.558s][info][gc,heap        ] GC(590) Eden regions: 716->0(716)
[5299.558s][info][gc,heap        ] GC(590) Survivor regions: 52->52(96)
[5299.558s][info][gc,heap        ] GC(590) Old regions: 162->164
[5299.558s][info][gc,heap        ] GC(590) Humongous regions: 33->33
[5299.558s][info][gc,metaspace   ] GC(590) Metaspace: 29971K(30144K)->29971K(30144K) NonClass: 29971K(30144K)->29971K(30144K) Class: 0K(0K)->0K(0K)
[5299.558s][info][gc             ] GC(590) Pause Young (Normal) (G1 Evacuation Pause) 7676M->1968M(10240M) 165.434ms
[5299.558s][info][gc,cpu         ] GC(590) User=1.30s Sys=0.01s Real=0.17s
...|..[5304.711s][info][gc,start       ] GC(591) Pause Young (Normal) (G1 Evacuation Pause)
[5304.711s][info][gc,task        ] GC(591) Using 8 workers of 8 for evacuation
[5304.879s][info][gc,phases      ] GC(591)   Pre Evacuate Collection Set: 0.28ms
[5304.879s][info][gc,phases      ] GC(591)   Merge Heap Roots: 0.58ms
[5304.879s][info][gc,phases      ] GC(591)   Evacuate Collection Set: 165.55ms
[5304.879s][info][gc,phases      ] GC(591)   Post Evacuate Collection Set: 1.24ms
[5304.879s][info][gc,phases      ] GC(591)   Other: 0.06ms
[5304.879s][info][gc,heap        ] GC(591) Eden regions: 716->0(715)
[5304.879s][info][gc,heap        ] GC(591) Survivor regions: 52->53(96)
[5304.879s][info][gc,heap        ] GC(591) Old regions: 164->167
[5304.879s][info][gc,heap        ] GC(591) Humongous regions: 33->33
[5304.879s][info][gc,metaspace   ] GC(591) Metaspace: 29971K(30144K)->29971K(30144K) NonClass: 29971K(30144K)->29971K(30144K) Class: 0K(0K)->0K(0K)
[5304.879s][info][gc             ] GC(591) Pause Young (Normal) (G1 Evacuation Pause) 7696M->1997M(10240M) 167.870ms
[5304.879s][info][gc,cpu         ] GC(591) User=1.32s Sys=0.00s Real=0.17s
.....[5309.908s][info][gc,start       ] GC(592) Pause Young (Normal) (G1 Evacuation Pause)
[5309.908s][info][gc,task        ] GC(592) Using 8 workers of 8 for evacuation
[5310.071s][info][gc,phases      ] GC(592)   Pre Evacuate Collection Set: 0.30ms
[5310.071s][info][gc,phases      ] GC(592)   Merge Heap Roots: 0.57ms
[5310.071s][info][gc,phases      ] GC(592)   Evacuate Collection Set: 160.80ms
[5310.071s][info][gc,phases      ] GC(592)   Post Evacuate Collection Set: 1.29ms
[5310.071s][info][gc,phases      ] GC(592)   Other: 0.08ms
[5310.071s][info][gc,heap        ] GC(592) Eden regions: 715->0(716)
[5310.071s][info][gc,heap        ] GC(592) Survivor regions: 53->52(96)
[5310.071s][info][gc,heap        ] GC(592) Old regions: 167->169
[5310.071s][info][gc,heap        ] GC(592) Humongous regions: 33->33
[5310.071s][info][gc,metaspace   ] GC(592) Metaspace: 29971K(30144K)->29971K(30144K) NonClass: 29971K(30144K)->29971K(30144K) Class: 0K(0K)->0K(0K)
[5310.071s][info][gc             ] GC(592) Pause Young (Normal) (G1 Evacuation Pause) 7717M->2006M(10240M) 163.166ms
[5310.071s][info][gc,cpu         ] GC(592) User=1.28s Sys=0.00s Real=0.16s
......[5315.196s][info][gc,start       ] GC(593) Pause Young (Normal) (G1 Evacuation Pause)
[5315.196s][info][gc,task        ] GC(593) Using 8 workers of 8 for evacuation
[5315.361s][info][gc,phases      ] GC(593)   Pre Evacuate Collection Set: 0.30ms
[5315.361s][info][gc,phases      ] GC(593)   Merge Heap Roots: 0.65ms
[5315.361s][info][gc,phases      ] GC(593)   Evacuate Collection Set: 162.66ms
[5315.361s][info][gc,phases      ] GC(593)   Post Evacuate Collection Set: 1.31ms
[5315.361s][info][gc,phases      ] GC(593)   Other: 0.07ms
[5315.361s][info][gc,heap        ] GC(593) Eden regions: 716->0(716)
[5315.361s][info][gc,heap        ] GC(593) Survivor regions: 52->52(96)
[5315.361s][info][gc,heap        ] GC(593) Old regions: 169->172
[5315.361s][info][gc,heap        ] GC(593) Humongous regions: 33->33
[5315.361s][info][gc,metaspace   ] GC(593) Metaspace: 29971K(30144K)->29971K(30144K) NonClass: 29971K(30144K)->29971K(30144K) Class: 0K(0K)->0K(0K)
[5315.361s][info][gc             ] GC(593) Pause Young (Normal) (G1 Evacuation Pause) 7734M->2027M(10240M) 165.112ms
[5315.361s][info][gc,cpu         ] GC(593) User=1.30s Sys=0.00s Real=0.16s
.....[5320.432s][info][gc,start       ] GC(594) Pause Young (Normal) (G1 Evacuation Pause)
[5320.432s][info][gc,task        ] GC(594) Using 8 workers of 8 for evacuation
[5320.596s][info][gc,phases      ] GC(594)   Pre Evacuate Collection Set: 0.31ms
[5320.596s][info][gc,phases      ] GC(594)   Merge Heap Roots: 0.58ms
[5320.596s][info][gc,phases      ] GC(594)   Evacuate Collection Set: 162.36ms
[5320.596s][info][gc,phases      ] GC(594)   Post Evacuate Collection Set: 1.27ms
[5320.596s][info][gc,phases      ] GC(594)   Other: 0.06ms
[5320.596s][info][gc,heap        ] GC(594) Eden regions: 716->0(716)
[5320.596s][info][gc,heap        ] GC(594) Survivor regions: 52->52(96)
[5320.596s][info][gc,heap        ] GC(594) Old regions: 172->174
[5320.596s][info][gc,heap        ] GC(594) Humongous regions: 33->33
[5320.596s][info][gc,metaspace   ] GC(594) Metaspace: 29971K(30144K)->29971K(30144K) NonClass: 29971K(30144K)->29971K(30144K) Class: 0K(0K)->0K(0K)
[5320.596s][info][gc             ] GC(594) Pause Young (Normal) (G1 Evacuation Pause) 7755M->2047M(10240M) 164.721ms
[5320.596s][info][gc,cpu         ] GC(594) User=1.30s Sys=0.00s Real=0.17s
.....[5325.681s][info][gc,start       ] GC(595) Pause Young (Normal) (G1 Evacuation Pause)
[5325.681s][info][gc,task        ] GC(595) Using 8 workers of 8 for evacuation
[5325.845s][info][gc,phases      ] GC(595)   Pre Evacuate Collection Set: 0.31ms
[5325.845s][info][gc,phases      ] GC(595)   Merge Heap Roots: 0.57ms
[5325.845s][info][gc,phases      ] GC(595)   Evacuate Collection Set: 161.49ms
[5325.845s][info][gc,phases      ] GC(595)   Post Evacuate Collection Set: 1.32ms
[5325.845s][info][gc,phases      ] GC(595)   Other: 0.07ms
[5325.845s][info][gc,heap        ] GC(595) Eden regions: 716->0(716)
[5325.845s][info][gc,heap        ] GC(595) Survivor regions: 52->52(96)
[5325.845s][info][gc,heap        ] GC(595) Old regions: 174->177
[5325.845s][info][gc,heap        ] GC(595) Humongous regions: 33->33
[5325.845s][info][gc,metaspace   ] GC(595) Metaspace: 29971K(30144K)->29971K(30144K) NonClass: 29971K(30144K)->29971K(30144K) Class: 0K(0K)->0K(0K)
[5325.845s][info][gc             ] GC(595) Pause Young (Normal) (G1 Evacuation Pause) 7775M->2072M(10240M) 163.907ms
[5325.845s][info][gc,cpu         ] GC(595) User=1.29s Sys=0.00s Real=0.16s
.....[5331.009s][info][gc,start       ] GC(596) Pause Young (Normal) (G1 Evacuation Pause)
[5331.010s][info][gc,task        ] GC(596) Using 8 workers of 8 for evacuation
[5331.174s][info][gc,phases      ] GC(596)   Pre Evacuate Collection Set: 0.32ms
[5331.174s][info][gc,phases      ] GC(596)   Merge Heap Roots: 0.56ms
[5331.174s][info][gc,phases      ] GC(596)   Evacuate Collection Set: 161.75ms
[5331.174s][info][gc,phases      ] GC(596)   Post Evacuate Collection Set: 1.32ms
[5331.174s][info][gc,phases      ] GC(596)   Other: 0.06ms
[5331.174s][info][gc,heap        ] GC(596) Eden regions: 716->0(716)
[5331.174s][info][gc,heap        ] GC(596) Survivor regions: 52->52(96)
[5331.174s][info][gc,heap        ] GC(596) Old regions: 177->180
[5331.174s][info][gc,heap        ] GC(596) Humongous regions: 33->33
[5331.174s][info][gc,metaspace   ] GC(596) Metaspace: 29971K(30144K)->29971K(30144K) NonClass: 29971K(30144K)->29971K(30144K) Class: 0K(0K)->0K(0K)
[5331.174s][info][gc             ] GC(596) Pause Young (Normal) (G1 Evacuation Pause) 7800M->2091M(10240M) 164.145ms
[5331.174s][info][gc,cpu         ] GC(596) User=1.29s Sys=0.01s Real=0.16s
......[5336.276s][info][gc,start       ] GC(597) Pause Young (Normal) (G1 Evacuation Pause)
[5336.276s][info][gc,task        ] GC(597) Using 8 workers of 8 for evacuation
[5336.439s][info][gc,phases      ] GC(597)   Pre Evacuate Collection Set: 0.32ms
[5336.439s][info][gc,phases      ] GC(597)   Merge Heap Roots: 0.56ms
[5336.439s][info][gc,phases      ] GC(597)   Evacuate Collection Set: 159.90ms
[5336.439s][info][gc,phases      ] GC(597)   Post Evacuate Collection Set: 1.32ms
[5336.439s][info][gc,phases      ] GC(597)   Other: 0.07ms
[5336.439s][info][gc,heap        ] GC(597) Eden regions: 716->0(717)
[5336.439s][info][gc,heap        ] GC(597) Survivor regions: 52->51(96)
[5336.439s][info][gc,heap        ] GC(597) Old regions: 180->183
[5336.439s][info][gc,heap        ] GC(597) Humongous regions: 33->33
[5336.439s][info][gc,metaspace   ] GC(597) Metaspace: 29971K(30144K)->29971K(30144K) NonClass: 29971K(30144K)->29971K(30144K) Class: 0K(0K)->0K(0K)
[5336.439s][info][gc             ] GC(597) Pause Young (Normal) (G1 Evacuation Pause) 7819M->2108M(10240M) 162.321ms
[5336.439s][info][gc,cpu         ] GC(597) User=1.28s Sys=0.00s Real=0.16s
.....[5341.433s][info][gc,start       ] GC(598) Pause Young (Normal) (G1 Evacuation Pause)
[5341.433s][info][gc,task        ] GC(598) Using 8 workers of 8 for evacuation
[5341.602s][info][gc,phases      ] GC(598)   Pre Evacuate Collection Set: 0.31ms
[5341.602s][info][gc,phases      ] GC(598)   Merge Heap Roots: 0.65ms
[5341.602s][info][gc,phases      ] GC(598)   Evacuate Collection Set: 165.88ms
[5341.602s][info][gc,phases      ] GC(598)   Post Evacuate Collection Set: 1.29ms
[5341.602s][info][gc,phases      ] GC(598)   Other: 0.06ms
[5341.602s][info][gc,heap        ] GC(598) Eden regions: 717->0(714)
[5341.602s][info][gc,heap        ] GC(598) Survivor regions: 51->54(96)
[5341.602s][info][gc,heap        ] GC(598) Old regions: 183->185
[5341.602s][info][gc,heap        ] GC(598) Humongous regions: 33->33
[5341.602s][info][gc,metaspace   ] GC(598) Metaspace: 29971K(30144K)->29971K(30144K) NonClass: 29971K(30144K)->29971K(30144K) Class: 0K(0K)->0K(0K)
[5341.602s][info][gc             ] GC(598) Pause Young (Normal) (G1 Evacuation Pause) 7844M->2149M(10240M) 168.333ms
[5341.602s][info][gc,cpu         ] GC(598) User=1.33s Sys=0.00s Real=0.17s
.....[5346.611s][info][gc,start       ] GC(599) Pause Young (Normal) (G1 Evacuation Pause)
[5346.611s][info][gc,task        ] GC(599) Using 8 workers of 8 for evacuation
[5346.778s][info][gc,phases      ] GC(599)   Pre Evacuate Collection Set: 0.32ms
[5346.778s][info][gc,phases      ] GC(599)   Merge Heap Roots: 0.65ms
[5346.778s][info][gc,phases      ] GC(599)   Evacuate Collection Set: 164.84ms
[5346.778s][info][gc,phases      ] GC(599)   Post Evacuate Collection Set: 1.27ms
[5346.778s][info][gc,phases      ] GC(599)   Other: 0.07ms
[5346.778s][info][gc,heap        ] GC(599) Eden regions: 714->0(715)
[5346.778s][info][gc,heap        ] GC(599) Survivor regions: 54->53(96)
[5346.778s][info][gc,heap        ] GC(599) Old regions: 185->188
[5346.778s][info][gc,heap        ] GC(599) Humongous regions: 33->33
[5346.778s][info][gc,metaspace   ] GC(599) Metaspace: 29971K(30144K)->29971K(30144K) NonClass: 29971K(30144K)->29971K(30144K) Class: 0K(0K)->0K(0K)
[5346.778s][info][gc             ] GC(599) Pause Young (Normal) (G1 Evacuation Pause) 7861M->2167M(10240M) 167.294ms
[5346.778s][info][gc,cpu         ] GC(599) User=1.32s Sys=0.00s Real=0.17s
.....[5351.923s][info][gc,start       ] GC(600) Pause Young (Normal) (G1 Evacuation Pause)
[5351.924s][info][gc,task        ] GC(600) Using 8 workers of 8 for evacuation
[5352.090s][info][gc,phases      ] GC(600)   Pre Evacuate Collection Set: 0.32ms
[5352.090s][info][gc,phases      ] GC(600)   Merge Heap Roots: 0.56ms
[5352.090s][info][gc,phases      ] GC(600)   Evacuate Collection Set: 164.09ms
[5352.090s][info][gc,phases      ] GC(600)   Post Evacuate Collection Set: 1.36ms
[5352.090s][info][gc,phases      ] GC(600)   Other: 0.06ms
[5352.090s][info][gc,heap        ] GC(600) Eden regions: 715->0(715)
[5352.090s][info][gc,heap        ] GC(600) Survivor regions: 53->53(96)
[5352.090s][info][gc,heap        ] GC(600) Old regions: 188->190
[5352.090s][info][gc,heap        ] GC(600) Humongous regions: 33->33
[5352.090s][info][gc,metaspace   ] GC(600) Metaspace: 29971K(30144K)->29971K(30144K) NonClass: 29971K(30144K)->29971K(30144K) Class: 0K(0K)->0K(0K)
[5352.090s][info][gc             ] GC(600) Pause Young (Normal) (G1 Evacuation Pause) 7887M->2183M(10240M) 166.536ms
[5352.090s][info][gc,cpu         ] GC(600) User=1.31s Sys=0.00s Real=0.17s
......[5357.206s][info][gc,start       ] GC(601) Pause Young (Normal) (G1 Evacuation Pause)
[5357.206s][info][gc,task        ] GC(601) Using 8 workers of 8 for evacuation
[5357.371s][info][gc,phases      ] GC(601)   Pre Evacuate Collection Set: 0.32ms
[5357.371s][info][gc,phases      ] GC(601)   Merge Heap Roots: 0.70ms
[5357.371s][info][gc,phases      ] GC(601)   Evacuate Collection Set: 162.69ms
[5357.371s][info][gc,phases      ] GC(601)   Post Evacuate Collection Set: 1.32ms
[5357.371s][info][gc,phases      ] GC(601)   Other: 0.06ms
[5357.371s][info][gc,heap        ] GC(601) Eden regions: 715->0(716)
[5357.371s][info][gc,heap        ] GC(601) Survivor regions: 53->52(96)
[5357.371s][info][gc,heap        ] GC(601) Old regions: 190->193
[5357.371s][info][gc,heap        ] GC(601) Humongous regions: 33->33
[5357.371s][info][gc,metaspace   ] GC(601) Metaspace: 29971K(30144K)->29971K(30144K) NonClass: 29971K(30144K)->29971K(30144K) Class: 0K(0K)->0K(0K)
[5357.371s][info][gc             ] GC(601) Pause Young (Normal) (G1 Evacuation Pause) 7903M->2201M(10240M) 165.234ms
[5357.371s][info][gc,cpu         ] GC(601) User=1.29s Sys=0.00s Real=0.16s
..... (rIR:aIR:PR = 9132:9151:9148) (tPR = 136970) [OK] 
  5362s: Performance info:
         Transaction,    Success,    Partial,     Failed,   Receipts, AvgBarcode, 
             Overall,     550064,          0,          0,     522695,      59.48, 
         Response times:
             Request,    Success,    Partial,     Failed,   SkipFail,     Probes,    Samples,      min,      p50,      p90,      p95,      p99,      max, 
       TotalPurchase,     522846,          0,          0,          0,     359394,     490488,      300,     6300,    15500,    38000,   102000,   465000,
     InStorePurchase,     274116,          0,          0,          0,     188615,     257203,      300,     6300,    15700,    37000,   103000,   465000,
      OnlinePurchase,     193998,          0,          0,          0,     132532,     180582,      300,     6400,    15300,    38000,   102000,   465000,
        InstPurchase,      54732,          0,          0,          0,      38247,      52703,      400,     6400,    15600,    41000,   104000,   376000,
          AssocOfCat,        550,          0,          0,          0,        432,        698,    29000,    47000,    66100,    76000,   127160,   241000,
      AssocOfProduct,       5525,          0,          0,          0,       3989,       5650,      800,     6600,    15600,    42000,   113490,   349000,
      BusinessReport,       1373,          0,          0,          0,       1217,       1817,    30000,    52000,    74000,    98200,   216820,   375000,
          CustBuyBeh,       5436,          0,          0,          0,       4036,       5795,      200,     6800,    16100,    41000,   110040,   376000,
       ProductReturn,      14518,          0,          0,          0,       9189,      12945,      200,     6600,    15400,    44000,   111000,   417000,

  5362s: (67%)   IR =   9271 [5362.395s][info][gc,start       ] GC(602) Pause Young (Normal) (G1 Evacuation Pause)
[5362.395s][info][gc,task        ] GC(602) Using 8 workers of 8 for evacuation
[5362.558s][info][gc,phases      ] GC(602)   Pre Evacuate Collection Set: 0.30ms
[5362.558s][info][gc,phases      ] GC(602)   Merge Heap Roots: 0.57ms
[5362.558s][info][gc,phases      ] GC(602)   Evacuate Collection Set: 160.87ms
[5362.558s][info][gc,phases      ] GC(602)   Post Evacuate Collection Set: 1.28ms
[5362.558s][info][gc,phases      ] GC(602)   Other: 0.07ms
[5362.558s][info][gc,heap        ] GC(602) Eden regions: 716->0(716)
[5362.558s][info][gc,heap        ] GC(602) Survivor regions: 52->52(96)
[5362.558s][info][gc,heap        ] GC(602) Old regions: 193->196
[5362.558s][info][gc,heap        ] GC(602) Humongous regions: 33->33
[5362.558s][info][gc,metaspace   ] GC(602) Metaspace: 29971K(30144K)->29971K(30144K) NonClass: 29971K(30144K)->29971K(30144K) Class: 0K(0K)->0K(0K)
[5362.558s][info][gc             ] GC(602) Pause Young (Normal) (G1 Evacuation Pause) 7929M->2217M(10240M) 163.233ms
[5362.558s][info][gc,cpu         ] GC(602) User=1.28s Sys=0.00s Real=0.17s
.....[5367.490s][info][gc,start       ] GC(603) Pause Young (Normal) (G1 Evacuation Pause)
[5367.490s][info][gc,task        ] GC(603) Using 8 workers of 8 for evacuation
[5367.656s][info][gc,phases      ] GC(603)   Pre Evacuate Collection Set: 0.29ms
[5367.656s][info][gc,phases      ] GC(603)   Merge Heap Roots: 0.57ms
[5367.656s][info][gc,phases      ] GC(603)   Evacuate Collection Set: 163.00ms
[5367.656s][info][gc,phases      ] GC(603)   Post Evacuate Collection Set: 1.33ms
[5367.656s][info][gc,phases      ] GC(603)   Other: 0.07ms
[5367.656s][info][gc,heap        ] GC(603) Eden regions: 716->0(716)
[5367.656s][info][gc,heap        ] GC(603) Survivor regions: 52->52(96)
[5367.656s][info][gc,heap        ] GC(603) Old regions: 196->198
[5367.656s][info][gc,heap        ] GC(603) Humongous regions: 33->33
[5367.656s][info][gc,metaspace   ] GC(603) Metaspace: 29971K(30144K)->29971K(30144K) NonClass: 29971K(30144K)->29971K(30144K) Class: 0K(0K)->0K(0K)
[5367.656s][info][gc             ] GC(603) Pause Young (Normal) (G1 Evacuation Pause) 7945M->2242M(10240M) 165.394ms
[5367.656s][info][gc,cpu         ] GC(603) User=1.30s Sys=0.00s Real=0.16s
.....[5372.541s][info][gc,start       ] GC(604) Pause Young (Normal) (G1 Evacuation Pause)
[5372.541s][info][gc,task        ] GC(604) Using 8 workers of 8 for evacuation
[5372.707s][info][gc,phases      ] GC(604)   Pre Evacuate Collection Set: 0.30ms
[5372.707s][info][gc,phases      ] GC(604)   Merge Heap Roots: 0.57ms
[5372.707s][info][gc,phases      ] GC(604)   Evacuate Collection Set: 163.55ms
[5372.707s][info][gc,phases      ] GC(604)   Post Evacuate Collection Set: 1.26ms
[5372.707s][info][gc,phases      ] GC(604)   Other: 0.06ms
[5372.707s][info][gc,heap        ] GC(604) Eden regions: 716->0(715)
[5372.707s][info][gc,heap        ] GC(604) Survivor regions: 52->53(96)
[5372.707s][info][gc,heap        ] GC(604) Old regions: 198->201
[5372.707s][info][gc,heap        ] GC(604) Humongous regions: 33->33
[5372.707s][info][gc,metaspace   ] GC(604) Metaspace: 29971K(30144K)->29971K(30144K) NonClass: 29971K(30144K)->29971K(30144K) Class: 0K(0K)->0K(0K)
[5372.707s][info][gc             ] GC(604) Pause Young (Normal) (G1 Evacuation Pause) 7970M->2267M(10240M) 165.902ms
[5372.707s][info][gc,cpu         ] GC(604) User=1.30s Sys=0.00s Real=0.17s
.....[5377.788s][info][gc,start       ] GC(605) Pause Young (Normal) (G1 Evacuation Pause)
[5377.788s][info][gc,task        ] GC(605) Using 8 workers of 8 for evacuation
[5377.955s][info][gc,phases      ] GC(605)   Pre Evacuate Collection Set: 0.27ms
[5377.955s][info][gc,phases      ] GC(605)   Merge Heap Roots: 0.62ms
[5377.955s][info][gc,phases      ] GC(605)   Evacuate Collection Set: 165.10ms
[5377.955s][info][gc,phases      ] GC(605)   Post Evacuate Collection Set: 1.32ms
[5377.955s][info][gc,phases      ] GC(605)   Other: 0.06ms
[5377.956s][info][gc,heap        ] GC(605) Eden regions: 715->0(715)
[5377.956s][info][gc,heap        ] GC(605) Survivor regions: 53->53(96)
[5377.956s][info][gc,heap        ] GC(605) Old regions: 201->203
[5377.956s][info][gc,heap        ] GC(605) Humongous regions: 33->33
[5377.956s][info][gc,metaspace   ] GC(605) Metaspace: 29971K(30144K)->29971K(30144K) NonClass: 29971K(30144K)->29971K(30144K) Class: 0K(0K)->0K(0K)
[5377.956s][info][gc             ] GC(605) Pause Young (Normal) (G1 Evacuation Pause) 7987M->2291M(10240M) 167.498ms
[5377.956s][info][gc,cpu         ] GC(605) User=1.32s Sys=0.00s Real=0.16s
.....[5382.827s][info][gc,start       ] GC(606) Pause Young (Normal) (G1 Evacuation Pause)
[5382.827s][info][gc,task        ] GC(606) Using 8 workers of 8 for evacuation
[5382.996s][info][gc,phases      ] GC(606)   Pre Evacuate Collection Set: 0.30ms
[5382.996s][info][gc,phases      ] GC(606)   Merge Heap Roots: 0.65ms
[5382.996s][info][gc,phases      ] GC(606)   Evacuate Collection Set: 166.12ms
[5382.996s][info][gc,phases      ] GC(606)   Post Evacuate Collection Set: 1.28ms
[5382.996s][info][gc,phases      ] GC(606)   Other: 0.06ms
[5382.996s][info][gc,heap        ] GC(606) Eden regions: 715->0(714)
[5382.996s][info][gc,heap        ] GC(606) Survivor regions: 53->54(96)
[5382.996s][info][gc,heap        ] GC(606) Old regions: 203->206
[5382.996s][info][gc,heap        ] GC(606) Humongous regions: 33->33
[5382.996s][info][gc,metaspace   ] GC(606) Metaspace: 29971K(30144K)->29971K(30144K) NonClass: 29971K(30144K)->29971K(30144K) Class: 0K(0K)->0K(0K)
[5382.996s][info][gc             ] GC(606) Pause Young (Normal) (G1 Evacuation Pause) 8011M->2317M(10240M) 168.548ms
[5382.996s][info][gc,cpu         ] GC(606) User=1.32s Sys=0.00s Real=0.17s
.....[5388.006s][info][gc,start       ] GC(607) Pause Young (Normal) (G1 Evacuation Pause)
[5388.006s][info][gc,task        ] GC(607) Using 8 workers of 8 for evacuation
[5388.171s][info][gc,phases      ] GC(607)   Pre Evacuate Collection Set: 0.29ms
[5388.171s][info][gc,phases      ] GC(607)   Merge Heap Roots: 0.66ms
[5388.171s][info][gc,phases      ] GC(607)   Evacuate Collection Set: 162.01ms
[5388.171s][info][gc,phases      ] GC(607)   Post Evacuate Collection Set: 1.26ms
[5388.171s][info][gc,phases      ] GC(607)   Other: 0.07ms
[5388.171s][info][gc,heap        ] GC(607) Eden regions: 714->0(716)
[5388.171s][info][gc,heap        ] GC(607) Survivor regions: 54->52(96)
[5388.171s][info][gc,heap        ] GC(607) Old regions: 206->209
[5388.171s][info][gc,heap        ] GC(607) Humongous regions: 33->33
[5388.171s][info][gc,metaspace   ] GC(607) Metaspace: 29971K(30144K)->29971K(30144K) NonClass: 29971K(30144K)->29971K(30144K) Class: 0K(0K)->0K(0K)
[5388.171s][info][gc             ] GC(607) Pause Young (Normal) (G1 Evacuation Pause) 8029M->2323M(10240M) 164.447ms
[5388.171s][info][gc,cpu         ] GC(607) User=1.29s Sys=0.00s Real=0.16s
.....|[5393.187s][info][gc,start       ] GC(608) Pause Young (Normal) (G1 Evacuation Pause)
[5393.187s][info][gc,task        ] GC(608) Using 8 workers of 8 for evacuation
[5393.349s][info][gc,phases      ] GC(608)   Pre Evacuate Collection Set: 0.31ms
[5393.349s][info][gc,phases      ] GC(608)   Merge Heap Roots: 0.58ms
[5393.349s][info][gc,phases      ] GC(608)   Evacuate Collection Set: 159.99ms
[5393.349s][info][gc,phases      ] GC(608)   Post Evacuate Collection Set: 1.31ms
[5393.349s][info][gc,phases      ] GC(608)   Other: 0.07ms
[5393.349s][info][gc,heap        ] GC(608) Eden regions: 716->0(716)
[5393.349s][info][gc,heap        ] GC(608) Survivor regions: 52->52(96)
[5393.349s][info][gc,heap        ] GC(608) Old regions: 209->212
[5393.349s][info][gc,heap        ] GC(608) Humongous regions: 33->33
[5393.349s][info][gc,metaspace   ] GC(608) Metaspace: 29971K(30144K)->29971K(30144K) NonClass: 29971K(30144K)->29971K(30144K) Class: 0K(0K)->0K(0K)
[5393.349s][info][gc             ] GC(608) Pause Young (Normal) (G1 Evacuation Pause) 8051M->2344M(10240M) 162.400ms
[5393.349s][info][gc,cpu         ] GC(608) User=1.27s Sys=0.00s Real=0.16s
......[5398.395s][info][gc,start       ] GC(609) Pause Young (Normal) (G1 Evacuation Pause)
[5398.395s][info][gc,task        ] GC(609) Using 8 workers of 8 for evacuation
[5398.561s][info][gc,phases      ] GC(609)   Pre Evacuate Collection Set: 0.29ms
[5398.561s][info][gc,phases      ] GC(609)   Merge Heap Roots: 0.58ms
[5398.561s][info][gc,phases      ] GC(609)   Evacuate Collection Set: 163.51ms
[5398.561s][info][gc,phases      ] GC(609)   Post Evacuate Collection Set: 1.29ms
[5398.561s][info][gc,phases      ] GC(609)   Other: 0.07ms
[5398.561s][info][gc,heap        ] GC(609) Eden regions: 716->0(716)
[5398.561s][info][gc,heap        ] GC(609) Survivor regions: 52->52(96)
[5398.561s][info][gc,heap        ] GC(609) Old regions: 212->214
[5398.561s][info][gc,heap        ] GC(609) Humongous regions: 33->33
[5398.561s][info][gc,metaspace   ] GC(609) Metaspace: 29971K(30144K)->29971K(30144K) NonClass: 29971K(30144K)->29971K(30144K) Class: 0K(0K)->0K(0K)
[5398.561s][info][gc             ] GC(609) Pause Young (Normal) (G1 Evacuation Pause) 8072M->2368M(10240M) 165.873ms
[5398.561s][info][gc,cpu         ] GC(609) User=1.31s Sys=0.00s Real=0.17s
.....[5403.464s][info][gc,start       ] GC(610) Pause Young (Normal) (G1 Evacuation Pause)
[5403.464s][info][gc,task        ] GC(610) Using 8 workers of 8 for evacuation
[5403.635s][info][gc,phases      ] GC(610)   Pre Evacuate Collection Set: 0.29ms
[5403.635s][info][gc,phases      ] GC(610)   Merge Heap Roots: 0.56ms
[5403.635s][info][gc,phases      ] GC(610)   Evacuate Collection Set: 168.65ms
[5403.635s][info][gc,phases      ] GC(610)   Post Evacuate Collection Set: 1.28ms
[5403.635s][info][gc,phases      ] GC(610)   Other: 0.06ms
[5403.635s][info][gc,heap        ] GC(610) Eden regions: 716->0(715)
[5403.635s][info][gc,heap        ] GC(610) Survivor regions: 52->53(96)
[5403.635s][info][gc,heap        ] GC(610) Old regions: 214->217
[5403.635s][info][gc,heap        ] GC(610) Humongous regions: 33->33
[5403.635s][info][gc,metaspace   ] GC(610) Metaspace: 29971K(30144K)->29971K(30144K) NonClass: 29971K(30144K)->29971K(30144K) Class: 0K(0K)->0K(0K)
[5403.635s][info][gc             ] GC(610) Pause Young (Normal) (G1 Evacuation Pause) 8096M->2396M(10240M) 171.002ms
[5403.635s][info][gc,cpu         ] GC(610) User=1.34s Sys=0.00s Real=0.17s
.....[5408.724s][info][gc,start       ] GC(611) Pause Young (Normal) (G1 Evacuation Pause)
[5408.724s][info][gc,task        ] GC(611) Using 8 workers of 8 for evacuation
[5408.893s][info][gc,phases      ] GC(611)   Pre Evacuate Collection Set: 0.32ms
[5408.893s][info][gc,phases      ] GC(611)   Merge Heap Roots: 0.66ms
[5408.893s][info][gc,phases      ] GC(611)   Evacuate Collection Set: 166.12ms
[5408.893s][info][gc,phases      ] GC(611)   Post Evacuate Collection Set: 1.33ms
[5408.893s][info][gc,phases      ] GC(611)   Other: 0.07ms
[5408.893s][info][gc,heap        ] GC(611) Eden regions: 715->0(715)
[5408.893s][info][gc,heap        ] GC(611) Survivor regions: 53->53(96)
[5408.893s][info][gc,heap        ] GC(611) Old regions: 217->219
[5408.893s][info][gc,heap        ] GC(611) Humongous regions: 33->33
[5408.893s][info][gc,metaspace   ] GC(611) Metaspace: 29971K(30144K)->29971K(30144K) NonClass: 29971K(30144K)->29971K(30144K) Class: 0K(0K)->0K(0K)
[5408.893s][info][gc             ] GC(611) Pause Young (Normal) (G1 Evacuation Pause) 8116M->2414M(10240M) 168.651ms
[5408.893s][info][gc,cpu         ] GC(611) User=1.32s Sys=0.00s Real=0.17s
.....[5413.894s][info][gc,start       ] GC(612) Pause Young (Normal) (G1 Evacuation Pause)
[5413.894s][info][gc,task        ] GC(612) Using 8 workers of 8 for evacuation
[5414.059s][info][gc,phases      ] GC(612)   Pre Evacuate Collection Set: 0.28ms
[5414.059s][info][gc,phases      ] GC(612)   Merge Heap Roots: 0.57ms
[5414.059s][info][gc,phases      ] GC(612)   Evacuate Collection Set: 162.70ms
[5414.059s][info][gc,phases      ] GC(612)   Post Evacuate Collection Set: 1.31ms
[5414.059s][info][gc,phases      ] GC(612)   Other: 0.07ms
[5414.059s][info][gc,heap        ] GC(612) Eden regions: 715->0(716)
[5414.059s][info][gc,heap        ] GC(612) Survivor regions: 53->52(96)
[5414.059s][info][gc,heap        ] GC(612) Old regions: 219->222
[5414.059s][info][gc,heap        ] GC(612) Humongous regions: 33->33
[5414.059s][info][gc,metaspace   ] GC(612) Metaspace: 29971K(30144K)->29971K(30144K) NonClass: 29971K(30144K)->29971K(30144K) Class: 0K(0K)->0K(0K)
[5414.059s][info][gc             ] GC(612) Pause Young (Normal) (G1 Evacuation Pause) 8134M->2431M(10240M) 165.090ms
[5414.059s][info][gc,cpu         ] GC(612) User=1.30s Sys=0.00s Real=0.17s
.....[5419.087s][info][gc,start       ] GC(613) Pause Young (Normal) (G1 Evacuation Pause)
[5419.087s][info][gc,task        ] GC(613) Using 8 workers of 8 for evacuation
[5419.251s][info][gc,phases      ] GC(613)   Pre Evacuate Collection Set: 0.32ms
[5419.251s][info][gc,phases      ] GC(613)   Merge Heap Roots: 0.57ms
[5419.251s][info][gc,phases      ] GC(613)   Evacuate Collection Set: 162.45ms
[5419.251s][info][gc,phases      ] GC(613)   Post Evacuate Collection Set: 1.31ms
[5419.251s][info][gc,phases      ] GC(613)   Other: 0.08ms
[5419.251s][info][gc,heap        ] GC(613) Eden regions: 716->0(716)
[5419.251s][info][gc,heap        ] GC(613) Survivor regions: 52->52(96)
[5419.251s][info][gc,heap        ] GC(613) Old regions: 222->224
[5419.251s][info][gc,heap        ] GC(613) Humongous regions: 33->33
[5419.251s][info][gc,metaspace   ] GC(613) Metaspace: 29971K(30144K)->29971K(30144K) NonClass: 29971K(30144K)->29971K(30144K) Class: 0K(0K)->0K(0K)
[5419.251s][info][gc             ] GC(613) Pause Young (Normal) (G1 Evacuation Pause) 8159M->2447M(10240M) 164.866ms
[5419.251s][info][gc,cpu         ] GC(613) User=1.30s Sys=0.00s Real=0.16s
.....[5424.335s][info][gc,start       ] GC(614) Pause Young (Normal) (G1 Evacuation Pause)
[5424.335s][info][gc,task        ] GC(614) Using 8 workers of 8 for evacuation
[5424.499s][info][gc,phases      ] GC(614)   Pre Evacuate Collection Set: 0.30ms
[5424.499s][info][gc,phases      ] GC(614)   Merge Heap Roots: 0.58ms
[5424.499s][info][gc,phases      ] GC(614)   Evacuate Collection Set: 161.63ms
[5424.499s][info][gc,phases      ] GC(614)   Post Evacuate Collection Set: 1.30ms
[5424.499s][info][gc,phases      ] GC(614)   Other: 0.07ms
[5424.499s][info][gc,heap        ] GC(614) Eden regions: 716->0(717)
[5424.499s][info][gc,heap        ] GC(614) Survivor regions: 52->51(96)
[5424.499s][info][gc,heap        ] GC(614) Old regions: 224->227
[5424.499s][info][gc,heap        ] GC(614) Humongous regions: 33->33
[5424.499s][info][gc,metaspace   ] GC(614) Metaspace: 29971K(30144K)->29971K(30144K) NonClass: 29971K(30144K)->29971K(30144K) Class: 0K(0K)->0K(0K)
[5424.499s][info][gc             ] GC(614) Pause Young (Normal) (G1 Evacuation Pause) 8175M->2464M(10240M) 164.032ms
[5424.499s][info][gc,cpu         ] GC(614) User=1.29s Sys=0.00s Real=0.17s
.....[5429.499s][info][gc,start       ] GC(615) Pause Young (Normal) (G1 Evacuation Pause)
[5429.499s][info][gc,task        ] GC(615) Using 8 workers of 8 for evacuation
[5429.669s][info][gc,phases      ] GC(615)   Pre Evacuate Collection Set: 0.28ms
[5429.669s][info][gc,phases      ] GC(615)   Merge Heap Roots: 0.59ms
[5429.669s][info][gc,phases      ] GC(615)   Evacuate Collection Set: 168.05ms
[5429.669s][info][gc,phases      ] GC(615)   Post Evacuate Collection Set: 1.32ms
[5429.669s][info][gc,phases      ] GC(615)   Other: 0.07ms
[5429.669s][info][gc,heap        ] GC(615) Eden regions: 717->0(715)
[5429.669s][info][gc,heap        ] GC(615) Survivor regions: 51->53(96)
[5429.669s][info][gc,heap        ] GC(615) Old regions: 227->230
[5429.669s][info][gc,heap        ] GC(615) Humongous regions: 33->33
[5429.669s][info][gc,metaspace   ] GC(615) Metaspace: 29971K(30144K)->29971K(30144K) NonClass: 29971K(30144K)->29971K(30144K) Class: 0K(0K)->0K(0K)
[5429.669s][info][gc             ] GC(615) Pause Young (Normal) (G1 Evacuation Pause) 8200M->2501M(10240M) 170.463ms
[5429.669s][info][gc,cpu         ] GC(615) User=1.34s Sys=0.00s Real=0.17s
......[5434.791s][info][gc,start       ] GC(616) Pause Young (Normal) (G1 Evacuation Pause)
[5434.791s][info][gc,task        ] GC(616) Using 8 workers of 8 for evacuation
[5434.960s][info][gc,phases      ] GC(616)   Pre Evacuate Collection Set: 0.33ms
[5434.960s][info][gc,phases      ] GC(616)   Merge Heap Roots: 0.57ms
[5434.960s][info][gc,phases      ] GC(616)   Evacuate Collection Set: 166.82ms
[5434.960s][info][gc,phases      ] GC(616)   Post Evacuate Collection Set: 1.31ms
[5434.960s][info][gc,phases      ] GC(616)   Other: 0.06ms
[5434.960s][info][gc,heap        ] GC(616) Eden regions: 715->0(715)
[5434.960s][info][gc,heap        ] GC(616) Survivor regions: 53->53(96)
[5434.960s][info][gc,heap        ] GC(616) Old regions: 230->232
[5434.960s][info][gc,heap        ] GC(616) Humongous regions: 33->33
[5434.960s][info][gc,metaspace   ] GC(616) Metaspace: 29971K(30144K)->29971K(30144K) NonClass: 29971K(30144K)->29971K(30144K) Class: 0K(0K)->0K(0K)
[5434.961s][info][gc             ] GC(616) Pause Young (Normal) (G1 Evacuation Pause) 8221M->2523M(10240M) 169.251ms
[5434.961s][info][gc,cpu         ] GC(616) User=1.33s Sys=0.00s Real=0.17s
.....[5439.986s][info][gc,start       ] GC(617) Pause Young (Normal) (G1 Evacuation Pause)
[5439.986s][info][gc,task        ] GC(617) Using 8 workers of 8 for evacuation
[5440.148s][info][gc,phases      ] GC(617)   Pre Evacuate Collection Set: 0.31ms
[5440.148s][info][gc,phases      ] GC(617)   Merge Heap Roots: 0.59ms
[5440.148s][info][gc,phases      ] GC(617)   Evacuate Collection Set: 159.99ms
[5440.148s][info][gc,phases      ] GC(617)   Post Evacuate Collection Set: 1.29ms
[5440.148s][info][gc,phases      ] GC(617)   Other: 0.06ms
[5440.148s][info][gc,heap        ] GC(617) Eden regions: 715->0(717)
[5440.148s][info][gc,heap        ] GC(617) Survivor regions: 53->51(96)
[5440.148s][info][gc,heap        ] GC(617) Old regions: 232->235
[5440.148s][info][gc,heap        ] GC(617) Humongous regions: 33->33
[5440.148s][info][gc,metaspace   ] GC(617) Metaspace: 29971K(30144K)->29971K(30144K) NonClass: 29971K(30144K)->29971K(30144K) Class: 0K(0K)->0K(0K)
[5440.148s][info][gc             ] GC(617) Pause Young (Normal) (G1 Evacuation Pause) 8243M->2523M(10240M) 162.387ms
[5440.148s][info][gc,cpu         ] GC(617) User=1.28s Sys=0.00s Real=0.16s
.....[5445.213s][info][gc,start       ] GC(618) Pause Young (Normal) (G1 Evacuation Pause)
[5445.213s][info][gc,task        ] GC(618) Using 8 workers of 8 for evacuation
[5445.378s][info][gc,phases      ] GC(618)   Pre Evacuate Collection Set: 0.31ms
[5445.378s][info][gc,phases      ] GC(618)   Merge Heap Roots: 0.59ms
[5445.378s][info][gc,phases      ] GC(618)   Evacuate Collection Set: 162.63ms
[5445.378s][info][gc,phases      ] GC(618)   Post Evacuate Collection Set: 1.29ms
[5445.378s][info][gc,phases      ] GC(618)   Other: 0.06ms
[5445.378s][info][gc,heap        ] GC(618) Eden regions: 717->0(716)
[5445.378s][info][gc,heap        ] GC(618) Survivor regions: 51->52(96)
[5445.378s][info][gc,heap        ] GC(618) Old regions: 235->237
[5445.378s][info][gc,heap        ] GC(618) Humongous regions: 33->33
[5445.378s][info][gc,metaspace   ] GC(618) Metaspace: 29971K(30144K)->29971K(30144K) NonClass: 29971K(30144K)->29971K(30144K) Class: 0K(0K)->0K(0K)
[5445.378s][info][gc             ] GC(618) Pause Young (Normal) (G1 Evacuation Pause) 8259M->2555M(10240M) 165.045ms
[5445.378s][info][gc,cpu         ] GC(618) User=1.30s Sys=0.00s Real=0.17s
.....[5450.479s][info][gc,start       ] GC(619) Pause Young (Normal) (G1 Evacuation Pause)
[5450.479s][info][gc,task        ] GC(619) Using 8 workers of 8 for evacuation
[5450.645s][info][gc,phases      ] GC(619)   Pre Evacuate Collection Set: 0.29ms
[5450.645s][info][gc,phases      ] GC(619)   Merge Heap Roots: 0.66ms
[5450.645s][info][gc,phases      ] GC(619)   Evacuate Collection Set: 163.92ms
[5450.645s][info][gc,phases      ] GC(619)   Post Evacuate Collection Set: 1.28ms
[5450.645s][info][gc,phases      ] GC(619)   Other: 0.07ms
[5450.645s][info][gc,heap        ] GC(619) Eden regions: 716->0(716)
[5450.645s][info][gc,heap        ] GC(619) Survivor regions: 52->52(96)
[5450.645s][info][gc,heap        ] GC(619) Old regions: 237->240
[5450.645s][info][gc,heap        ] GC(619) Humongous regions: 33->33
[5450.645s][info][gc,metaspace   ] GC(619) Metaspace: 29971K(30144K)->29971K(30144K) NonClass: 29971K(30144K)->29971K(30144K) Class: 0K(0K)->0K(0K)
[5450.645s][info][gc             ] GC(619) Pause Young (Normal) (G1 Evacuation Pause) 8283M->2577M(10240M) 166.372ms
[5450.645s][info][gc,cpu         ] GC(619) User=1.30s Sys=0.01s Real=0.16s
... (rIR:aIR:PR = 9271:9189:9189) (tPR = 136667) [OK] 
  5452s: Performance info:
         Transaction,    Success,    Partial,     Failed,   Receipts, AvgBarcode, 
             Overall,     554656,          0,          0,     526508,      59.48, 
         Response times:
             Request,    Success,    Partial,     Failed,   SkipFail,     Probes,    Samples,      min,      p50,      p90,      p95,      p99,      max, 
       TotalPurchase,     526508,          0,          0,          0,     360092,     545444,      300,     6100,    16900,    46000,   101000,   522000,
     InStorePurchase,     275257,          0,          0,          0,     189561,     286276,      300,     6000,    16700,    45000,    99000,   522000,
      OnlinePurchase,     195156,          0,          0,          0,     132602,     201060,      300,     6100,    17100,    46000,   105000,   509000,
        InstPurchase,      56095,          0,          0,          0,      37929,      58108,      400,     6400,    17400,    45000,    98000,   522000,
          AssocOfCat,        560,          0,          0,          0,        471,        861,    31000,    51000,    72000,    94000,   161720,   524000,
      AssocOfProduct,       5663,          0,          0,          0,       4075,       6494,      500,     6100,    17400,    45000,   105100,   507000,
      BusinessReport,       1401,          0,          0,          0,       1241,       2057,    28000,    54000,    83200,   123100,   220420,   394000,
          CustBuyBeh,       5586,          0,          0,          0,       4048,       6557,      200,     6300,    17600,    60000,   113000,   241000,
       ProductReturn,      14938,          0,          0,          0,       9501,      14788,      200,     5800,    16300,    44000,   108000,   436000,

  5452s: (68%)   IR =   9409 ..[5455.609s][info][gc,start       ] GC(620) Pause Young (Normal) (G1 Evacuation Pause)
[5455.609s][info][gc,task        ] GC(620) Using 8 workers of 8 for evacuation
[5455.774s][info][gc,phases      ] GC(620)   Pre Evacuate Collection Set: 0.31ms
[5455.774s][info][gc,phases      ] GC(620)   Merge Heap Roots: 0.59ms
[5455.774s][info][gc,phases      ] GC(620)   Evacuate Collection Set: 162.83ms
[5455.774s][info][gc,phases      ] GC(620)   Post Evacuate Collection Set: 1.27ms
[5455.774s][info][gc,phases      ] GC(620)   Other: 0.06ms
[5455.774s][info][gc,heap        ] GC(620) Eden regions: 716->0(717)
[5455.774s][info][gc,heap        ] GC(620) Survivor regions: 52->51(96)
[5455.774s][info][gc,heap        ] GC(620) Old regions: 240->243
[5455.774s][info][gc,heap        ] GC(620) Humongous regions: 33->33
[5455.774s][info][gc,metaspace   ] GC(620) Metaspace: 29971K(30144K)->29971K(30144K) NonClass: 29971K(30144K)->29971K(30144K) Class: 0K(0K)->0K(0K)
[5455.774s][info][gc             ] GC(620) Pause Young (Normal) (G1 Evacuation Pause) 8305M->2589M(10240M) 165.211ms
[5455.774s][info][gc,cpu         ] GC(620) User=1.30s Sys=0.00s Real=0.16s
.....[5460.692s][info][gc,start       ] GC(621) Pause Young (Normal) (G1 Evacuation Pause)
[5460.692s][info][gc,task        ] GC(621) Using 8 workers of 8 for evacuation
[5460.864s][info][gc,phases      ] GC(621)   Pre Evacuate Collection Set: 0.30ms
[5460.864s][info][gc,phases      ] GC(621)   Merge Heap Roots: 0.58ms
[5460.864s][info][gc,phases      ] GC(621)   Evacuate Collection Set: 170.22ms
[5460.864s][info][gc,phases      ] GC(621)   Post Evacuate Collection Set: 1.29ms
[5460.864s][info][gc,phases      ] GC(621)   Other: 0.06ms
[5460.864s][info][gc,heap        ] GC(621) Eden regions: 717->0(715)
[5460.864s][info][gc,heap        ] GC(621) Survivor regions: 51->53(96)
[5460.864s][info][gc,heap        ] GC(621) Old regions: 243->245
[5460.864s][info][gc,heap        ] GC(621) Humongous regions: 33->33
[5460.864s][info][gc,metaspace   ] GC(621) Metaspace: 29971K(30144K)->29971K(30144K) NonClass: 29971K(30144K)->29971K(30144K) Class: 0K(0K)->0K(0K)
[5460.864s][info][gc             ] GC(621) Pause Young (Normal) (G1 Evacuation Pause) 8325M->2626M(10240M) 172.585ms
[5460.864s][info][gc,cpu         ] GC(621) User=1.35s Sys=0.00s Real=0.17s
.....[5465.767s][info][gc,start       ] GC(622) Pause Young (Normal) (G1 Evacuation Pause)
[5465.767s][info][gc,task        ] GC(622) Using 8 workers of 8 for evacuation
[5465.938s][info][gc,phases      ] GC(622)   Pre Evacuate Collection Set: 0.32ms
[5465.938s][info][gc,phases      ] GC(622)   Merge Heap Roots: 0.70ms
[5465.938s][info][gc,phases      ] GC(622)   Evacuate Collection Set: 168.32ms
[5465.938s][info][gc,phases      ] GC(622)   Post Evacuate Collection Set: 1.41ms
[5465.938s][info][gc,phases      ] GC(622)   Other: 0.07ms
[5465.938s][info][gc,heap        ] GC(622) Eden regions: 715->0(714)
[5465.938s][info][gc,heap        ] GC(622) Survivor regions: 53->54(96)
[5465.938s][info][gc,heap        ] GC(622) Old regions: 245->248
[5465.938s][info][gc,heap        ] GC(622) Humongous regions: 33->33
[5465.938s][info][gc,metaspace   ] GC(622) Metaspace: 29971K(30144K)->29971K(30144K) NonClass: 29971K(30144K)->29971K(30144K) Class: 0K(0K)->0K(0K)
[5465.938s][info][gc             ] GC(622) Pause Young (Normal) (G1 Evacuation Pause) 8346M->2651M(10240M) 170.967ms
[5465.938s][info][gc,cpu         ] GC(622) User=1.34s Sys=0.00s Real=0.17s
.....[5470.782s][info][gc,start       ] GC(623) Pause Young (Normal) (G1 Evacuation Pause)
[5470.782s][info][gc,task        ] GC(623) Using 8 workers of 8 for evacuation
[5470.952s][info][gc,phases      ] GC(623)   Pre Evacuate Collection Set: 0.30ms
[5470.952s][info][gc,phases      ] GC(623)   Merge Heap Roots: 0.58ms
[5470.952s][info][gc,phases      ] GC(623)   Evacuate Collection Set: 167.38ms
[5470.952s][info][gc,phases      ] GC(623)   Post Evacuate Collection Set: 1.31ms
[5470.952s][info][gc,phases      ] GC(623)   Other: 0.08ms
[5470.952s][info][gc,heap        ] GC(623) Eden regions: 714->0(715)
[5470.952s][info][gc,heap        ] GC(623) Survivor regions: 54->53(96)
[5470.952s][info][gc,heap        ] GC(623) Old regions: 248->250
[5470.952s][info][gc,heap        ] GC(623) Humongous regions: 33->33
[5470.952s][info][gc,metaspace   ] GC(623) Metaspace: 29971K(30144K)->29971K(30144K) NonClass: 29971K(30144K)->29971K(30144K) Class: 0K(0K)->0K(0K)
[5470.952s][info][gc             ] GC(623) Pause Young (Normal) (G1 Evacuation Pause) 8363M->2667M(10240M) 169.793ms
[5470.952s][info][gc,cpu         ] GC(623) User=1.34s Sys=0.00s Real=0.17s
.....[5475.677s][info][gc,start       ] GC(624) Pause Young (Normal) (G1 Evacuation Pause)
[5475.677s][info][gc,task        ] GC(624) Using 8 workers of 8 for evacuation
[5475.847s][info][gc,phases      ] GC(624)   Pre Evacuate Collection Set: 0.32ms
[5475.847s][info][gc,phases      ] GC(624)   Merge Heap Roots: 0.58ms
[5475.847s][info][gc,phases      ] GC(624)   Evacuate Collection Set: 168.20ms
[5475.847s][info][gc,phases      ] GC(624)   Post Evacuate Collection Set: 1.33ms
[5475.847s][info][gc,phases      ] GC(624)   Other: 0.06ms
[5475.847s][info][gc,heap        ] GC(624) Eden regions: 715->0(714)
[5475.847s][info][gc,heap        ] GC(624) Survivor regions: 53->54(96)
[5475.847s][info][gc,heap        ] GC(624) Old regions: 250->253
[5475.847s][info][gc,heap        ] GC(624) Humongous regions: 33->33
[5475.847s][info][gc,metaspace   ] GC(624) Metaspace: 29971K(30144K)->29971K(30144K) NonClass: 29971K(30144K)->29971K(30144K) Class: 0K(0K)->0K(0K)
[5475.847s][info][gc             ] GC(624) Pause Young (Normal) (G1 Evacuation Pause) 8387M->2697M(10240M) 170.650ms
[5475.847s][info][gc,cpu         ] GC(624) User=1.35s Sys=0.00s Real=0.17s
.....[5480.733s][info][gc,start       ] GC(625) Pause Young (Normal) (G1 Evacuation Pause)
[5480.733s][info][gc,task        ] GC(625) Using 8 workers of 8 for evacuation
[5480.905s][info][gc,phases      ] GC(625)   Pre Evacuate Collection Set: 0.29ms
[5480.905s][info][gc,phases      ] GC(625)   Merge Heap Roots: 0.65ms
[5480.905s][info][gc,phases      ] GC(625)   Evacuate Collection Set: 169.31ms
[5480.905s][info][gc,phases      ] GC(625)   Post Evacuate Collection Set: 1.29ms
[5480.905s][info][gc,phases      ] GC(625)   Other: 0.07ms
[5480.905s][info][gc,heap        ] GC(625) Eden regions: 714->0(714)
[5480.905s][info][gc,heap        ] GC(625) Survivor regions: 54->54(96)
[5480.905s][info][gc,heap        ] GC(625) Old regions: 253->256
[5480.905s][info][gc,heap        ] GC(625) Humongous regions: 33->33
[5480.905s][info][gc,metaspace   ] GC(625) Metaspace: 29971K(30144K)->29971K(30144K) NonClass: 29971K(30144K)->29971K(30144K) Class: 0K(0K)->0K(0K)
[5480.905s][info][gc             ] GC(625) Pause Young (Normal) (G1 Evacuation Pause) 8409M->2713M(10240M) 171.759ms
[5480.905s][info][gc,cpu         ] GC(625) User=1.35s Sys=0.00s Real=0.17s
... (rIR:aIR:PR = 9409:9631:9628) (tPR = 141375) [IR is over limit] [PR is over limit] 
  5482s: Performance info:
         Transaction,    Success,    Partial,     Failed,   Receipts, AvgBarcode, 
             Overall,     193513,          0,          0,     183964,      59.47, 
         Response times:
             Request,    Success,    Partial,     Failed,   SkipFail,     Probes,    Samples,      min,      p50,      p90,      p95,      p99,      max, 
       TotalPurchase,     184015,          0,          0,          0,     118543,     178175,      400,     6500,    21000,    49000,    88000,   535000,
     InStorePurchase,      97867,          0,          0,          0,      62440,      93662,      400,     6400,    20000,    46000,    85000,   535000,
      OnlinePurchase,      66813,          0,          0,          0,      43812,      65851,      400,     6700,    22000,    53000,    88000,   535000,
        InstPurchase,      19335,          0,          0,          0,      12291,      18662,      500,     6400,    21000,    47000,   135000,   534000,
          AssocOfCat,        190,          0,          0,          0,        151,        277,    24000,    56000,    88200,   121000,   226540,   242000,
      AssocOfProduct,       1937,          0,          0,          0,       1410,       2186,      500,     6400,    19630,    51650,   107000,   338000,
      BusinessReport,        480,          0,          0,          0,        428,        690,    28000,    57000,    93900,   122000,   234000,   380000,
          CustBuyBeh,       1871,          0,          0,          0,       1387,       2178,      200,     6500,    18000,    37000,    95210,   338000,
       ProductReturn,       5083,          0,          0,          0,       3258,       5050,      300,     6500,    18600,    42000,    83000,   534000,

  5482s: 
  5482s: Failed, 9 overall retries left, retrying 1 of 1
  5482s: (68%)   IR =   9409 ..[5485.775s][info][gc,start       ] GC(626) Pause Young (Normal) (G1 Evacuation Pause)
[5485.775s][info][gc,task        ] GC(626) Using 8 workers of 8 for evacuation
[5485.943s][info][gc,phases      ] GC(626)   Pre Evacuate Collection Set: 0.28ms
[5485.943s][info][gc,phases      ] GC(626)   Merge Heap Roots: 0.57ms
[5485.943s][info][gc,phases      ] GC(626)   Evacuate Collection Set: 166.02ms
[5485.943s][info][gc,phases      ] GC(626)   Post Evacuate Collection Set: 1.35ms
[5485.943s][info][gc,phases      ] GC(626)   Other: 0.07ms
[5485.943s][info][gc,heap        ] GC(626) Eden regions: 714->0(715)
[5485.943s][info][gc,heap        ] GC(626) Survivor regions: 54->53(96)
[5485.943s][info][gc,heap        ] GC(626) Old regions: 256->258
[5485.943s][info][gc,heap        ] GC(626) Humongous regions: 33->33
[5485.943s][info][gc,metaspace   ] GC(626) Metaspace: 29971K(30144K)->29971K(30144K) NonClass: 29971K(30144K)->29971K(30144K) Class: 0K(0K)->0K(0K)
[5485.943s][info][gc             ] GC(626) Pause Young (Normal) (G1 Evacuation Pause) 8425M->2730M(10240M) 168.422ms
[5485.943s][info][gc,cpu         ] GC(626) User=1.32s Sys=0.00s Real=0.17s
.....[5490.889s][info][gc,start       ] GC(627) Pause Young (Normal) (G1 Evacuation Pause)
[5490.889s][info][gc,task        ] GC(627) Using 8 workers of 8 for evacuation
[5491.051s][info][gc,phases      ] GC(627)   Pre Evacuate Collection Set: 0.31ms
[5491.051s][info][gc,phases      ] GC(627)   Merge Heap Roots: 0.58ms
[5491.051s][info][gc,phases      ] GC(627)   Evacuate Collection Set: 159.50ms
[5491.051s][info][gc,phases      ] GC(627)   Post Evacuate Collection Set: 1.32ms
[5491.051s][info][gc,phases      ] GC(627)   Other: 0.06ms
[5491.051s][info][gc,heap        ] GC(627) Eden regions: 715->0(717)
[5491.051s][info][gc,heap        ] GC(627) Survivor regions: 53->51(96)
[5491.051s][info][gc,heap        ] GC(627) Old regions: 258->261
[5491.051s][info][gc,heap        ] GC(627) Humongous regions: 33->33
[5491.051s][info][gc,metaspace   ] GC(627) Metaspace: 29971K(30144K)->29971K(30144K) NonClass: 29971K(30144K)->29971K(30144K) Class: 0K(0K)->0K(0K)
[5491.051s][info][gc             ] GC(627) Pause Young (Normal) (G1 Evacuation Pause) 8450M->2732M(10240M) 161.924ms
[5491.051s][info][gc,cpu         ] GC(627) User=1.27s Sys=0.00s Real=0.16s
.....[5496.054s][info][gc,start       ] GC(628) Pause Young (Normal) (G1 Evacuation Pause)
[5496.054s][info][gc,task        ] GC(628) Using 8 workers of 8 for evacuation
[5496.217s][info][gc,phases      ] GC(628)   Pre Evacuate Collection Set: 0.30ms
[5496.217s][info][gc,phases      ] GC(628)   Merge Heap Roots: 0.58ms
[5496.217s][info][gc,phases      ] GC(628)   Evacuate Collection Set: 161.51ms
[5496.217s][info][gc,phases      ] GC(628)   Post Evacuate Collection Set: 1.29ms
[5496.217s][info][gc,phases      ] GC(628)   Other: 0.06ms
[5496.217s][info][gc,heap        ] GC(628) Eden regions: 717->0(716)
[5496.217s][info][gc,heap        ] GC(628) Survivor regions: 51->52(96)
[5496.217s][info][gc,heap        ] GC(628) Old regions: 261->264
[5496.217s][info][gc,heap        ] GC(628) Humongous regions: 33->33
[5496.217s][info][gc,metaspace   ] GC(628) Metaspace: 29971K(30144K)->29971K(30144K) NonClass: 29971K(30144K)->29971K(30144K) Class: 0K(0K)->0K(0K)
[5496.217s][info][gc             ] GC(628) Pause Young (Normal) (G1 Evacuation Pause) 8468M->2761M(10240M) 163.893ms
[5496.217s][info][gc,cpu         ] GC(628) User=1.29s Sys=0.00s Real=0.17s
.....|[5501.164s][info][gc,start       ] GC(629) Pause Young (Normal) (G1 Evacuation Pause)
[5501.164s][info][gc,task        ] GC(629) Using 8 workers of 8 for evacuation
[5501.335s][info][gc,phases      ] GC(629)   Pre Evacuate Collection Set: 0.29ms
[5501.335s][info][gc,phases      ] GC(629)   Merge Heap Roots: 0.57ms
[5501.335s][info][gc,phases      ] GC(629)   Evacuate Collection Set: 168.99ms
[5501.335s][info][gc,phases      ] GC(629)   Post Evacuate Collection Set: 1.31ms
[5501.335s][info][gc,phases      ] GC(629)   Other: 0.08ms
[5501.335s][info][gc,heap        ] GC(629) Eden regions: 716->0(715)
[5501.335s][info][gc,heap        ] GC(629) Survivor regions: 52->53(96)
[5501.335s][info][gc,heap        ] GC(629) Old regions: 264->266
[5501.335s][info][gc,heap        ] GC(629) Humongous regions: 33->33
[5501.335s][info][gc,metaspace   ] GC(629) Metaspace: 29971K(30144K)->29971K(30144K) NonClass: 29971K(30144K)->29971K(30144K) Class: 0K(0K)->0K(0K)
[5501.335s][info][gc             ] GC(629) Pause Young (Normal) (G1 Evacuation Pause) 8489M->2794M(10240M) 171.387ms
[5501.335s][info][gc,cpu         ] GC(629) User=1.35s Sys=0.00s Real=0.17s
.....[5506.319s][info][gc,start       ] GC(630) Pause Young (Normal) (G1 Evacuation Pause)
[5506.319s][info][gc,task        ] GC(630) Using 8 workers of 8 for evacuation
[5506.486s][info][gc,phases      ] GC(630)   Pre Evacuate Collection Set: 0.28ms
[5506.486s][info][gc,phases      ] GC(630)   Merge Heap Roots: 0.66ms
[5506.486s][info][gc,phases      ] GC(630)   Evacuate Collection Set: 164.88ms
[5506.486s][info][gc,phases      ] GC(630)   Post Evacuate Collection Set: 1.31ms
[5506.486s][info][gc,phases      ] GC(630)   Other: 0.07ms
[5506.486s][info][gc,heap        ] GC(630) Eden regions: 715->0(716)
[5506.486s][info][gc,heap        ] GC(630) Survivor regions: 53->52(96)
[5506.486s][info][gc,heap        ] GC(630) Old regions: 266->269
[5506.486s][info][gc,heap        ] GC(630) Humongous regions: 33->33
[5506.486s][info][gc,metaspace   ] GC(630) Metaspace: 29971K(30144K)->29971K(30144K) NonClass: 29971K(30144K)->29971K(30144K) Class: 0K(0K)->0K(0K)
[5506.486s][info][gc             ] GC(630) Pause Young (Normal) (G1 Evacuation Pause) 8514M->2806M(10240M) 167.331ms
[5506.486s][info][gc,cpu         ] GC(630) User=1.31s Sys=0.00s Real=0.17s
.....[5511.387s][info][gc,start       ] GC(631) Pause Young (Normal) (G1 Evacuation Pause)
[5511.387s][info][gc,task        ] GC(631) Using 8 workers of 8 for evacuation
[5511.553s][info][gc,phases      ] GC(631)   Pre Evacuate Collection Set: 0.28ms
[5511.553s][info][gc,phases      ] GC(631)   Merge Heap Roots: 0.64ms
[5511.553s][info][gc,phases      ] GC(631)   Evacuate Collection Set: 163.68ms
[5511.553s][info][gc,phases      ] GC(631)   Post Evacuate Collection Set: 1.33ms
[5511.553s][info][gc,phases      ] GC(631)   Other: 0.07ms
[5511.553s][info][gc,heap        ] GC(631) Eden regions: 716->0(716)
[5511.553s][info][gc,heap        ] GC(631) Survivor regions: 52->52(96)
[5511.553s][info][gc,heap        ] GC(631) Old regions: 269->271
[5511.553s][info][gc,heap        ] GC(631) Humongous regions: 33->33
[5511.553s][info][gc,metaspace   ] GC(631) Metaspace: 29971K(30144K)->29971K(30144K) NonClass: 29971K(30144K)->29971K(30144K) Class: 0K(0K)->0K(0K)
[5511.553s][info][gc             ] GC(631) Pause Young (Normal) (G1 Evacuation Pause) 8534M->2823M(10240M) 166.149ms
[5511.553s][info][gc,cpu         ] GC(631) User=1.30s Sys=0.00s Real=0.16s
......[5516.645s][info][gc,start       ] GC(632) Pause Young (Normal) (G1 Evacuation Pause)
[5516.645s][info][gc,task        ] GC(632) Using 8 workers of 8 for evacuation
[5516.814s][info][gc,phases      ] GC(632)   Pre Evacuate Collection Set: 0.33ms
[5516.814s][info][gc,phases      ] GC(632)   Merge Heap Roots: 0.59ms
[5516.814s][info][gc,phases      ] GC(632)   Evacuate Collection Set: 166.88ms
[5516.814s][info][gc,phases      ] GC(632)   Post Evacuate Collection Set: 1.34ms
[5516.814s][info][gc,phases      ] GC(632)   Other: 0.07ms
[5516.814s][info][gc,heap        ] GC(632) Eden regions: 716->0(715)
[5516.814s][info][gc,heap        ] GC(632) Survivor regions: 52->53(96)
[5516.814s][info][gc,heap        ] GC(632) Old regions: 271->274
[5516.814s][info][gc,heap        ] GC(632) Humongous regions: 33->33
[5516.814s][info][gc,metaspace   ] GC(632) Metaspace: 29971K(30144K)->29971K(30144K) NonClass: 29971K(30144K)->29971K(30144K) Class: 0K(0K)->0K(0K)
[5516.814s][info][gc             ] GC(632) Pause Young (Normal) (G1 Evacuation Pause) 8551M->2856M(10240M) 169.345ms
[5516.815s][info][gc,cpu         ] GC(632) User=1.33s Sys=0.00s Real=0.17s
.....[5521.795s][info][gc,start       ] GC(633) Pause Young (Normal) (G1 Evacuation Pause)
[5521.796s][info][gc,task        ] GC(633) Using 8 workers of 8 for evacuation
[5521.962s][info][gc,phases      ] GC(633)   Pre Evacuate Collection Set: 0.28ms
[5521.962s][info][gc,phases      ] GC(633)   Merge Heap Roots: 0.58ms
[5521.962s][info][gc,phases      ] GC(633)   Evacuate Collection Set: 164.44ms
[5521.962s][info][gc,phases      ] GC(633)   Post Evacuate Collection Set: 1.29ms
[5521.962s][info][gc,phases      ] GC(633)   Other: 0.07ms
[5521.962s][info][gc,heap        ] GC(633) Eden regions: 715->0(715)
[5521.962s][info][gc,heap        ] GC(633) Survivor regions: 53->53(96)
[5521.962s][info][gc,heap        ] GC(633) Old regions: 274->277
[5521.962s][info][gc,heap        ] GC(633) Humongous regions: 33->33
[5521.962s][info][gc,metaspace   ] GC(633) Metaspace: 29971K(30144K)->29971K(30144K) NonClass: 29971K(30144K)->29971K(30144K) Class: 0K(0K)->0K(0K)
[5521.962s][info][gc             ] GC(633) Pause Young (Normal) (G1 Evacuation Pause) 8576M->2876M(10240M) 166.788ms
[5521.962s][info][gc,cpu         ] GC(633) User=1.32s Sys=0.00s Real=0.17s
.....[5526.853s][info][gc,start       ] GC(634) Pause Young (Concurrent Start) (G1 Evacuation Pause)
[5526.853s][info][gc,task        ] GC(634) Using 8 workers of 8 for evacuation
[5527.014s][info][gc,phases      ] GC(634)   Pre Evacuate Collection Set: 0.35ms
[5527.014s][info][gc,phases      ] GC(634)   Merge Heap Roots: 0.59ms
[5527.014s][info][gc,phases      ] GC(634)   Evacuate Collection Set: 158.80ms
[5527.014s][info][gc,phases      ] GC(634)   Post Evacuate Collection Set: 1.34ms
[5527.014s][info][gc,phases      ] GC(634)   Other: 0.11ms
[5527.014s][info][gc,heap        ] GC(634) Eden regions: 715->0(717)
[5527.014s][info][gc,heap        ] GC(634) Survivor regions: 53->51(96)
[5527.014s][info][gc,heap        ] GC(634) Old regions: 277->279
[5527.014s][info][gc,heap        ] GC(634) Humongous regions: 33->33
[5527.014s][info][gc,metaspace   ] GC(634) Metaspace: 29971K(30144K)->29971K(30144K) NonClass: 29971K(30144K)->29971K(30144K) Class: 0K(0K)->0K(0K)
[5527.014s][info][gc             ] GC(634) Pause Young (Concurrent Start) (G1 Evacuation Pause) 8596M->2877M(10240M) 161.315ms
[5527.014s][info][gc,cpu         ] GC(634) User=1.27s Sys=0.00s Real=0.16s
[5527.014s][info][gc             ] GC(635) Concurrent Mark Cycle
[5527.014s][info][gc,marking     ] GC(635) Concurrent Scan Root Regions
[5527.366s][info][gc,marking     ] GC(635) Concurrent Scan Root Regions 351.571ms
[5527.366s][info][gc,marking     ] GC(635) Concurrent Mark
[5527.366s][info][gc,marking     ] GC(635) Concurrent Mark From Roots
[5527.366s][info][gc,task        ] GC(635) Using 2 workers of 2 for marking
.[5528.284s][info][gc,marking     ] GC(635) Concurrent Mark From Roots 918.289ms
[5528.284s][info][gc,marking     ] GC(635) Concurrent Preclean
[5528.285s][info][gc,marking     ] GC(635) Concurrent Preclean 0.203ms
[5528.285s][info][gc,start       ] GC(635) Pause Remark
[5528.287s][info][gc             ] GC(635) Pause Remark 4257M->4001M(10240M) 2.692ms
[5528.287s][info][gc,cpu         ] GC(635) User=0.01s Sys=0.00s Real=0.01s
[5528.287s][info][gc,marking     ] GC(635) Concurrent Mark 921.489ms
[5528.287s][info][gc,marking     ] GC(635) Concurrent Rebuild Remembered Sets and Scrub Regions
.[5528.856s][info][gc,marking     ] GC(635) Concurrent Rebuild Remembered Sets and Scrub Regions 568.607ms
[5528.856s][info][gc,start       ] GC(635) Pause Cleanup
[5528.857s][info][gc             ] GC(635) Pause Cleanup 4718M->4718M(10240M) 0.288ms
[5528.857s][info][gc,cpu         ] GC(635) User=0.01s Sys=0.00s Real=0.00s
[5528.857s][info][gc,marking     ] GC(635) Concurrent Clear Claimed Marks
[5528.857s][info][gc,marking     ] GC(635) Concurrent Clear Claimed Marks 0.058ms
[5528.857s][info][gc,marking     ] GC(635) Concurrent Cleanup for Next Mark
[5528.870s][info][gc,marking     ] GC(635) Concurrent Cleanup for Next Mark 13.352ms
[5528.870s][info][gc             ] GC(635) Concurrent Mark Cycle 1855.813ms
...[5532.093s][info][gc,start       ] GC(636) Pause Young (Prepare Mixed) (G1 Evacuation Pause)
[5532.093s][info][gc,task        ] GC(636) Using 8 workers of 8 for evacuation
[5532.257s][info][gc,phases      ] GC(636)   Pre Evacuate Collection Set: 0.29ms
[5532.257s][info][gc,phases      ] GC(636)   Merge Heap Roots: 0.86ms
[5532.257s][info][gc,phases      ] GC(636)   Evacuate Collection Set: 161.34ms
[5532.257s][info][gc,phases      ] GC(636)   Post Evacuate Collection Set: 1.41ms
[5532.257s][info][gc,phases      ] GC(636)   Other: 0.07ms
[5532.257s][info][gc,heap        ] GC(636) Eden regions: 717->0(716)
[5532.257s][info][gc,heap        ] GC(636) Survivor regions: 51->52(96)
[5532.257s][info][gc,heap        ] GC(636) Old regions: 247->250
[5532.257s][info][gc,heap        ] GC(636) Humongous regions: 33->33
[5532.257s][info][gc,metaspace   ] GC(636) Metaspace: 29971K(30144K)->29971K(30144K) NonClass: 29971K(30144K)->29971K(30144K) Class: 0K(0K)->0K(0K)
[5532.257s][info][gc             ] GC(636) Pause Young (Prepare Mixed) (G1 Evacuation Pause) 8357M->2651M(10240M) 164.148ms
[5532.257s][info][gc,cpu         ] GC(636) User=1.29s Sys=0.00s Real=0.17s
.....[5537.313s][info][gc,start       ] GC(637) Pause Young (Mixed) (G1 Evacuation Pause)
[5537.313s][info][gc,task        ] GC(637) Using 8 workers of 8 for evacuation
[5537.483s][info][gc,phases      ] GC(637)   Pre Evacuate Collection Set: 0.36ms
[5537.483s][info][gc,phases      ] GC(637)   Merge Heap Roots: 0.88ms
[5537.483s][info][gc,phases      ] GC(637)   Evacuate Collection Set: 167.51ms
[5537.483s][info][gc,phases      ] GC(637)   Post Evacuate Collection Set: 1.46ms
[5537.483s][info][gc,phases      ] GC(637)   Other: 0.08ms
[5537.483s][info][gc,heap        ] GC(637) Eden regions: 716->0(716)
[5537.483s][info][gc,heap        ] GC(637) Survivor regions: 52->52(96)
[5537.483s][info][gc,heap        ] GC(637) Old regions: 250->131
[5537.483s][info][gc,heap        ] GC(637) Humongous regions: 33->33
[5537.483s][info][gc,metaspace   ] GC(637) Metaspace: 29971K(30144K)->29971K(30144K) NonClass: 29971K(30144K)->29971K(30144K) Class: 0K(0K)->0K(0K)
[5537.483s][info][gc             ] GC(637) Pause Young (Mixed) (G1 Evacuation Pause) 8379M->1700M(10240M) 170.418ms
[5537.483s][info][gc,cpu         ] GC(637) User=1.34s Sys=0.00s Real=0.17s
.....[5542.508s][info][gc,start       ] GC(638) Pause Young (Normal) (G1 Evacuation Pause)
[5542.508s][info][gc,task        ] GC(638) Using 8 workers of 8 for evacuation
[5542.677s][info][gc,phases      ] GC(638)   Pre Evacuate Collection Set: 0.29ms
[5542.677s][info][gc,phases      ] GC(638)   Merge Heap Roots: 0.56ms
[5542.677s][info][gc,phases      ] GC(638)   Evacuate Collection Set: 166.17ms
[5542.677s][info][gc,phases      ] GC(638)   Post Evacuate Collection Set: 1.28ms
[5542.677s][info][gc,phases      ] GC(638)   Other: 0.06ms
[5542.677s][info][gc,heap        ] GC(638) Eden regions: 716->0(715)
[5542.677s][info][gc,heap        ] GC(638) Survivor regions: 52->53(96)
[5542.677s][info][gc,heap        ] GC(638) Old regions: 131->133
[5542.677s][info][gc,heap        ] GC(638) Humongous regions: 33->33
[5542.677s][info][gc,metaspace   ] GC(638) Metaspace: 29971K(30144K)->29971K(30144K) NonClass: 29971K(30144K)->29971K(30144K) Class: 0K(0K)->0K(0K)
[5542.677s][info][gc             ] GC(638) Pause Young (Normal) (G1 Evacuation Pause) 7428M->1726M(10240M) 168.490ms
[5542.677s][info][gc,cpu         ] GC(638) User=1.32s Sys=0.00s Real=0.17s
.....[5547.636s][info][gc,start       ] GC(639) Pause Young (Normal) (G1 Evacuation Pause)
[5547.636s][info][gc,task        ] GC(639) Using 8 workers of 8 for evacuation
[5547.807s][info][gc,phases      ] GC(639)   Pre Evacuate Collection Set: 0.28ms
[5547.807s][info][gc,phases      ] GC(639)   Merge Heap Roots: 0.54ms
[5547.807s][info][gc,phases      ] GC(639)   Evacuate Collection Set: 168.61ms
[5547.807s][info][gc,phases      ] GC(639)   Post Evacuate Collection Set: 1.28ms
[5547.807s][info][gc,phases      ] GC(639)   Other: 0.06ms
[5547.807s][info][gc,heap        ] GC(639) Eden regions: 715->0(715)
[5547.807s][info][gc,heap        ] GC(639) Survivor regions: 53->53(96)
[5547.807s][info][gc,heap        ] GC(639) Old regions: 133->136
[5547.807s][info][gc,heap        ] GC(639) Humongous regions: 33->33
[5547.807s][info][gc,metaspace   ] GC(639) Metaspace: 29971K(30144K)->29971K(30144K) NonClass: 29971K(30144K)->29971K(30144K) Class: 0K(0K)->0K(0K)
[5547.807s][info][gc             ] GC(639) Pause Young (Normal) (G1 Evacuation Pause) 7446M->1752M(10240M) 170.930ms
[5547.807s][info][gc,cpu         ] GC(639) User=1.35s Sys=0.00s Real=0.17s
.....[5552.753s][info][gc,start       ] GC(640) Pause Young (Normal) (G1 Evacuation Pause)
[5552.753s][info][gc,task        ] GC(640) Using 8 workers of 8 for evacuation
[5552.922s][info][gc,phases      ] GC(640)   Pre Evacuate Collection Set: 0.29ms
[5552.922s][info][gc,phases      ] GC(640)   Merge Heap Roots: 0.58ms
[5552.922s][info][gc,phases      ] GC(640)   Evacuate Collection Set: 166.67ms
[5552.922s][info][gc,phases      ] GC(640)   Post Evacuate Collection Set: 1.28ms
[5552.922s][info][gc,phases      ] GC(640)   Other: 0.06ms
[5552.922s][info][gc,heap        ] GC(640) Eden regions: 715->0(714)
[5552.922s][info][gc,heap        ] GC(640) Survivor regions: 53->54(96)
[5552.922s][info][gc,heap        ] GC(640) Old regions: 136->139
[5552.922s][info][gc,heap        ] GC(640) Humongous regions: 33->33
[5552.922s][info][gc,metaspace   ] GC(640) Metaspace: 29971K(30144K)->29971K(30144K) NonClass: 29971K(30144K)->29971K(30144K) Class: 0K(0K)->0K(0K)
[5552.922s][info][gc             ] GC(640) Pause Young (Normal) (G1 Evacuation Pause) 7472M->1777M(10240M) 169.015ms
[5552.922s][info][gc,cpu         ] GC(640) User=1.33s Sys=0.00s Real=0.17s
.....[5557.733s][info][gc,start       ] GC(641) Pause Young (Normal) (G1 Evacuation Pause)
[5557.733s][info][gc,task        ] GC(641) Using 8 workers of 8 for evacuation
[5557.902s][info][gc,phases      ] GC(641)   Pre Evacuate Collection Set: 0.28ms
[5557.902s][info][gc,phases      ] GC(641)   Merge Heap Roots: 0.57ms
[5557.902s][info][gc,phases      ] GC(641)   Evacuate Collection Set: 166.47ms
[5557.902s][info][gc,phases      ] GC(641)   Post Evacuate Collection Set: 1.29ms
[5557.902s][info][gc,phases      ] GC(641)   Other: 0.06ms
[5557.902s][info][gc,heap        ] GC(641) Eden regions: 714->0(715)
[5557.902s][info][gc,heap        ] GC(641) Survivor regions: 54->53(96)
[5557.902s][info][gc,heap        ] GC(641) Old regions: 139->141
[5557.902s][info][gc,heap        ] GC(641) Humongous regions: 33->33
[5557.902s][info][gc,metaspace   ] GC(641) Metaspace: 29971K(30144K)->29971K(30144K) NonClass: 29971K(30144K)->29971K(30144K) Class: 0K(0K)->0K(0K)
[5557.902s][info][gc             ] GC(641) Pause Young (Normal) (G1 Evacuation Pause) 7489M->1795M(10240M) 168.798ms
[5557.902s][info][gc,cpu         ] GC(641) User=1.32s Sys=0.00s Real=0.17s
..... (rIR:aIR:PR = 9409:9323:9323) (tPR = 139735) [OK] 
  5561s: Performance info:
         Transaction,    Success,    Partial,     Failed,   Receipts, AvgBarcode, 
             Overall,     575226,          0,          0,     546132,      59.47, 
         Response times:
             Request,    Success,    Partial,     Failed,   SkipFail,     Probes,    Samples,      min,      p50,      p90,      p95,      p99,      max, 
       TotalPurchase,     546132,          0,          0,          0,     366846,     474507,      300,     6500,    26000,    68000,   133000,  2100000,
     InStorePurchase,     284604,          0,          0,          0,     193331,     249759,      400,     6500,    26000,    69000,   138000,  2100000,
      OnlinePurchase,     203056,          0,          0,          0,     135392,     175392,      300,     6500,    25000,    67000,   129000,  2100000,
        InstPurchase,      58472,          0,          0,          0,      38123,      49356,      400,     6300,    25000,    65000,   125000,  2100000,
          AssocOfCat,        589,          0,          0,          0,        476,        698,    29000,    52000,    95100,   157050,   222010,   266000,
      AssocOfProduct,       5837,          0,          0,          0,       4284,       5936,      800,     6700,    27000,    72000,   124630,   399000,
      BusinessReport,       1449,          0,          0,          0,       1280,       1799,    30000,    55000,   104000,   150000,   221000,   325000,
          CustBuyBeh,       5804,          0,          0,          0,       4242,       5848,      200,     6200,    23000,    66000,   124020,   330000,
       ProductReturn,      15414,          0,          0,          0,      10037,      13210,      300,     6300,    24000,    62000,   130000,  1800000,

  5561s: (69%)   IR =   9548 [5562.771s][info][gc,start       ] GC(642) Pause Young (Normal) (G1 Evacuation Pause)
[5562.771s][info][gc,task        ] GC(642) Using 8 workers of 8 for evacuation
[5562.940s][info][gc,phases      ] GC(642)   Pre Evacuate Collection Set: 0.30ms
[5562.940s][info][gc,phases      ] GC(642)   Merge Heap Roots: 0.57ms
[5562.940s][info][gc,phases      ] GC(642)   Evacuate Collection Set: 166.99ms
[5562.940s][info][gc,phases      ] GC(642)   Post Evacuate Collection Set: 1.31ms
[5562.940s][info][gc,phases      ] GC(642)   Other: 0.07ms
[5562.940s][info][gc,heap        ] GC(642) Eden regions: 715->0(715)
[5562.940s][info][gc,heap        ] GC(642) Survivor regions: 53->53(96)
[5562.940s][info][gc,heap        ] GC(642) Old regions: 141->144
[5562.940s][info][gc,heap        ] GC(642) Humongous regions: 33->33
[5562.940s][info][gc,metaspace   ] GC(642) Metaspace: 29974K(30144K)->29974K(30144K) NonClass: 29974K(30144K)->29974K(30144K) Class: 0K(0K)->0K(0K)
[5562.940s][info][gc             ] GC(642) Pause Young (Normal) (G1 Evacuation Pause) 7515M->1815M(10240M) 169.359ms
[5562.940s][info][gc,cpu         ] GC(642) User=1.33s Sys=0.00s Real=0.17s
.....[5567.954s][info][gc,start       ] GC(643) Pause Young (Normal) (G1 Evacuation Pause)
[5567.954s][info][gc,task        ] GC(643) Using 8 workers of 8 for evacuation
[5568.122s][info][gc,phases      ] GC(643)   Pre Evacuate Collection Set: 0.30ms
[5568.122s][info][gc,phases      ] GC(643)   Merge Heap Roots: 0.56ms
[5568.122s][info][gc,phases      ] GC(643)   Evacuate Collection Set: 164.94ms
[5568.122s][info][gc,phases      ] GC(643)   Post Evacuate Collection Set: 1.29ms
[5568.122s][info][gc,phases      ] GC(643)   Other: 0.07ms
[5568.122s][info][gc,heap        ] GC(643) Eden regions: 715->0(715)
[5568.122s][info][gc,heap        ] GC(643) Survivor regions: 53->53(96)
[5568.122s][info][gc,heap        ] GC(643) Old regions: 144->147
[5568.122s][info][gc,heap        ] GC(643) Humongous regions: 33->33
[5568.122s][info][gc,metaspace   ] GC(643) Metaspace: 29977K(30144K)->29977K(30144K) NonClass: 29977K(30144K)->29977K(30144K) Class: 0K(0K)->0K(0K)
[5568.122s][info][gc             ] GC(643) Pause Young (Normal) (G1 Evacuation Pause) 7535M->1836M(10240M) 167.282ms
[5568.122s][info][gc,cpu         ] GC(643) User=1.31s Sys=0.00s Real=0.17s
.....[5572.925s][info][gc,start       ] GC(644) Pause Young (Normal) (G1 Evacuation Pause)
[5572.925s][info][gc,task        ] GC(644) Using 8 workers of 8 for evacuation
[5573.092s][info][gc,phases      ] GC(644)   Pre Evacuate Collection Set: 0.28ms
[5573.092s][info][gc,phases      ] GC(644)   Merge Heap Roots: 0.58ms
[5573.092s][info][gc,phases      ] GC(644)   Evacuate Collection Set: 164.89ms
[5573.092s][info][gc,phases      ] GC(644)   Post Evacuate Collection Set: 1.30ms
[5573.092s][info][gc,phases      ] GC(644)   Other: 0.06ms
[5573.092s][info][gc,heap        ] GC(644) Eden regions: 715->0(715)
[5573.092s][info][gc,heap        ] GC(644) Survivor regions: 53->53(96)
[5573.092s][info][gc,heap        ] GC(644) Old regions: 147->149
[5573.092s][info][gc,heap        ] GC(644) Humongous regions: 33->33
[5573.092s][info][gc,metaspace   ] GC(644) Metaspace: 29977K(30144K)->29977K(30144K) NonClass: 29977K(30144K)->29977K(30144K) Class: 0K(0K)->0K(0K)
[5573.092s][info][gc             ] GC(644) Pause Young (Normal) (G1 Evacuation Pause) 7556M->1855M(10240M) 167.253ms
[5573.092s][info][gc,cpu         ] GC(644) User=1.31s Sys=0.01s Real=0.17s
....|.[5577.855s][info][gc,start       ] GC(645) Pause Young (Normal) (G1 Evacuation Pause)
[5577.855s][info][gc,task        ] GC(645) Using 8 workers of 8 for evacuation
[5578.020s][info][gc,phases      ] GC(645)   Pre Evacuate Collection Set: 0.33ms
[5578.020s][info][gc,phases      ] GC(645)   Merge Heap Roots: 0.62ms
[5578.020s][info][gc,phases      ] GC(645)   Evacuate Collection Set: 162.35ms
[5578.020s][info][gc,phases      ] GC(645)   Post Evacuate Collection Set: 1.28ms
[5578.020s][info][gc,phases      ] GC(645)   Other: 0.07ms
[5578.020s][info][gc,heap        ] GC(645) Eden regions: 715->0(717)
[5578.020s][info][gc,heap        ] GC(645) Survivor regions: 53->51(96)
[5578.020s][info][gc,heap        ] GC(645) Old regions: 149->152
[5578.020s][info][gc,heap        ] GC(645) Humongous regions: 33->33
[5578.020s][info][gc,metaspace   ] GC(645) Metaspace: 29977K(30144K)->29977K(30144K) NonClass: 29977K(30144K)->29977K(30144K) Class: 0K(0K)->0K(0K)
[5578.020s][info][gc             ] GC(645) Pause Young (Normal) (G1 Evacuation Pause) 7575M->1864M(10240M) 164.801ms
[5578.020s][info][gc,cpu         ] GC(645) User=1.29s Sys=0.00s Real=0.17s
.....[5583.081s][info][gc,start       ] GC(646) Pause Young (Normal) (G1 Evacuation Pause)
[5583.081s][info][gc,task        ] GC(646) Using 8 workers of 8 for evacuation
[5583.245s][info][gc,phases      ] GC(646)   Pre Evacuate Collection Set: 0.27ms
[5583.245s][info][gc,phases      ] GC(646)   Merge Heap Roots: 0.56ms
[5583.245s][info][gc,phases      ] GC(646)   Evacuate Collection Set: 161.31ms
[5583.245s][info][gc,phases      ] GC(646)   Post Evacuate Collection Set: 1.32ms
[5583.245s][info][gc,phases      ] GC(646)   Other: 0.09ms
[5583.245s][info][gc,heap        ] GC(646) Eden regions: 717->0(717)
[5583.245s][info][gc,heap        ] GC(646) Survivor regions: 51->51(96)
[5583.245s][info][gc,heap        ] GC(646) Old regions: 152->155
[5583.245s][info][gc,heap        ] GC(646) Humongous regions: 33->33
[5583.245s][info][gc,metaspace   ] GC(646) Metaspace: 29977K(30144K)->29977K(30144K) NonClass: 29977K(30144K)->29977K(30144K) Class: 0K(0K)->0K(0K)
[5583.245s][info][gc             ] GC(646) Pause Young (Normal) (G1 Evacuation Pause) 7600M->1881M(10240M) 163.699ms
[5583.245s][info][gc,cpu         ] GC(646) User=1.28s Sys=0.00s Real=0.16s
.....[5588.184s][info][gc,start       ] GC(647) Pause Young (Normal) (G1 Evacuation Pause)
[5588.184s][info][gc,task        ] GC(647) Using 8 workers of 8 for evacuation
[5588.350s][info][gc,phases      ] GC(647)   Pre Evacuate Collection Set: 0.30ms
[5588.350s][info][gc,phases      ] GC(647)   Merge Heap Roots: 0.72ms
[5588.350s][info][gc,phases      ] GC(647)   Evacuate Collection Set: 162.71ms
[5588.350s][info][gc,phases      ] GC(647)   Post Evacuate Collection Set: 1.32ms
[5588.350s][info][gc,phases      ] GC(647)   Other: 0.07ms
[5588.350s][info][gc,heap        ] GC(647) Eden regions: 717->0(716)
[5588.350s][info][gc,heap        ] GC(647) Survivor regions: 51->52(96)
[5588.350s][info][gc,heap        ] GC(647) Old regions: 155->157
[5588.350s][info][gc,heap        ] GC(647) Humongous regions: 33->33
[5588.350s][info][gc,metaspace   ] GC(647) Metaspace: 29977K(30144K)->29977K(30144K) NonClass: 29977K(30144K)->29977K(30144K) Class: 0K(0K)->0K(0K)
[5588.350s][info][gc             ] GC(647) Pause Young (Normal) (G1 Evacuation Pause) 7617M->1910M(10240M) 165.273ms
[5588.350s][info][gc,cpu         ] GC(647) User=1.30s Sys=0.01s Real=0.17s
.....[5593.281s][info][gc,start       ] GC(648) Pause Young (Normal) (G1 Evacuation Pause)
[5593.281s][info][gc,task        ] GC(648) Using 8 workers of 8 for evacuation
[5593.454s][info][gc,phases      ] GC(648)   Pre Evacuate Collection Set: 0.29ms
[5593.454s][info][gc,phases      ] GC(648)   Merge Heap Roots: 0.58ms
[5593.454s][info][gc,phases      ] GC(648)   Evacuate Collection Set: 170.39ms
[5593.454s][info][gc,phases      ] GC(648)   Post Evacuate Collection Set: 1.29ms
[5593.454s][info][gc,phases      ] GC(648)   Other: 0.07ms
[5593.454s][info][gc,heap        ] GC(648) Eden regions: 716->0(714)
[5593.454s][info][gc,heap        ] GC(648) Survivor regions: 52->54(96)
[5593.454s][info][gc,heap        ] GC(648) Old regions: 157->160
[5593.454s][info][gc,heap        ] GC(648) Humongous regions: 33->33
[5593.454s][info][gc,metaspace   ] GC(648) Metaspace: 29977K(30144K)->29977K(30144K) NonClass: 29977K(30144K)->29977K(30144K) Class: 0K(0K)->0K(0K)
[5593.454s][info][gc             ] GC(648) Pause Young (Normal) (G1 Evacuation Pause) 7638M->1947M(10240M) 172.764ms
[5593.454s][info][gc,cpu         ] GC(648) User=1.36s Sys=0.00s Real=0.17s
.....[5598.382s][info][gc,start       ] GC(649) Pause Young (Normal) (G1 Evacuation Pause)
[5598.382s][info][gc,task        ] GC(649) Using 8 workers of 8 for evacuation
[5598.548s][info][gc,phases      ] GC(649)   Pre Evacuate Collection Set: 0.29ms
[5598.548s][info][gc,phases      ] GC(649)   Merge Heap Roots: 0.56ms
[5598.548s][info][gc,phases      ] GC(649)   Evacuate Collection Set: 164.56ms
[5598.548s][info][gc,phases      ] GC(649)   Post Evacuate Collection Set: 1.31ms
[5598.548s][info][gc,phases      ] GC(649)   Other: 0.06ms
[5598.548s][info][gc,heap        ] GC(649) Eden regions: 714->0(716)
[5598.548s][info][gc,heap        ] GC(649) Survivor regions: 54->52(96)
[5598.548s][info][gc,heap        ] GC(649) Old regions: 160->163
[5598.548s][info][gc,heap        ] GC(649) Humongous regions: 33->33
[5598.548s][info][gc,metaspace   ] GC(649) Metaspace: 29977K(30144K)->29977K(30144K) NonClass: 29977K(30144K)->29977K(30144K) Class: 0K(0K)->0K(0K)
[5598.548s][info][gc             ] GC(649) Pause Young (Normal) (G1 Evacuation Pause) 7659M->1956M(10240M) 166.913ms
[5598.549s][info][gc,cpu         ] GC(649) User=1.31s Sys=0.00s Real=0.17s
.....[5603.425s][info][gc,start       ] GC(650) Pause Young (Normal) (G1 Evacuation Pause)
[5603.426s][info][gc,task        ] GC(650) Using 8 workers of 8 for evacuation
[5603.590s][info][gc,phases      ] GC(650)   Pre Evacuate Collection Set: 0.28ms
[5603.590s][info][gc,phases      ] GC(650)   Merge Heap Roots: 0.71ms
[5603.590s][info][gc,phases      ] GC(650)   Evacuate Collection Set: 162.35ms
[5603.590s][info][gc,phases      ] GC(650)   Post Evacuate Collection Set: 1.30ms
[5603.590s][info][gc,phases      ] GC(650)   Other: 0.07ms
[5603.590s][info][gc,heap        ] GC(650) Eden regions: 716->0(717)
[5603.590s][info][gc,heap        ] GC(650) Survivor regions: 52->51(96)
[5603.590s][info][gc,heap        ] GC(650) Old regions: 163->165
[5603.590s][info][gc,heap        ] GC(650) Humongous regions: 33->33
[5603.590s][info][gc,metaspace   ] GC(650) Metaspace: 29977K(30144K)->29977K(30144K) NonClass: 29977K(30144K)->29977K(30144K) Class: 0K(0K)->0K(0K)
[5603.590s][info][gc             ] GC(650) Pause Young (Normal) (G1 Evacuation Pause) 7684M->1970M(10240M) 164.864ms
[5603.590s][info][gc,cpu         ] GC(650) User=1.30s Sys=0.00s Real=0.17s
.....[5608.489s][info][gc,start       ] GC(651) Pause Young (Normal) (G1 Evacuation Pause)
[5608.489s][info][gc,task        ] GC(651) Using 8 workers of 8 for evacuation
[5608.659s][info][gc,phases      ] GC(651)   Pre Evacuate Collection Set: 0.30ms
[5608.659s][info][gc,phases      ] GC(651)   Merge Heap Roots: 0.57ms
[5608.659s][info][gc,phases      ] GC(651)   Evacuate Collection Set: 167.59ms
[5608.659s][info][gc,phases      ] GC(651)   Post Evacuate Collection Set: 1.30ms
[5608.659s][info][gc,phases      ] GC(651)   Other: 0.07ms
[5608.659s][info][gc,heap        ] GC(651) Eden regions: 717->0(715)
[5608.659s][info][gc,heap        ] GC(651) Survivor regions: 51->53(96)
[5608.659s][info][gc,heap        ] GC(651) Old regions: 165->168
[5608.659s][info][gc,heap        ] GC(651) Humongous regions: 33->33
[5608.659s][info][gc,metaspace   ] GC(651) Metaspace: 29977K(30144K)->29977K(30144K) NonClass: 29977K(30144K)->29977K(30144K) Class: 0K(0K)->0K(0K)
[5608.659s][info][gc             ] GC(651) Pause Young (Normal) (G1 Evacuation Pause) 7706M->2003M(10240M) 169.969ms
[5608.659s][info][gc,cpu         ] GC(651) User=1.34s Sys=0.00s Real=0.17s
.....[5613.481s][info][gc,start       ] GC(652) Pause Young (Normal) (G1 Evacuation Pause)
[5613.481s][info][gc,task        ] GC(652) Using 8 workers of 8 for evacuation
[5613.651s][info][gc,phases      ] GC(652)   Pre Evacuate Collection Set: 0.28ms
[5613.651s][info][gc,phases      ] GC(652)   Merge Heap Roots: 0.57ms
[5613.651s][info][gc,phases      ] GC(652)   Evacuate Collection Set: 168.30ms
[5613.651s][info][gc,phases      ] GC(652)   Post Evacuate Collection Set: 1.28ms
[5613.651s][info][gc,phases      ] GC(652)   Other: 0.08ms
[5613.651s][info][gc,heap        ] GC(652) Eden regions: 715->0(715)
[5613.651s][info][gc,heap        ] GC(652) Survivor regions: 53->53(96)
[5613.651s][info][gc,heap        ] GC(652) Old regions: 168->171
[5613.651s][info][gc,heap        ] GC(652) Humongous regions: 33->33
[5613.651s][info][gc,metaspace   ] GC(652) Metaspace: 29977K(30144K)->29977K(30144K) NonClass: 29977K(30144K)->29977K(30144K) Class: 0K(0K)->0K(0K)
[5613.651s][info][gc             ] GC(652) Pause Young (Normal) (G1 Evacuation Pause) 7723M->2028M(10240M) 170.654ms
[5613.651s][info][gc,cpu         ] GC(652) User=1.34s Sys=0.00s Real=0.17s
.....[5618.435s][info][gc,start       ] GC(653) Pause Young (Normal) (G1 Evacuation Pause)
[5618.435s][info][gc,task        ] GC(653) Using 8 workers of 8 for evacuation
[5618.607s][info][gc,phases      ] GC(653)   Pre Evacuate Collection Set: 0.31ms
[5618.607s][info][gc,phases      ] GC(653)   Merge Heap Roots: 0.64ms
[5618.607s][info][gc,phases      ] GC(653)   Evacuate Collection Set: 169.49ms
[5618.607s][info][gc,phases      ] GC(653)   Post Evacuate Collection Set: 1.30ms
[5618.607s][info][gc,phases      ] GC(653)   Other: 0.06ms
[5618.607s][info][gc,heap        ] GC(653) Eden regions: 715->0(714)
[5618.607s][info][gc,heap        ] GC(653) Survivor regions: 53->54(96)
[5618.607s][info][gc,heap        ] GC(653) Old regions: 171->173
[5618.607s][info][gc,heap        ] GC(653) Humongous regions: 33->33
[5618.607s][info][gc,metaspace   ] GC(653) Metaspace: 29977K(30144K)->29977K(30144K) NonClass: 29977K(30144K)->29977K(30144K) Class: 0K(0K)->0K(0K)
[5618.607s][info][gc             ] GC(653) Pause Young (Normal) (G1 Evacuation Pause) 7748M->2057M(10240M) 171.934ms
[5618.607s][info][gc,cpu         ] GC(653) User=1.35s Sys=0.00s Real=0.18s
.....[5623.418s][info][gc,start       ] GC(654) Pause Young (Normal) (G1 Evacuation Pause)
[5623.418s][info][gc,task        ] GC(654) Using 8 workers of 8 for evacuation
[5623.585s][info][gc,phases      ] GC(654)   Pre Evacuate Collection Set: 0.31ms
[5623.585s][info][gc,phases      ] GC(654)   Merge Heap Roots: 0.57ms
[5623.585s][info][gc,phases      ] GC(654)   Evacuate Collection Set: 164.91ms
[5623.585s][info][gc,phases      ] GC(654)   Post Evacuate Collection Set: 1.33ms
[5623.585s][info][gc,phases      ] GC(654)   Other: 0.07ms
[5623.585s][info][gc,heap        ] GC(654) Eden regions: 714->0(716)
[5623.585s][info][gc,heap        ] GC(654) Survivor regions: 54->52(96)
[5623.585s][info][gc,heap        ] GC(654) Old regions: 173->176
[5623.585s][info][gc,heap        ] GC(654) Humongous regions: 33->33
[5623.585s][info][gc,metaspace   ] GC(654) Metaspace: 29977K(30144K)->29977K(30144K) NonClass: 29977K(30144K)->29977K(30144K) Class: 0K(0K)->0K(0K)
[5623.585s][info][gc             ] GC(654) Pause Young (Normal) (G1 Evacuation Pause) 7769M->2061M(10240M) 167.317ms
[5623.585s][info][gc,cpu         ] GC(654) User=1.32s Sys=0.00s Real=0.16s
.....[5628.444s][info][gc,start       ] GC(655) Pause Young (Normal) (G1 Evacuation Pause)
[5628.445s][info][gc,task        ] GC(655) Using 8 workers of 8 for evacuation
[5628.614s][info][gc,phases      ] GC(655)   Pre Evacuate Collection Set: 0.32ms
[5628.614s][info][gc,phases      ] GC(655)   Merge Heap Roots: 0.59ms
[5628.614s][info][gc,phases      ] GC(655)   Evacuate Collection Set: 166.74ms
[5628.614s][info][gc,phases      ] GC(655)   Post Evacuate Collection Set: 1.32ms
[5628.614s][info][gc,phases      ] GC(655)   Other: 0.08ms
[5628.614s][info][gc,heap        ] GC(655) Eden regions: 716->0(715)
[5628.614s][info][gc,heap        ] GC(655) Survivor regions: 52->53(96)
[5628.614s][info][gc,heap        ] GC(655) Old regions: 176->178
[5628.614s][info][gc,heap        ] GC(655) Humongous regions: 33->33
[5628.614s][info][gc,metaspace   ] GC(655) Metaspace: 29977K(30144K)->29977K(30144K) NonClass: 29977K(30144K)->29977K(30144K) Class: 0K(0K)->0K(0K)
[5628.614s][info][gc             ] GC(655) Pause Young (Normal) (G1 Evacuation Pause) 7789M->2087M(10240M) 169.204ms
[5628.614s][info][gc,cpu         ] GC(655) User=1.33s Sys=0.00s Real=0.17s
.....[5633.397s][info][gc,start       ] GC(656) Pause Young (Normal) (G1 Evacuation Pause)
[5633.397s][info][gc,task        ] GC(656) Using 8 workers of 8 for evacuation
[5633.563s][info][gc,phases      ] GC(656)   Pre Evacuate Collection Set: 0.33ms
[5633.563s][info][gc,phases      ] GC(656)   Merge Heap Roots: 0.68ms
[5633.563s][info][gc,phases      ] GC(656)   Evacuate Collection Set: 163.53ms
[5633.563s][info][gc,phases      ] GC(656)   Post Evacuate Collection Set: 1.30ms
[5633.563s][info][gc,phases      ] GC(656)   Other: 0.06ms
[5633.563s][info][gc,heap        ] GC(656) Eden regions: 715->0(716)
[5633.563s][info][gc,heap        ] GC(656) Survivor regions: 53->52(96)
[5633.563s][info][gc,heap        ] GC(656) Old regions: 178->181
[5633.563s][info][gc,heap        ] GC(656) Humongous regions: 33->33
[5633.563s][info][gc,metaspace   ] GC(656) Metaspace: 29977K(30144K)->29977K(30144K) NonClass: 29977K(30144K)->29977K(30144K) Class: 0K(0K)->0K(0K)
[5633.563s][info][gc             ] GC(656) Pause Young (Normal) (G1 Evacuation Pause) 7807M->2104M(10240M) 166.043ms
[5633.563s][info][gc,cpu         ] GC(656) User=1.30s Sys=0.00s Real=0.16s
.... (rIR:aIR:PR = 9548:9505:9506) (tPR = 141964) [OK] 
  5636s: Performance info:
         Transaction,    Success,    Partial,     Failed,   Receipts, AvgBarcode, 
             Overall,     575527,          0,          0,     546744,      59.47, 
         Response times:
             Request,    Success,    Partial,     Failed,   SkipFail,     Probes,    Samples,      min,      p50,      p90,      p95,      p99,      max, 
       TotalPurchase,     546571,          0,          0,          0,     363127,     450298,      300,     6400,    23000,    68000,   142000,   760000,
     InStorePurchase,     286284,          0,          0,          0,     191183,     236856,      300,     6300,    23000,    67000,   141000,   760000,
      OnlinePurchase,     202495,          0,          0,          0,     133266,     165221,      400,     6500,    23000,    68000,   143000,   760000,
        InstPurchase,      57792,          0,          0,          0,      38678,      48221,      500,     6400,    22000,    70000,   143000,   760000,
          AssocOfCat,        579,          0,          0,          0,        498,        755,    31000,    51000,    83000,   141200,   215200,   255000,
      AssocOfProduct,       5725,          0,          0,          0,       4247,       5535,      500,     7000,    23000,    61000,   148000,   537000,
      BusinessReport,       1446,          0,          0,          0,       1288,       1768,    29000,    55000,    91000,   143550,   230620,   262000,
          CustBuyBeh,       5808,          0,          0,          0,       4307,       5645,      300,     7200,    24400,    62000,   153540,   610000,
       ProductReturn,      15308,          0,          0,          0,      10014,      12757,      300,     6200,    22000,    64000,   149000,   499000,

  5636s: (70%)   IR =   9686 .[5638.343s][info][gc,start       ] GC(657) Pause Young (Normal) (G1 Evacuation Pause)
[5638.343s][info][gc,task        ] GC(657) Using 8 workers of 8 for evacuation
[5638.510s][info][gc,phases      ] GC(657)   Pre Evacuate Collection Set: 0.31ms
[5638.510s][info][gc,phases      ] GC(657)   Merge Heap Roots: 0.58ms
[5638.510s][info][gc,phases      ] GC(657)   Evacuate Collection Set: 164.22ms
[5638.510s][info][gc,phases      ] GC(657)   Post Evacuate Collection Set: 1.33ms
[5638.510s][info][gc,phases      ] GC(657)   Other: 0.07ms
[5638.510s][info][gc,heap        ] GC(657) Eden regions: 716->0(716)
[5638.510s][info][gc,heap        ] GC(657) Survivor regions: 52->52(96)
[5638.510s][info][gc,heap        ] GC(657) Old regions: 181->184
[5638.510s][info][gc,heap        ] GC(657) Humongous regions: 33->33
[5638.510s][info][gc,metaspace   ] GC(657) Metaspace: 29977K(30144K)->29977K(30144K) NonClass: 29977K(30144K)->29977K(30144K) Class: 0K(0K)->0K(0K)
[5638.510s][info][gc             ] GC(657) Pause Young (Normal) (G1 Evacuation Pause) 7832M->2125M(10240M) 166.648ms
[5638.510s][info][gc,cpu         ] GC(657) User=1.32s Sys=0.00s Real=0.17s
.....|[5643.320s][info][gc,start       ] GC(658) Pause Young (Normal) (G1 Evacuation Pause)
[5643.320s][info][gc,task        ] GC(658) Using 8 workers of 8 for evacuation
[5643.488s][info][gc,phases      ] GC(658)   Pre Evacuate Collection Set: 0.30ms
[5643.488s][info][gc,phases      ] GC(658)   Merge Heap Roots: 0.57ms
[5643.488s][info][gc,phases      ] GC(658)   Evacuate Collection Set: 166.26ms
[5643.488s][info][gc,phases      ] GC(658)   Post Evacuate Collection Set: 1.35ms
[5643.488s][info][gc,phases      ] GC(658)   Other: 0.06ms
[5643.488s][info][gc,heap        ] GC(658) Eden regions: 716->0(715)
[5643.488s][info][gc,heap        ] GC(658) Survivor regions: 52->53(96)
[5643.488s][info][gc,heap        ] GC(658) Old regions: 184->186
[5643.488s][info][gc,heap        ] GC(658) Humongous regions: 33->33
[5643.488s][info][gc,metaspace   ] GC(658) Metaspace: 29977K(30144K)->29977K(30144K) NonClass: 29977K(30144K)->29977K(30144K) Class: 0K(0K)->0K(0K)
[5643.488s][info][gc             ] GC(658) Pause Young (Normal) (G1 Evacuation Pause) 7853M->2151M(10240M) 168.675ms
[5643.488s][info][gc,cpu         ] GC(658) User=1.32s Sys=0.01s Real=0.17s
.....[5648.333s][info][gc,start       ] GC(659) Pause Young (Normal) (G1 Evacuation Pause)
[5648.333s][info][gc,task        ] GC(659) Using 8 workers of 8 for evacuation
[5648.500s][info][gc,phases      ] GC(659)   Pre Evacuate Collection Set: 0.29ms
[5648.500s][info][gc,phases      ] GC(659)   Merge Heap Roots: 0.58ms
[5648.500s][info][gc,phases      ] GC(659)   Evacuate Collection Set: 165.33ms
[5648.500s][info][gc,phases      ] GC(659)   Post Evacuate Collection Set: 1.35ms
[5648.500s][info][gc,phases      ] GC(659)   Other: 0.06ms
[5648.500s][info][gc,heap        ] GC(659) Eden regions: 715->0(715)
[5648.500s][info][gc,heap        ] GC(659) Survivor regions: 53->53(96)
[5648.500s][info][gc,heap        ] GC(659) Old regions: 186->189
[5648.500s][info][gc,heap        ] GC(659) Humongous regions: 33->33
[5648.500s][info][gc,metaspace   ] GC(659) Metaspace: 29977K(30144K)->29977K(30144K) NonClass: 29977K(30144K)->29977K(30144K) Class: 0K(0K)->0K(0K)
[5648.500s][info][gc             ] GC(659) Pause Young (Normal) (G1 Evacuation Pause) 7871M->2172M(10240M) 167.751ms
[5648.500s][info][gc,cpu         ] GC(659) User=1.32s Sys=0.00s Real=0.17s
.....[5653.242s][info][gc,start       ] GC(660) Pause Young (Normal) (G1 Evacuation Pause)
[5653.242s][info][gc,task        ] GC(660) Using 8 workers of 8 for evacuation
[5653.406s][info][gc,phases      ] GC(660)   Pre Evacuate Collection Set: 0.30ms
[5653.406s][info][gc,phases      ] GC(660)   Merge Heap Roots: 0.58ms
[5653.406s][info][gc,phases      ] GC(660)   Evacuate Collection Set: 161.58ms
[5653.406s][info][gc,phases      ] GC(660)   Post Evacuate Collection Set: 1.31ms
[5653.406s][info][gc,phases      ] GC(660)   Other: 0.07ms
[5653.406s][info][gc,heap        ] GC(660) Eden regions: 715->0(717)
[5653.406s][info][gc,heap        ] GC(660) Survivor regions: 53->51(96)
[5653.406s][info][gc,heap        ] GC(660) Old regions: 189->192
[5653.406s][info][gc,heap        ] GC(660) Humongous regions: 33->33
[5653.406s][info][gc,metaspace   ] GC(660) Metaspace: 29977K(30144K)->29977K(30144K) NonClass: 29977K(30144K)->29977K(30144K) Class: 0K(0K)->0K(0K)
[5653.406s][info][gc             ] GC(660) Pause Young (Normal) (G1 Evacuation Pause) 7892M->2182M(10240M) 163.966ms
[5653.406s][info][gc,cpu         ] GC(660) User=1.29s Sys=0.00s Real=0.17s
.....[5658.190s][info][gc,start       ] GC(661) Pause Young (Normal) (G1 Evacuation Pause)
[5658.190s][info][gc,task        ] GC(661) Using 8 workers of 8 for evacuation
[5658.358s][info][gc,phases      ] GC(661)   Pre Evacuate Collection Set: 0.30ms
[5658.358s][info][gc,phases      ] GC(661)   Merge Heap Roots: 0.65ms
[5658.358s][info][gc,phases      ] GC(661)   Evacuate Collection Set: 164.80ms
[5658.358s][info][gc,phases      ] GC(661)   Post Evacuate Collection Set: 1.32ms
[5658.358s][info][gc,phases      ] GC(661)   Other: 0.06ms
[5658.358s][info][gc,heap        ] GC(661) Eden regions: 717->0(715)
[5658.358s][info][gc,heap        ] GC(661) Survivor regions: 51->53(96)
[5658.358s][info][gc,heap        ] GC(661) Old regions: 192->194
[5658.358s][info][gc,heap        ] GC(661) Humongous regions: 33->33
[5658.358s][info][gc,metaspace   ] GC(661) Metaspace: 29977K(30144K)->29977K(30144K) NonClass: 29977K(30144K)->29977K(30144K) Class: 0K(0K)->0K(0K)
[5658.358s][info][gc             ] GC(661) Pause Young (Normal) (G1 Evacuation Pause) 7918M->2215M(10240M) 167.284ms
[5658.358s][info][gc,cpu         ] GC(661) User=1.32s Sys=0.00s Real=0.17s
.....[5663.099s][info][gc,start       ] GC(662) Pause Young (Normal) (G1 Evacuation Pause)
[5663.099s][info][gc,task        ] GC(662) Using 8 workers of 8 for evacuation
[5663.263s][info][gc,phases      ] GC(662)   Pre Evacuate Collection Set: 0.30ms
[5663.263s][info][gc,phases      ] GC(662)   Merge Heap Roots: 0.56ms
[5663.263s][info][gc,phases      ] GC(662)   Evacuate Collection Set: 162.03ms
[5663.263s][info][gc,phases      ] GC(662)   Post Evacuate Collection Set: 1.29ms
[5663.263s][info][gc,phases      ] GC(662)   Other: 0.06ms
[5663.263s][info][gc,heap        ] GC(662) Eden regions: 715->0(716)
[5663.263s][info][gc,heap        ] GC(662) Survivor regions: 53->52(96)
[5663.263s][info][gc,heap        ] GC(662) Old regions: 194->197
[5663.263s][info][gc,heap        ] GC(662) Humongous regions: 33->33
[5663.263s][info][gc,metaspace   ] GC(662) Metaspace: 29977K(30144K)->29977K(30144K) NonClass: 29977K(30144K)->29977K(30144K) Class: 0K(0K)->0K(0K)
[5663.263s][info][gc             ] GC(662) Pause Young (Normal) (G1 Evacuation Pause) 7935M->2233M(10240M) 164.369ms
[5663.263s][info][gc,cpu         ] GC(662) User=1.29s Sys=0.01s Real=0.16s
.....[5668.026s][info][gc,start       ] GC(663) Pause Young (Normal) (G1 Evacuation Pause)
[5668.026s][info][gc,task        ] GC(663) Using 8 workers of 8 for evacuation
[5668.192s][info][gc,phases      ] GC(663)   Pre Evacuate Collection Set: 0.30ms
[5668.192s][info][gc,phases      ] GC(663)   Merge Heap Roots: 0.59ms
[5668.192s][info][gc,phases      ] GC(663)   Evacuate Collection Set: 163.43ms
[5668.192s][info][gc,phases      ] GC(663)   Post Evacuate Collection Set: 1.37ms
[5668.192s][info][gc,phases      ] GC(663)   Other: 0.06ms
[5668.192s][info][gc,heap        ] GC(663) Eden regions: 716->0(716)
[5668.192s][info][gc,heap        ] GC(663) Survivor regions: 52->52(96)
[5668.192s][info][gc,heap        ] GC(663) Old regions: 197->200
[5668.192s][info][gc,heap        ] GC(663) Humongous regions: 33->33
[5668.192s][info][gc,metaspace   ] GC(663) Metaspace: 29977K(30144K)->29977K(30144K) NonClass: 29977K(30144K)->29977K(30144K) Class: 0K(0K)->0K(0K)
[5668.192s][info][gc             ] GC(663) Pause Young (Normal) (G1 Evacuation Pause) 7961M->2250M(10240M) 165.905ms
[5668.192s][info][gc,cpu         ] GC(663) User=1.31s Sys=0.00s Real=0.16s
.....[5672.978s][info][gc,start       ] GC(664) Pause Young (Normal) (G1 Evacuation Pause)
[5672.978s][info][gc,task        ] GC(664) Using 8 workers of 8 for evacuation
[5673.139s][info][gc,phases      ] GC(664)   Pre Evacuate Collection Set: 0.31ms
[5673.139s][info][gc,phases      ] GC(664)   Merge Heap Roots: 0.57ms
[5673.139s][info][gc,phases      ] GC(664)   Evacuate Collection Set: 158.99ms
[5673.139s][info][gc,phases      ] GC(664)   Post Evacuate Collection Set: 1.31ms
[5673.139s][info][gc,phases      ] GC(664)   Other: 0.06ms
[5673.139s][info][gc,heap        ] GC(664) Eden regions: 716->0(717)
[5673.139s][info][gc,heap        ] GC(664) Survivor regions: 52->51(96)
[5673.139s][info][gc,heap        ] GC(664) Old regions: 200->202
[5673.139s][info][gc,heap        ] GC(664) Humongous regions: 33->33
[5673.139s][info][gc,metaspace   ] GC(664) Metaspace: 29977K(30144K)->29977K(30144K) NonClass: 29977K(30144K)->29977K(30144K) Class: 0K(0K)->0K(0K)
[5673.139s][info][gc             ] GC(664) Pause Young (Normal) (G1 Evacuation Pause) 7978M->2267M(10240M) 161.391ms
[5673.139s][info][gc,cpu         ] GC(664) User=1.27s Sys=0.00s Real=0.16s
.....[5677.924s][info][gc,start       ] GC(665) Pause Young (Normal) (G1 Evacuation Pause)
[5677.924s][info][gc,task        ] GC(665) Using 8 workers of 8 for evacuation
[5678.091s][info][gc,phases      ] GC(665)   Pre Evacuate Collection Set: 0.28ms
[5678.091s][info][gc,phases      ] GC(665)   Merge Heap Roots: 0.59ms
[5678.091s][info][gc,phases      ] GC(665)   Evacuate Collection Set: 164.78ms
[5678.091s][info][gc,phases      ] GC(665)   Post Evacuate Collection Set: 1.36ms
[5678.091s][info][gc,phases      ] GC(665)   Other: 0.07ms
[5678.091s][info][gc,heap        ] GC(665) Eden regions: 717->0(716)
[5678.091s][info][gc,heap        ] GC(665) Survivor regions: 51->52(96)
[5678.091s][info][gc,heap        ] GC(665) Old regions: 202->205
[5678.091s][info][gc,heap        ] GC(665) Humongous regions: 33->33
[5678.091s][info][gc,metaspace   ] GC(665) Metaspace: 29977K(30144K)->29977K(30144K) NonClass: 29977K(30144K)->29977K(30144K) Class: 0K(0K)->0K(0K)
[5678.091s][info][gc             ] GC(665) Pause Young (Normal) (G1 Evacuation Pause) 8003M->2292M(10240M) 167.206ms
[5678.091s][info][gc,cpu         ] GC(665) User=1.32s Sys=0.00s Real=0.17s
....[5682.853s][info][gc,start       ] GC(666) Pause Young (Normal) (G1 Evacuation Pause)
[5682.853s][info][gc,task        ] GC(666) Using 8 workers of 8 for evacuation
[5683.020s][info][gc,phases      ] GC(666)   Pre Evacuate Collection Set: 0.31ms
[5683.020s][info][gc,phases      ] GC(666)   Merge Heap Roots: 0.57ms
[5683.020s][info][gc,phases      ] GC(666)   Evacuate Collection Set: 164.49ms
[5683.020s][info][gc,phases      ] GC(666)   Post Evacuate Collection Set: 1.30ms
[5683.020s][info][gc,phases      ] GC(666)   Other: 0.07ms
[5683.020s][info][gc,heap        ] GC(666) Eden regions: 716->0(715)
[5683.020s][info][gc,heap        ] GC(666) Survivor regions: 52->53(96)
[5683.020s][info][gc,heap        ] GC(666) Old regions: 205->208
[5683.020s][info][gc,heap        ] GC(666) Humongous regions: 33->33
[5683.020s][info][gc,metaspace   ] GC(666) Metaspace: 29977K(30144K)->29977K(30144K) NonClass: 29977K(30144K)->29977K(30144K) Class: 0K(0K)->0K(0K)
[5683.020s][info][gc             ] GC(666) Pause Young (Normal) (G1 Evacuation Pause) 8020M->2320M(10240M) 166.869ms
[5683.020s][info][gc,cpu         ] GC(666) User=1.31s Sys=0.00s Real=0.17s
.....[5687.765s][info][gc,start       ] GC(667) Pause Young (Normal) (G1 Evacuation Pause)
[5687.765s][info][gc,task        ] GC(667) Using 8 workers of 8 for evacuation
[5687.936s][info][gc,phases      ] GC(667)   Pre Evacuate Collection Set: 0.29ms
[5687.936s][info][gc,phases      ] GC(667)   Merge Heap Roots: 0.58ms
[5687.936s][info][gc,phases      ] GC(667)   Evacuate Collection Set: 168.76ms
[5687.936s][info][gc,phases      ] GC(667)   Post Evacuate Collection Set: 1.30ms
[5687.936s][info][gc,phases      ] GC(667)   Other: 0.06ms
[5687.936s][info][gc,heap        ] GC(667) Eden regions: 715->0(713)
[5687.936s][info][gc,heap        ] GC(667) Survivor regions: 53->55(96)
[5687.936s][info][gc,heap        ] GC(667) Old regions: 208->210
[5687.936s][info][gc,heap        ] GC(667) Humongous regions: 33->33
[5687.936s][info][gc,metaspace   ] GC(667) Metaspace: 29977K(30144K)->29977K(30144K) NonClass: 29977K(30144K)->29977K(30144K) Class: 0K(0K)->0K(0K)
[5687.936s][info][gc             ] GC(667) Pause Young (Normal) (G1 Evacuation Pause) 8040M->2357M(10240M) 171.129ms
[5687.936s][info][gc,cpu         ] GC(667) User=1.34s Sys=0.00s Real=0.18s
.....[5692.809s][info][gc,start       ] GC(668) Pause Young (Normal) (G1 Evacuation Pause)
[5692.809s][info][gc,task        ] GC(668) Using 8 workers of 8 for evacuation
[5692.976s][info][gc,phases      ] GC(668)   Pre Evacuate Collection Set: 0.31ms
[5692.976s][info][gc,phases      ] GC(668)   Merge Heap Roots: 0.57ms
[5692.976s][info][gc,phases      ] GC(668)   Evacuate Collection Set: 165.44ms
[5692.976s][info][gc,phases      ] GC(668)   Post Evacuate Collection Set: 1.33ms
[5692.976s][info][gc,phases      ] GC(668)   Other: 0.07ms
[5692.976s][info][gc,heap        ] GC(668) Eden regions: 713->0(715)
[5692.976s][info][gc,heap        ] GC(668) Survivor regions: 55->53(96)
[5692.976s][info][gc,heap        ] GC(668) Old regions: 210->213
[5692.976s][info][gc,heap        ] GC(668) Humongous regions: 33->33
[5692.976s][info][gc,metaspace   ] GC(668) Metaspace: 29977K(30144K)->29977K(30144K) NonClass: 29977K(30144K)->29977K(30144K) Class: 0K(0K)->0K(0K)
[5692.976s][info][gc             ] GC(668) Pause Young (Normal) (G1 Evacuation Pause) 8061M->2362M(10240M) 167.876ms
[5692.977s][info][gc,cpu         ] GC(668) User=1.32s Sys=0.00s Real=0.17s
.....[5697.667s][info][gc,start       ] GC(669) Pause Young (Normal) (G1 Evacuation Pause)
[5697.667s][info][gc,task        ] GC(669) Using 8 workers of 8 for evacuation
[5697.834s][info][gc,phases      ] GC(669)   Pre Evacuate Collection Set: 0.29ms
[5697.834s][info][gc,phases      ] GC(669)   Merge Heap Roots: 0.58ms
[5697.834s][info][gc,phases      ] GC(669)   Evacuate Collection Set: 165.03ms
[5697.834s][info][gc,phases      ] GC(669)   Post Evacuate Collection Set: 1.34ms
[5697.834s][info][gc,phases      ] GC(669)   Other: 0.06ms
[5697.834s][info][gc,heap        ] GC(669) Eden regions: 715->0(715)
[5697.834s][info][gc,heap        ] GC(669) Survivor regions: 53->53(96)
[5697.834s][info][gc,heap        ] GC(669) Old regions: 213->216
[5697.834s][info][gc,heap        ] GC(669) Humongous regions: 33->33
[5697.834s][info][gc,metaspace   ] GC(669) Metaspace: 29977K(30144K)->29977K(30144K) NonClass: 29977K(30144K)->29977K(30144K) Class: 0K(0K)->0K(0K)
[5697.834s][info][gc             ] GC(669) Pause Young (Normal) (G1 Evacuation Pause) 8082M->2384M(10240M) 167.431ms
[5697.834s][info][gc,cpu         ] GC(669) User=1.32s Sys=0.01s Real=0.16s
.....[5702.661s][info][gc,start       ] GC(670) Pause Young (Normal) (G1 Evacuation Pause)
[5702.661s][info][gc,task        ] GC(670) Using 8 workers of 8 for evacuation
[5702.831s][info][gc,phases      ] GC(670)   Pre Evacuate Collection Set: 0.29ms
[5702.831s][info][gc,phases      ] GC(670)   Merge Heap Roots: 0.57ms
[5702.831s][info][gc,phases      ] GC(670)   Evacuate Collection Set: 167.96ms
[5702.831s][info][gc,phases      ] GC(670)   Post Evacuate Collection Set: 1.28ms
[5702.831s][info][gc,phases      ] GC(670)   Other: 0.08ms
[5702.831s][info][gc,heap        ] GC(670) Eden regions: 715->0(714)
[5702.831s][info][gc,heap        ] GC(670) Survivor regions: 53->54(96)
[5702.831s][info][gc,heap        ] GC(670) Old regions: 216->218
[5702.831s][info][gc,heap        ] GC(670) Humongous regions: 33->33
[5702.831s][info][gc,metaspace   ] GC(670) Metaspace: 29977K(30144K)->29977K(30144K) NonClass: 29977K(30144K)->29977K(30144K) Class: 0K(0K)->0K(0K)
[5702.831s][info][gc             ] GC(670) Pause Young (Normal) (G1 Evacuation Pause) 8104M->2416M(10240M) 170.311ms
[5702.831s][info][gc,cpu         ] GC(670) User=1.34s Sys=0.00s Real=0.17s
. (rIR:aIR:PR = 9686:9706:9690) (tPR = 144353) [OK] 
  5702s: Performance info:
         Transaction,    Success,    Partial,     Failed,   Receipts, AvgBarcode, 
             Overall,     583163,          0,          0,     554081,      59.48, 
         Response times:
             Request,    Success,    Partial,     Failed,   SkipFail,     Probes,    Samples,      min,      p50,      p90,      p95,      p99,      max, 
       TotalPurchase,     554910,          0,          0,          0,     356673,     397631,      300,     7100,    22000,    53000,   147000,   640000,
     InStorePurchase,     290245,          0,          0,          0,     187425,     208643,      400,     7100,    22000,    51000,   143000,   640000,
      OnlinePurchase,     205366,          0,          0,          0,     131538,     146763,      300,     7000,    22000,    55000,   144000,   640000,
        InstPurchase,      59299,          0,          0,          0,      37710,      42225,      400,     7200,    22000,    58000,   160000,   640000,
          AssocOfCat,        583,          0,          0,          0,        483,        624,    31000,    53000,    90500,   135000,   221000,   237000,
      AssocOfProduct,       5858,          0,          0,          0,       4391,       5084,      700,     6600,    22000,    59000,   152150,   417000,
      BusinessReport,       1457,          0,          0,          0,       1291,       1565,    30000,    57000,    86400,   130700,   224020,   303000,
          CustBuyBeh,       5884,          0,          0,          0,       4395,       5128,      200,     7100,    22000,    58000,   153000,   367000,
       ProductReturn,      15438,          0,          0,          0,      10110,      11566,      200,     6800,    21000,    59000,   154330,   316000,

  5702s: (71%)   IR =   9824 ....[5707.633s][info][gc,start       ] GC(671) Pause Young (Normal) (G1 Evacuation Pause)
[5707.633s][info][gc,task        ] GC(671) Using 8 workers of 8 for evacuation
[5707.806s][info][gc,phases      ] GC(671)   Pre Evacuate Collection Set: 0.31ms
[5707.806s][info][gc,phases      ] GC(671)   Merge Heap Roots: 0.59ms
[5707.806s][info][gc,phases      ] GC(671)   Evacuate Collection Set: 170.66ms
[5707.806s][info][gc,phases      ] GC(671)   Post Evacuate Collection Set: 1.34ms
[5707.806s][info][gc,phases      ] GC(671)   Other: 0.07ms
[5707.806s][info][gc,heap        ] GC(671) Eden regions: 714->0(714)
[5707.806s][info][gc,heap        ] GC(671) Survivor regions: 54->54(96)
[5707.806s][info][gc,heap        ] GC(671) Old regions: 218->221
[5707.806s][info][gc,heap        ] GC(671) Humongous regions: 33->33
[5707.806s][info][gc,metaspace   ] GC(671) Metaspace: 29977K(30144K)->29977K(30144K) NonClass: 29977K(30144K)->29977K(30144K) Class: 0K(0K)->0K(0K)
[5707.806s][info][gc             ] GC(671) Pause Young (Normal) (G1 Evacuation Pause) 8128M->2437M(10240M) 173.105ms
[5707.806s][info][gc,cpu         ] GC(671) User=1.37s Sys=0.00s Real=0.18s
.....[5712.503s][info][gc,start       ] GC(672) Pause Young (Normal) (G1 Evacuation Pause)
[5712.503s][info][gc,task        ] GC(672) Using 8 workers of 8 for evacuation
[5712.677s][info][gc,phases      ] GC(672)   Pre Evacuate Collection Set: 0.32ms
[5712.677s][info][gc,phases      ] GC(672)   Merge Heap Roots: 0.61ms
[5712.677s][info][gc,phases      ] GC(672)   Evacuate Collection Set: 171.31ms
[5712.677s][info][gc,phases      ] GC(672)   Post Evacuate Collection Set: 1.34ms
[5712.677s][info][gc,phases      ] GC(672)   Other: 0.06ms
[5712.677s][info][gc,heap        ] GC(672) Eden regions: 714->0(714)
[5712.677s][info][gc,heap        ] GC(672) Survivor regions: 54->54(96)
[5712.677s][info][gc,heap        ] GC(672) Old regions: 221->223
[5712.677s][info][gc,heap        ] GC(672) Humongous regions: 33->33
[5712.677s][info][gc,metaspace   ] GC(672) Metaspace: 29977K(30144K)->29977K(30144K) NonClass: 29977K(30144K)->29977K(30144K) Class: 0K(0K)->0K(0K)
[5712.677s][info][gc             ] GC(672) Pause Young (Normal) (G1 Evacuation Pause) 8149M->2454M(10240M) 173.773ms
[5712.677s][info][gc,cpu         ] GC(672) User=1.37s Sys=0.00s Real=0.18s
.|....[5717.359s][info][gc,start       ] GC(673) Pause Young (Normal) (G1 Evacuation Pause)
[5717.359s][info][gc,task        ] GC(673) Using 8 workers of 8 for evacuation
[5717.526s][info][gc,phases      ] GC(673)   Pre Evacuate Collection Set: 0.29ms
[5717.526s][info][gc,phases      ] GC(673)   Merge Heap Roots: 0.58ms
[5717.526s][info][gc,phases      ] GC(673)   Evacuate Collection Set: 164.04ms
[5717.526s][info][gc,phases      ] GC(673)   Post Evacuate Collection Set: 1.29ms
[5717.526s][info][gc,phases      ] GC(673)   Other: 0.08ms
[5717.526s][info][gc,heap        ] GC(673) Eden regions: 714->0(715)
[5717.526s][info][gc,heap        ] GC(673) Survivor regions: 54->53(96)
[5717.526s][info][gc,heap        ] GC(673) Old regions: 223->226
[5717.526s][info][gc,heap        ] GC(673) Humongous regions: 33->33
[5717.526s][info][gc,metaspace   ] GC(673) Metaspace: 29977K(30144K)->29977K(30144K) NonClass: 29977K(30144K)->29977K(30144K) Class: 0K(0K)->0K(0K)
[5717.526s][info][gc             ] GC(673) Pause Young (Normal) (G1 Evacuation Pause) 8166M->2468M(10240M) 166.434ms
[5717.526s][info][gc,cpu         ] GC(673) User=1.31s Sys=0.00s Real=0.17s
....[5722.186s][info][gc,start       ] GC(674) Pause Young (Normal) (G1 Evacuation Pause)
[5722.186s][info][gc,task        ] GC(674) Using 8 workers of 8 for evacuation
[5722.351s][info][gc,phases      ] GC(674)   Pre Evacuate Collection Set: 0.32ms
[5722.351s][info][gc,phases      ] GC(674)   Merge Heap Roots: 0.57ms
[5722.351s][info][gc,phases      ] GC(674)   Evacuate Collection Set: 162.27ms
[5722.351s][info][gc,phases      ] GC(674)   Post Evacuate Collection Set: 1.31ms
[5722.351s][info][gc,phases      ] GC(674)   Other: 0.07ms
[5722.351s][info][gc,heap        ] GC(674) Eden regions: 715->0(715)
[5722.351s][info][gc,heap        ] GC(674) Survivor regions: 53->53(96)
[5722.351s][info][gc,heap        ] GC(674) Old regions: 226->229
[5722.351s][info][gc,heap        ] GC(674) Humongous regions: 33->33
[5722.351s][info][gc,metaspace   ] GC(674) Metaspace: 29977K(30144K)->29977K(30144K) NonClass: 29977K(30144K)->29977K(30144K) Class: 0K(0K)->0K(0K)
[5722.351s][info][gc             ] GC(674) Pause Young (Normal) (G1 Evacuation Pause) 8188M->2489M(10240M) 164.676ms
[5722.351s][info][gc,cpu         ] GC(674) User=1.30s Sys=0.00s Real=0.16s
.....[5726.975s][info][gc,start       ] GC(675) Pause Young (Normal) (G1 Evacuation Pause)
[5726.975s][info][gc,task        ] GC(675) Using 8 workers of 8 for evacuation
[5727.138s][info][gc,phases      ] GC(675)   Pre Evacuate Collection Set: 0.30ms
[5727.138s][info][gc,phases      ] GC(675)   Merge Heap Roots: 0.58ms
[5727.138s][info][gc,phases      ] GC(675)   Evacuate Collection Set: 160.52ms
[5727.138s][info][gc,phases      ] GC(675)   Post Evacuate Collection Set: 1.29ms
[5727.138s][info][gc,phases      ] GC(675)   Other: 0.06ms
[5727.138s][info][gc,heap        ] GC(675) Eden regions: 715->0(716)
[5727.138s][info][gc,heap        ] GC(675) Survivor regions: 53->52(96)
[5727.138s][info][gc,heap        ] GC(675) Old regions: 229->231
[5727.138s][info][gc,heap        ] GC(675) Humongous regions: 33->33
[5727.138s][info][gc,metaspace   ] GC(675) Metaspace: 29977K(30144K)->29977K(30144K) NonClass: 29977K(30144K)->29977K(30144K) Class: 0K(0K)->0K(0K)
[5727.138s][info][gc             ] GC(675) Pause Young (Normal) (G1 Evacuation Pause) 8209M->2503M(10240M) 162.873ms
[5727.138s][info][gc,cpu         ] GC(675) User=1.29s Sys=0.00s Real=0.17s
.....[5731.917s][info][gc,start       ] GC(676) Pause Young (Normal) (G1 Evacuation Pause)
[5731.917s][info][gc,task        ] GC(676) Using 8 workers of 8 for evacuation
[5732.087s][info][gc,phases      ] GC(676)   Pre Evacuate Collection Set: 0.31ms
[5732.087s][info][gc,phases      ] GC(676)   Merge Heap Roots: 0.67ms
[5732.087s][info][gc,phases      ] GC(676)   Evacuate Collection Set: 167.30ms
[5732.087s][info][gc,phases      ] GC(676)   Post Evacuate Collection Set: 1.34ms
[5732.087s][info][gc,phases      ] GC(676)   Other: 0.07ms
[5732.087s][info][gc,heap        ] GC(676) Eden regions: 716->0(715)
[5732.087s][info][gc,heap        ] GC(676) Survivor regions: 52->53(96)
[5732.087s][info][gc,heap        ] GC(676) Old regions: 231->234
[5732.087s][info][gc,heap        ] GC(676) Humongous regions: 33->33
[5732.087s][info][gc,metaspace   ] GC(676) Metaspace: 29977K(30144K)->29977K(30144K) NonClass: 29977K(30144K)->29977K(30144K) Class: 0K(0K)->0K(0K)
[5732.087s][info][gc             ] GC(676) Pause Young (Normal) (G1 Evacuation Pause) 8231M->2536M(10240M) 169.818ms
[5732.087s][info][gc,cpu         ] GC(676) User=1.34s Sys=0.00s Real=0.17s
.....[5736.687s][info][gc,start       ] GC(677) Pause Young (Normal) (G1 Evacuation Pause)
[5736.687s][info][gc,task        ] GC(677) Using 8 workers of 8 for evacuation
[5736.857s][info][gc,phases      ] GC(677)   Pre Evacuate Collection Set: 0.28ms
[5736.857s][info][gc,phases      ] GC(677)   Merge Heap Roots: 0.58ms
[5736.857s][info][gc,phases      ] GC(677)   Evacuate Collection Set: 167.48ms
[5736.857s][info][gc,phases      ] GC(677)   Post Evacuate Collection Set: 1.34ms
[5736.857s][info][gc,phases      ] GC(677)   Other: 0.07ms
[5736.857s][info][gc,heap        ] GC(677) Eden regions: 715->0(714)
[5736.857s][info][gc,heap        ] GC(677) Survivor regions: 53->54(96)
[5736.857s][info][gc,heap        ] GC(677) Old regions: 234->237
[5736.857s][info][gc,heap        ] GC(677) Humongous regions: 33->33
[5736.857s][info][gc,metaspace   ] GC(677) Metaspace: 29977K(30144K)->29977K(30144K) NonClass: 29977K(30144K)->29977K(30144K) Class: 0K(0K)->0K(0K)
[5736.857s][info][gc             ] GC(677) Pause Young (Normal) (G1 Evacuation Pause) 8256M->2561M(10240M) 169.892ms
[5736.857s][info][gc,cpu         ] GC(677) User=1.33s Sys=0.00s Real=0.17s
.....[5741.525s][info][gc,start       ] GC(678) Pause Young (Normal) (G1 Evacuation Pause)
[5741.525s][info][gc,task        ] GC(678) Using 8 workers of 8 for evacuation
[5741.690s][info][gc,phases      ] GC(678)   Pre Evacuate Collection Set: 0.32ms
[5741.690s][info][gc,phases      ] GC(678)   Merge Heap Roots: 0.60ms
[5741.690s][info][gc,phases      ] GC(678)   Evacuate Collection Set: 162.64ms
[5741.690s][info][gc,phases      ] GC(678)   Post Evacuate Collection Set: 1.36ms
[5741.690s][info][gc,phases      ] GC(678)   Other: 0.07ms
[5741.690s][info][gc,heap        ] GC(678) Eden regions: 714->0(715)
[5741.690s][info][gc,heap        ] GC(678) Survivor regions: 54->53(96)
[5741.690s][info][gc,heap        ] GC(678) Old regions: 237->239
[5741.690s][info][gc,heap        ] GC(678) Humongous regions: 33->33
[5741.690s][info][gc,metaspace   ] GC(678) Metaspace: 29977K(30144K)->29977K(30144K) NonClass: 29977K(30144K)->29977K(30144K) Class: 0K(0K)->0K(0K)
[5741.690s][info][gc             ] GC(678) Pause Young (Normal) (G1 Evacuation Pause) 8273M->2573M(10240M) 165.120ms
[5741.690s][info][gc,cpu         ] GC(678) User=1.30s Sys=0.00s Real=0.17s
.....[5746.496s][info][gc,start       ] GC(679) Pause Young (Normal) (G1 Evacuation Pause)
[5746.497s][info][gc,task        ] GC(679) Using 8 workers of 8 for evacuation
[5746.663s][info][gc,phases      ] GC(679)   Pre Evacuate Collection Set: 0.31ms
[5746.663s][info][gc,phases      ] GC(679)   Merge Heap Roots: 0.60ms
[5746.663s][info][gc,phases      ] GC(679)   Evacuate Collection Set: 164.42ms
[5746.663s][info][gc,phases      ] GC(679)   Post Evacuate Collection Set: 1.31ms
[5746.663s][info][gc,phases      ] GC(679)   Other: 0.07ms
[5746.663s][info][gc,heap        ] GC(679) Eden regions: 715->0(716)
[5746.663s][info][gc,heap        ] GC(679) Survivor regions: 53->52(96)
[5746.663s][info][gc,heap        ] GC(679) Old regions: 239->242
[5746.663s][info][gc,heap        ] GC(679) Humongous regions: 33->33
[5746.663s][info][gc,metaspace   ] GC(679) Metaspace: 29977K(30144K)->29977K(30144K) NonClass: 29977K(30144K)->29977K(30144K) Class: 0K(0K)->0K(0K)
[5746.663s][info][gc             ] GC(679) Pause Young (Normal) (G1 Evacuation Pause) 8293M->2590M(10240M) 166.843ms
[5746.663s][info][gc,cpu         ] GC(679) User=1.32s Sys=0.00s Real=0.16s
....[5751.354s][info][gc,start       ] GC(680) Pause Young (Normal) (G1 Evacuation Pause)
[5751.354s][info][gc,task        ] GC(680) Using 8 workers of 8 for evacuation
[5751.519s][info][gc,phases      ] GC(680)   Pre Evacuate Collection Set: 0.32ms
[5751.519s][info][gc,phases      ] GC(680)   Merge Heap Roots: 0.68ms
[5751.519s][info][gc,phases      ] GC(680)   Evacuate Collection Set: 163.10ms
[5751.519s][info][gc,phases      ] GC(680)   Post Evacuate Collection Set: 1.32ms
[5751.519s][info][gc,phases      ] GC(680)   Other: 0.07ms
[5751.519s][info][gc,heap        ] GC(680) Eden regions: 716->0(716)
[5751.519s][info][gc,heap        ] GC(680) Survivor regions: 52->52(96)
[5751.519s][info][gc,heap        ] GC(680) Old regions: 242->244
[5751.519s][info][gc,heap        ] GC(680) Humongous regions: 33->33
[5751.519s][info][gc,metaspace   ] GC(680) Metaspace: 29977K(30144K)->29977K(30144K) NonClass: 29977K(30144K)->29977K(30144K) Class: 0K(0K)->0K(0K)
[5751.519s][info][gc             ] GC(680) Pause Young (Normal) (G1 Evacuation Pause) 8318M->2611M(10240M) 165.617ms
[5751.520s][info][gc,cpu         ] GC(680) User=1.29s Sys=0.00s Real=0.17s
.....[5756.167s][info][gc,start       ] GC(681) Pause Young (Normal) (G1 Evacuation Pause)
[5756.167s][info][gc,task        ] GC(681) Using 8 workers of 8 for evacuation
[5756.338s][info][gc,phases      ] GC(681)   Pre Evacuate Collection Set: 0.29ms
[5756.339s][info][gc,phases      ] GC(681)   Merge Heap Roots: 0.66ms
[5756.339s][info][gc,phases      ] GC(681)   Evacuate Collection Set: 169.29ms
[5756.339s][info][gc,phases      ] GC(681)   Post Evacuate Collection Set: 1.33ms
[5756.339s][info][gc,phases      ] GC(681)   Other: 0.06ms
[5756.339s][info][gc,heap        ] GC(681) Eden regions: 716->0(714)
[5756.339s][info][gc,heap        ] GC(681) Survivor regions: 52->54(96)
[5756.339s][info][gc,heap        ] GC(681) Old regions: 244->247
[5756.339s][info][gc,heap        ] GC(681) Humongous regions: 33->33
[5756.339s][info][gc,metaspace   ] GC(681) Metaspace: 29977K(30144K)->29977K(30144K) NonClass: 29977K(30144K)->29977K(30144K) Class: 0K(0K)->0K(0K)
[5756.339s][info][gc             ] GC(681) Pause Young (Normal) (G1 Evacuation Pause) 8339M->2644M(10240M) 171.766ms
[5756.339s][info][gc,cpu         ] GC(681) User=1.35s Sys=0.00s Real=0.17s
.....[5761.044s][info][gc,start       ] GC(682) Pause Young (Normal) (G1 Evacuation Pause)
[5761.044s][info][gc,task        ] GC(682) Using 8 workers of 8 for evacuation
[5761.206s][info][gc,phases      ] GC(682)   Pre Evacuate Collection Set: 0.31ms
[5761.206s][info][gc,phases      ] GC(682)   Merge Heap Roots: 0.58ms
[5761.206s][info][gc,phases      ] GC(682)   Evacuate Collection Set: 159.94ms
[5761.206s][info][gc,phases      ] GC(682)   Post Evacuate Collection Set: 1.32ms
[5761.206s][info][gc,phases      ] GC(682)   Other: 0.06ms
[5761.206s][info][gc,heap        ] GC(682) Eden regions: 714->0(717)
[5761.206s][info][gc,heap        ] GC(682) Survivor regions: 54->51(96)
[5761.206s][info][gc,heap        ] GC(682) Old regions: 247->250
[5761.206s][info][gc,heap        ] GC(682) Humongous regions: 33->33
[5761.206s][info][gc,metaspace   ] GC(682) Metaspace: 29977K(30144K)->29977K(30144K) NonClass: 29977K(30144K)->29977K(30144K) Class: 0K(0K)->0K(0K)
[5761.207s][info][gc             ] GC(682) Pause Young (Normal) (G1 Evacuation Pause) 8356M->2645M(10240M) 162.350ms
[5761.207s][info][gc,cpu         ] GC(682) User=1.27s Sys=0.01s Real=0.17s
.....[5765.946s][info][gc,start       ] GC(683) Pause Young (Normal) (G1 Evacuation Pause)
[5765.946s][info][gc,task        ] GC(683) Using 8 workers of 8 for evacuation
[5766.110s][info][gc,phases      ] GC(683)   Pre Evacuate Collection Set: 0.25ms
[5766.110s][info][gc,phases      ] GC(683)   Merge Heap Roots: 0.58ms
[5766.110s][info][gc,phases      ] GC(683)   Evacuate Collection Set: 162.13ms
[5766.110s][info][gc,phases      ] GC(683)   Post Evacuate Collection Set: 1.29ms
[5766.110s][info][gc,phases      ] GC(683)   Other: 0.06ms
[5766.110s][info][gc,heap        ] GC(683) Eden regions: 717->0(717)
[5766.110s][info][gc,heap        ] GC(683) Survivor regions: 51->51(96)
[5766.110s][info][gc,heap        ] GC(683) Old regions: 250->252
[5766.110s][info][gc,heap        ] GC(683) Humongous regions: 33->33
[5766.110s][info][gc,metaspace   ] GC(683) Metaspace: 29977K(30144K)->29977K(30144K) NonClass: 29977K(30144K)->29977K(30144K) Class: 0K(0K)->0K(0K)
[5766.110s][info][gc             ] GC(683) Pause Young (Normal) (G1 Evacuation Pause) 8381M->2666M(10240M) 164.445ms
[5766.110s][info][gc,cpu         ] GC(683) User=1.29s Sys=0.00s Real=0.17s
.....[5770.923s][info][gc,start       ] GC(684) Pause Young (Normal) (G1 Evacuation Pause)
[5770.923s][info][gc,task        ] GC(684) Using 8 workers of 8 for evacuation
[5771.084s][info][gc,phases      ] GC(684)   Pre Evacuate Collection Set: 0.30ms
[5771.084s][info][gc,phases      ] GC(684)   Merge Heap Roots: 0.58ms
[5771.084s][info][gc,phases      ] GC(684)   Evacuate Collection Set: 159.36ms
[5771.084s][info][gc,phases      ] GC(684)   Post Evacuate Collection Set: 1.31ms
[5771.084s][info][gc,phases      ] GC(684)   Other: 0.06ms
[5771.084s][info][gc,heap        ] GC(684) Eden regions: 717->0(717)
[5771.084s][info][gc,heap        ] GC(684) Survivor regions: 51->51(96)
[5771.084s][info][gc,heap        ] GC(684) Old regions: 252->255
[5771.084s][info][gc,heap        ] GC(684) Humongous regions: 33->33
[5771.084s][info][gc,metaspace   ] GC(684) Metaspace: 29977K(30144K)->29977K(30144K) NonClass: 29977K(30144K)->29977K(30144K) Class: 0K(0K)->0K(0K)
[5771.084s][info][gc             ] GC(684) Pause Young (Normal) (G1 Evacuation Pause) 8402M->2683M(10240M) 161.762ms
[5771.084s][info][gc,cpu         ] GC(684) User=1.28s Sys=0.00s Real=0.16s
... (rIR:aIR:PR = 9824:9872:9874) (tPR = 145833) [OK] 
  5773s: Performance info:
         Transaction,    Success,    Partial,     Failed,   Receipts, AvgBarcode, 
             Overall,     595941,          0,          0,     566319,      59.47, 
         Response times:
             Request,    Success,    Partial,     Failed,   SkipFail,     Probes,    Samples,      min,      p50,      p90,      p95,      p99,      max, 
       TotalPurchase,     566233,          0,          0,          0,     358001,     423203,      300,     7000,    21000,    48000,   109000,   620000,
     InStorePurchase,     299113,          0,          0,          0,     188149,     222227,      300,     6900,    21000,    47000,   106000,   568000,
      OnlinePurchase,     207030,          0,          0,          0,     132327,     156483,      400,     6900,    20000,    48000,   110000,   620000,
        InstPurchase,      60090,          0,          0,          0,      37525,      44493,      500,     7400,    23000,    51000,   114000,   620000,
          AssocOfCat,        594,          0,          0,          0,        481,        685,    30000,    53000,    77000,    93700,   174600,   305000,
      AssocOfProduct,       5991,          0,          0,          0,       4458,       5375,     1000,     7100,    23000,    52000,   106240,   187000,
      BusinessReport,       1478,          0,          0,          0,       1306,       1673,    33000,    57000,    83000,   114600,   226260,   459000,
          CustBuyBeh,       5934,          0,          0,          0,       4525,       5551,      200,     5700,    19500,    51000,   110000,   290000,
       ProductReturn,      15584,          0,          0,          0,       9157,      11019,      400,     7300,    23000,    50000,   111000,   301000,

  5773s: (72%)   IR =   9963 ..[5775.868s][info][gc,start       ] GC(685) Pause Young (Normal) (G1 Evacuation Pause)
[5775.868s][info][gc,task        ] GC(685) Using 8 workers of 8 for evacuation
[5776.031s][info][gc,phases      ] GC(685)   Pre Evacuate Collection Set: 0.31ms
[5776.031s][info][gc,phases      ] GC(685)   Merge Heap Roots: 0.59ms
[5776.031s][info][gc,phases      ] GC(685)   Evacuate Collection Set: 160.98ms
[5776.031s][info][gc,phases      ] GC(685)   Post Evacuate Collection Set: 1.33ms
[5776.031s][info][gc,phases      ] GC(685)   Other: 0.07ms
[5776.031s][info][gc,heap        ] GC(685) Eden regions: 717->0(717)
[5776.031s][info][gc,heap        ] GC(685) Survivor regions: 51->51(96)
[5776.031s][info][gc,heap        ] GC(685) Old regions: 255->258
[5776.031s][info][gc,heap        ] GC(685) Humongous regions: 33->33
[5776.031s][info][gc,metaspace   ] GC(685) Metaspace: 29977K(30144K)->29977K(30144K) NonClass: 29977K(30144K)->29977K(30144K) Class: 0K(0K)->0K(0K)
[5776.031s][info][gc             ] GC(685) Pause Young (Normal) (G1 Evacuation Pause) 8419M->2705M(10240M) 163.402ms
[5776.031s][info][gc,cpu         ] GC(685) User=1.28s Sys=0.00s Real=0.16s
.....[5780.857s][info][gc,start       ] GC(686) Pause Young (Normal) (G1 Evacuation Pause)
[5780.857s][info][gc,task        ] GC(686) Using 8 workers of 8 for evacuation
[5781.023s][info][gc,phases      ] GC(686)   Pre Evacuate Collection Set: 0.30ms
[5781.023s][info][gc,phases      ] GC(686)   Merge Heap Roots: 0.57ms
[5781.023s][info][gc,phases      ] GC(686)   Evacuate Collection Set: 163.99ms
[5781.024s][info][gc,phases      ] GC(686)   Post Evacuate Collection Set: 1.30ms
[5781.024s][info][gc,phases      ] GC(686)   Other: 0.06ms
[5781.024s][info][gc,heap        ] GC(686) Eden regions: 717->0(716)
[5781.024s][info][gc,heap        ] GC(686) Survivor regions: 51->52(96)
[5781.024s][info][gc,heap        ] GC(686) Old regions: 258->260
[5781.024s][info][gc,heap        ] GC(686) Humongous regions: 33->33
[5781.024s][info][gc,metaspace   ] GC(686) Metaspace: 29977K(30144K)->29977K(30144K) NonClass: 29977K(30144K)->29977K(30144K) Class: 0K(0K)->0K(0K)
[5781.024s][info][gc             ] GC(686) Pause Young (Normal) (G1 Evacuation Pause) 8441M->2738M(10240M) 166.369ms
[5781.024s][info][gc,cpu         ] GC(686) User=1.30s Sys=0.00s Real=0.16s
....[5785.616s][info][gc,start       ] GC(687) Pause Young (Normal) (G1 Evacuation Pause)
[5785.616s][info][gc,task        ] GC(687) Using 8 workers of 8 for evacuation
[5785.781s][info][gc,phases      ] GC(687)   Pre Evacuate Collection Set: 0.30ms
[5785.781s][info][gc,phases      ] GC(687)   Merge Heap Roots: 0.60ms
[5785.781s][info][gc,phases      ] GC(687)   Evacuate Collection Set: 162.89ms
[5785.781s][info][gc,phases      ] GC(687)   Post Evacuate Collection Set: 1.29ms
[5785.781s][info][gc,phases      ] GC(687)   Other: 0.06ms
[5785.781s][info][gc,heap        ] GC(687) Eden regions: 716->0(715)
[5785.781s][info][gc,heap        ] GC(687) Survivor regions: 52->53(96)
[5785.781s][info][gc,heap        ] GC(687) Old regions: 260->263
[5785.781s][info][gc,heap        ] GC(687) Humongous regions: 33->33
[5785.781s][info][gc,metaspace   ] GC(687) Metaspace: 29977K(30144K)->29977K(30144K) NonClass: 29977K(30144K)->29977K(30144K) Class: 0K(0K)->0K(0K)
[5785.781s][info][gc             ] GC(687) Pause Young (Normal) (G1 Evacuation Pause) 8466M->2762M(10240M) 165.326ms
[5785.781s][info][gc,cpu         ] GC(687) User=1.30s Sys=0.00s Real=0.16s
.....|[5790.351s][info][gc,start       ] GC(688) Pause Young (Normal) (G1 Evacuation Pause)
[5790.351s][info][gc,task        ] GC(688) Using 8 workers of 8 for evacuation
[5790.517s][info][gc,phases      ] GC(688)   Pre Evacuate Collection Set: 0.30ms
[5790.517s][info][gc,phases      ] GC(688)   Merge Heap Roots: 0.59ms
[5790.517s][info][gc,phases      ] GC(688)   Evacuate Collection Set: 163.11ms
[5790.517s][info][gc,phases      ] GC(688)   Post Evacuate Collection Set: 1.31ms
[5790.517s][info][gc,phases      ] GC(688)   Other: 0.09ms
[5790.517s][info][gc,heap        ] GC(688) Eden regions: 715->0(715)
[5790.517s][info][gc,heap        ] GC(688) Survivor regions: 53->53(96)
[5790.517s][info][gc,heap        ] GC(688) Old regions: 263->265
[5790.517s][info][gc,heap        ] GC(688) Humongous regions: 33->33
[5790.517s][info][gc,metaspace   ] GC(688) Metaspace: 29977K(30144K)->29977K(30144K) NonClass: 29977K(30144K)->29977K(30144K) Class: 0K(0K)->0K(0K)
[5790.517s][info][gc             ] GC(688) Pause Young (Normal) (G1 Evacuation Pause) 8482M->2787M(10240M) 165.529ms
[5790.517s][info][gc,cpu         ] GC(688) User=1.30s Sys=0.00s Real=0.17s
.....[5795.092s][info][gc,start       ] GC(689) Pause Young (Normal) (G1 Evacuation Pause)
[5795.092s][info][gc,task        ] GC(689) Using 8 workers of 8 for evacuation
[5795.259s][info][gc,phases      ] GC(689)   Pre Evacuate Collection Set: 0.27ms
[5795.259s][info][gc,phases      ] GC(689)   Merge Heap Roots: 0.61ms
[5795.259s][info][gc,phases      ] GC(689)   Evacuate Collection Set: 164.38ms
[5795.259s][info][gc,phases      ] GC(689)   Post Evacuate Collection Set: 1.33ms
[5795.259s][info][gc,phases      ] GC(689)   Other: 0.07ms
[5795.259s][info][gc,heap        ] GC(689) Eden regions: 715->0(715)
[5795.259s][info][gc,heap        ] GC(689) Survivor regions: 53->53(96)
[5795.259s][info][gc,heap        ] GC(689) Old regions: 265->268
[5795.259s][info][gc,heap        ] GC(689) Humongous regions: 33->33
[5795.259s][info][gc,metaspace   ] GC(689) Metaspace: 29977K(30144K)->29977K(30144K) NonClass: 29977K(30144K)->29977K(30144K) Class: 0K(0K)->0K(0K)
[5795.259s][info][gc             ] GC(689) Pause Young (Normal) (G1 Evacuation Pause) 8507M->2803M(10240M) 166.802ms
[5795.259s][info][gc,cpu         ] GC(689) User=1.32s Sys=0.00s Real=0.17s
.....[5799.908s][info][gc,start       ] GC(690) Pause Young (Normal) (G1 Evacuation Pause)
[5799.908s][info][gc,task        ] GC(690) Using 8 workers of 8 for evacuation
[5800.075s][info][gc,phases      ] GC(690)   Pre Evacuate Collection Set: 0.30ms
[5800.075s][info][gc,phases      ] GC(690)   Merge Heap Roots: 0.65ms
[5800.075s][info][gc,phases      ] GC(690)   Evacuate Collection Set: 164.78ms
[5800.075s][info][gc,phases      ] GC(690)   Post Evacuate Collection Set: 1.30ms
[5800.075s][info][gc,phases      ] GC(690)   Other: 0.07ms
[5800.075s][info][gc,heap        ] GC(690) Eden regions: 715->0(717)
[5800.075s][info][gc,heap        ] GC(690) Survivor regions: 53->51(96)
[5800.075s][info][gc,heap        ] GC(690) Old regions: 268->270
[5800.075s][info][gc,heap        ] GC(690) Humongous regions: 33->33
[5800.075s][info][gc,metaspace   ] GC(690) Metaspace: 29977K(30144K)->29977K(30144K) NonClass: 29977K(30144K)->29977K(30144K) Class: 0K(0K)->0K(0K)
[5800.075s][info][gc             ] GC(690) Pause Young (Normal) (G1 Evacuation Pause) 8523M->2811M(10240M) 167.235ms
[5800.075s][info][gc,cpu         ] GC(690) User=1.31s Sys=0.00s Real=0.16s
....[5804.728s][info][gc,start       ] GC(691) Pause Young (Normal) (G1 Evacuation Pause)
[5804.728s][info][gc,task        ] GC(691) Using 8 workers of 8 for evacuation
[5804.894s][info][gc,phases      ] GC(691)   Pre Evacuate Collection Set: 0.29ms
[5804.894s][info][gc,phases      ] GC(691)   Merge Heap Roots: 0.61ms
[5804.894s][info][gc,phases      ] GC(691)   Evacuate Collection Set: 163.31ms
[5804.894s][info][gc,phases      ] GC(691)   Post Evacuate Collection Set: 1.28ms
[5804.894s][info][gc,phases      ] GC(691)   Other: 0.06ms
[5804.894s][info][gc,heap        ] GC(691) Eden regions: 717->0(716)
[5804.894s][info][gc,heap        ] GC(691) Survivor regions: 51->52(96)
[5804.894s][info][gc,heap        ] GC(691) Old regions: 270->273
[5804.894s][info][gc,heap        ] GC(691) Humongous regions: 33->33
[5804.894s][info][gc,metaspace   ] GC(691) Metaspace: 29977K(30144K)->29977K(30144K) NonClass: 29977K(30144K)->29977K(30144K) Class: 0K(0K)->0K(0K)
[5804.894s][info][gc             ] GC(691) Pause Young (Normal) (G1 Evacuation Pause) 8547M->2841M(10240M) 165.718ms
[5804.894s][info][gc,cpu         ] GC(691) User=1.30s Sys=0.00s Real=0.16s
.....[5809.512s][info][gc,start       ] GC(692) Pause Young (Normal) (G1 Evacuation Pause)
[5809.512s][info][gc,task        ] GC(692) Using 8 workers of 8 for evacuation
[5809.679s][info][gc,phases      ] GC(692)   Pre Evacuate Collection Set: 0.28ms
[5809.679s][info][gc,phases      ] GC(692)   Merge Heap Roots: 0.65ms
[5809.679s][info][gc,phases      ] GC(692)   Evacuate Collection Set: 164.48ms
[5809.679s][info][gc,phases      ] GC(692)   Post Evacuate Collection Set: 1.30ms
[5809.679s][info][gc,phases      ] GC(692)   Other: 0.08ms
[5809.679s][info][gc,heap        ] GC(692) Eden regions: 716->0(715)
[5809.679s][info][gc,heap        ] GC(692) Survivor regions: 52->53(96)
[5809.679s][info][gc,heap        ] GC(692) Old regions: 273->276
[5809.679s][info][gc,heap        ] GC(692) Humongous regions: 33->33
[5809.679s][info][gc,metaspace   ] GC(692) Metaspace: 29977K(30144K)->29977K(30144K) NonClass: 29977K(30144K)->29977K(30144K) Class: 0K(0K)->0K(0K)
[5809.679s][info][gc             ] GC(692) Pause Young (Normal) (G1 Evacuation Pause) 8569M->2866M(10240M) 166.914ms
[5809.679s][info][gc,cpu         ] GC(692) User=1.31s Sys=0.00s Real=0.17s
.....[5814.279s][info][gc,start       ] GC(693) Pause Young (Normal) (G1 Evacuation Pause)
[5814.279s][info][gc,task        ] GC(693) Using 8 workers of 8 for evacuation
[5814.446s][info][gc,phases      ] GC(693)   Pre Evacuate Collection Set: 0.29ms
[5814.446s][info][gc,phases      ] GC(693)   Merge Heap Roots: 0.59ms
[5814.446s][info][gc,phases      ] GC(693)   Evacuate Collection Set: 164.25ms
[5814.446s][info][gc,phases      ] GC(693)   Post Evacuate Collection Set: 1.29ms
[5814.446s][info][gc,phases      ] GC(693)   Other: 0.06ms
[5814.446s][info][gc,heap        ] GC(693) Eden regions: 715->0(715)
[5814.446s][info][gc,heap        ] GC(693) Survivor regions: 53->53(96)
[5814.446s][info][gc,heap        ] GC(693) Old regions: 276->278
[5814.446s][info][gc,heap        ] GC(693) Humongous regions: 33->33
[5814.446s][info][gc,metaspace   ] GC(693) Metaspace: 29977K(30144K)->29977K(30144K) NonClass: 29977K(30144K)->29977K(30144K) Class: 0K(0K)->0K(0K)
[5814.446s][info][gc             ] GC(693) Pause Young (Normal) (G1 Evacuation Pause) 8586M->2887M(10240M) 166.634ms
[5814.446s][info][gc,cpu         ] GC(693) User=1.31s Sys=0.00s Real=0.17s
.....[5819.104s][info][gc,start       ] GC(694) Pause Young (Concurrent Start) (G1 Evacuation Pause)
[5819.104s][info][gc,task        ] GC(694) Using 8 workers of 8 for evacuation
[5819.271s][info][gc,phases      ] GC(694)   Pre Evacuate Collection Set: 0.33ms
[5819.271s][info][gc,phases      ] GC(694)   Merge Heap Roots: 0.60ms
[5819.271s][info][gc,phases      ] GC(694)   Evacuate Collection Set: 164.02ms
[5819.271s][info][gc,phases      ] GC(694)   Post Evacuate Collection Set: 1.30ms
[5819.271s][info][gc,phases      ] GC(694)   Other: 0.12ms
[5819.271s][info][gc,heap        ] GC(694) Eden regions: 715->0(716)
[5819.271s][info][gc,heap        ] GC(694) Survivor regions: 53->52(96)
[5819.271s][info][gc,heap        ] GC(694) Old regions: 278->281
[5819.271s][info][gc,heap        ] GC(694) Humongous regions: 33->33
[5819.271s][info][gc,metaspace   ] GC(694) Metaspace: 29977K(30144K)->29977K(30144K) NonClass: 29977K(30144K)->29977K(30144K) Class: 0K(0K)->0K(0K)
[5819.271s][info][gc             ] GC(694) Pause Young (Concurrent Start) (G1 Evacuation Pause) 8607M->2904M(10240M) 166.502ms
[5819.271s][info][gc             ] GC(695) Concurrent Mark Cycle
[5819.271s][info][gc,marking     ] GC(695) Concurrent Scan Root Regions
[5819.271s][info][gc,cpu         ] GC(694) User=1.31s Sys=0.00s Real=0.17s
[5819.609s][info][gc,marking     ] GC(695) Concurrent Scan Root Regions 338.081ms
[5819.609s][info][gc,marking     ] GC(695) Concurrent Mark
[5819.609s][info][gc,marking     ] GC(695) Concurrent Mark From Roots
[5819.609s][info][gc,task        ] GC(695) Using 2 workers of 2 for marking
.[5820.534s][info][gc,marking     ] GC(695) Concurrent Mark From Roots 924.820ms
[5820.534s][info][gc,marking     ] GC(695) Concurrent Preclean
[5820.534s][info][gc,marking     ] GC(695) Concurrent Preclean 0.217ms
[5820.534s][info][gc,start       ] GC(695) Pause Remark
[5820.536s][info][gc             ] GC(695) Pause Remark 4337M->4137M(10240M) 1.606ms
[5820.536s][info][gc,cpu         ] GC(695) User=0.00s Sys=0.00s Real=0.01s
[5820.536s][info][gc,marking     ] GC(695) Concurrent Mark 927.212ms
[5820.536s][info][gc,marking     ] GC(695) Concurrent Rebuild Remembered Sets and Scrub Regions
.[5821.293s][info][gc,marking     ] GC(695) Concurrent Rebuild Remembered Sets and Scrub Regions 756.391ms
[5821.293s][info][gc,start       ] GC(695) Pause Cleanup
[5821.293s][info][gc             ] GC(695) Pause Cleanup 5129M->5129M(10240M) 0.321ms
[5821.293s][info][gc,cpu         ] GC(695) User=0.00s Sys=0.00s Real=0.00s
[5821.293s][info][gc,marking     ] GC(695) Concurrent Clear Claimed Marks
[5821.293s][info][gc,marking     ] GC(695) Concurrent Clear Claimed Marks 0.054ms
[5821.293s][info][gc,marking     ] GC(695) Concurrent Cleanup for Next Mark
[5821.319s][info][gc,marking     ] GC(695) Concurrent Cleanup for Next Mark 25.423ms
[5821.319s][info][gc             ] GC(695) Concurrent Mark Cycle 2048.001ms
..[5823.851s][info][gc,start       ] GC(696) Pause Young (Prepare Mixed) (G1 Evacuation Pause)
[5823.851s][info][gc,task        ] GC(696) Using 8 workers of 8 for evacuation
[5824.026s][info][gc,phases      ] GC(696)   Pre Evacuate Collection Set: 0.29ms
[5824.026s][info][gc,phases      ] GC(696)   Merge Heap Roots: 0.84ms
[5824.026s][info][gc,phases      ] GC(696)   Evacuate Collection Set: 172.08ms
[5824.026s][info][gc,phases      ] GC(696)   Post Evacuate Collection Set: 1.40ms
[5824.026s][info][gc,phases      ] GC(696)   Other: 0.08ms
[5824.026s][info][gc,heap        ] GC(696) Eden regions: 716->0(714)
[5824.026s][info][gc,heap        ] GC(696) Survivor regions: 52->54(96)
[5824.026s][info][gc,heap        ] GC(696) Old regions: 256->259
[5824.026s][info][gc,heap        ] GC(696) Humongous regions: 33->33
[5824.026s][info][gc,metaspace   ] GC(696) Metaspace: 29977K(30144K)->29977K(30144K) NonClass: 29977K(30144K)->29977K(30144K) Class: 0K(0K)->0K(0K)
[5824.026s][info][gc             ] GC(696) Pause Young (Prepare Mixed) (G1 Evacuation Pause) 8432M->2740M(10240M) 174.843ms
[5824.026s][info][gc,cpu         ] GC(696) User=1.37s Sys=0.00s Real=0.18s
.....[5828.647s][info][gc,start       ] GC(697) Pause Young (Mixed) (G1 Evacuation Pause)
[5828.647s][info][gc,task        ] GC(697) Using 8 workers of 8 for evacuation
[5828.819s][info][gc,phases      ] GC(697)   Pre Evacuate Collection Set: 0.33ms
[5828.819s][info][gc,phases      ] GC(697)   Merge Heap Roots: 0.83ms
[5828.819s][info][gc,phases      ] GC(697)   Evacuate Collection Set: 167.24ms
[5828.819s][info][gc,phases      ] GC(697)   Merge Optional Heap Roots: 0.11ms
[5828.819s][info][gc,phases      ] GC(697)   Evacuate Optional Collection Set: 1.33ms
[5828.819s][info][gc,phases      ] GC(697)   Post Evacuate Collection Set: 1.51ms
[5828.819s][info][gc,phases      ] GC(697)   Other: 0.09ms
[5828.819s][info][gc,heap        ] GC(697) Eden regions: 714->0(715)
[5828.819s][info][gc,heap        ] GC(697) Survivor regions: 54->53(96)
[5828.819s][info][gc,heap        ] GC(697) Old regions: 259->134
[5828.819s][info][gc,heap        ] GC(697) Humongous regions: 33->33
[5828.819s][info][gc,metaspace   ] GC(697) Metaspace: 29977K(30144K)->29977K(30144K) NonClass: 29977K(30144K)->29977K(30144K) Class: 0K(0K)->0K(0K)
[5828.819s][info][gc             ] GC(697) Pause Young (Mixed) (G1 Evacuation Pause) 8452M->1734M(10240M) 171.580ms
[5828.819s][info][gc,cpu         ] GC(697) User=1.34s Sys=0.00s Real=0.17s
.....[5833.465s][info][gc,start       ] GC(698) Pause Young (Mixed) (G1 Evacuation Pause)
[5833.465s][info][gc,task        ] GC(698) Using 8 workers of 8 for evacuation
[5833.632s][info][gc,phases      ] GC(698)   Pre Evacuate Collection Set: 0.29ms
[5833.632s][info][gc,phases      ] GC(698)   Merge Heap Roots: 0.64ms
[5833.632s][info][gc,phases      ] GC(698)   Evacuate Collection Set: 164.95ms
[5833.632s][info][gc,phases      ] GC(698)   Post Evacuate Collection Set: 1.28ms
[5833.632s][info][gc,phases      ] GC(698)   Other: 0.07ms
[5833.632s][info][gc,heap        ] GC(698) Eden regions: 715->0(716)
[5833.632s][info][gc,heap        ] GC(698) Survivor regions: 53->52(96)
[5833.632s][info][gc,heap        ] GC(698) Old regions: 134->133
[5833.632s][info][gc,heap        ] GC(698) Humongous regions: 33->33
[5833.632s][info][gc,metaspace   ] GC(698) Metaspace: 29977K(30144K)->29977K(30144K) NonClass: 29977K(30144K)->29977K(30144K) Class: 0K(0K)->0K(0K)
[5833.632s][info][gc             ] GC(698) Pause Young (Mixed) (G1 Evacuation Pause) 7454M->1717M(10240M) 167.358ms
[5833.632s][info][gc,cpu         ] GC(698) User=1.31s Sys=0.00s Real=0.17s
.....[5838.318s][info][gc,start       ] GC(699) Pause Young (Normal) (G1 Evacuation Pause)
[5838.318s][info][gc,task        ] GC(699) Using 8 workers of 8 for evacuation
[5838.483s][info][gc,phases      ] GC(699)   Pre Evacuate Collection Set: 0.29ms
[5838.483s][info][gc,phases      ] GC(699)   Merge Heap Roots: 0.62ms
[5838.483s][info][gc,phases      ] GC(699)   Evacuate Collection Set: 162.76ms
[5838.483s][info][gc,phases      ] GC(699)   Post Evacuate Collection Set: 1.29ms
[5838.483s][info][gc,phases      ] GC(699)   Other: 0.07ms
[5838.483s][info][gc,heap        ] GC(699) Eden regions: 716->0(716)
[5838.483s][info][gc,heap        ] GC(699) Survivor regions: 52->52(96)
[5838.483s][info][gc,heap        ] GC(699) Old regions: 133->136
[5838.483s][info][gc,heap        ] GC(699) Humongous regions: 33->33
[5838.483s][info][gc,metaspace   ] GC(699) Metaspace: 29977K(30144K)->29977K(30144K) NonClass: 29977K(30144K)->29977K(30144K) Class: 0K(0K)->0K(0K)
[5838.483s][info][gc             ] GC(699) Pause Young (Normal) (G1 Evacuation Pause) 7445M->1739M(10240M) 165.159ms
[5838.483s][info][gc,cpu         ] GC(699) User=1.30s Sys=0.00s Real=0.16s
....[5843.027s][info][gc,start       ] GC(700) Pause Young (Normal) (G1 Evacuation Pause)
[5843.027s][info][gc,task        ] GC(700) Using 8 workers of 8 for evacuation
[5843.194s][info][gc,phases      ] GC(700)   Pre Evacuate Collection Set: 0.28ms
[5843.194s][info][gc,phases      ] GC(700)   Merge Heap Roots: 0.55ms
[5843.194s][info][gc,phases      ] GC(700)   Evacuate Collection Set: 164.36ms
[5843.194s][info][gc,phases      ] GC(700)   Post Evacuate Collection Set: 1.30ms
[5843.194s][info][gc,phases      ] GC(700)   Other: 0.06ms
[5843.194s][info][gc,heap        ] GC(700) Eden regions: 716->0(715)
[5843.194s][info][gc,heap        ] GC(700) Survivor regions: 52->53(96)
[5843.194s][info][gc,heap        ] GC(700) Old regions: 136->139
[5843.194s][info][gc,heap        ] GC(700) Humongous regions: 33->33
[5843.194s][info][gc,metaspace   ] GC(700) Metaspace: 29977K(30144K)->29977K(30144K) NonClass: 29977K(30144K)->29977K(30144K) Class: 0K(0K)->0K(0K)
[5843.194s][info][gc             ] GC(700) Pause Young (Normal) (G1 Evacuation Pause) 7467M->1768M(10240M) 166.696ms
[5843.194s][info][gc,cpu         ] GC(700) User=1.31s Sys=0.00s Real=0.16s
.....[5847.724s][info][gc,start       ] GC(701) Pause Young (Normal) (G1 Evacuation Pause)
[5847.724s][info][gc,task        ] GC(701) Using 8 workers of 8 for evacuation
[5847.894s][info][gc,phases      ] GC(701)   Pre Evacuate Collection Set: 0.29ms
[5847.894s][info][gc,phases      ] GC(701)   Merge Heap Roots: 0.57ms
[5847.894s][info][gc,phases      ] GC(701)   Evacuate Collection Set: 167.15ms
[5847.894s][info][gc,phases      ] GC(701)   Post Evacuate Collection Set: 1.29ms
[5847.894s][info][gc,phases      ] GC(701)   Other: 0.06ms
[5847.894s][info][gc,heap        ] GC(701) Eden regions: 715->0(714)
[5847.894s][info][gc,heap        ] GC(701) Survivor regions: 53->54(96)
[5847.894s][info][gc,heap        ] GC(701) Old regions: 139->141
[5847.894s][info][gc,heap        ] GC(701) Humongous regions: 33->33
[5847.894s][info][gc,metaspace   ] GC(701) Metaspace: 29977K(30144K)->29977K(30144K) NonClass: 29977K(30144K)->29977K(30144K) Class: 0K(0K)->0K(0K)
[5847.894s][info][gc             ] GC(701) Pause Young (Normal) (G1 Evacuation Pause) 7488M->1797M(10240M) 169.491ms
[5847.894s][info][gc,cpu         ] GC(701) User=1.33s Sys=0.00s Real=0.17s
... (rIR:aIR:PR = 9963:10049:10048) (tPR = 150269) [OK] 
  5850s: Performance info:
         Transaction,    Success,    Partial,     Failed,   Receipts, AvgBarcode, 
             Overall,     607086,          0,          0,     576688,      59.48, 
         Response times:
             Request,    Success,    Partial,     Failed,   SkipFail,     Probes,    Samples,      min,      p50,      p90,      p95,      p99,      max, 
       TotalPurchase,     576762,          0,          0,          0,     359148,     462969,      300,     7600,    41000,    87000,   148000,  2000000,
     InStorePurchase,     304300,          0,          0,          0,     188804,     242613,      300,     7600,    41000,    89000,   148000,  2000000,
      OnlinePurchase,     212878,          0,          0,          0,     131842,     170281,      300,     7500,    41000,    86000,   144180,  2000000,
        InstPurchase,      59584,          0,          0,          0,      38502,      50075,      500,     7600,    41000,    86000,   160000,  1900000,
          AssocOfCat,        603,          0,          0,          0,        494,        743,    32000,    58000,   109600,   158800,   231560,   302000,
      AssocOfProduct,       6054,          0,          0,          0,       4496,       5957,      500,     8400,    41000,    96000,   151420,  1900000,
      BusinessReport,       1507,          0,          0,          0,       1325,       1837,    31000,    60000,   107000,   151100,   244480,   531000,
          CustBuyBeh,       6006,          0,          0,          0,       4556,       6131,      500,     7300,    44800,    91000,   150680,   576000,
       ProductReturn,      16207,          0,          0,          0,       9477,      12454,      200,     6700,    40000,    93000,   160000,  1900000,

  5850s: (73%)   IR =  10101 ..[5852.401s][info][gc,start       ] GC(702) Pause Young (Normal) (G1 Evacuation Pause)
[5852.401s][info][gc,task        ] GC(702) Using 8 workers of 8 for evacuation
[5852.565s][info][gc,phases      ] GC(702)   Pre Evacuate Collection Set: 0.29ms
[5852.565s][info][gc,phases      ] GC(702)   Merge Heap Roots: 0.57ms
[5852.565s][info][gc,phases      ] GC(702)   Evacuate Collection Set: 161.48ms
[5852.565s][info][gc,phases      ] GC(702)   Post Evacuate Collection Set: 1.38ms
[5852.565s][info][gc,phases      ] GC(702)   Other: 0.07ms
[5852.565s][info][gc,heap        ] GC(702) Eden regions: 714->0(716)
[5852.565s][info][gc,heap        ] GC(702) Survivor regions: 54->52(96)
[5852.565s][info][gc,heap        ] GC(702) Old regions: 141->144
[5852.565s][info][gc,heap        ] GC(702) Humongous regions: 33->33
[5852.565s][info][gc,metaspace   ] GC(702) Metaspace: 29977K(30144K)->29977K(30144K) NonClass: 29977K(30144K)->29977K(30144K) Class: 0K(0K)->0K(0K)
[5852.565s][info][gc             ] GC(702) Pause Young (Normal) (G1 Evacuation Pause) 7509M->1803M(10240M) 163.928ms
[5852.565s][info][gc,cpu         ] GC(702) User=1.29s Sys=0.00s Real=0.16s
....[5857.121s][info][gc,start       ] GC(703) Pause Young (Normal) (G1 Evacuation Pause)
[5857.121s][info][gc,task        ] GC(703) Using 8 workers of 8 for evacuation
[5857.292s][info][gc,phases      ] GC(703)   Pre Evacuate Collection Set: 0.30ms
[5857.292s][info][gc,phases      ] GC(703)   Merge Heap Roots: 0.55ms
[5857.292s][info][gc,phases      ] GC(703)   Evacuate Collection Set: 169.31ms
[5857.292s][info][gc,phases      ] GC(703)   Post Evacuate Collection Set: 1.35ms
[5857.292s][info][gc,phases      ] GC(703)   Other: 0.07ms
[5857.292s][info][gc,heap        ] GC(703) Eden regions: 716->0(715)
[5857.292s][info][gc,heap        ] GC(703) Survivor regions: 52->53(96)
[5857.292s][info][gc,heap        ] GC(703) Old regions: 144->147
[5857.292s][info][gc,heap        ] GC(703) Humongous regions: 33->33
[5857.292s][info][gc,metaspace   ] GC(703) Metaspace: 29977K(30144K)->29977K(30144K) NonClass: 29977K(30144K)->29977K(30144K) Class: 0K(0K)->0K(0K)
[5857.292s][info][gc             ] GC(703) Pause Young (Normal) (G1 Evacuation Pause) 7531M->1837M(10240M) 171.718ms
[5857.292s][info][gc,cpu         ] GC(703) User=1.36s Sys=0.00s Real=0.17s
....|.[5861.914s][info][gc,start       ] GC(704) Pause Young (Normal) (G1 Evacuation Pause)
[5861.914s][info][gc,task        ] GC(704) Using 8 workers of 8 for evacuation
[5862.076s][info][gc,phases      ] GC(704)   Pre Evacuate Collection Set: 0.30ms
[5862.076s][info][gc,phases      ] GC(704)   Merge Heap Roots: 0.57ms
[5862.076s][info][gc,phases      ] GC(704)   Evacuate Collection Set: 160.35ms
[5862.076s][info][gc,phases      ] GC(704)   Post Evacuate Collection Set: 1.32ms
[5862.076s][info][gc,phases      ] GC(704)   Other: 0.07ms
[5862.076s][info][gc,heap        ] GC(704) Eden regions: 715->0(717)
[5862.076s][info][gc,heap        ] GC(704) Survivor regions: 53->51(96)
[5862.076s][info][gc,heap        ] GC(704) Old regions: 147->149
[5862.076s][info][gc,heap        ] GC(704) Humongous regions: 33->33
[5862.076s][info][gc,metaspace   ] GC(704) Metaspace: 29977K(30144K)->29977K(30144K) NonClass: 29977K(30144K)->29977K(30144K) Class: 0K(0K)->0K(0K)
[5862.076s][info][gc             ] GC(704) Pause Young (Normal) (G1 Evacuation Pause) 7557M->1842M(10240M) 162.743ms
[5862.076s][info][gc,cpu         ] GC(704) User=1.28s Sys=0.00s Real=0.17s
.....[5866.615s][info][gc,start       ] GC(705) Pause Young (Normal) (G1 Evacuation Pause)
[5866.615s][info][gc,task        ] GC(705) Using 8 workers of 8 for evacuation
[5866.782s][info][gc,phases      ] GC(705)   Pre Evacuate Collection Set: 0.33ms
[5866.782s][info][gc,phases      ] GC(705)   Merge Heap Roots: 0.72ms
[5866.782s][info][gc,phases      ] GC(705)   Evacuate Collection Set: 165.18ms
[5866.782s][info][gc,phases      ] GC(705)   Post Evacuate Collection Set: 1.31ms
[5866.783s][info][gc,phases      ] GC(705)   Other: 0.09ms
[5866.783s][info][gc,heap        ] GC(705) Eden regions: 717->0(715)
[5866.783s][info][gc,heap        ] GC(705) Survivor regions: 51->53(96)
[5866.783s][info][gc,heap        ] GC(705) Old regions: 149->152
[5866.783s][info][gc,heap        ] GC(705) Humongous regions: 33->33
[5866.783s][info][gc,metaspace   ] GC(705) Metaspace: 29977K(30144K)->29977K(30144K) NonClass: 29977K(30144K)->29977K(30144K) Class: 0K(0K)->0K(0K)
[5866.783s][info][gc             ] GC(705) Pause Young (Normal) (G1 Evacuation Pause) 7578M->1875M(10240M) 167.758ms
[5866.783s][info][gc,cpu         ] GC(705) User=1.32s Sys=0.00s Real=0.17s
....[5871.275s][info][gc,start       ] GC(706) Pause Young (Normal) (G1 Evacuation Pause)
[5871.275s][info][gc,task        ] GC(706) Using 8 workers of 8 for evacuation
[5871.443s][info][gc,phases      ] GC(706)   Pre Evacuate Collection Set: 0.32ms
[5871.443s][info][gc,phases      ] GC(706)   Merge Heap Roots: 0.64ms
[5871.443s][info][gc,phases      ] GC(706)   Evacuate Collection Set: 165.58ms
[5871.443s][info][gc,phases      ] GC(706)   Post Evacuate Collection Set: 1.32ms
[5871.443s][info][gc,phases      ] GC(706)   Other: 0.06ms
[5871.443s][info][gc,heap        ] GC(706) Eden regions: 715->0(715)
[5871.443s][info][gc,heap        ] GC(706) Survivor regions: 53->53(96)
[5871.443s][info][gc,heap        ] GC(706) Old regions: 152->155
[5871.443s][info][gc,heap        ] GC(706) Humongous regions: 33->33
[5871.443s][info][gc,metaspace   ] GC(706) Metaspace: 29977K(30144K)->29977K(30144K) NonClass: 29977K(30144K)->29977K(30144K) Class: 0K(0K)->0K(0K)
[5871.443s][info][gc             ] GC(706) Pause Young (Normal) (G1 Evacuation Pause) 7595M->1896M(10240M) 168.080ms
[5871.443s][info][gc,cpu         ] GC(706) User=1.32s Sys=0.00s Real=0.17s
.....[5876.072s][info][gc,start       ] GC(707) Pause Young (Normal) (G1 Evacuation Pause)
[5876.072s][info][gc,task        ] GC(707) Using 8 workers of 8 for evacuation
[5876.235s][info][gc,phases      ] GC(707)   Pre Evacuate Collection Set: 0.30ms
[5876.235s][info][gc,phases      ] GC(707)   Merge Heap Roots: 0.57ms
[5876.235s][info][gc,phases      ] GC(707)   Evacuate Collection Set: 160.06ms
[5876.235s][info][gc,phases      ] GC(707)   Post Evacuate Collection Set: 1.27ms
[5876.235s][info][gc,phases      ] GC(707)   Other: 0.07ms
[5876.235s][info][gc,heap        ] GC(707) Eden regions: 715->0(717)
[5876.235s][info][gc,heap        ] GC(707) Survivor regions: 53->51(96)
[5876.235s][info][gc,heap        ] GC(707) Old regions: 155->157
[5876.235s][info][gc,heap        ] GC(707) Humongous regions: 33->33
[5876.235s][info][gc,metaspace   ] GC(707) Metaspace: 29977K(30144K)->29977K(30144K) NonClass: 29977K(30144K)->29977K(30144K) Class: 0K(0K)->0K(0K)
[5876.235s][info][gc             ] GC(707) Pause Young (Normal) (G1 Evacuation Pause) 7616M->1902M(10240M) 162.404ms
[5876.235s][info][gc,cpu         ] GC(707) User=1.28s Sys=0.00s Real=0.16s
.....[5880.702s][info][gc,start       ] GC(708) Pause Young (Normal) (G1 Evacuation Pause)
[5880.702s][info][gc,task        ] GC(708) Using 8 workers of 8 for evacuation
[5880.868s][info][gc,phases      ] GC(708)   Pre Evacuate Collection Set: 0.34ms
[5880.868s][info][gc,phases      ] GC(708)   Merge Heap Roots: 0.56ms
[5880.868s][info][gc,phases      ] GC(708)   Evacuate Collection Set: 163.14ms
[5880.868s][info][gc,phases      ] GC(708)   Post Evacuate Collection Set: 1.34ms
[5880.868s][info][gc,phases      ] GC(708)   Other: 0.06ms
[5880.868s][info][gc,heap        ] GC(708) Eden regions: 717->0(716)
[5880.868s][info][gc,heap        ] GC(708) Survivor regions: 51->52(96)
[5880.868s][info][gc,heap        ] GC(708) Old regions: 157->160
[5880.868s][info][gc,heap        ] GC(708) Humongous regions: 33->33
[5880.868s][info][gc,metaspace   ] GC(708) Metaspace: 29977K(30144K)->29977K(30144K) NonClass: 29977K(30144K)->29977K(30144K) Class: 0K(0K)->0K(0K)
[5880.868s][info][gc             ] GC(708) Pause Young (Normal) (G1 Evacuation Pause) 7638M->1935M(10240M) 165.575ms
[5880.868s][info][gc,cpu         ] GC(708) User=1.30s Sys=0.00s Real=0.17s
....[5885.370s][info][gc,start       ] GC(709) Pause Young (Normal) (G1 Evacuation Pause)
[5885.370s][info][gc,task        ] GC(709) Using 8 workers of 8 for evacuation
[5885.538s][info][gc,phases      ] GC(709)   Pre Evacuate Collection Set: 0.30ms
[5885.538s][info][gc,phases      ] GC(709)   Merge Heap Roots: 0.57ms
[5885.538s][info][gc,phases      ] GC(709)   Evacuate Collection Set: 165.98ms
[5885.538s][info][gc,phases      ] GC(709)   Post Evacuate Collection Set: 1.26ms
[5885.538s][info][gc,phases      ] GC(709)   Other: 0.07ms
[5885.538s][info][gc,heap        ] GC(709) Eden regions: 716->0(715)
[5885.538s][info][gc,heap        ] GC(709) Survivor regions: 52->53(96)
[5885.538s][info][gc,heap        ] GC(709) Old regions: 160->162
[5885.538s][info][gc,heap        ] GC(709) Humongous regions: 33->33
[5885.538s][info][gc,metaspace   ] GC(709) Metaspace: 29977K(30144K)->29977K(30144K) NonClass: 29977K(30144K)->29977K(30144K) Class: 0K(0K)->0K(0K)
[5885.538s][info][gc             ] GC(709) Pause Young (Normal) (G1 Evacuation Pause) 7663M->1959M(10240M) 168.309ms
[5885.538s][info][gc,cpu         ] GC(709) User=1.32s Sys=0.00s Real=0.17s
.....[5890.177s][info][gc,start       ] GC(710) Pause Young (Normal) (G1 Evacuation Pause)
[5890.177s][info][gc,task        ] GC(710) Using 8 workers of 8 for evacuation
[5890.340s][info][gc,phases      ] GC(710)   Pre Evacuate Collection Set: 0.28ms
[5890.340s][info][gc,phases      ] GC(710)   Merge Heap Roots: 0.57ms
[5890.340s][info][gc,phases      ] GC(710)   Evacuate Collection Set: 160.83ms
[5890.340s][info][gc,phases      ] GC(710)   Post Evacuate Collection Set: 1.31ms
[5890.340s][info][gc,phases      ] GC(710)   Other: 0.07ms
[5890.340s][info][gc,heap        ] GC(710) Eden regions: 715->0(716)
[5890.340s][info][gc,heap        ] GC(710) Survivor regions: 53->52(96)
[5890.340s][info][gc,heap        ] GC(710) Old regions: 162->165
[5890.340s][info][gc,heap        ] GC(710) Humongous regions: 33->33
[5890.341s][info][gc,metaspace   ] GC(710) Metaspace: 29977K(30144K)->29977K(30144K) NonClass: 29977K(30144K)->29977K(30144K) Class: 0K(0K)->0K(0K)
[5890.341s][info][gc             ] GC(710) Pause Young (Normal) (G1 Evacuation Pause) 7679M->1977M(10240M) 163.186ms
[5890.341s][info][gc,cpu         ] GC(710) User=1.28s Sys=0.00s Real=0.16s
.....[5894.970s][info][gc,start       ] GC(711) Pause Young (Normal) (G1 Evacuation Pause)
[5894.970s][info][gc,task        ] GC(711) Using 8 workers of 8 for evacuation
[5895.134s][info][gc,phases      ] GC(711)   Pre Evacuate Collection Set: 0.28ms
[5895.135s][info][gc,phases      ] GC(711)   Merge Heap Roots: 0.57ms
[5895.135s][info][gc,phases      ] GC(711)   Evacuate Collection Set: 162.48ms
[5895.135s][info][gc,phases      ] GC(711)   Post Evacuate Collection Set: 1.28ms
[5895.135s][info][gc,phases      ] GC(711)   Other: 0.06ms
[5895.135s][info][gc,heap        ] GC(711) Eden regions: 716->0(715)
[5895.135s][info][gc,heap        ] GC(711) Survivor regions: 52->53(96)
[5895.135s][info][gc,heap        ] GC(711) Old regions: 165->168
[5895.135s][info][gc,heap        ] GC(711) Humongous regions: 33->33
[5895.135s][info][gc,metaspace   ] GC(711) Metaspace: 29977K(30144K)->29977K(30144K) NonClass: 29977K(30144K)->29977K(30144K) Class: 0K(0K)->0K(0K)
[5895.135s][info][gc             ] GC(711) Pause Young (Normal) (G1 Evacuation Pause) 7705M->2001M(10240M) 164.808ms
[5895.135s][info][gc,cpu         ] GC(711) User=1.30s Sys=0.00s Real=0.16s
.....[5899.761s][info][gc,start       ] GC(712) Pause Young (Normal) (G1 Evacuation Pause)
[5899.761s][info][gc,task        ] GC(712) Using 8 workers of 8 for evacuation
[5899.927s][info][gc,phases      ] GC(712)   Pre Evacuate Collection Set: 0.29ms
[5899.927s][info][gc,phases      ] GC(712)   Merge Heap Roots: 0.59ms
[5899.927s][info][gc,phases      ] GC(712)   Evacuate Collection Set: 163.90ms
[5899.927s][info][gc,phases      ] GC(712)   Post Evacuate Collection Set: 1.32ms
[5899.927s][info][gc,phases      ] GC(712)   Other: 0.07ms
[5899.927s][info][gc,heap        ] GC(712) Eden regions: 715->0(715)
[5899.927s][info][gc,heap        ] GC(712) Survivor regions: 53->53(96)
[5899.927s][info][gc,heap        ] GC(712) Old regions: 168->170
[5899.927s][info][gc,heap        ] GC(712) Humongous regions: 33->33
[5899.927s][info][gc,metaspace   ] GC(712) Metaspace: 29977K(30144K)->29977K(30144K) NonClass: 29977K(30144K)->29977K(30144K) Class: 0K(0K)->0K(0K)
[5899.927s][info][gc             ] GC(712) Pause Young (Normal) (G1 Evacuation Pause) 7721M->2027M(10240M) 166.325ms
[5899.927s][info][gc,cpu         ] GC(712) User=1.30s Sys=0.00s Real=0.17s
.....[5904.566s][info][gc,start       ] GC(713) Pause Young (Normal) (G1 Evacuation Pause)
[5904.566s][info][gc,task        ] GC(713) Using 8 workers of 8 for evacuation
[5904.738s][info][gc,phases      ] GC(713)   Pre Evacuate Collection Set: 0.28ms
[5904.738s][info][gc,phases      ] GC(713)   Merge Heap Roots: 0.59ms
[5904.738s][info][gc,phases      ] GC(713)   Evacuate Collection Set: 169.32ms
[5904.738s][info][gc,phases      ] GC(713)   Post Evacuate Collection Set: 1.30ms
[5904.738s][info][gc,phases      ] GC(713)   Other: 0.07ms
[5904.738s][info][gc,heap        ] GC(713) Eden regions: 715->0(714)
[5904.738s][info][gc,heap        ] GC(713) Survivor regions: 53->54(96)
[5904.738s][info][gc,heap        ] GC(713) Old regions: 170->173
[5904.738s][info][gc,heap        ] GC(713) Humongous regions: 33->33
[5904.738s][info][gc,metaspace   ] GC(713) Metaspace: 29977K(30144K)->29977K(30144K) NonClass: 29977K(30144K)->29977K(30144K) Class: 0K(0K)->0K(0K)
[5904.738s][info][gc             ] GC(713) Pause Young (Normal) (G1 Evacuation Pause) 7747M->2051M(10240M) 171.703ms
[5904.738s][info][gc,cpu         ] GC(713) User=1.35s Sys=0.00s Real=0.17s
....[5909.264s][info][gc,start       ] GC(714) Pause Young (Normal) (G1 Evacuation Pause)
[5909.264s][info][gc,task        ] GC(714) Using 8 workers of 8 for evacuation
[5909.431s][info][gc,phases      ] GC(714)   Pre Evacuate Collection Set: 0.33ms
[5909.431s][info][gc,phases      ] GC(714)   Merge Heap Roots: 0.57ms
[5909.431s][info][gc,phases      ] GC(714)   Evacuate Collection Set: 164.74ms
[5909.431s][info][gc,phases      ] GC(714)   Post Evacuate Collection Set: 1.31ms
[5909.431s][info][gc,phases      ] GC(714)   Other: 0.06ms
[5909.431s][info][gc,heap        ] GC(714) Eden regions: 714->0(715)
[5909.431s][info][gc,heap        ] GC(714) Survivor regions: 54->53(96)
[5909.431s][info][gc,heap        ] GC(714) Old regions: 173->176
[5909.431s][info][gc,heap        ] GC(714) Humongous regions: 33->33
[5909.431s][info][gc,metaspace   ] GC(714) Metaspace: 29977K(30144K)->29977K(30144K) NonClass: 29977K(30144K)->29977K(30144K) Class: 0K(0K)->0K(0K)
[5909.431s][info][gc             ] GC(714) Pause Young (Normal) (G1 Evacuation Pause) 7763M->2065M(10240M) 167.161ms
[5909.431s][info][gc,cpu         ] GC(714) User=1.31s Sys=0.00s Real=0.17s
.....[5913.958s][info][gc,start       ] GC(715) Pause Young (Normal) (G1 Evacuation Pause)
[5913.958s][info][gc,task        ] GC(715) Using 8 workers of 8 for evacuation
[5914.122s][info][gc,phases      ] GC(715)   Pre Evacuate Collection Set: 0.28ms
[5914.122s][info][gc,phases      ] GC(715)   Merge Heap Roots: 0.56ms
[5914.122s][info][gc,phases      ] GC(715)   Evacuate Collection Set: 161.71ms
[5914.122s][info][gc,phases      ] GC(715)   Post Evacuate Collection Set: 1.31ms
[5914.122s][info][gc,phases      ] GC(715)   Other: 0.07ms
[5914.122s][info][gc,heap        ] GC(715) Eden regions: 715->0(716)
[5914.122s][info][gc,heap        ] GC(715) Survivor regions: 53->52(96)
[5914.122s][info][gc,heap        ] GC(715) Old regions: 176->178
[5914.122s][info][gc,heap        ] GC(715) Humongous regions: 33->33
[5914.122s][info][gc,metaspace   ] GC(715) Metaspace: 29977K(30144K)->29977K(30144K) NonClass: 29977K(30144K)->29977K(30144K) Class: 0K(0K)->0K(0K)
[5914.122s][info][gc             ] GC(715) Pause Young (Normal) (G1 Evacuation Pause) 7785M->2083M(10240M) 164.060ms
[5914.122s][info][gc,cpu         ] GC(715) User=1.29s Sys=0.00s Real=0.16s
.....[5918.583s][info][gc,start       ] GC(716) Pause Young (Normal) (G1 Evacuation Pause)
[5918.583s][info][gc,task        ] GC(716) Using 8 workers of 8 for evacuation
[5918.750s][info][gc,phases      ] GC(716)   Pre Evacuate Collection Set: 0.29ms
[5918.750s][info][gc,phases      ] GC(716)   Merge Heap Roots: 0.57ms
[5918.750s][info][gc,phases      ] GC(716)   Evacuate Collection Set: 165.26ms
[5918.750s][info][gc,phases      ] GC(716)   Post Evacuate Collection Set: 1.30ms
[5918.750s][info][gc,phases      ] GC(716)   Other: 0.06ms
[5918.750s][info][gc,heap        ] GC(716) Eden regions: 716->0(714)
[5918.750s][info][gc,heap        ] GC(716) Survivor regions: 52->54(96)
[5918.750s][info][gc,heap        ] GC(716) Old regions: 178->181
[5918.750s][info][gc,heap        ] GC(716) Humongous regions: 33->33
[5918.750s][info][gc,metaspace   ] GC(716) Metaspace: 29977K(30144K)->29977K(30144K) NonClass: 29977K(30144K)->29977K(30144K) Class: 0K(0K)->0K(0K)
[5918.750s][info][gc             ] GC(716) Pause Young (Normal) (G1 Evacuation Pause) 7811M->2115M(10240M) 167.609ms
[5918.750s][info][gc,cpu         ] GC(716) User=1.31s Sys=0.00s Real=0.17s
.. (rIR:aIR:PR = 10101:10171:10173) (tPR = 151063) [OK] 
  5920s: Performance info:
         Transaction,    Success,    Partial,     Failed,   Receipts, AvgBarcode, 
             Overall,     612042,          0,          0,     581976,      59.47, 
         Response times:
             Request,    Success,    Partial,     Failed,   SkipFail,     Probes,    Samples,      min,      p50,      p90,      p95,      p99,      max, 
       TotalPurchase,     581837,          0,          0,          0,     359354,     423769,      300,     7300,    22000,    57000,   118000,   800000,
     InStorePurchase,     306717,          0,          0,          0,     188619,     222173,      400,     7400,    22000,    54000,   117000,   800000,
      OnlinePurchase,     214219,          0,          0,          0,     132644,     156501,      300,     7200,    23000,    60000,   119000,   800000,
        InstPurchase,      60901,          0,          0,          0,      38091,      45095,      500,     7400,    23000,    55000,   119000,   800000,
          AssocOfCat,        602,          0,          0,          0,        528,        727,    30000,    56000,    77000,   109200,   177440,   255000,
      AssocOfProduct,       6155,          0,          0,          0,       3471,       4363,      800,     7800,    23600,    53000,   109000,   564000,
      BusinessReport,       1515,          0,          0,          0,       1369,       1817,    33000,    60000,    85000,   111100,   219000,   244000,
          CustBuyBeh,       5935,          0,          0,          0,       3382,       4152,      200,     7100,    21000,    53350,   118000,   202000,
       ProductReturn,      15863,          0,          0,          0,       9510,      11446,      400,     7400,    22000,    58000,   117000,   562000,

  5920s: (74%)   IR =  10239 ..[5923.330s][info][gc,start       ] GC(717) Pause Young (Normal) (G1 Evacuation Pause)
[5923.330s][info][gc,task        ] GC(717) Using 8 workers of 8 for evacuation
[5923.498s][info][gc,phases      ] GC(717)   Pre Evacuate Collection Set: 0.27ms
[5923.498s][info][gc,phases      ] GC(717)   Merge Heap Roots: 0.58ms
[5923.498s][info][gc,phases      ] GC(717)   Evacuate Collection Set: 165.89ms
[5923.498s][info][gc,phases      ] GC(717)   Post Evacuate Collection Set: 1.30ms
[5923.498s][info][gc,phases      ] GC(717)   Other: 0.06ms
[5923.498s][info][gc,heap        ] GC(717) Eden regions: 714->0(715)
[5923.498s][info][gc,heap        ] GC(717) Survivor regions: 54->53(96)
[5923.498s][info][gc,heap        ] GC(717) Old regions: 181->184
[5923.498s][info][gc,heap        ] GC(717) Humongous regions: 33->33
[5923.498s][info][gc,metaspace   ] GC(717) Metaspace: 29977K(30144K)->29977K(30144K) NonClass: 29977K(30144K)->29977K(30144K) Class: 0K(0K)->0K(0K)
[5923.498s][info][gc             ] GC(717) Pause Young (Normal) (G1 Evacuation Pause) 7827M->2132M(10240M) 168.243ms
[5923.498s][info][gc,cpu         ] GC(717) User=1.32s Sys=0.00s Real=0.17s
.....|[5928.027s][info][gc,start       ] GC(718) Pause Young (Normal) (G1 Evacuation Pause)
[5928.027s][info][gc,task        ] GC(718) Using 8 workers of 8 for evacuation
[5928.191s][info][gc,phases      ] GC(718)   Pre Evacuate Collection Set: 0.31ms
[5928.191s][info][gc,phases      ] GC(718)   Merge Heap Roots: 0.57ms
[5928.191s][info][gc,phases      ] GC(718)   Evacuate Collection Set: 161.72ms
[5928.191s][info][gc,phases      ] GC(718)   Post Evacuate Collection Set: 1.28ms
[5928.191s][info][gc,phases      ] GC(718)   Other: 0.08ms
[5928.191s][info][gc,heap        ] GC(718) Eden regions: 715->0(717)
[5928.191s][info][gc,heap        ] GC(718) Survivor regions: 53->51(96)
[5928.191s][info][gc,heap        ] GC(718) Old regions: 184->186
[5928.191s][info][gc,heap        ] GC(718) Humongous regions: 33->33
[5928.191s][info][gc,metaspace   ] GC(718) Metaspace: 29977K(30144K)->29977K(30144K) NonClass: 29977K(30144K)->29977K(30144K) Class: 0K(0K)->0K(0K)
[5928.191s][info][gc             ] GC(718) Pause Young (Normal) (G1 Evacuation Pause) 7852M->2138M(10240M) 164.080ms
[5928.192s][info][gc,cpu         ] GC(718) User=1.30s Sys=0.00s Real=0.16s
.....[5932.759s][info][gc,start       ] GC(719) Pause Young (Normal) (G1 Evacuation Pause)
[5932.759s][info][gc,task        ] GC(719) Using 8 workers of 8 for evacuation
[5932.928s][info][gc,phases      ] GC(719)   Pre Evacuate Collection Set: 0.30ms
[5932.928s][info][gc,phases      ] GC(719)   Merge Heap Roots: 0.56ms
[5932.928s][info][gc,phases      ] GC(719)   Evacuate Collection Set: 166.94ms
[5932.928s][info][gc,phases      ] GC(719)   Post Evacuate Collection Set: 1.33ms
[5932.928s][info][gc,phases      ] GC(719)   Other: 0.07ms
[5932.928s][info][gc,heap        ] GC(719) Eden regions: 717->0(715)
[5932.928s][info][gc,heap        ] GC(719) Survivor regions: 51->53(96)
[5932.928s][info][gc,heap        ] GC(719) Old regions: 186->189
[5932.928s][info][gc,heap        ] GC(719) Humongous regions: 33->33
[5932.928s][info][gc,metaspace   ] GC(719) Metaspace: 29977K(30144K)->29977K(30144K) NonClass: 29977K(30144K)->29977K(30144K) Class: 0K(0K)->0K(0K)
[5932.928s][info][gc             ] GC(719) Pause Young (Normal) (G1 Evacuation Pause) 7874M->2175M(10240M) 169.340ms
[5932.928s][info][gc,cpu         ] GC(719) User=1.33s Sys=0.00s Real=0.17s
....[5937.399s][info][gc,start       ] GC(720) Pause Young (Normal) (G1 Evacuation Pause)
[5937.399s][info][gc,task        ] GC(720) Using 8 workers of 8 for evacuation
[5937.566s][info][gc,phases      ] GC(720)   Pre Evacuate Collection Set: 0.33ms
[5937.566s][info][gc,phases      ] GC(720)   Merge Heap Roots: 0.65ms
[5937.566s][info][gc,phases      ] GC(720)   Evacuate Collection Set: 164.59ms
[5937.566s][info][gc,phases      ] GC(720)   Post Evacuate Collection Set: 1.26ms
[5937.566s][info][gc,phases      ] GC(720)   Other: 0.06ms
[5937.566s][info][gc,heap        ] GC(720) Eden regions: 715->0(716)
[5937.566s][info][gc,heap        ] GC(720) Survivor regions: 53->52(96)
[5937.566s][info][gc,heap        ] GC(720) Old regions: 189->192
[5937.566s][info][gc,heap        ] GC(720) Humongous regions: 33->33
[5937.566s][info][gc,metaspace   ] GC(720) Metaspace: 29977K(30144K)->29977K(30144K) NonClass: 29977K(30144K)->29977K(30144K) Class: 0K(0K)->0K(0K)
[5937.566s][info][gc             ] GC(720) Pause Young (Normal) (G1 Evacuation Pause) 7895M->2188M(10240M) 167.033ms
[5937.566s][info][gc,cpu         ] GC(720) User=1.31s Sys=0.00s Real=0.17s
.....[5942.016s][info][gc,start       ] GC(721) Pause Young (Normal) (G1 Evacuation Pause)
[5942.016s][info][gc,task        ] GC(721) Using 8 workers of 8 for evacuation
[5942.181s][info][gc,phases      ] GC(721)   Pre Evacuate Collection Set: 0.28ms
[5942.182s][info][gc,phases      ] GC(721)   Merge Heap Roots: 0.58ms
[5942.182s][info][gc,phases      ] GC(721)   Evacuate Collection Set: 162.79ms
[5942.182s][info][gc,phases      ] GC(721)   Post Evacuate Collection Set: 1.34ms
[5942.182s][info][gc,phases      ] GC(721)   Other: 0.06ms
[5942.182s][info][gc,heap        ] GC(721) Eden regions: 716->0(716)
[5942.182s][info][gc,heap        ] GC(721) Survivor regions: 52->52(96)
[5942.182s][info][gc,heap        ] GC(721) Old regions: 192->194
[5942.182s][info][gc,heap        ] GC(721) Humongous regions: 33->33
[5942.182s][info][gc,metaspace   ] GC(721) Metaspace: 29977K(30144K)->29977K(30144K) NonClass: 29977K(30144K)->29977K(30144K) Class: 0K(0K)->0K(0K)
[5942.182s][info][gc             ] GC(721) Pause Young (Normal) (G1 Evacuation Pause) 7916M->2206M(10240M) 165.196ms
[5942.182s][info][gc,cpu         ] GC(721) User=1.30s Sys=0.00s Real=0.16s
.....[5946.745s][info][gc,start       ] GC(722) Pause Young (Normal) (G1 Evacuation Pause)
[5946.745s][info][gc,task        ] GC(722) Using 8 workers of 8 for evacuation
[5946.916s][info][gc,phases      ] GC(722)   Pre Evacuate Collection Set: 0.33ms
[5946.916s][info][gc,phases      ] GC(722)   Merge Heap Roots: 0.57ms
[5946.916s][info][gc,phases      ] GC(722)   Evacuate Collection Set: 168.11ms
[5946.916s][info][gc,phases      ] GC(722)   Post Evacuate Collection Set: 1.30ms
[5946.916s][info][gc,phases      ] GC(722)   Other: 0.06ms
[5946.916s][info][gc,heap        ] GC(722) Eden regions: 716->0(715)
[5946.916s][info][gc,heap        ] GC(722) Survivor regions: 52->53(96)
[5946.916s][info][gc,heap        ] GC(722) Old regions: 194->197
[5946.916s][info][gc,heap        ] GC(722) Humongous regions: 33->33
[5946.916s][info][gc,metaspace   ] GC(722) Metaspace: 29977K(30144K)->29977K(30144K) NonClass: 29977K(30144K)->29977K(30144K) Class: 0K(0K)->0K(0K)
[5946.916s][info][gc             ] GC(722) Pause Young (Normal) (G1 Evacuation Pause) 7934M->2239M(10240M) 170.527ms
[5946.916s][info][gc,cpu         ] GC(722) User=1.34s Sys=0.00s Real=0.18s
....[5951.422s][info][gc,start       ] GC(723) Pause Young (Normal) (G1 Evacuation Pause)
[5951.422s][info][gc,task        ] GC(723) Using 8 workers of 8 for evacuation
[5951.588s][info][gc,phases      ] GC(723)   Pre Evacuate Collection Set: 0.30ms
[5951.588s][info][gc,phases      ] GC(723)   Merge Heap Roots: 0.56ms
[5951.588s][info][gc,phases      ] GC(723)   Evacuate Collection Set: 163.78ms
[5951.588s][info][gc,phases      ] GC(723)   Post Evacuate Collection Set: 1.31ms
[5951.588s][info][gc,phases      ] GC(723)   Other: 0.06ms
[5951.588s][info][gc,heap        ] GC(723) Eden regions: 715->0(716)
[5951.588s][info][gc,heap        ] GC(723) Survivor regions: 53->52(96)
[5951.588s][info][gc,heap        ] GC(723) Old regions: 197->200
[5951.588s][info][gc,heap        ] GC(723) Humongous regions: 33->33
[5951.588s][info][gc,metaspace   ] GC(723) Metaspace: 29977K(30144K)->29977K(30144K) NonClass: 29977K(30144K)->29977K(30144K) Class: 0K(0K)->0K(0K)
[5951.588s][info][gc             ] GC(723) Pause Young (Normal) (G1 Evacuation Pause) 7959M->2252M(10240M) 166.146ms
[5951.588s][info][gc,cpu         ] GC(723) User=1.31s Sys=0.01s Real=0.17s
.....[5955.993s][info][gc,start       ] GC(724) Pause Young (Normal) (G1 Evacuation Pause)
[5955.993s][info][gc,task        ] GC(724) Using 8 workers of 8 for evacuation
[5956.161s][info][gc,phases      ] GC(724)   Pre Evacuate Collection Set: 0.30ms
[5956.161s][info][gc,phases      ] GC(724)   Merge Heap Roots: 0.63ms
[5956.161s][info][gc,phases      ] GC(724)   Evacuate Collection Set: 166.16ms
[5956.161s][info][gc,phases      ] GC(724)   Post Evacuate Collection Set: 1.32ms
[5956.161s][info][gc,phases      ] GC(724)   Other: 0.06ms
[5956.161s][info][gc,heap        ] GC(724) Eden regions: 716->0(716)
[5956.161s][info][gc,heap        ] GC(724) Survivor regions: 52->52(96)
[5956.161s][info][gc,heap        ] GC(724) Old regions: 200->202
[5956.161s][info][gc,heap        ] GC(724) Humongous regions: 33->33
[5956.161s][info][gc,metaspace   ] GC(724) Metaspace: 29977K(30144K)->29977K(30144K) NonClass: 29977K(30144K)->29977K(30144K) Class: 0K(0K)->0K(0K)
[5956.161s][info][gc             ] GC(724) Pause Young (Normal) (G1 Evacuation Pause) 7980M->2274M(10240M) 168.603ms
[5956.161s][info][gc,cpu         ] GC(724) User=1.33s Sys=0.00s Real=0.17s
....[5960.640s][info][gc,start       ] GC(725) Pause Young (Normal) (G1 Evacuation Pause)
[5960.640s][info][gc,task        ] GC(725) Using 8 workers of 8 for evacuation
[5960.810s][info][gc,phases      ] GC(725)   Pre Evacuate Collection Set: 0.30ms
[5960.810s][info][gc,phases      ] GC(725)   Merge Heap Roots: 0.56ms
[5960.810s][info][gc,phases      ] GC(725)   Evacuate Collection Set: 167.43ms
[5960.810s][info][gc,phases      ] GC(725)   Post Evacuate Collection Set: 1.34ms
[5960.810s][info][gc,phases      ] GC(725)   Other: 0.08ms
[5960.810s][info][gc,heap        ] GC(725) Eden regions: 716->0(714)
[5960.810s][info][gc,heap        ] GC(725) Survivor regions: 52->54(96)
[5960.810s][info][gc,heap        ] GC(725) Old regions: 202->205
[5960.810s][info][gc,heap        ] GC(725) Humongous regions: 33->33
[5960.810s][info][gc,metaspace   ] GC(725) Metaspace: 29977K(30144K)->29977K(30144K) NonClass: 29977K(30144K)->29977K(30144K) Class: 0K(0K)->0K(0K)
[5960.810s][info][gc             ] GC(725) Pause Young (Normal) (G1 Evacuation Pause) 8002M->2307M(10240M) 169.843ms
[5960.810s][info][gc,cpu         ] GC(725) User=1.34s Sys=0.01s Real=0.17s
.....[5965.239s][info][gc,start       ] GC(726) Pause Young (Normal) (G1 Evacuation Pause)
[5965.239s][info][gc,task        ] GC(726) Using 8 workers of 8 for evacuation
[5965.404s][info][gc,phases      ] GC(726)   Pre Evacuate Collection Set: 0.29ms
[5965.404s][info][gc,phases      ] GC(726)   Merge Heap Roots: 0.71ms
[5965.404s][info][gc,phases      ] GC(726)   Evacuate Collection Set: 162.67ms
[5965.404s][info][gc,phases      ] GC(726)   Post Evacuate Collection Set: 1.30ms
[5965.404s][info][gc,phases      ] GC(726)   Other: 0.07ms
[5965.404s][info][gc,heap        ] GC(726) Eden regions: 714->0(717)
[5965.404s][info][gc,heap        ] GC(726) Survivor regions: 54->51(96)
[5965.404s][info][gc,heap        ] GC(726) Old regions: 205->208
[5965.404s][info][gc,heap        ] GC(726) Humongous regions: 33->33
[5965.404s][info][gc,metaspace   ] GC(726) Metaspace: 29977K(30144K)->29977K(30144K) NonClass: 29977K(30144K)->29977K(30144K) Class: 0K(0K)->0K(0K)
[5965.404s][info][gc             ] GC(726) Pause Young (Normal) (G1 Evacuation Pause) 8019M->2308M(10240M) 165.211ms
[5965.404s][info][gc,cpu         ] GC(726) User=1.30s Sys=0.00s Real=0.16s
.....[5970.056s][info][gc,start       ] GC(727) Pause Young (Normal) (G1 Evacuation Pause)
[5970.056s][info][gc,task        ] GC(727) Using 8 workers of 8 for evacuation
[5970.221s][info][gc,phases      ] GC(727)   Pre Evacuate Collection Set: 0.30ms
[5970.221s][info][gc,phases      ] GC(727)   Merge Heap Roots: 0.58ms
[5970.221s][info][gc,phases      ] GC(727)   Evacuate Collection Set: 162.64ms
[5970.221s][info][gc,phases      ] GC(727)   Post Evacuate Collection Set: 1.30ms
[5970.221s][info][gc,phases      ] GC(727)   Other: 0.07ms
[5970.221s][info][gc,heap        ] GC(727) Eden regions: 717->0(716)
[5970.221s][info][gc,heap        ] GC(727) Survivor regions: 51->52(96)
[5970.221s][info][gc,heap        ] GC(727) Old regions: 208->210
[5970.221s][info][gc,heap        ] GC(727) Humongous regions: 33->33
[5970.221s][info][gc,metaspace   ] GC(727) Metaspace: 29977K(30144K)->29977K(30144K) NonClass: 29977K(30144K)->29977K(30144K) Class: 0K(0K)->0K(0K)
[5970.221s][info][gc             ] GC(727) Pause Young (Normal) (G1 Evacuation Pause) 8044M->2334M(10240M) 165.013ms
[5970.221s][info][gc,cpu         ] GC(727) User=1.29s Sys=0.00s Real=0.16s
....[5974.723s][info][gc,start       ] GC(728) Pause Young (Normal) (G1 Evacuation Pause)
[5974.723s][info][gc,task        ] GC(728) Using 8 workers of 8 for evacuation
[5974.892s][info][gc,phases      ] GC(728)   Pre Evacuate Collection Set: 0.29ms
[5974.892s][info][gc,phases      ] GC(728)   Merge Heap Roots: 0.57ms
[5974.892s][info][gc,phases      ] GC(728)   Evacuate Collection Set: 166.71ms
[5974.892s][info][gc,phases      ] GC(728)   Post Evacuate Collection Set: 1.33ms
[5974.892s][info][gc,phases      ] GC(728)   Other: 0.07ms
[5974.892s][info][gc,heap        ] GC(728) Eden regions: 716->0(715)
[5974.892s][info][gc,heap        ] GC(728) Survivor regions: 52->53(96)
[5974.892s][info][gc,heap        ] GC(728) Old regions: 210->213
[5974.892s][info][gc,heap        ] GC(728) Humongous regions: 33->33
[5974.892s][info][gc,metaspace   ] GC(728) Metaspace: 29977K(30144K)->29977K(30144K) NonClass: 29977K(30144K)->29977K(30144K) Class: 0K(0K)->0K(0K)
[5974.892s][info][gc             ] GC(728) Pause Young (Normal) (G1 Evacuation Pause) 8062M->2363M(10240M) 169.108ms
[5974.892s][info][gc,cpu         ] GC(728) User=1.33s Sys=0.00s Real=0.17s
.....[5979.356s][info][gc,start       ] GC(729) Pause Young (Normal) (G1 Evacuation Pause)
[5979.356s][info][gc,task        ] GC(729) Using 8 workers of 8 for evacuation
[5979.520s][info][gc,phases      ] GC(729)   Pre Evacuate Collection Set: 0.29ms
[5979.520s][info][gc,phases      ] GC(729)   Merge Heap Roots: 0.59ms
[5979.520s][info][gc,phases      ] GC(729)   Evacuate Collection Set: 161.55ms
[5979.520s][info][gc,phases      ] GC(729)   Post Evacuate Collection Set: 1.31ms
[5979.520s][info][gc,phases      ] GC(729)   Other: 0.07ms
[5979.520s][info][gc,heap        ] GC(729) Eden regions: 715->0(716)
[5979.520s][info][gc,heap        ] GC(729) Survivor regions: 53->52(96)
[5979.520s][info][gc,heap        ] GC(729) Old regions: 213->215
[5979.520s][info][gc,heap        ] GC(729) Humongous regions: 33->33
[5979.520s][info][gc,metaspace   ] GC(729) Metaspace: 29977K(30144K)->29977K(30144K) NonClass: 29977K(30144K)->29977K(30144K) Class: 0K(0K)->0K(0K)
[5979.520s][info][gc             ] GC(729) Pause Young (Normal) (G1 Evacuation Pause) 8083M->2375M(10240M) 163.942ms
[5979.520s][info][gc,cpu         ] GC(729) User=1.29s Sys=0.00s Real=0.16s
.....[5984.101s][info][gc,start       ] GC(730) Pause Young (Normal) (G1 Evacuation Pause)
[5984.101s][info][gc,task        ] GC(730) Using 8 workers of 8 for evacuation
[5984.268s][info][gc,phases      ] GC(730)   Pre Evacuate Collection Set: 0.28ms
[5984.268s][info][gc,phases      ] GC(730)   Merge Heap Roots: 0.57ms
[5984.268s][info][gc,phases      ] GC(730)   Evacuate Collection Set: 165.24ms
[5984.268s][info][gc,phases      ] GC(730)   Post Evacuate Collection Set: 1.31ms
[5984.268s][info][gc,phases      ] GC(730)   Other: 0.07ms
[5984.268s][info][gc,heap        ] GC(730) Eden regions: 716->0(716)
[5984.268s][info][gc,heap        ] GC(730) Survivor regions: 52->52(96)
[5984.268s][info][gc,heap        ] GC(730) Old regions: 215->218
[5984.268s][info][gc,heap        ] GC(730) Humongous regions: 33->33
[5984.268s][info][gc,metaspace   ] GC(730) Metaspace: 29977K(30144K)->29977K(30144K) NonClass: 29977K(30144K)->29977K(30144K) Class: 0K(0K)->0K(0K)
[5984.268s][info][gc             ] GC(730) Pause Young (Normal) (G1 Evacuation Pause) 8103M->2401M(10240M) 167.602ms
[5984.268s][info][gc,cpu         ] GC(730) User=1.32s Sys=0.01s Real=0.17s
.... (rIR:aIR:PR = 10239:10291:10290) (tPR = 153880) [OK] 
  5987s: Performance info:
         Transaction,    Success,    Partial,     Failed,   Receipts, AvgBarcode, 
             Overall,     619742,          0,          0,     589202,      59.47, 
         Response times:
             Request,    Success,    Partial,     Failed,   SkipFail,     Probes,    Samples,      min,      p50,      p90,      p95,      p99,      max, 
       TotalPurchase,     589226,          0,          0,          0,     358030,     404604,      300,     7500,    32000,    68000,   145000,   740000,
     InStorePurchase,     309040,          0,          0,          0,     189290,     213558,      300,     7600,    33000,    70000,   151000,   740000,
      OnlinePurchase,     218760,          0,          0,          0,     131369,     148555,      400,     7500,    32000,    66000,   141000,   740000,
        InstPurchase,      61426,          0,          0,          0,      37371,      42491,      500,     7400,    31000,    66000,   146000,   740000,
          AssocOfCat,        614,          0,          0,          0,        509,        681,    28000,    57000,    94800,   132800,   217000,   266000,
      AssocOfProduct,       6118,          0,          0,          0,       3449,       4059,      800,     8000,    30000,    60000,   126400,   257000,
      BusinessReport,       1540,          0,          0,          0,       1349,       1674,    33000,    61000,   103000,   133500,   225250,   305000,
          CustBuyBeh,       6126,          0,          0,          0,       3463,       4151,      300,     7800,    28000,    62000,   125480,   599000,
       ProductReturn,      16167,          0,          0,          0,       9742,      11207,      200,     7500,    34000,    64000,   136920,   472000,

  5987s: (75%)   IR =  10378 [5988.769s][info][gc,start       ] GC(731) Pause Young (Normal) (G1 Evacuation Pause)
[5988.769s][info][gc,task        ] GC(731) Using 8 workers of 8 for evacuation
[5988.943s][info][gc,phases      ] GC(731)   Pre Evacuate Collection Set: 0.29ms
[5988.943s][info][gc,phases      ] GC(731)   Merge Heap Roots: 0.68ms
[5988.943s][info][gc,phases      ] GC(731)   Evacuate Collection Set: 172.29ms
[5988.943s][info][gc,phases      ] GC(731)   Post Evacuate Collection Set: 1.33ms
[5988.943s][info][gc,phases      ] GC(731)   Other: 0.07ms
[5988.943s][info][gc,heap        ] GC(731) Eden regions: 716->0(714)
[5988.943s][info][gc,heap        ] GC(731) Survivor regions: 52->54(96)
[5988.943s][info][gc,heap        ] GC(731) Old regions: 218->221
[5988.943s][info][gc,heap        ] GC(731) Humongous regions: 33->33
[5988.943s][info][gc,metaspace   ] GC(731) Metaspace: 29977K(30144K)->29977K(30144K) NonClass: 29977K(30144K)->29977K(30144K) Class: 0K(0K)->0K(0K)
[5988.943s][info][gc             ] GC(731) Pause Young (Normal) (G1 Evacuation Pause) 8129M->2437M(10240M) 174.792ms
[5988.943s][info][gc,cpu         ] GC(731) User=1.38s Sys=0.00s Real=0.17s
.....[5993.384s][info][gc,start       ] GC(732) Pause Young (Normal) (G1 Evacuation Pause)
[5993.384s][info][gc,task        ] GC(732) Using 8 workers of 8 for evacuation
[5993.551s][info][gc,phases      ] GC(732)   Pre Evacuate Collection Set: 0.30ms
[5993.551s][info][gc,phases      ] GC(732)   Merge Heap Roots: 0.58ms
[5993.551s][info][gc,phases      ] GC(732)   Evacuate Collection Set: 164.44ms
[5993.551s][info][gc,phases      ] GC(732)   Post Evacuate Collection Set: 1.30ms
[5993.551s][info][gc,phases      ] GC(732)   Other: 0.07ms
[5993.551s][info][gc,heap        ] GC(732) Eden regions: 714->0(715)
[5993.551s][info][gc,heap        ] GC(732) Survivor regions: 54->53(96)
[5993.551s][info][gc,heap        ] GC(732) Old regions: 221->223
[5993.551s][info][gc,heap        ] GC(732) Humongous regions: 33->33
[5993.551s][info][gc,metaspace   ] GC(732) Metaspace: 29977K(30144K)->29977K(30144K) NonClass: 29977K(30144K)->29977K(30144K) Class: 0K(0K)->0K(0K)
[5993.551s][info][gc             ] GC(732) Pause Young (Normal) (G1 Evacuation Pause) 8149M->2451M(10240M) 166.837ms
[5993.551s][info][gc,cpu         ] GC(732) User=1.31s Sys=0.00s Real=0.17s
.....|[5998.121s][info][gc,start       ] GC(733) Pause Young (Normal) (G1 Evacuation Pause)
[5998.121s][info][gc,task        ] GC(733) Using 8 workers of 8 for evacuation
[5998.285s][info][gc,phases      ] GC(733)   Pre Evacuate Collection Set: 0.33ms
[5998.285s][info][gc,phases      ] GC(733)   Merge Heap Roots: 0.58ms
[5998.285s][info][gc,phases      ] GC(733)   Evacuate Collection Set: 160.91ms
[5998.285s][info][gc,phases      ] GC(733)   Post Evacuate Collection Set: 1.40ms
[5998.285s][info][gc,phases      ] GC(733)   Other: 0.07ms
[5998.285s][info][gc,heap        ] GC(733) Eden regions: 715->0(716)
[5998.285s][info][gc,heap        ] GC(733) Survivor regions: 53->52(96)
[5998.285s][info][gc,heap        ] GC(733) Old regions: 223->226
[5998.285s][info][gc,heap        ] GC(733) Humongous regions: 33->33
[5998.285s][info][gc,metaspace   ] GC(733) Metaspace: 29977K(30144K)->29977K(30144K) NonClass: 29977K(30144K)->29977K(30144K) Class: 0K(0K)->0K(0K)
[5998.285s][info][gc             ] GC(733) Pause Young (Normal) (G1 Evacuation Pause) 8171M->2460M(10240M) 163.438ms
[5998.285s][info][gc,cpu         ] GC(733) User=1.29s Sys=0.00s Real=0.16s
....[6002.689s][info][gc,start       ] GC(734) Pause Young (Normal) (G1 Evacuation Pause)
[6002.689s][info][gc,task        ] GC(734) Using 8 workers of 8 for evacuation
[6002.856s][info][gc,phases      ] GC(734)   Pre Evacuate Collection Set: 0.31ms
[6002.856s][info][gc,phases      ] GC(734)   Merge Heap Roots: 0.66ms
[6002.856s][info][gc,phases      ] GC(734)   Evacuate Collection Set: 164.09ms
[6002.856s][info][gc,phases      ] GC(734)   Post Evacuate Collection Set: 1.30ms
[6002.856s][info][gc,phases      ] GC(734)   Other: 0.08ms
[6002.856s][info][gc,heap        ] GC(734) Eden regions: 716->0(715)
[6002.856s][info][gc,heap        ] GC(734) Survivor regions: 52->53(96)
[6002.856s][info][gc,heap        ] GC(734) Old regions: 226->229
[6002.856s][info][gc,heap        ] GC(734) Humongous regions: 33->33
[6002.856s][info][gc,metaspace   ] GC(734) Metaspace: 29977K(30144K)->29977K(30144K) NonClass: 29977K(30144K)->29977K(30144K) Class: 0K(0K)->0K(0K)
[6002.856s][info][gc             ] GC(734) Pause Young (Normal) (G1 Evacuation Pause) 8188M->2490M(10240M) 166.575ms
[6002.856s][info][gc,cpu         ] GC(734) User=1.31s Sys=0.00s Real=0.17s
.....[6007.198s][info][gc,start       ] GC(735) Pause Young (Normal) (G1 Evacuation Pause)
[6007.198s][info][gc,task        ] GC(735) Using 8 workers of 8 for evacuation
[6007.364s][info][gc,phases      ] GC(735)   Pre Evacuate Collection Set: 0.31ms
[6007.364s][info][gc,phases      ] GC(735)   Merge Heap Roots: 0.58ms
[6007.364s][info][gc,phases      ] GC(735)   Evacuate Collection Set: 163.32ms
[6007.364s][info][gc,phases      ] GC(735)   Post Evacuate Collection Set: 1.32ms
[6007.364s][info][gc,phases      ] GC(735)   Other: 0.07ms
[6007.364s][info][gc,heap        ] GC(735) Eden regions: 715->0(716)
[6007.364s][info][gc,heap        ] GC(735) Survivor regions: 53->52(96)
[6007.364s][info][gc,heap        ] GC(735) Old regions: 229->231
[6007.364s][info][gc,heap        ] GC(735) Humongous regions: 33->33
[6007.364s][info][gc,metaspace   ] GC(735) Metaspace: 29977K(30144K)->29977K(30144K) NonClass: 29977K(30144K)->29977K(30144K) Class: 0K(0K)->0K(0K)
[6007.364s][info][gc             ] GC(735) Pause Young (Normal) (G1 Evacuation Pause) 8210M->2507M(10240M) 165.738ms
[6007.364s][info][gc,cpu         ] GC(735) User=1.31s Sys=0.00s Real=0.16s
....[6011.775s][info][gc,start       ] GC(736) Pause Young (Normal) (G1 Evacuation Pause)
[6011.775s][info][gc,task        ] GC(736) Using 8 workers of 8 for evacuation
[6011.943s][info][gc,phases      ] GC(736)   Pre Evacuate Collection Set: 0.29ms
[6011.943s][info][gc,phases      ] GC(736)   Merge Heap Roots: 0.58ms
[6011.943s][info][gc,phases      ] GC(736)   Evacuate Collection Set: 165.95ms
[6011.943s][info][gc,phases      ] GC(736)   Post Evacuate Collection Set: 1.31ms
[6011.943s][info][gc,phases      ] GC(736)   Other: 0.06ms
[6011.943s][info][gc,heap        ] GC(736) Eden regions: 716->0(715)
[6011.943s][info][gc,heap        ] GC(736) Survivor regions: 52->53(96)
[6011.943s][info][gc,heap        ] GC(736) Old regions: 231->234
[6011.943s][info][gc,heap        ] GC(736) Humongous regions: 33->33
[6011.943s][info][gc,metaspace   ] GC(736) Metaspace: 29977K(30144K)->29977K(30144K) NonClass: 29977K(30144K)->29977K(30144K) Class: 0K(0K)->0K(0K)
[6011.943s][info][gc             ] GC(736) Pause Young (Normal) (G1 Evacuation Pause) 8235M->2534M(10240M) 168.319ms
[6011.943s][info][gc,cpu         ] GC(736) User=1.33s Sys=0.00s Real=0.17s
.....[6016.504s][info][gc,start       ] GC(737) Pause Young (Normal) (G1 Evacuation Pause)
[6016.504s][info][gc,task        ] GC(737) Using 8 workers of 8 for evacuation
[6016.677s][info][gc,phases      ] GC(737)   Pre Evacuate Collection Set: 0.29ms
[6016.677s][info][gc,phases      ] GC(737)   Merge Heap Roots: 0.65ms
[6016.677s][info][gc,phases      ] GC(737)   Evacuate Collection Set: 169.99ms
[6016.677s][info][gc,phases      ] GC(737)   Post Evacuate Collection Set: 1.30ms
[6016.677s][info][gc,phases      ] GC(737)   Other: 0.06ms
[6016.677s][info][gc,heap        ] GC(737) Eden regions: 715->0(715)
[6016.677s][info][gc,heap        ] GC(737) Survivor regions: 53->53(96)
[6016.677s][info][gc,heap        ] GC(737) Old regions: 234->237
[6016.677s][info][gc,heap        ] GC(737) Humongous regions: 33->33
[6016.677s][info][gc,metaspace   ] GC(737) Metaspace: 29977K(30144K)->29977K(30144K) NonClass: 29977K(30144K)->29977K(30144K) Class: 0K(0K)->0K(0K)
[6016.677s][info][gc             ] GC(737) Pause Young (Normal) (G1 Evacuation Pause) 8254M->2559M(10240M) 172.448ms
[6016.677s][info][gc,cpu         ] GC(737) User=1.35s Sys=0.01s Real=0.18s
.....[6021.133s][info][gc,start       ] GC(738) Pause Young (Normal) (G1 Evacuation Pause)
[6021.133s][info][gc,task        ] GC(738) Using 8 workers of 8 for evacuation
[6021.301s][info][gc,phases      ] GC(738)   Pre Evacuate Collection Set: 0.31ms
[6021.301s][info][gc,phases      ] GC(738)   Merge Heap Roots: 0.56ms
[6021.301s][info][gc,phases      ] GC(738)   Evacuate Collection Set: 165.02ms
[6021.301s][info][gc,phases      ] GC(738)   Post Evacuate Collection Set: 1.31ms
[6021.301s][info][gc,phases      ] GC(738)   Other: 0.06ms
[6021.301s][info][gc,heap        ] GC(738) Eden regions: 715->0(715)
[6021.301s][info][gc,heap        ] GC(738) Survivor regions: 53->53(96)
[6021.301s][info][gc,heap        ] GC(738) Old regions: 237->240
[6021.301s][info][gc,heap        ] GC(738) Humongous regions: 33->33
[6021.301s][info][gc,metaspace   ] GC(738) Metaspace: 29977K(30144K)->29977K(30144K) NonClass: 29977K(30144K)->29977K(30144K) Class: 0K(0K)->0K(0K)
[6021.301s][info][gc             ] GC(738) Pause Young (Normal) (G1 Evacuation Pause) 8279M->2580M(10240M) 167.416ms
[6021.301s][info][gc,cpu         ] GC(738) User=1.32s Sys=0.00s Real=0.17s
....[6025.722s][info][gc,start       ] GC(739) Pause Young (Normal) (G1 Evacuation Pause)
[6025.722s][info][gc,task        ] GC(739) Using 8 workers of 8 for evacuation
[6025.890s][info][gc,phases      ] GC(739)   Pre Evacuate Collection Set: 0.31ms
[6025.890s][info][gc,phases      ] GC(739)   Merge Heap Roots: 0.58ms
[6025.890s][info][gc,phases      ] GC(739)   Evacuate Collection Set: 165.74ms
[6025.890s][info][gc,phases      ] GC(739)   Post Evacuate Collection Set: 1.35ms
[6025.890s][info][gc,phases      ] GC(739)   Other: 0.07ms
[6025.890s][info][gc,heap        ] GC(739) Eden regions: 715->0(715)
[6025.890s][info][gc,heap        ] GC(739) Survivor regions: 53->53(96)
[6025.890s][info][gc,heap        ] GC(739) Old regions: 240->242
[6025.890s][info][gc,heap        ] GC(739) Humongous regions: 33->33
[6025.891s][info][gc,metaspace   ] GC(739) Metaspace: 29977K(30144K)->29977K(30144K) NonClass: 29977K(30144K)->29977K(30144K) Class: 0K(0K)->0K(0K)
[6025.891s][info][gc             ] GC(739) Pause Young (Normal) (G1 Evacuation Pause) 8300M->2597M(10240M) 168.189ms
[6025.891s][info][gc,cpu         ] GC(739) User=1.32s Sys=0.00s Real=0.17s
.....[6030.429s][info][gc,start       ] GC(740) Pause Young (Normal) (G1 Evacuation Pause)
[6030.429s][info][gc,task        ] GC(740) Using 8 workers of 8 for evacuation
[6030.596s][info][gc,phases      ] GC(740)   Pre Evacuate Collection Set: 0.27ms
[6030.596s][info][gc,phases      ] GC(740)   Merge Heap Roots: 0.58ms
[6030.596s][info][gc,phases      ] GC(740)   Evacuate Collection Set: 164.96ms
[6030.596s][info][gc,phases      ] GC(740)   Post Evacuate Collection Set: 1.29ms
[6030.596s][info][gc,phases      ] GC(740)   Other: 0.07ms
[6030.596s][info][gc,heap        ] GC(740) Eden regions: 715->0(715)
[6030.596s][info][gc,heap        ] GC(740) Survivor regions: 53->53(96)
[6030.596s][info][gc,heap        ] GC(740) Old regions: 242->245
[6030.596s][info][gc,heap        ] GC(740) Humongous regions: 33->33
[6030.596s][info][gc,metaspace   ] GC(740) Metaspace: 29977K(30144K)->29977K(30144K) NonClass: 29977K(30144K)->29977K(30144K) Class: 0K(0K)->0K(0K)
[6030.596s][info][gc             ] GC(740) Pause Young (Normal) (G1 Evacuation Pause) 8317M->2618M(10240M) 167.297ms
[6030.596s][info][gc,cpu         ] GC(740) User=1.31s Sys=0.01s Real=0.17s
.....[6035.075s][info][gc,start       ] GC(741) Pause Young (Normal) (G1 Evacuation Pause)
[6035.075s][info][gc,task        ] GC(741) Using 8 workers of 8 for evacuation
[6035.239s][info][gc,phases      ] GC(741)   Pre Evacuate Collection Set: 0.29ms
[6035.239s][info][gc,phases      ] GC(741)   Merge Heap Roots: 0.58ms
[6035.239s][info][gc,phases      ] GC(741)   Evacuate Collection Set: 161.65ms
[6035.239s][info][gc,phases      ] GC(741)   Post Evacuate Collection Set: 1.32ms
[6035.239s][info][gc,phases      ] GC(741)   Other: 0.07ms
[6035.239s][info][gc,heap        ] GC(741) Eden regions: 715->0(717)
[6035.239s][info][gc,heap        ] GC(741) Survivor regions: 53->51(96)
[6035.239s][info][gc,heap        ] GC(741) Old regions: 245->247
[6035.239s][info][gc,heap        ] GC(741) Humongous regions: 33->33
[6035.239s][info][gc,metaspace   ] GC(741) Metaspace: 29977K(30144K)->29977K(30144K) NonClass: 29977K(30144K)->29977K(30144K) Class: 0K(0K)->0K(0K)
[6035.239s][info][gc             ] GC(741) Pause Young (Normal) (G1 Evacuation Pause) 8338M->2623M(10240M) 164.043ms
[6035.239s][info][gc,cpu         ] GC(741) User=1.28s Sys=0.00s Real=0.17s
....[6039.714s][info][gc,start       ] GC(742) Pause Young (Normal) (G1 Evacuation Pause)
[6039.714s][info][gc,task        ] GC(742) Using 8 workers of 8 for evacuation
[6039.886s][info][gc,phases      ] GC(742)   Pre Evacuate Collection Set: 0.32ms
[6039.886s][info][gc,phases      ] GC(742)   Merge Heap Roots: 0.58ms
[6039.886s][info][gc,phases      ] GC(742)   Evacuate Collection Set: 169.68ms
[6039.886s][info][gc,phases      ] GC(742)   Post Evacuate Collection Set: 1.33ms
[6039.886s][info][gc,phases      ] GC(742)   Other: 0.06ms
[6039.886s][info][gc,heap        ] GC(742) Eden regions: 717->0(714)
[6039.886s][info][gc,heap        ] GC(742) Survivor regions: 51->54(96)
[6039.886s][info][gc,heap        ] GC(742) Old regions: 247->250
[6039.886s][info][gc,heap        ] GC(742) Humongous regions: 33->33
[6039.886s][info][gc,metaspace   ] GC(742) Metaspace: 29977K(30144K)->29977K(30144K) NonClass: 29977K(30144K)->29977K(30144K) Class: 0K(0K)->0K(0K)
[6039.886s][info][gc             ] GC(742) Pause Young (Normal) (G1 Evacuation Pause) 8359M->2672M(10240M) 172.126ms
[6039.886s][info][gc,cpu         ] GC(742) User=1.35s Sys=0.00s Real=0.18s
.....[6044.276s][info][gc,start       ] GC(743) Pause Young (Normal) (G1 Evacuation Pause)
[6044.276s][info][gc,task        ] GC(743) Using 8 workers of 8 for evacuation
[6044.443s][info][gc,phases      ] GC(743)   Pre Evacuate Collection Set: 0.32ms
[6044.443s][info][gc,phases      ] GC(743)   Merge Heap Roots: 0.57ms
[6044.443s][info][gc,phases      ] GC(743)   Evacuate Collection Set: 164.83ms
[6044.443s][info][gc,phases      ] GC(743)   Post Evacuate Collection Set: 1.29ms
[6044.443s][info][gc,phases      ] GC(743)   Other: 0.07ms
[6044.443s][info][gc,heap        ] GC(743) Eden regions: 714->0(715)
[6044.443s][info][gc,heap        ] GC(743) Survivor regions: 54->53(96)
[6044.443s][info][gc,heap        ] GC(743) Old regions: 250->253
[6044.443s][info][gc,heap        ] GC(743) Humongous regions: 33->33
[6044.443s][info][gc,metaspace   ] GC(743) Metaspace: 29977K(30144K)->29977K(30144K) NonClass: 29977K(30144K)->29977K(30144K) Class: 0K(0K)->0K(0K)
[6044.443s][info][gc             ] GC(743) Pause Young (Normal) (G1 Evacuation Pause) 8384M->2682M(10240M) 167.225ms
[6044.443s][info][gc,cpu         ] GC(743) User=1.32s Sys=0.00s Real=0.17s
....[6048.872s][info][gc,start       ] GC(744) Pause Young (Normal) (G1 Evacuation Pause)
[6048.872s][info][gc,task        ] GC(744) Using 8 workers of 8 for evacuation
[6049.044s][info][gc,phases      ] GC(744)   Pre Evacuate Collection Set: 0.28ms
[6049.044s][info][gc,phases      ] GC(744)   Merge Heap Roots: 0.57ms
[6049.044s][info][gc,phases      ] GC(744)   Evacuate Collection Set: 169.71ms
[6049.044s][info][gc,phases      ] GC(744)   Post Evacuate Collection Set: 1.36ms
[6049.044s][info][gc,phases      ] GC(744)   Other: 0.06ms
[6049.044s][info][gc,heap        ] GC(744) Eden regions: 715->0(715)
[6049.044s][info][gc,heap        ] GC(744) Survivor regions: 53->53(96)
[6049.044s][info][gc,heap        ] GC(744) Old regions: 253->255
[6049.044s][info][gc,heap        ] GC(744) Humongous regions: 33->33
[6049.044s][info][gc,metaspace   ] GC(744) Metaspace: 29977K(30144K)->29977K(30144K) NonClass: 29977K(30144K)->29977K(30144K) Class: 0K(0K)->0K(0K)
[6049.044s][info][gc             ] GC(744) Pause Young (Normal) (G1 Evacuation Pause) 8402M->2707M(10240M) 172.134ms
[6049.045s][info][gc,cpu         ] GC(744) User=1.36s Sys=0.00s Real=0.17s
.....[6053.606s][info][gc,start       ] GC(745) Pause Young (Normal) (G1 Evacuation Pause)
[6053.606s][info][gc,task        ] GC(745) Using 8 workers of 8 for evacuation
[6053.780s][info][gc,phases      ] GC(745)   Pre Evacuate Collection Set: 0.30ms
[6053.780s][info][gc,phases      ] GC(745)   Merge Heap Roots: 0.56ms
[6053.780s][info][gc,phases      ] GC(745)   Evacuate Collection Set: 170.93ms
[6053.780s][info][gc,phases      ] GC(745)   Post Evacuate Collection Set: 1.32ms
[6053.780s][info][gc,phases      ] GC(745)   Other: 0.07ms
[6053.780s][info][gc,heap        ] GC(745) Eden regions: 715->0(714)
[6053.780s][info][gc,heap        ] GC(745) Survivor regions: 53->54(96)
[6053.780s][info][gc,heap        ] GC(745) Old regions: 255->258
[6053.780s][info][gc,heap        ] GC(745) Humongous regions: 33->33
[6053.780s][info][gc,metaspace   ] GC(745) Metaspace: 29977K(30144K)->29977K(30144K) NonClass: 29977K(30144K)->29977K(30144K) Class: 0K(0K)->0K(0K)
[6053.780s][info][gc             ] GC(745) Pause Young (Normal) (G1 Evacuation Pause) 8427M->2737M(10240M) 173.313ms
[6053.780s][info][gc,cpu         ] GC(745) User=1.36s Sys=0.00s Real=0.17s
.....[6058.096s][info][gc,start       ] GC(746) Pause Young (Normal) (G1 Evacuation Pause)
[6058.096s][info][gc,task        ] GC(746) Using 8 workers of 8 for evacuation
[6058.261s][info][gc,phases      ] GC(746)   Pre Evacuate Collection Set: 0.28ms
[6058.261s][info][gc,phases      ] GC(746)   Merge Heap Roots: 0.58ms
[6058.261s][info][gc,phases      ] GC(746)   Evacuate Collection Set: 162.51ms
[6058.261s][info][gc,phases      ] GC(746)   Post Evacuate Collection Set: 1.33ms
[6058.261s][info][gc,phases      ] GC(746)   Other: 0.06ms
[6058.261s][info][gc,heap        ] GC(746) Eden regions: 714->0(717)
[6058.261s][info][gc,heap        ] GC(746) Survivor regions: 54->51(96)
[6058.261s][info][gc,heap        ] GC(746) Old regions: 258->261
[6058.261s][info][gc,heap        ] GC(746) Humongous regions: 33->33
[6058.261s][info][gc,metaspace   ] GC(746) Metaspace: 29977K(30144K)->29977K(30144K) NonClass: 29977K(30144K)->29977K(30144K) Class: 0K(0K)->0K(0K)
[6058.261s][info][gc             ] GC(746) Pause Young (Normal) (G1 Evacuation Pause) 8449M->2734M(10240M) 164.894ms
[6058.261s][info][gc,cpu         ] GC(746) User=1.30s Sys=0.00s Real=0.16s
 (rIR:aIR:PR = 10378:10390:10388) (tPR = 155122) [OK] 
  6058s: Performance info:
         Transaction,    Success,    Partial,     Failed,   Receipts, AvgBarcode, 
             Overall,     623597,          0,          0,     592440,      59.47, 
         Response times:
             Request,    Success,    Partial,     Failed,   SkipFail,     Probes,    Samples,      min,      p50,      p90,      p95,      p99,      max, 
       TotalPurchase,     592528,          0,          0,          0,     358086,     423090,      300,     7900,    38000,    77000,   163000,  1100000,
     InStorePurchase,     311250,          0,          0,          0,     187998,     221655,      300,     7800,    39000,    77000,   162000,  1100000,
      OnlinePurchase,     218999,          0,          0,          0,     131842,     155719,      300,     8000,    38000,    78000,   164000,  1100000,
        InstPurchase,      62279,          0,          0,          0,      38246,      45716,      500,     7800,    37000,    74000,   163000,  1100000,
          AssocOfCat,        624,          0,          0,          0,        528,        706,    31000,    58000,    96000,   134000,   226790,   249000,
      AssocOfProduct,       6203,          0,          0,          0,       3513,       4322,      400,     8300,    33000,    61000,   168000,   365000,
      BusinessReport,       1572,          0,          0,          0,       1407,       1773,    31000,    62000,   115600,   170900,   234520,   268000,
          CustBuyBeh,       6282,          0,          0,          0,       3564,       4422,      300,     8200,    45000,    88850,   181000,  1100000,
       ProductReturn,      16478,          0,          0,          0,      10077,      12126,      200,     8100,    41000,    78000,   163000,   248000,

  6058s: (76%)   IR =  10516 ....[6062.674s][info][gc,start       ] GC(747) Pause Young (Normal) (G1 Evacuation Pause)
[6062.674s][info][gc,task        ] GC(747) Using 8 workers of 8 for evacuation
[6062.843s][info][gc,phases      ] GC(747)   Pre Evacuate Collection Set: 0.30ms
[6062.843s][info][gc,phases      ] GC(747)   Merge Heap Roots: 0.59ms
[6062.843s][info][gc,phases      ] GC(747)   Evacuate Collection Set: 166.85ms
[6062.843s][info][gc,phases      ] GC(747)   Post Evacuate Collection Set: 1.36ms
[6062.843s][info][gc,phases      ] GC(747)   Other: 0.08ms
[6062.843s][info][gc,heap        ] GC(747) Eden regions: 717->0(715)
[6062.843s][info][gc,heap        ] GC(747) Survivor regions: 51->53(96)
[6062.843s][info][gc,heap        ] GC(747) Old regions: 261->264
[6062.843s][info][gc,heap        ] GC(747) Humongous regions: 33->33
[6062.843s][info][gc,metaspace   ] GC(747) Metaspace: 29977K(30144K)->29977K(30144K) NonClass: 29977K(30144K)->29977K(30144K) Class: 0K(0K)->0K(0K)
[6062.843s][info][gc             ] GC(747) Pause Young (Normal) (G1 Evacuation Pause) 8470M->2772M(10240M) 169.326ms
[6062.843s][info][gc,cpu         ] GC(747) User=1.33s Sys=0.00s Real=0.17s
....[6067.232s][info][gc,start       ] GC(748) Pause Young (Normal) (G1 Evacuation Pause)
[6067.232s][info][gc,task        ] GC(748) Using 8 workers of 8 for evacuation
[6067.399s][info][gc,phases      ] GC(748)   Pre Evacuate Collection Set: 0.28ms
[6067.399s][info][gc,phases      ] GC(748)   Merge Heap Roots: 0.59ms
[6067.399s][info][gc,phases      ] GC(748)   Evacuate Collection Set: 164.39ms
[6067.399s][info][gc,phases      ] GC(748)   Post Evacuate Collection Set: 1.33ms
[6067.399s][info][gc,phases      ] GC(748)   Other: 0.06ms
[6067.399s][info][gc,heap        ] GC(748) Eden regions: 715->0(715)
[6067.399s][info][gc,heap        ] GC(748) Survivor regions: 53->53(96)
[6067.399s][info][gc,heap        ] GC(748) Old regions: 264->266
[6067.399s][info][gc,heap        ] GC(748) Humongous regions: 33->33
[6067.399s][info][gc,metaspace   ] GC(748) Metaspace: 29977K(30144K)->29977K(30144K) NonClass: 29977K(30144K)->29977K(30144K) Class: 0K(0K)->0K(0K)
[6067.399s][info][gc             ] GC(748) Pause Young (Normal) (G1 Evacuation Pause) 8492M->2788M(10240M) 166.809ms
[6067.399s][info][gc,cpu         ] GC(748) User=1.32s Sys=0.00s Real=0.17s
.....[6071.781s][info][gc,start       ] GC(749) Pause Young (Normal) (G1 Evacuation Pause)
[6071.781s][info][gc,task        ] GC(749) Using 8 workers of 8 for evacuation
[6071.949s][info][gc,phases      ] GC(749)   Pre Evacuate Collection Set: 0.30ms
[6071.949s][info][gc,phases      ] GC(749)   Merge Heap Roots: 0.69ms
[6071.949s][info][gc,phases      ] GC(749)   Evacuate Collection Set: 164.88ms
[6071.949s][info][gc,phases      ] GC(749)   Post Evacuate Collection Set: 1.38ms
[6071.949s][info][gc,phases      ] GC(749)   Other: 0.07ms
[6071.949s][info][gc,heap        ] GC(749) Eden regions: 715->0(716)
[6071.949s][info][gc,heap        ] GC(749) Survivor regions: 53->52(96)
[6071.949s][info][gc,heap        ] GC(749) Old regions: 266->269
[6071.949s][info][gc,heap        ] GC(749) Humongous regions: 33->33
[6071.949s][info][gc,metaspace   ] GC(749) Metaspace: 29977K(30144K)->29977K(30144K) NonClass: 29977K(30144K)->29977K(30144K) Class: 0K(0K)->0K(0K)
[6071.949s][info][gc             ] GC(749) Pause Young (Normal) (G1 Evacuation Pause) 8508M->2805M(10240M) 167.455ms
[6071.949s][info][gc,cpu         ] GC(749) User=1.31s Sys=0.00s Real=0.17s
....[6076.230s][info][gc,start       ] GC(750) Pause Young (Normal) (G1 Evacuation Pause)
[6076.230s][info][gc,task        ] GC(750) Using 8 workers of 8 for evacuation
[6076.400s][info][gc,phases      ] GC(750)   Pre Evacuate Collection Set: 0.28ms
[6076.400s][info][gc,phases      ] GC(750)   Merge Heap Roots: 0.59ms
[6076.400s][info][gc,phases      ] GC(750)   Evacuate Collection Set: 168.04ms
[6076.400s][info][gc,phases      ] GC(750)   Post Evacuate Collection Set: 1.34ms
[6076.400s][info][gc,phases      ] GC(750)   Other: 0.08ms
[6076.400s][info][gc,heap        ] GC(750) Eden regions: 716->0(714)
[6076.400s][info][gc,heap        ] GC(750) Survivor regions: 52->54(96)
[6076.400s][info][gc,heap        ] GC(750) Old regions: 269->271
[6076.400s][info][gc,heap        ] GC(750) Humongous regions: 33->33
[6076.400s][info][gc,metaspace   ] GC(750) Metaspace: 29977K(30144K)->29977K(30144K) NonClass: 29977K(30144K)->29977K(30144K) Class: 0K(0K)->0K(0K)
[6076.400s][info][gc             ] GC(750) Pause Young (Normal) (G1 Evacuation Pause) 8533M->2839M(10240M) 170.483ms
[6076.400s][info][gc,cpu         ] GC(750) User=1.34s Sys=0.00s Real=0.17s
.....[6080.799s][info][gc,start       ] GC(751) Pause Young (Normal) (G1 Evacuation Pause)
[6080.799s][info][gc,task        ] GC(751) Using 8 workers of 8 for evacuation
[6080.966s][info][gc,phases      ] GC(751)   Pre Evacuate Collection Set: 0.29ms
[6080.966s][info][gc,phases      ] GC(751)   Merge Heap Roots: 0.59ms
[6080.966s][info][gc,phases      ] GC(751)   Evacuate Collection Set: 164.47ms
[6080.966s][info][gc,phases      ] GC(751)   Post Evacuate Collection Set: 1.35ms
[6080.966s][info][gc,phases      ] GC(751)   Other: 0.07ms
[6080.966s][info][gc,heap        ] GC(751) Eden regions: 714->0(716)
[6080.966s][info][gc,heap        ] GC(751) Survivor regions: 54->52(96)
[6080.966s][info][gc,heap        ] GC(751) Old regions: 271->274
[6080.966s][info][gc,heap        ] GC(751) Humongous regions: 33->33
[6080.966s][info][gc,metaspace   ] GC(751) Metaspace: 29977K(30144K)->29977K(30144K) NonClass: 29977K(30144K)->29977K(30144K) Class: 0K(0K)->0K(0K)
[6080.966s][info][gc             ] GC(751) Pause Young (Normal) (G1 Evacuation Pause) 8551M->2848M(10240M) 166.911ms
[6080.966s][info][gc,cpu         ] GC(751) User=1.31s Sys=0.00s Real=0.16s
...|.[6085.328s][info][gc,start       ] GC(752) Pause Young (Normal) (G1 Evacuation Pause)
[6085.328s][info][gc,task        ] GC(752) Using 8 workers of 8 for evacuation
[6085.494s][info][gc,phases      ] GC(752)   Pre Evacuate Collection Set: 0.30ms
[6085.495s][info][gc,phases      ] GC(752)   Merge Heap Roots: 0.65ms
[6085.495s][info][gc,phases      ] GC(752)   Evacuate Collection Set: 164.04ms
[6085.495s][info][gc,phases      ] GC(752)   Post Evacuate Collection Set: 1.38ms
[6085.495s][info][gc,phases      ] GC(752)   Other: 0.07ms
[6085.495s][info][gc,heap        ] GC(752) Eden regions: 716->0(715)
[6085.495s][info][gc,heap        ] GC(752) Survivor regions: 52->53(96)
[6085.495s][info][gc,heap        ] GC(752) Old regions: 274->277
[6085.495s][info][gc,heap        ] GC(752) Humongous regions: 33->33
[6085.495s][info][gc,metaspace   ] GC(752) Metaspace: 29977K(30144K)->29977K(30144K) NonClass: 29977K(30144K)->29977K(30144K) Class: 0K(0K)->0K(0K)
[6085.495s][info][gc             ] GC(752) Pause Young (Normal) (G1 Evacuation Pause) 8576M->2873M(10240M) 166.573ms
[6085.495s][info][gc,cpu         ] GC(752) User=1.30s Sys=0.00s Real=0.16s
.....[6089.818s][info][gc,start       ] GC(753) Pause Young (Concurrent Start) (G1 Evacuation Pause)
[6089.818s][info][gc,task        ] GC(753) Using 8 workers of 8 for evacuation
[6089.988s][info][gc,phases      ] GC(753)   Pre Evacuate Collection Set: 0.35ms
[6089.988s][info][gc,phases      ] GC(753)   Merge Heap Roots: 0.57ms
[6089.988s][info][gc,phases      ] GC(753)   Evacuate Collection Set: 167.83ms
[6089.988s][info][gc,phases      ] GC(753)   Post Evacuate Collection Set: 1.28ms
[6089.988s][info][gc,phases      ] GC(753)   Other: 0.09ms
[6089.988s][info][gc,heap        ] GC(753) Eden regions: 715->0(715)
[6089.988s][info][gc,heap        ] GC(753) Survivor regions: 53->53(96)
[6089.988s][info][gc,heap        ] GC(753) Old regions: 277->279
[6089.988s][info][gc,heap        ] GC(753) Humongous regions: 33->33
[6089.988s][info][gc,metaspace   ] GC(753) Metaspace: 29977K(30144K)->29977K(30144K) NonClass: 29977K(30144K)->29977K(30144K) Class: 0K(0K)->0K(0K)
[6089.988s][info][gc             ] GC(753) Pause Young (Concurrent Start) (G1 Evacuation Pause) 8593M->2899M(10240M) 170.273ms
[6089.988s][info][gc             ] GC(754) Concurrent Mark Cycle
[6089.988s][info][gc,marking     ] GC(754) Concurrent Scan Root Regions
[6089.988s][info][gc,cpu         ] GC(753) User=1.34s Sys=0.00s Real=0.17s
[6090.248s][info][gc,marking     ] GC(754) Concurrent Scan Root Regions 259.573ms
[6090.248s][info][gc,marking     ] GC(754) Concurrent Mark
[6090.248s][info][gc,marking     ] GC(754) Concurrent Mark From Roots
[6090.248s][info][gc,task        ] GC(754) Using 2 workers of 2 for marking
.[6091.341s][info][gc,marking     ] GC(754) Concurrent Mark From Roots 1092.564ms
[6091.341s][info][gc,marking     ] GC(754) Concurrent Preclean
[6091.341s][info][gc,marking     ] GC(754) Concurrent Preclean 0.226ms
[6091.341s][info][gc,start       ] GC(754) Pause Remark
[6091.343s][info][gc             ] GC(754) Pause Remark 4423M->4215M(10240M) 1.669ms
[6091.343s][info][gc,cpu         ] GC(754) User=0.01s Sys=0.00s Real=0.00s
[6091.343s][info][gc,marking     ] GC(754) Concurrent Mark 1094.775ms
[6091.343s][info][gc,marking     ] GC(754) Concurrent Rebuild Remembered Sets and Scrub Regions
.[6092.075s][info][gc,marking     ] GC(754) Concurrent Rebuild Remembered Sets and Scrub Regions 732.314ms
[6092.075s][info][gc,start       ] GC(754) Pause Cleanup
[6092.076s][info][gc             ] GC(754) Pause Cleanup 5151M->5151M(10240M) 0.305ms
[6092.076s][info][gc,cpu         ] GC(754) User=0.00s Sys=0.00s Real=0.00s
[6092.076s][info][gc,marking     ] GC(754) Concurrent Clear Claimed Marks
[6092.076s][info][gc,marking     ] GC(754) Concurrent Clear Claimed Marks 0.054ms
[6092.076s][info][gc,marking     ] GC(754) Concurrent Cleanup for Next Mark
[6092.105s][info][gc,marking     ] GC(754) Concurrent Cleanup for Next Mark 28.774ms
[6092.105s][info][gc             ] GC(754) Concurrent Mark Cycle 2116.234ms
..[6094.509s][info][gc,start       ] GC(755) Pause Young (Prepare Mixed) (G1 Evacuation Pause)
[6094.509s][info][gc,task        ] GC(755) Using 8 workers of 8 for evacuation
[6094.676s][info][gc,phases      ] GC(755)   Pre Evacuate Collection Set: 0.31ms
[6094.676s][info][gc,phases      ] GC(755)   Merge Heap Roots: 0.85ms
[6094.676s][info][gc,phases      ] GC(755)   Evacuate Collection Set: 164.49ms
[6094.676s][info][gc,phases      ] GC(755)   Post Evacuate Collection Set: 1.44ms
[6094.676s][info][gc,phases      ] GC(755)   Other: 0.07ms
[6094.676s][info][gc,heap        ] GC(755) Eden regions: 715->0(716)
[6094.676s][info][gc,heap        ] GC(755) Survivor regions: 53->52(96)
[6094.676s][info][gc,heap        ] GC(755) Old regions: 253->256
[6094.676s][info][gc,heap        ] GC(755) Humongous regions: 33->33
[6094.676s][info][gc,metaspace   ] GC(755) Metaspace: 29977K(30144K)->29977K(30144K) NonClass: 29977K(30144K)->29977K(30144K) Class: 0K(0K)->0K(0K)
[6094.676s][info][gc             ] GC(755) Pause Young (Prepare Mixed) (G1 Evacuation Pause) 8411M->2701M(10240M) 167.290ms
[6094.676s][info][gc,cpu         ] GC(755) User=1.32s Sys=0.00s Real=0.17s
.....[6098.931s][info][gc,start       ] GC(756) Pause Young (Mixed) (G1 Evacuation Pause)
[6098.931s][info][gc,task        ] GC(756) Using 8 workers of 8 for evacuation
[6099.103s][info][gc,phases      ] GC(756)   Pre Evacuate Collection Set: 0.33ms
[6099.103s][info][gc,phases      ] GC(756)   Merge Heap Roots: 0.92ms
[6099.103s][info][gc,phases      ] GC(756)   Evacuate Collection Set: 169.28ms
[6099.103s][info][gc,phases      ] GC(756)   Post Evacuate Collection Set: 1.55ms
[6099.103s][info][gc,phases      ] GC(756)   Other: 0.07ms
[6099.103s][info][gc,heap        ] GC(756) Eden regions: 716->0(715)
[6099.103s][info][gc,heap        ] GC(756) Survivor regions: 52->53(96)
[6099.103s][info][gc,heap        ] GC(756) Old regions: 256->132
[6099.103s][info][gc,heap        ] GC(756) Humongous regions: 33->33
[6099.103s][info][gc,metaspace   ] GC(756) Metaspace: 29977K(30144K)->29977K(30144K) NonClass: 29977K(30144K)->29977K(30144K) Class: 0K(0K)->0K(0K)
[6099.103s][info][gc             ] GC(756) Pause Young (Mixed) (G1 Evacuation Pause) 8429M->1717M(10240M) 172.307ms
[6099.103s][info][gc,cpu         ] GC(756) User=1.35s Sys=0.01s Real=0.17s
....[6103.454s][info][gc,start       ] GC(757) Pause Young (Mixed) (G1 Evacuation Pause)
[6103.454s][info][gc,task        ] GC(757) Using 8 workers of 8 for evacuation
[6103.620s][info][gc,phases      ] GC(757)   Pre Evacuate Collection Set: 0.29ms
[6103.620s][info][gc,phases      ] GC(757)   Merge Heap Roots: 0.58ms
[6103.620s][info][gc,phases      ] GC(757)   Evacuate Collection Set: 163.83ms
[6103.620s][info][gc,phases      ] GC(757)   Post Evacuate Collection Set: 1.26ms
[6103.620s][info][gc,phases      ] GC(757)   Other: 0.07ms
[6103.620s][info][gc,heap        ] GC(757) Eden regions: 715->0(715)
[6103.620s][info][gc,heap        ] GC(757) Survivor regions: 53->53(96)
[6103.620s][info][gc,heap        ] GC(757) Old regions: 132->134
[6103.620s][info][gc,heap        ] GC(757) Humongous regions: 33->33
[6103.620s][info][gc,metaspace   ] GC(757) Metaspace: 29977K(30144K)->29977K(30144K) NonClass: 29977K(30144K)->29977K(30144K) Class: 0K(0K)->0K(0K)
[6103.620s][info][gc             ] GC(757) Pause Young (Mixed) (G1 Evacuation Pause) 7437M->1731M(10240M) 166.158ms
[6103.620s][info][gc,cpu         ] GC(757) User=1.30s Sys=0.01s Real=0.17s
.....[6107.989s][info][gc,start       ] GC(758) Pause Young (Normal) (G1 Evacuation Pause)
[6107.989s][info][gc,task        ] GC(758) Using 8 workers of 8 for evacuation
[6108.155s][info][gc,phases      ] GC(758)   Pre Evacuate Collection Set: 0.31ms
[6108.155s][info][gc,phases      ] GC(758)   Merge Heap Roots: 0.57ms
[6108.155s][info][gc,phases      ] GC(758)   Evacuate Collection Set: 163.55ms
[6108.155s][info][gc,phases      ] GC(758)   Post Evacuate Collection Set: 1.26ms
[6108.155s][info][gc,phases      ] GC(758)   Other: 0.06ms
[6108.155s][info][gc,heap        ] GC(758) Eden regions: 715->0(716)
[6108.155s][info][gc,heap        ] GC(758) Survivor regions: 53->52(96)
[6108.155s][info][gc,heap        ] GC(758) Old regions: 134->137
[6108.155s][info][gc,heap        ] GC(758) Humongous regions: 33->33
[6108.155s][info][gc,metaspace   ] GC(758) Metaspace: 29977K(30144K)->29977K(30144K) NonClass: 29977K(30144K)->29977K(30144K) Class: 0K(0K)->0K(0K)
[6108.155s][info][gc             ] GC(758) Pause Young (Normal) (G1 Evacuation Pause) 7451M->1750M(10240M) 165.890ms
[6108.155s][info][gc,cpu         ] GC(758) User=1.30s Sys=0.00s Real=0.16s
....[6112.394s][info][gc,start       ] GC(759) Pause Young (Normal) (G1 Evacuation Pause)
[6112.394s][info][gc,task        ] GC(759) Using 8 workers of 8 for evacuation
[6112.565s][info][gc,phases      ] GC(759)   Pre Evacuate Collection Set: 0.31ms
[6112.565s][info][gc,phases      ] GC(759)   Merge Heap Roots: 0.65ms
[6112.565s][info][gc,phases      ] GC(759)   Evacuate Collection Set: 168.39ms
[6112.565s][info][gc,phases      ] GC(759)   Post Evacuate Collection Set: 1.32ms
[6112.565s][info][gc,phases      ] GC(759)   Other: 0.09ms
[6112.565s][info][gc,heap        ] GC(759) Eden regions: 716->0(714)
[6112.565s][info][gc,heap        ] GC(759) Survivor regions: 52->54(96)
[6112.565s][info][gc,heap        ] GC(759) Old regions: 137->139
[6112.565s][info][gc,heap        ] GC(759) Humongous regions: 33->33
[6112.565s][info][gc,metaspace   ] GC(759) Metaspace: 29977K(30144K)->29977K(30144K) NonClass: 29977K(30144K)->29977K(30144K) Class: 0K(0K)->0K(0K)
[6112.565s][info][gc             ] GC(759) Pause Young (Normal) (G1 Evacuation Pause) 7478M->1783M(10240M) 170.893ms
[6112.565s][info][gc,cpu         ] GC(759) User=1.35s Sys=0.00s Real=0.17s
.....[6116.889s][info][gc,start       ] GC(760) Pause Young (Normal) (G1 Evacuation Pause)
[6116.889s][info][gc,task        ] GC(760) Using 8 workers of 8 for evacuation
[6117.054s][info][gc,phases      ] GC(760)   Pre Evacuate Collection Set: 0.29ms
[6117.054s][info][gc,phases      ] GC(760)   Merge Heap Roots: 0.56ms
[6117.054s][info][gc,phases      ] GC(760)   Evacuate Collection Set: 163.06ms
[6117.054s][info][gc,phases      ] GC(760)   Post Evacuate Collection Set: 1.27ms
[6117.054s][info][gc,phases      ] GC(760)   Other: 0.07ms
[6117.054s][info][gc,heap        ] GC(760) Eden regions: 714->0(716)
[6117.054s][info][gc,heap        ] GC(760) Survivor regions: 54->52(96)
[6117.054s][info][gc,heap        ] GC(760) Old regions: 139->142
[6117.054s][info][gc,heap        ] GC(760) Humongous regions: 33->33
[6117.054s][info][gc,metaspace   ] GC(760) Metaspace: 29977K(30144K)->29977K(30144K) NonClass: 29977K(30144K)->29977K(30144K) Class: 0K(0K)->0K(0K)
[6117.054s][info][gc             ] GC(760) Pause Young (Normal) (G1 Evacuation Pause) 7495M->1791M(10240M) 165.406ms
[6117.054s][info][gc,cpu         ] GC(760) User=1.31s Sys=0.00s Real=0.16s
....[6121.499s][info][gc,start       ] GC(761) Pause Young (Normal) (G1 Evacuation Pause)
[6121.500s][info][gc,task        ] GC(761) Using 8 workers of 8 for evacuation
[6121.667s][info][gc,phases      ] GC(761)   Pre Evacuate Collection Set: 0.28ms
[6121.667s][info][gc,phases      ] GC(761)   Merge Heap Roots: 0.56ms
[6121.667s][info][gc,phases      ] GC(761)   Evacuate Collection Set: 164.87ms
[6121.667s][info][gc,phases      ] GC(761)   Post Evacuate Collection Set: 1.30ms
[6121.667s][info][gc,phases      ] GC(761)   Other: 0.07ms
[6121.667s][info][gc,heap        ] GC(761) Eden regions: 716->0(716)
[6121.667s][info][gc,heap        ] GC(761) Survivor regions: 52->52(96)
[6121.667s][info][gc,heap        ] GC(761) Old regions: 142->144
[6121.667s][info][gc,heap        ] GC(761) Humongous regions: 33->33
[6121.667s][info][gc,metaspace   ] GC(761) Metaspace: 29977K(30144K)->29977K(30144K) NonClass: 29977K(30144K)->29977K(30144K) Class: 0K(0K)->0K(0K)
[6121.667s][info][gc             ] GC(761) Pause Young (Normal) (G1 Evacuation Pause) 7519M->1811M(10240M) 167.234ms
[6121.667s][info][gc,cpu         ] GC(761) User=1.31s Sys=0.00s Real=0.17s
.....[6126.135s][info][gc,start       ] GC(762) Pause Young (Normal) (G1 Evacuation Pause)
[6126.135s][info][gc,task        ] GC(762) Using 8 workers of 8 for evacuation
[6126.302s][info][gc,phases      ] GC(762)   Pre Evacuate Collection Set: 0.29ms
[6126.302s][info][gc,phases      ] GC(762)   Merge Heap Roots: 0.64ms
[6126.302s][info][gc,phases      ] GC(762)   Evacuate Collection Set: 164.17ms
[6126.302s][info][gc,phases      ] GC(762)   Post Evacuate Collection Set: 1.32ms
[6126.302s][info][gc,phases      ] GC(762)   Other: 0.06ms
[6126.302s][info][gc,heap        ] GC(762) Eden regions: 716->0(715)
[6126.302s][info][gc,heap        ] GC(762) Survivor regions: 52->53(96)
[6126.302s][info][gc,heap        ] GC(762) Old regions: 144->147
[6126.302s][info][gc,heap        ] GC(762) Humongous regions: 33->33
[6126.302s][info][gc,metaspace   ] GC(762) Metaspace: 29977K(30144K)->29977K(30144K) NonClass: 29977K(30144K)->29977K(30144K) Class: 0K(0K)->0K(0K)
[6126.302s][info][gc             ] GC(762) Pause Young (Normal) (G1 Evacuation Pause) 7539M->1838M(10240M) 166.607ms
[6126.302s][info][gc,cpu         ] GC(762) User=1.32s Sys=0.00s Real=0.17s
....[6130.643s][info][gc,start       ] GC(763) Pause Young (Normal) (G1 Evacuation Pause)
[6130.643s][info][gc,task        ] GC(763) Using 8 workers of 8 for evacuation
[6130.807s][info][gc,phases      ] GC(763)   Pre Evacuate Collection Set: 0.31ms
[6130.807s][info][gc,phases      ] GC(763)   Merge Heap Roots: 0.56ms
[6130.807s][info][gc,phases      ] GC(763)   Evacuate Collection Set: 162.34ms
[6130.807s][info][gc,phases      ] GC(763)   Post Evacuate Collection Set: 1.28ms
[6130.807s][info][gc,phases      ] GC(763)   Other: 0.06ms
[6130.807s][info][gc,heap        ] GC(763) Eden regions: 715->0(716)
[6130.807s][info][gc,heap        ] GC(763) Survivor regions: 53->52(96)
[6130.807s][info][gc,heap        ] GC(763) Old regions: 147->150
[6130.807s][info][gc,heap        ] GC(763) Humongous regions: 33->33
[6130.807s][info][gc,metaspace   ] GC(763) Metaspace: 29977K(30144K)->29977K(30144K) NonClass: 29977K(30144K)->29977K(30144K) Class: 0K(0K)->0K(0K)
[6130.807s][info][gc             ] GC(763) Pause Young (Normal) (G1 Evacuation Pause) 7558M->1852M(10240M) 164.713ms
[6130.807s][info][gc,cpu         ] GC(763) User=1.29s Sys=0.01s Real=0.17s
.....[6135.229s][info][gc,start       ] GC(764) Pause Young (Normal) (G1 Evacuation Pause)
[6135.229s][info][gc,task        ] GC(764) Using 8 workers of 8 for evacuation
[6135.392s][info][gc,phases      ] GC(764)   Pre Evacuate Collection Set: 0.31ms
[6135.392s][info][gc,phases      ] GC(764)   Merge Heap Roots: 0.57ms
[6135.392s][info][gc,phases      ] GC(764)   Evacuate Collection Set: 161.26ms
[6135.392s][info][gc,phases      ] GC(764)   Post Evacuate Collection Set: 1.34ms
[6135.392s][info][gc,phases      ] GC(764)   Other: 0.06ms
[6135.392s][info][gc,heap        ] GC(764) Eden regions: 716->0(716)
[6135.392s][info][gc,heap        ] GC(764) Survivor regions: 52->52(96)
[6135.392s][info][gc,heap        ] GC(764) Old regions: 150->153
[6135.392s][info][gc,heap        ] GC(764) Humongous regions: 33->33
[6135.392s][info][gc,metaspace   ] GC(764) Metaspace: 29977K(30144K)->29977K(30144K) NonClass: 29977K(30144K)->29977K(30144K) Class: 0K(0K)->0K(0K)
[6135.392s][info][gc             ] GC(764) Pause Young (Normal) (G1 Evacuation Pause) 7580M->1874M(10240M) 163.668ms
[6135.392s][info][gc,cpu         ] GC(764) User=1.29s Sys=0.00s Real=0.16s
....[6139.751s][info][gc,start       ] GC(765) Pause Young (Normal) (G1 Evacuation Pause)
[6139.751s][info][gc,task        ] GC(765) Using 8 workers of 8 for evacuation
[6139.918s][info][gc,phases      ] GC(765)   Pre Evacuate Collection Set: 0.29ms
[6139.918s][info][gc,phases      ] GC(765)   Merge Heap Roots: 0.56ms
[6139.918s][info][gc,phases      ] GC(765)   Evacuate Collection Set: 164.69ms
[6139.918s][info][gc,phases      ] GC(765)   Post Evacuate Collection Set: 1.29ms
[6139.918s][info][gc,phases      ] GC(765)   Other: 0.06ms
[6139.918s][info][gc,heap        ] GC(765) Eden regions: 716->0(716)
[6139.918s][info][gc,heap        ] GC(765) Survivor regions: 52->52(96)
[6139.918s][info][gc,heap        ] GC(765) Old regions: 153->155
[6139.918s][info][gc,heap        ] GC(765) Humongous regions: 33->33
[6139.918s][info][gc,metaspace   ] GC(765) Metaspace: 29977K(30144K)->29977K(30144K) NonClass: 29977K(30144K)->29977K(30144K) Class: 0K(0K)->0K(0K)
[6139.918s][info][gc             ] GC(765) Pause Young (Normal) (G1 Evacuation Pause) 7602M->1895M(10240M) 167.032ms
[6139.918s][info][gc,cpu         ] GC(765) User=1.32s Sys=0.00s Real=0.17s
..... (rIR:aIR:PR = 10516:10603:10603) (tPR = 158091) [OK] 
  6143s: Performance info:
         Transaction,    Success,    Partial,     Failed,   Receipts, AvgBarcode, 
             Overall,     641593,          0,          0,     609949,      59.47, 
         Response times:
             Request,    Success,    Partial,     Failed,   SkipFail,     Probes,    Samples,      min,      p50,      p90,      p95,      p99,      max, 
       TotalPurchase,     609948,          0,          0,          0,     359234,     516916,      300,     8100,    48000,    95000,   208000,  2400000,
     InStorePurchase,     320243,          0,          0,          0,     189487,     272584,      300,     8000,    48000,    94000,   207150,  2400000,
      OnlinePurchase,     226185,          0,          0,          0,     131591,     188955,      300,     8200,    49000,    97000,   212000,  2400000,
        InstPurchase,      63520,          0,          0,          0,      38156,      55377,      400,     8000,    48000,    94000,   202000,  2400000,
          AssocOfCat,        633,          0,          0,          0,        546,        918,    33000,    59000,   110200,   151050,   250050,   475000,
      AssocOfProduct,       6358,          0,          0,          0,       3607,       5484,      800,     9600,    49000,    96500,   207000,   660000,
      BusinessReport,       1593,          0,          0,          0,       1407,       2206,    32000,    64000,   117300,   182000,   257720,   610000,
          CustBuyBeh,       6307,          0,          0,          0,       3636,       5579,      200,     6600,    41000,    83000,   187000,   521000,
       ProductReturn,      16748,          0,          0,          0,      10255,      15196,      300,     7600,    45000,    88000,   198030,   596000,

  6143s: (77%)   IR =  10654 [6144.364s][info][gc,start       ] GC(766) Pause Young (Normal) (G1 Evacuation Pause)
[6144.364s][info][gc,task        ] GC(766) Using 8 workers of 8 for evacuation
[6144.529s][info][gc,phases      ] GC(766)   Pre Evacuate Collection Set: 0.30ms
[6144.529s][info][gc,phases      ] GC(766)   Merge Heap Roots: 0.58ms
[6144.529s][info][gc,phases      ] GC(766)   Evacuate Collection Set: 162.69ms
[6144.529s][info][gc,phases      ] GC(766)   Post Evacuate Collection Set: 1.30ms
[6144.529s][info][gc,phases      ] GC(766)   Other: 0.07ms
[6144.529s][info][gc,heap        ] GC(766) Eden regions: 716->0(716)
[6144.529s][info][gc,heap        ] GC(766) Survivor regions: 52->52(96)
[6144.529s][info][gc,heap        ] GC(766) Old regions: 155->158
[6144.529s][info][gc,heap        ] GC(766) Humongous regions: 33->33
[6144.529s][info][gc,metaspace   ] GC(766) Metaspace: 29977K(30144K)->29977K(30144K) NonClass: 29977K(30144K)->29977K(30144K) Class: 0K(0K)->0K(0K)
[6144.529s][info][gc             ] GC(766) Pause Young (Normal) (G1 Evacuation Pause) 7623M->1919M(10240M) 165.077ms
[6144.529s][info][gc,cpu         ] GC(766) User=1.30s Sys=0.00s Real=0.17s
....[6148.848s][info][gc,start       ] GC(767) Pause Young (Normal) (G1 Evacuation Pause)
[6148.848s][info][gc,task        ] GC(767) Using 8 workers of 8 for evacuation
[6149.018s][info][gc,phases      ] GC(767)   Pre Evacuate Collection Set: 0.30ms
[6149.018s][info][gc,phases      ] GC(767)   Merge Heap Roots: 0.57ms
[6149.018s][info][gc,phases      ] GC(767)   Evacuate Collection Set: 167.41ms
[6149.018s][info][gc,phases      ] GC(767)   Post Evacuate Collection Set: 1.32ms
[6149.018s][info][gc,phases      ] GC(767)   Other: 0.06ms
[6149.018s][info][gc,heap        ] GC(767) Eden regions: 716->0(714)
[6149.018s][info][gc,heap        ] GC(767) Survivor regions: 52->54(96)
[6149.018s][info][gc,heap        ] GC(767) Old regions: 158->161
[6149.018s][info][gc,heap        ] GC(767) Humongous regions: 33->33
[6149.018s][info][gc,metaspace   ] GC(767) Metaspace: 29977K(30144K)->29977K(30144K) NonClass: 29977K(30144K)->29977K(30144K) Class: 0K(0K)->0K(0K)
[6149.018s][info][gc             ] GC(767) Pause Young (Normal) (G1 Evacuation Pause) 7647M->1957M(10240M) 169.800ms
[6149.018s][info][gc,cpu         ] GC(767) User=1.33s Sys=0.00s Real=0.17s
....|.[6153.324s][info][gc,start       ] GC(768) Pause Young (Normal) (G1 Evacuation Pause)
[6153.324s][info][gc,task        ] GC(768) Using 8 workers of 8 for evacuation
[6153.489s][info][gc,phases      ] GC(768)   Pre Evacuate Collection Set: 0.32ms
[6153.489s][info][gc,phases      ] GC(768)   Merge Heap Roots: 0.57ms
[6153.489s][info][gc,phases      ] GC(768)   Evacuate Collection Set: 162.78ms
[6153.489s][info][gc,phases      ] GC(768)   Post Evacuate Collection Set: 1.29ms
[6153.489s][info][gc,phases      ] GC(768)   Other: 0.06ms
[6153.489s][info][gc,heap        ] GC(768) Eden regions: 714->0(716)
[6153.489s][info][gc,heap        ] GC(768) Survivor regions: 54->52(96)
[6153.489s][info][gc,heap        ] GC(768) Old regions: 161->163
[6153.489s][info][gc,heap        ] GC(768) Humongous regions: 33->33
[6153.489s][info][gc,metaspace   ] GC(768) Metaspace: 29977K(30144K)->29977K(30144K) NonClass: 29977K(30144K)->29977K(30144K) Class: 0K(0K)->0K(0K)
[6153.489s][info][gc             ] GC(768) Pause Young (Normal) (G1 Evacuation Pause) 7669M->1963M(10240M) 165.166ms
[6153.489s][info][gc,cpu         ] GC(768) User=1.30s Sys=0.00s Real=0.17s
....[6157.775s][info][gc,start       ] GC(769) Pause Young (Normal) (G1 Evacuation Pause)
[6157.775s][info][gc,task        ] GC(769) Using 8 workers of 8 for evacuation
[6157.946s][info][gc,phases      ] GC(769)   Pre Evacuate Collection Set: 0.30ms
[6157.946s][info][gc,phases      ] GC(769)   Merge Heap Roots: 0.57ms
[6157.946s][info][gc,phases      ] GC(769)   Evacuate Collection Set: 169.00ms
[6157.946s][info][gc,phases      ] GC(769)   Post Evacuate Collection Set: 1.28ms
[6157.946s][info][gc,phases      ] GC(769)   Other: 0.06ms
[6157.946s][info][gc,heap        ] GC(769) Eden regions: 716->0(715)
[6157.946s][info][gc,heap        ] GC(769) Survivor regions: 52->53(96)
[6157.946s][info][gc,heap        ] GC(769) Old regions: 163->166
[6157.946s][info][gc,heap        ] GC(769) Humongous regions: 33->33
[6157.946s][info][gc,metaspace   ] GC(769) Metaspace: 29977K(30144K)->29977K(30144K) NonClass: 29977K(30144K)->29977K(30144K) Class: 0K(0K)->0K(0K)
[6157.946s][info][gc             ] GC(769) Pause Young (Normal) (G1 Evacuation Pause) 7691M->1993M(10240M) 171.363ms
[6157.946s][info][gc,cpu         ] GC(769) User=1.35s Sys=0.00s Real=0.18s
.....[6162.424s][info][gc,start       ] GC(770) Pause Young (Normal) (G1 Evacuation Pause)
[6162.424s][info][gc,task        ] GC(770) Using 8 workers of 8 for evacuation
[6162.589s][info][gc,phases      ] GC(770)   Pre Evacuate Collection Set: 0.28ms
[6162.589s][info][gc,phases      ] GC(770)   Merge Heap Roots: 0.56ms
[6162.589s][info][gc,phases      ] GC(770)   Evacuate Collection Set: 162.82ms
[6162.589s][info][gc,phases      ] GC(770)   Post Evacuate Collection Set: 1.29ms
[6162.589s][info][gc,phases      ] GC(770)   Other: 0.06ms
[6162.589s][info][gc,heap        ] GC(770) Eden regions: 715->0(716)
[6162.589s][info][gc,heap        ] GC(770) Survivor regions: 53->52(96)
[6162.589s][info][gc,heap        ] GC(770) Old regions: 166->169
[6162.589s][info][gc,heap        ] GC(770) Humongous regions: 33->33
[6162.589s][info][gc,metaspace   ] GC(770) Metaspace: 29977K(30144K)->29977K(30144K) NonClass: 29977K(30144K)->29977K(30144K) Class: 0K(0K)->0K(0K)
[6162.589s][info][gc             ] GC(770) Pause Young (Normal) (G1 Evacuation Pause) 7713M->2002M(10240M) 165.169ms
[6162.589s][info][gc,cpu         ] GC(770) User=1.30s Sys=0.00s Real=0.17s
....[6166.972s][info][gc,start       ] GC(771) Pause Young (Normal) (G1 Evacuation Pause)
[6166.972s][info][gc,task        ] GC(771) Using 8 workers of 8 for evacuation
[6167.134s][info][gc,phases      ] GC(771)   Pre Evacuate Collection Set: 0.34ms
[6167.134s][info][gc,phases      ] GC(771)   Merge Heap Roots: 0.57ms
[6167.134s][info][gc,phases      ] GC(771)   Evacuate Collection Set: 159.50ms
[6167.134s][info][gc,phases      ] GC(771)   Post Evacuate Collection Set: 1.31ms
[6167.134s][info][gc,phases      ] GC(771)   Other: 0.07ms
[6167.134s][info][gc,heap        ] GC(771) Eden regions: 716->0(717)
[6167.134s][info][gc,heap        ] GC(771) Survivor regions: 52->51(96)
[6167.134s][info][gc,heap        ] GC(771) Old regions: 169->171
[6167.134s][info][gc,heap        ] GC(771) Humongous regions: 33->33
[6167.134s][info][gc,metaspace   ] GC(771) Metaspace: 29977K(30144K)->29977K(30144K) NonClass: 29977K(30144K)->29977K(30144K) Class: 0K(0K)->0K(0K)
[6167.134s][info][gc             ] GC(771) Pause Young (Normal) (G1 Evacuation Pause) 7730M->2019M(10240M) 161.916ms
[6167.134s][info][gc,cpu         ] GC(771) User=1.27s Sys=0.01s Real=0.16s
.....[6171.525s][info][gc,start       ] GC(772) Pause Young (Normal) (G1 Evacuation Pause)
[6171.525s][info][gc,task        ] GC(772) Using 8 workers of 8 for evacuation
[6171.697s][info][gc,phases      ] GC(772)   Pre Evacuate Collection Set: 0.30ms
[6171.697s][info][gc,phases      ] GC(772)   Merge Heap Roots: 0.56ms
[6171.697s][info][gc,phases      ] GC(772)   Evacuate Collection Set: 169.36ms
[6171.697s][info][gc,phases      ] GC(772)   Post Evacuate Collection Set: 1.29ms
[6171.697s][info][gc,phases      ] GC(772)   Other: 0.06ms
[6171.697s][info][gc,heap        ] GC(772) Eden regions: 717->0(714)
[6171.697s][info][gc,heap        ] GC(772) Survivor regions: 51->54(96)
[6171.697s][info][gc,heap        ] GC(772) Old regions: 171->174
[6171.697s][info][gc,heap        ] GC(772) Humongous regions: 33->33
[6171.697s][info][gc,metaspace   ] GC(772) Metaspace: 29977K(30144K)->29977K(30144K) NonClass: 29977K(30144K)->29977K(30144K) Class: 0K(0K)->0K(0K)
[6171.697s][info][gc             ] GC(772) Pause Young (Normal) (G1 Evacuation Pause) 7755M->2060M(10240M) 171.712ms
[6171.697s][info][gc,cpu         ] GC(772) User=1.35s Sys=0.00s Real=0.18s
....[6175.939s][info][gc,start       ] GC(773) Pause Young (Normal) (G1 Evacuation Pause)
[6175.939s][info][gc,task        ] GC(773) Using 8 workers of 8 for evacuation
[6176.108s][info][gc,phases      ] GC(773)   Pre Evacuate Collection Set: 0.28ms
[6176.108s][info][gc,phases      ] GC(773)   Merge Heap Roots: 0.56ms
[6176.108s][info][gc,phases      ] GC(773)   Evacuate Collection Set: 166.88ms
[6176.108s][info][gc,phases      ] GC(773)   Post Evacuate Collection Set: 1.28ms
[6176.108s][info][gc,phases      ] GC(773)   Other: 0.08ms
[6176.108s][info][gc,heap        ] GC(773) Eden regions: 714->0(716)
[6176.108s][info][gc,heap        ] GC(773) Survivor regions: 54->52(96)
[6176.108s][info][gc,heap        ] GC(773) Old regions: 174->177
[6176.108s][info][gc,heap        ] GC(773) Humongous regions: 33->33
[6176.108s][info][gc,metaspace   ] GC(773) Metaspace: 29977K(30144K)->29977K(30144K) NonClass: 29977K(30144K)->29977K(30144K) Class: 0K(0K)->0K(0K)
[6176.108s][info][gc             ] GC(773) Pause Young (Normal) (G1 Evacuation Pause) 7772M->2071M(10240M) 169.220ms
[6176.108s][info][gc,cpu         ] GC(773) User=1.33s Sys=0.00s Real=0.17s
.....[6180.471s][info][gc,start       ] GC(774) Pause Young (Normal) (G1 Evacuation Pause)
[6180.471s][info][gc,task        ] GC(774) Using 8 workers of 8 for evacuation
[6180.638s][info][gc,phases      ] GC(774)   Pre Evacuate Collection Set: 0.30ms
[6180.638s][info][gc,phases      ] GC(774)   Merge Heap Roots: 0.58ms
[6180.638s][info][gc,phases      ] GC(774)   Evacuate Collection Set: 165.06ms
[6180.638s][info][gc,phases      ] GC(774)   Post Evacuate Collection Set: 1.31ms
[6180.638s][info][gc,phases      ] GC(774)   Other: 0.06ms
[6180.638s][info][gc,heap        ] GC(774) Eden regions: 716->0(716)
[6180.638s][info][gc,heap        ] GC(774) Survivor regions: 52->52(96)
[6180.638s][info][gc,heap        ] GC(774) Old regions: 177->180
[6180.638s][info][gc,heap        ] GC(774) Humongous regions: 33->33
[6180.638s][info][gc,metaspace   ] GC(774) Metaspace: 29977K(30144K)->29977K(30144K) NonClass: 29977K(30144K)->29977K(30144K) Class: 0K(0K)->0K(0K)
[6180.638s][info][gc             ] GC(774) Pause Young (Normal) (G1 Evacuation Pause) 7799M->2088M(10240M) 167.447ms
[6180.638s][info][gc,cpu         ] GC(774) User=1.31s Sys=0.00s Real=0.17s
....[6185.019s][info][gc,start       ] GC(775) Pause Young (Normal) (G1 Evacuation Pause)
[6185.019s][info][gc,task        ] GC(775) Using 8 workers of 8 for evacuation
[6185.183s][info][gc,phases      ] GC(775)   Pre Evacuate Collection Set: 0.29ms
[6185.183s][info][gc,phases      ] GC(775)   Merge Heap Roots: 0.59ms
[6185.183s][info][gc,phases      ] GC(775)   Evacuate Collection Set: 162.28ms
[6185.183s][info][gc,phases      ] GC(775)   Post Evacuate Collection Set: 1.26ms
[6185.183s][info][gc,phases      ] GC(775)   Other: 0.07ms
[6185.183s][info][gc,heap        ] GC(775) Eden regions: 716->0(717)
[6185.183s][info][gc,heap        ] GC(775) Survivor regions: 52->51(96)
[6185.183s][info][gc,heap        ] GC(775) Old regions: 180->182
[6185.183s][info][gc,heap        ] GC(775) Humongous regions: 33->33
[6185.183s][info][gc,metaspace   ] GC(775) Metaspace: 29977K(30144K)->29977K(30144K) NonClass: 29977K(30144K)->29977K(30144K) Class: 0K(0K)->0K(0K)
[6185.184s][info][gc             ] GC(775) Pause Young (Normal) (G1 Evacuation Pause) 7816M->2106M(10240M) 164.627ms
[6185.184s][info][gc,cpu         ] GC(775) User=1.30s Sys=0.00s Real=0.16s
.....[6189.607s][info][gc,start       ] GC(776) Pause Young (Normal) (G1 Evacuation Pause)
[6189.608s][info][gc,task        ] GC(776) Using 8 workers of 8 for evacuation
[6189.775s][info][gc,phases      ] GC(776)   Pre Evacuate Collection Set: 0.32ms
[6189.775s][info][gc,phases      ] GC(776)   Merge Heap Roots: 0.57ms
[6189.775s][info][gc,phases      ] GC(776)   Evacuate Collection Set: 165.54ms
[6189.775s][info][gc,phases      ] GC(776)   Post Evacuate Collection Set: 1.24ms
[6189.775s][info][gc,phases      ] GC(776)   Other: 0.06ms
[6189.775s][info][gc,heap        ] GC(776) Eden regions: 717->0(715)
[6189.775s][info][gc,heap        ] GC(776) Survivor regions: 51->53(96)
[6189.775s][info][gc,heap        ] GC(776) Old regions: 182->185
[6189.775s][info][gc,heap        ] GC(776) Humongous regions: 33->33
[6189.775s][info][gc,metaspace   ] GC(776) Metaspace: 29977K(30144K)->29977K(30144K) NonClass: 29977K(30144K)->29977K(30144K) Class: 0K(0K)->0K(0K)
[6189.775s][info][gc             ] GC(776) Pause Young (Normal) (G1 Evacuation Pause) 7842M->2143M(10240M) 167.887ms
[6189.775s][info][gc,cpu         ] GC(776) User=1.32s Sys=0.00s Real=0.16s
....[6194.095s][info][gc,start       ] GC(777) Pause Young (Normal) (G1 Evacuation Pause)
[6194.095s][info][gc,task        ] GC(777) Using 8 workers of 8 for evacuation
[6194.257s][info][gc,phases      ] GC(777)   Pre Evacuate Collection Set: 0.30ms
[6194.257s][info][gc,phases      ] GC(777)   Merge Heap Roots: 0.59ms
[6194.257s][info][gc,phases      ] GC(777)   Evacuate Collection Set: 160.24ms
[6194.257s][info][gc,phases      ] GC(777)   Post Evacuate Collection Set: 1.30ms
[6194.257s][info][gc,phases      ] GC(777)   Other: 0.06ms
[6194.257s][info][gc,heap        ] GC(777) Eden regions: 715->0(716)
[6194.257s][info][gc,heap        ] GC(777) Survivor regions: 53->52(96)
[6194.257s][info][gc,heap        ] GC(777) Old regions: 185->188
[6194.257s][info][gc,heap        ] GC(777) Humongous regions: 33->33
[6194.257s][info][gc,metaspace   ] GC(777) Metaspace: 29977K(30144K)->29977K(30144K) NonClass: 29977K(30144K)->29977K(30144K) Class: 0K(0K)->0K(0K)
[6194.257s][info][gc             ] GC(777) Pause Young (Normal) (G1 Evacuation Pause) 7863M->2153M(10240M) 162.615ms
[6194.258s][info][gc,cpu         ] GC(777) User=1.28s Sys=0.00s Real=0.17s
.....[6198.641s][info][gc,start       ] GC(778) Pause Young (Normal) (G1 Evacuation Pause)
[6198.641s][info][gc,task        ] GC(778) Using 8 workers of 8 for evacuation
[6198.808s][info][gc,phases      ] GC(778)   Pre Evacuate Collection Set: 0.31ms
[6198.808s][info][gc,phases      ] GC(778)   Merge Heap Roots: 0.59ms
[6198.808s][info][gc,phases      ] GC(778)   Evacuate Collection Set: 165.36ms
[6198.808s][info][gc,phases      ] GC(778)   Post Evacuate Collection Set: 1.32ms
[6198.808s][info][gc,phases      ] GC(778)   Other: 0.06ms
[6198.808s][info][gc,heap        ] GC(778) Eden regions: 716->0(716)
[6198.809s][info][gc,heap        ] GC(778) Survivor regions: 52->52(96)
[6198.809s][info][gc,heap        ] GC(778) Old regions: 188->190
[6198.809s][info][gc,heap        ] GC(778) Humongous regions: 33->33
[6198.809s][info][gc,metaspace   ] GC(778) Metaspace: 29977K(30144K)->29977K(30144K) NonClass: 29977K(30144K)->29977K(30144K) Class: 0K(0K)->0K(0K)
[6198.809s][info][gc             ] GC(778) Pause Young (Normal) (G1 Evacuation Pause) 7881M->2179M(10240M) 167.764ms
[6198.809s][info][gc,cpu         ] GC(778) User=1.32s Sys=0.00s Real=0.17s
....[6203.134s][info][gc,start       ] GC(779) Pause Young (Normal) (G1 Evacuation Pause)
[6203.134s][info][gc,task        ] GC(779) Using 8 workers of 8 for evacuation
[6203.305s][info][gc,phases      ] GC(779)   Pre Evacuate Collection Set: 0.27ms
[6203.305s][info][gc,phases      ] GC(779)   Merge Heap Roots: 0.60ms
[6203.305s][info][gc,phases      ] GC(779)   Evacuate Collection Set: 168.40ms
[6203.305s][info][gc,phases      ] GC(779)   Post Evacuate Collection Set: 1.29ms
[6203.305s][info][gc,phases      ] GC(779)   Other: 0.06ms
[6203.305s][info][gc,heap        ] GC(779) Eden regions: 716->0(715)
[6203.305s][info][gc,heap        ] GC(779) Survivor regions: 52->53(96)
[6203.305s][info][gc,heap        ] GC(779) Old regions: 190->193
[6203.305s][info][gc,heap        ] GC(779) Humongous regions: 33->33
[6203.305s][info][gc,metaspace   ] GC(779) Metaspace: 29977K(30144K)->29977K(30144K) NonClass: 29977K(30144K)->29977K(30144K) Class: 0K(0K)->0K(0K)
[6203.305s][info][gc             ] GC(779) Pause Young (Normal) (G1 Evacuation Pause) 7907M->2204M(10240M) 170.761ms
[6203.305s][info][gc,cpu         ] GC(779) User=1.35s Sys=0.00s Real=0.17s
.....[6207.585s][info][gc,start       ] GC(780) Pause Young (Normal) (G1 Evacuation Pause)
[6207.585s][info][gc,task        ] GC(780) Using 8 workers of 8 for evacuation
[6207.756s][info][gc,phases      ] GC(780)   Pre Evacuate Collection Set: 0.28ms
[6207.756s][info][gc,phases      ] GC(780)   Merge Heap Roots: 0.57ms
[6207.756s][info][gc,phases      ] GC(780)   Evacuate Collection Set: 168.51ms
[6207.756s][info][gc,phases      ] GC(780)   Post Evacuate Collection Set: 1.32ms
[6207.756s][info][gc,phases      ] GC(780)   Other: 0.07ms
[6207.756s][info][gc,heap        ] GC(780) Eden regions: 715->0(714)
[6207.756s][info][gc,heap        ] GC(780) Survivor regions: 53->54(96)
[6207.756s][info][gc,heap        ] GC(780) Old regions: 193->196
[6207.756s][info][gc,heap        ] GC(780) Humongous regions: 33->33
[6207.756s][info][gc,metaspace   ] GC(780) Metaspace: 29977K(30144K)->29977K(30144K) NonClass: 29977K(30144K)->29977K(30144K) Class: 0K(0K)->0K(0K)
[6207.756s][info][gc             ] GC(780) Pause Young (Normal) (G1 Evacuation Pause) 7924M->2233M(10240M) 170.887ms
[6207.756s][info][gc,cpu         ] GC(780) User=1.35s Sys=0.00s Real=0.18s
....[6212.226s][info][gc,start       ] GC(781) Pause Young (Normal) (G1 Evacuation Pause)
[6212.226s][info][gc,task        ] GC(781) Using 8 workers of 8 for evacuation
[6212.389s][info][gc,phases      ] GC(781)   Pre Evacuate Collection Set: 0.30ms
[6212.389s][info][gc,phases      ] GC(781)   Merge Heap Roots: 0.65ms
[6212.389s][info][gc,phases      ] GC(781)   Evacuate Collection Set: 161.25ms
[6212.389s][info][gc,phases      ] GC(781)   Post Evacuate Collection Set: 1.27ms
[6212.389s][info][gc,phases      ] GC(781)   Other: 0.06ms
[6212.389s][info][gc,heap        ] GC(781) Eden regions: 714->0(716)
[6212.389s][info][gc,heap        ] GC(781) Survivor regions: 54->52(96)
[6212.389s][info][gc,heap        ] GC(781) Old regions: 196->198
[6212.389s][info][gc,heap        ] GC(781) Humongous regions: 33->33
[6212.389s][info][gc,metaspace   ] GC(781) Metaspace: 29977K(30144K)->29977K(30144K) NonClass: 29977K(30144K)->29977K(30144K) Class: 0K(0K)->0K(0K)
[6212.389s][info][gc             ] GC(781) Pause Young (Normal) (G1 Evacuation Pause) 7945M->2239M(10240M) 163.695ms
[6212.389s][info][gc,cpu         ] GC(781) User=1.28s Sys=0.01s Real=0.16s
. (rIR:aIR:PR = 10654:10573:10560) (tPR = 157540) [OK] 
  6212s: Performance info:
         Transaction,    Success,    Partial,     Failed,   Receipts, AvgBarcode, 
             Overall,     637177,          0,          0,     605284,      59.47, 
         Response times:
             Request,    Success,    Partial,     Failed,   SkipFail,     Probes,    Samples,      min,      p50,      p90,      p95,      p99,      max, 
       TotalPurchase,     606017,          0,          0,          0,     357922,     410901,      300,     8100,    36000,    72000,   164000,   830000,
     InStorePurchase,     316667,          0,          0,          0,     188400,     216054,      300,     8200,    36000,    72000,   164000,   830000,
      OnlinePurchase,     225214,          0,          0,          0,     132174,     151472,      400,     8100,    36000,    72000,   164000,   830000,
        InstPurchase,      64136,          0,          0,          0,      37348,      43375,      500,     8100,    36000,    75000,   164000,   830000,
          AssocOfCat,        646,          0,          0,          0,        545,        700,    33000,    59000,    94900,   142900,   246980,   890000,
      AssocOfProduct,       6364,          0,          0,          0,       3705,       4488,      700,     8500,    34000,    67000,   144220,   376000,
      BusinessReport,       1602,          0,          0,          0,       1440,       1807,    32000,    63000,    98000,   142600,   237000,   368000,
          CustBuyBeh,       6428,          0,          0,          0,       3761,       4484,      300,     8200,    34000,    79750,   155000,   303000,
       ProductReturn,      16934,          0,          0,          0,       9314,      10948,      200,     8500,    35000,    76000,   161000,   830000,

  6212s: (78%)   IR =  10793 ....[6216.646s][info][gc,start       ] GC(782) Pause Young (Normal) (G1 Evacuation Pause)
[6216.646s][info][gc,task        ] GC(782) Using 8 workers of 8 for evacuation
[6216.818s][info][gc,phases      ] GC(782)   Pre Evacuate Collection Set: 0.28ms
[6216.818s][info][gc,phases      ] GC(782)   Merge Heap Roots: 0.58ms
[6216.818s][info][gc,phases      ] GC(782)   Evacuate Collection Set: 170.03ms
[6216.818s][info][gc,phases      ] GC(782)   Post Evacuate Collection Set: 1.30ms
[6216.818s][info][gc,phases      ] GC(782)   Other: 0.07ms
[6216.818s][info][gc,heap        ] GC(782) Eden regions: 716->0(714)
[6216.818s][info][gc,heap        ] GC(782) Survivor regions: 52->54(96)
[6216.818s][info][gc,heap        ] GC(782) Old regions: 198->201
[6216.818s][info][gc,heap        ] GC(782) Humongous regions: 33->33
[6216.818s][info][gc,metaspace   ] GC(782) Metaspace: 29977K(30144K)->29977K(30144K) NonClass: 29977K(30144K)->29977K(30144K) Class: 0K(0K)->0K(0K)
[6216.818s][info][gc             ] GC(782) Pause Young (Normal) (G1 Evacuation Pause) 7967M->2276M(10240M) 172.398ms
[6216.818s][info][gc,cpu         ] GC(782) User=1.36s Sys=0.01s Real=0.18s
....[6221.083s][info][gc,start       ] GC(783) Pause Young (Normal) (G1 Evacuation Pause)
[6221.083s][info][gc,task        ] GC(783) Using 8 workers of 8 for evacuation
[6221.248s][info][gc,phases      ] GC(783)   Pre Evacuate Collection Set: 0.28ms
[6221.248s][info][gc,phases      ] GC(783)   Merge Heap Roots: 0.57ms
[6221.248s][info][gc,phases      ] GC(783)   Evacuate Collection Set: 162.92ms
[6221.248s][info][gc,phases      ] GC(783)   Post Evacuate Collection Set: 1.29ms
[6221.248s][info][gc,phases      ] GC(783)   Other: 0.06ms
[6221.248s][info][gc,heap        ] GC(783) Eden regions: 714->0(717)
[6221.249s][info][gc,heap        ] GC(783) Survivor regions: 54->51(96)
[6221.249s][info][gc,heap        ] GC(783) Old regions: 201->204
[6221.249s][info][gc,heap        ] GC(783) Humongous regions: 33->33
[6221.249s][info][gc,metaspace   ] GC(783) Metaspace: 29977K(30144K)->29977K(30144K) NonClass: 29977K(30144K)->29977K(30144K) Class: 0K(0K)->0K(0K)
[6221.249s][info][gc             ] GC(783) Pause Young (Normal) (G1 Evacuation Pause) 7988M->2278M(10240M) 165.269ms
[6221.249s][info][gc,cpu         ] GC(783) User=1.30s Sys=0.00s Real=0.17s
....[6225.611s][info][gc,start       ] GC(784) Pause Young (Normal) (G1 Evacuation Pause)
[6225.611s][info][gc,task        ] GC(784) Using 8 workers of 8 for evacuation
[6225.781s][info][gc,phases      ] GC(784)   Pre Evacuate Collection Set: 0.28ms
[6225.781s][info][gc,phases      ] GC(784)   Merge Heap Roots: 0.57ms
[6225.781s][info][gc,phases      ] GC(784)   Evacuate Collection Set: 168.00ms
[6225.781s][info][gc,phases      ] GC(784)   Post Evacuate Collection Set: 1.36ms
[6225.781s][info][gc,phases      ] GC(784)   Other: 0.07ms
[6225.781s][info][gc,heap        ] GC(784) Eden regions: 717->0(714)
[6225.781s][info][gc,heap        ] GC(784) Survivor regions: 51->54(96)
[6225.781s][info][gc,heap        ] GC(784) Old regions: 204->206
[6225.781s][info][gc,heap        ] GC(784) Humongous regions: 33->33
[6225.781s][info][gc,metaspace   ] GC(784) Metaspace: 29977K(30144K)->29977K(30144K) NonClass: 29977K(30144K)->29977K(30144K) Class: 0K(0K)->0K(0K)
[6225.781s][info][gc             ] GC(784) Pause Young (Normal) (G1 Evacuation Pause) 8014M->2319M(10240M) 170.427ms
[6225.781s][info][gc,cpu         ] GC(784) User=1.34s Sys=0.00s Real=0.17s
....|.[6230.148s][info][gc,start       ] GC(785) Pause Young (Normal) (G1 Evacuation Pause)
[6230.148s][info][gc,task        ] GC(785) Using 8 workers of 8 for evacuation
[6230.313s][info][gc,phases      ] GC(785)   Pre Evacuate Collection Set: 0.29ms
[6230.313s][info][gc,phases      ] GC(785)   Merge Heap Roots: 0.57ms
[6230.313s][info][gc,phases      ] GC(785)   Evacuate Collection Set: 163.29ms
[6230.313s][info][gc,phases      ] GC(785)   Post Evacuate Collection Set: 1.31ms
[6230.313s][info][gc,phases      ] GC(785)   Other: 0.06ms
[6230.313s][info][gc,heap        ] GC(785) Eden regions: 714->0(716)
[6230.313s][info][gc,heap        ] GC(785) Survivor regions: 54->52(96)
[6230.313s][info][gc,heap        ] GC(785) Old regions: 206->209
[6230.313s][info][gc,heap        ] GC(785) Humongous regions: 33->33
[6230.313s][info][gc,metaspace   ] GC(785) Metaspace: 29977K(30144K)->29977K(30144K) NonClass: 29977K(30144K)->29977K(30144K) Class: 0K(0K)->0K(0K)
[6230.313s][info][gc             ] GC(785) Pause Young (Normal) (G1 Evacuation Pause) 8031M->2329M(10240M) 165.681ms
[6230.313s][info][gc,cpu         ] GC(785) User=1.31s Sys=0.00s Real=0.16s
....[6234.553s][info][gc,start       ] GC(786) Pause Young (Normal) (G1 Evacuation Pause)
[6234.553s][info][gc,task        ] GC(786) Using 8 workers of 8 for evacuation
[6234.723s][info][gc,phases      ] GC(786)   Pre Evacuate Collection Set: 0.30ms
[6234.723s][info][gc,phases      ] GC(786)   Merge Heap Roots: 0.57ms
[6234.723s][info][gc,phases      ] GC(786)   Evacuate Collection Set: 168.29ms
[6234.723s][info][gc,phases      ] GC(786)   Post Evacuate Collection Set: 1.31ms
[6234.723s][info][gc,phases      ] GC(786)   Other: 0.07ms
[6234.723s][info][gc,heap        ] GC(786) Eden regions: 716->0(714)
[6234.723s][info][gc,heap        ] GC(786) Survivor regions: 52->54(96)
[6234.723s][info][gc,heap        ] GC(786) Old regions: 209->212
[6234.723s][info][gc,heap        ] GC(786) Humongous regions: 33->33
[6234.723s][info][gc,metaspace   ] GC(786) Metaspace: 29977K(30144K)->29977K(30144K) NonClass: 29977K(30144K)->29977K(30144K) Class: 0K(0K)->0K(0K)
[6234.723s][info][gc             ] GC(786) Pause Young (Normal) (G1 Evacuation Pause) 8057M->2363M(10240M) 170.693ms
[6234.723s][info][gc,cpu         ] GC(786) User=1.34s Sys=0.00s Real=0.17s
.....[6238.920s][info][gc,start       ] GC(787) Pause Young (Normal) (G1 Evacuation Pause)
[6238.921s][info][gc,task        ] GC(787) Using 8 workers of 8 for evacuation
[6239.086s][info][gc,phases      ] GC(787)   Pre Evacuate Collection Set: 0.29ms
[6239.086s][info][gc,phases      ] GC(787)   Merge Heap Roots: 0.58ms
[6239.086s][info][gc,phases      ] GC(787)   Evacuate Collection Set: 163.22ms
[6239.086s][info][gc,phases      ] GC(787)   Post Evacuate Collection Set: 1.28ms
[6239.086s][info][gc,phases      ] GC(787)   Other: 0.07ms
[6239.086s][info][gc,heap        ] GC(787) Eden regions: 714->0(716)
[6239.086s][info][gc,heap        ] GC(787) Survivor regions: 54->52(96)
[6239.086s][info][gc,heap        ] GC(787) Old regions: 212->215
[6239.086s][info][gc,heap        ] GC(787) Humongous regions: 33->33
[6239.086s][info][gc,metaspace   ] GC(787) Metaspace: 29977K(30144K)->29977K(30144K) NonClass: 29977K(30144K)->29977K(30144K) Class: 0K(0K)->0K(0K)
[6239.086s][info][gc             ] GC(787) Pause Young (Normal) (G1 Evacuation Pause) 8075M->2369M(10240M) 165.580ms
[6239.086s][info][gc,cpu         ] GC(787) User=1.30s Sys=0.00s Real=0.17s
....[6243.505s][info][gc,start       ] GC(788) Pause Young (Normal) (G1 Evacuation Pause)
[6243.505s][info][gc,task        ] GC(788) Using 8 workers of 8 for evacuation
[6243.671s][info][gc,phases      ] GC(788)   Pre Evacuate Collection Set: 0.32ms
[6243.671s][info][gc,phases      ] GC(788)   Merge Heap Roots: 0.56ms
[6243.671s][info][gc,phases      ] GC(788)   Evacuate Collection Set: 164.32ms
[6243.671s][info][gc,phases      ] GC(788)   Post Evacuate Collection Set: 1.32ms
[6243.671s][info][gc,phases      ] GC(788)   Other: 0.08ms
[6243.671s][info][gc,heap        ] GC(788) Eden regions: 716->0(715)
[6243.671s][info][gc,heap        ] GC(788) Survivor regions: 52->53(96)
[6243.671s][info][gc,heap        ] GC(788) Old regions: 215->217
[6243.671s][info][gc,heap        ] GC(788) Humongous regions: 33->33
[6243.671s][info][gc,metaspace   ] GC(788) Metaspace: 29977K(30144K)->29977K(30144K) NonClass: 29977K(30144K)->29977K(30144K) Class: 0K(0K)->0K(0K)
[6243.671s][info][gc             ] GC(788) Pause Young (Normal) (G1 Evacuation Pause) 8097M->2402M(10240M) 166.727ms
[6243.671s][info][gc,cpu         ] GC(788) User=1.31s Sys=0.00s Real=0.17s
.....[6247.907s][info][gc,start       ] GC(789) Pause Young (Normal) (G1 Evacuation Pause)
[6247.907s][info][gc,task        ] GC(789) Using 8 workers of 8 for evacuation
[6248.073s][info][gc,phases      ] GC(789)   Pre Evacuate Collection Set: 0.29ms
[6248.073s][info][gc,phases      ] GC(789)   Merge Heap Roots: 0.59ms
[6248.073s][info][gc,phases      ] GC(789)   Evacuate Collection Set: 163.38ms
[6248.073s][info][gc,phases      ] GC(789)   Post Evacuate Collection Set: 1.30ms
[6248.073s][info][gc,phases      ] GC(789)   Other: 0.07ms
[6248.073s][info][gc,heap        ] GC(789) Eden regions: 715->0(716)
[6248.073s][info][gc,heap        ] GC(789) Survivor regions: 53->52(96)
[6248.073s][info][gc,heap        ] GC(789) Old regions: 217->220
[6248.073s][info][gc,heap        ] GC(789) Humongous regions: 33->33
[6248.073s][info][gc,metaspace   ] GC(789) Metaspace: 29977K(30144K)->29977K(30144K) NonClass: 29977K(30144K)->29977K(30144K) Class: 0K(0K)->0K(0K)
[6248.073s][info][gc             ] GC(789) Pause Young (Normal) (G1 Evacuation Pause) 8122M->2411M(10240M) 165.759ms
[6248.073s][info][gc,cpu         ] GC(789) User=1.31s Sys=0.00s Real=0.16s
....[6252.274s][info][gc,start       ] GC(790) Pause Young (Normal) (G1 Evacuation Pause)
[6252.274s][info][gc,task        ] GC(790) Using 8 workers of 8 for evacuation
[6252.443s][info][gc,phases      ] GC(790)   Pre Evacuate Collection Set: 0.29ms
[6252.443s][info][gc,phases      ] GC(790)   Merge Heap Roots: 0.58ms
[6252.443s][info][gc,phases      ] GC(790)   Evacuate Collection Set: 166.48ms
[6252.443s][info][gc,phases      ] GC(790)   Post Evacuate Collection Set: 1.33ms
[6252.443s][info][gc,phases      ] GC(790)   Other: 0.06ms
[6252.443s][info][gc,heap        ] GC(790) Eden regions: 716->0(714)
[6252.443s][info][gc,heap        ] GC(790) Survivor regions: 52->54(96)
[6252.443s][info][gc,heap        ] GC(790) Old regions: 220->223
[6252.443s][info][gc,heap        ] GC(790) Humongous regions: 33->33
[6252.443s][info][gc,metaspace   ] GC(790) Metaspace: 29977K(30144K)->29977K(30144K) NonClass: 29977K(30144K)->29977K(30144K) Class: 0K(0K)->0K(0K)
[6252.443s][info][gc             ] GC(790) Pause Young (Normal) (G1 Evacuation Pause) 8139M->2449M(10240M) 168.888ms
[6252.443s][info][gc,cpu         ] GC(790) User=1.33s Sys=0.00s Real=0.17s
....[6256.716s][info][gc,start       ] GC(791) Pause Young (Normal) (G1 Evacuation Pause)
[6256.716s][info][gc,task        ] GC(791) Using 8 workers of 8 for evacuation
[6256.884s][info][gc,phases      ] GC(791)   Pre Evacuate Collection Set: 0.29ms
[6256.884s][info][gc,phases      ] GC(791)   Merge Heap Roots: 0.64ms
[6256.884s][info][gc,phases      ] GC(791)   Evacuate Collection Set: 165.75ms
[6256.884s][info][gc,phases      ] GC(791)   Post Evacuate Collection Set: 1.32ms
[6256.884s][info][gc,phases      ] GC(791)   Other: 0.06ms
[6256.884s][info][gc,heap        ] GC(791) Eden regions: 714->0(715)
[6256.884s][info][gc,heap        ] GC(791) Survivor regions: 54->53(96)
[6256.884s][info][gc,heap        ] GC(791) Old regions: 223->225
[6256.884s][info][gc,heap        ] GC(791) Humongous regions: 33->33
[6256.885s][info][gc,metaspace   ] GC(791) Metaspace: 29977K(30144K)->29977K(30144K) NonClass: 29977K(30144K)->29977K(30144K) Class: 0K(0K)->0K(0K)
[6256.885s][info][gc             ] GC(791) Pause Young (Normal) (G1 Evacuation Pause) 8161M->2466M(10240M) 168.203ms
[6256.885s][info][gc,cpu         ] GC(791) User=1.33s Sys=0.00s Real=0.16s
.....[6261.055s][info][gc,start       ] GC(792) Pause Young (Normal) (G1 Evacuation Pause)
[6261.055s][info][gc,task        ] GC(792) Using 8 workers of 8 for evacuation
[6261.226s][info][gc,phases      ] GC(792)   Pre Evacuate Collection Set: 0.31ms
[6261.226s][info][gc,phases      ] GC(792)   Merge Heap Roots: 0.65ms
[6261.226s][info][gc,phases      ] GC(792)   Evacuate Collection Set: 168.85ms
[6261.226s][info][gc,phases      ] GC(792)   Post Evacuate Collection Set: 1.33ms
[6261.226s][info][gc,phases      ] GC(792)   Other: 0.07ms
[6261.226s][info][gc,heap        ] GC(792) Eden regions: 715->0(714)
[6261.226s][info][gc,heap        ] GC(792) Survivor regions: 53->54(96)
[6261.226s][info][gc,heap        ] GC(792) Old regions: 225->228
[6261.226s][info][gc,heap        ] GC(792) Humongous regions: 33->33
[6261.226s][info][gc,metaspace   ] GC(792) Metaspace: 29977K(30144K)->29977K(30144K) NonClass: 29977K(30144K)->29977K(30144K) Class: 0K(0K)->0K(0K)
[6261.226s][info][gc             ] GC(792) Pause Young (Normal) (G1 Evacuation Pause) 8186M->2495M(10240M) 171.355ms
[6261.226s][info][gc,cpu         ] GC(792) User=1.34s Sys=0.00s Real=0.18s
....[6265.525s][info][gc,start       ] GC(793) Pause Young (Normal) (G1 Evacuation Pause)
[6265.525s][info][gc,task        ] GC(793) Using 8 workers of 8 for evacuation
[6265.692s][info][gc,phases      ] GC(793)   Pre Evacuate Collection Set: 0.31ms
[6265.692s][info][gc,phases      ] GC(793)   Merge Heap Roots: 0.57ms
[6265.692s][info][gc,phases      ] GC(793)   Evacuate Collection Set: 163.93ms
[6265.692s][info][gc,phases      ] GC(793)   Post Evacuate Collection Set: 1.33ms
[6265.692s][info][gc,phases      ] GC(793)   Other: 0.06ms
[6265.692s][info][gc,heap        ] GC(793) Eden regions: 714->0(716)
[6265.692s][info][gc,heap        ] GC(793) Survivor regions: 54->52(96)
[6265.692s][info][gc,heap        ] GC(793) Old regions: 228->231
[6265.692s][info][gc,heap        ] GC(793) Humongous regions: 33->33
[6265.692s][info][gc,metaspace   ] GC(793) Metaspace: 29977K(30144K)->29977K(30144K) NonClass: 29977K(30144K)->29977K(30144K) Class: 0K(0K)->0K(0K)
[6265.692s][info][gc             ] GC(793) Pause Young (Normal) (G1 Evacuation Pause) 8207M->2496M(10240M) 166.349ms
[6265.692s][info][gc,cpu         ] GC(793) User=1.31s Sys=0.00s Real=0.17s
.....[6269.989s][info][gc,start       ] GC(794) Pause Young (Normal) (G1 Evacuation Pause)
[6269.989s][info][gc,task        ] GC(794) Using 8 workers of 8 for evacuation
[6270.155s][info][gc,phases      ] GC(794)   Pre Evacuate Collection Set: 0.29ms
[6270.155s][info][gc,phases      ] GC(794)   Merge Heap Roots: 0.59ms
[6270.155s][info][gc,phases      ] GC(794)   Evacuate Collection Set: 163.77ms
[6270.155s][info][gc,phases      ] GC(794)   Post Evacuate Collection Set: 1.32ms
[6270.155s][info][gc,phases      ] GC(794)   Other: 0.07ms
[6270.155s][info][gc,heap        ] GC(794) Eden regions: 716->0(717)
[6270.155s][info][gc,heap        ] GC(794) Survivor regions: 52->51(96)
[6270.155s][info][gc,heap        ] GC(794) Old regions: 231->233
[6270.155s][info][gc,heap        ] GC(794) Humongous regions: 33->33
[6270.155s][info][gc,metaspace   ] GC(794) Metaspace: 29977K(30144K)->29977K(30144K) NonClass: 29977K(30144K)->29977K(30144K) Class: 0K(0K)->0K(0K)
[6270.155s][info][gc             ] GC(794) Pause Young (Normal) (G1 Evacuation Pause) 8224M->2514M(10240M) 166.170ms
[6270.155s][info][gc,cpu         ] GC(794) User=1.30s Sys=0.00s Real=0.16s
....[6274.492s][info][gc,start       ] GC(795) Pause Young (Normal) (G1 Evacuation Pause)
[6274.492s][info][gc,task        ] GC(795) Using 8 workers of 8 for evacuation
[6274.662s][info][gc,phases      ] GC(795)   Pre Evacuate Collection Set: 0.30ms
[6274.662s][info][gc,phases      ] GC(795)   Merge Heap Roots: 0.59ms
[6274.662s][info][gc,phases      ] GC(795)   Evacuate Collection Set: 168.26ms
[6274.662s][info][gc,phases      ] GC(795)   Post Evacuate Collection Set: 1.30ms
[6274.662s][info][gc,phases      ] GC(795)   Other: 0.06ms
[6274.662s][info][gc,heap        ] GC(795) Eden regions: 717->0(714)
[6274.662s][info][gc,heap        ] GC(795) Survivor regions: 51->54(96)
[6274.662s][info][gc,heap        ] GC(795) Old regions: 233->236
[6274.662s][info][gc,heap        ] GC(795) Humongous regions: 33->33
[6274.662s][info][gc,metaspace   ] GC(795) Metaspace: 29977K(30144K)->29977K(30144K) NonClass: 29977K(30144K)->29977K(30144K) Class: 0K(0K)->0K(0K)
[6274.662s][info][gc             ] GC(795) Pause Young (Normal) (G1 Evacuation Pause) 8250M->2555M(10240M) 170.651ms
[6274.662s][info][gc,cpu         ] GC(795) User=1.34s Sys=0.00s Real=0.17s
.....[6278.945s][info][gc,start       ] GC(796) Pause Young (Normal) (G1 Evacuation Pause)
[6278.946s][info][gc,task        ] GC(796) Using 8 workers of 8 for evacuation
[6279.113s][info][gc,phases      ] GC(796)   Pre Evacuate Collection Set: 0.31ms
[6279.113s][info][gc,phases      ] GC(796)   Merge Heap Roots: 0.58ms
[6279.113s][info][gc,phases      ] GC(796)   Evacuate Collection Set: 164.93ms
[6279.113s][info][gc,phases      ] GC(796)   Post Evacuate Collection Set: 1.35ms
[6279.113s][info][gc,phases      ] GC(796)   Other: 0.06ms
[6279.113s][info][gc,heap        ] GC(796) Eden regions: 714->0(715)
[6279.113s][info][gc,heap        ] GC(796) Survivor regions: 54->53(96)
[6279.113s][info][gc,heap        ] GC(796) Old regions: 236->239
[6279.113s][info][gc,heap        ] GC(796) Humongous regions: 33->33
[6279.113s][info][gc,metaspace   ] GC(796) Metaspace: 29977K(30144K)->29977K(30144K) NonClass: 29977K(30144K)->29977K(30144K) Class: 0K(0K)->0K(0K)
[6279.113s][info][gc             ] GC(796) Pause Young (Normal) (G1 Evacuation Pause) 8267M->2569M(10240M) 167.391ms
[6279.113s][info][gc,cpu         ] GC(796) User=1.32s Sys=0.00s Real=0.17s
....[6283.399s][info][gc,start       ] GC(797) Pause Young (Normal) (G1 Evacuation Pause)
[6283.399s][info][gc,task        ] GC(797) Using 8 workers of 8 for evacuation
[6283.580s][info][gc,phases      ] GC(797)   Pre Evacuate Collection Set: 0.27ms
[6283.580s][info][gc,phases      ] GC(797)   Merge Heap Roots: 0.57ms
[6283.580s][info][gc,phases      ] GC(797)   Evacuate Collection Set: 179.31ms
[6283.580s][info][gc,phases      ] GC(797)   Post Evacuate Collection Set: 1.28ms
[6283.580s][info][gc,phases      ] GC(797)   Other: 0.06ms
[6283.580s][info][gc,heap        ] GC(797) Eden regions: 715->0(712)
[6283.580s][info][gc,heap        ] GC(797) Survivor regions: 53->56(96)
[6283.580s][info][gc,heap        ] GC(797) Old regions: 239->241
[6283.580s][info][gc,heap        ] GC(797) Humongous regions: 33->33
[6283.580s][info][gc,metaspace   ] GC(797) Metaspace: 29977K(30144K)->29977K(30144K) NonClass: 29977K(30144K)->29977K(30144K) Class: 0K(0K)->0K(0K)
[6283.580s][info][gc             ] GC(797) Pause Young (Normal) (G1 Evacuation Pause) 8289M->2614M(10240M) 181.628ms
[6283.580s][info][gc,cpu         ] GC(797) User=1.43s Sys=0.00s Real=0.18s
....[6287.765s][info][gc,start       ] GC(798) Pause Young (Normal) (G1 Evacuation Pause)
[6287.765s][info][gc,task        ] GC(798) Using 8 workers of 8 for evacuation
[6287.935s][info][gc,phases      ] GC(798)   Pre Evacuate Collection Set: 0.29ms
[6287.935s][info][gc,phases      ] GC(798)   Merge Heap Roots: 0.58ms
[6287.935s][info][gc,phases      ] GC(798)   Evacuate Collection Set: 168.02ms
[6287.935s][info][gc,phases      ] GC(798)   Post Evacuate Collection Set: 1.27ms
[6287.935s][info][gc,phases      ] GC(798)   Other: 0.07ms
[6287.935s][info][gc,heap        ] GC(798) Eden regions: 712->0(715)
[6287.935s][info][gc,heap        ] GC(798) Survivor regions: 56->53(96)
[6287.935s][info][gc,heap        ] GC(798) Old regions: 241->244
[6287.935s][info][gc,heap        ] GC(798) Humongous regions: 33->33
[6287.935s][info][gc,metaspace   ] GC(798) Metaspace: 29977K(30144K)->29977K(30144K) NonClass: 29977K(30144K)->29977K(30144K) Class: 0K(0K)->0K(0K)
[6287.935s][info][gc             ] GC(798) Pause Young (Normal) (G1 Evacuation Pause) 8310M->2616M(10240M) 170.369ms
[6287.935s][info][gc,cpu         ] GC(798) User=1.34s Sys=0.00s Real=0.17s
.. (rIR:aIR:PR = 10793:10811:10811) (tPR = 161832) [OK] 
  6288s: Performance info:
         Transaction,    Success,    Partial,     Failed,   Receipts, AvgBarcode, 
             Overall,     650294,          0,          0,     617868,      59.47, 
         Response times:
             Request,    Success,    Partial,     Failed,   SkipFail,     Probes,    Samples,      min,      p50,      p90,      p95,      p99,      max, 
       TotalPurchase,     617867,          0,          0,          0,     359382,     462802,      300,     8000,    45000,    78000,   151000,  1100000,
     InStorePurchase,     321612,          0,          0,          0,     188410,     242426,      300,     8000,    45000,    78000,   150000,  1100000,
      OnlinePurchase,     230718,          0,          0,          0,     132485,     170563,      300,     8100,    45000,    78000,   151000,   900000,
        InstPurchase,      65537,          0,          0,          0,      38487,      49813,      400,     8000,    43000,    77000,   155000,  1100000,
          AssocOfCat,        653,          0,          0,          0,        560,        833,    29000,    61000,    97000,   124000,   224320,   289000,
      AssocOfProduct,       6498,          0,          0,          0,       3798,       5108,      600,     9000,    46000,    76550,   152000,   538000,
      BusinessReport,       1612,          0,          0,          0,       1432,       2032,    32000,    67000,   113000,   146700,   233670,   320000,
          CustBuyBeh,       6491,          0,          0,          0,       3860,       5108,      300,     8800,    46000,    80000,   159910,   690000,
       ProductReturn,      17173,          0,          0,          0,       9409,      12388,      200,     8000,    49000,    85000,   145000,   760000,

  6288s: (79%)   IR =  10931 ...[6292.203s][info][gc,start       ] GC(799) Pause Young (Normal) (G1 Evacuation Pause)
[6292.203s][info][gc,task        ] GC(799) Using 8 workers of 8 for evacuation
[6292.372s][info][gc,phases      ] GC(799)   Pre Evacuate Collection Set: 0.28ms
[6292.372s][info][gc,phases      ] GC(799)   Merge Heap Roots: 0.58ms
[6292.372s][info][gc,phases      ] GC(799)   Evacuate Collection Set: 167.04ms
[6292.372s][info][gc,phases      ] GC(799)   Post Evacuate Collection Set: 1.38ms
[6292.372s][info][gc,phases      ] GC(799)   Other: 0.07ms
[6292.372s][info][gc,heap        ] GC(799) Eden regions: 715->0(715)
[6292.372s][info][gc,heap        ] GC(799) Survivor regions: 53->53(96)
[6292.372s][info][gc,heap        ] GC(799) Old regions: 244->247
[6292.372s][info][gc,heap        ] GC(799) Humongous regions: 33->33
[6292.372s][info][gc,metaspace   ] GC(799) Metaspace: 29977K(30144K)->29977K(30144K) NonClass: 29977K(30144K)->29977K(30144K) Class: 0K(0K)->0K(0K)
[6292.372s][info][gc             ] GC(799) Pause Young (Normal) (G1 Evacuation Pause) 8336M->2637M(10240M) 169.495ms
[6292.372s][info][gc,cpu         ] GC(799) User=1.34s Sys=0.00s Real=0.17s
....[6296.578s][info][gc,start       ] GC(800) Pause Young (Normal) (G1 Evacuation Pause)
[6296.578s][info][gc,task        ] GC(800) Using 8 workers of 8 for evacuation
[6296.747s][info][gc,phases      ] GC(800)   Pre Evacuate Collection Set: 0.28ms
[6296.747s][info][gc,phases      ] GC(800)   Merge Heap Roots: 0.59ms
[6296.747s][info][gc,phases      ] GC(800)   Evacuate Collection Set: 166.33ms
[6296.747s][info][gc,phases      ] GC(800)   Post Evacuate Collection Set: 1.37ms
[6296.747s][info][gc,phases      ] GC(800)   Other: 0.09ms
[6296.747s][info][gc,heap        ] GC(800) Eden regions: 715->0(715)
[6296.747s][info][gc,heap        ] GC(800) Survivor regions: 53->53(96)
[6296.747s][info][gc,heap        ] GC(800) Old regions: 247->249
[6296.747s][info][gc,heap        ] GC(800) Humongous regions: 33->33
[6296.747s][info][gc,metaspace   ] GC(800) Metaspace: 29977K(30144K)->29977K(30144K) NonClass: 29977K(30144K)->29977K(30144K) Class: 0K(0K)->0K(0K)
[6296.747s][info][gc             ] GC(800) Pause Young (Normal) (G1 Evacuation Pause) 8357M->2653M(10240M) 168.799ms
[6296.747s][info][gc,cpu         ] GC(800) User=1.33s Sys=0.00s Real=0.17s
..|..[6300.906s][info][gc,start       ] GC(801) Pause Young (Normal) (G1 Evacuation Pause)
[6300.906s][info][gc,task        ] GC(801) Using 8 workers of 8 for evacuation
[6301.072s][info][gc,phases      ] GC(801)   Pre Evacuate Collection Set: 0.28ms
[6301.072s][info][gc,phases      ] GC(801)   Merge Heap Roots: 0.58ms
[6301.072s][info][gc,phases      ] GC(801)   Evacuate Collection Set: 164.20ms
[6301.072s][info][gc,phases      ] GC(801)   Post Evacuate Collection Set: 1.33ms
[6301.072s][info][gc,phases      ] GC(801)   Other: 0.06ms
[6301.072s][info][gc,heap        ] GC(801) Eden regions: 715->0(715)
[6301.072s][info][gc,heap        ] GC(801) Survivor regions: 53->53(96)
[6301.072s][info][gc,heap        ] GC(801) Old regions: 249->252
[6301.072s][info][gc,heap        ] GC(801) Humongous regions: 33->33
[6301.072s][info][gc,metaspace   ] GC(801) Metaspace: 29977K(30144K)->29977K(30144K) NonClass: 29977K(30144K)->29977K(30144K) Class: 0K(0K)->0K(0K)
[6301.072s][info][gc             ] GC(801) Pause Young (Normal) (G1 Evacuation Pause) 8373M->2675M(10240M) 166.587ms
[6301.072s][info][gc,cpu         ] GC(801) User=1.31s Sys=0.01s Real=0.16s
.....[6305.270s][info][gc,start       ] GC(802) Pause Young (Normal) (G1 Evacuation Pause)
[6305.270s][info][gc,task        ] GC(802) Using 8 workers of 8 for evacuation
[6305.435s][info][gc,phases      ] GC(802)   Pre Evacuate Collection Set: 0.28ms
[6305.435s][info][gc,phases      ] GC(802)   Merge Heap Roots: 0.59ms
[6305.435s][info][gc,phases      ] GC(802)   Evacuate Collection Set: 162.77ms
[6305.435s][info][gc,phases      ] GC(802)   Post Evacuate Collection Set: 1.30ms
[6305.435s][info][gc,phases      ] GC(802)   Other: 0.07ms
[6305.435s][info][gc,heap        ] GC(802) Eden regions: 715->0(716)
[6305.435s][info][gc,heap        ] GC(802) Survivor regions: 53->52(96)
[6305.435s][info][gc,heap        ] GC(802) Old regions: 252->255
[6305.435s][info][gc,heap        ] GC(802) Humongous regions: 33->33
[6305.435s][info][gc,metaspace   ] GC(802) Metaspace: 29977K(30144K)->29977K(30144K) NonClass: 29977K(30144K)->29977K(30144K) Class: 0K(0K)->0K(0K)
[6305.435s][info][gc             ] GC(802) Pause Young (Normal) (G1 Evacuation Pause) 8395M->2689M(10240M) 165.149ms
[6305.435s][info][gc,cpu         ] GC(802) User=1.30s Sys=0.01s Real=0.16s
....[6309.660s][info][gc,start       ] GC(803) Pause Young (Normal) (G1 Evacuation Pause)
[6309.660s][info][gc,task        ] GC(803) Using 8 workers of 8 for evacuation
[6309.830s][info][gc,phases      ] GC(803)   Pre Evacuate Collection Set: 0.29ms
[6309.830s][info][gc,phases      ] GC(803)   Merge Heap Roots: 0.59ms
[6309.830s][info][gc,phases      ] GC(803)   Evacuate Collection Set: 167.84ms
[6309.830s][info][gc,phases      ] GC(803)   Post Evacuate Collection Set: 1.36ms
[6309.830s][info][gc,phases      ] GC(803)   Other: 0.07ms
[6309.830s][info][gc,heap        ] GC(803) Eden regions: 716->0(714)
[6309.830s][info][gc,heap        ] GC(803) Survivor regions: 52->54(96)
[6309.830s][info][gc,heap        ] GC(803) Old regions: 255->257
[6309.830s][info][gc,heap        ] GC(803) Humongous regions: 33->33
[6309.830s][info][gc,metaspace   ] GC(803) Metaspace: 29977K(30144K)->29977K(30144K) NonClass: 29977K(30144K)->29977K(30144K) Class: 0K(0K)->0K(0K)
[6309.830s][info][gc             ] GC(803) Pause Young (Normal) (G1 Evacuation Pause) 8417M->2726M(10240M) 170.284ms
[6309.830s][info][gc,cpu         ] GC(803) User=1.34s Sys=0.00s Real=0.17s
....[6313.986s][info][gc,start       ] GC(804) Pause Young (Normal) (G1 Evacuation Pause)
[6313.986s][info][gc,task        ] GC(804) Using 8 workers of 8 for evacuation
[6314.150s][info][gc,phases      ] GC(804)   Pre Evacuate Collection Set: 0.34ms
[6314.151s][info][gc,phases      ] GC(804)   Merge Heap Roots: 0.63ms
[6314.151s][info][gc,phases      ] GC(804)   Evacuate Collection Set: 161.92ms
[6314.151s][info][gc,phases      ] GC(804)   Post Evacuate Collection Set: 1.27ms
[6314.151s][info][gc,phases      ] GC(804)   Other: 0.07ms
[6314.151s][info][gc,heap        ] GC(804) Eden regions: 714->0(717)
[6314.151s][info][gc,heap        ] GC(804) Survivor regions: 54->51(96)
[6314.151s][info][gc,heap        ] GC(804) Old regions: 257->260
[6314.151s][info][gc,heap        ] GC(804) Humongous regions: 33->33
[6314.151s][info][gc,metaspace   ] GC(804) Metaspace: 29977K(30144K)->29977K(30144K) NonClass: 29977K(30144K)->29977K(30144K) Class: 0K(0K)->0K(0K)
[6314.151s][info][gc             ] GC(804) Pause Young (Normal) (G1 Evacuation Pause) 8438M->2728M(10240M) 165.190ms
[6314.151s][info][gc,cpu         ] GC(804) User=1.30s Sys=0.00s Real=0.16s
.....[6318.479s][info][gc,start       ] GC(805) Pause Young (Normal) (G1 Evacuation Pause)
[6318.479s][info][gc,task        ] GC(805) Using 8 workers of 8 for evacuation
[6318.647s][info][gc,phases      ] GC(805)   Pre Evacuate Collection Set: 0.32ms
[6318.647s][info][gc,phases      ] GC(805)   Merge Heap Roots: 0.59ms
[6318.647s][info][gc,phases      ] GC(805)   Evacuate Collection Set: 165.21ms
[6318.647s][info][gc,phases      ] GC(805)   Post Evacuate Collection Set: 1.31ms
[6318.647s][info][gc,phases      ] GC(805)   Other: 0.08ms
[6318.647s][info][gc,heap        ] GC(805) Eden regions: 717->0(715)
[6318.647s][info][gc,heap        ] GC(805) Survivor regions: 51->53(96)
[6318.647s][info][gc,heap        ] GC(805) Old regions: 260->263
[6318.647s][info][gc,heap        ] GC(805) Humongous regions: 33->33
[6318.647s][info][gc,metaspace   ] GC(805) Metaspace: 29977K(30144K)->29977K(30144K) NonClass: 29977K(30144K)->29977K(30144K) Class: 0K(0K)->0K(0K)
[6318.647s][info][gc             ] GC(805) Pause Young (Normal) (G1 Evacuation Pause) 8464M->2761M(10240M) 167.645ms
[6318.647s][info][gc,cpu         ] GC(805) User=1.32s Sys=0.00s Real=0.17s
....[6322.829s][info][gc,start       ] GC(806) Pause Young (Normal) (G1 Evacuation Pause)
[6322.829s][info][gc,task        ] GC(806) Using 8 workers of 8 for evacuation
[6322.999s][info][gc,phases      ] GC(806)   Pre Evacuate Collection Set: 0.30ms
[6322.999s][info][gc,phases      ] GC(806)   Merge Heap Roots: 0.59ms
[6322.999s][info][gc,phases      ] GC(806)   Evacuate Collection Set: 167.21ms
[6322.999s][info][gc,phases      ] GC(806)   Post Evacuate Collection Set: 1.34ms
[6322.999s][info][gc,phases      ] GC(806)   Other: 0.06ms
[6322.999s][info][gc,heap        ] GC(806) Eden regions: 715->0(714)
[6322.999s][info][gc,heap        ] GC(806) Survivor regions: 53->54(96)
[6322.999s][info][gc,heap        ] GC(806) Old regions: 263->265
[6322.999s][info][gc,heap        ] GC(806) Humongous regions: 33->33
[6322.999s][info][gc,metaspace   ] GC(806) Metaspace: 29977K(30144K)->29977K(30144K) NonClass: 29977K(30144K)->29977K(30144K) Class: 0K(0K)->0K(0K)
[6322.999s][info][gc             ] GC(806) Pause Young (Normal) (G1 Evacuation Pause) 8481M->2791M(10240M) 169.634ms
[6322.999s][info][gc,cpu         ] GC(806) User=1.34s Sys=0.00s Real=0.17s
.....[6327.273s][info][gc,start       ] GC(807) Pause Young (Normal) (G1 Evacuation Pause)
[6327.273s][info][gc,task        ] GC(807) Using 8 workers of 8 for evacuation
[6327.443s][info][gc,phases      ] GC(807)   Pre Evacuate Collection Set: 0.31ms
[6327.443s][info][gc,phases      ] GC(807)   Merge Heap Roots: 0.59ms
[6327.443s][info][gc,phases      ] GC(807)   Evacuate Collection Set: 167.17ms
[6327.443s][info][gc,phases      ] GC(807)   Post Evacuate Collection Set: 1.31ms
[6327.443s][info][gc,phases      ] GC(807)   Other: 0.06ms
[6327.443s][info][gc,heap        ] GC(807) Eden regions: 714->0(715)
[6327.443s][info][gc,heap        ] GC(807) Survivor regions: 54->53(96)
[6327.443s][info][gc,heap        ] GC(807) Old regions: 265->268
[6327.443s][info][gc,heap        ] GC(807) Humongous regions: 33->33
[6327.443s][info][gc,metaspace   ] GC(807) Metaspace: 29977K(30144K)->29977K(30144K) NonClass: 29977K(30144K)->29977K(30144K) Class: 0K(0K)->0K(0K)
[6327.443s][info][gc             ] GC(807) Pause Young (Normal) (G1 Evacuation Pause) 8503M->2807M(10240M) 169.566ms
[6327.443s][info][gc,cpu         ] GC(807) User=1.33s Sys=0.00s Real=0.17s
....[6331.541s][info][gc,start       ] GC(808) Pause Young (Normal) (G1 Evacuation Pause)
[6331.542s][info][gc,task        ] GC(808) Using 8 workers of 8 for evacuation
[6331.706s][info][gc,phases      ] GC(808)   Pre Evacuate Collection Set: 0.30ms
[6331.706s][info][gc,phases      ] GC(808)   Merge Heap Roots: 0.59ms
[6331.706s][info][gc,phases      ] GC(808)   Evacuate Collection Set: 162.12ms
[6331.706s][info][gc,phases      ] GC(808)   Post Evacuate Collection Set: 1.36ms
[6331.706s][info][gc,phases      ] GC(808)   Other: 0.08ms
[6331.706s][info][gc,heap        ] GC(808) Eden regions: 715->0(716)
[6331.706s][info][gc,heap        ] GC(808) Survivor regions: 53->52(96)
[6331.706s][info][gc,heap        ] GC(808) Old regions: 268->271
[6331.706s][info][gc,heap        ] GC(808) Humongous regions: 33->33
[6331.706s][info][gc,metaspace   ] GC(808) Metaspace: 29977K(30144K)->29977K(30144K) NonClass: 29977K(30144K)->29977K(30144K) Class: 0K(0K)->0K(0K)
[6331.706s][info][gc             ] GC(808) Pause Young (Normal) (G1 Evacuation Pause) 8527M->2821M(10240M) 164.590ms
[6331.706s][info][gc,cpu         ] GC(808) User=1.29s Sys=0.00s Real=0.17s
....[6335.994s][info][gc,start       ] GC(809) Pause Young (Normal) (G1 Evacuation Pause)
[6335.994s][info][gc,task        ] GC(809) Using 8 workers of 8 for evacuation
[6336.159s][info][gc,phases      ] GC(809)   Pre Evacuate Collection Set: 0.30ms
[6336.159s][info][gc,phases      ] GC(809)   Merge Heap Roots: 0.59ms
[6336.159s][info][gc,phases      ] GC(809)   Evacuate Collection Set: 162.21ms
[6336.159s][info][gc,phases      ] GC(809)   Post Evacuate Collection Set: 1.34ms
[6336.159s][info][gc,phases      ] GC(809)   Other: 0.06ms
[6336.159s][info][gc,heap        ] GC(809) Eden regions: 716->0(716)
[6336.159s][info][gc,heap        ] GC(809) Survivor regions: 52->52(96)
[6336.159s][info][gc,heap        ] GC(809) Old regions: 271->273
[6336.159s][info][gc,heap        ] GC(809) Humongous regions: 33->33
[6336.159s][info][gc,metaspace   ] GC(809) Metaspace: 29977K(30144K)->29977K(30144K) NonClass: 29977K(30144K)->29977K(30144K) Class: 0K(0K)->0K(0K)
[6336.159s][info][gc             ] GC(809) Pause Young (Normal) (G1 Evacuation Pause) 8549M->2843M(10240M) 164.630ms
[6336.159s][info][gc,cpu         ] GC(809) User=1.30s Sys=0.00s Real=0.17s
.....[6340.417s][info][gc,start       ] GC(810) Pause Young (Normal) (G1 Evacuation Pause)
[6340.417s][info][gc,task        ] GC(810) Using 8 workers of 8 for evacuation
[6340.585s][info][gc,phases      ] GC(810)   Pre Evacuate Collection Set: 0.29ms
[6340.585s][info][gc,phases      ] GC(810)   Merge Heap Roots: 0.59ms
[6340.585s][info][gc,phases      ] GC(810)   Evacuate Collection Set: 165.71ms
[6340.585s][info][gc,phases      ] GC(810)   Post Evacuate Collection Set: 1.40ms
[6340.585s][info][gc,phases      ] GC(810)   Other: 0.06ms
[6340.585s][info][gc,heap        ] GC(810) Eden regions: 716->0(715)
[6340.585s][info][gc,heap        ] GC(810) Survivor regions: 52->53(96)
[6340.585s][info][gc,heap        ] GC(810) Old regions: 273->276
[6340.585s][info][gc,heap        ] GC(810) Humongous regions: 33->33
[6340.585s][info][gc,metaspace   ] GC(810) Metaspace: 29977K(30144K)->29977K(30144K) NonClass: 29977K(30144K)->29977K(30144K) Class: 0K(0K)->0K(0K)
[6340.585s][info][gc             ] GC(810) Pause Young (Normal) (G1 Evacuation Pause) 8571M->2872M(10240M) 168.189ms
[6340.585s][info][gc,cpu         ] GC(810) User=1.33s Sys=0.00s Real=0.16s
....[6344.853s][info][gc,start       ] GC(811) Pause Young (Concurrent Start) (G1 Evacuation Pause)
[6344.853s][info][gc,task        ] GC(811) Using 8 workers of 8 for evacuation
[6345.028s][info][gc,phases      ] GC(811)   Pre Evacuate Collection Set: 0.36ms
[6345.028s][info][gc,phases      ] GC(811)   Merge Heap Roots: 0.57ms
[6345.028s][info][gc,phases      ] GC(811)   Evacuate Collection Set: 172.26ms
[6345.028s][info][gc,phases      ] GC(811)   Post Evacuate Collection Set: 1.31ms
[6345.028s][info][gc,phases      ] GC(811)   Other: 0.10ms
[6345.028s][info][gc,heap        ] GC(811) Eden regions: 715->0(714)
[6345.028s][info][gc,heap        ] GC(811) Survivor regions: 53->54(96)
[6345.028s][info][gc,heap        ] GC(811) Old regions: 276->279
[6345.028s][info][gc,heap        ] GC(811) Humongous regions: 33->33
[6345.028s][info][gc,metaspace   ] GC(811) Metaspace: 29977K(30144K)->29977K(30144K) NonClass: 29977K(30144K)->29977K(30144K) Class: 0K(0K)->0K(0K)
[6345.028s][info][gc             ] GC(811) Pause Young (Concurrent Start) (G1 Evacuation Pause) 8592M->2902M(10240M) 174.728ms
[6345.028s][info][gc             ] GC(812) Concurrent Mark Cycle
[6345.028s][info][gc,marking     ] GC(812) Concurrent Scan Root Regions
[6345.028s][info][gc,cpu         ] GC(811) User=1.38s Sys=0.00s Real=0.18s
.[6345.286s][info][gc,marking     ] GC(812) Concurrent Scan Root Regions 257.824ms
[6345.286s][info][gc,marking     ] GC(812) Concurrent Mark
[6345.286s][info][gc,marking     ] GC(812) Concurrent Mark From Roots
[6345.286s][info][gc,task        ] GC(812) Using 2 workers of 2 for marking
.[6346.455s][info][gc,marking     ] GC(812) Concurrent Mark From Roots 1168.908ms
[6346.455s][info][gc,marking     ] GC(812) Concurrent Preclean
[6346.455s][info][gc,marking     ] GC(812) Concurrent Preclean 0.172ms
[6346.455s][info][gc,start       ] GC(812) Pause Remark
[6346.457s][info][gc             ] GC(812) Pause Remark 4486M->4334M(10240M) 1.722ms
[6346.457s][info][gc,cpu         ] GC(812) User=0.01s Sys=0.00s Real=0.01s
[6346.457s][info][gc,marking     ] GC(812) Concurrent Mark 1171.138ms
[6346.457s][info][gc,marking     ] GC(812) Concurrent Rebuild Remembered Sets and Scrub Regions
[6347.165s][info][gc,marking     ] GC(812) Concurrent Rebuild Remembered Sets and Scrub Regions 707.817ms
[6347.165s][info][gc,start       ] GC(812) Pause Cleanup
[6347.165s][info][gc             ] GC(812) Pause Cleanup 5302M->5302M(10240M) 0.309ms
[6347.165s][info][gc,cpu         ] GC(812) User=0.00s Sys=0.00s Real=0.00s
[6347.165s][info][gc,marking     ] GC(812) Concurrent Clear Claimed Marks
[6347.165s][info][gc,marking     ] GC(812) Concurrent Clear Claimed Marks 0.052ms
[6347.165s][info][gc,marking     ] GC(812) Concurrent Cleanup for Next Mark
.[6347.181s][info][gc,marking     ] GC(812) Concurrent Cleanup for Next Mark 15.410ms
[6347.181s][info][gc             ] GC(812) Concurrent Mark Cycle 2152.953ms
..[6349.394s][info][gc,start       ] GC(813) Pause Young (Prepare Mixed) (G1 Evacuation Pause)
[6349.394s][info][gc,task        ] GC(813) Using 8 workers of 8 for evacuation
[6349.560s][info][gc,phases      ] GC(813)   Pre Evacuate Collection Set: 0.28ms
[6349.560s][info][gc,phases      ] GC(813)   Merge Heap Roots: 0.87ms
[6349.560s][info][gc,phases      ] GC(813)   Evacuate Collection Set: 163.53ms
[6349.560s][info][gc,phases      ] GC(813)   Post Evacuate Collection Set: 1.43ms
[6349.560s][info][gc,phases      ] GC(813)   Other: 0.07ms
[6349.560s][info][gc,heap        ] GC(813) Eden regions: 714->0(715)
[6349.560s][info][gc,heap        ] GC(813) Survivor regions: 54->53(96)
[6349.560s][info][gc,heap        ] GC(813) Old regions: 260->262
[6349.560s][info][gc,heap        ] GC(813) Humongous regions: 33->33
[6349.560s][info][gc,metaspace   ] GC(813) Metaspace: 29977K(30144K)->29977K(30144K) NonClass: 29977K(30144K)->29977K(30144K) Class: 0K(0K)->0K(0K)
[6349.560s][info][gc             ] GC(813) Pause Young (Prepare Mixed) (G1 Evacuation Pause) 8462M->2759M(10240M) 166.316ms
[6349.560s][info][gc,cpu         ] GC(813) User=1.30s Sys=0.00s Real=0.17s
....[6353.812s][info][gc,start       ] GC(814) Pause Young (Mixed) (G1 Evacuation Pause)
[6353.812s][info][gc,task        ] GC(814) Using 8 workers of 8 for evacuation
[6353.989s][info][gc,phases      ] GC(814)   Pre Evacuate Collection Set: 0.32ms
[6353.989s][info][gc,phases      ] GC(814)   Merge Heap Roots: 0.87ms
[6353.989s][info][gc,phases      ] GC(814)   Evacuate Collection Set: 174.46ms
[6353.989s][info][gc,phases      ] GC(814)   Post Evacuate Collection Set: 1.52ms
[6353.989s][info][gc,phases      ] GC(814)   Other: 0.08ms
[6353.989s][info][gc,heap        ] GC(814) Eden regions: 715->0(715)
[6353.989s][info][gc,heap        ] GC(814) Survivor regions: 53->53(96)
[6353.989s][info][gc,heap        ] GC(814) Old regions: 262->138
[6353.989s][info][gc,heap        ] GC(814) Humongous regions: 33->33
[6353.989s][info][gc,metaspace   ] GC(814) Metaspace: 29977K(30144K)->29977K(30144K) NonClass: 29977K(30144K)->29977K(30144K) Class: 0K(0K)->0K(0K)
[6353.989s][info][gc             ] GC(814) Pause Young (Mixed) (G1 Evacuation Pause) 8479M->1768M(10240M) 177.376ms
[6353.989s][info][gc,cpu         ] GC(814) User=1.40s Sys=0.00s Real=0.18s
.....[6358.242s][info][gc,start       ] GC(815) Pause Young (Mixed) (G1 Evacuation Pause)
[6358.242s][info][gc,task        ] GC(815) Using 8 workers of 8 for evacuation
[6358.416s][info][gc,phases      ] GC(815)   Pre Evacuate Collection Set: 0.28ms
[6358.416s][info][gc,phases      ] GC(815)   Merge Heap Roots: 0.64ms
[6358.416s][info][gc,phases      ] GC(815)   Evacuate Collection Set: 172.09ms
[6358.416s][info][gc,phases      ] GC(815)   Post Evacuate Collection Set: 1.27ms
[6358.416s][info][gc,phases      ] GC(815)   Other: 0.07ms
[6358.416s][info][gc,heap        ] GC(815) Eden regions: 715->0(714)
[6358.416s][info][gc,heap        ] GC(815) Survivor regions: 53->54(96)
[6358.416s][info][gc,heap        ] GC(815) Old regions: 138->134
[6358.416s][info][gc,heap        ] GC(815) Humongous regions: 33->33
[6358.416s][info][gc,metaspace   ] GC(815) Metaspace: 29977K(30144K)->29977K(30144K) NonClass: 29977K(30144K)->29977K(30144K) Class: 0K(0K)->0K(0K)
[6358.416s][info][gc             ] GC(815) Pause Young (Mixed) (G1 Evacuation Pause) 7488M->1740M(10240M) 174.498ms
[6358.416s][info][gc,cpu         ] GC(815) User=1.37s Sys=0.00s Real=0.18s
 (rIR:aIR:PR = 10931:10878:10879) (tPR = 160621) [OK] 
  6358s: Performance info:
         Transaction,    Success,    Partial,     Failed,   Receipts, AvgBarcode, 
             Overall,     654120,          0,          0,     621118,      59.48, 
         Response times:
             Request,    Success,    Partial,     Failed,   SkipFail,     Probes,    Samples,      min,      p50,      p90,      p95,      p99,      max, 
       TotalPurchase,     621003,          0,          0,          0,     353723,     415251,      300,     9100,    71000,   104000,   155000,  2300000,
     InStorePurchase,     325747,          0,          0,          0,     185907,     218296,      300,     9000,    72000,   106000,   158000,  2300000,
      OnlinePurchase,     228868,          0,          0,          0,     129848,     152415,      300,     9200,    69000,   102000,   150000,  2300000,
        InstPurchase,      66388,          0,          0,          0,      37968,      44540,      400,     9000,    71000,   105000,   160590,  2300000,
          AssocOfCat,        656,          0,          0,          0,        545,        780,    31000,    62000,   124900,   157850,   216570,   265000,
      AssocOfProduct,       6587,          0,          0,          0,       3894,       4780,      600,     9500,    70000,   102000,   158190,   950000,
      BusinessReport,       1641,          0,          0,          0,       1486,       1924,    28000,    69000,   136500,   184500,   234750,   325000,
          CustBuyBeh,       6710,          0,          0,          0,       3876,       4782,      300,     8500,    73700,   106000,   152000,   266000,
       ProductReturn,      17459,          0,          0,          0,       9739,      11679,      200,     9400,    70000,   104000,   152000,   790000,

  6358s: (80%)   IR =  11070 ....[6362.739s][info][gc,start       ] GC(816) Pause Young (Normal) (G1 Evacuation Pause)
[6362.739s][info][gc,task        ] GC(816) Using 8 workers of 8 for evacuation
[6362.909s][info][gc,phases      ] GC(816)   Pre Evacuate Collection Set: 0.30ms
[6362.909s][info][gc,phases      ] GC(816)   Merge Heap Roots: 0.58ms
[6362.909s][info][gc,phases      ] GC(816)   Evacuate Collection Set: 166.95ms
[6362.909s][info][gc,phases      ] GC(816)   Post Evacuate Collection Set: 1.35ms
[6362.909s][info][gc,phases      ] GC(816)   Other: 0.09ms
[6362.909s][info][gc,heap        ] GC(816) Eden regions: 714->0(715)
[6362.909s][info][gc,heap        ] GC(816) Survivor regions: 54->53(96)
[6362.909s][info][gc,heap        ] GC(816) Old regions: 134->137
[6362.909s][info][gc,heap        ] GC(816) Humongous regions: 33->33
[6362.909s][info][gc,metaspace   ] GC(816) Metaspace: 29977K(30144K)->29977K(30144K) NonClass: 29977K(30144K)->29977K(30144K) Class: 0K(0K)->0K(0K)
[6362.909s][info][gc             ] GC(816) Pause Young (Normal) (G1 Evacuation Pause) 7452M->1758M(10240M) 169.414ms
[6362.909s][info][gc,cpu         ] GC(816) User=1.34s Sys=0.00s Real=0.17s
....[6367.035s][info][gc,start       ] GC(817) Pause Young (Normal) (G1 Evacuation Pause)
[6367.035s][info][gc,task        ] GC(817) Using 8 workers of 8 for evacuation
[6367.206s][info][gc,phases      ] GC(817)   Pre Evacuate Collection Set: 0.29ms
[6367.206s][info][gc,phases      ] GC(817)   Merge Heap Roots: 0.59ms
[6367.206s][info][gc,phases      ] GC(817)   Evacuate Collection Set: 168.49ms
[6367.206s][info][gc,phases      ] GC(817)   Post Evacuate Collection Set: 1.35ms
[6367.206s][info][gc,phases      ] GC(817)   Other: 0.06ms
[6367.206s][info][gc,heap        ] GC(817) Eden regions: 715->0(715)
[6367.206s][info][gc,heap        ] GC(817) Survivor regions: 53->53(96)
[6367.206s][info][gc,heap        ] GC(817) Old regions: 137->140
[6367.206s][info][gc,heap        ] GC(817) Humongous regions: 33->33
[6367.206s][info][gc,metaspace   ] GC(817) Metaspace: 29977K(30144K)->29977K(30144K) NonClass: 29977K(30144K)->29977K(30144K) Class: 0K(0K)->0K(0K)
[6367.206s][info][gc             ] GC(817) Pause Young (Normal) (G1 Evacuation Pause) 7478M->1780M(10240M) 170.935ms
[6367.206s][info][gc,cpu         ] GC(817) User=1.35s Sys=0.01s Real=0.18s
....|[6371.416s][info][gc,start       ] GC(818) Pause Young (Normal) (G1 Evacuation Pause)
[6371.416s][info][gc,task        ] GC(818) Using 8 workers of 8 for evacuation
[6371.584s][info][gc,phases      ] GC(818)   Pre Evacuate Collection Set: 0.27ms
[6371.584s][info][gc,phases      ] GC(818)   Merge Heap Roots: 0.57ms
[6371.584s][info][gc,phases      ] GC(818)   Evacuate Collection Set: 165.67ms
[6371.584s][info][gc,phases      ] GC(818)   Post Evacuate Collection Set: 1.32ms
[6371.584s][info][gc,phases      ] GC(818)   Other: 0.06ms
[6371.584s][info][gc,heap        ] GC(818) Eden regions: 715->0(715)
[6371.584s][info][gc,heap        ] GC(818) Survivor regions: 53->53(96)
[6371.584s][info][gc,heap        ] GC(818) Old regions: 140->142
[6371.584s][info][gc,heap        ] GC(818) Humongous regions: 33->33
[6371.584s][info][gc,metaspace   ] GC(818) Metaspace: 29977K(30144K)->29977K(30144K) NonClass: 29977K(30144K)->29977K(30144K) Class: 0K(0K)->0K(0K)
[6371.584s][info][gc             ] GC(818) Pause Young (Normal) (G1 Evacuation Pause) 7500M->1800M(10240M) 168.020ms
[6371.584s][info][gc,cpu         ] GC(818) User=1.32s Sys=0.00s Real=0.16s
.....[6375.830s][info][gc,start       ] GC(819) Pause Young (Normal) (G1 Evacuation Pause)
[6375.830s][info][gc,task        ] GC(819) Using 8 workers of 8 for evacuation
[6375.998s][info][gc,phases      ] GC(819)   Pre Evacuate Collection Set: 0.30ms
[6375.998s][info][gc,phases      ] GC(819)   Merge Heap Roots: 0.57ms
[6375.998s][info][gc,phases      ] GC(819)   Evacuate Collection Set: 166.25ms
[6375.998s][info][gc,phases      ] GC(819)   Post Evacuate Collection Set: 1.29ms
[6375.998s][info][gc,phases      ] GC(819)   Other: 0.06ms
[6375.998s][info][gc,heap        ] GC(819) Eden regions: 715->0(715)
[6375.998s][info][gc,heap        ] GC(819) Survivor regions: 53->53(96)
[6375.998s][info][gc,heap        ] GC(819) Old regions: 142->145
[6375.998s][info][gc,heap        ] GC(819) Humongous regions: 33->33
[6375.998s][info][gc,metaspace   ] GC(819) Metaspace: 29977K(30144K)->29977K(30144K) NonClass: 29977K(30144K)->29977K(30144K) Class: 0K(0K)->0K(0K)
[6375.998s][info][gc             ] GC(819) Pause Young (Normal) (G1 Evacuation Pause) 7520M->1819M(10240M) 168.610ms
[6375.998s][info][gc,cpu         ] GC(819) User=1.32s Sys=0.00s Real=0.17s
....[6380.209s][info][gc,start       ] GC(820) Pause Young (Normal) (G1 Evacuation Pause)
[6380.209s][info][gc,task        ] GC(820) Using 8 workers of 8 for evacuation
[6380.377s][info][gc,phases      ] GC(820)   Pre Evacuate Collection Set: 0.29ms
[6380.377s][info][gc,phases      ] GC(820)   Merge Heap Roots: 0.58ms
[6380.377s][info][gc,phases      ] GC(820)   Evacuate Collection Set: 165.70ms
[6380.377s][info][gc,phases      ] GC(820)   Post Evacuate Collection Set: 1.30ms
[6380.377s][info][gc,phases      ] GC(820)   Other: 0.06ms
[6380.377s][info][gc,heap        ] GC(820) Eden regions: 715->0(715)
[6380.377s][info][gc,heap        ] GC(820) Survivor regions: 53->53(96)
[6380.377s][info][gc,heap        ] GC(820) Old regions: 145->148
[6380.377s][info][gc,heap        ] GC(820) Humongous regions: 33->33
[6380.377s][info][gc,metaspace   ] GC(820) Metaspace: 29977K(30144K)->29977K(30144K) NonClass: 29977K(30144K)->29977K(30144K) Class: 0K(0K)->0K(0K)
[6380.377s][info][gc             ] GC(820) Pause Young (Normal) (G1 Evacuation Pause) 7539M->1840M(10240M) 168.083ms
[6380.377s][info][gc,cpu         ] GC(820) User=1.33s Sys=0.00s Real=0.17s
....[6384.528s][info][gc,start       ] GC(821) Pause Young (Normal) (G1 Evacuation Pause)
[6384.528s][info][gc,task        ] GC(821) Using 8 workers of 8 for evacuation
[6384.698s][info][gc,phases      ] GC(821)   Pre Evacuate Collection Set: 0.27ms
[6384.698s][info][gc,phases      ] GC(821)   Merge Heap Roots: 0.56ms
[6384.698s][info][gc,phases      ] GC(821)   Evacuate Collection Set: 168.16ms
[6384.698s][info][gc,phases      ] GC(821)   Post Evacuate Collection Set: 1.28ms
[6384.698s][info][gc,phases      ] GC(821)   Other: 0.06ms
[6384.698s][info][gc,heap        ] GC(821) Eden regions: 715->0(714)
[6384.698s][info][gc,heap        ] GC(821) Survivor regions: 53->54(96)
[6384.698s][info][gc,heap        ] GC(821) Old regions: 148->150
[6384.698s][info][gc,heap        ] GC(821) Humongous regions: 33->33
[6384.698s][info][gc,metaspace   ] GC(821) Metaspace: 29977K(30144K)->29977K(30144K) NonClass: 29977K(30144K)->29977K(30144K) Class: 0K(0K)->0K(0K)
[6384.698s][info][gc             ] GC(821) Pause Young (Normal) (G1 Evacuation Pause) 7560M->1869M(10240M) 170.494ms
[6384.698s][info][gc,cpu         ] GC(821) User=1.35s Sys=0.00s Real=0.17s
.....[6388.960s][info][gc,start       ] GC(822) Pause Young (Normal) (G1 Evacuation Pause)
[6388.960s][info][gc,task        ] GC(822) Using 8 workers of 8 for evacuation
[6389.127s][info][gc,phases      ] GC(822)   Pre Evacuate Collection Set: 0.29ms
[6389.127s][info][gc,phases      ] GC(822)   Merge Heap Roots: 0.57ms
[6389.127s][info][gc,phases      ] GC(822)   Evacuate Collection Set: 164.13ms
[6389.127s][info][gc,phases      ] GC(822)   Post Evacuate Collection Set: 1.35ms
[6389.127s][info][gc,phases      ] GC(822)   Other: 0.07ms
[6389.127s][info][gc,heap        ] GC(822) Eden regions: 714->0(716)
[6389.127s][info][gc,heap        ] GC(822) Survivor regions: 54->52(96)
[6389.127s][info][gc,heap        ] GC(822) Old regions: 150->153
[6389.127s][info][gc,heap        ] GC(822) Humongous regions: 33->33
[6389.127s][info][gc,metaspace   ] GC(822) Metaspace: 29977K(30144K)->29977K(30144K) NonClass: 29977K(30144K)->29977K(30144K) Class: 0K(0K)->0K(0K)
[6389.127s][info][gc             ] GC(822) Pause Young (Normal) (G1 Evacuation Pause) 7581M->1879M(10240M) 166.552ms
[6389.127s][info][gc,cpu         ] GC(822) User=1.31s Sys=0.00s Real=0.17s
....[6393.305s][info][gc,start       ] GC(823) Pause Young (Normal) (G1 Evacuation Pause)
[6393.305s][info][gc,task        ] GC(823) Using 8 workers of 8 for evacuation
[6393.481s][info][gc,phases      ] GC(823)   Pre Evacuate Collection Set: 0.27ms
[6393.481s][info][gc,phases      ] GC(823)   Merge Heap Roots: 0.58ms
[6393.481s][info][gc,phases      ] GC(823)   Evacuate Collection Set: 173.72ms
[6393.481s][info][gc,phases      ] GC(823)   Post Evacuate Collection Set: 1.28ms
[6393.481s][info][gc,phases      ] GC(823)   Other: 0.06ms
[6393.481s][info][gc,heap        ] GC(823) Eden regions: 716->0(714)
[6393.481s][info][gc,heap        ] GC(823) Survivor regions: 52->54(96)
[6393.481s][info][gc,heap        ] GC(823) Old regions: 153->156
[6393.481s][info][gc,heap        ] GC(823) Humongous regions: 33->33
[6393.481s][info][gc,metaspace   ] GC(823) Metaspace: 29977K(30144K)->29977K(30144K) NonClass: 29977K(30144K)->29977K(30144K) Class: 0K(0K)->0K(0K)
[6393.481s][info][gc             ] GC(823) Pause Young (Normal) (G1 Evacuation Pause) 7607M->1916M(10240M) 176.040ms
[6393.481s][info][gc,cpu         ] GC(823) User=1.38s Sys=0.01s Real=0.18s
....[6397.624s][info][gc,start       ] GC(824) Pause Young (Normal) (G1 Evacuation Pause)
[6397.624s][info][gc,task        ] GC(824) Using 8 workers of 8 for evacuation
[6397.793s][info][gc,phases      ] GC(824)   Pre Evacuate Collection Set: 0.29ms
[6397.793s][info][gc,phases      ] GC(824)   Merge Heap Roots: 0.58ms
[6397.793s][info][gc,phases      ] GC(824)   Evacuate Collection Set: 166.44ms
[6397.793s][info][gc,phases      ] GC(824)   Post Evacuate Collection Set: 1.34ms
[6397.793s][info][gc,phases      ] GC(824)   Other: 0.06ms
[6397.793s][info][gc,heap        ] GC(824) Eden regions: 714->0(714)
[6397.793s][info][gc,heap        ] GC(824) Survivor regions: 54->54(96)
[6397.793s][info][gc,heap        ] GC(824) Old regions: 156->158
[6397.793s][info][gc,heap        ] GC(824) Humongous regions: 33->33
[6397.793s][info][gc,metaspace   ] GC(824) Metaspace: 29977K(30144K)->29977K(30144K) NonClass: 29977K(30144K)->29977K(30144K) Class: 0K(0K)->0K(0K)
[6397.793s][info][gc             ] GC(824) Pause Young (Normal) (G1 Evacuation Pause) 7628M->1933M(10240M) 168.899ms
[6397.793s][info][gc,cpu         ] GC(824) User=1.33s Sys=0.00s Real=0.17s
.....[6401.911s][info][gc,start       ] GC(825) Pause Young (Normal) (G1 Evacuation Pause)
[6401.911s][info][gc,task        ] GC(825) Using 8 workers of 8 for evacuation
[6402.073s][info][gc,phases      ] GC(825)   Pre Evacuate Collection Set: 0.30ms
[6402.073s][info][gc,phases      ] GC(825)   Merge Heap Roots: 0.57ms
[6402.073s][info][gc,phases      ] GC(825)   Evacuate Collection Set: 159.03ms
[6402.073s][info][gc,phases      ] GC(825)   Post Evacuate Collection Set: 1.30ms
[6402.073s][info][gc,phases      ] GC(825)   Other: 0.07ms
[6402.073s][info][gc,heap        ] GC(825) Eden regions: 714->0(717)
[6402.073s][info][gc,heap        ] GC(825) Survivor regions: 54->51(96)
[6402.073s][info][gc,heap        ] GC(825) Old regions: 158->161
[6402.073s][info][gc,heap        ] GC(825) Humongous regions: 33->33
[6402.073s][info][gc,metaspace   ] GC(825) Metaspace: 29977K(30144K)->29977K(30144K) NonClass: 29977K(30144K)->29977K(30144K) Class: 0K(0K)->0K(0K)
[6402.073s][info][gc             ] GC(825) Pause Young (Normal) (G1 Evacuation Pause) 7645M->1932M(10240M) 161.409ms
[6402.073s][info][gc,cpu         ] GC(825) User=1.27s Sys=0.00s Real=0.16s
....[6406.296s][info][gc,start       ] GC(826) Pause Young (Normal) (G1 Evacuation Pause)
[6406.296s][info][gc,task        ] GC(826) Using 8 workers of 8 for evacuation
[6406.461s][info][gc,phases      ] GC(826)   Pre Evacuate Collection Set: 0.30ms
[6406.461s][info][gc,phases      ] GC(826)   Merge Heap Roots: 0.58ms
[6406.461s][info][gc,phases      ] GC(826)   Evacuate Collection Set: 162.60ms
[6406.461s][info][gc,phases      ] GC(826)   Post Evacuate Collection Set: 1.28ms
[6406.461s][info][gc,phases      ] GC(826)   Other: 0.06ms
[6406.461s][info][gc,heap        ] GC(826) Eden regions: 717->0(716)
[6406.461s][info][gc,heap        ] GC(826) Survivor regions: 51->52(96)
[6406.461s][info][gc,heap        ] GC(826) Old regions: 161->164
[6406.461s][info][gc,heap        ] GC(826) Humongous regions: 33->33
[6406.461s][info][gc,metaspace   ] GC(826) Metaspace: 29977K(30144K)->29977K(30144K) NonClass: 29977K(30144K)->29977K(30144K) Class: 0K(0K)->0K(0K)
[6406.461s][info][gc             ] GC(826) Pause Young (Normal) (G1 Evacuation Pause) 7668M->1965M(10240M) 164.950ms
[6406.461s][info][gc,cpu         ] GC(826) User=1.30s Sys=0.01s Real=0.16s
....[6410.639s][info][gc,start       ] GC(827) Pause Young (Normal) (G1 Evacuation Pause)
[6410.639s][info][gc,task        ] GC(827) Using 8 workers of 8 for evacuation
[6410.805s][info][gc,phases      ] GC(827)   Pre Evacuate Collection Set: 0.29ms
[6410.805s][info][gc,phases      ] GC(827)   Merge Heap Roots: 0.58ms
[6410.805s][info][gc,phases      ] GC(827)   Evacuate Collection Set: 163.42ms
[6410.805s][info][gc,phases      ] GC(827)   Post Evacuate Collection Set: 1.32ms
[6410.805s][info][gc,phases      ] GC(827)   Other: 0.06ms
[6410.805s][info][gc,heap        ] GC(827) Eden regions: 716->0(715)
[6410.805s][info][gc,heap        ] GC(827) Survivor regions: 52->53(96)
[6410.805s][info][gc,heap        ] GC(827) Old regions: 164->166
[6410.805s][info][gc,heap        ] GC(827) Humongous regions: 33->33
[6410.805s][info][gc,metaspace   ] GC(827) Metaspace: 29977K(30144K)->29977K(30144K) NonClass: 29977K(30144K)->29977K(30144K) Class: 0K(0K)->0K(0K)
[6410.805s][info][gc             ] GC(827) Pause Young (Normal) (G1 Evacuation Pause) 7693M->1991M(10240M) 165.810ms
[6410.805s][info][gc,cpu         ] GC(827) User=1.31s Sys=0.00s Real=0.16s
.....[6414.887s][info][gc,start       ] GC(828) Pause Young (Normal) (G1 Evacuation Pause)
[6414.887s][info][gc,task        ] GC(828) Using 8 workers of 8 for evacuation
[6415.048s][info][gc,phases      ] GC(828)   Pre Evacuate Collection Set: 0.30ms
[6415.048s][info][gc,phases      ] GC(828)   Merge Heap Roots: 0.58ms
[6415.048s][info][gc,phases      ] GC(828)   Evacuate Collection Set: 159.13ms
[6415.048s][info][gc,phases      ] GC(828)   Post Evacuate Collection Set: 1.30ms
[6415.048s][info][gc,phases      ] GC(828)   Other: 0.07ms
[6415.048s][info][gc,heap        ] GC(828) Eden regions: 715->0(717)
[6415.048s][info][gc,heap        ] GC(828) Survivor regions: 53->51(96)
[6415.048s][info][gc,heap        ] GC(828) Old regions: 166->169
[6415.048s][info][gc,heap        ] GC(828) Humongous regions: 33->33
[6415.048s][info][gc,metaspace   ] GC(828) Metaspace: 29977K(30144K)->29977K(30144K) NonClass: 29977K(30144K)->29977K(30144K) Class: 0K(0K)->0K(0K)
[6415.048s][info][gc             ] GC(828) Pause Young (Normal) (G1 Evacuation Pause) 7711M->1996M(10240M) 161.506ms
[6415.048s][info][gc,cpu         ] GC(828) User=1.27s Sys=0.00s Real=0.16s
....[6419.192s][info][gc,start       ] GC(829) Pause Young (Normal) (G1 Evacuation Pause)
[6419.192s][info][gc,task        ] GC(829) Using 8 workers of 8 for evacuation
[6419.358s][info][gc,phases      ] GC(829)   Pre Evacuate Collection Set: 0.29ms
[6419.358s][info][gc,phases      ] GC(829)   Merge Heap Roots: 0.58ms
[6419.358s][info][gc,phases      ] GC(829)   Evacuate Collection Set: 163.68ms
[6419.358s][info][gc,phases      ] GC(829)   Post Evacuate Collection Set: 1.33ms
[6419.358s][info][gc,phases      ] GC(829)   Other: 0.07ms
[6419.358s][info][gc,heap        ] GC(829) Eden regions: 717->0(715)
[6419.358s][info][gc,heap        ] GC(829) Survivor regions: 51->53(96)
[6419.358s][info][gc,heap        ] GC(829) Old regions: 169->172
[6419.358s][info][gc,heap        ] GC(829) Humongous regions: 33->33
[6419.358s][info][gc,metaspace   ] GC(829) Metaspace: 29977K(30144K)->29977K(30144K) NonClass: 29977K(30144K)->29977K(30144K) Class: 0K(0K)->0K(0K)
[6419.358s][info][gc             ] GC(829) Pause Young (Normal) (G1 Evacuation Pause) 7732M->2033M(10240M) 166.108ms
[6419.358s][info][gc,cpu         ] GC(829) User=1.31s Sys=0.00s Real=0.17s
....[6423.541s][info][gc,start       ] GC(830) Pause Young (Normal) (G1 Evacuation Pause)
[6423.541s][info][gc,task        ] GC(830) Using 8 workers of 8 for evacuation
[6423.705s][info][gc,phases      ] GC(830)   Pre Evacuate Collection Set: 0.32ms
[6423.705s][info][gc,phases      ] GC(830)   Merge Heap Roots: 0.58ms
[6423.705s][info][gc,phases      ] GC(830)   Evacuate Collection Set: 161.41ms
[6423.705s][info][gc,phases      ] GC(830)   Post Evacuate Collection Set: 1.34ms
[6423.705s][info][gc,phases      ] GC(830)   Other: 0.07ms
[6423.705s][info][gc,heap        ] GC(830) Eden regions: 715->0(717)
[6423.705s][info][gc,heap        ] GC(830) Survivor regions: 53->51(96)
[6423.705s][info][gc,heap        ] GC(830) Old regions: 172->174
[6423.705s][info][gc,heap        ] GC(830) Humongous regions: 33->33
[6423.705s][info][gc,metaspace   ] GC(830) Metaspace: 29977K(30144K)->29977K(30144K) NonClass: 29977K(30144K)->29977K(30144K) Class: 0K(0K)->0K(0K)
[6423.705s][info][gc             ] GC(830) Pause Young (Normal) (G1 Evacuation Pause) 7753M->2043M(10240M) 163.854ms
[6423.705s][info][gc,cpu         ] GC(830) User=1.29s Sys=0.00s Real=0.16s
.....[6427.886s][info][gc,start       ] GC(831) Pause Young (Normal) (G1 Evacuation Pause)
[6427.886s][info][gc,task        ] GC(831) Using 8 workers of 8 for evacuation
[6428.050s][info][gc,phases      ] GC(831)   Pre Evacuate Collection Set: 0.33ms
[6428.050s][info][gc,phases      ] GC(831)   Merge Heap Roots: 0.58ms
[6428.050s][info][gc,phases      ] GC(831)   Evacuate Collection Set: 161.61ms
[6428.050s][info][gc,phases      ] GC(831)   Post Evacuate Collection Set: 1.30ms
[6428.050s][info][gc,phases      ] GC(831)   Other: 0.06ms
[6428.050s][info][gc,heap        ] GC(831) Eden regions: 717->0(716)
[6428.050s][info][gc,heap        ] GC(831) Survivor regions: 51->52(96)
[6428.050s][info][gc,heap        ] GC(831) Old regions: 174->177
[6428.050s][info][gc,heap        ] GC(831) Humongous regions: 33->33
[6428.050s][info][gc,metaspace   ] GC(831) Metaspace: 29977K(30144K)->29977K(30144K) NonClass: 29977K(30144K)->29977K(30144K) Class: 0K(0K)->0K(0K)
[6428.050s][info][gc             ] GC(831) Pause Young (Normal) (G1 Evacuation Pause) 7779M->2070M(10240M) 164.043ms
[6428.050s][info][gc,cpu         ] GC(831) User=1.29s Sys=0.00s Real=0.16s
... (rIR:aIR:PR = 11070:11062:11064) (tPR = 164020) [OK] 
  6430s: Performance info:
         Transaction,    Success,    Partial,     Failed,   Receipts, AvgBarcode, 
             Overall,     667074,          0,          0,     633507,      59.48, 
         Response times:
             Request,    Success,    Partial,     Failed,   SkipFail,     Probes,    Samples,      min,      p50,      p90,      p95,      p99,      max, 
       TotalPurchase,     633527,          0,          0,          0,     357307,     437041,      300,     9900,    62000,   101000,   184000,  1100000,
     InStorePurchase,     331743,          0,          0,          0,     187884,     229833,      300,     9900,    61000,   100000,   185000,  1100000,
      OnlinePurchase,     234089,          0,          0,          0,     131729,     161110,      300,     9900,    64000,   100000,   179000,  1100000,
        InstPurchase,      67695,          0,          0,          0,      37694,      46098,      500,    10000,    64000,   105000,   184000,  1100000,
          AssocOfCat,        665,          0,          0,          0,        540,        776,    35000,    64000,   122000,   162050,   261230,   700000,
      AssocOfProduct,       6775,          0,          0,          0,       3874,       4931,      600,    10500,    59000,   100000,   187000,   840000,
      BusinessReport,       1668,          0,          0,          0,       1488,       1981,    34000,    69000,   126000,   169900,   244000,   398000,
          CustBuyBeh,       6599,          0,          0,          0,       3950,       5108,      200,     9600,    59000,    98000,   194910,   700000,
       ProductReturn,      17726,          0,          0,          0,       9914,      12351,      300,     9200,    62000,    98000,   185000,   700000,

  6430s: (81%)   IR =  11208 .[6432.153s][info][gc,start       ] GC(832) Pause Young (Normal) (G1 Evacuation Pause)
[6432.153s][info][gc,task        ] GC(832) Using 8 workers of 8 for evacuation
[6432.317s][info][gc,phases      ] GC(832)   Pre Evacuate Collection Set: 0.33ms
[6432.317s][info][gc,phases      ] GC(832)   Merge Heap Roots: 0.58ms
[6432.317s][info][gc,phases      ] GC(832)   Evacuate Collection Set: 161.70ms
[6432.317s][info][gc,phases      ] GC(832)   Post Evacuate Collection Set: 1.30ms
[6432.317s][info][gc,phases      ] GC(832)   Other: 0.07ms
[6432.317s][info][gc,heap        ] GC(832) Eden regions: 716->0(716)
[6432.317s][info][gc,heap        ] GC(832) Survivor regions: 52->52(96)
[6432.317s][info][gc,heap        ] GC(832) Old regions: 177->180
[6432.317s][info][gc,heap        ] GC(832) Humongous regions: 33->33
[6432.317s][info][gc,metaspace   ] GC(832) Metaspace: 29977K(30144K)->29977K(30144K) NonClass: 29977K(30144K)->29977K(30144K) Class: 0K(0K)->0K(0K)
[6432.317s][info][gc             ] GC(832) Pause Young (Normal) (G1 Evacuation Pause) 7798M->2090M(10240M) 164.112ms
[6432.317s][info][gc,cpu         ] GC(832) User=1.29s Sys=0.00s Real=0.17s
....[6436.505s][info][gc,start       ] GC(833) Pause Young (Normal) (G1 Evacuation Pause)
[6436.505s][info][gc,task        ] GC(833) Using 8 workers of 8 for evacuation
[6436.679s][info][gc,phases      ] GC(833)   Pre Evacuate Collection Set: 0.30ms
[6436.679s][info][gc,phases      ] GC(833)   Merge Heap Roots: 0.59ms
[6436.679s][info][gc,phases      ] GC(833)   Evacuate Collection Set: 171.58ms
[6436.679s][info][gc,phases      ] GC(833)   Post Evacuate Collection Set: 1.34ms
[6436.679s][info][gc,phases      ] GC(833)   Other: 0.06ms
[6436.679s][info][gc,heap        ] GC(833) Eden regions: 716->0(713)
[6436.679s][info][gc,heap        ] GC(833) Survivor regions: 52->55(96)
[6436.679s][info][gc,heap        ] GC(833) Old regions: 180->182
[6436.679s][info][gc,heap        ] GC(833) Humongous regions: 33->33
[6436.679s][info][gc,metaspace   ] GC(833) Metaspace: 29977K(30144K)->29977K(30144K) NonClass: 29977K(30144K)->29977K(30144K) Class: 0K(0K)->0K(0K)
[6436.679s][info][gc             ] GC(833) Pause Young (Normal) (G1 Evacuation Pause) 7818M->2135M(10240M) 174.033ms
[6436.679s][info][gc,cpu         ] GC(833) User=1.37s Sys=0.00s Real=0.18s
....|[6440.722s][info][gc,start       ] GC(834) Pause Young (Normal) (G1 Evacuation Pause)
[6440.722s][info][gc,task        ] GC(834) Using 8 workers of 8 for evacuation
[6440.894s][info][gc,phases      ] GC(834)   Pre Evacuate Collection Set: 0.30ms
[6440.894s][info][gc,phases      ] GC(834)   Merge Heap Roots: 0.57ms
[6440.894s][info][gc,phases      ] GC(834)   Evacuate Collection Set: 169.31ms
[6440.894s][info][gc,phases      ] GC(834)   Post Evacuate Collection Set: 1.36ms
[6440.894s][info][gc,phases      ] GC(834)   Other: 0.07ms
[6440.894s][info][gc,heap        ] GC(834) Eden regions: 713->0(714)
[6440.894s][info][gc,heap        ] GC(834) Survivor regions: 55->54(96)
[6440.894s][info][gc,heap        ] GC(834) Old regions: 182->185
[6440.894s][info][gc,heap        ] GC(834) Humongous regions: 33->33
[6440.894s][info][gc,metaspace   ] GC(834) Metaspace: 29977K(30144K)->29977K(30144K) NonClass: 29977K(30144K)->29977K(30144K) Class: 0K(0K)->0K(0K)
[6440.894s][info][gc             ] GC(834) Pause Young (Normal) (G1 Evacuation Pause) 7839M->2149M(10240M) 171.750ms
[6440.894s][info][gc,cpu         ] GC(834) User=1.35s Sys=0.00s Real=0.17s
....[6444.996s][info][gc,start       ] GC(835) Pause Young (Normal) (G1 Evacuation Pause)
[6444.996s][info][gc,task        ] GC(835) Using 8 workers of 8 for evacuation
[6445.158s][info][gc,phases      ] GC(835)   Pre Evacuate Collection Set: 0.30ms
[6445.158s][info][gc,phases      ] GC(835)   Merge Heap Roots: 0.58ms
[6445.158s][info][gc,phases      ] GC(835)   Evacuate Collection Set: 159.02ms
[6445.158s][info][gc,phases      ] GC(835)   Post Evacuate Collection Set: 1.36ms
[6445.158s][info][gc,phases      ] GC(835)   Other: 0.08ms
[6445.158s][info][gc,heap        ] GC(835) Eden regions: 714->0(717)
[6445.158s][info][gc,heap        ] GC(835) Survivor regions: 54->51(96)
[6445.158s][info][gc,heap        ] GC(835) Old regions: 185->188
[6445.158s][info][gc,heap        ] GC(835) Humongous regions: 33->33
[6445.158s][info][gc,metaspace   ] GC(835) Metaspace: 29977K(30144K)->29977K(30144K) NonClass: 29977K(30144K)->29977K(30144K) Class: 0K(0K)->0K(0K)
[6445.158s][info][gc             ] GC(835) Pause Young (Normal) (G1 Evacuation Pause) 7861M->2147M(10240M) 162.223ms
[6445.159s][info][gc,cpu         ] GC(835) User=1.27s Sys=0.00s Real=0.16s
.....[6449.287s][info][gc,start       ] GC(836) Pause Young (Normal) (G1 Evacuation Pause)
[6449.287s][info][gc,task        ] GC(836) Using 8 workers of 8 for evacuation
[6449.452s][info][gc,phases      ] GC(836)   Pre Evacuate Collection Set: 0.31ms
[6449.452s][info][gc,phases      ] GC(836)   Merge Heap Roots: 0.58ms
[6449.452s][info][gc,phases      ] GC(836)   Evacuate Collection Set: 163.29ms
[6449.452s][info][gc,phases      ] GC(836)   Post Evacuate Collection Set: 1.28ms
[6449.452s][info][gc,phases      ] GC(836)   Other: 0.07ms
[6449.452s][info][gc,heap        ] GC(836) Eden regions: 717->0(716)
[6449.452s][info][gc,heap        ] GC(836) Survivor regions: 51->52(96)
[6449.452s][info][gc,heap        ] GC(836) Old regions: 188->191
[6449.452s][info][gc,heap        ] GC(836) Humongous regions: 33->33
[6449.452s][info][gc,metaspace   ] GC(836) Metaspace: 29977K(30144K)->29977K(30144K) NonClass: 29977K(30144K)->29977K(30144K) Class: 0K(0K)->0K(0K)
[6449.452s][info][gc             ] GC(836) Pause Young (Normal) (G1 Evacuation Pause) 7883M->2177M(10240M) 165.679ms
[6449.452s][info][gc,cpu         ] GC(836) User=1.30s Sys=0.00s Real=0.16s
....[6453.533s][info][gc,start       ] GC(837) Pause Young (Normal) (G1 Evacuation Pause)
[6453.533s][info][gc,task        ] GC(837) Using 8 workers of 8 for evacuation
[6453.703s][info][gc,phases      ] GC(837)   Pre Evacuate Collection Set: 0.32ms
[6453.703s][info][gc,phases      ] GC(837)   Merge Heap Roots: 0.57ms
[6453.703s][info][gc,phases      ] GC(837)   Evacuate Collection Set: 167.88ms
[6453.703s][info][gc,phases      ] GC(837)   Post Evacuate Collection Set: 1.35ms
[6453.703s][info][gc,phases      ] GC(837)   Other: 0.07ms
[6453.703s][info][gc,heap        ] GC(837) Eden regions: 716->0(715)
[6453.703s][info][gc,heap        ] GC(837) Survivor regions: 52->53(96)
[6453.703s][info][gc,heap        ] GC(837) Old regions: 191->193
[6453.703s][info][gc,heap        ] GC(837) Humongous regions: 33->33
[6453.703s][info][gc,metaspace   ] GC(837) Metaspace: 29977K(30144K)->29977K(30144K) NonClass: 29977K(30144K)->29977K(30144K) Class: 0K(0K)->0K(0K)
[6453.703s][info][gc             ] GC(837) Pause Young (Normal) (G1 Evacuation Pause) 7905M->2211M(10240M) 170.314ms
[6453.703s][info][gc,cpu         ] GC(837) User=1.33s Sys=0.00s Real=0.17s
....[6457.728s][info][gc,start       ] GC(838) Pause Young (Normal) (G1 Evacuation Pause)
[6457.728s][info][gc,task        ] GC(838) Using 8 workers of 8 for evacuation
[6457.902s][info][gc,phases      ] GC(838)   Pre Evacuate Collection Set: 0.31ms
[6457.902s][info][gc,phases      ] GC(838)   Merge Heap Roots: 0.59ms
[6457.902s][info][gc,phases      ] GC(838)   Evacuate Collection Set: 171.41ms
[6457.902s][info][gc,phases      ] GC(838)   Post Evacuate Collection Set: 1.38ms
[6457.902s][info][gc,phases      ] GC(838)   Other: 0.07ms
[6457.902s][info][gc,heap        ] GC(838) Eden regions: 715->0(713)
[6457.902s][info][gc,heap        ] GC(838) Survivor regions: 53->55(96)
[6457.902s][info][gc,heap        ] GC(838) Old regions: 193->196
[6457.902s][info][gc,heap        ] GC(838) Humongous regions: 33->33
[6457.902s][info][gc,metaspace   ] GC(838) Metaspace: 29977K(30144K)->29977K(30144K) NonClass: 29977K(30144K)->29977K(30144K) Class: 0K(0K)->0K(0K)
[6457.902s][info][gc             ] GC(838) Pause Young (Normal) (G1 Evacuation Pause) 7931M->2244M(10240M) 173.890ms
[6457.902s][info][gc,cpu         ] GC(838) User=1.37s Sys=0.00s Real=0.17s
....[6462.026s][info][gc,start       ] GC(839) Pause Young (Normal) (G1 Evacuation Pause)
[6462.026s][info][gc,task        ] GC(839) Using 8 workers of 8 for evacuation
[6462.191s][info][gc,phases      ] GC(839)   Pre Evacuate Collection Set: 0.29ms
[6462.191s][info][gc,phases      ] GC(839)   Merge Heap Roots: 0.57ms
[6462.191s][info][gc,phases      ] GC(839)   Evacuate Collection Set: 162.31ms
[6462.191s][info][gc,phases      ] GC(839)   Post Evacuate Collection Set: 1.31ms
[6462.191s][info][gc,phases      ] GC(839)   Other: 0.07ms
[6462.191s][info][gc,heap        ] GC(839) Eden regions: 713->0(717)
[6462.191s][info][gc,heap        ] GC(839) Survivor regions: 55->51(96)
[6462.191s][info][gc,heap        ] GC(839) Old regions: 196->199
[6462.191s][info][gc,heap        ] GC(839) Humongous regions: 33->33
[6462.191s][info][gc,metaspace   ] GC(839) Metaspace: 29977K(30144K)->29977K(30144K) NonClass: 29977K(30144K)->29977K(30144K) Class: 0K(0K)->0K(0K)
[6462.191s][info][gc             ] GC(839) Pause Young (Normal) (G1 Evacuation Pause) 7948M->2238M(10240M) 164.686ms
[6462.191s][info][gc,cpu         ] GC(839) User=1.29s Sys=0.01s Real=0.16s
.....[6466.399s][info][gc,start       ] GC(840) Pause Young (Normal) (G1 Evacuation Pause)
[6466.399s][info][gc,task        ] GC(840) Using 8 workers of 8 for evacuation
[6466.566s][info][gc,phases      ] GC(840)   Pre Evacuate Collection Set: 0.30ms
[6466.566s][info][gc,phases      ] GC(840)   Merge Heap Roots: 0.58ms
[6466.566s][info][gc,phases      ] GC(840)   Evacuate Collection Set: 164.76ms
[6466.566s][info][gc,phases      ] GC(840)   Post Evacuate Collection Set: 1.33ms
[6466.566s][info][gc,phases      ] GC(840)   Other: 0.06ms
[6466.566s][info][gc,heap        ] GC(840) Eden regions: 717->0(715)
[6466.566s][info][gc,heap        ] GC(840) Survivor regions: 51->53(96)
[6466.566s][info][gc,heap        ] GC(840) Old regions: 199->201
[6466.566s][info][gc,heap        ] GC(840) Humongous regions: 33->33
[6466.566s][info][gc,metaspace   ] GC(840) Metaspace: 29977K(30144K)->29977K(30144K) NonClass: 29977K(30144K)->29977K(30144K) Class: 0K(0K)->0K(0K)
[6466.566s][info][gc             ] GC(840) Pause Young (Normal) (G1 Evacuation Pause) 7974M->2275M(10240M) 167.194ms
[6466.566s][info][gc,cpu         ] GC(840) User=1.32s Sys=0.00s Real=0.17s
....[6470.712s][info][gc,start       ] GC(841) Pause Young (Normal) (G1 Evacuation Pause)
[6470.712s][info][gc,task        ] GC(841) Using 8 workers of 8 for evacuation
[6470.877s][info][gc,phases      ] GC(841)   Pre Evacuate Collection Set: 0.31ms
[6470.877s][info][gc,phases      ] GC(841)   Merge Heap Roots: 0.58ms
[6470.877s][info][gc,phases      ] GC(841)   Evacuate Collection Set: 162.68ms
[6470.877s][info][gc,phases      ] GC(841)   Post Evacuate Collection Set: 1.35ms
[6470.877s][info][gc,phases      ] GC(841)   Other: 0.08ms
[6470.877s][info][gc,heap        ] GC(841) Eden regions: 715->0(715)
[6470.877s][info][gc,heap        ] GC(841) Survivor regions: 53->53(96)
[6470.877s][info][gc,heap        ] GC(841) Old regions: 201->204
[6470.877s][info][gc,heap        ] GC(841) Humongous regions: 33->33
[6470.877s][info][gc,metaspace   ] GC(841) Metaspace: 29977K(30144K)->29977K(30144K) NonClass: 29977K(30144K)->29977K(30144K) Class: 0K(0K)->0K(0K)
[6470.877s][info][gc             ] GC(841) Pause Young (Normal) (G1 Evacuation Pause) 7995M->2292M(10240M) 165.130ms
[6470.877s][info][gc,cpu         ] GC(841) User=1.30s Sys=0.00s Real=0.17s
....[6474.943s][info][gc,start       ] GC(842) Pause Young (Normal) (G1 Evacuation Pause)
[6474.943s][info][gc,task        ] GC(842) Using 8 workers of 8 for evacuation
[6475.106s][info][gc,phases      ] GC(842)   Pre Evacuate Collection Set: 0.31ms
[6475.106s][info][gc,phases      ] GC(842)   Merge Heap Roots: 0.58ms
[6475.106s][info][gc,phases      ] GC(842)   Evacuate Collection Set: 161.09ms
[6475.106s][info][gc,phases      ] GC(842)   Post Evacuate Collection Set: 1.30ms
[6475.106s][info][gc,phases      ] GC(842)   Other: 0.06ms
[6475.106s][info][gc,heap        ] GC(842) Eden regions: 715->0(717)
[6475.106s][info][gc,heap        ] GC(842) Survivor regions: 53->51(96)
[6475.106s][info][gc,heap        ] GC(842) Old regions: 204->207
[6475.106s][info][gc,heap        ] GC(842) Humongous regions: 33->33
[6475.106s][info][gc,metaspace   ] GC(842) Metaspace: 29977K(30144K)->29977K(30144K) NonClass: 29977K(30144K)->29977K(30144K) Class: 0K(0K)->0K(0K)
[6475.106s][info][gc             ] GC(842) Pause Young (Normal) (G1 Evacuation Pause) 8012M->2298M(10240M) 163.465ms
[6475.106s][info][gc,cpu         ] GC(842) User=1.28s Sys=0.00s Real=0.17s
.....[6479.231s][info][gc,start       ] GC(843) Pause Young (Normal) (G1 Evacuation Pause)
[6479.231s][info][gc,task        ] GC(843) Using 8 workers of 8 for evacuation
[6479.396s][info][gc,phases      ] GC(843)   Pre Evacuate Collection Set: 0.32ms
[6479.396s][info][gc,phases      ] GC(843)   Merge Heap Roots: 0.59ms
[6479.396s][info][gc,phases      ] GC(843)   Evacuate Collection Set: 162.60ms
[6479.396s][info][gc,phases      ] GC(843)   Post Evacuate Collection Set: 1.29ms
[6479.396s][info][gc,phases      ] GC(843)   Other: 0.08ms
[6479.396s][info][gc,heap        ] GC(843) Eden regions: 717->0(717)
[6479.396s][info][gc,heap        ] GC(843) Survivor regions: 51->51(96)
[6479.396s][info][gc,heap        ] GC(843) Old regions: 207->209
[6479.396s][info][gc,heap        ] GC(843) Humongous regions: 33->33
[6479.396s][info][gc,metaspace   ] GC(843) Metaspace: 29977K(30144K)->29977K(30144K) NonClass: 29977K(30144K)->29977K(30144K) Class: 0K(0K)->0K(0K)
[6479.396s][info][gc             ] GC(843) Pause Young (Normal) (G1 Evacuation Pause) 8034M->2323M(10240M) 165.008ms
[6479.396s][info][gc,cpu         ] GC(843) User=1.30s Sys=0.00s Real=0.17s
....[6483.494s][info][gc,start       ] GC(844) Pause Young (Normal) (G1 Evacuation Pause)
[6483.494s][info][gc,task        ] GC(844) Using 8 workers of 8 for evacuation
[6483.659s][info][gc,phases      ] GC(844)   Pre Evacuate Collection Set: 0.30ms
[6483.659s][info][gc,phases      ] GC(844)   Merge Heap Roots: 0.60ms
[6483.659s][info][gc,phases      ] GC(844)   Evacuate Collection Set: 162.92ms
[6483.659s][info][gc,phases      ] GC(844)   Post Evacuate Collection Set: 1.31ms
[6483.659s][info][gc,phases      ] GC(844)   Other: 0.08ms
[6483.659s][info][gc,heap        ] GC(844) Eden regions: 717->0(715)
[6483.659s][info][gc,heap        ] GC(844) Survivor regions: 51->53(96)
[6483.659s][info][gc,heap        ] GC(844) Old regions: 209->212
[6483.659s][info][gc,heap        ] GC(844) Humongous regions: 33->33
[6483.659s][info][gc,metaspace   ] GC(844) Metaspace: 29977K(30144K)->29977K(30144K) NonClass: 29977K(30144K)->29977K(30144K) Class: 0K(0K)->0K(0K)
[6483.659s][info][gc             ] GC(844) Pause Young (Normal) (G1 Evacuation Pause) 8059M->2356M(10240M) 165.339ms
[6483.659s][info][gc,cpu         ] GC(844) User=1.30s Sys=0.00s Real=0.17s
....[6487.705s][info][gc,start       ] GC(845) Pause Young (Normal) (G1 Evacuation Pause)
[6487.705s][info][gc,task        ] GC(845) Using 8 workers of 8 for evacuation
[6487.875s][info][gc,phases      ] GC(845)   Pre Evacuate Collection Set: 0.29ms
[6487.875s][info][gc,phases      ] GC(845)   Merge Heap Roots: 0.59ms
[6487.875s][info][gc,phases      ] GC(845)   Evacuate Collection Set: 167.44ms
[6487.875s][info][gc,phases      ] GC(845)   Post Evacuate Collection Set: 1.33ms
[6487.875s][info][gc,phases      ] GC(845)   Other: 0.08ms
[6487.875s][info][gc,heap        ] GC(845) Eden regions: 715->0(715)
[6487.875s][info][gc,heap        ] GC(845) Survivor regions: 53->53(96)
[6487.875s][info][gc,heap        ] GC(845) Old regions: 212->215
[6487.875s][info][gc,heap        ] GC(845) Humongous regions: 33->33
[6487.875s][info][gc,metaspace   ] GC(845) Metaspace: 29977K(30144K)->29977K(30144K) NonClass: 29977K(30144K)->29977K(30144K) Class: 0K(0K)->0K(0K)
[6487.875s][info][gc             ] GC(845) Pause Young (Normal) (G1 Evacuation Pause) 8076M->2382M(10240M) 169.874ms
[6487.875s][info][gc,cpu         ] GC(845) User=1.34s Sys=0.00s Real=0.17s
....[6491.987s][info][gc,start       ] GC(846) Pause Young (Normal) (G1 Evacuation Pause)
[6491.987s][info][gc,task        ] GC(846) Using 8 workers of 8 for evacuation
[6492.149s][info][gc,phases      ] GC(846)   Pre Evacuate Collection Set: 0.29ms
[6492.149s][info][gc,phases      ] GC(846)   Merge Heap Roots: 0.58ms
[6492.149s][info][gc,phases      ] GC(846)   Evacuate Collection Set: 159.36ms
[6492.149s][info][gc,phases      ] GC(846)   Post Evacuate Collection Set: 1.30ms
[6492.149s][info][gc,phases      ] GC(846)   Other: 0.06ms
[6492.149s][info][gc,heap        ] GC(846) Eden regions: 715->0(717)
[6492.149s][info][gc,heap        ] GC(846) Survivor regions: 53->51(96)
[6492.149s][info][gc,heap        ] GC(846) Old regions: 215->218
[6492.149s][info][gc,heap        ] GC(846) Humongous regions: 33->33
[6492.149s][info][gc,metaspace   ] GC(846) Metaspace: 29977K(30144K)->29977K(30144K) NonClass: 29977K(30144K)->29977K(30144K) Class: 0K(0K)->0K(0K)
[6492.149s][info][gc             ] GC(846) Pause Young (Normal) (G1 Evacuation Pause) 8102M->2389M(10240M) 161.750ms
[6492.149s][info][gc,cpu         ] GC(846) User=1.28s Sys=0.00s Real=0.16s
.....[6496.400s][info][gc,start       ] GC(847) Pause Young (Normal) (G1 Evacuation Pause)
[6496.400s][info][gc,task        ] GC(847) Using 8 workers of 8 for evacuation
[6496.565s][info][gc,phases      ] GC(847)   Pre Evacuate Collection Set: 0.30ms
[6496.565s][info][gc,phases      ] GC(847)   Merge Heap Roots: 0.59ms
[6496.565s][info][gc,phases      ] GC(847)   Evacuate Collection Set: 162.80ms
[6496.565s][info][gc,phases      ] GC(847)   Post Evacuate Collection Set: 1.30ms
[6496.565s][info][gc,phases      ] GC(847)   Other: 0.06ms
[6496.565s][info][gc,heap        ] GC(847) Eden regions: 717->0(716)
[6496.565s][info][gc,heap        ] GC(847) Survivor regions: 51->52(96)
[6496.565s][info][gc,heap        ] GC(847) Old regions: 218->220
[6496.565s][info][gc,heap        ] GC(847) Humongous regions: 33->33
[6496.565s][info][gc,metaspace   ] GC(847) Metaspace: 29977K(30144K)->29977K(30144K) NonClass: 29977K(30144K)->29977K(30144K) Class: 0K(0K)->0K(0K)
[6496.565s][info][gc             ] GC(847) Pause Young (Normal) (G1 Evacuation Pause) 8125M->2419M(10240M) 165.201ms
[6496.565s][info][gc,cpu         ] GC(847) User=1.30s Sys=0.00s Real=0.16s
.... (rIR:aIR:PR = 11208:11221:11221) (tPR = 166474) [OK] 
  6500s: Performance info:
         Transaction,    Success,    Partial,     Failed,   Receipts, AvgBarcode, 
             Overall,     675030,          0,          0,     641378,      59.47, 
         Response times:
             Request,    Success,    Partial,     Failed,   SkipFail,     Probes,    Samples,      min,      p50,      p90,      p95,      p99,      max, 
       TotalPurchase,     641371,          0,          0,          0,     354612,     415226,      300,    10100,    64000,   106000,   182000,  1100000,
     InStorePurchase,     337858,          0,          0,          0,     186701,     218573,      300,    10000,    65000,   106000,   180000,  1100000,
      OnlinePurchase,     236705,          0,          0,          0,     130786,     152856,      300,    10200,    64000,   106000,   180000,  1100000,
        InstPurchase,      66808,          0,          0,          0,      37125,      43797,      500,    10100,    64000,   111000,   203000,   880000,
          AssocOfCat,        669,          0,          0,          0,        563,        773,    35000,    68000,   141600,   194300,   257260,  1100000,
      AssocOfProduct,       6693,          0,          0,          0,       3972,       4825,      600,    10600,    64000,    97000,   174000,   880000,
      BusinessReport,       1689,          0,          0,          0,       1509,       1906,    35000,    70000,   143000,   180000,   241000,   384000,
          CustBuyBeh,       6831,          0,          0,          0,       4003,       4977,      300,     9700,    66000,   104000,   176000,   880000,
       ProductReturn,      17782,          0,          0,          0,      10195,      12284,      200,     9800,    60000,   107000,   189000,   930000,

  6500s: (82%)   IR =  11346 [6500.673s][info][gc,start       ] GC(848) Pause Young (Normal) (G1 Evacuation Pause)
[6500.673s][info][gc,task        ] GC(848) Using 8 workers of 8 for evacuation
[6500.840s][info][gc,phases      ] GC(848)   Pre Evacuate Collection Set: 0.29ms
[6500.840s][info][gc,phases      ] GC(848)   Merge Heap Roots: 0.59ms
[6500.840s][info][gc,phases      ] GC(848)   Evacuate Collection Set: 164.44ms
[6500.840s][info][gc,phases      ] GC(848)   Post Evacuate Collection Set: 1.33ms
[6500.840s][info][gc,phases      ] GC(848)   Other: 0.06ms
[6500.840s][info][gc,heap        ] GC(848) Eden regions: 716->0(717)
[6500.840s][info][gc,heap        ] GC(848) Survivor regions: 52->51(96)
[6500.840s][info][gc,heap        ] GC(848) Old regions: 220->223
[6500.840s][info][gc,heap        ] GC(848) Humongous regions: 33->33
[6500.840s][info][gc,metaspace   ] GC(848) Metaspace: 29977K(30144K)->29977K(30144K) NonClass: 29977K(30144K)->29977K(30144K) Class: 0K(0K)->0K(0K)
[6500.840s][info][gc             ] GC(848) Pause Young (Normal) (G1 Evacuation Pause) 8147M->2434M(10240M) 166.851ms
[6500.840s][info][gc,cpu         ] GC(848) User=1.31s Sys=0.00s Real=0.17s
....[6504.990s][info][gc,start       ] GC(849) Pause Young (Normal) (G1 Evacuation Pause)
[6504.990s][info][gc,task        ] GC(849) Using 8 workers of 8 for evacuation
[6505.151s][info][gc,phases      ] GC(849)   Pre Evacuate Collection Set: 0.29ms
[6505.151s][info][gc,phases      ] GC(849)   Merge Heap Roots: 0.58ms
[6505.151s][info][gc,phases      ] GC(849)   Evacuate Collection Set: 159.08ms
[6505.151s][info][gc,phases      ] GC(849)   Post Evacuate Collection Set: 1.34ms
[6505.151s][info][gc,phases      ] GC(849)   Other: 0.07ms
[6505.151s][info][gc,heap        ] GC(849) Eden regions: 717->0(717)
[6505.151s][info][gc,heap        ] GC(849) Survivor regions: 51->51(96)
[6505.152s][info][gc,heap        ] GC(849) Old regions: 223->226
[6505.152s][info][gc,heap        ] GC(849) Humongous regions: 33->33
[6505.152s][info][gc,metaspace   ] GC(849) Metaspace: 29977K(30144K)->29977K(30144K) NonClass: 29977K(30144K)->29977K(30144K) Class: 0K(0K)->0K(0K)
[6505.152s][info][gc             ] GC(849) Pause Young (Normal) (G1 Evacuation Pause) 8170M->2451M(10240M) 161.508ms
[6505.152s][info][gc,cpu         ] GC(849) User=1.26s Sys=0.00s Real=0.16s
....[6509.200s][info][gc,start       ] GC(850) Pause Young (Normal) (G1 Evacuation Pause)
[6509.200s][info][gc,task        ] GC(850) Using 8 workers of 8 for evacuation
[6509.368s][info][gc,phases      ] GC(850)   Pre Evacuate Collection Set: 0.29ms
[6509.368s][info][gc,phases      ] GC(850)   Merge Heap Roots: 0.65ms
[6509.368s][info][gc,phases      ] GC(850)   Evacuate Collection Set: 165.67ms
[6509.368s][info][gc,phases      ] GC(850)   Post Evacuate Collection Set: 1.35ms
[6509.368s][info][gc,phases      ] GC(850)   Other: 0.08ms
[6509.368s][info][gc,heap        ] GC(850) Eden regions: 717->0(715)
[6509.368s][info][gc,heap        ] GC(850) Survivor regions: 51->53(96)
[6509.368s][info][gc,heap        ] GC(850) Old regions: 226->229
[6509.368s][info][gc,heap        ] GC(850) Humongous regions: 33->33
[6509.368s][info][gc,metaspace   ] GC(850) Metaspace: 29977K(30144K)->29977K(30144K) NonClass: 29977K(30144K)->29977K(30144K) Class: 0K(0K)->0K(0K)
[6509.368s][info][gc             ] GC(850) Pause Young (Normal) (G1 Evacuation Pause) 8187M->2490M(10240M) 168.180ms
[6509.368s][info][gc,cpu         ] GC(850) User=1.32s Sys=0.00s Real=0.17s
....[6513.395s][info][gc,start       ] GC(851) Pause Young (Normal) (G1 Evacuation Pause)
[6513.395s][info][gc,task        ] GC(851) Using 8 workers of 8 for evacuation
[6513.561s][info][gc,phases      ] GC(851)   Pre Evacuate Collection Set: 0.31ms
[6513.561s][info][gc,phases      ] GC(851)   Merge Heap Roots: 0.58ms
[6513.561s][info][gc,phases      ] GC(851)   Evacuate Collection Set: 163.78ms
[6513.561s][info][gc,phases      ] GC(851)   Post Evacuate Collection Set: 1.32ms
[6513.561s][info][gc,phases      ] GC(851)   Other: 0.08ms
[6513.561s][info][gc,heap        ] GC(851) Eden regions: 715->0(716)
[6513.561s][info][gc,heap        ] GC(851) Survivor regions: 53->52(96)
[6513.561s][info][gc,heap        ] GC(851) Old regions: 229->231
[6513.561s][info][gc,heap        ] GC(851) Humongous regions: 33->33
[6513.561s][info][gc,metaspace   ] GC(851) Metaspace: 29977K(30144K)->29977K(30144K) NonClass: 29977K(30144K)->29977K(30144K) Class: 0K(0K)->0K(0K)
[6513.561s][info][gc             ] GC(851) Pause Young (Normal) (G1 Evacuation Pause) 8210M->2507M(10240M) 166.208ms
[6513.561s][info][gc,cpu         ] GC(851) User=1.30s Sys=0.00s Real=0.17s
....|.[6517.768s][info][gc,start       ] GC(852) Pause Young (Normal) (G1 Evacuation Pause)
[6517.768s][info][gc,task        ] GC(852) Using 8 workers of 8 for evacuation
[6517.940s][info][gc,phases      ] GC(852)   Pre Evacuate Collection Set: 0.30ms
[6517.940s][info][gc,phases      ] GC(852)   Merge Heap Roots: 0.60ms
[6517.940s][info][gc,phases      ] GC(852)   Evacuate Collection Set: 169.89ms
[6517.940s][info][gc,phases      ] GC(852)   Post Evacuate Collection Set: 1.37ms
[6517.940s][info][gc,phases      ] GC(852)   Other: 0.06ms
[6517.940s][info][gc,heap        ] GC(852) Eden regions: 716->0(714)
[6517.940s][info][gc,heap        ] GC(852) Survivor regions: 52->54(96)
[6517.940s][info][gc,heap        ] GC(852) Old regions: 231->234
[6517.940s][info][gc,heap        ] GC(852) Humongous regions: 33->33
[6517.940s][info][gc,metaspace   ] GC(852) Metaspace: 29977K(30144K)->29977K(30144K) NonClass: 29977K(30144K)->29977K(30144K) Class: 0K(0K)->0K(0K)
[6517.940s][info][gc             ] GC(852) Pause Young (Normal) (G1 Evacuation Pause) 8235M->2540M(10240M) 172.353ms
[6517.940s][info][gc,cpu         ] GC(852) User=1.35s Sys=0.00s Real=0.17s
....[6521.939s][info][gc,start       ] GC(853) Pause Young (Normal) (G1 Evacuation Pause)
[6521.939s][info][gc,task        ] GC(853) Using 8 workers of 8 for evacuation
[6522.111s][info][gc,phases      ] GC(853)   Pre Evacuate Collection Set: 0.29ms
[6522.111s][info][gc,phases      ] GC(853)   Merge Heap Roots: 0.60ms
[6522.111s][info][gc,phases      ] GC(853)   Evacuate Collection Set: 169.34ms
[6522.111s][info][gc,phases      ] GC(853)   Post Evacuate Collection Set: 1.33ms
[6522.111s][info][gc,phases      ] GC(853)   Other: 0.07ms
[6522.111s][info][gc,heap        ] GC(853) Eden regions: 714->0(715)
[6522.111s][info][gc,heap        ] GC(853) Survivor regions: 54->53(96)
[6522.111s][info][gc,heap        ] GC(853) Old regions: 234->237
[6522.111s][info][gc,heap        ] GC(853) Humongous regions: 33->33
[6522.111s][info][gc,metaspace   ] GC(853) Metaspace: 29977K(30144K)->29977K(30144K) NonClass: 29977K(30144K)->29977K(30144K) Class: 0K(0K)->0K(0K)
[6522.111s][info][gc             ] GC(853) Pause Young (Normal) (G1 Evacuation Pause) 8252M->2555M(10240M) 171.775ms
[6522.111s][info][gc,cpu         ] GC(853) User=1.35s Sys=0.00s Real=0.17s
....[6526.143s][info][gc,start       ] GC(854) Pause Young (Normal) (G1 Evacuation Pause)
[6526.143s][info][gc,task        ] GC(854) Using 8 workers of 8 for evacuation
[6526.316s][info][gc,phases      ] GC(854)   Pre Evacuate Collection Set: 0.27ms
[6526.316s][info][gc,phases      ] GC(854)   Merge Heap Roots: 0.59ms
[6526.316s][info][gc,phases      ] GC(854)   Evacuate Collection Set: 171.01ms
[6526.316s][info][gc,phases      ] GC(854)   Post Evacuate Collection Set: 1.34ms
[6526.316s][info][gc,phases      ] GC(854)   Other: 0.06ms
[6526.316s][info][gc,heap        ] GC(854) Eden regions: 715->0(714)
[6526.316s][info][gc,heap        ] GC(854) Survivor regions: 53->54(96)
[6526.316s][info][gc,heap        ] GC(854) Old regions: 237->240
[6526.316s][info][gc,heap        ] GC(854) Humongous regions: 33->33
[6526.316s][info][gc,metaspace   ] GC(854) Metaspace: 29977K(30144K)->29977K(30144K) NonClass: 29977K(30144K)->29977K(30144K) Class: 0K(0K)->0K(0K)
[6526.316s][info][gc             ] GC(854) Pause Young (Normal) (G1 Evacuation Pause) 8275M->2584M(10240M) 173.427ms
[6526.316s][info][gc,cpu         ] GC(854) User=1.36s Sys=0.01s Real=0.18s
....[6530.243s][info][gc,start       ] GC(855) Pause Young (Normal) (G1 Evacuation Pause)
[6530.243s][info][gc,task        ] GC(855) Using 8 workers of 8 for evacuation
[6530.410s][info][gc,phases      ] GC(855)   Pre Evacuate Collection Set: 0.28ms
[6530.410s][info][gc,phases      ] GC(855)   Merge Heap Roots: 0.58ms
[6530.410s][info][gc,phases      ] GC(855)   Evacuate Collection Set: 164.57ms
[6530.410s][info][gc,phases      ] GC(855)   Post Evacuate Collection Set: 1.32ms
[6530.410s][info][gc,phases      ] GC(855)   Other: 0.07ms
[6530.410s][info][gc,heap        ] GC(855) Eden regions: 714->0(715)
[6530.410s][info][gc,heap        ] GC(855) Survivor regions: 54->53(96)
[6530.410s][info][gc,heap        ] GC(855) Old regions: 240->242
[6530.410s][info][gc,heap        ] GC(855) Humongous regions: 33->33
[6530.410s][info][gc,metaspace   ] GC(855) Metaspace: 29977K(30144K)->29977K(30144K) NonClass: 29977K(30144K)->29977K(30144K) Class: 0K(0K)->0K(0K)
[6530.410s][info][gc             ] GC(855) Pause Young (Normal) (G1 Evacuation Pause) 8296M->2599M(10240M) 166.961ms
[6530.410s][info][gc,cpu         ] GC(855) User=1.31s Sys=0.00s Real=0.17s
....[6534.531s][info][gc,start       ] GC(856) Pause Young (Normal) (G1 Evacuation Pause)
[6534.531s][info][gc,task        ] GC(856) Using 8 workers of 8 for evacuation
[6534.695s][info][gc,phases      ] GC(856)   Pre Evacuate Collection Set: 0.32ms
[6534.695s][info][gc,phases      ] GC(856)   Merge Heap Roots: 0.60ms
[6534.695s][info][gc,phases      ] GC(856)   Evacuate Collection Set: 162.24ms
[6534.695s][info][gc,phases      ] GC(856)   Post Evacuate Collection Set: 1.36ms
[6534.695s][info][gc,phases      ] GC(856)   Other: 0.07ms
[6534.695s][info][gc,heap        ] GC(856) Eden regions: 715->0(716)
[6534.695s][info][gc,heap        ] GC(856) Survivor regions: 53->52(96)
[6534.695s][info][gc,heap        ] GC(856) Old regions: 242->245
[6534.695s][info][gc,heap        ] GC(856) Humongous regions: 33->33
[6534.695s][info][gc,metaspace   ] GC(856) Metaspace: 29977K(30144K)->29977K(30144K) NonClass: 29977K(30144K)->29977K(30144K) Class: 0K(0K)->0K(0K)
[6534.695s][info][gc             ] GC(856) Pause Young (Normal) (G1 Evacuation Pause) 8319M->2616M(10240M) 164.736ms
[6534.695s][info][gc,cpu         ] GC(856) User=1.29s Sys=0.00s Real=0.16s
.....[6538.713s][info][gc,start       ] GC(857) Pause Young (Normal) (G1 Evacuation Pause)
[6538.713s][info][gc,task        ] GC(857) Using 8 workers of 8 for evacuation
[6538.884s][info][gc,phases      ] GC(857)   Pre Evacuate Collection Set: 0.32ms
[6538.884s][info][gc,phases      ] GC(857)   Merge Heap Roots: 0.58ms
[6538.884s][info][gc,phases      ] GC(857)   Evacuate Collection Set: 168.85ms
[6538.884s][info][gc,phases      ] GC(857)   Post Evacuate Collection Set: 1.31ms
[6538.884s][info][gc,phases      ] GC(857)   Other: 0.09ms
[6538.884s][info][gc,heap        ] GC(857) Eden regions: 716->0(713)
[6538.884s][info][gc,heap        ] GC(857) Survivor regions: 52->55(96)
[6538.884s][info][gc,heap        ] GC(857) Old regions: 245->248
[6538.884s][info][gc,heap        ] GC(857) Humongous regions: 33->33
[6538.884s][info][gc,metaspace   ] GC(857) Metaspace: 29977K(30144K)->29977K(30144K) NonClass: 29977K(30144K)->29977K(30144K) Class: 0K(0K)->0K(0K)
[6538.884s][info][gc             ] GC(857) Pause Young (Normal) (G1 Evacuation Pause) 8344M->2657M(10240M) 171.278ms
[6538.884s][info][gc,cpu         ] GC(857) User=1.35s Sys=0.00s Real=0.17s
....[6542.968s][info][gc,start       ] GC(858) Pause Young (Normal) (G1 Evacuation Pause)
[6542.968s][info][gc,task        ] GC(858) Using 8 workers of 8 for evacuation
[6543.134s][info][gc,phases      ] GC(858)   Pre Evacuate Collection Set: 0.30ms
[6543.134s][info][gc,phases      ] GC(858)   Merge Heap Roots: 0.58ms
[6543.134s][info][gc,phases      ] GC(858)   Evacuate Collection Set: 163.96ms
[6543.134s][info][gc,phases      ] GC(858)   Post Evacuate Collection Set: 1.33ms
[6543.134s][info][gc,phases      ] GC(858)   Other: 0.07ms
[6543.134s][info][gc,heap        ] GC(858) Eden regions: 713->0(716)
[6543.134s][info][gc,heap        ] GC(858) Survivor regions: 55->52(96)
[6543.134s][info][gc,heap        ] GC(858) Old regions: 248->250
[6543.134s][info][gc,heap        ] GC(858) Humongous regions: 33->33
[6543.135s][info][gc,metaspace   ] GC(858) Metaspace: 29977K(30144K)->29977K(30144K) NonClass: 29977K(30144K)->29977K(30144K) Class: 0K(0K)->0K(0K)
[6543.135s][info][gc             ] GC(858) Pause Young (Normal) (G1 Evacuation Pause) 8361M->2659M(10240M) 166.387ms
[6543.135s][info][gc,cpu         ] GC(858) User=1.31s Sys=0.01s Real=0.16s
....[6547.199s][info][gc,start       ] GC(859) Pause Young (Normal) (G1 Evacuation Pause)
[6547.199s][info][gc,task        ] GC(859) Using 8 workers of 8 for evacuation
[6547.363s][info][gc,phases      ] GC(859)   Pre Evacuate Collection Set: 0.30ms
[6547.363s][info][gc,phases      ] GC(859)   Merge Heap Roots: 0.59ms
[6547.363s][info][gc,phases      ] GC(859)   Evacuate Collection Set: 161.55ms
[6547.363s][info][gc,phases      ] GC(859)   Post Evacuate Collection Set: 1.35ms
[6547.363s][info][gc,phases      ] GC(859)   Other: 0.07ms
[6547.363s][info][gc,heap        ] GC(859) Eden regions: 716->0(716)
[6547.363s][info][gc,heap        ] GC(859) Survivor regions: 52->52(96)
[6547.363s][info][gc,heap        ] GC(859) Old regions: 250->253
[6547.363s][info][gc,heap        ] GC(859) Humongous regions: 33->33
[6547.363s][info][gc,metaspace   ] GC(859) Metaspace: 29977K(30144K)->29977K(30144K) NonClass: 29977K(30144K)->29977K(30144K) Class: 0K(0K)->0K(0K)
[6547.363s][info][gc             ] GC(859) Pause Young (Normal) (G1 Evacuation Pause) 8387M->2677M(10240M) 163.989ms
[6547.363s][info][gc,cpu         ] GC(859) User=1.30s Sys=0.00s Real=0.16s
....[6551.571s][info][gc,start       ] GC(860) Pause Young (Normal) (G1 Evacuation Pause)
[6551.571s][info][gc,task        ] GC(860) Using 8 workers of 8 for evacuation
[6551.741s][info][gc,phases      ] GC(860)   Pre Evacuate Collection Set: 0.30ms
[6551.741s][info][gc,phases      ] GC(860)   Merge Heap Roots: 0.58ms
[6551.741s][info][gc,phases      ] GC(860)   Evacuate Collection Set: 167.61ms
[6551.741s][info][gc,phases      ] GC(860)   Post Evacuate Collection Set: 1.33ms
[6551.741s][info][gc,phases      ] GC(860)   Other: 0.06ms
[6551.741s][info][gc,heap        ] GC(860) Eden regions: 716->0(715)
[6551.741s][info][gc,heap        ] GC(860) Survivor regions: 52->53(96)
[6551.741s][info][gc,heap        ] GC(860) Old regions: 253->256
[6551.741s][info][gc,heap        ] GC(860) Humongous regions: 33->33
[6551.741s][info][gc,metaspace   ] GC(860) Metaspace: 29977K(30144K)->29977K(30144K) NonClass: 29977K(30144K)->29977K(30144K) Class: 0K(0K)->0K(0K)
[6551.741s][info][gc             ] GC(860) Pause Young (Normal) (G1 Evacuation Pause) 8405M->2711M(10240M) 170.025ms
[6551.741s][info][gc,cpu         ] GC(860) User=1.34s Sys=0.00s Real=0.17s
.....[6555.797s][info][gc,start       ] GC(861) Pause Young (Normal) (G1 Evacuation Pause)
[6555.797s][info][gc,task        ] GC(861) Using 8 workers of 8 for evacuation
[6555.966s][info][gc,phases      ] GC(861)   Pre Evacuate Collection Set: 0.31ms
[6555.966s][info][gc,phases      ] GC(861)   Merge Heap Roots: 0.68ms
[6555.966s][info][gc,phases      ] GC(861)   Evacuate Collection Set: 167.38ms
[6555.966s][info][gc,phases      ] GC(861)   Post Evacuate Collection Set: 1.36ms
[6555.966s][info][gc,phases      ] GC(861)   Other: 0.06ms
[6555.966s][info][gc,heap        ] GC(861) Eden regions: 715->0(714)
[6555.966s][info][gc,heap        ] GC(861) Survivor regions: 53->54(96)
[6555.966s][info][gc,heap        ] GC(861) Old regions: 256->259
[6555.966s][info][gc,heap        ] GC(861) Humongous regions: 33->33
[6555.966s][info][gc,metaspace   ] GC(861) Metaspace: 29977K(30144K)->29977K(30144K) NonClass: 29977K(30144K)->29977K(30144K) Class: 0K(0K)->0K(0K)
[6555.966s][info][gc             ] GC(861) Pause Young (Normal) (G1 Evacuation Pause) 8431M->2738M(10240M) 169.934ms
[6555.967s][info][gc,cpu         ] GC(861) User=1.34s Sys=0.00s Real=0.17s
....[6560.145s][info][gc,start       ] GC(862) Pause Young (Normal) (G1 Evacuation Pause)
[6560.145s][info][gc,task        ] GC(862) Using 8 workers of 8 for evacuation
[6560.309s][info][gc,phases      ] GC(862)   Pre Evacuate Collection Set: 0.32ms
[6560.309s][info][gc,phases      ] GC(862)   Merge Heap Roots: 0.60ms
[6560.309s][info][gc,phases      ] GC(862)   Evacuate Collection Set: 161.64ms
[6560.309s][info][gc,phases      ] GC(862)   Post Evacuate Collection Set: 1.31ms
[6560.309s][info][gc,phases      ] GC(862)   Other: 0.07ms
[6560.309s][info][gc,heap        ] GC(862) Eden regions: 714->0(717)
[6560.309s][info][gc,heap        ] GC(862) Survivor regions: 54->51(96)
[6560.309s][info][gc,heap        ] GC(862) Old regions: 259->262
[6560.309s][info][gc,heap        ] GC(862) Humongous regions: 33->33
[6560.309s][info][gc,metaspace   ] GC(862) Metaspace: 29977K(30144K)->29977K(30144K) NonClass: 29977K(30144K)->29977K(30144K) Class: 0K(0K)->0K(0K)
[6560.309s][info][gc             ] GC(862) Pause Young (Normal) (G1 Evacuation Pause) 8450M->2740M(10240M) 164.076ms
[6560.309s][info][gc,cpu         ] GC(862) User=1.29s Sys=0.00s Real=0.17s
....[6564.408s][info][gc,start       ] GC(863) Pause Young (Normal) (G1 Evacuation Pause)
[6564.408s][info][gc,task        ] GC(863) Using 8 workers of 8 for evacuation
[6564.573s][info][gc,phases      ] GC(863)   Pre Evacuate Collection Set: 0.32ms
[6564.573s][info][gc,phases      ] GC(863)   Merge Heap Roots: 0.58ms
[6564.573s][info][gc,phases      ] GC(863)   Evacuate Collection Set: 162.45ms
[6564.573s][info][gc,phases      ] GC(863)   Post Evacuate Collection Set: 1.30ms
[6564.573s][info][gc,phases      ] GC(863)   Other: 0.06ms
[6564.573s][info][gc,heap        ] GC(863) Eden regions: 717->0(716)
[6564.573s][info][gc,heap        ] GC(863) Survivor regions: 51->52(96)
[6564.573s][info][gc,heap        ] GC(863) Old regions: 262->264
[6564.573s][info][gc,heap        ] GC(863) Humongous regions: 33->33
[6564.573s][info][gc,metaspace   ] GC(863) Metaspace: 29977K(30144K)->29977K(30144K) NonClass: 29977K(30144K)->29977K(30144K) Class: 0K(0K)->0K(0K)
[6564.573s][info][gc             ] GC(863) Pause Young (Normal) (G1 Evacuation Pause) 8476M->2766M(10240M) 164.851ms
[6564.573s][info][gc,cpu         ] GC(863) User=1.30s Sys=0.00s Real=0.16s
....[6568.650s][info][gc,start       ] GC(864) Pause Young (Normal) (G1 Evacuation Pause)
[6568.650s][info][gc,task        ] GC(864) Using 8 workers of 8 for evacuation
[6568.817s][info][gc,phases      ] GC(864)   Pre Evacuate Collection Set: 0.28ms
[6568.817s][info][gc,phases      ] GC(864)   Merge Heap Roots: 0.61ms
[6568.817s][info][gc,phases      ] GC(864)   Evacuate Collection Set: 165.23ms
[6568.817s][info][gc,phases      ] GC(864)   Post Evacuate Collection Set: 1.32ms
[6568.817s][info][gc,phases      ] GC(864)   Other: 0.06ms
[6568.817s][info][gc,heap        ] GC(864) Eden regions: 716->0(715)
[6568.818s][info][gc,heap        ] GC(864) Survivor regions: 52->53(96)
[6568.818s][info][gc,heap        ] GC(864) Old regions: 264->267
[6568.818s][info][gc,heap        ] GC(864) Humongous regions: 33->33
[6568.818s][info][gc,metaspace   ] GC(864) Metaspace: 29977K(30144K)->29977K(30144K) NonClass: 29977K(30144K)->29977K(30144K) Class: 0K(0K)->0K(0K)
[6568.818s][info][gc             ] GC(864) Pause Young (Normal) (G1 Evacuation Pause) 8494M->2799M(10240M) 167.637ms
[6568.818s][info][gc,cpu         ] GC(864) User=1.32s Sys=0.00s Real=0.17s
.....[6572.900s][info][gc,start       ] GC(865) Pause Young (Normal) (G1 Evacuation Pause)
[6572.900s][info][gc,task        ] GC(865) Using 8 workers of 8 for evacuation
[6573.072s][info][gc,phases      ] GC(865)   Pre Evacuate Collection Set: 0.28ms
[6573.072s][info][gc,phases      ] GC(865)   Merge Heap Roots: 0.58ms
[6573.072s][info][gc,phases      ] GC(865)   Evacuate Collection Set: 169.59ms
[6573.072s][info][gc,phases      ] GC(865)   Post Evacuate Collection Set: 1.31ms
[6573.072s][info][gc,phases      ] GC(865)   Other: 0.06ms
[6573.072s][info][gc,heap        ] GC(865) Eden regions: 715->0(715)
[6573.072s][info][gc,heap        ] GC(865) Survivor regions: 53->53(96)
[6573.072s][info][gc,heap        ] GC(865) Old regions: 267->270
[6573.072s][info][gc,heap        ] GC(865) Humongous regions: 33->33
[6573.072s][info][gc,metaspace   ] GC(865) Metaspace: 29977K(30144K)->29977K(30144K) NonClass: 29977K(30144K)->29977K(30144K) Class: 0K(0K)->0K(0K)
[6573.072s][info][gc             ] GC(865) Pause Young (Normal) (G1 Evacuation Pause) 8519M->2821M(10240M) 171.968ms
[6573.072s][info][gc,cpu         ] GC(865) User=1.36s Sys=0.00s Real=0.17s
.... (rIR:aIR:PR = 11346:11310:11310) (tPR = 167977) [OK] 
  6576s: Performance info:
         Transaction,    Success,    Partial,     Failed,   Receipts, AvgBarcode, 
             Overall,     681570,          0,          0,     647025,      59.48, 
         Response times:
             Request,    Success,    Partial,     Failed,   SkipFail,     Probes,    Samples,      min,      p50,      p90,      p95,      p99,      max, 
       TotalPurchase,     647024,          0,          0,          0,     357658,     461117,      300,    10400,    60000,   104000,   179000,  1700000,
     InStorePurchase,     340644,          0,          0,          0,     187843,     241757,      300,    10300,    60000,   103000,   180000,  1700000,
      OnlinePurchase,     237272,          0,          0,          0,     131706,     169842,      300,    10500,    59000,   104000,   176000,  1700000,
        InstPurchase,      69108,          0,          0,          0,      38109,      49518,      500,    10500,    61000,   110000,   185000,  1700000,
          AssocOfCat,        683,          0,          0,          0,        570,        841,    32000,    65000,   111000,   145900,   246900,   465000,
      AssocOfProduct,       6821,          0,          0,          0,       4051,       5501,      900,    10800,    62000,   101000,   186860,   710000,
      BusinessReport,       1709,          0,          0,          0,       1552,       2142,    32000,    73000,   141000,   182000,   247140,   670000,
          CustBuyBeh,       6855,          0,          0,          0,       4129,       5599,      300,    10700,    61000,    98000,   180000,   730000,
       ProductReturn,      18476,          0,          0,          0,       9142,      12151,      300,    10700,    59000,   106000,   192000,   730000,

  6576s: (83%)   IR =  11485 [6577.025s][info][gc,start       ] GC(866) Pause Young (Normal) (G1 Evacuation Pause)
[6577.025s][info][gc,task        ] GC(866) Using 8 workers of 8 for evacuation
[6577.193s][info][gc,phases      ] GC(866)   Pre Evacuate Collection Set: 0.29ms
[6577.193s][info][gc,phases      ] GC(866)   Merge Heap Roots: 0.60ms
[6577.193s][info][gc,phases      ] GC(866)   Evacuate Collection Set: 165.26ms
[6577.193s][info][gc,phases      ] GC(866)   Post Evacuate Collection Set: 1.41ms
[6577.193s][info][gc,phases      ] GC(866)   Other: 0.08ms
[6577.193s][info][gc,heap        ] GC(866) Eden regions: 715->0(715)
[6577.193s][info][gc,heap        ] GC(866) Survivor regions: 53->53(96)
[6577.193s][info][gc,heap        ] GC(866) Old regions: 270->272
[6577.193s][info][gc,heap        ] GC(866) Humongous regions: 33->33
[6577.193s][info][gc,metaspace   ] GC(866) Metaspace: 29977K(30144K)->29977K(30144K) NonClass: 29977K(30144K)->29977K(30144K) Class: 0K(0K)->0K(0K)
[6577.193s][info][gc             ] GC(866) Pause Young (Normal) (G1 Evacuation Pause) 8541M->2839M(10240M) 167.776ms
[6577.193s][info][gc,cpu         ] GC(866) User=1.32s Sys=0.00s Real=0.17s
....[6581.154s][info][gc,start       ] GC(867) Pause Young (Normal) (G1 Evacuation Pause)
[6581.154s][info][gc,task        ] GC(867) Using 8 workers of 8 for evacuation
[6581.320s][info][gc,phases      ] GC(867)   Pre Evacuate Collection Set: 0.31ms
[6581.320s][info][gc,phases      ] GC(867)   Merge Heap Roots: 0.59ms
[6581.320s][info][gc,phases      ] GC(867)   Evacuate Collection Set: 163.20ms
[6581.320s][info][gc,phases      ] GC(867)   Post Evacuate Collection Set: 1.32ms
[6581.320s][info][gc,phases      ] GC(867)   Other: 0.07ms
[6581.320s][info][gc,heap        ] GC(867) Eden regions: 715->0(716)
[6581.320s][info][gc,heap        ] GC(867) Survivor regions: 53->52(96)
[6581.320s][info][gc,heap        ] GC(867) Old regions: 272->275
[6581.320s][info][gc,heap        ] GC(867) Humongous regions: 33->33
[6581.320s][info][gc,metaspace   ] GC(867) Metaspace: 29977K(30144K)->29977K(30144K) NonClass: 29977K(30144K)->29977K(30144K) Class: 0K(0K)->0K(0K)
[6581.320s][info][gc             ] GC(867) Pause Young (Normal) (G1 Evacuation Pause) 8559M->2856M(10240M) 165.625ms
[6581.320s][info][gc,cpu         ] GC(867) User=1.31s Sys=0.00s Real=0.17s
....[6585.473s][info][gc,start       ] GC(868) Pause Young (Concurrent Start) (G1 Evacuation Pause)
[6585.473s][info][gc,task        ] GC(868) Using 8 workers of 8 for evacuation
[6585.645s][info][gc,phases      ] GC(868)   Pre Evacuate Collection Set: 0.32ms
[6585.645s][info][gc,phases      ] GC(868)   Merge Heap Roots: 0.59ms
[6585.645s][info][gc,phases      ] GC(868)   Evacuate Collection Set: 169.70ms
[6585.645s][info][gc,phases      ] GC(868)   Post Evacuate Collection Set: 1.30ms
[6585.645s][info][gc,phases      ] GC(868)   Other: 0.11ms
[6585.645s][info][gc,heap        ] GC(868) Eden regions: 716->0(714)
[6585.645s][info][gc,heap        ] GC(868) Survivor regions: 52->54(96)
[6585.645s][info][gc,heap        ] GC(868) Old regions: 275->278
[6585.645s][info][gc,heap        ] GC(868) Humongous regions: 33->33
[6585.645s][info][gc,metaspace   ] GC(868) Metaspace: 29977K(30144K)->29977K(30144K) NonClass: 29977K(30144K)->29977K(30144K) Class: 0K(0K)->0K(0K)
[6585.645s][info][gc             ] GC(868) Pause Young (Concurrent Start) (G1 Evacuation Pause) 8584M->2890M(10240M) 172.156ms
[6585.645s][info][gc             ] GC(869) Concurrent Mark Cycle
[6585.645s][info][gc,marking     ] GC(869) Concurrent Scan Root Regions
[6585.645s][info][gc,cpu         ] GC(868) User=1.35s Sys=0.00s Real=0.17s
[6585.914s][info][gc,marking     ] GC(869) Concurrent Scan Root Regions 269.189ms
[6585.914s][info][gc,marking     ] GC(869) Concurrent Mark
[6585.914s][info][gc,marking     ] GC(869) Concurrent Mark From Roots
[6585.914s][info][gc,task        ] GC(869) Using 2 workers of 2 for marking
..[6587.060s][info][gc,marking     ] GC(869) Concurrent Mark From Roots 1145.977ms
[6587.060s][info][gc,marking     ] GC(869) Concurrent Preclean
[6587.061s][info][gc,marking     ] GC(869) Concurrent Preclean 0.205ms
[6587.061s][info][gc,start       ] GC(869) Pause Remark
[6587.062s][info][gc             ] GC(869) Pause Remark 4455M->4279M(10240M) 1.560ms
[6587.062s][info][gc,cpu         ] GC(869) User=0.01s Sys=0.00s Real=0.00s
[6587.062s][info][gc,marking     ] GC(869) Concurrent Mark 1148.049ms
[6587.062s][info][gc,marking     ] GC(869) Concurrent Rebuild Remembered Sets and Scrub Regions
[6587.719s][info][gc,marking     ] GC(869) Concurrent Rebuild Remembered Sets and Scrub Regions 656.853ms
[6587.719s][info][gc,start       ] GC(869) Pause Cleanup
[6587.720s][info][gc             ] GC(869) Pause Cleanup 5131M->5131M(10240M) 0.327ms
[6587.720s][info][gc,cpu         ] GC(869) User=0.00s Sys=0.00s Real=0.00s
[6587.720s][info][gc,marking     ] GC(869) Concurrent Clear Claimed Marks
[6587.720s][info][gc,marking     ] GC(869) Concurrent Clear Claimed Marks 0.045ms
[6587.720s][info][gc,marking     ] GC(869) Concurrent Cleanup for Next Mark
[6587.733s][info][gc,marking     ] GC(869) Concurrent Cleanup for Next Mark 12.804ms
[6587.733s][info][gc             ] GC(869) Concurrent Mark Cycle 2087.729ms
..[6589.789s][info][gc,start       ] GC(870) Pause Young (Prepare Mixed) (G1 Evacuation Pause)
[6589.789s][info][gc,task        ] GC(870) Using 8 workers of 8 for evacuation
[6589.958s][info][gc,phases      ] GC(870)   Pre Evacuate Collection Set: 0.31ms
[6589.958s][info][gc,phases      ] GC(870)   Merge Heap Roots: 0.85ms
[6589.958s][info][gc,phases      ] GC(870)   Evacuate Collection Set: 166.20ms
[6589.958s][info][gc,phases      ] GC(870)   Post Evacuate Collection Set: 1.43ms
[6589.958s][info][gc,phases      ] GC(870)   Other: 0.08ms
[6589.958s][info][gc,heap        ] GC(870) Eden regions: 714->0(714)
[6589.958s][info][gc,heap        ] GC(870) Survivor regions: 54->54(96)
[6589.958s][info][gc,heap        ] GC(870) Old regions: 256->259
[6589.958s][info][gc,heap        ] GC(870) Humongous regions: 33->33
[6589.958s][info][gc,metaspace   ] GC(870) Metaspace: 29977K(30144K)->29977K(30144K) NonClass: 29977K(30144K)->29977K(30144K) Class: 0K(0K)->0K(0K)
[6589.958s][info][gc             ] GC(870) Pause Young (Prepare Mixed) (G1 Evacuation Pause) 8426M->2737M(10240M) 169.022ms
[6589.958s][info][gc,cpu         ] GC(870) User=1.33s Sys=0.00s Real=0.17s
....[6593.756s][info][gc,start       ] GC(871) Pause Young (Mixed) (G1 Evacuation Pause)
[6593.756s][info][gc,task        ] GC(871) Using 8 workers of 8 for evacuation
[6593.936s][info][gc,phases      ] GC(871)   Pre Evacuate Collection Set: 0.33ms
[6593.936s][info][gc,phases      ] GC(871)   Merge Heap Roots: 0.88ms
[6593.936s][info][gc,phases      ] GC(871)   Evacuate Collection Set: 176.43ms
[6593.936s][info][gc,phases      ] GC(871)   Post Evacuate Collection Set: 1.50ms
[6593.936s][info][gc,phases      ] GC(871)   Other: 0.08ms
[6593.936s][info][gc,heap        ] GC(871) Eden regions: 714->0(714)
[6593.936s][info][gc,heap        ] GC(871) Survivor regions: 54->54(96)
[6593.936s][info][gc,heap        ] GC(871) Old regions: 259->134
[6593.936s][info][gc,heap        ] GC(871) Humongous regions: 33->33
[6593.936s][info][gc,metaspace   ] GC(871) Metaspace: 29977K(30144K)->29977K(30144K) NonClass: 29977K(30144K)->29977K(30144K) Class: 0K(0K)->0K(0K)
[6593.936s][info][gc             ] GC(871) Pause Young (Mixed) (G1 Evacuation Pause) 8449M->1747M(10240M) 179.363ms
[6593.936s][info][gc,cpu         ] GC(871) User=1.41s Sys=0.00s Real=0.18s
..|..[6597.815s][info][gc,start       ] GC(872) Pause Young (Mixed) (G1 Evacuation Pause)
[6597.815s][info][gc,task        ] GC(872) Using 8 workers of 8 for evacuation
[6597.982s][info][gc,phases      ] GC(872)   Pre Evacuate Collection Set: 0.31ms
[6597.982s][info][gc,phases      ] GC(872)   Merge Heap Roots: 0.60ms
[6597.982s][info][gc,phases      ] GC(872)   Evacuate Collection Set: 164.96ms
[6597.982s][info][gc,phases      ] GC(872)   Post Evacuate Collection Set: 1.28ms
[6597.982s][info][gc,phases      ] GC(872)   Other: 0.08ms
[6597.982s][info][gc,heap        ] GC(872) Eden regions: 714->0(715)
[6597.982s][info][gc,heap        ] GC(872) Survivor regions: 54->53(96)
[6597.982s][info][gc,heap        ] GC(872) Old regions: 134->134
[6597.982s][info][gc,heap        ] GC(872) Humongous regions: 33->33
[6597.982s][info][gc,metaspace   ] GC(872) Metaspace: 29977K(30144K)->29977K(30144K) NonClass: 29977K(30144K)->29977K(30144K) Class: 0K(0K)->0K(0K)
[6597.982s][info][gc             ] GC(872) Pause Young (Mixed) (G1 Evacuation Pause) 7459M->1734M(10240M) 167.361ms
[6597.982s][info][gc,cpu         ] GC(872) User=1.31s Sys=0.00s Real=0.17s
.....[6602.004s][info][gc,start       ] GC(873) Pause Young (Normal) (G1 Evacuation Pause)
[6602.004s][info][gc,task        ] GC(873) Using 8 workers of 8 for evacuation
[6602.174s][info][gc,phases      ] GC(873)   Pre Evacuate Collection Set: 0.29ms
[6602.174s][info][gc,phases      ] GC(873)   Merge Heap Roots: 0.59ms
[6602.174s][info][gc,phases      ] GC(873)   Evacuate Collection Set: 167.26ms
[6602.174s][info][gc,phases      ] GC(873)   Post Evacuate Collection Set: 1.29ms
[6602.174s][info][gc,phases      ] GC(873)   Other: 0.07ms
[6602.174s][info][gc,heap        ] GC(873) Eden regions: 715->0(715)
[6602.174s][info][gc,heap        ] GC(873) Survivor regions: 53->53(96)
[6602.174s][info][gc,heap        ] GC(873) Old regions: 134->137
[6602.174s][info][gc,heap        ] GC(873) Humongous regions: 33->33
[6602.174s][info][gc,metaspace   ] GC(873) Metaspace: 29977K(30144K)->29977K(30144K) NonClass: 29977K(30144K)->29977K(30144K) Class: 0K(0K)->0K(0K)
[6602.174s][info][gc             ] GC(873) Pause Young (Normal) (G1 Evacuation Pause) 7454M->1756M(10240M) 169.630ms
[6602.174s][info][gc,cpu         ] GC(873) User=1.33s Sys=0.00s Real=0.17s
....[6606.183s][info][gc,start       ] GC(874) Pause Young (Normal) (G1 Evacuation Pause)
[6606.183s][info][gc,task        ] GC(874) Using 8 workers of 8 for evacuation
[6606.348s][info][gc,phases      ] GC(874)   Pre Evacuate Collection Set: 0.28ms
[6606.348s][info][gc,phases      ] GC(874)   Merge Heap Roots: 0.57ms
[6606.348s][info][gc,phases      ] GC(874)   Evacuate Collection Set: 163.42ms
[6606.348s][info][gc,phases      ] GC(874)   Post Evacuate Collection Set: 1.24ms
[6606.348s][info][gc,phases      ] GC(874)   Other: 0.08ms
[6606.348s][info][gc,heap        ] GC(874) Eden regions: 715->0(716)
[6606.348s][info][gc,heap        ] GC(874) Survivor regions: 53->52(96)
[6606.348s][info][gc,heap        ] GC(874) Old regions: 137->140
[6606.348s][info][gc,heap        ] GC(874) Humongous regions: 33->33
[6606.348s][info][gc,metaspace   ] GC(874) Metaspace: 29977K(30144K)->29977K(30144K) NonClass: 29977K(30144K)->29977K(30144K) Class: 0K(0K)->0K(0K)
[6606.348s][info][gc             ] GC(874) Pause Young (Normal) (G1 Evacuation Pause) 7476M->1774M(10240M) 165.724ms
[6606.348s][info][gc,cpu         ] GC(874) User=1.30s Sys=0.00s Real=0.17s
....[6610.373s][info][gc,start       ] GC(875) Pause Young (Normal) (G1 Evacuation Pause)
[6610.373s][info][gc,task        ] GC(875) Using 8 workers of 8 for evacuation
[6610.538s][info][gc,phases      ] GC(875)   Pre Evacuate Collection Set: 0.32ms
[6610.538s][info][gc,phases      ] GC(875)   Merge Heap Roots: 0.58ms
[6610.538s][info][gc,phases      ] GC(875)   Evacuate Collection Set: 162.07ms
[6610.538s][info][gc,phases      ] GC(875)   Post Evacuate Collection Set: 1.30ms
[6610.538s][info][gc,phases      ] GC(875)   Other: 0.07ms
[6610.538s][info][gc,heap        ] GC(875) Eden regions: 716->0(716)
[6610.538s][info][gc,heap        ] GC(875) Survivor regions: 52->52(96)
[6610.538s][info][gc,heap        ] GC(875) Old regions: 140->143
[6610.538s][info][gc,heap        ] GC(875) Humongous regions: 33->33
[6610.538s][info][gc,metaspace   ] GC(875) Metaspace: 29977K(30144K)->29977K(30144K) NonClass: 29977K(30144K)->29977K(30144K) Class: 0K(0K)->0K(0K)
[6610.538s][info][gc             ] GC(875) Pause Young (Normal) (G1 Evacuation Pause) 7502M->1796M(10240M) 164.487ms
[6610.538s][info][gc,cpu         ] GC(875) User=1.29s Sys=0.01s Real=0.17s
....[6614.579s][info][gc,start       ] GC(876) Pause Young (Normal) (G1 Evacuation Pause)
[6614.579s][info][gc,task        ] GC(876) Using 8 workers of 8 for evacuation
[6614.747s][info][gc,phases      ] GC(876)   Pre Evacuate Collection Set: 0.30ms
[6614.747s][info][gc,phases      ] GC(876)   Merge Heap Roots: 0.57ms
[6614.747s][info][gc,phases      ] GC(876)   Evacuate Collection Set: 165.34ms
[6614.747s][info][gc,phases      ] GC(876)   Post Evacuate Collection Set: 1.30ms
[6614.747s][info][gc,phases      ] GC(876)   Other: 0.07ms
[6614.747s][info][gc,heap        ] GC(876) Eden regions: 716->0(714)
[6614.747s][info][gc,heap        ] GC(876) Survivor regions: 52->54(96)
[6614.747s][info][gc,heap        ] GC(876) Old regions: 143->145
[6614.747s][info][gc,heap        ] GC(876) Humongous regions: 33->33
[6614.747s][info][gc,metaspace   ] GC(876) Metaspace: 29977K(30144K)->29977K(30144K) NonClass: 29977K(30144K)->29977K(30144K) Class: 0K(0K)->0K(0K)
[6614.747s][info][gc             ] GC(876) Pause Young (Normal) (G1 Evacuation Pause) 7524M->1830M(10240M) 167.694ms
[6614.747s][info][gc,cpu         ] GC(876) User=1.31s Sys=0.00s Real=0.17s
....[6618.819s][info][gc,start       ] GC(877) Pause Young (Normal) (G1 Evacuation Pause)
[6618.819s][info][gc,task        ] GC(877) Using 8 workers of 8 for evacuation
[6618.989s][info][gc,phases      ] GC(877)   Pre Evacuate Collection Set: 0.29ms
[6618.989s][info][gc,phases      ] GC(877)   Merge Heap Roots: 0.62ms
[6618.989s][info][gc,phases      ] GC(877)   Evacuate Collection Set: 168.24ms
[6618.989s][info][gc,phases      ] GC(877)   Post Evacuate Collection Set: 1.32ms
[6618.989s][info][gc,phases      ] GC(877)   Other: 0.06ms
[6618.989s][info][gc,heap        ] GC(877) Eden regions: 714->0(715)
[6618.989s][info][gc,heap        ] GC(877) Survivor regions: 54->53(96)
[6618.989s][info][gc,heap        ] GC(877) Old regions: 145->148
[6618.989s][info][gc,heap        ] GC(877) Humongous regions: 33->33
[6618.989s][info][gc,metaspace   ] GC(877) Metaspace: 29977K(30144K)->29977K(30144K) NonClass: 29977K(30144K)->29977K(30144K) Class: 0K(0K)->0K(0K)
[6618.989s][info][gc             ] GC(877) Pause Young (Normal) (G1 Evacuation Pause) 7542M->1848M(10240M) 170.668ms
[6618.989s][info][gc,cpu         ] GC(877) User=1.34s Sys=0.00s Real=0.17s
....[6622.986s][info][gc,start       ] GC(878) Pause Young (Normal) (G1 Evacuation Pause)
[6622.986s][info][gc,task        ] GC(878) Using 8 workers of 8 for evacuation
[6623.148s][info][gc,phases      ] GC(878)   Pre Evacuate Collection Set: 0.29ms
[6623.148s][info][gc,phases      ] GC(878)   Merge Heap Roots: 0.57ms
[6623.148s][info][gc,phases      ] GC(878)   Evacuate Collection Set: 159.77ms
[6623.148s][info][gc,phases      ] GC(878)   Post Evacuate Collection Set: 1.29ms
[6623.148s][info][gc,phases      ] GC(878)   Other: 0.07ms
[6623.148s][info][gc,heap        ] GC(878) Eden regions: 715->0(717)
[6623.148s][info][gc,heap        ] GC(878) Survivor regions: 53->51(96)
[6623.148s][info][gc,heap        ] GC(878) Old regions: 148->151
[6623.148s][info][gc,heap        ] GC(878) Humongous regions: 33->33
[6623.148s][info][gc,metaspace   ] GC(878) Metaspace: 29977K(30144K)->29977K(30144K) NonClass: 29977K(30144K)->29977K(30144K) Class: 0K(0K)->0K(0K)
[6623.148s][info][gc             ] GC(878) Pause Young (Normal) (G1 Evacuation Pause) 7568M->1853M(10240M) 162.125ms
[6623.148s][info][gc,cpu         ] GC(878) User=1.28s Sys=0.01s Real=0.16s
....[6627.066s][info][gc,start       ] GC(879) Pause Young (Normal) (G1 Evacuation Pause)
[6627.067s][info][gc,task        ] GC(879) Using 8 workers of 8 for evacuation
[6627.229s][info][gc,phases      ] GC(879)   Pre Evacuate Collection Set: 0.31ms
[6627.229s][info][gc,phases      ] GC(879)   Merge Heap Roots: 0.63ms
[6627.229s][info][gc,phases      ] GC(879)   Evacuate Collection Set: 160.10ms
[6627.229s][info][gc,phases      ] GC(879)   Post Evacuate Collection Set: 1.29ms
[6627.229s][info][gc,phases      ] GC(879)   Other: 0.06ms
[6627.229s][info][gc,heap        ] GC(879) Eden regions: 717->0(717)
[6627.229s][info][gc,heap        ] GC(879) Survivor regions: 51->51(96)
[6627.229s][info][gc,heap        ] GC(879) Old regions: 151->153
[6627.229s][info][gc,heap        ] GC(879) Humongous regions: 33->33
[6627.229s][info][gc,metaspace   ] GC(879) Metaspace: 29977K(30144K)->29977K(30144K) NonClass: 29977K(30144K)->29977K(30144K) Class: 0K(0K)->0K(0K)
[6627.229s][info][gc             ] GC(879) Pause Young (Normal) (G1 Evacuation Pause) 7589M->1875M(10240M) 162.541ms
[6627.229s][info][gc,cpu         ] GC(879) User=1.28s Sys=0.00s Real=0.16s
.....[6631.262s][info][gc,start       ] GC(880) Pause Young (Normal) (G1 Evacuation Pause)
[6631.262s][info][gc,task        ] GC(880) Using 8 workers of 8 for evacuation
[6631.429s][info][gc,phases      ] GC(880)   Pre Evacuate Collection Set: 0.29ms
[6631.429s][info][gc,phases      ] GC(880)   Merge Heap Roots: 0.64ms
[6631.429s][info][gc,phases      ] GC(880)   Evacuate Collection Set: 164.44ms
[6631.429s][info][gc,phases      ] GC(880)   Post Evacuate Collection Set: 1.28ms
[6631.429s][info][gc,phases      ] GC(880)   Other: 0.06ms
[6631.429s][info][gc,heap        ] GC(880) Eden regions: 717->0(714)
[6631.429s][info][gc,heap        ] GC(880) Survivor regions: 51->54(96)
[6631.429s][info][gc,heap        ] GC(880) Old regions: 153->156
[6631.429s][info][gc,heap        ] GC(880) Humongous regions: 33->33
[6631.429s][info][gc,metaspace   ] GC(880) Metaspace: 29977K(30144K)->29977K(30144K) NonClass: 29977K(30144K)->29977K(30144K) Class: 0K(0K)->0K(0K)
[6631.429s][info][gc             ] GC(880) Pause Young (Normal) (G1 Evacuation Pause) 7611M->1916M(10240M) 166.831ms
[6631.429s][info][gc,cpu         ] GC(880) User=1.31s Sys=0.00s Real=0.17s
...[6635.213s][info][gc,start       ] GC(881) Pause Young (Normal) (G1 Evacuation Pause)
[6635.213s][info][gc,task        ] GC(881) Using 8 workers of 8 for evacuation
[6635.375s][info][gc,phases      ] GC(881)   Pre Evacuate Collection Set: 0.30ms
[6635.375s][info][gc,phases      ] GC(881)   Merge Heap Roots: 0.57ms
[6635.375s][info][gc,phases      ] GC(881)   Evacuate Collection Set: 160.37ms
[6635.375s][info][gc,phases      ] GC(881)   Post Evacuate Collection Set: 1.29ms
[6635.375s][info][gc,phases      ] GC(881)   Other: 0.07ms
[6635.375s][info][gc,heap        ] GC(881) Eden regions: 714->0(716)
[6635.375s][info][gc,heap        ] GC(881) Survivor regions: 54->52(96)
[6635.375s][info][gc,heap        ] GC(881) Old regions: 156->159
[6635.375s][info][gc,heap        ] GC(881) Humongous regions: 33->33
[6635.375s][info][gc,metaspace   ] GC(881) Metaspace: 29977K(30144K)->29977K(30144K) NonClass: 29977K(30144K)->29977K(30144K) Class: 0K(0K)->0K(0K)
[6635.375s][info][gc             ] GC(881) Pause Young (Normal) (G1 Evacuation Pause) 7628M->1922M(10240M) 162.719ms
[6635.375s][info][gc,cpu         ] GC(881) User=1.28s Sys=0.00s Real=0.16s
.....[6639.452s][info][gc,start       ] GC(882) Pause Young (Normal) (G1 Evacuation Pause)
[6639.452s][info][gc,task        ] GC(882) Using 8 workers of 8 for evacuation
[6639.619s][info][gc,phases      ] GC(882)   Pre Evacuate Collection Set: 0.31ms
[6639.619s][info][gc,phases      ] GC(882)   Merge Heap Roots: 0.60ms
[6639.619s][info][gc,phases      ] GC(882)   Evacuate Collection Set: 164.83ms
[6639.619s][info][gc,phases      ] GC(882)   Post Evacuate Collection Set: 1.34ms
[6639.619s][info][gc,phases      ] GC(882)   Other: 0.06ms
[6639.619s][info][gc,heap        ] GC(882) Eden regions: 716->0(715)
[6639.619s][info][gc,heap        ] GC(882) Survivor regions: 52->53(96)
[6639.619s][info][gc,heap        ] GC(882) Old regions: 159->161
[6639.619s][info][gc,heap        ] GC(882) Humongous regions: 33->33
[6639.619s][info][gc,metaspace   ] GC(882) Metaspace: 29977K(30144K)->29977K(30144K) NonClass: 29977K(30144K)->29977K(30144K) Class: 0K(0K)->0K(0K)
[6639.619s][info][gc             ] GC(882) Pause Young (Normal) (G1 Evacuation Pause) 7650M->1955M(10240M) 167.294ms
[6639.619s][info][gc,cpu         ] GC(882) User=1.32s Sys=0.00s Real=0.17s
....[6643.537s][info][gc,start       ] GC(883) Pause Young (Normal) (G1 Evacuation Pause)
[6643.537s][info][gc,task        ] GC(883) Using 8 workers of 8 for evacuation
[6643.707s][info][gc,phases      ] GC(883)   Pre Evacuate Collection Set: 0.28ms
[6643.707s][info][gc,phases      ] GC(883)   Merge Heap Roots: 0.58ms
[6643.707s][info][gc,phases      ] GC(883)   Evacuate Collection Set: 167.77ms
[6643.707s][info][gc,phases      ] GC(883)   Post Evacuate Collection Set: 1.33ms
[6643.707s][info][gc,phases      ] GC(883)   Other: 0.07ms
[6643.707s][info][gc,heap        ] GC(883) Eden regions: 715->0(715)
[6643.707s][info][gc,heap        ] GC(883) Survivor regions: 53->53(96)
[6643.707s][info][gc,heap        ] GC(883) Old regions: 161->164
[6643.707s][info][gc,heap        ] GC(883) Humongous regions: 33->33
[6643.707s][info][gc,metaspace   ] GC(883) Metaspace: 29977K(30144K)->29977K(30144K) NonClass: 29977K(30144K)->29977K(30144K) Class: 0K(0K)->0K(0K)
[6643.707s][info][gc             ] GC(883) Pause Young (Normal) (G1 Evacuation Pause) 7675M->1978M(10240M) 170.164ms
[6643.707s][info][gc,cpu         ] GC(883) User=1.34s Sys=0.00s Real=0.17s
....[6647.779s][info][gc,start       ] GC(884) Pause Young (Normal) (G1 Evacuation Pause)
[6647.779s][info][gc,task        ] GC(884) Using 8 workers of 8 for evacuation
[6647.951s][info][gc,phases      ] GC(884)   Pre Evacuate Collection Set: 0.29ms
[6647.951s][info][gc,phases      ] GC(884)   Merge Heap Roots: 0.57ms
[6647.951s][info][gc,phases      ] GC(884)   Evacuate Collection Set: 169.66ms
[6647.951s][info][gc,phases      ] GC(884)   Post Evacuate Collection Set: 1.33ms
[6647.951s][info][gc,phases      ] GC(884)   Other: 0.06ms
[6647.951s][info][gc,heap        ] GC(884) Eden regions: 715->0(714)
[6647.951s][info][gc,heap        ] GC(884) Survivor regions: 53->54(96)
[6647.951s][info][gc,heap        ] GC(884) Old regions: 164->167
[6647.951s][info][gc,heap        ] GC(884) Humongous regions: 33->33
[6647.951s][info][gc,metaspace   ] GC(884) Metaspace: 29977K(30144K)->29977K(30144K) NonClass: 29977K(30144K)->29977K(30144K) Class: 0K(0K)->0K(0K)
[6647.951s][info][gc             ] GC(884) Pause Young (Normal) (G1 Evacuation Pause) 7698M->2003M(10240M) 172.053ms
[6647.952s][info][gc,cpu         ] GC(884) User=1.35s Sys=0.00s Real=0.17s
....[6652.089s][info][gc,start       ] GC(885) Pause Young (Normal) (G1 Evacuation Pause)
[6652.089s][info][gc,task        ] GC(885) Using 8 workers of 8 for evacuation
[6652.255s][info][gc,phases      ] GC(885)   Pre Evacuate Collection Set: 0.28ms
[6652.255s][info][gc,phases      ] GC(885)   Merge Heap Roots: 0.57ms
[6652.255s][info][gc,phases      ] GC(885)   Evacuate Collection Set: 163.61ms
[6652.255s][info][gc,phases      ] GC(885)   Post Evacuate Collection Set: 1.32ms
[6652.255s][info][gc,phases      ] GC(885)   Other: 0.06ms
[6652.255s][info][gc,heap        ] GC(885) Eden regions: 714->0(716)
[6652.255s][info][gc,heap        ] GC(885) Survivor regions: 54->52(96)
[6652.255s][info][gc,heap        ] GC(885) Old regions: 167->170
[6652.255s][info][gc,heap        ] GC(885) Humongous regions: 33->33
[6652.255s][info][gc,metaspace   ] GC(885) Metaspace: 29977K(30144K)->29977K(30144K) NonClass: 29977K(30144K)->29977K(30144K) Class: 0K(0K)->0K(0K)
[6652.255s][info][gc             ] GC(885) Pause Young (Normal) (G1 Evacuation Pause) 7715M->2015M(10240M) 165.986ms
[6652.255s][info][gc,cpu         ] GC(885) User=1.30s Sys=0.00s Real=0.16s
.... (rIR:aIR:PR = 11485:11543:11554) (tPR = 172058) [OK] 
  6655s: Performance info:
         Transaction,    Success,    Partial,     Failed,   Receipts, AvgBarcode, 
             Overall,     698027,          0,          0,     663473,      59.47, 
         Response times:
             Request,    Success,    Partial,     Failed,   SkipFail,     Probes,    Samples,      min,      p50,      p90,      p95,      p99,      max, 
       TotalPurchase,     662943,          0,          0,          0,     357013,     472723,      300,    13200,    97000,   165000,   277000,  2900000,
     InStorePurchase,     350006,          0,          0,          0,     187559,     248273,      300,    13200,    98000,   168000,   286000,  2900000,
      OnlinePurchase,     243777,          0,          0,          0,     131956,     174539,      300,    13100,    96000,   163000,   270000,  2900000,
        InstPurchase,      69160,          0,          0,          0,      37498,      49911,      500,    13200,    97000,   164000,   259000,  1600000,
          AssocOfCat,        695,          0,          0,          0,        590,        934,    32000,    74000,   166000,   241250,   340650,   970000,
      AssocOfProduct,       6833,          0,          0,          0,       4172,       5797,      600,    13400,   100000,   161000,   265060,   720000,
      BusinessReport,       1733,          0,          0,          0,       1536,       2226,    34000,    77000,   161000,   236000,   358730,   820000,
          CustBuyBeh,       6898,          0,          0,          0,       4254,       5792,      700,    14300,   107000,   171000,   278070,   574000,
       ProductReturn,      18266,          0,          0,          0,       9320,      12724,      400,    13600,    99000,   167000,   262000,  2900000,

  6655s: (84%)   IR =  11623 [6656.122s][info][gc,start       ] GC(886) Pause Young (Normal) (G1 Evacuation Pause)
[6656.122s][info][gc,task        ] GC(886) Using 8 workers of 8 for evacuation
[6656.290s][info][gc,phases      ] GC(886)   Pre Evacuate Collection Set: 0.31ms
[6656.290s][info][gc,phases      ] GC(886)   Merge Heap Roots: 0.58ms
[6656.290s][info][gc,phases      ] GC(886)   Evacuate Collection Set: 164.84ms
[6656.290s][info][gc,phases      ] GC(886)   Post Evacuate Collection Set: 1.32ms
[6656.290s][info][gc,phases      ] GC(886)   Other: 0.06ms
[6656.290s][info][gc,heap        ] GC(886) Eden regions: 716->0(716)
[6656.290s][info][gc,heap        ] GC(886) Survivor regions: 52->52(96)
[6656.290s][info][gc,heap        ] GC(886) Old regions: 170->173
[6656.290s][info][gc,heap        ] GC(886) Humongous regions: 33->33
[6656.290s][info][gc,metaspace   ] GC(886) Metaspace: 29977K(30144K)->29977K(30144K) NonClass: 29977K(30144K)->29977K(30144K) Class: 0K(0K)->0K(0K)
[6656.290s][info][gc             ] GC(886) Pause Young (Normal) (G1 Evacuation Pause) 7743M->2037M(10240M) 167.252ms
[6656.290s][info][gc,cpu         ] GC(886) User=1.32s Sys=0.00s Real=0.17s
....[6660.242s][info][gc,start       ] GC(887) Pause Young (Normal) (G1 Evacuation Pause)
[6660.242s][info][gc,task        ] GC(887) Using 8 workers of 8 for evacuation
[6660.410s][info][gc,phases      ] GC(887)   Pre Evacuate Collection Set: 0.27ms
[6660.410s][info][gc,phases      ] GC(887)   Merge Heap Roots: 0.58ms
[6660.410s][info][gc,phases      ] GC(887)   Evacuate Collection Set: 165.74ms
[6660.410s][info][gc,phases      ] GC(887)   Post Evacuate Collection Set: 1.38ms
[6660.410s][info][gc,phases      ] GC(887)   Other: 0.07ms
[6660.410s][info][gc,heap        ] GC(887) Eden regions: 716->0(716)
[6660.410s][info][gc,heap        ] GC(887) Survivor regions: 52->52(96)
[6660.410s][info][gc,heap        ] GC(887) Old regions: 173->175
[6660.410s][info][gc,heap        ] GC(887) Humongous regions: 33->33
[6660.410s][info][gc,metaspace   ] GC(887) Metaspace: 29977K(30144K)->29977K(30144K) NonClass: 29977K(30144K)->29977K(30144K) Class: 0K(0K)->0K(0K)
[6660.410s][info][gc             ] GC(887) Pause Young (Normal) (G1 Evacuation Pause) 7765M->2058M(10240M) 168.172ms
[6660.410s][info][gc,cpu         ] GC(887) User=1.32s Sys=0.00s Real=0.17s
....[6664.351s][info][gc,start       ] GC(888) Pause Young (Normal) (G1 Evacuation Pause)
[6664.351s][info][gc,task        ] GC(888) Using 8 workers of 8 for evacuation
[6664.520s][info][gc,phases      ] GC(888)   Pre Evacuate Collection Set: 0.30ms
[6664.520s][info][gc,phases      ] GC(888)   Merge Heap Roots: 0.58ms
[6664.520s][info][gc,phases      ] GC(888)   Evacuate Collection Set: 166.95ms
[6664.520s][info][gc,phases      ] GC(888)   Post Evacuate Collection Set: 1.28ms
[6664.520s][info][gc,phases      ] GC(888)   Other: 0.08ms
[6664.520s][info][gc,heap        ] GC(888) Eden regions: 716->0(715)
[6664.520s][info][gc,heap        ] GC(888) Survivor regions: 52->53(96)
[6664.520s][info][gc,heap        ] GC(888) Old regions: 175->178
[6664.520s][info][gc,heap        ] GC(888) Humongous regions: 33->33
[6664.520s][info][gc,metaspace   ] GC(888) Metaspace: 29977K(30144K)->29977K(30144K) NonClass: 29977K(30144K)->29977K(30144K) Class: 0K(0K)->0K(0K)
[6664.521s][info][gc             ] GC(888) Pause Young (Normal) (G1 Evacuation Pause) 7786M->2087M(10240M) 169.350ms
[6664.521s][info][gc,cpu         ] GC(888) User=1.34s Sys=0.00s Real=0.17s
....[6668.393s][info][gc,start       ] GC(889) Pause Young (Normal) (G1 Evacuation Pause)
[6668.393s][info][gc,task        ] GC(889) Using 8 workers of 8 for evacuation
[6668.566s][info][gc,phases      ] GC(889)   Pre Evacuate Collection Set: 0.24ms
[6668.566s][info][gc,phases      ] GC(889)   Merge Heap Roots: 0.63ms
[6668.566s][info][gc,phases      ] GC(889)   Evacuate Collection Set: 170.65ms
[6668.566s][info][gc,phases      ] GC(889)   Post Evacuate Collection Set: 1.27ms
[6668.566s][info][gc,phases      ] GC(889)   Other: 0.07ms
[6668.566s][info][gc,heap        ] GC(889) Eden regions: 715->0(714)
[6668.566s][info][gc,heap        ] GC(889) Survivor regions: 53->54(96)
[6668.566s][info][gc,heap        ] GC(889) Old regions: 178->181
[6668.566s][info][gc,heap        ] GC(889) Humongous regions: 33->33
[6668.566s][info][gc,metaspace   ] GC(889) Metaspace: 29977K(30144K)->29977K(30144K) NonClass: 29977K(30144K)->29977K(30144K) Class: 0K(0K)->0K(0K)
[6668.566s][info][gc             ] GC(889) Pause Young (Normal) (G1 Evacuation Pause) 7807M->2113M(10240M) 172.997ms
[6668.566s][info][gc,cpu         ] GC(889) User=1.36s Sys=0.00s Real=0.18s
....[6672.548s][info][gc,start       ] GC(890) Pause Young (Normal) (G1 Evacuation Pause)
[6672.548s][info][gc,task        ] GC(890) Using 8 workers of 8 for evacuation
[6672.717s][info][gc,phases      ] GC(890)   Pre Evacuate Collection Set: 0.30ms
[6672.717s][info][gc,phases      ] GC(890)   Merge Heap Roots: 0.57ms
[6672.717s][info][gc,phases      ] GC(890)   Evacuate Collection Set: 166.74ms
[6672.717s][info][gc,phases      ] GC(890)   Post Evacuate Collection Set: 1.30ms
[6672.717s][info][gc,phases      ] GC(890)   Other: 0.07ms
[6672.717s][info][gc,heap        ] GC(890) Eden regions: 714->0(715)
[6672.717s][info][gc,heap        ] GC(890) Survivor regions: 54->53(96)
[6672.717s][info][gc,heap        ] GC(890) Old regions: 181->183
[6672.717s][info][gc,heap        ] GC(890) Humongous regions: 33->33
[6672.717s][info][gc,metaspace   ] GC(890) Metaspace: 29977K(30144K)->29977K(30144K) NonClass: 29977K(30144K)->29977K(30144K) Class: 0K(0K)->0K(0K)
[6672.717s][info][gc             ] GC(890) Pause Young (Normal) (G1 Evacuation Pause) 7825M->2131M(10240M) 169.151ms
[6672.717s][info][gc,cpu         ] GC(890) User=1.33s Sys=0.01s Real=0.17s
...|..[6676.833s][info][gc,start       ] GC(891) Pause Young (Normal) (G1 Evacuation Pause)
[6676.833s][info][gc,task        ] GC(891) Using 8 workers of 8 for evacuation
[6677.005s][info][gc,phases      ] GC(891)   Pre Evacuate Collection Set: 0.30ms
[6677.005s][info][gc,phases      ] GC(891)   Merge Heap Roots: 0.57ms
[6677.005s][info][gc,phases      ] GC(891)   Evacuate Collection Set: 170.63ms
[6677.005s][info][gc,phases      ] GC(891)   Post Evacuate Collection Set: 1.29ms
[6677.005s][info][gc,phases      ] GC(891)   Other: 0.06ms
[6677.005s][info][gc,heap        ] GC(891) Eden regions: 715->0(715)
[6677.005s][info][gc,heap        ] GC(891) Survivor regions: 53->53(96)
[6677.005s][info][gc,heap        ] GC(891) Old regions: 183->186
[6677.005s][info][gc,heap        ] GC(891) Humongous regions: 33->33
[6677.005s][info][gc,metaspace   ] GC(891) Metaspace: 29978K(30144K)->29978K(30144K) NonClass: 29978K(30144K)->29978K(30144K) Class: 0K(0K)->0K(0K)
[6677.006s][info][gc             ] GC(891) Pause Young (Normal) (G1 Evacuation Pause) 7851M->2154M(10240M) 173.001ms
[6677.006s][info][gc,cpu         ] GC(891) User=1.36s Sys=0.00s Real=0.17s
....[6680.932s][info][gc,start       ] GC(892) Pause Young (Normal) (G1 Evacuation Pause)
[6680.932s][info][gc,task        ] GC(892) Using 8 workers of 8 for evacuation
[6681.097s][info][gc,phases      ] GC(892)   Pre Evacuate Collection Set: 0.30ms
[6681.097s][info][gc,phases      ] GC(892)   Merge Heap Roots: 0.62ms
[6681.097s][info][gc,phases      ] GC(892)   Evacuate Collection Set: 163.18ms
[6681.097s][info][gc,phases      ] GC(892)   Post Evacuate Collection Set: 1.32ms
[6681.097s][info][gc,phases      ] GC(892)   Other: 0.06ms
[6681.097s][info][gc,heap        ] GC(892) Eden regions: 715->0(715)
[6681.097s][info][gc,heap        ] GC(892) Survivor regions: 53->53(96)
[6681.097s][info][gc,heap        ] GC(892) Old regions: 186->189
[6681.097s][info][gc,heap        ] GC(892) Humongous regions: 33->33
[6681.097s][info][gc,metaspace   ] GC(892) Metaspace: 29978K(30144K)->29978K(30144K) NonClass: 29978K(30144K)->29978K(30144K) Class: 0K(0K)->0K(0K)
[6681.098s][info][gc             ] GC(892) Pause Young (Normal) (G1 Evacuation Pause) 7874M->2171M(10240M) 165.611ms
[6681.098s][info][gc,cpu         ] GC(892) User=1.30s Sys=0.00s Real=0.17s
....[6684.898s][info][gc,start       ] GC(893) Pause Young (Normal) (G1 Evacuation Pause)
[6684.898s][info][gc,task        ] GC(893) Using 8 workers of 8 for evacuation
[6685.067s][info][gc,phases      ] GC(893)   Pre Evacuate Collection Set: 0.29ms
[6685.067s][info][gc,phases      ] GC(893)   Merge Heap Roots: 0.57ms
[6685.067s][info][gc,phases      ] GC(893)   Evacuate Collection Set: 166.10ms
[6685.067s][info][gc,phases      ] GC(893)   Post Evacuate Collection Set: 1.35ms
[6685.067s][info][gc,phases      ] GC(893)   Other: 0.06ms
[6685.067s][info][gc,heap        ] GC(893) Eden regions: 715->0(715)
[6685.067s][info][gc,heap        ] GC(893) Survivor regions: 53->53(96)
[6685.067s][info][gc,heap        ] GC(893) Old regions: 189->192
[6685.067s][info][gc,heap        ] GC(893) Humongous regions: 33->33
[6685.067s][info][gc,metaspace   ] GC(893) Metaspace: 29978K(30144K)->29978K(30144K) NonClass: 29978K(30144K)->29978K(30144K) Class: 0K(0K)->0K(0K)
[6685.067s][info][gc             ] GC(893) Pause Young (Normal) (G1 Evacuation Pause) 7891M->2198M(10240M) 168.509ms
[6685.067s][info][gc,cpu         ] GC(893) User=1.32s Sys=0.00s Real=0.17s
....[6689.016s][info][gc,start       ] GC(894) Pause Young (Normal) (G1 Evacuation Pause)
[6689.016s][info][gc,task        ] GC(894) Using 8 workers of 8 for evacuation
[6689.182s][info][gc,phases      ] GC(894)   Pre Evacuate Collection Set: 0.30ms
[6689.182s][info][gc,phases      ] GC(894)   Merge Heap Roots: 0.58ms
[6689.182s][info][gc,phases      ] GC(894)   Evacuate Collection Set: 163.34ms
[6689.182s][info][gc,phases      ] GC(894)   Post Evacuate Collection Set: 1.33ms
[6689.182s][info][gc,phases      ] GC(894)   Other: 0.06ms
[6689.182s][info][gc,heap        ] GC(894) Eden regions: 715->0(716)
[6689.182s][info][gc,heap        ] GC(894) Survivor regions: 53->52(96)
[6689.182s][info][gc,heap        ] GC(894) Old regions: 192->194
[6689.182s][info][gc,heap        ] GC(894) Humongous regions: 33->33
[6689.182s][info][gc,metaspace   ] GC(894) Metaspace: 29978K(30144K)->29978K(30144K) NonClass: 29978K(30144K)->29978K(30144K) Class: 0K(0K)->0K(0K)
[6689.182s][info][gc             ] GC(894) Pause Young (Normal) (G1 Evacuation Pause) 7918M->2210M(10240M) 165.764ms
[6689.182s][info][gc,cpu         ] GC(894) User=1.30s Sys=0.00s Real=0.16s
....[6693.142s][info][gc,start       ] GC(895) Pause Young (Normal) (G1 Evacuation Pause)
[6693.143s][info][gc,task        ] GC(895) Using 8 workers of 8 for evacuation
[6693.305s][info][gc,phases      ] GC(895)   Pre Evacuate Collection Set: 0.30ms
[6693.305s][info][gc,phases      ] GC(895)   Merge Heap Roots: 0.57ms
[6693.305s][info][gc,phases      ] GC(895)   Evacuate Collection Set: 160.12ms
[6693.305s][info][gc,phases      ] GC(895)   Post Evacuate Collection Set: 1.37ms
[6693.305s][info][gc,phases      ] GC(895)   Other: 0.06ms
[6693.305s][info][gc,heap        ] GC(895) Eden regions: 716->0(717)
[6693.305s][info][gc,heap        ] GC(895) Survivor regions: 52->51(96)
[6693.305s][info][gc,heap        ] GC(895) Old regions: 194->197
[6693.305s][info][gc,heap        ] GC(895) Humongous regions: 33->33
[6693.305s][info][gc,metaspace   ] GC(895) Metaspace: 29978K(30144K)->29978K(30144K) NonClass: 29978K(30144K)->29978K(30144K) Class: 0K(0K)->0K(0K)
[6693.305s][info][gc             ] GC(895) Pause Young (Normal) (G1 Evacuation Pause) 7938M->2219M(10240M) 162.571ms
[6693.305s][info][gc,cpu         ] GC(895) User=1.27s Sys=0.00s Real=0.16s
....[6697.300s][info][gc,start       ] GC(896) Pause Young (Normal) (G1 Evacuation Pause)
[6697.300s][info][gc,task        ] GC(896) Using 8 workers of 8 for evacuation
[6697.468s][info][gc,phases      ] GC(896)   Pre Evacuate Collection Set: 0.30ms
[6697.468s][info][gc,phases      ] GC(896)   Merge Heap Roots: 0.57ms
[6697.468s][info][gc,phases      ] GC(896)   Evacuate Collection Set: 165.30ms
[6697.468s][info][gc,phases      ] GC(896)   Post Evacuate Collection Set: 1.33ms
[6697.468s][info][gc,phases      ] GC(896)   Other: 0.07ms
[6697.468s][info][gc,heap        ] GC(896) Eden regions: 717->0(715)
[6697.468s][info][gc,heap        ] GC(896) Survivor regions: 51->53(96)
[6697.468s][info][gc,heap        ] GC(896) Old regions: 197->200
[6697.468s][info][gc,heap        ] GC(896) Humongous regions: 33->33
[6697.468s][info][gc,metaspace   ] GC(896) Metaspace: 29978K(30144K)->29978K(30144K) NonClass: 29978K(30144K)->29978K(30144K) Class: 0K(0K)->0K(0K)
[6697.468s][info][gc             ] GC(896) Pause Young (Normal) (G1 Evacuation Pause) 7955M->2261M(10240M) 167.696ms
[6697.468s][info][gc,cpu         ] GC(896) User=1.32s Sys=0.00s Real=0.17s
....[6701.436s][info][gc,start       ] GC(897) Pause Young (Normal) (G1 Evacuation Pause)
[6701.436s][info][gc,task        ] GC(897) Using 8 workers of 8 for evacuation
[6701.603s][info][gc,phases      ] GC(897)   Pre Evacuate Collection Set: 0.27ms
[6701.603s][info][gc,phases      ] GC(897)   Merge Heap Roots: 0.65ms
[6701.603s][info][gc,phases      ] GC(897)   Evacuate Collection Set: 164.25ms
[6701.603s][info][gc,phases      ] GC(897)   Post Evacuate Collection Set: 1.32ms
[6701.603s][info][gc,phases      ] GC(897)   Other: 0.07ms
[6701.603s][info][gc,heap        ] GC(897) Eden regions: 715->0(715)
[6701.603s][info][gc,heap        ] GC(897) Survivor regions: 53->53(96)
[6701.603s][info][gc,heap        ] GC(897) Old regions: 200->202
[6701.603s][info][gc,heap        ] GC(897) Humongous regions: 33->33
[6701.603s][info][gc,metaspace   ] GC(897) Metaspace: 29978K(30144K)->29978K(30144K) NonClass: 29978K(30144K)->29978K(30144K) Class: 0K(0K)->0K(0K)
[6701.603s][info][gc             ] GC(897) Pause Young (Normal) (G1 Evacuation Pause) 7981M->2282M(10240M) 166.711ms
[6701.603s][info][gc,cpu         ] GC(897) User=1.31s Sys=0.00s Real=0.16s
....[6705.591s][info][gc,start       ] GC(898) Pause Young (Normal) (G1 Evacuation Pause)
[6705.591s][info][gc,task        ] GC(898) Using 8 workers of 8 for evacuation
[6705.760s][info][gc,phases      ] GC(898)   Pre Evacuate Collection Set: 0.32ms
[6705.760s][info][gc,phases      ] GC(898)   Merge Heap Roots: 0.64ms
[6705.760s][info][gc,phases      ] GC(898)   Evacuate Collection Set: 166.68ms
[6705.760s][info][gc,phases      ] GC(898)   Post Evacuate Collection Set: 1.30ms
[6705.760s][info][gc,phases      ] GC(898)   Other: 0.06ms
[6705.760s][info][gc,heap        ] GC(898) Eden regions: 715->0(715)
[6705.760s][info][gc,heap        ] GC(898) Survivor regions: 53->53(96)
[6705.760s][info][gc,heap        ] GC(898) Old regions: 202->205
[6705.760s][info][gc,heap        ] GC(898) Humongous regions: 33->33
[6705.760s][info][gc,metaspace   ] GC(898) Metaspace: 29978K(30144K)->29978K(30144K) NonClass: 29978K(30144K)->29978K(30144K) Class: 0K(0K)->0K(0K)
[6705.760s][info][gc             ] GC(898) Pause Young (Normal) (G1 Evacuation Pause) 8002M->2303M(10240M) 169.147ms
[6705.760s][info][gc,cpu         ] GC(898) User=1.32s Sys=0.00s Real=0.17s
....[6709.658s][info][gc,start       ] GC(899) Pause Young (Normal) (G1 Evacuation Pause)
[6709.658s][info][gc,task        ] GC(899) Using 8 workers of 8 for evacuation
[6709.829s][info][gc,phases      ] GC(899)   Pre Evacuate Collection Set: 0.29ms
[6709.829s][info][gc,phases      ] GC(899)   Merge Heap Roots: 0.66ms
[6709.829s][info][gc,phases      ] GC(899)   Evacuate Collection Set: 168.05ms
[6709.829s][info][gc,phases      ] GC(899)   Post Evacuate Collection Set: 1.35ms
[6709.829s][info][gc,phases      ] GC(899)   Other: 0.06ms
[6709.829s][info][gc,heap        ] GC(899) Eden regions: 715->0(715)
[6709.829s][info][gc,heap        ] GC(899) Survivor regions: 53->53(96)
[6709.829s][info][gc,heap        ] GC(899) Old regions: 205->208
[6709.829s][info][gc,heap        ] GC(899) Humongous regions: 33->33
[6709.829s][info][gc,metaspace   ] GC(899) Metaspace: 29978K(30144K)->29978K(30144K) NonClass: 29978K(30144K)->29978K(30144K) Class: 0K(0K)->0K(0K)
[6709.829s][info][gc             ] GC(899) Pause Young (Normal) (G1 Evacuation Pause) 8023M->2325M(10240M) 170.542ms
[6709.829s][info][gc,cpu         ] GC(899) User=1.34s Sys=0.00s Real=0.17s
....[6713.752s][info][gc,start       ] GC(900) Pause Young (Normal) (G1 Evacuation Pause)
[6713.752s][info][gc,task        ] GC(900) Using 8 workers of 8 for evacuation
[6713.918s][info][gc,phases      ] GC(900)   Pre Evacuate Collection Set: 0.30ms
[6713.918s][info][gc,phases      ] GC(900)   Merge Heap Roots: 0.57ms
[6713.918s][info][gc,phases      ] GC(900)   Evacuate Collection Set: 163.77ms
[6713.918s][info][gc,phases      ] GC(900)   Post Evacuate Collection Set: 1.32ms
[6713.918s][info][gc,phases      ] GC(900)   Other: 0.06ms
[6713.918s][info][gc,heap        ] GC(900) Eden regions: 715->0(715)
[6713.918s][info][gc,heap        ] GC(900) Survivor regions: 53->53(96)
[6713.918s][info][gc,heap        ] GC(900) Old regions: 208->210
[6713.918s][info][gc,heap        ] GC(900) Humongous regions: 33->33
[6713.918s][info][gc,metaspace   ] GC(900) Metaspace: 29978K(30144K)->29978K(30144K) NonClass: 29978K(30144K)->29978K(30144K) Class: 0K(0K)->0K(0K)
[6713.918s][info][gc             ] GC(900) Pause Young (Normal) (G1 Evacuation Pause) 8045M->2343M(10240M) 166.156ms
[6713.918s][info][gc,cpu         ] GC(900) User=1.30s Sys=0.01s Real=0.17s
....[6717.792s][info][gc,start       ] GC(901) Pause Young (Normal) (G1 Evacuation Pause)
[6717.792s][info][gc,task        ] GC(901) Using 8 workers of 8 for evacuation
[6717.964s][info][gc,phases      ] GC(901)   Pre Evacuate Collection Set: 0.30ms
[6717.964s][info][gc,phases      ] GC(901)   Merge Heap Roots: 0.60ms
[6717.964s][info][gc,phases      ] GC(901)   Evacuate Collection Set: 169.98ms
[6717.964s][info][gc,phases      ] GC(901)   Post Evacuate Collection Set: 1.28ms
[6717.964s][info][gc,phases      ] GC(901)   Other: 0.06ms
[6717.964s][info][gc,heap        ] GC(901) Eden regions: 715->0(715)
[6717.964s][info][gc,heap        ] GC(901) Survivor regions: 53->53(96)
[6717.964s][info][gc,heap        ] GC(901) Old regions: 210->213
[6717.964s][info][gc,heap        ] GC(901) Humongous regions: 33->33
[6717.964s][info][gc,metaspace   ] GC(901) Metaspace: 29978K(30144K)->29978K(30144K) NonClass: 29978K(30144K)->29978K(30144K) Class: 0K(0K)->0K(0K)
[6717.964s][info][gc             ] GC(901) Pause Young (Normal) (G1 Evacuation Pause) 8063M->2369M(10240M) 172.349ms
[6717.964s][info][gc,cpu         ] GC(901) User=1.35s Sys=0.00s Real=0.17s
....[6721.898s][info][gc,start       ] GC(902) Pause Young (Normal) (G1 Evacuation Pause)
[6721.898s][info][gc,task        ] GC(902) Using 8 workers of 8 for evacuation
[6722.070s][info][gc,phases      ] GC(902)   Pre Evacuate Collection Set: 0.31ms
[6722.071s][info][gc,phases      ] GC(902)   Merge Heap Roots: 0.59ms
[6722.071s][info][gc,phases      ] GC(902)   Evacuate Collection Set: 169.00ms
[6722.071s][info][gc,phases      ] GC(902)   Post Evacuate Collection Set: 1.33ms
[6722.071s][info][gc,phases      ] GC(902)   Other: 0.07ms
[6722.071s][info][gc,heap        ] GC(902) Eden regions: 715->0(714)
[6722.071s][info][gc,heap        ] GC(902) Survivor regions: 53->54(96)
[6722.071s][info][gc,heap        ] GC(902) Old regions: 213->216
[6722.071s][info][gc,heap        ] GC(902) Humongous regions: 33->33
[6722.071s][info][gc,metaspace   ] GC(902) Metaspace: 29978K(30144K)->29978K(30144K) NonClass: 29978K(30144K)->29978K(30144K) Class: 0K(0K)->0K(0K)
[6722.071s][info][gc             ] GC(902) Pause Young (Normal) (G1 Evacuation Pause) 8089M->2395M(10240M) 172.252ms
[6722.071s][info][gc,cpu         ] GC(902) User=1.35s Sys=0.00s Real=0.17s
....[6725.971s][info][gc,start       ] GC(903) Pause Young (Normal) (G1 Evacuation Pause)
[6725.971s][info][gc,task        ] GC(903) Using 8 workers of 8 for evacuation
[6726.142s][info][gc,phases      ] GC(903)   Pre Evacuate Collection Set: 0.28ms
[6726.142s][info][gc,phases      ] GC(903)   Merge Heap Roots: 0.58ms
[6726.142s][info][gc,phases      ] GC(903)   Evacuate Collection Set: 168.46ms
[6726.142s][info][gc,phases      ] GC(903)   Post Evacuate Collection Set: 1.31ms
[6726.142s][info][gc,phases      ] GC(903)   Other: 0.06ms
[6726.142s][info][gc,heap        ] GC(903) Eden regions: 714->0(715)
[6726.142s][info][gc,heap        ] GC(903) Survivor regions: 54->53(96)
[6726.142s][info][gc,heap        ] GC(903) Old regions: 216->219
[6726.142s][info][gc,heap        ] GC(903) Humongous regions: 33->33
[6726.142s][info][gc,metaspace   ] GC(903) Metaspace: 29978K(30144K)->29978K(30144K) NonClass: 29978K(30144K)->29978K(30144K) Class: 0K(0K)->0K(0K)
[6726.142s][info][gc             ] GC(903) Pause Young (Normal) (G1 Evacuation Pause) 8107M->2408M(10240M) 170.823ms
[6726.142s][info][gc,cpu         ] GC(903) User=1.34s Sys=0.00s Real=0.17s
....[6730.048s][info][gc,start       ] GC(904) Pause Young (Normal) (G1 Evacuation Pause)
[6730.048s][info][gc,task        ] GC(904) Using 8 workers of 8 for evacuation
[6730.212s][info][gc,phases      ] GC(904)   Pre Evacuate Collection Set: 0.29ms
[6730.212s][info][gc,phases      ] GC(904)   Merge Heap Roots: 0.59ms
[6730.212s][info][gc,phases      ] GC(904)   Evacuate Collection Set: 161.32ms
[6730.212s][info][gc,phases      ] GC(904)   Post Evacuate Collection Set: 1.31ms
[6730.212s][info][gc,phases      ] GC(904)   Other: 0.07ms
[6730.212s][info][gc,heap        ] GC(904) Eden regions: 715->0(716)
[6730.212s][info][gc,heap        ] GC(904) Survivor regions: 53->52(96)
[6730.212s][info][gc,heap        ] GC(904) Old regions: 219->221
[6730.212s][info][gc,heap        ] GC(904) Humongous regions: 33->33
[6730.212s][info][gc,metaspace   ] GC(904) Metaspace: 29978K(30144K)->29978K(30144K) NonClass: 29978K(30144K)->29978K(30144K) Class: 0K(0K)->0K(0K)
[6730.212s][info][gc             ] GC(904) Pause Young (Normal) (G1 Evacuation Pause) 8128M->2427M(10240M) 163.715ms
[6730.212s][info][gc,cpu         ] GC(904) User=1.29s Sys=0.00s Real=0.16s
....[6734.190s][info][gc,start       ] GC(905) Pause Young (Normal) (G1 Evacuation Pause)
[6734.190s][info][gc,task        ] GC(905) Using 8 workers of 8 for evacuation
[6734.354s][info][gc,phases      ] GC(905)   Pre Evacuate Collection Set: 0.29ms
[6734.354s][info][gc,phases      ] GC(905)   Merge Heap Roots: 0.58ms
[6734.354s][info][gc,phases      ] GC(905)   Evacuate Collection Set: 161.84ms
[6734.354s][info][gc,phases      ] GC(905)   Post Evacuate Collection Set: 1.31ms
[6734.354s][info][gc,phases      ] GC(905)   Other: 0.07ms
[6734.354s][info][gc,heap        ] GC(905) Eden regions: 716->0(715)
[6734.354s][info][gc,heap        ] GC(905) Survivor regions: 52->53(96)
[6734.354s][info][gc,heap        ] GC(905) Old regions: 221->224
[6734.354s][info][gc,heap        ] GC(905) Humongous regions: 33->33
[6734.354s][info][gc,metaspace   ] GC(905) Metaspace: 29978K(30144K)->29978K(30144K) NonClass: 29978K(30144K)->29978K(30144K) Class: 0K(0K)->0K(0K)
[6734.355s][info][gc             ] GC(905) Pause Young (Normal) (G1 Evacuation Pause) 8155M->2452M(10240M) 164.215ms
[6734.355s][info][gc,cpu         ] GC(905) User=1.29s Sys=0.00s Real=0.16s
.. (rIR:aIR:PR = 11623:11709:11710) (tPR = 175031) [OK] 
  6735s: Performance info:
         Transaction,    Success,    Partial,     Failed,   Receipts, AvgBarcode, 
             Overall,     710077,          0,          0,     674732,      59.47, 
         Response times:
             Request,    Success,    Partial,     Failed,   SkipFail,     Probes,    Samples,      min,      p50,      p90,      p95,      p99,      max, 
       TotalPurchase,     674721,          0,          0,          0,     358376,     480848,      300,    13100,    87000,   126000,   206000,  1600000,
     InStorePurchase,     354541,          0,          0,          0,     188772,     253275,      300,    13100,    86000,   125000,   207240,  1600000,
      OnlinePurchase,     248797,          0,          0,          0,     132183,     177281,      300,    13000,    88000,   127000,   210000,  1600000,
        InstPurchase,      71383,          0,          0,          0,      37421,      50292,      500,    13300,    90000,   126000,   195000,  1200000,
          AssocOfCat,        702,          0,          0,          0,        577,        849,    33000,    71000,   132000,   178500,   254000,   517000,
      AssocOfProduct,       7057,          0,          0,          0,       4241,       5980,      900,    13100,    87900,   118000,   193000,   950000,
      BusinessReport,       1762,          0,          0,          0,       1602,       2285,    36000,    79000,   162000,   210000,   278000,   910000,
          CustBuyBeh,       7136,          0,          0,          0,       4232,       5986,      400,    12700,    86000,   117650,   185650,  1200000,
       ProductReturn,      18640,          0,          0,          0,       9550,      13190,      500,    13300,    88000,   131000,   206090,  1600000,

  6735s: (85%)   IR =  11761 ..[6738.260s][info][gc,start       ] GC(906) Pause Young (Normal) (G1 Evacuation Pause)
[6738.260s][info][gc,task        ] GC(906) Using 8 workers of 8 for evacuation
[6738.426s][info][gc,phases      ] GC(906)   Pre Evacuate Collection Set: 0.30ms
[6738.426s][info][gc,phases      ] GC(906)   Merge Heap Roots: 0.59ms
[6738.426s][info][gc,phases      ] GC(906)   Evacuate Collection Set: 163.56ms
[6738.426s][info][gc,phases      ] GC(906)   Post Evacuate Collection Set: 1.27ms
[6738.426s][info][gc,phases      ] GC(906)   Other: 0.06ms
[6738.426s][info][gc,heap        ] GC(906) Eden regions: 715->0(716)
[6738.426s][info][gc,heap        ] GC(906) Survivor regions: 53->52(96)
[6738.426s][info][gc,heap        ] GC(906) Old regions: 224->227
[6738.426s][info][gc,heap        ] GC(906) Humongous regions: 33->33
[6738.426s][info][gc,metaspace   ] GC(906) Metaspace: 29978K(30144K)->29978K(30144K) NonClass: 29978K(30144K)->29978K(30144K) Class: 0K(0K)->0K(0K)
[6738.426s][info][gc             ] GC(906) Pause Young (Normal) (G1 Evacuation Pause) 8172M->2469M(10240M) 165.909ms
[6738.426s][info][gc,cpu         ] GC(906) User=1.31s Sys=0.00s Real=0.17s
....[6742.371s][info][gc,start       ] GC(907) Pause Young (Normal) (G1 Evacuation Pause)
[6742.372s][info][gc,task        ] GC(907) Using 8 workers of 8 for evacuation
[6742.543s][info][gc,phases      ] GC(907)   Pre Evacuate Collection Set: 0.28ms
[6742.543s][info][gc,phases      ] GC(907)   Merge Heap Roots: 0.57ms
[6742.543s][info][gc,phases      ] GC(907)   Evacuate Collection Set: 169.31ms
[6742.543s][info][gc,phases      ] GC(907)   Post Evacuate Collection Set: 1.32ms
[6742.543s][info][gc,phases      ] GC(907)   Other: 0.07ms
[6742.543s][info][gc,heap        ] GC(907) Eden regions: 716->0(715)
[6742.543s][info][gc,heap        ] GC(907) Survivor regions: 52->53(96)
[6742.543s][info][gc,heap        ] GC(907) Old regions: 227->229
[6742.543s][info][gc,heap        ] GC(907) Humongous regions: 33->33
[6742.543s][info][gc,metaspace   ] GC(907) Metaspace: 29978K(30144K)->29978K(30144K) NonClass: 29978K(30144K)->29978K(30144K) Class: 0K(0K)->0K(0K)
[6742.543s][info][gc             ] GC(907) Pause Young (Normal) (G1 Evacuation Pause) 8197M->2499M(10240M) 171.676ms
[6742.543s][info][gc,cpu         ] GC(907) User=1.35s Sys=0.00s Real=0.17s
....|[6746.384s][info][gc,start       ] GC(908) Pause Young (Normal) (G1 Evacuation Pause)
[6746.384s][info][gc,task        ] GC(908) Using 8 workers of 8 for evacuation
[6746.561s][info][gc,phases      ] GC(908)   Pre Evacuate Collection Set: 0.27ms
[6746.561s][info][gc,phases      ] GC(908)   Merge Heap Roots: 0.59ms
[6746.561s][info][gc,phases      ] GC(908)   Evacuate Collection Set: 175.14ms
[6746.561s][info][gc,phases      ] GC(908)   Post Evacuate Collection Set: 1.32ms
[6746.561s][info][gc,phases      ] GC(908)   Other: 0.08ms
[6746.561s][info][gc,heap        ] GC(908) Eden regions: 715->0(713)
[6746.561s][info][gc,heap        ] GC(908) Survivor regions: 53->55(96)
[6746.561s][info][gc,heap        ] GC(908) Old regions: 229->232
[6746.561s][info][gc,heap        ] GC(908) Humongous regions: 33->33
[6746.561s][info][gc,metaspace   ] GC(908) Metaspace: 29978K(30144K)->29978K(30144K) NonClass: 29978K(30144K)->29978K(30144K) Class: 0K(0K)->0K(0K)
[6746.561s][info][gc             ] GC(908) Pause Young (Normal) (G1 Evacuation Pause) 8219M->2537M(10240M) 177.534ms
[6746.562s][info][gc,cpu         ] GC(908) User=1.40s Sys=0.00s Real=0.18s
....[6750.470s][info][gc,start       ] GC(909) Pause Young (Normal) (G1 Evacuation Pause)
[6750.470s][info][gc,task        ] GC(909) Using 8 workers of 8 for evacuation
[6750.639s][info][gc,phases      ] GC(909)   Pre Evacuate Collection Set: 0.28ms
[6750.639s][info][gc,phases      ] GC(909)   Merge Heap Roots: 0.58ms
[6750.639s][info][gc,phases      ] GC(909)   Evacuate Collection Set: 166.80ms
[6750.639s][info][gc,phases      ] GC(909)   Post Evacuate Collection Set: 1.31ms
[6750.639s][info][gc,phases      ] GC(909)   Other: 0.06ms
[6750.639s][info][gc,heap        ] GC(909) Eden regions: 713->0(715)
[6750.639s][info][gc,heap        ] GC(909) Survivor regions: 55->53(96)
[6750.639s][info][gc,heap        ] GC(909) Old regions: 232->235
[6750.639s][info][gc,heap        ] GC(909) Humongous regions: 33->33
[6750.639s][info][gc,metaspace   ] GC(909) Metaspace: 29978K(30144K)->29978K(30144K) NonClass: 29978K(30144K)->29978K(30144K) Class: 0K(0K)->0K(0K)
[6750.639s][info][gc             ] GC(909) Pause Young (Normal) (G1 Evacuation Pause) 8241M->2543M(10240M) 169.164ms
[6750.639s][info][gc,cpu         ] GC(909) User=1.33s Sys=0.00s Real=0.17s
....[6754.640s][info][gc,start       ] GC(910) Pause Young (Normal) (G1 Evacuation Pause)
[6754.640s][info][gc,task        ] GC(910) Using 8 workers of 8 for evacuation
[6754.810s][info][gc,phases      ] GC(910)   Pre Evacuate Collection Set: 0.28ms
[6754.810s][info][gc,phases      ] GC(910)   Merge Heap Roots: 0.57ms
[6754.810s][info][gc,phases      ] GC(910)   Evacuate Collection Set: 168.62ms
[6754.810s][info][gc,phases      ] GC(910)   Post Evacuate Collection Set: 1.33ms
[6754.810s][info][gc,phases      ] GC(910)   Other: 0.06ms
[6754.810s][info][gc,heap        ] GC(910) Eden regions: 715->0(714)
[6754.810s][info][gc,heap        ] GC(910) Survivor regions: 53->54(96)
[6754.810s][info][gc,heap        ] GC(910) Old regions: 235->238
[6754.810s][info][gc,heap        ] GC(910) Humongous regions: 33->33
[6754.810s][info][gc,metaspace   ] GC(910) Metaspace: 29978K(30144K)->29978K(30144K) NonClass: 29978K(30144K)->29978K(30144K) Class: 0K(0K)->0K(0K)
[6754.810s][info][gc             ] GC(910) Pause Young (Normal) (G1 Evacuation Pause) 8263M->2569M(10240M) 170.989ms
[6754.811s][info][gc,cpu         ] GC(910) User=1.34s Sys=0.00s Real=0.17s
....[6758.575s][info][gc,start       ] GC(911) Pause Young (Normal) (G1 Evacuation Pause)
[6758.575s][info][gc,task        ] GC(911) Using 8 workers of 8 for evacuation
[6758.748s][info][gc,phases      ] GC(911)   Pre Evacuate Collection Set: 0.29ms
[6758.748s][info][gc,phases      ] GC(911)   Merge Heap Roots: 0.58ms
[6758.748s][info][gc,phases      ] GC(911)   Evacuate Collection Set: 170.92ms
[6758.748s][info][gc,phases      ] GC(911)   Post Evacuate Collection Set: 1.37ms
[6758.748s][info][gc,phases      ] GC(911)   Other: 0.08ms
[6758.748s][info][gc,heap        ] GC(911) Eden regions: 714->0(714)
[6758.748s][info][gc,heap        ] GC(911) Survivor regions: 54->54(96)
[6758.748s][info][gc,heap        ] GC(911) Old regions: 238->240
[6758.748s][info][gc,heap        ] GC(911) Humongous regions: 33->33
[6758.748s][info][gc,metaspace   ] GC(911) Metaspace: 29980K(30144K)->29980K(30144K) NonClass: 29980K(30144K)->29980K(30144K) Class: 0K(0K)->0K(0K)
[6758.748s][info][gc             ] GC(911) Pause Young (Normal) (G1 Evacuation Pause) 8281M->2595M(10240M) 173.363ms
[6758.749s][info][gc,cpu         ] GC(911) User=1.36s Sys=0.00s Real=0.18s
....[6762.722s][info][gc,start       ] GC(912) Pause Young (Normal) (G1 Evacuation Pause)
[6762.722s][info][gc,task        ] GC(912) Using 8 workers of 8 for evacuation
[6762.894s][info][gc,phases      ] GC(912)   Pre Evacuate Collection Set: 0.30ms
[6762.894s][info][gc,phases      ] GC(912)   Merge Heap Roots: 0.59ms
[6762.894s][info][gc,phases      ] GC(912)   Evacuate Collection Set: 169.04ms
[6762.894s][info][gc,phases      ] GC(912)   Post Evacuate Collection Set: 1.39ms
[6762.894s][info][gc,phases      ] GC(912)   Other: 0.06ms
[6762.894s][info][gc,heap        ] GC(912) Eden regions: 714->0(714)
[6762.894s][info][gc,heap        ] GC(912) Survivor regions: 54->54(96)
[6762.894s][info][gc,heap        ] GC(912) Old regions: 240->243
[6762.894s][info][gc,heap        ] GC(912) Humongous regions: 33->33
[6762.894s][info][gc,metaspace   ] GC(912) Metaspace: 29980K(30144K)->29980K(30144K) NonClass: 29980K(30144K)->29980K(30144K) Class: 0K(0K)->0K(0K)
[6762.894s][info][gc             ] GC(912) Pause Young (Normal) (G1 Evacuation Pause) 8307M->2613M(10240M) 171.518ms
[6762.894s][info][gc,cpu         ] GC(912) User=1.35s Sys=0.00s Real=0.17s
....[6766.683s][info][gc,start       ] GC(913) Pause Young (Normal) (G1 Evacuation Pause)
[6766.683s][info][gc,task        ] GC(913) Using 8 workers of 8 for evacuation
[6766.854s][info][gc,phases      ] GC(913)   Pre Evacuate Collection Set: 0.30ms
[6766.854s][info][gc,phases      ] GC(913)   Merge Heap Roots: 0.58ms
[6766.854s][info][gc,phases      ] GC(913)   Evacuate Collection Set: 168.59ms
[6766.854s][info][gc,phases      ] GC(913)   Post Evacuate Collection Set: 1.36ms
[6766.854s][info][gc,phases      ] GC(913)   Other: 0.06ms
[6766.854s][info][gc,heap        ] GC(913) Eden regions: 714->0(715)
[6766.854s][info][gc,heap        ] GC(913) Survivor regions: 54->53(96)
[6766.854s][info][gc,heap        ] GC(913) Old regions: 243->246
[6766.854s][info][gc,heap        ] GC(913) Humongous regions: 33->33
[6766.854s][info][gc,metaspace   ] GC(913) Metaspace: 29980K(30144K)->29980K(30144K) NonClass: 29980K(30144K)->29980K(30144K) Class: 0K(0K)->0K(0K)
[6766.854s][info][gc             ] GC(913) Pause Young (Normal) (G1 Evacuation Pause) 8325M->2631M(10240M) 171.024ms
[6766.854s][info][gc,cpu         ] GC(913) User=1.34s Sys=0.00s Real=0.17s
....[6770.833s][info][gc,start       ] GC(914) Pause Young (Normal) (G1 Evacuation Pause)
[6770.833s][info][gc,task        ] GC(914) Using 8 workers of 8 for evacuation
[6771.000s][info][gc,phases      ] GC(914)   Pre Evacuate Collection Set: 0.28ms
[6771.000s][info][gc,phases      ] GC(914)   Merge Heap Roots: 0.57ms
[6771.000s][info][gc,phases      ] GC(914)   Evacuate Collection Set: 165.08ms
[6771.000s][info][gc,phases      ] GC(914)   Post Evacuate Collection Set: 1.30ms
[6771.000s][info][gc,phases      ] GC(914)   Other: 0.06ms
[6771.000s][info][gc,heap        ] GC(914) Eden regions: 715->0(714)
[6771.000s][info][gc,heap        ] GC(914) Survivor regions: 53->54(96)
[6771.000s][info][gc,heap        ] GC(914) Old regions: 246->249
[6771.000s][info][gc,heap        ] GC(914) Humongous regions: 33->33
[6771.000s][info][gc,metaspace   ] GC(914) Metaspace: 29980K(30144K)->29980K(30144K) NonClass: 29980K(30144K)->29980K(30144K) Class: 0K(0K)->0K(0K)
[6771.000s][info][gc             ] GC(914) Pause Young (Normal) (G1 Evacuation Pause) 8351M->2657M(10240M) 167.431ms
[6771.000s][info][gc,cpu         ] GC(914) User=1.31s Sys=0.00s Real=0.17s
....[6774.774s][info][gc,start       ] GC(915) Pause Young (Normal) (G1 Evacuation Pause)
[6774.774s][info][gc,task        ] GC(915) Using 8 workers of 8 for evacuation
[6774.946s][info][gc,phases      ] GC(915)   Pre Evacuate Collection Set: 0.29ms
[6774.946s][info][gc,phases      ] GC(915)   Merge Heap Roots: 0.60ms
[6774.946s][info][gc,phases      ] GC(915)   Evacuate Collection Set: 169.40ms
[6774.946s][info][gc,phases      ] GC(915)   Post Evacuate Collection Set: 1.34ms
[6774.946s][info][gc,phases      ] GC(915)   Other: 0.07ms
[6774.946s][info][gc,heap        ] GC(915) Eden regions: 714->0(715)
[6774.946s][info][gc,heap        ] GC(915) Survivor regions: 54->53(96)
[6774.946s][info][gc,heap        ] GC(915) Old regions: 249->251
[6774.946s][info][gc,heap        ] GC(915) Humongous regions: 33->33
[6774.946s][info][gc,metaspace   ] GC(915) Metaspace: 29980K(30144K)->29980K(30144K) NonClass: 29980K(30144K)->29980K(30144K) Class: 0K(0K)->0K(0K)
[6774.946s][info][gc             ] GC(915) Pause Young (Normal) (G1 Evacuation Pause) 8369M->2674M(10240M) 171.840ms
[6774.946s][info][gc,cpu         ] GC(915) User=1.36s Sys=0.00s Real=0.18s
....[6778.991s][info][gc,start       ] GC(916) Pause Young (Normal) (G1 Evacuation Pause)
[6778.991s][info][gc,task        ] GC(916) Using 8 workers of 8 for evacuation
[6779.163s][info][gc,phases      ] GC(916)   Pre Evacuate Collection Set: 0.27ms
[6779.163s][info][gc,phases      ] GC(916)   Merge Heap Roots: 0.59ms
[6779.163s][info][gc,phases      ] GC(916)   Evacuate Collection Set: 169.71ms
[6779.163s][info][gc,phases      ] GC(916)   Post Evacuate Collection Set: 1.36ms
[6779.163s][info][gc,phases      ] GC(916)   Other: 0.06ms
[6779.163s][info][gc,heap        ] GC(916) Eden regions: 715->0(715)
[6779.163s][info][gc,heap        ] GC(916) Survivor regions: 53->53(96)
[6779.163s][info][gc,heap        ] GC(916) Old regions: 251->254
[6779.163s][info][gc,heap        ] GC(916) Humongous regions: 33->33
[6779.163s][info][gc,metaspace   ] GC(916) Metaspace: 29980K(30144K)->29980K(30144K) NonClass: 29980K(30144K)->29980K(30144K) Class: 0K(0K)->0K(0K)
[6779.163s][info][gc             ] GC(916) Pause Young (Normal) (G1 Evacuation Pause) 8394M->2693M(10240M) 172.124ms
[6779.163s][info][gc,cpu         ] GC(916) User=1.36s Sys=0.00s Real=0.17s
....[6783.072s][info][gc,start       ] GC(917) Pause Young (Normal) (G1 Evacuation Pause)
[6783.072s][info][gc,task        ] GC(917) Using 8 workers of 8 for evacuation
[6783.236s][info][gc,phases      ] GC(917)   Pre Evacuate Collection Set: 0.35ms
[6783.236s][info][gc,phases      ] GC(917)   Merge Heap Roots: 0.65ms
[6783.236s][info][gc,phases      ] GC(917)   Evacuate Collection Set: 160.29ms
[6783.236s][info][gc,phases      ] GC(917)   Post Evacuate Collection Set: 1.31ms
[6783.236s][info][gc,phases      ] GC(917)   Other: 0.81ms
[6783.236s][info][gc,heap        ] GC(917) Eden regions: 715->0(717)
[6783.236s][info][gc,heap        ] GC(917) Survivor regions: 53->51(96)
[6783.236s][info][gc,heap        ] GC(917) Old regions: 254->257
[6783.236s][info][gc,heap        ] GC(917) Humongous regions: 33->33
[6783.236s][info][gc,metaspace   ] GC(917) Metaspace: 29980K(30144K)->29980K(30144K) NonClass: 29980K(30144K)->29980K(30144K) Class: 0K(0K)->0K(0K)
[6783.236s][info][gc             ] GC(917) Pause Young (Normal) (G1 Evacuation Pause) 8413M->2698M(10240M) 163.566ms
[6783.236s][info][gc,cpu         ] GC(917) User=1.28s Sys=0.00s Real=0.17s
....[6787.181s][info][gc,start       ] GC(918) Pause Young (Normal) (G1 Evacuation Pause)
[6787.181s][info][gc,task        ] GC(918) Using 8 workers of 8 for evacuation
[6787.346s][info][gc,phases      ] GC(918)   Pre Evacuate Collection Set: 0.32ms
[6787.346s][info][gc,phases      ] GC(918)   Merge Heap Roots: 0.59ms
[6787.346s][info][gc,phases      ] GC(918)   Evacuate Collection Set: 162.88ms
[6787.346s][info][gc,phases      ] GC(918)   Post Evacuate Collection Set: 1.30ms
[6787.346s][info][gc,phases      ] GC(918)   Other: 0.06ms
[6787.346s][info][gc,heap        ] GC(918) Eden regions: 717->0(716)
[6787.346s][info][gc,heap        ] GC(918) Survivor regions: 51->52(96)
[6787.346s][info][gc,heap        ] GC(918) Old regions: 257->260
[6787.346s][info][gc,heap        ] GC(918) Humongous regions: 33->33
[6787.346s][info][gc,metaspace   ] GC(918) Metaspace: 29980K(30144K)->29980K(30144K) NonClass: 29980K(30144K)->29980K(30144K) Class: 0K(0K)->0K(0K)
[6787.346s][info][gc             ] GC(918) Pause Young (Normal) (G1 Evacuation Pause) 8434M->2728M(10240M) 165.286ms
[6787.347s][info][gc,cpu         ] GC(918) User=1.30s Sys=0.00s Real=0.17s
....[6791.333s][info][gc,start       ] GC(919) Pause Young (Normal) (G1 Evacuation Pause)
[6791.333s][info][gc,task        ] GC(919) Using 8 workers of 8 for evacuation
[6791.497s][info][gc,phases      ] GC(919)   Pre Evacuate Collection Set: 0.29ms
[6791.497s][info][gc,phases      ] GC(919)   Merge Heap Roots: 0.62ms
[6791.497s][info][gc,phases      ] GC(919)   Evacuate Collection Set: 162.26ms
[6791.497s][info][gc,phases      ] GC(919)   Post Evacuate Collection Set: 1.34ms
[6791.497s][info][gc,phases      ] GC(919)   Other: 0.08ms
[6791.497s][info][gc,heap        ] GC(919) Eden regions: 716->0(716)
[6791.497s][info][gc,heap        ] GC(919) Survivor regions: 52->52(96)
[6791.497s][info][gc,heap        ] GC(919) Old regions: 260->262
[6791.497s][info][gc,heap        ] GC(919) Humongous regions: 33->33
[6791.497s][info][gc,metaspace   ] GC(919) Metaspace: 29980K(30144K)->29980K(30144K) NonClass: 29980K(30144K)->29980K(30144K) Class: 0K(0K)->0K(0K)
[6791.497s][info][gc             ] GC(919) Pause Young (Normal) (G1 Evacuation Pause) 8456M->2754M(10240M) 164.721ms
[6791.497s][info][gc,cpu         ] GC(919) User=1.29s Sys=0.00s Real=0.17s
....[6795.438s][info][gc,start       ] GC(920) Pause Young (Normal) (G1 Evacuation Pause)
[6795.438s][info][gc,task        ] GC(920) Using 8 workers of 8 for evacuation
[6795.602s][info][gc,phases      ] GC(920)   Pre Evacuate Collection Set: 0.29ms
[6795.602s][info][gc,phases      ] GC(920)   Merge Heap Roots: 0.58ms
[6795.602s][info][gc,phases      ] GC(920)   Evacuate Collection Set: 161.92ms
[6795.602s][info][gc,phases      ] GC(920)   Post Evacuate Collection Set: 1.32ms
[6795.602s][info][gc,phases      ] GC(920)   Other: 0.07ms
[6795.602s][info][gc,heap        ] GC(920) Eden regions: 716->0(715)
[6795.602s][info][gc,heap        ] GC(920) Survivor regions: 52->53(96)
[6795.602s][info][gc,heap        ] GC(920) Old regions: 262->265
[6795.602s][info][gc,heap        ] GC(920) Humongous regions: 33->33
[6795.602s][info][gc,metaspace   ] GC(920) Metaspace: 29980K(30144K)->29980K(30144K) NonClass: 29980K(30144K)->29980K(30144K) Class: 0K(0K)->0K(0K)
[6795.602s][info][gc             ] GC(920) Pause Young (Normal) (G1 Evacuation Pause) 8482M->2779M(10240M) 164.322ms
[6795.602s][info][gc,cpu         ] GC(920) User=1.30s Sys=0.00s Real=0.16s
....[6799.504s][info][gc,start       ] GC(921) Pause Young (Normal) (G1 Evacuation Pause)
[6799.504s][info][gc,task        ] GC(921) Using 8 workers of 8 for evacuation
[6799.674s][info][gc,phases      ] GC(921)   Pre Evacuate Collection Set: 0.28ms
[6799.674s][info][gc,phases      ] GC(921)   Merge Heap Roots: 0.58ms
[6799.674s][info][gc,phases      ] GC(921)   Evacuate Collection Set: 167.73ms
[6799.674s][info][gc,phases      ] GC(921)   Post Evacuate Collection Set: 1.35ms
[6799.674s][info][gc,phases      ] GC(921)   Other: 0.06ms
[6799.674s][info][gc,heap        ] GC(921) Eden regions: 715->0(715)
[6799.674s][info][gc,heap        ] GC(921) Survivor regions: 53->53(96)
[6799.674s][info][gc,heap        ] GC(921) Old regions: 265->268
[6799.674s][info][gc,heap        ] GC(921) Humongous regions: 33->33
[6799.674s][info][gc,metaspace   ] GC(921) Metaspace: 29980K(30144K)->29980K(30144K) NonClass: 29980K(30144K)->29980K(30144K) Class: 0K(0K)->0K(0K)
[6799.674s][info][gc             ] GC(921) Pause Young (Normal) (G1 Evacuation Pause) 8499M->2806M(10240M) 170.131ms
[6799.674s][info][gc,cpu         ] GC(921) User=1.34s Sys=0.00s Real=0.17s
....[6803.488s][info][gc,start       ] GC(922) Pause Young (Normal) (G1 Evacuation Pause)
[6803.488s][info][gc,task        ] GC(922) Using 8 workers of 8 for evacuation
[6803.656s][info][gc,phases      ] GC(922)   Pre Evacuate Collection Set: 0.28ms
[6803.656s][info][gc,phases      ] GC(922)   Merge Heap Roots: 0.59ms
[6803.656s][info][gc,phases      ] GC(922)   Evacuate Collection Set: 165.19ms
[6803.656s][info][gc,phases      ] GC(922)   Post Evacuate Collection Set: 1.33ms
[6803.656s][info][gc,phases      ] GC(922)   Other: 0.08ms
[6803.656s][info][gc,heap        ] GC(922) Eden regions: 715->0(715)
[6803.656s][info][gc,heap        ] GC(922) Survivor regions: 53->53(96)
[6803.656s][info][gc,heap        ] GC(922) Old regions: 268->270
[6803.656s][info][gc,heap        ] GC(922) Humongous regions: 33->33
[6803.656s][info][gc,metaspace   ] GC(922) Metaspace: 29980K(30144K)->29980K(30144K) NonClass: 29980K(30144K)->29980K(30144K) Class: 0K(0K)->0K(0K)
[6803.656s][info][gc             ] GC(922) Pause Young (Normal) (G1 Evacuation Pause) 8526M->2827M(10240M) 167.618ms
[6803.656s][info][gc,cpu         ] GC(922) User=1.32s Sys=0.00s Real=0.17s
... (rIR:aIR:PR = 11761:11753:11753) (tPR = 175115) [OK] 
  6805s: Performance info:
         Transaction,    Success,    Partial,     Failed,   Receipts, AvgBarcode, 
             Overall,     705940,          0,          0,     670475,      59.47, 
         Response times:
             Request,    Success,    Partial,     Failed,   SkipFail,     Probes,    Samples,      min,      p50,      p90,      p95,      p99,      max, 
       TotalPurchase,     670454,          0,          0,          0,     354708,     423326,      300,    12600,    82000,   123000,   186000,  1200000,
     InStorePurchase,     351314,          0,          0,          0,     185652,     221722,      300,    12500,    82000,   123000,   186000,  1200000,
      OnlinePurchase,     248280,          0,          0,          0,     130865,     156006,      300,    12600,    82000,   123000,   186000,  1200000,
        InstPurchase,      70860,          0,          0,          0,      38191,      45598,      500,    12800,    84000,   121000,   186000,  1200000,
          AssocOfCat,        704,          0,          0,          0,        602,        808,    35000,    71000,   138000,   173750,   248910,   595000,
      AssocOfProduct,       7097,          0,          0,          0,       4325,       5349,      700,    12600,    84000,   122000,   177500,   930000,
      BusinessReport,       1767,          0,          0,          0,       1595,       2038,    29000,    76000,   139000,   181000,   247610,   483000,
          CustBuyBeh,       7036,          0,          0,          0,       4312,       5312,      300,    11500,    81000,   118350,   175000,   850000,
       ProductReturn,      18891,          0,          0,          0,       9823,      12065,      200,    11700,    79000,   120000,   182000,   547000,

  6805s: (86%)   IR =  11900 .[6807.531s][info][gc,start       ] GC(923) Pause Young (Normal) (G1 Evacuation Pause)
[6807.531s][info][gc,task        ] GC(923) Using 8 workers of 8 for evacuation
[6807.702s][info][gc,phases      ] GC(923)   Pre Evacuate Collection Set: 0.28ms
[6807.702s][info][gc,phases      ] GC(923)   Merge Heap Roots: 0.58ms
[6807.702s][info][gc,phases      ] GC(923)   Evacuate Collection Set: 168.48ms
[6807.702s][info][gc,phases      ] GC(923)   Post Evacuate Collection Set: 1.36ms
[6807.702s][info][gc,phases      ] GC(923)   Other: 0.07ms
[6807.702s][info][gc,heap        ] GC(923) Eden regions: 715->0(714)
[6807.702s][info][gc,heap        ] GC(923) Survivor regions: 53->54(96)
[6807.702s][info][gc,heap        ] GC(923) Old regions: 270->273
[6807.702s][info][gc,heap        ] GC(923) Humongous regions: 33->33
[6807.702s][info][gc,metaspace   ] GC(923) Metaspace: 29980K(30144K)->29980K(30144K) NonClass: 29980K(30144K)->29980K(30144K) Class: 0K(0K)->0K(0K)
[6807.702s][info][gc             ] GC(923) Pause Young (Normal) (G1 Evacuation Pause) 8547M->2853M(10240M) 170.910ms
[6807.702s][info][gc,cpu         ] GC(923) User=1.34s Sys=0.01s Real=0.17s
....[6811.742s][info][gc,start       ] GC(924) Pause Young (Normal) (G1 Evacuation Pause)
[6811.742s][info][gc,task        ] GC(924) Using 8 workers of 8 for evacuation
[6811.914s][info][gc,phases      ] GC(924)   Pre Evacuate Collection Set: 0.30ms
[6811.914s][info][gc,phases      ] GC(924)   Merge Heap Roots: 0.65ms
[6811.914s][info][gc,phases      ] GC(924)   Evacuate Collection Set: 169.36ms
[6811.914s][info][gc,phases      ] GC(924)   Post Evacuate Collection Set: 1.36ms
[6811.914s][info][gc,phases      ] GC(924)   Other: 0.06ms
[6811.914s][info][gc,heap        ] GC(924) Eden regions: 714->0(714)
[6811.914s][info][gc,heap        ] GC(924) Survivor regions: 54->54(96)
[6811.914s][info][gc,heap        ] GC(924) Old regions: 273->276
[6811.914s][info][gc,heap        ] GC(924) Humongous regions: 33->33
[6811.914s][info][gc,metaspace   ] GC(924) Metaspace: 29980K(30144K)->29980K(30144K) NonClass: 29980K(30144K)->29980K(30144K) Class: 0K(0K)->0K(0K)
[6811.914s][info][gc             ] GC(924) Pause Young (Normal) (G1 Evacuation Pause) 8565M->2879M(10240M) 171.869ms
[6811.914s][info][gc,cpu         ] GC(924) User=1.34s Sys=0.00s Real=0.17s
....[6815.737s][info][gc,start       ] GC(925) Pause Young (Concurrent Start) (G1 Evacuation Pause)
[6815.737s][info][gc,task        ] GC(925) Using 8 workers of 8 for evacuation
[6815.911s][info][gc,phases      ] GC(925)   Pre Evacuate Collection Set: 0.33ms
[6815.911s][info][gc,phases      ] GC(925)   Merge Heap Roots: 0.65ms
[6815.911s][info][gc,phases      ] GC(925)   Evacuate Collection Set: 171.64ms
[6815.911s][info][gc,phases      ] GC(925)   Post Evacuate Collection Set: 1.33ms
[6815.911s][info][gc,phases      ] GC(925)   Other: 0.10ms
[6815.911s][info][gc,heap        ] GC(925) Eden regions: 714->0(714)
[6815.911s][info][gc,heap        ] GC(925) Survivor regions: 54->54(96)
[6815.911s][info][gc,heap        ] GC(925) Old regions: 276->279
[6815.911s][info][gc,heap        ] GC(925) Humongous regions: 33->33
[6815.911s][info][gc,metaspace   ] GC(925) Metaspace: 29980K(30144K)->29980K(30144K) NonClass: 29980K(30144K)->29980K(30144K) Class: 0K(0K)->0K(0K)
[6815.911s][info][gc             ] GC(925) Pause Young (Concurrent Start) (G1 Evacuation Pause) 8591M->2900M(10240M) 174.190ms
[6815.911s][info][gc,cpu         ] GC(925) User=1.37s Sys=0.00s Real=0.17s
[6815.911s][info][gc             ] GC(926) Concurrent Mark Cycle
[6815.911s][info][gc,marking     ] GC(926) Concurrent Scan Root Regions
.[6816.353s][info][gc,marking     ] GC(926) Concurrent Scan Root Regions 441.162ms
[6816.353s][info][gc,marking     ] GC(926) Concurrent Mark
[6816.353s][info][gc,marking     ] GC(926) Concurrent Mark From Roots
[6816.353s][info][gc,task        ] GC(926) Using 2 workers of 2 for marking
.[6817.603s][info][gc,marking     ] GC(926) Concurrent Mark From Roots 1250.425ms
[6817.603s][info][gc,marking     ] GC(926) Concurrent Preclean
[6817.603s][info][gc,marking     ] GC(926) Concurrent Preclean 0.182ms
[6817.603s][info][gc,start       ] GC(926) Pause Remark
[6817.605s][info][gc             ] GC(926) Pause Remark 4804M->4604M(10240M) 1.549ms
[6817.605s][info][gc,cpu         ] GC(926) User=0.01s Sys=0.00s Real=0.00s
[6817.605s][info][gc,marking     ] GC(926) Concurrent Mark 1252.434ms
[6817.605s][info][gc,marking     ] GC(926) Concurrent Rebuild Remembered Sets and Scrub Regions
.[6818.367s][info][gc,marking     ] GC(926) Concurrent Rebuild Remembered Sets and Scrub Regions 762.104ms
[6818.367s][info][gc,start       ] GC(926) Pause Cleanup
[6818.368s][info][gc             ] GC(926) Pause Cleanup 5648M->5648M(10240M) 0.268ms
[6818.368s][info][gc,cpu         ] GC(926) User=0.00s Sys=0.00s Real=0.00s
[6818.368s][info][gc,marking     ] GC(926) Concurrent Clear Claimed Marks
[6818.368s][info][gc,marking     ] GC(926) Concurrent Clear Claimed Marks 0.047ms
[6818.368s][info][gc,marking     ] GC(926) Concurrent Cleanup for Next Mark
[6818.384s][info][gc,marking     ] GC(926) Concurrent Cleanup for Next Mark 16.006ms
[6818.384s][info][gc             ] GC(926) Concurrent Mark Cycle 2472.452ms
..[6820.159s][info][gc,start       ] GC(927) Pause Young (Prepare Mixed) (G1 Evacuation Pause)
[6820.159s][info][gc,task        ] GC(927) Using 8 workers of 8 for evacuation
[6820.333s][info][gc,phases      ] GC(927)   Pre Evacuate Collection Set: 0.29ms
[6820.333s][info][gc,phases      ] GC(927)   Merge Heap Roots: 0.87ms
[6820.333s][info][gc,phases      ] GC(927)   Evacuate Collection Set: 171.07ms
[6820.333s][info][gc,phases      ] GC(927)   Post Evacuate Collection Set: 1.43ms
[6820.333s][info][gc,phases      ] GC(927)   Other: 0.08ms
[6820.333s][info][gc,heap        ] GC(927) Eden regions: 714->0(714)
[6820.333s][info][gc,heap        ] GC(927) Survivor regions: 54->54(96)
[6820.333s][info][gc,heap        ] GC(927) Old regions: 254->256
[6820.333s][info][gc,heap        ] GC(927) Humongous regions: 33->33
[6820.333s][info][gc,metaspace   ] GC(927) Metaspace: 29980K(30144K)->29980K(30144K) NonClass: 29980K(30144K)->29980K(30144K) Class: 0K(0K)->0K(0K)
[6820.333s][info][gc             ] GC(927) Pause Young (Prepare Mixed) (G1 Evacuation Pause) 8412M->2722M(10240M) 173.880ms
[6820.333s][info][gc,cpu         ] GC(927) User=1.37s Sys=0.00s Real=0.17s
...[6823.925s][info][gc,start       ] GC(928) Pause Young (Mixed) (G1 Evacuation Pause)
[6823.925s][info][gc,task        ] GC(928) Using 8 workers of 8 for evacuation
[6824.098s][info][gc,phases      ] GC(928)   Pre Evacuate Collection Set: 0.33ms
[6824.098s][info][gc,phases      ] GC(928)   Merge Heap Roots: 0.83ms
[6824.098s][info][gc,phases      ] GC(928)   Evacuate Collection Set: 168.33ms
[6824.098s][info][gc,phases      ] GC(928)   Merge Optional Heap Roots: 0.10ms
[6824.098s][info][gc,phases      ] GC(928)   Evacuate Optional Collection Set: 2.08ms
[6824.098s][info][gc,phases      ] GC(928)   Post Evacuate Collection Set: 1.57ms
[6824.098s][info][gc,phases      ] GC(928)   Other: 0.08ms
[6824.098s][info][gc,heap        ] GC(928) Eden regions: 714->0(716)
[6824.098s][info][gc,heap        ] GC(928) Survivor regions: 54->52(96)
[6824.098s][info][gc,heap        ] GC(928) Old regions: 256->136
[6824.098s][info][gc,heap        ] GC(928) Humongous regions: 33->33
[6824.098s][info][gc,metaspace   ] GC(928) Metaspace: 29980K(30144K)->29980K(30144K) NonClass: 29980K(30144K)->29980K(30144K) Class: 0K(0K)->0K(0K)
[6824.098s][info][gc             ] GC(928) Pause Young (Mixed) (G1 Evacuation Pause) 8434M->1745M(10240M) 173.479ms
[6824.098s][info][gc,cpu         ] GC(928) User=1.36s Sys=0.00s Real=0.18s
....[6827.720s][info][gc,start       ] GC(929) Pause Young (Mixed) (G1 Evacuation Pause)
[6827.720s][info][gc,task        ] GC(929) Using 8 workers of 8 for evacuation
[6827.893s][info][gc,phases      ] GC(929)   Pre Evacuate Collection Set: 0.30ms
[6827.893s][info][gc,phases      ] GC(929)   Merge Heap Roots: 0.66ms
[6827.893s][info][gc,phases      ] GC(929)   Evacuate Collection Set: 170.59ms
[6827.893s][info][gc,phases      ] GC(929)   Post Evacuate Collection Set: 1.32ms
[6827.893s][info][gc,phases      ] GC(929)   Other: 0.07ms
[6827.893s][info][gc,heap        ] GC(929) Eden regions: 716->0(715)
[6827.893s][info][gc,heap        ] GC(929) Survivor regions: 52->53(96)
[6827.893s][info][gc,heap        ] GC(929) Old regions: 136->134
[6827.893s][info][gc,heap        ] GC(929) Humongous regions: 33->33
[6827.893s][info][gc,metaspace   ] GC(929) Metaspace: 29980K(30144K)->29980K(30144K) NonClass: 29980K(30144K)->29980K(30144K) Class: 0K(0K)->0K(0K)
[6827.893s][info][gc             ] GC(929) Pause Young (Mixed) (G1 Evacuation Pause) 7473M->1734M(10240M) 173.063ms
[6827.893s][info][gc,cpu         ] GC(929) User=1.36s Sys=0.00s Real=0.17s
.|...[6831.734s][info][gc,start       ] GC(930) Pause Young (Normal) (G1 Evacuation Pause)
[6831.734s][info][gc,task        ] GC(930) Using 8 workers of 8 for evacuation
[6831.901s][info][gc,phases      ] GC(930)   Pre Evacuate Collection Set: 0.31ms
[6831.901s][info][gc,phases      ] GC(930)   Merge Heap Roots: 0.56ms
[6831.901s][info][gc,phases      ] GC(930)   Evacuate Collection Set: 164.99ms
[6831.901s][info][gc,phases      ] GC(930)   Post Evacuate Collection Set: 1.29ms
[6831.901s][info][gc,phases      ] GC(930)   Other: 0.07ms
[6831.901s][info][gc,heap        ] GC(930) Eden regions: 715->0(715)
[6831.901s][info][gc,heap        ] GC(930) Survivor regions: 53->53(96)
[6831.901s][info][gc,heap        ] GC(930) Old regions: 134->137
[6831.901s][info][gc,heap        ] GC(930) Humongous regions: 33->33
[6831.901s][info][gc,metaspace   ] GC(930) Metaspace: 29980K(30144K)->29980K(30144K) NonClass: 29980K(30144K)->29980K(30144K) Class: 0K(0K)->0K(0K)
[6831.901s][info][gc             ] GC(930) Pause Young (Normal) (G1 Evacuation Pause) 7454M->1759M(10240M) 167.363ms
[6831.901s][info][gc,cpu         ] GC(930) User=1.32s Sys=0.00s Real=0.17s
....[6835.793s][info][gc,start       ] GC(931) Pause Young (Normal) (G1 Evacuation Pause)
[6835.793s][info][gc,task        ] GC(931) Using 8 workers of 8 for evacuation
[6835.968s][info][gc,phases      ] GC(931)   Pre Evacuate Collection Set: 0.31ms
[6835.968s][info][gc,phases      ] GC(931)   Merge Heap Roots: 0.56ms
[6835.968s][info][gc,phases      ] GC(931)   Evacuate Collection Set: 172.87ms
[6835.968s][info][gc,phases      ] GC(931)   Post Evacuate Collection Set: 1.24ms
[6835.968s][info][gc,phases      ] GC(931)   Other: 0.08ms
[6835.968s][info][gc,heap        ] GC(931) Eden regions: 715->0(714)
[6835.968s][info][gc,heap        ] GC(931) Survivor regions: 53->54(96)
[6835.968s][info][gc,heap        ] GC(931) Old regions: 137->140
[6835.968s][info][gc,heap        ] GC(931) Humongous regions: 33->33
[6835.968s][info][gc,metaspace   ] GC(931) Metaspace: 29980K(30144K)->29980K(30144K) NonClass: 29980K(30144K)->29980K(30144K) Class: 0K(0K)->0K(0K)
[6835.968s][info][gc             ] GC(931) Pause Young (Normal) (G1 Evacuation Pause) 7479M->1789M(10240M) 175.186ms
[6835.968s][info][gc,cpu         ] GC(931) User=1.38s Sys=0.01s Real=0.18s
....[6839.648s][info][gc,start       ] GC(932) Pause Young (Normal) (G1 Evacuation Pause)
[6839.648s][info][gc,task        ] GC(932) Using 8 workers of 8 for evacuation
[6839.816s][info][gc,phases      ] GC(932)   Pre Evacuate Collection Set: 0.29ms
[6839.816s][info][gc,phases      ] GC(932)   Merge Heap Roots: 0.56ms
[6839.816s][info][gc,phases      ] GC(932)   Evacuate Collection Set: 165.63ms
[6839.816s][info][gc,phases      ] GC(932)   Post Evacuate Collection Set: 1.32ms
[6839.816s][info][gc,phases      ] GC(932)   Other: 0.07ms
[6839.816s][info][gc,heap        ] GC(932) Eden regions: 714->0(714)
[6839.816s][info][gc,heap        ] GC(932) Survivor regions: 54->54(96)
[6839.816s][info][gc,heap        ] GC(932) Old regions: 140->142
[6839.816s][info][gc,heap        ] GC(932) Humongous regions: 33->33
[6839.816s][info][gc,metaspace   ] GC(932) Metaspace: 29980K(30144K)->29980K(30144K) NonClass: 29980K(30144K)->29980K(30144K) Class: 0K(0K)->0K(0K)
[6839.816s][info][gc             ] GC(932) Pause Young (Normal) (G1 Evacuation Pause) 7501M->1807M(10240M) 168.001ms
[6839.816s][info][gc,cpu         ] GC(932) User=1.32s Sys=0.00s Real=0.17s
....[6843.679s][info][gc,start       ] GC(933) Pause Young (Normal) (G1 Evacuation Pause)
[6843.680s][info][gc,task        ] GC(933) Using 8 workers of 8 for evacuation
[6843.852s][info][gc,phases      ] GC(933)   Pre Evacuate Collection Set: 0.29ms
[6843.853s][info][gc,phases      ] GC(933)   Merge Heap Roots: 0.56ms
[6843.853s][info][gc,phases      ] GC(933)   Evacuate Collection Set: 170.78ms
[6843.853s][info][gc,phases      ] GC(933)   Post Evacuate Collection Set: 1.29ms
[6843.853s][info][gc,phases      ] GC(933)   Other: 0.06ms
[6843.853s][info][gc,heap        ] GC(933) Eden regions: 714->0(714)
[6843.853s][info][gc,heap        ] GC(933) Survivor regions: 54->54(96)
[6843.853s][info][gc,heap        ] GC(933) Old regions: 142->145
[6843.853s][info][gc,heap        ] GC(933) Humongous regions: 33->33
[6843.853s][info][gc,metaspace   ] GC(933) Metaspace: 29980K(30144K)->29980K(30144K) NonClass: 29980K(30144K)->29980K(30144K) Class: 0K(0K)->0K(0K)
[6843.853s][info][gc             ] GC(933) Pause Young (Normal) (G1 Evacuation Pause) 7519M->1833M(10240M) 173.105ms
[6843.853s][info][gc,cpu         ] GC(933) User=1.36s Sys=0.00s Real=0.17s
....[6847.831s][info][gc,start       ] GC(934) Pause Young (Normal) (G1 Evacuation Pause)
[6847.831s][info][gc,task        ] GC(934) Using 8 workers of 8 for evacuation
[6847.999s][info][gc,phases      ] GC(934)   Pre Evacuate Collection Set: 0.29ms
[6847.999s][info][gc,phases      ] GC(934)   Merge Heap Roots: 0.57ms
[6847.999s][info][gc,phases      ] GC(934)   Evacuate Collection Set: 166.06ms
[6847.999s][info][gc,phases      ] GC(934)   Post Evacuate Collection Set: 1.31ms
[6847.999s][info][gc,phases      ] GC(934)   Other: 0.06ms
[6847.999s][info][gc,heap        ] GC(934) Eden regions: 714->0(715)
[6847.999s][info][gc,heap        ] GC(934) Survivor regions: 54->53(96)
[6847.999s][info][gc,heap        ] GC(934) Old regions: 145->148
[6847.999s][info][gc,heap        ] GC(934) Humongous regions: 33->33
[6847.999s][info][gc,metaspace   ] GC(934) Metaspace: 29980K(30144K)->29980K(30144K) NonClass: 29980K(30144K)->29980K(30144K) Class: 0K(0K)->0K(0K)
[6847.999s][info][gc             ] GC(934) Pause Young (Normal) (G1 Evacuation Pause) 7545M->1847M(10240M) 168.433ms
[6847.999s][info][gc,cpu         ] GC(934) User=1.32s Sys=0.00s Real=0.17s
....[6851.773s][info][gc,start       ] GC(935) Pause Young (Normal) (G1 Evacuation Pause)
[6851.773s][info][gc,task        ] GC(935) Using 8 workers of 8 for evacuation
[6851.947s][info][gc,phases      ] GC(935)   Pre Evacuate Collection Set: 0.29ms
[6851.947s][info][gc,phases      ] GC(935)   Merge Heap Roots: 0.55ms
[6851.947s][info][gc,phases      ] GC(935)   Evacuate Collection Set: 171.98ms
[6851.947s][info][gc,phases      ] GC(935)   Post Evacuate Collection Set: 1.31ms
[6851.947s][info][gc,phases      ] GC(935)   Other: 0.07ms
[6851.947s][info][gc,heap        ] GC(935) Eden regions: 715->0(714)
[6851.947s][info][gc,heap        ] GC(935) Survivor regions: 53->54(96)
[6851.947s][info][gc,heap        ] GC(935) Old regions: 148->151
[6851.947s][info][gc,heap        ] GC(935) Humongous regions: 33->33
[6851.947s][info][gc,metaspace   ] GC(935) Metaspace: 29980K(30144K)->29980K(30144K) NonClass: 29980K(30144K)->29980K(30144K) Class: 0K(0K)->0K(0K)
[6851.947s][info][gc             ] GC(935) Pause Young (Normal) (G1 Evacuation Pause) 7567M->1874M(10240M) 174.333ms
[6851.947s][info][gc,cpu         ] GC(935) User=1.37s Sys=0.00s Real=0.18s
....[6855.823s][info][gc,start       ] GC(936) Pause Young (Normal) (G1 Evacuation Pause)
[6855.823s][info][gc,task        ] GC(936) Using 8 workers of 8 for evacuation
[6855.992s][info][gc,phases      ] GC(936)   Pre Evacuate Collection Set: 0.27ms
[6855.992s][info][gc,phases      ] GC(936)   Merge Heap Roots: 0.55ms
[6855.992s][info][gc,phases      ] GC(936)   Evacuate Collection Set: 167.49ms
[6855.992s][info][gc,phases      ] GC(936)   Post Evacuate Collection Set: 1.30ms
[6855.992s][info][gc,phases      ] GC(936)   Other: 0.06ms
[6855.993s][info][gc,heap        ] GC(936) Eden regions: 714->0(715)
[6855.993s][info][gc,heap        ] GC(936) Survivor regions: 54->53(96)
[6855.993s][info][gc,heap        ] GC(936) Old regions: 151->154
[6855.993s][info][gc,heap        ] GC(936) Humongous regions: 33->33
[6855.993s][info][gc,metaspace   ] GC(936) Metaspace: 29980K(30144K)->29980K(30144K) NonClass: 29980K(30144K)->29980K(30144K) Class: 0K(0K)->0K(0K)
[6855.993s][info][gc             ] GC(936) Pause Young (Normal) (G1 Evacuation Pause) 7586M->1892M(10240M) 169.812ms
[6855.993s][info][gc,cpu         ] GC(936) User=1.33s Sys=0.00s Real=0.17s
....[6859.827s][info][gc,start       ] GC(937) Pause Young (Normal) (G1 Evacuation Pause)
[6859.827s][info][gc,task        ] GC(937) Using 8 workers of 8 for evacuation
[6860.000s][info][gc,phases      ] GC(937)   Pre Evacuate Collection Set: 0.30ms
[6860.000s][info][gc,phases      ] GC(937)   Merge Heap Roots: 0.57ms
[6860.000s][info][gc,phases      ] GC(937)   Evacuate Collection Set: 170.58ms
[6860.000s][info][gc,phases      ] GC(937)   Post Evacuate Collection Set: 1.29ms
[6860.000s][info][gc,phases      ] GC(937)   Other: 0.06ms
[6860.000s][info][gc,heap        ] GC(937) Eden regions: 715->0(714)
[6860.000s][info][gc,heap        ] GC(937) Survivor regions: 53->54(96)
[6860.000s][info][gc,heap        ] GC(937) Old regions: 154->156
[6860.000s][info][gc,heap        ] GC(937) Humongous regions: 33->33
[6860.000s][info][gc,metaspace   ] GC(937) Metaspace: 29980K(30144K)->29980K(30144K) NonClass: 29980K(30144K)->29980K(30144K) Class: 0K(0K)->0K(0K)
[6860.000s][info][gc             ] GC(937) Pause Young (Normal) (G1 Evacuation Pause) 7612M->1917M(10240M) 172.947ms
[6860.000s][info][gc,cpu         ] GC(937) User=1.35s Sys=0.01s Real=0.17s
....[6863.921s][info][gc,start       ] GC(938) Pause Young (Normal) (G1 Evacuation Pause)
[6863.921s][info][gc,task        ] GC(938) Using 8 workers of 8 for evacuation
[6864.088s][info][gc,phases      ] GC(938)   Pre Evacuate Collection Set: 0.30ms
[6864.088s][info][gc,phases      ] GC(938)   Merge Heap Roots: 0.57ms
[6864.088s][info][gc,phases      ] GC(938)   Evacuate Collection Set: 164.08ms
[6864.088s][info][gc,phases      ] GC(938)   Post Evacuate Collection Set: 1.31ms
[6864.088s][info][gc,phases      ] GC(938)   Other: 0.06ms
[6864.088s][info][gc,heap        ] GC(938) Eden regions: 714->0(716)
[6864.088s][info][gc,heap        ] GC(938) Survivor regions: 54->52(96)
[6864.088s][info][gc,heap        ] GC(938) Old regions: 156->159
[6864.088s][info][gc,heap        ] GC(938) Humongous regions: 33->33
[6864.088s][info][gc,metaspace   ] GC(938) Metaspace: 29980K(30144K)->29980K(30144K) NonClass: 29980K(30144K)->29980K(30144K) Class: 0K(0K)->0K(0K)
[6864.088s][info][gc             ] GC(938) Pause Young (Normal) (G1 Evacuation Pause) 7629M->1927M(10240M) 166.452ms
[6864.088s][info][gc,cpu         ] GC(938) User=1.31s Sys=0.00s Real=0.17s
....[6868.076s][info][gc,start       ] GC(939) Pause Young (Normal) (G1 Evacuation Pause)
[6868.076s][info][gc,task        ] GC(939) Using 8 workers of 8 for evacuation
[6868.246s][info][gc,phases      ] GC(939)   Pre Evacuate Collection Set: 0.29ms
[6868.246s][info][gc,phases      ] GC(939)   Merge Heap Roots: 0.55ms
[6868.246s][info][gc,phases      ] GC(939)   Evacuate Collection Set: 168.11ms
[6868.246s][info][gc,phases      ] GC(939)   Post Evacuate Collection Set: 1.26ms
[6868.246s][info][gc,phases      ] GC(939)   Other: 0.06ms
[6868.246s][info][gc,heap        ] GC(939) Eden regions: 716->0(715)
[6868.246s][info][gc,heap        ] GC(939) Survivor regions: 52->53(96)
[6868.246s][info][gc,heap        ] GC(939) Old regions: 159->162
[6868.246s][info][gc,heap        ] GC(939) Humongous regions: 33->33
[6868.246s][info][gc,metaspace   ] GC(939) Metaspace: 29980K(30144K)->29980K(30144K) NonClass: 29980K(30144K)->29980K(30144K) Class: 0K(0K)->0K(0K)
[6868.246s][info][gc             ] GC(939) Pause Young (Normal) (G1 Evacuation Pause) 7655M->1959M(10240M) 170.407ms
[6868.246s][info][gc,cpu         ] GC(939) User=1.34s Sys=0.00s Real=0.18s
....[6872.051s][info][gc,start       ] GC(940) Pause Young (Normal) (G1 Evacuation Pause)
[6872.051s][info][gc,task        ] GC(940) Using 8 workers of 8 for evacuation
[6872.214s][info][gc,phases      ] GC(940)   Pre Evacuate Collection Set: 0.29ms
[6872.214s][info][gc,phases      ] GC(940)   Merge Heap Roots: 0.56ms
[6872.214s][info][gc,phases      ] GC(940)   Evacuate Collection Set: 161.13ms
[6872.214s][info][gc,phases      ] GC(940)   Post Evacuate Collection Set: 1.30ms
[6872.214s][info][gc,phases      ] GC(940)   Other: 0.06ms
[6872.214s][info][gc,heap        ] GC(940) Eden regions: 715->0(717)
[6872.214s][info][gc,heap        ] GC(940) Survivor regions: 53->51(96)
[6872.214s][info][gc,heap        ] GC(940) Old regions: 162->165
[6872.214s][info][gc,heap        ] GC(940) Humongous regions: 33->33
[6872.214s][info][gc,metaspace   ] GC(940) Metaspace: 29980K(30144K)->29980K(30144K) NonClass: 29980K(30144K)->29980K(30144K) Class: 0K(0K)->0K(0K)
[6872.214s][info][gc             ] GC(940) Pause Young (Normal) (G1 Evacuation Pause) 7679M->1964M(10240M) 163.493ms
[6872.214s][info][gc,cpu         ] GC(940) User=1.28s Sys=0.01s Real=0.16s
....[6875.960s][info][gc,start       ] GC(941) Pause Young (Normal) (G1 Evacuation Pause)
[6875.960s][info][gc,task        ] GC(941) Using 8 workers of 8 for evacuation
[6876.126s][info][gc,phases      ] GC(941)   Pre Evacuate Collection Set: 0.28ms
[6876.126s][info][gc,phases      ] GC(941)   Merge Heap Roots: 0.56ms
[6876.126s][info][gc,phases      ] GC(941)   Evacuate Collection Set: 163.87ms
[6876.126s][info][gc,phases      ] GC(941)   Post Evacuate Collection Set: 1.32ms
[6876.126s][info][gc,phases      ] GC(941)   Other: 0.07ms
[6876.126s][info][gc,heap        ] GC(941) Eden regions: 717->0(715)
[6876.126s][info][gc,heap        ] GC(941) Survivor regions: 51->53(96)
[6876.126s][info][gc,heap        ] GC(941) Old regions: 165->167
[6876.126s][info][gc,heap        ] GC(941) Humongous regions: 33->33
[6876.126s][info][gc,metaspace   ] GC(941) Metaspace: 29980K(30144K)->29980K(30144K) NonClass: 29980K(30144K)->29980K(30144K) Class: 0K(0K)->0K(0K)
[6876.126s][info][gc             ] GC(941) Pause Young (Normal) (G1 Evacuation Pause) 7700M->1997M(10240M) 166.244ms
[6876.126s][info][gc,cpu         ] GC(941) User=1.30s Sys=0.01s Real=0.17s
....[6879.875s][info][gc,start       ] GC(942) Pause Young (Normal) (G1 Evacuation Pause)
[6879.875s][info][gc,task        ] GC(942) Using 8 workers of 8 for evacuation
[6880.043s][info][gc,phases      ] GC(942)   Pre Evacuate Collection Set: 0.28ms
[6880.043s][info][gc,phases      ] GC(942)   Merge Heap Roots: 0.56ms
[6880.043s][info][gc,phases      ] GC(942)   Evacuate Collection Set: 165.17ms
[6880.043s][info][gc,phases      ] GC(942)   Post Evacuate Collection Set: 1.29ms
[6880.043s][info][gc,phases      ] GC(942)   Other: 0.06ms
[6880.043s][info][gc,heap        ] GC(942) Eden regions: 715->0(716)
[6880.043s][info][gc,heap        ] GC(942) Survivor regions: 53->52(96)
[6880.043s][info][gc,heap        ] GC(942) Old regions: 167->170
[6880.043s][info][gc,heap        ] GC(942) Humongous regions: 33->33
[6880.043s][info][gc,metaspace   ] GC(942) Metaspace: 29980K(30144K)->29980K(30144K) NonClass: 29980K(30144K)->29980K(30144K) Class: 0K(0K)->0K(0K)
[6880.043s][info][gc             ] GC(942) Pause Young (Normal) (G1 Evacuation Pause) 7717M->2014M(10240M) 167.497ms
[6880.043s][info][gc,cpu         ] GC(942) User=1.32s Sys=0.00s Real=0.17s
....[6883.817s][info][gc,start       ] GC(943) Pause Young (Normal) (G1 Evacuation Pause)
[6883.817s][info][gc,task        ] GC(943) Using 8 workers of 8 for evacuation
[6883.995s][info][gc,phases      ] GC(943)   Pre Evacuate Collection Set: 0.25ms
[6883.995s][info][gc,phases      ] GC(943)   Merge Heap Roots: 0.56ms
[6883.995s][info][gc,phases      ] GC(943)   Evacuate Collection Set: 175.56ms
[6883.995s][info][gc,phases      ] GC(943)   Post Evacuate Collection Set: 1.25ms
[6883.995s][info][gc,phases      ] GC(943)   Other: 0.07ms
[6883.995s][info][gc,heap        ] GC(943) Eden regions: 716->0(713)
[6883.995s][info][gc,heap        ] GC(943) Survivor regions: 52->55(96)
[6883.995s][info][gc,heap        ] GC(943) Old regions: 170->172
[6883.995s][info][gc,heap        ] GC(943) Humongous regions: 33->33
[6883.995s][info][gc,metaspace   ] GC(943) Metaspace: 29980K(30144K)->29980K(30144K) NonClass: 29980K(30144K)->29980K(30144K) Class: 0K(0K)->0K(0K)
[6883.995s][info][gc             ] GC(943) Pause Young (Normal) (G1 Evacuation Pause) 7742M->2055M(10240M) 177.822ms
[6883.995s][info][gc,cpu         ] GC(943) User=1.40s Sys=0.00s Real=0.17s
....[6887.899s][info][gc,start       ] GC(944) Pause Young (Normal) (G1 Evacuation Pause)
[6887.899s][info][gc,task        ] GC(944) Using 8 workers of 8 for evacuation
[6888.070s][info][gc,phases      ] GC(944)   Pre Evacuate Collection Set: 0.27ms
[6888.071s][info][gc,phases      ] GC(944)   Merge Heap Roots: 0.56ms
[6888.071s][info][gc,phases      ] GC(944)   Evacuate Collection Set: 169.10ms
[6888.071s][info][gc,phases      ] GC(944)   Post Evacuate Collection Set: 1.30ms
[6888.071s][info][gc,phases      ] GC(944)   Other: 0.07ms
[6888.071s][info][gc,heap        ] GC(944) Eden regions: 713->0(714)
[6888.071s][info][gc,heap        ] GC(944) Survivor regions: 55->54(96)
[6888.071s][info][gc,heap        ] GC(944) Old regions: 172->175
[6888.071s][info][gc,heap        ] GC(944) Humongous regions: 33->33
[6888.071s][info][gc,metaspace   ] GC(944) Metaspace: 29980K(30144K)->29980K(30144K) NonClass: 29980K(30144K)->29980K(30144K) Class: 0K(0K)->0K(0K)
[6888.071s][info][gc             ] GC(944) Pause Young (Normal) (G1 Evacuation Pause) 7759M->2073M(10240M) 171.454ms
[6888.071s][info][gc,cpu         ] GC(944) User=1.35s Sys=0.00s Real=0.17s
. (rIR:aIR:PR = 11900:11947:11953) (tPR = 178340) [OK] 
  6888s: Performance info:
         Transaction,    Success,    Partial,     Failed,   Receipts, AvgBarcode, 
             Overall,     719054,          0,          0,     683208,      59.48, 
         Response times:
             Request,    Success,    Partial,     Failed,   SkipFail,     Probes,    Samples,      min,      p50,      p90,      p95,      p99,      max, 
       TotalPurchase,     682875,          0,          0,          0,     351344,     496201,      300,    17200,   135000,   210000,   439000,  5200000,
     InStorePurchase,     357280,          0,          0,          0,     184978,     261012,      300,    17200,   137000,   211000,   446000,  5200000,
      OnlinePurchase,     254267,          0,          0,          0,     129119,     182463,      300,    17200,   132000,   206000,   429000,  5200000,
        InstPurchase,      71328,          0,          0,          0,      37247,      52726,      500,    17300,   136000,   215650,   430000,  5200000,
          AssocOfCat,        717,          0,          0,          0,        605,       1013,    34000,    79000,   233200,   374600,   558160,   670000,
      AssocOfProduct,       7070,          0,          0,          0,       4472,       6453,      800,    18400,   134000,   216300,   454460,  1700000,
      BusinessReport,       1785,          0,          0,          0,       1629,       2501,    35000,    85000,   215800,   276600,   555820,  2900000,
          CustBuyBeh,       7097,          0,          0,          0,       4295,       6323,      300,    18500,   142000,   217800,   472360,   770000,
       ProductReturn,      19163,          0,          0,          0,       9904,      14399,      200,    17300,   140000,   219000,   487000,  5000000,

  6888s: (87%)   IR =  12038 ...[6892.050s][info][gc,start       ] GC(945) Pause Young (Normal) (G1 Evacuation Pause)
[6892.050s][info][gc,task        ] GC(945) Using 8 workers of 8 for evacuation
[6892.216s][info][gc,phases      ] GC(945)   Pre Evacuate Collection Set: 0.29ms
[6892.216s][info][gc,phases      ] GC(945)   Merge Heap Roots: 0.57ms
[6892.216s][info][gc,phases      ] GC(945)   Evacuate Collection Set: 163.19ms
[6892.216s][info][gc,phases      ] GC(945)   Post Evacuate Collection Set: 1.28ms
[6892.216s][info][gc,phases      ] GC(945)   Other: 0.07ms
[6892.216s][info][gc,heap        ] GC(945) Eden regions: 714->0(715)
[6892.216s][info][gc,heap        ] GC(945) Survivor regions: 54->53(96)
[6892.216s][info][gc,heap        ] GC(945) Old regions: 175->178
[6892.216s][info][gc,heap        ] GC(945) Humongous regions: 33->33
[6892.216s][info][gc,metaspace   ] GC(945) Metaspace: 29980K(30144K)->29980K(30144K) NonClass: 29980K(30144K)->29980K(30144K) Class: 0K(0K)->0K(0K)
[6892.216s][info][gc             ] GC(945) Pause Young (Normal) (G1 Evacuation Pause) 7785M->2083M(10240M) 165.531ms
[6892.216s][info][gc,cpu         ] GC(945) User=1.30s Sys=0.00s Real=0.17s
....[6896.055s][info][gc,start       ] GC(946) Pause Young (Normal) (G1 Evacuation Pause)
[6896.056s][info][gc,task        ] GC(946) Using 8 workers of 8 for evacuation
[6896.228s][info][gc,phases      ] GC(946)   Pre Evacuate Collection Set: 0.29ms
[6896.228s][info][gc,phases      ] GC(946)   Merge Heap Roots: 0.56ms
[6896.228s][info][gc,phases      ] GC(946)   Evacuate Collection Set: 170.22ms
[6896.228s][info][gc,phases      ] GC(946)   Post Evacuate Collection Set: 1.30ms
[6896.228s][info][gc,phases      ] GC(946)   Other: 0.06ms
[6896.228s][info][gc,heap        ] GC(946) Eden regions: 715->0(715)
[6896.228s][info][gc,heap        ] GC(946) Survivor regions: 53->53(96)
[6896.228s][info][gc,heap        ] GC(946) Old regions: 178->181
[6896.228s][info][gc,heap        ] GC(946) Humongous regions: 33->33
[6896.228s][info][gc,metaspace   ] GC(946) Metaspace: 29980K(30144K)->29980K(30144K) NonClass: 29980K(30144K)->29980K(30144K) Class: 0K(0K)->0K(0K)
[6896.228s][info][gc             ] GC(946) Pause Young (Normal) (G1 Evacuation Pause) 7803M->2109M(10240M) 172.573ms
[6896.228s][info][gc,cpu         ] GC(946) User=1.35s Sys=0.01s Real=0.18s
....[6900.046s][info][gc,start       ] GC(947) Pause Young (Normal) (G1 Evacuation Pause)
[6900.046s][info][gc,task        ] GC(947) Using 8 workers of 8 for evacuation
[6900.210s][info][gc,phases      ] GC(947)   Pre Evacuate Collection Set: 0.33ms
[6900.210s][info][gc,phases      ] GC(947)   Merge Heap Roots: 0.56ms
[6900.210s][info][gc,phases      ] GC(947)   Evacuate Collection Set: 161.00ms
[6900.210s][info][gc,phases      ] GC(947)   Post Evacuate Collection Set: 1.32ms
[6900.210s][info][gc,phases      ] GC(947)   Other: 0.06ms
[6900.210s][info][gc,heap        ] GC(947) Eden regions: 715->0(716)
[6900.210s][info][gc,heap        ] GC(947) Survivor regions: 53->52(96)
[6900.210s][info][gc,heap        ] GC(947) Old regions: 181->183
[6900.210s][info][gc,heap        ] GC(947) Humongous regions: 33->33
[6900.210s][info][gc,metaspace   ] GC(947) Metaspace: 29980K(30144K)->29980K(30144K) NonClass: 29980K(30144K)->29980K(30144K) Class: 0K(0K)->0K(0K)
[6900.210s][info][gc             ] GC(947) Pause Young (Normal) (G1 Evacuation Pause) 7829M->2123M(10240M) 163.417ms
[6900.210s][info][gc,cpu         ] GC(947) User=1.28s Sys=0.00s Real=0.16s
....[6904.032s][info][gc,start       ] GC(948) Pause Young (Normal) (G1 Evacuation Pause)
[6904.032s][info][gc,task        ] GC(948) Using 8 workers of 8 for evacuation
[6904.200s][info][gc,phases      ] GC(948)   Pre Evacuate Collection Set: 0.29ms
[6904.200s][info][gc,phases      ] GC(948)   Merge Heap Roots: 0.56ms
[6904.200s][info][gc,phases      ] GC(948)   Evacuate Collection Set: 165.68ms
[6904.200s][info][gc,phases      ] GC(948)   Post Evacuate Collection Set: 1.25ms
[6904.200s][info][gc,phases      ] GC(948)   Other: 0.06ms
[6904.200s][info][gc,heap        ] GC(948) Eden regions: 716->0(715)
[6904.200s][info][gc,heap        ] GC(948) Survivor regions: 52->53(96)
[6904.200s][info][gc,heap        ] GC(948) Old regions: 183->186
[6904.200s][info][gc,heap        ] GC(948) Humongous regions: 33->33
[6904.200s][info][gc,metaspace   ] GC(948) Metaspace: 29980K(30144K)->29980K(30144K) NonClass: 29980K(30144K)->29980K(30144K) Class: 0K(0K)->0K(0K)
[6904.200s][info][gc             ] GC(948) Pause Young (Normal) (G1 Evacuation Pause) 7851M->2150M(10240M) 167.968ms
[6904.200s][info][gc,cpu         ] GC(948) User=1.33s Sys=0.01s Real=0.17s
....|[6908.017s][info][gc,start       ] GC(949) Pause Young (Normal) (G1 Evacuation Pause)
[6908.017s][info][gc,task        ] GC(949) Using 8 workers of 8 for evacuation
[6908.184s][info][gc,phases      ] GC(949)   Pre Evacuate Collection Set: 0.28ms
[6908.184s][info][gc,phases      ] GC(949)   Merge Heap Roots: 0.57ms
[6908.184s][info][gc,phases      ] GC(949)   Evacuate Collection Set: 164.47ms
[6908.184s][info][gc,phases      ] GC(949)   Post Evacuate Collection Set: 1.32ms
[6908.184s][info][gc,phases      ] GC(949)   Other: 0.08ms
[6908.184s][info][gc,heap        ] GC(949) Eden regions: 715->0(716)
[6908.184s][info][gc,heap        ] GC(949) Survivor regions: 53->52(96)
[6908.184s][info][gc,heap        ] GC(949) Old regions: 186->189
[6908.184s][info][gc,heap        ] GC(949) Humongous regions: 33->33
[6908.184s][info][gc,metaspace   ] GC(949) Metaspace: 29980K(30144K)->29980K(30144K) NonClass: 29980K(30144K)->29980K(30144K) Class: 0K(0K)->0K(0K)
[6908.184s][info][gc             ] GC(949) Pause Young (Normal) (G1 Evacuation Pause) 7870M->2165M(10240M) 166.857ms
[6908.184s][info][gc,cpu         ] GC(949) User=1.31s Sys=0.00s Real=0.16s
....[6912.067s][info][gc,start       ] GC(950) Pause Young (Normal) (G1 Evacuation Pause)
[6912.067s][info][gc,task        ] GC(950) Using 8 workers of 8 for evacuation
[6912.233s][info][gc,phases      ] GC(950)   Pre Evacuate Collection Set: 0.29ms
[6912.233s][info][gc,phases      ] GC(950)   Merge Heap Roots: 0.56ms
[6912.233s][info][gc,phases      ] GC(950)   Evacuate Collection Set: 163.36ms
[6912.233s][info][gc,phases      ] GC(950)   Post Evacuate Collection Set: 1.30ms
[6912.233s][info][gc,phases      ] GC(950)   Other: 0.06ms
[6912.233s][info][gc,heap        ] GC(950) Eden regions: 716->0(715)
[6912.233s][info][gc,heap        ] GC(950) Survivor regions: 52->53(96)
[6912.233s][info][gc,heap        ] GC(950) Old regions: 189->192
[6912.233s][info][gc,heap        ] GC(950) Humongous regions: 33->33
[6912.233s][info][gc,metaspace   ] GC(950) Metaspace: 29980K(30144K)->29980K(30144K) NonClass: 29980K(30144K)->29980K(30144K) Class: 0K(0K)->0K(0K)
[6912.233s][info][gc             ] GC(950) Pause Young (Normal) (G1 Evacuation Pause) 7893M->2199M(10240M) 165.725ms
[6912.233s][info][gc,cpu         ] GC(950) User=1.30s Sys=0.01s Real=0.16s
....[6916.158s][info][gc,start       ] GC(951) Pause Young (Normal) (G1 Evacuation Pause)
[6916.158s][info][gc,task        ] GC(951) Using 8 workers of 8 for evacuation
[6916.325s][info][gc,phases      ] GC(951)   Pre Evacuate Collection Set: 0.30ms
[6916.325s][info][gc,phases      ] GC(951)   Merge Heap Roots: 0.55ms
[6916.325s][info][gc,phases      ] GC(951)   Evacuate Collection Set: 165.54ms
[6916.325s][info][gc,phases      ] GC(951)   Post Evacuate Collection Set: 1.31ms
[6916.325s][info][gc,phases      ] GC(951)   Other: 0.06ms
[6916.325s][info][gc,heap        ] GC(951) Eden regions: 715->0(715)
[6916.325s][info][gc,heap        ] GC(951) Survivor regions: 53->53(96)
[6916.325s][info][gc,heap        ] GC(951) Old regions: 192->195
[6916.325s][info][gc,heap        ] GC(951) Humongous regions: 33->33
[6916.325s][info][gc,metaspace   ] GC(951) Metaspace: 29980K(30144K)->29980K(30144K) NonClass: 29980K(30144K)->29980K(30144K) Class: 0K(0K)->0K(0K)
[6916.325s][info][gc             ] GC(951) Pause Young (Normal) (G1 Evacuation Pause) 7919M->2216M(10240M) 167.908ms
[6916.325s][info][gc,cpu         ] GC(951) User=1.32s Sys=0.00s Real=0.16s
....[6920.141s][info][gc,start       ] GC(952) Pause Young (Normal) (G1 Evacuation Pause)
[6920.142s][info][gc,task        ] GC(952) Using 8 workers of 8 for evacuation
[6920.310s][info][gc,phases      ] GC(952)   Pre Evacuate Collection Set: 0.29ms
[6920.310s][info][gc,phases      ] GC(952)   Merge Heap Roots: 0.56ms
[6920.310s][info][gc,phases      ] GC(952)   Evacuate Collection Set: 165.94ms
[6920.310s][info][gc,phases      ] GC(952)   Post Evacuate Collection Set: 1.29ms
[6920.310s][info][gc,phases      ] GC(952)   Other: 0.07ms
[6920.310s][info][gc,heap        ] GC(952) Eden regions: 715->0(715)
[6920.310s][info][gc,heap        ] GC(952) Survivor regions: 53->53(96)
[6920.310s][info][gc,heap        ] GC(952) Old regions: 195->197
[6920.310s][info][gc,heap        ] GC(952) Humongous regions: 33->33
[6920.310s][info][gc,metaspace   ] GC(952) Metaspace: 29980K(30144K)->29980K(30144K) NonClass: 29980K(30144K)->29980K(30144K) Class: 0K(0K)->0K(0K)
[6920.310s][info][gc             ] GC(952) Pause Young (Normal) (G1 Evacuation Pause) 7936M->2239M(10240M) 168.283ms
[6920.310s][info][gc,cpu         ] GC(952) User=1.32s Sys=0.00s Real=0.17s
....[6924.142s][info][gc,start       ] GC(953) Pause Young (Normal) (G1 Evacuation Pause)
[6924.142s][info][gc,task        ] GC(953) Using 8 workers of 8 for evacuation
[6924.311s][info][gc,phases      ] GC(953)   Pre Evacuate Collection Set: 0.28ms
[6924.311s][info][gc,phases      ] GC(953)   Merge Heap Roots: 0.56ms
[6924.311s][info][gc,phases      ] GC(953)   Evacuate Collection Set: 166.87ms
[6924.311s][info][gc,phases      ] GC(953)   Post Evacuate Collection Set: 1.28ms
[6924.311s][info][gc,phases      ] GC(953)   Other: 0.06ms
[6924.311s][info][gc,heap        ] GC(953) Eden regions: 715->0(715)
[6924.311s][info][gc,heap        ] GC(953) Survivor regions: 53->53(96)
[6924.311s][info][gc,heap        ] GC(953) Old regions: 197->200
[6924.311s][info][gc,heap        ] GC(953) Humongous regions: 33->33
[6924.311s][info][gc,metaspace   ] GC(953) Metaspace: 29980K(30144K)->29980K(30144K) NonClass: 29980K(30144K)->29980K(30144K) Class: 0K(0K)->0K(0K)
[6924.311s][info][gc             ] GC(953) Pause Young (Normal) (G1 Evacuation Pause) 7959M->2265M(10240M) 169.190ms
[6924.311s][info][gc,cpu         ] GC(953) User=1.34s Sys=0.00s Real=0.17s
....[6928.130s][info][gc,start       ] GC(954) Pause Young (Normal) (G1 Evacuation Pause)
[6928.130s][info][gc,task        ] GC(954) Using 8 workers of 8 for evacuation
[6928.301s][info][gc,phases      ] GC(954)   Pre Evacuate Collection Set: 0.26ms
[6928.301s][info][gc,phases      ] GC(954)   Merge Heap Roots: 0.59ms
[6928.301s][info][gc,phases      ] GC(954)   Evacuate Collection Set: 168.66ms
[6928.301s][info][gc,phases      ] GC(954)   Post Evacuate Collection Set: 1.33ms
[6928.301s][info][gc,phases      ] GC(954)   Other: 0.07ms
[6928.301s][info][gc,heap        ] GC(954) Eden regions: 715->0(715)
[6928.301s][info][gc,heap        ] GC(954) Survivor regions: 53->53(96)
[6928.301s][info][gc,heap        ] GC(954) Old regions: 200->203
[6928.301s][info][gc,heap        ] GC(954) Humongous regions: 33->33
[6928.301s][info][gc,metaspace   ] GC(954) Metaspace: 29980K(30144K)->29980K(30144K) NonClass: 29980K(30144K)->29980K(30144K) Class: 0K(0K)->0K(0K)
[6928.301s][info][gc             ] GC(954) Pause Young (Normal) (G1 Evacuation Pause) 7985M->2287M(10240M) 171.050ms
[6928.301s][info][gc,cpu         ] GC(954) User=1.34s Sys=0.00s Real=0.17s
....[6932.155s][info][gc,start       ] GC(955) Pause Young (Normal) (G1 Evacuation Pause)
[6932.155s][info][gc,task        ] GC(955) Using 8 workers of 8 for evacuation
[6932.326s][info][gc,phases      ] GC(955)   Pre Evacuate Collection Set: 0.23ms
[6932.326s][info][gc,phases      ] GC(955)   Merge Heap Roots: 0.56ms
[6932.326s][info][gc,phases      ] GC(955)   Evacuate Collection Set: 168.50ms
[6932.326s][info][gc,phases      ] GC(955)   Post Evacuate Collection Set: 1.29ms
[6932.326s][info][gc,phases      ] GC(955)   Other: 0.06ms
[6932.326s][info][gc,heap        ] GC(955) Eden regions: 715->0(715)
[6932.326s][info][gc,heap        ] GC(955) Survivor regions: 53->53(96)
[6932.326s][info][gc,heap        ] GC(955) Old regions: 203->206
[6932.326s][info][gc,heap        ] GC(955) Humongous regions: 33->33
[6932.326s][info][gc,metaspace   ] GC(955) Metaspace: 29980K(30144K)->29980K(30144K) NonClass: 29980K(30144K)->29980K(30144K) Class: 0K(0K)->0K(0K)
[6932.326s][info][gc             ] GC(955) Pause Young (Normal) (G1 Evacuation Pause) 8007M->2310M(10240M) 170.787ms
[6932.326s][info][gc,cpu         ] GC(955) User=1.35s Sys=0.00s Real=0.17s
....[6936.232s][info][gc,start       ] GC(956) Pause Young (Normal) (G1 Evacuation Pause)
[6936.233s][info][gc,task        ] GC(956) Using 8 workers of 8 for evacuation
[6936.397s][info][gc,phases      ] GC(956)   Pre Evacuate Collection Set: 0.27ms
[6936.397s][info][gc,phases      ] GC(956)   Merge Heap Roots: 0.56ms
[6936.397s][info][gc,phases      ] GC(956)   Evacuate Collection Set: 161.82ms
[6936.397s][info][gc,phases      ] GC(956)   Post Evacuate Collection Set: 1.29ms
[6936.397s][info][gc,phases      ] GC(956)   Other: 0.07ms
[6936.397s][info][gc,heap        ] GC(956) Eden regions: 715->0(716)
[6936.397s][info][gc,heap        ] GC(956) Survivor regions: 53->52(96)
[6936.397s][info][gc,heap        ] GC(956) Old regions: 206->208
[6936.397s][info][gc,heap        ] GC(956) Humongous regions: 33->33
[6936.397s][info][gc,metaspace   ] GC(956) Metaspace: 29980K(30144K)->29980K(30144K) NonClass: 29980K(30144K)->29980K(30144K) Class: 0K(0K)->0K(0K)
[6936.397s][info][gc             ] GC(956) Pause Young (Normal) (G1 Evacuation Pause) 8030M->2318M(10240M) 164.136ms
[6936.397s][info][gc,cpu         ] GC(956) User=1.29s Sys=0.00s Real=0.17s
....[6940.226s][info][gc,start       ] GC(957) Pause Young (Normal) (G1 Evacuation Pause)
[6940.226s][info][gc,task        ] GC(957) Using 8 workers of 8 for evacuation
[6940.398s][info][gc,phases      ] GC(957)   Pre Evacuate Collection Set: 0.28ms
[6940.398s][info][gc,phases      ] GC(957)   Merge Heap Roots: 0.60ms
[6940.398s][info][gc,phases      ] GC(957)   Evacuate Collection Set: 169.83ms
[6940.398s][info][gc,phases      ] GC(957)   Post Evacuate Collection Set: 1.29ms
[6940.398s][info][gc,phases      ] GC(957)   Other: 0.06ms
[6940.398s][info][gc,heap        ] GC(957) Eden regions: 716->0(715)
[6940.398s][info][gc,heap        ] GC(957) Survivor regions: 52->53(96)
[6940.398s][info][gc,heap        ] GC(957) Old regions: 208->211
[6940.398s][info][gc,heap        ] GC(957) Humongous regions: 33->33
[6940.398s][info][gc,metaspace   ] GC(957) Metaspace: 29980K(30144K)->29980K(30144K) NonClass: 29980K(30144K)->29980K(30144K) Class: 0K(0K)->0K(0K)
[6940.398s][info][gc             ] GC(957) Pause Young (Normal) (G1 Evacuation Pause) 8046M->2351M(10240M) 172.231ms
[6940.398s][info][gc,cpu         ] GC(957) User=1.35s Sys=0.00s Real=0.17s
....[6944.292s][info][gc,start       ] GC(958) Pause Young (Normal) (G1 Evacuation Pause)
[6944.292s][info][gc,task        ] GC(958) Using 8 workers of 8 for evacuation
[6944.466s][info][gc,phases      ] GC(958)   Pre Evacuate Collection Set: 0.26ms
[6944.466s][info][gc,phases      ] GC(958)   Merge Heap Roots: 0.57ms
[6944.466s][info][gc,phases      ] GC(958)   Evacuate Collection Set: 171.61ms
[6944.466s][info][gc,phases      ] GC(958)   Post Evacuate Collection Set: 1.30ms
[6944.466s][info][gc,phases      ] GC(958)   Other: 0.07ms
[6944.466s][info][gc,heap        ] GC(958) Eden regions: 715->0(713)
[6944.466s][info][gc,heap        ] GC(958) Survivor regions: 53->55(96)
[6944.466s][info][gc,heap        ] GC(958) Old regions: 211->214
[6944.466s][info][gc,heap        ] GC(958) Humongous regions: 33->33
[6944.466s][info][gc,metaspace   ] GC(958) Metaspace: 29980K(30144K)->29980K(30144K) NonClass: 29980K(30144K)->29980K(30144K) Class: 0K(0K)->0K(0K)
[6944.466s][info][gc             ] GC(958) Pause Young (Normal) (G1 Evacuation Pause) 8071M->2384M(10240M) 173.950ms
[6944.466s][info][gc,cpu         ] GC(958) User=1.37s Sys=0.00s Real=0.18s
....[6948.279s][info][gc,start       ] GC(959) Pause Young (Normal) (G1 Evacuation Pause)
[6948.279s][info][gc,task        ] GC(959) Using 8 workers of 8 for evacuation
[6948.454s][info][gc,phases      ] GC(959)   Pre Evacuate Collection Set: 0.26ms
[6948.454s][info][gc,phases      ] GC(959)   Merge Heap Roots: 0.58ms
[6948.454s][info][gc,phases      ] GC(959)   Evacuate Collection Set: 172.97ms
[6948.454s][info][gc,phases      ] GC(959)   Post Evacuate Collection Set: 1.29ms
[6948.454s][info][gc,phases      ] GC(959)   Other: 0.06ms
[6948.454s][info][gc,heap        ] GC(959) Eden regions: 713->0(714)
[6948.454s][info][gc,heap        ] GC(959) Survivor regions: 55->54(96)
[6948.454s][info][gc,heap        ] GC(959) Old regions: 214->216
[6948.454s][info][gc,heap        ] GC(959) Humongous regions: 33->33
[6948.454s][info][gc,metaspace   ] GC(959) Metaspace: 29980K(30144K)->29980K(30144K) NonClass: 29980K(30144K)->29980K(30144K) Class: 0K(0K)->0K(0K)
[6948.454s][info][gc             ] GC(959) Pause Young (Normal) (G1 Evacuation Pause) 8088M->2402M(10240M) 175.294ms
[6948.454s][info][gc,cpu         ] GC(959) User=1.38s Sys=0.00s Real=0.17s
....[6952.109s][info][gc,start       ] GC(960) Pause Young (Normal) (G1 Evacuation Pause)
[6952.109s][info][gc,task        ] GC(960) Using 8 workers of 8 for evacuation
[6952.275s][info][gc,phases      ] GC(960)   Pre Evacuate Collection Set: 0.28ms
[6952.275s][info][gc,phases      ] GC(960)   Merge Heap Roots: 0.58ms
[6952.275s][info][gc,phases      ] GC(960)   Evacuate Collection Set: 164.11ms
[6952.275s][info][gc,phases      ] GC(960)   Post Evacuate Collection Set: 1.27ms
[6952.275s][info][gc,phases      ] GC(960)   Other: 0.07ms
[6952.275s][info][gc,heap        ] GC(960) Eden regions: 714->0(716)
[6952.275s][info][gc,heap        ] GC(960) Survivor regions: 54->52(96)
[6952.275s][info][gc,heap        ] GC(960) Old regions: 216->219
[6952.275s][info][gc,heap        ] GC(960) Humongous regions: 33->33
[6952.275s][info][gc,metaspace   ] GC(960) Metaspace: 29980K(30144K)->29980K(30144K) NonClass: 29980K(30144K)->29980K(30144K) Class: 0K(0K)->0K(0K)
[6952.275s][info][gc             ] GC(960) Pause Young (Normal) (G1 Evacuation Pause) 8114M->2407M(10240M) 166.469ms
[6952.275s][info][gc,cpu         ] GC(960) User=1.31s Sys=0.00s Real=0.16s
....[6956.224s][info][gc,start       ] GC(961) Pause Young (Normal) (G1 Evacuation Pause)
[6956.224s][info][gc,task        ] GC(961) Using 8 workers of 8 for evacuation
[6956.395s][info][gc,phases      ] GC(961)   Pre Evacuate Collection Set: 0.28ms
[6956.396s][info][gc,phases      ] GC(961)   Merge Heap Roots: 0.57ms
[6956.396s][info][gc,phases      ] GC(961)   Evacuate Collection Set: 168.91ms
[6956.396s][info][gc,phases      ] GC(961)   Post Evacuate Collection Set: 1.30ms
[6956.396s][info][gc,phases      ] GC(961)   Other: 0.07ms
[6956.396s][info][gc,heap        ] GC(961) Eden regions: 716->0(715)
[6956.396s][info][gc,heap        ] GC(961) Survivor regions: 52->53(96)
[6956.396s][info][gc,heap        ] GC(961) Old regions: 219->222
[6956.396s][info][gc,heap        ] GC(961) Humongous regions: 33->33
[6956.396s][info][gc,metaspace   ] GC(961) Metaspace: 29980K(30144K)->29980K(30144K) NonClass: 29980K(30144K)->29980K(30144K) Class: 0K(0K)->0K(0K)
[6956.396s][info][gc             ] GC(961) Pause Young (Normal) (G1 Evacuation Pause) 8135M->2437M(10240M) 171.259ms
[6956.396s][info][gc,cpu         ] GC(961) User=1.34s Sys=0.00s Real=0.17s
....[6960.215s][info][gc,start       ] GC(962) Pause Young (Normal) (G1 Evacuation Pause)
[6960.215s][info][gc,task        ] GC(962) Using 8 workers of 8 for evacuation
[6960.389s][info][gc,phases      ] GC(962)   Pre Evacuate Collection Set: 0.28ms
[6960.389s][info][gc,phases      ] GC(962)   Merge Heap Roots: 0.57ms
[6960.389s][info][gc,phases      ] GC(962)   Evacuate Collection Set: 171.15ms
[6960.389s][info][gc,phases      ] GC(962)   Post Evacuate Collection Set: 1.32ms
[6960.389s][info][gc,phases      ] GC(962)   Other: 0.07ms
[6960.389s][info][gc,heap        ] GC(962) Eden regions: 715->0(715)
[6960.389s][info][gc,heap        ] GC(962) Survivor regions: 53->53(96)
[6960.389s][info][gc,heap        ] GC(962) Old regions: 222->224
[6960.389s][info][gc,heap        ] GC(962) Humongous regions: 33->33
[6960.389s][info][gc,metaspace   ] GC(962) Metaspace: 29980K(30144K)->29980K(30144K) NonClass: 29980K(30144K)->29980K(30144K) Class: 0K(0K)->0K(0K)
[6960.389s][info][gc             ] GC(962) Pause Young (Normal) (G1 Evacuation Pause) 8157M->2459M(10240M) 173.530ms
[6960.389s][info][gc,cpu         ] GC(962) User=1.37s Sys=0.00s Real=0.18s
....[6964.189s][info][gc,start       ] GC(963) Pause Young (Normal) (G1 Evacuation Pause)
[6964.189s][info][gc,task        ] GC(963) Using 8 workers of 8 for evacuation
[6964.355s][info][gc,phases      ] GC(963)   Pre Evacuate Collection Set: 0.29ms
[6964.355s][info][gc,phases      ] GC(963)   Merge Heap Roots: 0.57ms
[6964.355s][info][gc,phases      ] GC(963)   Evacuate Collection Set: 164.09ms
[6964.355s][info][gc,phases      ] GC(963)   Post Evacuate Collection Set: 1.32ms
[6964.355s][info][gc,phases      ] GC(963)   Other: 0.07ms
[6964.355s][info][gc,heap        ] GC(963) Eden regions: 715->0(715)
[6964.355s][info][gc,heap        ] GC(963) Survivor regions: 53->53(96)
[6964.355s][info][gc,heap        ] GC(963) Old regions: 224->227
[6964.355s][info][gc,heap        ] GC(963) Humongous regions: 33->33
[6964.355s][info][gc,metaspace   ] GC(963) Metaspace: 29980K(30144K)->29980K(30144K) NonClass: 29980K(30144K)->29980K(30144K) Class: 0K(0K)->0K(0K)
[6964.356s][info][gc             ] GC(963) Pause Young (Normal) (G1 Evacuation Pause) 8179M->2482M(10240M) 166.471ms
[6964.356s][info][gc,cpu         ] GC(963) User=1.31s Sys=0.00s Real=0.16s
.... (rIR:aIR:PR = 12038:11930:11925) (tPR = 177247) [OK] 
  6967s: Performance info:
         Transaction,    Success,    Partial,     Failed,   Receipts, AvgBarcode, 
             Overall,     715915,          0,          0,     680063,      59.47, 
         Response times:
             Request,    Success,    Partial,     Failed,   SkipFail,     Probes,    Samples,      min,      p50,      p90,      p95,      p99,      max, 
       TotalPurchase,     680286,          0,          0,          0,     351534,     478411,      300,    13400,    70000,    99000,   173000,  1400000,
     InStorePurchase,     356344,          0,          0,          0,     185238,     251485,      300,    13400,    70000,    98000,   170000,  1400000,
      OnlinePurchase,     251310,          0,          0,          0,     129935,     176856,      300,    13400,    70000,    99000,   174000,  1400000,
        InstPurchase,      72632,          0,          0,          0,      36361,      50070,      400,    13400,    72000,   101000,   177000,  1400000,
          AssocOfCat,        720,          0,          0,          0,        613,        927,    32000,    72000,   138000,   177600,   257440,  1100000,
      AssocOfProduct,       7265,          0,          0,          0,       3353,       4765,      700,    14800,    71000,   104000,   178340,  1100000,
      BusinessReport,       1805,          0,          0,          0,       1639,       2336,    33000,    79000,   142300,   190300,   251000,   334000,
          CustBuyBeh,       7238,          0,          0,          0,       3358,       4796,      400,    14100,    73000,   103000,   166000,   300000,
       ProductReturn,      18898,          0,          0,          0,      10198,      14046,      300,    13800,    72000,   105000,   173000,  1400000,

  6967s: (88%)   IR =  12177 [6968.169s][info][gc,start       ] GC(964) Pause Young (Normal) (G1 Evacuation Pause)
[6968.170s][info][gc,task        ] GC(964) Using 8 workers of 8 for evacuation
[6968.336s][info][gc,phases      ] GC(964)   Pre Evacuate Collection Set: 0.28ms
[6968.336s][info][gc,phases      ] GC(964)   Merge Heap Roots: 0.58ms
[6968.336s][info][gc,phases      ] GC(964)   Evacuate Collection Set: 164.53ms
[6968.336s][info][gc,phases      ] GC(964)   Post Evacuate Collection Set: 1.31ms
[6968.336s][info][gc,phases      ] GC(964)   Other: 0.07ms
[6968.336s][info][gc,heap        ] GC(964) Eden regions: 715->0(716)
[6968.336s][info][gc,heap        ] GC(964) Survivor regions: 53->52(96)
[6968.336s][info][gc,heap        ] GC(964) Old regions: 227->230
[6968.336s][info][gc,heap        ] GC(964) Humongous regions: 33->33
[6968.336s][info][gc,metaspace   ] GC(964) Metaspace: 29980K(30144K)->29980K(30144K) NonClass: 29980K(30144K)->29980K(30144K) Class: 0K(0K)->0K(0K)
[6968.336s][info][gc             ] GC(964) Pause Young (Normal) (G1 Evacuation Pause) 8202M->2492M(10240M) 166.904ms
[6968.336s][info][gc,cpu         ] GC(964) User=1.31s Sys=0.00s Real=0.17s
....[6972.035s][info][gc,start       ] GC(965) Pause Young (Normal) (G1 Evacuation Pause)
[6972.035s][info][gc,task        ] GC(965) Using 8 workers of 8 for evacuation
[6972.202s][info][gc,phases      ] GC(965)   Pre Evacuate Collection Set: 0.27ms
[6972.202s][info][gc,phases      ] GC(965)   Merge Heap Roots: 0.57ms
[6972.202s][info][gc,phases      ] GC(965)   Evacuate Collection Set: 164.84ms
[6972.202s][info][gc,phases      ] GC(965)   Post Evacuate Collection Set: 1.37ms
[6972.202s][info][gc,phases      ] GC(965)   Other: 0.06ms
[6972.202s][info][gc,heap        ] GC(965) Eden regions: 716->0(717)
[6972.202s][info][gc,heap        ] GC(965) Survivor regions: 52->51(96)
[6972.202s][info][gc,heap        ] GC(965) Old regions: 230->233
[6972.202s][info][gc,heap        ] GC(965) Humongous regions: 33->33
[6972.202s][info][gc,metaspace   ] GC(965) Metaspace: 29980K(30144K)->29980K(30144K) NonClass: 29980K(30144K)->29980K(30144K) Class: 0K(0K)->0K(0K)
[6972.202s][info][gc             ] GC(965) Pause Young (Normal) (G1 Evacuation Pause) 8220M->2510M(10240M) 167.245ms
[6972.202s][info][gc,cpu         ] GC(965) User=1.32s Sys=0.01s Real=0.17s
....[6976.049s][info][gc,start       ] GC(966) Pause Young (Normal) (G1 Evacuation Pause)
[6976.049s][info][gc,task        ] GC(966) Using 8 workers of 8 for evacuation
[6976.215s][info][gc,phases      ] GC(966)   Pre Evacuate Collection Set: 0.28ms
[6976.215s][info][gc,phases      ] GC(966)   Merge Heap Roots: 0.60ms
[6976.215s][info][gc,phases      ] GC(966)   Evacuate Collection Set: 164.32ms
[6976.215s][info][gc,phases      ] GC(966)   Post Evacuate Collection Set: 1.29ms
[6976.215s][info][gc,phases      ] GC(966)   Other: 0.08ms
[6976.215s][info][gc,heap        ] GC(966) Eden regions: 717->0(716)
[6976.215s][info][gc,heap        ] GC(966) Survivor regions: 51->52(96)
[6976.215s][info][gc,heap        ] GC(966) Old regions: 233->236
[6976.215s][info][gc,heap        ] GC(966) Humongous regions: 33->33
[6976.215s][info][gc,metaspace   ] GC(966) Metaspace: 29980K(30144K)->29980K(30144K) NonClass: 29980K(30144K)->29980K(30144K) Class: 0K(0K)->0K(0K)
[6976.215s][info][gc             ] GC(966) Pause Young (Normal) (G1 Evacuation Pause) 8246M->2540M(10240M) 166.718ms
[6976.215s][info][gc,cpu         ] GC(966) User=1.31s Sys=0.00s Real=0.16s
...|.[6980.075s][info][gc,start       ] GC(967) Pause Young (Normal) (G1 Evacuation Pause)
[6980.075s][info][gc,task        ] GC(967) Using 8 workers of 8 for evacuation
[6980.246s][info][gc,phases      ] GC(967)   Pre Evacuate Collection Set: 0.30ms
[6980.246s][info][gc,phases      ] GC(967)   Merge Heap Roots: 0.61ms
[6980.246s][info][gc,phases      ] GC(967)   Evacuate Collection Set: 168.77ms
[6980.246s][info][gc,phases      ] GC(967)   Post Evacuate Collection Set: 1.28ms
[6980.246s][info][gc,phases      ] GC(967)   Other: 0.07ms
[6980.246s][info][gc,heap        ] GC(967) Eden regions: 716->0(715)
[6980.246s][info][gc,heap        ] GC(967) Survivor regions: 52->53(96)
[6980.246s][info][gc,heap        ] GC(967) Old regions: 236->238
[6980.246s][info][gc,heap        ] GC(967) Humongous regions: 33->33
[6980.246s][info][gc,metaspace   ] GC(967) Metaspace: 29980K(30144K)->29980K(30144K) NonClass: 29980K(30144K)->29980K(30144K) Class: 0K(0K)->0K(0K)
[6980.246s][info][gc             ] GC(967) Pause Young (Normal) (G1 Evacuation Pause) 8268M->2565M(10240M) 171.184ms
[6980.246s][info][gc,cpu         ] GC(967) User=1.35s Sys=0.00s Real=0.18s
....[6984.099s][info][gc,start       ] GC(968) Pause Young (Normal) (G1 Evacuation Pause)
[6984.099s][info][gc,task        ] GC(968) Using 8 workers of 8 for evacuation
[6984.270s][info][gc,phases      ] GC(968)   Pre Evacuate Collection Set: 0.26ms
[6984.270s][info][gc,phases      ] GC(968)   Merge Heap Roots: 0.57ms
[6984.270s][info][gc,phases      ] GC(968)   Evacuate Collection Set: 168.92ms
[6984.270s][info][gc,phases      ] GC(968)   Post Evacuate Collection Set: 1.29ms
[6984.270s][info][gc,phases      ] GC(968)   Other: 0.06ms
[6984.270s][info][gc,heap        ] GC(968) Eden regions: 715->0(715)
[6984.270s][info][gc,heap        ] GC(968) Survivor regions: 53->53(96)
[6984.270s][info][gc,heap        ] GC(968) Old regions: 238->241
[6984.270s][info][gc,heap        ] GC(968) Humongous regions: 33->33
[6984.270s][info][gc,metaspace   ] GC(968) Metaspace: 29980K(30144K)->29980K(30144K) NonClass: 29980K(30144K)->29980K(30144K) Class: 0K(0K)->0K(0K)
[6984.270s][info][gc             ] GC(968) Pause Young (Normal) (G1 Evacuation Pause) 8285M->2591M(10240M) 171.237ms
[6984.270s][info][gc,cpu         ] GC(968) User=1.35s Sys=0.00s Real=0.17s
....[6987.971s][info][gc,start       ] GC(969) Pause Young (Normal) (G1 Evacuation Pause)
[6987.971s][info][gc,task        ] GC(969) Using 8 workers of 8 for evacuation
[6988.145s][info][gc,phases      ] GC(969)   Pre Evacuate Collection Set: 0.31ms
[6988.145s][info][gc,phases      ] GC(969)   Merge Heap Roots: 0.62ms
[6988.145s][info][gc,phases      ] GC(969)   Evacuate Collection Set: 170.98ms
[6988.145s][info][gc,phases      ] GC(969)   Post Evacuate Collection Set: 1.35ms
[6988.145s][info][gc,phases      ] GC(969)   Other: 0.07ms
[6988.145s][info][gc,heap        ] GC(969) Eden regions: 715->0(714)
[6988.145s][info][gc,heap        ] GC(969) Survivor regions: 53->54(96)
[6988.145s][info][gc,heap        ] GC(969) Old regions: 241->244
[6988.145s][info][gc,heap        ] GC(969) Humongous regions: 33->33
[6988.145s][info][gc,metaspace   ] GC(969) Metaspace: 29980K(30144K)->29980K(30144K) NonClass: 29980K(30144K)->29980K(30144K) Class: 0K(0K)->0K(0K)
[6988.145s][info][gc             ] GC(969) Pause Young (Normal) (G1 Evacuation Pause) 8311M->2621M(10240M) 173.472ms
[6988.145s][info][gc,cpu         ] GC(969) User=1.37s Sys=0.00s Real=0.17s
....[6991.960s][info][gc,start       ] GC(970) Pause Young (Normal) (G1 Evacuation Pause)
[6991.961s][info][gc,task        ] GC(970) Using 8 workers of 8 for evacuation
[6992.126s][info][gc,phases      ] GC(970)   Pre Evacuate Collection Set: 0.28ms
[6992.126s][info][gc,phases      ] GC(970)   Merge Heap Roots: 0.57ms
[6992.126s][info][gc,phases      ] GC(970)   Evacuate Collection Set: 163.14ms
[6992.126s][info][gc,phases      ] GC(970)   Post Evacuate Collection Set: 1.32ms
[6992.126s][info][gc,phases      ] GC(970)   Other: 0.07ms
[6992.126s][info][gc,heap        ] GC(970) Eden regions: 714->0(717)
[6992.126s][info][gc,heap        ] GC(970) Survivor regions: 54->51(96)
[6992.126s][info][gc,heap        ] GC(970) Old regions: 244->246
[6992.126s][info][gc,heap        ] GC(970) Humongous regions: 33->33
[6992.126s][info][gc,metaspace   ] GC(970) Metaspace: 29980K(30144K)->29980K(30144K) NonClass: 29980K(30144K)->29980K(30144K) Class: 0K(0K)->0K(0K)
[6992.126s][info][gc             ] GC(970) Pause Young (Normal) (G1 Evacuation Pause) 8333M->2619M(10240M) 165.517ms
[6992.126s][info][gc,cpu         ] GC(970) User=1.30s Sys=0.00s Real=0.17s
....[6995.905s][info][gc,start       ] GC(971) Pause Young (Normal) (G1 Evacuation Pause)
[6995.905s][info][gc,task        ] GC(971) Using 8 workers of 8 for evacuation
[6996.082s][info][gc,phases      ] GC(971)   Pre Evacuate Collection Set: 0.27ms
[6996.082s][info][gc,phases      ] GC(971)   Merge Heap Roots: 0.55ms
[6996.082s][info][gc,phases      ] GC(971)   Evacuate Collection Set: 174.80ms
[6996.082s][info][gc,phases      ] GC(971)   Post Evacuate Collection Set: 1.31ms
[6996.082s][info][gc,phases      ] GC(971)   Other: 0.06ms
[6996.082s][info][gc,heap        ] GC(971) Eden regions: 717->0(713)
[6996.082s][info][gc,heap        ] GC(971) Survivor regions: 51->55(96)
[6996.082s][info][gc,heap        ] GC(971) Old regions: 246->249
[6996.082s][info][gc,heap        ] GC(971) Humongous regions: 33->33
[6996.082s][info][gc,metaspace   ] GC(971) Metaspace: 29980K(30144K)->29980K(30144K) NonClass: 29980K(30144K)->29980K(30144K) Class: 0K(0K)->0K(0K)
[6996.082s][info][gc             ] GC(971) Pause Young (Normal) (G1 Evacuation Pause) 8355M->2672M(10240M) 177.117ms
[6996.082s][info][gc,cpu         ] GC(971) User=1.40s Sys=0.00s Real=0.18s
...[6999.759s][info][gc,start       ] GC(972) Pause Young (Normal) (G1 Evacuation Pause)
[6999.759s][info][gc,task        ] GC(972) Using 8 workers of 8 for evacuation
[6999.930s][info][gc,phases      ] GC(972)   Pre Evacuate Collection Set: 0.27ms
[6999.930s][info][gc,phases      ] GC(972)   Merge Heap Roots: 0.56ms
[6999.930s][info][gc,phases      ] GC(972)   Evacuate Collection Set: 168.69ms
[6999.930s][info][gc,phases      ] GC(972)   Post Evacuate Collection Set: 1.34ms
[6999.930s][info][gc,phases      ] GC(972)   Other: 0.06ms
[6999.930s][info][gc,heap        ] GC(972) Eden regions: 713->0(714)
[6999.930s][info][gc,heap        ] GC(972) Survivor regions: 55->54(96)
[6999.930s][info][gc,heap        ] GC(972) Old regions: 249->252
[6999.930s][info][gc,heap        ] GC(972) Humongous regions: 33->33
[6999.930s][info][gc,metaspace   ] GC(972) Metaspace: 29980K(30144K)->29980K(30144K) NonClass: 29980K(30144K)->29980K(30144K) Class: 0K(0K)->0K(0K)
[6999.930s][info][gc             ] GC(972) Pause Young (Normal) (G1 Evacuation Pause) 8376M->2685M(10240M) 171.110ms
[6999.930s][info][gc,cpu         ] GC(972) User=1.35s Sys=0.00s Real=0.17s
....[7003.783s][info][gc,start       ] GC(973) Pause Young (Normal) (G1 Evacuation Pause)
[7003.783s][info][gc,task        ] GC(973) Using 8 workers of 8 for evacuation
[7003.961s][info][gc,phases      ] GC(973)   Pre Evacuate Collection Set: 0.28ms
[7003.961s][info][gc,phases      ] GC(973)   Merge Heap Roots: 0.59ms
[7003.961s][info][gc,phases      ] GC(973)   Evacuate Collection Set: 176.06ms
[7003.961s][info][gc,phases      ] GC(973)   Post Evacuate Collection Set: 1.32ms
[7003.961s][info][gc,phases      ] GC(973)   Other: 0.09ms
[7003.961s][info][gc,heap        ] GC(973) Eden regions: 714->0(713)
[7003.961s][info][gc,heap        ] GC(973) Survivor regions: 54->55(96)
[7003.961s][info][gc,heap        ] GC(973) Old regions: 252->254
[7003.961s][info][gc,heap        ] GC(973) Humongous regions: 33->33
[7003.961s][info][gc,metaspace   ] GC(973) Metaspace: 29980K(30144K)->29980K(30144K) NonClass: 29980K(30144K)->29980K(30144K) Class: 0K(0K)->0K(0K)
[7003.961s][info][gc             ] GC(973) Pause Young (Normal) (G1 Evacuation Pause) 8397M->2715M(10240M) 178.476ms
[7003.961s][info][gc,cpu         ] GC(973) User=1.41s Sys=0.00s Real=0.18s
....[7007.721s][info][gc,start       ] GC(974) Pause Young (Normal) (G1 Evacuation Pause)
[7007.721s][info][gc,task        ] GC(974) Using 8 workers of 8 for evacuation
[7007.895s][info][gc,phases      ] GC(974)   Pre Evacuate Collection Set: 0.29ms
[7007.895s][info][gc,phases      ] GC(974)   Merge Heap Roots: 0.65ms
[7007.895s][info][gc,phases      ] GC(974)   Evacuate Collection Set: 171.77ms
[7007.895s][info][gc,phases      ] GC(974)   Post Evacuate Collection Set: 1.29ms
[7007.895s][info][gc,phases      ] GC(974)   Other: 0.06ms
[7007.895s][info][gc,heap        ] GC(974) Eden regions: 713->0(714)
[7007.895s][info][gc,heap        ] GC(974) Survivor regions: 55->54(96)
[7007.895s][info][gc,heap        ] GC(974) Old regions: 254->257
[7007.895s][info][gc,heap        ] GC(974) Humongous regions: 33->33
[7007.895s][info][gc,metaspace   ] GC(974) Metaspace: 29980K(30144K)->29980K(30144K) NonClass: 29980K(30144K)->29980K(30144K) Class: 0K(0K)->0K(0K)
[7007.895s][info][gc             ] GC(974) Pause Young (Normal) (G1 Evacuation Pause) 8419M->2725M(10240M) 174.192ms
[7007.895s][info][gc,cpu         ] GC(974) User=1.37s Sys=0.00s Real=0.17s
....[7011.595s][info][gc,start       ] GC(975) Pause Young (Normal) (G1 Evacuation Pause)
[7011.595s][info][gc,task        ] GC(975) Using 8 workers of 8 for evacuation
[7011.767s][info][gc,phases      ] GC(975)   Pre Evacuate Collection Set: 0.28ms
[7011.767s][info][gc,phases      ] GC(975)   Merge Heap Roots: 0.58ms
[7011.767s][info][gc,phases      ] GC(975)   Evacuate Collection Set: 170.44ms
[7011.767s][info][gc,phases      ] GC(975)   Post Evacuate Collection Set: 1.31ms
[7011.767s][info][gc,phases      ] GC(975)   Other: 0.06ms
[7011.767s][info][gc,heap        ] GC(975) Eden regions: 714->0(714)
[7011.767s][info][gc,heap        ] GC(975) Survivor regions: 54->54(96)
[7011.767s][info][gc,heap        ] GC(975) Old regions: 257->260
[7011.767s][info][gc,heap        ] GC(975) Humongous regions: 33->33
[7011.767s][info][gc,metaspace   ] GC(975) Metaspace: 29980K(30144K)->29980K(30144K) NonClass: 29980K(30144K)->29980K(30144K) Class: 0K(0K)->0K(0K)
[7011.767s][info][gc             ] GC(975) Pause Young (Normal) (G1 Evacuation Pause) 8437M->2747M(10240M) 172.814ms
[7011.767s][info][gc,cpu         ] GC(975) User=1.36s Sys=0.00s Real=0.18s
....[7015.677s][info][gc,start       ] GC(976) Pause Young (Normal) (G1 Evacuation Pause)
[7015.677s][info][gc,task        ] GC(976) Using 8 workers of 8 for evacuation
[7015.847s][info][gc,phases      ] GC(976)   Pre Evacuate Collection Set: 0.26ms
[7015.847s][info][gc,phases      ] GC(976)   Merge Heap Roots: 0.58ms
[7015.847s][info][gc,phases      ] GC(976)   Evacuate Collection Set: 167.96ms
[7015.847s][info][gc,phases      ] GC(976)   Post Evacuate Collection Set: 1.35ms
[7015.847s][info][gc,phases      ] GC(976)   Other: 0.06ms
[7015.847s][info][gc,heap        ] GC(976) Eden regions: 714->0(715)
[7015.847s][info][gc,heap        ] GC(976) Survivor regions: 54->53(96)
[7015.847s][info][gc,heap        ] GC(976) Old regions: 260->263
[7015.847s][info][gc,heap        ] GC(976) Humongous regions: 33->33
[7015.847s][info][gc,metaspace   ] GC(976) Metaspace: 29980K(30144K)->29980K(30144K) NonClass: 29980K(30144K)->29980K(30144K) Class: 0K(0K)->0K(0K)
[7015.847s][info][gc             ] GC(976) Pause Young (Normal) (G1 Evacuation Pause) 8459M->2766M(10240M) 170.348ms
[7015.847s][info][gc,cpu         ] GC(976) User=1.35s Sys=0.00s Real=0.17s
....[7019.515s][info][gc,start       ] GC(977) Pause Young (Normal) (G1 Evacuation Pause)
[7019.515s][info][gc,task        ] GC(977) Using 8 workers of 8 for evacuation
[7019.690s][info][gc,phases      ] GC(977)   Pre Evacuate Collection Set: 0.26ms
[7019.690s][info][gc,phases      ] GC(977)   Merge Heap Roots: 0.57ms
[7019.690s][info][gc,phases      ] GC(977)   Evacuate Collection Set: 172.60ms
[7019.690s][info][gc,phases      ] GC(977)   Post Evacuate Collection Set: 1.31ms
[7019.690s][info][gc,phases      ] GC(977)   Other: 0.07ms
[7019.690s][info][gc,heap        ] GC(977) Eden regions: 715->0(714)
[7019.690s][info][gc,heap        ] GC(977) Survivor regions: 53->54(96)
[7019.690s][info][gc,heap        ] GC(977) Old regions: 263->266
[7019.690s][info][gc,heap        ] GC(977) Humongous regions: 33->33
[7019.690s][info][gc,metaspace   ] GC(977) Metaspace: 29980K(30144K)->29980K(30144K) NonClass: 29980K(30144K)->29980K(30144K) Class: 0K(0K)->0K(0K)
[7019.690s][info][gc             ] GC(977) Pause Young (Normal) (G1 Evacuation Pause) 8486M->2792M(10240M) 174.960ms
[7019.690s][info][gc,cpu         ] GC(977) User=1.38s Sys=0.00s Real=0.18s
....[7023.429s][info][gc,start       ] GC(978) Pause Young (Normal) (G1 Evacuation Pause)
[7023.429s][info][gc,task        ] GC(978) Using 8 workers of 8 for evacuation
[7023.597s][info][gc,phases      ] GC(978)   Pre Evacuate Collection Set: 0.30ms
[7023.597s][info][gc,phases      ] GC(978)   Merge Heap Roots: 0.65ms
[7023.597s][info][gc,phases      ] GC(978)   Evacuate Collection Set: 165.55ms
[7023.597s][info][gc,phases      ] GC(978)   Post Evacuate Collection Set: 1.31ms
[7023.597s][info][gc,phases      ] GC(978)   Other: 0.08ms
[7023.597s][info][gc,heap        ] GC(978) Eden regions: 714->0(716)
[7023.597s][info][gc,heap        ] GC(978) Survivor regions: 54->52(96)
[7023.597s][info][gc,heap        ] GC(978) Old regions: 266->268
[7023.597s][info][gc,heap        ] GC(978) Humongous regions: 33->33
[7023.597s][info][gc,metaspace   ] GC(978) Metaspace: 29980K(30144K)->29980K(30144K) NonClass: 29980K(30144K)->29980K(30144K) Class: 0K(0K)->0K(0K)
[7023.597s][info][gc             ] GC(978) Pause Young (Normal) (G1 Evacuation Pause) 8504M->2802M(10240M) 168.015ms
[7023.597s][info][gc,cpu         ] GC(978) User=1.32s Sys=0.00s Real=0.17s
....[7027.458s][info][gc,start       ] GC(979) Pause Young (Normal) (G1 Evacuation Pause)
[7027.458s][info][gc,task        ] GC(979) Using 8 workers of 8 for evacuation
[7027.635s][info][gc,phases      ] GC(979)   Pre Evacuate Collection Set: 0.26ms
[7027.635s][info][gc,phases      ] GC(979)   Merge Heap Roots: 0.57ms
[7027.635s][info][gc,phases      ] GC(979)   Evacuate Collection Set: 174.62ms
[7027.635s][info][gc,phases      ] GC(979)   Post Evacuate Collection Set: 1.30ms
[7027.635s][info][gc,phases      ] GC(979)   Other: 0.07ms
[7027.635s][info][gc,heap        ] GC(979) Eden regions: 716->0(713)
[7027.635s][info][gc,heap        ] GC(979) Survivor regions: 52->55(96)
[7027.635s][info][gc,heap        ] GC(979) Old regions: 268->271
[7027.635s][info][gc,heap        ] GC(979) Humongous regions: 33->33
[7027.635s][info][gc,metaspace   ] GC(979) Metaspace: 29980K(30144K)->29980K(30144K) NonClass: 29980K(30144K)->29980K(30144K) Class: 0K(0K)->0K(0K)
[7027.635s][info][gc             ] GC(979) Pause Young (Normal) (G1 Evacuation Pause) 8530M->2848M(10240M) 176.966ms
[7027.635s][info][gc,cpu         ] GC(979) User=1.39s Sys=0.00s Real=0.17s
....[7031.536s][info][gc,start       ] GC(980) Pause Young (Normal) (G1 Evacuation Pause)
[7031.536s][info][gc,task        ] GC(980) Using 8 workers of 8 for evacuation
[7031.707s][info][gc,phases      ] GC(980)   Pre Evacuate Collection Set: 0.28ms
[7031.707s][info][gc,phases      ] GC(980)   Merge Heap Roots: 0.57ms
[7031.707s][info][gc,phases      ] GC(980)   Evacuate Collection Set: 168.98ms
[7031.707s][info][gc,phases      ] GC(980)   Post Evacuate Collection Set: 1.34ms
[7031.707s][info][gc,phases      ] GC(980)   Other: 0.06ms
[7031.707s][info][gc,heap        ] GC(980) Eden regions: 713->0(714)
[7031.707s][info][gc,heap        ] GC(980) Survivor regions: 55->54(96)
[7031.707s][info][gc,heap        ] GC(980) Old regions: 271->274
[7031.707s][info][gc,heap        ] GC(980) Humongous regions: 33->33
[7031.707s][info][gc,metaspace   ] GC(980) Metaspace: 29980K(30144K)->29980K(30144K) NonClass: 29980K(30144K)->29980K(30144K) Class: 0K(0K)->0K(0K)
[7031.707s][info][gc             ] GC(980) Pause Young (Normal) (G1 Evacuation Pause) 8552M->2857M(10240M) 171.397ms
[7031.707s][info][gc,cpu         ] GC(980) User=1.35s Sys=0.00s Real=0.17s
....[7035.468s][info][gc,start       ] GC(981) Pause Young (Concurrent Start) (G1 Evacuation Pause)
[7035.468s][info][gc,task        ] GC(981) Using 8 workers of 8 for evacuation
[7035.640s][info][gc,phases      ] GC(981)   Pre Evacuate Collection Set: 0.34ms
[7035.640s][info][gc,phases      ] GC(981)   Merge Heap Roots: 0.68ms
[7035.640s][info][gc,phases      ] GC(981)   Evacuate Collection Set: 169.10ms
[7035.640s][info][gc,phases      ] GC(981)   Post Evacuate Collection Set: 1.27ms
[7035.640s][info][gc,phases      ] GC(981)   Other: 0.10ms
[7035.640s][info][gc,heap        ] GC(981) Eden regions: 714->0(715)
[7035.640s][info][gc,heap        ] GC(981) Survivor regions: 54->53(96)
[7035.640s][info][gc,heap        ] GC(981) Old regions: 274->276
[7035.640s][info][gc,heap        ] GC(981) Humongous regions: 33->33
[7035.640s][info][gc,metaspace   ] GC(981) Metaspace: 29980K(30144K)->29980K(30144K) NonClass: 29980K(30144K)->29980K(30144K) Class: 0K(0K)->0K(0K)
[7035.640s][info][gc             ] GC(981) Pause Young (Concurrent Start) (G1 Evacuation Pause) 8569M->2875M(10240M) 171.634ms
[7035.640s][info][gc             ] GC(982) Concurrent Mark Cycle
[7035.640s][info][gc,marking     ] GC(982) Concurrent Scan Root Regions
[7035.640s][info][gc,cpu         ] GC(981) User=1.35s Sys=0.00s Real=0.17s
[7035.924s][info][gc,marking     ] GC(982) Concurrent Scan Root Regions 284.374ms
[7035.925s][info][gc,marking     ] GC(982) Concurrent Mark
[7035.925s][info][gc,marking     ] GC(982) Concurrent Mark From Roots
[7035.925s][info][gc,task        ] GC(982) Using 2 workers of 2 for marking
.[7036.856s][info][gc,marking     ] GC(982) Concurrent Mark From Roots 931.667ms
[7036.856s][info][gc,marking     ] GC(982) Concurrent Preclean
[7036.856s][info][gc,marking     ] GC(982) Concurrent Preclean 0.165ms
[7036.857s][info][gc,start       ] GC(982) Pause Remark
[7036.858s][info][gc             ] GC(982) Pause Remark 4211M->3995M(10240M) 1.551ms
[7036.858s][info][gc,cpu         ] GC(982) User=0.01s Sys=0.00s Real=0.00s
[7036.858s][info][gc,marking     ] GC(982) Concurrent Mark 933.699ms
[7036.858s][info][gc,marking     ] GC(982) Concurrent Rebuild Remembered Sets and Scrub Regions
.[7037.422s][info][gc,marking     ] GC(982) Concurrent Rebuild Remembered Sets and Scrub Regions 564.209ms
[7037.423s][info][gc,start       ] GC(982) Pause Cleanup
[7037.423s][info][gc             ] GC(982) Pause Cleanup 4723M->4723M(10240M) 0.292ms
[7037.423s][info][gc,cpu         ] GC(982) User=0.00s Sys=0.00s Real=0.00s
[7037.423s][info][gc,marking     ] GC(982) Concurrent Clear Claimed Marks
[7037.423s][info][gc,marking     ] GC(982) Concurrent Clear Claimed Marks 0.038ms
[7037.423s][info][gc,marking     ] GC(982) Concurrent Cleanup for Next Mark
[7037.436s][info][gc,marking     ] GC(982) Concurrent Cleanup for Next Mark 12.825ms
[7037.436s][info][gc             ] GC(982) Concurrent Mark Cycle 1795.817ms
..[7039.711s][info][gc,start       ] GC(983) Pause Young (Prepare Mixed) (G1 Evacuation Pause)
[7039.711s][info][gc,task        ] GC(983) Using 8 workers of 8 for evacuation
[7039.883s][info][gc,phases      ] GC(983)   Pre Evacuate Collection Set: 0.27ms
[7039.883s][info][gc,phases      ] GC(983)   Merge Heap Roots: 0.83ms
[7039.883s][info][gc,phases      ] GC(983)   Evacuate Collection Set: 169.16ms
[7039.883s][info][gc,phases      ] GC(983)   Post Evacuate Collection Set: 1.40ms
[7039.883s][info][gc,phases      ] GC(983)   Other: 0.07ms
[7039.883s][info][gc,heap        ] GC(983) Eden regions: 715->0(713)
[7039.883s][info][gc,heap        ] GC(983) Survivor regions: 53->55(96)
[7039.883s][info][gc,heap        ] GC(983) Old regions: 249->252
[7039.883s][info][gc,heap        ] GC(983) Humongous regions: 33->33
[7039.883s][info][gc,metaspace   ] GC(983) Metaspace: 29980K(30144K)->29980K(30144K) NonClass: 29980K(30144K)->29980K(30144K) Class: 0K(0K)->0K(0K)
[7039.883s][info][gc             ] GC(983) Pause Young (Prepare Mixed) (G1 Evacuation Pause) 8379M->2694M(10240M) 171.865ms
[7039.883s][info][gc,cpu         ] GC(983) User=1.35s Sys=0.00s Real=0.17s
... (rIR:aIR:PR = 12177:12111:12060) (tPR = 178858) [OK] 
  7041s: Performance info:
         Transaction,    Success,    Partial,     Failed,   Receipts, AvgBarcode, 
             Overall,     762472,          0,          0,     723784,      59.48, 
         Response times:
             Request,    Success,    Partial,     Failed,   SkipFail,     Probes,    Samples,      min,      p50,      p90,      p95,      p99,      max, 
       TotalPurchase,     726883,          0,          0,          0,     356468,     448047,      300,    17600,   132000,   204000,   396000,  4300000,
     InStorePurchase,     382242,          0,          0,          0,     187637,     235560,      400,    17600,   132000,   202000,   391000,  4300000,
      OnlinePurchase,     268954,          0,          0,          0,     130534,     164299,      300,    17700,   129000,   208000,   396000,  4300000,
        InstPurchase,      75687,          0,          0,          0,      38297,      48188,      400,    17400,   137000,   213000,   384000,  4300000,
          AssocOfCat,        771,          0,          0,          0,        690,        938,    33000,    78000,   210000,   289050,   505760,   630000,
      AssocOfProduct,       7660,          0,          0,          0,       3560,       4515,      700,    19000,   143000,   233000,   402840,  4300000,
      BusinessReport,       1926,          0,          0,          0,       1696,       2163,    34000,    81000,   225000,   294800,   577960,  2100000,
          CustBuyBeh,       7543,          0,          0,          0,       3548,       4484,      200,    17300,   135500,   212750,   359200,  1500000,
       ProductReturn,      20933,          0,          0,          0,       9580,      11948,      200,    16800,   128000,   215000,   382000,  2000000,

  7041s: (89%)   IR =  12315 .[7043.398s][info][gc,start       ] GC(984) Pause Young (Mixed) (G1 Evacuation Pause)
[7043.398s][info][gc,task        ] GC(984) Using 8 workers of 8 for evacuation
[7043.569s][info][gc,phases      ] GC(984)   Pre Evacuate Collection Set: 0.32ms
[7043.569s][info][gc,phases      ] GC(984)   Merge Heap Roots: 0.71ms
[7043.569s][info][gc,phases      ] GC(984)   Evacuate Collection Set: 167.29ms
[7043.569s][info][gc,phases      ] GC(984)   Merge Optional Heap Roots: 0.07ms
[7043.569s][info][gc,phases      ] GC(984)   Evacuate Optional Collection Set: 1.13ms
[7043.569s][info][gc,phases      ] GC(984)   Post Evacuate Collection Set: 1.51ms
[7043.569s][info][gc,phases      ] GC(984)   Other: 0.10ms
[7043.569s][info][gc,heap        ] GC(984) Eden regions: 713->0(716)
[7043.569s][info][gc,heap        ] GC(984) Survivor regions: 55->52(96)
[7043.569s][info][gc,heap        ] GC(984) Old regions: 252->166
[7043.569s][info][gc,heap        ] GC(984) Humongous regions: 33->33
[7043.569s][info][gc,metaspace   ] GC(984) Metaspace: 29980K(30144K)->29980K(30144K) NonClass: 29980K(30144K)->29980K(30144K) Class: 0K(0K)->0K(0K)
[7043.569s][info][gc             ] GC(984) Pause Young (Mixed) (G1 Evacuation Pause) 8398M->1976M(10240M) 171.272ms
[7043.569s][info][gc,cpu         ] GC(984) User=1.35s Sys=0.01s Real=0.17s
....[7047.265s][info][gc,start       ] GC(985) Pause Young (Mixed) (G1 Evacuation Pause)
[7047.265s][info][gc,task        ] GC(985) Using 8 workers of 8 for evacuation
[7047.439s][info][gc,phases      ] GC(985)   Pre Evacuate Collection Set: 0.30ms
[7047.439s][info][gc,phases      ] GC(985)   Merge Heap Roots: 0.87ms
[7047.439s][info][gc,phases      ] GC(985)   Evacuate Collection Set: 170.87ms
[7047.439s][info][gc,phases      ] GC(985)   Post Evacuate Collection Set: 1.36ms
[7047.439s][info][gc,phases      ] GC(985)   Other: 0.08ms
[7047.439s][info][gc,heap        ] GC(985) Eden regions: 716->0(715)
[7047.439s][info][gc,heap        ] GC(985) Survivor regions: 52->53(96)
[7047.439s][info][gc,heap        ] GC(985) Old regions: 166->134
[7047.439s][info][gc,heap        ] GC(985) Humongous regions: 33->33
[7047.439s][info][gc,metaspace   ] GC(985) Metaspace: 29980K(30144K)->29980K(30144K) NonClass: 29980K(30144K)->29980K(30144K) Class: 0K(0K)->0K(0K)
[7047.439s][info][gc             ] GC(985) Pause Young (Mixed) (G1 Evacuation Pause) 7704M->1737M(10240M) 173.626ms
[7047.439s][info][gc,cpu         ] GC(985) User=1.37s Sys=0.00s Real=0.18s
...[7051.206s][info][gc,start       ] GC(986) Pause Young (Normal) (G1 Evacuation Pause)
[7051.206s][info][gc,task        ] GC(986) Using 8 workers of 8 for evacuation
[7051.382s][info][gc,phases      ] GC(986)   Pre Evacuate Collection Set: 0.31ms
[7051.382s][info][gc,phases      ] GC(986)   Merge Heap Roots: 0.56ms
[7051.382s][info][gc,phases      ] GC(986)   Evacuate Collection Set: 173.49ms
[7051.382s][info][gc,phases      ] GC(986)   Post Evacuate Collection Set: 1.31ms
[7051.382s][info][gc,phases      ] GC(986)   Other: 0.06ms
[7051.382s][info][gc,heap        ] GC(986) Eden regions: 715->0(714)
[7051.382s][info][gc,heap        ] GC(986) Survivor regions: 53->54(96)
[7051.382s][info][gc,heap        ] GC(986) Old regions: 134->137
[7051.382s][info][gc,heap        ] GC(986) Humongous regions: 33->33
[7051.382s][info][gc,metaspace   ] GC(986) Metaspace: 29980K(30144K)->29980K(30144K) NonClass: 29980K(30144K)->29980K(30144K) Class: 0K(0K)->0K(0K)
[7051.382s][info][gc             ] GC(986) Pause Young (Normal) (G1 Evacuation Pause) 7457M->1764M(10240M) 175.878ms
[7051.382s][info][gc,cpu         ] GC(986) User=1.38s Sys=0.00s Real=0.17s
....[7055.105s][info][gc,start       ] GC(987) Pause Young (Normal) (G1 Evacuation Pause)
[7055.105s][info][gc,task        ] GC(987) Using 8 workers of 8 for evacuation
[7055.278s][info][gc,phases      ] GC(987)   Pre Evacuate Collection Set: 0.29ms
[7055.278s][info][gc,phases      ] GC(987)   Merge Heap Roots: 0.55ms
[7055.278s][info][gc,phases      ] GC(987)   Evacuate Collection Set: 170.62ms
[7055.278s][info][gc,phases      ] GC(987)   Post Evacuate Collection Set: 1.29ms
[7055.278s][info][gc,phases      ] GC(987)   Other: 0.06ms
[7055.279s][info][gc,heap        ] GC(987) Eden regions: 714->0(714)
[7055.279s][info][gc,heap        ] GC(987) Survivor regions: 54->54(96)
[7055.279s][info][gc,heap        ] GC(987) Old regions: 137->140
[7055.279s][info][gc,heap        ] GC(987) Humongous regions: 33->33
[7055.279s][info][gc,metaspace   ] GC(987) Metaspace: 29980K(30144K)->29980K(30144K) NonClass: 29980K(30144K)->29980K(30144K) Class: 0K(0K)->0K(0K)
[7055.279s][info][gc             ] GC(987) Pause Young (Normal) (G1 Evacuation Pause) 7476M->1787M(10240M) 173.699ms
[7055.279s][info][gc,cpu         ] GC(987) User=1.36s Sys=0.00s Real=0.18s
....[7059.037s][info][gc,start       ] GC(988) Pause Young (Normal) (G1 Evacuation Pause)
[7059.037s][info][gc,task        ] GC(988) Using 8 workers of 8 for evacuation
[7059.199s][info][gc,phases      ] GC(988)   Pre Evacuate Collection Set: 0.29ms
[7059.199s][info][gc,phases      ] GC(988)   Merge Heap Roots: 0.63ms
[7059.199s][info][gc,phases      ] GC(988)   Evacuate Collection Set: 160.40ms
[7059.199s][info][gc,phases      ] GC(988)   Post Evacuate Collection Set: 1.28ms
[7059.199s][info][gc,phases      ] GC(988)   Other: 0.07ms
[7059.199s][info][gc,heap        ] GC(988) Eden regions: 714->0(717)
[7059.199s][info][gc,heap        ] GC(988) Survivor regions: 54->51(96)
[7059.199s][info][gc,heap        ] GC(988) Old regions: 140->143
[7059.199s][info][gc,heap        ] GC(988) Humongous regions: 33->33
[7059.199s][info][gc,metaspace   ] GC(988) Metaspace: 29980K(30144K)->29980K(30144K) NonClass: 29980K(30144K)->29980K(30144K) Class: 0K(0K)->0K(0K)
[7059.199s][info][gc             ] GC(988) Pause Young (Normal) (G1 Evacuation Pause) 7499M->1785M(10240M) 162.802ms
[7059.199s][info][gc,cpu         ] GC(988) User=1.28s Sys=0.00s Real=0.16s
....[7062.986s][info][gc,start       ] GC(989) Pause Young (Normal) (G1 Evacuation Pause)
[7062.986s][info][gc,task        ] GC(989) Using 8 workers of 8 for evacuation
[7063.152s][info][gc,phases      ] GC(989)   Pre Evacuate Collection Set: 0.27ms
[7063.152s][info][gc,phases      ] GC(989)   Merge Heap Roots: 0.56ms
[7063.152s][info][gc,phases      ] GC(989)   Evacuate Collection Set: 163.91ms
[7063.152s][info][gc,phases      ] GC(989)   Post Evacuate Collection Set: 1.26ms
[7063.152s][info][gc,phases      ] GC(989)   Other: 0.07ms
[7063.152s][info][gc,heap        ] GC(989) Eden regions: 717->0(715)
[7063.152s][info][gc,heap        ] GC(989) Survivor regions: 51->53(96)
[7063.152s][info][gc,heap        ] GC(989) Old regions: 143->145
[7063.152s][info][gc,heap        ] GC(989) Humongous regions: 33->33
[7063.152s][info][gc,metaspace   ] GC(989) Metaspace: 29980K(30144K)->29980K(30144K) NonClass: 29980K(30144K)->29980K(30144K) Class: 0K(0K)->0K(0K)
[7063.152s][info][gc             ] GC(989) Pause Young (Normal) (G1 Evacuation Pause) 7521M->1823M(10240M) 166.212ms
[7063.152s][info][gc,cpu         ] GC(989) User=1.31s Sys=0.00s Real=0.16s
....|[7066.802s][info][gc,start       ] GC(990) Pause Young (Normal) (G1 Evacuation Pause)
[7066.802s][info][gc,task        ] GC(990) Using 8 workers of 8 for evacuation
[7066.968s][info][gc,phases      ] GC(990)   Pre Evacuate Collection Set: 0.31ms
[7066.969s][info][gc,phases      ] GC(990)   Merge Heap Roots: 0.56ms
[7066.969s][info][gc,phases      ] GC(990)   Evacuate Collection Set: 164.57ms
[7066.969s][info][gc,phases      ] GC(990)   Post Evacuate Collection Set: 1.27ms
[7066.969s][info][gc,phases      ] GC(990)   Other: 0.08ms
[7066.969s][info][gc,heap        ] GC(990) Eden regions: 715->0(716)
[7066.969s][info][gc,heap        ] GC(990) Survivor regions: 53->52(96)
[7066.969s][info][gc,heap        ] GC(990) Old regions: 145->148
[7066.969s][info][gc,heap        ] GC(990) Humongous regions: 33->33
[7066.969s][info][gc,metaspace   ] GC(990) Metaspace: 29980K(30144K)->29980K(30144K) NonClass: 29980K(30144K)->29980K(30144K) Class: 0K(0K)->0K(0K)
[7066.969s][info][gc             ] GC(990) Pause Young (Normal) (G1 Evacuation Pause) 7543M->1840M(10240M) 166.920ms
[7066.969s][info][gc,cpu         ] GC(990) User=1.32s Sys=0.00s Real=0.17s
....[7070.701s][info][gc,start       ] GC(991) Pause Young (Normal) (G1 Evacuation Pause)
[7070.701s][info][gc,task        ] GC(991) Using 8 workers of 8 for evacuation
[7070.872s][info][gc,phases      ] GC(991)   Pre Evacuate Collection Set: 0.27ms
[7070.872s][info][gc,phases      ] GC(991)   Merge Heap Roots: 0.55ms
[7070.872s][info][gc,phases      ] GC(991)   Evacuate Collection Set: 168.68ms
[7070.872s][info][gc,phases      ] GC(991)   Post Evacuate Collection Set: 1.28ms
[7070.872s][info][gc,phases      ] GC(991)   Other: 0.06ms
[7070.872s][info][gc,heap        ] GC(991) Eden regions: 716->0(715)
[7070.872s][info][gc,heap        ] GC(991) Survivor regions: 52->53(96)
[7070.872s][info][gc,heap        ] GC(991) Old regions: 148->151
[7070.872s][info][gc,heap        ] GC(991) Humongous regions: 33->33
[7070.872s][info][gc,metaspace   ] GC(991) Metaspace: 29980K(30144K)->29980K(30144K) NonClass: 29980K(30144K)->29980K(30144K) Class: 0K(0K)->0K(0K)
[7070.872s][info][gc             ] GC(991) Pause Young (Normal) (G1 Evacuation Pause) 7568M->1871M(10240M) 170.992ms
[7070.872s][info][gc,cpu         ] GC(991) User=1.35s Sys=0.00s Real=0.17s
....[7074.640s][info][gc,start       ] GC(992) Pause Young (Normal) (G1 Evacuation Pause)
[7074.640s][info][gc,task        ] GC(992) Using 8 workers of 8 for evacuation
[7074.812s][info][gc,phases      ] GC(992)   Pre Evacuate Collection Set: 0.31ms
[7074.812s][info][gc,phases      ] GC(992)   Merge Heap Roots: 0.55ms
[7074.812s][info][gc,phases      ] GC(992)   Evacuate Collection Set: 169.47ms
[7074.812s][info][gc,phases      ] GC(992)   Post Evacuate Collection Set: 1.28ms
[7074.812s][info][gc,phases      ] GC(992)   Other: 0.07ms
[7074.812s][info][gc,heap        ] GC(992) Eden regions: 715->0(715)
[7074.812s][info][gc,heap        ] GC(992) Survivor regions: 53->53(96)
[7074.812s][info][gc,heap        ] GC(992) Old regions: 151->154
[7074.812s][info][gc,heap        ] GC(992) Humongous regions: 33->33
[7074.812s][info][gc,metaspace   ] GC(992) Metaspace: 29980K(30144K)->29980K(30144K) NonClass: 29980K(30144K)->29980K(30144K) Class: 0K(0K)->0K(0K)
[7074.812s][info][gc             ] GC(992) Pause Young (Normal) (G1 Evacuation Pause) 7591M->1893M(10240M) 171.822ms
[7074.812s][info][gc,cpu         ] GC(992) User=1.36s Sys=0.00s Real=0.17s
....[7078.508s][info][gc,start       ] GC(993) Pause Young (Normal) (G1 Evacuation Pause)
[7078.508s][info][gc,task        ] GC(993) Using 8 workers of 8 for evacuation
[7078.676s][info][gc,phases      ] GC(993)   Pre Evacuate Collection Set: 0.27ms
[7078.676s][info][gc,phases      ] GC(993)   Merge Heap Roots: 0.59ms
[7078.676s][info][gc,phases      ] GC(993)   Evacuate Collection Set: 166.07ms
[7078.676s][info][gc,phases      ] GC(993)   Post Evacuate Collection Set: 1.31ms
[7078.676s][info][gc,phases      ] GC(993)   Other: 0.06ms
[7078.677s][info][gc,heap        ] GC(993) Eden regions: 715->0(715)
[7078.677s][info][gc,heap        ] GC(993) Survivor regions: 53->53(96)
[7078.677s][info][gc,heap        ] GC(993) Old regions: 154->156
[7078.677s][info][gc,heap        ] GC(993) Humongous regions: 33->33
[7078.677s][info][gc,metaspace   ] GC(993) Metaspace: 29980K(30144K)->29980K(30144K) NonClass: 29980K(30144K)->29980K(30144K) Class: 0K(0K)->0K(0K)
[7078.677s][info][gc             ] GC(993) Pause Young (Normal) (G1 Evacuation Pause) 7613M->1910M(10240M) 168.447ms
[7078.677s][info][gc,cpu         ] GC(993) User=1.33s Sys=0.00s Real=0.17s
...[7082.370s][info][gc,start       ] GC(994) Pause Young (Normal) (G1 Evacuation Pause)
[7082.370s][info][gc,task        ] GC(994) Using 8 workers of 8 for evacuation
[7082.538s][info][gc,phases      ] GC(994)   Pre Evacuate Collection Set: 0.24ms
[7082.539s][info][gc,phases      ] GC(994)   Merge Heap Roots: 0.56ms
[7082.539s][info][gc,phases      ] GC(994)   Evacuate Collection Set: 166.02ms
[7082.539s][info][gc,phases      ] GC(994)   Post Evacuate Collection Set: 1.27ms
[7082.539s][info][gc,phases      ] GC(994)   Other: 0.07ms
[7082.539s][info][gc,heap        ] GC(994) Eden regions: 715->0(715)
[7082.539s][info][gc,heap        ] GC(994) Survivor regions: 53->53(96)
[7082.539s][info][gc,heap        ] GC(994) Old regions: 156->159
[7082.539s][info][gc,heap        ] GC(994) Humongous regions: 33->33
[7082.539s][info][gc,metaspace   ] GC(994) Metaspace: 29980K(30144K)->29980K(30144K) NonClass: 29980K(30144K)->29980K(30144K) Class: 0K(0K)->0K(0K)
[7082.539s][info][gc             ] GC(994) Pause Young (Normal) (G1 Evacuation Pause) 7630M->1936M(10240M) 168.293ms
[7082.539s][info][gc,cpu         ] GC(994) User=1.32s Sys=0.00s Real=0.17s
....[7086.222s][info][gc,start       ] GC(995) Pause Young (Normal) (G1 Evacuation Pause)
[7086.223s][info][gc,task        ] GC(995) Using 8 workers of 8 for evacuation
[7086.388s][info][gc,phases      ] GC(995)   Pre Evacuate Collection Set: 0.28ms
[7086.388s][info][gc,phases      ] GC(995)   Merge Heap Roots: 0.67ms
[7086.388s][info][gc,phases      ] GC(995)   Evacuate Collection Set: 163.17ms
[7086.388s][info][gc,phases      ] GC(995)   Post Evacuate Collection Set: 1.31ms
[7086.388s][info][gc,phases      ] GC(995)   Other: 0.06ms
[7086.388s][info][gc,heap        ] GC(995) Eden regions: 715->0(715)
[7086.388s][info][gc,heap        ] GC(995) Survivor regions: 53->53(96)
[7086.388s][info][gc,heap        ] GC(995) Old regions: 159->162
[7086.388s][info][gc,heap        ] GC(995) Humongous regions: 33->33
[7086.388s][info][gc,metaspace   ] GC(995) Metaspace: 29980K(30144K)->29980K(30144K) NonClass: 29980K(30144K)->29980K(30144K) Class: 0K(0K)->0K(0K)
[7086.388s][info][gc             ] GC(995) Pause Young (Normal) (G1 Evacuation Pause) 7656M->1957M(10240M) 165.642ms
[7086.388s][info][gc,cpu         ] GC(995) User=1.31s Sys=0.00s Real=0.17s
....[7090.119s][info][gc,start       ] GC(996) Pause Young (Normal) (G1 Evacuation Pause)
[7090.119s][info][gc,task        ] GC(996) Using 8 workers of 8 for evacuation
[7090.287s][info][gc,phases      ] GC(996)   Pre Evacuate Collection Set: 0.26ms
[7090.287s][info][gc,phases      ] GC(996)   Merge Heap Roots: 0.58ms
[7090.287s][info][gc,phases      ] GC(996)   Evacuate Collection Set: 165.56ms
[7090.287s][info][gc,phases      ] GC(996)   Post Evacuate Collection Set: 1.29ms
[7090.287s][info][gc,phases      ] GC(996)   Other: 0.07ms
[7090.287s][info][gc,heap        ] GC(996) Eden regions: 715->0(716)
[7090.287s][info][gc,heap        ] GC(996) Survivor regions: 53->52(96)
[7090.287s][info][gc,heap        ] GC(996) Old regions: 162->164
[7090.287s][info][gc,heap        ] GC(996) Humongous regions: 33->33
[7090.287s][info][gc,metaspace   ] GC(996) Metaspace: 29980K(30144K)->29980K(30144K) NonClass: 29980K(30144K)->29980K(30144K) Class: 0K(0K)->0K(0K)
[7090.287s][info][gc             ] GC(996) Pause Young (Normal) (G1 Evacuation Pause) 7677M->1971M(10240M) 167.889ms
[7090.287s][info][gc,cpu         ] GC(996) User=1.32s Sys=0.00s Real=0.17s
....[7093.993s][info][gc,start       ] GC(997) Pause Young (Normal) (G1 Evacuation Pause)
[7093.993s][info][gc,task        ] GC(997) Using 8 workers of 8 for evacuation
[7094.159s][info][gc,phases      ] GC(997)   Pre Evacuate Collection Set: 0.28ms
[7094.159s][info][gc,phases      ] GC(997)   Merge Heap Roots: 0.55ms
[7094.159s][info][gc,phases      ] GC(997)   Evacuate Collection Set: 164.27ms
[7094.159s][info][gc,phases      ] GC(997)   Post Evacuate Collection Set: 1.29ms
[7094.159s][info][gc,phases      ] GC(997)   Other: 0.06ms
[7094.159s][info][gc,heap        ] GC(997) Eden regions: 716->0(716)
[7094.159s][info][gc,heap        ] GC(997) Survivor regions: 52->52(96)
[7094.159s][info][gc,heap        ] GC(997) Old regions: 164->167
[7094.159s][info][gc,heap        ] GC(997) Humongous regions: 33->33
[7094.159s][info][gc,metaspace   ] GC(997) Metaspace: 29980K(30144K)->29980K(30144K) NonClass: 29980K(30144K)->29980K(30144K) Class: 0K(0K)->0K(0K)
[7094.159s][info][gc             ] GC(997) Pause Young (Normal) (G1 Evacuation Pause) 7699M->1994M(10240M) 166.611ms
[7094.159s][info][gc,cpu         ] GC(997) User=1.31s Sys=0.00s Real=0.17s
....[7097.930s][info][gc,start       ] GC(998) Pause Young (Normal) (G1 Evacuation Pause)
[7097.930s][info][gc,task        ] GC(998) Using 8 workers of 8 for evacuation
[7098.095s][info][gc,phases      ] GC(998)   Pre Evacuate Collection Set: 0.29ms
[7098.095s][info][gc,phases      ] GC(998)   Merge Heap Roots: 0.56ms
[7098.095s][info][gc,phases      ] GC(998)   Evacuate Collection Set: 162.61ms
[7098.095s][info][gc,phases      ] GC(998)   Post Evacuate Collection Set: 1.30ms
[7098.095s][info][gc,phases      ] GC(998)   Other: 0.08ms
[7098.095s][info][gc,heap        ] GC(998) Eden regions: 716->0(715)
[7098.095s][info][gc,heap        ] GC(998) Survivor regions: 52->53(96)
[7098.095s][info][gc,heap        ] GC(998) Old regions: 167->170
[7098.095s][info][gc,heap        ] GC(998) Humongous regions: 33->33
[7098.095s][info][gc,metaspace   ] GC(998) Metaspace: 29980K(30144K)->29980K(30144K) NonClass: 29980K(30144K)->29980K(30144K) Class: 0K(0K)->0K(0K)
[7098.095s][info][gc             ] GC(998) Pause Young (Normal) (G1 Evacuation Pause) 7722M->2020M(10240M) 164.987ms
[7098.095s][info][gc,cpu         ] GC(998) User=1.29s Sys=0.01s Real=0.16s
....[7101.771s][info][gc,start       ] GC(999) Pause Young (Normal) (G1 Evacuation Pause)
[7101.771s][info][gc,task        ] GC(999) Using 8 workers of 8 for evacuation
[7101.943s][info][gc,phases      ] GC(999)   Pre Evacuate Collection Set: 0.28ms
[7101.943s][info][gc,phases      ] GC(999)   Merge Heap Roots: 0.56ms
[7101.943s][info][gc,phases      ] GC(999)   Evacuate Collection Set: 169.59ms
[7101.943s][info][gc,phases      ] GC(999)   Post Evacuate Collection Set: 1.27ms
[7101.943s][info][gc,phases      ] GC(999)   Other: 0.07ms
[7101.943s][info][gc,heap        ] GC(999) Eden regions: 715->0(714)
[7101.943s][info][gc,heap        ] GC(999) Survivor regions: 53->54(96)
[7101.943s][info][gc,heap        ] GC(999) Old regions: 170->173
[7101.943s][info][gc,heap        ] GC(999) Humongous regions: 33->33
[7101.943s][info][gc,metaspace   ] GC(999) Metaspace: 29980K(30144K)->29980K(30144K) NonClass: 29980K(30144K)->29980K(30144K) Class: 0K(0K)->0K(0K)
[7101.943s][info][gc             ] GC(999) Pause Young (Normal) (G1 Evacuation Pause) 7740M->2050M(10240M) 171.909ms
[7101.943s][info][gc,cpu         ] GC(999) User=1.35s Sys=0.00s Real=0.17s
....[7105.641s][info][gc,start       ] GC(1000) Pause Young (Normal) (G1 Evacuation Pause)
[7105.641s][info][gc,task        ] GC(1000) Using 8 workers of 8 for evacuation
[7105.813s][info][gc,phases      ] GC(1000)   Pre Evacuate Collection Set: 0.30ms
[7105.813s][info][gc,phases      ] GC(1000)   Merge Heap Roots: 0.64ms
[7105.813s][info][gc,phases      ] GC(1000)   Evacuate Collection Set: 170.50ms
[7105.813s][info][gc,phases      ] GC(1000)   Post Evacuate Collection Set: 1.27ms
[7105.813s][info][gc,phases      ] GC(1000)   Other: 0.07ms
[7105.813s][info][gc,heap        ] GC(1000) Eden regions: 714->0(715)
[7105.813s][info][gc,heap        ] GC(1000) Survivor regions: 54->53(96)
[7105.813s][info][gc,heap        ] GC(1000) Old regions: 173->176
[7105.813s][info][gc,heap        ] GC(1000) Humongous regions: 33->33
[7105.813s][info][gc,metaspace   ] GC(1000) Metaspace: 29980K(30144K)->29980K(30144K) NonClass: 29980K(30144K)->29980K(30144K) Class: 0K(0K)->0K(0K)
[7105.813s][info][gc             ] GC(1000) Pause Young (Normal) (G1 Evacuation Pause) 7762M->2068M(10240M) 172.926ms
[7105.813s][info][gc,cpu         ] GC(1000) User=1.36s Sys=0.00s Real=0.17s
...[7109.551s][info][gc,start       ] GC(1001) Pause Young (Normal) (G1 Evacuation Pause)
[7109.551s][info][gc,task        ] GC(1001) Using 8 workers of 8 for evacuation
[7109.721s][info][gc,phases      ] GC(1001)   Pre Evacuate Collection Set: 0.28ms
[7109.721s][info][gc,phases      ] GC(1001)   Merge Heap Roots: 0.57ms
[7109.721s][info][gc,phases      ] GC(1001)   Evacuate Collection Set: 168.50ms
[7109.721s][info][gc,phases      ] GC(1001)   Post Evacuate Collection Set: 1.27ms
[7109.721s][info][gc,phases      ] GC(1001)   Other: 0.06ms
[7109.721s][info][gc,heap        ] GC(1001) Eden regions: 715->0(714)
[7109.721s][info][gc,heap        ] GC(1001) Survivor regions: 53->54(96)
[7109.721s][info][gc,heap        ] GC(1001) Old regions: 176->178
[7109.721s][info][gc,heap        ] GC(1001) Humongous regions: 33->33
[7109.721s][info][gc,metaspace   ] GC(1001) Metaspace: 29980K(30144K)->29980K(30144K) NonClass: 29980K(30144K)->29980K(30144K) Class: 0K(0K)->0K(0K)
[7109.721s][info][gc             ] GC(1001) Pause Young (Normal) (G1 Evacuation Pause) 7788M->2093M(10240M) 170.819ms
[7109.722s][info][gc,cpu         ] GC(1001) User=1.34s Sys=0.00s Real=0.17s
....[7113.356s][info][gc,start       ] GC(1002) Pause Young (Normal) (G1 Evacuation Pause)
[7113.357s][info][gc,task        ] GC(1002) Using 8 workers of 8 for evacuation
[7113.523s][info][gc,phases      ] GC(1002)   Pre Evacuate Collection Set: 0.28ms
[7113.523s][info][gc,phases      ] GC(1002)   Merge Heap Roots: 0.63ms
[7113.524s][info][gc,phases      ] GC(1002)   Evacuate Collection Set: 164.68ms
[7113.524s][info][gc,phases      ] GC(1002)   Post Evacuate Collection Set: 1.28ms
[7113.524s][info][gc,phases      ] GC(1002)   Other: 0.07ms
[7113.524s][info][gc,heap        ] GC(1002) Eden regions: 714->0(715)
[7113.524s][info][gc,heap        ] GC(1002) Survivor regions: 54->53(96)
[7113.524s][info][gc,heap        ] GC(1002) Old regions: 178->181
[7113.524s][info][gc,heap        ] GC(1002) Humongous regions: 33->33
[7113.524s][info][gc,metaspace   ] GC(1002) Metaspace: 29980K(30144K)->29980K(30144K) NonClass: 29980K(30144K)->29980K(30144K) Class: 0K(0K)->0K(0K)
[7113.524s][info][gc             ] GC(1002) Pause Young (Normal) (G1 Evacuation Pause) 7805M->2112M(10240M) 167.075ms
[7113.524s][info][gc,cpu         ] GC(1002) User=1.31s Sys=0.00s Real=0.16s
....[7117.149s][info][gc,start       ] GC(1003) Pause Young (Normal) (G1 Evacuation Pause)
[7117.150s][info][gc,task        ] GC(1003) Using 8 workers of 8 for evacuation
[7117.315s][info][gc,phases      ] GC(1003)   Pre Evacuate Collection Set: 0.29ms
[7117.315s][info][gc,phases      ] GC(1003)   Merge Heap Roots: 0.60ms
[7117.315s][info][gc,phases      ] GC(1003)   Evacuate Collection Set: 163.09ms
[7117.315s][info][gc,phases      ] GC(1003)   Post Evacuate Collection Set: 1.33ms
[7117.315s][info][gc,phases      ] GC(1003)   Other: 0.07ms
[7117.315s][info][gc,heap        ] GC(1003) Eden regions: 715->0(716)
[7117.315s][info][gc,heap        ] GC(1003) Survivor regions: 53->52(96)
[7117.315s][info][gc,heap        ] GC(1003) Old regions: 181->184
[7117.315s][info][gc,heap        ] GC(1003) Humongous regions: 33->33
[7117.315s][info][gc,metaspace   ] GC(1003) Metaspace: 29980K(30144K)->29980K(30144K) NonClass: 29980K(30144K)->29980K(30144K) Class: 0K(0K)->0K(0K)
[7117.315s][info][gc             ] GC(1003) Pause Young (Normal) (G1 Evacuation Pause) 7832M->2126M(10240M) 165.502ms
[7117.315s][info][gc,cpu         ] GC(1003) User=1.30s Sys=0.00s Real=0.16s
....[7120.958s][info][gc,start       ] GC(1004) Pause Young (Normal) (G1 Evacuation Pause)
[7120.958s][info][gc,task        ] GC(1004) Using 8 workers of 8 for evacuation
[7121.126s][info][gc,phases      ] GC(1004)   Pre Evacuate Collection Set: 0.26ms
[7121.126s][info][gc,phases      ] GC(1004)   Merge Heap Roots: 0.57ms
[7121.126s][info][gc,phases      ] GC(1004)   Evacuate Collection Set: 165.83ms
[7121.126s][info][gc,phases      ] GC(1004)   Post Evacuate Collection Set: 1.34ms
[7121.126s][info][gc,phases      ] GC(1004)   Other: 0.06ms
[7121.126s][info][gc,heap        ] GC(1004) Eden regions: 716->0(715)
[7121.126s][info][gc,heap        ] GC(1004) Survivor regions: 52->53(96)
[7121.126s][info][gc,heap        ] GC(1004) Old regions: 184->186
[7121.126s][info][gc,heap        ] GC(1004) Humongous regions: 33->33
[7121.126s][info][gc,metaspace   ] GC(1004) Metaspace: 29980K(30144K)->29980K(30144K) NonClass: 29980K(30144K)->29980K(30144K) Class: 0K(0K)->0K(0K)
[7121.127s][info][gc             ] GC(1004) Pause Young (Normal) (G1 Evacuation Pause) 7854M->2155M(10240M) 168.188ms
[7121.127s][info][gc,cpu         ] GC(1004) User=1.32s Sys=0.00s Real=0.17s
....[7124.991s][info][gc,start       ] GC(1005) Pause Young (Normal) (G1 Evacuation Pause)
[7124.991s][info][gc,task        ] GC(1005) Using 8 workers of 8 for evacuation
[7125.160s][info][gc,phases      ] GC(1005)   Pre Evacuate Collection Set: 0.27ms
[7125.160s][info][gc,phases      ] GC(1005)   Merge Heap Roots: 0.58ms
[7125.160s][info][gc,phases      ] GC(1005)   Evacuate Collection Set: 166.88ms
[7125.160s][info][gc,phases      ] GC(1005)   Post Evacuate Collection Set: 1.29ms
[7125.160s][info][gc,phases      ] GC(1005)   Other: 0.07ms
[7125.160s][info][gc,heap        ] GC(1005) Eden regions: 715->0(715)
[7125.160s][info][gc,heap        ] GC(1005) Survivor regions: 53->53(96)
[7125.160s][info][gc,heap        ] GC(1005) Old regions: 186->189
[7125.160s][info][gc,heap        ] GC(1005) Humongous regions: 33->33
[7125.160s][info][gc,metaspace   ] GC(1005) Metaspace: 29980K(30144K)->29980K(30144K) NonClass: 29980K(30144K)->29980K(30144K) Class: 0K(0K)->0K(0K)
[7125.160s][info][gc             ] GC(1005) Pause Young (Normal) (G1 Evacuation Pause) 7875M->2173M(10240M) 169.236ms
[7125.160s][info][gc,cpu         ] GC(1005) User=1.34s Sys=0.00s Real=0.17s
.. (rIR:aIR:PR = 12315:12379:12378) (tPR = 183592) [OK] 
  7126s: Performance info:
         Transaction,    Success,    Partial,     Failed,   Receipts, AvgBarcode, 
             Overall,     746792,          0,          0,     710071,      59.48, 
         Response times:
             Request,    Success,    Partial,     Failed,   SkipFail,     Probes,    Samples,      min,      p50,      p90,      p95,      p99,      max, 
       TotalPurchase,     710116,          0,          0,          0,     355582,     510773,      300,    21000,   101000,   138000,   203000,  2200000,
     InStorePurchase,     372649,          0,          0,          0,     186544,     269255,      300,    20000,   101000,   137000,   201000,  2200000,
      OnlinePurchase,     262171,          0,          0,          0,     131215,     187212,      300,    21000,   102000,   140000,   208000,  2200000,
        InstPurchase,      75296,          0,          0,          0,      37823,      54306,      500,    19900,   101000,   136000,   200000,  2200000,
          AssocOfCat,        741,          0,          0,          0,        629,       1051,    35000,    79000,   157000,   185400,   241960,   312000,
      AssocOfProduct,       7281,          0,          0,          0,       3486,       5249,      600,    21000,   100000,   135000,   206000,   990000,
      BusinessReport,       1855,          0,          0,          0,       1712,       2588,    36000,    85000,   169000,   216000,   269220,  2200000,
          CustBuyBeh,       7343,          0,          0,          0,       3477,       5331,      800,    21000,   102000,   134000,   190000,   314000,
       ProductReturn,      19557,          0,          0,          0,       9350,      13875,      700,    18700,    96000,   132000,   196000,  1300000,

  7126s: (90%)   IR =  12453 .[7128.855s][info][gc,start       ] GC(1006) Pause Young (Normal) (G1 Evacuation Pause)
[7128.855s][info][gc,task        ] GC(1006) Using 8 workers of 8 for evacuation
[7129.028s][info][gc,phases      ] GC(1006)   Pre Evacuate Collection Set: 0.28ms
[7129.028s][info][gc,phases      ] GC(1006)   Merge Heap Roots: 0.57ms
[7129.028s][info][gc,phases      ] GC(1006)   Evacuate Collection Set: 170.14ms
[7129.028s][info][gc,phases      ] GC(1006)   Post Evacuate Collection Set: 1.34ms
[7129.028s][info][gc,phases      ] GC(1006)   Other: 0.07ms
[7129.028s][info][gc,heap        ] GC(1006) Eden regions: 715->0(714)
[7129.028s][info][gc,heap        ] GC(1006) Survivor regions: 53->54(96)
[7129.028s][info][gc,heap        ] GC(1006) Old regions: 189->192
[7129.028s][info][gc,heap        ] GC(1006) Humongous regions: 33->33
[7129.028s][info][gc,metaspace   ] GC(1006) Metaspace: 29980K(30144K)->29980K(30144K) NonClass: 29980K(30144K)->29980K(30144K) Class: 0K(0K)->0K(0K)
[7129.028s][info][gc             ] GC(1006) Pause Young (Normal) (G1 Evacuation Pause) 7893M->2203M(10240M) 172.536ms
[7129.028s][info][gc,cpu         ] GC(1006) User=1.36s Sys=0.00s Real=0.18s
....[7132.720s][info][gc,start       ] GC(1007) Pause Young (Normal) (G1 Evacuation Pause)
[7132.721s][info][gc,task        ] GC(1007) Using 8 workers of 8 for evacuation
[7132.895s][info][gc,phases      ] GC(1007)   Pre Evacuate Collection Set: 0.26ms
[7132.895s][info][gc,phases      ] GC(1007)   Merge Heap Roots: 0.57ms
[7132.895s][info][gc,phases      ] GC(1007)   Evacuate Collection Set: 172.24ms
[7132.895s][info][gc,phases      ] GC(1007)   Post Evacuate Collection Set: 1.29ms
[7132.895s][info][gc,phases      ] GC(1007)   Other: 0.07ms
[7132.895s][info][gc,heap        ] GC(1007) Eden regions: 714->0(714)
[7132.895s][info][gc,heap        ] GC(1007) Survivor regions: 54->54(96)
[7132.895s][info][gc,heap        ] GC(1007) Old regions: 192->195
[7132.895s][info][gc,heap        ] GC(1007) Humongous regions: 33->33
[7132.895s][info][gc,metaspace   ] GC(1007) Metaspace: 29980K(30144K)->29980K(30144K) NonClass: 29980K(30144K)->29980K(30144K) Class: 0K(0K)->0K(0K)
[7132.895s][info][gc             ] GC(1007) Pause Young (Normal) (G1 Evacuation Pause) 7915M->2229M(10240M) 174.550ms
[7132.895s][info][gc,cpu         ] GC(1007) User=1.38s Sys=0.00s Real=0.17s
....[7136.605s][info][gc,start       ] GC(1008) Pause Young (Normal) (G1 Evacuation Pause)
[7136.605s][info][gc,task        ] GC(1008) Using 8 workers of 8 for evacuation
[7136.775s][info][gc,phases      ] GC(1008)   Pre Evacuate Collection Set: 0.30ms
[7136.775s][info][gc,phases      ] GC(1008)   Merge Heap Roots: 0.66ms
[7136.775s][info][gc,phases      ] GC(1008)   Evacuate Collection Set: 167.83ms
[7136.775s][info][gc,phases      ] GC(1008)   Post Evacuate Collection Set: 1.32ms
[7136.775s][info][gc,phases      ] GC(1008)   Other: 0.06ms
[7136.775s][info][gc,heap        ] GC(1008) Eden regions: 714->0(715)
[7136.775s][info][gc,heap        ] GC(1008) Survivor regions: 54->53(96)
[7136.775s][info][gc,heap        ] GC(1008) Old regions: 195->197
[7136.775s][info][gc,heap        ] GC(1008) Humongous regions: 33->33
[7136.775s][info][gc,metaspace   ] GC(1008) Metaspace: 29980K(30144K)->29980K(30144K) NonClass: 29980K(30144K)->29980K(30144K) Class: 0K(0K)->0K(0K)
[7136.775s][info][gc             ] GC(1008) Pause Young (Normal) (G1 Evacuation Pause) 7941M->2242M(10240M) 170.313ms
[7136.775s][info][gc,cpu         ] GC(1008) User=1.34s Sys=0.00s Real=0.17s
....|[7140.395s][info][gc,start       ] GC(1009) Pause Young (Normal) (G1 Evacuation Pause)
[7140.395s][info][gc,task        ] GC(1009) Using 8 workers of 8 for evacuation
[7140.565s][info][gc,phases      ] GC(1009)   Pre Evacuate Collection Set: 0.27ms
[7140.565s][info][gc,phases      ] GC(1009)   Merge Heap Roots: 0.56ms
[7140.565s][info][gc,phases      ] GC(1009)   Evacuate Collection Set: 167.54ms
[7140.565s][info][gc,phases      ] GC(1009)   Post Evacuate Collection Set: 1.34ms
[7140.565s][info][gc,phases      ] GC(1009)   Other: 0.06ms
[7140.565s][info][gc,heap        ] GC(1009) Eden regions: 715->0(715)
[7140.565s][info][gc,heap        ] GC(1009) Survivor regions: 53->53(96)
[7140.565s][info][gc,heap        ] GC(1009) Old regions: 197->200
[7140.565s][info][gc,heap        ] GC(1009) Humongous regions: 33->33
[7140.565s][info][gc,metaspace   ] GC(1009) Metaspace: 29980K(30144K)->29980K(30144K) NonClass: 29980K(30144K)->29980K(30144K) Class: 0K(0K)->0K(0K)
[7140.565s][info][gc             ] GC(1009) Pause Young (Normal) (G1 Evacuation Pause) 7962M->2264M(10240M) 169.908ms
[7140.565s][info][gc,cpu         ] GC(1009) User=1.33s Sys=0.00s Real=0.17s
....[7144.094s][info][gc,start       ] GC(1010) Pause Young (Normal) (G1 Evacuation Pause)
[7144.094s][info][gc,task        ] GC(1010) Using 8 workers of 8 for evacuation
[7144.261s][info][gc,phases      ] GC(1010)   Pre Evacuate Collection Set: 0.27ms
[7144.261s][info][gc,phases      ] GC(1010)   Merge Heap Roots: 0.56ms
[7144.261s][info][gc,phases      ] GC(1010)   Evacuate Collection Set: 164.97ms
[7144.261s][info][gc,phases      ] GC(1010)   Post Evacuate Collection Set: 1.31ms
[7144.261s][info][gc,phases      ] GC(1010)   Other: 0.08ms
[7144.261s][info][gc,heap        ] GC(1010) Eden regions: 715->0(715)
[7144.261s][info][gc,heap        ] GC(1010) Survivor regions: 53->53(96)
[7144.261s][info][gc,heap        ] GC(1010) Old regions: 200->203
[7144.261s][info][gc,heap        ] GC(1010) Humongous regions: 33->33
[7144.261s][info][gc,metaspace   ] GC(1010) Metaspace: 29980K(30144K)->29980K(30144K) NonClass: 29980K(30144K)->29980K(30144K) Class: 0K(0K)->0K(0K)
[7144.261s][info][gc             ] GC(1010) Pause Young (Normal) (G1 Evacuation Pause) 7984M->2281M(10240M) 167.329ms
[7144.261s][info][gc,cpu         ] GC(1010) User=1.32s Sys=0.00s Real=0.17s
...[7147.969s][info][gc,start       ] GC(1011) Pause Young (Normal) (G1 Evacuation Pause)
[7147.969s][info][gc,task        ] GC(1011) Using 8 workers of 8 for evacuation
[7148.133s][info][gc,phases      ] GC(1011)   Pre Evacuate Collection Set: 0.28ms
[7148.133s][info][gc,phases      ] GC(1011)   Merge Heap Roots: 0.56ms
[7148.133s][info][gc,phases      ] GC(1011)   Evacuate Collection Set: 161.71ms
[7148.133s][info][gc,phases      ] GC(1011)   Post Evacuate Collection Set: 1.29ms
[7148.133s][info][gc,phases      ] GC(1011)   Other: 0.06ms
[7148.133s][info][gc,heap        ] GC(1011) Eden regions: 715->0(717)
[7148.133s][info][gc,heap        ] GC(1011) Survivor regions: 53->51(96)
[7148.133s][info][gc,heap        ] GC(1011) Old regions: 203->205
[7148.133s][info][gc,heap        ] GC(1011) Humongous regions: 33->33
[7148.133s][info][gc,metaspace   ] GC(1011) Metaspace: 29980K(30144K)->29980K(30144K) NonClass: 29980K(30144K)->29980K(30144K) Class: 0K(0K)->0K(0K)
[7148.133s][info][gc             ] GC(1011) Pause Young (Normal) (G1 Evacuation Pause) 8001M->2291M(10240M) 164.044ms
[7148.133s][info][gc,cpu         ] GC(1011) User=1.29s Sys=0.00s Real=0.16s
....[7151.770s][info][gc,start       ] GC(1012) Pause Young (Normal) (G1 Evacuation Pause)
[7151.770s][info][gc,task        ] GC(1012) Using 8 workers of 8 for evacuation
[7151.941s][info][gc,phases      ] GC(1012)   Pre Evacuate Collection Set: 0.28ms
[7151.941s][info][gc,phases      ] GC(1012)   Merge Heap Roots: 0.56ms
[7151.941s][info][gc,phases      ] GC(1012)   Evacuate Collection Set: 168.68ms
[7151.941s][info][gc,phases      ] GC(1012)   Post Evacuate Collection Set: 1.29ms
[7151.941s][info][gc,phases      ] GC(1012)   Other: 0.06ms
[7151.941s][info][gc,heap        ] GC(1012) Eden regions: 717->0(714)
[7151.941s][info][gc,heap        ] GC(1012) Survivor regions: 51->54(96)
[7151.941s][info][gc,heap        ] GC(1012) Old regions: 205->208
[7151.941s][info][gc,heap        ] GC(1012) Humongous regions: 33->33
[7151.941s][info][gc,metaspace   ] GC(1012) Metaspace: 29980K(30144K)->29980K(30144K) NonClass: 29980K(30144K)->29980K(30144K) Class: 0K(0K)->0K(0K)
[7151.941s][info][gc             ] GC(1012) Pause Young (Normal) (G1 Evacuation Pause) 8027M->2333M(10240M) 171.010ms
[7151.942s][info][gc,cpu         ] GC(1012) User=1.34s Sys=0.00s Real=0.17s
....[7155.597s][info][gc,start       ] GC(1013) Pause Young (Normal) (G1 Evacuation Pause)
[7155.597s][info][gc,task        ] GC(1013) Using 8 workers of 8 for evacuation
[7155.768s][info][gc,phases      ] GC(1013)   Pre Evacuate Collection Set: 0.29ms
[7155.768s][info][gc,phases      ] GC(1013)   Merge Heap Roots: 0.59ms
[7155.768s][info][gc,phases      ] GC(1013)   Evacuate Collection Set: 168.39ms
[7155.768s][info][gc,phases      ] GC(1013)   Post Evacuate Collection Set: 1.28ms
[7155.768s][info][gc,phases      ] GC(1013)   Other: 0.06ms
[7155.768s][info][gc,heap        ] GC(1013) Eden regions: 714->0(715)
[7155.768s][info][gc,heap        ] GC(1013) Survivor regions: 54->53(96)
[7155.768s][info][gc,heap        ] GC(1013) Old regions: 208->211
[7155.768s][info][gc,heap        ] GC(1013) Humongous regions: 33->33
[7155.768s][info][gc,metaspace   ] GC(1013) Metaspace: 29980K(30144K)->29980K(30144K) NonClass: 29980K(30144K)->29980K(30144K) Class: 0K(0K)->0K(0K)
[7155.768s][info][gc             ] GC(1013) Pause Young (Normal) (G1 Evacuation Pause) 8045M->2350M(10240M) 170.747ms
[7155.768s][info][gc,cpu         ] GC(1013) User=1.34s Sys=0.00s Real=0.17s
....[7159.413s][info][gc,start       ] GC(1014) Pause Young (Normal) (G1 Evacuation Pause)
[7159.413s][info][gc,task        ] GC(1014) Using 8 workers of 8 for evacuation
[7159.579s][info][gc,phases      ] GC(1014)   Pre Evacuate Collection Set: 0.29ms
[7159.579s][info][gc,phases      ] GC(1014)   Merge Heap Roots: 0.57ms
[7159.579s][info][gc,phases      ] GC(1014)   Evacuate Collection Set: 163.50ms
[7159.579s][info][gc,phases      ] GC(1014)   Post Evacuate Collection Set: 1.29ms
[7159.579s][info][gc,phases      ] GC(1014)   Other: 0.06ms
[7159.579s][info][gc,heap        ] GC(1014) Eden regions: 715->0(716)
[7159.579s][info][gc,heap        ] GC(1014) Survivor regions: 53->52(96)
[7159.579s][info][gc,heap        ] GC(1014) Old regions: 211->213
[7159.579s][info][gc,heap        ] GC(1014) Humongous regions: 33->33
[7159.579s][info][gc,metaspace   ] GC(1014) Metaspace: 29980K(30144K)->29980K(30144K) NonClass: 29980K(30144K)->29980K(30144K) Class: 0K(0K)->0K(0K)
[7159.579s][info][gc             ] GC(1014) Pause Young (Normal) (G1 Evacuation Pause) 8070M->2363M(10240M) 165.838ms
[7159.579s][info][gc,cpu         ] GC(1014) User=1.30s Sys=0.00s Real=0.17s
....[7163.313s][info][gc,start       ] GC(1015) Pause Young (Normal) (G1 Evacuation Pause)
[7163.313s][info][gc,task        ] GC(1015) Using 8 workers of 8 for evacuation
[7163.483s][info][gc,phases      ] GC(1015)   Pre Evacuate Collection Set: 0.28ms
[7163.483s][info][gc,phases      ] GC(1015)   Merge Heap Roots: 0.65ms
[7163.483s][info][gc,phases      ] GC(1015)   Evacuate Collection Set: 167.81ms
[7163.483s][info][gc,phases      ] GC(1015)   Post Evacuate Collection Set: 1.29ms
[7163.483s][info][gc,phases      ] GC(1015)   Other: 0.06ms
[7163.483s][info][gc,heap        ] GC(1015) Eden regions: 716->0(715)
[7163.483s][info][gc,heap        ] GC(1015) Survivor regions: 52->53(96)
[7163.483s][info][gc,heap        ] GC(1015) Old regions: 213->216
[7163.483s][info][gc,heap        ] GC(1015) Humongous regions: 33->33
[7163.483s][info][gc,metaspace   ] GC(1015) Metaspace: 29980K(30144K)->29980K(30144K) NonClass: 29980K(30144K)->29980K(30144K) Class: 0K(0K)->0K(0K)
[7163.483s][info][gc             ] GC(1015) Pause Young (Normal) (G1 Evacuation Pause) 8091M->2393M(10240M) 170.242ms
[7163.483s][info][gc,cpu         ] GC(1015) User=1.34s Sys=0.00s Real=0.17s
...[7167.152s][info][gc,start       ] GC(1016) Pause Young (Normal) (G1 Evacuation Pause)
[7167.152s][info][gc,task        ] GC(1016) Using 8 workers of 8 for evacuation
[7167.322s][info][gc,phases      ] GC(1016)   Pre Evacuate Collection Set: 0.28ms
[7167.322s][info][gc,phases      ] GC(1016)   Merge Heap Roots: 0.65ms
[7167.322s][info][gc,phases      ] GC(1016)   Evacuate Collection Set: 167.51ms
[7167.322s][info][gc,phases      ] GC(1016)   Post Evacuate Collection Set: 1.30ms
[7167.322s][info][gc,phases      ] GC(1016)   Other: 0.07ms
[7167.322s][info][gc,heap        ] GC(1016) Eden regions: 715->0(715)
[7167.322s][info][gc,heap        ] GC(1016) Survivor regions: 53->53(96)
[7167.322s][info][gc,heap        ] GC(1016) Old regions: 216->219
[7167.322s][info][gc,heap        ] GC(1016) Humongous regions: 33->33
[7167.322s][info][gc,metaspace   ] GC(1016) Metaspace: 29980K(30144K)->29980K(30144K) NonClass: 29980K(30144K)->29980K(30144K) Class: 0K(0K)->0K(0K)
[7167.322s][info][gc             ] GC(1016) Pause Young (Normal) (G1 Evacuation Pause) 8113M->2414M(10240M) 169.928ms
[7167.322s][info][gc,cpu         ] GC(1016) User=1.34s Sys=0.00s Real=0.17s
....[7170.909s][info][gc,start       ] GC(1017) Pause Young (Normal) (G1 Evacuation Pause)
[7170.909s][info][gc,task        ] GC(1017) Using 8 workers of 8 for evacuation
[7171.079s][info][gc,phases      ] GC(1017)   Pre Evacuate Collection Set: 0.29ms
[7171.079s][info][gc,phases      ] GC(1017)   Merge Heap Roots: 0.58ms
[7171.079s][info][gc,phases      ] GC(1017)   Evacuate Collection Set: 168.48ms
[7171.079s][info][gc,phases      ] GC(1017)   Post Evacuate Collection Set: 1.32ms
[7171.079s][info][gc,phases      ] GC(1017)   Other: 0.07ms
[7171.079s][info][gc,heap        ] GC(1017) Eden regions: 715->0(714)
[7171.079s][info][gc,heap        ] GC(1017) Survivor regions: 53->54(96)
[7171.079s][info][gc,heap        ] GC(1017) Old regions: 219->222
[7171.079s][info][gc,heap        ] GC(1017) Humongous regions: 33->33
[7171.079s][info][gc,metaspace   ] GC(1017) Metaspace: 29980K(30144K)->29980K(30144K) NonClass: 29980K(30144K)->29980K(30144K) Class: 0K(0K)->0K(0K)
[7171.080s][info][gc             ] GC(1017) Pause Young (Normal) (G1 Evacuation Pause) 8134M->2442M(10240M) 170.873ms
[7171.080s][info][gc,cpu         ] GC(1017) User=1.34s Sys=0.00s Real=0.17s
....[7174.720s][info][gc,start       ] GC(1018) Pause Young (Normal) (G1 Evacuation Pause)
[7174.720s][info][gc,task        ] GC(1018) Using 8 workers of 8 for evacuation
[7174.892s][info][gc,phases      ] GC(1018)   Pre Evacuate Collection Set: 0.28ms
[7174.892s][info][gc,phases      ] GC(1018)   Merge Heap Roots: 0.57ms
[7174.892s][info][gc,phases      ] GC(1018)   Evacuate Collection Set: 169.42ms
[7174.892s][info][gc,phases      ] GC(1018)   Post Evacuate Collection Set: 1.33ms
[7174.892s][info][gc,phases      ] GC(1018)   Other: 0.06ms
[7174.892s][info][gc,heap        ] GC(1018) Eden regions: 714->0(714)
[7174.892s][info][gc,heap        ] GC(1018) Survivor regions: 54->54(96)
[7174.892s][info][gc,heap        ] GC(1018) Old regions: 222->225
[7174.892s][info][gc,heap        ] GC(1018) Humongous regions: 33->33
[7174.892s][info][gc,metaspace   ] GC(1018) Metaspace: 29980K(30144K)->29980K(30144K) NonClass: 29980K(30144K)->29980K(30144K) Class: 0K(0K)->0K(0K)
[7174.892s][info][gc             ] GC(1018) Pause Young (Normal) (G1 Evacuation Pause) 8154M->2465M(10240M) 171.803ms
[7174.892s][info][gc,cpu         ] GC(1018) User=1.35s Sys=0.00s Real=0.17s
....[7178.552s][info][gc,start       ] GC(1019) Pause Young (Normal) (G1 Evacuation Pause)
[7178.552s][info][gc,task        ] GC(1019) Using 8 workers of 8 for evacuation
[7178.727s][info][gc,phases      ] GC(1019)   Pre Evacuate Collection Set: 0.26ms
[7178.727s][info][gc,phases      ] GC(1019)   Merge Heap Roots: 0.67ms
[7178.727s][info][gc,phases      ] GC(1019)   Evacuate Collection Set: 172.39ms
[7178.727s][info][gc,phases      ] GC(1019)   Post Evacuate Collection Set: 1.24ms
[7178.727s][info][gc,phases      ] GC(1019)   Other: 0.06ms
[7178.727s][info][gc,heap        ] GC(1019) Eden regions: 714->0(714)
[7178.727s][info][gc,heap        ] GC(1019) Survivor regions: 54->54(96)
[7178.727s][info][gc,heap        ] GC(1019) Old regions: 225->227
[7178.727s][info][gc,heap        ] GC(1019) Humongous regions: 33->33
[7178.727s][info][gc,metaspace   ] GC(1019) Metaspace: 29980K(30144K)->29980K(30144K) NonClass: 29980K(30144K)->29980K(30144K) Class: 0K(0K)->0K(0K)
[7178.727s][info][gc             ] GC(1019) Pause Young (Normal) (G1 Evacuation Pause) 8177M->2486M(10240M) 174.771ms
[7178.727s][info][gc,cpu         ] GC(1019) User=1.38s Sys=0.00s Real=0.18s
....[7182.335s][info][gc,start       ] GC(1020) Pause Young (Normal) (G1 Evacuation Pause)
[7182.335s][info][gc,task        ] GC(1020) Using 8 workers of 8 for evacuation
[7182.505s][info][gc,phases      ] GC(1020)   Pre Evacuate Collection Set: 0.30ms
[7182.505s][info][gc,phases      ] GC(1020)   Merge Heap Roots: 0.57ms
[7182.505s][info][gc,phases      ] GC(1020)   Evacuate Collection Set: 167.26ms
[7182.505s][info][gc,phases      ] GC(1020)   Post Evacuate Collection Set: 1.28ms
[7182.505s][info][gc,phases      ] GC(1020)   Other: 0.06ms
[7182.505s][info][gc,heap        ] GC(1020) Eden regions: 714->0(715)
[7182.505s][info][gc,heap        ] GC(1020) Survivor regions: 54->53(96)
[7182.505s][info][gc,heap        ] GC(1020) Old regions: 227->230
[7182.505s][info][gc,heap        ] GC(1020) Humongous regions: 33->33
[7182.505s][info][gc,metaspace   ] GC(1020) Metaspace: 29980K(30144K)->29980K(30144K) NonClass: 29980K(30144K)->29980K(30144K) Class: 0K(0K)->0K(0K)
[7182.505s][info][gc             ] GC(1020) Pause Young (Normal) (G1 Evacuation Pause) 8198M->2503M(10240M) 169.611ms
[7182.505s][info][gc,cpu         ] GC(1020) User=1.33s Sys=0.00s Real=0.17s
...[7186.090s][info][gc,start       ] GC(1021) Pause Young (Normal) (G1 Evacuation Pause)
[7186.090s][info][gc,task        ] GC(1021) Using 8 workers of 8 for evacuation
[7186.256s][info][gc,phases      ] GC(1021)   Pre Evacuate Collection Set: 0.30ms
[7186.256s][info][gc,phases      ] GC(1021)   Merge Heap Roots: 0.58ms
[7186.256s][info][gc,phases      ] GC(1021)   Evacuate Collection Set: 162.91ms
[7186.256s][info][gc,phases      ] GC(1021)   Post Evacuate Collection Set: 1.34ms
[7186.256s][info][gc,phases      ] GC(1021)   Other: 0.07ms
[7186.256s][info][gc,heap        ] GC(1021) Eden regions: 715->0(716)
[7186.256s][info][gc,heap        ] GC(1021) Survivor regions: 53->52(96)
[7186.256s][info][gc,heap        ] GC(1021) Old regions: 230->233
[7186.256s][info][gc,heap        ] GC(1021) Humongous regions: 33->33
[7186.256s][info][gc,metaspace   ] GC(1021) Metaspace: 29980K(30144K)->29980K(30144K) NonClass: 29980K(30144K)->29980K(30144K) Class: 0K(0K)->0K(0K)
[7186.256s][info][gc             ] GC(1021) Pause Young (Normal) (G1 Evacuation Pause) 8223M->2516M(10240M) 165.367ms
[7186.256s][info][gc,cpu         ] GC(1021) User=1.30s Sys=0.00s Real=0.17s
....[7189.895s][info][gc,start       ] GC(1022) Pause Young (Normal) (G1 Evacuation Pause)
[7189.895s][info][gc,task        ] GC(1022) Using 8 workers of 8 for evacuation
[7190.065s][info][gc,phases      ] GC(1022)   Pre Evacuate Collection Set: 0.30ms
[7190.065s][info][gc,phases      ] GC(1022)   Merge Heap Roots: 0.61ms
[7190.065s][info][gc,phases      ] GC(1022)   Evacuate Collection Set: 168.57ms
[7190.065s][info][gc,phases      ] GC(1022)   Post Evacuate Collection Set: 1.32ms
[7190.065s][info][gc,phases      ] GC(1022)   Other: 0.07ms
[7190.066s][info][gc,heap        ] GC(1022) Eden regions: 716->0(715)
[7190.066s][info][gc,heap        ] GC(1022) Survivor regions: 52->53(96)
[7190.066s][info][gc,heap        ] GC(1022) Old regions: 233->235
[7190.066s][info][gc,heap        ] GC(1022) Humongous regions: 33->33
[7190.066s][info][gc,metaspace   ] GC(1022) Metaspace: 29980K(30144K)->29980K(30144K) NonClass: 29980K(30144K)->29980K(30144K) Class: 0K(0K)->0K(0K)
[7190.066s][info][gc             ] GC(1022) Pause Young (Normal) (G1 Evacuation Pause) 8244M->2544M(10240M) 171.012ms
[7190.066s][info][gc,cpu         ] GC(1022) User=1.35s Sys=0.00s Real=0.17s
....[7193.781s][info][gc,start       ] GC(1023) Pause Young (Normal) (G1 Evacuation Pause)
[7193.781s][info][gc,task        ] GC(1023) Using 8 workers of 8 for evacuation
[7193.950s][info][gc,phases      ] GC(1023)   Pre Evacuate Collection Set: 0.30ms
[7193.950s][info][gc,phases      ] GC(1023)   Merge Heap Roots: 0.59ms
[7193.950s][info][gc,phases      ] GC(1023)   Evacuate Collection Set: 166.62ms
[7193.950s][info][gc,phases      ] GC(1023)   Post Evacuate Collection Set: 1.35ms
[7193.950s][info][gc,phases      ] GC(1023)   Other: 0.07ms
[7193.950s][info][gc,heap        ] GC(1023) Eden regions: 715->0(715)
[7193.950s][info][gc,heap        ] GC(1023) Survivor regions: 53->53(96)
[7193.950s][info][gc,heap        ] GC(1023) Old regions: 235->238
[7193.950s][info][gc,heap        ] GC(1023) Humongous regions: 33->33
[7193.950s][info][gc,metaspace   ] GC(1023) Metaspace: 29980K(30144K)->29980K(30144K) NonClass: 29980K(30144K)->29980K(30144K) Class: 0K(0K)->0K(0K)
[7193.950s][info][gc             ] GC(1023) Pause Young (Normal) (G1 Evacuation Pause) 8264M->2567M(10240M) 169.047ms
[7193.950s][info][gc,cpu         ] GC(1023) User=1.33s Sys=0.01s Real=0.17s
....[7197.624s][info][gc,start       ] GC(1024) Pause Young (Normal) (G1 Evacuation Pause)
[7197.624s][info][gc,task        ] GC(1024) Using 8 workers of 8 for evacuation
[7197.793s][info][gc,phases      ] GC(1024)   Pre Evacuate Collection Set: 0.27ms
[7197.793s][info][gc,phases      ] GC(1024)   Merge Heap Roots: 0.64ms
[7197.793s][info][gc,phases      ] GC(1024)   Evacuate Collection Set: 167.11ms
[7197.793s][info][gc,phases      ] GC(1024)   Post Evacuate Collection Set: 1.29ms
[7197.793s][info][gc,phases      ] GC(1024)   Other: 0.06ms
[7197.793s][info][gc,heap        ] GC(1024) Eden regions: 715->0(715)
[7197.793s][info][gc,heap        ] GC(1024) Survivor regions: 53->53(96)
[7197.793s][info][gc,heap        ] GC(1024) Old regions: 238->241
[7197.793s][info][gc,heap        ] GC(1024) Humongous regions: 33->33
[7197.793s][info][gc,metaspace   ] GC(1024) Metaspace: 29980K(30144K)->29980K(30144K) NonClass: 29980K(30144K)->29980K(30144K) Class: 0K(0K)->0K(0K)
[7197.793s][info][gc             ] GC(1024) Pause Young (Normal) (G1 Evacuation Pause) 8287M->2585M(10240M) 169.513ms
[7197.793s][info][gc,cpu         ] GC(1024) User=1.33s Sys=0.00s Real=0.17s
....[7201.466s][info][gc,start       ] GC(1025) Pause Young (Normal) (G1 Evacuation Pause)
[7201.466s][info][gc,task        ] GC(1025) Using 8 workers of 8 for evacuation
[7201.634s][info][gc,phases      ] GC(1025)   Pre Evacuate Collection Set: 0.30ms
[7201.634s][info][gc,phases      ] GC(1025)   Merge Heap Roots: 0.60ms
[7201.634s][info][gc,phases      ] GC(1025)   Evacuate Collection Set: 165.77ms
[7201.634s][info][gc,phases      ] GC(1025)   Post Evacuate Collection Set: 1.33ms
[7201.634s][info][gc,phases      ] GC(1025)   Other: 0.07ms
[7201.634s][info][gc,heap        ] GC(1025) Eden regions: 715->0(715)
[7201.634s][info][gc,heap        ] GC(1025) Survivor regions: 53->53(96)
[7201.634s][info][gc,heap        ] GC(1025) Old regions: 241->243
[7201.634s][info][gc,heap        ] GC(1025) Humongous regions: 33->33
[7201.634s][info][gc,metaspace   ] GC(1025) Metaspace: 29980K(30144K)->29980K(30144K) NonClass: 29980K(30144K)->29980K(30144K) Class: 0K(0K)->0K(0K)
[7201.634s][info][gc             ] GC(1025) Pause Young (Normal) (G1 Evacuation Pause) 8305M->2607M(10240M) 168.208ms
[7201.634s][info][gc,cpu         ] GC(1025) User=1.32s Sys=0.00s Real=0.16s
...[7205.230s][info][gc,start       ] GC(1026) Pause Young (Normal) (G1 Evacuation Pause)
[7205.230s][info][gc,task        ] GC(1026) Using 8 workers of 8 for evacuation
[7205.396s][info][gc,phases      ] GC(1026)   Pre Evacuate Collection Set: 0.29ms
[7205.396s][info][gc,phases      ] GC(1026)   Merge Heap Roots: 0.58ms
[7205.396s][info][gc,phases      ] GC(1026)   Evacuate Collection Set: 163.94ms
[7205.396s][info][gc,phases      ] GC(1026)   Post Evacuate Collection Set: 1.30ms
[7205.396s][info][gc,phases      ] GC(1026)   Other: 0.06ms
[7205.396s][info][gc,heap        ] GC(1026) Eden regions: 715->0(716)
[7205.396s][info][gc,heap        ] GC(1026) Survivor regions: 53->52(96)
[7205.396s][info][gc,heap        ] GC(1026) Old regions: 243->246
[7205.396s][info][gc,heap        ] GC(1026) Humongous regions: 33->33
[7205.396s][info][gc,metaspace   ] GC(1026) Metaspace: 29980K(30144K)->29980K(30144K) NonClass: 29980K(30144K)->29980K(30144K) Class: 0K(0K)->0K(0K)
[7205.396s][info][gc             ] GC(1026) Pause Young (Normal) (G1 Evacuation Pause) 8327M->2625M(10240M) 166.304ms
[7205.396s][info][gc,cpu         ] GC(1026) User=1.31s Sys=0.00s Real=0.17s
. (rIR:aIR:PR = 12453:12577:12577) (tPR = 189417) [OK] 
  7205s: Performance info:
         Transaction,    Success,    Partial,     Failed,   Receipts, AvgBarcode, 
             Overall,     821980,          0,          0,     780915,      59.47, 
         Response times:
             Request,    Success,    Partial,     Failed,   SkipFail,     Probes,    Samples,      min,      p50,      p90,      p95,      p99,      max, 
       TotalPurchase,     780953,          0,          0,          0,     377875,     472546,      300,    29000,   112000,   149000,   226000,  1600000,
     InStorePurchase,     407882,          0,          0,          0,     198135,     248431,      300,    29000,   111000,   148000,   227000,  1600000,
      OnlinePurchase,     292130,          0,          0,          0,     139737,     174491,      300,    29000,   112000,   150000,   224000,  1600000,
        InstPurchase,      80941,          0,          0,          0,      40003,      49624,      400,    29000,   114000,   150000,   230000,  1600000,
          AssocOfCat,        807,          0,          0,          0,        684,        938,    38000,    85000,   168000,   205100,   288220,  1500000,
      AssocOfProduct,       8163,          0,          0,          0,       3849,       5066,      900,    29000,   111000,   149000,   224000,  1500000,
      BusinessReport,       2028,          0,          0,          0,       1804,       2387,    36000,    98000,   186000,   225000,   275240,   401000,
          CustBuyBeh,       8281,          0,          0,          0,       3823,       5023,      900,    30000,   116000,   156800,   224000,  1500000,
       ProductReturn,      21758,          0,          0,          0,      10263,      13072,      600,    28000,   109000,   142000,   221000,  1500000,

  7205s: (91%)   IR =  12592 ...[7209.232s][info][gc,start       ] GC(1027) Pause Young (Normal) (G1 Evacuation Pause)
[7209.232s][info][gc,task        ] GC(1027) Using 8 workers of 8 for evacuation
[7209.404s][info][gc,phases      ] GC(1027)   Pre Evacuate Collection Set: 0.31ms
[7209.404s][info][gc,phases      ] GC(1027)   Merge Heap Roots: 0.58ms
[7209.404s][info][gc,phases      ] GC(1027)   Evacuate Collection Set: 169.32ms
[7209.404s][info][gc,phases      ] GC(1027)   Post Evacuate Collection Set: 1.37ms
[7209.404s][info][gc,phases      ] GC(1027)   Other: 0.06ms
[7209.404s][info][gc,heap        ] GC(1027) Eden regions: 716->0(715)
[7209.404s][info][gc,heap        ] GC(1027) Survivor regions: 52->53(96)
[7209.404s][info][gc,heap        ] GC(1027) Old regions: 246->249
[7209.404s][info][gc,heap        ] GC(1027) Humongous regions: 33->33
[7209.404s][info][gc,metaspace   ] GC(1027) Metaspace: 29980K(30144K)->29980K(30144K) NonClass: 29980K(30144K)->29980K(30144K) Class: 0K(0K)->0K(0K)
[7209.404s][info][gc             ] GC(1027) Pause Young (Normal) (G1 Evacuation Pause) 8353M->2655M(10240M) 171.780ms
[7209.404s][info][gc,cpu         ] GC(1027) User=1.35s Sys=0.00s Real=0.17s
....[7213.180s][info][gc,start       ] GC(1028) Pause Young (Normal) (G1 Evacuation Pause)
[7213.180s][info][gc,task        ] GC(1028) Using 8 workers of 8 for evacuation
[7213.344s][info][gc,phases      ] GC(1028)   Pre Evacuate Collection Set: 0.30ms
[7213.344s][info][gc,phases      ] GC(1028)   Merge Heap Roots: 0.63ms
[7213.344s][info][gc,phases      ] GC(1028)   Evacuate Collection Set: 161.65ms
[7213.344s][info][gc,phases      ] GC(1028)   Post Evacuate Collection Set: 1.39ms
[7213.344s][info][gc,phases      ] GC(1028)   Other: 0.07ms
[7213.344s][info][gc,heap        ] GC(1028) Eden regions: 715->0(717)
[7213.344s][info][gc,heap        ] GC(1028) Survivor regions: 53->51(96)
[7213.344s][info][gc,heap        ] GC(1028) Old regions: 249->252
[7213.344s][info][gc,heap        ] GC(1028) Humongous regions: 33->33
[7213.344s][info][gc,metaspace   ] GC(1028) Metaspace: 29980K(30144K)->29980K(30144K) NonClass: 29980K(30144K)->29980K(30144K) Class: 0K(0K)->0K(0K)
[7213.344s][info][gc             ] GC(1028) Pause Young (Normal) (G1 Evacuation Pause) 8375M->2660M(10240M) 164.167ms
[7213.344s][info][gc,cpu         ] GC(1028) User=1.29s Sys=0.00s Real=0.16s
....[7216.943s][info][gc,start       ] GC(1029) Pause Young (Normal) (G1 Evacuation Pause)
[7216.943s][info][gc,task        ] GC(1029) Using 8 workers of 8 for evacuation
[7217.115s][info][gc,phases      ] GC(1029)   Pre Evacuate Collection Set: 0.29ms
[7217.115s][info][gc,phases      ] GC(1029)   Merge Heap Roots: 0.58ms
[7217.115s][info][gc,phases      ] GC(1029)   Evacuate Collection Set: 169.05ms
[7217.115s][info][gc,phases      ] GC(1029)   Post Evacuate Collection Set: 1.33ms
[7217.115s][info][gc,phases      ] GC(1029)   Other: 0.07ms
[7217.115s][info][gc,heap        ] GC(1029) Eden regions: 717->0(715)
[7217.115s][info][gc,heap        ] GC(1029) Survivor regions: 51->53(96)
[7217.115s][info][gc,heap        ] GC(1029) Old regions: 252->254
[7217.115s][info][gc,heap        ] GC(1029) Humongous regions: 33->33
[7217.115s][info][gc,metaspace   ] GC(1029) Metaspace: 29980K(30144K)->29980K(30144K) NonClass: 29980K(30144K)->29980K(30144K) Class: 0K(0K)->0K(0K)
[7217.115s][info][gc             ] GC(1029) Pause Young (Normal) (G1 Evacuation Pause) 8396M->2698M(10240M) 171.456ms
[7217.115s][info][gc,cpu         ] GC(1029) User=1.35s Sys=0.00s Real=0.17s
....[7220.719s][info][gc,start       ] GC(1030) Pause Young (Normal) (G1 Evacuation Pause)
[7220.719s][info][gc,task        ] GC(1030) Using 8 workers of 8 for evacuation
[7220.898s][info][gc,phases      ] GC(1030)   Pre Evacuate Collection Set: 0.25ms
[7220.898s][info][gc,phases      ] GC(1030)   Merge Heap Roots: 0.59ms
[7220.898s][info][gc,phases      ] GC(1030)   Evacuate Collection Set: 176.51ms
[7220.898s][info][gc,phases      ] GC(1030)   Post Evacuate Collection Set: 1.27ms
[7220.898s][info][gc,phases      ] GC(1030)   Other: 0.07ms
[7220.898s][info][gc,heap        ] GC(1030) Eden regions: 715->0(714)
[7220.898s][info][gc,heap        ] GC(1030) Survivor regions: 53->54(96)
[7220.898s][info][gc,heap        ] GC(1030) Old regions: 254->257
[7220.898s][info][gc,heap        ] GC(1030) Humongous regions: 33->33
[7220.898s][info][gc,metaspace   ] GC(1030) Metaspace: 29980K(30144K)->29980K(30144K) NonClass: 29980K(30144K)->29980K(30144K) Class: 0K(0K)->0K(0K)
[7220.898s][info][gc             ] GC(1030) Pause Young (Normal) (G1 Evacuation Pause) 8418M->2728M(10240M) 178.820ms
[7220.898s][info][gc,cpu         ] GC(1030) User=1.40s Sys=0.00s Real=0.18s
...[7224.442s][info][gc,start       ] GC(1031) Pause Young (Normal) (G1 Evacuation Pause)
[7224.442s][info][gc,task        ] GC(1031) Using 8 workers of 8 for evacuation
[7224.612s][info][gc,phases      ] GC(1031)   Pre Evacuate Collection Set: 0.28ms
[7224.612s][info][gc,phases      ] GC(1031)   Merge Heap Roots: 0.57ms
[7224.612s][info][gc,phases      ] GC(1031)   Evacuate Collection Set: 167.07ms
[7224.612s][info][gc,phases      ] GC(1031)   Post Evacuate Collection Set: 1.33ms
[7224.612s][info][gc,phases      ] GC(1031)   Other: 0.07ms
[7224.612s][info][gc,heap        ] GC(1031) Eden regions: 714->0(716)
[7224.612s][info][gc,heap        ] GC(1031) Survivor regions: 54->52(96)
[7224.612s][info][gc,heap        ] GC(1031) Old regions: 257->260
[7224.612s][info][gc,heap        ] GC(1031) Humongous regions: 33->33
[7224.612s][info][gc,metaspace   ] GC(1031) Metaspace: 29980K(30144K)->29980K(30144K) NonClass: 29980K(30144K)->29980K(30144K) Class: 0K(0K)->0K(0K)
[7224.612s][info][gc             ] GC(1031) Pause Young (Normal) (G1 Evacuation Pause) 8440M->2734M(10240M) 169.472ms
[7224.612s][info][gc,cpu         ] GC(1031) User=1.34s Sys=0.00s Real=0.17s
....|[7228.233s][info][gc,start       ] GC(1032) Pause Young (Normal) (G1 Evacuation Pause)
[7228.233s][info][gc,task        ] GC(1032) Using 8 workers of 8 for evacuation
[7228.400s][info][gc,phases      ] GC(1032)   Pre Evacuate Collection Set: 0.29ms
[7228.400s][info][gc,phases      ] GC(1032)   Merge Heap Roots: 0.58ms
[7228.400s][info][gc,phases      ] GC(1032)   Evacuate Collection Set: 165.46ms
[7228.400s][info][gc,phases      ] GC(1032)   Post Evacuate Collection Set: 1.28ms
[7228.400s][info][gc,phases      ] GC(1032)   Other: 0.06ms
[7228.400s][info][gc,heap        ] GC(1032) Eden regions: 716->0(715)
[7228.400s][info][gc,heap        ] GC(1032) Survivor regions: 52->53(96)
[7228.400s][info][gc,heap        ] GC(1032) Old regions: 260->263
[7228.400s][info][gc,heap        ] GC(1032) Humongous regions: 33->33
[7228.400s][info][gc,metaspace   ] GC(1032) Metaspace: 29980K(30144K)->29980K(30144K) NonClass: 29980K(30144K)->29980K(30144K) Class: 0K(0K)->0K(0K)
[7228.400s][info][gc             ] GC(1032) Pause Young (Normal) (G1 Evacuation Pause) 8462M->2761M(10240M) 167.807ms
[7228.401s][info][gc,cpu         ] GC(1032) User=1.32s Sys=0.00s Real=0.17s
....[7232.012s][info][gc,start       ] GC(1033) Pause Young (Normal) (G1 Evacuation Pause)
[7232.012s][info][gc,task        ] GC(1033) Using 8 workers of 8 for evacuation
[7232.187s][info][gc,phases      ] GC(1033)   Pre Evacuate Collection Set: 0.27ms
[7232.187s][info][gc,phases      ] GC(1033)   Merge Heap Roots: 0.59ms
[7232.187s][info][gc,phases      ] GC(1033)   Evacuate Collection Set: 172.69ms
[7232.187s][info][gc,phases      ] GC(1033)   Post Evacuate Collection Set: 1.30ms
[7232.187s][info][gc,phases      ] GC(1033)   Other: 0.07ms
[7232.187s][info][gc,heap        ] GC(1033) Eden regions: 715->0(714)
[7232.187s][info][gc,heap        ] GC(1033) Survivor regions: 53->54(96)
[7232.187s][info][gc,heap        ] GC(1033) Old regions: 263->265
[7232.187s][info][gc,heap        ] GC(1033) Humongous regions: 33->33
[7232.187s][info][gc,metaspace   ] GC(1033) Metaspace: 29980K(30144K)->29980K(30144K) NonClass: 29980K(30144K)->29980K(30144K) Class: 0K(0K)->0K(0K)
[7232.187s][info][gc             ] GC(1033) Pause Young (Normal) (G1 Evacuation Pause) 8481M->2795M(10240M) 175.039ms
[7232.187s][info][gc,cpu         ] GC(1033) User=1.37s Sys=0.00s Real=0.18s
....[7235.868s][info][gc,start       ] GC(1034) Pause Young (Normal) (G1 Evacuation Pause)
[7235.868s][info][gc,task        ] GC(1034) Using 8 workers of 8 for evacuation
[7236.041s][info][gc,phases      ] GC(1034)   Pre Evacuate Collection Set: 0.28ms
[7236.041s][info][gc,phases      ] GC(1034)   Merge Heap Roots: 0.60ms
[7236.041s][info][gc,phases      ] GC(1034)   Evacuate Collection Set: 170.53ms
[7236.041s][info][gc,phases      ] GC(1034)   Post Evacuate Collection Set: 1.37ms
[7236.041s][info][gc,phases      ] GC(1034)   Other: 0.06ms
[7236.041s][info][gc,heap        ] GC(1034) Eden regions: 714->0(715)
[7236.041s][info][gc,heap        ] GC(1034) Survivor regions: 54->53(96)
[7236.041s][info][gc,heap        ] GC(1034) Old regions: 265->268
[7236.041s][info][gc,heap        ] GC(1034) Humongous regions: 33->33
[7236.041s][info][gc,metaspace   ] GC(1034) Metaspace: 29980K(30144K)->29980K(30144K) NonClass: 29980K(30144K)->29980K(30144K) Class: 0K(0K)->0K(0K)
[7236.041s][info][gc             ] GC(1034) Pause Young (Normal) (G1 Evacuation Pause) 8507M->2810M(10240M) 172.980ms
[7236.041s][info][gc,cpu         ] GC(1034) User=1.36s Sys=0.00s Real=0.17s
...[7239.640s][info][gc,start       ] GC(1035) Pause Young (Normal) (G1 Evacuation Pause)
[7239.640s][info][gc,task        ] GC(1035) Using 8 workers of 8 for evacuation
[7239.812s][info][gc,phases      ] GC(1035)   Pre Evacuate Collection Set: 0.31ms
[7239.812s][info][gc,phases      ] GC(1035)   Merge Heap Roots: 0.58ms
[7239.812s][info][gc,phases      ] GC(1035)   Evacuate Collection Set: 170.16ms
[7239.812s][info][gc,phases      ] GC(1035)   Post Evacuate Collection Set: 1.31ms
[7239.812s][info][gc,phases      ] GC(1035)   Other: 0.06ms
[7239.812s][info][gc,heap        ] GC(1035) Eden regions: 715->0(714)
[7239.812s][info][gc,heap        ] GC(1035) Survivor regions: 53->54(96)
[7239.812s][info][gc,heap        ] GC(1035) Old regions: 268->271
[7239.812s][info][gc,heap        ] GC(1035) Humongous regions: 33->33
[7239.812s][info][gc,metaspace   ] GC(1035) Metaspace: 29980K(30144K)->29980K(30144K) NonClass: 29980K(30144K)->29980K(30144K) Class: 0K(0K)->0K(0K)
[7239.812s][info][gc             ] GC(1035) Pause Young (Normal) (G1 Evacuation Pause) 8530M->2836M(10240M) 172.560ms
[7239.812s][info][gc,cpu         ] GC(1035) User=1.35s Sys=0.00s Real=0.17s
....[7243.416s][info][gc,start       ] GC(1036) Pause Young (Normal) (G1 Evacuation Pause)
[7243.416s][info][gc,task        ] GC(1036) Using 8 workers of 8 for evacuation
[7243.582s][info][gc,phases      ] GC(1036)   Pre Evacuate Collection Set: 0.29ms
[7243.582s][info][gc,phases      ] GC(1036)   Merge Heap Roots: 0.57ms
[7243.582s][info][gc,phases      ] GC(1036)   Evacuate Collection Set: 164.48ms
[7243.582s][info][gc,phases      ] GC(1036)   Post Evacuate Collection Set: 1.27ms
[7243.582s][info][gc,phases      ] GC(1036)   Other: 0.07ms
[7243.582s][info][gc,heap        ] GC(1036) Eden regions: 714->0(715)
[7243.582s][info][gc,heap        ] GC(1036) Survivor regions: 54->53(96)
[7243.582s][info][gc,heap        ] GC(1036) Old regions: 271->274
[7243.582s][info][gc,heap        ] GC(1036) Humongous regions: 33->33
[7243.582s][info][gc,metaspace   ] GC(1036) Metaspace: 29980K(30144K)->29980K(30144K) NonClass: 29980K(30144K)->29980K(30144K) Class: 0K(0K)->0K(0K)
[7243.582s][info][gc             ] GC(1036) Pause Young (Normal) (G1 Evacuation Pause) 8548M->2852M(10240M) 166.826ms
[7243.582s][info][gc,cpu         ] GC(1036) User=1.31s Sys=0.00s Real=0.17s
....[7247.279s][info][gc,start       ] GC(1037) Pause Young (Concurrent Start) (G1 Evacuation Pause)
[7247.279s][info][gc,task        ] GC(1037) Using 8 workers of 8 for evacuation
[7247.446s][info][gc,phases      ] GC(1037)   Pre Evacuate Collection Set: 0.28ms
[7247.446s][info][gc,phases      ] GC(1037)   Merge Heap Roots: 0.58ms
[7247.446s][info][gc,phases      ] GC(1037)   Evacuate Collection Set: 165.33ms
[7247.446s][info][gc,phases      ] GC(1037)   Post Evacuate Collection Set: 1.29ms
[7247.446s][info][gc,phases      ] GC(1037)   Other: 0.09ms
[7247.446s][info][gc,heap        ] GC(1037) Eden regions: 715->0(716)
[7247.446s][info][gc,heap        ] GC(1037) Survivor regions: 53->52(96)
[7247.446s][info][gc,heap        ] GC(1037) Old regions: 274->276
[7247.446s][info][gc,heap        ] GC(1037) Humongous regions: 33->33
[7247.446s][info][gc,metaspace   ] GC(1037) Metaspace: 29980K(30144K)->29980K(30144K) NonClass: 29980K(30144K)->29980K(30144K) Class: 0K(0K)->0K(0K)
[7247.446s][info][gc             ] GC(1037) Pause Young (Concurrent Start) (G1 Evacuation Pause) 8572M->2866M(10240M) 167.743ms
[7247.446s][info][gc,cpu         ] GC(1037) User=1.33s Sys=0.00s Real=0.17s
[7247.447s][info][gc             ] GC(1038) Concurrent Mark Cycle
[7247.447s][info][gc,marking     ] GC(1038) Concurrent Scan Root Regions
[7247.788s][info][gc,marking     ] GC(1038) Concurrent Scan Root Regions 341.776ms
[7247.788s][info][gc,marking     ] GC(1038) Concurrent Mark
[7247.788s][info][gc,marking     ] GC(1038) Concurrent Mark From Roots
[7247.788s][info][gc,task        ] GC(1038) Using 2 workers of 2 for marking
.[7248.724s][info][gc,marking     ] GC(1038) Concurrent Mark From Roots 935.922ms
[7248.724s][info][gc,marking     ] GC(1038) Concurrent Preclean
[7248.725s][info][gc,marking     ] GC(1038) Concurrent Preclean 0.210ms
[7248.725s][info][gc,start       ] GC(1038) Pause Remark
[7248.726s][info][gc             ] GC(1038) Pause Remark 4326M->4118M(10240M) 1.515ms
[7248.726s][info][gc,cpu         ] GC(1038) User=0.01s Sys=0.00s Real=0.01s
[7248.726s][info][gc,marking     ] GC(1038) Concurrent Mark 937.975ms
[7248.726s][info][gc,marking     ] GC(1038) Concurrent Rebuild Remembered Sets and Scrub Regions
.[7249.294s][info][gc,marking     ] GC(1038) Concurrent Rebuild Remembered Sets and Scrub Regions 567.248ms
[7249.294s][info][gc,start       ] GC(1038) Pause Cleanup
[7249.294s][info][gc             ] GC(1038) Pause Cleanup 4803M->4803M(10240M) 0.304ms
[7249.294s][info][gc,cpu         ] GC(1038) User=0.00s Sys=0.00s Real=0.00s
[7249.294s][info][gc,marking     ] GC(1038) Concurrent Clear Claimed Marks
[7249.294s][info][gc,marking     ] GC(1038) Concurrent Clear Claimed Marks 0.044ms
[7249.294s][info][gc,marking     ] GC(1038) Concurrent Cleanup for Next Mark
[7249.307s][info][gc,marking     ] GC(1038) Concurrent Cleanup for Next Mark 12.385ms
[7249.307s][info][gc             ] GC(1038) Concurrent Mark Cycle 1860.167ms
..[7251.561s][info][gc,start       ] GC(1039) Pause Young (Prepare Mixed) (G1 Evacuation Pause)
[7251.561s][info][gc,task        ] GC(1039) Using 8 workers of 8 for evacuation
[7251.736s][info][gc,phases      ] GC(1039)   Pre Evacuate Collection Set: 0.26ms
[7251.737s][info][gc,phases      ] GC(1039)   Merge Heap Roots: 0.85ms
[7251.737s][info][gc,phases      ] GC(1039)   Evacuate Collection Set: 172.81ms
[7251.737s][info][gc,phases      ] GC(1039)   Post Evacuate Collection Set: 1.42ms
[7251.737s][info][gc,phases      ] GC(1039)   Other: 0.07ms
[7251.737s][info][gc,heap        ] GC(1039) Eden regions: 716->0(713)
[7251.737s][info][gc,heap        ] GC(1039) Survivor regions: 52->55(96)
[7251.737s][info][gc,heap        ] GC(1039) Old regions: 250->253
[7251.737s][info][gc,heap        ] GC(1039) Humongous regions: 33->33
[7251.737s][info][gc,metaspace   ] GC(1039) Metaspace: 29980K(30144K)->29980K(30144K) NonClass: 29980K(30144K)->29980K(30144K) Class: 0K(0K)->0K(0K)
[7251.737s][info][gc             ] GC(1039) Pause Young (Prepare Mixed) (G1 Evacuation Pause) 8386M->2703M(10240M) 175.541ms
[7251.737s][info][gc,cpu         ] GC(1039) User=1.39s Sys=0.00s Real=0.18s
....[7255.325s][info][gc,start       ] GC(1040) Pause Young (Mixed) (G1 Evacuation Pause)
[7255.325s][info][gc,task        ] GC(1040) Using 8 workers of 8 for evacuation
[7255.496s][info][gc,phases      ] GC(1040)   Pre Evacuate Collection Set: 0.31ms
[7255.496s][info][gc,phases      ] GC(1040)   Merge Heap Roots: 0.67ms
[7255.496s][info][gc,phases      ] GC(1040)   Evacuate Collection Set: 167.38ms
[7255.496s][info][gc,phases      ] GC(1040)   Merge Optional Heap Roots: 0.05ms
[7255.496s][info][gc,phases      ] GC(1040)   Evacuate Optional Collection Set: 0.54ms
[7255.496s][info][gc,phases      ] GC(1040)   Post Evacuate Collection Set: 1.55ms
[7255.496s][info][gc,phases      ] GC(1040)   Other: 0.08ms
[7255.496s][info][gc,heap        ] GC(1040) Eden regions: 713->0(716)
[7255.496s][info][gc,heap        ] GC(1040) Survivor regions: 55->52(96)
[7255.496s][info][gc,heap        ] GC(1040) Old regions: 253->188
[7255.496s][info][gc,heap        ] GC(1040) Humongous regions: 33->33
[7255.496s][info][gc,metaspace   ] GC(1040) Metaspace: 29980K(30144K)->29980K(30144K) NonClass: 29980K(30144K)->29980K(30144K) Class: 0K(0K)->0K(0K)
[7255.496s][info][gc             ] GC(1040) Pause Young (Mixed) (G1 Evacuation Pause) 8407M->2159M(10240M) 170.730ms
[7255.496s][info][gc,cpu         ] GC(1040) User=1.34s Sys=0.00s Real=0.18s
....[7259.029s][info][gc,start       ] GC(1041) Pause Young (Mixed) (G1 Evacuation Pause)
[7259.029s][info][gc,task        ] GC(1041) Using 8 workers of 8 for evacuation
[7259.210s][info][gc,phases      ] GC(1041)   Pre Evacuate Collection Set: 0.29ms
[7259.210s][info][gc,phases      ] GC(1041)   Merge Heap Roots: 0.92ms
[7259.210s][info][gc,phases      ] GC(1041)   Evacuate Collection Set: 179.07ms
[7259.210s][info][gc,phases      ] GC(1041)   Post Evacuate Collection Set: 1.29ms
[7259.210s][info][gc,phases      ] GC(1041)   Other: 0.08ms
[7259.210s][info][gc,heap        ] GC(1041) Eden regions: 716->0(713)
[7259.210s][info][gc,heap        ] GC(1041) Survivor regions: 52->55(96)
[7259.210s][info][gc,heap        ] GC(1041) Old regions: 188->134
[7259.210s][info][gc,heap        ] GC(1041) Humongous regions: 33->33
[7259.210s][info][gc,metaspace   ] GC(1041) Metaspace: 29980K(30144K)->29980K(30144K) NonClass: 29980K(30144K)->29980K(30144K) Class: 0K(0K)->0K(0K)
[7259.210s][info][gc             ] GC(1041) Pause Young (Mixed) (G1 Evacuation Pause) 7887M->1751M(10240M) 181.797ms
[7259.210s][info][gc,cpu         ] GC(1041) User=1.43s Sys=0.00s Real=0.18s
...[7262.818s][info][gc,start       ] GC(1042) Pause Young (Normal) (G1 Evacuation Pause)
[7262.818s][info][gc,task        ] GC(1042) Using 8 workers of 8 for evacuation
[7262.993s][info][gc,phases      ] GC(1042)   Pre Evacuate Collection Set: 0.28ms
[7262.993s][info][gc,phases      ] GC(1042)   Merge Heap Roots: 0.59ms
[7262.993s][info][gc,phases      ] GC(1042)   Evacuate Collection Set: 172.34ms
[7262.993s][info][gc,phases      ] GC(1042)   Post Evacuate Collection Set: 1.25ms
[7262.993s][info][gc,phases      ] GC(1042)   Other: 0.09ms
[7262.993s][info][gc,heap        ] GC(1042) Eden regions: 713->0(714)
[7262.993s][info][gc,heap        ] GC(1042) Survivor regions: 55->54(96)
[7262.993s][info][gc,heap        ] GC(1042) Old regions: 134->137
[7262.993s][info][gc,heap        ] GC(1042) Humongous regions: 33->33
[7262.993s][info][gc,metaspace   ] GC(1042) Metaspace: 29980K(30144K)->29980K(30144K) NonClass: 29980K(30144K)->29980K(30144K) Class: 0K(0K)->0K(0K)
[7262.993s][info][gc             ] GC(1042) Pause Young (Normal) (G1 Evacuation Pause) 7455M->1762M(10240M) 174.680ms
[7262.993s][info][gc,cpu         ] GC(1042) User=1.37s Sys=0.01s Real=0.17s
....[7266.564s][info][gc,start       ] GC(1043) Pause Young (Normal) (G1 Evacuation Pause)
[7266.564s][info][gc,task        ] GC(1043) Using 8 workers of 8 for evacuation
[7266.737s][info][gc,phases      ] GC(1043)   Pre Evacuate Collection Set: 0.25ms
[7266.737s][info][gc,phases      ] GC(1043)   Merge Heap Roots: 0.56ms
[7266.737s][info][gc,phases      ] GC(1043)   Evacuate Collection Set: 171.20ms
[7266.737s][info][gc,phases      ] GC(1043)   Post Evacuate Collection Set: 1.28ms
[7266.737s][info][gc,phases      ] GC(1043)   Other: 0.06ms
[7266.737s][info][gc,heap        ] GC(1043) Eden regions: 714->0(714)
[7266.737s][info][gc,heap        ] GC(1043) Survivor regions: 54->54(96)
[7266.737s][info][gc,heap        ] GC(1043) Old regions: 137->140
[7266.737s][info][gc,heap        ] GC(1043) Humongous regions: 33->33
[7266.737s][info][gc,metaspace   ] GC(1043) Metaspace: 29980K(30144K)->29980K(30144K) NonClass: 29980K(30144K)->29980K(30144K) Class: 0K(0K)->0K(0K)
[7266.737s][info][gc             ] GC(1043) Pause Young (Normal) (G1 Evacuation Pause) 7474M->1788M(10240M) 173.498ms
[7266.737s][info][gc,cpu         ] GC(1043) User=1.37s Sys=0.00s Real=0.18s
....[7270.311s][info][gc,start       ] GC(1044) Pause Young (Normal) (G1 Evacuation Pause)
[7270.311s][info][gc,task        ] GC(1044) Using 8 workers of 8 for evacuation
[7270.482s][info][gc,phases      ] GC(1044)   Pre Evacuate Collection Set: 0.26ms
[7270.482s][info][gc,phases      ] GC(1044)   Merge Heap Roots: 0.56ms
[7270.482s][info][gc,phases      ] GC(1044)   Evacuate Collection Set: 169.07ms
[7270.482s][info][gc,phases      ] GC(1044)   Post Evacuate Collection Set: 1.30ms
[7270.482s][info][gc,phases      ] GC(1044)   Other: 0.07ms
[7270.482s][info][gc,heap        ] GC(1044) Eden regions: 714->0(715)
[7270.482s][info][gc,heap        ] GC(1044) Survivor regions: 54->53(96)
[7270.482s][info][gc,heap        ] GC(1044) Old regions: 140->142
[7270.482s][info][gc,heap        ] GC(1044) Humongous regions: 33->33
[7270.482s][info][gc,metaspace   ] GC(1044) Metaspace: 29980K(30144K)->29980K(30144K) NonClass: 29980K(30144K)->29980K(30144K) Class: 0K(0K)->0K(0K)
[7270.482s][info][gc             ] GC(1044) Pause Young (Normal) (G1 Evacuation Pause) 7500M->1802M(10240M) 171.406ms
[7270.482s][info][gc,cpu         ] GC(1044) User=1.35s Sys=0.01s Real=0.17s
...[7273.996s][info][gc,start       ] GC(1045) Pause Young (Normal) (G1 Evacuation Pause)
[7273.996s][info][gc,task        ] GC(1045) Using 8 workers of 8 for evacuation
[7274.162s][info][gc,phases      ] GC(1045)   Pre Evacuate Collection Set: 0.26ms
[7274.162s][info][gc,phases      ] GC(1045)   Merge Heap Roots: 0.57ms
[7274.162s][info][gc,phases      ] GC(1045)   Evacuate Collection Set: 164.33ms
[7274.162s][info][gc,phases      ] GC(1045)   Post Evacuate Collection Set: 1.27ms
[7274.162s][info][gc,phases      ] GC(1045)   Other: 0.06ms
[7274.162s][info][gc,heap        ] GC(1045) Eden regions: 715->0(716)
[7274.162s][info][gc,heap        ] GC(1045) Survivor regions: 53->52(96)
[7274.162s][info][gc,heap        ] GC(1045) Old regions: 142->145
[7274.162s][info][gc,heap        ] GC(1045) Humongous regions: 33->33
[7274.162s][info][gc,metaspace   ] GC(1045) Metaspace: 29980K(30144K)->29980K(30144K) NonClass: 29980K(30144K)->29980K(30144K) Class: 0K(0K)->0K(0K)
[7274.163s][info][gc             ] GC(1045) Pause Young (Normal) (G1 Evacuation Pause) 7522M->1815M(10240M) 166.625ms
[7274.163s][info][gc,cpu         ] GC(1045) User=1.31s Sys=0.00s Real=0.16s
....[7277.734s][info][gc,start       ] GC(1046) Pause Young (Normal) (G1 Evacuation Pause)
[7277.734s][info][gc,task        ] GC(1046) Using 8 workers of 8 for evacuation
[7277.903s][info][gc,phases      ] GC(1046)   Pre Evacuate Collection Set: 0.27ms
[7277.903s][info][gc,phases      ] GC(1046)   Merge Heap Roots: 0.57ms
[7277.903s][info][gc,phases      ] GC(1046)   Evacuate Collection Set: 167.60ms
[7277.903s][info][gc,phases      ] GC(1046)   Post Evacuate Collection Set: 1.31ms
[7277.903s][info][gc,phases      ] GC(1046)   Other: 0.06ms
[7277.903s][info][gc,heap        ] GC(1046) Eden regions: 716->0(715)
[7277.903s][info][gc,heap        ] GC(1046) Survivor regions: 52->53(96)
[7277.904s][info][gc,heap        ] GC(1046) Old regions: 145->148
[7277.904s][info][gc,heap        ] GC(1046) Humongous regions: 33->33
[7277.904s][info][gc,metaspace   ] GC(1046) Metaspace: 29980K(30144K)->29980K(30144K) NonClass: 29980K(30144K)->29980K(30144K) Class: 0K(0K)->0K(0K)
[7277.904s][info][gc             ] GC(1046) Pause Young (Normal) (G1 Evacuation Pause) 7543M->1846M(10240M) 169.945ms
[7277.904s][info][gc,cpu         ] GC(1046) User=1.33s Sys=0.01s Real=0.17s
....[7281.448s][info][gc,start       ] GC(1047) Pause Young (Normal) (G1 Evacuation Pause)
[7281.448s][info][gc,task        ] GC(1047) Using 8 workers of 8 for evacuation
[7281.623s][info][gc,phases      ] GC(1047)   Pre Evacuate Collection Set: 0.27ms
[7281.623s][info][gc,phases      ] GC(1047)   Merge Heap Roots: 0.60ms
[7281.623s][info][gc,phases      ] GC(1047)   Evacuate Collection Set: 171.76ms
[7281.623s][info][gc,phases      ] GC(1047)   Post Evacuate Collection Set: 1.32ms
[7281.623s][info][gc,phases      ] GC(1047)   Other: 0.07ms
[7281.623s][info][gc,heap        ] GC(1047) Eden regions: 715->0(714)
[7281.623s][info][gc,heap        ] GC(1047) Survivor regions: 53->54(96)
[7281.623s][info][gc,heap        ] GC(1047) Old regions: 148->151
[7281.623s][info][gc,heap        ] GC(1047) Humongous regions: 33->33
[7281.623s][info][gc,metaspace   ] GC(1047) Metaspace: 29980K(30144K)->29980K(30144K) NonClass: 29980K(30144K)->29980K(30144K) Class: 0K(0K)->0K(0K)
[7281.623s][info][gc             ] GC(1047) Pause Young (Normal) (G1 Evacuation Pause) 7566M->1872M(10240M) 174.149ms
[7281.623s][info][gc,cpu         ] GC(1047) User=1.36s Sys=0.01s Real=0.17s
....[7285.213s][info][gc,start       ] GC(1048) Pause Young (Normal) (G1 Evacuation Pause)
[7285.213s][info][gc,task        ] GC(1048) Using 8 workers of 8 for evacuation
[7285.386s][info][gc,phases      ] GC(1048)   Pre Evacuate Collection Set: 0.26ms
[7285.386s][info][gc,phases      ] GC(1048)   Merge Heap Roots: 0.57ms
[7285.386s][info][gc,phases      ] GC(1048)   Evacuate Collection Set: 170.81ms
[7285.386s][info][gc,phases      ] GC(1048)   Post Evacuate Collection Set: 1.30ms
[7285.386s][info][gc,phases      ] GC(1048)   Other: 0.08ms
[7285.386s][info][gc,heap        ] GC(1048) Eden regions: 714->0(715)
[7285.386s][info][gc,heap        ] GC(1048) Survivor regions: 54->53(96)
[7285.386s][info][gc,heap        ] GC(1048) Old regions: 151->153
[7285.386s][info][gc,heap        ] GC(1048) Humongous regions: 33->33
[7285.386s][info][gc,metaspace   ] GC(1048) Metaspace: 29980K(30144K)->29980K(30144K) NonClass: 29980K(30144K)->29980K(30144K) Class: 0K(0K)->0K(0K)
[7285.386s][info][gc             ] GC(1048) Pause Young (Normal) (G1 Evacuation Pause) 7584M->1890M(10240M) 173.181ms
[7285.386s][info][gc,cpu         ] GC(1048) User=1.36s Sys=0.00s Real=0.18s
... (rIR:aIR:PR = 12592:12624:12625) (tPR = 187914) [OK] 
  7288s: Performance info:
         Transaction,    Success,    Partial,     Failed,   Receipts, AvgBarcode, 
             Overall,     763693,          0,          0,     725507,      59.47, 
         Response times:
             Request,    Success,    Partial,     Failed,   SkipFail,     Probes,    Samples,      min,      p50,      p90,      p95,      p99,      max, 
       TotalPurchase,     725496,          0,          0,          0,     335643,     500188,      300,    60000,   207000,   263000,   403000,  6500000,
     InStorePurchase,     380695,          0,          0,          0,     174832,     262564,      400,    60000,   209000,   271000,   405000,  6500000,
      OnlinePurchase,     267975,          0,          0,          0,     123673,     183853,      300,    60000,   204000,   260000,   401000,  6500000,
        InstPurchase,      76826,          0,          0,          0,      37138,      53771,      500,    60000,   203000,   249000,   400000,  6500000,
          AssocOfCat,        757,          0,          0,          0,        603,       1003,    39000,   124000,   266000,   313000,   439800,  1300000,
      AssocOfProduct,       7701,          0,          0,          0,       3582,       5414,     1300,    61000,   207000,   252000,   411000,  2500000,
      BusinessReport,       1905,          0,          0,          0,       1674,       2634,    39000,   124000,   270000,   315000,   442000,  1900000,
          CustBuyBeh,       7665,          0,          0,          0,       3557,       5366,      400,    60000,   201000,   249000,   383330,  3300000,
       ProductReturn,      20111,          0,          0,          0,       9702,      14229,      400,    58000,   206000,   265000,   414000,  5400000,

  7288s: (92%)   IR =  12730 [7288.965s][info][gc,start       ] GC(1049) Pause Young (Normal) (G1 Evacuation Pause)
[7288.965s][info][gc,task        ] GC(1049) Using 8 workers of 8 for evacuation
[7289.132s][info][gc,phases      ] GC(1049)   Pre Evacuate Collection Set: 0.32ms
[7289.132s][info][gc,phases      ] GC(1049)   Merge Heap Roots: 0.57ms
[7289.132s][info][gc,phases      ] GC(1049)   Evacuate Collection Set: 163.95ms
[7289.132s][info][gc,phases      ] GC(1049)   Post Evacuate Collection Set: 1.27ms
[7289.132s][info][gc,phases      ] GC(1049)   Other: 0.06ms
[7289.132s][info][gc,heap        ] GC(1049) Eden regions: 715->0(715)
[7289.132s][info][gc,heap        ] GC(1049) Survivor regions: 53->53(96)
[7289.132s][info][gc,heap        ] GC(1049) Old regions: 153->156
[7289.132s][info][gc,heap        ] GC(1049) Humongous regions: 33->33
[7289.132s][info][gc,metaspace   ] GC(1049) Metaspace: 29980K(30144K)->29980K(30144K) NonClass: 29980K(30144K)->29980K(30144K) Class: 0K(0K)->0K(0K)
[7289.132s][info][gc             ] GC(1049) Pause Young (Normal) (G1 Evacuation Pause) 7610M->1907M(10240M) 166.323ms
[7289.132s][info][gc,cpu         ] GC(1049) User=1.31s Sys=0.00s Real=0.17s
....[7292.695s][info][gc,start       ] GC(1050) Pause Young (Normal) (G1 Evacuation Pause)
[7292.695s][info][gc,task        ] GC(1050) Using 8 workers of 8 for evacuation
[7292.862s][info][gc,phases      ] GC(1050)   Pre Evacuate Collection Set: 0.31ms
[7292.863s][info][gc,phases      ] GC(1050)   Merge Heap Roots: 0.58ms
[7292.863s][info][gc,phases      ] GC(1050)   Evacuate Collection Set: 164.73ms
[7292.863s][info][gc,phases      ] GC(1050)   Post Evacuate Collection Set: 1.33ms
[7292.863s][info][gc,phases      ] GC(1050)   Other: 0.06ms
[7292.863s][info][gc,heap        ] GC(1050) Eden regions: 715->0(715)
[7292.863s][info][gc,heap        ] GC(1050) Survivor regions: 53->53(96)
[7292.863s][info][gc,heap        ] GC(1050) Old regions: 156->159
[7292.863s][info][gc,heap        ] GC(1050) Humongous regions: 33->33
[7292.863s][info][gc,metaspace   ] GC(1050) Metaspace: 29980K(30144K)->29980K(30144K) NonClass: 29980K(30144K)->29980K(30144K) Class: 0K(0K)->0K(0K)
[7292.863s][info][gc             ] GC(1050) Pause Young (Normal) (G1 Evacuation Pause) 7627M->1928M(10240M) 167.145ms
[7292.863s][info][gc,cpu         ] GC(1050) User=1.31s Sys=0.01s Real=0.17s
....[7296.496s][info][gc,start       ] GC(1051) Pause Young (Normal) (G1 Evacuation Pause)
[7296.496s][info][gc,task        ] GC(1051) Using 8 workers of 8 for evacuation
[7296.673s][info][gc,phases      ] GC(1051)   Pre Evacuate Collection Set: 0.28ms
[7296.673s][info][gc,phases      ] GC(1051)   Merge Heap Roots: 0.59ms
[7296.673s][info][gc,phases      ] GC(1051)   Evacuate Collection Set: 174.86ms
[7296.673s][info][gc,phases      ] GC(1051)   Post Evacuate Collection Set: 1.31ms
[7296.673s][info][gc,phases      ] GC(1051)   Other: 0.06ms
[7296.673s][info][gc,heap        ] GC(1051) Eden regions: 715->0(713)
[7296.673s][info][gc,heap        ] GC(1051) Survivor regions: 53->55(96)
[7296.673s][info][gc,heap        ] GC(1051) Old regions: 159->161
[7296.673s][info][gc,heap        ] GC(1051) Humongous regions: 33->33
[7296.673s][info][gc,metaspace   ] GC(1051) Metaspace: 29980K(30144K)->29980K(30144K) NonClass: 29980K(30144K)->29980K(30144K) Class: 0K(0K)->0K(0K)
[7296.673s][info][gc             ] GC(1051) Pause Young (Normal) (G1 Evacuation Pause) 7648M->1971M(10240M) 177.239ms
[7296.673s][info][gc,cpu         ] GC(1051) User=1.39s Sys=0.00s Real=0.17s
...[7300.200s][info][gc,start       ] GC(1052) Pause Young (Normal) (G1 Evacuation Pause)
[7300.200s][info][gc,task        ] GC(1052) Using 8 workers of 8 for evacuation
[7300.370s][info][gc,phases      ] GC(1052)   Pre Evacuate Collection Set: 0.27ms
[7300.370s][info][gc,phases      ] GC(1052)   Merge Heap Roots: 0.57ms
[7300.370s][info][gc,phases      ] GC(1052)   Evacuate Collection Set: 168.13ms
[7300.370s][info][gc,phases      ] GC(1052)   Post Evacuate Collection Set: 1.25ms
[7300.370s][info][gc,phases      ] GC(1052)   Other: 0.06ms
[7300.370s][info][gc,heap        ] GC(1052) Eden regions: 713->0(715)
[7300.370s][info][gc,heap        ] GC(1052) Survivor regions: 55->53(96)
[7300.370s][info][gc,heap        ] GC(1052) Old regions: 161->164
[7300.370s][info][gc,heap        ] GC(1052) Humongous regions: 33->33
[7300.370s][info][gc,metaspace   ] GC(1052) Metaspace: 29980K(30144K)->29980K(30144K) NonClass: 29980K(30144K)->29980K(30144K) Class: 0K(0K)->0K(0K)
[7300.370s][info][gc             ] GC(1052) Pause Young (Normal) (G1 Evacuation Pause) 7675M->1972M(10240M) 170.421ms
[7300.370s][info][gc,cpu         ] GC(1052) User=1.34s Sys=0.00s Real=0.17s
....[7303.948s][info][gc,start       ] GC(1053) Pause Young (Normal) (G1 Evacuation Pause)
[7303.948s][info][gc,task        ] GC(1053) Using 8 workers of 8 for evacuation
[7304.116s][info][gc,phases      ] GC(1053)   Pre Evacuate Collection Set: 0.25ms
[7304.116s][info][gc,phases      ] GC(1053)   Merge Heap Roots: 0.56ms
[7304.116s][info][gc,phases      ] GC(1053)   Evacuate Collection Set: 166.08ms
[7304.116s][info][gc,phases      ] GC(1053)   Post Evacuate Collection Set: 1.27ms
[7304.116s][info][gc,phases      ] GC(1053)   Other: 0.06ms
[7304.116s][info][gc,heap        ] GC(1053) Eden regions: 715->0(715)
[7304.116s][info][gc,heap        ] GC(1053) Survivor regions: 53->53(96)
[7304.116s][info][gc,heap        ] GC(1053) Old regions: 164->167
[7304.116s][info][gc,heap        ] GC(1053) Humongous regions: 33->33
[7304.116s][info][gc,metaspace   ] GC(1053) Metaspace: 29980K(30144K)->29980K(30144K) NonClass: 29980K(30144K)->29980K(30144K) Class: 0K(0K)->0K(0K)
[7304.116s][info][gc             ] GC(1053) Pause Young (Normal) (G1 Evacuation Pause) 7692M->1994M(10240M) 168.369ms
[7304.116s][info][gc,cpu         ] GC(1053) User=1.33s Sys=0.00s Real=0.17s
....[7307.778s][info][gc,start       ] GC(1054) Pause Young (Normal) (G1 Evacuation Pause)
[7307.778s][info][gc,task        ] GC(1054) Using 8 workers of 8 for evacuation
[7307.946s][info][gc,phases      ] GC(1054)   Pre Evacuate Collection Set: 0.29ms
[7307.946s][info][gc,phases      ] GC(1054)   Merge Heap Roots: 0.58ms
[7307.946s][info][gc,phases      ] GC(1054)   Evacuate Collection Set: 165.47ms
[7307.946s][info][gc,phases      ] GC(1054)   Post Evacuate Collection Set: 1.26ms
[7307.946s][info][gc,phases      ] GC(1054)   Other: 0.07ms
[7307.946s][info][gc,heap        ] GC(1054) Eden regions: 715->0(715)
[7307.946s][info][gc,heap        ] GC(1054) Survivor regions: 53->53(96)
[7307.946s][info][gc,heap        ] GC(1054) Old regions: 167->170
[7307.946s][info][gc,heap        ] GC(1054) Humongous regions: 33->33
[7307.946s][info][gc,metaspace   ] GC(1054) Metaspace: 29980K(30144K)->29980K(30144K) NonClass: 29980K(30144K)->29980K(30144K) Class: 0K(0K)->0K(0K)
[7307.946s][info][gc             ] GC(1054) Pause Young (Normal) (G1 Evacuation Pause) 7714M->2021M(10240M) 167.801ms
[7307.946s][info][gc,cpu         ] GC(1054) User=1.32s Sys=0.00s Real=0.17s
...|.[7311.567s][info][gc,start       ] GC(1055) Pause Young (Normal) (G1 Evacuation Pause)
[7311.567s][info][gc,task        ] GC(1055) Using 8 workers of 8 for evacuation
[7311.735s][info][gc,phases      ] GC(1055)   Pre Evacuate Collection Set: 0.30ms
[7311.735s][info][gc,phases      ] GC(1055)   Merge Heap Roots: 0.58ms
[7311.735s][info][gc,phases      ] GC(1055)   Evacuate Collection Set: 165.70ms
[7311.735s][info][gc,phases      ] GC(1055)   Post Evacuate Collection Set: 1.31ms
[7311.735s][info][gc,phases      ] GC(1055)   Other: 0.07ms
[7311.735s][info][gc,heap        ] GC(1055) Eden regions: 715->0(716)
[7311.735s][info][gc,heap        ] GC(1055) Survivor regions: 53->52(96)
[7311.735s][info][gc,heap        ] GC(1055) Old regions: 170->172
[7311.735s][info][gc,heap        ] GC(1055) Humongous regions: 33->33
[7311.735s][info][gc,metaspace   ] GC(1055) Metaspace: 29980K(30144K)->29980K(30144K) NonClass: 29980K(30144K)->29980K(30144K) Class: 0K(0K)->0K(0K)
[7311.735s][info][gc             ] GC(1055) Pause Young (Normal) (G1 Evacuation Pause) 7741M->2035M(10240M) 168.086ms
[7311.735s][info][gc,cpu         ] GC(1055) User=1.33s Sys=0.00s Real=0.16s
....[7315.410s][info][gc,start       ] GC(1056) Pause Young (Normal) (G1 Evacuation Pause)
[7315.410s][info][gc,task        ] GC(1056) Using 8 workers of 8 for evacuation
[7315.581s][info][gc,phases      ] GC(1056)   Pre Evacuate Collection Set: 0.29ms
[7315.582s][info][gc,phases      ] GC(1056)   Merge Heap Roots: 0.57ms
[7315.582s][info][gc,phases      ] GC(1056)   Evacuate Collection Set: 169.09ms
[7315.582s][info][gc,phases      ] GC(1056)   Post Evacuate Collection Set: 1.30ms
[7315.582s][info][gc,phases      ] GC(1056)   Other: 0.06ms
[7315.582s][info][gc,heap        ] GC(1056) Eden regions: 716->0(715)
[7315.582s][info][gc,heap        ] GC(1056) Survivor regions: 52->53(96)
[7315.582s][info][gc,heap        ] GC(1056) Old regions: 172->175
[7315.582s][info][gc,heap        ] GC(1056) Humongous regions: 33->33
[7315.582s][info][gc,metaspace   ] GC(1056) Metaspace: 29980K(30144K)->29980K(30144K) NonClass: 29980K(30144K)->29980K(30144K) Class: 0K(0K)->0K(0K)
[7315.582s][info][gc             ] GC(1056) Pause Young (Normal) (G1 Evacuation Pause) 7763M->2066M(10240M) 171.447ms
[7315.582s][info][gc,cpu         ] GC(1056) User=1.35s Sys=0.00s Real=0.17s
...[7319.161s][info][gc,start       ] GC(1057) Pause Young (Normal) (G1 Evacuation Pause)
[7319.161s][info][gc,task        ] GC(1057) Using 8 workers of 8 for evacuation
[7319.336s][info][gc,phases      ] GC(1057)   Pre Evacuate Collection Set: 0.28ms
[7319.336s][info][gc,phases      ] GC(1057)   Merge Heap Roots: 0.57ms
[7319.336s][info][gc,phases      ] GC(1057)   Evacuate Collection Set: 173.23ms
[7319.336s][info][gc,phases      ] GC(1057)   Post Evacuate Collection Set: 1.32ms
[7319.336s][info][gc,phases      ] GC(1057)   Other: 0.07ms
[7319.336s][info][gc,heap        ] GC(1057) Eden regions: 715->0(713)
[7319.336s][info][gc,heap        ] GC(1057) Survivor regions: 53->55(96)
[7319.336s][info][gc,heap        ] GC(1057) Old regions: 175->178
[7319.336s][info][gc,heap        ] GC(1057) Humongous regions: 33->33
[7319.336s][info][gc,metaspace   ] GC(1057) Metaspace: 29980K(30144K)->29980K(30144K) NonClass: 29980K(30144K)->29980K(30144K) Class: 0K(0K)->0K(0K)
[7319.336s][info][gc             ] GC(1057) Pause Young (Normal) (G1 Evacuation Pause) 7786M->2100M(10240M) 175.611ms
[7319.336s][info][gc,cpu         ] GC(1057) User=1.38s Sys=0.00s Real=0.18s
....[7322.854s][info][gc,start       ] GC(1058) Pause Young (Normal) (G1 Evacuation Pause)
[7322.854s][info][gc,task        ] GC(1058) Using 8 workers of 8 for evacuation
[7323.020s][info][gc,phases      ] GC(1058)   Pre Evacuate Collection Set: 0.27ms
[7323.020s][info][gc,phases      ] GC(1058)   Merge Heap Roots: 0.60ms
[7323.020s][info][gc,phases      ] GC(1058)   Evacuate Collection Set: 164.17ms
[7323.020s][info][gc,phases      ] GC(1058)   Post Evacuate Collection Set: 1.29ms
[7323.020s][info][gc,phases      ] GC(1058)   Other: 0.08ms
[7323.020s][info][gc,heap        ] GC(1058) Eden regions: 713->0(716)
[7323.020s][info][gc,heap        ] GC(1058) Survivor regions: 55->52(96)
[7323.020s][info][gc,heap        ] GC(1058) Old regions: 178->181
[7323.020s][info][gc,heap        ] GC(1058) Humongous regions: 33->33
[7323.020s][info][gc,metaspace   ] GC(1058) Metaspace: 29980K(30144K)->29980K(30144K) NonClass: 29980K(30144K)->29980K(30144K) Class: 0K(0K)->0K(0K)
[7323.020s][info][gc             ] GC(1058) Pause Young (Normal) (G1 Evacuation Pause) 7804M->2101M(10240M) 166.549ms
[7323.020s][info][gc,cpu         ] GC(1058) User=1.31s Sys=0.00s Real=0.17s
....[7326.605s][info][gc,start       ] GC(1059) Pause Young (Normal) (G1 Evacuation Pause)
[7326.605s][info][gc,task        ] GC(1059) Using 8 workers of 8 for evacuation
[7326.769s][info][gc,phases      ] GC(1059)   Pre Evacuate Collection Set: 0.28ms
[7326.769s][info][gc,phases      ] GC(1059)   Merge Heap Roots: 0.58ms
[7326.769s][info][gc,phases      ] GC(1059)   Evacuate Collection Set: 162.41ms
[7326.769s][info][gc,phases      ] GC(1059)   Post Evacuate Collection Set: 1.30ms
[7326.769s][info][gc,phases      ] GC(1059)   Other: 0.06ms
[7326.769s][info][gc,heap        ] GC(1059) Eden regions: 716->0(716)
[7326.769s][info][gc,heap        ] GC(1059) Survivor regions: 52->52(96)
[7326.769s][info][gc,heap        ] GC(1059) Old regions: 181->183
[7326.769s][info][gc,heap        ] GC(1059) Humongous regions: 33->33
[7326.769s][info][gc,metaspace   ] GC(1059) Metaspace: 29980K(30144K)->29980K(30144K) NonClass: 29980K(30144K)->29980K(30144K) Class: 0K(0K)->0K(0K)
[7326.769s][info][gc             ] GC(1059) Pause Young (Normal) (G1 Evacuation Pause) 7829M->2118M(10240M) 164.758ms
[7326.769s][info][gc,cpu         ] GC(1059) User=1.29s Sys=0.00s Real=0.17s
...[7330.375s][info][gc,start       ] GC(1060) Pause Young (Normal) (G1 Evacuation Pause)
[7330.375s][info][gc,task        ] GC(1060) Using 8 workers of 8 for evacuation
[7330.543s][info][gc,phases      ] GC(1060)   Pre Evacuate Collection Set: 0.30ms
[7330.543s][info][gc,phases      ] GC(1060)   Merge Heap Roots: 0.57ms
[7330.543s][info][gc,phases      ] GC(1060)   Evacuate Collection Set: 166.25ms
[7330.543s][info][gc,phases      ] GC(1060)   Post Evacuate Collection Set: 1.31ms
[7330.543s][info][gc,phases      ] GC(1060)   Other: 0.07ms
[7330.543s][info][gc,heap        ] GC(1060) Eden regions: 716->0(714)
[7330.543s][info][gc,heap        ] GC(1060) Survivor regions: 52->54(96)
[7330.543s][info][gc,heap        ] GC(1060) Old regions: 183->186
[7330.543s][info][gc,heap        ] GC(1060) Humongous regions: 33->33
[7330.543s][info][gc,metaspace   ] GC(1060) Metaspace: 29980K(30144K)->29980K(30144K) NonClass: 29980K(30144K)->29980K(30144K) Class: 0K(0K)->0K(0K)
[7330.543s][info][gc             ] GC(1060) Pause Young (Normal) (G1 Evacuation Pause) 7846M->2156M(10240M) 168.662ms
[7330.543s][info][gc,cpu         ] GC(1060) User=1.33s Sys=0.00s Real=0.17s
....[7334.249s][info][gc,start       ] GC(1061) Pause Young (Normal) (G1 Evacuation Pause)
[7334.249s][info][gc,task        ] GC(1061) Using 8 workers of 8 for evacuation
[7334.417s][info][gc,phases      ] GC(1061)   Pre Evacuate Collection Set: 0.29ms
[7334.417s][info][gc,phases      ] GC(1061)   Merge Heap Roots: 0.57ms
[7334.417s][info][gc,phases      ] GC(1061)   Evacuate Collection Set: 165.59ms
[7334.417s][info][gc,phases      ] GC(1061)   Post Evacuate Collection Set: 1.29ms
[7334.417s][info][gc,phases      ] GC(1061)   Other: 0.07ms
[7334.417s][info][gc,heap        ] GC(1061) Eden regions: 714->0(716)
[7334.417s][info][gc,heap        ] GC(1061) Survivor regions: 54->52(96)
[7334.417s][info][gc,heap        ] GC(1061) Old regions: 186->189
[7334.417s][info][gc,heap        ] GC(1061) Humongous regions: 33->33
[7334.417s][info][gc,metaspace   ] GC(1061) Metaspace: 29980K(30144K)->29980K(30144K) NonClass: 29980K(30144K)->29980K(30144K) Class: 0K(0K)->0K(0K)
[7334.417s][info][gc             ] GC(1061) Pause Young (Normal) (G1 Evacuation Pause) 7868M->2166M(10240M) 167.945ms
[7334.417s][info][gc,cpu         ] GC(1061) User=1.32s Sys=0.00s Real=0.17s
....[7338.007s][info][gc,start       ] GC(1062) Pause Young (Normal) (G1 Evacuation Pause)
[7338.007s][info][gc,task        ] GC(1062) Using 8 workers of 8 for evacuation
[7338.176s][info][gc,phases      ] GC(1062)   Pre Evacuate Collection Set: 0.26ms
[7338.176s][info][gc,phases      ] GC(1062)   Merge Heap Roots: 0.56ms
[7338.176s][info][gc,phases      ] GC(1062)   Evacuate Collection Set: 166.20ms
[7338.176s][info][gc,phases      ] GC(1062)   Post Evacuate Collection Set: 1.28ms
[7338.176s][info][gc,phases      ] GC(1062)   Other: 0.07ms
[7338.176s][info][gc,heap        ] GC(1062) Eden regions: 716->0(715)
[7338.176s][info][gc,heap        ] GC(1062) Survivor regions: 52->53(96)
[7338.176s][info][gc,heap        ] GC(1062) Old regions: 189->192
[7338.176s][info][gc,heap        ] GC(1062) Humongous regions: 33->33
[7338.176s][info][gc,metaspace   ] GC(1062) Metaspace: 29980K(30144K)->29980K(30144K) NonClass: 29980K(30144K)->29980K(30144K) Class: 0K(0K)->0K(0K)
[7338.176s][info][gc             ] GC(1062) Pause Young (Normal) (G1 Evacuation Pause) 7894M->2192M(10240M) 168.507ms
[7338.176s][info][gc,cpu         ] GC(1062) User=1.33s Sys=0.00s Real=0.17s
....[7341.820s][info][gc,start       ] GC(1063) Pause Young (Normal) (G1 Evacuation Pause)
[7341.820s][info][gc,task        ] GC(1063) Using 8 workers of 8 for evacuation
[7341.990s][info][gc,phases      ] GC(1063)   Pre Evacuate Collection Set: 0.29ms
[7341.990s][info][gc,phases      ] GC(1063)   Merge Heap Roots: 0.58ms
[7341.990s][info][gc,phases      ] GC(1063)   Evacuate Collection Set: 166.80ms
[7341.990s][info][gc,phases      ] GC(1063)   Post Evacuate Collection Set: 1.33ms
[7341.990s][info][gc,phases      ] GC(1063)   Other: 0.07ms
[7341.990s][info][gc,heap        ] GC(1063) Eden regions: 715->0(714)
[7341.990s][info][gc,heap        ] GC(1063) Survivor regions: 53->54(96)
[7341.990s][info][gc,heap        ] GC(1063) Old regions: 192->194
[7341.990s][info][gc,heap        ] GC(1063) Humongous regions: 33->33
[7341.990s][info][gc,metaspace   ] GC(1063) Metaspace: 29980K(30144K)->29980K(30144K) NonClass: 29980K(30144K)->29980K(30144K) Class: 0K(0K)->0K(0K)
[7341.990s][info][gc             ] GC(1063) Pause Young (Normal) (G1 Evacuation Pause) 7912M->2222M(10240M) 169.217ms
[7341.990s][info][gc,cpu         ] GC(1063) User=1.33s Sys=0.00s Real=0.17s
...[7345.548s][info][gc,start       ] GC(1064) Pause Young (Normal) (G1 Evacuation Pause)
[7345.548s][info][gc,task        ] GC(1064) Using 8 workers of 8 for evacuation
[7345.717s][info][gc,phases      ] GC(1064)   Pre Evacuate Collection Set: 0.27ms
[7345.717s][info][gc,phases      ] GC(1064)   Merge Heap Roots: 0.57ms
[7345.717s][info][gc,phases      ] GC(1064)   Evacuate Collection Set: 166.53ms
[7345.717s][info][gc,phases      ] GC(1064)   Post Evacuate Collection Set: 1.31ms
[7345.717s][info][gc,phases      ] GC(1064)   Other: 0.06ms
[7345.717s][info][gc,heap        ] GC(1064) Eden regions: 714->0(715)
[7345.717s][info][gc,heap        ] GC(1064) Survivor regions: 54->53(96)
[7345.717s][info][gc,heap        ] GC(1064) Old regions: 194->197
[7345.717s][info][gc,heap        ] GC(1064) Humongous regions: 33->33
[7345.717s][info][gc,metaspace   ] GC(1064) Metaspace: 29980K(30144K)->29980K(30144K) NonClass: 29980K(30144K)->29980K(30144K) Class: 0K(0K)->0K(0K)
[7345.717s][info][gc             ] GC(1064) Pause Young (Normal) (G1 Evacuation Pause) 7934M->2240M(10240M) 168.911ms
[7345.717s][info][gc,cpu         ] GC(1064) User=1.33s Sys=0.00s Real=0.17s
....[7349.279s][info][gc,start       ] GC(1065) Pause Young (Normal) (G1 Evacuation Pause)
[7349.279s][info][gc,task        ] GC(1065) Using 8 workers of 8 for evacuation
[7349.447s][info][gc,phases      ] GC(1065)   Pre Evacuate Collection Set: 0.26ms
[7349.447s][info][gc,phases      ] GC(1065)   Merge Heap Roots: 0.58ms
[7349.447s][info][gc,phases      ] GC(1065)   Evacuate Collection Set: 165.50ms
[7349.447s][info][gc,phases      ] GC(1065)   Post Evacuate Collection Set: 1.33ms
[7349.447s][info][gc,phases      ] GC(1065)   Other: 0.06ms
[7349.447s][info][gc,heap        ] GC(1065) Eden regions: 715->0(715)
[7349.447s][info][gc,heap        ] GC(1065) Survivor regions: 53->53(96)
[7349.447s][info][gc,heap        ] GC(1065) Old regions: 197->200
[7349.447s][info][gc,heap        ] GC(1065) Humongous regions: 33->33
[7349.447s][info][gc,metaspace   ] GC(1065) Metaspace: 29980K(30144K)->29980K(30144K) NonClass: 29980K(30144K)->29980K(30144K) Class: 0K(0K)->0K(0K)
[7349.447s][info][gc             ] GC(1065) Pause Young (Normal) (G1 Evacuation Pause) 7960M->2261M(10240M) 167.880ms
[7349.447s][info][gc,cpu         ] GC(1065) User=1.32s Sys=0.00s Real=0.17s
....[7353.005s][info][gc,start       ] GC(1066) Pause Young (Normal) (G1 Evacuation Pause)
[7353.005s][info][gc,task        ] GC(1066) Using 8 workers of 8 for evacuation
[7353.171s][info][gc,phases      ] GC(1066)   Pre Evacuate Collection Set: 0.28ms
[7353.171s][info][gc,phases      ] GC(1066)   Merge Heap Roots: 0.57ms
[7353.171s][info][gc,phases      ] GC(1066)   Evacuate Collection Set: 163.70ms
[7353.171s][info][gc,phases      ] GC(1066)   Post Evacuate Collection Set: 1.26ms
[7353.171s][info][gc,phases      ] GC(1066)   Other: 0.06ms
[7353.171s][info][gc,heap        ] GC(1066) Eden regions: 715->0(715)
[7353.171s][info][gc,heap        ] GC(1066) Survivor regions: 53->53(96)
[7353.171s][info][gc,heap        ] GC(1066) Old regions: 200->202
[7353.171s][info][gc,heap        ] GC(1066) Humongous regions: 33->33
[7353.171s][info][gc,metaspace   ] GC(1066) Metaspace: 29980K(30144K)->29980K(30144K) NonClass: 29980K(30144K)->29980K(30144K) Class: 0K(0K)->0K(0K)
[7353.171s][info][gc             ] GC(1066) Pause Young (Normal) (G1 Evacuation Pause) 7981M->2279M(10240M) 166.004ms
[7353.171s][info][gc,cpu         ] GC(1066) User=1.31s Sys=0.00s Real=0.17s
....[7356.750s][info][gc,start       ] GC(1067) Pause Young (Normal) (G1 Evacuation Pause)
[7356.750s][info][gc,task        ] GC(1067) Using 8 workers of 8 for evacuation
[7356.920s][info][gc,phases      ] GC(1067)   Pre Evacuate Collection Set: 0.26ms
[7356.920s][info][gc,phases      ] GC(1067)   Merge Heap Roots: 0.57ms
[7356.920s][info][gc,phases      ] GC(1067)   Evacuate Collection Set: 168.41ms
[7356.920s][info][gc,phases      ] GC(1067)   Post Evacuate Collection Set: 1.30ms
[7356.920s][info][gc,phases      ] GC(1067)   Other: 0.06ms
[7356.920s][info][gc,heap        ] GC(1067) Eden regions: 715->0(715)
[7356.920s][info][gc,heap        ] GC(1067) Survivor regions: 53->53(96)
[7356.920s][info][gc,heap        ] GC(1067) Old regions: 202->205
[7356.920s][info][gc,heap        ] GC(1067) Humongous regions: 33->33
[7356.920s][info][gc,metaspace   ] GC(1067) Metaspace: 29980K(30144K)->29980K(30144K) NonClass: 29980K(30144K)->29980K(30144K) Class: 0K(0K)->0K(0K)
[7356.920s][info][gc             ] GC(1067) Pause Young (Normal) (G1 Evacuation Pause) 7999M->2305M(10240M) 170.755ms
[7356.920s][info][gc,cpu         ] GC(1067) User=1.34s Sys=0.00s Real=0.17s
...[7360.559s][info][gc,start       ] GC(1068) Pause Young (Normal) (G1 Evacuation Pause)
[7360.560s][info][gc,task        ] GC(1068) Using 8 workers of 8 for evacuation
[7360.733s][info][gc,phases      ] GC(1068)   Pre Evacuate Collection Set: 0.29ms
[7360.733s][info][gc,phases      ] GC(1068)   Merge Heap Roots: 0.61ms
[7360.733s][info][gc,phases      ] GC(1068)   Evacuate Collection Set: 171.15ms
[7360.733s][info][gc,phases      ] GC(1068)   Post Evacuate Collection Set: 1.32ms
[7360.733s][info][gc,phases      ] GC(1068)   Other: 0.07ms
[7360.733s][info][gc,heap        ] GC(1068) Eden regions: 715->0(714)
[7360.733s][info][gc,heap        ] GC(1068) Survivor regions: 53->54(96)
[7360.733s][info][gc,heap        ] GC(1068) Old regions: 205->208
[7360.733s][info][gc,heap        ] GC(1068) Humongous regions: 33->33
[7360.733s][info][gc,metaspace   ] GC(1068) Metaspace: 29980K(30144K)->29980K(30144K) NonClass: 29980K(30144K)->29980K(30144K) Class: 0K(0K)->0K(0K)
[7360.733s][info][gc             ] GC(1068) Pause Young (Normal) (G1 Evacuation Pause) 8025M->2331M(10240M) 173.584ms
[7360.733s][info][gc,cpu         ] GC(1068) User=1.36s Sys=0.00s Real=0.17s
....[7364.296s][info][gc,start       ] GC(1069) Pause Young (Normal) (G1 Evacuation Pause)
[7364.296s][info][gc,task        ] GC(1069) Using 8 workers of 8 for evacuation
[7364.465s][info][gc,phases      ] GC(1069)   Pre Evacuate Collection Set: 0.28ms
[7364.465s][info][gc,phases      ] GC(1069)   Merge Heap Roots: 0.57ms
[7364.465s][info][gc,phases      ] GC(1069)   Evacuate Collection Set: 166.84ms
[7364.465s][info][gc,phases      ] GC(1069)   Post Evacuate Collection Set: 1.34ms
[7364.465s][info][gc,phases      ] GC(1069)   Other: 0.07ms
[7364.465s][info][gc,heap        ] GC(1069) Eden regions: 714->0(715)
[7364.465s][info][gc,heap        ] GC(1069) Survivor regions: 54->53(96)
[7364.465s][info][gc,heap        ] GC(1069) Old regions: 208->211
[7364.465s][info][gc,heap        ] GC(1069) Humongous regions: 33->33
[7364.465s][info][gc,metaspace   ] GC(1069) Metaspace: 29980K(30144K)->29980K(30144K) NonClass: 29980K(30144K)->29980K(30144K) Class: 0K(0K)->0K(0K)
[7364.465s][info][gc             ] GC(1069) Pause Young (Normal) (G1 Evacuation Pause) 8043M->2346M(10240M) 169.233ms
[7364.465s][info][gc,cpu         ] GC(1069) User=1.33s Sys=0.00s Real=0.16s
....[7368.113s][info][gc,start       ] GC(1070) Pause Young (Normal) (G1 Evacuation Pause)
[7368.113s][info][gc,task        ] GC(1070) Using 8 workers of 8 for evacuation
[7368.279s][info][gc,phases      ] GC(1070)   Pre Evacuate Collection Set: 0.29ms
[7368.279s][info][gc,phases      ] GC(1070)   Merge Heap Roots: 0.58ms
[7368.279s][info][gc,phases      ] GC(1070)   Evacuate Collection Set: 164.49ms
[7368.279s][info][gc,phases      ] GC(1070)   Post Evacuate Collection Set: 1.29ms
[7368.279s][info][gc,phases      ] GC(1070)   Other: 0.06ms
[7368.279s][info][gc,heap        ] GC(1070) Eden regions: 715->0(716)
[7368.279s][info][gc,heap        ] GC(1070) Survivor regions: 53->52(96)
[7368.279s][info][gc,heap        ] GC(1070) Old regions: 211->214
[7368.279s][info][gc,heap        ] GC(1070) Humongous regions: 33->33
[7368.279s][info][gc,metaspace   ] GC(1070) Metaspace: 29980K(30144K)->29980K(30144K) NonClass: 29980K(30144K)->29980K(30144K) Class: 0K(0K)->0K(0K)
[7368.279s][info][gc             ] GC(1070) Pause Young (Normal) (G1 Evacuation Pause) 8066M->2364M(10240M) 166.848ms
[7368.279s][info][gc,cpu         ] GC(1070) User=1.32s Sys=0.00s Real=0.17s
... (rIR:aIR:PR = 12730:12711:12702) (tPR = 189367) [OK] 
  7370s: Performance info:
         Transaction,    Success,    Partial,     Failed,   Receipts, AvgBarcode, 
             Overall,     766492,          0,          0,     727952,      59.48, 
         Response times:
             Request,    Success,    Partial,     Failed,   SkipFail,     Probes,    Samples,      min,      p50,      p90,      p95,      p99,      max, 
       TotalPurchase,     728363,          0,          0,          0,     342985,     498073,      400,    47000,   150000,   183000,   261000,  2100000,
     InStorePurchase,     381767,          0,          0,          0,     179431,     260675,      400,    47000,   151000,   184000,   261000,  2100000,
      OnlinePurchase,     269646,          0,          0,          0,     126668,     184186,      400,    47000,   150000,   184000,   260000,  2100000,
        InstPurchase,      76950,          0,          0,          0,      36886,      53212,      400,    47000,   147000,   181000,   258000,  2100000,
          AssocOfCat,        776,          0,          0,          0,        675,       1090,    41000,   101000,   197900,   236000,   311090,  1900000,
      AssocOfProduct,       7634,          0,          0,          0,       3627,       5487,      800,    47000,   153000,   193000,   282000,  1800000,
      BusinessReport,       1923,          0,          0,          0,       1702,       2596,    40000,   112000,   215000,   249000,   331060,  1400000,
          CustBuyBeh,       7769,          0,          0,          0,       3690,       5528,      700,    46000,   144000,   189000,   278000,  1300000,
       ProductReturn,      20549,          0,          0,          0,       9757,      14370,      700,    48000,   149000,   180000,   255000,  1800000,

  7370s: (93%)   IR =  12868 [7371.928s][info][gc,start       ] GC(1071) Pause Young (Normal) (G1 Evacuation Pause)
[7371.928s][info][gc,task        ] GC(1071) Using 8 workers of 8 for evacuation
[7372.092s][info][gc,phases      ] GC(1071)   Pre Evacuate Collection Set: 0.29ms
[7372.092s][info][gc,phases      ] GC(1071)   Merge Heap Roots: 0.58ms
[7372.092s][info][gc,phases      ] GC(1071)   Evacuate Collection Set: 161.41ms
[7372.092s][info][gc,phases      ] GC(1071)   Post Evacuate Collection Set: 1.31ms
[7372.092s][info][gc,phases      ] GC(1071)   Other: 0.08ms
[7372.092s][info][gc,heap        ] GC(1071) Eden regions: 716->0(717)
[7372.092s][info][gc,heap        ] GC(1071) Survivor regions: 52->51(96)
[7372.092s][info][gc,heap        ] GC(1071) Old regions: 214->216
[7372.092s][info][gc,heap        ] GC(1071) Humongous regions: 33->33
[7372.092s][info][gc,metaspace   ] GC(1071) Metaspace: 29980K(30144K)->29980K(30144K) NonClass: 29980K(30144K)->29980K(30144K) Class: 0K(0K)->0K(0K)
[7372.092s][info][gc             ] GC(1071) Pause Young (Normal) (G1 Evacuation Pause) 8092M->2375M(10240M) 163.793ms
[7372.092s][info][gc,cpu         ] GC(1071) User=1.29s Sys=0.00s Real=0.16s
....[7375.627s][info][gc,start       ] GC(1072) Pause Young (Normal) (G1 Evacuation Pause)
[7375.627s][info][gc,task        ] GC(1072) Using 8 workers of 8 for evacuation
[7375.799s][info][gc,phases      ] GC(1072)   Pre Evacuate Collection Set: 0.27ms
[7375.799s][info][gc,phases      ] GC(1072)   Merge Heap Roots: 0.57ms
[7375.799s][info][gc,phases      ] GC(1072)   Evacuate Collection Set: 169.61ms
[7375.799s][info][gc,phases      ] GC(1072)   Post Evacuate Collection Set: 1.31ms
[7375.799s][info][gc,phases      ] GC(1072)   Other: 0.06ms
[7375.799s][info][gc,heap        ] GC(1072) Eden regions: 717->0(714)
[7375.799s][info][gc,heap        ] GC(1072) Survivor regions: 51->54(96)
[7375.799s][info][gc,heap        ] GC(1072) Old regions: 216->219
[7375.799s][info][gc,heap        ] GC(1072) Humongous regions: 33->33
[7375.799s][info][gc,metaspace   ] GC(1072) Metaspace: 29980K(30144K)->29980K(30144K) NonClass: 29980K(30144K)->29980K(30144K) Class: 0K(0K)->0K(0K)
[7375.799s][info][gc             ] GC(1072) Pause Young (Normal) (G1 Evacuation Pause) 8111M->2421M(10240M) 171.950ms
[7375.799s][info][gc,cpu         ] GC(1072) User=1.35s Sys=0.00s Real=0.17s
....[7379.328s][info][gc,start       ] GC(1073) Pause Young (Normal) (G1 Evacuation Pause)
[7379.328s][info][gc,task        ] GC(1073) Using 8 workers of 8 for evacuation
[7379.505s][info][gc,phases      ] GC(1073)   Pre Evacuate Collection Set: 0.27ms
[7379.505s][info][gc,phases      ] GC(1073)   Merge Heap Roots: 0.57ms
[7379.505s][info][gc,phases      ] GC(1073)   Evacuate Collection Set: 174.24ms
[7379.505s][info][gc,phases      ] GC(1073)   Post Evacuate Collection Set: 1.37ms
[7379.505s][info][gc,phases      ] GC(1073)   Other: 0.08ms
[7379.505s][info][gc,heap        ] GC(1073) Eden regions: 714->0(713)
[7379.505s][info][gc,heap        ] GC(1073) Survivor regions: 54->55(96)
[7379.505s][info][gc,heap        ] GC(1073) Old regions: 219->222
[7379.505s][info][gc,heap        ] GC(1073) Humongous regions: 33->33
[7379.505s][info][gc,metaspace   ] GC(1073) Metaspace: 29980K(30144K)->29980K(30144K) NonClass: 29980K(30144K)->29980K(30144K) Class: 0K(0K)->0K(0K)
[7379.505s][info][gc             ] GC(1073) Pause Young (Normal) (G1 Evacuation Pause) 8133M->2455M(10240M) 176.670ms
[7379.505s][info][gc,cpu         ] GC(1073) User=1.39s Sys=0.00s Real=0.17s
...[7383.092s][info][gc,start       ] GC(1074) Pause Young (Normal) (G1 Evacuation Pause)
[7383.092s][info][gc,task        ] GC(1074) Using 8 workers of 8 for evacuation
[7383.257s][info][gc,phases      ] GC(1074)   Pre Evacuate Collection Set: 0.28ms
[7383.257s][info][gc,phases      ] GC(1074)   Merge Heap Roots: 0.58ms
[7383.257s][info][gc,phases      ] GC(1074)   Evacuate Collection Set: 162.95ms
[7383.257s][info][gc,phases      ] GC(1074)   Post Evacuate Collection Set: 1.27ms
[7383.257s][info][gc,phases      ] GC(1074)   Other: 0.06ms
[7383.257s][info][gc,heap        ] GC(1074) Eden regions: 713->0(717)
[7383.257s][info][gc,heap        ] GC(1074) Survivor regions: 55->51(96)
[7383.257s][info][gc,heap        ] GC(1074) Old regions: 222->225
[7383.257s][info][gc,heap        ] GC(1074) Humongous regions: 33->33
[7383.257s][info][gc,metaspace   ] GC(1074) Metaspace: 29980K(30144K)->29980K(30144K) NonClass: 29980K(30144K)->29980K(30144K) Class: 0K(0K)->0K(0K)
[7383.257s][info][gc             ] GC(1074) Pause Young (Normal) (G1 Evacuation Pause) 8159M->2446M(10240M) 165.292ms
[7383.257s][info][gc,cpu         ] GC(1074) User=1.30s Sys=0.00s Real=0.17s
....[7386.832s][info][gc,start       ] GC(1075) Pause Young (Normal) (G1 Evacuation Pause)
[7386.832s][info][gc,task        ] GC(1075) Using 8 workers of 8 for evacuation
[7387.006s][info][gc,phases      ] GC(1075)   Pre Evacuate Collection Set: 0.27ms
[7387.006s][info][gc,phases      ] GC(1075)   Merge Heap Roots: 0.59ms
[7387.006s][info][gc,phases      ] GC(1075)   Evacuate Collection Set: 172.06ms
[7387.006s][info][gc,phases      ] GC(1075)   Post Evacuate Collection Set: 1.31ms
[7387.006s][info][gc,phases      ] GC(1075)   Other: 0.07ms
[7387.006s][info][gc,heap        ] GC(1075) Eden regions: 717->0(714)
[7387.006s][info][gc,heap        ] GC(1075) Survivor regions: 51->54(96)
[7387.006s][info][gc,heap        ] GC(1075) Old regions: 225->228
[7387.006s][info][gc,heap        ] GC(1075) Humongous regions: 33->33
[7387.006s][info][gc,metaspace   ] GC(1075) Metaspace: 29980K(30144K)->29980K(30144K) NonClass: 29980K(30144K)->29980K(30144K) Class: 0K(0K)->0K(0K)
[7387.006s][info][gc             ] GC(1075) Pause Young (Normal) (G1 Evacuation Pause) 8182M->2492M(10240M) 174.452ms
[7387.006s][info][gc,cpu         ] GC(1075) User=1.37s Sys=0.00s Real=0.18s
..|..[7390.549s][info][gc,start       ] GC(1076) Pause Young (Normal) (G1 Evacuation Pause)
[7390.549s][info][gc,task        ] GC(1076) Using 8 workers of 8 for evacuation
[7390.722s][info][gc,phases      ] GC(1076)   Pre Evacuate Collection Set: 0.26ms
[7390.722s][info][gc,phases      ] GC(1076)   Merge Heap Roots: 0.57ms
[7390.722s][info][gc,phases      ] GC(1076)   Evacuate Collection Set: 171.51ms
[7390.722s][info][gc,phases      ] GC(1076)   Post Evacuate Collection Set: 1.27ms
[7390.722s][info][gc,phases      ] GC(1076)   Other: 0.07ms
[7390.722s][info][gc,heap        ] GC(1076) Eden regions: 714->0(714)
[7390.722s][info][gc,heap        ] GC(1076) Survivor regions: 54->54(96)
[7390.722s][info][gc,heap        ] GC(1076) Old regions: 228->230
[7390.722s][info][gc,heap        ] GC(1076) Humongous regions: 33->33
[7390.722s][info][gc,metaspace   ] GC(1076) Metaspace: 29980K(30144K)->29980K(30144K) NonClass: 29980K(30144K)->29980K(30144K) Class: 0K(0K)->0K(0K)
[7390.722s][info][gc             ] GC(1076) Pause Young (Normal) (G1 Evacuation Pause) 8204M->2514M(10240M) 173.821ms
[7390.723s][info][gc,cpu         ] GC(1076) User=1.37s Sys=0.00s Real=0.17s
....[7394.287s][info][gc,start       ] GC(1077) Pause Young (Normal) (G1 Evacuation Pause)
[7394.287s][info][gc,task        ] GC(1077) Using 8 workers of 8 for evacuation
[7394.452s][info][gc,phases      ] GC(1077)   Pre Evacuate Collection Set: 0.30ms
[7394.452s][info][gc,phases      ] GC(1077)   Merge Heap Roots: 0.58ms
[7394.452s][info][gc,phases      ] GC(1077)   Evacuate Collection Set: 162.96ms
[7394.452s][info][gc,phases      ] GC(1077)   Post Evacuate Collection Set: 1.33ms
[7394.452s][info][gc,phases      ] GC(1077)   Other: 0.07ms
[7394.452s][info][gc,heap        ] GC(1077) Eden regions: 714->0(716)
[7394.452s][info][gc,heap        ] GC(1077) Survivor regions: 54->52(96)
[7394.452s][info][gc,heap        ] GC(1077) Old regions: 230->233
[7394.452s][info][gc,heap        ] GC(1077) Humongous regions: 33->33
[7394.452s][info][gc,metaspace   ] GC(1077) Metaspace: 29980K(30144K)->29980K(30144K) NonClass: 29980K(30144K)->29980K(30144K) Class: 0K(0K)->0K(0K)
[7394.452s][info][gc             ] GC(1077) Pause Young (Normal) (G1 Evacuation Pause) 8226M->2521M(10240M) 165.366ms
[7394.453s][info][gc,cpu         ] GC(1077) User=1.30s Sys=0.00s Real=0.16s
...[7398.112s][info][gc,start       ] GC(1078) Pause Young (Normal) (G1 Evacuation Pause)
[7398.112s][info][gc,task        ] GC(1078) Using 8 workers of 8 for evacuation
[7398.278s][info][gc,phases      ] GC(1078)   Pre Evacuate Collection Set: 0.30ms
[7398.278s][info][gc,phases      ] GC(1078)   Merge Heap Roots: 0.59ms
[7398.278s][info][gc,phases      ] GC(1078)   Evacuate Collection Set: 163.78ms
[7398.278s][info][gc,phases      ] GC(1078)   Post Evacuate Collection Set: 1.30ms
[7398.278s][info][gc,phases      ] GC(1078)   Other: 0.07ms
[7398.278s][info][gc,heap        ] GC(1078) Eden regions: 716->0(716)
[7398.278s][info][gc,heap        ] GC(1078) Survivor regions: 52->52(96)
[7398.278s][info][gc,heap        ] GC(1078) Old regions: 233->236
[7398.278s][info][gc,heap        ] GC(1078) Humongous regions: 33->33
[7398.278s][info][gc,metaspace   ] GC(1078) Metaspace: 29980K(30144K)->29980K(30144K) NonClass: 29980K(30144K)->29980K(30144K) Class: 0K(0K)->0K(0K)
[7398.278s][info][gc             ] GC(1078) Pause Young (Normal) (G1 Evacuation Pause) 8249M->2539M(10240M) 166.184ms
[7398.278s][info][gc,cpu         ] GC(1078) User=1.30s Sys=0.01s Real=0.17s
....[7401.869s][info][gc,start       ] GC(1079) Pause Young (Normal) (G1 Evacuation Pause)
[7401.869s][info][gc,task        ] GC(1079) Using 8 workers of 8 for evacuation
[7402.043s][info][gc,phases      ] GC(1079)   Pre Evacuate Collection Set: 0.27ms
[7402.043s][info][gc,phases      ] GC(1079)   Merge Heap Roots: 0.59ms
[7402.043s][info][gc,phases      ] GC(1079)   Evacuate Collection Set: 171.71ms
[7402.043s][info][gc,phases      ] GC(1079)   Post Evacuate Collection Set: 1.30ms
[7402.043s][info][gc,phases      ] GC(1079)   Other: 0.06ms
[7402.043s][info][gc,heap        ] GC(1079) Eden regions: 716->0(715)
[7402.043s][info][gc,heap        ] GC(1079) Survivor regions: 52->53(96)
[7402.043s][info][gc,heap        ] GC(1079) Old regions: 236->239
[7402.043s][info][gc,heap        ] GC(1079) Humongous regions: 33->33
[7402.043s][info][gc,metaspace   ] GC(1079) Metaspace: 29980K(30144K)->29980K(30144K) NonClass: 29980K(30144K)->29980K(30144K) Class: 0K(0K)->0K(0K)
[7402.043s][info][gc             ] GC(1079) Pause Young (Normal) (G1 Evacuation Pause) 8267M->2573M(10240M) 174.078ms
[7402.043s][info][gc,cpu         ] GC(1079) User=1.37s Sys=0.01s Real=0.17s
....[7405.607s][info][gc,start       ] GC(1080) Pause Young (Normal) (G1 Evacuation Pause)
[7405.607s][info][gc,task        ] GC(1080) Using 8 workers of 8 for evacuation
[7405.777s][info][gc,phases      ] GC(1080)   Pre Evacuate Collection Set: 0.30ms
[7405.777s][info][gc,phases      ] GC(1080)   Merge Heap Roots: 0.58ms
[7405.777s][info][gc,phases      ] GC(1080)   Evacuate Collection Set: 166.87ms
[7405.777s][info][gc,phases      ] GC(1080)   Post Evacuate Collection Set: 1.32ms
[7405.777s][info][gc,phases      ] GC(1080)   Other: 0.07ms
[7405.777s][info][gc,heap        ] GC(1080) Eden regions: 715->0(715)
[7405.777s][info][gc,heap        ] GC(1080) Survivor regions: 53->53(96)
[7405.777s][info][gc,heap        ] GC(1080) Old regions: 239->241
[7405.777s][info][gc,heap        ] GC(1080) Humongous regions: 33->33
[7405.777s][info][gc,metaspace   ] GC(1080) Metaspace: 29980K(30144K)->29980K(30144K) NonClass: 29980K(30144K)->29980K(30144K) Class: 0K(0K)->0K(0K)
[7405.777s][info][gc             ] GC(1080) Pause Young (Normal) (G1 Evacuation Pause) 8293M->2595M(10240M) 169.276ms
[7405.777s][info][gc,cpu         ] GC(1080) User=1.33s Sys=0.00s Real=0.17s
....[7409.372s][info][gc,start       ] GC(1081) Pause Young (Normal) (G1 Evacuation Pause)
[7409.372s][info][gc,task        ] GC(1081) Using 8 workers of 8 for evacuation
[7409.539s][info][gc,phases      ] GC(1081)   Pre Evacuate Collection Set: 0.26ms
[7409.539s][info][gc,phases      ] GC(1081)   Merge Heap Roots: 0.57ms
[7409.539s][info][gc,phases      ] GC(1081)   Evacuate Collection Set: 165.53ms
[7409.539s][info][gc,phases      ] GC(1081)   Post Evacuate Collection Set: 1.25ms
[7409.539s][info][gc,phases      ] GC(1081)   Other: 0.07ms
[7409.539s][info][gc,heap        ] GC(1081) Eden regions: 715->0(714)
[7409.539s][info][gc,heap        ] GC(1081) Survivor regions: 53->54(96)
[7409.539s][info][gc,heap        ] GC(1081) Old regions: 241->244
[7409.539s][info][gc,heap        ] GC(1081) Humongous regions: 33->33
[7409.539s][info][gc,metaspace   ] GC(1081) Metaspace: 29980K(30144K)->29980K(30144K) NonClass: 29980K(30144K)->29980K(30144K) Class: 0K(0K)->0K(0K)
[7409.539s][info][gc             ] GC(1081) Pause Young (Normal) (G1 Evacuation Pause) 8315M->2621M(10240M) 167.807ms
[7409.539s][info][gc,cpu         ] GC(1081) User=1.32s Sys=0.00s Real=0.17s
...[7413.149s][info][gc,start       ] GC(1082) Pause Young (Normal) (G1 Evacuation Pause)
[7413.149s][info][gc,task        ] GC(1082) Using 8 workers of 8 for evacuation
[7413.323s][info][gc,phases      ] GC(1082)   Pre Evacuate Collection Set: 0.27ms
[7413.323s][info][gc,phases      ] GC(1082)   Merge Heap Roots: 0.57ms
[7413.323s][info][gc,phases      ] GC(1082)   Evacuate Collection Set: 171.69ms
[7413.323s][info][gc,phases      ] GC(1082)   Post Evacuate Collection Set: 1.35ms
[7413.323s][info][gc,phases      ] GC(1082)   Other: 0.06ms
[7413.323s][info][gc,heap        ] GC(1082) Eden regions: 714->0(714)
[7413.323s][info][gc,heap        ] GC(1082) Survivor regions: 54->54(96)
[7413.323s][info][gc,heap        ] GC(1082) Old regions: 244->247
[7413.323s][info][gc,heap        ] GC(1082) Humongous regions: 33->33
[7413.323s][info][gc,metaspace   ] GC(1082) Metaspace: 29980K(30144K)->29980K(30144K) NonClass: 29980K(30144K)->29980K(30144K) Class: 0K(0K)->0K(0K)
[7413.323s][info][gc             ] GC(1082) Pause Young (Normal) (G1 Evacuation Pause) 8333M->2647M(10240M) 174.112ms
[7413.323s][info][gc,cpu         ] GC(1082) User=1.37s Sys=0.00s Real=0.17s
....[7416.850s][info][gc,start       ] GC(1083) Pause Young (Normal) (G1 Evacuation Pause)
[7416.850s][info][gc,task        ] GC(1083) Using 8 workers of 8 for evacuation
[7417.021s][info][gc,phases      ] GC(1083)   Pre Evacuate Collection Set: 0.26ms
[7417.021s][info][gc,phases      ] GC(1083)   Merge Heap Roots: 0.61ms
[7417.021s][info][gc,phases      ] GC(1083)   Evacuate Collection Set: 168.82ms
[7417.021s][info][gc,phases      ] GC(1083)   Post Evacuate Collection Set: 1.29ms
[7417.021s][info][gc,phases      ] GC(1083)   Other: 0.07ms
[7417.021s][info][gc,heap        ] GC(1083) Eden regions: 714->0(714)
[7417.021s][info][gc,heap        ] GC(1083) Survivor regions: 54->54(96)
[7417.021s][info][gc,heap        ] GC(1083) Old regions: 247->250
[7417.021s][info][gc,heap        ] GC(1083) Humongous regions: 33->33
[7417.021s][info][gc,metaspace   ] GC(1083) Metaspace: 29980K(30144K)->29980K(30144K) NonClass: 29980K(30144K)->29980K(30144K) Class: 0K(0K)->0K(0K)
[7417.021s][info][gc             ] GC(1083) Pause Young (Normal) (G1 Evacuation Pause) 8359M->2670M(10240M) 171.222ms
[7417.021s][info][gc,cpu         ] GC(1083) User=1.35s Sys=0.00s Real=0.17s
....[7420.622s][info][gc,start       ] GC(1084) Pause Young (Normal) (G1 Evacuation Pause)
[7420.622s][info][gc,task        ] GC(1084) Using 8 workers of 8 for evacuation
[7420.794s][info][gc,phases      ] GC(1084)   Pre Evacuate Collection Set: 0.29ms
[7420.794s][info][gc,phases      ] GC(1084)   Merge Heap Roots: 0.59ms
[7420.794s][info][gc,phases      ] GC(1084)   Evacuate Collection Set: 169.23ms
[7420.794s][info][gc,phases      ] GC(1084)   Post Evacuate Collection Set: 1.35ms
[7420.794s][info][gc,phases      ] GC(1084)   Other: 0.06ms
[7420.794s][info][gc,heap        ] GC(1084) Eden regions: 714->0(714)
[7420.794s][info][gc,heap        ] GC(1084) Survivor regions: 54->54(96)
[7420.794s][info][gc,heap        ] GC(1084) Old regions: 250->252
[7420.794s][info][gc,heap        ] GC(1084) Humongous regions: 33->33
[7420.794s][info][gc,metaspace   ] GC(1084) Metaspace: 29980K(30144K)->29980K(30144K) NonClass: 29980K(30144K)->29980K(30144K) Class: 0K(0K)->0K(0K)
[7420.794s][info][gc             ] GC(1084) Pause Young (Normal) (G1 Evacuation Pause) 8382M->2687M(10240M) 171.666ms
[7420.794s][info][gc,cpu         ] GC(1084) User=1.35s Sys=0.00s Real=0.17s
....[7424.420s][info][gc,start       ] GC(1085) Pause Young (Normal) (G1 Evacuation Pause)
[7424.420s][info][gc,task        ] GC(1085) Using 8 workers of 8 for evacuation
[7424.592s][info][gc,phases      ] GC(1085)   Pre Evacuate Collection Set: 0.25ms
[7424.592s][info][gc,phases      ] GC(1085)   Merge Heap Roots: 0.59ms
[7424.592s][info][gc,phases      ] GC(1085)   Evacuate Collection Set: 169.76ms
[7424.592s][info][gc,phases      ] GC(1085)   Post Evacuate Collection Set: 1.31ms
[7424.592s][info][gc,phases      ] GC(1085)   Other: 0.06ms
[7424.592s][info][gc,heap        ] GC(1085) Eden regions: 714->0(714)
[7424.592s][info][gc,heap        ] GC(1085) Survivor regions: 54->54(96)
[7424.592s][info][gc,heap        ] GC(1085) Old regions: 252->255
[7424.592s][info][gc,heap        ] GC(1085) Humongous regions: 33->33
[7424.592s][info][gc,metaspace   ] GC(1085) Metaspace: 29980K(30144K)->29980K(30144K) NonClass: 29980K(30144K)->29980K(30144K) Class: 0K(0K)->0K(0K)
[7424.592s][info][gc             ] GC(1085) Pause Young (Normal) (G1 Evacuation Pause) 8399M->2708M(10240M) 172.104ms
[7424.592s][info][gc,cpu         ] GC(1085) User=1.35s Sys=0.00s Real=0.17s
...[7428.123s][info][gc,start       ] GC(1086) Pause Young (Normal) (G1 Evacuation Pause)
[7428.124s][info][gc,task        ] GC(1086) Using 8 workers of 8 for evacuation
[7428.291s][info][gc,phases      ] GC(1086)   Pre Evacuate Collection Set: 0.28ms
[7428.291s][info][gc,phases      ] GC(1086)   Merge Heap Roots: 0.59ms
[7428.291s][info][gc,phases      ] GC(1086)   Evacuate Collection Set: 164.95ms
[7428.291s][info][gc,phases      ] GC(1086)   Post Evacuate Collection Set: 1.28ms
[7428.291s][info][gc,phases      ] GC(1086)   Other: 0.07ms
[7428.291s][info][gc,heap        ] GC(1086) Eden regions: 714->0(716)
[7428.291s][info][gc,heap        ] GC(1086) Survivor regions: 54->52(96)
[7428.291s][info][gc,heap        ] GC(1086) Old regions: 255->258
[7428.291s][info][gc,heap        ] GC(1086) Humongous regions: 33->33
[7428.291s][info][gc,metaspace   ] GC(1086) Metaspace: 29980K(30144K)->29980K(30144K) NonClass: 29980K(30144K)->29980K(30144K) Class: 0K(0K)->0K(0K)
[7428.291s][info][gc             ] GC(1086) Pause Young (Normal) (G1 Evacuation Pause) 8420M->2718M(10240M) 167.310ms
[7428.291s][info][gc,cpu         ] GC(1086) User=1.31s Sys=0.00s Real=0.17s
....[7431.948s][info][gc,start       ] GC(1087) Pause Young (Normal) (G1 Evacuation Pause)
[7431.949s][info][gc,task        ] GC(1087) Using 8 workers of 8 for evacuation
[7432.114s][info][gc,phases      ] GC(1087)   Pre Evacuate Collection Set: 0.28ms
[7432.114s][info][gc,phases      ] GC(1087)   Merge Heap Roots: 0.65ms
[7432.114s][info][gc,phases      ] GC(1087)   Evacuate Collection Set: 162.79ms
[7432.114s][info][gc,phases      ] GC(1087)   Post Evacuate Collection Set: 1.33ms
[7432.114s][info][gc,phases      ] GC(1087)   Other: 0.08ms
[7432.114s][info][gc,heap        ] GC(1087) Eden regions: 716->0(717)
[7432.114s][info][gc,heap        ] GC(1087) Survivor regions: 52->51(96)
[7432.114s][info][gc,heap        ] GC(1087) Old regions: 258->261
[7432.114s][info][gc,heap        ] GC(1087) Humongous regions: 33->33
[7432.114s][info][gc,metaspace   ] GC(1087) Metaspace: 29980K(30144K)->29980K(30144K) NonClass: 29980K(30144K)->29980K(30144K) Class: 0K(0K)->0K(0K)
[7432.114s][info][gc             ] GC(1087) Pause Young (Normal) (G1 Evacuation Pause) 8446M->2732M(10240M) 165.271ms
[7432.114s][info][gc,cpu         ] GC(1087) User=1.30s Sys=0.00s Real=0.16s
....[7435.690s][info][gc,start       ] GC(1088) Pause Young (Normal) (G1 Evacuation Pause)
[7435.690s][info][gc,task        ] GC(1088) Using 8 workers of 8 for evacuation
[7435.859s][info][gc,phases      ] GC(1088)   Pre Evacuate Collection Set: 0.27ms
[7435.859s][info][gc,phases      ] GC(1088)   Merge Heap Roots: 0.57ms
[7435.859s][info][gc,phases      ] GC(1088)   Evacuate Collection Set: 166.68ms
[7435.859s][info][gc,phases      ] GC(1088)   Post Evacuate Collection Set: 1.31ms
[7435.859s][info][gc,phases      ] GC(1088)   Other: 0.07ms
[7435.859s][info][gc,heap        ] GC(1088) Eden regions: 717->0(715)
[7435.859s][info][gc,heap        ] GC(1088) Survivor regions: 51->53(96)
[7435.859s][info][gc,heap        ] GC(1088) Old regions: 261->263
[7435.859s][info][gc,heap        ] GC(1088) Humongous regions: 33->33
[7435.859s][info][gc,metaspace   ] GC(1088) Metaspace: 29980K(30144K)->29980K(30144K) NonClass: 29980K(30144K)->29980K(30144K) Class: 0K(0K)->0K(0K)
[7435.859s][info][gc             ] GC(1088) Pause Young (Normal) (G1 Evacuation Pause) 8468M->2765M(10240M) 169.046ms
[7435.859s][info][gc,cpu         ] GC(1088) User=1.33s Sys=0.00s Real=0.17s
....[7439.465s][info][gc,start       ] GC(1089) Pause Young (Normal) (G1 Evacuation Pause)
[7439.465s][info][gc,task        ] GC(1089) Using 8 workers of 8 for evacuation
[7439.641s][info][gc,phases      ] GC(1089)   Pre Evacuate Collection Set: 0.28ms
[7439.641s][info][gc,phases      ] GC(1089)   Merge Heap Roots: 0.58ms
[7439.641s][info][gc,phases      ] GC(1089)   Evacuate Collection Set: 174.41ms
[7439.641s][info][gc,phases      ] GC(1089)   Post Evacuate Collection Set: 1.30ms
[7439.641s][info][gc,phases      ] GC(1089)   Other: 0.07ms
[7439.641s][info][gc,heap        ] GC(1089) Eden regions: 715->0(713)
[7439.641s][info][gc,heap        ] GC(1089) Survivor regions: 53->55(96)
[7439.641s][info][gc,heap        ] GC(1089) Old regions: 263->266
[7439.641s][info][gc,heap        ] GC(1089) Humongous regions: 33->33
[7439.641s][info][gc,metaspace   ] GC(1089) Metaspace: 29980K(30144K)->29980K(30144K) NonClass: 29980K(30144K)->29980K(30144K) Class: 0K(0K)->0K(0K)
[7439.641s][info][gc             ] GC(1089) Pause Young (Normal) (G1 Evacuation Pause) 8485M->2808M(10240M) 176.770ms
[7439.641s][info][gc,cpu         ] GC(1089) User=1.39s Sys=0.01s Real=0.18s
...[7443.201s][info][gc,start       ] GC(1090) Pause Young (Normal) (G1 Evacuation Pause)
[7443.201s][info][gc,task        ] GC(1090) Using 8 workers of 8 for evacuation
[7443.376s][info][gc,phases      ] GC(1090)   Pre Evacuate Collection Set: 0.26ms
[7443.377s][info][gc,phases      ] GC(1090)   Merge Heap Roots: 0.61ms
[7443.377s][info][gc,phases      ] GC(1090)   Evacuate Collection Set: 172.91ms
[7443.377s][info][gc,phases      ] GC(1090)   Post Evacuate Collection Set: 1.29ms
[7443.377s][info][gc,phases      ] GC(1090)   Other: 0.08ms
[7443.377s][info][gc,heap        ] GC(1090) Eden regions: 713->0(714)
[7443.377s][info][gc,heap        ] GC(1090) Survivor regions: 55->54(96)
[7443.377s][info][gc,heap        ] GC(1090) Old regions: 266->269
[7443.377s][info][gc,heap        ] GC(1090) Humongous regions: 33->33
[7443.377s][info][gc,metaspace   ] GC(1090) Metaspace: 29980K(30144K)->29980K(30144K) NonClass: 29980K(30144K)->29980K(30144K) Class: 0K(0K)->0K(0K)
[7443.377s][info][gc             ] GC(1090) Pause Young (Normal) (G1 Evacuation Pause) 8512M->2821M(10240M) 175.320ms
[7443.377s][info][gc,cpu         ] GC(1090) User=1.38s Sys=0.00s Real=0.18s
....[7446.928s][info][gc,start       ] GC(1091) Pause Young (Normal) (G1 Evacuation Pause)
[7446.928s][info][gc,task        ] GC(1091) Using 8 workers of 8 for evacuation
[7447.100s][info][gc,phases      ] GC(1091)   Pre Evacuate Collection Set: 0.26ms
[7447.100s][info][gc,phases      ] GC(1091)   Merge Heap Roots: 0.58ms
[7447.100s][info][gc,phases      ] GC(1091)   Evacuate Collection Set: 169.81ms
[7447.100s][info][gc,phases      ] GC(1091)   Post Evacuate Collection Set: 1.30ms
[7447.100s][info][gc,phases      ] GC(1091)   Other: 0.08ms
[7447.100s][info][gc,heap        ] GC(1091) Eden regions: 714->0(714)
[7447.100s][info][gc,heap        ] GC(1091) Survivor regions: 54->54(96)
[7447.100s][info][gc,heap        ] GC(1091) Old regions: 269->271
[7447.100s][info][gc,heap        ] GC(1091) Humongous regions: 33->33
[7447.100s][info][gc,metaspace   ] GC(1091) Metaspace: 29980K(30144K)->29980K(30144K) NonClass: 29980K(30144K)->29980K(30144K) Class: 0K(0K)->0K(0K)
[7447.100s][info][gc             ] GC(1091) Pause Young (Normal) (G1 Evacuation Pause) 8533M->2843M(10240M) 172.173ms
[7447.100s][info][gc,cpu         ] GC(1091) User=1.36s Sys=0.00s Real=0.17s
....[7450.698s][info][gc,start       ] GC(1092) Pause Young (Normal) (G1 Evacuation Pause)
[7450.698s][info][gc,task        ] GC(1092) Using 8 workers of 8 for evacuation
[7450.871s][info][gc,phases      ] GC(1092)   Pre Evacuate Collection Set: 0.26ms
[7450.871s][info][gc,phases      ] GC(1092)   Merge Heap Roots: 0.58ms
[7450.871s][info][gc,phases      ] GC(1092)   Evacuate Collection Set: 171.06ms
[7450.871s][info][gc,phases      ] GC(1092)   Post Evacuate Collection Set: 1.33ms
[7450.871s][info][gc,phases      ] GC(1092)   Other: 0.06ms
[7450.871s][info][gc,heap        ] GC(1092) Eden regions: 714->0(715)
[7450.871s][info][gc,heap        ] GC(1092) Survivor regions: 54->53(96)
[7450.871s][info][gc,heap        ] GC(1092) Old regions: 271->274
[7450.871s][info][gc,heap        ] GC(1092) Humongous regions: 33->33
[7450.871s][info][gc,metaspace   ] GC(1092) Metaspace: 29980K(30144K)->29980K(30144K) NonClass: 29980K(30144K)->29980K(30144K) Class: 0K(0K)->0K(0K)
[7450.871s][info][gc             ] GC(1092) Pause Young (Normal) (G1 Evacuation Pause) 8555M->2858M(10240M) 173.433ms
[7450.871s][info][gc,cpu         ] GC(1092) User=1.36s Sys=0.00s Real=0.17s
....[7454.486s][info][gc,start       ] GC(1093) Pause Young (Concurrent Start) (G1 Evacuation Pause)
[7454.486s][info][gc,task        ] GC(1093) Using 8 workers of 8 for evacuation
[7454.655s][info][gc,phases      ] GC(1093)   Pre Evacuate Collection Set: 0.30ms
[7454.655s][info][gc,phases      ] GC(1093)   Merge Heap Roots: 0.61ms
[7454.655s][info][gc,phases      ] GC(1093)   Evacuate Collection Set: 166.08ms
[7454.655s][info][gc,phases      ] GC(1093)   Post Evacuate Collection Set: 1.30ms
[7454.655s][info][gc,phases      ] GC(1093)   Other: 0.11ms
[7454.655s][info][gc,heap        ] GC(1093) Eden regions: 715->0(716)
[7454.655s][info][gc,heap        ] GC(1093) Survivor regions: 53->52(96)
[7454.655s][info][gc,heap        ] GC(1093) Old regions: 274->277
[7454.655s][info][gc,heap        ] GC(1093) Humongous regions: 33->33
[7454.655s][info][gc,metaspace   ] GC(1093) Metaspace: 29980K(30144K)->29980K(30144K) NonClass: 29980K(30144K)->29980K(30144K) Class: 0K(0K)->0K(0K)
[7454.655s][info][gc             ] GC(1093) Pause Young (Concurrent Start) (G1 Evacuation Pause) 8578M->2868M(10240M) 168.528ms
[7454.655s][info][gc             ] GC(1094) Concurrent Mark Cycle
[7454.655s][info][gc,marking     ] GC(1094) Concurrent Scan Root Regions
[7454.655s][info][gc,cpu         ] GC(1093) User=1.33s Sys=0.00s Real=0.16s
[7454.950s][info][gc,marking     ] GC(1094) Concurrent Scan Root Regions 294.781ms
[7454.950s][info][gc,marking     ] GC(1094) Concurrent Mark
[7454.950s][info][gc,marking     ] GC(1094) Concurrent Mark From Roots
[7454.950s][info][gc,task        ] GC(1094) Using 2 workers of 2 for marking
.[7455.869s][info][gc,marking     ] GC(1094) Concurrent Mark From Roots 919.041ms
[7455.869s][info][gc,marking     ] GC(1094) Concurrent Preclean
[7455.869s][info][gc,marking     ] GC(1094) Concurrent Preclean 0.223ms
[7455.869s][info][gc,start       ] GC(1094) Pause Remark
[7455.872s][info][metaspace      ] ChkMgr @0x00007f1ad8541080 (non-class-space): : reclaiming memory...
[7455.872s][info][metaspace      ] ChkMgr @0x00007f1ad8541080 (non-class-space): nothing reclaimed.
[7455.872s][info][metaspace      ] ChkMgr @0x00007f1ad8540ec0 (class-space): : reclaiming memory...
[7455.872s][info][metaspace      ] ChkMgr @0x00007f1ad8540ec0 (class-space): nothing reclaimed.
[7455.872s][info][gc             ] GC(1094) Pause Remark 4232M->4064M(10240M) 2.686ms
[7455.872s][info][gc,cpu         ] GC(1094) User=0.02s Sys=0.00s Real=0.00s
[7455.872s][info][gc,marking     ] GC(1094) Concurrent Mark 922.295ms
[7455.872s][info][gc,marking     ] GC(1094) Concurrent Rebuild Remembered Sets and Scrub Regions
.[7456.538s][info][gc,marking     ] GC(1094) Concurrent Rebuild Remembered Sets and Scrub Regions 666.294ms
[7456.539s][info][gc,start       ] GC(1094) Pause Cleanup
[7456.539s][info][gc             ] GC(1094) Pause Cleanup 4800M->4800M(10240M) 0.276ms
[7456.539s][info][gc,cpu         ] GC(1094) User=0.00s Sys=0.00s Real=0.00s
[7456.539s][info][gc,marking     ] GC(1094) Concurrent Clear Claimed Marks
[7456.539s][info][gc,marking     ] GC(1094) Concurrent Clear Claimed Marks 0.043ms
[7456.539s][info][gc,marking     ] GC(1094) Concurrent Cleanup for Next Mark
[7456.553s][info][gc,marking     ] GC(1094) Concurrent Cleanup for Next Mark 14.068ms
[7456.553s][info][gc             ] GC(1094) Concurrent Mark Cycle 1898.220ms
..[7458.822s][info][gc,start       ] GC(1095) Pause Young (Prepare Mixed) (G1 Evacuation Pause)
[7458.822s][info][gc,task        ] GC(1095) Using 8 workers of 8 for evacuation
[7458.989s][info][gc,phases      ] GC(1095)   Pre Evacuate Collection Set: 0.30ms
[7458.989s][info][gc,phases      ] GC(1095)   Merge Heap Roots: 0.83ms
[7458.989s][info][gc,phases      ] GC(1095)   Evacuate Collection Set: 164.83ms
[7458.989s][info][gc,phases      ] GC(1095)   Post Evacuate Collection Set: 1.43ms
[7458.989s][info][gc,phases      ] GC(1095)   Other: 0.07ms
[7458.989s][info][gc,heap        ] GC(1095) Eden regions: 716->0(715)
[7458.989s][info][gc,heap        ] GC(1095) Survivor regions: 52->53(96)
[7458.989s][info][gc,heap        ] GC(1095) Old regions: 256->259
[7458.989s][info][gc,heap        ] GC(1095) Humongous regions: 33->33
[7458.989s][info][gc,metaspace   ] GC(1095) Metaspace: 29928K(30144K)->29928K(30144K) NonClass: 29928K(30144K)->29928K(30144K) Class: 0K(0K)->0K(0K)
[7458.989s][info][gc             ] GC(1095) Pause Young (Prepare Mixed) (G1 Evacuation Pause) 8428M->2730M(10240M) 167.590ms
[7458.989s][info][gc,cpu         ] GC(1095) User=1.32s Sys=0.00s Real=0.17s
....[7462.526s][info][gc,start       ] GC(1096) Pause Young (Mixed) (G1 Evacuation Pause)
[7462.526s][info][gc,task        ] GC(1096) Using 8 workers of 8 for evacuation
[7462.701s][info][gc,phases      ] GC(1096)   Pre Evacuate Collection Set: 0.31ms
[7462.701s][info][gc,phases      ] GC(1096)   Merge Heap Roots: 0.86ms
[7462.701s][info][gc,phases      ] GC(1096)   Evacuate Collection Set: 170.44ms
[7462.701s][info][gc,phases      ] GC(1096)   Merge Optional Heap Roots: 0.12ms
[7462.701s][info][gc,phases      ] GC(1096)   Evacuate Optional Collection Set: 1.93ms
[7462.701s][info][gc,phases      ] GC(1096)   Post Evacuate Collection Set: 1.55ms
[7462.701s][info][gc,phases      ] GC(1096)   Other: 0.08ms
[7462.701s][info][gc,heap        ] GC(1096) Eden regions: 715->0(715)
[7462.701s][info][gc,heap        ] GC(1096) Survivor regions: 53->53(96)
[7462.701s][info][gc,heap        ] GC(1096) Old regions: 259->135
[7462.701s][info][gc,heap        ] GC(1096) Humongous regions: 33->33
[7462.701s][info][gc,metaspace   ] GC(1096) Metaspace: 29929K(30144K)->29929K(30144K) NonClass: 29929K(30144K)->29929K(30144K) Class: 0K(0K)->0K(0K)
[7462.701s][info][gc             ] GC(1096) Pause Young (Mixed) (G1 Evacuation Pause) 8450M->1740M(10240M) 175.433ms
[7462.701s][info][gc,cpu         ] GC(1096) User=1.38s Sys=0.00s Real=0.17s
...[7466.268s][info][gc,start       ] GC(1097) Pause Young (Mixed) (G1 Evacuation Pause)
[7466.268s][info][gc,task        ] GC(1097) Using 8 workers of 8 for evacuation
[7466.438s][info][gc,phases      ] GC(1097)   Pre Evacuate Collection Set: 0.28ms
[7466.438s][info][gc,phases      ] GC(1097)   Merge Heap Roots: 0.63ms
[7466.438s][info][gc,phases      ] GC(1097)   Evacuate Collection Set: 168.16ms
[7466.438s][info][gc,phases      ] GC(1097)   Post Evacuate Collection Set: 1.26ms
[7466.438s][info][gc,phases      ] GC(1097)   Other: 0.08ms
[7466.438s][info][gc,heap        ] GC(1097) Eden regions: 715->0(715)
[7466.438s][info][gc,heap        ] GC(1097) Survivor regions: 53->53(96)
[7466.438s][info][gc,heap        ] GC(1097) Old regions: 135->134
[7466.438s][info][gc,heap        ] GC(1097) Humongous regions: 33->33
[7466.438s][info][gc,metaspace   ] GC(1097) Metaspace: 29929K(30144K)->29929K(30144K) NonClass: 29929K(30144K)->29929K(30144K) Class: 0K(0K)->0K(0K)
[7466.438s][info][gc             ] GC(1097) Pause Young (Mixed) (G1 Evacuation Pause) 7460M->1736M(10240M) 170.553ms
[7466.438s][info][gc,cpu         ] GC(1097) User=1.34s Sys=0.00s Real=0.17s
....[7469.972s][info][gc,start       ] GC(1098) Pause Young (Normal) (G1 Evacuation Pause)
[7469.972s][info][gc,task        ] GC(1098) Using 8 workers of 8 for evacuation
[7470.141s][info][gc,phases      ] GC(1098)   Pre Evacuate Collection Set: 0.26ms
[7470.141s][info][gc,phases      ] GC(1098)   Merge Heap Roots: 0.55ms
[7470.141s][info][gc,phases      ] GC(1098)   Evacuate Collection Set: 166.88ms
[7470.141s][info][gc,phases      ] GC(1098)   Post Evacuate Collection Set: 1.29ms
[7470.141s][info][gc,phases      ] GC(1098)   Other: 0.07ms
[7470.141s][info][gc,heap        ] GC(1098) Eden regions: 715->0(714)
[7470.141s][info][gc,heap        ] GC(1098) Survivor regions: 53->54(96)
[7470.141s][info][gc,heap        ] GC(1098) Old regions: 134->137
[7470.141s][info][gc,heap        ] GC(1098) Humongous regions: 33->33
[7470.141s][info][gc,metaspace   ] GC(1098) Metaspace: 29929K(30144K)->29929K(30144K) NonClass: 29929K(30144K)->29929K(30144K) Class: 0K(0K)->0K(0K)
[7470.141s][info][gc             ] GC(1098) Pause Young (Normal) (G1 Evacuation Pause) 7456M->1761M(10240M) 169.191ms
[7470.141s][info][gc,cpu         ] GC(1098) User=1.33s Sys=0.00s Real=0.17s
....[7473.727s][info][gc,start       ] GC(1099) Pause Young (Normal) (G1 Evacuation Pause)
[7473.727s][info][gc,task        ] GC(1099) Using 8 workers of 8 for evacuation
[7473.898s][info][gc,phases      ] GC(1099)   Pre Evacuate Collection Set: 0.28ms
[7473.898s][info][gc,phases      ] GC(1099)   Merge Heap Roots: 0.57ms
[7473.898s][info][gc,phases      ] GC(1099)   Evacuate Collection Set: 168.88ms
[7473.898s][info][gc,phases      ] GC(1099)   Post Evacuate Collection Set: 1.29ms
[7473.898s][info][gc,phases      ] GC(1099)   Other: 0.07ms
[7473.898s][info][gc,heap        ] GC(1099) Eden regions: 714->0(715)
[7473.898s][info][gc,heap        ] GC(1099) Survivor regions: 54->53(96)
[7473.898s][info][gc,heap        ] GC(1099) Old regions: 137->140
[7473.898s][info][gc,heap        ] GC(1099) Humongous regions: 33->33
[7473.898s][info][gc,metaspace   ] GC(1099) Metaspace: 29929K(30144K)->29929K(30144K) NonClass: 29929K(30144K)->29929K(30144K) Class: 0K(0K)->0K(0K)
[7473.898s][info][gc             ] GC(1099) Pause Young (Normal) (G1 Evacuation Pause) 7473M->1780M(10240M) 171.220ms
[7473.898s][info][gc,cpu         ] GC(1099) User=1.34s Sys=0.00s Real=0.17s
...[7477.432s][info][gc,start       ] GC(1100) Pause Young (Normal) (G1 Evacuation Pause)
[7477.432s][info][gc,task        ] GC(1100) Using 8 workers of 8 for evacuation
[7477.601s][info][gc,phases      ] GC(1100)   Pre Evacuate Collection Set: 0.28ms
[7477.601s][info][gc,phases      ] GC(1100)   Merge Heap Roots: 0.56ms
[7477.601s][info][gc,phases      ] GC(1100)   Evacuate Collection Set: 166.50ms
[7477.601s][info][gc,phases      ] GC(1100)   Post Evacuate Collection Set: 1.30ms
[7477.601s][info][gc,phases      ] GC(1100)   Other: 0.07ms
[7477.601s][info][gc,heap        ] GC(1100) Eden regions: 715->0(715)
[7477.601s][info][gc,heap        ] GC(1100) Survivor regions: 53->53(96)
[7477.601s][info][gc,heap        ] GC(1100) Old regions: 140->142
[7477.601s][info][gc,heap        ] GC(1100) Humongous regions: 33->33
[7477.601s][info][gc,metaspace   ] GC(1100) Metaspace: 29929K(30144K)->29929K(30144K) NonClass: 29929K(30144K)->29929K(30144K) Class: 0K(0K)->0K(0K)
[7477.601s][info][gc             ] GC(1100) Pause Young (Normal) (G1 Evacuation Pause) 7500M->1803M(10240M) 168.856ms
[7477.601s][info][gc,cpu         ] GC(1100) User=1.33s Sys=0.00s Real=0.17s
.. (rIR:aIR:PR = 12868:12746:12673) (tPR = 190451) [PR is under limit] 
  7478s: Performance info:
         Transaction,    Success,    Partial,     Failed,   Receipts, AvgBarcode, 
             Overall,    1144971,          0,          0,    1087598,      59.47, 
         Response times:
             Request,    Success,    Partial,     Failed,   SkipFail,     Probes,    Samples,      min,      p50,      p90,      p95,      p99,      max, 
       TotalPurchase,    1093841,          0,          0,          0,     478781,     647845,      400,    74000,   270000,   350000,   470000,  8100000,
     InStorePurchase,     572489,          0,          0,          0,     250413,     341374,      400,    74000,   270000,   351000,   470000,  7300000,
      OnlinePurchase,     407077,          0,          0,          0,     175424,     238053,      400,    74000,   272000,   350000,   470000,  5600000,
        InstPurchase,     114275,          0,          0,          0,      52944,      68418,      500,    71000,   265000,   338000,   446000,  8100000,
          AssocOfCat,       1164,          0,          0,          0,        890,       1357,    42000,   135000,   315000,   376300,   628400,  1100000,
      AssocOfProduct,      11443,          0,          0,          0,       5232,       7273,     1200,    71000,   259000,   330000,   441260,  2100000,
      BusinessReport,       2898,          0,          0,          0,       2473,       3416,    44000,   141000,   333000,   395000,   490660,  1200000,
          CustBuyBeh,      11570,          0,          0,          0,       5304,       7291,      300,    71000,   268000,   334000,   483000,  8100000,
       ProductReturn,      30660,          0,          0,          0,      12642,      17005,      400,    72000,   267000,   347000,   468000,  7300000,

  7478s: 
  7478s: Failed, 8 overall retries left, retrying 1 of 1
  7478s: (93%)   IR =  12868 ..[7481.136s][info][gc,start       ] GC(1101) Pause Young (Normal) (G1 Evacuation Pause)
[7481.136s][info][gc,task        ] GC(1101) Using 8 workers of 8 for evacuation
[7481.308s][info][gc,phases      ] GC(1101)   Pre Evacuate Collection Set: 0.26ms
[7481.308s][info][gc,phases      ] GC(1101)   Merge Heap Roots: 0.56ms
[7481.308s][info][gc,phases      ] GC(1101)   Evacuate Collection Set: 170.16ms
[7481.308s][info][gc,phases      ] GC(1101)   Post Evacuate Collection Set: 1.30ms
[7481.308s][info][gc,phases      ] GC(1101)   Other: 0.07ms
[7481.308s][info][gc,heap        ] GC(1101) Eden regions: 715->0(714)
[7481.308s][info][gc,heap        ] GC(1101) Survivor regions: 53->54(96)
[7481.308s][info][gc,heap        ] GC(1101) Old regions: 142->145
[7481.308s][info][gc,heap        ] GC(1101) Humongous regions: 33->33
[7481.308s][info][gc,metaspace   ] GC(1101) Metaspace: 29929K(30144K)->29929K(30144K) NonClass: 29929K(30144K)->29929K(30144K) Class: 0K(0K)->0K(0K)
[7481.308s][info][gc             ] GC(1101) Pause Young (Normal) (G1 Evacuation Pause) 7523M->1829M(10240M) 172.483ms
[7481.308s][info][gc,cpu         ] GC(1101) User=1.36s Sys=0.00s Real=0.18s
...[7484.879s][info][gc,start       ] GC(1102) Pause Young (Normal) (G1 Evacuation Pause)
[7484.879s][info][gc,task        ] GC(1102) Using 8 workers of 8 for evacuation
[7485.054s][info][gc,phases      ] GC(1102)   Pre Evacuate Collection Set: 0.27ms
[7485.054s][info][gc,phases      ] GC(1102)   Merge Heap Roots: 0.55ms
[7485.054s][info][gc,phases      ] GC(1102)   Evacuate Collection Set: 172.41ms
[7485.054s][info][gc,phases      ] GC(1102)   Post Evacuate Collection Set: 1.24ms
[7485.054s][info][gc,phases      ] GC(1102)   Other: 0.06ms
[7485.054s][info][gc,heap        ] GC(1102) Eden regions: 714->0(714)
[7485.054s][info][gc,heap        ] GC(1102) Survivor regions: 54->54(96)
[7485.054s][info][gc,heap        ] GC(1102) Old regions: 145->148
[7485.054s][info][gc,heap        ] GC(1102) Humongous regions: 33->33
[7485.054s][info][gc,metaspace   ] GC(1102) Metaspace: 29929K(30144K)->29929K(30144K) NonClass: 29929K(30144K)->29929K(30144K) Class: 0K(0K)->0K(0K)
[7485.054s][info][gc             ] GC(1102) Pause Young (Normal) (G1 Evacuation Pause) 7541M->1855M(10240M) 174.664ms
[7485.054s][info][gc,cpu         ] GC(1102) User=1.37s Sys=0.01s Real=0.17s
....[7488.585s][info][gc,start       ] GC(1103) Pause Young (Normal) (G1 Evacuation Pause)
[7488.585s][info][gc,task        ] GC(1103) Using 8 workers of 8 for evacuation
[7488.755s][info][gc,phases      ] GC(1103)   Pre Evacuate Collection Set: 0.27ms
[7488.755s][info][gc,phases      ] GC(1103)   Merge Heap Roots: 0.57ms
[7488.755s][info][gc,phases      ] GC(1103)   Evacuate Collection Set: 168.55ms
[7488.755s][info][gc,phases      ] GC(1103)   Post Evacuate Collection Set: 1.30ms
[7488.756s][info][gc,phases      ] GC(1103)   Other: 0.06ms
[7488.756s][info][gc,heap        ] GC(1103) Eden regions: 714->0(714)
[7488.756s][info][gc,heap        ] GC(1103) Survivor regions: 54->54(96)
[7488.756s][info][gc,heap        ] GC(1103) Old regions: 148->151
[7488.756s][info][gc,heap        ] GC(1103) Humongous regions: 33->33
[7488.756s][info][gc,metaspace   ] GC(1103) Metaspace: 29929K(30144K)->29929K(30144K) NonClass: 29929K(30144K)->29929K(30144K) Class: 0K(0K)->0K(0K)
[7488.756s][info][gc             ] GC(1103) Pause Young (Normal) (G1 Evacuation Pause) 7567M->1873M(10240M) 170.892ms
[7488.756s][info][gc,cpu         ] GC(1103) User=1.35s Sys=0.00s Real=0.17s
....[7492.287s][info][gc,start       ] GC(1104) Pause Young (Normal) (G1 Evacuation Pause)
[7492.288s][info][gc,task        ] GC(1104) Using 8 workers of 8 for evacuation
[7492.455s][info][gc,phases      ] GC(1104)   Pre Evacuate Collection Set: 0.27ms
[7492.455s][info][gc,phases      ] GC(1104)   Merge Heap Roots: 0.58ms
[7492.455s][info][gc,phases      ] GC(1104)   Evacuate Collection Set: 165.24ms
[7492.455s][info][gc,phases      ] GC(1104)   Post Evacuate Collection Set: 1.29ms
[7492.455s][info][gc,phases      ] GC(1104)   Other: 0.06ms
[7492.455s][info][gc,heap        ] GC(1104) Eden regions: 714->0(715)
[7492.455s][info][gc,heap        ] GC(1104) Survivor regions: 54->53(96)
[7492.455s][info][gc,heap        ] GC(1104) Old regions: 151->154
[7492.455s][info][gc,heap        ] GC(1104) Humongous regions: 33->33
[7492.455s][info][gc,metaspace   ] GC(1104) Metaspace: 29929K(30144K)->29929K(30144K) NonClass: 29929K(30144K)->29929K(30144K) Class: 0K(0K)->0K(0K)
[7492.455s][info][gc             ] GC(1104) Pause Young (Normal) (G1 Evacuation Pause) 7585M->1888M(10240M) 167.576ms
[7492.455s][info][gc,cpu         ] GC(1104) User=1.32s Sys=0.00s Real=0.16s
...|[7495.993s][info][gc,start       ] GC(1105) Pause Young (Normal) (G1 Evacuation Pause)
[7495.993s][info][gc,task        ] GC(1105) Using 8 workers of 8 for evacuation
[7496.159s][info][gc,phases      ] GC(1105)   Pre Evacuate Collection Set: 0.26ms
[7496.159s][info][gc,phases      ] GC(1105)   Merge Heap Roots: 0.56ms
[7496.159s][info][gc,phases      ] GC(1105)   Evacuate Collection Set: 164.47ms
[7496.159s][info][gc,phases      ] GC(1105)   Post Evacuate Collection Set: 1.24ms
[7496.159s][info][gc,phases      ] GC(1105)   Other: 0.08ms
[7496.159s][info][gc,heap        ] GC(1105) Eden regions: 715->0(715)
[7496.159s][info][gc,heap        ] GC(1105) Survivor regions: 53->53(96)
[7496.159s][info][gc,heap        ] GC(1105) Old regions: 154->156
[7496.159s][info][gc,heap        ] GC(1105) Humongous regions: 33->33
[7496.159s][info][gc,metaspace   ] GC(1105) Metaspace: 29929K(30144K)->29929K(30144K) NonClass: 29929K(30144K)->29929K(30144K) Class: 0K(0K)->0K(0K)
[7496.159s][info][gc             ] GC(1105) Pause Young (Normal) (G1 Evacuation Pause) 7608M->1910M(10240M) 166.747ms
[7496.159s][info][gc,cpu         ] GC(1105) User=1.31s Sys=0.00s Real=0.17s
....[7499.706s][info][gc,start       ] GC(1106) Pause Young (Normal) (G1 Evacuation Pause)
[7499.706s][info][gc,task        ] GC(1106) Using 8 workers of 8 for evacuation
[7499.872s][info][gc,phases      ] GC(1106)   Pre Evacuate Collection Set: 0.26ms
[7499.872s][info][gc,phases      ] GC(1106)   Merge Heap Roots: 0.57ms
[7499.872s][info][gc,phases      ] GC(1106)   Evacuate Collection Set: 163.99ms
[7499.872s][info][gc,phases      ] GC(1106)   Post Evacuate Collection Set: 1.27ms
[7499.872s][info][gc,phases      ] GC(1106)   Other: 0.06ms
[7499.872s][info][gc,heap        ] GC(1106) Eden regions: 715->0(716)
[7499.872s][info][gc,heap        ] GC(1106) Survivor regions: 53->52(96)
[7499.872s][info][gc,heap        ] GC(1106) Old regions: 156->159
[7499.872s][info][gc,heap        ] GC(1106) Humongous regions: 33->33
[7499.872s][info][gc,metaspace   ] GC(1106) Metaspace: 29929K(30144K)->29929K(30144K) NonClass: 29929K(30144K)->29929K(30144K) Class: 0K(0K)->0K(0K)
[7499.872s][info][gc             ] GC(1106) Pause Young (Normal) (G1 Evacuation Pause) 7630M->1928M(10240M) 166.279ms
[7499.872s][info][gc,cpu         ] GC(1106) User=1.31s Sys=0.00s Real=0.16s
....[7503.429s][info][gc,start       ] GC(1107) Pause Young (Normal) (G1 Evacuation Pause)
[7503.429s][info][gc,task        ] GC(1107) Using 8 workers of 8 for evacuation
[7503.603s][info][gc,phases      ] GC(1107)   Pre Evacuate Collection Set: 0.30ms
[7503.603s][info][gc,phases      ] GC(1107)   Merge Heap Roots: 0.57ms
[7503.603s][info][gc,phases      ] GC(1107)   Evacuate Collection Set: 171.60ms
[7503.603s][info][gc,phases      ] GC(1107)   Post Evacuate Collection Set: 1.28ms
[7503.603s][info][gc,phases      ] GC(1107)   Other: 0.08ms
[7503.603s][info][gc,heap        ] GC(1107) Eden regions: 716->0(714)
[7503.603s][info][gc,heap        ] GC(1107) Survivor regions: 52->54(96)
[7503.603s][info][gc,heap        ] GC(1107) Old regions: 159->162
[7503.603s][info][gc,heap        ] GC(1107) Humongous regions: 33->33
[7503.603s][info][gc,metaspace   ] GC(1107) Metaspace: 29929K(30144K)->29929K(30144K) NonClass: 29929K(30144K)->29929K(30144K) Class: 0K(0K)->0K(0K)
[7503.603s][info][gc             ] GC(1107) Pause Young (Normal) (G1 Evacuation Pause) 7656M->1967M(10240M) 173.969ms
[7503.603s][info][gc,cpu         ] GC(1107) User=1.36s Sys=0.00s Real=0.17s
...[7507.131s][info][gc,start       ] GC(1108) Pause Young (Normal) (G1 Evacuation Pause)
[7507.131s][info][gc,task        ] GC(1108) Using 8 workers of 8 for evacuation
[7507.303s][info][gc,phases      ] GC(1108)   Pre Evacuate Collection Set: 0.26ms
[7507.303s][info][gc,phases      ] GC(1108)   Merge Heap Roots: 0.56ms
[7507.303s][info][gc,phases      ] GC(1108)   Evacuate Collection Set: 170.37ms
[7507.303s][info][gc,phases      ] GC(1108)   Post Evacuate Collection Set: 1.26ms
[7507.303s][info][gc,phases      ] GC(1108)   Other: 0.06ms
[7507.303s][info][gc,heap        ] GC(1108) Eden regions: 714->0(714)
[7507.303s][info][gc,heap        ] GC(1108) Survivor regions: 54->54(96)
[7507.303s][info][gc,heap        ] GC(1108) Old regions: 162->165
[7507.303s][info][gc,heap        ] GC(1108) Humongous regions: 33->33
[7507.303s][info][gc,metaspace   ] GC(1108) Metaspace: 29929K(30144K)->29929K(30144K) NonClass: 29929K(30144K)->29929K(30144K) Class: 0K(0K)->0K(0K)
[7507.303s][info][gc             ] GC(1108) Pause Young (Normal) (G1 Evacuation Pause) 7679M->1985M(10240M) 172.652ms
[7507.303s][info][gc,cpu         ] GC(1108) User=1.36s Sys=0.00s Real=0.17s
....[7510.906s][info][gc,start       ] GC(1109) Pause Young (Normal) (G1 Evacuation Pause)
[7510.906s][info][gc,task        ] GC(1109) Using 8 workers of 8 for evacuation
[7511.076s][info][gc,phases      ] GC(1109)   Pre Evacuate Collection Set: 0.28ms
[7511.076s][info][gc,phases      ] GC(1109)   Merge Heap Roots: 0.56ms
[7511.076s][info][gc,phases      ] GC(1109)   Evacuate Collection Set: 168.03ms
[7511.076s][info][gc,phases      ] GC(1109)   Post Evacuate Collection Set: 1.23ms
[7511.076s][info][gc,phases      ] GC(1109)   Other: 0.06ms
[7511.076s][info][gc,heap        ] GC(1109) Eden regions: 714->0(715)
[7511.076s][info][gc,heap        ] GC(1109) Survivor regions: 54->53(96)
[7511.076s][info][gc,heap        ] GC(1109) Old regions: 165->167
[7511.076s][info][gc,heap        ] GC(1109) Humongous regions: 33->33
[7511.076s][info][gc,metaspace   ] GC(1109) Metaspace: 29929K(30144K)->29929K(30144K) NonClass: 29929K(30144K)->29929K(30144K) Class: 0K(0K)->0K(0K)
[7511.076s][info][gc             ] GC(1109) Pause Young (Normal) (G1 Evacuation Pause) 7697M->1999M(10240M) 170.288ms
[7511.077s][info][gc,cpu         ] GC(1109) User=1.34s Sys=0.00s Real=0.17s
....[7514.575s][info][gc,start       ] GC(1110) Pause Young (Normal) (G1 Evacuation Pause)
[7514.575s][info][gc,task        ] GC(1110) Using 8 workers of 8 for evacuation
[7514.746s][info][gc,phases      ] GC(1110)   Pre Evacuate Collection Set: 0.28ms
[7514.746s][info][gc,phases      ] GC(1110)   Merge Heap Roots: 0.56ms
[7514.746s][info][gc,phases      ] GC(1110)   Evacuate Collection Set: 168.78ms
[7514.746s][info][gc,phases      ] GC(1110)   Post Evacuate Collection Set: 1.29ms
[7514.746s][info][gc,phases      ] GC(1110)   Other: 0.06ms
[7514.746s][info][gc,heap        ] GC(1110) Eden regions: 715->0(715)
[7514.746s][info][gc,heap        ] GC(1110) Survivor regions: 53->53(96)
[7514.746s][info][gc,heap        ] GC(1110) Old regions: 167->170
[7514.746s][info][gc,heap        ] GC(1110) Humongous regions: 33->33
[7514.746s][info][gc,metaspace   ] GC(1110) Metaspace: 29929K(30144K)->29929K(30144K) NonClass: 29929K(30144K)->29929K(30144K) Class: 0K(0K)->0K(0K)
[7514.746s][info][gc             ] GC(1110) Pause Young (Normal) (G1 Evacuation Pause) 7719M->2024M(10240M) 171.117ms
[7514.746s][info][gc,cpu         ] GC(1110) User=1.35s Sys=0.00s Real=0.18s
....[7518.327s][info][gc,start       ] GC(1111) Pause Young (Normal) (G1 Evacuation Pause)
[7518.328s][info][gc,task        ] GC(1111) Using 8 workers of 8 for evacuation
[7518.500s][info][gc,phases      ] GC(1111)   Pre Evacuate Collection Set: 0.23ms
[7518.500s][info][gc,phases      ] GC(1111)   Merge Heap Roots: 0.56ms
[7518.500s][info][gc,phases      ] GC(1111)   Evacuate Collection Set: 170.24ms
[7518.500s][info][gc,phases      ] GC(1111)   Post Evacuate Collection Set: 1.31ms
[7518.500s][info][gc,phases      ] GC(1111)   Other: 0.06ms
[7518.500s][info][gc,heap        ] GC(1111) Eden regions: 715->0(714)
[7518.500s][info][gc,heap        ] GC(1111) Survivor regions: 53->54(96)
[7518.500s][info][gc,heap        ] GC(1111) Old regions: 170->173
[7518.500s][info][gc,heap        ] GC(1111) Humongous regions: 33->33
[7518.500s][info][gc,metaspace   ] GC(1111) Metaspace: 29929K(30144K)->29929K(30144K) NonClass: 29929K(30144K)->29929K(30144K) Class: 0K(0K)->0K(0K)
[7518.500s][info][gc             ] GC(1111) Pause Young (Normal) (G1 Evacuation Pause) 7744M->2055M(10240M) 172.530ms
[7518.500s][info][gc,cpu         ] GC(1111) User=1.36s Sys=0.00s Real=0.17s
...[7522.038s][info][gc,start       ] GC(1112) Pause Young (Normal) (G1 Evacuation Pause)
[7522.038s][info][gc,task        ] GC(1112) Using 8 workers of 8 for evacuation
[7522.207s][info][gc,phases      ] GC(1112)   Pre Evacuate Collection Set: 0.28ms
[7522.207s][info][gc,phases      ] GC(1112)   Merge Heap Roots: 0.56ms
[7522.207s][info][gc,phases      ] GC(1112)   Evacuate Collection Set: 166.44ms
[7522.207s][info][gc,phases      ] GC(1112)   Post Evacuate Collection Set: 1.27ms
[7522.207s][info][gc,phases      ] GC(1112)   Other: 0.07ms
[7522.207s][info][gc,heap        ] GC(1112) Eden regions: 714->0(715)
[7522.207s][info][gc,heap        ] GC(1112) Survivor regions: 54->53(96)
[7522.207s][info][gc,heap        ] GC(1112) Old regions: 173->176
[7522.207s][info][gc,heap        ] GC(1112) Humongous regions: 33->33
[7522.207s][info][gc,metaspace   ] GC(1112) Metaspace: 29929K(30144K)->29929K(30144K) NonClass: 29929K(30144K)->29929K(30144K) Class: 0K(0K)->0K(0K)
[7522.207s][info][gc             ] GC(1112) Pause Young (Normal) (G1 Evacuation Pause) 7767M->2068M(10240M) 168.763ms
[7522.207s][info][gc,cpu         ] GC(1112) User=1.33s Sys=0.00s Real=0.17s
....[7525.773s][info][gc,start       ] GC(1113) Pause Young (Normal) (G1 Evacuation Pause)
[7525.773s][info][gc,task        ] GC(1113) Using 8 workers of 8 for evacuation
[7525.948s][info][gc,phases      ] GC(1113)   Pre Evacuate Collection Set: 0.28ms
[7525.948s][info][gc,phases      ] GC(1113)   Merge Heap Roots: 0.57ms
[7525.948s][info][gc,phases      ] GC(1113)   Evacuate Collection Set: 172.73ms
[7525.948s][info][gc,phases      ] GC(1113)   Post Evacuate Collection Set: 1.25ms
[7525.948s][info][gc,phases      ] GC(1113)   Other: 0.07ms
[7525.948s][info][gc,heap        ] GC(1113) Eden regions: 715->0(713)
[7525.948s][info][gc,heap        ] GC(1113) Survivor regions: 53->55(96)
[7525.948s][info][gc,heap        ] GC(1113) Old regions: 176->178
[7525.948s][info][gc,heap        ] GC(1113) Humongous regions: 33->33
[7525.948s][info][gc,metaspace   ] GC(1113) Metaspace: 29929K(30144K)->29929K(30144K) NonClass: 29929K(30144K)->29929K(30144K) Class: 0K(0K)->0K(0K)
[7525.948s][info][gc             ] GC(1113) Pause Young (Normal) (G1 Evacuation Pause) 7788M->2107M(10240M) 175.020ms
[7525.948s][info][gc,cpu         ] GC(1113) User=1.37s Sys=0.00s Real=0.18s
....[7529.486s][info][gc,start       ] GC(1114) Pause Young (Normal) (G1 Evacuation Pause)
[7529.486s][info][gc,task        ] GC(1114) Using 8 workers of 8 for evacuation
[7529.655s][info][gc,phases      ] GC(1114)   Pre Evacuate Collection Set: 0.28ms
[7529.655s][info][gc,phases      ] GC(1114)   Merge Heap Roots: 0.56ms
[7529.655s][info][gc,phases      ] GC(1114)   Evacuate Collection Set: 166.52ms
[7529.655s][info][gc,phases      ] GC(1114)   Post Evacuate Collection Set: 1.28ms
[7529.655s][info][gc,phases      ] GC(1114)   Other: 0.06ms
[7529.655s][info][gc,heap        ] GC(1114) Eden regions: 713->0(715)
[7529.655s][info][gc,heap        ] GC(1114) Survivor regions: 55->53(96)
[7529.655s][info][gc,heap        ] GC(1114) Old regions: 178->181
[7529.655s][info][gc,heap        ] GC(1114) Humongous regions: 33->33
[7529.655s][info][gc,metaspace   ] GC(1114) Metaspace: 29929K(30144K)->29929K(30144K) NonClass: 29929K(30144K)->29929K(30144K) Class: 0K(0K)->0K(0K)
[7529.655s][info][gc             ] GC(1114) Pause Young (Normal) (G1 Evacuation Pause) 7811M->2113M(10240M) 168.843ms
[7529.655s][info][gc,cpu         ] GC(1114) User=1.33s Sys=0.00s Real=0.16s
...[7533.224s][info][gc,start       ] GC(1115) Pause Young (Normal) (G1 Evacuation Pause)
[7533.224s][info][gc,task        ] GC(1115) Using 8 workers of 8 for evacuation
[7533.395s][info][gc,phases      ] GC(1115)   Pre Evacuate Collection Set: 0.26ms
[7533.395s][info][gc,phases      ] GC(1115)   Merge Heap Roots: 0.56ms
[7533.395s][info][gc,phases      ] GC(1115)   Evacuate Collection Set: 168.45ms
[7533.395s][info][gc,phases      ] GC(1115)   Post Evacuate Collection Set: 1.29ms
[7533.395s][info][gc,phases      ] GC(1115)   Other: 0.06ms
[7533.395s][info][gc,heap        ] GC(1115) Eden regions: 715->0(714)
[7533.395s][info][gc,heap        ] GC(1115) Survivor regions: 53->54(96)
[7533.395s][info][gc,heap        ] GC(1115) Old regions: 181->184
[7533.395s][info][gc,heap        ] GC(1115) Humongous regions: 33->33
[7533.395s][info][gc,metaspace   ] GC(1115) Metaspace: 29929K(30144K)->29929K(30144K) NonClass: 29929K(30144K)->29929K(30144K) Class: 0K(0K)->0K(0K)
[7533.395s][info][gc             ] GC(1115) Pause Young (Normal) (G1 Evacuation Pause) 7833M->2139M(10240M) 170.771ms
[7533.395s][info][gc,cpu         ] GC(1115) User=1.34s Sys=0.00s Real=0.17s
....[7536.967s][info][gc,start       ] GC(1116) Pause Young (Normal) (G1 Evacuation Pause)
[7536.967s][info][gc,task        ] GC(1116) Using 8 workers of 8 for evacuation
[7537.145s][info][gc,phases      ] GC(1116)   Pre Evacuate Collection Set: 0.27ms
[7537.145s][info][gc,phases      ] GC(1116)   Merge Heap Roots: 0.56ms
[7537.145s][info][gc,phases      ] GC(1116)   Evacuate Collection Set: 175.74ms
[7537.145s][info][gc,phases      ] GC(1116)   Post Evacuate Collection Set: 1.28ms
[7537.145s][info][gc,phases      ] GC(1116)   Other: 0.07ms
[7537.145s][info][gc,heap        ] GC(1116) Eden regions: 714->0(713)
[7537.145s][info][gc,heap        ] GC(1116) Survivor regions: 54->55(96)
[7537.145s][info][gc,heap        ] GC(1116) Old regions: 184->187
[7537.145s][info][gc,heap        ] GC(1116) Humongous regions: 33->33
[7537.145s][info][gc,metaspace   ] GC(1116) Metaspace: 29929K(30144K)->29929K(30144K) NonClass: 29929K(30144K)->29929K(30144K) Class: 0K(0K)->0K(0K)
[7537.145s][info][gc             ] GC(1116) Pause Young (Normal) (G1 Evacuation Pause) 7851M->2170M(10240M) 178.071ms
[7537.145s][info][gc,cpu         ] GC(1116) User=1.40s Sys=0.00s Real=0.17s
....[7540.726s][info][gc,start       ] GC(1117) Pause Young (Normal) (G1 Evacuation Pause)
[7540.726s][info][gc,task        ] GC(1117) Using 8 workers of 8 for evacuation
[7540.897s][info][gc,phases      ] GC(1117)   Pre Evacuate Collection Set: 0.27ms
[7540.897s][info][gc,phases      ] GC(1117)   Merge Heap Roots: 0.57ms
[7540.897s][info][gc,phases      ] GC(1117)   Evacuate Collection Set: 168.56ms
[7540.897s][info][gc,phases      ] GC(1117)   Post Evacuate Collection Set: 1.35ms
[7540.897s][info][gc,phases      ] GC(1117)   Other: 0.06ms
[7540.897s][info][gc,heap        ] GC(1117) Eden regions: 713->0(714)
[7540.897s][info][gc,heap        ] GC(1117) Survivor regions: 55->54(96)
[7540.897s][info][gc,heap        ] GC(1117) Old regions: 187->190
[7540.897s][info][gc,heap        ] GC(1117) Humongous regions: 33->33
[7540.897s][info][gc,metaspace   ] GC(1117) Metaspace: 29929K(30144K)->29929K(30144K) NonClass: 29929K(30144K)->29929K(30144K) Class: 0K(0K)->0K(0K)
[7540.897s][info][gc             ] GC(1117) Pause Young (Normal) (G1 Evacuation Pause) 7874M->2185M(10240M) 170.930ms
[7540.897s][info][gc,cpu         ] GC(1117) User=1.34s Sys=0.00s Real=0.17s
....[7544.409s][info][gc,start       ] GC(1118) Pause Young (Normal) (G1 Evacuation Pause)
[7544.409s][info][gc,task        ] GC(1118) Using 8 workers of 8 for evacuation
[7544.582s][info][gc,phases      ] GC(1118)   Pre Evacuate Collection Set: 0.26ms
[7544.582s][info][gc,phases      ] GC(1118)   Merge Heap Roots: 0.57ms
[7544.582s][info][gc,phases      ] GC(1118)   Evacuate Collection Set: 170.06ms
[7544.582s][info][gc,phases      ] GC(1118)   Post Evacuate Collection Set: 1.27ms
[7544.582s][info][gc,phases      ] GC(1118)   Other: 0.06ms
[7544.582s][info][gc,heap        ] GC(1118) Eden regions: 714->0(714)
[7544.582s][info][gc,heap        ] GC(1118) Survivor regions: 54->54(96)
[7544.582s][info][gc,heap        ] GC(1118) Old regions: 190->192
[7544.582s][info][gc,heap        ] GC(1118) Humongous regions: 33->33
[7544.582s][info][gc,metaspace   ] GC(1118) Metaspace: 29929K(30144K)->29929K(30144K) NonClass: 29929K(30144K)->29929K(30144K) Class: 0K(0K)->0K(0K)
[7544.582s][info][gc             ] GC(1118) Pause Young (Normal) (G1 Evacuation Pause) 7897M->2211M(10240M) 172.367ms
[7544.582s][info][gc,cpu         ] GC(1118) User=1.35s Sys=0.00s Real=0.17s
...[7548.205s][info][gc,start       ] GC(1119) Pause Young (Normal) (G1 Evacuation Pause)
[7548.205s][info][gc,task        ] GC(1119) Using 8 workers of 8 for evacuation
[7548.380s][info][gc,phases      ] GC(1119)   Pre Evacuate Collection Set: 0.27ms
[7548.380s][info][gc,phases      ] GC(1119)   Merge Heap Roots: 0.57ms
[7548.380s][info][gc,phases      ] GC(1119)   Evacuate Collection Set: 172.07ms
[7548.380s][info][gc,phases      ] GC(1119)   Post Evacuate Collection Set: 1.31ms
[7548.380s][info][gc,phases      ] GC(1119)   Other: 0.07ms
[7548.380s][info][gc,heap        ] GC(1119) Eden regions: 714->0(714)
[7548.380s][info][gc,heap        ] GC(1119) Survivor regions: 54->54(96)
[7548.380s][info][gc,heap        ] GC(1119) Old regions: 192->195
[7548.380s][info][gc,heap        ] GC(1119) Humongous regions: 33->33
[7548.380s][info][gc,metaspace   ] GC(1119) Metaspace: 29929K(30144K)->29929K(30144K) NonClass: 29929K(30144K)->29929K(30144K) Class: 0K(0K)->0K(0K)
[7548.380s][info][gc             ] GC(1119) Pause Young (Normal) (G1 Evacuation Pause) 7923M->2229M(10240M) 174.436ms
[7548.380s][info][gc,cpu         ] GC(1119) User=1.37s Sys=0.01s Real=0.18s
....[7551.871s][info][gc,start       ] GC(1120) Pause Young (Normal) (G1 Evacuation Pause)
[7551.871s][info][gc,task        ] GC(1120) Using 8 workers of 8 for evacuation
[7552.037s][info][gc,phases      ] GC(1120)   Pre Evacuate Collection Set: 0.28ms
[7552.037s][info][gc,phases      ] GC(1120)   Merge Heap Roots: 0.56ms
[7552.037s][info][gc,phases      ] GC(1120)   Evacuate Collection Set: 163.56ms
[7552.037s][info][gc,phases      ] GC(1120)   Post Evacuate Collection Set: 1.30ms
[7552.037s][info][gc,phases      ] GC(1120)   Other: 0.06ms
[7552.037s][info][gc,heap        ] GC(1120) Eden regions: 714->0(716)
[7552.037s][info][gc,heap        ] GC(1120) Survivor regions: 54->52(96)
[7552.037s][info][gc,heap        ] GC(1120) Old regions: 195->198
[7552.037s][info][gc,heap        ] GC(1120) Humongous regions: 33->33
[7552.037s][info][gc,metaspace   ] GC(1120) Metaspace: 29929K(30144K)->29929K(30144K) NonClass: 29929K(30144K)->29929K(30144K) Class: 0K(0K)->0K(0K)
[7552.037s][info][gc             ] GC(1120) Pause Young (Normal) (G1 Evacuation Pause) 7941M->2239M(10240M) 165.899ms
[7552.037s][info][gc,cpu         ] GC(1120) User=1.30s Sys=0.00s Real=0.17s
.... (rIR:aIR:PR = 12868:12962:12862) (tPR = 190695) [OK] 
  7555s: Performance info:
         Transaction,    Success,    Partial,     Failed,   Receipts, AvgBarcode, 
             Overall,     776140,          0,          0,     736971,      59.48, 
         Response times:
             Request,    Success,    Partial,     Failed,   SkipFail,     Probes,    Samples,      min,      p50,      p90,      p95,      p99,      max, 
       TotalPurchase,     742745,          0,          0,          0,     297989,     462288,      400,   156000,   378000,   470000,   650000,  9600000,
     InStorePurchase,     388944,          0,          0,          0,     155152,     243283,      400,   155000,   376000,   471000,   690000,  9600000,
      OnlinePurchase,     273221,          0,          0,          0,     108961,     169631,      400,   156000,   384000,   475000,   620000,  7300000,
        InstPurchase,      80580,          0,          0,          0,      33876,      49374,     1000,   158000,   370000,   456000,   620000,  6900000,
          AssocOfCat,        783,          0,          0,          0,        599,        985,    62000,   219000,   406400,   496700,   670000,  4700000,
      AssocOfProduct,       7788,          0,          0,          0,       3405,       5152,     2000,   158000,   363000,   430000,   650000,  4000000,
      BusinessReport,       1945,          0,          0,          0,       1587,       2429,    63000,   220000,   430000,   498000,   720000,  4900000,
          CustBuyBeh,       7974,          0,          0,          0,       3446,       5272,     2200,   160000,   378000,   479350,   840000,  3600000,
       ProductReturn,      20960,          0,          0,          0,       8328,      12039,      800,   156000,   380000,   478000,   640000,  4100000,

  7555s: (94%)   IR =  13007 [7555.607s][info][gc,start       ] GC(1121) Pause Young (Normal) (G1 Evacuation Pause)
[7555.607s][info][gc,task        ] GC(1121) Using 8 workers of 8 for evacuation
[7555.774s][info][gc,phases      ] GC(1121)   Pre Evacuate Collection Set: 0.31ms
[7555.774s][info][gc,phases      ] GC(1121)   Merge Heap Roots: 0.57ms
[7555.774s][info][gc,phases      ] GC(1121)   Evacuate Collection Set: 164.08ms
[7555.774s][info][gc,phases      ] GC(1121)   Post Evacuate Collection Set: 1.36ms
[7555.774s][info][gc,phases      ] GC(1121)   Other: 0.06ms
[7555.774s][info][gc,heap        ] GC(1121) Eden regions: 716->0(715)
[7555.774s][info][gc,heap        ] GC(1121) Survivor regions: 52->53(96)
[7555.774s][info][gc,heap        ] GC(1121) Old regions: 198->201
[7555.774s][info][gc,heap        ] GC(1121) Humongous regions: 33->33
[7555.774s][info][gc,metaspace   ] GC(1121) Metaspace: 29929K(30144K)->29929K(30144K) NonClass: 29929K(30144K)->29929K(30144K) Class: 0K(0K)->0K(0K)
[7555.774s][info][gc             ] GC(1121) Pause Young (Normal) (G1 Evacuation Pause) 7967M->2265M(10240M) 166.531ms
[7555.774s][info][gc,cpu         ] GC(1121) User=1.31s Sys=0.00s Real=0.16s
...[7559.233s][info][gc,start       ] GC(1122) Pause Young (Normal) (G1 Evacuation Pause)
[7559.233s][info][gc,task        ] GC(1122) Using 8 workers of 8 for evacuation
[7559.405s][info][gc,phases      ] GC(1122)   Pre Evacuate Collection Set: 0.26ms
[7559.405s][info][gc,phases      ] GC(1122)   Merge Heap Roots: 0.58ms
[7559.405s][info][gc,phases      ] GC(1122)   Evacuate Collection Set: 170.19ms
[7559.405s][info][gc,phases      ] GC(1122)   Post Evacuate Collection Set: 1.34ms
[7559.405s][info][gc,phases      ] GC(1122)   Other: 0.07ms
[7559.405s][info][gc,heap        ] GC(1122) Eden regions: 715->0(714)
[7559.405s][info][gc,heap        ] GC(1122) Survivor regions: 53->54(96)
[7559.405s][info][gc,heap        ] GC(1122) Old regions: 201->203
[7559.405s][info][gc,heap        ] GC(1122) Humongous regions: 33->33
[7559.405s][info][gc,metaspace   ] GC(1122) Metaspace: 29929K(30144K)->29929K(30144K) NonClass: 29929K(30144K)->29929K(30144K) Class: 0K(0K)->0K(0K)
[7559.406s][info][gc             ] GC(1122) Pause Young (Normal) (G1 Evacuation Pause) 7985M->2298M(10240M) 172.590ms
[7559.406s][info][gc,cpu         ] GC(1122) User=1.36s Sys=0.00s Real=0.17s
....[7563.030s][info][gc,start       ] GC(1123) Pause Young (Normal) (G1 Evacuation Pause)
[7563.030s][info][gc,task        ] GC(1123) Using 8 workers of 8 for evacuation
[7563.196s][info][gc,phases      ] GC(1123)   Pre Evacuate Collection Set: 0.27ms
[7563.196s][info][gc,phases      ] GC(1123)   Merge Heap Roots: 0.57ms
[7563.196s][info][gc,phases      ] GC(1123)   Evacuate Collection Set: 163.53ms
[7563.196s][info][gc,phases      ] GC(1123)   Post Evacuate Collection Set: 1.30ms
[7563.196s][info][gc,phases      ] GC(1123)   Other: 0.07ms
[7563.196s][info][gc,heap        ] GC(1123) Eden regions: 714->0(717)
[7563.196s][info][gc,heap        ] GC(1123) Survivor regions: 54->51(96)
[7563.196s][info][gc,heap        ] GC(1123) Old regions: 203->206
[7563.196s][info][gc,heap        ] GC(1123) Humongous regions: 33->33
[7563.196s][info][gc,metaspace   ] GC(1123) Metaspace: 29929K(30144K)->29929K(30144K) NonClass: 29929K(30144K)->29929K(30144K) Class: 0K(0K)->0K(0K)
[7563.196s][info][gc             ] GC(1123) Pause Young (Normal) (G1 Evacuation Pause) 8010M->2296M(10240M) 165.879ms
[7563.196s][info][gc,cpu         ] GC(1123) User=1.30s Sys=0.00s Real=0.17s
....[7566.703s][info][gc,start       ] GC(1124) Pause Young (Normal) (G1 Evacuation Pause)
[7566.703s][info][gc,task        ] GC(1124) Using 8 workers of 8 for evacuation
[7566.875s][info][gc,phases      ] GC(1124)   Pre Evacuate Collection Set: 0.29ms
[7566.875s][info][gc,phases      ] GC(1124)   Merge Heap Roots: 0.56ms
[7566.875s][info][gc,phases      ] GC(1124)   Evacuate Collection Set: 169.53ms
[7566.875s][info][gc,phases      ] GC(1124)   Post Evacuate Collection Set: 1.28ms
[7566.875s][info][gc,phases      ] GC(1124)   Other: 0.07ms
[7566.875s][info][gc,heap        ] GC(1124) Eden regions: 717->0(714)
[7566.875s][info][gc,heap        ] GC(1124) Survivor regions: 51->54(96)
[7566.875s][info][gc,heap        ] GC(1124) Old regions: 206->209
[7566.875s][info][gc,heap        ] GC(1124) Humongous regions: 33->33
[7566.875s][info][gc,metaspace   ] GC(1124) Metaspace: 29929K(30144K)->29929K(30144K) NonClass: 29929K(30144K)->29929K(30144K) Class: 0K(0K)->0K(0K)
[7566.875s][info][gc             ] GC(1124) Pause Young (Normal) (G1 Evacuation Pause) 8032M->2341M(10240M) 171.876ms
[7566.875s][info][gc,cpu         ] GC(1124) User=1.35s Sys=0.00s Real=0.17s
...[7570.475s][info][gc,start       ] GC(1125) Pause Young (Normal) (G1 Evacuation Pause)
[7570.475s][info][gc,task        ] GC(1125) Using 8 workers of 8 for evacuation
[7570.657s][info][gc,phases      ] GC(1125)   Pre Evacuate Collection Set: 0.28ms
[7570.657s][info][gc,phases      ] GC(1125)   Merge Heap Roots: 0.58ms
[7570.657s][info][gc,phases      ] GC(1125)   Evacuate Collection Set: 179.38ms
[7570.657s][info][gc,phases      ] GC(1125)   Post Evacuate Collection Set: 1.33ms
[7570.657s][info][gc,phases      ] GC(1125)   Other: 0.06ms
[7570.657s][info][gc,heap        ] GC(1125) Eden regions: 714->0(711)
[7570.657s][info][gc,heap        ] GC(1125) Survivor regions: 54->57(96)
[7570.657s][info][gc,heap        ] GC(1125) Old regions: 209->211
[7570.657s][info][gc,heap        ] GC(1125) Humongous regions: 33->33
[7570.657s][info][gc,metaspace   ] GC(1125) Metaspace: 29929K(30144K)->29929K(30144K) NonClass: 29929K(30144K)->29929K(30144K) Class: 0K(0K)->0K(0K)
[7570.657s][info][gc             ] GC(1125) Pause Young (Normal) (G1 Evacuation Pause) 8053M->2383M(10240M) 181.774ms
[7570.657s][info][gc,cpu         ] GC(1125) User=1.43s Sys=0.01s Real=0.19s
....|[7574.140s][info][gc,start       ] GC(1126) Pause Young (Normal) (G1 Evacuation Pause)
[7574.140s][info][gc,task        ] GC(1126) Using 8 workers of 8 for evacuation
[7574.311s][info][gc,phases      ] GC(1126)   Pre Evacuate Collection Set: 0.27ms
[7574.311s][info][gc,phases      ] GC(1126)   Merge Heap Roots: 0.57ms
[7574.311s][info][gc,phases      ] GC(1126)   Evacuate Collection Set: 169.10ms
[7574.311s][info][gc,phases      ] GC(1126)   Post Evacuate Collection Set: 1.21ms
[7574.311s][info][gc,phases      ] GC(1126)   Other: 0.06ms
[7574.311s][info][gc,heap        ] GC(1126) Eden regions: 711->0(720)
[7574.311s][info][gc,heap        ] GC(1126) Survivor regions: 57->48(96)
[7574.311s][info][gc,heap        ] GC(1126) Old regions: 211->220
[7574.311s][info][gc,heap        ] GC(1126) Humongous regions: 33->33
[7574.311s][info][gc,metaspace   ] GC(1126) Metaspace: 29929K(30144K)->29929K(30144K) NonClass: 29929K(30144K)->29929K(30144K) Class: 0K(0K)->0K(0K)
[7574.311s][info][gc             ] GC(1126) Pause Young (Normal) (G1 Evacuation Pause) 8071M->2382M(10240M) 171.333ms
[7574.311s][info][gc,cpu         ] GC(1126) User=1.35s Sys=0.01s Real=0.17s
....[7577.930s][info][gc,start       ] GC(1127) Pause Young (Normal) (G1 Evacuation Pause)
[7577.930s][info][gc,task        ] GC(1127) Using 8 workers of 8 for evacuation
[7578.094s][info][gc,phases      ] GC(1127)   Pre Evacuate Collection Set: 0.26ms
[7578.094s][info][gc,phases      ] GC(1127)   Merge Heap Roots: 0.61ms
[7578.094s][info][gc,phases      ] GC(1127)   Evacuate Collection Set: 161.97ms
[7578.094s][info][gc,phases      ] GC(1127)   Post Evacuate Collection Set: 1.30ms
[7578.094s][info][gc,phases      ] GC(1127)   Other: 0.06ms
[7578.094s][info][gc,heap        ] GC(1127) Eden regions: 720->0(714)
[7578.094s][info][gc,heap        ] GC(1127) Survivor regions: 48->54(96)
[7578.094s][info][gc,heap        ] GC(1127) Old regions: 220->220
[7578.094s][info][gc,heap        ] GC(1127) Humongous regions: 33->33
[7578.094s][info][gc,metaspace   ] GC(1127) Metaspace: 29929K(30144K)->29929K(30144K) NonClass: 29929K(30144K)->29929K(30144K) Class: 0K(0K)->0K(0K)
[7578.094s][info][gc             ] GC(1127) Pause Young (Normal) (G1 Evacuation Pause) 8142M->2426M(10240M) 164.338ms
[7578.094s][info][gc,cpu         ] GC(1127) User=1.30s Sys=0.00s Real=0.16s
...[7581.592s][info][gc,start       ] GC(1128) Pause Young (Normal) (G1 Evacuation Pause)
[7581.592s][info][gc,task        ] GC(1128) Using 8 workers of 8 for evacuation
[7581.765s][info][gc,phases      ] GC(1128)   Pre Evacuate Collection Set: 0.28ms
[7581.765s][info][gc,phases      ] GC(1128)   Merge Heap Roots: 0.57ms
[7581.765s][info][gc,phases      ] GC(1128)   Evacuate Collection Set: 170.64ms
[7581.765s][info][gc,phases      ] GC(1128)   Post Evacuate Collection Set: 1.30ms
[7581.765s][info][gc,phases      ] GC(1128)   Other: 0.06ms
[7581.765s][info][gc,heap        ] GC(1128) Eden regions: 714->0(714)
[7581.765s][info][gc,heap        ] GC(1128) Survivor regions: 54->54(96)
[7581.765s][info][gc,heap        ] GC(1128) Old regions: 220->223
[7581.765s][info][gc,heap        ] GC(1128) Humongous regions: 33->33
[7581.765s][info][gc,metaspace   ] GC(1128) Metaspace: 29929K(30144K)->29929K(30144K) NonClass: 29929K(30144K)->29929K(30144K) Class: 0K(0K)->0K(0K)
[7581.765s][info][gc             ] GC(1128) Pause Young (Normal) (G1 Evacuation Pause) 8138M->2448M(10240M) 172.992ms
[7581.765s][info][gc,cpu         ] GC(1128) User=1.36s Sys=0.00s Real=0.17s
....[7585.383s][info][gc,start       ] GC(1129) Pause Young (Normal) (G1 Evacuation Pause)
[7585.384s][info][gc,task        ] GC(1129) Using 8 workers of 8 for evacuation
[7585.555s][info][gc,phases      ] GC(1129)   Pre Evacuate Collection Set: 0.28ms
[7585.555s][info][gc,phases      ] GC(1129)   Merge Heap Roots: 0.57ms
[7585.555s][info][gc,phases      ] GC(1129)   Evacuate Collection Set: 169.60ms
[7585.555s][info][gc,phases      ] GC(1129)   Post Evacuate Collection Set: 1.28ms
[7585.555s][info][gc,phases      ] GC(1129)   Other: 0.06ms
[7585.555s][info][gc,heap        ] GC(1129) Eden regions: 714->0(715)
[7585.555s][info][gc,heap        ] GC(1129) Survivor regions: 54->53(96)
[7585.555s][info][gc,heap        ] GC(1129) Old regions: 223->225
[7585.555s][info][gc,heap        ] GC(1129) Humongous regions: 33->33
[7585.555s][info][gc,metaspace   ] GC(1129) Metaspace: 29929K(30144K)->29929K(30144K) NonClass: 29929K(30144K)->29929K(30144K) Class: 0K(0K)->0K(0K)
[7585.555s][info][gc             ] GC(1129) Pause Young (Normal) (G1 Evacuation Pause) 8160M->2467M(10240M) 171.929ms
[7585.555s][info][gc,cpu         ] GC(1129) User=1.35s Sys=0.00s Real=0.17s
....[7589.056s][info][gc,start       ] GC(1130) Pause Young (Normal) (G1 Evacuation Pause)
[7589.056s][info][gc,task        ] GC(1130) Using 8 workers of 8 for evacuation
[7589.227s][info][gc,phases      ] GC(1130)   Pre Evacuate Collection Set: 0.26ms
[7589.227s][info][gc,phases      ] GC(1130)   Merge Heap Roots: 0.58ms
[7589.227s][info][gc,phases      ] GC(1130)   Evacuate Collection Set: 168.39ms
[7589.227s][info][gc,phases      ] GC(1130)   Post Evacuate Collection Set: 1.30ms
[7589.227s][info][gc,phases      ] GC(1130)   Other: 0.06ms
[7589.227s][info][gc,heap        ] GC(1130) Eden regions: 715->0(714)
[7589.227s][info][gc,heap        ] GC(1130) Survivor regions: 53->54(96)
[7589.227s][info][gc,heap        ] GC(1130) Old regions: 225->228
[7589.227s][info][gc,heap        ] GC(1130) Humongous regions: 33->33
[7589.227s][info][gc,metaspace   ] GC(1130) Metaspace: 29929K(30144K)->29929K(30144K) NonClass: 29929K(30144K)->29929K(30144K) Class: 0K(0K)->0K(0K)
[7589.227s][info][gc             ] GC(1130) Pause Young (Normal) (G1 Evacuation Pause) 8187M->2493M(10240M) 170.729ms
[7589.227s][info][gc,cpu         ] GC(1130) User=1.35s Sys=0.00s Real=0.17s
...[7592.731s][info][gc,start       ] GC(1131) Pause Young (Normal) (G1 Evacuation Pause)
[7592.731s][info][gc,task        ] GC(1131) Using 8 workers of 8 for evacuation
[7592.901s][info][gc,phases      ] GC(1131)   Pre Evacuate Collection Set: 0.24ms
[7592.901s][info][gc,phases      ] GC(1131)   Merge Heap Roots: 0.58ms
[7592.901s][info][gc,phases      ] GC(1131)   Evacuate Collection Set: 167.79ms
[7592.901s][info][gc,phases      ] GC(1131)   Post Evacuate Collection Set: 1.32ms
[7592.901s][info][gc,phases      ] GC(1131)   Other: 0.06ms
[7592.901s][info][gc,heap        ] GC(1131) Eden regions: 714->0(715)
[7592.901s][info][gc,heap        ] GC(1131) Survivor regions: 54->53(96)
[7592.901s][info][gc,heap        ] GC(1131) Old regions: 228->231
[7592.901s][info][gc,heap        ] GC(1131) Humongous regions: 33->33
[7592.901s][info][gc,metaspace   ] GC(1131) Metaspace: 29929K(30144K)->29929K(30144K) NonClass: 29929K(30144K)->29929K(30144K) Class: 0K(0K)->0K(0K)
[7592.901s][info][gc             ] GC(1131) Pause Young (Normal) (G1 Evacuation Pause) 8205M->2511M(10240M) 170.129ms
[7592.901s][info][gc,cpu         ] GC(1131) User=1.34s Sys=0.00s Real=0.17s
....[7596.496s][info][gc,start       ] GC(1132) Pause Young (Normal) (G1 Evacuation Pause)
[7596.496s][info][gc,task        ] GC(1132) Using 8 workers of 8 for evacuation
[7596.674s][info][gc,phases      ] GC(1132)   Pre Evacuate Collection Set: 0.27ms
[7596.674s][info][gc,phases      ] GC(1132)   Merge Heap Roots: 0.57ms
[7596.674s][info][gc,phases      ] GC(1132)   Evacuate Collection Set: 175.54ms
[7596.674s][info][gc,phases      ] GC(1132)   Post Evacuate Collection Set: 1.31ms
[7596.674s][info][gc,phases      ] GC(1132)   Other: 0.06ms
[7596.674s][info][gc,heap        ] GC(1132) Eden regions: 715->0(712)
[7596.674s][info][gc,heap        ] GC(1132) Survivor regions: 53->56(96)
[7596.674s][info][gc,heap        ] GC(1132) Old regions: 231->234
[7596.674s][info][gc,heap        ] GC(1132) Humongous regions: 33->33
[7596.674s][info][gc,metaspace   ] GC(1132) Metaspace: 29929K(30144K)->29929K(30144K) NonClass: 29929K(30144K)->29929K(30144K) Class: 0K(0K)->0K(0K)
[7596.674s][info][gc             ] GC(1132) Pause Young (Normal) (G1 Evacuation Pause) 8231M->2556M(10240M) 177.892ms
[7596.674s][info][gc,cpu         ] GC(1132) User=1.40s Sys=0.00s Real=0.17s
....[7600.222s][info][gc,start       ] GC(1133) Pause Young (Normal) (G1 Evacuation Pause)
[7600.222s][info][gc,task        ] GC(1133) Using 8 workers of 8 for evacuation
[7600.392s][info][gc,phases      ] GC(1133)   Pre Evacuate Collection Set: 0.27ms
[7600.392s][info][gc,phases      ] GC(1133)   Merge Heap Roots: 0.59ms
[7600.392s][info][gc,phases      ] GC(1133)   Evacuate Collection Set: 167.84ms
[7600.392s][info][gc,phases      ] GC(1133)   Post Evacuate Collection Set: 1.25ms
[7600.392s][info][gc,phases      ] GC(1133)   Other: 0.06ms
[7600.392s][info][gc,heap        ] GC(1133) Eden regions: 712->0(720)
[7600.392s][info][gc,heap        ] GC(1133) Survivor regions: 56->48(96)
[7600.392s][info][gc,heap        ] GC(1133) Old regions: 234->242
[7600.392s][info][gc,heap        ] GC(1133) Humongous regions: 33->33
[7600.392s][info][gc,metaspace   ] GC(1133) Metaspace: 29929K(30144K)->29929K(30144K) NonClass: 29929K(30144K)->29929K(30144K) Class: 0K(0K)->0K(0K)
[7600.392s][info][gc             ] GC(1133) Pause Young (Normal) (G1 Evacuation Pause) 8252M->2557M(10240M) 170.149ms
[7600.392s][info][gc,cpu         ] GC(1133) User=1.34s Sys=0.00s Real=0.17s
....[7603.977s][info][gc,start       ] GC(1134) Pause Young (Normal) (G1 Evacuation Pause)
[7603.977s][info][gc,task        ] GC(1134) Using 8 workers of 8 for evacuation
[7604.142s][info][gc,phases      ] GC(1134)   Pre Evacuate Collection Set: 0.27ms
[7604.142s][info][gc,phases      ] GC(1134)   Merge Heap Roots: 0.55ms
[7604.142s][info][gc,phases      ] GC(1134)   Evacuate Collection Set: 162.48ms
[7604.142s][info][gc,phases      ] GC(1134)   Post Evacuate Collection Set: 1.35ms
[7604.142s][info][gc,phases      ] GC(1134)   Other: 0.07ms
[7604.142s][info][gc,heap        ] GC(1134) Eden regions: 720->0(715)
[7604.142s][info][gc,heap        ] GC(1134) Survivor regions: 48->53(96)
[7604.142s][info][gc,heap        ] GC(1134) Old regions: 242->242
[7604.142s][info][gc,heap        ] GC(1134) Humongous regions: 33->33
[7604.142s][info][gc,metaspace   ] GC(1134) Metaspace: 29929K(30144K)->29929K(30144K) NonClass: 29929K(30144K)->29929K(30144K) Class: 0K(0K)->0K(0K)
[7604.142s][info][gc             ] GC(1134) Pause Young (Normal) (G1 Evacuation Pause) 8317M->2601M(10240M) 164.870ms
[7604.142s][info][gc,cpu         ] GC(1134) User=1.29s Sys=0.01s Real=0.16s
...[7607.695s][info][gc,start       ] GC(1135) Pause Young (Normal) (G1 Evacuation Pause)
[7607.695s][info][gc,task        ] GC(1135) Using 8 workers of 8 for evacuation
[7607.865s][info][gc,phases      ] GC(1135)   Pre Evacuate Collection Set: 0.28ms
[7607.865s][info][gc,phases      ] GC(1135)   Merge Heap Roots: 0.58ms
[7607.865s][info][gc,phases      ] GC(1135)   Evacuate Collection Set: 167.33ms
[7607.865s][info][gc,phases      ] GC(1135)   Post Evacuate Collection Set: 1.29ms
[7607.865s][info][gc,phases      ] GC(1135)   Other: 0.06ms
[7607.865s][info][gc,heap        ] GC(1135) Eden regions: 715->0(715)
[7607.865s][info][gc,heap        ] GC(1135) Survivor regions: 53->53(96)
[7607.865s][info][gc,heap        ] GC(1135) Old regions: 242->245
[7607.865s][info][gc,heap        ] GC(1135) Humongous regions: 33->33
[7607.865s][info][gc,metaspace   ] GC(1135) Metaspace: 29929K(30144K)->29929K(30144K) NonClass: 29929K(30144K)->29929K(30144K) Class: 0K(0K)->0K(0K)
[7607.865s][info][gc             ] GC(1135) Pause Young (Normal) (G1 Evacuation Pause) 8321M->2623M(10240M) 169.674ms
[7607.865s][info][gc,cpu         ] GC(1135) User=1.34s Sys=0.00s Real=0.17s
....[7611.431s][info][gc,start       ] GC(1136) Pause Young (Normal) (G1 Evacuation Pause)
[7611.431s][info][gc,task        ] GC(1136) Using 8 workers of 8 for evacuation
[7611.601s][info][gc,phases      ] GC(1136)   Pre Evacuate Collection Set: 0.27ms
[7611.601s][info][gc,phases      ] GC(1136)   Merge Heap Roots: 0.57ms
[7611.601s][info][gc,phases      ] GC(1136)   Evacuate Collection Set: 167.55ms
[7611.601s][info][gc,phases      ] GC(1136)   Post Evacuate Collection Set: 1.30ms
[7611.601s][info][gc,phases      ] GC(1136)   Other: 0.06ms
[7611.601s][info][gc,heap        ] GC(1136) Eden regions: 715->0(715)
[7611.601s][info][gc,heap        ] GC(1136) Survivor regions: 53->53(96)
[7611.601s][info][gc,heap        ] GC(1136) Old regions: 245->248
[7611.601s][info][gc,heap        ] GC(1136) Humongous regions: 33->33
[7611.601s][info][gc,metaspace   ] GC(1136) Metaspace: 29929K(30144K)->29929K(30144K) NonClass: 29929K(30144K)->29929K(30144K) Class: 0K(0K)->0K(0K)
[7611.601s][info][gc             ] GC(1136) Pause Young (Normal) (G1 Evacuation Pause) 8343M->2644M(10240M) 169.889ms
[7611.601s][info][gc,cpu         ] GC(1136) User=1.34s Sys=0.00s Real=0.17s
....[7615.131s][info][gc,start       ] GC(1137) Pause Young (Normal) (G1 Evacuation Pause)
[7615.131s][info][gc,task        ] GC(1137) Using 8 workers of 8 for evacuation
[7615.304s][info][gc,phases      ] GC(1137)   Pre Evacuate Collection Set: 0.28ms
[7615.304s][info][gc,phases      ] GC(1137)   Merge Heap Roots: 0.57ms
[7615.304s][info][gc,phases      ] GC(1137)   Evacuate Collection Set: 170.87ms
[7615.304s][info][gc,phases      ] GC(1137)   Post Evacuate Collection Set: 1.29ms
[7615.304s][info][gc,phases      ] GC(1137)   Other: 0.07ms
[7615.304s][info][gc,heap        ] GC(1137) Eden regions: 715->0(714)
[7615.304s][info][gc,heap        ] GC(1137) Survivor regions: 53->54(96)
[7615.304s][info][gc,heap        ] GC(1137) Old regions: 248->250
[7615.304s][info][gc,heap        ] GC(1137) Humongous regions: 33->33
[7615.304s][info][gc,metaspace   ] GC(1137) Metaspace: 29929K(30144K)->29929K(30144K) NonClass: 29929K(30144K)->29929K(30144K) Class: 0K(0K)->0K(0K)
[7615.304s][info][gc             ] GC(1137) Pause Young (Normal) (G1 Evacuation Pause) 8364M->2674M(10240M) 173.201ms
[7615.304s][info][gc,cpu         ] GC(1137) User=1.36s Sys=0.00s Real=0.17s
...[7618.856s][info][gc,start       ] GC(1138) Pause Young (Normal) (G1 Evacuation Pause)
[7618.857s][info][gc,task        ] GC(1138) Using 8 workers of 8 for evacuation
[7619.036s][info][gc,phases      ] GC(1138)   Pre Evacuate Collection Set: 0.25ms
[7619.036s][info][gc,phases      ] GC(1138)   Merge Heap Roots: 0.59ms
[7619.036s][info][gc,phases      ] GC(1138)   Evacuate Collection Set: 177.52ms
[7619.036s][info][gc,phases      ] GC(1138)   Post Evacuate Collection Set: 1.28ms
[7619.036s][info][gc,phases      ] GC(1138)   Other: 0.07ms
[7619.036s][info][gc,heap        ] GC(1138) Eden regions: 714->0(712)
[7619.036s][info][gc,heap        ] GC(1138) Survivor regions: 54->56(96)
[7619.036s][info][gc,heap        ] GC(1138) Old regions: 250->253
[7619.036s][info][gc,heap        ] GC(1138) Humongous regions: 33->33
[7619.036s][info][gc,metaspace   ] GC(1138) Metaspace: 29929K(30144K)->29929K(30144K) NonClass: 29929K(30144K)->29929K(30144K) Class: 0K(0K)->0K(0K)
[7619.036s][info][gc             ] GC(1138) Pause Young (Normal) (G1 Evacuation Pause) 8386M->2707M(10240M) 179.853ms
[7619.036s][info][gc,cpu         ] GC(1138) User=1.41s Sys=0.00s Real=0.18s
....[7622.564s][info][gc,start       ] GC(1139) Pause Young (Normal) (G1 Evacuation Pause)
[7622.564s][info][gc,task        ] GC(1139) Using 8 workers of 8 for evacuation
[7622.734s][info][gc,phases      ] GC(1139)   Pre Evacuate Collection Set: 0.26ms
[7622.734s][info][gc,phases      ] GC(1139)   Merge Heap Roots: 0.58ms
[7622.734s][info][gc,phases      ] GC(1139)   Evacuate Collection Set: 168.38ms
[7622.734s][info][gc,phases      ] GC(1139)   Post Evacuate Collection Set: 1.28ms
[7622.734s][info][gc,phases      ] GC(1139)   Other: 0.06ms
[7622.734s][info][gc,heap        ] GC(1139) Eden regions: 712->0(715)
[7622.734s][info][gc,heap        ] GC(1139) Survivor regions: 56->53(96)
[7622.734s][info][gc,heap        ] GC(1139) Old regions: 253->256
[7622.734s][info][gc,heap        ] GC(1139) Humongous regions: 33->33
[7622.734s][info][gc,metaspace   ] GC(1139) Metaspace: 29929K(30144K)->29929K(30144K) NonClass: 29929K(30144K)->29929K(30144K) Class: 0K(0K)->0K(0K)
[7622.734s][info][gc             ] GC(1139) Pause Young (Normal) (G1 Evacuation Pause) 8403M->2709M(10240M) 170.696ms
[7622.734s][info][gc,cpu         ] GC(1139) User=1.34s Sys=0.00s Real=0.17s
....[7626.267s][info][gc,start       ] GC(1140) Pause Young (Normal) (G1 Evacuation Pause)
[7626.267s][info][gc,task        ] GC(1140) Using 8 workers of 8 for evacuation
[7626.438s][info][gc,phases      ] GC(1140)   Pre Evacuate Collection Set: 0.26ms
[7626.438s][info][gc,phases      ] GC(1140)   Merge Heap Roots: 0.57ms
[7626.438s][info][gc,phases      ] GC(1140)   Evacuate Collection Set: 169.11ms
[7626.438s][info][gc,phases      ] GC(1140)   Post Evacuate Collection Set: 1.31ms
[7626.438s][info][gc,phases      ] GC(1140)   Other: 0.06ms
[7626.438s][info][gc,heap        ] GC(1140) Eden regions: 715->0(715)
[7626.438s][info][gc,heap        ] GC(1140) Survivor regions: 53->53(96)
[7626.438s][info][gc,heap        ] GC(1140) Old regions: 256->258
[7626.438s][info][gc,heap        ] GC(1140) Humongous regions: 33->33
[7626.438s][info][gc,metaspace   ] GC(1140) Metaspace: 29929K(30144K)->29929K(30144K) NonClass: 29929K(30144K)->29929K(30144K) Class: 0K(0K)->0K(0K)
[7626.438s][info][gc             ] GC(1140) Pause Young (Normal) (G1 Evacuation Pause) 8429M->2730M(10240M) 171.470ms
[7626.438s][info][gc,cpu         ] GC(1140) User=1.35s Sys=0.00s Real=0.17s
...[7630.031s][info][gc,start       ] GC(1141) Pause Young (Normal) (G1 Evacuation Pause)
[7630.031s][info][gc,task        ] GC(1141) Using 8 workers of 8 for evacuation
[7630.203s][info][gc,phases      ] GC(1141)   Pre Evacuate Collection Set: 0.26ms
[7630.203s][info][gc,phases      ] GC(1141)   Merge Heap Roots: 0.58ms
[7630.203s][info][gc,phases      ] GC(1141)   Evacuate Collection Set: 169.64ms
[7630.203s][info][gc,phases      ] GC(1141)   Post Evacuate Collection Set: 1.32ms
[7630.203s][info][gc,phases      ] GC(1141)   Other: 0.06ms
[7630.203s][info][gc,heap        ] GC(1141) Eden regions: 715->0(714)
[7630.203s][info][gc,heap        ] GC(1141) Survivor regions: 53->54(96)
[7630.203s][info][gc,heap        ] GC(1141) Old regions: 258->261
[7630.203s][info][gc,heap        ] GC(1141) Humongous regions: 33->33
[7630.203s][info][gc,metaspace   ] GC(1141) Metaspace: 29929K(30144K)->29929K(30144K) NonClass: 29929K(30144K)->29929K(30144K) Class: 0K(0K)->0K(0K)
[7630.203s][info][gc             ] GC(1141) Pause Young (Normal) (G1 Evacuation Pause) 8450M->2757M(10240M) 172.004ms
[7630.203s][info][gc,cpu         ] GC(1141) User=1.35s Sys=0.00s Real=0.17s
....[7633.661s][info][gc,start       ] GC(1142) Pause Young (Normal) (G1 Evacuation Pause)
[7633.661s][info][gc,task        ] GC(1142) Using 8 workers of 8 for evacuation
[7633.835s][info][gc,phases      ] GC(1142)   Pre Evacuate Collection Set: 0.25ms
[7633.835s][info][gc,phases      ] GC(1142)   Merge Heap Roots: 0.58ms
[7633.835s][info][gc,phases      ] GC(1142)   Evacuate Collection Set: 171.38ms
[7633.835s][info][gc,phases      ] GC(1142)   Post Evacuate Collection Set: 1.28ms
[7633.835s][info][gc,phases      ] GC(1142)   Other: 0.06ms
[7633.835s][info][gc,heap        ] GC(1142) Eden regions: 714->0(714)
[7633.835s][info][gc,heap        ] GC(1142) Survivor regions: 54->54(96)
[7633.835s][info][gc,heap        ] GC(1142) Old regions: 261->264
[7633.835s][info][gc,heap        ] GC(1142) Humongous regions: 33->33
[7633.835s][info][gc,metaspace   ] GC(1142) Metaspace: 29929K(30144K)->29929K(30144K) NonClass: 29929K(30144K)->29929K(30144K) Class: 0K(0K)->0K(0K)
[7633.835s][info][gc             ] GC(1142) Pause Young (Normal) (G1 Evacuation Pause) 8469M->2784M(10240M) 173.719ms
[7633.835s][info][gc,cpu         ] GC(1142) User=1.36s Sys=0.00s Real=0.17s
....[7637.481s][info][gc,start       ] GC(1143) Pause Young (Normal) (G1 Evacuation Pause)
[7637.481s][info][gc,task        ] GC(1143) Using 8 workers of 8 for evacuation
[7637.654s][info][gc,phases      ] GC(1143)   Pre Evacuate Collection Set: 0.28ms
[7637.654s][info][gc,phases      ] GC(1143)   Merge Heap Roots: 0.57ms
[7637.654s][info][gc,phases      ] GC(1143)   Evacuate Collection Set: 170.27ms
[7637.654s][info][gc,phases      ] GC(1143)   Post Evacuate Collection Set: 1.36ms
[7637.654s][info][gc,phases      ] GC(1143)   Other: 0.06ms
[7637.654s][info][gc,heap        ] GC(1143) Eden regions: 714->0(714)
[7637.654s][info][gc,heap        ] GC(1143) Survivor regions: 54->54(96)
[7637.654s][info][gc,heap        ] GC(1143) Old regions: 264->267
[7637.654s][info][gc,heap        ] GC(1143) Humongous regions: 33->33
[7637.654s][info][gc,metaspace   ] GC(1143) Metaspace: 29929K(30144K)->29929K(30144K) NonClass: 29929K(30144K)->29929K(30144K) Class: 0K(0K)->0K(0K)
[7637.654s][info][gc             ] GC(1143) Pause Young (Normal) (G1 Evacuation Pause) 8496M->2802M(10240M) 172.675ms
[7637.654s][info][gc,cpu         ] GC(1143) User=1.36s Sys=0.00s Real=0.17s
...[7641.131s][info][gc,start       ] GC(1144) Pause Young (Normal) (G1 Evacuation Pause)
[7641.131s][info][gc,task        ] GC(1144) Using 8 workers of 8 for evacuation
[7641.305s][info][gc,phases      ] GC(1144)   Pre Evacuate Collection Set: 0.26ms
[7641.305s][info][gc,phases      ] GC(1144)   Merge Heap Roots: 0.57ms
[7641.305s][info][gc,phases      ] GC(1144)   Evacuate Collection Set: 171.83ms
[7641.305s][info][gc,phases      ] GC(1144)   Post Evacuate Collection Set: 1.28ms
[7641.305s][info][gc,phases      ] GC(1144)   Other: 0.07ms
[7641.305s][info][gc,heap        ] GC(1144) Eden regions: 714->0(714)
[7641.305s][info][gc,heap        ] GC(1144) Survivor regions: 54->54(96)
[7641.305s][info][gc,heap        ] GC(1144) Old regions: 267->269
[7641.305s][info][gc,heap        ] GC(1144) Humongous regions: 33->33
[7641.305s][info][gc,metaspace   ] GC(1144) Metaspace: 29929K(30144K)->29929K(30144K) NonClass: 29929K(30144K)->29929K(30144K) Class: 0K(0K)->0K(0K)
[7641.305s][info][gc             ] GC(1144) Pause Young (Normal) (G1 Evacuation Pause) 8514M->2827M(10240M) 174.152ms
[7641.305s][info][gc,cpu         ] GC(1144) User=1.37s Sys=0.00s Real=0.17s
.. (rIR:aIR:PR = 13007:13016:12881) (tPR = 190541) [OK] 
  7642s: Performance info:
         Transaction,    Success,    Partial,     Failed,   Receipts, AvgBarcode, 
             Overall,     884348,          0,          0,     839917,      59.47, 
         Response times:
             Request,    Success,    Partial,     Failed,   SkipFail,     Probes,    Samples,      min,      p50,      p90,      p95,      p99,      max, 
       TotalPurchase,     848698,          0,          0,          0,     312190,     522934,      400,   199000,   407000,   469000,   620000, 15000000,
     InStorePurchase,     446760,          0,          0,          0,     160999,     274786,      400,   199000,   406000,   472000,   620000, 15000000,
      OnlinePurchase,     311310,          0,          0,          0,     115503,     193060,      700,   198000,   406000,   460000,   610000, 15000000,
        InstPurchase,      90628,          0,          0,          0,      35688,      55088,      800,   200000,   420000,   489000,   701100, 15000000,
          AssocOfCat,        893,          0,          0,          0,        655,       1143,    57000,   240000,   453600,   528400,   665600,  3500000,
      AssocOfProduct,       8889,          0,          0,          0,       3595,       5940,     3300,   196000,   404000,   461000,   577000,  4000000,
      BusinessReport,       2224,          0,          0,          0,       1657,       2766,    69000,   266000,   482000,   539650,   653300,   820000,
          CustBuyBeh,       8911,          0,          0,          0,       3702,       6023,     2300,   196000,   412000,   477000,   591760,  6000000,
       ProductReturn,      23961,          0,          0,          0,       9020,      14083,     1600,   200000,   405000,   464000,   620000,  3900000,

  7642s: (95%)   IR =  13145 ..[7644.770s][info][gc,start       ] GC(1145) Pause Young (Normal) (G1 Evacuation Pause)
[7644.770s][info][gc,task        ] GC(1145) Using 8 workers of 8 for evacuation
[7644.938s][info][gc,phases      ] GC(1145)   Pre Evacuate Collection Set: 0.27ms
[7644.938s][info][gc,phases      ] GC(1145)   Merge Heap Roots: 0.58ms
[7644.938s][info][gc,phases      ] GC(1145)   Evacuate Collection Set: 166.15ms
[7644.938s][info][gc,phases      ] GC(1145)   Post Evacuate Collection Set: 1.34ms
[7644.938s][info][gc,phases      ] GC(1145)   Other: 0.06ms
[7644.938s][info][gc,heap        ] GC(1145) Eden regions: 714->0(716)
[7644.938s][info][gc,heap        ] GC(1145) Survivor regions: 54->52(96)
[7644.938s][info][gc,heap        ] GC(1145) Old regions: 269->272
[7644.938s][info][gc,heap        ] GC(1145) Humongous regions: 33->33
[7644.938s][info][gc,metaspace   ] GC(1145) Metaspace: 29929K(30144K)->29929K(30144K) NonClass: 29929K(30144K)->29929K(30144K) Class: 0K(0K)->0K(0K)
[7644.938s][info][gc             ] GC(1145) Pause Young (Normal) (G1 Evacuation Pause) 8539M->2834M(10240M) 168.533ms
[7644.938s][info][gc,cpu         ] GC(1145) User=1.32s Sys=0.00s Real=0.17s
....[7648.596s][info][gc,start       ] GC(1146) Pause Young (Concurrent Start) (G1 Evacuation Pause)
[7648.596s][info][gc,task        ] GC(1146) Using 8 workers of 8 for evacuation
[7648.776s][info][gc,phases      ] GC(1146)   Pre Evacuate Collection Set: 0.31ms
[7648.777s][info][gc,phases      ] GC(1146)   Merge Heap Roots: 0.57ms
[7648.777s][info][gc,phases      ] GC(1146)   Evacuate Collection Set: 178.58ms
[7648.777s][info][gc,phases      ] GC(1146)   Post Evacuate Collection Set: 1.28ms
[7648.777s][info][gc,phases      ] GC(1146)   Other: 0.08ms
[7648.777s][info][gc,heap        ] GC(1146) Eden regions: 716->0(691)
[7648.777s][info][gc,heap        ] GC(1146) Survivor regions: 52->57(96)
[7648.777s][info][gc,heap        ] GC(1146) Old regions: 272->275
[7648.777s][info][gc,heap        ] GC(1146) Humongous regions: 33->33
[7648.777s][info][gc,metaspace   ] GC(1146) Metaspace: 29929K(30144K)->29929K(30144K) NonClass: 29929K(30144K)->29929K(30144K) Class: 0K(0K)->0K(0K)
[7648.777s][info][gc             ] GC(1146) Pause Young (Concurrent Start) (G1 Evacuation Pause) 8562M->2895M(10240M) 180.949ms
[7648.777s][info][gc             ] GC(1147) Concurrent Mark Cycle
[7648.777s][info][gc,marking     ] GC(1147) Concurrent Scan Root Regions
[7648.777s][info][gc,cpu         ] GC(1146) User=1.42s Sys=0.00s Real=0.19s
[7649.050s][info][gc,marking     ] GC(1147) Concurrent Scan Root Regions 272.896ms
[7649.050s][info][gc,marking     ] GC(1147) Concurrent Mark
[7649.050s][info][gc,marking     ] GC(1147) Concurrent Mark From Roots
[7649.050s][info][gc,task        ] GC(1147) Using 2 workers of 2 for marking
.[7650.160s][info][gc,marking     ] GC(1147) Concurrent Mark From Roots 1110.371ms
[7650.160s][info][gc,marking     ] GC(1147) Concurrent Preclean
[7650.160s][info][gc,marking     ] GC(1147) Concurrent Preclean 0.245ms
[7650.160s][info][gc,start       ] GC(1147) Pause Remark
[7650.163s][info][metaspace      ] ChkMgr @0x00007f1ad8541080 (non-class-space): : reclaiming memory...
[7650.163s][info][metaspace      ] ChkMgr @0x00007f1ad8541080 (non-class-space): nothing reclaimed.
[7650.163s][info][metaspace      ] ChkMgr @0x00007f1ad8540ec0 (class-space): : reclaiming memory...
[7650.163s][info][metaspace      ] ChkMgr @0x00007f1ad8540ec0 (class-space): nothing reclaimed.
[7650.163s][info][gc             ] GC(1147) Pause Remark 4583M->4335M(10240M) 2.657ms
[7650.163s][info][gc,cpu         ] GC(1147) User=0.01s Sys=0.00s Real=0.00s
[7650.166s][info][gc,marking     ] GC(1147) Concurrent Mark 1116.098ms
[7650.166s][info][gc,marking     ] GC(1147) Concurrent Rebuild Remembered Sets and Scrub Regions
.[7650.821s][info][gc,marking     ] GC(1147) Concurrent Rebuild Remembered Sets and Scrub Regions 655.536ms
[7650.821s][info][gc,start       ] GC(1147) Pause Cleanup
[7650.822s][info][gc             ] GC(1147) Pause Cleanup 5205M->5205M(10240M) 0.315ms
[7650.822s][info][gc,cpu         ] GC(1147) User=0.01s Sys=0.00s Real=0.00s
[7650.822s][info][gc,marking     ] GC(1147) Concurrent Clear Claimed Marks
[7650.822s][info][gc,marking     ] GC(1147) Concurrent Clear Claimed Marks 0.042ms
[7650.822s][info][gc,marking     ] GC(1147) Concurrent Cleanup for Next Mark
[7650.836s][info][gc,marking     ] GC(1147) Concurrent Cleanup for Next Mark 13.864ms
[7650.836s][info][gc             ] GC(1147) Concurrent Mark Cycle 2059.231ms
..[7652.713s][info][gc,start       ] GC(1148) Pause Young (Prepare Mixed) (G1 Evacuation Pause)
[7652.713s][info][gc,task        ] GC(1148) Using 8 workers of 8 for evacuation
[7652.889s][info][gc,phases      ] GC(1148)   Pre Evacuate Collection Set: 0.27ms
[7652.889s][info][gc,phases      ] GC(1148)   Merge Heap Roots: 0.87ms
[7652.889s][info][gc,phases      ] GC(1148)   Evacuate Collection Set: 173.72ms
[7652.889s][info][gc,phases      ] GC(1148)   Post Evacuate Collection Set: 1.36ms
[7652.889s][info][gc,phases      ] GC(1148)   Other: 0.07ms
[7652.889s][info][gc,heap        ] GC(1148) Eden regions: 688->0(719)
[7652.889s][info][gc,heap        ] GC(1148) Survivor regions: 57->49(94)
[7652.889s][info][gc,heap        ] GC(1148) Old regions: 244->253
[7652.889s][info][gc,heap        ] GC(1148) Humongous regions: 33->33
[7652.889s][info][gc,metaspace   ] GC(1148) Metaspace: 29920K(30144K)->29920K(30144K) NonClass: 29920K(30144K)->29920K(30144K) Class: 0K(0K)->0K(0K)
[7652.889s][info][gc             ] GC(1148) Pause Young (Prepare Mixed) (G1 Evacuation Pause) 8151M->2655M(10240M) 176.427ms
[7652.889s][info][gc,cpu         ] GC(1148) User=1.39s Sys=0.00s Real=0.18s
....[7656.542s][info][gc,start       ] GC(1149) Pause Young (Mixed) (G1 Evacuation Pause)
[7656.542s][info][gc,task        ] GC(1149) Using 8 workers of 8 for evacuation
[7656.719s][info][gc,phases      ] GC(1149)   Pre Evacuate Collection Set: 0.28ms
[7656.719s][info][gc,phases      ] GC(1149)   Merge Heap Roots: 0.91ms
[7656.719s][info][gc,phases      ] GC(1149)   Evacuate Collection Set: 174.18ms
[7656.719s][info][gc,phases      ] GC(1149)   Post Evacuate Collection Set: 1.50ms
[7656.719s][info][gc,phases      ] GC(1149)   Other: 0.07ms
[7656.719s][info][gc,heap        ] GC(1149) Eden regions: 719->0(714)
[7656.719s][info][gc,heap        ] GC(1149) Survivor regions: 49->54(96)
[7656.719s][info][gc,heap        ] GC(1149) Old regions: 253->136
[7656.719s][info][gc,heap        ] GC(1149) Humongous regions: 33->33
[7656.719s][info][gc,metaspace   ] GC(1149) Metaspace: 29920K(30144K)->29920K(30144K) NonClass: 29920K(30144K)->29920K(30144K) Class: 0K(0K)->0K(0K)
[7656.719s][info][gc             ] GC(1149) Pause Young (Mixed) (G1 Evacuation Pause) 8407M->1763M(10240M) 177.085ms
[7656.719s][info][gc,cpu         ] GC(1149) User=1.40s Sys=0.00s Real=0.18s
...[7660.284s][info][gc,start       ] GC(1150) Pause Young (Normal) (G1 Evacuation Pause)
[7660.284s][info][gc,task        ] GC(1150) Using 8 workers of 8 for evacuation
[7660.459s][info][gc,phases      ] GC(1150)   Pre Evacuate Collection Set: 0.27ms
[7660.459s][info][gc,phases      ] GC(1150)   Merge Heap Roots: 0.56ms
[7660.459s][info][gc,phases      ] GC(1150)   Evacuate Collection Set: 172.75ms
[7660.459s][info][gc,phases      ] GC(1150)   Post Evacuate Collection Set: 1.29ms
[7660.459s][info][gc,phases      ] GC(1150)   Other: 0.07ms
[7660.459s][info][gc,heap        ] GC(1150) Eden regions: 714->0(715)
[7660.459s][info][gc,heap        ] GC(1150) Survivor regions: 54->53(96)
[7660.459s][info][gc,heap        ] GC(1150) Old regions: 136->139
[7660.459s][info][gc,heap        ] GC(1150) Humongous regions: 33->33
[7660.459s][info][gc,metaspace   ] GC(1150) Metaspace: 29920K(30144K)->29920K(30144K) NonClass: 29920K(30144K)->29920K(30144K) Class: 0K(0K)->0K(0K)
[7660.459s][info][gc             ] GC(1150) Pause Young (Normal) (G1 Evacuation Pause) 7475M->1776M(10240M) 175.081ms
[7660.459s][info][gc,cpu         ] GC(1150) User=1.38s Sys=0.00s Real=0.18s
....[7663.809s][info][gc,start       ] GC(1151) Pause Young (Normal) (G1 Evacuation Pause)
[7663.809s][info][gc,task        ] GC(1151) Using 8 workers of 8 for evacuation
[7663.986s][info][gc,phases      ] GC(1151)   Pre Evacuate Collection Set: 0.25ms
[7663.986s][info][gc,phases      ] GC(1151)   Merge Heap Roots: 0.55ms
[7663.986s][info][gc,phases      ] GC(1151)   Evacuate Collection Set: 174.77ms
[7663.986s][info][gc,phases      ] GC(1151)   Post Evacuate Collection Set: 1.26ms
[7663.986s][info][gc,phases      ] GC(1151)   Other: 0.07ms
[7663.986s][info][gc,heap        ] GC(1151) Eden regions: 715->0(708)
[7663.986s][info][gc,heap        ] GC(1151) Survivor regions: 53->55(96)
[7663.986s][info][gc,heap        ] GC(1151) Old regions: 139->142
[7663.986s][info][gc,heap        ] GC(1151) Humongous regions: 33->33
[7663.986s][info][gc,metaspace   ] GC(1151) Metaspace: 29920K(30144K)->29920K(30144K) NonClass: 29920K(30144K)->29920K(30144K) Class: 0K(0K)->0K(0K)
[7663.986s][info][gc             ] GC(1151) Pause Young (Normal) (G1 Evacuation Pause) 7496M->1808M(10240M) 177.053ms
[7663.986s][info][gc,cpu         ] GC(1151) User=1.39s Sys=0.00s Real=0.18s
....[7667.610s][info][gc,start       ] GC(1152) Pause Young (Normal) (G1 Evacuation Pause)
[7667.610s][info][gc,task        ] GC(1152) Using 8 workers of 8 for evacuation
[7667.784s][info][gc,phases      ] GC(1152)   Pre Evacuate Collection Set: 0.25ms
[7667.785s][info][gc,phases      ] GC(1152)   Merge Heap Roots: 0.59ms
[7667.785s][info][gc,phases      ] GC(1152)   Evacuate Collection Set: 172.51ms
[7667.785s][info][gc,phases      ] GC(1152)   Post Evacuate Collection Set: 1.29ms
[7667.785s][info][gc,phases      ] GC(1152)   Other: 0.07ms
[7667.785s][info][gc,heap        ] GC(1152) Eden regions: 711->0(714)
[7667.785s][info][gc,heap        ] GC(1152) Survivor regions: 55->54(96)
[7667.785s][info][gc,heap        ] GC(1152) Old regions: 142->144
[7667.785s][info][gc,heap        ] GC(1152) Humongous regions: 33->33
[7667.785s][info][gc,metaspace   ] GC(1152) Metaspace: 29920K(30144K)->29920K(30144K) NonClass: 29920K(30144K)->29920K(30144K) Class: 0K(0K)->0K(0K)
[7667.785s][info][gc             ] GC(1152) Pause Young (Normal) (G1 Evacuation Pause) 7496M->1823M(10240M) 174.853ms
[7667.785s][info][gc,cpu         ] GC(1152) User=1.38s Sys=0.00s Real=0.17s
...[7671.352s][info][gc,start       ] GC(1153) Pause Young (Normal) (G1 Evacuation Pause)
[7671.352s][info][gc,task        ] GC(1153) Using 8 workers of 8 for evacuation
[7671.529s][info][gc,phases      ] GC(1153)   Pre Evacuate Collection Set: 0.25ms
[7671.529s][info][gc,phases      ] GC(1153)   Merge Heap Roots: 0.56ms
[7671.529s][info][gc,phases      ] GC(1153)   Evacuate Collection Set: 175.28ms
[7671.529s][info][gc,phases      ] GC(1153)   Post Evacuate Collection Set: 1.26ms
[7671.529s][info][gc,phases      ] GC(1153)   Other: 0.06ms
[7671.529s][info][gc,heap        ] GC(1153) Eden regions: 714->0(714)
[7671.529s][info][gc,heap        ] GC(1153) Survivor regions: 54->54(96)
[7671.529s][info][gc,heap        ] GC(1153) Old regions: 144->147
[7671.529s][info][gc,heap        ] GC(1153) Humongous regions: 33->33
[7671.529s][info][gc,metaspace   ] GC(1153) Metaspace: 29920K(30144K)->29920K(30144K) NonClass: 29920K(30144K)->29920K(30144K) Class: 0K(0K)->0K(0K)
[7671.529s][info][gc             ] GC(1153) Pause Young (Normal) (G1 Evacuation Pause) 7535M->1845M(10240M) 177.560ms
[7671.529s][info][gc,cpu         ] GC(1153) User=1.40s Sys=0.00s Real=0.18s
.. (rIR:aIR:PR = 13145:13309:12810) (tPR = 189529) [IR is over limit] [PR is under limit] 
  7672s: Performance info:
         Transaction,    Success,    Partial,     Failed,   Receipts, AvgBarcode, 
             Overall,     256941,          0,          0,     244166,      59.47, 
         Response times:
             Request,    Success,    Partial,     Failed,   SkipFail,     Probes,    Samples,      min,      p50,      p90,      p95,      p99,      max, 
       TotalPurchase,     253807,          0,          0,          0,      63767,     178763,      800,   374000,   880000,   990000,  1700000, 13000000,
     InStorePurchase,     135602,          0,          0,          0,      33004,      94209,     1500,   374000,   880000,  1100000,  1700000, 13000000,
      OnlinePurchase,      92114,          0,          0,          0,      23170,      65703,      800,   376000,   860000,   950000,  1700000, 13000000,
        InstPurchase,      26091,          0,          0,          0,       7593,      18851,     2400,   380000,   880000,  1100000,  1200000, 13000000,
          AssocOfCat,        268,          0,          0,          0,        171,        411,    64000,   454000,   940000,  1300000,  1788000,  3600000,
      AssocOfProduct,       2617,          0,          0,          0,        862,       1991,     6500,   393000,   890000,   930000,  1900000,  2600000,
      BusinessReport,        661,          0,          0,          0,        431,        980,    70000,   424000,   900000,  1300000,  1900000,  2400000,
          CustBuyBeh,       2641,          0,          0,          0,        850,       2008,     7800,   366000,   900000,   930000,   940000, 13000000,
       ProductReturn,       6959,          0,          0,          0,       2272,       4874,     5300,   398000,   960000,  1400000,  2200000,  3000000,

  7672s: 
  7672s: Failed, 7 overall retries left, retrying 1 of 1
  7672s: (95%)   IR =  13145 ..[7674.941s][info][gc,start       ] GC(1154) Pause Young (Normal) (G1 Evacuation Pause)
[7674.941s][info][gc,task        ] GC(1154) Using 8 workers of 8 for evacuation
[7675.116s][info][gc,phases      ] GC(1154)   Pre Evacuate Collection Set: 0.27ms
[7675.116s][info][gc,phases      ] GC(1154)   Merge Heap Roots: 0.56ms
[7675.116s][info][gc,phases      ] GC(1154)   Evacuate Collection Set: 172.33ms
[7675.116s][info][gc,phases      ] GC(1154)   Post Evacuate Collection Set: 1.27ms
[7675.116s][info][gc,phases      ] GC(1154)   Other: 0.06ms
[7675.116s][info][gc,heap        ] GC(1154) Eden regions: 714->0(714)
[7675.116s][info][gc,heap        ] GC(1154) Survivor regions: 54->54(96)
[7675.116s][info][gc,heap        ] GC(1154) Old regions: 147->150
[7675.116s][info][gc,heap        ] GC(1154) Humongous regions: 33->33
[7675.116s][info][gc,metaspace   ] GC(1154) Metaspace: 29920K(30144K)->29920K(30144K) NonClass: 29920K(30144K)->29920K(30144K) Class: 0K(0K)->0K(0K)
[7675.116s][info][gc             ] GC(1154) Pause Young (Normal) (G1 Evacuation Pause) 7557M->1867M(10240M) 174.618ms
[7675.116s][info][gc,cpu         ] GC(1154) User=1.37s Sys=0.00s Real=0.18s
....[7678.880s][info][gc,start       ] GC(1155) Pause Young (Normal) (G1 Evacuation Pause)
[7678.880s][info][gc,task        ] GC(1155) Using 8 workers of 8 for evacuation
[7679.048s][info][gc,phases      ] GC(1155)   Pre Evacuate Collection Set: 0.28ms
[7679.048s][info][gc,phases      ] GC(1155)   Merge Heap Roots: 0.56ms
[7679.048s][info][gc,phases      ] GC(1155)   Evacuate Collection Set: 165.92ms
[7679.048s][info][gc,phases      ] GC(1155)   Post Evacuate Collection Set: 1.26ms
[7679.048s][info][gc,phases      ] GC(1155)   Other: 0.06ms
[7679.048s][info][gc,heap        ] GC(1155) Eden regions: 714->0(715)
[7679.048s][info][gc,heap        ] GC(1155) Survivor regions: 54->53(96)
[7679.048s][info][gc,heap        ] GC(1155) Old regions: 150->153
[7679.048s][info][gc,heap        ] GC(1155) Humongous regions: 33->33
[7679.048s][info][gc,metaspace   ] GC(1155) Metaspace: 29920K(30144K)->29920K(30144K) NonClass: 29920K(30144K)->29920K(30144K) Class: 0K(0K)->0K(0K)
[7679.048s][info][gc             ] GC(1155) Pause Young (Normal) (G1 Evacuation Pause) 7579M->1881M(10240M) 168.218ms
[7679.048s][info][gc,cpu         ] GC(1155) User=1.32s Sys=0.00s Real=0.17s
....[7682.629s][info][gc,start       ] GC(1156) Pause Young (Normal) (G1 Evacuation Pause)
[7682.629s][info][gc,task        ] GC(1156) Using 8 workers of 8 for evacuation
[7682.802s][info][gc,phases      ] GC(1156)   Pre Evacuate Collection Set: 0.25ms
[7682.802s][info][gc,phases      ] GC(1156)   Merge Heap Roots: 0.56ms
[7682.802s][info][gc,phases      ] GC(1156)   Evacuate Collection Set: 171.00ms
[7682.802s][info][gc,phases      ] GC(1156)   Post Evacuate Collection Set: 1.29ms
[7682.802s][info][gc,phases      ] GC(1156)   Other: 0.07ms
[7682.802s][info][gc,heap        ] GC(1156) Eden regions: 715->0(714)
[7682.802s][info][gc,heap        ] GC(1156) Survivor regions: 53->54(96)
[7682.802s][info][gc,heap        ] GC(1156) Old regions: 153->156
[7682.802s][info][gc,heap        ] GC(1156) Humongous regions: 33->33
[7682.802s][info][gc,metaspace   ] GC(1156) Metaspace: 29920K(30144K)->29920K(30144K) NonClass: 29920K(30144K)->29920K(30144K) Class: 0K(0K)->0K(0K)
[7682.802s][info][gc             ] GC(1156) Pause Young (Normal) (G1 Evacuation Pause) 7601M->1912M(10240M) 173.300ms
[7682.802s][info][gc,cpu         ] GC(1156) User=1.36s Sys=0.00s Real=0.17s
...[7686.293s][info][gc,start       ] GC(1157) Pause Young (Normal) (G1 Evacuation Pause)
[7686.293s][info][gc,task        ] GC(1157) Using 8 workers of 8 for evacuation
[7686.458s][info][gc,phases      ] GC(1157)   Pre Evacuate Collection Set: 0.29ms
[7686.458s][info][gc,phases      ] GC(1157)   Merge Heap Roots: 0.56ms
[7686.458s][info][gc,phases      ] GC(1157)   Evacuate Collection Set: 162.33ms
[7686.458s][info][gc,phases      ] GC(1157)   Post Evacuate Collection Set: 1.26ms
[7686.458s][info][gc,phases      ] GC(1157)   Other: 0.08ms
[7686.458s][info][gc,heap        ] GC(1157) Eden regions: 714->0(716)
[7686.458s][info][gc,heap        ] GC(1157) Survivor regions: 54->52(96)
[7686.458s][info][gc,heap        ] GC(1157) Old regions: 156->159
[7686.458s][info][gc,heap        ] GC(1157) Humongous regions: 33->33
[7686.458s][info][gc,metaspace   ] GC(1157) Metaspace: 29920K(30144K)->29920K(30144K) NonClass: 29920K(30144K)->29920K(30144K) Class: 0K(0K)->0K(0K)
[7686.458s][info][gc             ] GC(1157) Pause Young (Normal) (G1 Evacuation Pause) 7624M->1920M(10240M) 164.638ms
[7686.458s][info][gc,cpu         ] GC(1157) User=1.30s Sys=0.00s Real=0.17s
....[7690.043s][info][gc,start       ] GC(1158) Pause Young (Normal) (G1 Evacuation Pause)
[7690.043s][info][gc,task        ] GC(1158) Using 8 workers of 8 for evacuation
[7690.211s][info][gc,phases      ] GC(1158)   Pre Evacuate Collection Set: 0.27ms
[7690.211s][info][gc,phases      ] GC(1158)   Merge Heap Roots: 0.57ms
[7690.211s][info][gc,phases      ] GC(1158)   Evacuate Collection Set: 166.49ms
[7690.211s][info][gc,phases      ] GC(1158)   Post Evacuate Collection Set: 1.32ms
[7690.211s][info][gc,phases      ] GC(1158)   Other: 0.06ms
[7690.211s][info][gc,heap        ] GC(1158) Eden regions: 716->0(715)
[7690.211s][info][gc,heap        ] GC(1158) Survivor regions: 52->53(96)
[7690.211s][info][gc,heap        ] GC(1158) Old regions: 159->161
[7690.212s][info][gc,heap        ] GC(1158) Humongous regions: 33->33
[7690.212s][info][gc,metaspace   ] GC(1158) Metaspace: 29920K(30144K)->29920K(30144K) NonClass: 29920K(30144K)->29920K(30144K) Class: 0K(0K)->0K(0K)
[7690.212s][info][gc             ] GC(1158) Pause Young (Normal) (G1 Evacuation Pause) 7648M->1953M(10240M) 168.846ms
[7690.212s][info][gc,cpu         ] GC(1158) User=1.33s Sys=0.00s Real=0.17s
...[7693.562s][info][gc,start       ] GC(1159) Pause Young (Normal) (G1 Evacuation Pause)
[7693.562s][info][gc,task        ] GC(1159) Using 8 workers of 8 for evacuation
[7693.728s][info][gc,phases      ] GC(1159)   Pre Evacuate Collection Set: 0.27ms
[7693.728s][info][gc,phases      ] GC(1159)   Merge Heap Roots: 0.56ms
[7693.728s][info][gc,phases      ] GC(1159)   Evacuate Collection Set: 163.84ms
[7693.728s][info][gc,phases      ] GC(1159)   Post Evacuate Collection Set: 1.28ms
[7693.728s][info][gc,phases      ] GC(1159)   Other: 0.07ms
[7693.728s][info][gc,heap        ] GC(1159) Eden regions: 715->0(715)
[7693.728s][info][gc,heap        ] GC(1159) Survivor regions: 53->53(96)
[7693.728s][info][gc,heap        ] GC(1159) Old regions: 161->164
[7693.728s][info][gc,heap        ] GC(1159) Humongous regions: 33->33
[7693.728s][info][gc,metaspace   ] GC(1159) Metaspace: 29920K(30144K)->29920K(30144K) NonClass: 29920K(30144K)->29920K(30144K) Class: 0K(0K)->0K(0K)
[7693.728s][info][gc             ] GC(1159) Pause Young (Normal) (G1 Evacuation Pause) 7673M->1970M(10240M) 166.174ms
[7693.728s][info][gc,cpu         ] GC(1159) User=1.31s Sys=0.00s Real=0.17s
....[7697.251s][info][gc,start       ] GC(1160) Pause Young (Normal) (G1 Evacuation Pause)
[7697.251s][info][gc,task        ] GC(1160) Using 8 workers of 8 for evacuation
[7697.417s][info][gc,phases      ] GC(1160)   Pre Evacuate Collection Set: 0.28ms
[7697.417s][info][gc,phases      ] GC(1160)   Merge Heap Roots: 0.57ms
[7697.417s][info][gc,phases      ] GC(1160)   Evacuate Collection Set: 164.00ms
[7697.417s][info][gc,phases      ] GC(1160)   Post Evacuate Collection Set: 1.27ms
[7697.417s][info][gc,phases      ] GC(1160)   Other: 0.07ms
[7697.417s][info][gc,heap        ] GC(1160) Eden regions: 715->0(715)
[7697.417s][info][gc,heap        ] GC(1160) Survivor regions: 53->53(96)
[7697.417s][info][gc,heap        ] GC(1160) Old regions: 164->167
[7697.417s][info][gc,heap        ] GC(1160) Humongous regions: 33->33
[7697.417s][info][gc,metaspace   ] GC(1160) Metaspace: 29920K(30144K)->29920K(30144K) NonClass: 29920K(30144K)->29920K(30144K) Class: 0K(0K)->0K(0K)
[7697.417s][info][gc             ] GC(1160) Pause Young (Normal) (G1 Evacuation Pause) 7690M->1996M(10240M) 166.326ms
[7697.417s][info][gc,cpu         ] GC(1160) User=1.31s Sys=0.00s Real=0.17s
....[7700.907s][info][gc,start       ] GC(1161) Pause Young (Normal) (G1 Evacuation Pause)
[7700.907s][info][gc,task        ] GC(1161) Using 8 workers of 8 for evacuation
[7701.077s][info][gc,phases      ] GC(1161)   Pre Evacuate Collection Set: 0.28ms
[7701.077s][info][gc,phases      ] GC(1161)   Merge Heap Roots: 0.58ms
[7701.077s][info][gc,phases      ] GC(1161)   Evacuate Collection Set: 167.86ms
[7701.077s][info][gc,phases      ] GC(1161)   Post Evacuate Collection Set: 1.25ms
[7701.077s][info][gc,phases      ] GC(1161)   Other: 0.07ms
[7701.077s][info][gc,heap        ] GC(1161) Eden regions: 715->0(715)
[7701.077s][info][gc,heap        ] GC(1161) Survivor regions: 53->53(96)
[7701.077s][info][gc,heap        ] GC(1161) Old regions: 167->169
[7701.077s][info][gc,heap        ] GC(1161) Humongous regions: 33->33
[7701.077s][info][gc,metaspace   ] GC(1161) Metaspace: 29920K(30144K)->29920K(30144K) NonClass: 29920K(30144K)->29920K(30144K) Class: 0K(0K)->0K(0K)
[7701.077s][info][gc             ] GC(1161) Pause Young (Normal) (G1 Evacuation Pause) 7716M->2017M(10240M) 170.173ms
[7701.077s][info][gc,cpu         ] GC(1161) User=1.34s Sys=0.00s Real=0.17s
...[7704.508s][info][gc,start       ] GC(1162) Pause Young (Normal) (G1 Evacuation Pause)
[7704.508s][info][gc,task        ] GC(1162) Using 8 workers of 8 for evacuation
[7704.680s][info][gc,phases      ] GC(1162)   Pre Evacuate Collection Set: 0.25ms
[7704.680s][info][gc,phases      ] GC(1162)   Merge Heap Roots: 0.56ms
[7704.680s][info][gc,phases      ] GC(1162)   Evacuate Collection Set: 169.59ms
[7704.680s][info][gc,phases      ] GC(1162)   Post Evacuate Collection Set: 1.30ms
[7704.680s][info][gc,phases      ] GC(1162)   Other: 0.06ms
[7704.680s][info][gc,heap        ] GC(1162) Eden regions: 715->0(715)
[7704.680s][info][gc,heap        ] GC(1162) Survivor regions: 53->53(96)
[7704.680s][info][gc,heap        ] GC(1162) Old regions: 169->172
[7704.680s][info][gc,heap        ] GC(1162) Humongous regions: 33->33
[7704.680s][info][gc,metaspace   ] GC(1162) Metaspace: 29920K(30144K)->29920K(30144K) NonClass: 29920K(30144K)->29920K(30144K) Class: 0K(0K)->0K(0K)
[7704.680s][info][gc             ] GC(1162) Pause Young (Normal) (G1 Evacuation Pause) 7737M->2038M(10240M) 171.902ms
[7704.680s][info][gc,cpu         ] GC(1162) User=1.35s Sys=0.00s Real=0.17s
....[7708.238s][info][gc,start       ] GC(1163) Pause Young (Normal) (G1 Evacuation Pause)
[7708.238s][info][gc,task        ] GC(1163) Using 8 workers of 8 for evacuation
[7708.409s][info][gc,phases      ] GC(1163)   Pre Evacuate Collection Set: 0.27ms
[7708.409s][info][gc,phases      ] GC(1163)   Merge Heap Roots: 0.56ms
[7708.409s][info][gc,phases      ] GC(1163)   Evacuate Collection Set: 169.34ms
[7708.409s][info][gc,phases      ] GC(1163)   Post Evacuate Collection Set: 1.29ms
[7708.409s][info][gc,phases      ] GC(1163)   Other: 0.06ms
[7708.409s][info][gc,heap        ] GC(1163) Eden regions: 715->0(713)
[7708.409s][info][gc,heap        ] GC(1163) Survivor regions: 53->55(96)
[7708.409s][info][gc,heap        ] GC(1163) Old regions: 172->175
[7708.409s][info][gc,heap        ] GC(1163) Humongous regions: 33->33
[7708.409s][info][gc,metaspace   ] GC(1163) Metaspace: 29920K(30144K)->29920K(30144K) NonClass: 29920K(30144K)->29920K(30144K) Class: 0K(0K)->0K(0K)
[7708.409s][info][gc             ] GC(1163) Pause Young (Normal) (G1 Evacuation Pause) 7758M->2072M(10240M) 171.657ms
[7708.409s][info][gc,cpu         ] GC(1163) User=1.35s Sys=0.00s Real=0.17s
....|[7711.924s][info][gc,start       ] GC(1164) Pause Young (Normal) (G1 Evacuation Pause)
[7711.924s][info][gc,task        ] GC(1164) Using 8 workers of 8 for evacuation
[7712.093s][info][gc,phases      ] GC(1164)   Pre Evacuate Collection Set: 0.29ms
[7712.093s][info][gc,phases      ] GC(1164)   Merge Heap Roots: 0.56ms
[7712.093s][info][gc,phases      ] GC(1164)   Evacuate Collection Set: 166.75ms
[7712.093s][info][gc,phases      ] GC(1164)   Post Evacuate Collection Set: 1.30ms
[7712.093s][info][gc,phases      ] GC(1164)   Other: 0.07ms
[7712.093s][info][gc,heap        ] GC(1164) Eden regions: 713->0(715)
[7712.093s][info][gc,heap        ] GC(1164) Survivor regions: 55->53(96)
[7712.093s][info][gc,heap        ] GC(1164) Old regions: 175->177
[7712.093s][info][gc,heap        ] GC(1164) Humongous regions: 33->33
[7712.093s][info][gc,metaspace   ] GC(1164) Metaspace: 29920K(30144K)->29920K(30144K) NonClass: 29920K(30144K)->29920K(30144K) Class: 0K(0K)->0K(0K)
[7712.093s][info][gc             ] GC(1164) Pause Young (Normal) (G1 Evacuation Pause) 7776M->2083M(10240M) 169.100ms
[7712.093s][info][gc,cpu         ] GC(1164) User=1.33s Sys=0.00s Real=0.17s
...[7715.639s][info][gc,start       ] GC(1165) Pause Young (Normal) (G1 Evacuation Pause)
[7715.639s][info][gc,task        ] GC(1165) Using 8 workers of 8 for evacuation
[7715.815s][info][gc,phases      ] GC(1165)   Pre Evacuate Collection Set: 0.27ms
[7715.815s][info][gc,phases      ] GC(1165)   Merge Heap Roots: 0.64ms
[7715.815s][info][gc,phases      ] GC(1165)   Evacuate Collection Set: 173.63ms
[7715.815s][info][gc,phases      ] GC(1165)   Post Evacuate Collection Set: 1.30ms
[7715.815s][info][gc,phases      ] GC(1165)   Other: 0.06ms
[7715.815s][info][gc,heap        ] GC(1165) Eden regions: 715->0(713)
[7715.815s][info][gc,heap        ] GC(1165) Survivor regions: 53->55(96)
[7715.815s][info][gc,heap        ] GC(1165) Old regions: 177->180
[7715.815s][info][gc,heap        ] GC(1165) Humongous regions: 33->33
[7715.815s][info][gc,metaspace   ] GC(1165) Metaspace: 29920K(30144K)->29920K(30144K) NonClass: 29920K(30144K)->29920K(30144K) Class: 0K(0K)->0K(0K)
[7715.815s][info][gc             ] GC(1165) Pause Young (Normal) (G1 Evacuation Pause) 7803M->2121M(10240M) 176.091ms
[7715.815s][info][gc,cpu         ] GC(1165) User=1.39s Sys=0.00s Real=0.17s
....[7719.325s][info][gc,start       ] GC(1166) Pause Young (Normal) (G1 Evacuation Pause)
[7719.325s][info][gc,task        ] GC(1166) Using 8 workers of 8 for evacuation
[7719.498s][info][gc,phases      ] GC(1166)   Pre Evacuate Collection Set: 0.27ms
[7719.498s][info][gc,phases      ] GC(1166)   Merge Heap Roots: 0.56ms
[7719.498s][info][gc,phases      ] GC(1166)   Evacuate Collection Set: 171.08ms
[7719.498s][info][gc,phases      ] GC(1166)   Post Evacuate Collection Set: 1.28ms
[7719.498s][info][gc,phases      ] GC(1166)   Other: 0.07ms
[7719.498s][info][gc,heap        ] GC(1166) Eden regions: 713->0(714)
[7719.498s][info][gc,heap        ] GC(1166) Survivor regions: 55->54(96)
[7719.498s][info][gc,heap        ] GC(1166) Old regions: 180->183
[7719.498s][info][gc,heap        ] GC(1166) Humongous regions: 33->33
[7719.498s][info][gc,metaspace   ] GC(1166) Metaspace: 29920K(30144K)->29920K(30144K) NonClass: 29920K(30144K)->29920K(30144K) Class: 0K(0K)->0K(0K)
[7719.498s][info][gc             ] GC(1166) Pause Young (Normal) (G1 Evacuation Pause) 7825M->2133M(10240M) 173.413ms
[7719.498s][info][gc,cpu         ] GC(1166) User=1.37s Sys=0.01s Real=0.18s
....[7723.087s][info][gc,start       ] GC(1167) Pause Young (Normal) (G1 Evacuation Pause)
[7723.087s][info][gc,task        ] GC(1167) Using 8 workers of 8 for evacuation
[7723.263s][info][gc,phases      ] GC(1167)   Pre Evacuate Collection Set: 0.27ms
[7723.263s][info][gc,phases      ] GC(1167)   Merge Heap Roots: 0.56ms
[7723.263s][info][gc,phases      ] GC(1167)   Evacuate Collection Set: 173.45ms
[7723.263s][info][gc,phases      ] GC(1167)   Post Evacuate Collection Set: 1.29ms
[7723.263s][info][gc,phases      ] GC(1167)   Other: 0.06ms
[7723.263s][info][gc,heap        ] GC(1167) Eden regions: 714->0(713)
[7723.263s][info][gc,heap        ] GC(1167) Survivor regions: 54->55(96)
[7723.263s][info][gc,heap        ] GC(1167) Old regions: 183->185
[7723.263s][info][gc,heap        ] GC(1167) Humongous regions: 33->33
[7723.263s][info][gc,metaspace   ] GC(1167) Metaspace: 29920K(30144K)->29920K(30144K) NonClass: 29920K(30144K)->29920K(30144K) Class: 0K(0K)->0K(0K)
[7723.263s][info][gc             ] GC(1167) Pause Young (Normal) (G1 Evacuation Pause) 7845M->2163M(10240M) 175.767ms
[7723.263s][info][gc,cpu         ] GC(1167) User=1.38s Sys=0.00s Real=0.17s
...[7726.824s][info][gc,start       ] GC(1168) Pause Young (Normal) (G1 Evacuation Pause)
[7726.824s][info][gc,task        ] GC(1168) Using 8 workers of 8 for evacuation
[7726.996s][info][gc,phases      ] GC(1168)   Pre Evacuate Collection Set: 0.27ms
[7726.996s][info][gc,phases      ] GC(1168)   Merge Heap Roots: 0.55ms
[7726.996s][info][gc,phases      ] GC(1168)   Evacuate Collection Set: 170.11ms
[7726.996s][info][gc,phases      ] GC(1168)   Post Evacuate Collection Set: 1.27ms
[7726.996s][info][gc,phases      ] GC(1168)   Other: 0.06ms
[7726.996s][info][gc,heap        ] GC(1168) Eden regions: 713->0(714)
[7726.996s][info][gc,heap        ] GC(1168) Survivor regions: 55->54(96)
[7726.996s][info][gc,heap        ] GC(1168) Old regions: 185->188
[7726.996s][info][gc,heap        ] GC(1168) Humongous regions: 33->33
[7726.996s][info][gc,metaspace   ] GC(1168) Metaspace: 29920K(30144K)->29920K(30144K) NonClass: 29920K(30144K)->29920K(30144K) Class: 0K(0K)->0K(0K)
[7726.996s][info][gc             ] GC(1168) Pause Young (Normal) (G1 Evacuation Pause) 7867M->2178M(10240M) 172.395ms
[7726.996s][info][gc,cpu         ] GC(1168) User=1.35s Sys=0.01s Real=0.18s
....[7730.560s][info][gc,start       ] GC(1169) Pause Young (Normal) (G1 Evacuation Pause)
[7730.560s][info][gc,task        ] GC(1169) Using 8 workers of 8 for evacuation
[7730.735s][info][gc,phases      ] GC(1169)   Pre Evacuate Collection Set: 0.27ms
[7730.735s][info][gc,phases      ] GC(1169)   Merge Heap Roots: 0.57ms
[7730.735s][info][gc,phases      ] GC(1169)   Evacuate Collection Set: 172.99ms
[7730.735s][info][gc,phases      ] GC(1169)   Post Evacuate Collection Set: 1.30ms
[7730.735s][info][gc,phases      ] GC(1169)   Other: 0.06ms
[7730.735s][info][gc,heap        ] GC(1169) Eden regions: 714->0(714)
[7730.735s][info][gc,heap        ] GC(1169) Survivor regions: 54->54(96)
[7730.735s][info][gc,heap        ] GC(1169) Old regions: 188->191
[7730.735s][info][gc,heap        ] GC(1169) Humongous regions: 33->33
[7730.735s][info][gc,metaspace   ] GC(1169) Metaspace: 29920K(30144K)->29920K(30144K) NonClass: 29920K(30144K)->29920K(30144K) Class: 0K(0K)->0K(0K)
[7730.735s][info][gc             ] GC(1169) Pause Young (Normal) (G1 Evacuation Pause) 7890M->2201M(10240M) 175.335ms
[7730.735s][info][gc,cpu         ] GC(1169) User=1.38s Sys=0.00s Real=0.17s
....[7734.319s][info][gc,start       ] GC(1170) Pause Young (Normal) (G1 Evacuation Pause)
[7734.319s][info][gc,task        ] GC(1170) Using 8 workers of 8 for evacuation
[7734.489s][info][gc,phases      ] GC(1170)   Pre Evacuate Collection Set: 0.28ms
[7734.489s][info][gc,phases      ] GC(1170)   Merge Heap Roots: 0.56ms
[7734.489s][info][gc,phases      ] GC(1170)   Evacuate Collection Set: 167.15ms
[7734.489s][info][gc,phases      ] GC(1170)   Post Evacuate Collection Set: 1.34ms
[7734.489s][info][gc,phases      ] GC(1170)   Other: 0.06ms
[7734.489s][info][gc,heap        ] GC(1170) Eden regions: 714->0(715)
[7734.489s][info][gc,heap        ] GC(1170) Survivor regions: 54->53(96)
[7734.489s][info][gc,heap        ] GC(1170) Old regions: 191->194
[7734.489s][info][gc,heap        ] GC(1170) Humongous regions: 33->33
[7734.489s][info][gc,metaspace   ] GC(1170) Metaspace: 29920K(30144K)->29920K(30144K) NonClass: 29920K(30144K)->29920K(30144K) Class: 0K(0K)->0K(0K)
[7734.489s][info][gc             ] GC(1170) Pause Young (Normal) (G1 Evacuation Pause) 7913M->2215M(10240M) 169.536ms
[7734.489s][info][gc,cpu         ] GC(1170) User=1.33s Sys=0.00s Real=0.17s
...[7737.975s][info][gc,start       ] GC(1171) Pause Young (Normal) (G1 Evacuation Pause)
[7737.975s][info][gc,task        ] GC(1171) Using 8 workers of 8 for evacuation
[7738.149s][info][gc,phases      ] GC(1171)   Pre Evacuate Collection Set: 0.26ms
[7738.150s][info][gc,phases      ] GC(1171)   Merge Heap Roots: 0.56ms
[7738.150s][info][gc,phases      ] GC(1171)   Evacuate Collection Set: 172.67ms
[7738.150s][info][gc,phases      ] GC(1171)   Post Evacuate Collection Set: 1.29ms
[7738.150s][info][gc,phases      ] GC(1171)   Other: 0.07ms
[7738.150s][info][gc,heap        ] GC(1171) Eden regions: 715->0(713)
[7738.150s][info][gc,heap        ] GC(1171) Survivor regions: 53->55(96)
[7738.150s][info][gc,heap        ] GC(1171) Old regions: 194->197
[7738.150s][info][gc,heap        ] GC(1171) Humongous regions: 33->33
[7738.150s][info][gc,metaspace   ] GC(1171) Metaspace: 29920K(30144K)->29920K(30144K) NonClass: 29920K(30144K)->29920K(30144K) Class: 0K(0K)->0K(0K)
[7738.150s][info][gc             ] GC(1171) Pause Young (Normal) (G1 Evacuation Pause) 7935M->2249M(10240M) 174.975ms
[7738.150s][info][gc,cpu         ] GC(1171) User=1.37s Sys=0.00s Real=0.18s
....[7741.794s][info][gc,start       ] GC(1172) Pause Young (Normal) (G1 Evacuation Pause)
[7741.794s][info][gc,task        ] GC(1172) Using 8 workers of 8 for evacuation
[7741.971s][info][gc,phases      ] GC(1172)   Pre Evacuate Collection Set: 0.25ms
[7741.971s][info][gc,phases      ] GC(1172)   Merge Heap Roots: 0.56ms
[7741.971s][info][gc,phases      ] GC(1172)   Evacuate Collection Set: 174.79ms
[7741.971s][info][gc,phases      ] GC(1172)   Post Evacuate Collection Set: 1.25ms
[7741.971s][info][gc,phases      ] GC(1172)   Other: 0.07ms
[7741.971s][info][gc,heap        ] GC(1172) Eden regions: 713->0(713)
[7741.971s][info][gc,heap        ] GC(1172) Survivor regions: 55->55(96)
[7741.971s][info][gc,heap        ] GC(1172) Old regions: 197->200
[7741.971s][info][gc,heap        ] GC(1172) Humongous regions: 33->33
[7741.971s][info][gc,metaspace   ] GC(1172) Metaspace: 29920K(30144K)->29920K(30144K) NonClass: 29920K(30144K)->29920K(30144K) Class: 0K(0K)->0K(0K)
[7741.971s][info][gc             ] GC(1172) Pause Young (Normal) (G1 Evacuation Pause) 7953M->2276M(10240M) 177.054ms
[7741.971s][info][gc,cpu         ] GC(1172) User=1.39s Sys=0.01s Real=0.18s
....[7745.478s][info][gc,start       ] GC(1173) Pause Young (Normal) (G1 Evacuation Pause)
[7745.478s][info][gc,task        ] GC(1173) Using 8 workers of 8 for evacuation
[7745.646s][info][gc,phases      ] GC(1173)   Pre Evacuate Collection Set: 0.27ms
[7745.646s][info][gc,phases      ] GC(1173)   Merge Heap Roots: 0.56ms
[7745.646s][info][gc,phases      ] GC(1173)   Evacuate Collection Set: 165.68ms
[7745.646s][info][gc,phases      ] GC(1173)   Post Evacuate Collection Set: 1.26ms
[7745.646s][info][gc,phases      ] GC(1173)   Other: 0.09ms
[7745.646s][info][gc,heap        ] GC(1173) Eden regions: 713->0(715)
[7745.646s][info][gc,heap        ] GC(1173) Survivor regions: 55->53(96)
[7745.646s][info][gc,heap        ] GC(1173) Old regions: 200->202
[7745.646s][info][gc,heap        ] GC(1173) Humongous regions: 33->33
[7745.646s][info][gc,metaspace   ] GC(1173) Metaspace: 29920K(30144K)->29920K(30144K) NonClass: 29920K(30144K)->29920K(30144K) Class: 0K(0K)->0K(0K)
[7745.646s][info][gc             ] GC(1173) Pause Young (Normal) (G1 Evacuation Pause) 7980M->2278M(10240M) 168.012ms
[7745.646s][info][gc,cpu         ] GC(1173) User=1.32s Sys=0.00s Real=0.17s
....[7749.174s][info][gc,start       ] GC(1174) Pause Young (Normal) (G1 Evacuation Pause)
[7749.174s][info][gc,task        ] GC(1174) Using 8 workers of 8 for evacuation
[7749.338s][info][gc,phases      ] GC(1174)   Pre Evacuate Collection Set: 0.27ms
[7749.338s][info][gc,phases      ] GC(1174)   Merge Heap Roots: 0.57ms
[7749.338s][info][gc,phases      ] GC(1174)   Evacuate Collection Set: 161.50ms
[7749.338s][info][gc,phases      ] GC(1174)   Post Evacuate Collection Set: 1.25ms
[7749.338s][info][gc,phases      ] GC(1174)   Other: 0.06ms
[7749.338s][info][gc,heap        ] GC(1174) Eden regions: 715->0(717)
[7749.338s][info][gc,heap        ] GC(1174) Survivor regions: 53->51(96)
[7749.338s][info][gc,heap        ] GC(1174) Old regions: 202->205
[7749.338s][info][gc,heap        ] GC(1174) Humongous regions: 33->33
[7749.338s][info][gc,metaspace   ] GC(1174) Metaspace: 29920K(30144K)->29920K(30144K) NonClass: 29920K(30144K)->29920K(30144K) Class: 0K(0K)->0K(0K)
[7749.338s][info][gc             ] GC(1174) Pause Young (Normal) (G1 Evacuation Pause) 7998M->2289M(10240M) 163.792ms
[7749.338s][info][gc,cpu         ] GC(1174) User=1.29s Sys=0.00s Real=0.17s
...[7752.756s][info][gc,start       ] GC(1175) Pause Young (Normal) (G1 Evacuation Pause)
[7752.756s][info][gc,task        ] GC(1175) Using 8 workers of 8 for evacuation
[7752.940s][info][gc,phases      ] GC(1175)   Pre Evacuate Collection Set: 0.25ms
[7752.940s][info][gc,phases      ] GC(1175)   Merge Heap Roots: 0.58ms
[7752.940s][info][gc,phases      ] GC(1175)   Evacuate Collection Set: 181.96ms
[7752.940s][info][gc,phases      ] GC(1175)   Post Evacuate Collection Set: 1.26ms
[7752.940s][info][gc,phases      ] GC(1175)   Other: 0.07ms
[7752.940s][info][gc,heap        ] GC(1175) Eden regions: 717->0(692)
[7752.940s][info][gc,heap        ] GC(1175) Survivor regions: 51->57(96)
[7752.940s][info][gc,heap        ] GC(1175) Old regions: 205->208
[7752.940s][info][gc,heap        ] GC(1175) Humongous regions: 33->33
[7752.940s][info][gc,metaspace   ] GC(1175) Metaspace: 29920K(30144K)->29920K(30144K) NonClass: 29920K(30144K)->29920K(30144K) Class: 0K(0K)->0K(0K)
[7752.940s][info][gc             ] GC(1175) Pause Young (Normal) (G1 Evacuation Pause) 8025M->2355M(10240M) 184.253ms
[7752.940s][info][gc,cpu         ] GC(1175) User=1.45s Sys=0.00s Real=0.18s
....[7756.396s][info][gc,start       ] GC(1176) Pause Young (Normal) (G1 Evacuation Pause)
[7756.396s][info][gc,task        ] GC(1176) Using 8 workers of 8 for evacuation
[7756.575s][info][gc,phases      ] GC(1176)   Pre Evacuate Collection Set: 0.26ms
[7756.575s][info][gc,phases      ] GC(1176)   Merge Heap Roots: 0.57ms
[7756.575s][info][gc,phases      ] GC(1176)   Evacuate Collection Set: 176.78ms
[7756.575s][info][gc,phases      ] GC(1176)   Post Evacuate Collection Set: 1.23ms
[7756.575s][info][gc,phases      ] GC(1176)   Other: 0.06ms
[7756.575s][info][gc,heap        ] GC(1176) Eden regions: 692->0(717)
[7756.575s][info][gc,heap        ] GC(1176) Survivor regions: 57->51(94)
[7756.575s][info][gc,heap        ] GC(1176) Old regions: 208->216
[7756.575s][info][gc,heap        ] GC(1176) Humongous regions: 33->33
[7756.575s][info][gc,metaspace   ] GC(1176) Metaspace: 29920K(30144K)->29920K(30144K) NonClass: 29920K(30144K)->29920K(30144K) Class: 0K(0K)->0K(0K)
[7756.575s][info][gc             ] GC(1176) Pause Young (Normal) (G1 Evacuation Pause) 7891M->2373M(10240M) 179.035ms
[7756.575s][info][gc,cpu         ] GC(1176) User=1.41s Sys=0.00s Real=0.17s
...[7760.112s][info][gc,start       ] GC(1177) Pause Young (Normal) (G1 Evacuation Pause)
[7760.113s][info][gc,task        ] GC(1177) Using 8 workers of 8 for evacuation
[7760.275s][info][gc,phases      ] GC(1177)   Pre Evacuate Collection Set: 0.29ms
[7760.275s][info][gc,phases      ] GC(1177)   Merge Heap Roots: 0.59ms
[7760.275s][info][gc,phases      ] GC(1177)   Evacuate Collection Set: 160.39ms
[7760.275s][info][gc,phases      ] GC(1177)   Post Evacuate Collection Set: 1.23ms
[7760.275s][info][gc,phases      ] GC(1177)   Other: 0.06ms
[7760.275s][info][gc,heap        ] GC(1177) Eden regions: 717->0(721)
[7760.275s][info][gc,heap        ] GC(1177) Survivor regions: 51->47(96)
[7760.275s][info][gc,heap        ] GC(1177) Old regions: 216->223
[7760.275s][info][gc,heap        ] GC(1177) Humongous regions: 33->33
[7760.275s][info][gc,metaspace   ] GC(1177) Metaspace: 29920K(30144K)->29920K(30144K) NonClass: 29920K(30144K)->29920K(30144K) Class: 0K(0K)->0K(0K)
[7760.275s][info][gc             ] GC(1177) Pause Young (Normal) (G1 Evacuation Pause) 8109M->2393M(10240M) 162.701ms
[7760.275s][info][gc,cpu         ] GC(1177) User=1.28s Sys=0.00s Real=0.16s
....[7763.834s][info][gc,start       ] GC(1178) Pause Young (Normal) (G1 Evacuation Pause)
[7763.834s][info][gc,task        ] GC(1178) Using 8 workers of 8 for evacuation
[7764.001s][info][gc,phases      ] GC(1178)   Pre Evacuate Collection Set: 0.27ms
[7764.001s][info][gc,phases      ] GC(1178)   Merge Heap Roots: 0.56ms
[7764.001s][info][gc,phases      ] GC(1178)   Evacuate Collection Set: 165.25ms
[7764.001s][info][gc,phases      ] GC(1178)   Post Evacuate Collection Set: 1.24ms
[7764.001s][info][gc,phases      ] GC(1178)   Other: 0.06ms
[7764.001s][info][gc,heap        ] GC(1178) Eden regions: 721->0(714)
[7764.001s][info][gc,heap        ] GC(1178) Survivor regions: 47->54(96)
[7764.001s][info][gc,heap        ] GC(1178) Old regions: 223->223
[7764.001s][info][gc,heap        ] GC(1178) Humongous regions: 33->33
[7764.001s][info][gc,metaspace   ] GC(1178) Metaspace: 29920K(30144K)->29920K(30144K) NonClass: 29920K(30144K)->29920K(30144K) Class: 0K(0K)->0K(0K)
[7764.001s][info][gc             ] GC(1178) Pause Young (Normal) (G1 Evacuation Pause) 8161M->2453M(10240M) 167.508ms
[7764.001s][info][gc,cpu         ] GC(1178) User=1.32s Sys=0.00s Real=0.17s
....[7767.677s][info][gc,start       ] GC(1179) Pause Young (Normal) (G1 Evacuation Pause)
[7767.677s][info][gc,task        ] GC(1179) Using 8 workers of 8 for evacuation
[7767.845s][info][gc,phases      ] GC(1179)   Pre Evacuate Collection Set: 0.27ms
[7767.845s][info][gc,phases      ] GC(1179)   Merge Heap Roots: 0.59ms
[7767.845s][info][gc,phases      ] GC(1179)   Evacuate Collection Set: 166.27ms
[7767.845s][info][gc,phases      ] GC(1179)   Post Evacuate Collection Set: 1.29ms
[7767.845s][info][gc,phases      ] GC(1179)   Other: 0.06ms
[7767.845s][info][gc,heap        ] GC(1179) Eden regions: 714->0(715)
[7767.845s][info][gc,heap        ] GC(1179) Survivor regions: 54->53(96)
[7767.845s][info][gc,heap        ] GC(1179) Old regions: 223->225
[7767.845s][info][gc,heap        ] GC(1179) Humongous regions: 33->33
[7767.845s][info][gc,metaspace   ] GC(1179) Metaspace: 29920K(30144K)->29920K(30144K) NonClass: 29920K(30144K)->29920K(30144K) Class: 0K(0K)->0K(0K)
[7767.845s][info][gc             ] GC(1179) Pause Young (Normal) (G1 Evacuation Pause) 8165M->2463M(10240M) 168.612ms
[7767.845s][info][gc,cpu         ] GC(1179) User=1.32s Sys=0.00s Real=0.16s
....[7771.346s][info][gc,start       ] GC(1180) Pause Young (Normal) (G1 Evacuation Pause)
[7771.346s][info][gc,task        ] GC(1180) Using 8 workers of 8 for evacuation
[7771.515s][info][gc,phases      ] GC(1180)   Pre Evacuate Collection Set: 0.28ms
[7771.515s][info][gc,phases      ] GC(1180)   Merge Heap Roots: 0.56ms
[7771.515s][info][gc,phases      ] GC(1180)   Evacuate Collection Set: 166.78ms
[7771.515s][info][gc,phases      ] GC(1180)   Post Evacuate Collection Set: 1.31ms
[7771.515s][info][gc,phases      ] GC(1180)   Other: 0.06ms
[7771.515s][info][gc,heap        ] GC(1180) Eden regions: 715->0(715)
[7771.515s][info][gc,heap        ] GC(1180) Survivor regions: 53->53(96)
[7771.515s][info][gc,heap        ] GC(1180) Old regions: 225->228
[7771.515s][info][gc,heap        ] GC(1180) Humongous regions: 33->33
[7771.515s][info][gc,metaspace   ] GC(1180) Metaspace: 29920K(30144K)->29920K(30144K) NonClass: 29920K(30144K)->29920K(30144K) Class: 0K(0K)->0K(0K)
[7771.515s][info][gc             ] GC(1180) Pause Young (Normal) (G1 Evacuation Pause) 8183M->2485M(10240M) 169.132ms
[7771.516s][info][gc,cpu         ] GC(1180) User=1.34s Sys=0.00s Real=0.16s
...[7774.987s][info][gc,start       ] GC(1181) Pause Young (Normal) (G1 Evacuation Pause)
[7774.987s][info][gc,task        ] GC(1181) Using 8 workers of 8 for evacuation
[7775.159s][info][gc,phases      ] GC(1181)   Pre Evacuate Collection Set: 0.26ms
[7775.159s][info][gc,phases      ] GC(1181)   Merge Heap Roots: 0.56ms
[7775.159s][info][gc,phases      ] GC(1181)   Evacuate Collection Set: 169.12ms
[7775.159s][info][gc,phases      ] GC(1181)   Post Evacuate Collection Set: 1.27ms
[7775.159s][info][gc,phases      ] GC(1181)   Other: 0.06ms
[7775.159s][info][gc,heap        ] GC(1181) Eden regions: 715->0(715)
[7775.159s][info][gc,heap        ] GC(1181) Survivor regions: 53->53(96)
[7775.159s][info][gc,heap        ] GC(1181) Old regions: 228->231
[7775.159s][info][gc,heap        ] GC(1181) Humongous regions: 33->33
[7775.159s][info][gc,metaspace   ] GC(1181) Metaspace: 29920K(30144K)->29920K(30144K) NonClass: 29920K(30144K)->29920K(30144K) Class: 0K(0K)->0K(0K)
[7775.159s][info][gc             ] GC(1181) Pause Young (Normal) (G1 Evacuation Pause) 8205M->2511M(10240M) 171.397ms
[7775.159s][info][gc,cpu         ] GC(1181) User=1.35s Sys=0.00s Real=0.17s
....[7778.638s][info][gc,start       ] GC(1182) Pause Young (Normal) (G1 Evacuation Pause)
[7778.638s][info][gc,task        ] GC(1182) Using 8 workers of 8 for evacuation
[7778.806s][info][gc,phases      ] GC(1182)   Pre Evacuate Collection Set: 0.28ms
[7778.806s][info][gc,phases      ] GC(1182)   Merge Heap Roots: 0.58ms
[7778.806s][info][gc,phases      ] GC(1182)   Evacuate Collection Set: 165.96ms
[7778.806s][info][gc,phases      ] GC(1182)   Post Evacuate Collection Set: 1.30ms
[7778.806s][info][gc,phases      ] GC(1182)   Other: 0.06ms
[7778.806s][info][gc,heap        ] GC(1182) Eden regions: 715->0(715)
[7778.806s][info][gc,heap        ] GC(1182) Survivor regions: 53->53(96)
[7778.806s][info][gc,heap        ] GC(1182) Old regions: 231->234
[7778.806s][info][gc,heap        ] GC(1182) Humongous regions: 33->33
[7778.806s][info][gc,metaspace   ] GC(1182) Metaspace: 29920K(30144K)->29920K(30144K) NonClass: 29920K(30144K)->29920K(30144K) Class: 0K(0K)->0K(0K)
[7778.806s][info][gc             ] GC(1182) Pause Young (Normal) (G1 Evacuation Pause) 8231M->2532M(10240M) 168.309ms
[7778.806s][info][gc,cpu         ] GC(1182) User=1.33s Sys=0.00s Real=0.17s
....[7782.420s][info][gc,start       ] GC(1183) Pause Young (Normal) (G1 Evacuation Pause)
[7782.421s][info][gc,task        ] GC(1183) Using 8 workers of 8 for evacuation
[7782.589s][info][gc,phases      ] GC(1183)   Pre Evacuate Collection Set: 0.26ms
[7782.589s][info][gc,phases      ] GC(1183)   Merge Heap Roots: 0.56ms
[7782.589s][info][gc,phases      ] GC(1183)   Evacuate Collection Set: 166.16ms
[7782.589s][info][gc,phases      ] GC(1183)   Post Evacuate Collection Set: 1.30ms
[7782.589s][info][gc,phases      ] GC(1183)   Other: 0.07ms
[7782.589s][info][gc,heap        ] GC(1183) Eden regions: 715->0(715)
[7782.589s][info][gc,heap        ] GC(1183) Survivor regions: 53->53(96)
[7782.589s][info][gc,heap        ] GC(1183) Old regions: 234->236
[7782.589s][info][gc,heap        ] GC(1183) Humongous regions: 33->33
[7782.589s][info][gc,metaspace   ] GC(1183) Metaspace: 29920K(30144K)->29920K(30144K) NonClass: 29920K(30144K)->29920K(30144K) Class: 0K(0K)->0K(0K)
[7782.589s][info][gc             ] GC(1183) Pause Young (Normal) (G1 Evacuation Pause) 8252M->2551M(10240M) 168.478ms
[7782.589s][info][gc,cpu         ] GC(1183) User=1.32s Sys=0.01s Real=0.17s
...[7786.196s][info][gc,start       ] GC(1184) Pause Young (Normal) (G1 Evacuation Pause)
[7786.196s][info][gc,task        ] GC(1184) Using 8 workers of 8 for evacuation
[7786.360s][info][gc,phases      ] GC(1184)   Pre Evacuate Collection Set: 0.27ms
[7786.360s][info][gc,phases      ] GC(1184)   Merge Heap Roots: 0.59ms
[7786.360s][info][gc,phases      ] GC(1184)   Evacuate Collection Set: 161.77ms
[7786.360s][info][gc,phases      ] GC(1184)   Post Evacuate Collection Set: 1.29ms
[7786.361s][info][gc,phases      ] GC(1184)   Other: 0.07ms
[7786.361s][info][gc,heap        ] GC(1184) Eden regions: 715->0(716)
[7786.361s][info][gc,heap        ] GC(1184) Survivor regions: 53->52(96)
[7786.361s][info][gc,heap        ] GC(1184) Old regions: 236->239
[7786.361s][info][gc,heap        ] GC(1184) Humongous regions: 33->33
[7786.361s][info][gc,metaspace   ] GC(1184) Metaspace: 29920K(30144K)->29920K(30144K) NonClass: 29920K(30144K)->29920K(30144K) Class: 0K(0K)->0K(0K)
[7786.361s][info][gc             ] GC(1184) Pause Young (Normal) (G1 Evacuation Pause) 8271M->2570M(10240M) 164.139ms
[7786.361s][info][gc,cpu         ] GC(1184) User=1.29s Sys=0.00s Real=0.16s
....[7789.970s][info][gc,start       ] GC(1185) Pause Young (Normal) (G1 Evacuation Pause)
[7789.970s][info][gc,task        ] GC(1185) Using 8 workers of 8 for evacuation
[7790.142s][info][gc,phases      ] GC(1185)   Pre Evacuate Collection Set: 0.26ms
[7790.142s][info][gc,phases      ] GC(1185)   Merge Heap Roots: 0.56ms
[7790.142s][info][gc,phases      ] GC(1185)   Evacuate Collection Set: 169.89ms
[7790.142s][info][gc,phases      ] GC(1185)   Post Evacuate Collection Set: 1.34ms
[7790.142s][info][gc,phases      ] GC(1185)   Other: 0.06ms
[7790.142s][info][gc,heap        ] GC(1185) Eden regions: 716->0(714)
[7790.142s][info][gc,heap        ] GC(1185) Survivor regions: 52->54(96)
[7790.142s][info][gc,heap        ] GC(1185) Old regions: 239->242
[7790.142s][info][gc,heap        ] GC(1185) Humongous regions: 33->33
[7790.142s][info][gc,metaspace   ] GC(1185) Metaspace: 29920K(30144K)->29920K(30144K) NonClass: 29920K(30144K)->29920K(30144K) Class: 0K(0K)->0K(0K)
[7790.142s][info][gc             ] GC(1185) Pause Young (Normal) (G1 Evacuation Pause) 8298M->2604M(10240M) 172.255ms
[7790.142s][info][gc,cpu         ] GC(1185) User=1.35s Sys=0.01s Real=0.17s
....[7793.647s][info][gc,start       ] GC(1186) Pause Young (Normal) (G1 Evacuation Pause)
[7793.648s][info][gc,task        ] GC(1186) Using 8 workers of 8 for evacuation
[7793.815s][info][gc,phases      ] GC(1186)   Pre Evacuate Collection Set: 0.29ms
[7793.815s][info][gc,phases      ] GC(1186)   Merge Heap Roots: 0.59ms
[7793.815s][info][gc,phases      ] GC(1186)   Evacuate Collection Set: 165.59ms
[7793.815s][info][gc,phases      ] GC(1186)   Post Evacuate Collection Set: 1.27ms
[7793.815s][info][gc,phases      ] GC(1186)   Other: 0.07ms
[7793.815s][info][gc,heap        ] GC(1186) Eden regions: 714->0(716)
[7793.815s][info][gc,heap        ] GC(1186) Survivor regions: 54->52(96)
[7793.815s][info][gc,heap        ] GC(1186) Old regions: 242->245
[7793.815s][info][gc,heap        ] GC(1186) Humongous regions: 33->33
[7793.815s][info][gc,metaspace   ] GC(1186) Metaspace: 29920K(30144K)->29920K(30144K) NonClass: 29920K(30144K)->29920K(30144K) Class: 0K(0K)->0K(0K)
[7793.815s][info][gc             ] GC(1186) Pause Young (Normal) (G1 Evacuation Pause) 8316M->2611M(10240M) 167.938ms
[7793.815s][info][gc,cpu         ] GC(1186) User=1.33s Sys=0.00s Real=0.16s
...[7797.321s][info][gc,start       ] GC(1187) Pause Young (Normal) (G1 Evacuation Pause)
[7797.321s][info][gc,task        ] GC(1187) Using 8 workers of 8 for evacuation
[7797.492s][info][gc,phases      ] GC(1187)   Pre Evacuate Collection Set: 0.27ms
[7797.492s][info][gc,phases      ] GC(1187)   Merge Heap Roots: 0.57ms
[7797.492s][info][gc,phases      ] GC(1187)   Evacuate Collection Set: 168.25ms
[7797.492s][info][gc,phases      ] GC(1187)   Post Evacuate Collection Set: 1.30ms
[7797.492s][info][gc,phases      ] GC(1187)   Other: 0.06ms
[7797.492s][info][gc,heap        ] GC(1187) Eden regions: 716->0(714)
[7797.492s][info][gc,heap        ] GC(1187) Survivor regions: 52->54(96)
[7797.492s][info][gc,heap        ] GC(1187) Old regions: 245->248
[7797.492s][info][gc,heap        ] GC(1187) Humongous regions: 33->33
[7797.492s][info][gc,metaspace   ] GC(1187) Metaspace: 29920K(30144K)->29920K(30144K) NonClass: 29920K(30144K)->29920K(30144K) Class: 0K(0K)->0K(0K)
[7797.492s][info][gc             ] GC(1187) Pause Young (Normal) (G1 Evacuation Pause) 8339M->2648M(10240M) 170.591ms
[7797.492s][info][gc,cpu         ] GC(1187) User=1.34s Sys=0.00s Real=0.17s
....[7801.023s][info][gc,start       ] GC(1188) Pause Young (Normal) (G1 Evacuation Pause)
[7801.023s][info][gc,task        ] GC(1188) Using 8 workers of 8 for evacuation
[7801.191s][info][gc,phases      ] GC(1188)   Pre Evacuate Collection Set: 0.27ms
[7801.191s][info][gc,phases      ] GC(1188)   Merge Heap Roots: 0.61ms
[7801.191s][info][gc,phases      ] GC(1188)   Evacuate Collection Set: 165.82ms
[7801.191s][info][gc,phases      ] GC(1188)   Post Evacuate Collection Set: 1.26ms
[7801.191s][info][gc,phases      ] GC(1188)   Other: 0.06ms
[7801.191s][info][gc,heap        ] GC(1188) Eden regions: 714->0(715)
[7801.191s][info][gc,heap        ] GC(1188) Survivor regions: 54->53(96)
[7801.191s][info][gc,heap        ] GC(1188) Old regions: 248->250
[7801.191s][info][gc,heap        ] GC(1188) Humongous regions: 33->33
[7801.191s][info][gc,metaspace   ] GC(1188) Metaspace: 29920K(30144K)->29920K(30144K) NonClass: 29920K(30144K)->29920K(30144K) Class: 0K(0K)->0K(0K)
[7801.191s][info][gc             ] GC(1188) Pause Young (Normal) (G1 Evacuation Pause) 8360M->2662M(10240M) 168.156ms
[7801.191s][info][gc,cpu         ] GC(1188) User=1.33s Sys=0.00s Real=0.17s
.. (rIR:aIR:PR = 13145:13026:12886) (tPR = 190915) [PR is under limit] 
  7802s: Performance info:
         Transaction,    Success,    Partial,     Failed,   Receipts, AvgBarcode, 
             Overall,    1169494,          0,          0,    1110544,      59.47, 
         Response times:
             Request,    Success,    Partial,     Failed,   SkipFail,     Probes,    Samples,      min,      p50,      p90,      p95,      p99,      max, 
       TotalPurchase,    1122497,          0,          0,          0,     263529,     787463,      400,   448000,   760000,   890000,  1400000, 27000000,
     InStorePurchase,     589148,          0,          0,          0,     134629,     413892,      400,   443000,   740000,   880000,  1400000, 27000000,
      OnlinePurchase,     414404,          0,          0,          0,      94293,     289277,      700,   451000,   780000,   910000,  1500000, 27000000,
        InstPurchase,     118945,          0,          0,          0,      34607,      84294,     1900,   462000,   810000,   920000,  1300000, 24000000,
          AssocOfCat,       1189,          0,          0,          0,        664,       1696,    59000,   475000,   823000,   991500,  2006000, 17000000,
      AssocOfProduct,      12212,          0,          0,          0,       3725,       9244,     4700,   426000,   720000,   940000,  2800000, 17000000,
      BusinessReport,       2976,          0,          0,          0,       1612,       4233,    76000,   491000,   780000,   920000,  1500000,  5300000,
          CustBuyBeh,      11895,          0,          0,          0,       3700,       9301,     2300,   427000,   730000,   870000,  1700000, 14000000,
       ProductReturn,      31505,          0,          0,          0,       8415,      21623,     1600,   424000,   730000,   960000,  2300000, 22000000,

  7802s: 
  7802s: Failing in a row, point 1 of 3
  7802s: (96%)   IR =  13284 .[7804.702s][info][gc,start       ] GC(1189) Pause Young (Normal) (G1 Evacuation Pause)
[7804.702s][info][gc,task        ] GC(1189) Using 8 workers of 8 for evacuation
[7804.876s][info][gc,phases      ] GC(1189)   Pre Evacuate Collection Set: 0.24ms
[7804.876s][info][gc,phases      ] GC(1189)   Merge Heap Roots: 0.58ms
[7804.876s][info][gc,phases      ] GC(1189)   Evacuate Collection Set: 172.04ms
[7804.876s][info][gc,phases      ] GC(1189)   Post Evacuate Collection Set: 1.36ms
[7804.876s][info][gc,phases      ] GC(1189)   Other: 0.06ms
[7804.876s][info][gc,heap        ] GC(1189) Eden regions: 715->0(714)
[7804.876s][info][gc,heap        ] GC(1189) Survivor regions: 53->54(96)
[7804.876s][info][gc,heap        ] GC(1189) Old regions: 250->253
[7804.876s][info][gc,heap        ] GC(1189) Humongous regions: 33->33
[7804.876s][info][gc,metaspace   ] GC(1189) Metaspace: 29920K(30144K)->29920K(30144K) NonClass: 29920K(30144K)->29920K(30144K) Class: 0K(0K)->0K(0K)
[7804.876s][info][gc             ] GC(1189) Pause Young (Normal) (G1 Evacuation Pause) 8382M->2695M(10240M) 174.438ms
[7804.876s][info][gc,cpu         ] GC(1189) User=1.37s Sys=0.00s Real=0.18s
....[7808.407s][info][gc,start       ] GC(1190) Pause Young (Normal) (G1 Evacuation Pause)
[7808.407s][info][gc,task        ] GC(1190) Using 8 workers of 8 for evacuation
[7808.579s][info][gc,phases      ] GC(1190)   Pre Evacuate Collection Set: 0.28ms
[7808.579s][info][gc,phases      ] GC(1190)   Merge Heap Roots: 0.56ms
[7808.579s][info][gc,phases      ] GC(1190)   Evacuate Collection Set: 169.51ms
[7808.579s][info][gc,phases      ] GC(1190)   Post Evacuate Collection Set: 1.30ms
[7808.579s][info][gc,phases      ] GC(1190)   Other: 0.06ms
[7808.579s][info][gc,heap        ] GC(1190) Eden regions: 714->0(715)
[7808.579s][info][gc,heap        ] GC(1190) Survivor regions: 54->53(96)
[7808.579s][info][gc,heap        ] GC(1190) Old regions: 253->256
[7808.579s][info][gc,heap        ] GC(1190) Humongous regions: 33->33
[7808.579s][info][gc,metaspace   ] GC(1190) Metaspace: 29920K(30144K)->29920K(30144K) NonClass: 29920K(30144K)->29920K(30144K) Class: 0K(0K)->0K(0K)
[7808.579s][info][gc             ] GC(1190) Pause Young (Normal) (G1 Evacuation Pause) 8407M->2709M(10240M) 171.846ms
[7808.579s][info][gc,cpu         ] GC(1190) User=1.35s Sys=0.00s Real=0.17s
....[7812.195s][info][gc,start       ] GC(1191) Pause Young (Normal) (G1 Evacuation Pause)
[7812.195s][info][gc,task        ] GC(1191) Using 8 workers of 8 for evacuation
[7812.360s][info][gc,phases      ] GC(1191)   Pre Evacuate Collection Set: 0.27ms
[7812.360s][info][gc,phases      ] GC(1191)   Merge Heap Roots: 0.58ms
[7812.360s][info][gc,phases      ] GC(1191)   Evacuate Collection Set: 162.62ms
[7812.360s][info][gc,phases      ] GC(1191)   Post Evacuate Collection Set: 1.30ms
[7812.360s][info][gc,phases      ] GC(1191)   Other: 0.07ms
[7812.360s][info][gc,heap        ] GC(1191) Eden regions: 715->0(717)
[7812.360s][info][gc,heap        ] GC(1191) Survivor regions: 53->51(96)
[7812.360s][info][gc,heap        ] GC(1191) Old regions: 256->258
[7812.360s][info][gc,heap        ] GC(1191) Humongous regions: 33->33
[7812.360s][info][gc,metaspace   ] GC(1191) Metaspace: 29920K(30144K)->29920K(30144K) NonClass: 29920K(30144K)->29920K(30144K) Class: 0K(0K)->0K(0K)
[7812.360s][info][gc             ] GC(1191) Pause Young (Normal) (G1 Evacuation Pause) 8429M->2715M(10240M) 164.968ms
[7812.360s][info][gc,cpu         ] GC(1191) User=1.30s Sys=0.00s Real=0.17s
....[7815.982s][info][gc,start       ] GC(1192) Pause Young (Normal) (G1 Evacuation Pause)
[7815.982s][info][gc,task        ] GC(1192) Using 8 workers of 8 for evacuation
[7816.159s][info][gc,phases      ] GC(1192)   Pre Evacuate Collection Set: 0.24ms
[7816.159s][info][gc,phases      ] GC(1192)   Merge Heap Roots: 0.57ms
[7816.159s][info][gc,phases      ] GC(1192)   Evacuate Collection Set: 174.87ms
[7816.159s][info][gc,phases      ] GC(1192)   Post Evacuate Collection Set: 1.31ms
[7816.159s][info][gc,phases      ] GC(1192)   Other: 0.06ms
[7816.159s][info][gc,heap        ] GC(1192) Eden regions: 717->0(713)
[7816.159s][info][gc,heap        ] GC(1192) Survivor regions: 51->55(96)
[7816.159s][info][gc,heap        ] GC(1192) Old regions: 258->261
[7816.159s][info][gc,heap        ] GC(1192) Humongous regions: 33->33
[7816.159s][info][gc,metaspace   ] GC(1192) Metaspace: 29920K(30144K)->29920K(30144K) NonClass: 29920K(30144K)->29920K(30144K) Class: 0K(0K)->0K(0K)
[7816.159s][info][gc             ] GC(1192) Pause Young (Normal) (G1 Evacuation Pause) 8451M->2766M(10240M) 177.204ms
[7816.159s][info][gc,cpu         ] GC(1192) User=1.39s Sys=0.00s Real=0.18s
...[7819.605s][info][gc,start       ] GC(1193) Pause Young (Normal) (G1 Evacuation Pause)
[7819.605s][info][gc,task        ] GC(1193) Using 8 workers of 8 for evacuation
[7819.772s][info][gc,phases      ] GC(1193)   Pre Evacuate Collection Set: 0.28ms
[7819.773s][info][gc,phases      ] GC(1193)   Merge Heap Roots: 0.57ms
[7819.773s][info][gc,phases      ] GC(1193)   Evacuate Collection Set: 165.24ms
[7819.773s][info][gc,phases      ] GC(1193)   Post Evacuate Collection Set: 1.27ms
[7819.773s][info][gc,phases      ] GC(1193)   Other: 0.06ms
[7819.773s][info][gc,heap        ] GC(1193) Eden regions: 713->0(716)
[7819.773s][info][gc,heap        ] GC(1193) Survivor regions: 55->52(96)
[7819.773s][info][gc,heap        ] GC(1193) Old regions: 261->264
[7819.773s][info][gc,heap        ] GC(1193) Humongous regions: 33->33
[7819.773s][info][gc,metaspace   ] GC(1193) Metaspace: 29920K(30144K)->29920K(30144K) NonClass: 29920K(30144K)->29920K(30144K) Class: 0K(0K)->0K(0K)
[7819.773s][info][gc             ] GC(1193) Pause Young (Normal) (G1 Evacuation Pause) 8470M->2769M(10240M) 167.568ms
[7819.773s][info][gc,cpu         ] GC(1193) User=1.32s Sys=0.00s Real=0.17s
....[7823.426s][info][gc,start       ] GC(1194) Pause Young (Normal) (G1 Evacuation Pause)
[7823.426s][info][gc,task        ] GC(1194) Using 8 workers of 8 for evacuation
[7823.601s][info][gc,phases      ] GC(1194)   Pre Evacuate Collection Set: 0.26ms
[7823.601s][info][gc,phases      ] GC(1194)   Merge Heap Roots: 0.57ms
[7823.601s][info][gc,phases      ] GC(1194)   Evacuate Collection Set: 173.27ms
[7823.601s][info][gc,phases      ] GC(1194)   Post Evacuate Collection Set: 1.31ms
[7823.601s][info][gc,phases      ] GC(1194)   Other: 0.07ms
[7823.601s][info][gc,heap        ] GC(1194) Eden regions: 716->0(713)
[7823.601s][info][gc,heap        ] GC(1194) Survivor regions: 52->55(96)
[7823.602s][info][gc,heap        ] GC(1194) Old regions: 264->267
[7823.602s][info][gc,heap        ] GC(1194) Humongous regions: 33->33
[7823.602s][info][gc,metaspace   ] GC(1194) Metaspace: 29920K(30144K)->29920K(30144K) NonClass: 29920K(30144K)->29920K(30144K) Class: 0K(0K)->0K(0K)
[7823.602s][info][gc             ] GC(1194) Pause Young (Normal) (G1 Evacuation Pause) 8497M->2815M(10240M) 175.624ms
[7823.602s][info][gc,cpu         ] GC(1194) User=1.38s Sys=0.01s Real=0.17s
....[7826.909s][info][gc,start       ] GC(1195) Pause Young (Normal) (G1 Evacuation Pause)
[7826.909s][info][gc,task        ] GC(1195) Using 8 workers of 8 for evacuation
[7827.099s][info][gc,phases      ] GC(1195)   Pre Evacuate Collection Set: 0.27ms
[7827.100s][info][gc,phases      ] GC(1195)   Merge Heap Roots: 0.58ms
[7827.100s][info][gc,phases      ] GC(1195)   Evacuate Collection Set: 188.14ms
[7827.100s][info][gc,phases      ] GC(1195)   Post Evacuate Collection Set: 1.33ms
[7827.100s][info][gc,phases      ] GC(1195)   Other: 0.06ms
[7827.100s][info][gc,heap        ] GC(1195) Eden regions: 713->0(606)
[7827.100s][info][gc,heap        ] GC(1195) Survivor regions: 55->59(96)
[7827.100s][info][gc,heap        ] GC(1195) Old regions: 267->269
[7827.100s][info][gc,heap        ] GC(1195) Humongous regions: 33->33
[7827.100s][info][gc,metaspace   ] GC(1195) Metaspace: 29920K(30144K)->29920K(30144K) NonClass: 29920K(30144K)->29920K(30144K) Class: 0K(0K)->0K(0K)
[7827.100s][info][gc             ] GC(1195) Pause Young (Normal) (G1 Evacuation Pause) 8519M->2863M(10240M) 190.509ms
[7827.100s][info][gc,cpu         ] GC(1195) User=1.50s Sys=0.00s Real=0.19s
...[7830.125s][info][gc,start       ] GC(1196) Pause Young (Normal) (G1 Evacuation Pause)
[7830.125s][info][gc,task        ] GC(1196) Using 8 workers of 8 for evacuation
[7830.294s][info][gc,phases      ] GC(1196)   Pre Evacuate Collection Set: 0.26ms
[7830.294s][info][gc,phases      ] GC(1196)   Merge Heap Roots: 0.55ms
[7830.294s][info][gc,phases      ] GC(1196)   Evacuate Collection Set: 166.94ms
[7830.294s][info][gc,phases      ] GC(1196)   Post Evacuate Collection Set: 1.13ms
[7830.294s][info][gc,phases      ] GC(1196)   Other: 0.06ms
[7830.294s][info][gc,heap        ] GC(1196) Eden regions: 610->0(721)
[7830.294s][info][gc,heap        ] GC(1196) Survivor regions: 59->47(84)
[7830.294s][info][gc,heap        ] GC(1196) Old regions: 269->278
[7830.294s][info][gc,heap        ] GC(1196) Humongous regions: 33->33
[7830.294s][info][gc,metaspace   ] GC(1196) Metaspace: 29920K(30144K)->29920K(30144K) NonClass: 29920K(30144K)->29920K(30144K) Class: 0K(0K)->0K(0K)
[7830.294s][info][gc             ] GC(1196) Pause Young (Normal) (G1 Evacuation Pause) 7743M->2843M(10240M) 169.087ms
[7830.295s][info][gc,cpu         ] GC(1196) User=1.33s Sys=0.00s Real=0.17s
... (rIR:aIR:PR = 13284:13326:13125) (tPR = 195401) [PR is under limit] 
  7832s: Performance info:
         Transaction,    Success,    Partial,     Failed,   Receipts, AvgBarcode, 
             Overall,     262608,          0,          0,     249733,      59.48, 
         Response times:
             Request,    Success,    Partial,     Failed,   SkipFail,     Probes,    Samples,      min,      p50,      p90,      p95,      p99,      max, 
       TotalPurchase,     253659,          0,          0,          0,      51896,     178951,     1100,   479000,   800000,   960000,  1300000, 23000000,
     InStorePurchase,     133361,          0,          0,          0,      26572,      93875,     1600,   481000,   810000,  1100000,  1300000, 23000000,
      OnlinePurchase,      93874,          0,          0,          0,      18982,      65882,     1100,   479000,   790000,   870000,  1300000, 23000000,
        InstPurchase,      26424,          0,          0,          0,       6342,      19194,     3000,   472000,   820000,  1100000,  1700000, 13000000,
          AssocOfCat,        263,          0,          0,          0,        138,        410,    72000,   525500,   810000,   854500,  1881200,  2200000,
      AssocOfProduct,       2616,          0,          0,          0,        766,       2143,    15200,   488000,   920000,  1400000,  2200000, 11000000,
      BusinessReport,        665,          0,          0,          0,        372,        964,    96000,   539500,   850000,  1100000,  1200000,  5500000,
          CustBuyBeh,       2515,          0,          0,          0,        763,       2110,     7500,   505000,   919000,  1400000,  2200000, 23000000,
       ProductReturn,       6916,          0,          0,          0,       1814,       4899,     3600,   473000,   820000,  1300000,  1800000,  3100000,

  7832s: 
  7832s: Failing in a row, point 2 of 3
  7832s: (97%)   IR =  13422 [7833.852s][info][gc,start       ] GC(1197) Pause Young (Normal) (G1 Evacuation Pause)
[7833.852s][info][gc,task        ] GC(1197) Using 8 workers of 8 for evacuation
[7834.019s][info][gc,phases      ] GC(1197)   Pre Evacuate Collection Set: 0.26ms
[7834.019s][info][gc,phases      ] GC(1197)   Merge Heap Roots: 0.56ms
[7834.019s][info][gc,phases      ] GC(1197)   Evacuate Collection Set: 165.28ms
[7834.019s][info][gc,phases      ] GC(1197)   Post Evacuate Collection Set: 1.29ms
[7834.019s][info][gc,phases      ] GC(1197)   Other: 0.07ms
[7834.019s][info][gc,heap        ] GC(1197) Eden regions: 721->0(702)
[7834.019s][info][gc,heap        ] GC(1197) Survivor regions: 47->55(96)
[7834.019s][info][gc,heap        ] GC(1197) Old regions: 278->278
[7834.019s][info][gc,heap        ] GC(1197) Humongous regions: 33->33
[7834.019s][info][gc,metaspace   ] GC(1197) Metaspace: 29920K(30144K)->29920K(30144K) NonClass: 29920K(30144K)->29920K(30144K) Class: 0K(0K)->0K(0K)
[7834.019s][info][gc             ] GC(1197) Pause Young (Normal) (G1 Evacuation Pause) 8611M->2903M(10240M) 167.597ms
[7834.019s][info][gc,cpu         ] GC(1197) User=1.31s Sys=0.00s Real=0.17s
....[7837.569s][info][gc,start       ] GC(1198) Pause Young (Concurrent Start) (G1 Evacuation Pause)
[7837.569s][info][gc,task        ] GC(1198) Using 8 workers of 8 for evacuation
[7837.745s][info][gc,phases      ] GC(1198)   Pre Evacuate Collection Set: 0.32ms
[7837.745s][info][gc,phases      ] GC(1198)   Merge Heap Roots: 0.57ms
[7837.745s][info][gc,phases      ] GC(1198)   Evacuate Collection Set: 173.89ms
[7837.745s][info][gc,phases      ] GC(1198)   Post Evacuate Collection Set: 1.39ms
[7837.745s][info][gc,phases      ] GC(1198)   Other: 0.08ms
[7837.745s][info][gc,heap        ] GC(1198) Eden regions: 703->0(714)
[7837.745s][info][gc,heap        ] GC(1198) Survivor regions: 55->54(95)
[7837.745s][info][gc,heap        ] GC(1198) Old regions: 278->282
[7837.745s][info][gc,heap        ] GC(1198) Humongous regions: 33->33
[7837.745s][info][gc,metaspace   ] GC(1198) Metaspace: 29920K(30144K)->29920K(30144K) NonClass: 29920K(30144K)->29920K(30144K) Class: 0K(0K)->0K(0K)
[7837.745s][info][gc             ] GC(1198) Pause Young (Concurrent Start) (G1 Evacuation Pause) 8527M->2926M(10240M) 176.410ms
[7837.746s][info][gc             ] GC(1199) Concurrent Mark Cycle
[7837.746s][info][gc,marking     ] GC(1199) Concurrent Scan Root Regions
[7837.746s][info][gc,cpu         ] GC(1198) User=1.39s Sys=0.00s Real=0.17s
[7838.016s][info][gc,marking     ] GC(1199) Concurrent Scan Root Regions 270.461ms
[7838.016s][info][gc,marking     ] GC(1199) Concurrent Mark
[7838.016s][info][gc,marking     ] GC(1199) Concurrent Mark From Roots
[7838.016s][info][gc,task        ] GC(1199) Using 2 workers of 2 for marking
.[7838.910s][info][gc,marking     ] GC(1199) Concurrent Mark From Roots 893.965ms
[7838.910s][info][gc,marking     ] GC(1199) Concurrent Preclean
[7838.910s][info][gc,marking     ] GC(1199) Concurrent Preclean 0.198ms
[7838.910s][info][gc,start       ] GC(1199) Pause Remark
[7838.912s][info][gc             ] GC(1199) Pause Remark 4258M->4018M(10240M) 1.502ms
[7838.912s][info][gc,cpu         ] GC(1199) User=0.01s Sys=0.00s Real=0.00s
[7838.912s][info][gc,marking     ] GC(1199) Concurrent Mark 895.955ms
[7838.912s][info][gc,marking     ] GC(1199) Concurrent Rebuild Remembered Sets and Scrub Regions
.[7839.643s][info][gc,marking     ] GC(1199) Concurrent Rebuild Remembered Sets and Scrub Regions 730.642ms
[7839.643s][info][gc,start       ] GC(1199) Pause Cleanup
[7839.643s][info][gc             ] GC(1199) Pause Cleanup 5035M->5035M(10240M) 0.243ms
[7839.643s][info][gc,cpu         ] GC(1199) User=0.00s Sys=0.00s Real=0.00s
[7839.643s][info][gc,marking     ] GC(1199) Concurrent Clear Claimed Marks
[7839.643s][info][gc,marking     ] GC(1199) Concurrent Clear Claimed Marks 0.037ms
[7839.643s][info][gc,marking     ] GC(1199) Concurrent Cleanup for Next Mark
[7839.658s][info][gc,marking     ] GC(1199) Concurrent Cleanup for Next Mark 15.100ms
[7839.658s][info][gc             ] GC(1199) Concurrent Mark Cycle 1912.851ms
..[7841.671s][info][gc,start       ] GC(1200) Pause Young (Prepare Mixed) (G1 Evacuation Pause)
[7841.671s][info][gc,task        ] GC(1200) Using 8 workers of 8 for evacuation
[7841.842s][info][gc,phases      ] GC(1200)   Pre Evacuate Collection Set: 0.27ms
[7841.842s][info][gc,phases      ] GC(1200)   Merge Heap Roots: 0.82ms
[7841.842s][info][gc,phases      ] GC(1200)   Evacuate Collection Set: 168.79ms
[7841.842s][info][gc,phases      ] GC(1200)   Post Evacuate Collection Set: 1.38ms
[7841.842s][info][gc,phases      ] GC(1200)   Other: 0.07ms
[7841.842s][info][gc,heap        ] GC(1200) Eden regions: 713->0(685)
[7841.842s][info][gc,heap        ] GC(1200) Survivor regions: 54->54(96)
[7841.842s][info][gc,heap        ] GC(1200) Old regions: 252->254
[7841.842s][info][gc,heap        ] GC(1200) Humongous regions: 33->33
[7841.842s][info][gc,metaspace   ] GC(1200) Metaspace: 29920K(30144K)->29920K(30144K) NonClass: 29920K(30144K)->29920K(30144K) Class: 0K(0K)->0K(0K)
[7841.842s][info][gc             ] GC(1200) Pause Young (Prepare Mixed) (G1 Evacuation Pause) 8390M->2702M(10240M) 171.464ms
[7841.842s][info][gc,cpu         ] GC(1200) User=1.35s Sys=0.01s Real=0.17s
....[7845.294s][info][gc,start       ] GC(1201) Pause Young (Mixed) (G1 Evacuation Pause)
[7845.294s][info][gc,task        ] GC(1201) Using 8 workers of 8 for evacuation
[7845.467s][info][gc,phases      ] GC(1201)   Pre Evacuate Collection Set: 0.26ms
[7845.467s][info][gc,phases      ] GC(1201)   Merge Heap Roots: 0.63ms
[7845.467s][info][gc,phases      ] GC(1201)   Evacuate Collection Set: 170.64ms
[7845.467s][info][gc,phases      ] GC(1201)   Post Evacuate Collection Set: 1.32ms
[7845.467s][info][gc,phases      ] GC(1201)   Other: 0.09ms
[7845.467s][info][gc,heap        ] GC(1201) Eden regions: 684->0(708)
[7845.467s][info][gc,heap        ] GC(1201) Survivor regions: 54->53(93)
[7845.467s][info][gc,heap        ] GC(1201) Old regions: 254->241
[7845.467s][info][gc,heap        ] GC(1201) Humongous regions: 33->33
[7845.467s][info][gc,metaspace   ] GC(1201) Metaspace: 29920K(30144K)->29920K(30144K) NonClass: 29920K(30144K)->29920K(30144K) Class: 0K(0K)->0K(0K)
[7845.467s][info][gc             ] GC(1201) Pause Young (Mixed) (G1 Evacuation Pause) 8174M->2594M(10240M) 173.100ms
[7845.467s][info][gc,cpu         ] GC(1201) User=1.36s Sys=0.00s Real=0.18s
...[7849.002s][info][gc,start       ] GC(1202) Pause Young (Mixed) (G1 Evacuation Pause)
[7849.002s][info][gc,task        ] GC(1202) Using 8 workers of 8 for evacuation
[7849.185s][info][gc,phases      ] GC(1202)   Pre Evacuate Collection Set: 0.27ms
[7849.185s][info][gc,phases      ] GC(1202)   Merge Heap Roots: 0.70ms
[7849.185s][info][gc,phases      ] GC(1202)   Evacuate Collection Set: 181.29ms
[7849.185s][info][gc,phases      ] GC(1202)   Post Evacuate Collection Set: 1.41ms
[7849.185s][info][gc,phases      ] GC(1202)   Other: 0.08ms
[7849.185s][info][gc,heap        ] GC(1202) Eden regions: 707->0(629)
[7849.185s][info][gc,heap        ] GC(1202) Survivor regions: 53->56(95)
[7849.185s][info][gc,heap        ] GC(1202) Old regions: 241->228
[7849.185s][info][gc,heap        ] GC(1202) Humongous regions: 33->33
[7849.185s][info][gc,metaspace   ] GC(1202) Metaspace: 29920K(30144K)->29920K(30144K) NonClass: 29920K(30144K)->29920K(30144K) Class: 0K(0K)->0K(0K)
[7849.186s][info][gc             ] GC(1202) Pause Young (Mixed) (G1 Evacuation Pause) 8250M->2511M(10240M) 183.888ms
[7849.186s][info][gc,cpu         ] GC(1202) User=1.44s Sys=0.00s Real=0.18s
....[7852.249s][info][gc,start       ] GC(1203) Pause Young (Mixed) (G1 Evacuation Pause)
[7852.249s][info][gc,task        ] GC(1203) Using 8 workers of 8 for evacuation
[7852.428s][info][gc,phases      ] GC(1203)   Pre Evacuate Collection Set: 0.27ms
[7852.428s][info][gc,phases      ] GC(1203)   Merge Heap Roots: 0.64ms
[7852.428s][info][gc,phases      ] GC(1203)   Evacuate Collection Set: 176.24ms
[7852.428s][info][gc,phases      ] GC(1203)   Post Evacuate Collection Set: 1.27ms
[7852.428s][info][gc,phases      ] GC(1203)   Other: 0.07ms
[7852.428s][info][gc,heap        ] GC(1203) Eden regions: 631->0(712)
[7852.428s][info][gc,heap        ] GC(1203) Survivor regions: 56->50(86)
[7852.428s][info][gc,heap        ] GC(1203) Old regions: 228->221
[7852.428s][info][gc,heap        ] GC(1203) Humongous regions: 33->33
[7852.428s][info][gc,metaspace   ] GC(1203) Metaspace: 29920K(30144K)->29920K(30144K) NonClass: 29920K(30144K)->29920K(30144K) Class: 0K(0K)->0K(0K)
[7852.428s][info][gc             ] GC(1203) Pause Young (Mixed) (G1 Evacuation Pause) 7559M->2407M(10240M) 178.622ms
[7852.428s][info][gc,cpu         ] GC(1203) User=1.40s Sys=0.00s Real=0.18s
...[7855.888s][info][gc,start       ] GC(1204) Pause Young (Mixed) (G1 Evacuation Pause)
[7855.888s][info][gc,task        ] GC(1204) Using 8 workers of 8 for evacuation
[7856.061s][info][gc,phases      ] GC(1204)   Pre Evacuate Collection Set: 0.29ms
[7856.061s][info][gc,phases      ] GC(1204)   Merge Heap Roots: 0.65ms
[7856.061s][info][gc,phases      ] GC(1204)   Evacuate Collection Set: 170.82ms
[7856.061s][info][gc,phases      ] GC(1204)   Merge Optional Heap Roots: 0.06ms
[7856.061s][info][gc,phases      ] GC(1204)   Evacuate Optional Collection Set: 0.38ms
[7856.061s][info][gc,phases      ] GC(1204)   Post Evacuate Collection Set: 1.45ms
[7856.061s][info][gc,phases      ] GC(1204)   Other: 0.08ms
[7856.061s][info][gc,heap        ] GC(1204) Eden regions: 718->0(631)
[7856.061s][info][gc,heap        ] GC(1204) Survivor regions: 50->55(96)
[7856.061s][info][gc,heap        ] GC(1204) Old regions: 221->190
[7856.061s][info][gc,heap        ] GC(1204) Humongous regions: 33->33
[7856.061s][info][gc,metaspace   ] GC(1204) Metaspace: 29920K(30144K)->29920K(30144K) NonClass: 29920K(30144K)->29920K(30144K) Class: 0K(0K)->0K(0K)
[7856.061s][info][gc             ] GC(1204) Pause Young (Mixed) (G1 Evacuation Pause) 8151M->2198M(10240M) 173.867ms
[7856.061s][info][gc,cpu         ] GC(1204) User=1.37s Sys=0.00s Real=0.17s
...[7859.091s][info][gc,start       ] GC(1205) Pause Young (Mixed) (G1 Evacuation Pause)
[7859.091s][info][gc,task        ] GC(1205) Using 8 workers of 8 for evacuation
[7859.260s][info][gc,phases      ] GC(1205)   Pre Evacuate Collection Set: 0.27ms
[7859.260s][info][gc,phases      ] GC(1205)   Merge Heap Roots: 0.66ms
[7859.260s][info][gc,phases      ] GC(1205)   Evacuate Collection Set: 166.21ms
[7859.260s][info][gc,phases      ] GC(1205)   Post Evacuate Collection Set: 1.21ms
[7859.260s][info][gc,phases      ] GC(1205)   Other: 0.07ms
[7859.260s][info][gc,heap        ] GC(1205) Eden regions: 631->0(721)
[7859.260s][info][gc,heap        ] GC(1205) Survivor regions: 55->47(86)
[7859.260s][info][gc,heap        ] GC(1205) Old regions: 190->183
[7859.260s][info][gc,heap        ] GC(1205) Humongous regions: 33->33
[7859.260s][info][gc,metaspace   ] GC(1205) Metaspace: 29920K(30144K)->29920K(30144K) NonClass: 29920K(30144K)->29920K(30144K) Class: 0K(0K)->0K(0K)
[7859.260s][info][gc             ] GC(1205) Pause Young (Mixed) (G1 Evacuation Pause) 7246M->2074M(10240M) 168.571ms
[7859.260s][info][gc,cpu         ] GC(1205) User=1.33s Sys=0.00s Real=0.17s
....[7862.783s][info][gc,start       ] GC(1206) Pause Young (Mixed) (G1 Evacuation Pause)
[7862.783s][info][gc,task        ] GC(1206) Using 8 workers of 8 for evacuation
[7862.965s][info][gc,phases      ] GC(1206)   Pre Evacuate Collection Set: 0.27ms
[7862.965s][info][gc,phases      ] GC(1206)   Merge Heap Roots: 0.82ms
[7862.965s][info][gc,phases      ] GC(1206)   Evacuate Collection Set: 179.46ms
[7862.965s][info][gc,phases      ] GC(1206)   Post Evacuate Collection Set: 1.34ms
[7862.965s][info][gc,phases      ] GC(1206)   Other: 0.07ms
[7862.965s][info][gc,heap        ] GC(1206) Eden regions: 721->0(630)
[7862.965s][info][gc,heap        ] GC(1206) Survivor regions: 47->58(96)
[7862.965s][info][gc,heap        ] GC(1206) Old regions: 183->154
[7862.965s][info][gc,heap        ] GC(1206) Humongous regions: 33->33
[7862.965s][info][gc,metaspace   ] GC(1206) Metaspace: 29920K(30144K)->29920K(30144K) NonClass: 29920K(30144K)->29920K(30144K) Class: 0K(0K)->0K(0K)
[7862.965s][info][gc             ] GC(1206) Pause Young (Mixed) (G1 Evacuation Pause) 7842M->1934M(10240M) 182.116ms
[7862.965s][info][gc,cpu         ] GC(1206) User=1.44s Sys=0.00s Real=0.18s
. (rIR:aIR:PR = 13422:13500:12983) (tPR = 194725) [PR is under limit] 
  7863s: Performance info:
         Transaction,    Success,    Partial,     Failed,   Receipts, AvgBarcode, 
             Overall,     262561,          0,          0,     249822,      59.48, 
         Response times:
             Request,    Success,    Partial,     Failed,   SkipFail,     Probes,    Samples,      min,      p50,      p90,      p95,      p99,      max, 
       TotalPurchase,     259642,          0,          0,          0,      30948,     179315,     2600,   620000,  1300000,  1600000,  2600000, 38000000,
     InStorePurchase,     135815,          0,          0,          0,      16188,      94236,     2600,   610000,  1300000,  1800000,  2900000, 38000000,
      OnlinePurchase,      96531,          0,          0,          0,      11432,      66340,     5200,   630000,  1200000,  1500000,  1800000, 38000000,
        InstPurchase,      27296,          0,          0,          0,       3328,      18739,     6800,   640000,  1200000,  1700000,  1900000, 38000000,
          AssocOfCat,        270,          0,          0,          0,        115,        404,    52000,   660000,  1400000,  1400000,  2000000,  2600000,
      AssocOfProduct,       2751,          0,          0,          0,        685,       2126,    21000,   720000,  1400000,  1500000,  1700000, 38000000,
      BusinessReport,        683,          0,          0,          0,        278,       1005,   108000,   770000,  1300000,  1570000,  2200000,  5000000,
          CustBuyBeh,       2672,          0,          0,          0,        681,       2172,     4500,   710000,  1300000,  1600000,  4300000,  7900000,
       ProductReturn,       6997,          0,          0,          0,        923,       5205,    14700,   620000,  1300000,  1900000,  3700000, 17000000,

  7863s: 
  7863s: Failing in a row, point 3 of 3
  7863s: (98%)   IR =  13560 ..[7866.067s][info][gc,start       ] GC(1207) Pause Young (Normal) (G1 Evacuation Pause)
[7866.067s][info][gc,task        ] GC(1207) Using 8 workers of 8 for evacuation
[7866.229s][info][gc,phases      ] GC(1207)   Pre Evacuate Collection Set: 0.26ms
[7866.229s][info][gc,phases      ] GC(1207)   Merge Heap Roots: 0.55ms
[7866.229s][info][gc,phases      ] GC(1207)   Evacuate Collection Set: 160.42ms
[7866.229s][info][gc,phases      ] GC(1207)   Post Evacuate Collection Set: 1.14ms
[7866.229s][info][gc,phases      ] GC(1207)   Other: 0.09ms
[7866.229s][info][gc,heap        ] GC(1207) Eden regions: 633->0(722)
[7866.229s][info][gc,heap        ] GC(1207) Survivor regions: 58->46(87)
[7866.229s][info][gc,heap        ] GC(1207) Old regions: 154->163
[7866.229s][info][gc,heap        ] GC(1207) Humongous regions: 33->33
[7866.229s][info][gc,metaspace   ] GC(1207) Metaspace: 29920K(30144K)->29920K(30144K) NonClass: 29920K(30144K)->29920K(30144K) Class: 0K(0K)->0K(0K)
[7866.229s][info][gc             ] GC(1207) Pause Young (Normal) (G1 Evacuation Pause) 6998M->1913M(10240M) 162.588ms
[7866.229s][info][gc,cpu         ] GC(1207) User=1.28s Sys=0.00s Real=0.16s
....[7869.773s][info][gc,start       ] GC(1208) Pause Young (Normal) (G1 Evacuation Pause)
[7869.773s][info][gc,task        ] GC(1208) Using 8 workers of 8 for evacuation
[7869.941s][info][gc,phases      ] GC(1208)   Pre Evacuate Collection Set: 0.25ms
[7869.941s][info][gc,phases      ] GC(1208)   Merge Heap Roots: 0.53ms
[7869.941s][info][gc,phases      ] GC(1208)   Evacuate Collection Set: 166.35ms
[7869.941s][info][gc,phases      ] GC(1208)   Post Evacuate Collection Set: 1.30ms
[7869.941s][info][gc,phases      ] GC(1208)   Other: 0.07ms
[7869.941s][info][gc,heap        ] GC(1208) Eden regions: 722->0(705)
[7869.941s][info][gc,heap        ] GC(1208) Survivor regions: 46->55(96)
[7869.941s][info][gc,heap        ] GC(1208) Old regions: 163->163
[7869.941s][info][gc,heap        ] GC(1208) Humongous regions: 33->33
[7869.941s][info][gc,metaspace   ] GC(1208) Metaspace: 29920K(30144K)->29920K(30144K) NonClass: 29920K(30144K)->29920K(30144K) Class: 0K(0K)->0K(0K)
[7869.941s][info][gc             ] GC(1208) Pause Young (Normal) (G1 Evacuation Pause) 7689M->1981M(10240M) 168.636ms
[7869.941s][info][gc,cpu         ] GC(1208) User=1.32s Sys=0.00s Real=0.17s
....[7873.475s][info][gc,start       ] GC(1209) Pause Young (Normal) (G1 Evacuation Pause)
[7873.475s][info][gc,task        ] GC(1209) Using 8 workers of 8 for evacuation
[7873.645s][info][gc,phases      ] GC(1209)   Pre Evacuate Collection Set: 0.27ms
[7873.645s][info][gc,phases      ] GC(1209)   Merge Heap Roots: 0.61ms
[7873.645s][info][gc,phases      ] GC(1209)   Evacuate Collection Set: 168.57ms
[7873.645s][info][gc,phases      ] GC(1209)   Post Evacuate Collection Set: 1.35ms
[7873.645s][info][gc,phases      ] GC(1209)   Other: 0.07ms
[7873.645s][info][gc,heap        ] GC(1209) Eden regions: 708->0(715)
[7873.645s][info][gc,heap        ] GC(1209) Survivor regions: 55->53(96)
[7873.645s][info][gc,heap        ] GC(1209) Old regions: 163->166
[7873.645s][info][gc,heap        ] GC(1209) Humongous regions: 33->33
[7873.645s][info][gc,metaspace   ] GC(1209) Metaspace: 29920K(30144K)->29920K(30144K) NonClass: 29920K(30144K)->29920K(30144K) Class: 0K(0K)->0K(0K)
[7873.646s][info][gc             ] GC(1209) Pause Young (Normal) (G1 Evacuation Pause) 7645M->1988M(10240M) 171.008ms
[7873.646s][info][gc,cpu         ] GC(1209) User=1.34s Sys=0.00s Real=0.17s
...[7877.117s][info][gc,start       ] GC(1210) Pause Young (Normal) (G1 Evacuation Pause)
[7877.118s][info][gc,task        ] GC(1210) Using 8 workers of 8 for evacuation
[7877.288s][info][gc,phases      ] GC(1210)   Pre Evacuate Collection Set: 0.26ms
[7877.288s][info][gc,phases      ] GC(1210)   Merge Heap Roots: 0.54ms
[7877.288s][info][gc,phases      ] GC(1210)   Evacuate Collection Set: 168.42ms
[7877.288s][info][gc,phases      ] GC(1210)   Post Evacuate Collection Set: 1.26ms
[7877.288s][info][gc,phases      ] GC(1210)   Other: 0.07ms
[7877.288s][info][gc,heap        ] GC(1210) Eden regions: 715->0(715)
[7877.288s][info][gc,heap        ] GC(1210) Survivor regions: 53->53(96)
[7877.288s][info][gc,heap        ] GC(1210) Old regions: 166->169
[7877.288s][info][gc,heap        ] GC(1210) Humongous regions: 33->33
[7877.288s][info][gc,metaspace   ] GC(1210) Metaspace: 29920K(30144K)->29920K(30144K) NonClass: 29920K(30144K)->29920K(30144K) Class: 0K(0K)->0K(0K)
[7877.288s][info][gc             ] GC(1210) Pause Young (Normal) (G1 Evacuation Pause) 7708M->2012M(10240M) 170.679ms
[7877.288s][info][gc,cpu         ] GC(1210) User=1.35s Sys=0.00s Real=0.17s
....[7880.820s][info][gc,start       ] GC(1211) Pause Young (Normal) (G1 Evacuation Pause)
[7880.820s][info][gc,task        ] GC(1211) Using 8 workers of 8 for evacuation
[7880.997s][info][gc,phases      ] GC(1211)   Pre Evacuate Collection Set: 0.29ms
[7880.997s][info][gc,phases      ] GC(1211)   Merge Heap Roots: 0.61ms
[7880.997s][info][gc,phases      ] GC(1211)   Evacuate Collection Set: 174.23ms
[7880.997s][info][gc,phases      ] GC(1211)   Post Evacuate Collection Set: 1.29ms
[7880.997s][info][gc,phases      ] GC(1211)   Other: 0.06ms
[7880.997s][info][gc,heap        ] GC(1211) Eden regions: 715->0(713)
[7880.997s][info][gc,heap        ] GC(1211) Survivor regions: 53->55(96)
[7880.997s][info][gc,heap        ] GC(1211) Old regions: 169->171
[7880.997s][info][gc,heap        ] GC(1211) Humongous regions: 33->33
[7880.997s][info][gc,metaspace   ] GC(1211) Metaspace: 29920K(30144K)->29920K(30144K) NonClass: 29920K(30144K)->29920K(30144K) Class: 0K(0K)->0K(0K)
[7880.997s][info][gc             ] GC(1211) Pause Young (Normal) (G1 Evacuation Pause) 7732M->2049M(10240M) 176.623ms
[7880.997s][info][gc,cpu         ] GC(1211) User=1.39s Sys=0.00s Real=0.18s
....[7884.469s][info][gc,start       ] GC(1212) Pause Young (Normal) (G1 Evacuation Pause)
[7884.469s][info][gc,task        ] GC(1212) Using 8 workers of 8 for evacuation
[7884.641s][info][gc,phases      ] GC(1212)   Pre Evacuate Collection Set: 0.27ms
[7884.641s][info][gc,phases      ] GC(1212)   Merge Heap Roots: 0.55ms
[7884.641s][info][gc,phases      ] GC(1212)   Evacuate Collection Set: 170.02ms
[7884.641s][info][gc,phases      ] GC(1212)   Post Evacuate Collection Set: 1.25ms
[7884.641s][info][gc,phases      ] GC(1212)   Other: 0.06ms
[7884.641s][info][gc,heap        ] GC(1212) Eden regions: 713->0(715)
[7884.641s][info][gc,heap        ] GC(1212) Survivor regions: 55->53(96)
[7884.641s][info][gc,heap        ] GC(1212) Old regions: 171->174
[7884.641s][info][gc,heap        ] GC(1212) Humongous regions: 33->33
[7884.641s][info][gc,metaspace   ] GC(1212) Metaspace: 29920K(30144K)->29920K(30144K) NonClass: 29920K(30144K)->29920K(30144K) Class: 0K(0K)->0K(0K)
[7884.641s][info][gc             ] GC(1212) Pause Young (Normal) (G1 Evacuation Pause) 7753M->2055M(10240M) 172.294ms
[7884.641s][info][gc,cpu         ] GC(1212) User=1.36s Sys=0.00s Real=0.17s
...[7888.094s][info][gc,start       ] GC(1213) Pause Young (Normal) (G1 Evacuation Pause)
[7888.094s][info][gc,task        ] GC(1213) Using 8 workers of 8 for evacuation
[7888.271s][info][gc,phases      ] GC(1213)   Pre Evacuate Collection Set: 0.26ms
[7888.271s][info][gc,phases      ] GC(1213)   Merge Heap Roots: 0.55ms
[7888.271s][info][gc,phases      ] GC(1213)   Evacuate Collection Set: 175.10ms
[7888.271s][info][gc,phases      ] GC(1213)   Post Evacuate Collection Set: 1.27ms
[7888.271s][info][gc,phases      ] GC(1213)   Other: 0.06ms
[7888.271s][info][gc,heap        ] GC(1213) Eden regions: 715->0(713)
[7888.271s][info][gc,heap        ] GC(1213) Survivor regions: 53->55(96)
[7888.271s][info][gc,heap        ] GC(1213) Old regions: 174->177
[7888.271s][info][gc,heap        ] GC(1213) Humongous regions: 33->33
[7888.271s][info][gc,metaspace   ] GC(1213) Metaspace: 29920K(30144K)->29920K(30144K) NonClass: 29920K(30144K)->29920K(30144K) Class: 0K(0K)->0K(0K)
[7888.271s][info][gc             ] GC(1213) Pause Young (Normal) (G1 Evacuation Pause) 7775M->2088M(10240M) 177.391ms
[7888.271s][info][gc,cpu         ] GC(1213) User=1.39s Sys=0.00s Real=0.18s
....[7891.756s][info][gc,start       ] GC(1214) Pause Young (Normal) (G1 Evacuation Pause)
[7891.756s][info][gc,task        ] GC(1214) Using 8 workers of 8 for evacuation
[7891.924s][info][gc,phases      ] GC(1214)   Pre Evacuate Collection Set: 0.27ms
[7891.924s][info][gc,phases      ] GC(1214)   Merge Heap Roots: 0.56ms
[7891.924s][info][gc,phases      ] GC(1214)   Evacuate Collection Set: 165.63ms
[7891.924s][info][gc,phases      ] GC(1214)   Post Evacuate Collection Set: 1.22ms
[7891.924s][info][gc,phases      ] GC(1214)   Other: 0.08ms
[7891.924s][info][gc,heap        ] GC(1214) Eden regions: 713->0(716)
[7891.924s][info][gc,heap        ] GC(1214) Survivor regions: 55->52(96)
[7891.924s][info][gc,heap        ] GC(1214) Old regions: 177->179
[7891.924s][info][gc,heap        ] GC(1214) Humongous regions: 33->33
[7891.924s][info][gc,metaspace   ] GC(1214) Metaspace: 29920K(30144K)->29920K(30144K) NonClass: 29920K(30144K)->29920K(30144K) Class: 0K(0K)->0K(0K)
[7891.924s][info][gc             ] GC(1214) Pause Young (Normal) (G1 Evacuation Pause) 7792M->2089M(10240M) 167.902ms
[7891.924s][info][gc,cpu         ] GC(1214) User=1.32s Sys=0.00s Real=0.16s
.. (rIR:aIR:PR = 13560:13421:13225) (tPR = 196732) [IR is under limit] [PR is under limit] 
  7893s: Performance info:
         Transaction,    Success,    Partial,     Failed,   Receipts, AvgBarcode, 
             Overall,     264658,          0,          0,     251659,      59.48, 
         Response times:
             Request,    Success,    Partial,     Failed,   SkipFail,     Probes,    Samples,      min,      p50,      p90,      p95,      p99,      max, 
       TotalPurchase,     255095,          0,          0,          0,      11162,     175699,    45000,   710000,  1100000,  2000000,  3700000, 24000000,
     InStorePurchase,     135158,          0,          0,          0,       5907,      92057,    46000,   700000,   990000,  1800000,  3542000, 24000000,
      OnlinePurchase,      92862,          0,          0,          0,       4073,      64803,    45000,   730000,  1200000,  2400000,  3900000, 24000000,
        InstPurchase,      27075,          0,          0,          0,       1182,      18839,    49000,   710000,  1500000,  2500000,  4100000, 22000000,
          AssocOfCat,        272,          0,          0,          0,        116,        381,   162000,   640000,   958000,  2500000,  4500000,  4600000,
      AssocOfProduct,       2684,          0,          0,          0,        323,       2156,    55000,   860000,  1200000,  1300000,  1400000, 22000000,
      BusinessReport,        680,          0,          0,          0,         57,        943,   130000,   880000,  1100000,  1200000,  9500000, 22000000,
          CustBuyBeh,       2670,          0,          0,          0,        308,       2214,    57000,   860000,  1100000,  1200000,  1200000, 22000000,
       ProductReturn,       7170,          0,          0,          0,        333,       5126,    54000,   890000,  1300000,  2000000,  4700000, 13000000,

  7893s: Ending RT curve measurement because max-jOPS reached (too many failed points in a row)
  7893s: max-jOPS is presumably 13007
  7893s: 
  7893s: Settling (term) [7893.480s][info][gc,start       ] GC(1215) Pause Full (System.gc())
[7893.480s][info][gc,task        ] GC(1215) Using 8 workers of 8 for full compaction
[7893.480s][info][gc,phases,start] GC(1215) Phase 1: Mark live objects
[7893.494s][info][gc,phases      ] GC(1215) Phase 1: Mark live objects 13.420ms
[7893.494s][info][gc,phases,start] GC(1215) Phase 2: Prepare compaction
[7893.499s][info][gc,phases      ] GC(1215) Phase 2: Prepare compaction 5.855ms
[7893.500s][info][gc,phases,start] GC(1215) Phase 3: Adjust pointers
[7893.512s][info][gc,phases      ] GC(1215) Phase 3: Adjust pointers 12.447ms
[7893.512s][info][gc,phases,start] GC(1215) Phase 4: Compact heap
[7893.518s][info][gc,phases      ] GC(1215) Phase 4: Compact heap 6.075ms
[7893.518s][info][gc,phases,start] GC(1215) Phase 5: Reset Metadata
[7893.522s][info][gc,phases      ] GC(1215) Phase 5: Reset Metadata 3.908ms
[7893.532s][info][gc,heap        ] GC(1215) Eden regions: 326->0(768)
[7893.532s][info][gc,heap        ] GC(1215) Survivor regions: 52->0(96)
[7893.532s][info][gc,heap        ] GC(1215) Old regions: 179->12
[7893.532s][info][gc,heap        ] GC(1215) Humongous regions: 33->33
[7893.532s][info][gc,metaspace   ] GC(1215) Metaspace: 29922K(30144K)->29922K(30144K) NonClass: 29922K(30144K)->29922K(30144K) Class: 0K(0K)->0K(0K)
[7893.532s][info][gc             ] GC(1215) Pause Full (System.gc()) 4689M->332M(10240M) 52.117ms
[7893.532s][info][gc,cpu         ] GC(1215) User=0.34s Sys=0.01s Real=0.05s
(init) ... OK
  7899s: 
  7899s: Running for validation
  7899s: (load =  0%) ...|.......... (rIR:aIR:PR = 0:0:0) (tPR = 0) [OK] 
  7912s: (load = 10%) ....|.......... (rIR:aIR:PR = 1301:1306:1306) (tPR = 18645) [OK] 
  7926s: (load = 20%) [7926.849s][info][gc,start       ] GC(1216) Pause Young (Normal) (G1 Evacuation Pause)
[7926.849s][info][gc,task        ] GC(1216) Using 8 workers of 8 for evacuation
[7927.590s][info][gc,mmu         ] GC(1216) MMU target violated: 201.0ms (200.0ms/201.0ms)
[7927.590s][info][gc,phases      ] GC(1216)   Pre Evacuate Collection Set: 0.29ms
[7927.590s][info][gc,phases      ] GC(1216)   Merge Heap Roots: 0.96ms
[7927.590s][info][gc,phases      ] GC(1216)   Evacuate Collection Set: 737.43ms
[7927.590s][info][gc,phases      ] GC(1216)   Post Evacuate Collection Set: 1.63ms
[7927.590s][info][gc,phases      ] GC(1216)   Other: 0.11ms
[7927.590s][info][gc,heap        ] GC(1216) Eden regions: 768->0(368)
[7927.590s][info][gc,heap        ] GC(1216) Survivor regions: 0->96(96)
[7927.590s][info][gc,heap        ] GC(1216) Old regions: 12->64
[7927.590s][info][gc,heap        ] GC(1216) Humongous regions: 86->81
[7927.590s][info][gc,metaspace   ] GC(1216) Metaspace: 29924K(30144K)->29924K(30144K) NonClass: 29924K(30144K)->29924K(30144K) Class: 0K(0K)->0K(0K)
[7927.590s][info][gc             ] GC(1216) Pause Young (Normal) (G1 Evacuation Pause) 6900M->1900M(10240M) 740.523ms
[7927.590s][info][gc,cpu         ] GC(1216) User=5.83s Sys=0.01s Real=0.74s
.........[7936.249s][info][gc,start       ] GC(1217) Pause Young (Normal) (G1 Evacuation Pause)
[7936.249s][info][gc,task        ] GC(1217) Using 8 workers of 8 for evacuation
[7936.654s][info][gc,mmu         ] GC(1217) MMU target violated: 201.0ms (200.0ms/201.0ms)
[7936.654s][info][gc,phases      ] GC(1217)   Pre Evacuate Collection Set: 0.29ms
[7936.654s][info][gc,phases      ] GC(1217)   Merge Heap Roots: 0.77ms
[7936.654s][info][gc,phases      ] GC(1217)   Evacuate Collection Set: 403.37ms
[7936.654s][info][gc,phases      ] GC(1217)   Post Evacuate Collection Set: 0.78ms
[7936.654s][info][gc,phases      ] GC(1217)   Other: 0.09ms
[7936.654s][info][gc,heap        ] GC(1217) Eden regions: 366->0(263)
[7936.654s][info][gc,heap        ] GC(1217) Survivor regions: 96->22(58)
[7936.654s][info][gc,heap        ] GC(1217) Old regions: 64->158
[7936.654s][info][gc,heap        ] GC(1217) Humongous regions: 81->81
[7936.654s][info][gc,metaspace   ] GC(1217) Metaspace: 29925K(30144K)->29925K(30144K) NonClass: 29925K(30144K)->29925K(30144K) Class: 0K(0K)->0K(0K)
[7936.654s][info][gc             ] GC(1217) Pause Young (Normal) (G1 Evacuation Pause) 4828M->2056M(10240M) 405.401ms
[7936.654s][info][gc,cpu         ] GC(1217) User=3.19s Sys=0.01s Real=0.40s
........|.[7944.789s][info][gc,start       ] GC(1218) Pause Young (Normal) (G1 Evacuation Pause)
[7944.789s][info][gc,task        ] GC(1218) Using 8 workers of 8 for evacuation
[7944.891s][info][gc,phases      ] GC(1218)   Pre Evacuate Collection Set: 0.29ms
[7944.891s][info][gc,phases      ] GC(1218)   Merge Heap Roots: 0.51ms
[7944.891s][info][gc,phases      ] GC(1218)   Evacuate Collection Set: 100.47ms
[7944.891s][info][gc,phases      ] GC(1218)   Post Evacuate Collection Set: 0.78ms
[7944.891s][info][gc,phases      ] GC(1218)   Other: 0.06ms
[7944.891s][info][gc,heap        ] GC(1218) Eden regions: 331->0(165)
[7944.891s][info][gc,heap        ] GC(1218) Survivor regions: 22->34(45)
[7944.891s][info][gc,heap        ] GC(1218) Old regions: 158->158
[7944.891s][info][gc,heap        ] GC(1218) Humongous regions: 81->81
[7944.891s][info][gc,metaspace   ] GC(1218) Metaspace: 29925K(30144K)->29925K(30144K) NonClass: 29925K(30144K)->29925K(30144K) Class: 0K(0K)->0K(0K)
[7944.891s][info][gc             ] GC(1218) Pause Young (Normal) (G1 Evacuation Pause) 4704M->2152M(10240M) 102.261ms
[7944.891s][info][gc,cpu         ] GC(1218) User=0.80s Sys=0.01s Real=0.10s
......[7951.339s][info][gc,start       ] GC(1219) Pause Young (Normal) (G1 Evacuation Pause)
[7951.339s][info][gc,task        ] GC(1219) Using 8 workers of 8 for evacuation
[7951.450s][info][gc,phases      ] GC(1219)   Pre Evacuate Collection Set: 0.30ms
[7951.450s][info][gc,phases      ] GC(1219)   Merge Heap Roots: 0.47ms
[7951.450s][info][gc,phases      ] GC(1219)   Evacuate Collection Set: 109.26ms
[7951.450s][info][gc,phases      ] GC(1219)   Post Evacuate Collection Set: 0.60ms
[7951.450s][info][gc,phases      ] GC(1219)   Other: 0.06ms
[7951.450s][info][gc,heap        ] GC(1219) Eden regions: 254->0(408)
[7951.450s][info][gc,heap        ] GC(1219) Survivor regions: 34->17(36)
[7951.450s][info][gc,heap        ] GC(1219) Old regions: 158->183
[7951.450s][info][gc,heap        ] GC(1219) Humongous regions: 81->81
[7951.450s][info][gc,metaspace   ] GC(1219) Metaspace: 29925K(30144K)->29925K(30144K) NonClass: 29925K(30144K)->29925K(30144K) Class: 0K(0K)->0K(0K)
[7951.450s][info][gc             ] GC(1219) Pause Young (Normal) (G1 Evacuation Pause) 4184M->2220M(10240M) 110.819ms
[7951.450s][info][gc,cpu         ] GC(1219) User=0.87s Sys=0.00s Real=0.11s
... (rIR:aIR:PR = 2601:2593:2593) (tPR = 38943) [OK] 
  7953s: (load = 30%) ....|..[7960.308s][info][gc,start       ] GC(1220) Pause Young (Normal) (G1 Evacuation Pause)
[7960.308s][info][gc,task        ] GC(1220) Using 8 workers of 8 for evacuation
[7960.415s][info][gc,phases      ] GC(1220)   Pre Evacuate Collection Set: 0.28ms
[7960.415s][info][gc,phases      ] GC(1220)   Merge Heap Roots: 0.43ms
[7960.415s][info][gc,phases      ] GC(1220)   Evacuate Collection Set: 105.15ms
[7960.415s][info][gc,phases      ] GC(1220)   Post Evacuate Collection Set: 0.87ms
[7960.415s][info][gc,phases      ] GC(1220)   Other: 0.07ms
[7960.415s][info][gc,heap        ] GC(1220) Eden regions: 468->0(331)
[7960.415s][info][gc,heap        ] GC(1220) Survivor regions: 17->35(61)
[7960.415s][info][gc,heap        ] GC(1220) Old regions: 183->183
[7960.415s][info][gc,heap        ] GC(1220) Humongous regions: 81->81
[7960.415s][info][gc,metaspace   ] GC(1220) Metaspace: 29925K(30144K)->29925K(30144K) NonClass: 29925K(30144K)->29925K(30144K) Class: 0K(0K)->0K(0K)
[7960.415s][info][gc             ] GC(1220) Pause Young (Normal) (G1 Evacuation Pause) 5964M->2364M(10240M) 106.948ms
[7960.415s][info][gc,cpu         ] GC(1220) User=0.83s Sys=0.01s Real=0.10s
......[7966.321s][info][gc,start       ] GC(1221) Pause Young (Normal) (G1 Evacuation Pause)
[7966.321s][info][gc,task        ] GC(1221) Using 8 workers of 8 for evacuation
[7966.440s][info][gc,phases      ] GC(1221)   Pre Evacuate Collection Set: 0.26ms
[7966.440s][info][gc,phases      ] GC(1221)   Merge Heap Roots: 0.44ms
[7966.440s][info][gc,phases      ] GC(1221)   Evacuate Collection Set: 117.37ms
[7966.440s][info][gc,phases      ] GC(1221)   Post Evacuate Collection Set: 0.70ms
[7966.440s][info][gc,phases      ] GC(1221)   Other: 0.06ms
[7966.440s][info][gc,heap        ] GC(1221) Eden regions: 347->0(579)
[7966.440s][info][gc,heap        ] GC(1221) Survivor regions: 35->21(48)
[7966.440s][info][gc,heap        ] GC(1221) Old regions: 183->204
[7966.440s][info][gc,heap        ] GC(1221) Humongous regions: 81->81
[7966.440s][info][gc,metaspace   ] GC(1221) Metaspace: 29925K(30144K)->29925K(30144K) NonClass: 29925K(30144K)->29925K(30144K) Class: 0K(0K)->0K(0K)
[7966.440s][info][gc             ] GC(1221) Pause Young (Normal) (G1 Evacuation Pause) 5140M->2416M(10240M) 118.973ms
[7966.440s][info][gc,cpu         ] GC(1221) User=0.93s Sys=0.01s Real=0.12s
.. (rIR:aIR:PR = 3902:3901:3901) (tPR = 58516) [OK] 
  7967s: (load = 40%) ....|..[7974.492s][info][gc,start       ] GC(1222) Pause Young (Normal) (G1 Evacuation Pause)
[7974.492s][info][gc,task        ] GC(1222) Using 8 workers of 8 for evacuation
[7974.614s][info][gc,phases      ] GC(1222)   Pre Evacuate Collection Set: 0.28ms
[7974.614s][info][gc,phases      ] GC(1222)   Merge Heap Roots: 0.57ms
[7974.614s][info][gc,phases      ] GC(1222)   Evacuate Collection Set: 119.60ms
[7974.614s][info][gc,phases      ] GC(1222)   Post Evacuate Collection Set: 1.06ms
[7974.614s][info][gc,phases      ] GC(1222)   Other: 0.07ms
[7974.614s][info][gc,heap        ] GC(1222) Eden regions: 600->0(446)
[7974.614s][info][gc,heap        ] GC(1222) Survivor regions: 21->40(78)
[7974.614s][info][gc,heap        ] GC(1222) Old regions: 204->204
[7974.614s][info][gc,heap        ] GC(1222) Humongous regions: 81->81
[7974.614s][info][gc,metaspace   ] GC(1222) Metaspace: 29925K(30144K)->29925K(30144K) NonClass: 29925K(30144K)->29925K(30144K) Class: 0K(0K)->0K(0K)
[7974.614s][info][gc             ] GC(1222) Pause Young (Normal) (G1 Evacuation Pause) 7216M->2568M(10240M) 121.717ms
[7974.614s][info][gc,cpu         ] GC(1222) User=0.96s Sys=0.00s Real=0.12s
......[7980.584s][info][gc,start       ] GC(1223) Pause Young (Normal) (G1 Evacuation Pause)
[7980.584s][info][gc,task        ] GC(1223) Using 8 workers of 8 for evacuation
[7980.719s][info][gc,phases      ] GC(1223)   Pre Evacuate Collection Set: 0.26ms
[7980.719s][info][gc,phases      ] GC(1223)   Merge Heap Roots: 0.46ms
[7980.719s][info][gc,phases      ] GC(1223)   Evacuate Collection Set: 133.61ms
[7980.719s][info][gc,phases      ] GC(1223)   Post Evacuate Collection Set: 0.97ms
[7980.719s][info][gc,phases      ] GC(1223)   Other: 0.06ms
[7980.719s][info][gc,heap        ] GC(1223) Eden regions: 459->0(503)
[7980.719s][info][gc,heap        ] GC(1223) Survivor regions: 40->41(63)
[7980.719s][info][gc,heap        ] GC(1223) Old regions: 204->210
[7980.719s][info][gc,heap        ] GC(1223) Humongous regions: 81->81
[7980.719s][info][gc,metaspace   ] GC(1223) Metaspace: 29925K(30144K)->29925K(30144K) NonClass: 29925K(30144K)->29925K(30144K) Class: 0K(0K)->0K(0K)
[7980.719s][info][gc             ] GC(1223) Pause Young (Normal) (G1 Evacuation Pause) 6240M->2618M(10240M) 135.502ms
[7980.720s][info][gc,cpu         ] GC(1223) User=1.06s Sys=0.00s Real=0.14s
.. (rIR:aIR:PR = 5203:5201:5201) (tPR = 77699) [OK] 
  7981s: (load = 50%) ....|[7986.164s][info][gc,start       ] GC(1224) Pause Young (Normal) (G1 Evacuation Pause)
[7986.164s][info][gc,task        ] GC(1224) Using 8 workers of 8 for evacuation
[7986.306s][info][gc,phases      ] GC(1224)   Pre Evacuate Collection Set: 0.26ms
[7986.306s][info][gc,phases      ] GC(1224)   Merge Heap Roots: 0.49ms
[7986.306s][info][gc,phases      ] GC(1224)   Evacuate Collection Set: 140.35ms
[7986.306s][info][gc,phases      ] GC(1224)   Post Evacuate Collection Set: 0.94ms
[7986.306s][info][gc,phases      ] GC(1224)   Other: 0.06ms
[7986.307s][info][gc,heap        ] GC(1224) Eden regions: 510->0(581)
[7986.307s][info][gc,heap        ] GC(1224) Survivor regions: 41->40(69)
[7986.307s][info][gc,heap        ] GC(1224) Old regions: 210->219
[7986.307s][info][gc,heap        ] GC(1224) Humongous regions: 81->81
[7986.307s][info][gc,metaspace   ] GC(1224) Metaspace: 29925K(30144K)->29925K(30144K) NonClass: 29925K(30144K)->29925K(30144K) Class: 0K(0K)->0K(0K)
[7986.307s][info][gc             ] GC(1224) Pause Young (Normal) (G1 Evacuation Pause) 6698M->2686M(10240M) 142.247ms
[7986.307s][info][gc,cpu         ] GC(1224) User=1.12s Sys=0.00s Real=0.15s
......[7992.277s][info][gc,start       ] GC(1225) Pause Young (Normal) (G1 Evacuation Pause)
[7992.277s][info][gc,task        ] GC(1225) Using 8 workers of 8 for evacuation
[7992.422s][info][gc,phases      ] GC(1225)   Pre Evacuate Collection Set: 0.27ms
[7992.422s][info][gc,phases      ] GC(1225)   Merge Heap Roots: 0.54ms
[7992.422s][info][gc,phases      ] GC(1225)   Evacuate Collection Set: 142.91ms
[7992.422s][info][gc,phases      ] GC(1225)   Post Evacuate Collection Set: 1.11ms
[7992.422s][info][gc,phases      ] GC(1225)   Other: 0.08ms
[7992.422s][info][gc,heap        ] GC(1225) Eden regions: 586->0(529)
[7992.422s][info][gc,heap        ] GC(1225) Survivor regions: 40->48(79)
[7992.422s][info][gc,heap        ] GC(1225) Old regions: 219->219
[7992.422s][info][gc,heap        ] GC(1225) Humongous regions: 81->81
[7992.422s][info][gc,metaspace   ] GC(1225) Metaspace: 29925K(30144K)->29925K(30144K) NonClass: 29925K(30144K)->29925K(30144K) Class: 0K(0K)->0K(0K)
[7992.422s][info][gc             ] GC(1225) Pause Young (Normal) (G1 Evacuation Pause) 7374M->2750M(10240M) 145.030ms
[7992.422s][info][gc,cpu         ] GC(1225) User=1.14s Sys=0.00s Real=0.14s
.... (rIR:aIR:PR = 6504:6508:6504) (tPR = 96326) [OK] 
  7995s: (load = 60%) .[7997.448s][info][gc,start       ] GC(1226) Pause Young (Normal) (G1 Evacuation Pause)
[7997.448s][info][gc,task        ] GC(1226) Using 8 workers of 8 for evacuation
[7997.606s][info][gc,phases      ] GC(1226)   Pre Evacuate Collection Set: 0.27ms
[7997.606s][info][gc,phases      ] GC(1226)   Merge Heap Roots: 0.46ms
[7997.606s][info][gc,phases      ] GC(1226)   Evacuate Collection Set: 156.25ms
[7997.606s][info][gc,phases      ] GC(1226)   Post Evacuate Collection Set: 0.99ms
[7997.606s][info][gc,phases      ] GC(1226)   Other: 0.07ms
[7997.606s][info][gc,heap        ] GC(1226) Eden regions: 527->0(617)
[7997.606s][info][gc,heap        ] GC(1226) Survivor regions: 48->44(72)
[7997.606s][info][gc,heap        ] GC(1226) Old regions: 219->229
[7997.606s][info][gc,heap        ] GC(1226) Humongous regions: 81->81
[7997.606s][info][gc,metaspace   ] GC(1226) Metaspace: 29925K(30144K)->29925K(30144K) NonClass: 29925K(30144K)->29925K(30144K) Class: 0K(0K)->0K(0K)
[7997.606s][info][gc             ] GC(1226) Pause Young (Normal) (G1 Evacuation Pause) 6966M->2798M(10240M) 158.176ms
[7997.606s][info][gc,cpu         ] GC(1226) User=1.24s Sys=0.00s Real=0.16s
...|...[8002.913s][info][gc,start       ] GC(1227) Pause Young (Normal) (G1 Evacuation Pause)
[8002.913s][info][gc,task        ] GC(1227) Using 8 workers of 8 for evacuation
[8003.063s][info][gc,phases      ] GC(1227)   Pre Evacuate Collection Set: 0.28ms
[8003.063s][info][gc,phases      ] GC(1227)   Merge Heap Roots: 0.50ms
[8003.063s][info][gc,phases      ] GC(1227)   Evacuate Collection Set: 147.48ms
[8003.063s][info][gc,phases      ] GC(1227)   Post Evacuate Collection Set: 1.10ms
[8003.063s][info][gc,phases      ] GC(1227)   Other: 0.08ms
[8003.063s][info][gc,heap        ] GC(1227) Eden regions: 618->0(604)
[8003.063s][info][gc,heap        ] GC(1227) Survivor regions: 44->49(83)
[8003.063s][info][gc,heap        ] GC(1227) Old regions: 229->229
[8003.063s][info][gc,heap        ] GC(1227) Humongous regions: 81->81
[8003.063s][info][gc,metaspace   ] GC(1227) Metaspace: 29925K(30144K)->29925K(30144K) NonClass: 29925K(30144K)->29925K(30144K) Class: 0K(0K)->0K(0K)
[8003.063s][info][gc             ] GC(1227) Pause Young (Normal) (G1 Evacuation Pause) 7742M->2838M(10240M) 149.593ms
[8003.063s][info][gc,cpu         ] GC(1227) User=1.18s Sys=0.00s Real=0.15s
.....[8008.151s][info][gc,start       ] GC(1228) Pause Young (Normal) (G1 Evacuation Pause)
[8008.151s][info][gc,task        ] GC(1228) Using 8 workers of 8 for evacuation
[8008.314s][info][gc,phases      ] GC(1228)   Pre Evacuate Collection Set: 0.28ms
[8008.314s][info][gc,phases      ] GC(1228)   Merge Heap Roots: 0.51ms
[8008.314s][info][gc,phases      ] GC(1228)   Evacuate Collection Set: 160.66ms
[8008.314s][info][gc,phases      ] GC(1228)   Post Evacuate Collection Set: 1.09ms
[8008.314s][info][gc,phases      ] GC(1228)   Other: 0.07ms
[8008.314s][info][gc,heap        ] GC(1228) Eden regions: 599->0(698)
[8008.314s][info][gc,heap        ] GC(1228) Survivor regions: 49->45(81)
[8008.314s][info][gc,heap        ] GC(1228) Old regions: 229->238
[8008.314s][info][gc,heap        ] GC(1228) Humongous regions: 81->81
[8008.314s][info][gc,metaspace   ] GC(1228) Metaspace: 29926K(30144K)->29926K(30144K) NonClass: 29926K(30144K)->29926K(30144K) Class: 0K(0K)->0K(0K)
[8008.314s][info][gc             ] GC(1228) Pause Young (Normal) (G1 Evacuation Pause) 7630M->2882M(10240M) 162.762ms
[8008.314s][info][gc,cpu         ] GC(1228) User=1.28s Sys=0.00s Real=0.16s
.. (rIR:aIR:PR = 7804:7873:7873) (tPR = 116256) [OK] 
  8009s: (load = 70%) ...[8013.500s][info][gc,start       ] GC(1229) Pause Young (Normal) (G1 Evacuation Pause)
[8013.500s][info][gc,task        ] GC(1229) Using 8 workers of 8 for evacuation
[8013.657s][info][gc,phases      ] GC(1229)   Pre Evacuate Collection Set: 0.31ms
[8013.657s][info][gc,phases      ] GC(1229)   Merge Heap Roots: 0.53ms
[8013.657s][info][gc,phases      ] GC(1229)   Evacuate Collection Set: 154.25ms
[8013.657s][info][gc,phases      ] GC(1229)   Post Evacuate Collection Set: 1.22ms
[8013.657s][info][gc,phases      ] GC(1229)   Other: 0.07ms
[8013.657s][info][gc,heap        ] GC(1229) Eden regions: 696->0(659)
[8013.657s][info][gc,heap        ] GC(1229) Survivor regions: 45->51(93)
[8013.657s][info][gc,heap        ] GC(1229) Old regions: 238->238
[8013.657s][info][gc,heap        ] GC(1229) Humongous regions: 81->81
[8013.657s][info][gc,metaspace   ] GC(1229) Metaspace: 29927K(30144K)->29927K(30144K) NonClass: 29927K(30144K)->29927K(30144K) Class: 0K(0K)->0K(0K)
[8013.657s][info][gc             ] GC(1229) Pause Young (Normal) (G1 Evacuation Pause) 8450M->2926M(10240M) 156.514ms
[8013.657s][info][gc,cpu         ] GC(1229) User=1.23s Sys=0.00s Real=0.16s
.|....[8018.436s][info][gc,start       ] GC(1230) Pause Young (Concurrent Start) (G1 Evacuation Pause)
[8018.436s][info][gc,task        ] GC(1230) Using 8 workers of 8 for evacuation
[8018.598s][info][gc,phases      ] GC(1230)   Pre Evacuate Collection Set: 0.29ms
[8018.598s][info][gc,phases      ] GC(1230)   Merge Heap Roots: 0.52ms
[8018.598s][info][gc,phases      ] GC(1230)   Evacuate Collection Set: 159.99ms
[8018.598s][info][gc,phases      ] GC(1230)   Post Evacuate Collection Set: 1.18ms
[8018.598s][info][gc,phases      ] GC(1230)   Other: 0.09ms
[8018.598s][info][gc,heap        ] GC(1230) Eden regions: 653->0(686)
[8018.598s][info][gc,heap        ] GC(1230) Survivor regions: 51->52(88)
[8018.598s][info][gc,heap        ] GC(1230) Old regions: 238->241
[8018.598s][info][gc,heap        ] GC(1230) Humongous regions: 81->81
[8018.598s][info][gc,metaspace   ] GC(1230) Metaspace: 29927K(30144K)->29927K(30144K) NonClass: 29927K(30144K)->29927K(30144K) Class: 0K(0K)->0K(0K)
[8018.598s][info][gc             ] GC(1230) Pause Young (Concurrent Start) (G1 Evacuation Pause) 8150M->2960M(10240M) 162.198ms
[8018.598s][info][gc             ] GC(1231) Concurrent Mark Cycle
[8018.598s][info][gc,marking     ] GC(1231) Concurrent Scan Root Regions
[8018.598s][info][gc,cpu         ] GC(1230) User=1.28s Sys=0.00s Real=0.16s
.[8018.896s][info][gc,marking     ] GC(1231) Concurrent Scan Root Regions 297.820ms
[8018.896s][info][gc,marking     ] GC(1231) Concurrent Mark
[8018.896s][info][gc,marking     ] GC(1231) Concurrent Mark From Roots
[8018.896s][info][gc,task        ] GC(1231) Using 2 workers of 2 for marking
.[8019.840s][info][gc,marking     ] GC(1231) Concurrent Mark From Roots 944.314ms
[8019.841s][info][gc,marking     ] GC(1231) Concurrent Preclean
[8019.841s][info][gc,marking     ] GC(1231) Concurrent Preclean 0.289ms
[8019.841s][info][gc,start       ] GC(1231) Pause Remark
[8019.843s][info][gc             ] GC(1231) Pause Remark 4357M->3245M(10240M) 2.250ms
[8019.843s][info][gc,cpu         ] GC(1231) User=0.01s Sys=0.00s Real=0.00s
[8019.843s][info][gc,marking     ] GC(1231) Concurrent Mark 947.188ms
[8019.843s][info][gc,marking     ] GC(1231) Concurrent Rebuild Remembered Sets and Scrub Regions
[8020.346s][info][gc,marking     ] GC(1231) Concurrent Rebuild Remembered Sets and Scrub Regions 502.621ms
[8020.346s][info][gc,start       ] GC(1231) Pause Cleanup
[8020.346s][info][gc             ] GC(1231) Pause Cleanup 3877M->3877M(10240M) 0.265ms
[8020.346s][info][gc,cpu         ] GC(1231) User=0.00s Sys=0.00s Real=0.00s
[8020.347s][info][gc,marking     ] GC(1231) Concurrent Clear Claimed Marks
[8020.347s][info][gc,marking     ] GC(1231) Concurrent Clear Claimed Marks 0.041ms
[8020.347s][info][gc,marking     ] GC(1231) Concurrent Cleanup for Next Mark
[8020.362s][info][gc,marking     ] GC(1231) Concurrent Cleanup for Next Mark 15.116ms
[8020.362s][info][gc             ] GC(1231) Concurrent Mark Cycle 1763.541ms
...[8023.344s][info][gc,start       ] GC(1232) Pause Young (Prepare Mixed) (G1 Evacuation Pause)
[8023.344s][info][gc,task        ] GC(1232) Using 8 workers of 8 for evacuation
[8023.506s][info][gc,phases      ] GC(1232)   Pre Evacuate Collection Set: 0.28ms
[8023.506s][info][gc,phases      ] GC(1232)   Merge Heap Roots: 0.76ms
[8023.506s][info][gc,phases      ] GC(1232)   Evacuate Collection Set: 159.23ms
[8023.506s][info][gc,phases      ] GC(1232)   Post Evacuate Collection Set: 1.23ms
[8023.506s][info][gc,phases      ] GC(1232)   Other: 0.07ms
[8023.506s][info][gc,heap        ] GC(1232) Eden regions: 672->0(682)
[8023.506s][info][gc,heap        ] GC(1232) Survivor regions: 52->51(91)
[8023.506s][info][gc,heap        ] GC(1232) Old regions: 150->153
[8023.506s][info][gc,heap        ] GC(1232) Humongous regions: 33->33
[8023.506s][info][gc,metaspace   ] GC(1232) Metaspace: 29927K(30144K)->29927K(30144K) NonClass: 29927K(30144K)->29927K(30144K) Class: 0K(0K)->0K(0K)
[8023.506s][info][gc             ] GC(1232) Pause Young (Prepare Mixed) (G1 Evacuation Pause) 7224M->1865M(10240M) 161.705ms
[8023.506s][info][gc,cpu         ] GC(1232) User=1.27s Sys=0.00s Real=0.17s
. (rIR:aIR:PR = 9105:9219:9257) (tPR = 136637) [OK] 
  8023s: (load = 80%) ....[8028.113s][info][gc,start       ] GC(1233) Pause Young (Mixed) (G1 Evacuation Pause)
[8028.113s][info][gc,task        ] GC(1233) Using 8 workers of 8 for evacuation
[8028.283s][info][gc,phases      ] GC(1233)   Pre Evacuate Collection Set: 0.31ms
[8028.283s][info][gc,phases      ] GC(1233)   Merge Heap Roots: 0.53ms
[8028.283s][info][gc,phases      ] GC(1233)   Evacuate Collection Set: 166.95ms
[8028.283s][info][gc,phases      ] GC(1233)   Post Evacuate Collection Set: 1.37ms
[8028.283s][info][gc,phases      ] GC(1233)   Other: 0.07ms
[8028.283s][info][gc,heap        ] GC(1233) Eden regions: 717->0(715)
[8028.283s][info][gc,heap        ] GC(1233) Survivor regions: 51->53(96)
[8028.283s][info][gc,heap        ] GC(1233) Old regions: 153->130
[8028.283s][info][gc,heap        ] GC(1233) Humongous regions: 33->33
[8028.283s][info][gc,metaspace   ] GC(1233) Metaspace: 29927K(30144K)->29927K(30144K) NonClass: 29927K(30144K)->29927K(30144K) Class: 0K(0K)->0K(0K)
[8028.283s][info][gc             ] GC(1233) Pause Young (Mixed) (G1 Evacuation Pause) 7601M->1700M(10240M) 169.386ms
[8028.283s][info][gc,cpu         ] GC(1233) User=1.33s Sys=0.00s Real=0.17s
.|....[8032.935s][info][gc,start       ] GC(1234) Pause Young (Normal) (G1 Evacuation Pause)
[8032.935s][info][gc,task        ] GC(1234) Using 8 workers of 8 for evacuation
[8033.107s][info][gc,phases      ] GC(1234)   Pre Evacuate Collection Set: 0.29ms
[8033.107s][info][gc,phases      ] GC(1234)   Merge Heap Roots: 0.56ms
[8033.107s][info][gc,phases      ] GC(1234)   Evacuate Collection Set: 169.34ms
[8033.107s][info][gc,phases      ] GC(1234)   Post Evacuate Collection Set: 1.31ms
[8033.107s][info][gc,phases      ] GC(1234)   Other: 0.07ms
[8033.107s][info][gc,heap        ] GC(1234) Eden regions: 715->0(715)
[8033.107s][info][gc,heap        ] GC(1234) Survivor regions: 53->53(96)
[8033.107s][info][gc,heap        ] GC(1234) Old regions: 130->133
[8033.107s][info][gc,heap        ] GC(1234) Humongous regions: 33->33
[8033.107s][info][gc,metaspace   ] GC(1234) Metaspace: 29927K(30144K)->29927K(30144K) NonClass: 29927K(30144K)->29927K(30144K) Class: 0K(0K)->0K(0K)
[8033.107s][info][gc             ] GC(1234) Pause Young (Normal) (G1 Evacuation Pause) 7420M->1722M(10240M) 171.716ms
[8033.107s][info][gc,cpu         ] GC(1234) User=1.36s Sys=0.00s Real=0.18s
....[8037.682s][info][gc,start       ] GC(1235) Pause Young (Normal) (G1 Evacuation Pause)
[8037.682s][info][gc,task        ] GC(1235) Using 8 workers of 8 for evacuation
[8037.851s][info][gc,phases      ] GC(1235)   Pre Evacuate Collection Set: 0.31ms
[8037.851s][info][gc,phases      ] GC(1235)   Merge Heap Roots: 0.56ms
[8037.851s][info][gc,phases      ] GC(1235)   Evacuate Collection Set: 167.31ms
[8037.851s][info][gc,phases      ] GC(1235)   Post Evacuate Collection Set: 1.32ms
[8037.851s][info][gc,phases      ] GC(1235)   Other: 0.06ms
[8037.851s][info][gc,heap        ] GC(1235) Eden regions: 715->0(714)
[8037.851s][info][gc,heap        ] GC(1235) Survivor regions: 53->54(96)
[8037.851s][info][gc,heap        ] GC(1235) Old regions: 133->135
[8037.851s][info][gc,heap        ] GC(1235) Humongous regions: 33->33
[8037.851s][info][gc,metaspace   ] GC(1235) Metaspace: 29927K(30144K)->29927K(30144K) NonClass: 29927K(30144K)->29927K(30144K) Class: 0K(0K)->0K(0K)
[8037.851s][info][gc             ] GC(1235) Pause Young (Normal) (G1 Evacuation Pause) 7442M->1750M(10240M) 169.687ms
[8037.851s][info][gc,cpu         ] GC(1235) User=1.34s Sys=0.00s Real=0.17s
.. (rIR:aIR:PR = 10406:10158:10158) (tPR = 148066) [OK] 
  8038s: (load = 90%) ...[8041.898s][info][gc,start       ] GC(1236) Pause Young (Normal) (G1 Evacuation Pause)
[8041.898s][info][gc,task        ] GC(1236) Using 8 workers of 8 for evacuation
[8042.072s][info][gc,phases      ] GC(1236)   Pre Evacuate Collection Set: 0.29ms
[8042.072s][info][gc,phases      ] GC(1236)   Merge Heap Roots: 0.56ms
[8042.072s][info][gc,phases      ] GC(1236)   Evacuate Collection Set: 172.17ms
[8042.072s][info][gc,phases      ] GC(1236)   Post Evacuate Collection Set: 1.35ms
[8042.072s][info][gc,phases      ] GC(1236)   Other: 0.06ms
[8042.072s][info][gc,heap        ] GC(1236) Eden regions: 714->0(714)
[8042.072s][info][gc,heap        ] GC(1236) Survivor regions: 54->54(96)
[8042.072s][info][gc,heap        ] GC(1236) Old regions: 135->138
[8042.072s][info][gc,heap        ] GC(1236) Humongous regions: 33->33
[8042.072s][info][gc,metaspace   ] GC(1236) Metaspace: 29927K(30144K)->29927K(30144K) NonClass: 29927K(30144K)->29927K(30144K) Class: 0K(0K)->0K(0K)
[8042.072s][info][gc             ] GC(1236) Pause Young (Normal) (G1 Evacuation Pause) 7462M->1775M(10240M) 174.575ms
[8042.072s][info][gc,cpu         ] GC(1236) User=1.38s Sys=0.00s Real=0.17s
.|...[8046.147s][info][gc,start       ] GC(1237) Pause Young (Normal) (G1 Evacuation Pause)
[8046.147s][info][gc,task        ] GC(1237) Using 8 workers of 8 for evacuation
[8046.320s][info][gc,phases      ] GC(1237)   Pre Evacuate Collection Set: 0.31ms
[8046.320s][info][gc,phases      ] GC(1237)   Merge Heap Roots: 0.61ms
[8046.320s][info][gc,phases      ] GC(1237)   Evacuate Collection Set: 170.21ms
[8046.320s][info][gc,phases      ] GC(1237)   Post Evacuate Collection Set: 1.30ms
[8046.320s][info][gc,phases      ] GC(1237)   Other: 0.07ms
[8046.320s][info][gc,heap        ] GC(1237) Eden regions: 714->0(714)
[8046.320s][info][gc,heap        ] GC(1237) Survivor regions: 54->54(96)
[8046.320s][info][gc,heap        ] GC(1237) Old regions: 138->140
[8046.320s][info][gc,heap        ] GC(1237) Humongous regions: 33->33
[8046.320s][info][gc,metaspace   ] GC(1237) Metaspace: 29927K(30144K)->29927K(30144K) NonClass: 29927K(30144K)->29927K(30144K) Class: 0K(0K)->0K(0K)
[8046.320s][info][gc             ] GC(1237) Pause Young (Normal) (G1 Evacuation Pause) 7487M->1795M(10240M) 172.640ms
[8046.320s][info][gc,cpu         ] GC(1237) User=1.36s Sys=0.00s Real=0.17s
....[8050.378s][info][gc,start       ] GC(1238) Pause Young (Normal) (G1 Evacuation Pause)
[8050.378s][info][gc,task        ] GC(1238) Using 8 workers of 8 for evacuation
[8050.543s][info][gc,phases      ] GC(1238)   Pre Evacuate Collection Set: 0.31ms
[8050.543s][info][gc,phases      ] GC(1238)   Merge Heap Roots: 0.56ms
[8050.543s][info][gc,phases      ] GC(1238)   Evacuate Collection Set: 162.85ms
[8050.543s][info][gc,phases      ] GC(1238)   Post Evacuate Collection Set: 1.35ms
[8050.543s][info][gc,phases      ] GC(1238)   Other: 0.07ms
[8050.543s][info][gc,heap        ] GC(1238) Eden regions: 714->0(716)
[8050.543s][info][gc,heap        ] GC(1238) Survivor regions: 54->52(96)
[8050.543s][info][gc,heap        ] GC(1238) Old regions: 140->143
[8050.543s][info][gc,heap        ] GC(1238) Humongous regions: 33->33
[8050.543s][info][gc,metaspace   ] GC(1238) Metaspace: 29927K(30144K)->29927K(30144K) NonClass: 29927K(30144K)->29927K(30144K) Class: 0K(0K)->0K(0K)
[8050.543s][info][gc             ] GC(1238) Pause Young (Normal) (G1 Evacuation Pause) 7507M->1796M(10240M) 165.280ms
[8050.543s][info][gc,cpu         ] GC(1238) User=1.30s Sys=0.00s Real=0.16s
... (rIR:aIR:PR = 11706:11674:11662) (tPR = 174921) [OK] 
  8052s: (load = 100%) .[8054.442s][info][gc,start       ] GC(1239) Pause Young (Normal) (G1 Evacuation Pause)
[8054.442s][info][gc,task        ] GC(1239) Using 8 workers of 8 for evacuation
[8054.614s][info][gc,phases      ] GC(1239)   Pre Evacuate Collection Set: 0.31ms
[8054.614s][info][gc,phases      ] GC(1239)   Merge Heap Roots: 0.56ms
[8054.614s][info][gc,phases      ] GC(1239)   Evacuate Collection Set: 168.96ms
[8054.614s][info][gc,phases      ] GC(1239)   Post Evacuate Collection Set: 1.39ms
[8054.614s][info][gc,phases      ] GC(1239)   Other: 0.06ms
[8054.614s][info][gc,heap        ] GC(1239) Eden regions: 716->0(715)
[8054.614s][info][gc,heap        ] GC(1239) Survivor regions: 52->53(96)
[8054.614s][info][gc,heap        ] GC(1239) Old regions: 143->146
[8054.614s][info][gc,heap        ] GC(1239) Humongous regions: 33->33
[8054.614s][info][gc,metaspace   ] GC(1239) Metaspace: 29927K(30144K)->29927K(30144K) NonClass: 29927K(30144K)->29927K(30144K) Class: 0K(0K)->0K(0K)
[8054.614s][info][gc             ] GC(1239) Pause Young (Normal) (G1 Evacuation Pause) 7524M->1830M(10240M) 171.434ms
[8054.614s][info][gc,cpu         ] GC(1239) User=1.35s Sys=0.00s Real=0.17s
....[8058.360s][info][gc,start       ] GC(1240) Pause Young (Normal) (G1 Evacuation Pause)
[8058.360s][info][gc,task        ] GC(1240) Using 8 workers of 8 for evacuation
[8058.526s][info][gc,phases      ] GC(1240)   Pre Evacuate Collection Set: 0.28ms
[8058.526s][info][gc,phases      ] GC(1240)   Merge Heap Roots: 0.57ms
[8058.526s][info][gc,phases      ] GC(1240)   Evacuate Collection Set: 164.43ms
[8058.526s][info][gc,phases      ] GC(1240)   Post Evacuate Collection Set: 1.30ms
[8058.526s][info][gc,phases      ] GC(1240)   Other: 0.07ms
[8058.526s][info][gc,heap        ] GC(1240) Eden regions: 715->0(716)
[8058.526s][info][gc,heap        ] GC(1240) Survivor regions: 53->52(96)
[8058.526s][info][gc,heap        ] GC(1240) Old regions: 146->148
[8058.526s][info][gc,heap        ] GC(1240) Humongous regions: 33->33
[8058.526s][info][gc,metaspace   ] GC(1240) Metaspace: 29927K(30144K)->29927K(30144K) NonClass: 29927K(30144K)->29927K(30144K) Class: 0K(0K)->0K(0K)
[8058.526s][info][gc             ] GC(1240) Pause Young (Normal) (G1 Evacuation Pause) 7550M->1843M(10240M) 166.798ms
[8058.526s][info][gc,cpu         ] GC(1240) User=1.31s Sys=0.00s Real=0.17s
....[8062.226s][info][gc,start       ] GC(1241) Pause Young (Normal) (G1 Evacuation Pause)
[8062.226s][info][gc,task        ] GC(1241) Using 8 workers of 8 for evacuation
[8062.401s][info][gc,phases      ] GC(1241)   Pre Evacuate Collection Set: 0.27ms
[8062.401s][info][gc,phases      ] GC(1241)   Merge Heap Roots: 0.64ms
[8062.401s][info][gc,phases      ] GC(1241)   Evacuate Collection Set: 172.38ms
[8062.401s][info][gc,phases      ] GC(1241)   Post Evacuate Collection Set: 1.27ms
[8062.401s][info][gc,phases      ] GC(1241)   Other: 0.06ms
[8062.401s][info][gc,heap        ] GC(1241) Eden regions: 716->0(714)
[8062.401s][info][gc,heap        ] GC(1241) Survivor regions: 52->54(96)
[8062.401s][info][gc,heap        ] GC(1241) Old regions: 148->151
[8062.401s][info][gc,heap        ] GC(1241) Humongous regions: 33->33
[8062.401s][info][gc,metaspace   ] GC(1241) Metaspace: 29927K(30144K)->29927K(30144K) NonClass: 29927K(30144K)->29927K(30144K) Class: 0K(0K)->0K(0K)
[8062.401s][info][gc             ] GC(1241) Pause Young (Normal) (G1 Evacuation Pause) 7571M->1881M(10240M) 174.766ms
[8062.401s][info][gc,cpu         ] GC(1241) User=1.38s Sys=0.00s Real=0.17s
....|[8066.093s][info][gc,start       ] GC(1242) Pause Young (Normal) (G1 Evacuation Pause)
[8066.093s][info][gc,task        ] GC(1242) Using 8 workers of 8 for evacuation
[8066.270s][info][gc,phases      ] GC(1242)   Pre Evacuate Collection Set: 0.26ms
[8066.270s][info][gc,phases      ] GC(1242)   Merge Heap Roots: 0.55ms
[8066.270s][info][gc,phases      ] GC(1242)   Evacuate Collection Set: 174.55ms
[8066.270s][info][gc,phases      ] GC(1242)   Post Evacuate Collection Set: 1.31ms
[8066.270s][info][gc,phases      ] GC(1242)   Other: 0.06ms
[8066.270s][info][gc,heap        ] GC(1242) Eden regions: 714->0(713)
[8066.270s][info][gc,heap        ] GC(1242) Survivor regions: 54->55(96)
[8066.270s][info][gc,heap        ] GC(1242) Old regions: 151->154
[8066.270s][info][gc,heap        ] GC(1242) Humongous regions: 33->33
[8066.270s][info][gc,metaspace   ] GC(1242) Metaspace: 29927K(30144K)->29927K(30144K) NonClass: 29927K(30144K)->29927K(30144K) Class: 0K(0K)->0K(0K)
[8066.270s][info][gc             ] GC(1242) Pause Young (Normal) (G1 Evacuation Pause) 7593M->1907M(10240M) 176.865ms
[8066.270s][info][gc,cpu         ] GC(1242) User=1.39s Sys=0.00s Real=0.18s
...[8069.903s][info][gc,start       ] GC(1243) Pause Young (Normal) (G1 Evacuation Pause)
[8069.903s][info][gc,task        ] GC(1243) Using 8 workers of 8 for evacuation
[8070.081s][info][gc,phases      ] GC(1243)   Pre Evacuate Collection Set: 0.28ms
[8070.081s][info][gc,phases      ] GC(1243)   Merge Heap Roots: 0.56ms
[8070.081s][info][gc,phases      ] GC(1243)   Evacuate Collection Set: 175.25ms
[8070.081s][info][gc,phases      ] GC(1243)   Post Evacuate Collection Set: 1.32ms
[8070.081s][info][gc,phases      ] GC(1243)   Other: 0.06ms
[8070.081s][info][gc,heap        ] GC(1243) Eden regions: 713->0(713)
[8070.081s][info][gc,heap        ] GC(1243) Survivor regions: 55->55(96)
[8070.081s][info][gc,heap        ] GC(1243) Old regions: 154->157
[8070.081s][info][gc,heap        ] GC(1243) Humongous regions: 33->33
[8070.081s][info][gc,metaspace   ] GC(1243) Metaspace: 29927K(30144K)->29927K(30144K) NonClass: 29927K(30144K)->29927K(30144K) Class: 0K(0K)->0K(0K)
[8070.081s][info][gc             ] GC(1243) Pause Young (Normal) (G1 Evacuation Pause) 7611M->1932M(10240M) 177.618ms
[8070.081s][info][gc,cpu         ] GC(1243) User=1.39s Sys=0.00s Real=0.18s
....[8073.760s][info][gc,start       ] GC(1244) Pause Young (Normal) (G1 Evacuation Pause)
[8073.760s][info][gc,task        ] GC(1244) Using 8 workers of 8 for evacuation
[8073.935s][info][gc,phases      ] GC(1244)   Pre Evacuate Collection Set: 0.28ms
[8073.935s][info][gc,phases      ] GC(1244)   Merge Heap Roots: 0.60ms
[8073.935s][info][gc,phases      ] GC(1244)   Evacuate Collection Set: 172.55ms
[8073.935s][info][gc,phases      ] GC(1244)   Post Evacuate Collection Set: 1.29ms
[8073.935s][info][gc,phases      ] GC(1244)   Other: 0.06ms
[8073.935s][info][gc,heap        ] GC(1244) Eden regions: 713->0(715)
[8073.935s][info][gc,heap        ] GC(1244) Survivor regions: 55->53(96)
[8073.935s][info][gc,heap        ] GC(1244) Old regions: 157->159
[8073.935s][info][gc,heap        ] GC(1244) Humongous regions: 33->33
[8073.935s][info][gc,metaspace   ] GC(1244) Metaspace: 29927K(30144K)->29927K(30144K) NonClass: 29927K(30144K)->29927K(30144K) Class: 0K(0K)->0K(0K)
[8073.935s][info][gc             ] GC(1244) Pause Young (Normal) (G1 Evacuation Pause) 7636M->1938M(10240M) 174.931ms
[8073.935s][info][gc,cpu         ] GC(1244) User=1.38s Sys=0.00s Real=0.17s
... (rIR:aIR:PR = 13007:13008:12580) (tPR = 188715) [OK] 
  8075s: Validating... (quiescence.....) (stop TxI) (stop BE) (saving... [8083.250s][info][gc,start       ] GC(1245) Pause Young (Concurrent Start) (G1 Humongous Allocation)
[8083.250s][info][gc,task        ] GC(1245) Using 8 workers of 8 for evacuation
[8083.525s][info][gc,mmu         ] GC(1245) MMU target violated: 201.0ms (200.0ms/201.0ms)
[8083.525s][info][gc,phases      ] GC(1245)   Pre Evacuate Collection Set: 0.31ms
[8083.525s][info][gc,phases      ] GC(1245)   Merge Heap Roots: 1.45ms
[8083.525s][info][gc,phases      ] GC(1245)   Evacuate Collection Set: 271.37ms
[8083.525s][info][gc,phases      ] GC(1245)   Post Evacuate Collection Set: 1.35ms
[8083.525s][info][gc,phases      ] GC(1245)   Other: 0.13ms
[8083.525s][info][gc,heap        ] GC(1245) Eden regions: 562->0(286)
[8083.525s][info][gc,heap        ] GC(1245) Survivor regions: 53->59(88)
[8083.525s][info][gc,heap        ] GC(1245) Old regions: 159->170
[8083.525s][info][gc,heap        ] GC(1245) Humongous regions: 132->86
[8083.525s][info][gc,metaspace   ] GC(1245) Metaspace: 29928K(30144K)->29928K(30144K) NonClass: 29928K(30144K)->29928K(30144K) Class: 0K(0K)->0K(0K)
[8083.525s][info][gc             ] GC(1245) Pause Young (Concurrent Start) (G1 Humongous Allocation) 7225M->2495M(10240M) 274.721ms
[8083.525s][info][gc             ] GC(1246) Concurrent Undo Cycle
[8083.525s][info][gc,cpu         ] GC(1245) User=2.16s Sys=0.00s Real=0.27s
[8083.525s][info][gc,marking     ] GC(1246) Concurrent Clear Claimed Marks
[8083.525s][info][gc,marking     ] GC(1246) Concurrent Clear Claimed Marks 0.045ms
[8083.525s][info][gc,marking     ] GC(1246) Concurrent Cleanup for Next Mark
[8083.525s][info][gc,marking     ] GC(1246) Concurrent Cleanup for Next Mark 0.348ms
[8083.525s][info][gc             ] GC(1246) Concurrent Undo Cycle 0.461ms
234328 Kb) (validation=PASSED)(term) [8086.794s][info][gc,start       ] GC(1247) Pause Full (System.gc())
[8086.794s][info][gc,task        ] GC(1247) Using 8 workers of 8 for full compaction
[8086.794s][info][gc,phases,start] GC(1247) Phase 1: Mark live objects
[8086.809s][info][gc,phases      ] GC(1247) Phase 1: Mark live objects 15.246ms
[8086.809s][info][gc,phases,start] GC(1247) Phase 2: Prepare compaction
[8086.813s][info][gc,phases      ] GC(1247) Phase 2: Prepare compaction 4.101ms
[8086.813s][info][gc,phases,start] GC(1247) Phase 3: Adjust pointers
[8086.824s][info][gc,phases      ] GC(1247) Phase 3: Adjust pointers 10.976ms
[8086.824s][info][gc,phases,start] GC(1247) Phase 4: Compact heap
[8086.829s][info][gc,phases      ] GC(1247) Phase 4: Compact heap 4.223ms
[8086.829s][info][gc,phases,start] GC(1247) Phase 5: Reset Metadata
[8086.833s][info][gc,phases      ] GC(1247) Phase 5: Reset Metadata 4.141ms
[8086.843s][info][gc,heap        ] GC(1247) Eden regions: 19->0(768)
[8086.843s][info][gc,heap        ] GC(1247) Survivor regions: 59->0(88)
[8086.843s][info][gc,heap        ] GC(1247) Old regions: 170->12
[8086.843s][info][gc,heap        ] GC(1247) Humongous regions: 151->33
[8086.843s][info][gc,metaspace   ] GC(1247) Metaspace: 29944K(30144K)->29944K(30144K) NonClass: 29944K(30144K)->29944K(30144K) Class: 0K(0K)->0K(0K)
[8086.843s][info][gc             ] GC(1247) Pause Full (System.gc()) 3164M->332M(10240M) 49.423ms
[8086.843s][info][gc,cpu         ] GC(1247) User=0.32s Sys=0.00s Real=0.05s
(init) ... ...completed!
  8092s: Restarting (term) [8092.543s][info][gc,start       ] GC(1248) Pause Full (System.gc())
[8092.543s][info][gc,task        ] GC(1248) Using 8 workers of 8 for full compaction
[8092.544s][info][gc,phases,start] GC(1248) Phase 1: Mark live objects
[8092.557s][info][gc,phases      ] GC(1248) Phase 1: Mark live objects 13.414ms
[8092.557s][info][gc,phases,start] GC(1248) Phase 2: Prepare compaction
[8092.562s][info][gc,phases      ] GC(1248) Phase 2: Prepare compaction 5.116ms
[8092.562s][info][gc,phases,start] GC(1248) Phase 3: Adjust pointers
[8092.574s][info][gc,phases      ] GC(1248) Phase 3: Adjust pointers 11.423ms
[8092.574s][info][gc,phases,start] GC(1248) Phase 4: Compact heap
[8092.579s][info][gc,phases      ] GC(1248) Phase 4: Compact heap 5.103ms
[8092.579s][info][gc,phases,start] GC(1248) Phase 5: Reset Metadata
[8092.583s][info][gc,phases      ] GC(1248) Phase 5: Reset Metadata 4.112ms
[8092.593s][info][gc,heap        ] GC(1248) Eden regions: 470->0(768)
[8092.593s][info][gc,heap        ] GC(1248) Survivor regions: 0->0(88)
[8092.593s][info][gc,heap        ] GC(1248) Old regions: 12->12
[8092.593s][info][gc,heap        ] GC(1248) Humongous regions: 86->33
[8092.593s][info][gc,metaspace   ] GC(1248) Metaspace: 29959K(30208K)->29959K(30208K) NonClass: 29959K(30208K)->29959K(30208K) Class: 0K(0K)->0K(0K)
[8092.593s][info][gc             ] GC(1248) Pause Full (System.gc()) 4508M->331M(10240M) 50.040ms
[8092.593s][info][gc,cpu         ] GC(1248) User=0.31s Sys=0.00s Real=0.05s
(init) ... OK
  8097s: 
  8097s: 
  8097s: Profiling....|.[8103.240s][info][gc,start       ] GC(1249) Pause Young (Normal) (G1 Evacuation Pause)
[8103.240s][info][gc,task        ] GC(1249) Using 8 workers of 8 for evacuation
[8103.977s][info][gc,mmu         ] GC(1249) MMU target violated: 201.0ms (200.0ms/201.0ms)
[8103.977s][info][gc,phases      ] GC(1249)   Pre Evacuate Collection Set: 0.28ms
[8103.977s][info][gc,phases      ] GC(1249)   Merge Heap Roots: 1.01ms
[8103.977s][info][gc,phases      ] GC(1249)   Evacuate Collection Set: 733.58ms
[8103.977s][info][gc,phases      ] GC(1249)   Post Evacuate Collection Set: 1.62ms
[8103.977s][info][gc,phases      ] GC(1249)   Other: 0.12ms
[8103.977s][info][gc,heap        ] GC(1249) Eden regions: 768->0(331)
[8103.977s][info][gc,heap        ] GC(1249) Survivor regions: 0->96(96)
[8103.977s][info][gc,heap        ] GC(1249) Old regions: 12->70
[8103.977s][info][gc,heap        ] GC(1249) Humongous regions: 86->81
[8103.977s][info][gc,metaspace   ] GC(1249) Metaspace: 30015K(30208K)->30015K(30208K) NonClass: 30015K(30208K)->30015K(30208K) Class: 0K(0K)->0K(0K)
[8103.977s][info][gc             ] GC(1249) Pause Young (Normal) (G1 Evacuation Pause) 6899M->1947M(10240M) 736.714ms
[8103.977s][info][gc,cpu         ] GC(1249) User=5.81s Sys=0.00s Real=0.74s
......[8110.004s][info][gc,start       ] GC(1250) Pause Young (Normal) (G1 Evacuation Pause)
[8110.004s][info][gc,task        ] GC(1250) Using 8 workers of 8 for evacuation
[8110.370s][info][gc,mmu         ] GC(1250) MMU target violated: 201.0ms (200.0ms/201.0ms)
[8110.370s][info][gc,phases      ] GC(1250)   Pre Evacuate Collection Set: 0.27ms
[8110.370s][info][gc,phases      ] GC(1250)   Merge Heap Roots: 0.57ms
[8110.370s][info][gc,phases      ] GC(1250)   Evacuate Collection Set: 364.82ms
[8110.370s][info][gc,phases      ] GC(1250)   Post Evacuate Collection Set: 0.78ms
[8110.370s][info][gc,phases      ] GC(1250)   Other: 0.09ms
[8110.370s][info][gc,heap        ] GC(1250) Eden regions: 342->0(321)
[8110.370s][info][gc,heap        ] GC(1250) Survivor regions: 96->11(55)
[8110.370s][info][gc,heap        ] GC(1250) Old regions: 70->165
[8110.370s][info][gc,heap        ] GC(1250) Humongous regions: 81->81
[8110.370s][info][gc,metaspace   ] GC(1250) Metaspace: 30018K(30208K)->30018K(30208K) NonClass: 30018K(30208K)->30018K(30208K) Class: 0K(0K)->0K(0K)
[8110.370s][info][gc             ] GC(1250) Pause Young (Normal) (G1 Evacuation Pause) 4683M->2019M(10240M) 366.631ms
[8110.370s][info][gc,cpu         ] GC(1250) User=2.90s Sys=0.00s Real=0.37s
.......[8117.081s][info][gc,start       ] GC(1251) Pause Young (Normal) (G1 Evacuation Pause)
[8117.081s][info][gc,task        ] GC(1251) Using 8 workers of 8 for evacuation
[8117.138s][info][gc,phases      ] GC(1251)   Pre Evacuate Collection Set: 0.28ms
[8117.138s][info][gc,phases      ] GC(1251)   Merge Heap Roots: 0.38ms
[8117.138s][info][gc,phases      ] GC(1251)   Evacuate Collection Set: 55.37ms
[8117.138s][info][gc,phases      ] GC(1251)   Post Evacuate Collection Set: 0.76ms
[8117.138s][info][gc,phases      ] GC(1251)   Other: 0.06ms
[8117.138s][info][gc,heap        ] GC(1251) Eden regions: 354->0(336)
[8117.138s][info][gc,heap        ] GC(1251) Survivor regions: 11->18(46)
[8117.138s][info][gc,heap        ] GC(1251) Old regions: 165->165
[8117.138s][info][gc,heap        ] GC(1251) Humongous regions: 81->81
[8117.138s][info][gc,metaspace   ] GC(1251) Metaspace: 30023K(30208K)->30023K(30208K) NonClass: 30023K(30208K)->30023K(30208K) Class: 0K(0K)->0K(0K)
[8117.138s][info][gc             ] GC(1251) Pause Young (Normal) (G1 Evacuation Pause) 4851M->2075M(10240M) 56.998ms
[8117.138s][info][gc,cpu         ] GC(1251) User=0.44s Sys=0.00s Real=0.06s
........[8124.511s][info][gc,start       ] GC(1252) Pause Young (Normal) (G1 Evacuation Pause)
[8124.511s][info][gc,task        ] GC(1252) Using 8 workers of 8 for evacuation
[8124.587s][info][gc,phases      ] GC(1252)   Pre Evacuate Collection Set: 0.26ms
[8124.587s][info][gc,phases      ] GC(1252)   Merge Heap Roots: 0.47ms
[8124.587s][info][gc,phases      ] GC(1252)   Evacuate Collection Set: 73.96ms
[8124.587s][info][gc,phases      ] GC(1252)   Post Evacuate Collection Set: 0.80ms
[8124.587s][info][gc,phases      ] GC(1252)   Other: 0.06ms
[8124.587s][info][gc,heap        ] GC(1252) Eden regions: 361->0(350)
[8124.587s][info][gc,heap        ] GC(1252) Survivor regions: 18->24(48)
[8124.587s][info][gc,heap        ] GC(1252) Old regions: 165->165
[8124.587s][info][gc,heap        ] GC(1252) Humongous regions: 81->81
[8124.587s][info][gc,metaspace   ] GC(1252) Metaspace: 30023K(30208K)->30023K(30208K) NonClass: 30023K(30208K)->30023K(30208K) Class: 0K(0K)->0K(0K)
[8124.587s][info][gc             ] GC(1252) Pause Young (Normal) (G1 Evacuation Pause) 4963M->2127M(10240M) 75.697ms
[8124.587s][info][gc,cpu         ] GC(1252) User=0.60s Sys=0.00s Real=0.08s
.......[8132.220s][info][gc,start       ] GC(1253) Pause Young (Normal) (G1 Evacuation Pause)
[8132.220s][info][gc,task        ] GC(1253) Using 8 workers of 8 for evacuation
[8132.312s][info][gc,phases      ] GC(1253)   Pre Evacuate Collection Set: 0.25ms
[8132.312s][info][gc,phases      ] GC(1253)   Merge Heap Roots: 0.44ms
[8132.312s][info][gc,phases      ] GC(1253)   Evacuate Collection Set: 90.26ms
[8132.312s][info][gc,phases      ] GC(1253)   Post Evacuate Collection Set: 0.86ms
[8132.312s][info][gc,phases      ] GC(1253)   Other: 0.07ms
[8132.312s][info][gc,heap        ] GC(1253) Eden regions: 371->0(362)
[8132.312s][info][gc,heap        ] GC(1253) Survivor regions: 24->30(50)
[8132.312s][info][gc,heap        ] GC(1253) Old regions: 165->165
[8132.312s][info][gc,heap        ] GC(1253) Humongous regions: 81->81
[8132.312s][info][gc,metaspace   ] GC(1253) Metaspace: 30023K(30208K)->30023K(30208K) NonClass: 30023K(30208K)->30023K(30208K) Class: 0K(0K)->0K(0K)
[8132.312s][info][gc             ] GC(1253) Pause Young (Normal) (G1 Evacuation Pause) 5095M->2175M(10240M) 92.013ms
[8132.312s][info][gc,cpu         ] GC(1253) User=0.72s Sys=0.00s Real=0.09s
. (rIR:aIR:PR = 1300:1298:1298) (tPR = 19381) [OK] 
  8132s:  OK
  8132s: (term... (rIR:aIR:PR = 0:0:0) (tPR = 0) [OK] 
  8135s: ) Tests are skipped.
  8135s: 
  8135s: Generating level 0 report from ./specjbb2015-C-20240522-00001.data.gz


SPECjbb2015 Java Business Benchmark
 (c) Standard Performance Evaluation Corporation, 2015

Preparing to launch SPECjbb2015 reporter.

Reading property file: /shared/projects/openjdk/benchmarks/test-hyperaligning-lilliput/SPECjbb2015_1.00-jdk16+/jdk-22bit-klasstable-ON-24-05-22_130258/./config/specjbb2015.props
Report directory is result/specjbb2015-C-20240522-00001/report-00001
  8135s: Building report...

       821 msec: Pre-reading source
         0 msec: Validation
         2 msec: Dump run logs
         0 msec: Printing JbbProperties
         2 msec: Build report with HW/SW parameters
         0 msec: Controller time verification
        22 msec: Parsing attributes
         3 msec: Parsing agent names
        70 msec: Building throughput - response time curve
RUN RESULT: hbIR (max attempted) = 13837, hbIR (settled) = 13397, max-jOPS = 13007, critical-jOPS = 5647
        32 msec: Primary metrics calculation
       106 msec: Render Allowed Failures
       580 msec: Render IR/PR Accuracy
       482 msec: Max Delay during RT curve building
       558 msec: Overall RT curves
       570 msec: Request Mix accuracy
       584 msec: Render IR by probes tasks
         0 msec: Render RT
         5 msec: Render template to file result/specjbb2015-C-20240522-00001/report-00001/data/specjbb2015-C-20240522-00001-runProperties.txt
        29 msec: Render template to file result/specjbb2015-C-20240522-00001/report-00001/specjbb2015-C-20240522-00001.html
Report generation finished. Wallclock = 1752 msecs, real = 3866 msecs, parallelism = 2.21x
[8137.193s][info][gc,heap,exit   ] Heap
[8137.193s][info][gc,heap,exit   ]  garbage-first heap   total reserved 10485760K, committed 10485760K, used 2885845K [0x0000000580000000, 0x0000000800000000)
[8137.193s][info][gc,heap,exit   ]   region size 8192K, 109 young (892928K), 30 survivors (245760K)
[8137.193s][info][gc,heap,exit   ]  Metaspace       used 39152K, committed 39360K, reserved 1114112K
[8137.193s][info][gc,heap,exit   ]   class space    used 0K, committed 0K, reserved 1048576K
