Done; will start GCs... 
[53.361s][info][gc,metaspace] GC(5) Metaspace: 28623K(29760K)->28623K(29760K) NonClass: 25241K(25792K)->25241K(25792K) Class: 3381K(3968K)->3381K(3968K)
[53.361s][info][gc          ] GC(5) Pause Full (System.gc()) 220M->165M(3925M) 919.421ms
[54.066s][info][gc,metaspace] GC(6) Metaspace: 28623K(29760K)->28623K(29760K) NonClass: 25241K(25792K)->25241K(25792K) Class: 3381K(3968K)->3381K(3968K)
[54.066s][info][gc          ] GC(6) Pause Full (System.gc()) 165M->165M(3925M) 702.223ms
[54.993s][info][gc,metaspace] GC(7) Metaspace: 28623K(29760K)->28623K(29760K) NonClass: 25241K(25792K)->25241K(25792K) Class: 3381K(3968K)->3381K(3968K)
[54.994s][info][gc          ] GC(7) Pause Full (System.gc()) 165M->165M(3925M) 926.949ms
[56.750s][info][gc,metaspace] GC(8) Metaspace: 28623K(29760K)->28623K(29760K) NonClass: 25241K(25792K)->25241K(25792K) Class: 3381K(3968K)->3381K(3968K)
[56.750s][info][gc          ] GC(8) Pause Full (System.gc()) 165M->165M(3925M) 1755.974ms
[57.917s][info][gc,metaspace] GC(9) Metaspace: 28624K(29760K)->28624K(29760K) NonClass: 25242K(25792K)->25242K(25792K) Class: 3381K(3968K)->3381K(3968K)
[57.917s][info][gc          ] GC(9) Pause Full (System.gc()) 165M->165M(3925M) 1165.193ms
[59.666s][info][gc,metaspace] GC(10) Metaspace: 28624K(29760K)->28624K(29760K) NonClass: 25242K(25792K)->25242K(25792K) Class: 3381K(3968K)->3381K(3968K)
[59.667s][info][gc          ] GC(10) Pause Full (System.gc()) 165M->165M(3925M) 1748.836ms
[60.806s][info][gc,metaspace] GC(11) Metaspace: 28624K(29760K)->28624K(29760K) NonClass: 25242K(25792K)->25242K(25792K) Class: 3381K(3968K)->3381K(3968K)
[60.806s][info][gc          ] GC(11) Pause Full (System.gc()) 165M->165M(3925M) 1138.439ms
[62.536s][info][gc,metaspace] GC(12) Metaspace: 28624K(29760K)->28624K(29760K) NonClass: 25242K(25792K)->25242K(25792K) Class: 3381K(3968K)->3381K(3968K)
[62.537s][info][gc          ] GC(12) Pause Full (System.gc()) 165M->165M(3925M) 1730.227ms
[63.843s][info][gc,metaspace] GC(13) Metaspace: 28624K(29760K)->28624K(29760K) NonClass: 25242K(25792K)->25242K(25792K) Class: 3381K(3968K)->3381K(3968K)
[63.843s][info][gc          ] GC(13) Pause Full (System.gc()) 165M->165M(3925M) 1305.896ms
[65.591s][info][gc,metaspace] GC(14) Metaspace: 28624K(29760K)->28624K(29760K) NonClass: 25242K(25792K)->25242K(25792K) Class: 3381K(3968K)->3381K(3968K)
[65.591s][info][gc          ] GC(14) Pause Full (System.gc()) 165M->165M(3925M) 1747.808ms
[66.394s][info][gc,metaspace] GC(15) Metaspace: 28624K(29760K)->28624K(29760K) NonClass: 25242K(25792K)->25242K(25792K) Class: 3381K(3968K)->3381K(3968K)
[66.394s][info][gc          ] GC(15) Pause Full (System.gc()) 165M->165M(3925M) 802.390ms
[67.352s][info][gc,metaspace] GC(16) Metaspace: 28624K(29760K)->28624K(29760K) NonClass: 25242K(25792K)->25242K(25792K) Class: 3381K(3968K)->3381K(3968K)
[67.352s][info][gc          ] GC(16) Pause Full (System.gc()) 165M->165M(3925M) 957.214ms
[69.050s][info][gc,metaspace] GC(17) Metaspace: 28624K(29760K)->28624K(29760K) NonClass: 25242K(25792K)->25242K(25792K) Class: 3381K(3968K)->3381K(3968K)
[69.051s][info][gc          ] GC(17) Pause Full (System.gc()) 165M->165M(3925M) 1697.597ms
[70.620s][info][gc,metaspace] GC(18) Metaspace: 28624K(29760K)->28624K(29760K) NonClass: 25242K(25792K)->25242K(25792K) Class: 3381K(3968K)->3381K(3968K)
[70.620s][info][gc          ] GC(18) Pause Full (System.gc()) 165M->165M(3925M) 1568.196ms
[72.212s][info][gc,metaspace] GC(19) Metaspace: 28624K(29760K)->28624K(29760K) NonClass: 25242K(25792K)->25242K(25792K) Class: 3381K(3968K)->3381K(3968K)
[72.213s][info][gc          ] GC(19) Pause Full (System.gc()) 165M->165M(3925M) 1592.265ms
[73.199s][info][gc,metaspace] GC(20) Metaspace: 28624K(29760K)->28624K(29760K) NonClass: 25242K(25792K)->25242K(25792K) Class: 3381K(3968K)->3381K(3968K)
[73.199s][info][gc          ] GC(20) Pause Full (System.gc()) 165M->165M(3925M) 986.028ms
[74.950s][info][gc,metaspace] GC(21) Metaspace: 28624K(29760K)->28624K(29760K) NonClass: 25242K(25792K)->25242K(25792K) Class: 3381K(3968K)->3381K(3968K)
[74.951s][info][gc          ] GC(21) Pause Full (System.gc()) 165M->165M(3925M) 1750.057ms
[75.860s][info][gc,metaspace] GC(22) Metaspace: 28624K(29760K)->28624K(29760K) NonClass: 25242K(25792K)->25242K(25792K) Class: 3381K(3968K)->3381K(3968K)
[75.860s][info][gc          ] GC(22) Pause Full (System.gc()) 165M->165M(3925M) 907.191ms
[76.582s][info][gc,metaspace] GC(23) Metaspace: 28624K(29760K)->28624K(29760K) NonClass: 25242K(25792K)->25242K(25792K) Class: 3381K(3968K)->3381K(3968K)
[76.582s][info][gc          ] GC(23) Pause Full (System.gc()) 165M->165M(3925M) 721.354ms
[77.523s][info][gc,metaspace] GC(24) Metaspace: 28624K(29760K)->28624K(29760K) NonClass: 25242K(25792K)->25242K(25792K) Class: 3381K(3968K)->3381K(3968K)
[77.524s][info][gc          ] GC(24) Pause Full (System.gc()) 165M->165M(3925M) 941.264ms
[79.700s][info][gc,metaspace] GC(25) Metaspace: 28624K(29760K)->28624K(29760K) NonClass: 25242K(25792K)->25242K(25792K) Class: 3381K(3968K)->3381K(3968K)
[79.700s][info][gc          ] GC(25) Pause Full (System.gc()) 165M->165M(3925M) 2175.778ms
[80.588s][info][gc,metaspace] GC(26) Metaspace: 28624K(29760K)->28624K(29760K) NonClass: 25242K(25792K)->25242K(25792K) Class: 3381K(3968K)->3381K(3968K)
[80.588s][info][gc          ] GC(26) Pause Full (System.gc()) 171M->165M(3925M) 887.688ms
[82.288s][info][gc,metaspace] GC(27) Metaspace: 28624K(29760K)->28624K(29760K) NonClass: 25242K(25792K)->25242K(25792K) Class: 3381K(3968K)->3381K(3968K)
[82.288s][info][gc          ] GC(27) Pause Full (System.gc()) 165M->165M(3925M) 1699.714ms
[83.264s][info][gc,metaspace] GC(28) Metaspace: 28624K(29760K)->28624K(29760K) NonClass: 25242K(25792K)->25242K(25792K) Class: 3381K(3968K)->3381K(3968K)
[83.264s][info][gc          ] GC(28) Pause Full (System.gc()) 165M->165M(3925M) 975.659ms
[83.976s][info][gc,metaspace] GC(29) Metaspace: 28624K(29760K)->28624K(29760K) NonClass: 25242K(25792K)->25242K(25792K) Class: 3381K(3968K)->3381K(3968K)
[83.977s][info][gc          ] GC(29) Pause Full (System.gc()) 165M->165M(3925M) 712.143ms
[85.423s][info][gc,metaspace] GC(30) Metaspace: 28624K(29760K)->28624K(29760K) NonClass: 25242K(25792K)->25242K(25792K) Class: 3381K(3968K)->3381K(3968K)
[85.423s][info][gc          ] GC(30) Pause Full (System.gc()) 165M->165M(3925M) 1446.004ms
[86.897s][info][gc,metaspace] GC(31) Metaspace: 28624K(29760K)->28624K(29760K) NonClass: 25242K(25792K)->25242K(25792K) Class: 3381K(3968K)->3381K(3968K)
[86.897s][info][gc          ] GC(31) Pause Full (System.gc()) 165M->165M(3925M) 1473.442ms
[87.615s][info][gc,metaspace] GC(32) Metaspace: 28624K(29760K)->28624K(29760K) NonClass: 25242K(25792K)->25242K(25792K) Class: 3381K(3968K)->3381K(3968K)
[87.615s][info][gc          ] GC(32) Pause Full (System.gc()) 165M->165M(3925M) 718.091ms
[88.324s][info][gc,metaspace] GC(33) Metaspace: 28624K(29760K)->28624K(29760K) NonClass: 25242K(25792K)->25242K(25792K) Class: 3381K(3968K)->3381K(3968K)
[88.324s][info][gc          ] GC(33) Pause Full (System.gc()) 165M->165M(3925M) 708.337ms
[89.029s][info][gc,metaspace] GC(34) Metaspace: 28624K(29760K)->28624K(29760K) NonClass: 25242K(25792K)->25242K(25792K) Class: 3381K(3968K)->3381K(3968K)
[89.029s][info][gc          ] GC(34) Pause Full (System.gc()) 165M->165M(3925M) 705.461ms
[90.244s][info][gc,metaspace] GC(35) Metaspace: 28624K(29760K)->28624K(29760K) NonClass: 25242K(25792K)->25242K(25792K) Class: 3381K(3968K)->3381K(3968K)
[90.245s][info][gc          ] GC(35) Pause Full (System.gc()) 165M->165M(3925M) 1214.919ms
[91.895s][info][gc,metaspace] GC(36) Metaspace: 28624K(29760K)->28624K(29760K) NonClass: 25242K(25792K)->25242K(25792K) Class: 3381K(3968K)->3381K(3968K)
[91.896s][info][gc          ] GC(36) Pause Full (System.gc()) 165M->165M(3925M) 1650.711ms
[93.584s][info][gc,metaspace] GC(37) Metaspace: 28624K(29760K)->28624K(29760K) NonClass: 25242K(25792K)->25242K(25792K) Class: 3381K(3968K)->3381K(3968K)
[93.584s][info][gc          ] GC(37) Pause Full (System.gc()) 165M->165M(3925M) 1688.565ms
[95.166s][info][gc,metaspace] GC(38) Metaspace: 28624K(29760K)->28624K(29760K) NonClass: 25242K(25792K)->25242K(25792K) Class: 3381K(3968K)->3381K(3968K)
[95.167s][info][gc          ] GC(38) Pause Full (System.gc()) 165M->165M(3925M) 1581.648ms
[96.868s][info][gc,metaspace] GC(39) Metaspace: 28624K(29760K)->28624K(29760K) NonClass: 25242K(25792K)->25242K(25792K) Class: 3381K(3968K)->3381K(3968K)
[96.869s][info][gc          ] GC(39) Pause Full (System.gc()) 165M->165M(3925M) 1701.548ms
[98.260s][info][gc,metaspace] GC(40) Metaspace: 28624K(29760K)->28624K(29760K) NonClass: 25242K(25792K)->25242K(25792K) Class: 3381K(3968K)->3381K(3968K)
[98.260s][info][gc          ] GC(40) Pause Full (System.gc()) 165M->165M(3925M) 1391.418ms
[99.881s][info][gc,metaspace] GC(41) Metaspace: 28624K(29760K)->28624K(29760K) NonClass: 25242K(25792K)->25242K(25792K) Class: 3381K(3968K)->3381K(3968K)
[99.881s][info][gc          ] GC(41) Pause Full (System.gc()) 165M->165M(3925M) 1620.503ms
[101.548s][info][gc,metaspace] GC(42) Metaspace: 28624K(29760K)->28624K(29760K) NonClass: 25242K(25792K)->25242K(25792K) Class: 3381K(3968K)->3381K(3968K)
[101.548s][info][gc          ] GC(42) Pause Full (System.gc()) 165M->165M(3925M) 1666.580ms
[102.812s][info][gc,metaspace] GC(43) Metaspace: 28624K(29760K)->28624K(29760K) NonClass: 25242K(25792K)->25242K(25792K) Class: 3381K(3968K)->3381K(3968K)
[102.812s][info][gc          ] GC(43) Pause Full (System.gc()) 165M->165M(3925M) 1263.139ms
[103.513s][info][gc,metaspace] GC(44) Metaspace: 28624K(29760K)->28624K(29760K) NonClass: 25242K(25792K)->25242K(25792K) Class: 3381K(3968K)->3381K(3968K)
[103.513s][info][gc          ] GC(44) Pause Full (System.gc()) 165M->165M(3925M) 701.483ms
[105.101s][info][gc,metaspace] GC(45) Metaspace: 28624K(29760K)->28624K(29760K) NonClass: 25242K(25792K)->25242K(25792K) Class: 3381K(3968K)->3381K(3968K)
[105.101s][info][gc          ] GC(45) Pause Full (System.gc()) 165M->165M(3925M) 1587.571ms
[106.441s][info][gc,metaspace] GC(46) Metaspace: 28624K(29760K)->28624K(29760K) NonClass: 25242K(25792K)->25242K(25792K) Class: 3381K(3968K)->3381K(3968K)
[106.441s][info][gc          ] GC(46) Pause Full (System.gc()) 165M->165M(3925M) 1339.206ms
[107.715s][info][gc,metaspace] GC(47) Metaspace: 28624K(29760K)->28624K(29760K) NonClass: 25242K(25792K)->25242K(25792K) Class: 3381K(3968K)->3381K(3968K)
[107.715s][info][gc          ] GC(47) Pause Full (System.gc()) 165M->165M(3925M) 1273.870ms
[109.315s][info][gc,metaspace] GC(48) Metaspace: 28624K(29760K)->28624K(29760K) NonClass: 25242K(25792K)->25242K(25792K) Class: 3381K(3968K)->3381K(3968K)
[109.315s][info][gc          ] GC(48) Pause Full (System.gc()) 165M->165M(3925M) 1599.425ms
[110.992s][info][gc,metaspace] GC(49) Metaspace: 28624K(29760K)->28624K(29760K) NonClass: 25242K(25792K)->25242K(25792K) Class: 3381K(3968K)->3381K(3968K)
[110.992s][info][gc          ] GC(49) Pause Full (System.gc()) 165M->165M(3925M) 1676.829ms
[112.408s][info][gc,metaspace] GC(50) Metaspace: 28624K(29760K)->28624K(29760K) NonClass: 25242K(25792K)->25242K(25792K) Class: 3381K(3968K)->3381K(3968K)
[112.409s][info][gc          ] GC(50) Pause Full (System.gc()) 165M->165M(3925M) 1416.104ms
[114.125s][info][gc,metaspace] GC(51) Metaspace: 28624K(29760K)->28624K(29760K) NonClass: 25242K(25792K)->25242K(25792K) Class: 3381K(3968K)->3381K(3968K)
[114.125s][info][gc          ] GC(51) Pause Full (System.gc()) 165M->165M(3925M) 1716.322ms
[115.138s][info][gc,metaspace] GC(52) Metaspace: 28624K(29760K)->28624K(29760K) NonClass: 25242K(25792K)->25242K(25792K) Class: 3381K(3968K)->3381K(3968K)
[115.138s][info][gc          ] GC(52) Pause Full (System.gc()) 165M->165M(3925M) 1012.553ms
[116.846s][info][gc,metaspace] GC(53) Metaspace: 28624K(29760K)->28624K(29760K) NonClass: 25242K(25792K)->25242K(25792K) Class: 3381K(3968K)->3381K(3968K)
[116.846s][info][gc          ] GC(53) Pause Full (System.gc()) 165M->165M(3925M) 1707.436ms
[118.025s][info][gc,metaspace] GC(54) Metaspace: 28624K(29760K)->28624K(29760K) NonClass: 25242K(25792K)->25242K(25792K) Class: 3381K(3968K)->3381K(3968K)
[118.025s][info][gc          ] GC(54) Pause Full (System.gc()) 165M->165M(3925M) 1178.114ms
[118.737s][info][gc,metaspace] GC(55) Metaspace: 28624K(29760K)->28624K(29760K) NonClass: 25242K(25792K)->25242K(25792K) Class: 3381K(3968K)->3381K(3968K)
[118.737s][info][gc          ] GC(55) Pause Full (System.gc()) 165M->165M(3925M) 711.672ms
[119.714s][info][gc,metaspace] GC(56) Metaspace: 28624K(29760K)->28624K(29760K) NonClass: 25242K(25792K)->25242K(25792K) Class: 3381K(3968K)->3381K(3968K)
[119.714s][info][gc          ] GC(56) Pause Full (System.gc()) 165M->165M(3925M) 976.898ms
[121.453s][info][gc,metaspace] GC(57) Metaspace: 28624K(29760K)->28624K(29760K) NonClass: 25242K(25792K)->25242K(25792K) Class: 3381K(3968K)->3381K(3968K)
[121.453s][info][gc          ] GC(57) Pause Full (System.gc()) 165M->165M(3925M) 1738.407ms
[122.516s][info][gc,metaspace] GC(58) Metaspace: 28624K(29760K)->28624K(29760K) NonClass: 25242K(25792K)->25242K(25792K) Class: 3381K(3968K)->3381K(3968K)
[122.516s][info][gc          ] GC(58) Pause Full (System.gc()) 165M->165M(3925M) 1062.798ms
[124.238s][info][gc,metaspace] GC(59) Metaspace: 28624K(29760K)->28624K(29760K) NonClass: 25242K(25792K)->25242K(25792K) Class: 3381K(3968K)->3381K(3968K)
[124.238s][info][gc          ] GC(59) Pause Full (System.gc()) 165M->165M(3925M) 1721.259ms
[125.400s][info][gc,metaspace] GC(60) Metaspace: 28624K(29760K)->28624K(29760K) NonClass: 25242K(25792K)->25242K(25792K) Class: 3381K(3968K)->3381K(3968K)
[125.400s][info][gc          ] GC(60) Pause Full (System.gc()) 165M->165M(3925M) 1162.134ms
[127.128s][info][gc,metaspace] GC(61) Metaspace: 28624K(29760K)->28624K(29760K) NonClass: 25242K(25792K)->25242K(25792K) Class: 3381K(3968K)->3381K(3968K)
[127.129s][info][gc          ] GC(61) Pause Full (System.gc()) 165M->165M(3925M) 1727.917ms
[128.428s][info][gc,metaspace] GC(62) Metaspace: 28624K(29760K)->28624K(29760K) NonClass: 25242K(25792K)->25242K(25792K) Class: 3381K(3968K)->3381K(3968K)
[128.428s][info][gc          ] GC(62) Pause Full (System.gc()) 165M->165M(3925M) 1298.404ms
[130.140s][info][gc,metaspace] GC(63) Metaspace: 28624K(29760K)->28624K(29760K) NonClass: 25242K(25792K)->25242K(25792K) Class: 3381K(3968K)->3381K(3968K)
[130.140s][info][gc          ] GC(63) Pause Full (System.gc()) 165M->165M(3925M) 1711.784ms
[131.296s][info][gc,metaspace] GC(64) Metaspace: 28624K(29760K)->28624K(29760K) NonClass: 25242K(25792K)->25242K(25792K) Class: 3381K(3968K)->3381K(3968K)
[131.296s][info][gc          ] GC(64) Pause Full (System.gc()) 165M->165M(3925M) 1155.615ms
[133.015s][info][gc,metaspace] GC(65) Metaspace: 28624K(29760K)->28624K(29760K) NonClass: 25242K(25792K)->25242K(25792K) Class: 3381K(3968K)->3381K(3968K)
[133.015s][info][gc          ] GC(65) Pause Full (System.gc()) 165M->165M(3925M) 1718.701ms
[134.337s][info][gc,metaspace] GC(66) Metaspace: 28624K(29760K)->28624K(29760K) NonClass: 25242K(25792K)->25242K(25792K) Class: 3381K(3968K)->3381K(3968K)
[134.338s][info][gc          ] GC(66) Pause Full (System.gc()) 165M->165M(3925M) 1321.807ms
[136.052s][info][gc,metaspace] GC(67) Metaspace: 28624K(29760K)->28624K(29760K) NonClass: 25242K(25792K)->25242K(25792K) Class: 3381K(3968K)->3381K(3968K)
[136.052s][info][gc          ] GC(67) Pause Full (System.gc()) 165M->165M(3925M) 1714.304ms
[136.955s][info][gc,metaspace] GC(68) Metaspace: 28624K(29760K)->28624K(29760K) NonClass: 25242K(25792K)->25242K(25792K) Class: 3381K(3968K)->3381K(3968K)
[136.955s][info][gc          ] GC(68) Pause Full (System.gc()) 165M->165M(3925M) 902.574ms
[137.937s][info][gc,metaspace] GC(69) Metaspace: 28624K(29760K)->28624K(29760K) NonClass: 25242K(25792K)->25242K(25792K) Class: 3381K(3968K)->3381K(3968K)
[137.938s][info][gc          ] GC(69) Pause Full (System.gc()) 165M->165M(3925M) 981.949ms
[139.681s][info][gc,metaspace] GC(70) Metaspace: 28624K(29760K)->28624K(29760K) NonClass: 25242K(25792K)->25242K(25792K) Class: 3381K(3968K)->3381K(3968K)
[139.681s][info][gc          ] GC(70) Pause Full (System.gc()) 165M->165M(3925M) 1743.074ms
[140.548s][info][gc,metaspace] GC(71) Metaspace: 28624K(29760K)->28624K(29760K) NonClass: 25242K(25792K)->25242K(25792K) Class: 3381K(3968K)->3381K(3968K)
[140.548s][info][gc          ] GC(71) Pause Full (System.gc()) 165M->165M(3925M) 866.214ms
[142.137s][info][gc,metaspace] GC(72) Metaspace: 28624K(29760K)->28624K(29760K) NonClass: 25242K(25792K)->25242K(25792K) Class: 3381K(3968K)->3381K(3968K)
[142.138s][info][gc          ] GC(72) Pause Full (System.gc()) 165M->165M(3925M) 1589.546ms
[143.479s][info][gc,metaspace] GC(73) Metaspace: 28624K(29760K)->28624K(29760K) NonClass: 25242K(25792K)->25242K(25792K) Class: 3381K(3968K)->3381K(3968K)
[143.479s][info][gc          ] GC(73) Pause Full (System.gc()) 171M->165M(3925M) 1340.521ms
[144.284s][info][gc,metaspace] GC(74) Metaspace: 28624K(29760K)->28624K(29760K) NonClass: 25242K(25792K)->25242K(25792K) Class: 3381K(3968K)->3381K(3968K)
[144.284s][info][gc          ] GC(74) Pause Full (System.gc()) 165M->165M(3925M) 805.301ms
[146.011s][info][gc,metaspace] GC(75) Metaspace: 28624K(29760K)->28624K(29760K) NonClass: 25242K(25792K)->25242K(25792K) Class: 3381K(3968K)->3381K(3968K)
[146.011s][info][gc          ] GC(75) Pause Full (System.gc()) 165M->165M(3925M) 1725.978ms
[147.291s][info][gc,metaspace] GC(76) Metaspace: 28624K(29760K)->28624K(29760K) NonClass: 25242K(25792K)->25242K(25792K) Class: 3381K(3968K)->3381K(3968K)
[147.291s][info][gc          ] GC(76) Pause Full (System.gc()) 165M->165M(3925M) 1280.015ms
[149.008s][info][gc,metaspace] GC(77) Metaspace: 28624K(29760K)->28624K(29760K) NonClass: 25242K(25792K)->25242K(25792K) Class: 3381K(3968K)->3381K(3968K)
[149.008s][info][gc          ] GC(77) Pause Full (System.gc()) 165M->165M(3925M) 1716.484ms
[150.020s][info][gc,metaspace] GC(78) Metaspace: 28624K(29760K)->28624K(29760K) NonClass: 25242K(25792K)->25242K(25792K) Class: 3381K(3968K)->3381K(3968K)
[150.020s][info][gc          ] GC(78) Pause Full (System.gc()) 165M->165M(3925M) 1011.270ms
[150.729s][info][gc,metaspace] GC(79) Metaspace: 28624K(29760K)->28624K(29760K) NonClass: 25242K(25792K)->25242K(25792K) Class: 3381K(3968K)->3381K(3968K)
[150.729s][info][gc          ] GC(79) Pause Full (System.gc()) 165M->165M(3925M) 709.148ms
[151.686s][info][gc,metaspace] GC(80) Metaspace: 28624K(29760K)->28624K(29760K) NonClass: 25242K(25792K)->25242K(25792K) Class: 3381K(3968K)->3381K(3968K)
[151.686s][info][gc          ] GC(80) Pause Full (System.gc()) 165M->165M(3925M) 956.350ms
[153.392s][info][gc,metaspace] GC(81) Metaspace: 28624K(29760K)->28624K(29760K) NonClass: 25242K(25792K)->25242K(25792K) Class: 3381K(3968K)->3381K(3968K)
[153.392s][info][gc          ] GC(81) Pause Full (System.gc()) 165M->165M(3925M) 1706.090ms
[154.367s][info][gc,metaspace] GC(82) Metaspace: 28624K(29760K)->28624K(29760K) NonClass: 25242K(25792K)->25242K(25792K) Class: 3381K(3968K)->3381K(3968K)
[154.367s][info][gc          ] GC(82) Pause Full (System.gc()) 165M->165M(3925M) 974.132ms
[155.246s][info][gc,metaspace] GC(83) Metaspace: 28624K(29760K)->28624K(29760K) NonClass: 25242K(25792K)->25242K(25792K) Class: 3381K(3968K)->3381K(3968K)
[155.246s][info][gc          ] GC(83) Pause Full (System.gc()) 165M->165M(3925M) 878.962ms
[156.965s][info][gc,metaspace] GC(84) Metaspace: 28624K(29760K)->28624K(29760K) NonClass: 25242K(25792K)->25242K(25792K) Class: 3381K(3968K)->3381K(3968K)
[156.965s][info][gc          ] GC(84) Pause Full (System.gc()) 165M->165M(3925M) 1718.566ms
[158.239s][info][gc,metaspace] GC(85) Metaspace: 28624K(29760K)->28624K(29760K) NonClass: 25242K(25792K)->25242K(25792K) Class: 3381K(3968K)->3381K(3968K)
[158.240s][info][gc          ] GC(85) Pause Full (System.gc()) 165M->165M(3925M) 1273.850ms
[159.955s][info][gc,metaspace] GC(86) Metaspace: 28624K(29760K)->28624K(29760K) NonClass: 25242K(25792K)->25242K(25792K) Class: 3381K(3968K)->3381K(3968K)
[159.956s][info][gc          ] GC(86) Pause Full (System.gc()) 165M->165M(3925M) 1715.498ms
[160.896s][info][gc,metaspace] GC(87) Metaspace: 28624K(29760K)->28624K(29760K) NonClass: 25242K(25792K)->25242K(25792K) Class: 3381K(3968K)->3381K(3968K)
[160.896s][info][gc          ] GC(87) Pause Full (System.gc()) 165M->165M(3925M) 940.367ms
[161.753s][info][gc,metaspace] GC(88) Metaspace: 28624K(29760K)->28624K(29760K) NonClass: 25242K(25792K)->25242K(25792K) Class: 3381K(3968K)->3381K(3968K)
[161.753s][info][gc          ] GC(88) Pause Full (System.gc()) 165M->165M(3925M) 856.253ms
[163.488s][info][gc,metaspace] GC(89) Metaspace: 28624K(29760K)->28624K(29760K) NonClass: 25242K(25792K)->25242K(25792K) Class: 3381K(3968K)->3381K(3968K)
[163.488s][info][gc          ] GC(89) Pause Full (System.gc()) 165M->165M(3925M) 1734.866ms
[164.483s][info][gc,metaspace] GC(90) Metaspace: 28624K(29760K)->28624K(29760K) NonClass: 25242K(25792K)->25242K(25792K) Class: 3381K(3968K)->3381K(3968K)
[164.483s][info][gc          ] GC(90) Pause Full (System.gc()) 165M->165M(3925M) 994.044ms
[165.346s][info][gc,metaspace] GC(91) Metaspace: 28624K(29760K)->28624K(29760K) NonClass: 25242K(25792K)->25242K(25792K) Class: 3381K(3968K)->3381K(3968K)
[165.346s][info][gc          ] GC(91) Pause Full (System.gc()) 165M->165M(3925M) 862.739ms
[167.089s][info][gc,metaspace] GC(92) Metaspace: 28624K(29760K)->28624K(29760K) NonClass: 25242K(25792K)->25242K(25792K) Class: 3381K(3968K)->3381K(3968K)
[167.089s][info][gc          ] GC(92) Pause Full (System.gc()) 165M->165M(3925M) 1742.897ms
[168.243s][info][gc,metaspace] GC(93) Metaspace: 28624K(29760K)->28624K(29760K) NonClass: 25242K(25792K)->25242K(25792K) Class: 3381K(3968K)->3381K(3968K)
[168.244s][info][gc          ] GC(93) Pause Full (System.gc()) 165M->165M(3925M) 1154.134ms
[169.990s][info][gc,metaspace] GC(94) Metaspace: 28624K(29760K)->28624K(29760K) NonClass: 25242K(25792K)->25242K(25792K) Class: 3381K(3968K)->3381K(3968K)
[169.990s][info][gc          ] GC(94) Pause Full (System.gc()) 165M->165M(3925M) 1746.278ms
[171.125s][info][gc,metaspace] GC(95) Metaspace: 28624K(29760K)->28624K(29760K) NonClass: 25242K(25792K)->25242K(25792K) Class: 3381K(3968K)->3381K(3968K)
[171.125s][info][gc          ] GC(95) Pause Full (System.gc()) 165M->165M(3925M) 1134.377ms
[172.846s][info][gc,metaspace] GC(96) Metaspace: 28624K(29760K)->28624K(29760K) NonClass: 25242K(25792K)->25242K(25792K) Class: 3381K(3968K)->3381K(3968K)
[172.846s][info][gc          ] GC(96) Pause Full (System.gc()) 165M->165M(3925M) 1720.292ms
[173.970s][info][gc,metaspace] GC(97) Metaspace: 28624K(29760K)->28624K(29760K) NonClass: 25242K(25792K)->25242K(25792K) Class: 3381K(3968K)->3381K(3968K)
[173.970s][info][gc          ] GC(97) Pause Full (System.gc()) 165M->165M(3925M) 1123.452ms
[175.705s][info][gc,metaspace] GC(98) Metaspace: 28624K(29760K)->28624K(29760K) NonClass: 25242K(25792K)->25242K(25792K) Class: 3381K(3968K)->3381K(3968K)
[175.705s][info][gc          ] GC(98) Pause Full (System.gc()) 165M->165M(3925M) 1734.488ms
[177.359s][info][gc,metaspace] GC(99) Metaspace: 28624K(29760K)->28624K(29760K) NonClass: 25242K(25792K)->25242K(25792K) Class: 3381K(3968K)->3381K(3968K)
[177.360s][info][gc          ] GC(99) Pause Full (System.gc()) 165M->165M(3925M) 1654.326ms
[178.972s][info][gc,metaspace] GC(100) Metaspace: 28624K(29760K)->28624K(29760K) NonClass: 25242K(25792K)->25242K(25792K) Class: 3381K(3968K)->3381K(3968K)
[178.972s][info][gc          ] GC(100) Pause Full (System.gc()) 165M->165M(3925M) 1612.257ms
[179.886s][info][gc,metaspace] GC(101) Metaspace: 28624K(29760K)->28624K(29760K) NonClass: 25242K(25792K)->25242K(25792K) Class: 3381K(3968K)->3381K(3968K)
[179.886s][info][gc          ] GC(101) Pause Full (System.gc()) 165M->165M(3925M) 913.292ms
[181.618s][info][gc,metaspace] GC(102) Metaspace: 28624K(29760K)->28624K(29760K) NonClass: 25242K(25792K)->25242K(25792K) Class: 3381K(3968K)->3381K(3968K)
[181.618s][info][gc          ] GC(102) Pause Full (System.gc()) 165M->165M(3925M) 1731.589ms
[182.742s][info][gc,metaspace] GC(103) Metaspace: 28624K(29760K)->28624K(29760K) NonClass: 25242K(25792K)->25242K(25792K) Class: 3381K(3968K)->3381K(3968K)
[182.742s][info][gc          ] GC(103) Pause Full (System.gc()) 165M->165M(3925M) 1123.419ms
[184.468s][info][gc,metaspace] GC(104) Metaspace: 28624K(29760K)->28624K(29760K) NonClass: 25242K(25792K)->25242K(25792K) Class: 3381K(3968K)->3381K(3968K)
[184.468s][info][gc          ] GC(104) Pause Full (System.gc()) 165M->165M(3925M) 1726.149ms
After GCs... 
