Done; will start GCs... 
[11.414s][info][gc,metaspace] GC(2) Metaspace: 26045K(26752K)->26045K(26752K) NonClass: 23200K(23552K)->23200K(23552K) Class: 2845K(3200K)->2845K(3200K)
[11.414s][info][gc          ] GC(2) Pause Full (System.gc()) 1314M->1284M(5939M) 2579.951ms
[13.098s][info][gc,metaspace] GC(3) Metaspace: 26045K(26752K)->26045K(26752K) NonClass: 23200K(23552K)->23200K(23552K) Class: 2845K(3200K)->2845K(3200K)
[13.098s][info][gc          ] GC(3) Pause Full (System.gc()) 1284M->1284M(5939M) 1683.772ms
[15.222s][info][gc,metaspace] GC(4) Metaspace: 26045K(26752K)->26045K(26752K) NonClass: 23200K(23552K)->23200K(23552K) Class: 2845K(3200K)->2845K(3200K)
[15.222s][info][gc          ] GC(4) Pause Full (System.gc()) 1284M->1284M(5939M) 2123.620ms
[16.844s][info][gc,metaspace] GC(5) Metaspace: 26045K(26752K)->26045K(26752K) NonClass: 23200K(23552K)->23200K(23552K) Class: 2845K(3200K)->2845K(3200K)
[16.844s][info][gc          ] GC(5) Pause Full (System.gc()) 1284M->1284M(5939M) 1621.488ms
[18.517s][info][gc,metaspace] GC(6) Metaspace: 26045K(26752K)->26045K(26752K) NonClass: 23200K(23552K)->23200K(23552K) Class: 2845K(3200K)->2845K(3200K)
[18.517s][info][gc          ] GC(6) Pause Full (System.gc()) 1284M->1284M(5939M) 1672.665ms
[20.188s][info][gc,metaspace] GC(7) Metaspace: 26045K(26752K)->26045K(26752K) NonClass: 23200K(23552K)->23200K(23552K) Class: 2845K(3200K)->2845K(3200K)
[20.188s][info][gc          ] GC(7) Pause Full (System.gc()) 1284M->1284M(5939M) 1671.270ms
[21.958s][info][gc,metaspace] GC(8) Metaspace: 26045K(26752K)->26045K(26752K) NonClass: 23200K(23552K)->23200K(23552K) Class: 2845K(3200K)->2845K(3200K)
[21.958s][info][gc          ] GC(8) Pause Full (System.gc()) 1284M->1284M(5939M) 1769.778ms
[23.819s][info][gc,metaspace] GC(9) Metaspace: 26045K(26752K)->26045K(26752K) NonClass: 23200K(23552K)->23200K(23552K) Class: 2845K(3200K)->2845K(3200K)
[23.819s][info][gc          ] GC(9) Pause Full (System.gc()) 1284M->1284M(5939M) 1856.508ms
[25.491s][info][gc,metaspace] GC(10) Metaspace: 26045K(26752K)->26045K(26752K) NonClass: 23200K(23552K)->23200K(23552K) Class: 2845K(3200K)->2845K(3200K)
[25.491s][info][gc          ] GC(10) Pause Full (System.gc()) 1284M->1284M(5939M) 1672.158ms
[27.163s][info][gc,metaspace] GC(11) Metaspace: 26045K(26752K)->26045K(26752K) NonClass: 23200K(23552K)->23200K(23552K) Class: 2845K(3200K)->2845K(3200K)
[27.163s][info][gc          ] GC(11) Pause Full (System.gc()) 1284M->1284M(5939M) 1671.501ms
[28.781s][info][gc,metaspace] GC(12) Metaspace: 26045K(26752K)->26045K(26752K) NonClass: 23200K(23552K)->23200K(23552K) Class: 2845K(3200K)->2845K(3200K)
[28.781s][info][gc          ] GC(12) Pause Full (System.gc()) 1284M->1284M(5939M) 1614.214ms
[30.453s][info][gc,metaspace] GC(13) Metaspace: 26045K(26752K)->26045K(26752K) NonClass: 23200K(23552K)->23200K(23552K) Class: 2845K(3200K)->2845K(3200K)
[30.453s][info][gc          ] GC(13) Pause Full (System.gc()) 1284M->1284M(5939M) 1671.306ms
[32.125s][info][gc,metaspace] GC(14) Metaspace: 26045K(26752K)->26045K(26752K) NonClass: 23200K(23552K)->23200K(23552K) Class: 2845K(3200K)->2845K(3200K)
[32.125s][info][gc          ] GC(14) Pause Full (System.gc()) 1284M->1284M(5939M) 1672.644ms
[33.747s][info][gc,metaspace] GC(15) Metaspace: 26045K(26752K)->26045K(26752K) NonClass: 23200K(23552K)->23200K(23552K) Class: 2845K(3200K)->2845K(3200K)
[33.747s][info][gc          ] GC(15) Pause Full (System.gc()) 1284M->1284M(5939M) 1621.582ms
[35.419s][info][gc,metaspace] GC(16) Metaspace: 26045K(26752K)->26045K(26752K) NonClass: 23200K(23552K)->23200K(23552K) Class: 2845K(3200K)->2845K(3200K)
[35.419s][info][gc          ] GC(16) Pause Full (System.gc()) 1284M->1284M(5939M) 1672.016ms
[37.091s][info][gc,metaspace] GC(17) Metaspace: 26045K(26752K)->26045K(26752K) NonClass: 23200K(23552K)->23200K(23552K) Class: 2845K(3200K)->2845K(3200K)
[37.091s][info][gc          ] GC(17) Pause Full (System.gc()) 1284M->1284M(5939M) 1671.643ms
[38.713s][info][gc,metaspace] GC(18) Metaspace: 26045K(26752K)->26045K(26752K) NonClass: 23200K(23552K)->23200K(23552K) Class: 2845K(3200K)->2845K(3200K)
[38.713s][info][gc          ] GC(18) Pause Full (System.gc()) 1284M->1284M(5939M) 1622.113ms
[40.385s][info][gc,metaspace] GC(19) Metaspace: 26045K(26752K)->26045K(26752K) NonClass: 23200K(23552K)->23200K(23552K) Class: 2845K(3200K)->2845K(3200K)
[40.385s][info][gc          ] GC(19) Pause Full (System.gc()) 1284M->1284M(5939M) 1671.630ms
[42.057s][info][gc,metaspace] GC(20) Metaspace: 26045K(26752K)->26045K(26752K) NonClass: 23200K(23552K)->23200K(23552K) Class: 2845K(3200K)->2845K(3200K)
[42.057s][info][gc          ] GC(20) Pause Full (System.gc()) 1284M->1284M(5939M) 1672.082ms
[43.678s][info][gc,metaspace] GC(21) Metaspace: 26045K(26752K)->26045K(26752K) NonClass: 23200K(23552K)->23200K(23552K) Class: 2845K(3200K)->2845K(3200K)
[43.678s][info][gc          ] GC(21) Pause Full (System.gc()) 1284M->1284M(5939M) 1621.134ms
[45.351s][info][gc,metaspace] GC(22) Metaspace: 26045K(26752K)->26045K(26752K) NonClass: 23200K(23552K)->23200K(23552K) Class: 2845K(3200K)->2845K(3200K)
[45.351s][info][gc          ] GC(22) Pause Full (System.gc()) 1284M->1284M(5939M) 1672.434ms
[47.022s][info][gc,metaspace] GC(23) Metaspace: 26045K(26752K)->26045K(26752K) NonClass: 23200K(23552K)->23200K(23552K) Class: 2845K(3200K)->2845K(3200K)
[47.022s][info][gc          ] GC(23) Pause Full (System.gc()) 1284M->1284M(5939M) 1671.403ms
[48.661s][info][gc,metaspace] GC(24) Metaspace: 26045K(26752K)->26045K(26752K) NonClass: 23200K(23552K)->23200K(23552K) Class: 2845K(3200K)->2845K(3200K)
[48.661s][info][gc          ] GC(24) Pause Full (System.gc()) 1284M->1284M(5939M) 1638.630ms
[50.332s][info][gc,metaspace] GC(25) Metaspace: 26045K(26752K)->26045K(26752K) NonClass: 23200K(23552K)->23200K(23552K) Class: 2845K(3200K)->2845K(3200K)
[50.332s][info][gc          ] GC(25) Pause Full (System.gc()) 1284M->1284M(5939M) 1671.279ms
[52.005s][info][gc,metaspace] GC(26) Metaspace: 26045K(26752K)->26045K(26752K) NonClass: 23200K(23552K)->23200K(23552K) Class: 2845K(3200K)->2845K(3200K)
[52.005s][info][gc          ] GC(26) Pause Full (System.gc()) 1284M->1284M(5939M) 1672.131ms
[53.626s][info][gc,metaspace] GC(27) Metaspace: 26045K(26752K)->26045K(26752K) NonClass: 23200K(23552K)->23200K(23552K) Class: 2845K(3200K)->2845K(3200K)
[53.626s][info][gc          ] GC(27) Pause Full (System.gc()) 1284M->1284M(5939M) 1621.156ms
[55.298s][info][gc,metaspace] GC(28) Metaspace: 26045K(26752K)->26045K(26752K) NonClass: 23200K(23552K)->23200K(23552K) Class: 2845K(3200K)->2845K(3200K)
[55.298s][info][gc          ] GC(28) Pause Full (System.gc()) 1284M->1284M(5939M) 1672.191ms
[56.970s][info][gc,metaspace] GC(29) Metaspace: 26045K(26752K)->26045K(26752K) NonClass: 23200K(23552K)->23200K(23552K) Class: 2845K(3200K)->2845K(3200K)
[56.970s][info][gc          ] GC(29) Pause Full (System.gc()) 1284M->1284M(5939M) 1671.582ms
[58.829s][info][gc,metaspace] GC(30) Metaspace: 26045K(26752K)->26045K(26752K) NonClass: 23200K(23552K)->23200K(23552K) Class: 2845K(3200K)->2845K(3200K)
[58.829s][info][gc          ] GC(30) Pause Full (System.gc()) 1284M->1284M(5939M) 1859.372ms
[60.501s][info][gc,metaspace] GC(31) Metaspace: 26045K(26752K)->26045K(26752K) NonClass: 23200K(23552K)->23200K(23552K) Class: 2845K(3200K)->2845K(3200K)
[60.501s][info][gc          ] GC(31) Pause Full (System.gc()) 1284M->1284M(5939M) 1667.251ms
[62.170s][info][gc,metaspace] GC(32) Metaspace: 26045K(26752K)->26045K(26752K) NonClass: 23200K(23552K)->23200K(23552K) Class: 2845K(3200K)->2845K(3200K)
[62.170s][info][gc          ] GC(32) Pause Full (System.gc()) 1284M->1284M(5939M) 1668.430ms
[63.791s][info][gc,metaspace] GC(33) Metaspace: 26045K(26752K)->26045K(26752K) NonClass: 23200K(23552K)->23200K(23552K) Class: 2845K(3200K)->2845K(3200K)
[63.791s][info][gc          ] GC(33) Pause Full (System.gc()) 1284M->1284M(5939M) 1621.234ms
[65.463s][info][gc,metaspace] GC(34) Metaspace: 26045K(26752K)->26045K(26752K) NonClass: 23200K(23552K)->23200K(23552K) Class: 2845K(3200K)->2845K(3200K)
[65.463s][info][gc          ] GC(34) Pause Full (System.gc()) 1284M->1284M(5939M) 1672.145ms
[67.135s][info][gc,metaspace] GC(35) Metaspace: 26045K(26752K)->26045K(26752K) NonClass: 23200K(23552K)->23200K(23552K) Class: 2845K(3200K)->2845K(3200K)
[67.135s][info][gc          ] GC(35) Pause Full (System.gc()) 1284M->1284M(5939M) 1671.743ms
[68.757s][info][gc,metaspace] GC(36) Metaspace: 26045K(26752K)->26045K(26752K) NonClass: 23200K(23552K)->23200K(23552K) Class: 2845K(3200K)->2845K(3200K)
[68.757s][info][gc          ] GC(36) Pause Full (System.gc()) 1284M->1284M(5939M) 1622.206ms
[70.429s][info][gc,metaspace] GC(37) Metaspace: 26045K(26752K)->26045K(26752K) NonClass: 23200K(23552K)->23200K(23552K) Class: 2845K(3200K)->2845K(3200K)
[70.429s][info][gc          ] GC(37) Pause Full (System.gc()) 1284M->1284M(5939M) 1671.110ms
[72.101s][info][gc,metaspace] GC(38) Metaspace: 26045K(26752K)->26045K(26752K) NonClass: 23200K(23552K)->23200K(23552K) Class: 2845K(3200K)->2845K(3200K)
[72.101s][info][gc          ] GC(38) Pause Full (System.gc()) 1300M->1284M(5939M) 1672.237ms
[73.723s][info][gc,metaspace] GC(39) Metaspace: 26045K(26752K)->26045K(26752K) NonClass: 23200K(23552K)->23200K(23552K) Class: 2845K(3200K)->2845K(3200K)
[73.723s][info][gc          ] GC(39) Pause Full (System.gc()) 1284M->1284M(5939M) 1621.716ms
[75.829s][info][gc,metaspace] GC(40) Metaspace: 26045K(26752K)->26045K(26752K) NonClass: 23200K(23552K)->23200K(23552K) Class: 2845K(3200K)->2845K(3200K)
[75.829s][info][gc          ] GC(40) Pause Full (System.gc()) 1284M->1284M(5939M) 2105.964ms
[77.501s][info][gc,metaspace] GC(41) Metaspace: 26045K(26752K)->26045K(26752K) NonClass: 23200K(23552K)->23200K(23552K) Class: 2845K(3200K)->2845K(3200K)
[77.501s][info][gc          ] GC(41) Pause Full (System.gc()) 1284M->1284M(5939M) 1672.121ms
[79.174s][info][gc,metaspace] GC(42) Metaspace: 26045K(26752K)->26045K(26752K) NonClass: 23200K(23552K)->23200K(23552K) Class: 2845K(3200K)->2845K(3200K)
[79.174s][info][gc          ] GC(42) Pause Full (System.gc()) 1284M->1284M(5939M) 1668.560ms
[80.796s][info][gc,metaspace] GC(43) Metaspace: 26045K(26752K)->26045K(26752K) NonClass: 23200K(23552K)->23200K(23552K) Class: 2845K(3200K)->2845K(3200K)
[80.796s][info][gc          ] GC(43) Pause Full (System.gc()) 1284M->1284M(5939M) 1622.243ms
[82.469s][info][gc,metaspace] GC(44) Metaspace: 26045K(26752K)->26045K(26752K) NonClass: 23200K(23552K)->23200K(23552K) Class: 2845K(3200K)->2845K(3200K)
[82.469s][info][gc          ] GC(44) Pause Full (System.gc()) 1284M->1284M(5939M) 1672.773ms
[84.142s][info][gc,metaspace] GC(45) Metaspace: 26045K(26752K)->26045K(26752K) NonClass: 23200K(23552K)->23200K(23552K) Class: 2845K(3200K)->2845K(3200K)
[84.142s][info][gc          ] GC(45) Pause Full (System.gc()) 1284M->1284M(5939M) 1672.343ms
[85.764s][info][gc,metaspace] GC(46) Metaspace: 26045K(26752K)->26045K(26752K) NonClass: 23200K(23552K)->23200K(23552K) Class: 2845K(3200K)->2845K(3200K)
[85.764s][info][gc          ] GC(46) Pause Full (System.gc()) 1284M->1284M(5939M) 1622.196ms
[87.530s][info][gc,metaspace] GC(47) Metaspace: 26045K(26752K)->26045K(26752K) NonClass: 23200K(23552K)->23200K(23552K) Class: 2845K(3200K)->2845K(3200K)
[87.530s][info][gc          ] GC(47) Pause Full (System.gc()) 1284M->1284M(5939M) 1765.632ms
[89.203s][info][gc,metaspace] GC(48) Metaspace: 26045K(26752K)->26045K(26752K) NonClass: 23200K(23552K)->23200K(23552K) Class: 2845K(3200K)->2845K(3200K)
[89.203s][info][gc          ] GC(48) Pause Full (System.gc()) 1284M->1284M(5939M) 1673.382ms
[90.825s][info][gc,metaspace] GC(49) Metaspace: 26045K(26752K)->26045K(26752K) NonClass: 23200K(23552K)->23200K(23552K) Class: 2845K(3200K)->2845K(3200K)
[90.825s][info][gc          ] GC(49) Pause Full (System.gc()) 1284M->1284M(5939M) 1617.763ms
[92.499s][info][gc,metaspace] GC(50) Metaspace: 26045K(26752K)->26045K(26752K) NonClass: 23200K(23552K)->23200K(23552K) Class: 2845K(3200K)->2845K(3200K)
[92.499s][info][gc          ] GC(50) Pause Full (System.gc()) 1284M->1284M(5939M) 1673.017ms
[94.167s][info][gc,metaspace] GC(51) Metaspace: 26045K(26752K)->26045K(26752K) NonClass: 23200K(23552K)->23200K(23552K) Class: 2845K(3200K)->2845K(3200K)
[94.167s][info][gc          ] GC(51) Pause Full (System.gc()) 1284M->1284M(5939M) 1668.058ms
[95.789s][info][gc,metaspace] GC(52) Metaspace: 26045K(26752K)->26045K(26752K) NonClass: 23200K(23552K)->23200K(23552K) Class: 2845K(3200K)->2845K(3200K)
[95.789s][info][gc          ] GC(52) Pause Full (System.gc()) 1284M->1284M(5939M) 1622.302ms
[97.461s][info][gc,metaspace] GC(53) Metaspace: 26045K(26752K)->26045K(26752K) NonClass: 23200K(23552K)->23200K(23552K) Class: 2845K(3200K)->2845K(3200K)
[97.461s][info][gc          ] GC(53) Pause Full (System.gc()) 1284M->1284M(5939M) 1672.109ms
[99.134s][info][gc,metaspace] GC(54) Metaspace: 26045K(26752K)->26045K(26752K) NonClass: 23200K(23552K)->23200K(23552K) Class: 2845K(3200K)->2845K(3200K)
[99.134s][info][gc          ] GC(54) Pause Full (System.gc()) 1284M->1284M(5939M) 1672.593ms
[100.757s][info][gc,metaspace] GC(55) Metaspace: 26045K(26752K)->26045K(26752K) NonClass: 23200K(23552K)->23200K(23552K) Class: 2845K(3200K)->2845K(3200K)
[100.757s][info][gc          ] GC(55) Pause Full (System.gc()) 1284M->1284M(5939M) 1622.511ms
[102.430s][info][gc,metaspace] GC(56) Metaspace: 26045K(26752K)->26045K(26752K) NonClass: 23200K(23552K)->23200K(23552K) Class: 2845K(3200K)->2845K(3200K)
[102.430s][info][gc          ] GC(56) Pause Full (System.gc()) 1284M->1284M(5939M) 1673.025ms
[104.102s][info][gc,metaspace] GC(57) Metaspace: 26045K(26752K)->26045K(26752K) NonClass: 23200K(23552K)->23200K(23552K) Class: 2845K(3200K)->2845K(3200K)
[104.102s][info][gc          ] GC(57) Pause Full (System.gc()) 1284M->1284M(5939M) 1672.209ms
[105.724s][info][gc,metaspace] GC(58) Metaspace: 26045K(26752K)->26045K(26752K) NonClass: 23200K(23552K)->23200K(23552K) Class: 2845K(3200K)->2845K(3200K)
[105.724s][info][gc          ] GC(58) Pause Full (System.gc()) 1284M->1284M(5939M) 1622.416ms
[107.397s][info][gc,metaspace] GC(59) Metaspace: 26045K(26752K)->26045K(26752K) NonClass: 23200K(23552K)->23200K(23552K) Class: 2845K(3200K)->2845K(3200K)
[107.397s][info][gc          ] GC(59) Pause Full (System.gc()) 1284M->1284M(5939M) 1672.197ms
[109.070s][info][gc,metaspace] GC(60) Metaspace: 26045K(26752K)->26045K(26752K) NonClass: 23200K(23552K)->23200K(23552K) Class: 2845K(3200K)->2845K(3200K)
[109.070s][info][gc          ] GC(60) Pause Full (System.gc()) 1284M->1284M(5939M) 1672.814ms
[110.692s][info][gc,metaspace] GC(61) Metaspace: 26045K(26752K)->26045K(26752K) NonClass: 23200K(23552K)->23200K(23552K) Class: 2845K(3200K)->2845K(3200K)
[110.692s][info][gc          ] GC(61) Pause Full (System.gc()) 1284M->1284M(5939M) 1622.048ms
[112.365s][info][gc,metaspace] GC(62) Metaspace: 26045K(26752K)->26045K(26752K) NonClass: 23200K(23552K)->23200K(23552K) Class: 2845K(3200K)->2845K(3200K)
[112.365s][info][gc          ] GC(62) Pause Full (System.gc()) 1284M->1284M(5939M) 1673.007ms
[114.037s][info][gc,metaspace] GC(63) Metaspace: 26045K(26752K)->26045K(26752K) NonClass: 23200K(23552K)->23200K(23552K) Class: 2845K(3200K)->2845K(3200K)
[114.037s][info][gc          ] GC(63) Pause Full (System.gc()) 1284M->1284M(5939M) 1672.329ms
[115.660s][info][gc,metaspace] GC(64) Metaspace: 26045K(26752K)->26045K(26752K) NonClass: 23200K(23552K)->23200K(23552K) Class: 2845K(3200K)->2845K(3200K)
[115.660s][info][gc          ] GC(64) Pause Full (System.gc()) 1284M->1284M(5939M) 1622.270ms
[117.332s][info][gc,metaspace] GC(65) Metaspace: 26045K(26752K)->26045K(26752K) NonClass: 23200K(23552K)->23200K(23552K) Class: 2845K(3200K)->2845K(3200K)
[117.332s][info][gc          ] GC(65) Pause Full (System.gc()) 1284M->1284M(5939M) 1672.275ms
[119.005s][info][gc,metaspace] GC(66) Metaspace: 26045K(26752K)->26045K(26752K) NonClass: 23200K(23552K)->23200K(23552K) Class: 2845K(3200K)->2845K(3200K)
[119.005s][info][gc          ] GC(66) Pause Full (System.gc()) 1284M->1284M(5939M) 1672.735ms
[120.626s][info][gc,metaspace] GC(67) Metaspace: 26045K(26752K)->26045K(26752K) NonClass: 23200K(23552K)->23200K(23552K) Class: 2845K(3200K)->2845K(3200K)
[120.626s][info][gc          ] GC(67) Pause Full (System.gc()) 1284M->1284M(5939M) 1621.557ms
[122.299s][info][gc,metaspace] GC(68) Metaspace: 26045K(26752K)->26045K(26752K) NonClass: 23200K(23552K)->23200K(23552K) Class: 2845K(3200K)->2845K(3200K)
[122.299s][info][gc          ] GC(68) Pause Full (System.gc()) 1284M->1284M(5939M) 1672.777ms
[123.971s][info][gc,metaspace] GC(69) Metaspace: 26045K(26752K)->26045K(26752K) NonClass: 23200K(23552K)->23200K(23552K) Class: 2845K(3200K)->2845K(3200K)
[123.971s][info][gc          ] GC(69) Pause Full (System.gc()) 1284M->1284M(5939M) 1672.020ms
[125.830s][info][gc,metaspace] GC(70) Metaspace: 26045K(26752K)->26045K(26752K) NonClass: 23200K(23552K)->23200K(23552K) Class: 2845K(3200K)->2845K(3200K)
[125.830s][info][gc          ] GC(70) Pause Full (System.gc()) 1284M->1284M(5939M) 1858.169ms
[127.502s][info][gc,metaspace] GC(71) Metaspace: 26045K(26752K)->26045K(26752K) NonClass: 23200K(23552K)->23200K(23552K) Class: 2845K(3200K)->2845K(3200K)
[127.502s][info][gc          ] GC(71) Pause Full (System.gc()) 1284M->1284M(5939M) 1672.182ms
[129.175s][info][gc,metaspace] GC(72) Metaspace: 26045K(26752K)->26045K(26752K) NonClass: 23200K(23552K)->23200K(23552K) Class: 2845K(3200K)->2845K(3200K)
[129.175s][info][gc          ] GC(72) Pause Full (System.gc()) 1284M->1284M(5939M) 1668.882ms
[130.797s][info][gc,metaspace] GC(73) Metaspace: 26045K(26752K)->26045K(26752K) NonClass: 23200K(23552K)->23200K(23552K) Class: 2845K(3200K)->2845K(3200K)
[130.797s][info][gc          ] GC(73) Pause Full (System.gc()) 1284M->1284M(5939M) 1621.951ms
[132.466s][info][gc,metaspace] GC(74) Metaspace: 26045K(26752K)->26045K(26752K) NonClass: 23200K(23552K)->23200K(23552K) Class: 2845K(3200K)->2845K(3200K)
[132.467s][info][gc          ] GC(74) Pause Full (System.gc()) 1284M->1284M(5939M) 1669.170ms
[134.139s][info][gc,metaspace] GC(75) Metaspace: 26045K(26752K)->26045K(26752K) NonClass: 23200K(23552K)->23200K(23552K) Class: 2845K(3200K)->2845K(3200K)
[134.139s][info][gc          ] GC(75) Pause Full (System.gc()) 1284M->1284M(5939M) 1672.415ms
[135.762s][info][gc,metaspace] GC(76) Metaspace: 26045K(26752K)->26045K(26752K) NonClass: 23200K(23552K)->23200K(23552K) Class: 2845K(3200K)->2845K(3200K)
[135.762s][info][gc          ] GC(76) Pause Full (System.gc()) 1300M->1284M(5939M) 1623.057ms
[137.434s][info][gc,metaspace] GC(77) Metaspace: 26045K(26752K)->26045K(26752K) NonClass: 23200K(23552K)->23200K(23552K) Class: 2845K(3200K)->2845K(3200K)
[137.434s][info][gc          ] GC(77) Pause Full (System.gc()) 1284M->1284M(5939M) 1671.949ms
[139.107s][info][gc,metaspace] GC(78) Metaspace: 26045K(26752K)->26045K(26752K) NonClass: 23200K(23552K)->23200K(23552K) Class: 2845K(3200K)->2845K(3200K)
[139.107s][info][gc          ] GC(78) Pause Full (System.gc()) 1284M->1284M(5939M) 1672.699ms
[140.729s][info][gc,metaspace] GC(79) Metaspace: 26045K(26752K)->26045K(26752K) NonClass: 23200K(23552K)->23200K(23552K) Class: 2845K(3200K)->2845K(3200K)
[140.729s][info][gc          ] GC(79) Pause Full (System.gc()) 1284M->1284M(5939M) 1622.243ms
[142.402s][info][gc,metaspace] GC(80) Metaspace: 26045K(26752K)->26045K(26752K) NonClass: 23200K(23552K)->23200K(23552K) Class: 2845K(3200K)->2845K(3200K)
[142.402s][info][gc          ] GC(80) Pause Full (System.gc()) 1284M->1284M(5939M) 1672.953ms
[144.075s][info][gc,metaspace] GC(81) Metaspace: 26045K(26752K)->26045K(26752K) NonClass: 23200K(23552K)->23200K(23552K) Class: 2845K(3200K)->2845K(3200K)
[144.075s][info][gc          ] GC(81) Pause Full (System.gc()) 1284M->1284M(5939M) 1672.524ms
[145.698s][info][gc,metaspace] GC(82) Metaspace: 26045K(26752K)->26045K(26752K) NonClass: 23200K(23552K)->23200K(23552K) Class: 2845K(3200K)->2845K(3200K)
[145.698s][info][gc          ] GC(82) Pause Full (System.gc()) 1284M->1284M(5939M) 1622.508ms
[147.370s][info][gc,metaspace] GC(83) Metaspace: 26045K(26752K)->26045K(26752K) NonClass: 23200K(23552K)->23200K(23552K) Class: 2845K(3200K)->2845K(3200K)
[147.370s][info][gc          ] GC(83) Pause Full (System.gc()) 1284M->1284M(5939M) 1672.090ms
[149.042s][info][gc,metaspace] GC(84) Metaspace: 26045K(26752K)->26045K(26752K) NonClass: 23200K(23552K)->23200K(23552K) Class: 2845K(3200K)->2845K(3200K)
[149.042s][info][gc          ] GC(84) Pause Full (System.gc()) 1284M->1284M(5939M) 1672.284ms
[150.664s][info][gc,metaspace] GC(85) Metaspace: 26045K(26752K)->26045K(26752K) NonClass: 23200K(23552K)->23200K(23552K) Class: 2845K(3200K)->2845K(3200K)
[150.664s][info][gc          ] GC(85) Pause Full (System.gc()) 1284M->1284M(5939M) 1622.119ms
[152.337s][info][gc,metaspace] GC(86) Metaspace: 26045K(26752K)->26045K(26752K) NonClass: 23200K(23552K)->23200K(23552K) Class: 2845K(3200K)->2845K(3200K)
[152.337s][info][gc          ] GC(86) Pause Full (System.gc()) 1284M->1284M(5939M) 1673.068ms
[154.010s][info][gc,metaspace] GC(87) Metaspace: 26045K(26752K)->26045K(26752K) NonClass: 23200K(23552K)->23200K(23552K) Class: 2845K(3200K)->2845K(3200K)
[154.010s][info][gc          ] GC(87) Pause Full (System.gc()) 1284M->1284M(5939M) 1672.413ms
[155.633s][info][gc,metaspace] GC(88) Metaspace: 26045K(26752K)->26045K(26752K) NonClass: 23200K(23552K)->23200K(23552K) Class: 2845K(3200K)->2845K(3200K)
[155.633s][info][gc          ] GC(88) Pause Full (System.gc()) 1284M->1284M(5939M) 1622.510ms
[157.305s][info][gc,metaspace] GC(89) Metaspace: 26045K(26752K)->26045K(26752K) NonClass: 23200K(23552K)->23200K(23552K) Class: 2845K(3200K)->2845K(3200K)
[157.305s][info][gc          ] GC(89) Pause Full (System.gc()) 1284M->1284M(5939M) 1672.338ms
[158.978s][info][gc,metaspace] GC(90) Metaspace: 26045K(26752K)->26045K(26752K) NonClass: 23200K(23552K)->23200K(23552K) Class: 2845K(3200K)->2845K(3200K)
[158.978s][info][gc          ] GC(90) Pause Full (System.gc()) 1284M->1284M(5939M) 1672.836ms
[160.600s][info][gc,metaspace] GC(91) Metaspace: 26045K(26752K)->26045K(26752K) NonClass: 23200K(23552K)->23200K(23552K) Class: 2845K(3200K)->2845K(3200K)
[160.600s][info][gc          ] GC(91) Pause Full (System.gc()) 1284M->1284M(5939M) 1622.003ms
[162.273s][info][gc,metaspace] GC(92) Metaspace: 26045K(26752K)->26045K(26752K) NonClass: 23200K(23552K)->23200K(23552K) Class: 2845K(3200K)->2845K(3200K)
[162.273s][info][gc          ] GC(92) Pause Full (System.gc()) 1284M->1284M(5939M) 1673.041ms
[163.945s][info][gc,metaspace] GC(93) Metaspace: 26045K(26752K)->26045K(26752K) NonClass: 23200K(23552K)->23200K(23552K) Class: 2845K(3200K)->2845K(3200K)
[163.945s][info][gc          ] GC(93) Pause Full (System.gc()) 1284M->1284M(5939M) 1672.244ms
[165.568s][info][gc,metaspace] GC(94) Metaspace: 26045K(26752K)->26045K(26752K) NonClass: 23200K(23552K)->23200K(23552K) Class: 2845K(3200K)->2845K(3200K)
[165.568s][info][gc          ] GC(94) Pause Full (System.gc()) 1284M->1284M(5939M) 1622.710ms
[167.241s][info][gc,metaspace] GC(95) Metaspace: 26045K(26752K)->26045K(26752K) NonClass: 23200K(23552K)->23200K(23552K) Class: 2845K(3200K)->2845K(3200K)
[167.241s][info][gc          ] GC(95) Pause Full (System.gc()) 1284M->1284M(5939M) 1672.355ms
[168.863s][info][gc,metaspace] GC(96) Metaspace: 26045K(26752K)->26045K(26752K) NonClass: 23200K(23552K)->23200K(23552K) Class: 2845K(3200K)->2845K(3200K)
[168.863s][info][gc          ] GC(96) Pause Full (System.gc()) 1284M->1284M(5939M) 1622.689ms
[170.532s][info][gc,metaspace] GC(97) Metaspace: 26045K(26752K)->26045K(26752K) NonClass: 23200K(23552K)->23200K(23552K) Class: 2845K(3200K)->2845K(3200K)
[170.532s][info][gc          ] GC(97) Pause Full (System.gc()) 1284M->1284M(5939M) 1668.181ms
[172.205s][info][gc,metaspace] GC(98) Metaspace: 26045K(26752K)->26045K(26752K) NonClass: 23200K(23552K)->23200K(23552K) Class: 2845K(3200K)->2845K(3200K)
[172.205s][info][gc          ] GC(98) Pause Full (System.gc()) 1284M->1284M(5939M) 1673.242ms
[173.827s][info][gc,metaspace] GC(99) Metaspace: 26045K(26752K)->26045K(26752K) NonClass: 23200K(23552K)->23200K(23552K) Class: 2845K(3200K)->2845K(3200K)
[173.827s][info][gc          ] GC(99) Pause Full (System.gc()) 1284M->1284M(5939M) 1622.125ms
[175.500s][info][gc,metaspace] GC(100) Metaspace: 26045K(26752K)->26045K(26752K) NonClass: 23200K(23552K)->23200K(23552K) Class: 2845K(3200K)->2845K(3200K)
[175.500s][info][gc          ] GC(100) Pause Full (System.gc()) 1284M->1284M(5939M) 1672.519ms
[177.172s][info][gc,metaspace] GC(101) Metaspace: 26045K(26752K)->26045K(26752K) NonClass: 23200K(23552K)->23200K(23552K) Class: 2845K(3200K)->2845K(3200K)
[177.172s][info][gc          ] GC(101) Pause Full (System.gc()) 1284M->1284M(5939M) 1672.314ms
After GCs... 
