Done; will start GCs... 
[16.864s][info][gc,metaspace] GC(6) Metaspace: 33408K(35328K)->33408K(35328K) NonClass: 28952K(29824K)->28952K(29824K) Class: 4455K(5504K)->4455K(5504K)
[16.864s][info][gc          ] GC(6) Pause Full (System.gc()) 1333M->1287M(5888M) 986.107ms
[17.493s][info][gc,metaspace] GC(7) Metaspace: 33408K(35328K)->33408K(35328K) NonClass: 28952K(29824K)->28952K(29824K) Class: 4455K(5504K)->4455K(5504K)
[17.493s][info][gc          ] GC(7) Pause Full (System.gc()) 1287M->1287M(5888M) 629.464ms
[18.020s][info][gc,metaspace] GC(8) Metaspace: 33408K(35328K)->33408K(35328K) NonClass: 28952K(29824K)->28952K(29824K) Class: 4455K(5504K)->4455K(5504K)
[18.020s][info][gc          ] GC(8) Pause Full (System.gc()) 1287M->1287M(5888M) 526.392ms
[18.546s][info][gc,metaspace] GC(9) Metaspace: 33408K(35328K)->33408K(35328K) NonClass: 28952K(29824K)->28952K(29824K) Class: 4455K(5504K)->4455K(5504K)
[18.546s][info][gc          ] GC(9) Pause Full (System.gc()) 1287M->1287M(5888M) 525.795ms
[19.080s][info][gc,metaspace] GC(10) Metaspace: 33408K(35328K)->33408K(35328K) NonClass: 28953K(29824K)->28953K(29824K) Class: 4455K(5504K)->4455K(5504K)
[19.080s][info][gc          ] GC(10) Pause Full (System.gc()) 1287M->1287M(5888M) 534.112ms
[19.615s][info][gc,metaspace] GC(11) Metaspace: 33408K(35328K)->33408K(35328K) NonClass: 28953K(29824K)->28953K(29824K) Class: 4455K(5504K)->4455K(5504K)
[19.615s][info][gc          ] GC(11) Pause Full (System.gc()) 1287M->1287M(5888M) 534.886ms
[20.148s][info][gc,metaspace] GC(12) Metaspace: 33408K(35328K)->33408K(35328K) NonClass: 28953K(29824K)->28953K(29824K) Class: 4455K(5504K)->4455K(5504K)
[20.148s][info][gc          ] GC(12) Pause Full (System.gc()) 1287M->1287M(5888M) 532.292ms
[20.679s][info][gc,metaspace] GC(13) Metaspace: 33408K(35328K)->33408K(35328K) NonClass: 28953K(29824K)->28953K(29824K) Class: 4455K(5504K)->4455K(5504K)
[20.679s][info][gc          ] GC(13) Pause Full (System.gc()) 1287M->1287M(5888M) 531.340ms
[21.201s][info][gc,metaspace] GC(14) Metaspace: 33408K(35328K)->33408K(35328K) NonClass: 28953K(29824K)->28953K(29824K) Class: 4455K(5504K)->4455K(5504K)
[21.202s][info][gc          ] GC(14) Pause Full (System.gc()) 1287M->1287M(5888M) 522.284ms
[21.769s][info][gc,metaspace] GC(15) Metaspace: 33408K(35328K)->33408K(35328K) NonClass: 28953K(29824K)->28953K(29824K) Class: 4455K(5504K)->4455K(5504K)
[21.769s][info][gc          ] GC(15) Pause Full (System.gc()) 1287M->1287M(5888M) 562.625ms
[22.293s][info][gc,metaspace] GC(16) Metaspace: 33408K(35328K)->33408K(35328K) NonClass: 28953K(29824K)->28953K(29824K) Class: 4455K(5504K)->4455K(5504K)
[22.293s][info][gc          ] GC(16) Pause Full (System.gc()) 1287M->1287M(5888M) 524.520ms
[22.825s][info][gc,metaspace] GC(17) Metaspace: 33408K(35328K)->33408K(35328K) NonClass: 28953K(29824K)->28953K(29824K) Class: 4455K(5504K)->4455K(5504K)
[22.825s][info][gc          ] GC(17) Pause Full (System.gc()) 1287M->1287M(5888M) 531.841ms
[23.550s][info][gc,metaspace] GC(18) Metaspace: 33408K(35328K)->33408K(35328K) NonClass: 28953K(29824K)->28953K(29824K) Class: 4455K(5504K)->4455K(5504K)
[23.550s][info][gc          ] GC(18) Pause Full (System.gc()) 1287M->1287M(5888M) 724.135ms
[24.258s][info][gc,metaspace] GC(19) Metaspace: 33408K(35328K)->33408K(35328K) NonClass: 28953K(29824K)->28953K(29824K) Class: 4455K(5504K)->4455K(5504K)
[24.258s][info][gc          ] GC(19) Pause Full (System.gc()) 1287M->1287M(5888M) 707.829ms
[24.787s][info][gc,metaspace] GC(20) Metaspace: 33408K(35328K)->33408K(35328K) NonClass: 28953K(29824K)->28953K(29824K) Class: 4455K(5504K)->4455K(5504K)
[24.787s][info][gc          ] GC(20) Pause Full (System.gc()) 1287M->1287M(5888M) 529.191ms
[25.332s][info][gc,metaspace] GC(21) Metaspace: 33408K(35328K)->33408K(35328K) NonClass: 28953K(29824K)->28953K(29824K) Class: 4455K(5504K)->4455K(5504K)
[25.332s][info][gc          ] GC(21) Pause Full (System.gc()) 1287M->1287M(5888M) 544.599ms
[25.863s][info][gc,metaspace] GC(22) Metaspace: 33408K(35328K)->33408K(35328K) NonClass: 28953K(29824K)->28953K(29824K) Class: 4455K(5504K)->4455K(5504K)
[25.863s][info][gc          ] GC(22) Pause Full (System.gc()) 1287M->1287M(5888M) 530.694ms
[26.561s][info][gc,metaspace] GC(23) Metaspace: 33408K(35328K)->33408K(35328K) NonClass: 28953K(29824K)->28953K(29824K) Class: 4455K(5504K)->4455K(5504K)
[26.561s][info][gc          ] GC(23) Pause Full (System.gc()) 1287M->1287M(5888M) 698.482ms
[27.097s][info][gc,metaspace] GC(24) Metaspace: 33408K(35328K)->33408K(35328K) NonClass: 28953K(29824K)->28953K(29824K) Class: 4455K(5504K)->4455K(5504K)
[27.097s][info][gc          ] GC(24) Pause Full (System.gc()) 1287M->1287M(5888M) 531.241ms
[27.619s][info][gc,metaspace] GC(25) Metaspace: 33408K(35328K)->33408K(35328K) NonClass: 28953K(29824K)->28953K(29824K) Class: 4455K(5504K)->4455K(5504K)
[27.619s][info][gc          ] GC(25) Pause Full (System.gc()) 1287M->1287M(5888M) 521.914ms
[28.231s][info][gc,metaspace] GC(26) Metaspace: 33408K(35328K)->33408K(35328K) NonClass: 28953K(29824K)->28953K(29824K) Class: 4455K(5504K)->4455K(5504K)
[28.231s][info][gc          ] GC(26) Pause Full (System.gc()) 1287M->1287M(5888M) 611.849ms
[28.757s][info][gc,metaspace] GC(27) Metaspace: 33408K(35328K)->33408K(35328K) NonClass: 28953K(29824K)->28953K(29824K) Class: 4455K(5504K)->4455K(5504K)
[28.757s][info][gc          ] GC(27) Pause Full (System.gc()) 1287M->1287M(5888M) 525.581ms
[29.394s][info][gc,metaspace] GC(28) Metaspace: 33408K(35328K)->33408K(35328K) NonClass: 28953K(29824K)->28953K(29824K) Class: 4455K(5504K)->4455K(5504K)
[29.394s][info][gc          ] GC(28) Pause Full (System.gc()) 1287M->1287M(5888M) 637.292ms
[29.911s][info][gc,metaspace] GC(29) Metaspace: 33408K(35328K)->33408K(35328K) NonClass: 28953K(29824K)->28953K(29824K) Class: 4455K(5504K)->4455K(5504K)
[29.911s][info][gc          ] GC(29) Pause Full (System.gc()) 1287M->1287M(5888M) 516.863ms
[30.434s][info][gc,metaspace] GC(30) Metaspace: 33408K(35328K)->33408K(35328K) NonClass: 28953K(29824K)->28953K(29824K) Class: 4455K(5504K)->4455K(5504K)
[30.434s][info][gc          ] GC(30) Pause Full (System.gc()) 1287M->1287M(5888M) 523.000ms
[31.133s][info][gc,metaspace] GC(31) Metaspace: 33408K(35328K)->33408K(35328K) NonClass: 28953K(29824K)->28953K(29824K) Class: 4455K(5504K)->4455K(5504K)
[31.133s][info][gc          ] GC(31) Pause Full (System.gc()) 1287M->1287M(5888M) 698.884ms
[31.663s][info][gc,metaspace] GC(32) Metaspace: 33408K(35328K)->33408K(35328K) NonClass: 28953K(29824K)->28953K(29824K) Class: 4455K(5504K)->4455K(5504K)
[31.663s][info][gc          ] GC(32) Pause Full (System.gc()) 1287M->1287M(5888M) 529.758ms
[32.196s][info][gc,metaspace] GC(33) Metaspace: 33408K(35328K)->33408K(35328K) NonClass: 28953K(29824K)->28953K(29824K) Class: 4455K(5504K)->4455K(5504K)
[32.196s][info][gc          ] GC(33) Pause Full (System.gc()) 1287M->1287M(5888M) 528.208ms
[32.727s][info][gc,metaspace] GC(34) Metaspace: 33408K(35328K)->33408K(35328K) NonClass: 28953K(29824K)->28953K(29824K) Class: 4455K(5504K)->4455K(5504K)
[32.727s][info][gc          ] GC(34) Pause Full (System.gc()) 1287M->1287M(5888M) 530.457ms
[33.259s][info][gc,metaspace] GC(35) Metaspace: 33408K(35328K)->33408K(35328K) NonClass: 28953K(29824K)->28953K(29824K) Class: 4455K(5504K)->4455K(5504K)
[33.260s][info][gc          ] GC(35) Pause Full (System.gc()) 1287M->1287M(5888M) 532.753ms
[33.786s][info][gc,metaspace] GC(36) Metaspace: 33408K(35328K)->33408K(35328K) NonClass: 28953K(29824K)->28953K(29824K) Class: 4455K(5504K)->4455K(5504K)
[33.787s][info][gc          ] GC(36) Pause Full (System.gc()) 1287M->1287M(5888M) 526.873ms
[34.303s][info][gc,metaspace] GC(37) Metaspace: 33408K(35328K)->33408K(35328K) NonClass: 28953K(29824K)->28953K(29824K) Class: 4455K(5504K)->4455K(5504K)
[34.303s][info][gc          ] GC(37) Pause Full (System.gc()) 1287M->1287M(5888M) 516.112ms
[35.000s][info][gc,metaspace] GC(38) Metaspace: 33408K(35328K)->33408K(35328K) NonClass: 28953K(29824K)->28953K(29824K) Class: 4455K(5504K)->4455K(5504K)
[35.000s][info][gc          ] GC(38) Pause Full (System.gc()) 1287M->1287M(5888M) 697.140ms
[35.529s][info][gc,metaspace] GC(39) Metaspace: 33408K(35328K)->33408K(35328K) NonClass: 28953K(29824K)->28953K(29824K) Class: 4455K(5504K)->4455K(5504K)
[35.529s][info][gc          ] GC(39) Pause Full (System.gc()) 1287M->1287M(5888M) 528.794ms
[36.148s][info][gc,metaspace] GC(40) Metaspace: 33408K(35328K)->33408K(35328K) NonClass: 28953K(29824K)->28953K(29824K) Class: 4455K(5504K)->4455K(5504K)
[36.148s][info][gc          ] GC(40) Pause Full (System.gc()) 1287M->1287M(5888M) 619.106ms
[36.675s][info][gc,metaspace] GC(41) Metaspace: 33408K(35328K)->33408K(35328K) NonClass: 28953K(29824K)->28953K(29824K) Class: 4455K(5504K)->4455K(5504K)
[36.676s][info][gc          ] GC(41) Pause Full (System.gc()) 1287M->1287M(5888M) 527.123ms
[37.200s][info][gc,metaspace] GC(42) Metaspace: 33408K(35328K)->33408K(35328K) NonClass: 28953K(29824K)->28953K(29824K) Class: 4455K(5504K)->4455K(5504K)
[37.200s][info][gc          ] GC(42) Pause Full (System.gc()) 1287M->1287M(5888M) 520.283ms
[37.720s][info][gc,metaspace] GC(43) Metaspace: 33408K(35328K)->33408K(35328K) NonClass: 28953K(29824K)->28953K(29824K) Class: 4455K(5504K)->4455K(5504K)
[37.720s][info][gc          ] GC(43) Pause Full (System.gc()) 1287M->1287M(5888M) 519.948ms
[38.255s][info][gc,metaspace] GC(44) Metaspace: 33408K(35328K)->33408K(35328K) NonClass: 28953K(29824K)->28953K(29824K) Class: 4455K(5504K)->4455K(5504K)
[38.255s][info][gc          ] GC(44) Pause Full (System.gc()) 1287M->1287M(5888M) 534.358ms
[38.802s][info][gc,metaspace] GC(45) Metaspace: 33408K(35328K)->33408K(35328K) NonClass: 28953K(29824K)->28953K(29824K) Class: 4455K(5504K)->4455K(5504K)
[38.802s][info][gc          ] GC(45) Pause Full (System.gc()) 1287M->1287M(5888M) 547.552ms
[39.508s][info][gc,metaspace] GC(46) Metaspace: 33408K(35328K)->33408K(35328K) NonClass: 28953K(29824K)->28953K(29824K) Class: 4455K(5504K)->4455K(5504K)
[39.508s][info][gc          ] GC(46) Pause Full (System.gc()) 1287M->1287M(5888M) 705.768ms
[40.031s][info][gc,metaspace] GC(47) Metaspace: 33408K(35328K)->33408K(35328K) NonClass: 28953K(29824K)->28953K(29824K) Class: 4455K(5504K)->4455K(5504K)
[40.031s][info][gc          ] GC(47) Pause Full (System.gc()) 1287M->1287M(5888M) 522.654ms
[40.567s][info][gc,metaspace] GC(48) Metaspace: 33408K(35328K)->33408K(35328K) NonClass: 28953K(29824K)->28953K(29824K) Class: 4455K(5504K)->4455K(5504K)
[40.567s][info][gc          ] GC(48) Pause Full (System.gc()) 1287M->1287M(5888M) 535.495ms
[41.086s][info][gc,metaspace] GC(49) Metaspace: 33408K(35328K)->33408K(35328K) NonClass: 28953K(29824K)->28953K(29824K) Class: 4455K(5504K)->4455K(5504K)
[41.086s][info][gc          ] GC(49) Pause Full (System.gc()) 1287M->1287M(5888M) 519.327ms
[41.620s][info][gc,metaspace] GC(50) Metaspace: 33408K(35328K)->33408K(35328K) NonClass: 28953K(29824K)->28953K(29824K) Class: 4455K(5504K)->4455K(5504K)
[41.620s][info][gc          ] GC(50) Pause Full (System.gc()) 1287M->1287M(5888M) 534.015ms
[42.150s][info][gc,metaspace] GC(51) Metaspace: 33408K(35328K)->33408K(35328K) NonClass: 28953K(29824K)->28953K(29824K) Class: 4455K(5504K)->4455K(5504K)
[42.150s][info][gc          ] GC(51) Pause Full (System.gc()) 1287M->1287M(5888M) 529.592ms
[42.677s][info][gc,metaspace] GC(52) Metaspace: 33408K(35328K)->33408K(35328K) NonClass: 28953K(29824K)->28953K(29824K) Class: 4455K(5504K)->4455K(5504K)
[42.678s][info][gc          ] GC(52) Pause Full (System.gc()) 1287M->1287M(5888M) 527.293ms
[43.304s][info][gc,metaspace] GC(53) Metaspace: 33408K(35328K)->33408K(35328K) NonClass: 28953K(29824K)->28953K(29824K) Class: 4455K(5504K)->4455K(5504K)
[43.304s][info][gc          ] GC(53) Pause Full (System.gc()) 1287M->1287M(5888M) 626.764ms
[43.834s][info][gc,metaspace] GC(54) Metaspace: 33408K(35328K)->33408K(35328K) NonClass: 28953K(29824K)->28953K(29824K) Class: 4455K(5504K)->4455K(5504K)
[43.834s][info][gc          ] GC(54) Pause Full (System.gc()) 1287M->1287M(5888M) 529.448ms
[44.363s][info][gc,metaspace] GC(55) Metaspace: 33408K(35328K)->33408K(35328K) NonClass: 28953K(29824K)->28953K(29824K) Class: 4455K(5504K)->4455K(5504K)
[44.363s][info][gc          ] GC(55) Pause Full (System.gc()) 1287M->1287M(5888M) 529.050ms
[44.881s][info][gc,metaspace] GC(56) Metaspace: 33408K(35328K)->33408K(35328K) NonClass: 28953K(29824K)->28953K(29824K) Class: 4455K(5504K)->4455K(5504K)
[44.881s][info][gc          ] GC(56) Pause Full (System.gc()) 1287M->1287M(5888M) 517.390ms
[45.412s][info][gc,metaspace] GC(57) Metaspace: 33408K(35328K)->33408K(35328K) NonClass: 28953K(29824K)->28953K(29824K) Class: 4455K(5504K)->4455K(5504K)
[45.412s][info][gc          ] GC(57) Pause Full (System.gc()) 1287M->1287M(5888M) 531.317ms
[46.049s][info][gc,metaspace] GC(58) Metaspace: 33408K(35328K)->33408K(35328K) NonClass: 28953K(29824K)->28953K(29824K) Class: 4455K(5504K)->4455K(5504K)
[46.049s][info][gc          ] GC(58) Pause Full (System.gc()) 1287M->1287M(5888M) 636.717ms
[46.751s][info][gc,metaspace] GC(59) Metaspace: 33408K(35328K)->33408K(35328K) NonClass: 28953K(29824K)->28953K(29824K) Class: 4455K(5504K)->4455K(5504K)
[46.751s][info][gc          ] GC(59) Pause Full (System.gc()) 1287M->1287M(5888M) 701.875ms
[47.272s][info][gc,metaspace] GC(60) Metaspace: 33408K(35328K)->33408K(35328K) NonClass: 28953K(29824K)->28953K(29824K) Class: 4455K(5504K)->4455K(5504K)
[47.272s][info][gc          ] GC(60) Pause Full (System.gc()) 1287M->1287M(5888M) 521.034ms
[47.982s][info][gc,metaspace] GC(61) Metaspace: 33408K(35328K)->33408K(35328K) NonClass: 28953K(29824K)->28953K(29824K) Class: 4455K(5504K)->4455K(5504K)
[47.982s][info][gc          ] GC(61) Pause Full (System.gc()) 1287M->1287M(5888M) 704.909ms
[48.514s][info][gc,metaspace] GC(62) Metaspace: 33408K(35328K)->33408K(35328K) NonClass: 28953K(29824K)->28953K(29824K) Class: 4455K(5504K)->4455K(5504K)
[48.514s][info][gc          ] GC(62) Pause Full (System.gc()) 1287M->1287M(5888M) 532.179ms
[49.053s][info][gc,metaspace] GC(63) Metaspace: 33408K(35328K)->33408K(35328K) NonClass: 28953K(29824K)->28953K(29824K) Class: 4455K(5504K)->4455K(5504K)
[49.053s][info][gc          ] GC(63) Pause Full (System.gc()) 1287M->1287M(5888M) 539.322ms
[49.590s][info][gc,metaspace] GC(64) Metaspace: 33408K(35328K)->33408K(35328K) NonClass: 28953K(29824K)->28953K(29824K) Class: 4455K(5504K)->4455K(5504K)
[49.590s][info][gc          ] GC(64) Pause Full (System.gc()) 1287M->1287M(5888M) 536.450ms
[50.122s][info][gc,metaspace] GC(65) Metaspace: 33408K(35328K)->33408K(35328K) NonClass: 28953K(29824K)->28953K(29824K) Class: 4455K(5504K)->4455K(5504K)
[50.122s][info][gc          ] GC(65) Pause Full (System.gc()) 1287M->1287M(5888M) 531.639ms
[50.643s][info][gc,metaspace] GC(66) Metaspace: 33408K(35328K)->33408K(35328K) NonClass: 28953K(29824K)->28953K(29824K) Class: 4455K(5504K)->4455K(5504K)
[50.643s][info][gc          ] GC(66) Pause Full (System.gc()) 1287M->1287M(5888M) 520.638ms
[51.161s][info][gc,metaspace] GC(67) Metaspace: 33408K(35328K)->33408K(35328K) NonClass: 28953K(29824K)->28953K(29824K) Class: 4455K(5504K)->4455K(5504K)
[51.161s][info][gc          ] GC(67) Pause Full (System.gc()) 1287M->1287M(5888M) 518.700ms
[51.797s][info][gc,metaspace] GC(68) Metaspace: 33408K(35328K)->33408K(35328K) NonClass: 28953K(29824K)->28953K(29824K) Class: 4455K(5504K)->4455K(5504K)
[51.797s][info][gc          ] GC(68) Pause Full (System.gc()) 1287M->1287M(5888M) 635.612ms
[52.332s][info][gc,metaspace] GC(69) Metaspace: 33408K(35328K)->33408K(35328K) NonClass: 28953K(29824K)->28953K(29824K) Class: 4455K(5504K)->4455K(5504K)
[52.332s][info][gc          ] GC(69) Pause Full (System.gc()) 1287M->1287M(5888M) 534.283ms
[52.874s][info][gc,metaspace] GC(70) Metaspace: 33408K(35328K)->33408K(35328K) NonClass: 28953K(29824K)->28953K(29824K) Class: 4455K(5504K)->4455K(5504K)
[52.874s][info][gc          ] GC(70) Pause Full (System.gc()) 1287M->1287M(5888M) 538.204ms
[53.593s][info][gc,metaspace] GC(71) Metaspace: 33408K(35328K)->33408K(35328K) NonClass: 28953K(29824K)->28953K(29824K) Class: 4455K(5504K)->4455K(5504K)
[53.593s][info][gc          ] GC(71) Pause Full (System.gc()) 1287M->1287M(5888M) 718.368ms
[54.296s][info][gc,metaspace] GC(72) Metaspace: 33408K(35328K)->33408K(35328K) NonClass: 28953K(29824K)->28953K(29824K) Class: 4455K(5504K)->4455K(5504K)
[54.296s][info][gc          ] GC(72) Pause Full (System.gc()) 1287M->1287M(5888M) 702.911ms
[54.844s][info][gc,metaspace] GC(73) Metaspace: 33408K(35328K)->33408K(35328K) NonClass: 28953K(29824K)->28953K(29824K) Class: 4455K(5504K)->4455K(5504K)
[54.844s][info][gc          ] GC(73) Pause Full (System.gc()) 1287M->1287M(5888M) 548.356ms
[55.381s][info][gc,metaspace] GC(74) Metaspace: 33408K(35328K)->33408K(35328K) NonClass: 28953K(29824K)->28953K(29824K) Class: 4455K(5504K)->4455K(5504K)
[55.381s][info][gc          ] GC(74) Pause Full (System.gc()) 1287M->1287M(5888M) 536.653ms
[55.918s][info][gc,metaspace] GC(75) Metaspace: 33408K(35328K)->33408K(35328K) NonClass: 28953K(29824K)->28953K(29824K) Class: 4455K(5504K)->4455K(5504K)
[55.919s][info][gc          ] GC(75) Pause Full (System.gc()) 1287M->1287M(5888M) 537.191ms
[56.481s][info][gc,metaspace] GC(76) Metaspace: 33408K(35328K)->33408K(35328K) NonClass: 28953K(29824K)->28953K(29824K) Class: 4455K(5504K)->4455K(5504K)
[56.481s][info][gc          ] GC(76) Pause Full (System.gc()) 1287M->1287M(5888M) 561.946ms
[57.013s][info][gc,metaspace] GC(77) Metaspace: 33408K(35328K)->33408K(35328K) NonClass: 28953K(29824K)->28953K(29824K) Class: 4455K(5504K)->4455K(5504K)
[57.013s][info][gc          ] GC(77) Pause Full (System.gc()) 1287M->1287M(5888M) 532.265ms
[57.557s][info][gc,metaspace] GC(78) Metaspace: 33408K(35328K)->33408K(35328K) NonClass: 28953K(29824K)->28953K(29824K) Class: 4455K(5504K)->4455K(5504K)
[57.557s][info][gc          ] GC(78) Pause Full (System.gc()) 1287M->1287M(5888M) 544.128ms
[58.107s][info][gc,metaspace] GC(79) Metaspace: 33408K(35328K)->33408K(35328K) NonClass: 28953K(29824K)->28953K(29824K) Class: 4455K(5504K)->4455K(5504K)
[58.107s][info][gc          ] GC(79) Pause Full (System.gc()) 1287M->1287M(5888M) 545.137ms
[58.630s][info][gc,metaspace] GC(80) Metaspace: 33408K(35328K)->33408K(35328K) NonClass: 28953K(29824K)->28953K(29824K) Class: 4455K(5504K)->4455K(5504K)
[58.630s][info][gc          ] GC(80) Pause Full (System.gc()) 1287M->1287M(5888M) 522.661ms
[59.153s][info][gc,metaspace] GC(81) Metaspace: 33408K(35328K)->33408K(35328K) NonClass: 28953K(29824K)->28953K(29824K) Class: 4455K(5504K)->4455K(5504K)
[59.153s][info][gc          ] GC(81) Pause Full (System.gc()) 1287M->1287M(5888M) 522.965ms
[59.667s][info][gc,metaspace] GC(82) Metaspace: 33408K(35328K)->33408K(35328K) NonClass: 28953K(29824K)->28953K(29824K) Class: 4455K(5504K)->4455K(5504K)
[59.667s][info][gc          ] GC(82) Pause Full (System.gc()) 1287M->1287M(5888M) 513.987ms
[60.188s][info][gc,metaspace] GC(83) Metaspace: 33408K(35328K)->33408K(35328K) NonClass: 28953K(29824K)->28953K(29824K) Class: 4455K(5504K)->4455K(5504K)
[60.188s][info][gc          ] GC(83) Pause Full (System.gc()) 1287M->1287M(5888M) 521.304ms
[60.717s][info][gc,metaspace] GC(84) Metaspace: 33408K(35328K)->33408K(35328K) NonClass: 28953K(29824K)->28953K(29824K) Class: 4455K(5504K)->4455K(5504K)
[60.717s][info][gc          ] GC(84) Pause Full (System.gc()) 1287M->1287M(5888M) 528.844ms
[61.341s][info][gc,metaspace] GC(85) Metaspace: 33408K(35328K)->33408K(35328K) NonClass: 28953K(29824K)->28953K(29824K) Class: 4455K(5504K)->4455K(5504K)
[61.341s][info][gc          ] GC(85) Pause Full (System.gc()) 1287M->1287M(5888M) 623.784ms
[61.869s][info][gc,metaspace] GC(86) Metaspace: 33408K(35328K)->33408K(35328K) NonClass: 28953K(29824K)->28953K(29824K) Class: 4455K(5504K)->4455K(5504K)
[61.869s][info][gc          ] GC(86) Pause Full (System.gc()) 1287M->1287M(5888M) 528.086ms
[62.384s][info][gc,metaspace] GC(87) Metaspace: 33408K(35328K)->33408K(35328K) NonClass: 28953K(29824K)->28953K(29824K) Class: 4455K(5504K)->4455K(5504K)
[62.384s][info][gc          ] GC(87) Pause Full (System.gc()) 1287M->1287M(5888M) 514.237ms
[62.905s][info][gc,metaspace] GC(88) Metaspace: 33408K(35328K)->33408K(35328K) NonClass: 28953K(29824K)->28953K(29824K) Class: 4455K(5504K)->4455K(5504K)
[62.905s][info][gc          ] GC(88) Pause Full (System.gc()) 1287M->1287M(5888M) 521.276ms
[63.436s][info][gc,metaspace] GC(89) Metaspace: 33408K(35328K)->33408K(35328K) NonClass: 28953K(29824K)->28953K(29824K) Class: 4455K(5504K)->4455K(5504K)
[63.436s][info][gc          ] GC(89) Pause Full (System.gc()) 1287M->1287M(5888M) 530.541ms
[64.354s][info][gc,metaspace] GC(90) Metaspace: 33408K(35328K)->33408K(35328K) NonClass: 28953K(29824K)->28953K(29824K) Class: 4455K(5504K)->4455K(5504K)
[64.354s][info][gc          ] GC(90) Pause Full (System.gc()) 1287M->1287M(5888M) 918.347ms
[64.881s][info][gc,metaspace] GC(91) Metaspace: 33408K(35328K)->33408K(35328K) NonClass: 28953K(29824K)->28953K(29824K) Class: 4455K(5504K)->4455K(5504K)
[64.881s][info][gc          ] GC(91) Pause Full (System.gc()) 1297M->1287M(5888M) 526.083ms
[65.399s][info][gc,metaspace] GC(92) Metaspace: 33408K(35328K)->33408K(35328K) NonClass: 28953K(29824K)->28953K(29824K) Class: 4455K(5504K)->4455K(5504K)
[65.399s][info][gc          ] GC(92) Pause Full (System.gc()) 1287M->1287M(5888M) 518.075ms
[65.932s][info][gc,metaspace] GC(93) Metaspace: 33408K(35328K)->33408K(35328K) NonClass: 28953K(29824K)->28953K(29824K) Class: 4455K(5504K)->4455K(5504K)
[65.932s][info][gc          ] GC(93) Pause Full (System.gc()) 1287M->1287M(5888M) 533.080ms
[66.551s][info][gc,metaspace] GC(94) Metaspace: 33408K(35328K)->33408K(35328K) NonClass: 28953K(29824K)->28953K(29824K) Class: 4455K(5504K)->4455K(5504K)
[66.551s][info][gc          ] GC(94) Pause Full (System.gc()) 1287M->1287M(5888M) 619.053ms
[67.102s][info][gc,metaspace] GC(95) Metaspace: 33408K(35328K)->33408K(35328K) NonClass: 28953K(29824K)->28953K(29824K) Class: 4455K(5504K)->4455K(5504K)
[67.102s][info][gc          ] GC(95) Pause Full (System.gc()) 1287M->1287M(5888M) 550.372ms
[67.619s][info][gc,metaspace] GC(96) Metaspace: 33408K(35328K)->33408K(35328K) NonClass: 28953K(29824K)->28953K(29824K) Class: 4455K(5504K)->4455K(5504K)
[67.619s][info][gc          ] GC(96) Pause Full (System.gc()) 1287M->1287M(5888M) 517.405ms
[68.146s][info][gc,metaspace] GC(97) Metaspace: 33408K(35328K)->33408K(35328K) NonClass: 28953K(29824K)->28953K(29824K) Class: 4455K(5504K)->4455K(5504K)
[68.146s][info][gc          ] GC(97) Pause Full (System.gc()) 1287M->1287M(5888M) 526.535ms
[68.761s][info][gc,metaspace] GC(98) Metaspace: 33408K(35328K)->33408K(35328K) NonClass: 28953K(29824K)->28953K(29824K) Class: 4455K(5504K)->4455K(5504K)
[68.762s][info][gc          ] GC(98) Pause Full (System.gc()) 1287M->1287M(5888M) 611.331ms
[69.283s][info][gc,metaspace] GC(99) Metaspace: 33408K(35328K)->33408K(35328K) NonClass: 28953K(29824K)->28953K(29824K) Class: 4455K(5504K)->4455K(5504K)
[69.283s][info][gc          ] GC(99) Pause Full (System.gc()) 1287M->1287M(5888M) 521.032ms
[69.811s][info][gc,metaspace] GC(100) Metaspace: 33408K(35328K)->33408K(35328K) NonClass: 28953K(29824K)->28953K(29824K) Class: 4455K(5504K)->4455K(5504K)
[69.811s][info][gc          ] GC(100) Pause Full (System.gc()) 1287M->1287M(5888M) 528.209ms
[70.340s][info][gc,metaspace] GC(101) Metaspace: 33408K(35328K)->33408K(35328K) NonClass: 28953K(29824K)->28953K(29824K) Class: 4455K(5504K)->4455K(5504K)
[70.340s][info][gc          ] GC(101) Pause Full (System.gc()) 1287M->1287M(5888M) 528.691ms
[70.862s][info][gc,metaspace] GC(102) Metaspace: 33408K(35328K)->33408K(35328K) NonClass: 28953K(29824K)->28953K(29824K) Class: 4455K(5504K)->4455K(5504K)
[70.862s][info][gc          ] GC(102) Pause Full (System.gc()) 1287M->1287M(5888M) 522.545ms
[71.592s][info][gc,metaspace] GC(103) Metaspace: 33408K(35328K)->33408K(35328K) NonClass: 28953K(29824K)->28953K(29824K) Class: 4455K(5504K)->4455K(5504K)
[71.592s][info][gc          ] GC(103) Pause Full (System.gc()) 1287M->1287M(5888M) 729.640ms
[72.120s][info][gc,metaspace] GC(104) Metaspace: 33408K(35328K)->33408K(35328K) NonClass: 28953K(29824K)->28953K(29824K) Class: 4455K(5504K)->4455K(5504K)
[72.120s][info][gc          ] GC(104) Pause Full (System.gc()) 1287M->1287M(5888M) 527.859ms
[72.744s][info][gc,metaspace] GC(105) Metaspace: 33408K(35328K)->33408K(35328K) NonClass: 28953K(29824K)->28953K(29824K) Class: 4455K(5504K)->4455K(5504K)
[72.744s][info][gc          ] GC(105) Pause Full (System.gc()) 1287M->1287M(5888M) 624.008ms
After GCs... 
