Done; will start GCs... 
[15.136s][info][gc,metaspace] GC(3) Metaspace: 43059K(49728K)->43059K(49728K) NonClass: 25207K(25792K)->25207K(25792K) Class: 17851K(23936K)->17851K(23936K)
[15.136s][info][gc          ] GC(3) Pause Full (System.gc()) 836M->772M(5939M) 3454.016ms
[17.326s][info][gc,metaspace] GC(4) Metaspace: 43059K(49728K)->43059K(49728K) NonClass: 25207K(25792K)->25207K(25792K) Class: 17851K(23936K)->17851K(23936K)
[17.327s][info][gc          ] GC(4) Pause Full (System.gc()) 772M->772M(5939M) 2190.397ms
[20.354s][info][gc,metaspace] GC(5) Metaspace: 43059K(49728K)->43059K(49728K) NonClass: 25207K(25792K)->25207K(25792K) Class: 17851K(23936K)->17851K(23936K)
[20.354s][info][gc          ] GC(5) Pause Full (System.gc()) 772M->772M(5939M) 3027.460ms
[22.543s][info][gc,metaspace] GC(6) Metaspace: 43059K(49728K)->43059K(49728K) NonClass: 25207K(25792K)->25207K(25792K) Class: 17851K(23936K)->17851K(23936K)
[22.543s][info][gc          ] GC(6) Pause Full (System.gc()) 772M->772M(5939M) 2188.878ms
[24.738s][info][gc,metaspace] GC(7) Metaspace: 43059K(49728K)->43059K(49728K) NonClass: 25207K(25792K)->25207K(25792K) Class: 17851K(23936K)->17851K(23936K)
[24.738s][info][gc          ] GC(7) Pause Full (System.gc()) 772M->772M(5939M) 2194.484ms
[26.976s][info][gc,metaspace] GC(8) Metaspace: 43059K(49728K)->43059K(49728K) NonClass: 25207K(25792K)->25207K(25792K) Class: 17851K(23936K)->17851K(23936K)
[26.976s][info][gc          ] GC(8) Pause Full (System.gc()) 772M->772M(5939M) 2238.471ms
[29.173s][info][gc,metaspace] GC(9) Metaspace: 43059K(49728K)->43059K(49728K) NonClass: 25207K(25792K)->25207K(25792K) Class: 17851K(23936K)->17851K(23936K)
[29.173s][info][gc          ] GC(9) Pause Full (System.gc()) 772M->772M(5939M) 2195.970ms
[31.361s][info][gc,metaspace] GC(10) Metaspace: 43059K(49728K)->43059K(49728K) NonClass: 25207K(25792K)->25207K(25792K) Class: 17851K(23936K)->17851K(23936K)
[31.361s][info][gc          ] GC(10) Pause Full (System.gc()) 772M->772M(5939M) 2188.355ms
[33.552s][info][gc,metaspace] GC(11) Metaspace: 43059K(49728K)->43059K(49728K) NonClass: 25207K(25792K)->25207K(25792K) Class: 17851K(23936K)->17851K(23936K)
[33.552s][info][gc          ] GC(11) Pause Full (System.gc()) 772M->772M(5939M) 2190.577ms
[35.776s][info][gc,metaspace] GC(12) Metaspace: 43059K(49728K)->43059K(49728K) NonClass: 25207K(25792K)->25207K(25792K) Class: 17851K(23936K)->17851K(23936K)
[35.776s][info][gc          ] GC(12) Pause Full (System.gc()) 772M->772M(5939M) 2223.699ms
[38.016s][info][gc,metaspace] GC(13) Metaspace: 43059K(49728K)->43059K(49728K) NonClass: 25207K(25792K)->25207K(25792K) Class: 17851K(23936K)->17851K(23936K)
[38.016s][info][gc          ] GC(13) Pause Full (System.gc()) 772M->772M(5939M) 2240.506ms
[40.205s][info][gc,metaspace] GC(14) Metaspace: 43059K(49728K)->43059K(49728K) NonClass: 25207K(25792K)->25207K(25792K) Class: 17851K(23936K)->17851K(23936K)
[40.205s][info][gc          ] GC(14) Pause Full (System.gc()) 772M->772M(5939M) 2188.358ms
[42.398s][info][gc,metaspace] GC(15) Metaspace: 43059K(49728K)->43059K(49728K) NonClass: 25207K(25792K)->25207K(25792K) Class: 17851K(23936K)->17851K(23936K)
[42.398s][info][gc          ] GC(15) Pause Full (System.gc()) 772M->772M(5939M) 2192.998ms
[44.586s][info][gc,metaspace] GC(16) Metaspace: 43059K(49728K)->43059K(49728K) NonClass: 25207K(25792K)->25207K(25792K) Class: 17851K(23936K)->17851K(23936K)
[44.586s][info][gc          ] GC(16) Pause Full (System.gc()) 772M->772M(5939M) 2187.881ms
[46.775s][info][gc,metaspace] GC(17) Metaspace: 43059K(49728K)->43059K(49728K) NonClass: 25207K(25792K)->25207K(25792K) Class: 17851K(23936K)->17851K(23936K)
[46.775s][info][gc          ] GC(17) Pause Full (System.gc()) 772M->772M(5939M) 2188.725ms
[49.015s][info][gc,metaspace] GC(18) Metaspace: 43059K(49728K)->43059K(49728K) NonClass: 25207K(25792K)->25207K(25792K) Class: 17851K(23936K)->17851K(23936K)
[49.015s][info][gc          ] GC(18) Pause Full (System.gc()) 772M->772M(5939M) 2239.652ms
[51.202s][info][gc,metaspace] GC(19) Metaspace: 43059K(49728K)->43059K(49728K) NonClass: 25207K(25792K)->25207K(25792K) Class: 17851K(23936K)->17851K(23936K)
[51.202s][info][gc          ] GC(19) Pause Full (System.gc()) 772M->772M(5939M) 2187.519ms
[53.392s][info][gc,metaspace] GC(20) Metaspace: 43059K(49728K)->43059K(49728K) NonClass: 25207K(25792K)->25207K(25792K) Class: 17851K(23936K)->17851K(23936K)
[53.392s][info][gc          ] GC(20) Pause Full (System.gc()) 772M->772M(5939M) 2189.299ms
[55.581s][info][gc,metaspace] GC(21) Metaspace: 43059K(49728K)->43059K(49728K) NonClass: 25207K(25792K)->25207K(25792K) Class: 17851K(23936K)->17851K(23936K)
[55.581s][info][gc          ] GC(21) Pause Full (System.gc()) 772M->772M(5939M) 2188.898ms
[57.770s][info][gc,metaspace] GC(22) Metaspace: 43059K(49728K)->43059K(49728K) NonClass: 25207K(25792K)->25207K(25792K) Class: 17851K(23936K)->17851K(23936K)
[57.770s][info][gc          ] GC(22) Pause Full (System.gc()) 772M->772M(5939M) 2188.889ms
[60.012s][info][gc,metaspace] GC(23) Metaspace: 43059K(49728K)->43059K(49728K) NonClass: 25207K(25792K)->25207K(25792K) Class: 17851K(23936K)->17851K(23936K)
[60.013s][info][gc          ] GC(23) Pause Full (System.gc()) 772M->772M(5939M) 2242.815ms
[62.203s][info][gc,metaspace] GC(24) Metaspace: 43059K(49728K)->43059K(49728K) NonClass: 25207K(25792K)->25207K(25792K) Class: 17851K(23936K)->17851K(23936K)
[62.203s][info][gc          ] GC(24) Pause Full (System.gc()) 772M->772M(5939M) 2190.451ms
[64.393s][info][gc,metaspace] GC(25) Metaspace: 43059K(49728K)->43059K(49728K) NonClass: 25207K(25792K)->25207K(25792K) Class: 17851K(23936K)->17851K(23936K)
[64.393s][info][gc          ] GC(25) Pause Full (System.gc()) 772M->772M(5939M) 2189.950ms
[66.585s][info][gc,metaspace] GC(26) Metaspace: 43059K(49728K)->43059K(49728K) NonClass: 25207K(25792K)->25207K(25792K) Class: 17851K(23936K)->17851K(23936K)
[66.585s][info][gc          ] GC(26) Pause Full (System.gc()) 772M->772M(5939M) 2191.969ms
[68.773s][info][gc,metaspace] GC(27) Metaspace: 43059K(49728K)->43059K(49728K) NonClass: 25207K(25792K)->25207K(25792K) Class: 17851K(23936K)->17851K(23936K)
[68.774s][info][gc          ] GC(27) Pause Full (System.gc()) 783M->772M(5939M) 2188.086ms
[71.012s][info][gc,metaspace] GC(28) Metaspace: 43059K(49728K)->43059K(49728K) NonClass: 25207K(25792K)->25207K(25792K) Class: 17851K(23936K)->17851K(23936K)
[71.012s][info][gc          ] GC(28) Pause Full (System.gc()) 772M->772M(5939M) 2238.351ms
[74.045s][info][gc,metaspace] GC(29) Metaspace: 43059K(49728K)->43059K(49728K) NonClass: 25207K(25792K)->25207K(25792K) Class: 17851K(23936K)->17851K(23936K)
[74.045s][info][gc          ] GC(29) Pause Full (System.gc()) 772M->772M(5939M) 3032.667ms
[76.236s][info][gc,metaspace] GC(30) Metaspace: 43059K(49728K)->43059K(49728K) NonClass: 25207K(25792K)->25207K(25792K) Class: 17851K(23936K)->17851K(23936K)
[76.236s][info][gc          ] GC(30) Pause Full (System.gc()) 772M->772M(5939M) 2190.731ms
[78.431s][info][gc,metaspace] GC(31) Metaspace: 43059K(49728K)->43059K(49728K) NonClass: 25207K(25792K)->25207K(25792K) Class: 17851K(23936K)->17851K(23936K)
[78.431s][info][gc          ] GC(31) Pause Full (System.gc()) 772M->772M(5939M) 2194.927ms
[80.621s][info][gc,metaspace] GC(32) Metaspace: 43059K(49728K)->43059K(49728K) NonClass: 25207K(25792K)->25207K(25792K) Class: 17851K(23936K)->17851K(23936K)
[80.621s][info][gc          ] GC(32) Pause Full (System.gc()) 772M->772M(5939M) 2189.997ms
[82.814s][info][gc,metaspace] GC(33) Metaspace: 43059K(49728K)->43059K(49728K) NonClass: 25207K(25792K)->25207K(25792K) Class: 17851K(23936K)->17851K(23936K)
[82.814s][info][gc          ] GC(33) Pause Full (System.gc()) 772M->772M(5939M) 2193.020ms
[85.056s][info][gc,metaspace] GC(34) Metaspace: 43059K(49728K)->43059K(49728K) NonClass: 25207K(25792K)->25207K(25792K) Class: 17851K(23936K)->17851K(23936K)
[85.056s][info][gc          ] GC(34) Pause Full (System.gc()) 772M->772M(5939M) 2241.643ms
[87.248s][info][gc,metaspace] GC(35) Metaspace: 43059K(49728K)->43059K(49728K) NonClass: 25207K(25792K)->25207K(25792K) Class: 17851K(23936K)->17851K(23936K)
[87.248s][info][gc          ] GC(35) Pause Full (System.gc()) 772M->772M(5939M) 2192.601ms
[89.441s][info][gc,metaspace] GC(36) Metaspace: 43059K(49728K)->43059K(49728K) NonClass: 25207K(25792K)->25207K(25792K) Class: 17851K(23936K)->17851K(23936K)
[89.441s][info][gc          ] GC(36) Pause Full (System.gc()) 772M->772M(5939M) 2192.769ms
[91.632s][info][gc,metaspace] GC(37) Metaspace: 43059K(49728K)->43059K(49728K) NonClass: 25207K(25792K)->25207K(25792K) Class: 17851K(23936K)->17851K(23936K)
[91.632s][info][gc          ] GC(37) Pause Full (System.gc()) 772M->772M(5939M) 2191.055ms
[93.826s][info][gc,metaspace] GC(38) Metaspace: 43059K(49728K)->43059K(49728K) NonClass: 25207K(25792K)->25207K(25792K) Class: 17851K(23936K)->17851K(23936K)
[93.826s][info][gc          ] GC(38) Pause Full (System.gc()) 772M->772M(5939M) 2193.227ms
[96.070s][info][gc,metaspace] GC(39) Metaspace: 43059K(49728K)->43059K(49728K) NonClass: 25207K(25792K)->25207K(25792K) Class: 17851K(23936K)->17851K(23936K)
[96.070s][info][gc          ] GC(39) Pause Full (System.gc()) 772M->772M(5939M) 2244.407ms
[98.264s][info][gc,metaspace] GC(40) Metaspace: 43059K(49728K)->43059K(49728K) NonClass: 25207K(25792K)->25207K(25792K) Class: 17851K(23936K)->17851K(23936K)
[98.264s][info][gc          ] GC(40) Pause Full (System.gc()) 772M->772M(5939M) 2193.788ms
[100.456s][info][gc,metaspace] GC(41) Metaspace: 43059K(49728K)->43059K(49728K) NonClass: 25207K(25792K)->25207K(25792K) Class: 17851K(23936K)->17851K(23936K)
[100.456s][info][gc          ] GC(41) Pause Full (System.gc()) 772M->772M(5939M) 2191.412ms
[102.647s][info][gc,metaspace] GC(42) Metaspace: 43059K(49728K)->43059K(49728K) NonClass: 25207K(25792K)->25207K(25792K) Class: 17851K(23936K)->17851K(23936K)
[102.647s][info][gc          ] GC(42) Pause Full (System.gc()) 772M->772M(5939M) 2191.574ms
[104.838s][info][gc,metaspace] GC(43) Metaspace: 43059K(49728K)->43059K(49728K) NonClass: 25207K(25792K)->25207K(25792K) Class: 17851K(23936K)->17851K(23936K)
[104.838s][info][gc          ] GC(43) Pause Full (System.gc()) 772M->772M(5939M) 2191.020ms
[107.479s][info][gc,metaspace] GC(44) Metaspace: 43059K(49728K)->43059K(49728K) NonClass: 25207K(25792K)->25207K(25792K) Class: 17851K(23936K)->17851K(23936K)
[107.479s][info][gc          ] GC(44) Pause Full (System.gc()) 772M->772M(5939M) 2640.093ms
[109.672s][info][gc,metaspace] GC(45) Metaspace: 43059K(49728K)->43059K(49728K) NonClass: 25207K(25792K)->25207K(25792K) Class: 17851K(23936K)->17851K(23936K)
[109.672s][info][gc          ] GC(45) Pause Full (System.gc()) 772M->772M(5939M) 2192.894ms
[111.866s][info][gc,metaspace] GC(46) Metaspace: 43059K(49728K)->43059K(49728K) NonClass: 25207K(25792K)->25207K(25792K) Class: 17851K(23936K)->17851K(23936K)
[111.866s][info][gc          ] GC(46) Pause Full (System.gc()) 772M->772M(5939M) 2194.358ms
[114.110s][info][gc,metaspace] GC(47) Metaspace: 43059K(49728K)->43059K(49728K) NonClass: 25207K(25792K)->25207K(25792K) Class: 17851K(23936K)->17851K(23936K)
[114.110s][info][gc          ] GC(47) Pause Full (System.gc()) 772M->772M(5939M) 2243.471ms
[116.301s][info][gc,metaspace] GC(48) Metaspace: 43059K(49728K)->43059K(49728K) NonClass: 25207K(25792K)->25207K(25792K) Class: 17851K(23936K)->17851K(23936K)
[116.302s][info][gc          ] GC(48) Pause Full (System.gc()) 772M->772M(5939M) 2191.670ms
[118.493s][info][gc,metaspace] GC(49) Metaspace: 43059K(49728K)->43059K(49728K) NonClass: 25207K(25792K)->25207K(25792K) Class: 17851K(23936K)->17851K(23936K)
[118.493s][info][gc          ] GC(49) Pause Full (System.gc()) 772M->772M(5939M) 2190.978ms
[120.685s][info][gc,metaspace] GC(50) Metaspace: 43059K(49728K)->43059K(49728K) NonClass: 25207K(25792K)->25207K(25792K) Class: 17851K(23936K)->17851K(23936K)
[120.685s][info][gc          ] GC(50) Pause Full (System.gc()) 772M->772M(5939M) 2192.093ms
[122.879s][info][gc,metaspace] GC(51) Metaspace: 43060K(49728K)->43060K(49728K) NonClass: 25208K(25792K)->25208K(25792K) Class: 17851K(23936K)->17851K(23936K)
[122.879s][info][gc          ] GC(51) Pause Full (System.gc()) 772M->772M(5939M) 2193.867ms
[125.123s][info][gc,metaspace] GC(52) Metaspace: 43060K(49728K)->43060K(49728K) NonClass: 25208K(25792K)->25208K(25792K) Class: 17851K(23936K)->17851K(23936K)
[125.123s][info][gc          ] GC(52) Pause Full (System.gc()) 772M->772M(5939M) 2243.494ms
[127.316s][info][gc,metaspace] GC(53) Metaspace: 43060K(49728K)->43060K(49728K) NonClass: 25208K(25792K)->25208K(25792K) Class: 17851K(23936K)->17851K(23936K)
[127.316s][info][gc          ] GC(53) Pause Full (System.gc()) 772M->772M(5939M) 2192.985ms
[129.508s][info][gc,metaspace] GC(54) Metaspace: 43060K(49728K)->43060K(49728K) NonClass: 25208K(25792K)->25208K(25792K) Class: 17851K(23936K)->17851K(23936K)
[129.508s][info][gc          ] GC(54) Pause Full (System.gc()) 772M->772M(5939M) 2192.060ms
[131.704s][info][gc,metaspace] GC(55) Metaspace: 43060K(49728K)->43060K(49728K) NonClass: 25208K(25792K)->25208K(25792K) Class: 17851K(23936K)->17851K(23936K)
[131.704s][info][gc          ] GC(55) Pause Full (System.gc()) 772M->772M(5939M) 2195.958ms
[133.946s][info][gc,metaspace] GC(56) Metaspace: 43060K(49728K)->43060K(49728K) NonClass: 25208K(25792K)->25208K(25792K) Class: 17851K(23936K)->17851K(23936K)
[133.946s][info][gc          ] GC(56) Pause Full (System.gc()) 783M->772M(5939M) 2241.932ms
[136.138s][info][gc,metaspace] GC(57) Metaspace: 43060K(49728K)->43060K(49728K) NonClass: 25208K(25792K)->25208K(25792K) Class: 17851K(23936K)->17851K(23936K)
[136.138s][info][gc          ] GC(57) Pause Full (System.gc()) 772M->772M(5939M) 2191.561ms
[138.331s][info][gc,metaspace] GC(58) Metaspace: 43060K(49728K)->43060K(49728K) NonClass: 25208K(25792K)->25208K(25792K) Class: 17851K(23936K)->17851K(23936K)
[138.331s][info][gc          ] GC(58) Pause Full (System.gc()) 772M->772M(5939M) 2192.853ms
[140.523s][info][gc,metaspace] GC(59) Metaspace: 43060K(49728K)->43060K(49728K) NonClass: 25208K(25792K)->25208K(25792K) Class: 17851K(23936K)->17851K(23936K)
[140.523s][info][gc          ] GC(59) Pause Full (System.gc()) 772M->772M(5939M) 2192.384ms
[142.716s][info][gc,metaspace] GC(60) Metaspace: 43060K(49728K)->43060K(49728K) NonClass: 25208K(25792K)->25208K(25792K) Class: 17851K(23936K)->17851K(23936K)
[142.716s][info][gc          ] GC(60) Pause Full (System.gc()) 772M->772M(5939M) 2192.208ms
[144.961s][info][gc,metaspace] GC(61) Metaspace: 43060K(49728K)->43060K(49728K) NonClass: 25208K(25792K)->25208K(25792K) Class: 17851K(23936K)->17851K(23936K)
[144.962s][info][gc          ] GC(61) Pause Full (System.gc()) 772M->772M(5939M) 2245.687ms
[147.154s][info][gc,metaspace] GC(62) Metaspace: 43060K(49728K)->43060K(49728K) NonClass: 25208K(25792K)->25208K(25792K) Class: 17851K(23936K)->17851K(23936K)
[147.154s][info][gc          ] GC(62) Pause Full (System.gc()) 772M->772M(5939M) 2192.108ms
[149.351s][info][gc,metaspace] GC(63) Metaspace: 43060K(49728K)->43060K(49728K) NonClass: 25208K(25792K)->25208K(25792K) Class: 17851K(23936K)->17851K(23936K)
[149.351s][info][gc          ] GC(63) Pause Full (System.gc()) 772M->772M(5939M) 2196.970ms
[151.545s][info][gc,metaspace] GC(64) Metaspace: 43060K(49728K)->43060K(49728K) NonClass: 25208K(25792K)->25208K(25792K) Class: 17851K(23936K)->17851K(23936K)
[151.545s][info][gc          ] GC(64) Pause Full (System.gc()) 772M->772M(5939M) 2194.243ms
[153.739s][info][gc,metaspace] GC(65) Metaspace: 43060K(49728K)->43060K(49728K) NonClass: 25208K(25792K)->25208K(25792K) Class: 17851K(23936K)->17851K(23936K)
[153.739s][info][gc          ] GC(65) Pause Full (System.gc()) 772M->772M(5939M) 2194.022ms
[155.985s][info][gc,metaspace] GC(66) Metaspace: 43060K(49728K)->43060K(49728K) NonClass: 25208K(25792K)->25208K(25792K) Class: 17851K(23936K)->17851K(23936K)
[155.985s][info][gc          ] GC(66) Pause Full (System.gc()) 772M->772M(5939M) 2245.177ms
[158.176s][info][gc,metaspace] GC(67) Metaspace: 43060K(49728K)->43060K(49728K) NonClass: 25208K(25792K)->25208K(25792K) Class: 17851K(23936K)->17851K(23936K)
[158.176s][info][gc          ] GC(67) Pause Full (System.gc()) 772M->772M(5939M) 2191.392ms
[160.369s][info][gc,metaspace] GC(68) Metaspace: 43060K(49728K)->43060K(49728K) NonClass: 25208K(25792K)->25208K(25792K) Class: 17851K(23936K)->17851K(23936K)
[160.369s][info][gc          ] GC(68) Pause Full (System.gc()) 772M->772M(5939M) 2192.471ms
[162.565s][info][gc,metaspace] GC(69) Metaspace: 43060K(49728K)->43060K(49728K) NonClass: 25208K(25792K)->25208K(25792K) Class: 17851K(23936K)->17851K(23936K)
[162.565s][info][gc          ] GC(69) Pause Full (System.gc()) 772M->772M(5939M) 2196.001ms
[164.757s][info][gc,metaspace] GC(70) Metaspace: 43060K(49728K)->43060K(49728K) NonClass: 25208K(25792K)->25208K(25792K) Class: 17851K(23936K)->17851K(23936K)
[164.757s][info][gc          ] GC(70) Pause Full (System.gc()) 772M->772M(5939M) 2191.697ms
[167.007s][info][gc,metaspace] GC(71) Metaspace: 43060K(49728K)->43060K(49728K) NonClass: 25208K(25792K)->25208K(25792K) Class: 17851K(23936K)->17851K(23936K)
[167.007s][info][gc          ] GC(71) Pause Full (System.gc()) 772M->772M(5939M) 2250.313ms
[169.200s][info][gc,metaspace] GC(72) Metaspace: 43060K(49728K)->43060K(49728K) NonClass: 25208K(25792K)->25208K(25792K) Class: 17851K(23936K)->17851K(23936K)
[169.200s][info][gc          ] GC(72) Pause Full (System.gc()) 772M->772M(5939M) 2192.930ms
[171.396s][info][gc,metaspace] GC(73) Metaspace: 43060K(49728K)->43060K(49728K) NonClass: 25208K(25792K)->25208K(25792K) Class: 17851K(23936K)->17851K(23936K)
[171.396s][info][gc          ] GC(73) Pause Full (System.gc()) 772M->772M(5939M) 2195.514ms
[173.589s][info][gc,metaspace] GC(74) Metaspace: 43060K(49728K)->43060K(49728K) NonClass: 25208K(25792K)->25208K(25792K) Class: 17851K(23936K)->17851K(23936K)
[173.589s][info][gc          ] GC(74) Pause Full (System.gc()) 772M->772M(5939M) 2193.368ms
[175.782s][info][gc,metaspace] GC(75) Metaspace: 43060K(49728K)->43060K(49728K) NonClass: 25208K(25792K)->25208K(25792K) Class: 17851K(23936K)->17851K(23936K)
[175.782s][info][gc          ] GC(75) Pause Full (System.gc()) 772M->772M(5939M) 2193.217ms
[178.025s][info][gc,metaspace] GC(76) Metaspace: 43060K(49728K)->43060K(49728K) NonClass: 25208K(25792K)->25208K(25792K) Class: 17851K(23936K)->17851K(23936K)
[178.025s][info][gc          ] GC(76) Pause Full (System.gc()) 772M->772M(5939M) 2242.535ms
[180.220s][info][gc,metaspace] GC(77) Metaspace: 43060K(49728K)->43060K(49728K) NonClass: 25208K(25792K)->25208K(25792K) Class: 17851K(23936K)->17851K(23936K)
[180.221s][info][gc          ] GC(77) Pause Full (System.gc()) 772M->772M(5939M) 2195.330ms
[182.415s][info][gc,metaspace] GC(78) Metaspace: 43060K(49728K)->43060K(49728K) NonClass: 25208K(25792K)->25208K(25792K) Class: 17851K(23936K)->17851K(23936K)
[182.415s][info][gc          ] GC(78) Pause Full (System.gc()) 772M->772M(5939M) 2194.206ms
[184.614s][info][gc,metaspace] GC(79) Metaspace: 43060K(49728K)->43060K(49728K) NonClass: 25208K(25792K)->25208K(25792K) Class: 17851K(23936K)->17851K(23936K)
[184.614s][info][gc          ] GC(79) Pause Full (System.gc()) 772M->772M(5939M) 2198.925ms
[186.805s][info][gc,metaspace] GC(80) Metaspace: 43060K(49728K)->43060K(49728K) NonClass: 25208K(25792K)->25208K(25792K) Class: 17851K(23936K)->17851K(23936K)
[186.805s][info][gc          ] GC(80) Pause Full (System.gc()) 772M->772M(5939M) 2191.192ms
[189.047s][info][gc,metaspace] GC(81) Metaspace: 43060K(49728K)->43060K(49728K) NonClass: 25208K(25792K)->25208K(25792K) Class: 17851K(23936K)->17851K(23936K)
[189.047s][info][gc          ] GC(81) Pause Full (System.gc()) 772M->772M(5939M) 2242.059ms
[191.243s][info][gc,metaspace] GC(82) Metaspace: 43060K(49728K)->43060K(49728K) NonClass: 25208K(25792K)->25208K(25792K) Class: 17851K(23936K)->17851K(23936K)
[191.243s][info][gc          ] GC(82) Pause Full (System.gc()) 772M->772M(5939M) 2195.672ms
[193.435s][info][gc,metaspace] GC(83) Metaspace: 43060K(49728K)->43060K(49728K) NonClass: 25208K(25792K)->25208K(25792K) Class: 17851K(23936K)->17851K(23936K)
[193.435s][info][gc          ] GC(83) Pause Full (System.gc()) 772M->772M(5939M) 2191.821ms
[195.631s][info][gc,metaspace] GC(84) Metaspace: 43060K(49728K)->43060K(49728K) NonClass: 25208K(25792K)->25208K(25792K) Class: 17851K(23936K)->17851K(23936K)
[195.631s][info][gc          ] GC(84) Pause Full (System.gc()) 772M->772M(5939M) 2196.075ms
[197.824s][info][gc,metaspace] GC(85) Metaspace: 43060K(49728K)->43060K(49728K) NonClass: 25208K(25792K)->25208K(25792K) Class: 17851K(23936K)->17851K(23936K)
[197.824s][info][gc          ] GC(85) Pause Full (System.gc()) 772M->772M(5939M) 2192.605ms
[200.073s][info][gc,metaspace] GC(86) Metaspace: 43060K(49728K)->43060K(49728K) NonClass: 25208K(25792K)->25208K(25792K) Class: 17851K(23936K)->17851K(23936K)
[200.073s][info][gc          ] GC(86) Pause Full (System.gc()) 772M->772M(5939M) 2249.029ms
[202.267s][info][gc,metaspace] GC(87) Metaspace: 43060K(49728K)->43060K(49728K) NonClass: 25208K(25792K)->25208K(25792K) Class: 17851K(23936K)->17851K(23936K)
[202.267s][info][gc          ] GC(87) Pause Full (System.gc()) 783M->772M(5939M) 2193.442ms
[204.459s][info][gc,metaspace] GC(88) Metaspace: 43060K(49728K)->43060K(49728K) NonClass: 25208K(25792K)->25208K(25792K) Class: 17851K(23936K)->17851K(23936K)
[204.459s][info][gc          ] GC(88) Pause Full (System.gc()) 772M->772M(5939M) 2192.416ms
[206.650s][info][gc,metaspace] GC(89) Metaspace: 43060K(49728K)->43060K(49728K) NonClass: 25208K(25792K)->25208K(25792K) Class: 17851K(23936K)->17851K(23936K)
[206.650s][info][gc          ] GC(89) Pause Full (System.gc()) 772M->772M(5939M) 2190.865ms
[208.842s][info][gc,metaspace] GC(90) Metaspace: 43060K(49728K)->43060K(49728K) NonClass: 25208K(25792K)->25208K(25792K) Class: 17851K(23936K)->17851K(23936K)
[208.842s][info][gc          ] GC(90) Pause Full (System.gc()) 772M->772M(5939M) 2192.077ms
[211.085s][info][gc,metaspace] GC(91) Metaspace: 43060K(49728K)->43060K(49728K) NonClass: 25208K(25792K)->25208K(25792K) Class: 17851K(23936K)->17851K(23936K)
[211.085s][info][gc          ] GC(91) Pause Full (System.gc()) 772M->772M(5939M) 2242.596ms
[213.278s][info][gc,metaspace] GC(92) Metaspace: 43060K(49728K)->43060K(49728K) NonClass: 25208K(25792K)->25208K(25792K) Class: 17851K(23936K)->17851K(23936K)
[213.278s][info][gc          ] GC(92) Pause Full (System.gc()) 772M->772M(5939M) 2193.087ms
[215.468s][info][gc,metaspace] GC(93) Metaspace: 43060K(49728K)->43060K(49728K) NonClass: 25208K(25792K)->25208K(25792K) Class: 17851K(23936K)->17851K(23936K)
[215.468s][info][gc          ] GC(93) Pause Full (System.gc()) 772M->772M(5939M) 2189.983ms
[217.665s][info][gc,metaspace] GC(94) Metaspace: 43060K(49728K)->43060K(49728K) NonClass: 25208K(25792K)->25208K(25792K) Class: 17851K(23936K)->17851K(23936K)
[217.665s][info][gc          ] GC(94) Pause Full (System.gc()) 772M->772M(5939M) 2196.080ms
[219.858s][info][gc,metaspace] GC(95) Metaspace: 43060K(49728K)->43060K(49728K) NonClass: 25208K(25792K)->25208K(25792K) Class: 17851K(23936K)->17851K(23936K)
[219.858s][info][gc          ] GC(95) Pause Full (System.gc()) 772M->772M(5939M) 2193.195ms
[222.100s][info][gc,metaspace] GC(96) Metaspace: 43060K(49728K)->43060K(49728K) NonClass: 25208K(25792K)->25208K(25792K) Class: 17851K(23936K)->17851K(23936K)
[222.100s][info][gc          ] GC(96) Pause Full (System.gc()) 772M->772M(5939M) 2242.412ms
[224.293s][info][gc,metaspace] GC(97) Metaspace: 43060K(49728K)->43060K(49728K) NonClass: 25208K(25792K)->25208K(25792K) Class: 17851K(23936K)->17851K(23936K)
[224.293s][info][gc          ] GC(97) Pause Full (System.gc()) 772M->772M(5939M) 2192.884ms
[226.489s][info][gc,metaspace] GC(98) Metaspace: 43060K(49728K)->43060K(49728K) NonClass: 25208K(25792K)->25208K(25792K) Class: 17851K(23936K)->17851K(23936K)
[226.489s][info][gc          ] GC(98) Pause Full (System.gc()) 772M->772M(5939M) 2195.651ms
[228.680s][info][gc,metaspace] GC(99) Metaspace: 43060K(49728K)->43060K(49728K) NonClass: 25208K(25792K)->25208K(25792K) Class: 17851K(23936K)->17851K(23936K)
[228.680s][info][gc          ] GC(99) Pause Full (System.gc()) 772M->772M(5939M) 2191.096ms
[230.875s][info][gc,metaspace] GC(100) Metaspace: 43060K(49728K)->43060K(49728K) NonClass: 25208K(25792K)->25208K(25792K) Class: 17851K(23936K)->17851K(23936K)
[230.875s][info][gc          ] GC(100) Pause Full (System.gc()) 772M->772M(5939M) 2194.279ms
[233.118s][info][gc,metaspace] GC(101) Metaspace: 43060K(49728K)->43060K(49728K) NonClass: 25208K(25792K)->25208K(25792K) Class: 17851K(23936K)->17851K(23936K)
[233.118s][info][gc          ] GC(101) Pause Full (System.gc()) 772M->772M(5939M) 2243.345ms
[235.315s][info][gc,metaspace] GC(102) Metaspace: 43060K(49728K)->43060K(49728K) NonClass: 25208K(25792K)->25208K(25792K) Class: 17851K(23936K)->17851K(23936K)
[235.315s][info][gc          ] GC(102) Pause Full (System.gc()) 772M->772M(5939M) 2196.872ms
After GCs... 
