Done; will start GCs... 
[14.690s][info][gc,metaspace] GC(3) Metaspace: 28533K(29760K)->28533K(29760K) NonClass: 25022K(25600K)->25022K(25600K) Class: 3511K(4160K)->3511K(4160K)
[14.690s][info][gc          ] GC(3) Pause Full (System.gc()) 840M->772M(5939M) 3198.892ms
[16.753s][info][gc,metaspace] GC(4) Metaspace: 28533K(29760K)->28533K(29760K) NonClass: 25022K(25600K)->25022K(25600K) Class: 3511K(4160K)->3511K(4160K)
[16.753s][info][gc          ] GC(4) Pause Full (System.gc()) 772M->772M(5939M) 2063.376ms
[19.551s][info][gc,metaspace] GC(5) Metaspace: 28533K(29760K)->28533K(29760K) NonClass: 25022K(25600K)->25022K(25600K) Class: 3511K(4160K)->3511K(4160K)
[19.551s][info][gc          ] GC(5) Pause Full (System.gc()) 772M->772M(5939M) 2797.744ms
[21.616s][info][gc,metaspace] GC(6) Metaspace: 28533K(29760K)->28533K(29760K) NonClass: 25022K(25600K)->25022K(25600K) Class: 3511K(4160K)->3511K(4160K)
[21.616s][info][gc          ] GC(6) Pause Full (System.gc()) 772M->772M(5939M) 2064.765ms
[23.680s][info][gc,metaspace] GC(7) Metaspace: 28533K(29760K)->28533K(29760K) NonClass: 25022K(25600K)->25022K(25600K) Class: 3511K(4160K)->3511K(4160K)
[23.680s][info][gc          ] GC(7) Pause Full (System.gc()) 772M->772M(5939M) 2063.777ms
[25.744s][info][gc,metaspace] GC(8) Metaspace: 28533K(29760K)->28533K(29760K) NonClass: 25022K(25600K)->25022K(25600K) Class: 3511K(4160K)->3511K(4160K)
[25.744s][info][gc          ] GC(8) Pause Full (System.gc()) 772M->772M(5939M) 2063.867ms
[27.808s][info][gc,metaspace] GC(9) Metaspace: 28533K(29760K)->28533K(29760K) NonClass: 25022K(25600K)->25022K(25600K) Class: 3511K(4160K)->3511K(4160K)
[27.808s][info][gc          ] GC(9) Pause Full (System.gc()) 772M->772M(5939M) 2063.771ms
[29.872s][info][gc,metaspace] GC(10) Metaspace: 28533K(29760K)->28533K(29760K) NonClass: 25022K(25600K)->25022K(25600K) Class: 3511K(4160K)->3511K(4160K)
[29.872s][info][gc          ] GC(10) Pause Full (System.gc()) 772M->772M(5939M) 2064.007ms
[31.938s][info][gc,metaspace] GC(11) Metaspace: 28533K(29760K)->28533K(29760K) NonClass: 25022K(25600K)->25022K(25600K) Class: 3511K(4160K)->3511K(4160K)
[31.938s][info][gc          ] GC(11) Pause Full (System.gc()) 772M->772M(5939M) 2065.309ms
[34.002s][info][gc,metaspace] GC(12) Metaspace: 28533K(29760K)->28533K(29760K) NonClass: 25022K(25600K)->25022K(25600K) Class: 3511K(4160K)->3511K(4160K)
[34.002s][info][gc          ] GC(12) Pause Full (System.gc()) 772M->772M(5939M) 2064.326ms
[36.068s][info][gc,metaspace] GC(13) Metaspace: 28533K(29760K)->28533K(29760K) NonClass: 25022K(25600K)->25022K(25600K) Class: 3511K(4160K)->3511K(4160K)
[36.068s][info][gc          ] GC(13) Pause Full (System.gc()) 772M->772M(5939M) 2065.161ms
[38.135s][info][gc,metaspace] GC(14) Metaspace: 28533K(29760K)->28533K(29760K) NonClass: 25022K(25600K)->25022K(25600K) Class: 3511K(4160K)->3511K(4160K)
[38.135s][info][gc          ] GC(14) Pause Full (System.gc()) 772M->772M(5939M) 2067.056ms
[40.198s][info][gc,metaspace] GC(15) Metaspace: 28533K(29760K)->28533K(29760K) NonClass: 25022K(25600K)->25022K(25600K) Class: 3511K(4160K)->3511K(4160K)
[40.198s][info][gc          ] GC(15) Pause Full (System.gc()) 772M->772M(5939M) 2063.586ms
[42.262s][info][gc,metaspace] GC(16) Metaspace: 28533K(29760K)->28533K(29760K) NonClass: 25022K(25600K)->25022K(25600K) Class: 3511K(4160K)->3511K(4160K)
[42.262s][info][gc          ] GC(16) Pause Full (System.gc()) 772M->772M(5939M) 2063.890ms
[44.327s][info][gc,metaspace] GC(17) Metaspace: 28533K(29760K)->28533K(29760K) NonClass: 25022K(25600K)->25022K(25600K) Class: 3511K(4160K)->3511K(4160K)
[44.327s][info][gc          ] GC(17) Pause Full (System.gc()) 772M->772M(5939M) 2063.979ms
[46.390s][info][gc,metaspace] GC(18) Metaspace: 28533K(29760K)->28533K(29760K) NonClass: 25022K(25600K)->25022K(25600K) Class: 3511K(4160K)->3511K(4160K)
[46.390s][info][gc          ] GC(18) Pause Full (System.gc()) 772M->772M(5939M) 2063.746ms
[48.503s][info][gc,metaspace] GC(19) Metaspace: 28533K(29760K)->28533K(29760K) NonClass: 25022K(25600K)->25022K(25600K) Class: 3511K(4160K)->3511K(4160K)
[48.503s][info][gc          ] GC(19) Pause Full (System.gc()) 772M->772M(5939M) 2112.536ms
[50.812s][info][gc,metaspace] GC(20) Metaspace: 28533K(29760K)->28533K(29760K) NonClass: 25022K(25600K)->25022K(25600K) Class: 3511K(4160K)->3511K(4160K)
[50.812s][info][gc          ] GC(20) Pause Full (System.gc()) 772M->772M(5939M) 2309.050ms
[52.878s][info][gc,metaspace] GC(21) Metaspace: 28533K(29760K)->28533K(29760K) NonClass: 25022K(25600K)->25022K(25600K) Class: 3511K(4160K)->3511K(4160K)
[52.878s][info][gc          ] GC(21) Pause Full (System.gc()) 772M->772M(5939M) 2065.297ms
[54.941s][info][gc,metaspace] GC(22) Metaspace: 28534K(29760K)->28534K(29760K) NonClass: 25023K(25600K)->25023K(25600K) Class: 3511K(4160K)->3511K(4160K)
[54.941s][info][gc          ] GC(22) Pause Full (System.gc()) 772M->772M(5939M) 2063.422ms
[57.004s][info][gc,metaspace] GC(23) Metaspace: 28534K(29760K)->28534K(29760K) NonClass: 25023K(25600K)->25023K(25600K) Class: 3511K(4160K)->3511K(4160K)
[57.004s][info][gc          ] GC(23) Pause Full (System.gc()) 772M->772M(5939M) 2062.729ms
[59.072s][info][gc,metaspace] GC(24) Metaspace: 28534K(29760K)->28534K(29760K) NonClass: 25023K(25600K)->25023K(25600K) Class: 3511K(4160K)->3511K(4160K)
[59.072s][info][gc          ] GC(24) Pause Full (System.gc()) 772M->772M(5939M) 2067.311ms
[61.136s][info][gc,metaspace] GC(25) Metaspace: 28534K(29760K)->28534K(29760K) NonClass: 25023K(25600K)->25023K(25600K) Class: 3511K(4160K)->3511K(4160K)
[61.136s][info][gc          ] GC(25) Pause Full (System.gc()) 772M->772M(5939M) 2064.012ms
[63.787s][info][gc,metaspace] GC(26) Metaspace: 28534K(29760K)->28534K(29760K) NonClass: 25023K(25600K)->25023K(25600K) Class: 3511K(4160K)->3511K(4160K)
[63.787s][info][gc          ] GC(26) Pause Full (System.gc()) 772M->772M(5939M) 2650.807ms
[66.248s][info][gc,metaspace] GC(27) Metaspace: 28534K(29760K)->28534K(29760K) NonClass: 25023K(25600K)->25023K(25600K) Class: 3511K(4160K)->3511K(4160K)
[66.248s][info][gc          ] GC(27) Pause Full (System.gc()) 783M->772M(5939M) 2460.215ms
[68.307s][info][gc,metaspace] GC(28) Metaspace: 28534K(29760K)->28534K(29760K) NonClass: 25023K(25600K)->25023K(25600K) Class: 3511K(4160K)->3511K(4160K)
[68.307s][info][gc          ] GC(28) Pause Full (System.gc()) 772M->772M(5939M) 2059.527ms
[71.096s][info][gc,metaspace] GC(29) Metaspace: 28534K(29760K)->28534K(29760K) NonClass: 25023K(25600K)->25023K(25600K) Class: 3511K(4160K)->3511K(4160K)
[71.096s][info][gc          ] GC(29) Pause Full (System.gc()) 772M->772M(5939M) 2788.491ms
[73.159s][info][gc,metaspace] GC(30) Metaspace: 28534K(29760K)->28534K(29760K) NonClass: 25023K(25600K)->25023K(25600K) Class: 3511K(4160K)->3511K(4160K)
[73.159s][info][gc          ] GC(30) Pause Full (System.gc()) 772M->772M(5939M) 2063.241ms
[75.218s][info][gc,metaspace] GC(31) Metaspace: 28534K(29760K)->28534K(29760K) NonClass: 25023K(25600K)->25023K(25600K) Class: 3511K(4160K)->3511K(4160K)
[75.218s][info][gc          ] GC(31) Pause Full (System.gc()) 772M->772M(5939M) 2059.060ms
[77.277s][info][gc,metaspace] GC(32) Metaspace: 28534K(29760K)->28534K(29760K) NonClass: 25023K(25600K)->25023K(25600K) Class: 3511K(4160K)->3511K(4160K)
[77.277s][info][gc          ] GC(32) Pause Full (System.gc()) 772M->772M(5939M) 2059.064ms
[79.337s][info][gc,metaspace] GC(33) Metaspace: 28534K(29760K)->28534K(29760K) NonClass: 25023K(25600K)->25023K(25600K) Class: 3511K(4160K)->3511K(4160K)
[79.337s][info][gc          ] GC(33) Pause Full (System.gc()) 772M->772M(5939M) 2059.002ms
[81.396s][info][gc,metaspace] GC(34) Metaspace: 28534K(29760K)->28534K(29760K) NonClass: 25023K(25600K)->25023K(25600K) Class: 3511K(4160K)->3511K(4160K)
[81.396s][info][gc          ] GC(34) Pause Full (System.gc()) 772M->772M(5939M) 2059.675ms
[83.505s][info][gc,metaspace] GC(35) Metaspace: 28534K(29760K)->28534K(29760K) NonClass: 25023K(25600K)->25023K(25600K) Class: 3511K(4160K)->3511K(4160K)
[83.505s][info][gc          ] GC(35) Pause Full (System.gc()) 772M->772M(5939M) 2108.810ms
[85.564s][info][gc,metaspace] GC(36) Metaspace: 28534K(29760K)->28534K(29760K) NonClass: 25023K(25600K)->25023K(25600K) Class: 3511K(4160K)->3511K(4160K)
[85.564s][info][gc          ] GC(36) Pause Full (System.gc()) 772M->772M(5939M) 2058.739ms
[87.623s][info][gc,metaspace] GC(37) Metaspace: 28534K(29760K)->28534K(29760K) NonClass: 25023K(25600K)->25023K(25600K) Class: 3511K(4160K)->3511K(4160K)
[87.623s][info][gc          ] GC(37) Pause Full (System.gc()) 772M->772M(5939M) 2059.123ms
[89.686s][info][gc,metaspace] GC(38) Metaspace: 28534K(29760K)->28534K(29760K) NonClass: 25023K(25600K)->25023K(25600K) Class: 3511K(4160K)->3511K(4160K)
[89.686s][info][gc          ] GC(38) Pause Full (System.gc()) 772M->772M(5939M) 2062.341ms
[91.746s][info][gc,metaspace] GC(39) Metaspace: 28534K(29760K)->28534K(29760K) NonClass: 25023K(25600K)->25023K(25600K) Class: 3511K(4160K)->3511K(4160K)
[91.746s][info][gc          ] GC(39) Pause Full (System.gc()) 772M->772M(5939M) 2060.119ms
[93.804s][info][gc,metaspace] GC(40) Metaspace: 28534K(29760K)->28534K(29760K) NonClass: 25023K(25600K)->25023K(25600K) Class: 3511K(4160K)->3511K(4160K)
[93.804s][info][gc          ] GC(40) Pause Full (System.gc()) 772M->772M(5939M) 2058.070ms
[95.863s][info][gc,metaspace] GC(41) Metaspace: 28534K(29760K)->28534K(29760K) NonClass: 25023K(25600K)->25023K(25600K) Class: 3511K(4160K)->3511K(4160K)
[95.863s][info][gc          ] GC(41) Pause Full (System.gc()) 772M->772M(5939M) 2059.094ms
[97.922s][info][gc,metaspace] GC(42) Metaspace: 28534K(29760K)->28534K(29760K) NonClass: 25023K(25600K)->25023K(25600K) Class: 3511K(4160K)->3511K(4160K)
[97.922s][info][gc          ] GC(42) Pause Full (System.gc()) 772M->772M(5939M) 2058.747ms
[99.981s][info][gc,metaspace] GC(43) Metaspace: 28534K(29760K)->28534K(29760K) NonClass: 25023K(25600K)->25023K(25600K) Class: 3511K(4160K)->3511K(4160K)
[99.982s][info][gc          ] GC(43) Pause Full (System.gc()) 772M->772M(5939M) 2059.210ms
[102.041s][info][gc,metaspace] GC(44) Metaspace: 28534K(29760K)->28534K(29760K) NonClass: 25023K(25600K)->25023K(25600K) Class: 3511K(4160K)->3511K(4160K)
[102.041s][info][gc          ] GC(44) Pause Full (System.gc()) 772M->772M(5939M) 2059.343ms
[104.100s][info][gc,metaspace] GC(45) Metaspace: 28534K(29760K)->28534K(29760K) NonClass: 25023K(25600K)->25023K(25600K) Class: 3511K(4160K)->3511K(4160K)
[104.100s][info][gc          ] GC(45) Pause Full (System.gc()) 772M->772M(5939M) 2058.976ms
[106.160s][info][gc,metaspace] GC(46) Metaspace: 28534K(29760K)->28534K(29760K) NonClass: 25023K(25600K)->25023K(25600K) Class: 3511K(4160K)->3511K(4160K)
[106.160s][info][gc          ] GC(46) Pause Full (System.gc()) 772M->772M(5939M) 2060.011ms
[108.223s][info][gc,metaspace] GC(47) Metaspace: 28534K(29760K)->28534K(29760K) NonClass: 25023K(25600K)->25023K(25600K) Class: 3511K(4160K)->3511K(4160K)
[108.223s][info][gc          ] GC(47) Pause Full (System.gc()) 772M->772M(5939M) 2062.606ms
[110.282s][info][gc,metaspace] GC(48) Metaspace: 28534K(29760K)->28534K(29760K) NonClass: 25023K(25600K)->25023K(25600K) Class: 3511K(4160K)->3511K(4160K)
[110.282s][info][gc          ] GC(48) Pause Full (System.gc()) 772M->772M(5939M) 2059.459ms
[112.343s][info][gc,metaspace] GC(49) Metaspace: 28534K(29760K)->28534K(29760K) NonClass: 25023K(25600K)->25023K(25600K) Class: 3511K(4160K)->3511K(4160K)
[112.343s][info][gc          ] GC(49) Pause Full (System.gc()) 772M->772M(5939M) 2060.637ms
[114.402s][info][gc,metaspace] GC(50) Metaspace: 28534K(29760K)->28534K(29760K) NonClass: 25023K(25600K)->25023K(25600K) Class: 3511K(4160K)->3511K(4160K)
[114.402s][info][gc          ] GC(50) Pause Full (System.gc()) 772M->772M(5939M) 2059.119ms
[116.513s][info][gc,metaspace] GC(51) Metaspace: 28534K(29760K)->28534K(29760K) NonClass: 25023K(25600K)->25023K(25600K) Class: 3511K(4160K)->3511K(4160K)
[116.513s][info][gc          ] GC(51) Pause Full (System.gc()) 772M->772M(5939M) 2110.294ms
[118.814s][info][gc,metaspace] GC(52) Metaspace: 28534K(29760K)->28534K(29760K) NonClass: 25023K(25600K)->25023K(25600K) Class: 3511K(4160K)->3511K(4160K)
[118.814s][info][gc          ] GC(52) Pause Full (System.gc()) 772M->772M(5939M) 2301.164ms
[120.874s][info][gc,metaspace] GC(53) Metaspace: 28534K(29760K)->28534K(29760K) NonClass: 25023K(25600K)->25023K(25600K) Class: 3511K(4160K)->3511K(4160K)
[120.874s][info][gc          ] GC(53) Pause Full (System.gc()) 772M->772M(5939M) 2059.743ms
[122.934s][info][gc,metaspace] GC(54) Metaspace: 28534K(29760K)->28534K(29760K) NonClass: 25023K(25600K)->25023K(25600K) Class: 3511K(4160K)->3511K(4160K)
[122.934s][info][gc          ] GC(54) Pause Full (System.gc()) 772M->772M(5939M) 2059.878ms
[124.997s][info][gc,metaspace] GC(55) Metaspace: 28534K(29760K)->28534K(29760K) NonClass: 25023K(25600K)->25023K(25600K) Class: 3511K(4160K)->3511K(4160K)
[124.998s][info][gc          ] GC(55) Pause Full (System.gc()) 772M->772M(5939M) 2063.546ms
[127.058s][info][gc,metaspace] GC(56) Metaspace: 28534K(29760K)->28534K(29760K) NonClass: 25023K(25600K)->25023K(25600K) Class: 3511K(4160K)->3511K(4160K)
[127.058s][info][gc          ] GC(56) Pause Full (System.gc()) 783M->772M(5939M) 2060.046ms
[129.117s][info][gc,metaspace] GC(57) Metaspace: 28534K(29760K)->28534K(29760K) NonClass: 25023K(25600K)->25023K(25600K) Class: 3511K(4160K)->3511K(4160K)
[129.117s][info][gc          ] GC(57) Pause Full (System.gc()) 772M->772M(5939M) 2059.124ms
[131.176s][info][gc,metaspace] GC(58) Metaspace: 28534K(29760K)->28534K(29760K) NonClass: 25023K(25600K)->25023K(25600K) Class: 3511K(4160K)->3511K(4160K)
[131.176s][info][gc          ] GC(58) Pause Full (System.gc()) 772M->772M(5939M) 2059.154ms
[133.234s][info][gc,metaspace] GC(59) Metaspace: 28534K(29760K)->28534K(29760K) NonClass: 25023K(25600K)->25023K(25600K) Class: 3511K(4160K)->3511K(4160K)
[133.234s][info][gc          ] GC(59) Pause Full (System.gc()) 772M->772M(5939M) 2057.742ms
[135.295s][info][gc,metaspace] GC(60) Metaspace: 28534K(29760K)->28534K(29760K) NonClass: 25023K(25600K)->25023K(25600K) Class: 3511K(4160K)->3511K(4160K)
[135.295s][info][gc          ] GC(60) Pause Full (System.gc()) 772M->772M(5939M) 2060.879ms
[137.356s][info][gc,metaspace] GC(61) Metaspace: 28534K(29760K)->28534K(29760K) NonClass: 25023K(25600K)->25023K(25600K) Class: 3511K(4160K)->3511K(4160K)
[137.356s][info][gc          ] GC(61) Pause Full (System.gc()) 772M->772M(5939M) 2060.398ms
[139.416s][info][gc,metaspace] GC(62) Metaspace: 28534K(29760K)->28534K(29760K) NonClass: 25023K(25600K)->25023K(25600K) Class: 3511K(4160K)->3511K(4160K)
[139.416s][info][gc          ] GC(62) Pause Full (System.gc()) 772M->772M(5939M) 2059.979ms
[141.530s][info][gc,metaspace] GC(63) Metaspace: 28534K(29760K)->28534K(29760K) NonClass: 25023K(25600K)->25023K(25600K) Class: 3511K(4160K)->3511K(4160K)
[141.530s][info][gc          ] GC(63) Pause Full (System.gc()) 772M->772M(5939M) 2113.822ms
[143.589s][info][gc,metaspace] GC(64) Metaspace: 28534K(29760K)->28534K(29760K) NonClass: 25023K(25600K)->25023K(25600K) Class: 3511K(4160K)->3511K(4160K)
[143.589s][info][gc          ] GC(64) Pause Full (System.gc()) 772M->772M(5939M) 2059.481ms
[145.650s][info][gc,metaspace] GC(65) Metaspace: 28534K(29760K)->28534K(29760K) NonClass: 25023K(25600K)->25023K(25600K) Class: 3511K(4160K)->3511K(4160K)
[145.650s][info][gc          ] GC(65) Pause Full (System.gc()) 772M->772M(5939M) 2060.313ms
[147.709s][info][gc,metaspace] GC(66) Metaspace: 28534K(29760K)->28534K(29760K) NonClass: 25023K(25600K)->25023K(25600K) Class: 3511K(4160K)->3511K(4160K)
[147.709s][info][gc          ] GC(66) Pause Full (System.gc()) 772M->772M(5939M) 2059.194ms
[149.769s][info][gc,metaspace] GC(67) Metaspace: 28534K(29760K)->28534K(29760K) NonClass: 25023K(25600K)->25023K(25600K) Class: 3511K(4160K)->3511K(4160K)
[149.769s][info][gc          ] GC(67) Pause Full (System.gc()) 772M->772M(5939M) 2060.156ms
[151.829s][info][gc,metaspace] GC(68) Metaspace: 28534K(29760K)->28534K(29760K) NonClass: 25023K(25600K)->25023K(25600K) Class: 3511K(4160K)->3511K(4160K)
[151.829s][info][gc          ] GC(68) Pause Full (System.gc()) 772M->772M(5939M) 2059.601ms
[153.887s][info][gc,metaspace] GC(69) Metaspace: 28534K(29760K)->28534K(29760K) NonClass: 25023K(25600K)->25023K(25600K) Class: 3511K(4160K)->3511K(4160K)
[153.887s][info][gc          ] GC(69) Pause Full (System.gc()) 772M->772M(5939M) 2057.846ms
[155.947s][info][gc,metaspace] GC(70) Metaspace: 28534K(29760K)->28534K(29760K) NonClass: 25023K(25600K)->25023K(25600K) Class: 3511K(4160K)->3511K(4160K)
[155.947s][info][gc          ] GC(70) Pause Full (System.gc()) 772M->772M(5939M) 2059.748ms
[158.006s][info][gc,metaspace] GC(71) Metaspace: 28534K(29760K)->28534K(29760K) NonClass: 25023K(25600K)->25023K(25600K) Class: 3511K(4160K)->3511K(4160K)
[158.006s][info][gc          ] GC(71) Pause Full (System.gc()) 772M->772M(5939M) 2059.310ms
[160.066s][info][gc,metaspace] GC(72) Metaspace: 28534K(29760K)->28534K(29760K) NonClass: 25023K(25600K)->25023K(25600K) Class: 3511K(4160K)->3511K(4160K)
[160.066s][info][gc          ] GC(72) Pause Full (System.gc()) 772M->772M(5939M) 2059.411ms
[162.129s][info][gc,metaspace] GC(73) Metaspace: 28534K(29760K)->28534K(29760K) NonClass: 25023K(25600K)->25023K(25600K) Class: 3511K(4160K)->3511K(4160K)
[162.129s][info][gc          ] GC(73) Pause Full (System.gc()) 772M->772M(5939M) 2063.325ms
[164.188s][info][gc,metaspace] GC(74) Metaspace: 28534K(29760K)->28534K(29760K) NonClass: 25023K(25600K)->25023K(25600K) Class: 3511K(4160K)->3511K(4160K)
[164.189s][info][gc          ] GC(74) Pause Full (System.gc()) 772M->772M(5939M) 2059.452ms
[166.248s][info][gc,metaspace] GC(75) Metaspace: 28534K(29760K)->28534K(29760K) NonClass: 25023K(25600K)->25023K(25600K) Class: 3511K(4160K)->3511K(4160K)
[166.248s][info][gc          ] GC(75) Pause Full (System.gc()) 772M->772M(5939M) 2059.041ms
[168.307s][info][gc,metaspace] GC(76) Metaspace: 28534K(29760K)->28534K(29760K) NonClass: 25023K(25600K)->25023K(25600K) Class: 3511K(4160K)->3511K(4160K)
[168.307s][info][gc          ] GC(76) Pause Full (System.gc()) 772M->772M(5939M) 2059.337ms
[170.368s][info][gc,metaspace] GC(77) Metaspace: 28534K(29760K)->28534K(29760K) NonClass: 25023K(25600K)->25023K(25600K) Class: 3511K(4160K)->3511K(4160K)
[170.368s][info][gc          ] GC(77) Pause Full (System.gc()) 772M->772M(5939M) 2060.607ms
[172.427s][info][gc,metaspace] GC(78) Metaspace: 28534K(29760K)->28534K(29760K) NonClass: 25023K(25600K)->25023K(25600K) Class: 3511K(4160K)->3511K(4160K)
[172.427s][info][gc          ] GC(78) Pause Full (System.gc()) 772M->772M(5939M) 2058.887ms
[174.537s][info][gc,metaspace] GC(79) Metaspace: 28534K(29760K)->28534K(29760K) NonClass: 25023K(25600K)->25023K(25600K) Class: 3511K(4160K)->3511K(4160K)
[174.537s][info][gc          ] GC(79) Pause Full (System.gc()) 772M->772M(5939M) 2110.275ms
[176.596s][info][gc,metaspace] GC(80) Metaspace: 28534K(29760K)->28534K(29760K) NonClass: 25023K(25600K)->25023K(25600K) Class: 3511K(4160K)->3511K(4160K)
[176.596s][info][gc          ] GC(80) Pause Full (System.gc()) 772M->772M(5939M) 2058.857ms
[178.658s][info][gc,metaspace] GC(81) Metaspace: 28534K(29760K)->28534K(29760K) NonClass: 25023K(25600K)->25023K(25600K) Class: 3511K(4160K)->3511K(4160K)
[178.658s][info][gc          ] GC(81) Pause Full (System.gc()) 772M->772M(5939M) 2062.127ms
[180.717s][info][gc,metaspace] GC(82) Metaspace: 28534K(29760K)->28534K(29760K) NonClass: 25023K(25600K)->25023K(25600K) Class: 3511K(4160K)->3511K(4160K)
[180.717s][info][gc          ] GC(82) Pause Full (System.gc()) 772M->772M(5939M) 2058.897ms
[182.778s][info][gc,metaspace] GC(83) Metaspace: 28534K(29760K)->28534K(29760K) NonClass: 25023K(25600K)->25023K(25600K) Class: 3511K(4160K)->3511K(4160K)
[182.778s][info][gc          ] GC(83) Pause Full (System.gc()) 772M->772M(5939M) 2060.173ms
[184.836s][info][gc,metaspace] GC(84) Metaspace: 28534K(29760K)->28534K(29760K) NonClass: 25023K(25600K)->25023K(25600K) Class: 3511K(4160K)->3511K(4160K)
[184.836s][info][gc          ] GC(84) Pause Full (System.gc()) 772M->772M(5939M) 2058.666ms
[186.895s][info][gc,metaspace] GC(85) Metaspace: 28534K(29760K)->28534K(29760K) NonClass: 25023K(25600K)->25023K(25600K) Class: 3511K(4160K)->3511K(4160K)
[186.895s][info][gc          ] GC(85) Pause Full (System.gc()) 772M->772M(5939M) 2058.946ms
[188.955s][info][gc,metaspace] GC(86) Metaspace: 28534K(29760K)->28534K(29760K) NonClass: 25023K(25600K)->25023K(25600K) Class: 3511K(4160K)->3511K(4160K)
[188.955s][info][gc          ] GC(86) Pause Full (System.gc()) 772M->772M(5939M) 2059.399ms
[191.014s][info][gc,metaspace] GC(87) Metaspace: 28534K(29760K)->28534K(29760K) NonClass: 25023K(25600K)->25023K(25600K) Class: 3511K(4160K)->3511K(4160K)
[191.014s][info][gc          ] GC(87) Pause Full (System.gc()) 783M->772M(5939M) 2059.205ms
[193.074s][info][gc,metaspace] GC(88) Metaspace: 28534K(29760K)->28534K(29760K) NonClass: 25023K(25600K)->25023K(25600K) Class: 3511K(4160K)->3511K(4160K)
[193.074s][info][gc          ] GC(88) Pause Full (System.gc()) 772M->772M(5939M) 2059.173ms
[195.133s][info][gc,metaspace] GC(89) Metaspace: 28534K(29760K)->28534K(29760K) NonClass: 25023K(25600K)->25023K(25600K) Class: 3511K(4160K)->3511K(4160K)
[195.133s][info][gc          ] GC(89) Pause Full (System.gc()) 772M->772M(5939M) 2059.361ms
[197.197s][info][gc,metaspace] GC(90) Metaspace: 28534K(29760K)->28534K(29760K) NonClass: 25023K(25600K)->25023K(25600K) Class: 3511K(4160K)->3511K(4160K)
[197.197s][info][gc          ] GC(90) Pause Full (System.gc()) 772M->772M(5939M) 2063.359ms
[199.256s][info][gc,metaspace] GC(91) Metaspace: 28534K(29760K)->28534K(29760K) NonClass: 25023K(25600K)->25023K(25600K) Class: 3511K(4160K)->3511K(4160K)
[199.256s][info][gc          ] GC(91) Pause Full (System.gc()) 772M->772M(5939M) 2059.287ms
[201.315s][info][gc,metaspace] GC(92) Metaspace: 28534K(29760K)->28534K(29760K) NonClass: 25023K(25600K)->25023K(25600K) Class: 3511K(4160K)->3511K(4160K)
[201.315s][info][gc          ] GC(92) Pause Full (System.gc()) 772M->772M(5939M) 2059.383ms
[203.375s][info][gc,metaspace] GC(93) Metaspace: 28534K(29760K)->28534K(29760K) NonClass: 25023K(25600K)->25023K(25600K) Class: 3511K(4160K)->3511K(4160K)
[203.375s][info][gc          ] GC(93) Pause Full (System.gc()) 772M->772M(5939M) 2059.596ms
[205.436s][info][gc,metaspace] GC(94) Metaspace: 28534K(29760K)->28534K(29760K) NonClass: 25023K(25600K)->25023K(25600K) Class: 3511K(4160K)->3511K(4160K)
[205.436s][info][gc          ] GC(94) Pause Full (System.gc()) 772M->772M(5939M) 2060.452ms
[207.545s][info][gc,metaspace] GC(95) Metaspace: 28534K(29760K)->28534K(29760K) NonClass: 25023K(25600K)->25023K(25600K) Class: 3511K(4160K)->3511K(4160K)
[207.545s][info][gc          ] GC(95) Pause Full (System.gc()) 772M->772M(5939M) 2109.454ms
[209.604s][info][gc,metaspace] GC(96) Metaspace: 28534K(29760K)->28534K(29760K) NonClass: 25023K(25600K)->25023K(25600K) Class: 3511K(4160K)->3511K(4160K)
[209.604s][info][gc          ] GC(96) Pause Full (System.gc()) 772M->772M(5939M) 2058.865ms
[211.663s][info][gc,metaspace] GC(97) Metaspace: 28534K(29760K)->28534K(29760K) NonClass: 25023K(25600K)->25023K(25600K) Class: 3511K(4160K)->3511K(4160K)
[211.663s][info][gc          ] GC(97) Pause Full (System.gc()) 772M->772M(5939M) 2058.912ms
[213.726s][info][gc,metaspace] GC(98) Metaspace: 28534K(29760K)->28534K(29760K) NonClass: 25023K(25600K)->25023K(25600K) Class: 3511K(4160K)->3511K(4160K)
[213.726s][info][gc          ] GC(98) Pause Full (System.gc()) 772M->772M(5939M) 2063.069ms
[215.786s][info][gc,metaspace] GC(99) Metaspace: 28534K(29760K)->28534K(29760K) NonClass: 25023K(25600K)->25023K(25600K) Class: 3511K(4160K)->3511K(4160K)
[215.786s][info][gc          ] GC(99) Pause Full (System.gc()) 772M->772M(5939M) 2059.571ms
[217.846s][info][gc,metaspace] GC(100) Metaspace: 28534K(29760K)->28534K(29760K) NonClass: 25023K(25600K)->25023K(25600K) Class: 3511K(4160K)->3511K(4160K)
[217.846s][info][gc          ] GC(100) Pause Full (System.gc()) 772M->772M(5939M) 2059.732ms
[219.906s][info][gc,metaspace] GC(101) Metaspace: 28534K(29760K)->28534K(29760K) NonClass: 25023K(25600K)->25023K(25600K) Class: 3511K(4160K)->3511K(4160K)
[219.906s][info][gc          ] GC(101) Pause Full (System.gc()) 772M->772M(5939M) 2059.847ms
[221.966s][info][gc,metaspace] GC(102) Metaspace: 28534K(29760K)->28534K(29760K) NonClass: 25023K(25600K)->25023K(25600K) Class: 3511K(4160K)->3511K(4160K)
[221.966s][info][gc          ] GC(102) Pause Full (System.gc()) 772M->772M(5939M) 2060.175ms
After GCs... 
