Done; will start GCs... 
[17.166s][info][gc,metaspace] GC(4) Metaspace: 33666K(35776K)->33666K(35776K) NonClass: 26761K(27648K)->26761K(27648K) Class: 6904K(8128K)->6904K(8128K)
[17.166s][info][gc          ] GC(4) Pause Full (System.gc()) 811M->778M(6144M) 625.692ms
[17.751s][info][gc,metaspace] GC(5) Metaspace: 33666K(35776K)->33666K(35776K) NonClass: 26761K(27648K)->26761K(27648K) Class: 6904K(8128K)->6904K(8128K)
[17.751s][info][gc          ] GC(5) Pause Full (System.gc()) 778M->778M(6144M) 585.089ms
[18.301s][info][gc,metaspace] GC(6) Metaspace: 33666K(35776K)->33666K(35776K) NonClass: 26761K(27648K)->26761K(27648K) Class: 6904K(8128K)->6904K(8128K)
[18.301s][info][gc          ] GC(6) Pause Full (System.gc()) 778M->778M(6144M) 549.691ms
[18.886s][info][gc,metaspace] GC(7) Metaspace: 33666K(35776K)->33666K(35776K) NonClass: 26761K(27648K)->26761K(27648K) Class: 6904K(8128K)->6904K(8128K)
[18.886s][info][gc          ] GC(7) Pause Full (System.gc()) 778M->778M(6144M) 585.002ms
[19.451s][info][gc,metaspace] GC(8) Metaspace: 33666K(35776K)->33666K(35776K) NonClass: 26761K(27648K)->26761K(27648K) Class: 6904K(8128K)->6904K(8128K)
[19.451s][info][gc          ] GC(8) Pause Full (System.gc()) 778M->778M(6144M) 564.946ms
[20.009s][info][gc,metaspace] GC(9) Metaspace: 33666K(35776K)->33666K(35776K) NonClass: 26761K(27648K)->26761K(27648K) Class: 6904K(8128K)->6904K(8128K)
[20.009s][info][gc          ] GC(9) Pause Full (System.gc()) 778M->778M(6144M) 557.719ms
[20.536s][info][gc,metaspace] GC(10) Metaspace: 33666K(35776K)->33666K(35776K) NonClass: 26761K(27648K)->26761K(27648K) Class: 6904K(8128K)->6904K(8128K)
[20.536s][info][gc          ] GC(10) Pause Full (System.gc()) 778M->778M(6144M) 527.455ms
[21.065s][info][gc,metaspace] GC(11) Metaspace: 33666K(35776K)->33666K(35776K) NonClass: 26761K(27648K)->26761K(27648K) Class: 6904K(8128K)->6904K(8128K)
[21.065s][info][gc          ] GC(11) Pause Full (System.gc()) 778M->778M(6144M) 528.487ms
[21.605s][info][gc,metaspace] GC(12) Metaspace: 33666K(35776K)->33666K(35776K) NonClass: 26761K(27648K)->26761K(27648K) Class: 6904K(8128K)->6904K(8128K)
[21.605s][info][gc          ] GC(12) Pause Full (System.gc()) 778M->778M(6144M) 540.175ms
[22.126s][info][gc,metaspace] GC(13) Metaspace: 33666K(35776K)->33666K(35776K) NonClass: 26761K(27648K)->26761K(27648K) Class: 6904K(8128K)->6904K(8128K)
[22.126s][info][gc          ] GC(13) Pause Full (System.gc()) 778M->778M(6144M) 520.422ms
[22.673s][info][gc,metaspace] GC(14) Metaspace: 33666K(35776K)->33666K(35776K) NonClass: 26761K(27648K)->26761K(27648K) Class: 6904K(8128K)->6904K(8128K)
[22.673s][info][gc          ] GC(14) Pause Full (System.gc()) 778M->778M(6144M) 547.083ms
[23.216s][info][gc,metaspace] GC(15) Metaspace: 33666K(35776K)->33666K(35776K) NonClass: 26761K(27648K)->26761K(27648K) Class: 6904K(8128K)->6904K(8128K)
[23.216s][info][gc          ] GC(15) Pause Full (System.gc()) 778M->778M(6144M) 543.604ms
[23.744s][info][gc,metaspace] GC(16) Metaspace: 33666K(35776K)->33666K(35776K) NonClass: 26761K(27648K)->26761K(27648K) Class: 6904K(8128K)->6904K(8128K)
[23.744s][info][gc          ] GC(16) Pause Full (System.gc()) 778M->778M(6144M) 527.875ms
[24.307s][info][gc,metaspace] GC(17) Metaspace: 33666K(35776K)->33666K(35776K) NonClass: 26761K(27648K)->26761K(27648K) Class: 6904K(8128K)->6904K(8128K)
[24.307s][info][gc          ] GC(17) Pause Full (System.gc()) 778M->778M(6144M) 562.733ms
[24.846s][info][gc,metaspace] GC(18) Metaspace: 33666K(35776K)->33666K(35776K) NonClass: 26761K(27648K)->26761K(27648K) Class: 6904K(8128K)->6904K(8128K)
[24.846s][info][gc          ] GC(18) Pause Full (System.gc()) 778M->778M(6144M) 538.290ms
[25.408s][info][gc,metaspace] GC(19) Metaspace: 33666K(35776K)->33666K(35776K) NonClass: 26761K(27648K)->26761K(27648K) Class: 6904K(8128K)->6904K(8128K)
[25.408s][info][gc          ] GC(19) Pause Full (System.gc()) 778M->778M(6144M) 562.148ms
[25.931s][info][gc,metaspace] GC(20) Metaspace: 33666K(35776K)->33666K(35776K) NonClass: 26761K(27648K)->26761K(27648K) Class: 6904K(8128K)->6904K(8128K)
[25.931s][info][gc          ] GC(20) Pause Full (System.gc()) 778M->778M(6144M) 522.675ms
[26.476s][info][gc,metaspace] GC(21) Metaspace: 33666K(35776K)->33666K(35776K) NonClass: 26761K(27648K)->26761K(27648K) Class: 6904K(8128K)->6904K(8128K)
[26.476s][info][gc          ] GC(21) Pause Full (System.gc()) 778M->778M(6144M) 544.899ms
[27.020s][info][gc,metaspace] GC(22) Metaspace: 33666K(35776K)->33666K(35776K) NonClass: 26761K(27648K)->26761K(27648K) Class: 6904K(8128K)->6904K(8128K)
[27.020s][info][gc          ] GC(22) Pause Full (System.gc()) 778M->778M(6144M) 539.879ms
[27.620s][info][gc,metaspace] GC(23) Metaspace: 33666K(35776K)->33666K(35776K) NonClass: 26761K(27648K)->26761K(27648K) Class: 6904K(8128K)->6904K(8128K)
[27.620s][info][gc          ] GC(23) Pause Full (System.gc()) 778M->778M(6144M) 600.111ms
[28.160s][info][gc,metaspace] GC(24) Metaspace: 33666K(35776K)->33666K(35776K) NonClass: 26761K(27648K)->26761K(27648K) Class: 6904K(8128K)->6904K(8128K)
[28.160s][info][gc          ] GC(24) Pause Full (System.gc()) 778M->778M(6144M) 540.252ms
[28.646s][info][gc,metaspace] GC(25) Metaspace: 33666K(35776K)->33666K(35776K) NonClass: 26761K(27648K)->26761K(27648K) Class: 6904K(8128K)->6904K(8128K)
[28.646s][info][gc          ] GC(25) Pause Full (System.gc()) 778M->778M(6144M) 485.585ms
[29.195s][info][gc,metaspace] GC(26) Metaspace: 33666K(35776K)->33666K(35776K) NonClass: 26761K(27648K)->26761K(27648K) Class: 6904K(8128K)->6904K(8128K)
[29.195s][info][gc          ] GC(26) Pause Full (System.gc()) 778M->778M(6144M) 548.979ms
[29.757s][info][gc,metaspace] GC(27) Metaspace: 33666K(35776K)->33666K(35776K) NonClass: 26761K(27648K)->26761K(27648K) Class: 6904K(8128K)->6904K(8128K)
[29.757s][info][gc          ] GC(27) Pause Full (System.gc()) 778M->778M(6144M) 562.217ms
[30.302s][info][gc,metaspace] GC(28) Metaspace: 33666K(35776K)->33666K(35776K) NonClass: 26761K(27648K)->26761K(27648K) Class: 6904K(8128K)->6904K(8128K)
[30.302s][info][gc          ] GC(28) Pause Full (System.gc()) 778M->778M(6144M) 544.520ms
[30.855s][info][gc,metaspace] GC(29) Metaspace: 33666K(35776K)->33666K(35776K) NonClass: 26761K(27648K)->26761K(27648K) Class: 6904K(8128K)->6904K(8128K)
[30.855s][info][gc          ] GC(29) Pause Full (System.gc()) 778M->778M(6144M) 553.371ms
[31.377s][info][gc,metaspace] GC(30) Metaspace: 33666K(35776K)->33666K(35776K) NonClass: 26761K(27648K)->26761K(27648K) Class: 6904K(8128K)->6904K(8128K)
[31.378s][info][gc          ] GC(30) Pause Full (System.gc()) 778M->778M(6144M) 521.966ms
[31.898s][info][gc,metaspace] GC(31) Metaspace: 33666K(35776K)->33666K(35776K) NonClass: 26761K(27648K)->26761K(27648K) Class: 6904K(8128K)->6904K(8128K)
[31.898s][info][gc          ] GC(31) Pause Full (System.gc()) 778M->778M(6144M) 520.346ms
[32.438s][info][gc,metaspace] GC(32) Metaspace: 33666K(35776K)->33666K(35776K) NonClass: 26761K(27648K)->26761K(27648K) Class: 6904K(8128K)->6904K(8128K)
[32.438s][info][gc          ] GC(32) Pause Full (System.gc()) 778M->778M(6144M) 540.326ms
[32.972s][info][gc,metaspace] GC(33) Metaspace: 33666K(35776K)->33666K(35776K) NonClass: 26761K(27648K)->26761K(27648K) Class: 6904K(8128K)->6904K(8128K)
[32.972s][info][gc          ] GC(33) Pause Full (System.gc()) 778M->778M(6144M) 534.043ms
[33.488s][info][gc,metaspace] GC(34) Metaspace: 33666K(35776K)->33666K(35776K) NonClass: 26761K(27648K)->26761K(27648K) Class: 6904K(8128K)->6904K(8128K)
[33.488s][info][gc          ] GC(34) Pause Full (System.gc()) 778M->778M(6144M) 515.906ms
[34.015s][info][gc,metaspace] GC(35) Metaspace: 33666K(35776K)->33666K(35776K) NonClass: 26761K(27648K)->26761K(27648K) Class: 6904K(8128K)->6904K(8128K)
[34.015s][info][gc          ] GC(35) Pause Full (System.gc()) 778M->778M(6144M) 526.101ms
[34.553s][info][gc,metaspace] GC(36) Metaspace: 33666K(35776K)->33666K(35776K) NonClass: 26761K(27648K)->26761K(27648K) Class: 6904K(8128K)->6904K(8128K)
[34.553s][info][gc          ] GC(36) Pause Full (System.gc()) 778M->778M(6144M) 537.030ms
[35.074s][info][gc,metaspace] GC(37) Metaspace: 33666K(35776K)->33666K(35776K) NonClass: 26761K(27648K)->26761K(27648K) Class: 6904K(8128K)->6904K(8128K)
[35.074s][info][gc          ] GC(37) Pause Full (System.gc()) 778M->778M(6144M) 521.288ms
[35.661s][info][gc,metaspace] GC(38) Metaspace: 33666K(35776K)->33666K(35776K) NonClass: 26761K(27648K)->26761K(27648K) Class: 6904K(8128K)->6904K(8128K)
[35.661s][info][gc          ] GC(38) Pause Full (System.gc()) 778M->778M(6144M) 587.247ms
[36.226s][info][gc,metaspace] GC(39) Metaspace: 33666K(35776K)->33666K(35776K) NonClass: 26761K(27648K)->26761K(27648K) Class: 6904K(8128K)->6904K(8128K)
[36.226s][info][gc          ] GC(39) Pause Full (System.gc()) 778M->778M(6144M) 564.201ms
[36.776s][info][gc,metaspace] GC(40) Metaspace: 33666K(35776K)->33666K(35776K) NonClass: 26761K(27648K)->26761K(27648K) Class: 6904K(8128K)->6904K(8128K)
[36.776s][info][gc          ] GC(40) Pause Full (System.gc()) 778M->778M(6144M) 550.599ms
[37.305s][info][gc,metaspace] GC(41) Metaspace: 33666K(35776K)->33666K(35776K) NonClass: 26761K(27648K)->26761K(27648K) Class: 6904K(8128K)->6904K(8128K)
[37.305s][info][gc          ] GC(41) Pause Full (System.gc()) 778M->778M(6144M) 529.026ms
[37.872s][info][gc,metaspace] GC(42) Metaspace: 33666K(35776K)->33666K(35776K) NonClass: 26761K(27648K)->26761K(27648K) Class: 6904K(8128K)->6904K(8128K)
[37.872s][info][gc          ] GC(42) Pause Full (System.gc()) 778M->778M(6144M) 562.672ms
[38.474s][info][gc,metaspace] GC(43) Metaspace: 33666K(35776K)->33666K(35776K) NonClass: 26761K(27648K)->26761K(27648K) Class: 6904K(8128K)->6904K(8128K)
[38.474s][info][gc          ] GC(43) Pause Full (System.gc()) 778M->778M(6144M) 601.467ms
[39.011s][info][gc,metaspace] GC(44) Metaspace: 33666K(35776K)->33666K(35776K) NonClass: 26761K(27648K)->26761K(27648K) Class: 6904K(8128K)->6904K(8128K)
[39.011s][info][gc          ] GC(44) Pause Full (System.gc()) 778M->778M(6144M) 536.883ms
[39.544s][info][gc,metaspace] GC(45) Metaspace: 33666K(35776K)->33666K(35776K) NonClass: 26761K(27648K)->26761K(27648K) Class: 6904K(8128K)->6904K(8128K)
[39.544s][info][gc          ] GC(45) Pause Full (System.gc()) 778M->778M(6144M) 533.351ms
[40.067s][info][gc,metaspace] GC(46) Metaspace: 33666K(35776K)->33666K(35776K) NonClass: 26761K(27648K)->26761K(27648K) Class: 6904K(8128K)->6904K(8128K)
[40.067s][info][gc          ] GC(46) Pause Full (System.gc()) 778M->778M(6144M) 522.404ms
[40.650s][info][gc,metaspace] GC(47) Metaspace: 33666K(35776K)->33666K(35776K) NonClass: 26761K(27648K)->26761K(27648K) Class: 6904K(8128K)->6904K(8128K)
[40.650s][info][gc          ] GC(47) Pause Full (System.gc()) 778M->778M(6144M) 583.489ms
[41.195s][info][gc,metaspace] GC(48) Metaspace: 33666K(35776K)->33666K(35776K) NonClass: 26761K(27648K)->26761K(27648K) Class: 6904K(8128K)->6904K(8128K)
[41.195s][info][gc          ] GC(48) Pause Full (System.gc()) 778M->778M(6144M) 544.434ms
[41.735s][info][gc,metaspace] GC(49) Metaspace: 33666K(35776K)->33666K(35776K) NonClass: 26761K(27648K)->26761K(27648K) Class: 6904K(8128K)->6904K(8128K)
[41.735s][info][gc          ] GC(49) Pause Full (System.gc()) 778M->778M(6144M) 539.815ms
[42.303s][info][gc,metaspace] GC(50) Metaspace: 33666K(35776K)->33666K(35776K) NonClass: 26761K(27648K)->26761K(27648K) Class: 6904K(8128K)->6904K(8128K)
[42.303s][info][gc          ] GC(50) Pause Full (System.gc()) 778M->778M(6144M) 568.486ms
[42.841s][info][gc,metaspace] GC(51) Metaspace: 33666K(35776K)->33666K(35776K) NonClass: 26761K(27648K)->26761K(27648K) Class: 6904K(8128K)->6904K(8128K)
[42.841s][info][gc          ] GC(51) Pause Full (System.gc()) 778M->778M(6144M) 532.849ms
[43.393s][info][gc,metaspace] GC(52) Metaspace: 33666K(35776K)->33666K(35776K) NonClass: 26761K(27648K)->26761K(27648K) Class: 6904K(8128K)->6904K(8128K)
[43.393s][info][gc          ] GC(52) Pause Full (System.gc()) 778M->778M(6144M) 552.489ms
[43.938s][info][gc,metaspace] GC(53) Metaspace: 33666K(35776K)->33666K(35776K) NonClass: 26761K(27648K)->26761K(27648K) Class: 6904K(8128K)->6904K(8128K)
[43.938s][info][gc          ] GC(53) Pause Full (System.gc()) 778M->778M(6144M) 545.092ms
[44.505s][info][gc,metaspace] GC(54) Metaspace: 33666K(35776K)->33666K(35776K) NonClass: 26761K(27648K)->26761K(27648K) Class: 6904K(8128K)->6904K(8128K)
[44.505s][info][gc          ] GC(54) Pause Full (System.gc()) 778M->778M(6144M) 566.803ms
[45.039s][info][gc,metaspace] GC(55) Metaspace: 33666K(35776K)->33666K(35776K) NonClass: 26761K(27648K)->26761K(27648K) Class: 6904K(8128K)->6904K(8128K)
[45.039s][info][gc          ] GC(55) Pause Full (System.gc()) 778M->778M(6144M) 533.751ms
[45.588s][info][gc,metaspace] GC(56) Metaspace: 33666K(35776K)->33666K(35776K) NonClass: 26761K(27648K)->26761K(27648K) Class: 6904K(8128K)->6904K(8128K)
[45.588s][info][gc          ] GC(56) Pause Full (System.gc()) 778M->778M(6144M) 548.536ms
[46.121s][info][gc,metaspace] GC(57) Metaspace: 33666K(35776K)->33666K(35776K) NonClass: 26761K(27648K)->26761K(27648K) Class: 6904K(8128K)->6904K(8128K)
[46.121s][info][gc          ] GC(57) Pause Full (System.gc()) 778M->778M(6144M) 533.089ms
[46.694s][info][gc,metaspace] GC(58) Metaspace: 33666K(35776K)->33666K(35776K) NonClass: 26761K(27648K)->26761K(27648K) Class: 6904K(8128K)->6904K(8128K)
[46.694s][info][gc          ] GC(58) Pause Full (System.gc()) 778M->778M(6144M) 573.185ms
[47.257s][info][gc,metaspace] GC(59) Metaspace: 33666K(35776K)->33666K(35776K) NonClass: 26761K(27648K)->26761K(27648K) Class: 6904K(8128K)->6904K(8128K)
[47.257s][info][gc          ] GC(59) Pause Full (System.gc()) 778M->778M(6144M) 562.437ms
[47.798s][info][gc,metaspace] GC(60) Metaspace: 33666K(35776K)->33666K(35776K) NonClass: 26761K(27648K)->26761K(27648K) Class: 6904K(8128K)->6904K(8128K)
[47.798s][info][gc          ] GC(60) Pause Full (System.gc()) 778M->778M(6144M) 541.616ms
[48.365s][info][gc,metaspace] GC(61) Metaspace: 33666K(35776K)->33666K(35776K) NonClass: 26761K(27648K)->26761K(27648K) Class: 6904K(8128K)->6904K(8128K)
[48.365s][info][gc          ] GC(61) Pause Full (System.gc()) 778M->778M(6144M) 561.735ms
[48.875s][info][gc,metaspace] GC(62) Metaspace: 33666K(35776K)->33666K(35776K) NonClass: 26761K(27648K)->26761K(27648K) Class: 6904K(8128K)->6904K(8128K)
[48.875s][info][gc          ] GC(62) Pause Full (System.gc()) 778M->778M(6144M) 510.475ms
[49.499s][info][gc,metaspace] GC(63) Metaspace: 33666K(35776K)->33666K(35776K) NonClass: 26761K(27648K)->26761K(27648K) Class: 6904K(8128K)->6904K(8128K)
[49.499s][info][gc          ] GC(63) Pause Full (System.gc()) 778M->778M(6144M) 623.585ms
[50.076s][info][gc,metaspace] GC(64) Metaspace: 33666K(35776K)->33666K(35776K) NonClass: 26761K(27648K)->26761K(27648K) Class: 6904K(8128K)->6904K(8128K)
[50.076s][info][gc          ] GC(64) Pause Full (System.gc()) 778M->778M(6144M) 577.563ms
[50.598s][info][gc,metaspace] GC(65) Metaspace: 33666K(35776K)->33666K(35776K) NonClass: 26761K(27648K)->26761K(27648K) Class: 6904K(8128K)->6904K(8128K)
[50.598s][info][gc          ] GC(65) Pause Full (System.gc()) 778M->778M(6144M) 521.473ms
[51.116s][info][gc,metaspace] GC(66) Metaspace: 33666K(35776K)->33666K(35776K) NonClass: 26761K(27648K)->26761K(27648K) Class: 6904K(8128K)->6904K(8128K)
[51.116s][info][gc          ] GC(66) Pause Full (System.gc()) 778M->778M(6144M) 518.196ms
[51.660s][info][gc,metaspace] GC(67) Metaspace: 33666K(35776K)->33666K(35776K) NonClass: 26761K(27648K)->26761K(27648K) Class: 6904K(8128K)->6904K(8128K)
[51.660s][info][gc          ] GC(67) Pause Full (System.gc()) 778M->778M(6144M) 543.701ms
[52.212s][info][gc,metaspace] GC(68) Metaspace: 33666K(35776K)->33666K(35776K) NonClass: 26761K(27648K)->26761K(27648K) Class: 6904K(8128K)->6904K(8128K)
[52.212s][info][gc          ] GC(68) Pause Full (System.gc()) 778M->778M(6144M) 551.998ms
[52.767s][info][gc,metaspace] GC(69) Metaspace: 33666K(35776K)->33666K(35776K) NonClass: 26761K(27648K)->26761K(27648K) Class: 6904K(8128K)->6904K(8128K)
[52.767s][info][gc          ] GC(69) Pause Full (System.gc()) 778M->778M(6144M) 555.111ms
[53.343s][info][gc,metaspace] GC(70) Metaspace: 33666K(35776K)->33666K(35776K) NonClass: 26761K(27648K)->26761K(27648K) Class: 6904K(8128K)->6904K(8128K)
[53.343s][info][gc          ] GC(70) Pause Full (System.gc()) 778M->778M(6144M) 575.797ms
[53.866s][info][gc,metaspace] GC(71) Metaspace: 33666K(35776K)->33666K(35776K) NonClass: 26761K(27648K)->26761K(27648K) Class: 6904K(8128K)->6904K(8128K)
[53.866s][info][gc          ] GC(71) Pause Full (System.gc()) 778M->778M(6144M) 522.673ms
[54.409s][info][gc,metaspace] GC(72) Metaspace: 33666K(35776K)->33666K(35776K) NonClass: 26761K(27648K)->26761K(27648K) Class: 6904K(8128K)->6904K(8128K)
[54.409s][info][gc          ] GC(72) Pause Full (System.gc()) 778M->778M(6144M) 542.924ms
[54.924s][info][gc,metaspace] GC(73) Metaspace: 33666K(35776K)->33666K(35776K) NonClass: 26761K(27648K)->26761K(27648K) Class: 6904K(8128K)->6904K(8128K)
[54.924s][info][gc          ] GC(73) Pause Full (System.gc()) 778M->778M(6144M) 514.755ms
[55.473s][info][gc,metaspace] GC(74) Metaspace: 33666K(35776K)->33666K(35776K) NonClass: 26761K(27648K)->26761K(27648K) Class: 6904K(8128K)->6904K(8128K)
[55.473s][info][gc          ] GC(74) Pause Full (System.gc()) 778M->778M(6144M) 549.049ms
[55.994s][info][gc,metaspace] GC(75) Metaspace: 33666K(35776K)->33666K(35776K) NonClass: 26761K(27648K)->26761K(27648K) Class: 6904K(8128K)->6904K(8128K)
[55.994s][info][gc          ] GC(75) Pause Full (System.gc()) 778M->778M(6144M) 520.950ms
[56.507s][info][gc,metaspace] GC(76) Metaspace: 33666K(35776K)->33666K(35776K) NonClass: 26761K(27648K)->26761K(27648K) Class: 6904K(8128K)->6904K(8128K)
[56.507s][info][gc          ] GC(76) Pause Full (System.gc()) 778M->778M(6144M) 512.827ms
[57.032s][info][gc,metaspace] GC(77) Metaspace: 33666K(35776K)->33666K(35776K) NonClass: 26761K(27648K)->26761K(27648K) Class: 6904K(8128K)->6904K(8128K)
[57.032s][info][gc          ] GC(77) Pause Full (System.gc()) 778M->778M(6144M) 524.973ms
[57.593s][info][gc,metaspace] GC(78) Metaspace: 33666K(35776K)->33666K(35776K) NonClass: 26761K(27648K)->26761K(27648K) Class: 6904K(8128K)->6904K(8128K)
[57.593s][info][gc          ] GC(78) Pause Full (System.gc()) 778M->778M(6144M) 561.384ms
[58.162s][info][gc,metaspace] GC(79) Metaspace: 33666K(35776K)->33666K(35776K) NonClass: 26761K(27648K)->26761K(27648K) Class: 6904K(8128K)->6904K(8128K)
[58.162s][info][gc          ] GC(79) Pause Full (System.gc()) 778M->778M(6144M) 568.591ms
[58.646s][info][gc,metaspace] GC(80) Metaspace: 33666K(35776K)->33666K(35776K) NonClass: 26761K(27648K)->26761K(27648K) Class: 6904K(8128K)->6904K(8128K)
[58.646s][info][gc          ] GC(80) Pause Full (System.gc()) 778M->778M(6144M) 483.845ms
[59.279s][info][gc,metaspace] GC(81) Metaspace: 33666K(35776K)->33666K(35776K) NonClass: 26761K(27648K)->26761K(27648K) Class: 6904K(8128K)->6904K(8128K)
[59.279s][info][gc          ] GC(81) Pause Full (System.gc()) 778M->778M(6144M) 628.217ms
[59.815s][info][gc,metaspace] GC(82) Metaspace: 33666K(35776K)->33666K(35776K) NonClass: 26761K(27648K)->26761K(27648K) Class: 6904K(8128K)->6904K(8128K)
[59.815s][info][gc          ] GC(82) Pause Full (System.gc()) 778M->778M(6144M) 536.328ms
[60.359s][info][gc,metaspace] GC(83) Metaspace: 33666K(35776K)->33666K(35776K) NonClass: 26761K(27648K)->26761K(27648K) Class: 6904K(8128K)->6904K(8128K)
[60.359s][info][gc          ] GC(83) Pause Full (System.gc()) 778M->778M(6144M) 543.465ms
[60.915s][info][gc,metaspace] GC(84) Metaspace: 33666K(35776K)->33666K(35776K) NonClass: 26761K(27648K)->26761K(27648K) Class: 6904K(8128K)->6904K(8128K)
[60.915s][info][gc          ] GC(84) Pause Full (System.gc()) 778M->778M(6144M) 556.591ms
[61.452s][info][gc,metaspace] GC(85) Metaspace: 33666K(35776K)->33666K(35776K) NonClass: 26761K(27648K)->26761K(27648K) Class: 6904K(8128K)->6904K(8128K)
[61.452s][info][gc          ] GC(85) Pause Full (System.gc()) 778M->778M(6144M) 536.606ms
[61.984s][info][gc,metaspace] GC(86) Metaspace: 33666K(35776K)->33666K(35776K) NonClass: 26761K(27648K)->26761K(27648K) Class: 6904K(8128K)->6904K(8128K)
[61.984s][info][gc          ] GC(86) Pause Full (System.gc()) 778M->778M(6144M) 532.181ms
[62.540s][info][gc,metaspace] GC(87) Metaspace: 33666K(35776K)->33666K(35776K) NonClass: 26761K(27648K)->26761K(27648K) Class: 6904K(8128K)->6904K(8128K)
[62.540s][info][gc          ] GC(87) Pause Full (System.gc()) 778M->778M(6144M) 556.253ms
[63.069s][info][gc,metaspace] GC(88) Metaspace: 33666K(35776K)->33666K(35776K) NonClass: 26761K(27648K)->26761K(27648K) Class: 6904K(8128K)->6904K(8128K)
[63.069s][info][gc          ] GC(88) Pause Full (System.gc()) 778M->778M(6144M) 528.122ms
[63.578s][info][gc,metaspace] GC(89) Metaspace: 33666K(35776K)->33666K(35776K) NonClass: 26761K(27648K)->26761K(27648K) Class: 6904K(8128K)->6904K(8128K)
[63.578s][info][gc          ] GC(89) Pause Full (System.gc()) 778M->778M(6144M) 508.940ms
[64.099s][info][gc,metaspace] GC(90) Metaspace: 33666K(35776K)->33666K(35776K) NonClass: 26761K(27648K)->26761K(27648K) Class: 6904K(8128K)->6904K(8128K)
[64.099s][info][gc          ] GC(90) Pause Full (System.gc()) 778M->778M(6144M) 521.602ms
[64.632s][info][gc,metaspace] GC(91) Metaspace: 33666K(35776K)->33666K(35776K) NonClass: 26761K(27648K)->26761K(27648K) Class: 6904K(8128K)->6904K(8128K)
[64.632s][info][gc          ] GC(91) Pause Full (System.gc()) 778M->778M(6144M) 532.216ms
[65.196s][info][gc,metaspace] GC(92) Metaspace: 33666K(35776K)->33666K(35776K) NonClass: 26761K(27648K)->26761K(27648K) Class: 6904K(8128K)->6904K(8128K)
[65.196s][info][gc          ] GC(92) Pause Full (System.gc()) 778M->778M(6144M) 564.616ms
[65.729s][info][gc,metaspace] GC(93) Metaspace: 33666K(35776K)->33666K(35776K) NonClass: 26761K(27648K)->26761K(27648K) Class: 6904K(8128K)->6904K(8128K)
[65.729s][info][gc          ] GC(93) Pause Full (System.gc()) 780M->778M(6144M) 532.317ms
[66.265s][info][gc,metaspace] GC(94) Metaspace: 33666K(35776K)->33666K(35776K) NonClass: 26761K(27648K)->26761K(27648K) Class: 6904K(8128K)->6904K(8128K)
[66.265s][info][gc          ] GC(94) Pause Full (System.gc()) 778M->778M(6144M) 536.053ms
[66.824s][info][gc,metaspace] GC(95) Metaspace: 33666K(35776K)->33666K(35776K) NonClass: 26761K(27648K)->26761K(27648K) Class: 6904K(8128K)->6904K(8128K)
[66.825s][info][gc          ] GC(95) Pause Full (System.gc()) 778M->778M(6144M) 559.554ms
[67.375s][info][gc,metaspace] GC(96) Metaspace: 33666K(35776K)->33666K(35776K) NonClass: 26761K(27648K)->26761K(27648K) Class: 6904K(8128K)->6904K(8128K)
[67.375s][info][gc          ] GC(96) Pause Full (System.gc()) 778M->778M(6144M) 550.812ms
[67.906s][info][gc,metaspace] GC(97) Metaspace: 33666K(35776K)->33666K(35776K) NonClass: 26761K(27648K)->26761K(27648K) Class: 6904K(8128K)->6904K(8128K)
[67.906s][info][gc          ] GC(97) Pause Full (System.gc()) 778M->778M(6144M) 530.267ms
[68.430s][info][gc,metaspace] GC(98) Metaspace: 33666K(35776K)->33666K(35776K) NonClass: 26761K(27648K)->26761K(27648K) Class: 6904K(8128K)->6904K(8128K)
[68.430s][info][gc          ] GC(98) Pause Full (System.gc()) 778M->778M(6144M) 524.129ms
[68.945s][info][gc,metaspace] GC(99) Metaspace: 33666K(35776K)->33666K(35776K) NonClass: 26761K(27648K)->26761K(27648K) Class: 6904K(8128K)->6904K(8128K)
[68.945s][info][gc          ] GC(99) Pause Full (System.gc()) 778M->778M(6144M) 515.088ms
[69.466s][info][gc,metaspace] GC(100) Metaspace: 33666K(35776K)->33666K(35776K) NonClass: 26761K(27648K)->26761K(27648K) Class: 6904K(8128K)->6904K(8128K)
[69.466s][info][gc          ] GC(100) Pause Full (System.gc()) 778M->778M(6144M) 521.087ms
[70.024s][info][gc,metaspace] GC(101) Metaspace: 33666K(35776K)->33666K(35776K) NonClass: 26761K(27648K)->26761K(27648K) Class: 6904K(8128K)->6904K(8128K)
[70.024s][info][gc          ] GC(101) Pause Full (System.gc()) 778M->778M(6144M) 553.847ms
[70.600s][info][gc,metaspace] GC(102) Metaspace: 33666K(35776K)->33666K(35776K) NonClass: 26761K(27648K)->26761K(27648K) Class: 6904K(8128K)->6904K(8128K)
[70.600s][info][gc          ] GC(102) Pause Full (System.gc()) 778M->778M(6144M) 575.702ms
[71.126s][info][gc,metaspace] GC(103) Metaspace: 33666K(35776K)->33666K(35776K) NonClass: 26761K(27648K)->26761K(27648K) Class: 6904K(8128K)->6904K(8128K)
[71.126s][info][gc          ] GC(103) Pause Full (System.gc()) 778M->778M(6144M) 525.536ms
After GCs... 
