Done; will start GCs... 
[11.344s][info][gc,metaspace] GC(3) Metaspace: 43076K(49792K)->43076K(49792K) NonClass: 25199K(25792K)->25199K(25792K) Class: 17877K(24000K)->17877K(24000K)
[11.344s][info][gc          ] GC(3) Pause Full (System.gc()) 796M->776M(6144M) 461.707ms
[11.695s][info][gc,metaspace] GC(4) Metaspace: 43076K(49792K)->43076K(49792K) NonClass: 25199K(25792K)->25199K(25792K) Class: 17877K(24000K)->17877K(24000K)
[11.695s][info][gc          ] GC(4) Pause Full (System.gc()) 776M->776M(6144M) 351.533ms
[12.067s][info][gc,metaspace] GC(5) Metaspace: 43076K(49792K)->43076K(49792K) NonClass: 25199K(25792K)->25199K(25792K) Class: 17877K(24000K)->17877K(24000K)
[12.067s][info][gc          ] GC(5) Pause Full (System.gc()) 776M->776M(6144M) 371.319ms
[12.414s][info][gc,metaspace] GC(6) Metaspace: 43077K(49792K)->43077K(49792K) NonClass: 25200K(25792K)->25200K(25792K) Class: 17877K(24000K)->17877K(24000K)
[12.414s][info][gc          ] GC(6) Pause Full (System.gc()) 776M->776M(6144M) 346.895ms
[12.759s][info][gc,metaspace] GC(7) Metaspace: 43077K(49792K)->43077K(49792K) NonClass: 25200K(25792K)->25200K(25792K) Class: 17877K(24000K)->17877K(24000K)
[12.759s][info][gc          ] GC(7) Pause Full (System.gc()) 776M->776M(6144M) 345.419ms
[13.163s][info][gc,metaspace] GC(8) Metaspace: 43077K(49792K)->43077K(49792K) NonClass: 25200K(25792K)->25200K(25792K) Class: 17877K(24000K)->17877K(24000K)
[13.163s][info][gc          ] GC(8) Pause Full (System.gc()) 776M->776M(6144M) 403.358ms
[13.513s][info][gc,metaspace] GC(9) Metaspace: 43077K(49792K)->43077K(49792K) NonClass: 25200K(25792K)->25200K(25792K) Class: 17877K(24000K)->17877K(24000K)
[13.513s][info][gc          ] GC(9) Pause Full (System.gc()) 776M->776M(6144M) 350.271ms
[13.859s][info][gc,metaspace] GC(10) Metaspace: 43077K(49792K)->43077K(49792K) NonClass: 25200K(25792K)->25200K(25792K) Class: 17877K(24000K)->17877K(24000K)
[13.859s][info][gc          ] GC(10) Pause Full (System.gc()) 776M->776M(6144M) 345.800ms
[14.215s][info][gc,metaspace] GC(11) Metaspace: 43077K(49792K)->43077K(49792K) NonClass: 25200K(25792K)->25200K(25792K) Class: 17877K(24000K)->17877K(24000K)
[14.215s][info][gc          ] GC(11) Pause Full (System.gc()) 776M->776M(6144M) 355.985ms
[14.570s][info][gc,metaspace] GC(12) Metaspace: 43077K(49792K)->43077K(49792K) NonClass: 25200K(25792K)->25200K(25792K) Class: 17877K(24000K)->17877K(24000K)
[14.570s][info][gc          ] GC(12) Pause Full (System.gc()) 776M->776M(6144M) 355.122ms
[14.993s][info][gc,metaspace] GC(13) Metaspace: 43077K(49792K)->43077K(49792K) NonClass: 25200K(25792K)->25200K(25792K) Class: 17877K(24000K)->17877K(24000K)
[14.993s][info][gc          ] GC(13) Pause Full (System.gc()) 776M->776M(6144M) 421.968ms
[15.358s][info][gc,metaspace] GC(14) Metaspace: 43077K(49792K)->43077K(49792K) NonClass: 25200K(25792K)->25200K(25792K) Class: 17877K(24000K)->17877K(24000K)
[15.358s][info][gc          ] GC(14) Pause Full (System.gc()) 776M->776M(6144M) 365.274ms
[15.736s][info][gc,metaspace] GC(15) Metaspace: 43077K(49792K)->43077K(49792K) NonClass: 25200K(25792K)->25200K(25792K) Class: 17877K(24000K)->17877K(24000K)
[15.736s][info][gc          ] GC(15) Pause Full (System.gc()) 776M->776M(6144M) 377.509ms
[16.116s][info][gc,metaspace] GC(16) Metaspace: 43077K(49792K)->43077K(49792K) NonClass: 25200K(25792K)->25200K(25792K) Class: 17877K(24000K)->17877K(24000K)
[16.116s][info][gc          ] GC(16) Pause Full (System.gc()) 776M->776M(6144M) 379.651ms
[16.502s][info][gc,metaspace] GC(17) Metaspace: 43077K(49792K)->43077K(49792K) NonClass: 25200K(25792K)->25200K(25792K) Class: 17877K(24000K)->17877K(24000K)
[16.502s][info][gc          ] GC(17) Pause Full (System.gc()) 776M->776M(6144M) 386.395ms
[16.891s][info][gc,metaspace] GC(18) Metaspace: 43077K(49792K)->43077K(49792K) NonClass: 25200K(25792K)->25200K(25792K) Class: 17877K(24000K)->17877K(24000K)
[16.891s][info][gc          ] GC(18) Pause Full (System.gc()) 776M->776M(6144M) 389.229ms
[17.257s][info][gc,metaspace] GC(19) Metaspace: 43077K(49792K)->43077K(49792K) NonClass: 25200K(25792K)->25200K(25792K) Class: 17877K(24000K)->17877K(24000K)
[17.257s][info][gc          ] GC(19) Pause Full (System.gc()) 776M->776M(6144M) 365.884ms
[17.603s][info][gc,metaspace] GC(20) Metaspace: 43077K(49792K)->43077K(49792K) NonClass: 25200K(25792K)->25200K(25792K) Class: 17877K(24000K)->17877K(24000K)
[17.603s][info][gc          ] GC(20) Pause Full (System.gc()) 776M->776M(6144M) 345.914ms
[17.996s][info][gc,metaspace] GC(21) Metaspace: 43077K(49792K)->43077K(49792K) NonClass: 25200K(25792K)->25200K(25792K) Class: 17877K(24000K)->17877K(24000K)
[17.996s][info][gc          ] GC(21) Pause Full (System.gc()) 776M->776M(6144M) 392.212ms
[18.337s][info][gc,metaspace] GC(22) Metaspace: 43077K(49792K)->43077K(49792K) NonClass: 25200K(25792K)->25200K(25792K) Class: 17877K(24000K)->17877K(24000K)
[18.337s][info][gc          ] GC(22) Pause Full (System.gc()) 776M->776M(6144M) 340.755ms
[18.685s][info][gc,metaspace] GC(23) Metaspace: 43077K(49792K)->43077K(49792K) NonClass: 25200K(25792K)->25200K(25792K) Class: 17877K(24000K)->17877K(24000K)
[18.685s][info][gc          ] GC(23) Pause Full (System.gc()) 776M->776M(6144M) 348.701ms
[19.066s][info][gc,metaspace] GC(24) Metaspace: 43077K(49792K)->43077K(49792K) NonClass: 25200K(25792K)->25200K(25792K) Class: 17877K(24000K)->17877K(24000K)
[19.066s][info][gc          ] GC(24) Pause Full (System.gc()) 776M->776M(6144M) 380.411ms
[19.450s][info][gc,metaspace] GC(25) Metaspace: 43077K(49792K)->43077K(49792K) NonClass: 25200K(25792K)->25200K(25792K) Class: 17877K(24000K)->17877K(24000K)
[19.450s][info][gc          ] GC(25) Pause Full (System.gc()) 776M->776M(6144M) 384.462ms
[19.830s][info][gc,metaspace] GC(26) Metaspace: 43077K(49792K)->43077K(49792K) NonClass: 25200K(25792K)->25200K(25792K) Class: 17877K(24000K)->17877K(24000K)
[19.830s][info][gc          ] GC(26) Pause Full (System.gc()) 776M->776M(6144M) 379.622ms
[20.253s][info][gc,metaspace] GC(27) Metaspace: 43077K(49792K)->43077K(49792K) NonClass: 25200K(25792K)->25200K(25792K) Class: 17877K(24000K)->17877K(24000K)
[20.253s][info][gc          ] GC(27) Pause Full (System.gc()) 776M->776M(6144M) 422.360ms
[20.605s][info][gc,metaspace] GC(28) Metaspace: 43077K(49792K)->43077K(49792K) NonClass: 25200K(25792K)->25200K(25792K) Class: 17877K(24000K)->17877K(24000K)
[20.605s][info][gc          ] GC(28) Pause Full (System.gc()) 776M->776M(6144M) 352.438ms
[21.000s][info][gc,metaspace] GC(29) Metaspace: 43077K(49792K)->43077K(49792K) NonClass: 25200K(25792K)->25200K(25792K) Class: 17877K(24000K)->17877K(24000K)
[21.000s][info][gc          ] GC(29) Pause Full (System.gc()) 776M->776M(6144M) 395.033ms
[21.354s][info][gc,metaspace] GC(30) Metaspace: 43077K(49792K)->43077K(49792K) NonClass: 25200K(25792K)->25200K(25792K) Class: 17877K(24000K)->17877K(24000K)
[21.354s][info][gc          ] GC(30) Pause Full (System.gc()) 776M->776M(6144M) 353.973ms
[21.733s][info][gc,metaspace] GC(31) Metaspace: 43077K(49792K)->43077K(49792K) NonClass: 25200K(25792K)->25200K(25792K) Class: 17877K(24000K)->17877K(24000K)
[21.733s][info][gc          ] GC(31) Pause Full (System.gc()) 776M->776M(6144M) 378.877ms
[22.114s][info][gc,metaspace] GC(32) Metaspace: 43077K(49792K)->43077K(49792K) NonClass: 25200K(25792K)->25200K(25792K) Class: 17877K(24000K)->17877K(24000K)
[22.115s][info][gc          ] GC(32) Pause Full (System.gc()) 776M->776M(6144M) 381.237ms
[22.461s][info][gc,metaspace] GC(33) Metaspace: 43077K(49792K)->43077K(49792K) NonClass: 25200K(25792K)->25200K(25792K) Class: 17877K(24000K)->17877K(24000K)
[22.461s][info][gc          ] GC(33) Pause Full (System.gc()) 776M->776M(6144M) 346.067ms
[22.834s][info][gc,metaspace] GC(34) Metaspace: 43077K(49792K)->43077K(49792K) NonClass: 25200K(25792K)->25200K(25792K) Class: 17877K(24000K)->17877K(24000K)
[22.834s][info][gc          ] GC(34) Pause Full (System.gc()) 776M->776M(6144M) 372.833ms
[23.227s][info][gc,metaspace] GC(35) Metaspace: 43077K(49792K)->43077K(49792K) NonClass: 25200K(25792K)->25200K(25792K) Class: 17877K(24000K)->17877K(24000K)
[23.227s][info][gc          ] GC(35) Pause Full (System.gc()) 776M->776M(6144M) 393.088ms
[23.566s][info][gc,metaspace] GC(36) Metaspace: 43077K(49792K)->43077K(49792K) NonClass: 25200K(25792K)->25200K(25792K) Class: 17877K(24000K)->17877K(24000K)
[23.567s][info][gc          ] GC(36) Pause Full (System.gc()) 776M->776M(6144M) 339.669ms
[23.924s][info][gc,metaspace] GC(37) Metaspace: 43077K(49792K)->43077K(49792K) NonClass: 25200K(25792K)->25200K(25792K) Class: 17877K(24000K)->17877K(24000K)
[23.924s][info][gc          ] GC(37) Pause Full (System.gc()) 776M->776M(6144M) 357.524ms
[24.292s][info][gc,metaspace] GC(38) Metaspace: 43077K(49792K)->43077K(49792K) NonClass: 25200K(25792K)->25200K(25792K) Class: 17877K(24000K)->17877K(24000K)
[24.292s][info][gc          ] GC(38) Pause Full (System.gc()) 776M->776M(6144M) 367.961ms
[24.640s][info][gc,metaspace] GC(39) Metaspace: 43077K(49792K)->43077K(49792K) NonClass: 25200K(25792K)->25200K(25792K) Class: 17877K(24000K)->17877K(24000K)
[24.640s][info][gc          ] GC(39) Pause Full (System.gc()) 776M->776M(6144M) 347.704ms
[25.002s][info][gc,metaspace] GC(40) Metaspace: 43077K(49792K)->43077K(49792K) NonClass: 25200K(25792K)->25200K(25792K) Class: 17877K(24000K)->17877K(24000K)
[25.002s][info][gc          ] GC(40) Pause Full (System.gc()) 776M->776M(6144M) 362.076ms
[25.370s][info][gc,metaspace] GC(41) Metaspace: 43077K(49792K)->43077K(49792K) NonClass: 25200K(25792K)->25200K(25792K) Class: 17877K(24000K)->17877K(24000K)
[25.370s][info][gc          ] GC(41) Pause Full (System.gc()) 776M->776M(6144M) 367.809ms
[25.769s][info][gc,metaspace] GC(42) Metaspace: 43077K(49792K)->43077K(49792K) NonClass: 25200K(25792K)->25200K(25792K) Class: 17877K(24000K)->17877K(24000K)
[25.769s][info][gc          ] GC(42) Pause Full (System.gc()) 776M->776M(6144M) 399.298ms
[26.172s][info][gc,metaspace] GC(43) Metaspace: 43077K(49792K)->43077K(49792K) NonClass: 25200K(25792K)->25200K(25792K) Class: 17877K(24000K)->17877K(24000K)
[26.172s][info][gc          ] GC(43) Pause Full (System.gc()) 776M->776M(6144M) 402.269ms
[26.512s][info][gc,metaspace] GC(44) Metaspace: 43077K(49792K)->43077K(49792K) NonClass: 25200K(25792K)->25200K(25792K) Class: 17877K(24000K)->17877K(24000K)
[26.512s][info][gc          ] GC(44) Pause Full (System.gc()) 776M->776M(6144M) 339.895ms
[26.864s][info][gc,metaspace] GC(45) Metaspace: 43077K(49792K)->43077K(49792K) NonClass: 25200K(25792K)->25200K(25792K) Class: 17877K(24000K)->17877K(24000K)
[26.864s][info][gc          ] GC(45) Pause Full (System.gc()) 776M->776M(6144M) 352.473ms
[27.233s][info][gc,metaspace] GC(46) Metaspace: 43077K(49792K)->43077K(49792K) NonClass: 25200K(25792K)->25200K(25792K) Class: 17877K(24000K)->17877K(24000K)
[27.233s][info][gc          ] GC(46) Pause Full (System.gc()) 776M->776M(6144M) 368.587ms
[27.592s][info][gc,metaspace] GC(47) Metaspace: 43077K(49792K)->43077K(49792K) NonClass: 25200K(25792K)->25200K(25792K) Class: 17877K(24000K)->17877K(24000K)
[27.592s][info][gc          ] GC(47) Pause Full (System.gc()) 776M->776M(6144M) 359.331ms
[27.993s][info][gc,metaspace] GC(48) Metaspace: 43077K(49792K)->43077K(49792K) NonClass: 25200K(25792K)->25200K(25792K) Class: 17877K(24000K)->17877K(24000K)
[27.993s][info][gc          ] GC(48) Pause Full (System.gc()) 776M->776M(6144M) 400.683ms
[28.340s][info][gc,metaspace] GC(49) Metaspace: 43077K(49792K)->43077K(49792K) NonClass: 25200K(25792K)->25200K(25792K) Class: 17877K(24000K)->17877K(24000K)
[28.340s][info][gc          ] GC(49) Pause Full (System.gc()) 776M->776M(6144M) 347.080ms
[28.695s][info][gc,metaspace] GC(50) Metaspace: 43077K(49792K)->43077K(49792K) NonClass: 25200K(25792K)->25200K(25792K) Class: 17877K(24000K)->17877K(24000K)
[28.695s][info][gc          ] GC(50) Pause Full (System.gc()) 776M->776M(6144M) 354.737ms
[29.076s][info][gc,metaspace] GC(51) Metaspace: 43077K(49792K)->43077K(49792K) NonClass: 25200K(25792K)->25200K(25792K) Class: 17877K(24000K)->17877K(24000K)
[29.076s][info][gc          ] GC(51) Pause Full (System.gc()) 776M->776M(6144M) 380.949ms
[29.421s][info][gc,metaspace] GC(52) Metaspace: 43077K(49792K)->43077K(49792K) NonClass: 25200K(25792K)->25200K(25792K) Class: 17877K(24000K)->17877K(24000K)
[29.421s][info][gc          ] GC(52) Pause Full (System.gc()) 776M->776M(6144M) 344.750ms
[29.758s][info][gc,metaspace] GC(53) Metaspace: 43077K(49792K)->43077K(49792K) NonClass: 25200K(25792K)->25200K(25792K) Class: 17877K(24000K)->17877K(24000K)
[29.758s][info][gc          ] GC(53) Pause Full (System.gc()) 776M->776M(6144M) 337.482ms
[30.196s][info][gc,metaspace] GC(54) Metaspace: 43077K(49792K)->43077K(49792K) NonClass: 25200K(25792K)->25200K(25792K) Class: 17877K(24000K)->17877K(24000K)
[30.196s][info][gc          ] GC(54) Pause Full (System.gc()) 776M->776M(6144M) 437.640ms
[30.547s][info][gc,metaspace] GC(55) Metaspace: 43077K(49792K)->43077K(49792K) NonClass: 25200K(25792K)->25200K(25792K) Class: 17877K(24000K)->17877K(24000K)
[30.547s][info][gc          ] GC(55) Pause Full (System.gc()) 776M->776M(6144M) 350.938ms
[30.913s][info][gc,metaspace] GC(56) Metaspace: 43077K(49792K)->43077K(49792K) NonClass: 25200K(25792K)->25200K(25792K) Class: 17877K(24000K)->17877K(24000K)
[30.913s][info][gc          ] GC(56) Pause Full (System.gc()) 776M->776M(6144M) 366.008ms
[31.269s][info][gc,metaspace] GC(57) Metaspace: 43077K(49792K)->43077K(49792K) NonClass: 25200K(25792K)->25200K(25792K) Class: 17877K(24000K)->17877K(24000K)
[31.269s][info][gc          ] GC(57) Pause Full (System.gc()) 776M->776M(6144M) 356.319ms
[31.667s][info][gc,metaspace] GC(58) Metaspace: 43077K(49792K)->43077K(49792K) NonClass: 25200K(25792K)->25200K(25792K) Class: 17877K(24000K)->17877K(24000K)
[31.667s][info][gc          ] GC(58) Pause Full (System.gc()) 776M->776M(6144M) 392.994ms
[32.068s][info][gc,metaspace] GC(59) Metaspace: 43077K(49792K)->43077K(49792K) NonClass: 25200K(25792K)->25200K(25792K) Class: 17877K(24000K)->17877K(24000K)
[32.068s][info][gc          ] GC(59) Pause Full (System.gc()) 776M->776M(6144M) 400.941ms
[32.464s][info][gc,metaspace] GC(60) Metaspace: 43077K(49792K)->43077K(49792K) NonClass: 25200K(25792K)->25200K(25792K) Class: 17877K(24000K)->17877K(24000K)
[32.464s][info][gc          ] GC(60) Pause Full (System.gc()) 776M->776M(6144M) 395.903ms
[32.827s][info][gc,metaspace] GC(61) Metaspace: 43077K(49792K)->43077K(49792K) NonClass: 25200K(25792K)->25200K(25792K) Class: 17877K(24000K)->17877K(24000K)
[32.827s][info][gc          ] GC(61) Pause Full (System.gc()) 776M->776M(6144M) 363.242ms
[33.232s][info][gc,metaspace] GC(62) Metaspace: 43077K(49792K)->43077K(49792K) NonClass: 25200K(25792K)->25200K(25792K) Class: 17877K(24000K)->17877K(24000K)
[33.232s][info][gc          ] GC(62) Pause Full (System.gc()) 776M->776M(6144M) 404.591ms
[33.580s][info][gc,metaspace] GC(63) Metaspace: 43077K(49792K)->43077K(49792K) NonClass: 25200K(25792K)->25200K(25792K) Class: 17877K(24000K)->17877K(24000K)
[33.580s][info][gc          ] GC(63) Pause Full (System.gc()) 776M->776M(6144M) 348.085ms
[33.947s][info][gc,metaspace] GC(64) Metaspace: 43077K(49792K)->43077K(49792K) NonClass: 25200K(25792K)->25200K(25792K) Class: 17877K(24000K)->17877K(24000K)
[33.947s][info][gc          ] GC(64) Pause Full (System.gc()) 776M->776M(6144M) 367.099ms
[34.305s][info][gc,metaspace] GC(65) Metaspace: 43077K(49792K)->43077K(49792K) NonClass: 25200K(25792K)->25200K(25792K) Class: 17877K(24000K)->17877K(24000K)
[34.305s][info][gc          ] GC(65) Pause Full (System.gc()) 776M->776M(6144M) 358.276ms
[34.663s][info][gc,metaspace] GC(66) Metaspace: 43077K(49792K)->43077K(49792K) NonClass: 25200K(25792K)->25200K(25792K) Class: 17877K(24000K)->17877K(24000K)
[34.663s][info][gc          ] GC(66) Pause Full (System.gc()) 776M->776M(6144M) 357.713ms
[35.079s][info][gc,metaspace] GC(67) Metaspace: 43077K(49792K)->43077K(49792K) NonClass: 25200K(25792K)->25200K(25792K) Class: 17877K(24000K)->17877K(24000K)
[35.079s][info][gc          ] GC(67) Pause Full (System.gc()) 776M->776M(6144M) 415.570ms
[35.451s][info][gc,metaspace] GC(68) Metaspace: 43077K(49792K)->43077K(49792K) NonClass: 25200K(25792K)->25200K(25792K) Class: 17877K(24000K)->17877K(24000K)
[35.451s][info][gc          ] GC(68) Pause Full (System.gc()) 776M->776M(6144M) 372.154ms
[35.804s][info][gc,metaspace] GC(69) Metaspace: 43077K(49792K)->43077K(49792K) NonClass: 25200K(25792K)->25200K(25792K) Class: 17877K(24000K)->17877K(24000K)
[35.804s][info][gc          ] GC(69) Pause Full (System.gc()) 776M->776M(6144M) 352.991ms
[36.203s][info][gc,metaspace] GC(70) Metaspace: 43077K(49792K)->43077K(49792K) NonClass: 25200K(25792K)->25200K(25792K) Class: 17877K(24000K)->17877K(24000K)
[36.204s][info][gc          ] GC(70) Pause Full (System.gc()) 776M->776M(6144M) 399.400ms
[36.596s][info][gc,metaspace] GC(71) Metaspace: 43077K(49792K)->43077K(49792K) NonClass: 25200K(25792K)->25200K(25792K) Class: 17877K(24000K)->17877K(24000K)
[36.596s][info][gc          ] GC(71) Pause Full (System.gc()) 776M->776M(6144M) 392.536ms
[37.002s][info][gc,metaspace] GC(72) Metaspace: 43077K(49792K)->43077K(49792K) NonClass: 25200K(25792K)->25200K(25792K) Class: 17877K(24000K)->17877K(24000K)
[37.002s][info][gc          ] GC(72) Pause Full (System.gc()) 776M->776M(6144M) 406.038ms
[37.387s][info][gc,metaspace] GC(73) Metaspace: 43077K(49792K)->43077K(49792K) NonClass: 25200K(25792K)->25200K(25792K) Class: 17877K(24000K)->17877K(24000K)
[37.387s][info][gc          ] GC(73) Pause Full (System.gc()) 776M->776M(6144M) 384.338ms
[37.782s][info][gc,metaspace] GC(74) Metaspace: 43077K(49792K)->43077K(49792K) NonClass: 25200K(25792K)->25200K(25792K) Class: 17877K(24000K)->17877K(24000K)
[37.782s][info][gc          ] GC(74) Pause Full (System.gc()) 776M->776M(6144M) 395.428ms
[38.174s][info][gc,metaspace] GC(75) Metaspace: 43077K(49792K)->43077K(49792K) NonClass: 25200K(25792K)->25200K(25792K) Class: 17877K(24000K)->17877K(24000K)
[38.174s][info][gc          ] GC(75) Pause Full (System.gc()) 776M->776M(6144M) 391.641ms
[38.521s][info][gc,metaspace] GC(76) Metaspace: 43077K(49792K)->43077K(49792K) NonClass: 25200K(25792K)->25200K(25792K) Class: 17877K(24000K)->17877K(24000K)
[38.521s][info][gc          ] GC(76) Pause Full (System.gc()) 776M->776M(6144M) 347.142ms
[38.908s][info][gc,metaspace] GC(77) Metaspace: 43077K(49792K)->43077K(49792K) NonClass: 25200K(25792K)->25200K(25792K) Class: 17877K(24000K)->17877K(24000K)
[38.908s][info][gc          ] GC(77) Pause Full (System.gc()) 776M->776M(6144M) 387.189ms
[39.259s][info][gc,metaspace] GC(78) Metaspace: 43077K(49792K)->43077K(49792K) NonClass: 25200K(25792K)->25200K(25792K) Class: 17877K(24000K)->17877K(24000K)
[39.259s][info][gc          ] GC(78) Pause Full (System.gc()) 776M->776M(6144M) 350.934ms
[39.609s][info][gc,metaspace] GC(79) Metaspace: 43077K(49792K)->43077K(49792K) NonClass: 25200K(25792K)->25200K(25792K) Class: 17877K(24000K)->17877K(24000K)
[39.609s][info][gc          ] GC(79) Pause Full (System.gc()) 776M->776M(6144M) 349.902ms
[39.990s][info][gc,metaspace] GC(80) Metaspace: 43077K(49792K)->43077K(49792K) NonClass: 25200K(25792K)->25200K(25792K) Class: 17877K(24000K)->17877K(24000K)
[39.991s][info][gc          ] GC(80) Pause Full (System.gc()) 776M->776M(6144M) 381.147ms
[40.323s][info][gc,metaspace] GC(81) Metaspace: 43077K(49792K)->43077K(49792K) NonClass: 25200K(25792K)->25200K(25792K) Class: 17877K(24000K)->17877K(24000K)
[40.323s][info][gc          ] GC(81) Pause Full (System.gc()) 776M->776M(6144M) 332.359ms
[40.670s][info][gc,metaspace] GC(82) Metaspace: 43077K(49792K)->43077K(49792K) NonClass: 25200K(25792K)->25200K(25792K) Class: 17877K(24000K)->17877K(24000K)
[40.670s][info][gc          ] GC(82) Pause Full (System.gc()) 776M->776M(6144M) 347.134ms
[41.057s][info][gc,metaspace] GC(83) Metaspace: 43077K(49792K)->43077K(49792K) NonClass: 25200K(25792K)->25200K(25792K) Class: 17877K(24000K)->17877K(24000K)
[41.057s][info][gc          ] GC(83) Pause Full (System.gc()) 776M->776M(6144M) 386.379ms
[41.435s][info][gc,metaspace] GC(84) Metaspace: 43077K(49792K)->43077K(49792K) NonClass: 25200K(25792K)->25200K(25792K) Class: 17877K(24000K)->17877K(24000K)
[41.435s][info][gc          ] GC(84) Pause Full (System.gc()) 776M->776M(6144M) 378.566ms
[41.812s][info][gc,metaspace] GC(85) Metaspace: 43077K(49792K)->43077K(49792K) NonClass: 25200K(25792K)->25200K(25792K) Class: 17877K(24000K)->17877K(24000K)
[41.812s][info][gc          ] GC(85) Pause Full (System.gc()) 776M->776M(6144M) 376.293ms
[42.198s][info][gc,metaspace] GC(86) Metaspace: 43077K(49792K)->43077K(49792K) NonClass: 25200K(25792K)->25200K(25792K) Class: 17877K(24000K)->17877K(24000K)
[42.198s][info][gc          ] GC(86) Pause Full (System.gc()) 776M->776M(6144M) 386.301ms
[42.564s][info][gc,metaspace] GC(87) Metaspace: 43077K(49792K)->43077K(49792K) NonClass: 25200K(25792K)->25200K(25792K) Class: 17877K(24000K)->17877K(24000K)
[42.564s][info][gc          ] GC(87) Pause Full (System.gc()) 776M->776M(6144M) 365.992ms
[42.924s][info][gc,metaspace] GC(88) Metaspace: 43077K(49792K)->43077K(49792K) NonClass: 25200K(25792K)->25200K(25792K) Class: 17877K(24000K)->17877K(24000K)
[42.924s][info][gc          ] GC(88) Pause Full (System.gc()) 776M->776M(6144M) 360.106ms
[43.304s][info][gc,metaspace] GC(89) Metaspace: 43077K(49792K)->43077K(49792K) NonClass: 25200K(25792K)->25200K(25792K) Class: 17877K(24000K)->17877K(24000K)
[43.304s][info][gc          ] GC(89) Pause Full (System.gc()) 776M->776M(6144M) 379.542ms
[43.650s][info][gc,metaspace] GC(90) Metaspace: 43077K(49792K)->43077K(49792K) NonClass: 25200K(25792K)->25200K(25792K) Class: 17877K(24000K)->17877K(24000K)
[43.650s][info][gc          ] GC(90) Pause Full (System.gc()) 776M->776M(6144M) 345.732ms
[44.067s][info][gc,metaspace] GC(91) Metaspace: 43077K(49792K)->43077K(49792K) NonClass: 25200K(25792K)->25200K(25792K) Class: 17877K(24000K)->17877K(24000K)
[44.067s][info][gc          ] GC(91) Pause Full (System.gc()) 776M->776M(6144M) 417.050ms
[44.426s][info][gc,metaspace] GC(92) Metaspace: 43077K(49792K)->43077K(49792K) NonClass: 25200K(25792K)->25200K(25792K) Class: 17877K(24000K)->17877K(24000K)
[44.426s][info][gc          ] GC(92) Pause Full (System.gc()) 776M->776M(6144M) 359.425ms
[44.782s][info][gc,metaspace] GC(93) Metaspace: 43077K(49792K)->43077K(49792K) NonClass: 25200K(25792K)->25200K(25792K) Class: 17877K(24000K)->17877K(24000K)
[44.782s][info][gc          ] GC(93) Pause Full (System.gc()) 776M->776M(6144M) 356.040ms
[45.196s][info][gc,metaspace] GC(94) Metaspace: 43077K(49792K)->43077K(49792K) NonClass: 25200K(25792K)->25200K(25792K) Class: 17877K(24000K)->17877K(24000K)
[45.196s][info][gc          ] GC(94) Pause Full (System.gc()) 776M->776M(6144M) 414.126ms
[45.563s][info][gc,metaspace] GC(95) Metaspace: 43077K(49792K)->43077K(49792K) NonClass: 25200K(25792K)->25200K(25792K) Class: 17877K(24000K)->17877K(24000K)
[45.563s][info][gc          ] GC(95) Pause Full (System.gc()) 776M->776M(6144M) 366.300ms
[45.913s][info][gc,metaspace] GC(96) Metaspace: 43077K(49792K)->43077K(49792K) NonClass: 25200K(25792K)->25200K(25792K) Class: 17877K(24000K)->17877K(24000K)
[45.913s][info][gc          ] GC(96) Pause Full (System.gc()) 776M->776M(6144M) 349.872ms
[46.285s][info][gc,metaspace] GC(97) Metaspace: 43077K(49792K)->43077K(49792K) NonClass: 25200K(25792K)->25200K(25792K) Class: 17877K(24000K)->17877K(24000K)
[46.285s][info][gc          ] GC(97) Pause Full (System.gc()) 776M->776M(6144M) 371.756ms
[46.635s][info][gc,metaspace] GC(98) Metaspace: 43077K(49792K)->43077K(49792K) NonClass: 25200K(25792K)->25200K(25792K) Class: 17877K(24000K)->17877K(24000K)
[46.635s][info][gc          ] GC(98) Pause Full (System.gc()) 776M->776M(6144M) 350.729ms
[47.057s][info][gc,metaspace] GC(99) Metaspace: 43077K(49792K)->43077K(49792K) NonClass: 25200K(25792K)->25200K(25792K) Class: 17877K(24000K)->17877K(24000K)
[47.057s][info][gc          ] GC(99) Pause Full (System.gc()) 776M->776M(6144M) 416.931ms
[47.418s][info][gc,metaspace] GC(100) Metaspace: 43077K(49792K)->43077K(49792K) NonClass: 25200K(25792K)->25200K(25792K) Class: 17877K(24000K)->17877K(24000K)
[47.418s][info][gc          ] GC(100) Pause Full (System.gc()) 776M->776M(6144M) 361.151ms
[47.773s][info][gc,metaspace] GC(101) Metaspace: 43077K(49792K)->43077K(49792K) NonClass: 25200K(25792K)->25200K(25792K) Class: 17877K(24000K)->17877K(24000K)
[47.773s][info][gc          ] GC(101) Pause Full (System.gc()) 776M->776M(6144M) 354.851ms
[48.145s][info][gc,metaspace] GC(102) Metaspace: 43077K(49792K)->43077K(49792K) NonClass: 25200K(25792K)->25200K(25792K) Class: 17877K(24000K)->17877K(24000K)
[48.145s][info][gc          ] GC(102) Pause Full (System.gc()) 776M->776M(6144M) 372.511ms
After GCs... 
