Done; will start GCs... 
[11.167s][info][gc,metaspace] GC(3) Metaspace: 28050K(28544K)->28050K(28544K) NonClass: 28050K(28544K)->28050K(28544K) Class: 0K(0K)->0K(0K)
[11.167s][info][gc          ] GC(3) Pause Full (System.gc()) 796M->776M(6144M) 471.086ms
[11.542s][info][gc,metaspace] GC(4) Metaspace: 28050K(28544K)->28050K(28544K) NonClass: 28050K(28544K)->28050K(28544K) Class: 0K(0K)->0K(0K)
[11.542s][info][gc          ] GC(4) Pause Full (System.gc()) 776M->776M(6144M) 374.587ms
[11.952s][info][gc,metaspace] GC(5) Metaspace: 28050K(28544K)->28050K(28544K) NonClass: 28050K(28544K)->28050K(28544K) Class: 0K(0K)->0K(0K)
[11.952s][info][gc          ] GC(5) Pause Full (System.gc()) 776M->776M(6144M) 409.919ms
[12.298s][info][gc,metaspace] GC(6) Metaspace: 28050K(28544K)->28050K(28544K) NonClass: 28050K(28544K)->28050K(28544K) Class: 0K(0K)->0K(0K)
[12.298s][info][gc          ] GC(6) Pause Full (System.gc()) 776M->776M(6144M) 345.543ms
[12.647s][info][gc,metaspace] GC(7) Metaspace: 28050K(28544K)->28050K(28544K) NonClass: 28050K(28544K)->28050K(28544K) Class: 0K(0K)->0K(0K)
[12.647s][info][gc          ] GC(7) Pause Full (System.gc()) 776M->776M(6144M) 348.992ms
[13.025s][info][gc,metaspace] GC(8) Metaspace: 28050K(28544K)->28050K(28544K) NonClass: 28050K(28544K)->28050K(28544K) Class: 0K(0K)->0K(0K)
[13.025s][info][gc          ] GC(8) Pause Full (System.gc()) 776M->776M(6144M) 378.368ms
[13.366s][info][gc,metaspace] GC(9) Metaspace: 28050K(28544K)->28050K(28544K) NonClass: 28050K(28544K)->28050K(28544K) Class: 0K(0K)->0K(0K)
[13.366s][info][gc          ] GC(9) Pause Full (System.gc()) 776M->776M(6144M) 340.307ms
[13.727s][info][gc,metaspace] GC(10) Metaspace: 28050K(28544K)->28050K(28544K) NonClass: 28050K(28544K)->28050K(28544K) Class: 0K(0K)->0K(0K)
[13.727s][info][gc          ] GC(10) Pause Full (System.gc()) 776M->776M(6144M) 361.340ms
[14.103s][info][gc,metaspace] GC(11) Metaspace: 28050K(28544K)->28050K(28544K) NonClass: 28050K(28544K)->28050K(28544K) Class: 0K(0K)->0K(0K)
[14.103s][info][gc          ] GC(11) Pause Full (System.gc()) 776M->776M(6144M) 374.964ms
[14.431s][info][gc,metaspace] GC(12) Metaspace: 28050K(28544K)->28050K(28544K) NonClass: 28050K(28544K)->28050K(28544K) Class: 0K(0K)->0K(0K)
[14.431s][info][gc          ] GC(12) Pause Full (System.gc()) 776M->776M(6144M) 328.663ms
[14.775s][info][gc,metaspace] GC(13) Metaspace: 28050K(28544K)->28050K(28544K) NonClass: 28050K(28544K)->28050K(28544K) Class: 0K(0K)->0K(0K)
[14.775s][info][gc          ] GC(13) Pause Full (System.gc()) 776M->776M(6144M) 343.793ms
[15.180s][info][gc,metaspace] GC(14) Metaspace: 28050K(28544K)->28050K(28544K) NonClass: 28050K(28544K)->28050K(28544K) Class: 0K(0K)->0K(0K)
[15.180s][info][gc          ] GC(14) Pause Full (System.gc()) 776M->776M(6144M) 405.055ms
[15.572s][info][gc,metaspace] GC(15) Metaspace: 28050K(28544K)->28050K(28544K) NonClass: 28050K(28544K)->28050K(28544K) Class: 0K(0K)->0K(0K)
[15.572s][info][gc          ] GC(15) Pause Full (System.gc()) 776M->776M(6144M) 392.027ms
[15.961s][info][gc,metaspace] GC(16) Metaspace: 28050K(28544K)->28050K(28544K) NonClass: 28050K(28544K)->28050K(28544K) Class: 0K(0K)->0K(0K)
[15.961s][info][gc          ] GC(16) Pause Full (System.gc()) 776M->776M(6144M) 388.216ms
[16.342s][info][gc,metaspace] GC(17) Metaspace: 28050K(28544K)->28050K(28544K) NonClass: 28050K(28544K)->28050K(28544K) Class: 0K(0K)->0K(0K)
[16.342s][info][gc          ] GC(17) Pause Full (System.gc()) 776M->776M(6144M) 377.021ms
[16.705s][info][gc,metaspace] GC(18) Metaspace: 28050K(28544K)->28050K(28544K) NonClass: 28050K(28544K)->28050K(28544K) Class: 0K(0K)->0K(0K)
[16.705s][info][gc          ] GC(18) Pause Full (System.gc()) 776M->776M(6144M) 362.407ms
[17.086s][info][gc,metaspace] GC(19) Metaspace: 28050K(28544K)->28050K(28544K) NonClass: 28050K(28544K)->28050K(28544K) Class: 0K(0K)->0K(0K)
[17.086s][info][gc          ] GC(19) Pause Full (System.gc()) 776M->776M(6144M) 380.855ms
[17.448s][info][gc,metaspace] GC(20) Metaspace: 28050K(28544K)->28050K(28544K) NonClass: 28050K(28544K)->28050K(28544K) Class: 0K(0K)->0K(0K)
[17.448s][info][gc          ] GC(20) Pause Full (System.gc()) 776M->776M(6144M) 362.303ms
[17.827s][info][gc,metaspace] GC(21) Metaspace: 28050K(28544K)->28050K(28544K) NonClass: 28050K(28544K)->28050K(28544K) Class: 0K(0K)->0K(0K)
[17.827s][info][gc          ] GC(21) Pause Full (System.gc()) 776M->776M(6144M) 379.151ms
[18.199s][info][gc,metaspace] GC(22) Metaspace: 28050K(28544K)->28050K(28544K) NonClass: 28050K(28544K)->28050K(28544K) Class: 0K(0K)->0K(0K)
[18.199s][info][gc          ] GC(22) Pause Full (System.gc()) 776M->776M(6144M) 371.263ms
[18.561s][info][gc,metaspace] GC(23) Metaspace: 28050K(28544K)->28050K(28544K) NonClass: 28050K(28544K)->28050K(28544K) Class: 0K(0K)->0K(0K)
[18.561s][info][gc          ] GC(23) Pause Full (System.gc()) 776M->776M(6144M) 362.360ms
[18.921s][info][gc,metaspace] GC(24) Metaspace: 28050K(28544K)->28050K(28544K) NonClass: 28050K(28544K)->28050K(28544K) Class: 0K(0K)->0K(0K)
[18.921s][info][gc          ] GC(24) Pause Full (System.gc()) 776M->776M(6144M) 359.603ms
[19.286s][info][gc,metaspace] GC(25) Metaspace: 28050K(28544K)->28050K(28544K) NonClass: 28050K(28544K)->28050K(28544K) Class: 0K(0K)->0K(0K)
[19.286s][info][gc          ] GC(25) Pause Full (System.gc()) 776M->776M(6144M) 341.457ms
[19.670s][info][gc,metaspace] GC(26) Metaspace: 28050K(28544K)->28050K(28544K) NonClass: 28050K(28544K)->28050K(28544K) Class: 0K(0K)->0K(0K)
[19.670s][info][gc          ] GC(26) Pause Full (System.gc()) 776M->776M(6144M) 384.285ms
[20.071s][info][gc,metaspace] GC(27) Metaspace: 28050K(28544K)->28050K(28544K) NonClass: 28050K(28544K)->28050K(28544K) Class: 0K(0K)->0K(0K)
[20.071s][info][gc          ] GC(27) Pause Full (System.gc()) 776M->776M(6144M) 400.914ms
[20.421s][info][gc,metaspace] GC(28) Metaspace: 28050K(28544K)->28050K(28544K) NonClass: 28050K(28544K)->28050K(28544K) Class: 0K(0K)->0K(0K)
[20.421s][info][gc          ] GC(28) Pause Full (System.gc()) 776M->776M(6144M) 349.650ms
[20.769s][info][gc,metaspace] GC(29) Metaspace: 28050K(28544K)->28050K(28544K) NonClass: 28050K(28544K)->28050K(28544K) Class: 0K(0K)->0K(0K)
[20.770s][info][gc          ] GC(29) Pause Full (System.gc()) 776M->776M(6144M) 348.718ms
[21.145s][info][gc,metaspace] GC(30) Metaspace: 28050K(28544K)->28050K(28544K) NonClass: 28050K(28544K)->28050K(28544K) Class: 0K(0K)->0K(0K)
[21.145s][info][gc          ] GC(30) Pause Full (System.gc()) 776M->776M(6144M) 375.275ms
[21.538s][info][gc,metaspace] GC(31) Metaspace: 28050K(28544K)->28050K(28544K) NonClass: 28050K(28544K)->28050K(28544K) Class: 0K(0K)->0K(0K)
[21.538s][info][gc          ] GC(31) Pause Full (System.gc()) 776M->776M(6144M) 388.529ms
[21.911s][info][gc,metaspace] GC(32) Metaspace: 28050K(28544K)->28050K(28544K) NonClass: 28050K(28544K)->28050K(28544K) Class: 0K(0K)->0K(0K)
[21.911s][info][gc          ] GC(32) Pause Full (System.gc()) 776M->776M(6144M) 373.284ms
[22.276s][info][gc,metaspace] GC(33) Metaspace: 28050K(28544K)->28050K(28544K) NonClass: 28050K(28544K)->28050K(28544K) Class: 0K(0K)->0K(0K)
[22.277s][info][gc          ] GC(33) Pause Full (System.gc()) 776M->776M(6144M) 365.362ms
[22.620s][info][gc,metaspace] GC(34) Metaspace: 28050K(28544K)->28050K(28544K) NonClass: 28050K(28544K)->28050K(28544K) Class: 0K(0K)->0K(0K)
[22.620s][info][gc          ] GC(34) Pause Full (System.gc()) 776M->776M(6144M) 343.302ms
[23.027s][info][gc,metaspace] GC(35) Metaspace: 28050K(28544K)->28050K(28544K) NonClass: 28050K(28544K)->28050K(28544K) Class: 0K(0K)->0K(0K)
[23.027s][info][gc          ] GC(35) Pause Full (System.gc()) 776M->776M(6144M) 407.286ms
[23.386s][info][gc,metaspace] GC(36) Metaspace: 28050K(28544K)->28050K(28544K) NonClass: 28050K(28544K)->28050K(28544K) Class: 0K(0K)->0K(0K)
[23.386s][info][gc          ] GC(36) Pause Full (System.gc()) 776M->776M(6144M) 358.875ms
[23.744s][info][gc,metaspace] GC(37) Metaspace: 28050K(28544K)->28050K(28544K) NonClass: 28050K(28544K)->28050K(28544K) Class: 0K(0K)->0K(0K)
[23.744s][info][gc          ] GC(37) Pause Full (System.gc()) 776M->776M(6144M) 358.165ms
[24.103s][info][gc,metaspace] GC(38) Metaspace: 28050K(28544K)->28050K(28544K) NonClass: 28050K(28544K)->28050K(28544K) Class: 0K(0K)->0K(0K)
[24.103s][info][gc          ] GC(38) Pause Full (System.gc()) 776M->776M(6144M) 358.567ms
[24.469s][info][gc,metaspace] GC(39) Metaspace: 28050K(28544K)->28050K(28544K) NonClass: 28050K(28544K)->28050K(28544K) Class: 0K(0K)->0K(0K)
[24.469s][info][gc          ] GC(39) Pause Full (System.gc()) 776M->776M(6144M) 365.932ms
[24.812s][info][gc,metaspace] GC(40) Metaspace: 28050K(28544K)->28050K(28544K) NonClass: 28050K(28544K)->28050K(28544K) Class: 0K(0K)->0K(0K)
[24.812s][info][gc          ] GC(40) Pause Full (System.gc()) 776M->776M(6144M) 342.653ms
[25.176s][info][gc,metaspace] GC(41) Metaspace: 28050K(28544K)->28050K(28544K) NonClass: 28050K(28544K)->28050K(28544K) Class: 0K(0K)->0K(0K)
[25.176s][info][gc          ] GC(41) Pause Full (System.gc()) 776M->776M(6144M) 363.944ms
[25.526s][info][gc,metaspace] GC(42) Metaspace: 28050K(28544K)->28050K(28544K) NonClass: 28050K(28544K)->28050K(28544K) Class: 0K(0K)->0K(0K)
[25.526s][info][gc          ] GC(42) Pause Full (System.gc()) 776M->776M(6144M) 349.885ms
[25.914s][info][gc,metaspace] GC(43) Metaspace: 28050K(28544K)->28050K(28544K) NonClass: 28050K(28544K)->28050K(28544K) Class: 0K(0K)->0K(0K)
[25.914s][info][gc          ] GC(43) Pause Full (System.gc()) 776M->776M(6144M) 388.416ms
[26.310s][info][gc,metaspace] GC(44) Metaspace: 28050K(28544K)->28050K(28544K) NonClass: 28050K(28544K)->28050K(28544K) Class: 0K(0K)->0K(0K)
[26.310s][info][gc          ] GC(44) Pause Full (System.gc()) 776M->776M(6144M) 395.769ms
[26.702s][info][gc,metaspace] GC(45) Metaspace: 28050K(28544K)->28050K(28544K) NonClass: 28050K(28544K)->28050K(28544K) Class: 0K(0K)->0K(0K)
[26.702s][info][gc          ] GC(45) Pause Full (System.gc()) 776M->776M(6144M) 387.286ms
[27.069s][info][gc,metaspace] GC(46) Metaspace: 28050K(28544K)->28050K(28544K) NonClass: 28050K(28544K)->28050K(28544K) Class: 0K(0K)->0K(0K)
[27.069s][info][gc          ] GC(46) Pause Full (System.gc()) 776M->776M(6144M) 367.223ms
[27.415s][info][gc,metaspace] GC(47) Metaspace: 28050K(28544K)->28050K(28544K) NonClass: 28050K(28544K)->28050K(28544K) Class: 0K(0K)->0K(0K)
[27.415s][info][gc          ] GC(47) Pause Full (System.gc()) 776M->776M(6144M) 346.155ms
[27.759s][info][gc,metaspace] GC(48) Metaspace: 28050K(28544K)->28050K(28544K) NonClass: 28050K(28544K)->28050K(28544K) Class: 0K(0K)->0K(0K)
[27.759s][info][gc          ] GC(48) Pause Full (System.gc()) 776M->776M(6144M) 343.812ms
[28.147s][info][gc,metaspace] GC(49) Metaspace: 28050K(28544K)->28050K(28544K) NonClass: 28050K(28544K)->28050K(28544K) Class: 0K(0K)->0K(0K)
[28.147s][info][gc          ] GC(49) Pause Full (System.gc()) 776M->776M(6144M) 387.493ms
[28.494s][info][gc,metaspace] GC(50) Metaspace: 28050K(28544K)->28050K(28544K) NonClass: 28050K(28544K)->28050K(28544K) Class: 0K(0K)->0K(0K)
[28.494s][info][gc          ] GC(50) Pause Full (System.gc()) 776M->776M(6144M) 347.100ms
[28.865s][info][gc,metaspace] GC(51) Metaspace: 28050K(28544K)->28050K(28544K) NonClass: 28050K(28544K)->28050K(28544K) Class: 0K(0K)->0K(0K)
[28.865s][info][gc          ] GC(51) Pause Full (System.gc()) 776M->776M(6144M) 371.046ms
[29.226s][info][gc,metaspace] GC(52) Metaspace: 28050K(28544K)->28050K(28544K) NonClass: 28050K(28544K)->28050K(28544K) Class: 0K(0K)->0K(0K)
[29.226s][info][gc          ] GC(52) Pause Full (System.gc()) 776M->776M(6144M) 360.752ms
[29.561s][info][gc,metaspace] GC(53) Metaspace: 28050K(28544K)->28050K(28544K) NonClass: 28050K(28544K)->28050K(28544K) Class: 0K(0K)->0K(0K)
[29.561s][info][gc          ] GC(53) Pause Full (System.gc()) 776M->776M(6144M) 335.486ms
[29.954s][info][gc,metaspace] GC(54) Metaspace: 28050K(28544K)->28050K(28544K) NonClass: 28050K(28544K)->28050K(28544K) Class: 0K(0K)->0K(0K)
[29.954s][info][gc          ] GC(54) Pause Full (System.gc()) 776M->776M(6144M) 392.866ms
[30.296s][info][gc,metaspace] GC(55) Metaspace: 28050K(28544K)->28050K(28544K) NonClass: 28050K(28544K)->28050K(28544K) Class: 0K(0K)->0K(0K)
[30.296s][info][gc          ] GC(55) Pause Full (System.gc()) 776M->776M(6144M) 341.432ms
[30.633s][info][gc,metaspace] GC(56) Metaspace: 28050K(28544K)->28050K(28544K) NonClass: 28050K(28544K)->28050K(28544K) Class: 0K(0K)->0K(0K)
[30.633s][info][gc          ] GC(56) Pause Full (System.gc()) 776M->776M(6144M) 336.996ms
[31.042s][info][gc,metaspace] GC(57) Metaspace: 28050K(28544K)->28050K(28544K) NonClass: 28050K(28544K)->28050K(28544K) Class: 0K(0K)->0K(0K)
[31.042s][info][gc          ] GC(57) Pause Full (System.gc()) 776M->776M(6144M) 409.142ms
[31.403s][info][gc,metaspace] GC(58) Metaspace: 28050K(28544K)->28050K(28544K) NonClass: 28050K(28544K)->28050K(28544K) Class: 0K(0K)->0K(0K)
[31.403s][info][gc          ] GC(58) Pause Full (System.gc()) 776M->776M(6144M) 360.560ms
[31.787s][info][gc,metaspace] GC(59) Metaspace: 28050K(28544K)->28050K(28544K) NonClass: 28050K(28544K)->28050K(28544K) Class: 0K(0K)->0K(0K)
[31.787s][info][gc          ] GC(59) Pause Full (System.gc()) 776M->776M(6144M) 379.667ms
[32.160s][info][gc,metaspace] GC(60) Metaspace: 28050K(28544K)->28050K(28544K) NonClass: 28050K(28544K)->28050K(28544K) Class: 0K(0K)->0K(0K)
[32.160s][info][gc          ] GC(60) Pause Full (System.gc()) 776M->776M(6144M) 372.943ms
[32.539s][info][gc,metaspace] GC(61) Metaspace: 28050K(28544K)->28050K(28544K) NonClass: 28050K(28544K)->28050K(28544K) Class: 0K(0K)->0K(0K)
[32.539s][info][gc          ] GC(61) Pause Full (System.gc()) 776M->776M(6144M) 379.252ms
[32.884s][info][gc,metaspace] GC(62) Metaspace: 28050K(28544K)->28050K(28544K) NonClass: 28050K(28544K)->28050K(28544K) Class: 0K(0K)->0K(0K)
[32.884s][info][gc          ] GC(62) Pause Full (System.gc()) 776M->776M(6144M) 344.547ms
[33.232s][info][gc,metaspace] GC(63) Metaspace: 28050K(28544K)->28050K(28544K) NonClass: 28050K(28544K)->28050K(28544K) Class: 0K(0K)->0K(0K)
[33.232s][info][gc          ] GC(63) Pause Full (System.gc()) 776M->776M(6144M) 348.660ms
[33.583s][info][gc,metaspace] GC(64) Metaspace: 28050K(28544K)->28050K(28544K) NonClass: 28050K(28544K)->28050K(28544K) Class: 0K(0K)->0K(0K)
[33.583s][info][gc          ] GC(64) Pause Full (System.gc()) 776M->776M(6144M) 350.292ms
[33.959s][info][gc,metaspace] GC(65) Metaspace: 28050K(28544K)->28050K(28544K) NonClass: 28050K(28544K)->28050K(28544K) Class: 0K(0K)->0K(0K)
[33.959s][info][gc          ] GC(65) Pause Full (System.gc()) 776M->776M(6144M) 376.669ms
[34.316s][info][gc,metaspace] GC(66) Metaspace: 28050K(28544K)->28050K(28544K) NonClass: 28050K(28544K)->28050K(28544K) Class: 0K(0K)->0K(0K)
[34.316s][info][gc          ] GC(66) Pause Full (System.gc()) 776M->776M(6144M) 356.674ms
[34.656s][info][gc,metaspace] GC(67) Metaspace: 28050K(28544K)->28050K(28544K) NonClass: 28050K(28544K)->28050K(28544K) Class: 0K(0K)->0K(0K)
[34.656s][info][gc          ] GC(67) Pause Full (System.gc()) 776M->776M(6144M) 340.070ms
[35.032s][info][gc,metaspace] GC(68) Metaspace: 28050K(28544K)->28050K(28544K) NonClass: 28050K(28544K)->28050K(28544K) Class: 0K(0K)->0K(0K)
[35.032s][info][gc          ] GC(68) Pause Full (System.gc()) 776M->776M(6144M) 375.382ms
[35.380s][info][gc,metaspace] GC(69) Metaspace: 28050K(28544K)->28050K(28544K) NonClass: 28050K(28544K)->28050K(28544K) Class: 0K(0K)->0K(0K)
[35.380s][info][gc          ] GC(69) Pause Full (System.gc()) 776M->776M(6144M) 348.265ms
[35.722s][info][gc,metaspace] GC(70) Metaspace: 28050K(28544K)->28050K(28544K) NonClass: 28050K(28544K)->28050K(28544K) Class: 0K(0K)->0K(0K)
[35.722s][info][gc          ] GC(70) Pause Full (System.gc()) 776M->776M(6144M) 342.155ms
[36.110s][info][gc,metaspace] GC(71) Metaspace: 28050K(28544K)->28050K(28544K) NonClass: 28050K(28544K)->28050K(28544K) Class: 0K(0K)->0K(0K)
[36.110s][info][gc          ] GC(71) Pause Full (System.gc()) 776M->776M(6144M) 387.984ms
[36.467s][info][gc,metaspace] GC(72) Metaspace: 28050K(28544K)->28050K(28544K) NonClass: 28050K(28544K)->28050K(28544K) Class: 0K(0K)->0K(0K)
[36.467s][info][gc          ] GC(72) Pause Full (System.gc()) 776M->776M(6144M) 356.399ms
[36.851s][info][gc,metaspace] GC(73) Metaspace: 28050K(28544K)->28050K(28544K) NonClass: 28050K(28544K)->28050K(28544K) Class: 0K(0K)->0K(0K)
[36.851s][info][gc          ] GC(73) Pause Full (System.gc()) 776M->776M(6144M) 383.919ms
[37.200s][info][gc,metaspace] GC(74) Metaspace: 28050K(28544K)->28050K(28544K) NonClass: 28050K(28544K)->28050K(28544K) Class: 0K(0K)->0K(0K)
[37.200s][info][gc          ] GC(74) Pause Full (System.gc()) 776M->776M(6144M) 349.198ms
[37.559s][info][gc,metaspace] GC(75) Metaspace: 28050K(28544K)->28050K(28544K) NonClass: 28050K(28544K)->28050K(28544K) Class: 0K(0K)->0K(0K)
[37.559s][info][gc          ] GC(75) Pause Full (System.gc()) 776M->776M(6144M) 359.155ms
[37.954s][info][gc,metaspace] GC(76) Metaspace: 28050K(28544K)->28050K(28544K) NonClass: 28050K(28544K)->28050K(28544K) Class: 0K(0K)->0K(0K)
[37.954s][info][gc          ] GC(76) Pause Full (System.gc()) 776M->776M(6144M) 394.500ms
[38.325s][info][gc,metaspace] GC(77) Metaspace: 28050K(28544K)->28050K(28544K) NonClass: 28050K(28544K)->28050K(28544K) Class: 0K(0K)->0K(0K)
[38.325s][info][gc          ] GC(77) Pause Full (System.gc()) 776M->776M(6144M) 371.075ms
[38.697s][info][gc,metaspace] GC(78) Metaspace: 28050K(28544K)->28050K(28544K) NonClass: 28050K(28544K)->28050K(28544K) Class: 0K(0K)->0K(0K)
[38.698s][info][gc          ] GC(78) Pause Full (System.gc()) 776M->776M(6144M) 372.456ms
[39.053s][info][gc,metaspace] GC(79) Metaspace: 28050K(28544K)->28050K(28544K) NonClass: 28050K(28544K)->28050K(28544K) Class: 0K(0K)->0K(0K)
[39.053s][info][gc          ] GC(79) Pause Full (System.gc()) 776M->776M(6144M) 354.979ms
[39.390s][info][gc,metaspace] GC(80) Metaspace: 28050K(28544K)->28050K(28544K) NonClass: 28050K(28544K)->28050K(28544K) Class: 0K(0K)->0K(0K)
[39.390s][info][gc          ] GC(80) Pause Full (System.gc()) 776M->776M(6144M) 337.061ms
[39.754s][info][gc,metaspace] GC(81) Metaspace: 28050K(28544K)->28050K(28544K) NonClass: 28050K(28544K)->28050K(28544K) Class: 0K(0K)->0K(0K)
[39.754s][info][gc          ] GC(81) Pause Full (System.gc()) 776M->776M(6144M) 364.412ms
[40.151s][info][gc,metaspace] GC(82) Metaspace: 28050K(28544K)->28050K(28544K) NonClass: 28050K(28544K)->28050K(28544K) Class: 0K(0K)->0K(0K)
[40.151s][info][gc          ] GC(82) Pause Full (System.gc()) 776M->776M(6144M) 397.197ms
[40.533s][info][gc,metaspace] GC(83) Metaspace: 28050K(28544K)->28050K(28544K) NonClass: 28050K(28544K)->28050K(28544K) Class: 0K(0K)->0K(0K)
[40.533s][info][gc          ] GC(83) Pause Full (System.gc()) 776M->776M(6144M) 381.189ms
[40.898s][info][gc,metaspace] GC(84) Metaspace: 28050K(28544K)->28050K(28544K) NonClass: 28050K(28544K)->28050K(28544K) Class: 0K(0K)->0K(0K)
[40.898s][info][gc          ] GC(84) Pause Full (System.gc()) 776M->776M(6144M) 365.499ms
[41.252s][info][gc,metaspace] GC(85) Metaspace: 28050K(28544K)->28050K(28544K) NonClass: 28050K(28544K)->28050K(28544K) Class: 0K(0K)->0K(0K)
[41.252s][info][gc          ] GC(85) Pause Full (System.gc()) 776M->776M(6144M) 354.049ms
[41.603s][info][gc,metaspace] GC(86) Metaspace: 28050K(28544K)->28050K(28544K) NonClass: 28050K(28544K)->28050K(28544K) Class: 0K(0K)->0K(0K)
[41.603s][info][gc          ] GC(86) Pause Full (System.gc()) 776M->776M(6144M) 350.844ms
[42.040s][info][gc,metaspace] GC(87) Metaspace: 28050K(28544K)->28050K(28544K) NonClass: 28050K(28544K)->28050K(28544K) Class: 0K(0K)->0K(0K)
[42.040s][info][gc          ] GC(87) Pause Full (System.gc()) 776M->776M(6144M) 432.506ms
[42.410s][info][gc,metaspace] GC(88) Metaspace: 28050K(28544K)->28050K(28544K) NonClass: 28050K(28544K)->28050K(28544K) Class: 0K(0K)->0K(0K)
[42.410s][info][gc          ] GC(88) Pause Full (System.gc()) 776M->776M(6144M) 370.073ms
[42.772s][info][gc,metaspace] GC(89) Metaspace: 28050K(28544K)->28050K(28544K) NonClass: 28050K(28544K)->28050K(28544K) Class: 0K(0K)->0K(0K)
[42.772s][info][gc          ] GC(89) Pause Full (System.gc()) 776M->776M(6144M) 361.916ms
[43.146s][info][gc,metaspace] GC(90) Metaspace: 28050K(28544K)->28050K(28544K) NonClass: 28050K(28544K)->28050K(28544K) Class: 0K(0K)->0K(0K)
[43.146s][info][gc          ] GC(90) Pause Full (System.gc()) 776M->776M(6144M) 373.470ms
[43.505s][info][gc,metaspace] GC(91) Metaspace: 28050K(28544K)->28050K(28544K) NonClass: 28050K(28544K)->28050K(28544K) Class: 0K(0K)->0K(0K)
[43.505s][info][gc          ] GC(91) Pause Full (System.gc()) 776M->776M(6144M) 359.276ms
[43.878s][info][gc,metaspace] GC(92) Metaspace: 28050K(28544K)->28050K(28544K) NonClass: 28050K(28544K)->28050K(28544K) Class: 0K(0K)->0K(0K)
[43.878s][info][gc          ] GC(92) Pause Full (System.gc()) 776M->776M(6144M) 372.422ms
[44.273s][info][gc,metaspace] GC(93) Metaspace: 28050K(28544K)->28050K(28544K) NonClass: 28050K(28544K)->28050K(28544K) Class: 0K(0K)->0K(0K)
[44.273s][info][gc          ] GC(93) Pause Full (System.gc()) 776M->776M(6144M) 395.703ms
[44.665s][info][gc,metaspace] GC(94) Metaspace: 28050K(28544K)->28050K(28544K) NonClass: 28050K(28544K)->28050K(28544K) Class: 0K(0K)->0K(0K)
[44.665s][info][gc          ] GC(94) Pause Full (System.gc()) 776M->776M(6144M) 391.963ms
[45.053s][info][gc,metaspace] GC(95) Metaspace: 28050K(28544K)->28050K(28544K) NonClass: 28050K(28544K)->28050K(28544K) Class: 0K(0K)->0K(0K)
[45.053s][info][gc          ] GC(95) Pause Full (System.gc()) 776M->776M(6144M) 387.435ms
[45.435s][info][gc,metaspace] GC(96) Metaspace: 28050K(28544K)->28050K(28544K) NonClass: 28050K(28544K)->28050K(28544K) Class: 0K(0K)->0K(0K)
[45.435s][info][gc          ] GC(96) Pause Full (System.gc()) 776M->776M(6144M) 381.780ms
[45.829s][info][gc,metaspace] GC(97) Metaspace: 28050K(28544K)->28050K(28544K) NonClass: 28050K(28544K)->28050K(28544K) Class: 0K(0K)->0K(0K)
[45.830s][info][gc          ] GC(97) Pause Full (System.gc()) 776M->776M(6144M) 394.617ms
[46.192s][info][gc,metaspace] GC(98) Metaspace: 28050K(28544K)->28050K(28544K) NonClass: 28050K(28544K)->28050K(28544K) Class: 0K(0K)->0K(0K)
[46.192s][info][gc          ] GC(98) Pause Full (System.gc()) 776M->776M(6144M) 362.438ms
[46.529s][info][gc,metaspace] GC(99) Metaspace: 28050K(28544K)->28050K(28544K) NonClass: 28050K(28544K)->28050K(28544K) Class: 0K(0K)->0K(0K)
[46.529s][info][gc          ] GC(99) Pause Full (System.gc()) 776M->776M(6144M) 336.946ms
[46.874s][info][gc,metaspace] GC(100) Metaspace: 28050K(28544K)->28050K(28544K) NonClass: 28050K(28544K)->28050K(28544K) Class: 0K(0K)->0K(0K)
[46.874s][info][gc          ] GC(100) Pause Full (System.gc()) 776M->776M(6144M) 345.227ms
[47.288s][info][gc,metaspace] GC(101) Metaspace: 28050K(28544K)->28050K(28544K) NonClass: 28050K(28544K)->28050K(28544K) Class: 0K(0K)->0K(0K)
[47.288s][info][gc          ] GC(101) Pause Full (System.gc()) 776M->776M(6144M) 409.584ms
[47.659s][info][gc,metaspace] GC(102) Metaspace: 28050K(28544K)->28050K(28544K) NonClass: 28050K(28544K)->28050K(28544K) Class: 0K(0K)->0K(0K)
[47.659s][info][gc          ] GC(102) Pause Full (System.gc()) 776M->776M(6144M) 370.779ms
After GCs... 
