Done; will start GCs... 
[124.879s][info][gc,metaspace] GC(10) Metaspace: 43050K(46656K)->43050K(46656K) NonClass: 36446K(38016K)->36446K(38016K) Class: 6603K(8640K)->6603K(8640K)
[124.879s][info][gc          ] GC(10) Pause Full (System.gc()) 226M->173M(4096M) 1459.337ms
[126.248s][info][gc,metaspace] GC(11) Metaspace: 43050K(46656K)->43050K(46656K) NonClass: 36446K(38016K)->36446K(38016K) Class: 6603K(8640K)->6603K(8640K)
[126.248s][info][gc          ] GC(11) Pause Full (System.gc()) 173M->173M(4096M) 1368.485ms
[127.630s][info][gc,metaspace] GC(12) Metaspace: 43050K(46656K)->43050K(46656K) NonClass: 36446K(38016K)->36446K(38016K) Class: 6603K(8640K)->6603K(8640K)
[127.630s][info][gc          ] GC(12) Pause Full (System.gc()) 173M->173M(4096M) 1380.689ms
[128.993s][info][gc,metaspace] GC(13) Metaspace: 43050K(46656K)->43050K(46656K) NonClass: 36447K(38016K)->36447K(38016K) Class: 6603K(8640K)->6603K(8640K)
[128.993s][info][gc          ] GC(13) Pause Full (System.gc()) 173M->173M(4096M) 1359.884ms
[130.374s][info][gc,metaspace] GC(14) Metaspace: 43050K(46656K)->43050K(46656K) NonClass: 36447K(38016K)->36447K(38016K) Class: 6603K(8640K)->6603K(8640K)
[130.374s][info][gc          ] GC(14) Pause Full (System.gc()) 173M->173M(4096M) 1380.678ms
[131.741s][info][gc,metaspace] GC(15) Metaspace: 43050K(46656K)->43050K(46656K) NonClass: 36447K(38016K)->36447K(38016K) Class: 6603K(8640K)->6603K(8640K)
[131.741s][info][gc          ] GC(15) Pause Full (System.gc()) 173M->173M(4096M) 1364.668ms
[133.124s][info][gc,metaspace] GC(16) Metaspace: 43050K(46656K)->43050K(46656K) NonClass: 36447K(38016K)->36447K(38016K) Class: 6603K(8640K)->6603K(8640K)
[133.125s][info][gc          ] GC(16) Pause Full (System.gc()) 173M->173M(4096M) 1378.983ms
[135.649s][info][gc,metaspace] GC(17) Metaspace: 43050K(46656K)->43050K(46656K) NonClass: 36447K(38016K)->36447K(38016K) Class: 6603K(8640K)->6603K(8640K)
[135.649s][info][gc          ] GC(17) Pause Full (System.gc()) 173M->173M(4096M) 2523.051ms
[137.040s][info][gc,metaspace] GC(18) Metaspace: 43050K(46656K)->43050K(46656K) NonClass: 36447K(38016K)->36447K(38016K) Class: 6603K(8640K)->6603K(8640K)
[137.040s][info][gc          ] GC(18) Pause Full (System.gc()) 174M->173M(4096M) 1386.226ms
[138.405s][info][gc,metaspace] GC(19) Metaspace: 43050K(46656K)->43050K(46656K) NonClass: 36447K(38016K)->36447K(38016K) Class: 6603K(8640K)->6603K(8640K)
[138.406s][info][gc          ] GC(19) Pause Full (System.gc()) 173M->173M(4096M) 1365.251ms
[140.958s][info][gc,metaspace] GC(20) Metaspace: 43050K(46656K)->43050K(46656K) NonClass: 36447K(38016K)->36447K(38016K) Class: 6603K(8640K)->6603K(8640K)
[140.958s][info][gc          ] GC(20) Pause Full (System.gc()) 173M->173M(4096M) 2552.002ms
[142.342s][info][gc,metaspace] GC(21) Metaspace: 43050K(46656K)->43050K(46656K) NonClass: 36447K(38016K)->36447K(38016K) Class: 6603K(8640K)->6603K(8640K)
[142.342s][info][gc          ] GC(21) Pause Full (System.gc()) 173M->173M(4096M) 1383.211ms
[143.706s][info][gc,metaspace] GC(22) Metaspace: 43050K(46656K)->43050K(46656K) NonClass: 36447K(38016K)->36447K(38016K) Class: 6603K(8640K)->6603K(8640K)
[143.706s][info][gc          ] GC(22) Pause Full (System.gc()) 173M->173M(4096M) 1360.438ms
[145.083s][info][gc,metaspace] GC(23) Metaspace: 43050K(46656K)->43050K(46656K) NonClass: 36447K(38016K)->36447K(38016K) Class: 6603K(8640K)->6603K(8640K)
[145.083s][info][gc          ] GC(23) Pause Full (System.gc()) 173M->173M(4096M) 1376.643ms
[146.449s][info][gc,metaspace] GC(24) Metaspace: 43050K(46656K)->43050K(46656K) NonClass: 36447K(38016K)->36447K(38016K) Class: 6603K(8640K)->6603K(8640K)
[146.449s][info][gc          ] GC(24) Pause Full (System.gc()) 173M->173M(4096M) 1363.842ms
[147.831s][info][gc,metaspace] GC(25) Metaspace: 43050K(46656K)->43050K(46656K) NonClass: 36447K(38016K)->36447K(38016K) Class: 6603K(8640K)->6603K(8640K)
[147.832s][info][gc          ] GC(25) Pause Full (System.gc()) 173M->173M(4096M) 1381.875ms
[149.193s][info][gc,metaspace] GC(26) Metaspace: 43050K(46656K)->43050K(46656K) NonClass: 36447K(38016K)->36447K(38016K) Class: 6603K(8640K)->6603K(8640K)
[149.193s][info][gc          ] GC(26) Pause Full (System.gc()) 173M->173M(4096M) 1359.854ms
[151.759s][info][gc,metaspace] GC(27) Metaspace: 43050K(46656K)->43050K(46656K) NonClass: 36447K(38016K)->36447K(38016K) Class: 6603K(8640K)->6603K(8640K)
[151.759s][info][gc          ] GC(27) Pause Full (System.gc()) 173M->173M(4096M) 2565.475ms
[153.119s][info][gc,metaspace] GC(28) Metaspace: 43050K(46656K)->43050K(46656K) NonClass: 36447K(38016K)->36447K(38016K) Class: 6603K(8640K)->6603K(8640K)
[153.119s][info][gc          ] GC(28) Pause Full (System.gc()) 173M->173M(4096M) 1357.734ms
[154.492s][info][gc,metaspace] GC(29) Metaspace: 43050K(46656K)->43050K(46656K) NonClass: 36447K(38016K)->36447K(38016K) Class: 6603K(8640K)->6603K(8640K)
[154.492s][info][gc          ] GC(29) Pause Full (System.gc()) 173M->173M(4096M) 1372.726ms
[155.851s][info][gc,metaspace] GC(30) Metaspace: 43050K(46656K)->43050K(46656K) NonClass: 36447K(38016K)->36447K(38016K) Class: 6603K(8640K)->6603K(8640K)
[155.851s][info][gc          ] GC(30) Pause Full (System.gc()) 173M->173M(4096M) 1357.823ms
[157.228s][info][gc,metaspace] GC(31) Metaspace: 43050K(46656K)->43050K(46656K) NonClass: 36447K(38016K)->36447K(38016K) Class: 6603K(8640K)->6603K(8640K)
[157.228s][info][gc          ] GC(31) Pause Full (System.gc()) 173M->173M(4096M) 1376.270ms
[158.595s][info][gc,metaspace] GC(32) Metaspace: 43050K(46656K)->43050K(46656K) NonClass: 36447K(38016K)->36447K(38016K) Class: 6603K(8640K)->6603K(8640K)
[158.595s][info][gc          ] GC(32) Pause Full (System.gc()) 173M->173M(4096M) 1366.683ms
[159.957s][info][gc,metaspace] GC(33) Metaspace: 43050K(46656K)->43050K(46656K) NonClass: 36447K(38016K)->36447K(38016K) Class: 6603K(8640K)->6603K(8640K)
[159.957s][info][gc          ] GC(33) Pause Full (System.gc()) 173M->173M(4096M) 1361.364ms
[161.322s][info][gc,metaspace] GC(34) Metaspace: 43050K(46656K)->43050K(46656K) NonClass: 36447K(38016K)->36447K(38016K) Class: 6603K(8640K)->6603K(8640K)
[161.322s][info][gc          ] GC(34) Pause Full (System.gc()) 173M->173M(4096M) 1364.623ms
[162.672s][info][gc,metaspace] GC(35) Metaspace: 43050K(46656K)->43050K(46656K) NonClass: 36447K(38016K)->36447K(38016K) Class: 6603K(8640K)->6603K(8640K)
[162.672s][info][gc          ] GC(35) Pause Full (System.gc()) 173M->173M(4096M) 1346.548ms
[164.045s][info][gc,metaspace] GC(36) Metaspace: 43050K(46656K)->43050K(46656K) NonClass: 36447K(38016K)->36447K(38016K) Class: 6603K(8640K)->6603K(8640K)
[164.045s][info][gc          ] GC(36) Pause Full (System.gc()) 173M->173M(4096M) 1372.516ms
[165.405s][info][gc,metaspace] GC(37) Metaspace: 43050K(46656K)->43050K(46656K) NonClass: 36447K(38016K)->36447K(38016K) Class: 6603K(8640K)->6603K(8640K)
[165.405s][info][gc          ] GC(37) Pause Full (System.gc()) 173M->173M(4096M) 1359.356ms
[167.999s][info][gc,metaspace] GC(38) Metaspace: 43050K(46656K)->43050K(46656K) NonClass: 36447K(38016K)->36447K(38016K) Class: 6603K(8640K)->6603K(8640K)
[167.999s][info][gc          ] GC(38) Pause Full (System.gc()) 173M->173M(4096M) 2594.093ms
[169.381s][info][gc,metaspace] GC(39) Metaspace: 43050K(46656K)->43050K(46656K) NonClass: 36447K(38016K)->36447K(38016K) Class: 6603K(8640K)->6603K(8640K)
[169.382s][info][gc          ] GC(39) Pause Full (System.gc()) 173M->173M(4096M) 1381.865ms
[170.755s][info][gc,metaspace] GC(40) Metaspace: 43050K(46656K)->43050K(46656K) NonClass: 36447K(38016K)->36447K(38016K) Class: 6603K(8640K)->6603K(8640K)
[170.756s][info][gc          ] GC(40) Pause Full (System.gc()) 173M->173M(4096M) 1373.739ms
[172.149s][info][gc,metaspace] GC(41) Metaspace: 43050K(46656K)->43050K(46656K) NonClass: 36447K(38016K)->36447K(38016K) Class: 6603K(8640K)->6603K(8640K)
[172.149s][info][gc          ] GC(41) Pause Full (System.gc()) 173M->173M(4096M) 1392.592ms
[173.524s][info][gc,metaspace] GC(42) Metaspace: 43050K(46656K)->43050K(46656K) NonClass: 36447K(38016K)->36447K(38016K) Class: 6603K(8640K)->6603K(8640K)
[173.524s][info][gc          ] GC(42) Pause Full (System.gc()) 173M->173M(4096M) 1374.735ms
[174.902s][info][gc,metaspace] GC(43) Metaspace: 43050K(46656K)->43050K(46656K) NonClass: 36447K(38016K)->36447K(38016K) Class: 6603K(8640K)->6603K(8640K)
[174.902s][info][gc          ] GC(43) Pause Full (System.gc()) 173M->173M(4096M) 1376.845ms
[176.270s][info][gc,metaspace] GC(44) Metaspace: 43050K(46656K)->43050K(46656K) NonClass: 36447K(38016K)->36447K(38016K) Class: 6603K(8640K)->6603K(8640K)
[176.271s][info][gc          ] GC(44) Pause Full (System.gc()) 173M->173M(4096M) 1368.638ms
[177.629s][info][gc,metaspace] GC(45) Metaspace: 43050K(46656K)->43050K(46656K) NonClass: 36447K(38016K)->36447K(38016K) Class: 6603K(8640K)->6603K(8640K)
[177.630s][info][gc          ] GC(45) Pause Full (System.gc()) 173M->173M(4096M) 1358.374ms
[179.014s][info][gc,metaspace] GC(46) Metaspace: 43050K(46656K)->43050K(46656K) NonClass: 36447K(38016K)->36447K(38016K) Class: 6603K(8640K)->6603K(8640K)
[179.014s][info][gc          ] GC(46) Pause Full (System.gc()) 173M->173M(4096M) 1384.326ms
[180.386s][info][gc,metaspace] GC(47) Metaspace: 43050K(46656K)->43050K(46656K) NonClass: 36447K(38016K)->36447K(38016K) Class: 6603K(8640K)->6603K(8640K)
[180.386s][info][gc          ] GC(47) Pause Full (System.gc()) 173M->173M(4096M) 1371.398ms
[181.770s][info][gc,metaspace] GC(48) Metaspace: 43050K(46656K)->43050K(46656K) NonClass: 36447K(38016K)->36447K(38016K) Class: 6603K(8640K)->6603K(8640K)
[181.770s][info][gc          ] GC(48) Pause Full (System.gc()) 173M->173M(4096M) 1383.842ms
[183.126s][info][gc,metaspace] GC(49) Metaspace: 43050K(46656K)->43050K(46656K) NonClass: 36447K(38016K)->36447K(38016K) Class: 6603K(8640K)->6603K(8640K)
[183.126s][info][gc          ] GC(49) Pause Full (System.gc()) 173M->173M(4096M) 1352.411ms
[185.053s][info][gc,metaspace] GC(50) Metaspace: 43050K(46656K)->43050K(46656K) NonClass: 36447K(38016K)->36447K(38016K) Class: 6603K(8640K)->6603K(8640K)
[185.054s][info][gc          ] GC(50) Pause Full (System.gc()) 173M->173M(4096M) 1927.387ms
[187.062s][info][gc,metaspace] GC(51) Metaspace: 43050K(46656K)->43050K(46656K) NonClass: 36447K(38016K)->36447K(38016K) Class: 6603K(8640K)->6603K(8640K)
[187.063s][info][gc          ] GC(51) Pause Full (System.gc()) 173M->173M(4096M) 2005.320ms
[188.429s][info][gc,metaspace] GC(52) Metaspace: 43050K(46656K)->43050K(46656K) NonClass: 36447K(38016K)->36447K(38016K) Class: 6603K(8640K)->6603K(8640K)
[188.429s][info][gc          ] GC(52) Pause Full (System.gc()) 173M->173M(4096M) 1365.436ms
[190.354s][info][gc,metaspace] GC(53) Metaspace: 43050K(46656K)->43050K(46656K) NonClass: 36447K(38016K)->36447K(38016K) Class: 6603K(8640K)->6603K(8640K)
[190.354s][info][gc          ] GC(53) Pause Full (System.gc()) 173M->173M(4096M) 1925.098ms
[192.358s][info][gc,metaspace] GC(54) Metaspace: 43050K(46656K)->43050K(46656K) NonClass: 36447K(38016K)->36447K(38016K) Class: 6603K(8640K)->6603K(8640K)
[192.359s][info][gc          ] GC(54) Pause Full (System.gc()) 173M->173M(4096M) 2003.843ms
[193.750s][info][gc,metaspace] GC(55) Metaspace: 43050K(46656K)->43050K(46656K) NonClass: 36447K(38016K)->36447K(38016K) Class: 6603K(8640K)->6603K(8640K)
[193.750s][info][gc          ] GC(55) Pause Full (System.gc()) 173M->173M(4096M) 1390.605ms
[195.128s][info][gc,metaspace] GC(56) Metaspace: 43050K(46656K)->43050K(46656K) NonClass: 36447K(38016K)->36447K(38016K) Class: 6603K(8640K)->6603K(8640K)
[195.128s][info][gc          ] GC(56) Pause Full (System.gc()) 173M->173M(4096M) 1378.279ms
[196.533s][info][gc,metaspace] GC(57) Metaspace: 43050K(46656K)->43050K(46656K) NonClass: 36447K(38016K)->36447K(38016K) Class: 6603K(8640K)->6603K(8640K)
[196.533s][info][gc          ] GC(57) Pause Full (System.gc()) 173M->173M(4096M) 1404.501ms
[197.919s][info][gc,metaspace] GC(58) Metaspace: 43050K(46656K)->43050K(46656K) NonClass: 36447K(38016K)->36447K(38016K) Class: 6603K(8640K)->6603K(8640K)
[197.919s][info][gc          ] GC(58) Pause Full (System.gc()) 173M->173M(4096M) 1386.005ms
[200.505s][info][gc,metaspace] GC(59) Metaspace: 43050K(46656K)->43050K(46656K) NonClass: 36447K(38016K)->36447K(38016K) Class: 6603K(8640K)->6603K(8640K)
[200.505s][info][gc          ] GC(59) Pause Full (System.gc()) 174M->173M(4096M) 2585.142ms
[201.888s][info][gc,metaspace] GC(60) Metaspace: 43050K(46656K)->43050K(46656K) NonClass: 36447K(38016K)->36447K(38016K) Class: 6603K(8640K)->6603K(8640K)
[201.888s][info][gc          ] GC(60) Pause Full (System.gc()) 173M->173M(4096M) 1383.090ms
[203.264s][info][gc,metaspace] GC(61) Metaspace: 43050K(46656K)->43050K(46656K) NonClass: 36447K(38016K)->36447K(38016K) Class: 6603K(8640K)->6603K(8640K)
[203.264s][info][gc          ] GC(61) Pause Full (System.gc()) 173M->173M(4096M) 1375.610ms
[204.650s][info][gc,metaspace] GC(62) Metaspace: 43050K(46656K)->43050K(46656K) NonClass: 36447K(38016K)->36447K(38016K) Class: 6603K(8640K)->6603K(8640K)
[204.650s][info][gc          ] GC(62) Pause Full (System.gc()) 173M->173M(4096M) 1386.001ms
[206.046s][info][gc,metaspace] GC(63) Metaspace: 43050K(46656K)->43050K(46656K) NonClass: 36447K(38016K)->36447K(38016K) Class: 6603K(8640K)->6603K(8640K)
[206.046s][info][gc          ] GC(63) Pause Full (System.gc()) 173M->173M(4096M) 1395.228ms
[207.425s][info][gc,metaspace] GC(64) Metaspace: 43050K(46656K)->43050K(46656K) NonClass: 36447K(38016K)->36447K(38016K) Class: 6603K(8640K)->6603K(8640K)
[207.425s][info][gc          ] GC(64) Pause Full (System.gc()) 173M->173M(4096M) 1378.896ms
[208.822s][info][gc,metaspace] GC(65) Metaspace: 43050K(46656K)->43050K(46656K) NonClass: 36447K(38016K)->36447K(38016K) Class: 6603K(8640K)->6603K(8640K)
[208.822s][info][gc          ] GC(65) Pause Full (System.gc()) 173M->173M(4096M) 1396.766ms
[210.207s][info][gc,metaspace] GC(66) Metaspace: 43050K(46656K)->43050K(46656K) NonClass: 36447K(38016K)->36447K(38016K) Class: 6603K(8640K)->6603K(8640K)
[210.207s][info][gc          ] GC(66) Pause Full (System.gc()) 173M->173M(4096M) 1385.312ms
[211.596s][info][gc,metaspace] GC(67) Metaspace: 43050K(46656K)->43050K(46656K) NonClass: 36447K(38016K)->36447K(38016K) Class: 6603K(8640K)->6603K(8640K)
[211.596s][info][gc          ] GC(67) Pause Full (System.gc()) 173M->173M(4096M) 1388.477ms
[212.986s][info][gc,metaspace] GC(68) Metaspace: 43050K(46656K)->43050K(46656K) NonClass: 36447K(38016K)->36447K(38016K) Class: 6603K(8640K)->6603K(8640K)
[212.986s][info][gc          ] GC(68) Pause Full (System.gc()) 173M->173M(4096M) 1389.749ms
[214.386s][info][gc,metaspace] GC(69) Metaspace: 43050K(46656K)->43050K(46656K) NonClass: 36447K(38016K)->36447K(38016K) Class: 6603K(8640K)->6603K(8640K)
[214.386s][info][gc          ] GC(69) Pause Full (System.gc()) 173M->173M(4096M) 1399.346ms
[216.984s][info][gc,metaspace] GC(70) Metaspace: 43050K(46656K)->43050K(46656K) NonClass: 36447K(38016K)->36447K(38016K) Class: 6603K(8640K)->6603K(8640K)
[216.984s][info][gc          ] GC(70) Pause Full (System.gc()) 173M->173M(4096M) 2598.021ms
[218.365s][info][gc,metaspace] GC(71) Metaspace: 43050K(46656K)->43050K(46656K) NonClass: 36447K(38016K)->36447K(38016K) Class: 6603K(8640K)->6603K(8640K)
[218.365s][info][gc          ] GC(71) Pause Full (System.gc()) 173M->173M(4096M) 1380.288ms
[219.758s][info][gc,metaspace] GC(72) Metaspace: 43050K(46656K)->43050K(46656K) NonClass: 36447K(38016K)->36447K(38016K) Class: 6603K(8640K)->6603K(8640K)
[219.758s][info][gc          ] GC(72) Pause Full (System.gc()) 173M->173M(4096M) 1392.777ms
[222.307s][info][gc,metaspace] GC(73) Metaspace: 43050K(46656K)->43050K(46656K) NonClass: 36447K(38016K)->36447K(38016K) Class: 6603K(8640K)->6603K(8640K)
[222.307s][info][gc          ] GC(73) Pause Full (System.gc()) 173M->173M(4096M) 2548.678ms
[223.674s][info][gc,metaspace] GC(74) Metaspace: 43050K(46656K)->43050K(46656K) NonClass: 36447K(38016K)->36447K(38016K) Class: 6603K(8640K)->6603K(8640K)
[223.674s][info][gc          ] GC(74) Pause Full (System.gc()) 173M->173M(4096M) 1366.570ms
[225.038s][info][gc,metaspace] GC(75) Metaspace: 43050K(46656K)->43050K(46656K) NonClass: 36447K(38016K)->36447K(38016K) Class: 6603K(8640K)->6603K(8640K)
[225.038s][info][gc          ] GC(75) Pause Full (System.gc()) 173M->173M(4096M) 1364.360ms
[226.401s][info][gc,metaspace] GC(76) Metaspace: 43050K(46656K)->43050K(46656K) NonClass: 36447K(38016K)->36447K(38016K) Class: 6603K(8640K)->6603K(8640K)
[226.401s][info][gc          ] GC(76) Pause Full (System.gc()) 173M->173M(4096M) 1362.678ms
[227.754s][info][gc,metaspace] GC(77) Metaspace: 43050K(46656K)->43050K(46656K) NonClass: 36447K(38016K)->36447K(38016K) Class: 6603K(8640K)->6603K(8640K)
[227.754s][info][gc          ] GC(77) Pause Full (System.gc()) 173M->173M(4096M) 1352.409ms
[229.118s][info][gc,metaspace] GC(78) Metaspace: 43050K(46656K)->43050K(46656K) NonClass: 36447K(38016K)->36447K(38016K) Class: 6603K(8640K)->6603K(8640K)
[229.118s][info][gc          ] GC(78) Pause Full (System.gc()) 173M->173M(4096M) 1363.482ms
[230.479s][info][gc,metaspace] GC(79) Metaspace: 43050K(46656K)->43050K(46656K) NonClass: 36447K(38016K)->36447K(38016K) Class: 6603K(8640K)->6603K(8640K)
[230.479s][info][gc          ] GC(79) Pause Full (System.gc()) 173M->173M(4096M) 1361.382ms
[231.844s][info][gc,metaspace] GC(80) Metaspace: 43050K(46656K)->43050K(46656K) NonClass: 36447K(38016K)->36447K(38016K) Class: 6603K(8640K)->6603K(8640K)
[231.844s][info][gc          ] GC(80) Pause Full (System.gc()) 173M->173M(4096M) 1364.747ms
[233.189s][info][gc,metaspace] GC(81) Metaspace: 43050K(46656K)->43050K(46656K) NonClass: 36447K(38016K)->36447K(38016K) Class: 6603K(8640K)->6603K(8640K)
[233.189s][info][gc          ] GC(81) Pause Full (System.gc()) 173M->173M(4096M) 1344.807ms
[234.536s][info][gc,metaspace] GC(82) Metaspace: 43050K(46656K)->43050K(46656K) NonClass: 36447K(38016K)->36447K(38016K) Class: 6603K(8640K)->6603K(8640K)
[234.537s][info][gc          ] GC(82) Pause Full (System.gc()) 173M->173M(4096M) 1346.971ms
[235.906s][info][gc,metaspace] GC(83) Metaspace: 43050K(46656K)->43050K(46656K) NonClass: 36447K(38016K)->36447K(38016K) Class: 6603K(8640K)->6603K(8640K)
[235.906s][info][gc          ] GC(83) Pause Full (System.gc()) 173M->173M(4096M) 1369.071ms
[237.264s][info][gc,metaspace] GC(84) Metaspace: 43050K(46656K)->43050K(46656K) NonClass: 36447K(38016K)->36447K(38016K) Class: 6603K(8640K)->6603K(8640K)
[237.264s][info][gc          ] GC(84) Pause Full (System.gc()) 173M->173M(4096M) 1357.986ms
[238.630s][info][gc,metaspace] GC(85) Metaspace: 43050K(46656K)->43050K(46656K) NonClass: 36447K(38016K)->36447K(38016K) Class: 6603K(8640K)->6603K(8640K)
[238.630s][info][gc          ] GC(85) Pause Full (System.gc()) 173M->173M(4096M) 1365.173ms
[239.984s][info][gc,metaspace] GC(86) Metaspace: 43050K(46656K)->43050K(46656K) NonClass: 36447K(38016K)->36447K(38016K) Class: 6603K(8640K)->6603K(8640K)
[239.984s][info][gc          ] GC(86) Pause Full (System.gc()) 173M->173M(4096M) 1354.171ms
[241.348s][info][gc,metaspace] GC(87) Metaspace: 43050K(46656K)->43050K(46656K) NonClass: 36447K(38016K)->36447K(38016K) Class: 6603K(8640K)->6603K(8640K)
[241.348s][info][gc          ] GC(87) Pause Full (System.gc()) 173M->173M(4096M) 1363.811ms
[242.712s][info][gc,metaspace] GC(88) Metaspace: 43050K(46656K)->43050K(46656K) NonClass: 36447K(38016K)->36447K(38016K) Class: 6603K(8640K)->6603K(8640K)
[242.713s][info][gc          ] GC(88) Pause Full (System.gc()) 173M->173M(4096M) 1363.872ms
[244.066s][info][gc,metaspace] GC(89) Metaspace: 43050K(46656K)->43050K(46656K) NonClass: 36447K(38016K)->36447K(38016K) Class: 6603K(8640K)->6603K(8640K)
[244.067s][info][gc          ] GC(89) Pause Full (System.gc()) 173M->173M(4096M) 1353.699ms
[245.413s][info][gc,metaspace] GC(90) Metaspace: 43050K(46656K)->43050K(46656K) NonClass: 36447K(38016K)->36447K(38016K) Class: 6603K(8640K)->6603K(8640K)
[245.413s][info][gc          ] GC(90) Pause Full (System.gc()) 173M->173M(4096M) 1346.219ms
[246.775s][info][gc,metaspace] GC(91) Metaspace: 43050K(46656K)->43050K(46656K) NonClass: 36447K(38016K)->36447K(38016K) Class: 6603K(8640K)->6603K(8640K)
[246.775s][info][gc          ] GC(91) Pause Full (System.gc()) 173M->173M(4096M) 1361.889ms
[248.132s][info][gc,metaspace] GC(92) Metaspace: 43050K(46656K)->43050K(46656K) NonClass: 36447K(38016K)->36447K(38016K) Class: 6603K(8640K)->6603K(8640K)
[248.132s][info][gc          ] GC(92) Pause Full (System.gc()) 173M->173M(4096M) 1356.149ms
[249.482s][info][gc,metaspace] GC(93) Metaspace: 43050K(46656K)->43050K(46656K) NonClass: 36447K(38016K)->36447K(38016K) Class: 6603K(8640K)->6603K(8640K)
[249.482s][info][gc          ] GC(93) Pause Full (System.gc()) 173M->173M(4096M) 1349.809ms
[250.844s][info][gc,metaspace] GC(94) Metaspace: 43050K(46656K)->43050K(46656K) NonClass: 36447K(38016K)->36447K(38016K) Class: 6603K(8640K)->6603K(8640K)
[250.844s][info][gc          ] GC(94) Pause Full (System.gc()) 173M->173M(4096M) 1361.722ms
[252.182s][info][gc,metaspace] GC(95) Metaspace: 43050K(46656K)->43050K(46656K) NonClass: 36447K(38016K)->36447K(38016K) Class: 6603K(8640K)->6603K(8640K)
[252.183s][info][gc          ] GC(95) Pause Full (System.gc()) 173M->173M(4096M) 1338.789ms
[253.549s][info][gc,metaspace] GC(96) Metaspace: 43050K(46656K)->43050K(46656K) NonClass: 36447K(38016K)->36447K(38016K) Class: 6603K(8640K)->6603K(8640K)
[253.549s][info][gc          ] GC(96) Pause Full (System.gc()) 173M->173M(4096M) 1366.367ms
[254.904s][info][gc,metaspace] GC(97) Metaspace: 43050K(46656K)->43050K(46656K) NonClass: 36447K(38016K)->36447K(38016K) Class: 6603K(8640K)->6603K(8640K)
[254.904s][info][gc          ] GC(97) Pause Full (System.gc()) 173M->173M(4096M) 1354.528ms
[256.276s][info][gc,metaspace] GC(98) Metaspace: 43050K(46656K)->43050K(46656K) NonClass: 36447K(38016K)->36447K(38016K) Class: 6603K(8640K)->6603K(8640K)
[256.276s][info][gc          ] GC(98) Pause Full (System.gc()) 173M->173M(4096M) 1371.788ms
[257.636s][info][gc,metaspace] GC(99) Metaspace: 43050K(46656K)->43050K(46656K) NonClass: 36447K(38016K)->36447K(38016K) Class: 6603K(8640K)->6603K(8640K)
[257.636s][info][gc          ] GC(99) Pause Full (System.gc()) 173M->173M(4096M) 1359.362ms
[259.002s][info][gc,metaspace] GC(100) Metaspace: 43050K(46656K)->43050K(46656K) NonClass: 36447K(38016K)->36447K(38016K) Class: 6603K(8640K)->6603K(8640K)
[259.003s][info][gc          ] GC(100) Pause Full (System.gc()) 173M->173M(4096M) 1366.566ms
[260.360s][info][gc,metaspace] GC(101) Metaspace: 43050K(46656K)->43050K(46656K) NonClass: 36447K(38016K)->36447K(38016K) Class: 6603K(8640K)->6603K(8640K)
[260.361s][info][gc          ] GC(101) Pause Full (System.gc()) 173M->173M(4096M) 1357.719ms
[261.721s][info][gc,metaspace] GC(102) Metaspace: 43050K(46656K)->43050K(46656K) NonClass: 36447K(38016K)->36447K(38016K) Class: 6603K(8640K)->6603K(8640K)
[261.721s][info][gc          ] GC(102) Pause Full (System.gc()) 173M->173M(4096M) 1360.276ms
[263.090s][info][gc,metaspace] GC(103) Metaspace: 43050K(46656K)->43050K(46656K) NonClass: 36447K(38016K)->36447K(38016K) Class: 6603K(8640K)->6603K(8640K)
[263.090s][info][gc          ] GC(103) Pause Full (System.gc()) 173M->173M(4096M) 1368.725ms
[265.645s][info][gc,metaspace] GC(104) Metaspace: 43050K(46656K)->43050K(46656K) NonClass: 36447K(38016K)->36447K(38016K) Class: 6603K(8640K)->6603K(8640K)
[265.645s][info][gc          ] GC(104) Pause Full (System.gc()) 174M->173M(4096M) 2554.273ms
[267.023s][info][gc,metaspace] GC(105) Metaspace: 43050K(46656K)->43050K(46656K) NonClass: 36447K(38016K)->36447K(38016K) Class: 6603K(8640K)->6603K(8640K)
[267.023s][info][gc          ] GC(105) Pause Full (System.gc()) 173M->173M(4096M) 1377.616ms
[268.396s][info][gc,metaspace] GC(106) Metaspace: 43050K(46656K)->43050K(46656K) NonClass: 36447K(38016K)->36447K(38016K) Class: 6603K(8640K)->6603K(8640K)
[268.396s][info][gc          ] GC(106) Pause Full (System.gc()) 173M->173M(4096M) 1373.005ms
[271.000s][info][gc,metaspace] GC(107) Metaspace: 43050K(46656K)->43050K(46656K) NonClass: 36447K(38016K)->36447K(38016K) Class: 6603K(8640K)->6603K(8640K)
[271.000s][info][gc          ] GC(107) Pause Full (System.gc()) 173M->173M(4096M) 2603.496ms
[272.359s][info][gc,metaspace] GC(108) Metaspace: 43050K(46656K)->43050K(46656K) NonClass: 36447K(38016K)->36447K(38016K) Class: 6603K(8640K)->6603K(8640K)
[272.359s][info][gc          ] GC(108) Pause Full (System.gc()) 173M->173M(4096M) 1359.362ms
[273.728s][info][gc,metaspace] GC(109) Metaspace: 43050K(46656K)->43050K(46656K) NonClass: 36447K(38016K)->36447K(38016K) Class: 6603K(8640K)->6603K(8640K)
[273.728s][info][gc          ] GC(109) Pause Full (System.gc()) 173M->173M(4096M) 1368.271ms
After GCs... 
