Done; will start GCs... 
[107.469s][info][gc,metaspace] GC(22) Metaspace: 99059K(113280K)->99059K(113280K) NonClass: 78968K(84992K)->78968K(84992K) Class: 20090K(28288K)->20090K(28288K)
[107.470s][info][gc          ] GC(22) Pause Full (System.gc()) 813M->804M(6144M) 621.151ms
[108.102s][info][gc,metaspace] GC(23) Metaspace: 99059K(113280K)->99059K(113280K) NonClass: 78968K(84992K)->78968K(84992K) Class: 20090K(28288K)->20090K(28288K)
[108.102s][info][gc          ] GC(23) Pause Full (System.gc()) 804M->804M(6144M) 632.360ms
[108.668s][info][gc,metaspace] GC(24) Metaspace: 99059K(113280K)->99059K(113280K) NonClass: 78968K(84992K)->78968K(84992K) Class: 20090K(28288K)->20090K(28288K)
[108.668s][info][gc          ] GC(24) Pause Full (System.gc()) 804M->804M(6144M) 565.973ms
[109.268s][info][gc,metaspace] GC(25) Metaspace: 99059K(113280K)->99059K(113280K) NonClass: 78968K(84992K)->78968K(84992K) Class: 20090K(28288K)->20090K(28288K)
[109.268s][info][gc          ] GC(25) Pause Full (System.gc()) 804M->804M(6144M) 599.834ms
[109.859s][info][gc,metaspace] GC(26) Metaspace: 99059K(113280K)->99059K(113280K) NonClass: 78968K(84992K)->78968K(84992K) Class: 20090K(28288K)->20090K(28288K)
[109.859s][info][gc          ] GC(26) Pause Full (System.gc()) 804M->804M(6144M) 591.232ms
[110.417s][info][gc,metaspace] GC(27) Metaspace: 99059K(113280K)->99059K(113280K) NonClass: 78968K(84992K)->78968K(84992K) Class: 20090K(28288K)->20090K(28288K)
[110.417s][info][gc          ] GC(27) Pause Full (System.gc()) 804M->804M(6144M) 557.881ms
[110.978s][info][gc,metaspace] GC(28) Metaspace: 99059K(113280K)->99059K(113280K) NonClass: 78968K(84992K)->78968K(84992K) Class: 20090K(28288K)->20090K(28288K)
[110.978s][info][gc          ] GC(28) Pause Full (System.gc()) 804M->804M(6144M) 560.081ms
[111.585s][info][gc,metaspace] GC(29) Metaspace: 99059K(113280K)->99059K(113280K) NonClass: 78968K(84992K)->78968K(84992K) Class: 20090K(28288K)->20090K(28288K)
[111.585s][info][gc          ] GC(29) Pause Full (System.gc()) 804M->804M(6144M) 607.640ms
[112.162s][info][gc,metaspace] GC(30) Metaspace: 99059K(113280K)->99059K(113280K) NonClass: 78968K(84992K)->78968K(84992K) Class: 20090K(28288K)->20090K(28288K)
[112.162s][info][gc          ] GC(30) Pause Full (System.gc()) 804M->804M(6144M) 576.482ms
[112.750s][info][gc,metaspace] GC(31) Metaspace: 99059K(113280K)->99059K(113280K) NonClass: 78968K(84992K)->78968K(84992K) Class: 20090K(28288K)->20090K(28288K)
[112.750s][info][gc          ] GC(31) Pause Full (System.gc()) 804M->804M(6144M) 587.712ms
[113.367s][info][gc,metaspace] GC(32) Metaspace: 99059K(113280K)->99059K(113280K) NonClass: 78968K(84992K)->78968K(84992K) Class: 20090K(28288K)->20090K(28288K)
[113.367s][info][gc          ] GC(32) Pause Full (System.gc()) 804M->804M(6144M) 617.610ms
[113.941s][info][gc,metaspace] GC(33) Metaspace: 99059K(113280K)->99059K(113280K) NonClass: 78968K(84992K)->78968K(84992K) Class: 20090K(28288K)->20090K(28288K)
[113.941s][info][gc          ] GC(33) Pause Full (System.gc()) 804M->804M(6144M) 573.123ms
[114.540s][info][gc,metaspace] GC(34) Metaspace: 99059K(113280K)->99059K(113280K) NonClass: 78968K(84992K)->78968K(84992K) Class: 20090K(28288K)->20090K(28288K)
[114.540s][info][gc          ] GC(34) Pause Full (System.gc()) 804M->804M(6144M) 599.394ms
[115.171s][info][gc,metaspace] GC(35) Metaspace: 99059K(113280K)->99059K(113280K) NonClass: 78968K(84992K)->78968K(84992K) Class: 20090K(28288K)->20090K(28288K)
[115.171s][info][gc          ] GC(35) Pause Full (System.gc()) 804M->804M(6144M) 631.149ms
[115.778s][info][gc,metaspace] GC(36) Metaspace: 99059K(113280K)->99059K(113280K) NonClass: 78968K(84992K)->78968K(84992K) Class: 20090K(28288K)->20090K(28288K)
[115.778s][info][gc          ] GC(36) Pause Full (System.gc()) 804M->804M(6144M) 606.911ms
[116.358s][info][gc,metaspace] GC(37) Metaspace: 99059K(113280K)->99059K(113280K) NonClass: 78968K(84992K)->78968K(84992K) Class: 20090K(28288K)->20090K(28288K)
[116.358s][info][gc          ] GC(37) Pause Full (System.gc()) 804M->804M(6144M) 579.067ms
[116.941s][info][gc,metaspace] GC(38) Metaspace: 99059K(113280K)->99059K(113280K) NonClass: 78968K(84992K)->78968K(84992K) Class: 20090K(28288K)->20090K(28288K)
[116.941s][info][gc          ] GC(38) Pause Full (System.gc()) 804M->804M(6144M) 583.056ms
[117.515s][info][gc,metaspace] GC(39) Metaspace: 99059K(113280K)->99059K(113280K) NonClass: 78968K(84992K)->78968K(84992K) Class: 20090K(28288K)->20090K(28288K)
[117.515s][info][gc          ] GC(39) Pause Full (System.gc()) 804M->804M(6144M) 574.600ms
[118.142s][info][gc,metaspace] GC(40) Metaspace: 99059K(113280K)->99059K(113280K) NonClass: 78968K(84992K)->78968K(84992K) Class: 20090K(28288K)->20090K(28288K)
[118.142s][info][gc          ] GC(40) Pause Full (System.gc()) 804M->804M(6144M) 622.048ms
[118.708s][info][gc,metaspace] GC(41) Metaspace: 99059K(113280K)->99059K(113280K) NonClass: 78968K(84992K)->78968K(84992K) Class: 20090K(28288K)->20090K(28288K)
[118.709s][info][gc          ] GC(41) Pause Full (System.gc()) 804M->804M(6144M) 566.625ms
[119.273s][info][gc,metaspace] GC(42) Metaspace: 99059K(113280K)->99059K(113280K) NonClass: 78968K(84992K)->78968K(84992K) Class: 20090K(28288K)->20090K(28288K)
[119.273s][info][gc          ] GC(42) Pause Full (System.gc()) 804M->804M(6144M) 564.818ms
[119.848s][info][gc,metaspace] GC(43) Metaspace: 99059K(113280K)->99059K(113280K) NonClass: 78968K(84992K)->78968K(84992K) Class: 20090K(28288K)->20090K(28288K)
[119.848s][info][gc          ] GC(43) Pause Full (System.gc()) 804M->804M(6144M) 574.288ms
[120.438s][info][gc,metaspace] GC(44) Metaspace: 99059K(113280K)->99059K(113280K) NonClass: 78968K(84992K)->78968K(84992K) Class: 20090K(28288K)->20090K(28288K)
[120.438s][info][gc          ] GC(44) Pause Full (System.gc()) 804M->804M(6144M) 589.935ms
[121.046s][info][gc,metaspace] GC(45) Metaspace: 99059K(113280K)->99059K(113280K) NonClass: 78968K(84992K)->78968K(84992K) Class: 20090K(28288K)->20090K(28288K)
[121.046s][info][gc          ] GC(45) Pause Full (System.gc()) 804M->804M(6144M) 608.435ms
[121.630s][info][gc,metaspace] GC(46) Metaspace: 99059K(113280K)->99059K(113280K) NonClass: 78968K(84992K)->78968K(84992K) Class: 20090K(28288K)->20090K(28288K)
[121.630s][info][gc          ] GC(46) Pause Full (System.gc()) 804M->804M(6144M) 583.872ms
[122.202s][info][gc,metaspace] GC(47) Metaspace: 99059K(113280K)->99059K(113280K) NonClass: 78968K(84992K)->78968K(84992K) Class: 20090K(28288K)->20090K(28288K)
[122.202s][info][gc          ] GC(47) Pause Full (System.gc()) 804M->804M(6144M) 571.410ms
[122.764s][info][gc,metaspace] GC(48) Metaspace: 99059K(113280K)->99059K(113280K) NonClass: 78968K(84992K)->78968K(84992K) Class: 20090K(28288K)->20090K(28288K)
[122.764s][info][gc          ] GC(48) Pause Full (System.gc()) 805M->804M(6144M) 562.286ms
[123.376s][info][gc,metaspace] GC(49) Metaspace: 99059K(113280K)->99059K(113280K) NonClass: 78968K(84992K)->78968K(84992K) Class: 20090K(28288K)->20090K(28288K)
[123.376s][info][gc          ] GC(49) Pause Full (System.gc()) 804M->804M(6144M) 611.650ms
[123.983s][info][gc,metaspace] GC(50) Metaspace: 99059K(113280K)->99059K(113280K) NonClass: 78968K(84992K)->78968K(84992K) Class: 20090K(28288K)->20090K(28288K)
[123.983s][info][gc          ] GC(50) Pause Full (System.gc()) 804M->804M(6144M) 606.916ms
[124.600s][info][gc,metaspace] GC(51) Metaspace: 99059K(113280K)->99059K(113280K) NonClass: 78968K(84992K)->78968K(84992K) Class: 20090K(28288K)->20090K(28288K)
[124.600s][info][gc          ] GC(51) Pause Full (System.gc()) 804M->804M(6144M) 616.644ms
[125.149s][info][gc,metaspace] GC(52) Metaspace: 99059K(113280K)->99059K(113280K) NonClass: 78968K(84992K)->78968K(84992K) Class: 20090K(28288K)->20090K(28288K)
[125.149s][info][gc          ] GC(52) Pause Full (System.gc()) 804M->804M(6144M) 549.413ms
[125.731s][info][gc,metaspace] GC(53) Metaspace: 99059K(113280K)->99059K(113280K) NonClass: 78968K(84992K)->78968K(84992K) Class: 20090K(28288K)->20090K(28288K)
[125.731s][info][gc          ] GC(53) Pause Full (System.gc()) 804M->804M(6144M) 581.853ms
[126.339s][info][gc,metaspace] GC(54) Metaspace: 99059K(113280K)->99059K(113280K) NonClass: 78968K(84992K)->78968K(84992K) Class: 20090K(28288K)->20090K(28288K)
[126.339s][info][gc          ] GC(54) Pause Full (System.gc()) 804M->804M(6144M) 607.991ms
[126.899s][info][gc,metaspace] GC(55) Metaspace: 99059K(113280K)->99059K(113280K) NonClass: 78968K(84992K)->78968K(84992K) Class: 20090K(28288K)->20090K(28288K)
[126.899s][info][gc          ] GC(55) Pause Full (System.gc()) 804M->804M(6144M) 559.546ms
[127.514s][info][gc,metaspace] GC(56) Metaspace: 99059K(113280K)->99059K(113280K) NonClass: 78968K(84992K)->78968K(84992K) Class: 20090K(28288K)->20090K(28288K)
[127.514s][info][gc          ] GC(56) Pause Full (System.gc()) 804M->804M(6144M) 614.730ms
[128.090s][info][gc,metaspace] GC(57) Metaspace: 99059K(113280K)->99059K(113280K) NonClass: 78968K(84992K)->78968K(84992K) Class: 20090K(28288K)->20090K(28288K)
[128.090s][info][gc          ] GC(57) Pause Full (System.gc()) 804M->804M(6144M) 576.210ms
[128.661s][info][gc,metaspace] GC(58) Metaspace: 99059K(113280K)->99059K(113280K) NonClass: 78968K(84992K)->78968K(84992K) Class: 20090K(28288K)->20090K(28288K)
[128.661s][info][gc          ] GC(58) Pause Full (System.gc()) 804M->804M(6144M) 566.390ms
[129.274s][info][gc,metaspace] GC(59) Metaspace: 99059K(113280K)->99059K(113280K) NonClass: 78968K(84992K)->78968K(84992K) Class: 20090K(28288K)->20090K(28288K)
[129.274s][info][gc          ] GC(59) Pause Full (System.gc()) 804M->804M(6144M) 612.744ms
[129.850s][info][gc,metaspace] GC(60) Metaspace: 99059K(113280K)->99059K(113280K) NonClass: 78968K(84992K)->78968K(84992K) Class: 20090K(28288K)->20090K(28288K)
[129.850s][info][gc          ] GC(60) Pause Full (System.gc()) 804M->804M(6144M) 576.575ms
[130.415s][info][gc,metaspace] GC(61) Metaspace: 99059K(113280K)->99059K(113280K) NonClass: 78968K(84992K)->78968K(84992K) Class: 20090K(28288K)->20090K(28288K)
[130.415s][info][gc          ] GC(61) Pause Full (System.gc()) 804M->804M(6144M) 564.410ms
[130.976s][info][gc,metaspace] GC(62) Metaspace: 99059K(113280K)->99059K(113280K) NonClass: 78968K(84992K)->78968K(84992K) Class: 20090K(28288K)->20090K(28288K)
[130.977s][info][gc          ] GC(62) Pause Full (System.gc()) 804M->804M(6144M) 561.584ms
[131.545s][info][gc,metaspace] GC(63) Metaspace: 99059K(113280K)->99059K(113280K) NonClass: 78968K(84992K)->78968K(84992K) Class: 20090K(28288K)->20090K(28288K)
[131.545s][info][gc          ] GC(63) Pause Full (System.gc()) 804M->804M(6144M) 568.540ms
[132.128s][info][gc,metaspace] GC(64) Metaspace: 99059K(113280K)->99059K(113280K) NonClass: 78968K(84992K)->78968K(84992K) Class: 20090K(28288K)->20090K(28288K)
[132.128s][info][gc          ] GC(64) Pause Full (System.gc()) 804M->804M(6144M) 582.336ms
[132.707s][info][gc,metaspace] GC(65) Metaspace: 99059K(113280K)->99059K(113280K) NonClass: 78968K(84992K)->78968K(84992K) Class: 20090K(28288K)->20090K(28288K)
[132.707s][info][gc          ] GC(65) Pause Full (System.gc()) 804M->804M(6144M) 579.759ms
[133.300s][info][gc,metaspace] GC(66) Metaspace: 99059K(113280K)->99059K(113280K) NonClass: 78968K(84992K)->78968K(84992K) Class: 20090K(28288K)->20090K(28288K)
[133.301s][info][gc          ] GC(66) Pause Full (System.gc()) 804M->804M(6144M) 592.937ms
[133.927s][info][gc,metaspace] GC(67) Metaspace: 99059K(113280K)->99059K(113280K) NonClass: 78968K(84992K)->78968K(84992K) Class: 20090K(28288K)->20090K(28288K)
[133.927s][info][gc          ] GC(67) Pause Full (System.gc()) 804M->804M(6144M) 621.702ms
[134.486s][info][gc,metaspace] GC(68) Metaspace: 99059K(113280K)->99059K(113280K) NonClass: 78968K(84992K)->78968K(84992K) Class: 20090K(28288K)->20090K(28288K)
[134.486s][info][gc          ] GC(68) Pause Full (System.gc()) 804M->804M(6144M) 559.381ms
[135.089s][info][gc,metaspace] GC(69) Metaspace: 99059K(113280K)->99059K(113280K) NonClass: 78968K(84992K)->78968K(84992K) Class: 20090K(28288K)->20090K(28288K)
[135.089s][info][gc          ] GC(69) Pause Full (System.gc()) 804M->804M(6144M) 603.340ms
[135.672s][info][gc,metaspace] GC(70) Metaspace: 99059K(113280K)->99059K(113280K) NonClass: 78968K(84992K)->78968K(84992K) Class: 20090K(28288K)->20090K(28288K)
[135.672s][info][gc          ] GC(70) Pause Full (System.gc()) 804M->804M(6144M) 582.026ms
[136.278s][info][gc,metaspace] GC(71) Metaspace: 99059K(113280K)->99059K(113280K) NonClass: 78968K(84992K)->78968K(84992K) Class: 20090K(28288K)->20090K(28288K)
[136.278s][info][gc          ] GC(71) Pause Full (System.gc()) 804M->804M(6144M) 606.608ms
[136.844s][info][gc,metaspace] GC(72) Metaspace: 99059K(113280K)->99059K(113280K) NonClass: 78968K(84992K)->78968K(84992K) Class: 20090K(28288K)->20090K(28288K)
[136.844s][info][gc          ] GC(72) Pause Full (System.gc()) 804M->804M(6144M) 565.983ms
[137.420s][info][gc,metaspace] GC(73) Metaspace: 99059K(113280K)->99059K(113280K) NonClass: 78968K(84992K)->78968K(84992K) Class: 20090K(28288K)->20090K(28288K)
[137.420s][info][gc          ] GC(73) Pause Full (System.gc()) 804M->804M(6144M) 575.348ms
[138.026s][info][gc,metaspace] GC(74) Metaspace: 99059K(113280K)->99059K(113280K) NonClass: 78968K(84992K)->78968K(84992K) Class: 20090K(28288K)->20090K(28288K)
[138.026s][info][gc          ] GC(74) Pause Full (System.gc()) 804M->804M(6144M) 606.355ms
[138.624s][info][gc,metaspace] GC(75) Metaspace: 99059K(113280K)->99059K(113280K) NonClass: 78968K(84992K)->78968K(84992K) Class: 20090K(28288K)->20090K(28288K)
[138.624s][info][gc          ] GC(75) Pause Full (System.gc()) 804M->804M(6144M) 597.975ms
[139.241s][info][gc,metaspace] GC(76) Metaspace: 99059K(113280K)->99059K(113280K) NonClass: 78968K(84992K)->78968K(84992K) Class: 20090K(28288K)->20090K(28288K)
[139.241s][info][gc          ] GC(76) Pause Full (System.gc()) 804M->804M(6144M) 612.763ms
[139.828s][info][gc,metaspace] GC(77) Metaspace: 99059K(113280K)->99059K(113280K) NonClass: 78968K(84992K)->78968K(84992K) Class: 20090K(28288K)->20090K(28288K)
[139.828s][info][gc          ] GC(77) Pause Full (System.gc()) 804M->804M(6144M) 586.809ms
[140.432s][info][gc,metaspace] GC(78) Metaspace: 99059K(113280K)->99059K(113280K) NonClass: 78968K(84992K)->78968K(84992K) Class: 20090K(28288K)->20090K(28288K)
[140.432s][info][gc          ] GC(78) Pause Full (System.gc()) 804M->804M(6144M) 603.211ms
[141.022s][info][gc,metaspace] GC(79) Metaspace: 99059K(113280K)->99059K(113280K) NonClass: 78968K(84992K)->78968K(84992K) Class: 20090K(28288K)->20090K(28288K)
[141.022s][info][gc          ] GC(79) Pause Full (System.gc()) 804M->804M(6144M) 589.749ms
[141.593s][info][gc,metaspace] GC(80) Metaspace: 99059K(113280K)->99059K(113280K) NonClass: 78968K(84992K)->78968K(84992K) Class: 20090K(28288K)->20090K(28288K)
[141.593s][info][gc          ] GC(80) Pause Full (System.gc()) 804M->804M(6144M) 571.340ms
[142.152s][info][gc,metaspace] GC(81) Metaspace: 99059K(113280K)->99059K(113280K) NonClass: 78968K(84992K)->78968K(84992K) Class: 20090K(28288K)->20090K(28288K)
[142.152s][info][gc          ] GC(81) Pause Full (System.gc()) 804M->804M(6144M) 558.622ms
[142.766s][info][gc,metaspace] GC(82) Metaspace: 99059K(113280K)->99059K(113280K) NonClass: 78968K(84992K)->78968K(84992K) Class: 20090K(28288K)->20090K(28288K)
[142.766s][info][gc          ] GC(82) Pause Full (System.gc()) 804M->804M(6144M) 614.081ms
[143.370s][info][gc,metaspace] GC(83) Metaspace: 99059K(113280K)->99059K(113280K) NonClass: 78968K(84992K)->78968K(84992K) Class: 20090K(28288K)->20090K(28288K)
[143.370s][info][gc          ] GC(83) Pause Full (System.gc()) 804M->804M(6144M) 603.924ms
[143.971s][info][gc,metaspace] GC(84) Metaspace: 99059K(113280K)->99059K(113280K) NonClass: 78968K(84992K)->78968K(84992K) Class: 20090K(28288K)->20090K(28288K)
[143.971s][info][gc          ] GC(84) Pause Full (System.gc()) 804M->804M(6144M) 600.581ms
[144.595s][info][gc,metaspace] GC(85) Metaspace: 99059K(113280K)->99059K(113280K) NonClass: 78968K(84992K)->78968K(84992K) Class: 20090K(28288K)->20090K(28288K)
[144.595s][info][gc          ] GC(85) Pause Full (System.gc()) 804M->804M(6144M) 624.127ms
[145.211s][info][gc,metaspace] GC(86) Metaspace: 99059K(113280K)->99059K(113280K) NonClass: 78968K(84992K)->78968K(84992K) Class: 20090K(28288K)->20090K(28288K)
[145.211s][info][gc          ] GC(86) Pause Full (System.gc()) 804M->804M(6144M) 615.631ms
[145.846s][info][gc,metaspace] GC(87) Metaspace: 99059K(113280K)->99059K(113280K) NonClass: 78968K(84992K)->78968K(84992K) Class: 20090K(28288K)->20090K(28288K)
[145.846s][info][gc          ] GC(87) Pause Full (System.gc()) 804M->804M(6144M) 634.870ms
[146.462s][info][gc,metaspace] GC(88) Metaspace: 99059K(113280K)->99059K(113280K) NonClass: 78968K(84992K)->78968K(84992K) Class: 20090K(28288K)->20090K(28288K)
[146.462s][info][gc          ] GC(88) Pause Full (System.gc()) 804M->804M(6144M) 616.740ms
[147.069s][info][gc,metaspace] GC(89) Metaspace: 99059K(113280K)->99059K(113280K) NonClass: 78968K(84992K)->78968K(84992K) Class: 20090K(28288K)->20090K(28288K)
[147.069s][info][gc          ] GC(89) Pause Full (System.gc()) 804M->804M(6144M) 606.208ms
[147.675s][info][gc,metaspace] GC(90) Metaspace: 99059K(113280K)->99059K(113280K) NonClass: 78968K(84992K)->78968K(84992K) Class: 20090K(28288K)->20090K(28288K)
[147.675s][info][gc          ] GC(90) Pause Full (System.gc()) 804M->804M(6144M) 606.396ms
[148.269s][info][gc,metaspace] GC(91) Metaspace: 99059K(113280K)->99059K(113280K) NonClass: 78968K(84992K)->78968K(84992K) Class: 20090K(28288K)->20090K(28288K)
[148.269s][info][gc          ] GC(91) Pause Full (System.gc()) 804M->804M(6144M) 593.557ms
[148.872s][info][gc,metaspace] GC(92) Metaspace: 99059K(113280K)->99059K(113280K) NonClass: 78968K(84992K)->78968K(84992K) Class: 20090K(28288K)->20090K(28288K)
[148.872s][info][gc          ] GC(92) Pause Full (System.gc()) 804M->804M(6144M) 603.237ms
[149.429s][info][gc,metaspace] GC(93) Metaspace: 99059K(113280K)->99059K(113280K) NonClass: 78968K(84992K)->78968K(84992K) Class: 20090K(28288K)->20090K(28288K)
[149.429s][info][gc          ] GC(93) Pause Full (System.gc()) 804M->804M(6144M) 556.655ms
[150.053s][info][gc,metaspace] GC(94) Metaspace: 99059K(113280K)->99059K(113280K) NonClass: 78968K(84992K)->78968K(84992K) Class: 20090K(28288K)->20090K(28288K)
[150.053s][info][gc          ] GC(94) Pause Full (System.gc()) 804M->804M(6144M) 619.395ms
[150.647s][info][gc,metaspace] GC(95) Metaspace: 99059K(113280K)->99059K(113280K) NonClass: 78968K(84992K)->78968K(84992K) Class: 20090K(28288K)->20090K(28288K)
[150.647s][info][gc          ] GC(95) Pause Full (System.gc()) 804M->804M(6144M) 594.338ms
[151.252s][info][gc,metaspace] GC(96) Metaspace: 99059K(113280K)->99059K(113280K) NonClass: 78968K(84992K)->78968K(84992K) Class: 20090K(28288K)->20090K(28288K)
[151.252s][info][gc          ] GC(96) Pause Full (System.gc()) 804M->804M(6144M) 604.872ms
[151.825s][info][gc,metaspace] GC(97) Metaspace: 99059K(113280K)->99059K(113280K) NonClass: 78968K(84992K)->78968K(84992K) Class: 20090K(28288K)->20090K(28288K)
[151.825s][info][gc          ] GC(97) Pause Full (System.gc()) 804M->804M(6144M) 572.429ms
[152.387s][info][gc,metaspace] GC(98) Metaspace: 99059K(113280K)->99059K(113280K) NonClass: 78968K(84992K)->78968K(84992K) Class: 20090K(28288K)->20090K(28288K)
[152.387s][info][gc          ] GC(98) Pause Full (System.gc()) 804M->804M(6144M) 562.237ms
[152.965s][info][gc,metaspace] GC(99) Metaspace: 99059K(113280K)->99059K(113280K) NonClass: 78968K(84992K)->78968K(84992K) Class: 20090K(28288K)->20090K(28288K)
[152.965s][info][gc          ] GC(99) Pause Full (System.gc()) 804M->804M(6144M) 577.966ms
[153.549s][info][gc,metaspace] GC(100) Metaspace: 99059K(113280K)->99059K(113280K) NonClass: 78968K(84992K)->78968K(84992K) Class: 20090K(28288K)->20090K(28288K)
[153.549s][info][gc          ] GC(100) Pause Full (System.gc()) 804M->804M(6144M) 583.731ms
[154.159s][info][gc,metaspace] GC(101) Metaspace: 99059K(113280K)->99059K(113280K) NonClass: 78968K(84992K)->78968K(84992K) Class: 20090K(28288K)->20090K(28288K)
[154.159s][info][gc          ] GC(101) Pause Full (System.gc()) 804M->804M(6144M) 610.450ms
[154.762s][info][gc,metaspace] GC(102) Metaspace: 99059K(113280K)->99059K(113280K) NonClass: 78968K(84992K)->78968K(84992K) Class: 20090K(28288K)->20090K(28288K)
[154.762s][info][gc          ] GC(102) Pause Full (System.gc()) 804M->804M(6144M) 602.040ms
[155.327s][info][gc,metaspace] GC(103) Metaspace: 99059K(113280K)->99059K(113280K) NonClass: 78968K(84992K)->78968K(84992K) Class: 20090K(28288K)->20090K(28288K)
[155.327s][info][gc          ] GC(103) Pause Full (System.gc()) 804M->804M(6144M) 561.321ms
[155.944s][info][gc,metaspace] GC(104) Metaspace: 99059K(113280K)->99059K(113280K) NonClass: 78968K(84992K)->78968K(84992K) Class: 20090K(28288K)->20090K(28288K)
[155.944s][info][gc          ] GC(104) Pause Full (System.gc()) 804M->804M(6144M) 616.636ms
[156.538s][info][gc,metaspace] GC(105) Metaspace: 99059K(113280K)->99059K(113280K) NonClass: 78968K(84992K)->78968K(84992K) Class: 20090K(28288K)->20090K(28288K)
[156.538s][info][gc          ] GC(105) Pause Full (System.gc()) 804M->804M(6144M) 594.408ms
[157.134s][info][gc,metaspace] GC(106) Metaspace: 99059K(113280K)->99059K(113280K) NonClass: 78968K(84992K)->78968K(84992K) Class: 20090K(28288K)->20090K(28288K)
[157.134s][info][gc          ] GC(106) Pause Full (System.gc()) 804M->804M(6144M) 595.364ms
[157.728s][info][gc,metaspace] GC(107) Metaspace: 99059K(113280K)->99059K(113280K) NonClass: 78968K(84992K)->78968K(84992K) Class: 20090K(28288K)->20090K(28288K)
[157.728s][info][gc          ] GC(107) Pause Full (System.gc()) 804M->804M(6144M) 593.510ms
[158.318s][info][gc,metaspace] GC(108) Metaspace: 99059K(113280K)->99059K(113280K) NonClass: 78968K(84992K)->78968K(84992K) Class: 20090K(28288K)->20090K(28288K)
[158.318s][info][gc          ] GC(108) Pause Full (System.gc()) 804M->804M(6144M) 590.712ms
[158.923s][info][gc,metaspace] GC(109) Metaspace: 99059K(113280K)->99059K(113280K) NonClass: 78968K(84992K)->78968K(84992K) Class: 20090K(28288K)->20090K(28288K)
[158.923s][info][gc          ] GC(109) Pause Full (System.gc()) 804M->804M(6144M) 604.726ms
[159.544s][info][gc,metaspace] GC(110) Metaspace: 99059K(113280K)->99059K(113280K) NonClass: 78968K(84992K)->78968K(84992K) Class: 20090K(28288K)->20090K(28288K)
[159.544s][info][gc          ] GC(110) Pause Full (System.gc()) 804M->804M(6144M) 620.899ms
[160.135s][info][gc,metaspace] GC(111) Metaspace: 99059K(113280K)->99059K(113280K) NonClass: 78968K(84992K)->78968K(84992K) Class: 20090K(28288K)->20090K(28288K)
[160.135s][info][gc          ] GC(111) Pause Full (System.gc()) 804M->804M(6144M) 590.848ms
[160.695s][info][gc,metaspace] GC(112) Metaspace: 99059K(113280K)->99059K(113280K) NonClass: 78968K(84992K)->78968K(84992K) Class: 20090K(28288K)->20090K(28288K)
[160.695s][info][gc          ] GC(112) Pause Full (System.gc()) 804M->804M(6144M) 560.205ms
[161.296s][info][gc,metaspace] GC(113) Metaspace: 99059K(113280K)->99059K(113280K) NonClass: 78968K(84992K)->78968K(84992K) Class: 20090K(28288K)->20090K(28288K)
[161.296s][info][gc          ] GC(113) Pause Full (System.gc()) 804M->804M(6144M) 600.761ms
[161.863s][info][gc,metaspace] GC(114) Metaspace: 99059K(113280K)->99059K(113280K) NonClass: 78968K(84992K)->78968K(84992K) Class: 20090K(28288K)->20090K(28288K)
[161.863s][info][gc          ] GC(114) Pause Full (System.gc()) 804M->804M(6144M) 566.233ms
[162.435s][info][gc,metaspace] GC(115) Metaspace: 99059K(113280K)->99059K(113280K) NonClass: 78968K(84992K)->78968K(84992K) Class: 20090K(28288K)->20090K(28288K)
[162.435s][info][gc          ] GC(115) Pause Full (System.gc()) 804M->804M(6144M) 571.980ms
[163.048s][info][gc,metaspace] GC(116) Metaspace: 99059K(113280K)->99059K(113280K) NonClass: 78968K(84992K)->78968K(84992K) Class: 20090K(28288K)->20090K(28288K)
[163.048s][info][gc          ] GC(116) Pause Full (System.gc()) 804M->804M(6144M) 613.308ms
[163.612s][info][gc,metaspace] GC(117) Metaspace: 99059K(113280K)->99059K(113280K) NonClass: 78968K(84992K)->78968K(84992K) Class: 20090K(28288K)->20090K(28288K)
[163.612s][info][gc          ] GC(117) Pause Full (System.gc()) 804M->804M(6144M) 563.999ms
[164.226s][info][gc,metaspace] GC(118) Metaspace: 99059K(113280K)->99059K(113280K) NonClass: 78968K(84992K)->78968K(84992K) Class: 20090K(28288K)->20090K(28288K)
[164.226s][info][gc          ] GC(118) Pause Full (System.gc()) 804M->804M(6144M) 613.664ms
[164.804s][info][gc,metaspace] GC(119) Metaspace: 99059K(113280K)->99059K(113280K) NonClass: 78968K(84992K)->78968K(84992K) Class: 20090K(28288K)->20090K(28288K)
[164.804s][info][gc          ] GC(119) Pause Full (System.gc()) 804M->804M(6144M) 577.612ms
[165.417s][info][gc,metaspace] GC(120) Metaspace: 99059K(113280K)->99059K(113280K) NonClass: 78968K(84992K)->78968K(84992K) Class: 20090K(28288K)->20090K(28288K)
[165.417s][info][gc          ] GC(120) Pause Full (System.gc()) 804M->804M(6144M) 613.073ms
[166.022s][info][gc,metaspace] GC(121) Metaspace: 99059K(113280K)->99059K(113280K) NonClass: 78968K(84992K)->78968K(84992K) Class: 20090K(28288K)->20090K(28288K)
[166.022s][info][gc          ] GC(121) Pause Full (System.gc()) 804M->804M(6144M) 600.759ms
After GCs... 
