Done; will start GCs... 
[104.574s][info][gc,metaspace] GC(22) Metaspace: 101174K(115456K)->101174K(115456K) NonClass: 72653K(78656K)->72653K(78656K) Class: 28521K(36800K)->28521K(36800K)
[104.574s][info][gc          ] GC(22) Pause Full (System.gc()) 815M->804M(6144M) 921.746ms
[105.402s][info][gc,metaspace] GC(23) Metaspace: 101174K(115456K)->101174K(115456K) NonClass: 72653K(78656K)->72653K(78656K) Class: 28521K(36800K)->28521K(36800K)
[105.402s][info][gc          ] GC(23) Pause Full (System.gc()) 804M->804M(6144M) 827.413ms
[106.248s][info][gc,metaspace] GC(24) Metaspace: 101174K(115456K)->101174K(115456K) NonClass: 72653K(78656K)->72653K(78656K) Class: 28521K(36800K)->28521K(36800K)
[106.248s][info][gc          ] GC(24) Pause Full (System.gc()) 804M->804M(6144M) 845.937ms
[107.107s][info][gc,metaspace] GC(25) Metaspace: 101174K(115456K)->101174K(115456K) NonClass: 72653K(78656K)->72653K(78656K) Class: 28521K(36800K)->28521K(36800K)
[107.107s][info][gc          ] GC(25) Pause Full (System.gc()) 804M->804M(6144M) 858.666ms
[107.948s][info][gc,metaspace] GC(26) Metaspace: 101174K(115456K)->101174K(115456K) NonClass: 72653K(78656K)->72653K(78656K) Class: 28521K(36800K)->28521K(36800K)
[107.948s][info][gc          ] GC(26) Pause Full (System.gc()) 804M->804M(6144M) 841.441ms
[108.768s][info][gc,metaspace] GC(27) Metaspace: 101174K(115456K)->101174K(115456K) NonClass: 72653K(78656K)->72653K(78656K) Class: 28521K(36800K)->28521K(36800K)
[108.768s][info][gc          ] GC(27) Pause Full (System.gc()) 804M->804M(6144M) 819.282ms
[109.639s][info][gc,metaspace] GC(28) Metaspace: 101174K(115456K)->101174K(115456K) NonClass: 72653K(78656K)->72653K(78656K) Class: 28521K(36800K)->28521K(36800K)
[109.639s][info][gc          ] GC(28) Pause Full (System.gc()) 804M->804M(6144M) 866.996ms
[110.461s][info][gc,metaspace] GC(29) Metaspace: 101174K(115456K)->101174K(115456K) NonClass: 72653K(78656K)->72653K(78656K) Class: 28521K(36800K)->28521K(36800K)
[110.461s][info][gc          ] GC(29) Pause Full (System.gc()) 804M->804M(6144M) 822.152ms
[111.278s][info][gc,metaspace] GC(30) Metaspace: 101174K(115456K)->101174K(115456K) NonClass: 72653K(78656K)->72653K(78656K) Class: 28521K(36800K)->28521K(36800K)
[111.278s][info][gc          ] GC(30) Pause Full (System.gc()) 804M->804M(6144M) 816.075ms
[112.101s][info][gc,metaspace] GC(31) Metaspace: 101174K(115456K)->101174K(115456K) NonClass: 72653K(78656K)->72653K(78656K) Class: 28521K(36800K)->28521K(36800K)
[112.101s][info][gc          ] GC(31) Pause Full (System.gc()) 804M->804M(6144M) 823.225ms
[112.867s][info][gc,metaspace] GC(32) Metaspace: 101174K(115456K)->101174K(115456K) NonClass: 72653K(78656K)->72653K(78656K) Class: 28521K(36800K)->28521K(36800K)
[112.867s][info][gc          ] GC(32) Pause Full (System.gc()) 804M->804M(6144M) 766.487ms
[113.635s][info][gc,metaspace] GC(33) Metaspace: 101174K(115456K)->101174K(115456K) NonClass: 72653K(78656K)->72653K(78656K) Class: 28521K(36800K)->28521K(36800K)
[113.636s][info][gc          ] GC(33) Pause Full (System.gc()) 804M->804M(6144M) 767.956ms
[114.440s][info][gc,metaspace] GC(34) Metaspace: 101174K(115456K)->101174K(115456K) NonClass: 72653K(78656K)->72653K(78656K) Class: 28521K(36800K)->28521K(36800K)
[114.440s][info][gc          ] GC(34) Pause Full (System.gc()) 804M->804M(6144M) 804.000ms
[115.273s][info][gc,metaspace] GC(35) Metaspace: 101174K(115456K)->101174K(115456K) NonClass: 72653K(78656K)->72653K(78656K) Class: 28521K(36800K)->28521K(36800K)
[115.274s][info][gc          ] GC(35) Pause Full (System.gc()) 804M->804M(6144M) 833.771ms
[116.095s][info][gc,metaspace] GC(36) Metaspace: 101174K(115456K)->101174K(115456K) NonClass: 72653K(78656K)->72653K(78656K) Class: 28521K(36800K)->28521K(36800K)
[116.095s][info][gc          ] GC(36) Pause Full (System.gc()) 804M->804M(6144M) 821.382ms
[116.945s][info][gc,metaspace] GC(37) Metaspace: 101174K(115456K)->101174K(115456K) NonClass: 72653K(78656K)->72653K(78656K) Class: 28521K(36800K)->28521K(36800K)
[116.945s][info][gc          ] GC(37) Pause Full (System.gc()) 804M->804M(6144M) 850.220ms
[117.755s][info][gc,metaspace] GC(38) Metaspace: 101174K(115456K)->101174K(115456K) NonClass: 72653K(78656K)->72653K(78656K) Class: 28521K(36800K)->28521K(36800K)
[117.755s][info][gc          ] GC(38) Pause Full (System.gc()) 804M->804M(6144M) 809.365ms
[118.581s][info][gc,metaspace] GC(39) Metaspace: 101174K(115456K)->101174K(115456K) NonClass: 72653K(78656K)->72653K(78656K) Class: 28521K(36800K)->28521K(36800K)
[118.581s][info][gc          ] GC(39) Pause Full (System.gc()) 804M->804M(6144M) 825.812ms
[119.427s][info][gc,metaspace] GC(40) Metaspace: 101174K(115456K)->101174K(115456K) NonClass: 72653K(78656K)->72653K(78656K) Class: 28521K(36800K)->28521K(36800K)
[119.427s][info][gc          ] GC(40) Pause Full (System.gc()) 804M->804M(6144M) 845.883ms
[120.245s][info][gc,metaspace] GC(41) Metaspace: 101174K(115456K)->101174K(115456K) NonClass: 72653K(78656K)->72653K(78656K) Class: 28521K(36800K)->28521K(36800K)
[120.245s][info][gc          ] GC(41) Pause Full (System.gc()) 804M->804M(6144M) 818.335ms
[121.039s][info][gc,metaspace] GC(42) Metaspace: 101174K(115456K)->101174K(115456K) NonClass: 72653K(78656K)->72653K(78656K) Class: 28521K(36800K)->28521K(36800K)
[121.039s][info][gc          ] GC(42) Pause Full (System.gc()) 804M->804M(6144M) 793.362ms
[121.843s][info][gc,metaspace] GC(43) Metaspace: 101174K(115456K)->101174K(115456K) NonClass: 72653K(78656K)->72653K(78656K) Class: 28521K(36800K)->28521K(36800K)
[121.843s][info][gc          ] GC(43) Pause Full (System.gc()) 804M->804M(6144M) 804.331ms
[122.695s][info][gc,metaspace] GC(44) Metaspace: 101174K(115456K)->101174K(115456K) NonClass: 72653K(78656K)->72653K(78656K) Class: 28521K(36800K)->28521K(36800K)
[122.696s][info][gc          ] GC(44) Pause Full (System.gc()) 804M->804M(6144M) 852.362ms
[123.552s][info][gc,metaspace] GC(45) Metaspace: 101174K(115456K)->101174K(115456K) NonClass: 72653K(78656K)->72653K(78656K) Class: 28521K(36800K)->28521K(36800K)
[123.552s][info][gc          ] GC(45) Pause Full (System.gc()) 805M->804M(6144M) 856.542ms
[124.348s][info][gc,metaspace] GC(46) Metaspace: 101174K(115456K)->101174K(115456K) NonClass: 72653K(78656K)->72653K(78656K) Class: 28521K(36800K)->28521K(36800K)
[124.348s][info][gc          ] GC(46) Pause Full (System.gc()) 804M->804M(6144M) 795.924ms
[125.119s][info][gc,metaspace] GC(47) Metaspace: 101174K(115456K)->101174K(115456K) NonClass: 72653K(78656K)->72653K(78656K) Class: 28521K(36800K)->28521K(36800K)
[125.119s][info][gc          ] GC(47) Pause Full (System.gc()) 804M->804M(6144M) 770.510ms
[125.968s][info][gc,metaspace] GC(48) Metaspace: 101174K(115456K)->101174K(115456K) NonClass: 72653K(78656K)->72653K(78656K) Class: 28521K(36800K)->28521K(36800K)
[125.968s][info][gc          ] GC(48) Pause Full (System.gc()) 804M->804M(6144M) 849.266ms
[126.774s][info][gc,metaspace] GC(49) Metaspace: 101174K(115456K)->101174K(115456K) NonClass: 72653K(78656K)->72653K(78656K) Class: 28521K(36800K)->28521K(36800K)
[126.774s][info][gc          ] GC(49) Pause Full (System.gc()) 804M->804M(6144M) 805.356ms
[127.632s][info][gc,metaspace] GC(50) Metaspace: 101174K(115456K)->101174K(115456K) NonClass: 72653K(78656K)->72653K(78656K) Class: 28521K(36800K)->28521K(36800K)
[127.632s][info][gc          ] GC(50) Pause Full (System.gc()) 804M->804M(6144M) 858.388ms
[128.455s][info][gc,metaspace] GC(51) Metaspace: 101174K(115456K)->101174K(115456K) NonClass: 72653K(78656K)->72653K(78656K) Class: 28521K(36800K)->28521K(36800K)
[128.455s][info][gc          ] GC(51) Pause Full (System.gc()) 804M->804M(6144M) 822.756ms
[129.234s][info][gc,metaspace] GC(52) Metaspace: 101174K(115456K)->101174K(115456K) NonClass: 72653K(78656K)->72653K(78656K) Class: 28521K(36800K)->28521K(36800K)
[129.234s][info][gc          ] GC(52) Pause Full (System.gc()) 804M->804M(6144M) 778.589ms
[130.059s][info][gc,metaspace] GC(53) Metaspace: 101174K(115456K)->101174K(115456K) NonClass: 72653K(78656K)->72653K(78656K) Class: 28521K(36800K)->28521K(36800K)
[130.059s][info][gc          ] GC(53) Pause Full (System.gc()) 804M->804M(6144M) 825.468ms
[130.832s][info][gc,metaspace] GC(54) Metaspace: 101174K(115456K)->101174K(115456K) NonClass: 72653K(78656K)->72653K(78656K) Class: 28521K(36800K)->28521K(36800K)
[130.832s][info][gc          ] GC(54) Pause Full (System.gc()) 804M->804M(6144M) 772.559ms
[131.633s][info][gc,metaspace] GC(55) Metaspace: 101174K(115456K)->101174K(115456K) NonClass: 72653K(78656K)->72653K(78656K) Class: 28521K(36800K)->28521K(36800K)
[131.633s][info][gc          ] GC(55) Pause Full (System.gc()) 804M->804M(6144M) 801.398ms
[132.426s][info][gc,metaspace] GC(56) Metaspace: 101174K(115456K)->101174K(115456K) NonClass: 72653K(78656K)->72653K(78656K) Class: 28521K(36800K)->28521K(36800K)
[132.426s][info][gc          ] GC(56) Pause Full (System.gc()) 804M->804M(6144M) 792.168ms
[133.250s][info][gc,metaspace] GC(57) Metaspace: 101174K(115456K)->101174K(115456K) NonClass: 72653K(78656K)->72653K(78656K) Class: 28521K(36800K)->28521K(36800K)
[133.250s][info][gc          ] GC(57) Pause Full (System.gc()) 804M->804M(6144M) 823.819ms
[134.020s][info][gc,metaspace] GC(58) Metaspace: 101174K(115456K)->101174K(115456K) NonClass: 72653K(78656K)->72653K(78656K) Class: 28521K(36800K)->28521K(36800K)
[134.020s][info][gc          ] GC(58) Pause Full (System.gc()) 804M->804M(6144M) 770.142ms
[134.850s][info][gc,metaspace] GC(59) Metaspace: 101174K(115456K)->101174K(115456K) NonClass: 72653K(78656K)->72653K(78656K) Class: 28521K(36800K)->28521K(36800K)
[134.850s][info][gc          ] GC(59) Pause Full (System.gc()) 804M->804M(6144M) 830.012ms
[135.652s][info][gc,metaspace] GC(60) Metaspace: 101174K(115456K)->101174K(115456K) NonClass: 72653K(78656K)->72653K(78656K) Class: 28521K(36800K)->28521K(36800K)
[135.652s][info][gc          ] GC(60) Pause Full (System.gc()) 804M->804M(6144M) 801.761ms
[136.443s][info][gc,metaspace] GC(61) Metaspace: 101174K(115456K)->101174K(115456K) NonClass: 72653K(78656K)->72653K(78656K) Class: 28521K(36800K)->28521K(36800K)
[136.443s][info][gc          ] GC(61) Pause Full (System.gc()) 804M->804M(6144M) 790.770ms
[137.276s][info][gc,metaspace] GC(62) Metaspace: 101174K(115456K)->101174K(115456K) NonClass: 72653K(78656K)->72653K(78656K) Class: 28521K(36800K)->28521K(36800K)
[137.276s][info][gc          ] GC(62) Pause Full (System.gc()) 804M->804M(6144M) 833.409ms
[138.051s][info][gc,metaspace] GC(63) Metaspace: 101174K(115456K)->101174K(115456K) NonClass: 72653K(78656K)->72653K(78656K) Class: 28521K(36800K)->28521K(36800K)
[138.051s][info][gc          ] GC(63) Pause Full (System.gc()) 804M->804M(6144M) 775.169ms
[138.833s][info][gc,metaspace] GC(64) Metaspace: 101174K(115456K)->101174K(115456K) NonClass: 72653K(78656K)->72653K(78656K) Class: 28521K(36800K)->28521K(36800K)
[138.833s][info][gc          ] GC(64) Pause Full (System.gc()) 804M->804M(6144M) 781.270ms
[139.654s][info][gc,metaspace] GC(65) Metaspace: 101174K(115456K)->101174K(115456K) NonClass: 72653K(78656K)->72653K(78656K) Class: 28521K(36800K)->28521K(36800K)
[139.654s][info][gc          ] GC(65) Pause Full (System.gc()) 804M->804M(6144M) 821.477ms
[140.470s][info][gc,metaspace] GC(66) Metaspace: 101174K(115456K)->101174K(115456K) NonClass: 72653K(78656K)->72653K(78656K) Class: 28521K(36800K)->28521K(36800K)
[140.470s][info][gc          ] GC(66) Pause Full (System.gc()) 804M->804M(6144M) 815.242ms
[141.252s][info][gc,metaspace] GC(67) Metaspace: 101174K(115456K)->101174K(115456K) NonClass: 72653K(78656K)->72653K(78656K) Class: 28521K(36800K)->28521K(36800K)
[141.252s][info][gc          ] GC(67) Pause Full (System.gc()) 804M->804M(6144M) 781.880ms
[142.084s][info][gc,metaspace] GC(68) Metaspace: 101174K(115456K)->101174K(115456K) NonClass: 72653K(78656K)->72653K(78656K) Class: 28521K(36800K)->28521K(36800K)
[142.084s][info][gc          ] GC(68) Pause Full (System.gc()) 804M->804M(6144M) 831.744ms
[142.953s][info][gc,metaspace] GC(69) Metaspace: 101174K(115456K)->101174K(115456K) NonClass: 72653K(78656K)->72653K(78656K) Class: 28521K(36800K)->28521K(36800K)
[142.953s][info][gc          ] GC(69) Pause Full (System.gc()) 804M->804M(6144M) 869.455ms
[143.794s][info][gc,metaspace] GC(70) Metaspace: 101174K(115456K)->101174K(115456K) NonClass: 72653K(78656K)->72653K(78656K) Class: 28521K(36800K)->28521K(36800K)
[143.794s][info][gc          ] GC(70) Pause Full (System.gc()) 804M->804M(6144M) 841.043ms
[144.587s][info][gc,metaspace] GC(71) Metaspace: 101174K(115456K)->101174K(115456K) NonClass: 72653K(78656K)->72653K(78656K) Class: 28521K(36800K)->28521K(36800K)
[144.587s][info][gc          ] GC(71) Pause Full (System.gc()) 804M->804M(6144M) 792.790ms
[145.452s][info][gc,metaspace] GC(72) Metaspace: 101174K(115456K)->101174K(115456K) NonClass: 72653K(78656K)->72653K(78656K) Class: 28521K(36800K)->28521K(36800K)
[145.452s][info][gc          ] GC(72) Pause Full (System.gc()) 804M->804M(6144M) 864.876ms
[146.290s][info][gc,metaspace] GC(73) Metaspace: 101174K(115456K)->101174K(115456K) NonClass: 72653K(78656K)->72653K(78656K) Class: 28521K(36800K)->28521K(36800K)
[146.290s][info][gc          ] GC(73) Pause Full (System.gc()) 804M->804M(6144M) 837.987ms
[147.118s][info][gc,metaspace] GC(74) Metaspace: 101174K(115456K)->101174K(115456K) NonClass: 72653K(78656K)->72653K(78656K) Class: 28521K(36800K)->28521K(36800K)
[147.118s][info][gc          ] GC(74) Pause Full (System.gc()) 804M->804M(6144M) 827.790ms
[147.919s][info][gc,metaspace] GC(75) Metaspace: 101174K(115456K)->101174K(115456K) NonClass: 72653K(78656K)->72653K(78656K) Class: 28521K(36800K)->28521K(36800K)
[147.919s][info][gc          ] GC(75) Pause Full (System.gc()) 804M->804M(6144M) 800.443ms
[148.745s][info][gc,metaspace] GC(76) Metaspace: 101174K(115456K)->101174K(115456K) NonClass: 72653K(78656K)->72653K(78656K) Class: 28521K(36800K)->28521K(36800K)
[148.745s][info][gc          ] GC(76) Pause Full (System.gc()) 804M->804M(6144M) 825.746ms
[149.604s][info][gc,metaspace] GC(77) Metaspace: 101174K(115456K)->101174K(115456K) NonClass: 72653K(78656K)->72653K(78656K) Class: 28521K(36800K)->28521K(36800K)
[149.605s][info][gc          ] GC(77) Pause Full (System.gc()) 804M->804M(6144M) 859.850ms
[150.435s][info][gc,metaspace] GC(78) Metaspace: 101174K(115456K)->101174K(115456K) NonClass: 72653K(78656K)->72653K(78656K) Class: 28521K(36800K)->28521K(36800K)
[150.435s][info][gc          ] GC(78) Pause Full (System.gc()) 804M->804M(6144M) 830.635ms
[151.254s][info][gc,metaspace] GC(79) Metaspace: 101174K(115456K)->101174K(115456K) NonClass: 72653K(78656K)->72653K(78656K) Class: 28521K(36800K)->28521K(36800K)
[151.254s][info][gc          ] GC(79) Pause Full (System.gc()) 804M->804M(6144M) 819.102ms
[152.116s][info][gc,metaspace] GC(80) Metaspace: 101174K(115456K)->101174K(115456K) NonClass: 72653K(78656K)->72653K(78656K) Class: 28521K(36800K)->28521K(36800K)
[152.116s][info][gc          ] GC(80) Pause Full (System.gc()) 804M->804M(6144M) 861.456ms
[152.905s][info][gc,metaspace] GC(81) Metaspace: 101174K(115456K)->101174K(115456K) NonClass: 72653K(78656K)->72653K(78656K) Class: 28521K(36800K)->28521K(36800K)
[152.905s][info][gc          ] GC(81) Pause Full (System.gc()) 804M->804M(6144M) 788.717ms
[153.744s][info][gc,metaspace] GC(82) Metaspace: 101174K(115456K)->101174K(115456K) NonClass: 72653K(78656K)->72653K(78656K) Class: 28521K(36800K)->28521K(36800K)
[153.744s][info][gc          ] GC(82) Pause Full (System.gc()) 804M->804M(6144M) 839.410ms
[154.569s][info][gc,metaspace] GC(83) Metaspace: 101174K(115456K)->101174K(115456K) NonClass: 72653K(78656K)->72653K(78656K) Class: 28521K(36800K)->28521K(36800K)
[154.569s][info][gc          ] GC(83) Pause Full (System.gc()) 804M->804M(6144M) 820.086ms
[155.443s][info][gc,metaspace] GC(84) Metaspace: 101174K(115456K)->101174K(115456K) NonClass: 72653K(78656K)->72653K(78656K) Class: 28521K(36800K)->28521K(36800K)
[155.443s][info][gc          ] GC(84) Pause Full (System.gc()) 804M->804M(6144M) 873.998ms
[156.257s][info][gc,metaspace] GC(85) Metaspace: 101174K(115456K)->101174K(115456K) NonClass: 72653K(78656K)->72653K(78656K) Class: 28521K(36800K)->28521K(36800K)
[156.257s][info][gc          ] GC(85) Pause Full (System.gc()) 804M->804M(6144M) 814.387ms
[157.049s][info][gc,metaspace] GC(86) Metaspace: 101174K(115456K)->101174K(115456K) NonClass: 72653K(78656K)->72653K(78656K) Class: 28521K(36800K)->28521K(36800K)
[157.050s][info][gc          ] GC(86) Pause Full (System.gc()) 804M->804M(6144M) 792.128ms
[157.918s][info][gc,metaspace] GC(87) Metaspace: 101174K(115456K)->101174K(115456K) NonClass: 72653K(78656K)->72653K(78656K) Class: 28521K(36800K)->28521K(36800K)
[157.918s][info][gc          ] GC(87) Pause Full (System.gc()) 804M->804M(6144M) 868.195ms
[158.739s][info][gc,metaspace] GC(88) Metaspace: 101174K(115456K)->101174K(115456K) NonClass: 72653K(78656K)->72653K(78656K) Class: 28521K(36800K)->28521K(36800K)
[158.739s][info][gc          ] GC(88) Pause Full (System.gc()) 804M->804M(6144M) 821.549ms
[159.587s][info][gc,metaspace] GC(89) Metaspace: 101174K(115456K)->101174K(115456K) NonClass: 72653K(78656K)->72653K(78656K) Class: 28521K(36800K)->28521K(36800K)
[159.587s][info][gc          ] GC(89) Pause Full (System.gc()) 804M->804M(6144M) 847.752ms
[160.363s][info][gc,metaspace] GC(90) Metaspace: 101174K(115456K)->101174K(115456K) NonClass: 72653K(78656K)->72653K(78656K) Class: 28521K(36800K)->28521K(36800K)
[160.363s][info][gc          ] GC(90) Pause Full (System.gc()) 804M->804M(6144M) 775.693ms
[161.149s][info][gc,metaspace] GC(91) Metaspace: 101174K(115456K)->101174K(115456K) NonClass: 72653K(78656K)->72653K(78656K) Class: 28521K(36800K)->28521K(36800K)
[161.149s][info][gc          ] GC(91) Pause Full (System.gc()) 804M->804M(6144M) 785.438ms
[161.946s][info][gc,metaspace] GC(92) Metaspace: 101174K(115456K)->101174K(115456K) NonClass: 72653K(78656K)->72653K(78656K) Class: 28521K(36800K)->28521K(36800K)
[161.946s][info][gc          ] GC(92) Pause Full (System.gc()) 804M->804M(6144M) 797.612ms
[162.785s][info][gc,metaspace] GC(93) Metaspace: 101174K(115456K)->101174K(115456K) NonClass: 72653K(78656K)->72653K(78656K) Class: 28521K(36800K)->28521K(36800K)
[162.785s][info][gc          ] GC(93) Pause Full (System.gc()) 804M->804M(6144M) 838.810ms
[163.638s][info][gc,metaspace] GC(94) Metaspace: 101174K(115456K)->101174K(115456K) NonClass: 72653K(78656K)->72653K(78656K) Class: 28521K(36800K)->28521K(36800K)
[163.638s][info][gc          ] GC(94) Pause Full (System.gc()) 804M->804M(6144M) 852.884ms
[164.465s][info][gc,metaspace] GC(95) Metaspace: 101174K(115456K)->101174K(115456K) NonClass: 72653K(78656K)->72653K(78656K) Class: 28521K(36800K)->28521K(36800K)
[164.465s][info][gc          ] GC(95) Pause Full (System.gc()) 804M->804M(6144M) 826.341ms
[165.290s][info][gc,metaspace] GC(96) Metaspace: 101174K(115456K)->101174K(115456K) NonClass: 72653K(78656K)->72653K(78656K) Class: 28521K(36800K)->28521K(36800K)
[165.290s][info][gc          ] GC(96) Pause Full (System.gc()) 804M->804M(6144M) 824.855ms
[166.189s][info][gc,metaspace] GC(97) Metaspace: 101174K(115456K)->101174K(115456K) NonClass: 72653K(78656K)->72653K(78656K) Class: 28521K(36800K)->28521K(36800K)
[166.189s][info][gc          ] GC(97) Pause Full (System.gc()) 804M->804M(6144M) 894.505ms
[166.971s][info][gc,metaspace] GC(98) Metaspace: 101174K(115456K)->101174K(115456K) NonClass: 72653K(78656K)->72653K(78656K) Class: 28521K(36800K)->28521K(36800K)
[166.971s][info][gc          ] GC(98) Pause Full (System.gc()) 804M->804M(6144M) 782.777ms
[167.786s][info][gc,metaspace] GC(99) Metaspace: 101174K(115456K)->101174K(115456K) NonClass: 72653K(78656K)->72653K(78656K) Class: 28521K(36800K)->28521K(36800K)
[167.786s][info][gc          ] GC(99) Pause Full (System.gc()) 804M->804M(6144M) 814.006ms
[168.631s][info][gc,metaspace] GC(100) Metaspace: 101174K(115456K)->101174K(115456K) NonClass: 72653K(78656K)->72653K(78656K) Class: 28521K(36800K)->28521K(36800K)
[168.631s][info][gc          ] GC(100) Pause Full (System.gc()) 804M->804M(6144M) 845.602ms
[169.498s][info][gc,metaspace] GC(101) Metaspace: 101174K(115456K)->101174K(115456K) NonClass: 72653K(78656K)->72653K(78656K) Class: 28521K(36800K)->28521K(36800K)
[169.498s][info][gc          ] GC(101) Pause Full (System.gc()) 804M->804M(6144M) 866.446ms
[170.315s][info][gc,metaspace] GC(102) Metaspace: 101174K(115456K)->101174K(115456K) NonClass: 72653K(78656K)->72653K(78656K) Class: 28521K(36800K)->28521K(36800K)
[170.316s][info][gc          ] GC(102) Pause Full (System.gc()) 804M->804M(6144M) 817.588ms
[171.220s][info][gc,metaspace] GC(103) Metaspace: 101174K(115456K)->101174K(115456K) NonClass: 72653K(78656K)->72653K(78656K) Class: 28521K(36800K)->28521K(36800K)
[171.220s][info][gc          ] GC(103) Pause Full (System.gc()) 804M->804M(6144M) 899.706ms
[172.010s][info][gc,metaspace] GC(104) Metaspace: 101174K(115456K)->101174K(115456K) NonClass: 72653K(78656K)->72653K(78656K) Class: 28521K(36800K)->28521K(36800K)
[172.010s][info][gc          ] GC(104) Pause Full (System.gc()) 804M->804M(6144M) 790.188ms
[172.825s][info][gc,metaspace] GC(105) Metaspace: 101174K(115456K)->101174K(115456K) NonClass: 72653K(78656K)->72653K(78656K) Class: 28521K(36800K)->28521K(36800K)
[172.825s][info][gc          ] GC(105) Pause Full (System.gc()) 804M->804M(6144M) 815.314ms
[173.610s][info][gc,metaspace] GC(106) Metaspace: 101174K(115456K)->101174K(115456K) NonClass: 72653K(78656K)->72653K(78656K) Class: 28521K(36800K)->28521K(36800K)
[173.610s][info][gc          ] GC(106) Pause Full (System.gc()) 804M->804M(6144M) 784.422ms
[174.425s][info][gc,metaspace] GC(107) Metaspace: 101174K(115456K)->101174K(115456K) NonClass: 72653K(78656K)->72653K(78656K) Class: 28521K(36800K)->28521K(36800K)
[174.425s][info][gc          ] GC(107) Pause Full (System.gc()) 804M->804M(6144M) 814.945ms
[175.210s][info][gc,metaspace] GC(108) Metaspace: 101174K(115456K)->101174K(115456K) NonClass: 72653K(78656K)->72653K(78656K) Class: 28521K(36800K)->28521K(36800K)
[175.210s][info][gc          ] GC(108) Pause Full (System.gc()) 804M->804M(6144M) 785.135ms
[176.032s][info][gc,metaspace] GC(109) Metaspace: 101174K(115456K)->101174K(115456K) NonClass: 72653K(78656K)->72653K(78656K) Class: 28521K(36800K)->28521K(36800K)
[176.032s][info][gc          ] GC(109) Pause Full (System.gc()) 804M->804M(6144M) 821.706ms
[176.863s][info][gc,metaspace] GC(110) Metaspace: 101174K(115456K)->101174K(115456K) NonClass: 72653K(78656K)->72653K(78656K) Class: 28521K(36800K)->28521K(36800K)
[176.864s][info][gc          ] GC(110) Pause Full (System.gc()) 804M->804M(6144M) 831.492ms
[177.701s][info][gc,metaspace] GC(111) Metaspace: 101174K(115456K)->101174K(115456K) NonClass: 72653K(78656K)->72653K(78656K) Class: 28521K(36800K)->28521K(36800K)
[177.701s][info][gc          ] GC(111) Pause Full (System.gc()) 804M->804M(6144M) 837.274ms
[178.553s][info][gc,metaspace] GC(112) Metaspace: 101174K(115456K)->101174K(115456K) NonClass: 72653K(78656K)->72653K(78656K) Class: 28521K(36800K)->28521K(36800K)
[178.553s][info][gc          ] GC(112) Pause Full (System.gc()) 804M->804M(6144M) 852.312ms
[179.380s][info][gc,metaspace] GC(113) Metaspace: 101174K(115456K)->101174K(115456K) NonClass: 72653K(78656K)->72653K(78656K) Class: 28521K(36800K)->28521K(36800K)
[179.380s][info][gc          ] GC(113) Pause Full (System.gc()) 804M->804M(6144M) 826.416ms
[180.210s][info][gc,metaspace] GC(114) Metaspace: 101174K(115456K)->101174K(115456K) NonClass: 72653K(78656K)->72653K(78656K) Class: 28521K(36800K)->28521K(36800K)
[180.210s][info][gc          ] GC(114) Pause Full (System.gc()) 804M->804M(6144M) 830.000ms
[181.031s][info][gc,metaspace] GC(115) Metaspace: 101174K(115456K)->101174K(115456K) NonClass: 72653K(78656K)->72653K(78656K) Class: 28521K(36800K)->28521K(36800K)
[181.031s][info][gc          ] GC(115) Pause Full (System.gc()) 804M->804M(6144M) 820.865ms
[181.825s][info][gc,metaspace] GC(116) Metaspace: 101174K(115456K)->101174K(115456K) NonClass: 72653K(78656K)->72653K(78656K) Class: 28521K(36800K)->28521K(36800K)
[181.825s][info][gc          ] GC(116) Pause Full (System.gc()) 804M->804M(6144M) 789.421ms
[182.633s][info][gc,metaspace] GC(117) Metaspace: 101174K(115456K)->101174K(115456K) NonClass: 72653K(78656K)->72653K(78656K) Class: 28521K(36800K)->28521K(36800K)
[182.633s][info][gc          ] GC(117) Pause Full (System.gc()) 804M->804M(6144M) 807.796ms
[183.507s][info][gc,metaspace] GC(118) Metaspace: 101174K(115456K)->101174K(115456K) NonClass: 72653K(78656K)->72653K(78656K) Class: 28521K(36800K)->28521K(36800K)
[183.507s][info][gc          ] GC(118) Pause Full (System.gc()) 804M->804M(6144M) 874.808ms
[184.378s][info][gc,metaspace] GC(119) Metaspace: 101174K(115456K)->101174K(115456K) NonClass: 72653K(78656K)->72653K(78656K) Class: 28521K(36800K)->28521K(36800K)
[184.378s][info][gc          ] GC(119) Pause Full (System.gc()) 804M->804M(6144M) 870.501ms
[185.238s][info][gc,metaspace] GC(120) Metaspace: 101174K(115456K)->101174K(115456K) NonClass: 72653K(78656K)->72653K(78656K) Class: 28521K(36800K)->28521K(36800K)
[185.238s][info][gc          ] GC(120) Pause Full (System.gc()) 805M->804M(6144M) 860.169ms
[186.070s][info][gc,metaspace] GC(121) Metaspace: 101174K(115456K)->101174K(115456K) NonClass: 72653K(78656K)->72653K(78656K) Class: 28521K(36800K)->28521K(36800K)
[186.070s][info][gc          ] GC(121) Pause Full (System.gc()) 804M->804M(6144M) 831.201ms
After GCs... 
