Done; will start GCs... 
[9.444s][info][gc,metaspace] GC(3) Metaspace: 35081K(39040K)->35081K(39040K) NonClass: 23279K(23680K)->23279K(23680K) Class: 11802K(15360K)->11802K(15360K)
[9.444s][info][gc          ] GC(3) Pause Young (System.gc()) 800M->772M(5888M) 2124.214ms
[11.444s][info][gc,metaspace] GC(4) Metaspace: 35081K(39040K)->35081K(39040K) NonClass: 23279K(23680K)->23279K(23680K) Class: 11802K(15360K)->11802K(15360K)
[11.444s][info][gc          ] GC(4) Pause Full (System.gc()) 772M->771M(5888M) 2000.256ms
[11.445s][info][gc,metaspace] GC(5) Metaspace: 35081K(39040K)->35081K(39040K) NonClass: 23279K(23680K)->23279K(23680K) Class: 11802K(15360K)->11802K(15360K)
[11.445s][info][gc          ] GC(5) Pause Young (System.gc()) 771M->771M(5888M) 0.456ms
[12.297s][info][gc,metaspace] GC(6) Metaspace: 35081K(39040K)->35081K(39040K) NonClass: 23279K(23680K)->23279K(23680K) Class: 11802K(15360K)->11802K(15360K)
[12.297s][info][gc          ] GC(6) Pause Full (System.gc()) 771M->771M(5888M) 851.972ms
[12.298s][info][gc,metaspace] GC(7) Metaspace: 35081K(39040K)->35081K(39040K) NonClass: 23279K(23680K)->23279K(23680K) Class: 11802K(15360K)->11802K(15360K)
[12.298s][info][gc          ] GC(7) Pause Young (System.gc()) 771M->771M(5888M) 0.476ms
[12.941s][info][gc,metaspace] GC(8) Metaspace: 35081K(39040K)->35081K(39040K) NonClass: 23279K(23680K)->23279K(23680K) Class: 11802K(15360K)->11802K(15360K)
[12.941s][info][gc          ] GC(8) Pause Full (System.gc()) 771M->771M(5888M) 643.316ms
[12.942s][info][gc,metaspace] GC(9) Metaspace: 35081K(39040K)->35081K(39040K) NonClass: 23279K(23680K)->23279K(23680K) Class: 11802K(15360K)->11802K(15360K)
[12.942s][info][gc          ] GC(9) Pause Young (System.gc()) 771M->771M(5888M) 0.463ms
[13.802s][info][gc,metaspace] GC(10) Metaspace: 35081K(39040K)->35081K(39040K) NonClass: 23279K(23680K)->23279K(23680K) Class: 11802K(15360K)->11802K(15360K)
[13.802s][info][gc          ] GC(10) Pause Full (System.gc()) 771M->771M(5888M) 860.492ms
[13.803s][info][gc,metaspace] GC(11) Metaspace: 35081K(39040K)->35081K(39040K) NonClass: 23279K(23680K)->23279K(23680K) Class: 11802K(15360K)->11802K(15360K)
[13.803s][info][gc          ] GC(11) Pause Young (System.gc()) 771M->771M(5888M) 0.402ms
[14.445s][info][gc,metaspace] GC(12) Metaspace: 35081K(39040K)->35081K(39040K) NonClass: 23279K(23680K)->23279K(23680K) Class: 11802K(15360K)->11802K(15360K)
[14.445s][info][gc          ] GC(12) Pause Full (System.gc()) 771M->771M(5888M) 642.486ms
[14.446s][info][gc,metaspace] GC(13) Metaspace: 35081K(39040K)->35081K(39040K) NonClass: 23279K(23680K)->23279K(23680K) Class: 11802K(15360K)->11802K(15360K)
[14.446s][info][gc          ] GC(13) Pause Young (System.gc()) 771M->771M(5888M) 0.696ms
[15.104s][info][gc,metaspace] GC(14) Metaspace: 35081K(39040K)->35081K(39040K) NonClass: 23279K(23680K)->23279K(23680K) Class: 11802K(15360K)->11802K(15360K)
[15.104s][info][gc          ] GC(14) Pause Full (System.gc()) 771M->771M(5888M) 657.635ms
[15.104s][info][gc,metaspace] GC(15) Metaspace: 35082K(39040K)->35082K(39040K) NonClass: 23280K(23680K)->23280K(23680K) Class: 11802K(15360K)->11802K(15360K)
[15.104s][info][gc          ] GC(15) Pause Young (System.gc()) 771M->771M(5888M) 0.468ms
[15.767s][info][gc,metaspace] GC(16) Metaspace: 35082K(39040K)->35082K(39040K) NonClass: 23280K(23680K)->23280K(23680K) Class: 11802K(15360K)->11802K(15360K)
[15.767s][info][gc          ] GC(16) Pause Full (System.gc()) 771M->771M(5888M) 663.085ms
[15.768s][info][gc,metaspace] GC(17) Metaspace: 35082K(39040K)->35082K(39040K) NonClass: 23280K(23680K)->23280K(23680K) Class: 11802K(15360K)->11802K(15360K)
[15.768s][info][gc          ] GC(17) Pause Young (System.gc()) 771M->771M(5888M) 0.634ms
[16.428s][info][gc,metaspace] GC(18) Metaspace: 35082K(39040K)->35082K(39040K) NonClass: 23280K(23680K)->23280K(23680K) Class: 11802K(15360K)->11802K(15360K)
[16.428s][info][gc          ] GC(18) Pause Full (System.gc()) 771M->771M(5888M) 660.002ms
[16.429s][info][gc,metaspace] GC(19) Metaspace: 35082K(39040K)->35082K(39040K) NonClass: 23280K(23680K)->23280K(23680K) Class: 11802K(15360K)->11802K(15360K)
[16.429s][info][gc          ] GC(19) Pause Young (System.gc()) 771M->771M(5888M) 0.587ms
[17.103s][info][gc,metaspace] GC(20) Metaspace: 35082K(39040K)->35082K(39040K) NonClass: 23280K(23680K)->23280K(23680K) Class: 11802K(15360K)->11802K(15360K)
[17.103s][info][gc          ] GC(20) Pause Full (System.gc()) 771M->771M(5888M) 673.964ms
[17.103s][info][gc,metaspace] GC(21) Metaspace: 35082K(39040K)->35082K(39040K) NonClass: 23280K(23680K)->23280K(23680K) Class: 11802K(15360K)->11802K(15360K)
[17.103s][info][gc          ] GC(21) Pause Young (System.gc()) 771M->771M(5888M) 0.420ms
[17.753s][info][gc,metaspace] GC(22) Metaspace: 35082K(39040K)->35082K(39040K) NonClass: 23280K(23680K)->23280K(23680K) Class: 11802K(15360K)->11802K(15360K)
[17.753s][info][gc          ] GC(22) Pause Full (System.gc()) 771M->771M(5888M) 649.315ms
[17.753s][info][gc,metaspace] GC(23) Metaspace: 35082K(39040K)->35082K(39040K) NonClass: 23280K(23680K)->23280K(23680K) Class: 11802K(15360K)->11802K(15360K)
[17.754s][info][gc          ] GC(23) Pause Young (System.gc()) 771M->771M(5888M) 0.806ms
[18.488s][info][gc,metaspace] GC(24) Metaspace: 35082K(39040K)->35082K(39040K) NonClass: 23280K(23680K)->23280K(23680K) Class: 11802K(15360K)->11802K(15360K)
[18.488s][info][gc          ] GC(24) Pause Full (System.gc()) 771M->771M(5888M) 734.829ms
[18.489s][info][gc,metaspace] GC(25) Metaspace: 35082K(39040K)->35082K(39040K) NonClass: 23280K(23680K)->23280K(23680K) Class: 11802K(15360K)->11802K(15360K)
[18.489s][info][gc          ] GC(25) Pause Young (System.gc()) 771M->771M(5888M) 0.475ms
[19.319s][info][gc,metaspace] GC(26) Metaspace: 35082K(39040K)->35082K(39040K) NonClass: 23280K(23680K)->23280K(23680K) Class: 11802K(15360K)->11802K(15360K)
[19.319s][info][gc          ] GC(26) Pause Full (System.gc()) 771M->771M(5888M) 829.740ms
[19.320s][info][gc,metaspace] GC(27) Metaspace: 35082K(39040K)->35082K(39040K) NonClass: 23280K(23680K)->23280K(23680K) Class: 11802K(15360K)->11802K(15360K)
[19.320s][info][gc          ] GC(27) Pause Young (System.gc()) 771M->771M(5888M) 0.418ms
[19.977s][info][gc,metaspace] GC(28) Metaspace: 35082K(39040K)->35082K(39040K) NonClass: 23280K(23680K)->23280K(23680K) Class: 11802K(15360K)->11802K(15360K)
[19.977s][info][gc          ] GC(28) Pause Full (System.gc()) 771M->771M(5888M) 657.201ms
[19.982s][info][gc,metaspace] GC(29) Metaspace: 35082K(39040K)->35082K(39040K) NonClass: 23280K(23680K)->23280K(23680K) Class: 11802K(15360K)->11802K(15360K)
[19.982s][info][gc          ] GC(29) Pause Young (System.gc()) 771M->771M(5888M) 0.492ms
[20.670s][info][gc,metaspace] GC(30) Metaspace: 35082K(39040K)->35082K(39040K) NonClass: 23280K(23680K)->23280K(23680K) Class: 11802K(15360K)->11802K(15360K)
[20.670s][info][gc          ] GC(30) Pause Full (System.gc()) 771M->771M(5888M) 688.037ms
[20.670s][info][gc,metaspace] GC(31) Metaspace: 35082K(39040K)->35082K(39040K) NonClass: 23280K(23680K)->23280K(23680K) Class: 11802K(15360K)->11802K(15360K)
[20.670s][info][gc          ] GC(31) Pause Young (System.gc()) 771M->771M(5888M) 0.428ms
[21.302s][info][gc,metaspace] GC(32) Metaspace: 35082K(39040K)->35082K(39040K) NonClass: 23280K(23680K)->23280K(23680K) Class: 11802K(15360K)->11802K(15360K)
[21.302s][info][gc          ] GC(32) Pause Full (System.gc()) 771M->771M(5888M) 632.077ms
[21.303s][info][gc,metaspace] GC(33) Metaspace: 35082K(39040K)->35082K(39040K) NonClass: 23280K(23680K)->23280K(23680K) Class: 11802K(15360K)->11802K(15360K)
[21.303s][info][gc          ] GC(33) Pause Young (System.gc()) 771M->771M(5888M) 0.394ms
[21.938s][info][gc,metaspace] GC(34) Metaspace: 35082K(39040K)->35082K(39040K) NonClass: 23280K(23680K)->23280K(23680K) Class: 11802K(15360K)->11802K(15360K)
[21.938s][info][gc          ] GC(34) Pause Full (System.gc()) 771M->771M(5888M) 635.619ms
[21.939s][info][gc,metaspace] GC(35) Metaspace: 35082K(39040K)->35082K(39040K) NonClass: 23280K(23680K)->23280K(23680K) Class: 11802K(15360K)->11802K(15360K)
[21.939s][info][gc          ] GC(35) Pause Young (System.gc()) 771M->771M(5888M) 0.484ms
[22.590s][info][gc,metaspace] GC(36) Metaspace: 35082K(39040K)->35082K(39040K) NonClass: 23280K(23680K)->23280K(23680K) Class: 11802K(15360K)->11802K(15360K)
[22.590s][info][gc          ] GC(36) Pause Full (System.gc()) 771M->771M(5888M) 650.638ms
[22.590s][info][gc,metaspace] GC(37) Metaspace: 35082K(39040K)->35082K(39040K) NonClass: 23280K(23680K)->23280K(23680K) Class: 11802K(15360K)->11802K(15360K)
[22.590s][info][gc          ] GC(37) Pause Young (System.gc()) 771M->771M(5888M) 0.660ms
[23.242s][info][gc,metaspace] GC(38) Metaspace: 35082K(39040K)->35082K(39040K) NonClass: 23280K(23680K)->23280K(23680K) Class: 11802K(15360K)->11802K(15360K)
[23.242s][info][gc          ] GC(38) Pause Full (System.gc()) 771M->771M(5888M) 651.480ms
[23.243s][info][gc,metaspace] GC(39) Metaspace: 35082K(39040K)->35082K(39040K) NonClass: 23280K(23680K)->23280K(23680K) Class: 11802K(15360K)->11802K(15360K)
[23.243s][info][gc          ] GC(39) Pause Young (System.gc()) 771M->771M(5888M) 0.756ms
[23.908s][info][gc,metaspace] GC(40) Metaspace: 35082K(39040K)->35082K(39040K) NonClass: 23280K(23680K)->23280K(23680K) Class: 11802K(15360K)->11802K(15360K)
[23.908s][info][gc          ] GC(40) Pause Full (System.gc()) 771M->771M(5888M) 665.472ms
[23.909s][info][gc,metaspace] GC(41) Metaspace: 35082K(39040K)->35082K(39040K) NonClass: 23280K(23680K)->23280K(23680K) Class: 11802K(15360K)->11802K(15360K)
[23.909s][info][gc          ] GC(41) Pause Young (System.gc()) 771M->771M(5888M) 0.437ms
[24.611s][info][gc,metaspace] GC(42) Metaspace: 35082K(39040K)->35082K(39040K) NonClass: 23280K(23680K)->23280K(23680K) Class: 11802K(15360K)->11802K(15360K)
[24.612s][info][gc          ] GC(42) Pause Full (System.gc()) 771M->771M(5888M) 702.489ms
[24.612s][info][gc,metaspace] GC(43) Metaspace: 35082K(39040K)->35082K(39040K) NonClass: 23280K(23680K)->23280K(23680K) Class: 11802K(15360K)->11802K(15360K)
[24.612s][info][gc          ] GC(43) Pause Young (System.gc()) 771M->771M(5888M) 0.613ms
[25.288s][info][gc,metaspace] GC(44) Metaspace: 35082K(39040K)->35082K(39040K) NonClass: 23280K(23680K)->23280K(23680K) Class: 11802K(15360K)->11802K(15360K)
[25.288s][info][gc          ] GC(44) Pause Full (System.gc()) 771M->771M(5888M) 675.804ms
[25.293s][info][gc,metaspace] GC(45) Metaspace: 35082K(39040K)->35082K(39040K) NonClass: 23280K(23680K)->23280K(23680K) Class: 11802K(15360K)->11802K(15360K)
[25.293s][info][gc          ] GC(45) Pause Young (System.gc()) 771M->771M(5888M) 0.527ms
[25.942s][info][gc,metaspace] GC(46) Metaspace: 35082K(39040K)->35082K(39040K) NonClass: 23280K(23680K)->23280K(23680K) Class: 11802K(15360K)->11802K(15360K)
[25.942s][info][gc          ] GC(46) Pause Full (System.gc()) 771M->771M(5888M) 649.060ms
[25.943s][info][gc,metaspace] GC(47) Metaspace: 35082K(39040K)->35082K(39040K) NonClass: 23280K(23680K)->23280K(23680K) Class: 11802K(15360K)->11802K(15360K)
[25.943s][info][gc          ] GC(47) Pause Young (System.gc()) 771M->771M(5888M) 0.476ms
[26.570s][info][gc,metaspace] GC(48) Metaspace: 35082K(39040K)->35082K(39040K) NonClass: 23280K(23680K)->23280K(23680K) Class: 11802K(15360K)->11802K(15360K)
[26.570s][info][gc          ] GC(48) Pause Full (System.gc()) 771M->771M(5888M) 627.229ms
[26.570s][info][gc,metaspace] GC(49) Metaspace: 35082K(39040K)->35082K(39040K) NonClass: 23280K(23680K)->23280K(23680K) Class: 11802K(15360K)->11802K(15360K)
[26.570s][info][gc          ] GC(49) Pause Young (System.gc()) 771M->771M(5888M) 0.475ms
[27.392s][info][gc,metaspace] GC(50) Metaspace: 35082K(39040K)->35082K(39040K) NonClass: 23280K(23680K)->23280K(23680K) Class: 11802K(15360K)->11802K(15360K)
[27.392s][info][gc          ] GC(50) Pause Full (System.gc()) 771M->771M(5888M) 822.014ms
[27.393s][info][gc,metaspace] GC(51) Metaspace: 35082K(39040K)->35082K(39040K) NonClass: 23280K(23680K)->23280K(23680K) Class: 11802K(15360K)->11802K(15360K)
[27.393s][info][gc          ] GC(51) Pause Young (System.gc()) 771M->771M(5888M) 0.409ms
[28.054s][info][gc,metaspace] GC(52) Metaspace: 35082K(39040K)->35082K(39040K) NonClass: 23280K(23680K)->23280K(23680K) Class: 11802K(15360K)->11802K(15360K)
[28.054s][info][gc          ] GC(52) Pause Full (System.gc()) 771M->771M(5888M) 660.720ms
[28.054s][info][gc,metaspace] GC(53) Metaspace: 35082K(39040K)->35082K(39040K) NonClass: 23280K(23680K)->23280K(23680K) Class: 11802K(15360K)->11802K(15360K)
[28.054s][info][gc          ] GC(53) Pause Young (System.gc()) 771M->771M(5888M) 0.436ms
[28.684s][info][gc,metaspace] GC(54) Metaspace: 35082K(39040K)->35082K(39040K) NonClass: 23280K(23680K)->23280K(23680K) Class: 11802K(15360K)->11802K(15360K)
[28.684s][info][gc          ] GC(54) Pause Full (System.gc()) 771M->771M(5888M) 629.519ms
[28.685s][info][gc,metaspace] GC(55) Metaspace: 35082K(39040K)->35082K(39040K) NonClass: 23280K(23680K)->23280K(23680K) Class: 11802K(15360K)->11802K(15360K)
[28.685s][info][gc          ] GC(55) Pause Young (System.gc()) 771M->771M(5888M) 0.810ms
[29.329s][info][gc,metaspace] GC(56) Metaspace: 35082K(39040K)->35082K(39040K) NonClass: 23280K(23680K)->23280K(23680K) Class: 11802K(15360K)->11802K(15360K)
[29.329s][info][gc          ] GC(56) Pause Full (System.gc()) 771M->771M(5888M) 644.512ms
[29.330s][info][gc,metaspace] GC(57) Metaspace: 35082K(39040K)->35082K(39040K) NonClass: 23280K(23680K)->23280K(23680K) Class: 11802K(15360K)->11802K(15360K)
[29.330s][info][gc          ] GC(57) Pause Young (System.gc()) 771M->771M(5888M) 0.471ms
[29.978s][info][gc,metaspace] GC(58) Metaspace: 35082K(39040K)->35082K(39040K) NonClass: 23280K(23680K)->23280K(23680K) Class: 11802K(15360K)->11802K(15360K)
[29.978s][info][gc          ] GC(58) Pause Full (System.gc()) 771M->771M(5888M) 648.473ms
[29.979s][info][gc,metaspace] GC(59) Metaspace: 35082K(39040K)->35082K(39040K) NonClass: 23280K(23680K)->23280K(23680K) Class: 11802K(15360K)->11802K(15360K)
[29.979s][info][gc          ] GC(59) Pause Young (System.gc()) 771M->771M(5888M) 0.488ms
[30.799s][info][gc,metaspace] GC(60) Metaspace: 35082K(39040K)->35082K(39040K) NonClass: 23280K(23680K)->23280K(23680K) Class: 11802K(15360K)->11802K(15360K)
[30.799s][info][gc          ] GC(60) Pause Full (System.gc()) 771M->771M(5888M) 820.253ms
[30.804s][info][gc,metaspace] GC(61) Metaspace: 35082K(39040K)->35082K(39040K) NonClass: 23280K(23680K)->23280K(23680K) Class: 11802K(15360K)->11802K(15360K)
[30.804s][info][gc          ] GC(61) Pause Young (System.gc()) 771M->771M(5888M) 0.437ms
[31.476s][info][gc,metaspace] GC(62) Metaspace: 35082K(39040K)->35082K(39040K) NonClass: 23280K(23680K)->23280K(23680K) Class: 11802K(15360K)->11802K(15360K)
[31.476s][info][gc          ] GC(62) Pause Full (System.gc()) 771M->771M(5888M) 672.089ms
[31.477s][info][gc,metaspace] GC(63) Metaspace: 35082K(39040K)->35082K(39040K) NonClass: 23280K(23680K)->23280K(23680K) Class: 11802K(15360K)->11802K(15360K)
[31.477s][info][gc          ] GC(63) Pause Young (System.gc()) 771M->771M(5888M) 0.480ms
[32.114s][info][gc,metaspace] GC(64) Metaspace: 35082K(39040K)->35082K(39040K) NonClass: 23280K(23680K)->23280K(23680K) Class: 11802K(15360K)->11802K(15360K)
[32.114s][info][gc          ] GC(64) Pause Full (System.gc()) 771M->771M(5888M) 637.094ms
[32.114s][info][gc,metaspace] GC(65) Metaspace: 35082K(39040K)->35082K(39040K) NonClass: 23280K(23680K)->23280K(23680K) Class: 11802K(15360K)->11802K(15360K)
[32.114s][info][gc          ] GC(65) Pause Young (System.gc()) 771M->771M(5888M) 0.439ms
[32.750s][info][gc,metaspace] GC(66) Metaspace: 35082K(39040K)->35082K(39040K) NonClass: 23280K(23680K)->23280K(23680K) Class: 11802K(15360K)->11802K(15360K)
[32.750s][info][gc          ] GC(66) Pause Full (System.gc()) 771M->771M(5888M) 635.377ms
[32.750s][info][gc,metaspace] GC(67) Metaspace: 35082K(39040K)->35082K(39040K) NonClass: 23280K(23680K)->23280K(23680K) Class: 11802K(15360K)->11802K(15360K)
[32.750s][info][gc          ] GC(67) Pause Young (System.gc()) 771M->771M(5888M) 0.495ms
[33.396s][info][gc,metaspace] GC(68) Metaspace: 35082K(39040K)->35082K(39040K) NonClass: 23280K(23680K)->23280K(23680K) Class: 11802K(15360K)->11802K(15360K)
[33.396s][info][gc          ] GC(68) Pause Full (System.gc()) 771M->771M(5888M) 645.861ms
[33.397s][info][gc,metaspace] GC(69) Metaspace: 35082K(39040K)->35082K(39040K) NonClass: 23280K(23680K)->23280K(23680K) Class: 11802K(15360K)->11802K(15360K)
[33.397s][info][gc          ] GC(69) Pause Young (System.gc()) 771M->771M(5888M) 0.470ms
[34.059s][info][gc,metaspace] GC(70) Metaspace: 35082K(39040K)->35082K(39040K) NonClass: 23280K(23680K)->23280K(23680K) Class: 11802K(15360K)->11802K(15360K)
[34.059s][info][gc          ] GC(70) Pause Full (System.gc()) 771M->771M(5888M) 662.162ms
[34.059s][info][gc,metaspace] GC(71) Metaspace: 35082K(39040K)->35082K(39040K) NonClass: 23280K(23680K)->23280K(23680K) Class: 11802K(15360K)->11802K(15360K)
[34.060s][info][gc          ] GC(71) Pause Young (System.gc()) 771M->771M(5888M) 0.592ms
[34.905s][info][gc,metaspace] GC(72) Metaspace: 35082K(39040K)->35082K(39040K) NonClass: 23280K(23680K)->23280K(23680K) Class: 11802K(15360K)->11802K(15360K)
[34.905s][info][gc          ] GC(72) Pause Full (System.gc()) 771M->771M(5888M) 845.093ms
[34.906s][info][gc,metaspace] GC(73) Metaspace: 35082K(39040K)->35082K(39040K) NonClass: 23280K(23680K)->23280K(23680K) Class: 11802K(15360K)->11802K(15360K)
[34.906s][info][gc          ] GC(73) Pause Young (System.gc()) 771M->771M(5888M) 0.796ms
[35.541s][info][gc,metaspace] GC(74) Metaspace: 35082K(39040K)->35082K(39040K) NonClass: 23280K(23680K)->23280K(23680K) Class: 11802K(15360K)->11802K(15360K)
[35.541s][info][gc          ] GC(74) Pause Full (System.gc()) 771M->771M(5888M) 635.098ms
[35.541s][info][gc,metaspace] GC(75) Metaspace: 35082K(39040K)->35082K(39040K) NonClass: 23280K(23680K)->23280K(23680K) Class: 11802K(15360K)->11802K(15360K)
[35.541s][info][gc          ] GC(75) Pause Young (System.gc()) 771M->771M(5888M) 0.436ms
[36.176s][info][gc,metaspace] GC(76) Metaspace: 35082K(39040K)->35082K(39040K) NonClass: 23280K(23680K)->23280K(23680K) Class: 11802K(15360K)->11802K(15360K)
[36.176s][info][gc          ] GC(76) Pause Full (System.gc()) 771M->771M(5888M) 634.688ms
[36.181s][info][gc,metaspace] GC(77) Metaspace: 35082K(39040K)->35082K(39040K) NonClass: 23280K(23680K)->23280K(23680K) Class: 11802K(15360K)->11802K(15360K)
[36.181s][info][gc          ] GC(77) Pause Young (System.gc()) 771M->771M(5888M) 0.552ms
[36.858s][info][gc,metaspace] GC(78) Metaspace: 35082K(39040K)->35082K(39040K) NonClass: 23280K(23680K)->23280K(23680K) Class: 11802K(15360K)->11802K(15360K)
[36.858s][info][gc          ] GC(78) Pause Full (System.gc()) 771M->771M(5888M) 677.478ms
[36.859s][info][gc,metaspace] GC(79) Metaspace: 35082K(39040K)->35082K(39040K) NonClass: 23280K(23680K)->23280K(23680K) Class: 11802K(15360K)->11802K(15360K)
[36.859s][info][gc          ] GC(79) Pause Young (System.gc()) 771M->771M(5888M) 0.432ms
[37.515s][info][gc,metaspace] GC(80) Metaspace: 35082K(39040K)->35082K(39040K) NonClass: 23280K(23680K)->23280K(23680K) Class: 11802K(15360K)->11802K(15360K)
[37.515s][info][gc          ] GC(80) Pause Full (System.gc()) 771M->771M(5888M) 655.923ms
[37.515s][info][gc,metaspace] GC(81) Metaspace: 35082K(39040K)->35082K(39040K) NonClass: 23280K(23680K)->23280K(23680K) Class: 11802K(15360K)->11802K(15360K)
[37.515s][info][gc          ] GC(81) Pause Young (System.gc()) 771M->771M(5888M) 0.463ms
[38.157s][info][gc,metaspace] GC(82) Metaspace: 35082K(39040K)->35082K(39040K) NonClass: 23280K(23680K)->23280K(23680K) Class: 11802K(15360K)->11802K(15360K)
[38.158s][info][gc          ] GC(82) Pause Full (System.gc()) 771M->771M(5888M) 642.144ms
[38.158s][info][gc,metaspace] GC(83) Metaspace: 35082K(39040K)->35082K(39040K) NonClass: 23280K(23680K)->23280K(23680K) Class: 11802K(15360K)->11802K(15360K)
[38.158s][info][gc          ] GC(83) Pause Young (System.gc()) 771M->771M(5888M) 0.450ms
[38.807s][info][gc,metaspace] GC(84) Metaspace: 35082K(39040K)->35082K(39040K) NonClass: 23280K(23680K)->23280K(23680K) Class: 11802K(15360K)->11802K(15360K)
[38.807s][info][gc          ] GC(84) Pause Full (System.gc()) 771M->771M(5888M) 648.833ms
[38.807s][info][gc,metaspace] GC(85) Metaspace: 35082K(39040K)->35082K(39040K) NonClass: 23280K(23680K)->23280K(23680K) Class: 11802K(15360K)->11802K(15360K)
[38.807s][info][gc          ] GC(85) Pause Young (System.gc()) 771M->771M(5888M) 0.428ms
[39.491s][info][gc,metaspace] GC(86) Metaspace: 35082K(39040K)->35082K(39040K) NonClass: 23280K(23680K)->23280K(23680K) Class: 11802K(15360K)->11802K(15360K)
[39.491s][info][gc          ] GC(86) Pause Full (System.gc()) 771M->771M(5888M) 683.567ms
[39.492s][info][gc,metaspace] GC(87) Metaspace: 35082K(39040K)->35082K(39040K) NonClass: 23280K(23680K)->23280K(23680K) Class: 11802K(15360K)->11802K(15360K)
[39.492s][info][gc          ] GC(87) Pause Young (System.gc()) 771M->771M(5888M) 0.441ms
[40.114s][info][gc,metaspace] GC(88) Metaspace: 35082K(39040K)->35082K(39040K) NonClass: 23280K(23680K)->23280K(23680K) Class: 11802K(15360K)->11802K(15360K)
[40.114s][info][gc          ] GC(88) Pause Full (System.gc()) 771M->771M(5888M) 622.441ms
[40.115s][info][gc,metaspace] GC(89) Metaspace: 35082K(39040K)->35082K(39040K) NonClass: 23280K(23680K)->23280K(23680K) Class: 11802K(15360K)->11802K(15360K)
[40.115s][info][gc          ] GC(89) Pause Young (System.gc()) 771M->771M(5888M) 0.506ms
[40.780s][info][gc,metaspace] GC(90) Metaspace: 35082K(39040K)->35082K(39040K) NonClass: 23280K(23680K)->23280K(23680K) Class: 11802K(15360K)->11802K(15360K)
[40.780s][info][gc          ] GC(90) Pause Full (System.gc()) 771M->771M(5888M) 665.146ms
[40.781s][info][gc,metaspace] GC(91) Metaspace: 35082K(39040K)->35082K(39040K) NonClass: 23280K(23680K)->23280K(23680K) Class: 11802K(15360K)->11802K(15360K)
[40.781s][info][gc          ] GC(91) Pause Young (System.gc()) 771M->771M(5888M) 0.714ms
[41.422s][info][gc,metaspace] GC(92) Metaspace: 35082K(39040K)->35082K(39040K) NonClass: 23280K(23680K)->23280K(23680K) Class: 11802K(15360K)->11802K(15360K)
[41.422s][info][gc          ] GC(92) Pause Full (System.gc()) 771M->771M(5888M) 641.479ms
[41.427s][info][gc,metaspace] GC(93) Metaspace: 35082K(39040K)->35082K(39040K) NonClass: 23280K(23680K)->23280K(23680K) Class: 11802K(15360K)->11802K(15360K)
[41.427s][info][gc          ] GC(93) Pause Young (System.gc()) 771M->771M(5888M) 0.435ms
[42.079s][info][gc,metaspace] GC(94) Metaspace: 35082K(39040K)->35082K(39040K) NonClass: 23280K(23680K)->23280K(23680K) Class: 11802K(15360K)->11802K(15360K)
[42.079s][info][gc          ] GC(94) Pause Full (System.gc()) 771M->771M(5888M) 652.475ms
[42.080s][info][gc,metaspace] GC(95) Metaspace: 35082K(39040K)->35082K(39040K) NonClass: 23280K(23680K)->23280K(23680K) Class: 11802K(15360K)->11802K(15360K)
[42.080s][info][gc          ] GC(95) Pause Young (System.gc()) 771M->771M(5888M) 0.477ms
[42.719s][info][gc,metaspace] GC(96) Metaspace: 35082K(39040K)->35082K(39040K) NonClass: 23280K(23680K)->23280K(23680K) Class: 11802K(15360K)->11802K(15360K)
[42.719s][info][gc          ] GC(96) Pause Full (System.gc()) 771M->771M(5888M) 639.493ms
[42.720s][info][gc,metaspace] GC(97) Metaspace: 35082K(39040K)->35082K(39040K) NonClass: 23280K(23680K)->23280K(23680K) Class: 11802K(15360K)->11802K(15360K)
[42.720s][info][gc          ] GC(97) Pause Young (System.gc()) 771M->771M(5888M) 0.494ms
[43.379s][info][gc,metaspace] GC(98) Metaspace: 35082K(39040K)->35082K(39040K) NonClass: 23280K(23680K)->23280K(23680K) Class: 11802K(15360K)->11802K(15360K)
[43.379s][info][gc          ] GC(98) Pause Full (System.gc()) 771M->771M(5888M) 659.148ms
[43.380s][info][gc,metaspace] GC(99) Metaspace: 35082K(39040K)->35082K(39040K) NonClass: 23280K(23680K)->23280K(23680K) Class: 11802K(15360K)->11802K(15360K)
[43.380s][info][gc          ] GC(99) Pause Young (System.gc()) 771M->771M(5888M) 0.455ms
[44.023s][info][gc,metaspace] GC(100) Metaspace: 35082K(39040K)->35082K(39040K) NonClass: 23280K(23680K)->23280K(23680K) Class: 11802K(15360K)->11802K(15360K)
[44.023s][info][gc          ] GC(100) Pause Full (System.gc()) 771M->771M(5888M) 643.461ms
[44.024s][info][gc,metaspace] GC(101) Metaspace: 35082K(39040K)->35082K(39040K) NonClass: 23280K(23680K)->23280K(23680K) Class: 11802K(15360K)->11802K(15360K)
[44.024s][info][gc          ] GC(101) Pause Young (System.gc()) 771M->771M(5888M) 0.452ms
[44.656s][info][gc,metaspace] GC(102) Metaspace: 35082K(39040K)->35082K(39040K) NonClass: 23280K(23680K)->23280K(23680K) Class: 11802K(15360K)->11802K(15360K)
[44.656s][info][gc          ] GC(102) Pause Full (System.gc()) 771M->771M(5888M) 632.600ms
[44.657s][info][gc,metaspace] GC(103) Metaspace: 35082K(39040K)->35082K(39040K) NonClass: 23280K(23680K)->23280K(23680K) Class: 11802K(15360K)->11802K(15360K)
[44.657s][info][gc          ] GC(103) Pause Young (System.gc()) 771M->771M(5888M) 0.461ms
[45.340s][info][gc,metaspace] GC(104) Metaspace: 35082K(39040K)->35082K(39040K) NonClass: 23280K(23680K)->23280K(23680K) Class: 11802K(15360K)->11802K(15360K)
[45.340s][info][gc          ] GC(104) Pause Full (System.gc()) 771M->771M(5888M) 682.898ms
[45.340s][info][gc,metaspace] GC(105) Metaspace: 35082K(39040K)->35082K(39040K) NonClass: 23280K(23680K)->23280K(23680K) Class: 11802K(15360K)->11802K(15360K)
[45.340s][info][gc          ] GC(105) Pause Young (System.gc()) 771M->771M(5888M) 0.429ms
[46.011s][info][gc,metaspace] GC(106) Metaspace: 35082K(39040K)->35082K(39040K) NonClass: 23280K(23680K)->23280K(23680K) Class: 11802K(15360K)->11802K(15360K)
[46.011s][info][gc          ] GC(106) Pause Full (System.gc()) 771M->771M(5888M) 670.547ms
[46.011s][info][gc,metaspace] GC(107) Metaspace: 35082K(39040K)->35082K(39040K) NonClass: 23280K(23680K)->23280K(23680K) Class: 11802K(15360K)->11802K(15360K)
[46.011s][info][gc          ] GC(107) Pause Young (System.gc()) 771M->771M(5888M) 0.457ms
[46.673s][info][gc,metaspace] GC(108) Metaspace: 35082K(39040K)->35082K(39040K) NonClass: 23280K(23680K)->23280K(23680K) Class: 11802K(15360K)->11802K(15360K)
[46.673s][info][gc          ] GC(108) Pause Full (System.gc()) 771M->771M(5888M) 661.641ms
[46.678s][info][gc,metaspace] GC(109) Metaspace: 35082K(39040K)->35082K(39040K) NonClass: 23280K(23680K)->23280K(23680K) Class: 11802K(15360K)->11802K(15360K)
[46.678s][info][gc          ] GC(109) Pause Young (System.gc()) 771M->771M(5888M) 0.735ms
[47.338s][info][gc,metaspace] GC(110) Metaspace: 35082K(39040K)->35082K(39040K) NonClass: 23280K(23680K)->23280K(23680K) Class: 11802K(15360K)->11802K(15360K)
[47.338s][info][gc          ] GC(110) Pause Full (System.gc()) 771M->771M(5888M) 659.638ms
[47.338s][info][gc,metaspace] GC(111) Metaspace: 35082K(39040K)->35082K(39040K) NonClass: 23280K(23680K)->23280K(23680K) Class: 11802K(15360K)->11802K(15360K)
[47.338s][info][gc          ] GC(111) Pause Young (System.gc()) 771M->771M(5888M) 0.479ms
[47.985s][info][gc,metaspace] GC(112) Metaspace: 35082K(39040K)->35082K(39040K) NonClass: 23280K(23680K)->23280K(23680K) Class: 11802K(15360K)->11802K(15360K)
[47.985s][info][gc          ] GC(112) Pause Full (System.gc()) 771M->771M(5888M) 646.648ms
[47.986s][info][gc,metaspace] GC(113) Metaspace: 35082K(39040K)->35082K(39040K) NonClass: 23280K(23680K)->23280K(23680K) Class: 11802K(15360K)->11802K(15360K)
[47.986s][info][gc          ] GC(113) Pause Young (System.gc()) 771M->771M(5888M) 0.516ms
[48.639s][info][gc,metaspace] GC(114) Metaspace: 35082K(39040K)->35082K(39040K) NonClass: 23280K(23680K)->23280K(23680K) Class: 11802K(15360K)->11802K(15360K)
[48.639s][info][gc          ] GC(114) Pause Full (System.gc()) 771M->771M(5888M) 653.488ms
[48.640s][info][gc,metaspace] GC(115) Metaspace: 35082K(39040K)->35082K(39040K) NonClass: 23280K(23680K)->23280K(23680K) Class: 11802K(15360K)->11802K(15360K)
[48.640s][info][gc          ] GC(115) Pause Young (System.gc()) 771M->771M(5888M) 0.408ms
[49.272s][info][gc,metaspace] GC(116) Metaspace: 35082K(39040K)->35082K(39040K) NonClass: 23280K(23680K)->23280K(23680K) Class: 11802K(15360K)->11802K(15360K)
[49.272s][info][gc          ] GC(116) Pause Full (System.gc()) 771M->771M(5888M) 632.441ms
[49.273s][info][gc,metaspace] GC(117) Metaspace: 35082K(39040K)->35082K(39040K) NonClass: 23280K(23680K)->23280K(23680K) Class: 11802K(15360K)->11802K(15360K)
[49.273s][info][gc          ] GC(117) Pause Young (System.gc()) 771M->771M(5888M) 0.417ms
[49.928s][info][gc,metaspace] GC(118) Metaspace: 35082K(39040K)->35082K(39040K) NonClass: 23280K(23680K)->23280K(23680K) Class: 11802K(15360K)->11802K(15360K)
[49.928s][info][gc          ] GC(118) Pause Full (System.gc()) 771M->771M(5888M) 655.422ms
[49.929s][info][gc,metaspace] GC(119) Metaspace: 35082K(39040K)->35082K(39040K) NonClass: 23280K(23680K)->23280K(23680K) Class: 11802K(15360K)->11802K(15360K)
[49.929s][info][gc          ] GC(119) Pause Young (System.gc()) 771M->771M(5888M) 0.455ms
[50.802s][info][gc,metaspace] GC(120) Metaspace: 35082K(39040K)->35082K(39040K) NonClass: 23280K(23680K)->23280K(23680K) Class: 11802K(15360K)->11802K(15360K)
[50.802s][info][gc          ] GC(120) Pause Full (System.gc()) 771M->771M(5888M) 873.046ms
[50.802s][info][gc,metaspace] GC(121) Metaspace: 35082K(39040K)->35082K(39040K) NonClass: 23280K(23680K)->23280K(23680K) Class: 11802K(15360K)->11802K(15360K)
[50.802s][info][gc          ] GC(121) Pause Young (System.gc()) 771M->771M(5888M) 0.476ms
[51.431s][info][gc,metaspace] GC(122) Metaspace: 35082K(39040K)->35082K(39040K) NonClass: 23280K(23680K)->23280K(23680K) Class: 11802K(15360K)->11802K(15360K)
[51.431s][info][gc          ] GC(122) Pause Full (System.gc()) 771M->771M(5888M) 628.798ms
[51.432s][info][gc,metaspace] GC(123) Metaspace: 35082K(39040K)->35082K(39040K) NonClass: 23280K(23680K)->23280K(23680K) Class: 11802K(15360K)->11802K(15360K)
[51.432s][info][gc          ] GC(123) Pause Young (System.gc()) 771M->771M(5888M) 0.440ms
[52.075s][info][gc,metaspace] GC(124) Metaspace: 35082K(39040K)->35082K(39040K) NonClass: 23280K(23680K)->23280K(23680K) Class: 11802K(15360K)->11802K(15360K)
[52.075s][info][gc          ] GC(124) Pause Full (System.gc()) 771M->771M(5888M) 643.226ms
[52.080s][info][gc,metaspace] GC(125) Metaspace: 35082K(39040K)->35082K(39040K) NonClass: 23280K(23680K)->23280K(23680K) Class: 11802K(15360K)->11802K(15360K)
[52.080s][info][gc          ] GC(125) Pause Young (System.gc()) 771M->771M(5888M) 0.448ms
[52.758s][info][gc,metaspace] GC(126) Metaspace: 35082K(39040K)->35082K(39040K) NonClass: 23280K(23680K)->23280K(23680K) Class: 11802K(15360K)->11802K(15360K)
[52.758s][info][gc          ] GC(126) Pause Full (System.gc()) 771M->771M(5888M) 678.181ms
[52.759s][info][gc,metaspace] GC(127) Metaspace: 35082K(39040K)->35082K(39040K) NonClass: 23280K(23680K)->23280K(23680K) Class: 11802K(15360K)->11802K(15360K)
[52.759s][info][gc          ] GC(127) Pause Young (System.gc()) 771M->771M(5888M) 0.653ms
[53.394s][info][gc,metaspace] GC(128) Metaspace: 35082K(39040K)->35082K(39040K) NonClass: 23280K(23680K)->23280K(23680K) Class: 11802K(15360K)->11802K(15360K)
[53.394s][info][gc          ] GC(128) Pause Full (System.gc()) 771M->771M(5888M) 635.151ms
[53.394s][info][gc,metaspace] GC(129) Metaspace: 35082K(39040K)->35082K(39040K) NonClass: 23280K(23680K)->23280K(23680K) Class: 11802K(15360K)->11802K(15360K)
[53.394s][info][gc          ] GC(129) Pause Young (System.gc()) 771M->771M(5888M) 0.459ms
[54.059s][info][gc,metaspace] GC(130) Metaspace: 35082K(39040K)->35082K(39040K) NonClass: 23280K(23680K)->23280K(23680K) Class: 11802K(15360K)->11802K(15360K)
[54.059s][info][gc          ] GC(130) Pause Full (System.gc()) 771M->771M(5888M) 664.099ms
[54.059s][info][gc,metaspace] GC(131) Metaspace: 35082K(39040K)->35082K(39040K) NonClass: 23280K(23680K)->23280K(23680K) Class: 11802K(15360K)->11802K(15360K)
[54.059s][info][gc          ] GC(131) Pause Young (System.gc()) 771M->771M(5888M) 0.462ms
[54.875s][info][gc,metaspace] GC(132) Metaspace: 35082K(39040K)->35082K(39040K) NonClass: 23280K(23680K)->23280K(23680K) Class: 11802K(15360K)->11802K(15360K)
[54.875s][info][gc          ] GC(132) Pause Full (System.gc()) 771M->771M(5888M) 815.878ms
[54.876s][info][gc,metaspace] GC(133) Metaspace: 35082K(39040K)->35082K(39040K) NonClass: 23280K(23680K)->23280K(23680K) Class: 11802K(15360K)->11802K(15360K)
[54.876s][info][gc          ] GC(133) Pause Young (System.gc()) 771M->771M(5888M) 0.470ms
[55.526s][info][gc,metaspace] GC(134) Metaspace: 35082K(39040K)->35082K(39040K) NonClass: 23280K(23680K)->23280K(23680K) Class: 11802K(15360K)->11802K(15360K)
[55.526s][info][gc          ] GC(134) Pause Full (System.gc()) 771M->771M(5888M) 650.351ms
[55.526s][info][gc,metaspace] GC(135) Metaspace: 35082K(39040K)->35082K(39040K) NonClass: 23280K(23680K)->23280K(23680K) Class: 11802K(15360K)->11802K(15360K)
[55.526s][info][gc          ] GC(135) Pause Young (System.gc()) 771M->771M(5888M) 0.409ms
[56.205s][info][gc,metaspace] GC(136) Metaspace: 35082K(39040K)->35082K(39040K) NonClass: 23280K(23680K)->23280K(23680K) Class: 11802K(15360K)->11802K(15360K)
[56.206s][info][gc          ] GC(136) Pause Full (System.gc()) 771M->771M(5888M) 679.001ms
[56.206s][info][gc,metaspace] GC(137) Metaspace: 35082K(39040K)->35082K(39040K) NonClass: 23280K(23680K)->23280K(23680K) Class: 11802K(15360K)->11802K(15360K)
[56.206s][info][gc          ] GC(137) Pause Young (System.gc()) 771M->771M(5888M) 0.424ms
[56.937s][info][gc,metaspace] GC(138) Metaspace: 35082K(39040K)->35082K(39040K) NonClass: 23280K(23680K)->23280K(23680K) Class: 11802K(15360K)->11802K(15360K)
[56.937s][info][gc          ] GC(138) Pause Full (System.gc()) 771M->771M(5888M) 731.138ms
[56.938s][info][gc,metaspace] GC(139) Metaspace: 35082K(39040K)->35082K(39040K) NonClass: 23280K(23680K)->23280K(23680K) Class: 11802K(15360K)->11802K(15360K)
[56.938s][info][gc          ] GC(139) Pause Young (System.gc()) 771M->771M(5888M) 0.480ms
[57.585s][info][gc,metaspace] GC(140) Metaspace: 35082K(39040K)->35082K(39040K) NonClass: 23280K(23680K)->23280K(23680K) Class: 11802K(15360K)->11802K(15360K)
[57.585s][info][gc          ] GC(140) Pause Full (System.gc()) 771M->771M(5888M) 647.298ms
[57.590s][info][gc,metaspace] GC(141) Metaspace: 35082K(39040K)->35082K(39040K) NonClass: 23280K(23680K)->23280K(23680K) Class: 11802K(15360K)->11802K(15360K)
[57.590s][info][gc          ] GC(141) Pause Young (System.gc()) 771M->771M(5888M) 0.472ms
[58.235s][info][gc,metaspace] GC(142) Metaspace: 35082K(39040K)->35082K(39040K) NonClass: 23280K(23680K)->23280K(23680K) Class: 11802K(15360K)->11802K(15360K)
[58.235s][info][gc          ] GC(142) Pause Full (System.gc()) 771M->771M(5888M) 645.526ms
[58.236s][info][gc,metaspace] GC(143) Metaspace: 35082K(39040K)->35082K(39040K) NonClass: 23280K(23680K)->23280K(23680K) Class: 11802K(15360K)->11802K(15360K)
[58.236s][info][gc          ] GC(143) Pause Young (System.gc()) 771M->771M(5888M) 0.465ms
[58.880s][info][gc,metaspace] GC(144) Metaspace: 35082K(39040K)->35082K(39040K) NonClass: 23280K(23680K)->23280K(23680K) Class: 11802K(15360K)->11802K(15360K)
[58.880s][info][gc          ] GC(144) Pause Full (System.gc()) 771M->771M(5888M) 643.673ms
[58.880s][info][gc,metaspace] GC(145) Metaspace: 35082K(39040K)->35082K(39040K) NonClass: 23280K(23680K)->23280K(23680K) Class: 11802K(15360K)->11802K(15360K)
[58.880s][info][gc          ] GC(145) Pause Young (System.gc()) 771M->771M(5888M) 0.401ms
[59.551s][info][gc,metaspace] GC(146) Metaspace: 35082K(39040K)->35082K(39040K) NonClass: 23280K(23680K)->23280K(23680K) Class: 11802K(15360K)->11802K(15360K)
[59.551s][info][gc          ] GC(146) Pause Full (System.gc()) 771M->771M(5888M) 670.995ms
[59.552s][info][gc,metaspace] GC(147) Metaspace: 35082K(39040K)->35082K(39040K) NonClass: 23280K(23680K)->23280K(23680K) Class: 11802K(15360K)->11802K(15360K)
[59.552s][info][gc          ] GC(147) Pause Young (System.gc()) 771M->771M(5888M) 0.461ms
[60.219s][info][gc,metaspace] GC(148) Metaspace: 35082K(39040K)->35082K(39040K) NonClass: 23280K(23680K)->23280K(23680K) Class: 11802K(15360K)->11802K(15360K)
[60.219s][info][gc          ] GC(148) Pause Full (System.gc()) 771M->771M(5888M) 667.706ms
[60.220s][info][gc,metaspace] GC(149) Metaspace: 35082K(39040K)->35082K(39040K) NonClass: 23280K(23680K)->23280K(23680K) Class: 11802K(15360K)->11802K(15360K)
[60.220s][info][gc          ] GC(149) Pause Young (System.gc()) 771M->771M(5888M) 0.773ms
[60.945s][info][gc,metaspace] GC(150) Metaspace: 35082K(39040K)->35082K(39040K) NonClass: 23280K(23680K)->23280K(23680K) Class: 11802K(15360K)->11802K(15360K)
[60.945s][info][gc          ] GC(150) Pause Full (System.gc()) 771M->771M(5888M) 724.902ms
[60.946s][info][gc,metaspace] GC(151) Metaspace: 35082K(39040K)->35082K(39040K) NonClass: 23280K(23680K)->23280K(23680K) Class: 11802K(15360K)->11802K(15360K)
[60.946s][info][gc          ] GC(151) Pause Young (System.gc()) 771M->771M(5888M) 0.501ms
[61.775s][info][gc,metaspace] GC(152) Metaspace: 35082K(39040K)->35082K(39040K) NonClass: 23280K(23680K)->23280K(23680K) Class: 11802K(15360K)->11802K(15360K)
[61.775s][info][gc          ] GC(152) Pause Full (System.gc()) 771M->771M(5888M) 829.360ms
[61.776s][info][gc,metaspace] GC(153) Metaspace: 35082K(39040K)->35082K(39040K) NonClass: 23280K(23680K)->23280K(23680K) Class: 11802K(15360K)->11802K(15360K)
[61.776s][info][gc          ] GC(153) Pause Young (System.gc()) 771M->771M(5888M) 0.451ms
[62.424s][info][gc,metaspace] GC(154) Metaspace: 35082K(39040K)->35082K(39040K) NonClass: 23280K(23680K)->23280K(23680K) Class: 11802K(15360K)->11802K(15360K)
[62.424s][info][gc          ] GC(154) Pause Full (System.gc()) 771M->771M(5888M) 648.424ms
[62.425s][info][gc,metaspace] GC(155) Metaspace: 35082K(39040K)->35082K(39040K) NonClass: 23280K(23680K)->23280K(23680K) Class: 11802K(15360K)->11802K(15360K)
[62.425s][info][gc          ] GC(155) Pause Young (System.gc()) 771M->771M(5888M) 0.446ms
[63.060s][info][gc,metaspace] GC(156) Metaspace: 35082K(39040K)->35082K(39040K) NonClass: 23280K(23680K)->23280K(23680K) Class: 11802K(15360K)->11802K(15360K)
[63.060s][info][gc          ] GC(156) Pause Full (System.gc()) 771M->771M(5888M) 635.359ms
[63.061s][info][gc,metaspace] GC(157) Metaspace: 35082K(39040K)->35082K(39040K) NonClass: 23280K(23680K)->23280K(23680K) Class: 11802K(15360K)->11802K(15360K)
[63.061s][info][gc          ] GC(157) Pause Young (System.gc()) 771M->771M(5888M) 0.532ms
[63.722s][info][gc,metaspace] GC(158) Metaspace: 35082K(39040K)->35082K(39040K) NonClass: 23280K(23680K)->23280K(23680K) Class: 11802K(15360K)->11802K(15360K)
[63.723s][info][gc          ] GC(158) Pause Full (System.gc()) 771M->771M(5888M) 661.656ms
[63.723s][info][gc,metaspace] GC(159) Metaspace: 35082K(39040K)->35082K(39040K) NonClass: 23280K(23680K)->23280K(23680K) Class: 11802K(15360K)->11802K(15360K)
[63.723s][info][gc          ] GC(159) Pause Young (System.gc()) 771M->771M(5888M) 0.790ms
[64.384s][info][gc,metaspace] GC(160) Metaspace: 35082K(39040K)->35082K(39040K) NonClass: 23280K(23680K)->23280K(23680K) Class: 11802K(15360K)->11802K(15360K)
[64.384s][info][gc          ] GC(160) Pause Full (System.gc()) 771M->771M(5888M) 660.974ms
[64.385s][info][gc,metaspace] GC(161) Metaspace: 35082K(39040K)->35082K(39040K) NonClass: 23280K(23680K)->23280K(23680K) Class: 11802K(15360K)->11802K(15360K)
[64.385s][info][gc          ] GC(161) Pause Young (System.gc()) 771M->771M(5888M) 0.446ms
[65.214s][info][gc,metaspace] GC(162) Metaspace: 35082K(39040K)->35082K(39040K) NonClass: 23280K(23680K)->23280K(23680K) Class: 11802K(15360K)->11802K(15360K)
[65.214s][info][gc          ] GC(162) Pause Full (System.gc()) 771M->771M(5888M) 829.071ms
[65.215s][info][gc,metaspace] GC(163) Metaspace: 35082K(39040K)->35082K(39040K) NonClass: 23280K(23680K)->23280K(23680K) Class: 11802K(15360K)->11802K(15360K)
[65.215s][info][gc          ] GC(163) Pause Young (System.gc()) 787M->771M(5888M) 0.507ms
[66.011s][info][gc,metaspace] GC(164) Metaspace: 35082K(39040K)->35082K(39040K) NonClass: 23280K(23680K)->23280K(23680K) Class: 11802K(15360K)->11802K(15360K)
[66.011s][info][gc          ] GC(164) Pause Full (System.gc()) 771M->771M(5888M) 795.992ms
[66.012s][info][gc,metaspace] GC(165) Metaspace: 35082K(39040K)->35082K(39040K) NonClass: 23280K(23680K)->23280K(23680K) Class: 11802K(15360K)->11802K(15360K)
[66.012s][info][gc          ] GC(165) Pause Young (System.gc()) 771M->771M(5888M) 0.731ms
[66.658s][info][gc,metaspace] GC(166) Metaspace: 35082K(39040K)->35082K(39040K) NonClass: 23280K(23680K)->23280K(23680K) Class: 11802K(15360K)->11802K(15360K)
[66.658s][info][gc          ] GC(166) Pause Full (System.gc()) 771M->771M(5888M) 646.447ms
[66.659s][info][gc,metaspace] GC(167) Metaspace: 35082K(39040K)->35082K(39040K) NonClass: 23280K(23680K)->23280K(23680K) Class: 11802K(15360K)->11802K(15360K)
[66.659s][info][gc          ] GC(167) Pause Young (System.gc()) 771M->771M(5888M) 0.574ms
[67.294s][info][gc,metaspace] GC(168) Metaspace: 35082K(39040K)->35082K(39040K) NonClass: 23280K(23680K)->23280K(23680K) Class: 11802K(15360K)->11802K(15360K)
[67.294s][info][gc          ] GC(168) Pause Full (System.gc()) 771M->771M(5888M) 635.623ms
[67.295s][info][gc,metaspace] GC(169) Metaspace: 35082K(39040K)->35082K(39040K) NonClass: 23280K(23680K)->23280K(23680K) Class: 11802K(15360K)->11802K(15360K)
[67.295s][info][gc          ] GC(169) Pause Young (System.gc()) 771M->771M(5888M) 0.486ms
[67.959s][info][gc,metaspace] GC(170) Metaspace: 35082K(39040K)->35082K(39040K) NonClass: 23280K(23680K)->23280K(23680K) Class: 11802K(15360K)->11802K(15360K)
[67.959s][info][gc          ] GC(170) Pause Full (System.gc()) 771M->771M(5888M) 663.663ms
[67.959s][info][gc,metaspace] GC(171) Metaspace: 35082K(39040K)->35082K(39040K) NonClass: 23280K(23680K)->23280K(23680K) Class: 11802K(15360K)->11802K(15360K)
[67.959s][info][gc          ] GC(171) Pause Young (System.gc()) 771M->771M(5888M) 0.483ms
[68.631s][info][gc,metaspace] GC(172) Metaspace: 35082K(39040K)->35082K(39040K) NonClass: 23280K(23680K)->23280K(23680K) Class: 11802K(15360K)->11802K(15360K)
[68.631s][info][gc          ] GC(172) Pause Full (System.gc()) 771M->771M(5888M) 671.811ms
[68.636s][info][gc,metaspace] GC(173) Metaspace: 35082K(39040K)->35082K(39040K) NonClass: 23280K(23680K)->23280K(23680K) Class: 11802K(15360K)->11802K(15360K)
[68.636s][info][gc          ] GC(173) Pause Young (System.gc()) 771M->771M(5888M) 0.485ms
[69.271s][info][gc,metaspace] GC(174) Metaspace: 35082K(39040K)->35082K(39040K) NonClass: 23280K(23680K)->23280K(23680K) Class: 11802K(15360K)->11802K(15360K)
[69.272s][info][gc          ] GC(174) Pause Full (System.gc()) 771M->771M(5888M) 635.592ms
[69.272s][info][gc,metaspace] GC(175) Metaspace: 35082K(39040K)->35082K(39040K) NonClass: 23280K(23680K)->23280K(23680K) Class: 11802K(15360K)->11802K(15360K)
[69.272s][info][gc          ] GC(175) Pause Young (System.gc()) 771M->771M(5888M) 0.460ms
[69.938s][info][gc,metaspace] GC(176) Metaspace: 35082K(39040K)->35082K(39040K) NonClass: 23280K(23680K)->23280K(23680K) Class: 11802K(15360K)->11802K(15360K)
[69.938s][info][gc          ] GC(176) Pause Full (System.gc()) 771M->771M(5888M) 665.912ms
[69.939s][info][gc,metaspace] GC(177) Metaspace: 35082K(39040K)->35082K(39040K) NonClass: 23280K(23680K)->23280K(23680K) Class: 11802K(15360K)->11802K(15360K)
[69.939s][info][gc          ] GC(177) Pause Young (System.gc()) 771M->771M(5888M) 0.499ms
[70.633s][info][gc,metaspace] GC(178) Metaspace: 35082K(39040K)->35082K(39040K) NonClass: 23280K(23680K)->23280K(23680K) Class: 11802K(15360K)->11802K(15360K)
[70.633s][info][gc          ] GC(178) Pause Full (System.gc()) 771M->771M(5888M) 694.832ms
[70.634s][info][gc,metaspace] GC(179) Metaspace: 35082K(39040K)->35082K(39040K) NonClass: 23280K(23680K)->23280K(23680K) Class: 11802K(15360K)->11802K(15360K)
[70.634s][info][gc          ] GC(179) Pause Young (System.gc()) 771M->771M(5888M) 0.419ms
[71.454s][info][gc,metaspace] GC(180) Metaspace: 35082K(39040K)->35082K(39040K) NonClass: 23280K(23680K)->23280K(23680K) Class: 11802K(15360K)->11802K(15360K)
[71.454s][info][gc          ] GC(180) Pause Full (System.gc()) 771M->771M(5888M) 820.440ms
[71.455s][info][gc,metaspace] GC(181) Metaspace: 35082K(39040K)->35082K(39040K) NonClass: 23280K(23680K)->23280K(23680K) Class: 11802K(15360K)->11802K(15360K)
[71.455s][info][gc          ] GC(181) Pause Young (System.gc()) 771M->771M(5888M) 0.502ms
[72.085s][info][gc,metaspace] GC(182) Metaspace: 35082K(39040K)->35082K(39040K) NonClass: 23280K(23680K)->23280K(23680K) Class: 11802K(15360K)->11802K(15360K)
[72.085s][info][gc          ] GC(182) Pause Full (System.gc()) 771M->771M(5888M) 630.300ms
[72.086s][info][gc,metaspace] GC(183) Metaspace: 35082K(39040K)->35082K(39040K) NonClass: 23280K(23680K)->23280K(23680K) Class: 11802K(15360K)->11802K(15360K)
[72.086s][info][gc          ] GC(183) Pause Young (System.gc()) 771M->771M(5888M) 0.487ms
[72.738s][info][gc,metaspace] GC(184) Metaspace: 35082K(39040K)->35082K(39040K) NonClass: 23280K(23680K)->23280K(23680K) Class: 11802K(15360K)->11802K(15360K)
[72.738s][info][gc          ] GC(184) Pause Full (System.gc()) 771M->771M(5888M) 652.438ms
[72.739s][info][gc,metaspace] GC(185) Metaspace: 35082K(39040K)->35082K(39040K) NonClass: 23280K(23680K)->23280K(23680K) Class: 11802K(15360K)->11802K(15360K)
[72.739s][info][gc          ] GC(185) Pause Young (System.gc()) 771M->771M(5888M) 0.442ms
[73.387s][info][gc,metaspace] GC(186) Metaspace: 35082K(39040K)->35082K(39040K) NonClass: 23280K(23680K)->23280K(23680K) Class: 11802K(15360K)->11802K(15360K)
[73.387s][info][gc          ] GC(186) Pause Full (System.gc()) 771M->771M(5888M) 648.069ms
[73.388s][info][gc,metaspace] GC(187) Metaspace: 35082K(39040K)->35082K(39040K) NonClass: 23280K(23680K)->23280K(23680K) Class: 11802K(15360K)->11802K(15360K)
[73.388s][info][gc          ] GC(187) Pause Young (System.gc()) 771M->771M(5888M) 0.788ms
[74.047s][info][gc,metaspace] GC(188) Metaspace: 35082K(39040K)->35082K(39040K) NonClass: 23280K(23680K)->23280K(23680K) Class: 11802K(15360K)->11802K(15360K)
[74.047s][info][gc          ] GC(188) Pause Full (System.gc()) 771M->771M(5888M) 658.636ms
[74.051s][info][gc,metaspace] GC(189) Metaspace: 35082K(39040K)->35082K(39040K) NonClass: 23280K(23680K)->23280K(23680K) Class: 11802K(15360K)->11802K(15360K)
[74.051s][info][gc          ] GC(189) Pause Young (System.gc()) 771M->771M(5888M) 0.526ms
[74.707s][info][gc,metaspace] GC(190) Metaspace: 35082K(39040K)->35082K(39040K) NonClass: 23280K(23680K)->23280K(23680K) Class: 11802K(15360K)->11802K(15360K)
[74.707s][info][gc          ] GC(190) Pause Full (System.gc()) 771M->771M(5888M) 655.358ms
[74.707s][info][gc,metaspace] GC(191) Metaspace: 35082K(39040K)->35082K(39040K) NonClass: 23280K(23680K)->23280K(23680K) Class: 11802K(15360K)->11802K(15360K)
[74.707s][info][gc          ] GC(191) Pause Young (System.gc()) 771M->771M(5888M) 0.462ms
[75.373s][info][gc,metaspace] GC(192) Metaspace: 35082K(39040K)->35082K(39040K) NonClass: 23280K(23680K)->23280K(23680K) Class: 11802K(15360K)->11802K(15360K)
[75.373s][info][gc          ] GC(192) Pause Full (System.gc()) 771M->771M(5888M) 666.029ms
[75.374s][info][gc,metaspace] GC(193) Metaspace: 35082K(39040K)->35082K(39040K) NonClass: 23280K(23680K)->23280K(23680K) Class: 11802K(15360K)->11802K(15360K)
[75.374s][info][gc          ] GC(193) Pause Young (System.gc()) 771M->771M(5888M) 0.617ms
[76.021s][info][gc,metaspace] GC(194) Metaspace: 35082K(39040K)->35082K(39040K) NonClass: 23280K(23680K)->23280K(23680K) Class: 11802K(15360K)->11802K(15360K)
[76.022s][info][gc          ] GC(194) Pause Full (System.gc()) 771M->771M(5888M) 647.337ms
[76.022s][info][gc,metaspace] GC(195) Metaspace: 35082K(39040K)->35082K(39040K) NonClass: 23280K(23680K)->23280K(23680K) Class: 11802K(15360K)->11802K(15360K)
[76.022s][info][gc          ] GC(195) Pause Young (System.gc()) 771M->771M(5888M) 0.755ms
[76.682s][info][gc,metaspace] GC(196) Metaspace: 35082K(39040K)->35082K(39040K) NonClass: 23280K(23680K)->23280K(23680K) Class: 11802K(15360K)->11802K(15360K)
[76.682s][info][gc          ] GC(196) Pause Full (System.gc()) 771M->771M(5888M) 659.217ms
[76.682s][info][gc,metaspace] GC(197) Metaspace: 35082K(39040K)->35082K(39040K) NonClass: 23280K(23680K)->23280K(23680K) Class: 11802K(15360K)->11802K(15360K)
[76.682s][info][gc          ] GC(197) Pause Young (System.gc()) 771M->771M(5888M) 0.476ms
[77.311s][info][gc,metaspace] GC(198) Metaspace: 35082K(39040K)->35082K(39040K) NonClass: 23280K(23680K)->23280K(23680K) Class: 11802K(15360K)->11802K(15360K)
[77.311s][info][gc          ] GC(198) Pause Full (System.gc()) 771M->771M(5888M) 628.770ms
[77.311s][info][gc,metaspace] GC(199) Metaspace: 35082K(39040K)->35082K(39040K) NonClass: 23280K(23680K)->23280K(23680K) Class: 11802K(15360K)->11802K(15360K)
[77.312s][info][gc          ] GC(199) Pause Young (System.gc()) 771M->771M(5888M) 0.472ms
[78.012s][info][gc,metaspace] GC(200) Metaspace: 35082K(39040K)->35082K(39040K) NonClass: 23280K(23680K)->23280K(23680K) Class: 11802K(15360K)->11802K(15360K)
[78.012s][info][gc          ] GC(200) Pause Full (System.gc()) 771M->771M(5888M) 700.525ms
[78.013s][info][gc,metaspace] GC(201) Metaspace: 35082K(39040K)->35082K(39040K) NonClass: 23280K(23680K)->23280K(23680K) Class: 11802K(15360K)->11802K(15360K)
[78.013s][info][gc          ] GC(201) Pause Young (System.gc()) 771M->771M(5888M) 0.812ms
[78.661s][info][gc,metaspace] GC(202) Metaspace: 35082K(39040K)->35082K(39040K) NonClass: 23280K(23680K)->23280K(23680K) Class: 11802K(15360K)->11802K(15360K)
[78.661s][info][gc          ] GC(202) Pause Full (System.gc()) 771M->771M(5888M) 648.328ms
After GCs... 
